100, 4899, 0, 0, 0
200, 5280, 0, 0, 0
300, 5033, 0, 0, 0
400, 5353, 0, 0, 0
500, 5504, 0, 0, 0
600, 4951, 0, 0, 0
700, 4943, 0, 0, 0
800, 4751, 0, 0, 0
900, 5087, 0, 0, 0
1000, 5246, 0, 0, 0
1100, 5075, 0, 0, 0
1200, 4904, 0, 0, 0
1300, 4979, 0, 0, 0
1400, 5161, 0, 0, 0
1500, 5520, 0, 0, 0
1600, 5190, 0, 0, 0
1700, 5230, 0, 0, 0
1800, 5034, 0, 0, 0
1900, 5216, 0, 0, 0
2000, 4859, 0, 0, 0
2100, 5206, 0, 0, 0
2200, 4975, 0, 0, 0
2300, 5158, 0, 0, 0
2400, 5116, 0, 0, 0
2500, 5361, 0, 0, 0
2600, 5057, 0, 0, 0
2700, 5214, 0, 0, 0
2800, 5579, 0, 0, 0
2900, 5122, 0, 0, 0
3000, 4809, 0, 0, 0
3100, 4795, 0, 0, 0
3200, 5060, 0, 0, 0
3300, 4966, 0, 0, 0
3400, 5071, 0, 0, 0
3500, 5277, 0, 0, 0
3600, 5027, 0, 0, 0
3700, 4911, 0, 0, 0
3800, 5029, 0, 0, 0
3900, 5270, 0, 0, 0
4000, 5057, 0, 0, 0
4100, 5215, 0, 0, 0
4200, 4856, 0, 0, 0
4300, 5226, 0, 0, 0
4400, 4798, 0, 0, 0
4500, 5307, 0, 0, 0
4600, 4852, 0, 0, 0
4700, 5056, 0, 0, 0
4800, 4888, 0, 0, 0
4900, 5125, 0, 0, 0
5000, 4793, 0, 0, 0
5100, 4946, 0, 0, 0
5200, 5263, 0, 0, 0
5300, 5060, 0, 0, 0
5400, 5363, 0, 0, 0
5500, 5080, 0, 0, 0
5600, 5259, 0, 0, 0
5700, 4862, 0, 0, 0
5800, 5201, 0, 0, 0
5900, 5017, 0, 0, 0
6000, 4973, 0, 0, 0
6100, 4887, 0, 0, 0
6200, 4846, 0, 0, 0
6300, 4782, 0, 0, 0
6400, 5333, 0, 0, 0
6500, 5215, 0, 0, 0
6600, 4888, 0, 0, 0
6700, 5039, 0, 0, 0
6800, 5061, 0, 0, 0
6900, 5240, 0, 0, 0
7000, 5257, 0, 0, 0
7100, 5665, 0, 0, 0
7200, 5035, 0, 0, 0
7300, 4785, 0, 0, 0
7400, 5236, 0, 0, 0
7500, 5024, 0, 0, 0
7600, 4887, 0, 0, 0
7700, 5278, 0, 0, 0
7800, 5488, 0, 0, 0
7900, 4991, 0, 0, 0
8000, 5276, 0, 0, 0
8100, 5077, 0, 0, 0
8200, 5225, 0, 0, 0
8300, 5269, 0, 0, 0
8400, 4785, 0, 0, 0
8500, 4809, 0, 0, 0
8600, 5358, 0, 0, 0
8700, 4828, 0, 0, 0
8800, 4932, 0, 0, 0
8900, 4886, 0, 0, 0
9000, 5257, 0, 0, 0
9100, 5120, 0, 0, 0
9200, 4884, 0, 0, 0
9300, 5152, 0, 0, 0
9400, 5072, 0, 0, 0
9500, 4682, 0, 0, 0
9600, 4928, 0, 0, 0
9700, 4837, 0, 0, 0
9800, 5526, 0, 0, 0
9900, 4862, 0, 0, 0
10000, 5124, 0, 0, 0
10100, 4859, 0, 0, 0
10200, 5208, 0, 0, 0
10300, 5356, 0, 0, 0
10400, 4978, 0, 0, 0
10500, 5243, 0, 0, 0
10600, 4903, 0, 0, 0
10700, 5019, 0, 0, 0
10800, 4813, 0, 0, 0
10900, 5260, 0, 0, 0
11000, 5130, 0, 0, 0
11100, 4673, 0, 0, 0
11200, 5347, 0, 0, 0
11300, 5004, 0, 0, 0
11400, 4901, 0, 0, 0
11500, 5298, 0, 0, 0
11600, 4925, 0, 0, 0
11700, 5117, 0, 0, 0
11800, 4991, 0, 0, 0
11900, 5089, 0, 0, 0
12000, 4977, 0, 0, 0
12100, 5042, 0, 0, 0
12200, 5103, 0, 0, 0
12300, 5203, 0, 0, 0
12400, 5318, 0, 0, 0
12500, 4936, 0, 0, 0
12600, 5079, 0, 0, 0
12700, 5015, 0, 0, 0
12800, 4998, 0, 0, 0
12900, 5181, 0, 0, 0
13000, 4901, 0, 0, 0
13100, 5111, 0, 0, 0
13200, 4839, 0, 0, 0
13300, 4700, 0, 0, 0
13400, 4778, 0, 0, 0
13500, 5010, 0, 0, 0
13600, 5099, 0, 0, 0
13700, 5084, 0, 0, 0
13800, 5140, 0, 0, 0
13900, 5492, 0, 0, 0
14000, 5077, 0, 0, 0
14100, 5084, 0, 0, 0
14200, 5190, 0, 0, 0
14300, 4955, 0, 0, 0
14400, 5463, 0, 0, 0
14500, 5016, 0, 0, 0
14600, 4975, 0, 0, 0
14700, 5207, 0, 0, 0
14800, 5232, 0, 0, 0
14900, 5085, 0, 0, 0
15000, 4945, 0, 0, 0
15100, 5237, 0, 0, 0
15200, 4897, 0, 0, 0
15300, 5192, 0, 0, 0
15400, 4927, 0, 0, 0
15500, 4885, 0, 0, 0
15600, 5118, 0, 0, 0
15700, 5203, 0, 0, 0
15800, 5070, 0, 0, 0
15900, 5016, 0, 0, 0
16000, 4966, 0, 0, 0
16100, 5280, 0, 0, 0
16200, 5202, 0, 0, 0
16300, 4851, 0, 0, 0
16400, 5208, 0, 0, 0
16500, 5203, 0, 0, 0
16600, 5010, 0, 0, 0
16700, 5205, 0, 0, 0
16800, 4794, 0, 0, 0
16900, 5001, 0, 0, 0
17000, 4809, 0, 0, 0
17100, 4867, 0, 0, 0
17200, 4933, 0, 0, 0
17300, 5059, 0, 0, 0
17400, 5164, 0, 0, 0
17500, 4930, 0, 0, 0
17600, 4911, 0, 0, 0
17700, 5219, 0, 0, 0
17800, 5239, 0, 0, 0
17900, 4746, 0, 0, 0
18000, 4996, 0, 0, 0
18100, 5096, 0, 0, 0
18200, 4854, 0, 0, 0
18300, 5086, 0, 0, 0
18400, 5270, 0, 0, 0
18500, 4957, 0, 0, 0
18600, 4859, 0, 0, 0
18700, 5019, 0, 0, 0
18800, 4854, 0, 0, 0
18900, 5257, 0, 0, 0
19000, 4901, 0, 0, 0
19100, 4756, 0, 0, 0
19200, 5236, 0, 0, 0
19300, 5007, 0, 0, 0
19400, 4842, 0, 0, 0
19500, 4742, 0, 0, 0
19600, 5000, 0, 0, 0
19700, 5105, 0, 0, 0
19800, 5009, 0, 0, 0
19900, 5065, 0, 0, 0
20000, 5232, 0, 0, 0
20100, 4797, 0, 0, 0
20200, 5228, 0, 0, 0
20300, 5516, 0, 0, 0
20400, 5024, 0, 0, 0
20500, 5080, 0, 0, 0
20600, 5236, 0, 0, 0
20700, 4870, 0, 0, 0
20800, 5416, 0, 0, 0
20900, 4903, 0, 0, 0
21000, 5147, 0, 0, 0
21100, 5291, 0, 0, 0
21200, 5340, 0, 0, 0
21300, 4979, 0, 0, 0
21400, 5086, 0, 0, 0
21500, 4986, 0, 0, 0
21600, 5069, 0, 0, 0
21700, 4872, 0, 0, 0
21800, 5031, 0, 0, 0
21900, 4964, 0, 0, 0
22000, 5175, 0, 0, 0
22100, 5414, 0, 0, 0
22200, 4784, 0, 0, 0
22300, 4616, 0, 0, 0
22400, 5039, 0, 0, 0
22500, 4729, 0, 0, 0
22600, 4949, 0, 0, 0
22700, 5209, 0, 0, 0
22800, 5288, 0, 0, 0
22900, 4918, 0, 0, 0
23000, 4801, 0, 0, 0
23100, 4856, 0, 0, 0
23200, 5046, 0, 0, 0
23300, 5103, 0, 0, 0
23400, 5313, 0, 0, 0
23500, 5185, 0, 0, 0
23600, 5223, 0, 0, 0
23700, 5108, 0, 0, 0
23800, 4682, 0, 0, 0
23900, 5000, 0, 0, 0
24000, 5277, 0, 0, 0
24100, 4745, 0, 0, 0
24200, 5132, 0, 0, 0
24300, 4749, 0, 0, 0
24400, 5229, 0, 0, 0
24500, 4834, 0, 0, 0
24600, 5495, 0, 0, 0
24700, 4431, 0, 0, 0
24800, 5041, 0, 0, 0
24900, 5146, 0, 0, 0
25000, 4946, 0, 0, 0
25100, 5153, 0, 0, 0
25200, 5221, 0, 0, 0
25300, 5000, 0, 0, 0
25400, 5367, 0, 0, 0
25500, 5042, 0, 0, 0
25600, 4985, 0, 0, 0
25700, 4997, 0, 0, 0
25800, 5037, 0, 0, 0
25900, 5003, 0, 0, 0
26000, 5061, 0, 0, 0
26100, 5090, 0, 0, 0
26200, 4977, 0, 0, 0
26300, 5192, 0, 0, 0
26400, 5075, 0, 0, 0
26500, 5035, 0, 0, 0
26600, 5020, 0, 0, 0
26700, 5246, 0, 0, 0
26800, 4863, 0, 0, 0
26900, 4968, 0, 0, 0
27000, 4750, 0, 0, 0
27100, 5072, 0, 0, 0
27200, 5041, 0, 0, 0
27300, 4685, 0, 0, 0
27400, 5206, 0, 0, 0
27500, 4990, 0, 0, 0
27600, 5128, 0, 0, 0
27700, 5280, 0, 0, 0
27800, 4815, 0, 0, 0
27900, 5001, 0, 0, 0
28000, 4852, 0, 0, 0
28100, 5344, 0, 0, 0
28200, 5024, 0, 0, 0
28300, 5171, 0, 0, 0
28400, 4781, 0, 0, 0
28500, 5051, 0, 0, 0
28600, 4827, 0, 0, 0
28700, 5103, 0, 0, 0
28800, 5521, 0, 0, 0
28900, 5118, 0, 0, 0
29000, 4847, 0, 0, 0
29100, 5131, 0, 0, 0
29200, 4917, 0, 0, 0
29300, 5346, 0, 0, 0
29400, 4998, 0, 0, 0
29500, 4993, 0, 0, 0
29600, 5062, 0, 0, 0
29700, 5200, 0, 0, 0
29800, 5324, 0, 0, 0
29900, 4983, 0, 0, 0
30000, 5133, 0, 0, 0
30100, 5141, 0, 0, 0
30200, 4977, 0, 0, 0
30300, 5366, 0, 0, 0
30400, 4937, 0, 0, 0
30500, 5239, 0, 0, 0
30600, 5018, 0, 0, 0
30700, 5088, 0, 0, 0
30800, 5342, 0, 0, 0
30900, 5047, 0, 0, 0
31000, 5032, 0, 0, 0
31100, 5198, 0, 0, 0
31200, 5059, 0, 0, 0
31300, 5020, 0, 0, 0
31400, 4843, 0, 0, 0
31500, 4972, 0, 0, 0
31600, 4738, 0, 0, 0
31700, 5044, 0, 0, 0
31800, 5371, 0, 0, 0
31900, 5035, 0, 0, 0
32000, 4848, 0, 0, 0
32100, 5475, 0, 0, 0
32200, 5049, 0, 0, 0
32300, 5119, 0, 0, 0
32400, 5441, 0, 0, 0
32500, 4930, 0, 0, 0
32600, 4984, 0, 0, 0
32700, 5250, 0, 0, 0
32800, 5329, 0, 0, 0
32900, 4860, 0, 0, 0
33000, 5486, 0, 0, 0
33100, 5232, 0, 0, 0
33200, 5094, 0, 0, 0
33300, 5097, 0, 0, 0
33400, 5120, 0, 0, 0
33500, 4887, 0, 0, 0
33600, 5190, 0, 0, 0
33700, 4961, 0, 0, 0
33800, 4963, 0, 0, 0
33900, 5353, 0, 0, 0
34000, 5212, 0, 0, 0
34100, 5255, 0, 0, 0
34200, 5016, 0, 0, 0
34300, 5115, 0, 0, 0
34400, 5234, 0, 0, 0
34500, 5201, 0, 0, 0
34600, 4789, 0, 0, 0
34700, 5330, 0, 0, 0
34800, 5272, 0, 0, 0
34900, 5216, 0, 0, 0
35000, 4860, 0, 0, 0
35100, 4775, 0, 0, 0
35200, 5465, 0, 0, 0
35300, 5097, 0, 0, 0
35400, 4954, 0, 0, 0
35500, 5277, 0, 0, 0
35600, 4928, 0, 0, 0
35700, 5306, 0, 0, 0
35800, 5281, 0, 0, 0
35900, 5233, 0, 0, 0
36000, 5252, 0, 0, 0
36100, 5097, 0, 0, 0
36200, 5368, 0, 0, 0
36300, 4776, 0, 0, 0
36400, 5073, 0, 0, 0
36500, 4610, 0, 0, 0
36600, 5285, 0, 0, 0
36700, 5032, 0, 0, 0
36800, 5086, 0, 0, 0
36900, 4843, 0, 0, 0
37000, 4985, 0, 0, 0
37100, 5286, 0, 0, 0
37200, 4694, 0, 0, 0
37300, 5101, 0, 0, 0
37400, 5184, 0, 0, 0
37500, 4999, 0, 0, 0
37600, 4969, 0, 0, 0
37700, 5047, 0, 0, 0
37800, 5205, 0, 0, 0
37900, 5147, 0, 0, 0
38000, 4974, 0, 0, 0
38100, 4967, 0, 0, 0
38200, 4999, 0, 0, 0
38300, 4870, 0, 0, 0
38400, 4880, 0, 0, 0
38500, 5192, 0, 0, 0
38600, 5356, 0, 0, 0
38700, 4909, 0, 0, 0
38800, 4899, 0, 0, 0
38900, 5478, 0, 0, 0
39000, 5054, 0, 0, 0
39100, 5141, 0, 0, 0
39200, 5212, 0, 0, 0
39300, 5363, 0, 0, 0
39400, 5145, 0, 0, 0
39500, 5267, 0, 0, 0
39600, 5245, 0, 0, 0
39700, 5054, 0, 0, 0
39800, 4984, 0, 0, 0
39900, 5100, 0, 0, 0
40000, 5121, 0, 0, 0
40100, 5591, 0, 0, 0
40200, 5331, 0, 0, 0
40300, 4982, 0, 0, 0
40400, 5304, 0, 0, 0
40500, 5536, 0, 0, 0
40600, 4943, 0, 0, 0
40700, 4938, 0, 0, 0
40800, 5041, 0, 0, 0
40900, 4785, 0, 0, 0
41000, 4851, 0, 0, 0
41100, 4906, 0, 0, 0
41200, 4899, 0, 0, 0
41300, 4917, 0, 0, 0
41400, 5066, 0, 0, 0
41500, 5263, 0, 0, 0
41600, 5138, 0, 0, 0
41700, 4883, 0, 0, 0
41800, 5617, 0, 0, 0
41900, 5125, 0, 0, 0
42000, 5147, 0, 0, 0
42100, 5151, 0, 0, 0
42200, 5190, 0, 0, 0
42300, 5308, 0, 0, 0
42400, 5195, 0, 0, 0
42500, 5366, 0, 0, 0
42600, 4998, 0, 0, 0
42700, 5316, 0, 0, 0
42800, 4980, 0, 0, 0
42900, 5319, 0, 0, 0
43000, 5075, 0, 0, 0
43100, 4804, 0, 0, 0
43200, 5075, 0, 0, 0
43300, 5109, 0, 0, 0
43400, 5059, 0, 0, 0
43500, 5139, 0, 0, 0
43600, 4759, 0, 0, 0
43700, 5159, 0, 0, 0
43800, 5047, 0, 0, 0
43900, 5168, 0, 0, 0
44000, 5270, 0, 0, 0
44100, 5009, 0, 0, 0
44200, 5166, 0, 0, 0
44300, 5153, 0, 0, 0
44400, 5196, 0, 0, 0
44500, 5127, 0, 0, 0
44600, 5073, 0, 0, 0
44700, 5200, 0, 0, 0
44800, 5129, 0, 0, 0
44900, 5462, 0, 0, 0
45000, 5202, 0, 0, 0
45100, 4874, 0, 0, 0
45200, 5154, 0, 0, 0
45300, 5320, 0, 0, 0
45400, 5104, 0, 0, 0
45500, 5045, 0, 0, 0
45600, 5163, 0, 0, 0
45700, 5087, 0, 0, 0
45800, 5191, 0, 0, 0
45900, 4979, 0, 0, 0
46000, 5046, 0, 0, 0
46100, 4944, 0, 0, 0
46200, 4693, 0, 0, 0
46300, 5101, 0, 0, 0
46400, 5174, 0, 0, 0
46500, 4944, 0, 0, 0
46600, 4927, 0, 0, 0
46700, 5179, 0, 0, 0
46800, 5267, 0, 0, 0
46900, 5294, 0, 0, 0
47000, 5044, 0, 0, 0
47100, 4805, 0, 0, 0
47200, 5174, 0, 0, 0
47300, 5225, 0, 0, 0
47400, 4859, 0, 0, 0
47500, 4721, 0, 0, 0
47600, 5097, 0, 0, 0
47700, 5447, 0, 0, 0
47800, 5199, 0, 0, 0
47900, 4927, 0, 0, 0
48000, 5205, 0, 0, 0
48100, 5159, 0, 0, 0
48200, 4892, 0, 0, 0
48300, 4942, 0, 0, 0
48400, 5483, 0, 0, 0
48500, 5000, 0, 0, 0
48600, 5093, 0, 0, 0
48700, 5310, 0, 0, 0
48800, 4859, 0, 0, 0
48900, 4995, 0, 0, 0
49000, 5137, 0, 0, 0
49100, 4955, 0, 0, 0
49200, 5021, 0, 0, 0
49300, 4864, 0, 0, 0
49400, 5126, 0, 0, 0
49500, 5114, 0, 0, 0
49600, 5061, 0, 0, 0
49700, 5042, 0, 0, 0
49800, 5064, 0, 0, 0
49900, 5302, 0, 0, 0
50000, 4841, 0, 0, 0
50100, 4885, 0, 0, 0
50200, 5108, 0, 0, 0
50300, 4960, 0, 0, 0
50400, 5393, 0, 0, 0
50500, 5156, 0, 0, 0
50600, 5216, 0, 0, 0
50700, 5255, 0, 0, 0
50800, 5176, 0, 0, 0
50900, 4830, 0, 0, 0
51000, 4959, 0, 0, 0
51100, 4596, 0, 0, 0
51200, 5228, 0, 0, 0
51300, 5082, 0, 0, 0
51400, 4801, 0, 0, 0
51500, 5346, 0, 0, 0
51600, 5378, 0, 0, 0
51700, 5301, 0, 0, 0
51800, 4880, 0, 0, 0
51900, 5155, 0, 0, 0
52000, 4708, 0, 0, 0
52100, 5177, 0, 0, 0
52200, 5176, 0, 0, 0
52300, 5051, 0, 0, 0
52400, 5076, 0, 0, 0
52500, 4827, 0, 0, 0
52600, 4699, 0, 0, 0
52700, 4870, 0, 0, 0
52800, 5223, 0, 0, 0
52900, 5148, 0, 0, 0
53000, 5260, 0, 0, 0
53100, 4967, 0, 0, 0
53200, 5038, 0, 0, 0
53300, 4888, 0, 0, 0
53400, 4963, 0, 0, 0
53500, 5390, 0, 0, 0
53600, 5163, 0, 0, 0
53700, 4811, 0, 0, 0
53800, 4763, 0, 0, 0
53900, 5291, 0, 0, 0
54000, 5383, 0, 0, 0
54100, 5298, 0, 0, 0
54200, 5092, 0, 0, 0
54300, 5266, 0, 0, 0
54400, 4989, 0, 0, 0
54500, 4903, 0, 0, 0
54600, 4565, 0, 0, 0
54700, 4968, 0, 0, 0
54800, 4793, 0, 0, 0
54900, 4879, 0, 0, 0
55000, 4753, 0, 0, 0
55100, 4979, 0, 0, 0
55200, 4872, 0, 0, 0
55300, 4779, 0, 0, 0
55400, 5019, 0, 0, 0
55500, 5249, 0, 0, 0
55600, 4973, 0, 0, 0
55700, 4948, 0, 0, 0
55800, 5232, 0, 0, 0
55900, 5084, 0, 0, 0
56000, 5082, 0, 0, 0
56100, 5171, 0, 0, 0
56200, 5433, 0, 0, 0
56300, 4933, 0, 0, 0
56400, 5152, 0, 0, 0
56500, 5265, 0, 0, 0
56600, 4835, 0, 0, 0
56700, 4726, 0, 0, 0
56800, 4902, 0, 0, 0
56900, 5232, 0, 0, 0
57000, 5305, 0, 0, 0
57100, 4847, 0, 0, 0
57200, 4861, 0, 0, 0
57300, 5525, 0, 0, 0
57400, 4807, 0, 0, 0
57500, 5194, 0, 0, 0
57600, 5284, 0, 0, 0
57700, 5369, 0, 0, 0
57800, 5076, 0, 0, 0
57900, 5097, 0, 0, 0
58000, 4889, 0, 0, 0
58100, 4985, 0, 0, 0
58200, 5052, 0, 0, 0
58300, 5206, 0, 0, 0
58400, 5050, 0, 0, 0
58500, 5202, 0, 0, 0
58600, 5115, 0, 0, 0
58700, 4914, 0, 0, 0
58800, 4855, 0, 0, 0
58900, 4924, 0, 0, 0
59000, 4949, 0, 0, 0
59100, 5011, 0, 0, 0
59200, 5096, 0, 0, 0
59300, 4971, 0, 0, 0
59400, 5110, 0, 0, 0
59500, 5193, 0, 0, 0
59600, 5147, 0, 0, 0
59700, 4732, 0, 0, 0
59800, 5191, 0, 0, 0
59900, 4892, 0, 0, 0
60000, 5147, 0, 0, 0
60100, 5024, 0, 0, 0
60200, 5347, 0, 0, 0
60300, 4811, 0, 0, 0
60400, 4820, 0, 0, 0
60500, 5213, 0, 0, 0
60600, 4875, 0, 0, 0
60700, 4898, 0, 0, 0
60800, 5115, 0, 0, 0
60900, 5235, 0, 0, 0
61000, 5144, 0, 0, 0
61100, 4783, 0, 0, 0
61200, 5139, 0, 0, 0
61300, 5092, 0, 0, 0
61400, 5171, 0, 0, 0
61500, 5151, 0, 0, 0
61600, 4887, 0, 0, 0
61700, 5211, 0, 0, 0
61800, 4670, 0, 0, 0
61900, 4949, 0, 0, 0
62000, 5020, 0, 0, 0
62100, 4999, 0, 0, 0
62200, 5204, 0, 0, 0
62300, 5273, 0, 0, 0
62400, 4796, 0, 0, 0
62500, 4834, 0, 0, 0
62600, 4804, 0, 0, 0
62700, 4974, 0, 0, 0
62800, 5085, 0, 0, 0
62900, 5273, 0, 0, 0
63000, 4835, 0, 0, 0
63100, 5210, 0, 0, 0
63200, 4720, 0, 0, 0
63300, 4662, 0, 0, 0
63400, 5086, 0, 0, 0
63500, 5029, 0, 0, 0
63600, 5097, 0, 0, 0
63700, 5239, 0, 0, 0
63800, 4823, 0, 0, 0
63900, 4550, 0, 0, 0
64000, 4925, 0, 0, 0
64100, 5035, 0, 0, 0
64200, 5070, 0, 0, 0
64300, 4896, 0, 0, 0
64400, 5024, 0, 0, 0
64500, 5172, 0, 0, 0
64600, 5065, 0, 0, 0
64700, 4893, 0, 0, 0
64800, 5186, 0, 0, 0
64900, 5190, 0, 0, 0
65000, 4874, 0, 0, 0
65100, 5403, 0, 0, 0
65200, 5009, 0, 0, 0
65300, 4900, 0, 0, 0
65400, 5075, 0, 0, 0
65500, 5026, 0, 0, 0
65600, 4906, 0, 0, 0
65700, 4730, 0, 0, 0
65800, 5193, 0, 0, 0
65900, 5094, 0, 0, 0
66000, 5332, 0, 0, 0
66100, 4734, 0, 0, 0
66200, 5125, 0, 0, 0
66300, 5033, 0, 0, 0
66400, 5163, 0, 0, 0
66500, 5267, 0, 0, 0
66600, 4950, 0, 0, 0
66700, 5516, 0, 0, 0
66800, 5328, 0, 0, 0
66900, 5316, 0, 0, 0
67000, 4855, 0, 0, 0
67100, 5305, 0, 0, 0
67200, 5238, 0, 0, 0
67300, 4993, 0, 0, 0
67400, 4839, 0, 0, 0
67500, 4882, 0, 0, 0
67600, 5242, 0, 0, 0
67700, 4867, 0, 0, 0
67800, 5187, 0, 0, 0
67900, 5112, 0, 0, 0
68000, 5083, 0, 0, 0
68100, 4858, 0, 0, 0
68200, 5018, 0, 0, 0
68300, 5285, 0, 0, 0
68400, 4808, 0, 0, 0
68500, 4902, 0, 0, 0
68600, 5206, 0, 0, 0
68700, 5137, 0, 0, 0
68800, 4727, 0, 0, 0
68900, 5046, 0, 0, 0
69000, 5145, 0, 0, 0
69100, 4786, 0, 0, 0
69200, 5301, 0, 0, 0
69300, 5469, 0, 0, 0
69400, 5028, 0, 0, 0
69500, 5072, 0, 0, 0
69600, 4815, 0, 0, 0
69700, 5077, 0, 0, 0
69800, 4914, 0, 0, 0
69900, 4904, 0, 0, 0
70000, 4768, 0, 0, 0
70100, 4998, 0, 0, 0
70200, 5179, 0, 0, 0
70300, 4870, 0, 0, 0
70400, 4948, 0, 0, 0
70500, 5132, 0, 0, 0
70600, 5178, 0, 0, 0
70700, 5202, 0, 0, 0
70800, 4736, 0, 0, 0
70900, 5027, 0, 0, 0
71000, 4828, 0, 0, 0
71100, 4942, 0, 0, 0
71200, 4946, 0, 0, 0
71300, 5044, 0, 0, 0
71400, 4974, 0, 0, 0
71500, 4983, 0, 0, 0
71600, 4888, 0, 0, 0
71700, 4999, 0, 0, 0
71800, 4883, 0, 0, 0
71900, 5000, 0, 0, 0
72000, 5326, 0, 0, 0
72100, 4754, 0, 0, 0
72200, 5152, 0, 0, 0
72300, 5091, 0, 0, 0
72400, 4923, 0, 0, 0
72500, 5348, 0, 0, 0
72600, 4641, 0, 0, 0
72700, 4869, 0, 0, 0
72800, 5120, 0, 0, 0
72900, 5204, 0, 0, 0
73000, 5154, 0, 0, 0
73100, 5052, 0, 0, 0
73200, 4885, 0, 0, 0
73300, 4976, 0, 0, 0
73400, 5015, 0, 0, 0
73500, 5289, 0, 0, 0
73600, 4971, 0, 0, 0
73700, 4944, 0, 0, 0
73800, 4999, 0, 0, 0
73900, 4817, 0, 0, 0
74000, 4993, 0, 0, 0
74100, 4836, 0, 0, 0
74200, 4980, 0, 0, 0
74300, 4982, 0, 0, 0
74400, 4587, 0, 0, 0
74500, 5481, 0, 0, 0
74600, 4856, 0, 0, 0
74700, 5040, 0, 0, 0
74800, 5186, 0, 0, 0
74900, 4956, 0, 0, 0
75000, 5634, 0, 0, 0
75100, 5048, 0, 0, 0
75200, 4940, 0, 0, 0
75300, 5373, 0, 0, 0
75400, 5220, 0, 0, 0
75500, 5400, 0, 0, 0
75600, 4892, 0, 0, 0
75700, 5019, 0, 0, 0
75800, 5214, 0, 0, 0
75900, 4882, 0, 0, 0
76000, 5076, 0, 0, 0
76100, 5140, 0, 0, 0
76200, 5112, 0, 0, 0
76300, 4904, 0, 0, 0
76400, 5155, 0, 0, 0
76500, 4773, 0, 0, 0
76600, 5130, 0, 0, 0
76700, 5309, 0, 0, 0
76800, 5061, 0, 0, 0
76900, 5070, 0, 0, 0
77000, 5183, 0, 0, 0
77100, 5395, 0, 0, 0
77200, 4892, 0, 0, 0
77300, 5192, 0, 0, 0
77400, 4943, 0, 0, 0
77500, 4996, 0, 0, 0
77600, 4789, 0, 0, 0
77700, 5160, 0, 0, 0
77800, 5341, 0, 0, 0
77900, 5355, 0, 0, 0
78000, 4655, 0, 0, 0
78100, 4792, 0, 0, 0
78200, 4951, 0, 0, 0
78300, 4961, 0, 0, 0
78400, 5296, 0, 0, 0
78500, 5720, 0, 0, 0
78600, 5270, 0, 0, 0
78700, 5064, 0, 0, 0
78800, 4723, 0, 0, 0
78900, 4990, 0, 0, 0
79000, 5086, 0, 0, 0
79100, 4961, 0, 0, 0
79200, 5111, 0, 0, 0
79300, 5173, 0, 0, 0
79400, 4917, 0, 0, 0
79500, 5205, 0, 0, 0
79600, 5381, 0, 0, 0
79700, 4783, 0, 0, 0
79800, 4922, 0, 0, 0
79900, 5041, 0, 0, 0
80000, 4993, 0, 0, 0
80100, 4867, 0, 0, 0
80200, 4989, 0, 0, 0
80300, 5022, 0, 0, 0
80400, 4731, 0, 0, 0
80500, 4988, 0, 0, 0
80600, 5120, 0, 0, 0
80700, 5332, 0, 0, 0
80800, 4894, 0, 0, 0
80900, 4971, 0, 0, 0
81000, 4755, 0, 0, 0
81100, 5078, 0, 0, 0
81200, 4615, 0, 0, 0
81300, 5196, 0, 0, 0
81400, 5067, 0, 0, 0
81500, 5058, 0, 0, 0
81600, 5215, 0, 0, 0
81700, 4983, 0, 0, 0
81800, 4849, 0, 0, 0
81900, 4779, 0, 0, 0
82000, 4951, 0, 0, 0
82100, 5045, 0, 0, 0
82200, 5150, 0, 0, 0
82300, 5171, 0, 0, 0
82400, 4865, 0, 0, 0
82500, 5219, 0, 0, 0
82600, 5212, 0, 0, 0
82700, 5304, 0, 0, 0
82800, 4974, 0, 0, 0
82900, 4805, 0, 0, 0
83000, 5097, 0, 0, 0
83100, 4671, 0, 0, 0
83200, 4949, 0, 0, 0
83300, 5330, 0, 0, 0
83400, 5301, 0, 0, 0
83500, 5217, 0, 0, 0
83600, 5320, 0, 0, 0
83700, 4842, 0, 0, 0
83800, 5050, 0, 0, 0
83900, 5203, 0, 0, 0
84000, 4968, 0, 0, 0
84100, 4943, 0, 0, 0
84200, 4771, 0, 0, 0
84300, 5162, 0, 0, 0
84400, 4983, 0, 0, 0
84500, 4942, 0, 0, 0
84600, 4981, 0, 0, 0
84700, 5144, 0, 0, 0
84800, 5453, 0, 0, 0
84900, 5268, 0, 0, 0
85000, 4644, 0, 0, 0
85100, 5364, 0, 0, 0
85200, 5268, 0, 0, 0
85300, 4843, 0, 0, 0
85400, 5218, 0, 0, 0
85500, 5261, 0, 0, 0
85600, 4962, 0, 0, 0
85700, 4822, 0, 0, 0
85800, 5217, 0, 0, 0
85900, 4978, 0, 0, 0
86000, 4584, 0, 0, 0
86100, 5437, 0, 0, 0
86200, 5096, 0, 0, 0
86300, 4815, 0, 0, 0
86400, 5139, 0, 0, 0
86500, 4946, 0, 0, 0
86600, 5187, 0, 0, 0
86700, 5215, 0, 0, 0
86800, 4422, 0, 0, 0
86900, 4857, 0, 0, 0
87000, 5160, 0, 0, 0
87100, 4760, 0, 0, 0
87200, 4997, 0, 0, 0
87300, 4972, 0, 0, 0
87400, 5058, 0, 0, 0
87500, 5017, 0, 0, 0
87600, 4660, 0, 0, 0
87700, 5231, 0, 0, 0
87800, 5246, 0, 0, 0
87900, 5016, 0, 0, 0
88000, 4888, 0, 0, 0
88100, 5103, 0, 0, 0
88200, 4878, 0, 0, 0
88300, 5326, 0, 0, 0
88400, 5169, 0, 0, 0
88500, 4798, 0, 0, 0
88600, 4957, 0, 0, 0
88700, 5129, 0, 0, 0
88800, 4921, 0, 0, 0
88900, 4531, 0, 0, 0
89000, 5226, 0, 0, 0
89100, 5186, 0, 0, 0
89200, 4935, 0, 0, 0
89300, 5085, 0, 0, 0
89401, 4833, 0, 0, 0
89500, 5141, 0, 0, 0
89600, 5055, 0, 0, 0
89700, 5058, 0, 0, 0
89800, 5529, 0, 0, 0
89900, 4958, 0, 0, 0
90010, 4733, 0, 0, 0
