100, 7932, 0, 0, 0
200, 7691, 0, 0, 0
301, 8601, 0, 0, 0
401, 7160, 0, 0, 0
502, 6933, 0, 0, 0
601, 6985, 0, 0, 0
701, 7524, 0, 0, 0
801, 8449, 0, 0, 0
900, 8232, 0, 0, 0
1001, 8531, 0, 0, 0
1100, 8036, 0, 0, 0
1200, 7972, 0, 0, 0
1301, 7726, 0, 0, 0
1400, 8045, 0, 0, 0
1500, 7893, 0, 0, 0
1601, 8387, 0, 0, 0
1700, 8415, 0, 0, 0
1801, 8389, 0, 0, 0
1900, 8026, 0, 0, 0
2000, 8015, 0, 0, 0
2100, 7616, 0, 0, 0
2200, 7689, 0, 0, 0
2300, 7039, 0, 0, 0
2400, 6919, 0, 0, 0
2501, 6664, 0, 0, 0
2601, 6672, 0, 0, 0
2701, 6856, 0, 0, 0
2801, 6924, 0, 0, 0
2900, 6933, 0, 0, 0
3001, 6723, 0, 0, 0
3102, 6520, 0, 0, 0
3200, 6571, 0, 0, 0
3301, 7908, 0, 0, 0
3403, 7120, 0, 0, 0
3500, 7394, 0, 0, 0
3600, 6876, 0, 0, 0
3700, 6985, 0, 0, 0
3800, 7038, 0, 0, 0
3901, 6705, 0, 0, 0
4000, 7162, 0, 0, 0
4101, 7903, 0, 0, 0
4200, 8140, 0, 0, 0
4300, 7638, 0, 0, 0
4402, 7539, 0, 0, 0
4500, 7610, 0, 0, 0
4601, 7733, 0, 0, 0
4701, 8089, 0, 0, 0
4801, 7637, 0, 0, 0
4900, 7445, 0, 0, 0
5001, 7837, 0, 0, 0
5100, 7637, 0, 0, 0
5200, 7929, 0, 0, 0
5300, 7572, 0, 0, 0
5400, 7341, 0, 0, 0
5500, 7646, 0, 0, 0
5603, 7976, 0, 0, 0
5700, 8469, 0, 0, 0
5801, 7736, 0, 0, 0
5902, 8104, 0, 0, 0
6001, 8092, 0, 0, 0
6100, 8186, 0, 0, 0
6200, 7850, 0, 0, 0
6302, 7770, 0, 0, 0
6400, 7869, 0, 0, 0
6500, 7709, 0, 0, 0
6600, 7557, 0, 0, 0
6700, 7702, 0, 0, 0
6801, 8682, 0, 0, 0
6900, 7838, 0, 0, 0
7001, 7424, 0, 0, 0
7101, 8502, 0, 0, 0
7200, 7719, 0, 0, 0
7301, 7423, 0, 0, 0
7402, 7448, 0, 0, 0
7500, 7733, 0, 0, 0
7603, 7269, 0, 0, 0
7700, 7494, 0, 0, 0
7802, 7324, 0, 0, 0
7900, 7536, 0, 0, 0
8000, 7633, 0, 0, 0
8101, 7759, 0, 0, 0
8202, 7850, 0, 0, 0
8300, 8036, 0, 0, 0
8401, 7280, 0, 0, 0
8501, 7349, 0, 0, 0
8601, 7578, 0, 0, 0
8700, 7797, 0, 0, 0
8801, 7124, 0, 0, 0
8900, 6773, 0, 0, 0
9001, 7269, 0, 0, 0
9100, 7182, 0, 0, 0
9200, 7268, 0, 0, 0
9302, 7174, 0, 0, 0
9400, 7260, 0, 0, 0
9501, 6928, 0, 0, 0
9600, 7405, 0, 0, 0
9701, 7251, 0, 0, 0
9801, 6920, 0, 0, 0
9903, 7358, 0, 0, 0
10000, 7535, 0, 0, 0
10100, 7173, 0, 0, 0
10202, 7355, 0, 0, 0
10300, 6794, 0, 0, 0
10400, 6610, 0, 0, 0
10500, 6816, 0, 0, 0
10602, 6601, 0, 0, 0
10701, 6685, 0, 0, 0
10801, 6519, 0, 0, 0
10900, 6715, 0, 0, 0
11001, 6800, 0, 0, 0
11102, 6643, 0, 0, 0
11201, 6794, 0, 0, 0
11301, 7269, 0, 0, 0
11401, 7153, 0, 0, 0
11500, 7006, 0, 0, 0
11602, 7910, 0, 0, 0
11700, 7912, 0, 0, 0
11801, 7467, 0, 0, 0
11900, 7014, 0, 0, 0
12000, 7308, 0, 0, 0
12100, 7089, 0, 0, 0
12201, 7176, 0, 0, 0
12301, 6939, 0, 0, 0
12401, 7355, 0, 0, 0
12502, 7118, 0, 0, 0
12600, 7106, 0, 0, 0
12700, 7323, 0, 0, 0
12802, 6823, 0, 0, 0
12902, 7148, 0, 0, 0
13002, 7445, 0, 0, 0
13100, 7335, 0, 0, 0
13201, 7436, 0, 0, 0
13301, 7291, 0, 0, 0
13401, 7083, 0, 0, 0
13501, 7677, 0, 0, 0
13601, 6829, 0, 0, 0
13700, 6762, 0, 0, 0
13803, 6822, 0, 0, 0
13901, 7278, 0, 0, 0
14001, 7107, 0, 0, 0
14100, 7048, 0, 0, 0
14201, 6804, 0, 0, 0
14300, 6841, 0, 0, 0
14404, 6479, 0, 0, 0
14502, 7351, 0, 0, 0
14600, 7050, 0, 0, 0
14702, 7925, 0, 0, 0
14801, 7495, 0, 0, 0
14900, 7931, 0, 0, 0
15000, 7253, 0, 0, 0
15100, 7312, 0, 0, 0
15202, 7911, 0, 0, 0
15302, 7148, 0, 0, 0
15401, 7676, 0, 0, 0
15501, 7284, 0, 0, 0
15601, 7021, 0, 0, 0
15701, 7272, 0, 0, 0
15800, 7334, 0, 0, 0
15901, 7252, 0, 0, 0
16001, 6781, 0, 0, 0
16102, 6908, 0, 0, 0
16201, 7142, 0, 0, 0
16300, 7661, 0, 0, 0
16400, 7378, 0, 0, 0
16501, 6839, 0, 0, 0
16600, 6885, 0, 0, 0
16700, 7029, 0, 0, 0
16800, 6807, 0, 0, 0
16900, 6654, 0, 0, 0
17001, 6850, 0, 0, 0
17100, 6758, 0, 0, 0
17201, 6567, 0, 0, 0
17300, 6724, 0, 0, 0
17400, 7148, 0, 0, 0
17501, 7309, 0, 0, 0
17600, 7386, 0, 0, 0
17700, 7149, 0, 0, 0
17800, 6792, 0, 0, 0
17900, 6896, 0, 0, 0
18000, 6925, 0, 0, 0
18100, 7049, 0, 0, 0
18202, 7095, 0, 0, 0
18301, 6900, 0, 0, 0
18400, 7699, 0, 0, 0
18500, 7331, 0, 0, 0
18600, 7930, 0, 0, 0
18700, 7382, 0, 0, 0
18801, 7247, 0, 0, 0
18901, 7144, 0, 0, 0
19000, 7336, 0, 0, 0
19100, 7044, 0, 0, 0
19201, 7351, 0, 0, 0
19301, 7161, 0, 0, 0
19400, 7106, 0, 0, 0
19500, 7139, 0, 0, 0
19600, 7267, 0, 0, 0
19701, 7301, 0, 0, 0
19800, 7001, 0, 0, 0
19901, 7598, 0, 0, 0
20001, 8519, 0, 0, 0
20102, 8226, 0, 0, 0
20201, 8320, 0, 0, 0
20302, 7967, 0, 0, 0
20401, 7572, 0, 0, 0
20502, 7249, 0, 0, 0
20601, 7079, 0, 0, 0
20700, 7226, 0, 0, 0
20800, 7317, 0, 0, 0
20901, 6890, 0, 0, 0
21000, 7180, 0, 0, 0
21101, 6999, 0, 0, 0
21200, 7139, 0, 0, 0
21302, 7436, 0, 0, 0
21401, 7079, 0, 0, 0
21501, 7063, 0, 0, 0
21600, 7198, 0, 0, 0
21700, 7179, 0, 0, 0
21802, 6788, 0, 0, 0
21902, 7020, 0, 0, 0
22000, 6614, 0, 0, 0
22100, 7223, 0, 0, 0
22200, 6839, 0, 0, 0
22302, 7816, 0, 0, 0
22401, 7336, 0, 0, 0
22500, 7416, 0, 0, 0
22601, 7556, 0, 0, 0
22700, 7048, 0, 0, 0
22800, 7142, 0, 0, 0
22901, 7453, 0, 0, 0
23000, 7849, 0, 0, 0
23100, 8176, 0, 0, 0
23200, 7774, 0, 0, 0
23300, 7350, 0, 0, 0
23400, 7126, 0, 0, 0
23500, 7256, 0, 0, 0
23600, 7185, 0, 0, 0
23700, 7475, 0, 0, 0
23801, 7082, 0, 0, 0
23901, 6939, 0, 0, 0
24000, 7155, 0, 0, 0
24101, 6943, 0, 0, 0
24201, 7416, 0, 0, 0
24301, 7383, 0, 0, 0
24401, 7615, 0, 0, 0
24502, 7224, 0, 0, 0
24600, 7822, 0, 0, 0
24701, 7409, 0, 0, 0
24800, 7170, 0, 0, 0
24900, 7339, 0, 0, 0
25000, 6980, 0, 0, 0
25101, 6930, 0, 0, 0
25200, 7097, 0, 0, 0
25301, 7299, 0, 0, 0
25400, 7249, 0, 0, 0
25501, 7510, 0, 0, 0
25601, 7349, 0, 0, 0
25701, 7457, 0, 0, 0
25800, 6987, 0, 0, 0
25901, 7400, 0, 0, 0
26000, 7324, 0, 0, 0
26101, 7714, 0, 0, 0
26203, 7092, 0, 0, 0
26300, 7227, 0, 0, 0
26402, 7024, 0, 0, 0
26501, 8690, 0, 0, 0
26602, 8489, 0, 0, 0
26701, 9353, 0, 0, 0
26801, 9116, 0, 0, 0
26901, 7777, 0, 0, 0
27001, 7457, 0, 0, 0
27100, 7591, 0, 0, 0
27201, 7899, 0, 0, 0
27300, 8088, 0, 0, 0
27400, 8392, 0, 0, 0
27500, 7586, 0, 0, 0
27600, 7791, 0, 0, 0
27701, 6940, 0, 0, 0
27801, 7595, 0, 0, 0
27900, 8087, 0, 0, 0
28000, 6905, 0, 0, 0
28100, 7750, 0, 0, 0
28200, 7413, 0, 0, 0
28302, 7182, 0, 0, 0
28401, 6807, 0, 0, 0
28502, 6679, 0, 0, 0
28601, 7335, 0, 0, 0
28702, 7605, 0, 0, 0
28801, 6788, 0, 0, 0
28901, 6899, 0, 0, 0
29001, 7331, 0, 0, 0
29100, 6629, 0, 0, 0
29200, 6853, 0, 0, 0
29301, 6810, 0, 0, 0
29402, 7010, 0, 0, 0
29500, 7385, 0, 0, 0
29601, 6897, 0, 0, 0
29700, 7360, 0, 0, 0
29802, 7390, 0, 0, 0
29900, 7273, 0, 0, 0
30001, 6574, 0, 0, 0
30101, 7046, 0, 0, 0
30202, 6930, 0, 0, 0
30301, 6834, 0, 0, 0
30403, 7471, 0, 0, 0
30501, 6868, 0, 0, 0
30600, 6855, 0, 0, 0
30700, 6888, 0, 0, 0
30801, 7197, 0, 0, 0
30900, 6656, 0, 0, 0
31000, 6878, 0, 0, 0
31100, 6886, 0, 0, 0
31200, 7653, 0, 0, 0
31301, 7073, 0, 0, 0
31401, 7008, 0, 0, 0
31500, 7089, 0, 0, 0
31601, 7372, 0, 0, 0
31700, 6835, 0, 0, 0
31800, 7487, 0, 0, 0
31900, 7047, 0, 0, 0
32000, 6973, 0, 0, 0
32102, 6724, 0, 0, 0
32201, 6778, 0, 0, 0
32301, 6683, 0, 0, 0
32400, 7278, 0, 0, 0
32500, 7552, 0, 0, 0
32601, 7421, 0, 0, 0
32700, 7726, 0, 0, 0
32800, 6788, 0, 0, 0
32900, 7108, 0, 0, 0
33001, 7548, 0, 0, 0
33101, 7257, 0, 0, 0
33200, 7625, 0, 0, 0
33302, 6993, 0, 0, 0
33400, 7118, 0, 0, 0
33501, 7089, 0, 0, 0
33601, 7317, 0, 0, 0
33700, 6941, 0, 0, 0
33801, 6701, 0, 0, 0
33900, 7315, 0, 0, 0
34001, 7071, 0, 0, 0
34100, 7220, 0, 0, 0
34203, 6778, 0, 0, 0
34302, 7175, 0, 0, 0
34400, 6957, 0, 0, 0
34500, 7002, 0, 0, 0
34600, 6788, 0, 0, 0
34700, 7341, 0, 0, 0
34800, 7503, 0, 0, 0
34900, 6776, 0, 0, 0
35001, 6738, 0, 0, 0
35100, 6772, 0, 0, 0
35200, 6813, 0, 0, 0
35300, 6928, 0, 0, 0
35402, 7177, 0, 0, 0
35500, 7190, 0, 0, 0
35601, 8270, 0, 0, 0
35701, 8046, 0, 0, 0
35800, 7825, 0, 0, 0
35901, 7687, 0, 0, 0
36000, 7112, 0, 0, 0
36101, 7219, 0, 0, 0
36202, 7408, 0, 0, 0
36301, 7519, 0, 0, 0
36400, 6989, 0, 0, 0
36501, 7542, 0, 0, 0
36600, 7735, 0, 0, 0
36702, 8359, 0, 0, 0
36800, 7183, 0, 0, 0
36900, 7308, 0, 0, 0
37000, 7121, 0, 0, 0
37102, 7146, 0, 0, 0
37201, 7353, 0, 0, 0
37300, 7214, 0, 0, 0
37400, 7133, 0, 0, 0
37502, 7109, 0, 0, 0
37601, 7200, 0, 0, 0
37701, 6829, 0, 0, 0
37801, 7221, 0, 0, 0
37901, 6899, 0, 0, 0
38003, 7413, 0, 0, 0
38100, 6950, 0, 0, 0
38202, 6921, 0, 0, 0
38301, 7143, 0, 0, 0
38401, 6987, 0, 0, 0
38501, 8296, 0, 0, 0
38602, 7138, 0, 0, 0
38700, 7774, 0, 0, 0
38801, 7598, 0, 0, 0
38901, 7285, 0, 0, 0
39001, 7423, 0, 0, 0
39100, 8057, 0, 0, 0
39200, 7467, 0, 0, 0
39301, 7222, 0, 0, 0
39400, 7105, 0, 0, 0
39500, 7217, 0, 0, 0
39600, 7084, 0, 0, 0
39700, 6827, 0, 0, 0
39800, 7959, 0, 0, 0
39900, 7126, 0, 0, 0
40000, 6804, 0, 0, 0
40100, 6867, 0, 0, 0
40200, 6932, 0, 0, 0
40300, 6746, 0, 0, 0
40400, 6833, 0, 0, 0
40500, 7672, 0, 0, 0
40600, 7299, 0, 0, 0
40701, 6891, 0, 0, 0
40800, 6588, 0, 0, 0
40901, 7081, 0, 0, 0
41000, 7242, 0, 0, 0
41102, 6679, 0, 0, 0
41201, 6722, 0, 0, 0
41301, 7083, 0, 0, 0
41400, 6550, 0, 0, 0
41501, 6963, 0, 0, 0
41601, 7227, 0, 0, 0
41701, 7417, 0, 0, 0
41801, 6670, 0, 0, 0
41901, 6759, 0, 0, 0
42000, 6634, 0, 0, 0
42102, 6530, 0, 0, 0
42201, 6828, 0, 0, 0
42301, 7168, 0, 0, 0
42400, 6841, 0, 0, 0
42500, 7326, 0, 0, 0
42601, 6944, 0, 0, 0
42701, 6911, 0, 0, 0
42801, 6830, 0, 0, 0
42900, 6752, 0, 0, 0
43002, 6942, 0, 0, 0
43100, 7590, 0, 0, 0
43202, 7190, 0, 0, 0
43302, 7508, 0, 0, 0
43401, 7054, 0, 0, 0
43501, 7295, 0, 0, 0
43601, 7397, 0, 0, 0
43700, 7385, 0, 0, 0
43800, 6543, 0, 0, 0
43902, 7498, 0, 0, 0
44000, 7272, 0, 0, 0
44102, 7213, 0, 0, 0
44200, 7488, 0, 0, 0
44301, 7356, 0, 0, 0
44400, 7633, 0, 0, 0
44500, 7651, 0, 0, 0
44601, 6614, 0, 0, 0
44700, 7365, 0, 0, 0
44801, 7039, 0, 0, 0
44900, 6737, 0, 0, 0
45002, 7524, 0, 0, 0
45100, 7173, 0, 0, 0
45200, 6756, 0, 0, 0
45300, 6497, 0, 0, 0
45400, 6794, 0, 0, 0
45502, 7122, 0, 0, 0
45601, 6717, 0, 0, 0
45700, 6789, 0, 0, 0
45801, 6820, 0, 0, 0
45902, 7099, 0, 0, 0
46002, 6583, 0, 0, 0
46100, 7125, 0, 0, 0
46201, 7000, 0, 0, 0
46300, 7807, 0, 0, 0
46402, 8531, 0, 0, 0
46500, 8480, 0, 0, 0
46600, 8018, 0, 0, 0
46702, 8687, 0, 0, 0
46800, 8979, 0, 0, 0
46900, 8490, 0, 0, 0
47000, 8178, 0, 0, 0
47100, 8694, 0, 0, 0
47200, 8948, 0, 0, 0
47300, 8194, 0, 0, 0
47400, 7697, 0, 0, 0
47501, 7749, 0, 0, 0
47600, 7208, 0, 0, 0
47700, 7181, 0, 0, 0
47800, 6930, 0, 0, 0
47900, 7094, 0, 0, 0
48000, 7166, 0, 0, 0
48101, 6891, 0, 0, 0
48200, 7564, 0, 0, 0
48300, 7254, 0, 0, 0
48401, 7290, 0, 0, 0
48501, 7717, 0, 0, 0
48600, 7134, 0, 0, 0
48700, 7013, 0, 0, 0
48802, 6734, 0, 0, 0
48900, 7492, 0, 0, 0
49000, 8123, 0, 0, 0
49102, 7405, 0, 0, 0
49201, 7599, 0, 0, 0
49300, 6943, 0, 0, 0
49400, 7562, 0, 0, 0
49500, 7299, 0, 0, 0
49601, 7455, 0, 0, 0
49701, 7789, 0, 0, 0
49800, 6850, 0, 0, 0
49901, 7630, 0, 0, 0
50001, 7068, 0, 0, 0
50100, 7149, 0, 0, 0
50200, 6899, 0, 0, 0
50300, 7337, 0, 0, 0
50401, 7362, 0, 0, 0
50501, 7038, 0, 0, 0
50602, 6916, 0, 0, 0
50700, 7447, 0, 0, 0
50800, 7154, 0, 0, 0
50901, 7339, 0, 0, 0
51001, 7846, 0, 0, 0
51101, 7302, 0, 0, 0
51201, 7196, 0, 0, 0
51302, 7058, 0, 0, 0
51402, 6806, 0, 0, 0
51501, 7120, 0, 0, 0
51600, 6766, 0, 0, 0
51701, 7246, 0, 0, 0
51800, 6963, 0, 0, 0
51900, 7578, 0, 0, 0
52003, 6661, 0, 0, 0
52100, 7858, 0, 0, 0
52201, 7864, 0, 0, 0
52302, 8169, 0, 0, 0
52400, 7668, 0, 0, 0
52500, 7987, 0, 0, 0
52600, 8219, 0, 0, 0
52700, 7974, 0, 0, 0
52801, 7084, 0, 0, 0
52900, 6866, 0, 0, 0
53001, 6970, 0, 0, 0
53100, 6959, 0, 0, 0
53200, 6774, 0, 0, 0
53301, 6617, 0, 0, 0
53402, 6800, 0, 0, 0
53502, 7197, 0, 0, 0
53600, 6615, 0, 0, 0
53701, 7607, 0, 0, 0
53801, 6931, 0, 0, 0
53900, 6915, 0, 0, 0
54000, 6882, 0, 0, 0
54101, 7782, 0, 0, 0
54201, 7204, 0, 0, 0
54300, 7115, 0, 0, 0
54401, 6909, 0, 0, 0
54501, 6742, 0, 0, 0
54600, 6696, 0, 0, 0
54700, 6921, 0, 0, 0
54800, 6792, 0, 0, 0
54900, 6726, 0, 0, 0
55000, 6729, 0, 0, 0
55101, 7430, 0, 0, 0
55200, 7362, 0, 0, 0
55302, 7155, 0, 0, 0
55401, 7095, 0, 0, 0
55502, 7484, 0, 0, 0
55601, 7093, 0, 0, 0
55700, 6818, 0, 0, 0
55801, 7146, 0, 0, 0
55900, 6814, 0, 0, 0
56001, 7082, 0, 0, 0
56100, 7221, 0, 0, 0
56202, 8451, 0, 0, 0
56300, 7323, 0, 0, 0
56402, 7087, 0, 0, 0
56502, 6993, 0, 0, 0
56600, 7233, 0, 0, 0
56700, 7239, 0, 0, 0
56801, 7068, 0, 0, 0
56902, 6811, 0, 0, 0
57000, 6783, 0, 0, 0
57101, 6979, 0, 0, 0
57200, 6909, 0, 0, 0
57300, 7260, 0, 0, 0
57401, 6998, 0, 0, 0
57500, 6765, 0, 0, 0
57600, 7157, 0, 0, 0
57701, 7177, 0, 0, 0
57801, 6658, 0, 0, 0
57900, 6993, 0, 0, 0
58001, 6945, 0, 0, 0
58102, 6881, 0, 0, 0
58201, 6693, 0, 0, 0
58300, 7335, 0, 0, 0
58401, 7352, 0, 0, 0
58500, 7274, 0, 0, 0
58601, 7027, 0, 0, 0
58700, 7237, 0, 0, 0
58801, 7198, 0, 0, 0
58900, 7313, 0, 0, 0
59001, 7101, 0, 0, 0
59100, 7147, 0, 0, 0
59201, 6981, 0, 0, 0
59300, 6980, 0, 0, 0
59400, 7739, 0, 0, 0
59500, 6974, 0, 0, 0
59600, 6510, 0, 0, 0
59700, 8589, 0, 0, 0
59800, 8793, 0, 0, 0
59900, 8561, 0, 0, 0
60000, 8843, 0, 0, 0
