250, 552, 0, 0, 0
350, 430, 0, 0, 0
450, 380, 0, 0, 0
550, 550, 0, 0, 0
650, 490, 0, 0, 0
749, 404, 0, 0, 0
849, 680, 0, 0, 0
949, 830, 0, 0, 0
1049, 600, 0, 0, 0
1149, 630, 0, 0, 0
1250, 460, 0, 0, 0
1350, 690, 0, 0, 0
1450, 580, 0, 0, 0
1550, 400, 0, 0, 0
1650, 430, 0, 0, 0
1749, 545, 0, 0, 0
1849, 390, 0, 0, 0
1949, 440, 0, 0, 0
2049, 610, 0, 0, 0
2149, 700, 0, 0, 0
2250, 520, 0, 0, 0
2350, 410, 0, 0, 0
2450, 490, 0, 0, 0
2550, 520, 0, 0, 0
2650, 620, 0, 0, 0
2749, 595, 0, 0, 0
2849, 480, 0, 0, 0
2949, 380, 0, 0, 0
3049, 440, 0, 0, 0
3149, 440, 0, 0, 0
3249, 300, 0, 0, 0
3349, 530, 0, 0, 0
3450, 500, 0, 0, 0
3550, 320, 0, 0, 0
3650, 180, 0, 0, 0
3749, 363, 0, 0, 0
3849, 520, 0, 0, 0
3949, 690, 0, 0, 0
4049, 700, 0, 0, 0
4149, 440, 0, 0, 0
4249, 500, 0, 0, 0
4349, 460, 0, 0, 0
4449, 530, 0, 0, 0
4550, 550, 0, 0, 0
4650, 420, 0, 0, 0
4749, 444, 0, 0, 0
4849, 440, 0, 0, 0
4949, 590, 0, 0, 0
5049, 620, 0, 0, 0
5149, 660, 0, 0, 0
5249, 400, 0, 0, 0
5349, 550, 0, 0, 0
5449, 540, 0, 0, 0
5549, 360, 0, 0, 0
5649, 380, 0, 0, 0
5750, 740, 0, 0, 0
5850, 290, 0, 0, 0
5950, 510, 0, 0, 0
6050, 480, 0, 0, 0
6150, 390, 0, 0, 0
6249, 555, 0, 0, 0
6349, 530, 0, 0, 0
6449, 420, 0, 0, 0
6549, 410, 0, 0, 0
6649, 590, 0, 0, 0
6749, 330, 0, 0, 0
6850, 470, 0, 0, 0
6950, 350, 0, 0, 0
7050, 370, 0, 0, 0
7150, 490, 0, 0, 0
7249, 535, 0, 0, 0
7349, 430, 0, 0, 0
7449, 610, 0, 0, 0
7549, 430, 0, 0, 0
7649, 440, 0, 0, 0
7749, 710, 0, 0, 0
7849, 480, 0, 0, 0
7949, 770, 0, 0, 0
8050, 470, 0, 0, 0
8150, 540, 0, 0, 0
8249, 272, 0, 0, 0
8349, 470, 0, 0, 0
8449, 330, 0, 0, 0
8549, 320, 0, 0, 0
8649, 580, 0, 0, 0
8749, 310, 0, 0, 0
8849, 410, 0, 0, 0
8949, 270, 0, 0, 0
9049, 520, 0, 0, 0
9150, 480, 0, 0, 0
9249, 616, 0, 0, 0
9349, 530, 0, 0, 0
9449, 510, 0, 0, 0
9549, 550, 0, 0, 0
9649, 600, 0, 0, 0
9749, 490, 0, 0, 0
9849, 420, 0, 0, 0
9949, 580, 0, 0, 0
10049, 460, 0, 0, 0
10149, 510, 0, 0, 0
10250, 530, 0, 0, 0
10350, 400, 0, 0, 0
10450, 380, 0, 0, 0
10550, 360, 0, 0, 0
10650, 620, 0, 0, 0
10749, 464, 0, 0, 0
10849, 470, 0, 0, 0
10949, 590, 0, 0, 0
11049, 370, 0, 0, 0
11149, 240, 0, 0, 0
11250, 490, 0, 0, 0
11350, 410, 0, 0, 0
11450, 690, 0, 0, 0
11550, 570, 0, 0, 0
11650, 580, 0, 0, 0
11749, 515, 0, 0, 0
11849, 640, 0, 0, 0
11949, 590, 0, 0, 0
12049, 450, 0, 0, 0
12149, 410, 0, 0, 0
12249, 470, 0, 0, 0
12349, 500, 0, 0, 0
12449, 470, 0, 0, 0
12550, 540, 0, 0, 0
12650, 460, 0, 0, 0
12749, 585, 0, 0, 0
12849, 390, 0, 0, 0
12949, 460, 0, 0, 0
13049, 370, 0, 0, 0
13149, 500, 0, 0, 0
13249, 460, 0, 0, 0
13349, 260, 0, 0, 0
13449, 540, 0, 0, 0
13550, 420, 0, 0, 0
13650, 450, 0, 0, 0
13749, 424, 0, 0, 0
13849, 480, 0, 0, 0
13949, 430, 0, 0, 0
14049, 450, 0, 0, 0
14149, 540, 0, 0, 0
14249, 520, 0, 0, 0
14349, 540, 0, 0, 0
14449, 330, 0, 0, 0
14550, 580, 0, 0, 0
14650, 390, 0, 0, 0
14749, 606, 0, 0, 0
14849, 400, 0, 0, 0
14949, 450, 0, 0, 0
15049, 560, 0, 0, 0
15149, 460, 0, 0, 0
15249, 510, 0, 0, 0
15349, 720, 0, 0, 0
15449, 390, 0, 0, 0
15550, 590, 0, 0, 0
15650, 580, 0, 0, 0
15749, 404, 0, 0, 0
15849, 390, 0, 0, 0
15949, 720, 0, 0, 0
16049, 350, 0, 0, 0
16149, 450, 0, 0, 0
16249, 330, 0, 0, 0
16349, 650, 0, 0, 0
16449, 420, 0, 0, 0
16550, 440, 0, 0, 0
16650, 360, 0, 0, 0
16749, 565, 0, 0, 0
16849, 530, 0, 0, 0
16949, 540, 0, 0, 0
17049, 360, 0, 0, 0
17149, 290, 0, 0, 0
17249, 490, 0, 0, 0
17349, 510, 0, 0, 0
17449, 490, 0, 0, 0
17550, 500, 0, 0, 0
17650, 700, 0, 0, 0
17749, 606, 0, 0, 0
17849, 540, 0, 0, 0
17949, 470, 0, 0, 0
18049, 380, 0, 0, 0
18149, 410, 0, 0, 0
18249, 520, 0, 0, 0
18349, 480, 0, 0, 0
18449, 480, 0, 0, 0
18549, 480, 0, 0, 0
18649, 470, 0, 0, 0
18750, 710, 0, 0, 0
18850, 710, 0, 0, 0
18950, 560, 0, 0, 0
19050, 530, 0, 0, 0
19150, 520, 0, 0, 0
19249, 454, 0, 0, 0
19349, 520, 0, 0, 0
19449, 550, 0, 0, 0
19549, 510, 0, 0, 0
19649, 630, 0, 0, 0
19750, 360, 0, 0, 0
19850, 750, 0, 0, 0
19950, 510, 0, 0, 0
20050, 530, 0, 0, 0
20150, 590, 0, 0, 0
20249, 565, 0, 0, 0
20349, 340, 0, 0, 0
20449, 430, 0, 0, 0
20549, 520, 0, 0, 0
20649, 530, 0, 0, 0
20749, 470, 0, 0, 0
20849, 690, 0, 0, 0
20949, 530, 0, 0, 0
21050, 410, 0, 0, 0
21150, 420, 0, 0, 0
21249, 383, 0, 0, 0
21349, 680, 0, 0, 0
21449, 550, 0, 0, 0
21549, 750, 0, 0, 0
21649, 550, 0, 0, 0
21749, 380, 0, 0, 0
21849, 450, 0, 0, 0
21949, 490, 0, 0, 0
22049, 450, 0, 0, 0
22150, 380, 0, 0, 0
22250, 570, 0, 0, 0
22350, 230, 0, 0, 0
22450, 530, 0, 0, 0
22550, 730, 0, 0, 0
22650, 370, 0, 0, 0
22749, 484, 0, 0, 0
22849, 840, 0, 0, 0
22949, 450, 0, 0, 0
23049, 660, 0, 0, 0
23149, 460, 0, 0, 0
23250, 570, 0, 0, 0
23350, 750, 0, 0, 0
23450, 620, 0, 0, 0
23550, 410, 0, 0, 0
23650, 530, 0, 0, 0
23749, 393, 0, 0, 0
23849, 340, 0, 0, 0
23949, 540, 0, 0, 0
24049, 620, 0, 0, 0
24149, 490, 0, 0, 0
24249, 490, 0, 0, 0
24350, 610, 0, 0, 0
24450, 250, 0, 0, 0
24550, 590, 0, 0, 0
24650, 690, 0, 0, 0
24749, 494, 0, 0, 0
24849, 700, 0, 0, 0
24949, 400, 0, 0, 0
25049, 470, 0, 0, 0
25149, 470, 0, 0, 0
25249, 460, 0, 0, 0
25349, 350, 0, 0, 0
25449, 540, 0, 0, 0
25550, 500, 0, 0, 0
25650, 400, 0, 0, 0
25749, 545, 0, 0, 0
25849, 390, 0, 0, 0
25949, 450, 0, 0, 0
26049, 750, 0, 0, 0
26149, 350, 0, 0, 0
26249, 510, 0, 0, 0
26349, 450, 0, 0, 0
26449, 440, 0, 0, 0
26549, 550, 0, 0, 0
26650, 530, 0, 0, 0
26750, 530, 0, 0, 0
26850, 600, 0, 0, 0
26950, 510, 0, 0, 0
27050, 540, 0, 0, 0
27150, 610, 0, 0, 0
27249, 232, 0, 0, 0
27349, 400, 0, 0, 0
27449, 750, 0, 0, 0
27549, 550, 0, 0, 0
27649, 480, 0, 0, 0
27750, 550, 0, 0, 0
27850, 650, 0, 0, 0
27950, 410, 0, 0, 0
28050, 590, 0, 0, 0
28150, 400, 0, 0, 0
28249, 505, 0, 0, 0
28349, 430, 0, 0, 0
28449, 510, 0, 0, 0
28549, 510, 0, 0, 0
28649, 560, 0, 0, 0
28749, 450, 0, 0, 0
28850, 460, 0, 0, 0
28950, 370, 0, 0, 0
29050, 430, 0, 0, 0
29150, 540, 0, 0, 0
29249, 484, 0, 0, 0
29349, 370, 0, 0, 0
29449, 490, 0, 0, 0
29549, 460, 0, 0, 0
29649, 550, 0, 0, 0
29749, 390, 0, 0, 0
29850, 500, 0, 0, 0
29950, 510, 0, 0, 0
30050, 440, 0, 0, 0
30150, 660, 0, 0, 0
30249, 434, 0, 0, 0
30349, 480, 0, 0, 0
30449, 700, 0, 0, 0
30549, 460, 0, 0, 0
30649, 350, 0, 0, 0
30749, 450, 0, 0, 0
30849, 490, 0, 0, 0
30949, 570, 0, 0, 0
31050, 390, 0, 0, 0
31150, 560, 0, 0, 0
31249, 525, 0, 0, 0
31349, 500, 0, 0, 0
31449, 410, 0, 0, 0
31549, 520, 0, 0, 0
31649, 520, 0, 0, 0
31749, 310, 0, 0, 0
31849, 450, 0, 0, 0
31949, 500, 0, 0, 0
32050, 750, 0, 0, 0
32150, 490, 0, 0, 0
32249, 787, 0, 0, 0
32349, 450, 0, 0, 0
32449, 630, 0, 0, 0
32549, 530, 0, 0, 0
32649, 520, 0, 0, 0
32749, 590, 0, 0, 0
32849, 360, 0, 0, 0
32949, 810, 0, 0, 0
33049, 420, 0, 0, 0
33149, 720, 0, 0, 0
33250, 670, 0, 0, 0
33350, 630, 0, 0, 0
33450, 410, 0, 0, 0
33550, 420, 0, 0, 0
33650, 590, 0, 0, 0
33749, 474, 0, 0, 0
33849, 650, 0, 0, 0
33949, 460, 0, 0, 0
34049, 450, 0, 0, 0
34149, 590, 0, 0, 0
34249, 390, 0, 0, 0
34349, 380, 0, 0, 0
34450, 540, 0, 0, 0
34550, 460, 0, 0, 0
34650, 590, 0, 0, 0
34749, 484, 0, 0, 0
34849, 510, 0, 0, 0
34949, 640, 0, 0, 0
35049, 690, 0, 0, 0
35149, 280, 0, 0, 0
35249, 490, 0, 0, 0
35349, 540, 0, 0, 0
35449, 540, 0, 0, 0
35550, 550, 0, 0, 0
35650, 540, 0, 0, 0
35749, 434, 0, 0, 0
35849, 310, 0, 0, 0
35949, 570, 0, 0, 0
36049, 380, 0, 0, 0
36149, 540, 0, 0, 0
36249, 320, 0, 0, 0
36349, 510, 0, 0, 0
36449, 460, 0, 0, 0
36549, 570, 0, 0, 0
36649, 600, 0, 0, 0
36750, 590, 0, 0, 0
36850, 660, 0, 0, 0
36950, 660, 0, 0, 0
37050, 520, 0, 0, 0
37150, 700, 0, 0, 0
37249, 515, 0, 0, 0
37349, 580, 0, 0, 0
37449, 400, 0, 0, 0
37549, 420, 0, 0, 0
37649, 460, 0, 0, 0
37750, 570, 0, 0, 0
37850, 390, 0, 0, 0
37950, 400, 0, 0, 0
38050, 520, 0, 0, 0
38150, 600, 0, 0, 0
38249, 535, 0, 0, 0
38349, 270, 0, 0, 0
38449, 480, 0, 0, 0
38549, 700, 0, 0, 0
38649, 680, 0, 0, 0
38750, 750, 0, 0, 0
38850, 390, 0, 0, 0
38950, 370, 0, 0, 0
39050, 370, 0, 0, 0
39150, 560, 0, 0, 0
39249, 696, 0, 0, 0
39349, 720, 0, 0, 0
39449, 680, 0, 0, 0
39549, 470, 0, 0, 0
39649, 370, 0, 0, 0
39749, 480, 0, 0, 0
39849, 760, 0, 0, 0
39950, 570, 0, 0, 0
40050, 540, 0, 0, 0
40150, 380, 0, 0, 0
40249, 444, 0, 0, 0
40349, 810, 0, 0, 0
40449, 350, 0, 0, 0
40549, 330, 0, 0, 0
40649, 730, 0, 0, 0
40749, 340, 0, 0, 0
40849, 360, 0, 0, 0
40949, 430, 0, 0, 0
41050, 510, 0, 0, 0
41150, 480, 0, 0, 0
41249, 333, 0, 0, 0
41349, 500, 0, 0, 0
41449, 450, 0, 0, 0
41549, 420, 0, 0, 0
41649, 630, 0, 0, 0
41749, 770, 0, 0, 0
41849, 390, 0, 0, 0
41949, 700, 0, 0, 0
42049, 450, 0, 0, 0
42150, 230, 0, 0, 0
42250, 570, 0, 0, 0
42350, 380, 0, 0, 0
42450, 610, 0, 0, 0
42550, 430, 0, 0, 0
42650, 380, 0, 0, 0
42749, 505, 0, 0, 0
42849, 710, 0, 0, 0
42949, 640, 0, 0, 0
43049, 630, 0, 0, 0
43149, 750, 0, 0, 0
43250, 220, 0, 0, 0
43350, 440, 0, 0, 0
43450, 420, 0, 0, 0
43550, 710, 0, 0, 0
43650, 440, 0, 0, 0
43749, 484, 0, 0, 0
43849, 360, 0, 0, 0
43949, 480, 0, 0, 0
44049, 810, 0, 0, 0
44149, 240, 0, 0, 0
44250, 390, 0, 0, 0
44350, 590, 0, 0, 0
44450, 520, 0, 0, 0
44550, 390, 0, 0, 0
44650, 540, 0, 0, 0
44749, 565, 0, 0, 0
44849, 280, 0, 0, 0
44949, 570, 0, 0, 0
45049, 600, 0, 0, 0
45149, 520, 0, 0, 0
45250, 680, 0, 0, 0
45350, 410, 0, 0, 0
45450, 340, 0, 0, 0
45550, 410, 0, 0, 0
45650, 480, 0, 0, 0
45749, 393, 0, 0, 0
45849, 600, 0, 0, 0
45949, 550, 0, 0, 0
46049, 500, 0, 0, 0
46149, 610, 0, 0, 0
46250, 310, 0, 0, 0
46350, 450, 0, 0, 0
46450, 620, 0, 0, 0
46550, 480, 0, 0, 0
46650, 460, 0, 0, 0
46749, 575, 0, 0, 0
46849, 500, 0, 0, 0
46949, 400, 0, 0, 0
47049, 370, 0, 0, 0
47149, 550, 0, 0, 0
47249, 490, 0, 0, 0
47349, 610, 0, 0, 0
47450, 360, 0, 0, 0
47550, 400, 0, 0, 0
47650, 500, 0, 0, 0
47749, 696, 0, 0, 0
47849, 720, 0, 0, 0
47949, 260, 0, 0, 0
48049, 410, 0, 0, 0
48149, 610, 0, 0, 0
48249, 550, 0, 0, 0
48349, 630, 0, 0, 0
48449, 560, 0, 0, 0
48550, 640, 0, 0, 0
48650, 430, 0, 0, 0
48749, 505, 0, 0, 0
48849, 370, 0, 0, 0
48949, 720, 0, 0, 0
49049, 330, 0, 0, 0
49149, 440, 0, 0, 0
49249, 530, 0, 0, 0
49349, 570, 0, 0, 0
49449, 510, 0, 0, 0
49549, 530, 0, 0, 0
49649, 570, 0, 0, 0
49750, 530, 0, 0, 0
49850, 670, 0, 0, 0
49950, 640, 0, 0, 0
50050, 400, 0, 0, 0
50150, 550, 0, 0, 0
50249, 636, 0, 0, 0
50349, 590, 0, 0, 0
50449, 760, 0, 0, 0
50549, 740, 0, 0, 0
50649, 610, 0, 0, 0
50750, 610, 0, 0, 0
50850, 410, 0, 0, 0
50950, 510, 0, 0, 0
51050, 570, 0, 0, 0
51150, 620, 0, 0, 0
51249, 696, 0, 0, 0
51349, 350, 0, 0, 0
51449, 510, 0, 0, 0
51549, 390, 0, 0, 0
51649, 390, 0, 0, 0
51749, 480, 0, 0, 0
51849, 590, 0, 0, 0
51950, 510, 0, 0, 0
52050, 430, 0, 0, 0
52150, 400, 0, 0, 0
52249, 585, 0, 0, 0
52349, 360, 0, 0, 0
52449, 420, 0, 0, 0
52549, 490, 0, 0, 0
52649, 700, 0, 0, 0
52749, 510, 0, 0, 0
52849, 570, 0, 0, 0
52949, 510, 0, 0, 0
53050, 350, 0, 0, 0
53150, 500, 0, 0, 0
53249, 565, 0, 0, 0
53349, 430, 0, 0, 0
53449, 210, 0, 0, 0
53549, 510, 0, 0, 0
53649, 410, 0, 0, 0
53749, 500, 0, 0, 0
53849, 510, 0, 0, 0
53949, 520, 0, 0, 0
54050, 420, 0, 0, 0
54150, 580, 0, 0, 0
54249, 373, 0, 0, 0
54349, 340, 0, 0, 0
54449, 510, 0, 0, 0
54549, 410, 0, 0, 0
54649, 490, 0, 0, 0
54749, 490, 0, 0, 0
54849, 780, 0, 0, 0
54949, 500, 0, 0, 0
55049, 510, 0, 0, 0
55150, 410, 0, 0, 0
55250, 450, 0, 0, 0
55350, 620, 0, 0, 0
55450, 780, 0, 0, 0
55550, 460, 0, 0, 0
55650, 140, 0, 0, 0
55749, 242, 0, 0, 0
55849, 430, 0, 0, 0
55949, 380, 0, 0, 0
56049, 450, 0, 0, 0
56150, 350, 0, 0, 0
56250, 410, 0, 0, 0
56350, 530, 0, 0, 0
56450, 550, 0, 0, 0
56550, 200, 0, 0, 0
56650, 490, 0, 0, 0
56749, 575, 0, 0, 0
56849, 360, 0, 0, 0
56949, 520, 0, 0, 0
57049, 440, 0, 0, 0
57149, 470, 0, 0, 0
57250, 530, 0, 0, 0
57350, 620, 0, 0, 0
57450, 380, 0, 0, 0
57550, 730, 0, 0, 0
57650, 340, 0, 0, 0
57749, 393, 0, 0, 0
57849, 610, 0, 0, 0
57949, 310, 0, 0, 0
58049, 450, 0, 0, 0
58149, 400, 0, 0, 0
58249, 470, 0, 0, 0
58349, 440, 0, 0, 0
58450, 570, 0, 0, 0
58550, 480, 0, 0, 0
58650, 490, 0, 0, 0
58749, 636, 0, 0, 0
58849, 320, 0, 0, 0
58949, 360, 0, 0, 0
59049, 550, 0, 0, 0
59149, 440, 0, 0, 0
59249, 750, 0, 0, 0
59349, 460, 0, 0, 0
59450, 560, 0, 0, 0
59550, 500, 0, 0, 0
59650, 690, 0, 0, 0
59749, 404, 0, 0, 0
59849, 340, 0, 0, 0
59949, 420, 0, 0, 0
60049, 410, 0, 0, 0
