250, 233472, 0, 0, 0
350, 168960, 0, 0, 0
450, 291840, 0, 0, 0
550, 245760, 0, 0, 0
650, 337920, 0, 0, 0
749, 263757, 0, 0, 0
849, 245760, 0, 0, 0
949, 337920, 0, 0, 0
1049, 245760, 0, 0, 0
1149, 261120, 0, 0, 0
1250, 307200, 0, 0, 0
1350, 245760, 0, 0, 0
1450, 245760, 0, 0, 0
1550, 261120, 0, 0, 0
1650, 261120, 0, 0, 0
1749, 263757, 0, 0, 0
1849, 276480, 0, 0, 0
1949, 261120, 0, 0, 0
2049, 307200, 0, 0, 0
2149, 230400, 0, 0, 0
2249, 261120, 0, 0, 0
2349, 261120, 0, 0, 0
2449, 245760, 0, 0, 0
2550, 261120, 0, 0, 0
2650, 245760, 0, 0, 0
2749, 201696, 0, 0, 0
2849, 230400, 0, 0, 0
2949, 307200, 0, 0, 0
3049, 276480, 0, 0, 0
3149, 230400, 0, 0, 0
3249, 215040, 0, 0, 0
3349, 245760, 0, 0, 0
3449, 276480, 0, 0, 0
3550, 384000, 0, 0, 0
3650, 230400, 0, 0, 0
3749, 279272, 0, 0, 0
3849, 230400, 0, 0, 0
3949, 261120, 0, 0, 0
4049, 261120, 0, 0, 0
4149, 261120, 0, 0, 0
4249, 276480, 0, 0, 0
4349, 291840, 0, 0, 0
4449, 184320, 0, 0, 0
4550, 261120, 0, 0, 0
4650, 245760, 0, 0, 0
4749, 248242, 0, 0, 0
4849, 291840, 0, 0, 0
4949, 307200, 0, 0, 0
5049, 245760, 0, 0, 0
5149, 215040, 0, 0, 0
5249, 291840, 0, 0, 0
5349, 276480, 0, 0, 0
5449, 307200, 0, 0, 0
5550, 261120, 0, 0, 0
5650, 199680, 0, 0, 0
5749, 279272, 0, 0, 0
5849, 245760, 0, 0, 0
5949, 307200, 0, 0, 0
6049, 215040, 0, 0, 0
6149, 184320, 0, 0, 0
6249, 276480, 0, 0, 0
6349, 276480, 0, 0, 0
6449, 307200, 0, 0, 0
6549, 291840, 0, 0, 0
6650, 261120, 0, 0, 0
6749, 279272, 0, 0, 0
6849, 245760, 0, 0, 0
6949, 276480, 0, 0, 0
7049, 245760, 0, 0, 0
7149, 337920, 0, 0, 0
7249, 276480, 0, 0, 0
7349, 215040, 0, 0, 0
7449, 261120, 0, 0, 0
7549, 353280, 0, 0, 0
7649, 215040, 0, 0, 0
7750, 337920, 0, 0, 0
7850, 291840, 0, 0, 0
7950, 230400, 0, 0, 0
8050, 230400, 0, 0, 0
8150, 261120, 0, 0, 0
8249, 248242, 0, 0, 0
8349, 184320, 0, 0, 0
8449, 215040, 0, 0, 0
8549, 215040, 0, 0, 0
8649, 261120, 0, 0, 0
8750, 307200, 0, 0, 0
8850, 230400, 0, 0, 0
8950, 215040, 0, 0, 0
9050, 261120, 0, 0, 0
9150, 322560, 0, 0, 0
9249, 217212, 0, 0, 0
9349, 245760, 0, 0, 0
9449, 276480, 0, 0, 0
9549, 322560, 0, 0, 0
9649, 245760, 0, 0, 0
9749, 184320, 0, 0, 0
9850, 245760, 0, 0, 0
9950, 261120, 0, 0, 0
10050, 276480, 0, 0, 0
10150, 261120, 0, 0, 0
10249, 217212, 0, 0, 0
10349, 199680, 0, 0, 0
10449, 245760, 0, 0, 0
10549, 230400, 0, 0, 0
10649, 215040, 0, 0, 0
10750, 230400, 0, 0, 0
10850, 245760, 0, 0, 0
10950, 245760, 0, 0, 0
11050, 261120, 0, 0, 0
11150, 261120, 0, 0, 0
11249, 294787, 0, 0, 0
11349, 261120, 0, 0, 0
11449, 291840, 0, 0, 0
11549, 322560, 0, 0, 0
11649, 245760, 0, 0, 0
11749, 291840, 0, 0, 0
11849, 307200, 0, 0, 0
11949, 261120, 0, 0, 0
12050, 230400, 0, 0, 0
12150, 230400, 0, 0, 0
12249, 294787, 0, 0, 0
12349, 261120, 0, 0, 0
12449, 276480, 0, 0, 0
12549, 276480, 0, 0, 0
12649, 291840, 0, 0, 0
12749, 276480, 0, 0, 0
12849, 261120, 0, 0, 0
12949, 230400, 0, 0, 0
13050, 230400, 0, 0, 0
13150, 307200, 0, 0, 0
13249, 248242, 0, 0, 0
13349, 307200, 0, 0, 0
13449, 245760, 0, 0, 0
13549, 276480, 0, 0, 0
13649, 245760, 0, 0, 0
13749, 276480, 0, 0, 0
13849, 230400, 0, 0, 0
13949, 276480, 0, 0, 0
14050, 230400, 0, 0, 0
14150, 291840, 0, 0, 0
14249, 217212, 0, 0, 0
14349, 230400, 0, 0, 0
14449, 261120, 0, 0, 0
14549, 276480, 0, 0, 0
14649, 307200, 0, 0, 0
14749, 261120, 0, 0, 0
14849, 322560, 0, 0, 0
14949, 276480, 0, 0, 0
15049, 261120, 0, 0, 0
15149, 276480, 0, 0, 0
15250, 276480, 0, 0, 0
15350, 230400, 0, 0, 0
15450, 291840, 0, 0, 0
15550, 230400, 0, 0, 0
15650, 261120, 0, 0, 0
15749, 279272, 0, 0, 0
15849, 307200, 0, 0, 0
15949, 337920, 0, 0, 0
16049, 230400, 0, 0, 0
16149, 276480, 0, 0, 0
16249, 245760, 0, 0, 0
16349, 215040, 0, 0, 0
16450, 322560, 0, 0, 0
16550, 245760, 0, 0, 0
16650, 291840, 0, 0, 0
16749, 248242, 0, 0, 0
16849, 215040, 0, 0, 0
16949, 230400, 0, 0, 0
17049, 215040, 0, 0, 0
17149, 215040, 0, 0, 0
17249, 245760, 0, 0, 0
17349, 276480, 0, 0, 0
17449, 276480, 0, 0, 0
17550, 245760, 0, 0, 0
17650, 276480, 0, 0, 0
17749, 325818, 0, 0, 0
17849, 215040, 0, 0, 0
17949, 230400, 0, 0, 0
18049, 184320, 0, 0, 0
18149, 322560, 0, 0, 0
18249, 291840, 0, 0, 0
18349, 199680, 0, 0, 0
18449, 307200, 0, 0, 0
18549, 291840, 0, 0, 0
18649, 291840, 0, 0, 0
18750, 276480, 0, 0, 0
18850, 215040, 0, 0, 0
18950, 291840, 0, 0, 0
19050, 337920, 0, 0, 0
19150, 276480, 0, 0, 0
19249, 325818, 0, 0, 0
19349, 230400, 0, 0, 0
19449, 307200, 0, 0, 0
19549, 276480, 0, 0, 0
19649, 337920, 0, 0, 0
19750, 215040, 0, 0, 0
19850, 276480, 0, 0, 0
19950, 322560, 0, 0, 0
20050, 261120, 0, 0, 0
20150, 276480, 0, 0, 0
20249, 279272, 0, 0, 0
20349, 245760, 0, 0, 0
20449, 261120, 0, 0, 0
20549, 245760, 0, 0, 0
20649, 245760, 0, 0, 0
20749, 261120, 0, 0, 0
20850, 276480, 0, 0, 0
20950, 199680, 0, 0, 0
21050, 291840, 0, 0, 0
21150, 322560, 0, 0, 0
21249, 310303, 0, 0, 0
21349, 276480, 0, 0, 0
21449, 199680, 0, 0, 0
21549, 261120, 0, 0, 0
21649, 261120, 0, 0, 0
21749, 215040, 0, 0, 0
21849, 261120, 0, 0, 0
21949, 276480, 0, 0, 0
22050, 261120, 0, 0, 0
22150, 261120, 0, 0, 0
22249, 201696, 0, 0, 0
22349, 276480, 0, 0, 0
22449, 261120, 0, 0, 0
22549, 261120, 0, 0, 0
22649, 199680, 0, 0, 0
22749, 384000, 0, 0, 0
22849, 307200, 0, 0, 0
22949, 276480, 0, 0, 0
23050, 245760, 0, 0, 0
23150, 261120, 0, 0, 0
23249, 294787, 0, 0, 0
23349, 276480, 0, 0, 0
23449, 261120, 0, 0, 0
23549, 307200, 0, 0, 0
23649, 199680, 0, 0, 0
23749, 291840, 0, 0, 0
23849, 337920, 0, 0, 0
23949, 353280, 0, 0, 0
24049, 261120, 0, 0, 0
24150, 230400, 0, 0, 0
24249, 248242, 0, 0, 0
24349, 291840, 0, 0, 0
24449, 276480, 0, 0, 0
24549, 322560, 0, 0, 0
24649, 261120, 0, 0, 0
24749, 245760, 0, 0, 0
24849, 215040, 0, 0, 0
24949, 322560, 0, 0, 0
25049, 276480, 0, 0, 0
25149, 291840, 0, 0, 0
25250, 184320, 0, 0, 0
25350, 215040, 0, 0, 0
25450, 199680, 0, 0, 0
25550, 276480, 0, 0, 0
25650, 261120, 0, 0, 0
25749, 372363, 0, 0, 0
25849, 230400, 0, 0, 0
25949, 230400, 0, 0, 0
26049, 230400, 0, 0, 0
26149, 322560, 0, 0, 0
26250, 215040, 0, 0, 0
26350, 307200, 0, 0, 0
26450, 261120, 0, 0, 0
26550, 322560, 0, 0, 0
26650, 261120, 0, 0, 0
26749, 294787, 0, 0, 0
26849, 245760, 0, 0, 0
26949, 307200, 0, 0, 0
27049, 230400, 0, 0, 0
27149, 168960, 0, 0, 0
27249, 199680, 0, 0, 0
27350, 199680, 0, 0, 0
27450, 261120, 0, 0, 0
27550, 322560, 0, 0, 0
27650, 291840, 0, 0, 0
27749, 294787, 0, 0, 0
27849, 291840, 0, 0, 0
27949, 276480, 0, 0, 0
28049, 245760, 0, 0, 0
28149, 230400, 0, 0, 0
28249, 276480, 0, 0, 0
28349, 276480, 0, 0, 0
28450, 199680, 0, 0, 0
28550, 199680, 0, 0, 0
28650, 337920, 0, 0, 0
28749, 201696, 0, 0, 0
28849, 276480, 0, 0, 0
28949, 230400, 0, 0, 0
29049, 261120, 0, 0, 0
29149, 291840, 0, 0, 0
29250, 245760, 0, 0, 0
29350, 291840, 0, 0, 0
29450, 307200, 0, 0, 0
29550, 261120, 0, 0, 0
29650, 230400, 0, 0, 0
29749, 263757, 0, 0, 0
29849, 276480, 0, 0, 0
29949, 291840, 0, 0, 0
30049, 322560, 0, 0, 0
30149, 215040, 0, 0, 0
30249, 245760, 0, 0, 0
30349, 261120, 0, 0, 0
30450, 276480, 0, 0, 0
30550, 307200, 0, 0, 0
30650, 291840, 0, 0, 0
30749, 294787, 0, 0, 0
30849, 276480, 0, 0, 0
30949, 291840, 0, 0, 0
31049, 322560, 0, 0, 0
31149, 245760, 0, 0, 0
31249, 245760, 0, 0, 0
31349, 291840, 0, 0, 0
31449, 261120, 0, 0, 0
31550, 261120, 0, 0, 0
31650, 215040, 0, 0, 0
31749, 248242, 0, 0, 0
31849, 276480, 0, 0, 0
31949, 261120, 0, 0, 0
32049, 276480, 0, 0, 0
32149, 168960, 0, 0, 0
32249, 261120, 0, 0, 0
32349, 276480, 0, 0, 0
32449, 245760, 0, 0, 0
32549, 230400, 0, 0, 0
32650, 230400, 0, 0, 0
32749, 217212, 0, 0, 0
32849, 307200, 0, 0, 0
32949, 261120, 0, 0, 0
33049, 230400, 0, 0, 0
33149, 230400, 0, 0, 0
33249, 230400, 0, 0, 0
33349, 276480, 0, 0, 0
33449, 261120, 0, 0, 0
33549, 215040, 0, 0, 0
33649, 261120, 0, 0, 0
33750, 184320, 0, 0, 0
33850, 261120, 0, 0, 0
33950, 199680, 0, 0, 0
34050, 215040, 0, 0, 0
34150, 230400, 0, 0, 0
34249, 201696, 0, 0, 0
34349, 230400, 0, 0, 0
34449, 337920, 0, 0, 0
34549, 230400, 0, 0, 0
34649, 199680, 0, 0, 0
34749, 230400, 0, 0, 0
34850, 245760, 0, 0, 0
34950, 291840, 0, 0, 0
35050, 245760, 0, 0, 0
35150, 276480, 0, 0, 0
35249, 232727, 0, 0, 0
35349, 291840, 0, 0, 0
35449, 230400, 0, 0, 0
35549, 276480, 0, 0, 0
35649, 261120, 0, 0, 0
35749, 276480, 0, 0, 0
35849, 261120, 0, 0, 0
35950, 322560, 0, 0, 0
36050, 261120, 0, 0, 0
36150, 291840, 0, 0, 0
36249, 263757, 0, 0, 0
36349, 230400, 0, 0, 0
36449, 276480, 0, 0, 0
36549, 199680, 0, 0, 0
36649, 261120, 0, 0, 0
36749, 215040, 0, 0, 0
36849, 199680, 0, 0, 0
36949, 291840, 0, 0, 0
37050, 276480, 0, 0, 0
37150, 245760, 0, 0, 0
37249, 232727, 0, 0, 0
37349, 230400, 0, 0, 0
37449, 322560, 0, 0, 0
37549, 199680, 0, 0, 0
37649, 291840, 0, 0, 0
37749, 322560, 0, 0, 0
37849, 215040, 0, 0, 0
37949, 276480, 0, 0, 0
38050, 245760, 0, 0, 0
38150, 261120, 0, 0, 0
38249, 325818, 0, 0, 0
38349, 291840, 0, 0, 0
38449, 245760, 0, 0, 0
38549, 230400, 0, 0, 0
38649, 215040, 0, 0, 0
38749, 261120, 0, 0, 0
38849, 245760, 0, 0, 0
38949, 261120, 0, 0, 0
39049, 276480, 0, 0, 0
39149, 245760, 0, 0, 0
39250, 307200, 0, 0, 0
39350, 245760, 0, 0, 0
39450, 276480, 0, 0, 0
39550, 245760, 0, 0, 0
39650, 245760, 0, 0, 0
39749, 248242, 0, 0, 0
39849, 184320, 0, 0, 0
39949, 230400, 0, 0, 0
40049, 276480, 0, 0, 0
40149, 261120, 0, 0, 0
40250, 261120, 0, 0, 0
40350, 261120, 0, 0, 0
40450, 261120, 0, 0, 0
40550, 245760, 0, 0, 0
40650, 261120, 0, 0, 0
40749, 279272, 0, 0, 0
40849, 261120, 0, 0, 0
40949, 307200, 0, 0, 0
41049, 245760, 0, 0, 0
41149, 230400, 0, 0, 0
41250, 261120, 0, 0, 0
41350, 307200, 0, 0, 0
41450, 199680, 0, 0, 0
41550, 199680, 0, 0, 0
41650, 276480, 0, 0, 0
41749, 279272, 0, 0, 0
41849, 230400, 0, 0, 0
41949, 199680, 0, 0, 0
42049, 291840, 0, 0, 0
42149, 261120, 0, 0, 0
42250, 276480, 0, 0, 0
42350, 215040, 0, 0, 0
42450, 291840, 0, 0, 0
42550, 261120, 0, 0, 0
42650, 230400, 0, 0, 0
42749, 170666, 0, 0, 0
42849, 276480, 0, 0, 0
42949, 337920, 0, 0, 0
43049, 245760, 0, 0, 0
43149, 245760, 0, 0, 0
43249, 291840, 0, 0, 0
43349, 230400, 0, 0, 0
43449, 245760, 0, 0, 0
43550, 245760, 0, 0, 0
43650, 230400, 0, 0, 0
43749, 248242, 0, 0, 0
43849, 261120, 0, 0, 0
43949, 245760, 0, 0, 0
44049, 230400, 0, 0, 0
44149, 245760, 0, 0, 0
44249, 307200, 0, 0, 0
44349, 230400, 0, 0, 0
44449, 307200, 0, 0, 0
44550, 261120, 0, 0, 0
44650, 276480, 0, 0, 0
44749, 263757, 0, 0, 0
44849, 230400, 0, 0, 0
44949, 245760, 0, 0, 0
45049, 215040, 0, 0, 0
45149, 245760, 0, 0, 0
45249, 261120, 0, 0, 0
45349, 245760, 0, 0, 0
45449, 199680, 0, 0, 0
45550, 230400, 0, 0, 0
45650, 291840, 0, 0, 0
45749, 294787, 0, 0, 0
45849, 261120, 0, 0, 0
45949, 261120, 0, 0, 0
46049, 291840, 0, 0, 0
46149, 230400, 0, 0, 0
46249, 337920, 0, 0, 0
46349, 215040, 0, 0, 0
46449, 276480, 0, 0, 0
46549, 215040, 0, 0, 0
46649, 199680, 0, 0, 0
46750, 215040, 0, 0, 0
46850, 199680, 0, 0, 0
46950, 245760, 0, 0, 0
47050, 168960, 0, 0, 0
47150, 215040, 0, 0, 0
47249, 263757, 0, 0, 0
47349, 307200, 0, 0, 0
47449, 245760, 0, 0, 0
47549, 230400, 0, 0, 0
47649, 368640, 0, 0, 0
47749, 307200, 0, 0, 0
47850, 245760, 0, 0, 0
47950, 245760, 0, 0, 0
48050, 276480, 0, 0, 0
48150, 245760, 0, 0, 0
48249, 232727, 0, 0, 0
48349, 230400, 0, 0, 0
48449, 245760, 0, 0, 0
48549, 276480, 0, 0, 0
48649, 276480, 0, 0, 0
48749, 215040, 0, 0, 0
48849, 276480, 0, 0, 0
48950, 245760, 0, 0, 0
49050, 215040, 0, 0, 0
49150, 230400, 0, 0, 0
49249, 263757, 0, 0, 0
49349, 291840, 0, 0, 0
49449, 276480, 0, 0, 0
49549, 230400, 0, 0, 0
49649, 168960, 0, 0, 0
49749, 245760, 0, 0, 0
49849, 245760, 0, 0, 0
49949, 261120, 0, 0, 0
50050, 276480, 0, 0, 0
50150, 230400, 0, 0, 0
50249, 232727, 0, 0, 0
50349, 230400, 0, 0, 0
50449, 245760, 0, 0, 0
50549, 322560, 0, 0, 0
50649, 261120, 0, 0, 0
50749, 261120, 0, 0, 0
50849, 261120, 0, 0, 0
50949, 230400, 0, 0, 0
51049, 230400, 0, 0, 0
51150, 276480, 0, 0, 0
51249, 248242, 0, 0, 0
51349, 215040, 0, 0, 0
51449, 184320, 0, 0, 0
51549, 215040, 0, 0, 0
51649, 261120, 0, 0, 0
51749, 199680, 0, 0, 0
51849, 215040, 0, 0, 0
51949, 215040, 0, 0, 0
52049, 276480, 0, 0, 0
52149, 215040, 0, 0, 0
52250, 230400, 0, 0, 0
52350, 168960, 0, 0, 0
52450, 230400, 0, 0, 0
52550, 261120, 0, 0, 0
52650, 245760, 0, 0, 0
52749, 248242, 0, 0, 0
52849, 276480, 0, 0, 0
52949, 245760, 0, 0, 0
53049, 276480, 0, 0, 0
53149, 245760, 0, 0, 0
53249, 322560, 0, 0, 0
53350, 322560, 0, 0, 0
53450, 245760, 0, 0, 0
53550, 199680, 0, 0, 0
53650, 230400, 0, 0, 0
53749, 279272, 0, 0, 0
53849, 215040, 0, 0, 0
53949, 261120, 0, 0, 0
54049, 215040, 0, 0, 0
54149, 215040, 0, 0, 0
54249, 199680, 0, 0, 0
54349, 245760, 0, 0, 0
54450, 230400, 0, 0, 0
54550, 261120, 0, 0, 0
54650, 199680, 0, 0, 0
54749, 186181, 0, 0, 0
54849, 261120, 0, 0, 0
54949, 199680, 0, 0, 0
55049, 261120, 0, 0, 0
55149, 245760, 0, 0, 0
55249, 291840, 0, 0, 0
55349, 215040, 0, 0, 0
55449, 245760, 0, 0, 0
55550, 307200, 0, 0, 0
55650, 245760, 0, 0, 0
55749, 248242, 0, 0, 0
55849, 184320, 0, 0, 0
55949, 245760, 0, 0, 0
56049, 245760, 0, 0, 0
56149, 245760, 0, 0, 0
56249, 230400, 0, 0, 0
56349, 215040, 0, 0, 0
56450, 276480, 0, 0, 0
56550, 261120, 0, 0, 0
56650, 291840, 0, 0, 0
56749, 232727, 0, 0, 0
56849, 215040, 0, 0, 0
56949, 230400, 0, 0, 0
57049, 261120, 0, 0, 0
57149, 168960, 0, 0, 0
57249, 230400, 0, 0, 0
57349, 230400, 0, 0, 0
57450, 215040, 0, 0, 0
57550, 245760, 0, 0, 0
57650, 215040, 0, 0, 0
57749, 217212, 0, 0, 0
57849, 261120, 0, 0, 0
57949, 215040, 0, 0, 0
58049, 215040, 0, 0, 0
58149, 184320, 0, 0, 0
58249, 261120, 0, 0, 0
58349, 199680, 0, 0, 0
58449, 230400, 0, 0, 0
58550, 230400, 0, 0, 0
58650, 215040, 0, 0, 0
58749, 201696, 0, 0, 0
58849, 184320, 0, 0, 0
58949, 230400, 0, 0, 0
59049, 215040, 0, 0, 0
59149, 199680, 0, 0, 0
59249, 245760, 0, 0, 0
59349, 215040, 0, 0, 0
59449, 261120, 0, 0, 0
59550, 215040, 0, 0, 0
59650, 245760, 0, 0, 0
59749, 217212, 0, 0, 0
59849, 276480, 0, 0, 0
59949, 215040, 0, 0, 0
