100, 6642, 0, 0, 0
201, 6096, 0, 0, 0
300, 6455, 0, 0, 0
400, 5981, 0, 0, 0
501, 6089, 0, 0, 0
601, 6167, 0, 0, 0
707, 6604, 0, 0, 0
803, 6160, 0, 0, 0
900, 6054, 0, 0, 0
1001, 6114, 0, 0, 0
1100, 6019, 0, 0, 0
1201, 6610, 0, 0, 0
1300, 6186, 0, 0, 0
1401, 6072, 0, 0, 0
1512, 5716, 0, 0, 0
1602, 6347, 0, 0, 0
1702, 6050, 0, 0, 0
1800, 6009, 0, 0, 0
1900, 5882, 0, 0, 0
2007, 6292, 0, 0, 0
2101, 6421, 0, 0, 0
2201, 7168, 0, 0, 0
2301, 6559, 0, 0, 0
2404, 6649, 0, 0, 0
2501, 6231, 0, 0, 0
2600, 5758, 0, 0, 0
2701, 6067, 0, 0, 0
2810, 6942, 0, 0, 0
2900, 6386, 0, 0, 0
3000, 6821, 0, 0, 0
3101, 6308, 0, 0, 0
3203, 6433, 0, 0, 0
3300, 5650, 0, 0, 0
3400, 6025, 0, 0, 0
3501, 5678, 0, 0, 0
3600, 5877, 0, 0, 0
3701, 6174, 0, 0, 0
3800, 6281, 0, 0, 0
3903, 6620, 0, 0, 0
4000, 5926, 0, 0, 0
4102, 6273, 0, 0, 0
4200, 6192, 0, 0, 0
4300, 6041, 0, 0, 0
4400, 6089, 0, 0, 0
4500, 6361, 0, 0, 0
4600, 6130, 0, 0, 0
4700, 6327, 0, 0, 0
4800, 6647, 0, 0, 0
4901, 6508, 0, 0, 0
5000, 6408, 0, 0, 0
5101, 6753, 0, 0, 0
5202, 7060, 0, 0, 0
5311, 7785, 0, 0, 0
5400, 6620, 0, 0, 0
5500, 6060, 0, 0, 0
5601, 6320, 0, 0, 0
5702, 6296, 0, 0, 0
5800, 7126, 0, 0, 0
5900, 5852, 0, 0, 0
6002, 6473, 0, 0, 0
6100, 6211, 0, 0, 0
6200, 6171, 0, 0, 0
6301, 5949, 0, 0, 0
6402, 6459, 0, 0, 0
6500, 6219, 0, 0, 0
6620, 6509, 0, 0, 0
6700, 6784, 0, 0, 0
6800, 5846, 0, 0, 0
6901, 5869, 0, 0, 0
7000, 6504, 0, 0, 0
7100, 5639, 0, 0, 0
7200, 6187, 0, 0, 0
7307, 6464, 0, 0, 0
7400, 6234, 0, 0, 0
7503, 6118, 0, 0, 0
7604, 6578, 0, 0, 0
7700, 6099, 0, 0, 0
7802, 5780, 0, 0, 0
7900, 6009, 0, 0, 0
8002, 6313, 0, 0, 0
8100, 6439, 0, 0, 0
8200, 6504, 0, 0, 0
8301, 6374, 0, 0, 0
8400, 6410, 0, 0, 0
8501, 7107, 0, 0, 0
8601, 6343, 0, 0, 0
8701, 6642, 0, 0, 0
8801, 6357, 0, 0, 0
8900, 6371, 0, 0, 0
9001, 6278, 0, 0, 0
9100, 6206, 0, 0, 0
9201, 6604, 0, 0, 0
9301, 6965, 0, 0, 0
9402, 5423, 0, 0, 0
9500, 6302, 0, 0, 0
9605, 6281, 0, 0, 0
9700, 6177, 0, 0, 0
9800, 6262, 0, 0, 0
9900, 6352, 0, 0, 0
10000, 6364, 0, 0, 0
10100, 6352, 0, 0, 0
10200, 5970, 0, 0, 0
10302, 5507, 0, 0, 0
10400, 6338, 0, 0, 0
10502, 6935, 0, 0, 0
10601, 6595, 0, 0, 0
10701, 6263, 0, 0, 0
10800, 6196, 0, 0, 0
10902, 5948, 0, 0, 0
11001, 6221, 0, 0, 0
11100, 6095, 0, 0, 0
11202, 6805, 0, 0, 0
11300, 6781, 0, 0, 0
11401, 6313, 0, 0, 0
11501, 6734, 0, 0, 0
11611, 6687, 0, 0, 0
11701, 5843, 0, 0, 0
11802, 6223, 0, 0, 0
11905, 7083, 0, 0, 0
12000, 5717, 0, 0, 0
12100, 5894, 0, 0, 0
12201, 5921, 0, 0, 0
12300, 6544, 0, 0, 0
12400, 5986, 0, 0, 0
12501, 5927, 0, 0, 0
12605, 6375, 0, 0, 0
12701, 6568, 0, 0, 0
12800, 5648, 0, 0, 0
12900, 5800, 0, 0, 0
13001, 6470, 0, 0, 0
13104, 6306, 0, 0, 0
13202, 6391, 0, 0, 0
13300, 6003, 0, 0, 0
13402, 6096, 0, 0, 0
13500, 6067, 0, 0, 0
13600, 6008, 0, 0, 0
13700, 6661, 0, 0, 0
13800, 6382, 0, 0, 0
13901, 6193, 0, 0, 0
14001, 5916, 0, 0, 0
14102, 5746, 0, 0, 0
14202, 5894, 0, 0, 0
14300, 6108, 0, 0, 0
14400, 6339, 0, 0, 0
14500, 6725, 0, 0, 0
14601, 6486, 0, 0, 0
14708, 6628, 0, 0, 0
14802, 5778, 0, 0, 0
14908, 6758, 0, 0, 0
15000, 6129, 0, 0, 0
15103, 6206, 0, 0, 0
15204, 6656, 0, 0, 0
15300, 5900, 0, 0, 0
15401, 6492, 0, 0, 0
15501, 6864, 0, 0, 0
15600, 6688, 0, 0, 0
15700, 6144, 0, 0, 0
15800, 6255, 0, 0, 0
15900, 6192, 0, 0, 0
16012, 6477, 0, 0, 0
16100, 5660, 0, 0, 0
16212, 6603, 0, 0, 0
16300, 6033, 0, 0, 0
16400, 6685, 0, 0, 0
16501, 6021, 0, 0, 0
16601, 5918, 0, 0, 0
16701, 5875, 0, 0, 0
16800, 5891, 0, 0, 0
16902, 6007, 0, 0, 0
17001, 5983, 0, 0, 0
17103, 6115, 0, 0, 0
17200, 5607, 0, 0, 0
17301, 6165, 0, 0, 0
17402, 5852, 0, 0, 0
17500, 5865, 0, 0, 0
17601, 6076, 0, 0, 0
17713, 6962, 0, 0, 0
17803, 6452, 0, 0, 0
17900, 6385, 0, 0, 0
18003, 5671, 0, 0, 0
18106, 6302, 0, 0, 0
18200, 6344, 0, 0, 0
18300, 5954, 0, 0, 0
18405, 6243, 0, 0, 0
18500, 6824, 0, 0, 0
18601, 6280, 0, 0, 0
18700, 6201, 0, 0, 0
18802, 6635, 0, 0, 0
18900, 5689, 0, 0, 0
19004, 6271, 0, 0, 0
19100, 6348, 0, 0, 0
19200, 5759, 0, 0, 0
19300, 6663, 0, 0, 0
19401, 6270, 0, 0, 0
19500, 5942, 0, 0, 0
19600, 6113, 0, 0, 0
19701, 6005, 0, 0, 0
19802, 6772, 0, 0, 0
19902, 6768, 0, 0, 0
20000, 6853, 0, 0, 0
20104, 6616, 0, 0, 0
20201, 6398, 0, 0, 0
20301, 6043, 0, 0, 0
20400, 5772, 0, 0, 0
20500, 5964, 0, 0, 0
20600, 5932, 0, 0, 0
20703, 6940, 0, 0, 0
20805, 6617, 0, 0, 0
20900, 6108, 0, 0, 0
21000, 5531, 0, 0, 0
21100, 5702, 0, 0, 0
21200, 6323, 0, 0, 0
21310, 5731, 0, 0, 0
21400, 6222, 0, 0, 0
21502, 6124, 0, 0, 0
21600, 5724, 0, 0, 0
21700, 6534, 0, 0, 0
21810, 6385, 0, 0, 0
21905, 5939, 0, 0, 0
22004, 5974, 0, 0, 0
22100, 5722, 0, 0, 0
22206, 5792, 0, 0, 0
22306, 6704, 0, 0, 0
22400, 6668, 0, 0, 0
22500, 5504, 0, 0, 0
22600, 5421, 0, 0, 0
22701, 5765, 0, 0, 0
22800, 6014, 0, 0, 0
22901, 6290, 0, 0, 0
23001, 6084, 0, 0, 0
23111, 6051, 0, 0, 0
23207, 5795, 0, 0, 0
23301, 6175, 0, 0, 0
23400, 5629, 0, 0, 0
23503, 5469, 0, 0, 0
23608, 5999, 0, 0, 0
23701, 6574, 0, 0, 0
23800, 5720, 0, 0, 0
23900, 6955, 0, 0, 0
24002, 6570, 0, 0, 0
24101, 6405, 0, 0, 0
24202, 6352, 0, 0, 0
24300, 6223, 0, 0, 0
24402, 6250, 0, 0, 0
24500, 5888, 0, 0, 0
24600, 6178, 0, 0, 0
24701, 6159, 0, 0, 0
24806, 6333, 0, 0, 0
24900, 5920, 0, 0, 0
25000, 6041, 0, 0, 0
25103, 5904, 0, 0, 0
25200, 6165, 0, 0, 0
25300, 5732, 0, 0, 0
25400, 5730, 0, 0, 0
25500, 5313, 0, 0, 0
25601, 5837, 0, 0, 0
25702, 5883, 0, 0, 0
25800, 6040, 0, 0, 0
25902, 6423, 0, 0, 0
26002, 6041, 0, 0, 0
26101, 6058, 0, 0, 0
26200, 5867, 0, 0, 0
26306, 6048, 0, 0, 0
26400, 6216, 0, 0, 0
26500, 6136, 0, 0, 0
26601, 6337, 0, 0, 0
26700, 6264, 0, 0, 0
26800, 5710, 0, 0, 0
26904, 5543, 0, 0, 0
27001, 6359, 0, 0, 0
27101, 5268, 0, 0, 0
27200, 6020, 0, 0, 0
27301, 5613, 0, 0, 0
27405, 5962, 0, 0, 0
27505, 5630, 0, 0, 0
27612, 5935, 0, 0, 0
27703, 5486, 0, 0, 0
27801, 5744, 0, 0, 0
27900, 6160, 0, 0, 0
28001, 6141, 0, 0, 0
28100, 5435, 0, 0, 0
28204, 5724, 0, 0, 0
28300, 5778, 0, 0, 0
28401, 6267, 0, 0, 0
28500, 6979, 0, 0, 0
28601, 5266, 0, 0, 0
28701, 5772, 0, 0, 0
28800, 5997, 0, 0, 0
28903, 5496, 0, 0, 0
29001, 7079, 0, 0, 0
29100, 6248, 0, 0, 0
29200, 6515, 0, 0, 0
29302, 6372, 0, 0, 0
29402, 6217, 0, 0, 0
29500, 6017, 0, 0, 0
29604, 6449, 0, 0, 0
29704, 6219, 0, 0, 0
29802, 5931, 0, 0, 0
29900, 6043, 0, 0, 0
30001, 5663, 0, 0, 0
30101, 6034, 0, 0, 0
30203, 6092, 0, 0, 0
30302, 5604, 0, 0, 0
30401, 5718, 0, 0, 0
30500, 6060, 0, 0, 0
30603, 6137, 0, 0, 0
30701, 6269, 0, 0, 0
30802, 6084, 0, 0, 0
30900, 6070, 0, 0, 0
31000, 6212, 0, 0, 0
31100, 5583, 0, 0, 0
31204, 5866, 0, 0, 0
31300, 5890, 0, 0, 0
31402, 6052, 0, 0, 0
31502, 5723, 0, 0, 0
31600, 6255, 0, 0, 0
31702, 6154, 0, 0, 0
31800, 6396, 0, 0, 0
31902, 6128, 0, 0, 0
32000, 5892, 0, 0, 0
32100, 5753, 0, 0, 0
32200, 6279, 0, 0, 0
32300, 5772, 0, 0, 0
32401, 6234, 0, 0, 0
32503, 5918, 0, 0, 0
32600, 6326, 0, 0, 0
32700, 5688, 0, 0, 0
32801, 5742, 0, 0, 0
32900, 5525, 0, 0, 0
33000, 6404, 0, 0, 0
33101, 6195, 0, 0, 0
33200, 5817, 0, 0, 0
33300, 6568, 0, 0, 0
33400, 6770, 0, 0, 0
33500, 5704, 0, 0, 0
33600, 5880, 0, 0, 0
33700, 6005, 0, 0, 0
33800, 5338, 0, 0, 0
33901, 6357, 0, 0, 0
34000, 6574, 0, 0, 0
34100, 5769, 0, 0, 0
34206, 5975, 0, 0, 0
34300, 6429, 0, 0, 0
34400, 5679, 0, 0, 0
34502, 6312, 0, 0, 0
34603, 6355, 0, 0, 0
34700, 6393, 0, 0, 0
34800, 5648, 0, 0, 0
34903, 6033, 0, 0, 0
35001, 7382, 0, 0, 0
35102, 6055, 0, 0, 0
35201, 5919, 0, 0, 0
35301, 5819, 0, 0, 0
35400, 5942, 0, 0, 0
35500, 5944, 0, 0, 0
35600, 5628, 0, 0, 0
35706, 5901, 0, 0, 0
35803, 6351, 0, 0, 0
35901, 6073, 0, 0, 0
36003, 6154, 0, 0, 0
36101, 5715, 0, 0, 0
36202, 6093, 0, 0, 0
36301, 6095, 0, 0, 0
36401, 6718, 0, 0, 0
36501, 6834, 0, 0, 0
36602, 6981, 0, 0, 0
36701, 6131, 0, 0, 0
36801, 6204, 0, 0, 0
36902, 5516, 0, 0, 0
37001, 6007, 0, 0, 0
37100, 5716, 0, 0, 0
37201, 5780, 0, 0, 0
37300, 5868, 0, 0, 0
37400, 5902, 0, 0, 0
37500, 5822, 0, 0, 0
37602, 6069, 0, 0, 0
37700, 6010, 0, 0, 0
37800, 6288, 0, 0, 0
37902, 6817, 0, 0, 0
38002, 6402, 0, 0, 0
38101, 5475, 0, 0, 0
38201, 6705, 0, 0, 0
38303, 6306, 0, 0, 0
38401, 5768, 0, 0, 0
38500, 5839, 0, 0, 0
38604, 6769, 0, 0, 0
38700, 6142, 0, 0, 0
38800, 5699, 0, 0, 0
38900, 5994, 0, 0, 0
39000, 6924, 0, 0, 0
39100, 6162, 0, 0, 0
39201, 6700, 0, 0, 0
39320, 5688, 0, 0, 0
39402, 5763, 0, 0, 0
39501, 6714, 0, 0, 0
39601, 6359, 0, 0, 0
39700, 5822, 0, 0, 0
39800, 6128, 0, 0, 0
39902, 6555, 0, 0, 0
40001, 6231, 0, 0, 0
40101, 6111, 0, 0, 0
40202, 6451, 0, 0, 0
40300, 6568, 0, 0, 0
40402, 6852, 0, 0, 0
40501, 6803, 0, 0, 0
40602, 5944, 0, 0, 0
40703, 5886, 0, 0, 0
40802, 5715, 0, 0, 0
40901, 5611, 0, 0, 0
41001, 5890, 0, 0, 0
41100, 6357, 0, 0, 0
41202, 5691, 0, 0, 0
41300, 6311, 0, 0, 0
41405, 6224, 0, 0, 0
41500, 6272, 0, 0, 0
41600, 6322, 0, 0, 0
41700, 6183, 0, 0, 0
41800, 6663, 0, 0, 0
41900, 7042, 0, 0, 0
42000, 6204, 0, 0, 0
42102, 6269, 0, 0, 0
42200, 6157, 0, 0, 0
42301, 5859, 0, 0, 0
42404, 6049, 0, 0, 0
42512, 7194, 0, 0, 0
42600, 6997, 0, 0, 0
42700, 6224, 0, 0, 0
42801, 6436, 0, 0, 0
42900, 6004, 0, 0, 0
43001, 6091, 0, 0, 0
43100, 6610, 0, 0, 0
43201, 6885, 0, 0, 0
43300, 5878, 0, 0, 0
43400, 5872, 0, 0, 0
43500, 6167, 0, 0, 0
43600, 6378, 0, 0, 0
43702, 6795, 0, 0, 0
43805, 6632, 0, 0, 0
43901, 6143, 0, 0, 0
44007, 5629, 0, 0, 0
44100, 6328, 0, 0, 0
44200, 6415, 0, 0, 0
44301, 6409, 0, 0, 0
44401, 6118, 0, 0, 0
44500, 5964, 0, 0, 0
44601, 5989, 0, 0, 0
44700, 6293, 0, 0, 0
44802, 6206, 0, 0, 0
44900, 5983, 0, 0, 0
45000, 5935, 0, 0, 0
45102, 5658, 0, 0, 0
45200, 5828, 0, 0, 0
45300, 6847, 0, 0, 0
45400, 6297, 0, 0, 0
45502, 6567, 0, 0, 0
45602, 6491, 0, 0, 0
45700, 6213, 0, 0, 0
45800, 6698, 0, 0, 0
45902, 6268, 0, 0, 0
46004, 6231, 0, 0, 0
46100, 6138, 0, 0, 0
46200, 5937, 0, 0, 0
46311, 5793, 0, 0, 0
46407, 5425, 0, 0, 0
46502, 5700, 0, 0, 0
46601, 5844, 0, 0, 0
46702, 6242, 0, 0, 0
46800, 5375, 0, 0, 0
46901, 5772, 0, 0, 0
47001, 6172, 0, 0, 0
47102, 6611, 0, 0, 0
47200, 6637, 0, 0, 0
47301, 6094, 0, 0, 0
47400, 6049, 0, 0, 0
47500, 5890, 0, 0, 0
47604, 6167, 0, 0, 0
47700, 6411, 0, 0, 0
47803, 5906, 0, 0, 0
47901, 6504, 0, 0, 0
48000, 5551, 0, 0, 0
48100, 5713, 0, 0, 0
48202, 6435, 0, 0, 0
48300, 6714, 0, 0, 0
48400, 6261, 0, 0, 0
48502, 6622, 0, 0, 0
48600, 6335, 0, 0, 0
48700, 6168, 0, 0, 0
48807, 6515, 0, 0, 0
48905, 5876, 0, 0, 0
49000, 6178, 0, 0, 0
49100, 5867, 0, 0, 0
49200, 5715, 0, 0, 0
49300, 5997, 0, 0, 0
49403, 5996, 0, 0, 0
49501, 5806, 0, 0, 0
49601, 5695, 0, 0, 0
49701, 5650, 0, 0, 0
49800, 5814, 0, 0, 0
49900, 5164, 0, 0, 0
50000, 5452, 0, 0, 0
50100, 5709, 0, 0, 0
50202, 5629, 0, 0, 0
50302, 5699, 0, 0, 0
50401, 6053, 0, 0, 0
50500, 6263, 0, 0, 0
50600, 6591, 0, 0, 0
50706, 6136, 0, 0, 0
50801, 6439, 0, 0, 0
50903, 6489, 0, 0, 0
51000, 5823, 0, 0, 0
51100, 5337, 0, 0, 0
51200, 6137, 0, 0, 0
51303, 5971, 0, 0, 0
51404, 6653, 0, 0, 0
51501, 6984, 0, 0, 0
51601, 6522, 0, 0, 0
51700, 5968, 0, 0, 0
51800, 6458, 0, 0, 0
51901, 6387, 0, 0, 0
52000, 5984, 0, 0, 0
52101, 6222, 0, 0, 0
52200, 6535, 0, 0, 0
52301, 6151, 0, 0, 0
52400, 5508, 0, 0, 0
52501, 5711, 0, 0, 0
52604, 6379, 0, 0, 0
52708, 7014, 0, 0, 0
52801, 6598, 0, 0, 0
52900, 5700, 0, 0, 0
53000, 6858, 0, 0, 0
53100, 6137, 0, 0, 0
53201, 6414, 0, 0, 0
53300, 6183, 0, 0, 0
53401, 6050, 0, 0, 0
53500, 5746, 0, 0, 0
53600, 6057, 0, 0, 0
53700, 6005, 0, 0, 0
53800, 5621, 0, 0, 0
53900, 5723, 0, 0, 0
54001, 6188, 0, 0, 0
54101, 6145, 0, 0, 0
54201, 6244, 0, 0, 0
54300, 6170, 0, 0, 0
54400, 6328, 0, 0, 0
54501, 5923, 0, 0, 0
54601, 6306, 0, 0, 0
54704, 5093, 0, 0, 0
54801, 6232, 0, 0, 0
54900, 5216, 0, 0, 0
55000, 5146, 0, 0, 0
55100, 6322, 0, 0, 0
55201, 6096, 0, 0, 0
55300, 5783, 0, 0, 0
55401, 6129, 0, 0, 0
55500, 6450, 0, 0, 0
55601, 5749, 0, 0, 0
55706, 5789, 0, 0, 0
55800, 5809, 0, 0, 0
55900, 5826, 0, 0, 0
56000, 5864, 0, 0, 0
56101, 5959, 0, 0, 0
56200, 5965, 0, 0, 0
56301, 5946, 0, 0, 0
56400, 6412, 0, 0, 0
56501, 6756, 0, 0, 0
56603, 6040, 0, 0, 0
56701, 6024, 0, 0, 0
56800, 6164, 0, 0, 0
56901, 6199, 0, 0, 0
57001, 6508, 0, 0, 0
57103, 5774, 0, 0, 0
57201, 5755, 0, 0, 0
57300, 5942, 0, 0, 0
57400, 6028, 0, 0, 0
57500, 6207, 0, 0, 0
57600, 6641, 0, 0, 0
57701, 6509, 0, 0, 0
57800, 6309, 0, 0, 0
57900, 6207, 0, 0, 0
58000, 5632, 0, 0, 0
58102, 5661, 0, 0, 0
58202, 6756, 0, 0, 0
58301, 6592, 0, 0, 0
58400, 5737, 0, 0, 0
58500, 6356, 0, 0, 0
58600, 6053, 0, 0, 0
58700, 5780, 0, 0, 0
58800, 5698, 0, 0, 0
58900, 5835, 0, 0, 0
59003, 5831, 0, 0, 0
59100, 5566, 0, 0, 0
59201, 6430, 0, 0, 0
59300, 6173, 0, 0, 0
59400, 5902, 0, 0, 0
59500, 6034, 0, 0, 0
59603, 5453, 0, 0, 0
59702, 5258, 0, 0, 0
59801, 5998, 0, 0, 0
59903, 6814, 0, 0, 0
60039, 5656, 0, 0, 0
