101, 7144, 0, 0, 0
202, 6803, 0, 0, 0
304, 7884, 0, 0, 0
400, 7404, 0, 0, 0
500, 6793, 0, 0, 0
600, 6931, 0, 0, 0
704, 6954, 0, 0, 0
801, 7077, 0, 0, 0
901, 7061, 0, 0, 0
1000, 6908, 0, 0, 0
1101, 6784, 0, 0, 0
1202, 7176, 0, 0, 0
1301, 6629, 0, 0, 0
1400, 6718, 0, 0, 0
1503, 7121, 0, 0, 0
1600, 7263, 0, 0, 0
1700, 6890, 0, 0, 0
1803, 6912, 0, 0, 0
1900, 7176, 0, 0, 0
2003, 6425, 0, 0, 0
2102, 6812, 0, 0, 0
2201, 6554, 0, 0, 0
2302, 6692, 0, 0, 0
2400, 6792, 0, 0, 0
2502, 6913, 0, 0, 0
2604, 6625, 0, 0, 0
2700, 6357, 0, 0, 0
2802, 6735, 0, 0, 0
2900, 7298, 0, 0, 0
3001, 8473, 0, 0, 0
3101, 7398, 0, 0, 0
3200, 7526, 0, 0, 0
3301, 7440, 0, 0, 0
3402, 7452, 0, 0, 0
3502, 6653, 0, 0, 0
3601, 6774, 0, 0, 0
3700, 6759, 0, 0, 0
3800, 6367, 0, 0, 0
3900, 6855, 0, 0, 0
4000, 6566, 0, 0, 0
4100, 6571, 0, 0, 0
4200, 6608, 0, 0, 0
4300, 7373, 0, 0, 0
4401, 6627, 0, 0, 0
4501, 7085, 0, 0, 0
4603, 6615, 0, 0, 0
4704, 6563, 0, 0, 0
4803, 6686, 0, 0, 0
4903, 6830, 0, 0, 0
5002, 7222, 0, 0, 0
5100, 7018, 0, 0, 0
5203, 7230, 0, 0, 0
5300, 7572, 0, 0, 0
5402, 6966, 0, 0, 0
5501, 6889, 0, 0, 0
5600, 6763, 0, 0, 0
5700, 6366, 0, 0, 0
5804, 6492, 0, 0, 0
5900, 6807, 0, 0, 0
6000, 6962, 0, 0, 0
6102, 6563, 0, 0, 0
6202, 6562, 0, 0, 0
6300, 6740, 0, 0, 0
6400, 6683, 0, 0, 0
6502, 6610, 0, 0, 0
6602, 6792, 0, 0, 0
6702, 6619, 0, 0, 0
6800, 6367, 0, 0, 0
6901, 6879, 0, 0, 0
7001, 7502, 0, 0, 0
7102, 6991, 0, 0, 0
7202, 7145, 0, 0, 0
7301, 6509, 0, 0, 0
7402, 6507, 0, 0, 0
7502, 6395, 0, 0, 0
7602, 6575, 0, 0, 0
7701, 6718, 0, 0, 0
7805, 7265, 0, 0, 0
7902, 6552, 0, 0, 0
8002, 6510, 0, 0, 0
8101, 6788, 0, 0, 0
8201, 6968, 0, 0, 0
8303, 6851, 0, 0, 0
8400, 6237, 0, 0, 0
8502, 6427, 0, 0, 0
8602, 6468, 0, 0, 0
8702, 6544, 0, 0, 0
8801, 6560, 0, 0, 0
8900, 6810, 0, 0, 0
9001, 6903, 0, 0, 0
9102, 6785, 0, 0, 0
9200, 7560, 0, 0, 0
9300, 7170, 0, 0, 0
9403, 7254, 0, 0, 0
9501, 6705, 0, 0, 0
9600, 6785, 0, 0, 0
9700, 7065, 0, 0, 0
9801, 6750, 0, 0, 0
9900, 7112, 0, 0, 0
10000, 6626, 0, 0, 0
10103, 7473, 0, 0, 0
10202, 7151, 0, 0, 0
10302, 6995, 0, 0, 0
10402, 7016, 0, 0, 0
10501, 6976, 0, 0, 0
10600, 6977, 0, 0, 0
10703, 7116, 0, 0, 0
10804, 6796, 0, 0, 0
10902, 6668, 0, 0, 0
11001, 6705, 0, 0, 0
11100, 6556, 0, 0, 0
11203, 6456, 0, 0, 0
11301, 6811, 0, 0, 0
11400, 6890, 0, 0, 0
11500, 6888, 0, 0, 0
11601, 7570, 0, 0, 0
11700, 7365, 0, 0, 0
11801, 6785, 0, 0, 0
11903, 7172, 0, 0, 0
12001, 7307, 0, 0, 0
12101, 7179, 0, 0, 0
12201, 6845, 0, 0, 0
12304, 6343, 0, 0, 0
12401, 7360, 0, 0, 0
12501, 6899, 0, 0, 0
12602, 7017, 0, 0, 0
12703, 6834, 0, 0, 0
12801, 6913, 0, 0, 0
12900, 7090, 0, 0, 0
13001, 7448, 0, 0, 0
13101, 7203, 0, 0, 0
13201, 7022, 0, 0, 0
13300, 7344, 0, 0, 0
13403, 6881, 0, 0, 0
13500, 6562, 0, 0, 0
13602, 6701, 0, 0, 0
13702, 6790, 0, 0, 0
13801, 6892, 0, 0, 0
13903, 6293, 0, 0, 0
14003, 6833, 0, 0, 0
14101, 6776, 0, 0, 0
14200, 6253, 0, 0, 0
14300, 6709, 0, 0, 0
14401, 6560, 0, 0, 0
14501, 6187, 0, 0, 0
14600, 6403, 0, 0, 0
14700, 6678, 0, 0, 0
14801, 6360, 0, 0, 0
14902, 6948, 0, 0, 0
15001, 6705, 0, 0, 0
15102, 6893, 0, 0, 0
15203, 7166, 0, 0, 0
15300, 6721, 0, 0, 0
15402, 6705, 0, 0, 0
15502, 6972, 0, 0, 0
15603, 7454, 0, 0, 0
15704, 7358, 0, 0, 0
15802, 6815, 0, 0, 0
15902, 7452, 0, 0, 0
16001, 7201, 0, 0, 0
16101, 6977, 0, 0, 0
16202, 7283, 0, 0, 0
16300, 6925, 0, 0, 0
16400, 7684, 0, 0, 0
16503, 7834, 0, 0, 0
16602, 7190, 0, 0, 0
16702, 6846, 0, 0, 0
16803, 6263, 0, 0, 0
16903, 6952, 0, 0, 0
17001, 6902, 0, 0, 0
17100, 7457, 0, 0, 0
17204, 6963, 0, 0, 0
17302, 6569, 0, 0, 0
17401, 6661, 0, 0, 0
17502, 6398, 0, 0, 0
17600, 6591, 0, 0, 0
17701, 6797, 0, 0, 0
17801, 7143, 0, 0, 0
17902, 7044, 0, 0, 0
18000, 7112, 0, 0, 0
18101, 6628, 0, 0, 0
18202, 6582, 0, 0, 0
18302, 6212, 0, 0, 0
18401, 6561, 0, 0, 0
18500, 6608, 0, 0, 0
18601, 6718, 0, 0, 0
18701, 6604, 0, 0, 0
18802, 6686, 0, 0, 0
18900, 6502, 0, 0, 0
19000, 6262, 0, 0, 0
19104, 6777, 0, 0, 0
19201, 6439, 0, 0, 0
19302, 6416, 0, 0, 0
19402, 6634, 0, 0, 0
19500, 6364, 0, 0, 0
19602, 6666, 0, 0, 0
19702, 6705, 0, 0, 0
19801, 6936, 0, 0, 0
19902, 6907, 0, 0, 0
20002, 7138, 0, 0, 0
20102, 7191, 0, 0, 0
20203, 7043, 0, 0, 0
20300, 6619, 0, 0, 0
20401, 6404, 0, 0, 0
20500, 6556, 0, 0, 0
20600, 6756, 0, 0, 0
20704, 6369, 0, 0, 0
20806, 6577, 0, 0, 0
20900, 6301, 0, 0, 0
21001, 6706, 0, 0, 0
21101, 6863, 0, 0, 0
21203, 6953, 0, 0, 0
21300, 6689, 0, 0, 0
21400, 6447, 0, 0, 0
21501, 6540, 0, 0, 0
21601, 6233, 0, 0, 0
21701, 6161, 0, 0, 0
21801, 6124, 0, 0, 0
21901, 6305, 0, 0, 0
22001, 6305, 0, 0, 0
22103, 6536, 0, 0, 0
22201, 6267, 0, 0, 0
22303, 6364, 0, 0, 0
22404, 6301, 0, 0, 0
22502, 6570, 0, 0, 0
22601, 6655, 0, 0, 0
22701, 7259, 0, 0, 0
22800, 7158, 0, 0, 0
22902, 7062, 0, 0, 0
23002, 6741, 0, 0, 0
23100, 7297, 0, 0, 0
23201, 7051, 0, 0, 0
23302, 6751, 0, 0, 0
23403, 6872, 0, 0, 0
23502, 6667, 0, 0, 0
23600, 6728, 0, 0, 0
23700, 6643, 0, 0, 0
23801, 6837, 0, 0, 0
23900, 6807, 0, 0, 0
24002, 6932, 0, 0, 0
24102, 6701, 0, 0, 0
24203, 6972, 0, 0, 0
24302, 7556, 0, 0, 0
24400, 7754, 0, 0, 0
24502, 6888, 0, 0, 0
24601, 6604, 0, 0, 0
24702, 6309, 0, 0, 0
24801, 6491, 0, 0, 0
24900, 6415, 0, 0, 0
25001, 6605, 0, 0, 0
25100, 6328, 0, 0, 0
25202, 6958, 0, 0, 0
25300, 8378, 0, 0, 0
25401, 6936, 0, 0, 0
25500, 6588, 0, 0, 0
25602, 7030, 0, 0, 0
25702, 6537, 0, 0, 0
25803, 6672, 0, 0, 0
25902, 6682, 0, 0, 0
26000, 6524, 0, 0, 0
26102, 6478, 0, 0, 0
26203, 6788, 0, 0, 0
26303, 6539, 0, 0, 0
26400, 6477, 0, 0, 0
26504, 6429, 0, 0, 0
26603, 6993, 0, 0, 0
26701, 7041, 0, 0, 0
26802, 7095, 0, 0, 0
26904, 6842, 0, 0, 0
27002, 6510, 0, 0, 0
27101, 6536, 0, 0, 0
27202, 6392, 0, 0, 0
27303, 6729, 0, 0, 0
27400, 6720, 0, 0, 0
27501, 7146, 0, 0, 0
27603, 7027, 0, 0, 0
27702, 7028, 0, 0, 0
27800, 6815, 0, 0, 0
27901, 6545, 0, 0, 0
28000, 6330, 0, 0, 0
28100, 6609, 0, 0, 0
28203, 6302, 0, 0, 0
28304, 6808, 0, 0, 0
28400, 7386, 0, 0, 0
28503, 6540, 0, 0, 0
28600, 6716, 0, 0, 0
28701, 6829, 0, 0, 0
28803, 7295, 0, 0, 0
28903, 6981, 0, 0, 0
29001, 6576, 0, 0, 0
29100, 6547, 0, 0, 0
29202, 6427, 0, 0, 0
29303, 6896, 0, 0, 0
29402, 7057, 0, 0, 0
29501, 7214, 0, 0, 0
29603, 6405, 0, 0, 0
29703, 6540, 0, 0, 0
29801, 6834, 0, 0, 0
29902, 6636, 0, 0, 0
30002, 6094, 0, 0, 0
30101, 6578, 0, 0, 0
30201, 6441, 0, 0, 0
30301, 6805, 0, 0, 0
30403, 7127, 0, 0, 0
30501, 7299, 0, 0, 0
30600, 7261, 0, 0, 0
30701, 7556, 0, 0, 0
30801, 7269, 0, 0, 0
30900, 7400, 0, 0, 0
31001, 7507, 0, 0, 0
31101, 6849, 0, 0, 0
31200, 7731, 0, 0, 0
31302, 6724, 0, 0, 0
31401, 6937, 0, 0, 0
31501, 6702, 0, 0, 0
31602, 7004, 0, 0, 0
31701, 6358, 0, 0, 0
31802, 6701, 0, 0, 0
31901, 6602, 0, 0, 0
32005, 7039, 0, 0, 0
32101, 7415, 0, 0, 0
32201, 7548, 0, 0, 0
32300, 7555, 0, 0, 0
32401, 7324, 0, 0, 0
32500, 7638, 0, 0, 0
32601, 7315, 0, 0, 0
32701, 6585, 0, 0, 0
32802, 6621, 0, 0, 0
32903, 7453, 0, 0, 0
33000, 7024, 0, 0, 0
33100, 6280, 0, 0, 0
33200, 6957, 0, 0, 0
33300, 6849, 0, 0, 0
33402, 6757, 0, 0, 0
33502, 6781, 0, 0, 0
33601, 7116, 0, 0, 0
33704, 6957, 0, 0, 0
33800, 6709, 0, 0, 0
33901, 6733, 0, 0, 0
34005, 6802, 0, 0, 0
34102, 6735, 0, 0, 0
34203, 6463, 0, 0, 0
34303, 6687, 0, 0, 0
34401, 6590, 0, 0, 0
34503, 7130, 0, 0, 0
34602, 6673, 0, 0, 0
34702, 6884, 0, 0, 0
34802, 6777, 0, 0, 0
34902, 7282, 0, 0, 0
35002, 7106, 0, 0, 0
35102, 7039, 0, 0, 0
35202, 7511, 0, 0, 0
35300, 7167, 0, 0, 0
35402, 7278, 0, 0, 0
35500, 6362, 0, 0, 0
35602, 6678, 0, 0, 0
35700, 6985, 0, 0, 0
35801, 7488, 0, 0, 0
35904, 7009, 0, 0, 0
36003, 7023, 0, 0, 0
36102, 6565, 0, 0, 0
36202, 7042, 0, 0, 0
36300, 6793, 0, 0, 0
36400, 6958, 0, 0, 0
36500, 7012, 0, 0, 0
36602, 7053, 0, 0, 0
36703, 7700, 0, 0, 0
36801, 7204, 0, 0, 0
36901, 6948, 0, 0, 0
37003, 6771, 0, 0, 0
37102, 6678, 0, 0, 0
37201, 6625, 0, 0, 0
37302, 6782, 0, 0, 0
37400, 7286, 0, 0, 0
37502, 6372, 0, 0, 0
37601, 7218, 0, 0, 0
37700, 6776, 0, 0, 0
37803, 6550, 0, 0, 0
37900, 6842, 0, 0, 0
38001, 7052, 0, 0, 0
38101, 6808, 0, 0, 0
38200, 6878, 0, 0, 0
38301, 6918, 0, 0, 0
38400, 7113, 0, 0, 0
38501, 7311, 0, 0, 0
38605, 7886, 0, 0, 0
38700, 8226, 0, 0, 0
38802, 7653, 0, 0, 0
38900, 7020, 0, 0, 0
39004, 7273, 0, 0, 0
39101, 6823, 0, 0, 0
39201, 7109, 0, 0, 0
39300, 7183, 0, 0, 0
39401, 6521, 0, 0, 0
39501, 6679, 0, 0, 0
39601, 6494, 0, 0, 0
39700, 6569, 0, 0, 0
39802, 6646, 0, 0, 0
39901, 6709, 0, 0, 0
40001, 6654, 0, 0, 0
40101, 7099, 0, 0, 0
40201, 6866, 0, 0, 0
40302, 6651, 0, 0, 0
40400, 6719, 0, 0, 0
40501, 6507, 0, 0, 0
40602, 6787, 0, 0, 0
40701, 6868, 0, 0, 0
40803, 6898, 0, 0, 0
40902, 6722, 0, 0, 0
41001, 6529, 0, 0, 0
41101, 6579, 0, 0, 0
41200, 6389, 0, 0, 0
41303, 6622, 0, 0, 0
41401, 6263, 0, 0, 0
41501, 6786, 0, 0, 0
41602, 6787, 0, 0, 0
41701, 6495, 0, 0, 0
41801, 6717, 0, 0, 0
41900, 6894, 0, 0, 0
42002, 6865, 0, 0, 0
42100, 6750, 0, 0, 0
42200, 6487, 0, 0, 0
42300, 6824, 0, 0, 0
42400, 6825, 0, 0, 0
42501, 6794, 0, 0, 0
42602, 6556, 0, 0, 0
42701, 6895, 0, 0, 0
42800, 6691, 0, 0, 0
42901, 6668, 0, 0, 0
43002, 6531, 0, 0, 0
43102, 6575, 0, 0, 0
43200, 6856, 0, 0, 0
43302, 6910, 0, 0, 0
43402, 6971, 0, 0, 0
43503, 7638, 0, 0, 0
43600, 7439, 0, 0, 0
43702, 6809, 0, 0, 0
43802, 6852, 0, 0, 0
43900, 6925, 0, 0, 0
44003, 7137, 0, 0, 0
44104, 7151, 0, 0, 0
44201, 6451, 0, 0, 0
44300, 6388, 0, 0, 0
44401, 6578, 0, 0, 0
44503, 6665, 0, 0, 0
44601, 6680, 0, 0, 0
44701, 6369, 0, 0, 0
44800, 6558, 0, 0, 0
44900, 6396, 0, 0, 0
45003, 6892, 0, 0, 0
45100, 7132, 0, 0, 0
45202, 6375, 0, 0, 0
45300, 6800, 0, 0, 0
45402, 6699, 0, 0, 0
45500, 6906, 0, 0, 0
45602, 7066, 0, 0, 0
45703, 6937, 0, 0, 0
45800, 6964, 0, 0, 0
45903, 6511, 0, 0, 0
46002, 6674, 0, 0, 0
46100, 6571, 0, 0, 0
46200, 6476, 0, 0, 0
46303, 6333, 0, 0, 0
46404, 6896, 0, 0, 0
46501, 6887, 0, 0, 0
46600, 6612, 0, 0, 0
46702, 6796, 0, 0, 0
46800, 6847, 0, 0, 0
46902, 6777, 0, 0, 0
47000, 7222, 0, 0, 0
47102, 6977, 0, 0, 0
47200, 6857, 0, 0, 0
47301, 8069, 0, 0, 0
47401, 7638, 0, 0, 0
47500, 7664, 0, 0, 0
47601, 6851, 0, 0, 0
47700, 7280, 0, 0, 0
47803, 7506, 0, 0, 0
47900, 7286, 0, 0, 0
48001, 7854, 0, 0, 0
48100, 7062, 0, 0, 0
48202, 7517, 0, 0, 0
48300, 7404, 0, 0, 0
48400, 6355, 0, 0, 0
48503, 7024, 0, 0, 0
48604, 6775, 0, 0, 0
48700, 6420, 0, 0, 0
48801, 6982, 0, 0, 0
48901, 7119, 0, 0, 0
49001, 7369, 0, 0, 0
49100, 6401, 0, 0, 0
49202, 6433, 0, 0, 0
49300, 6206, 0, 0, 0
49400, 6386, 0, 0, 0
49501, 7224, 0, 0, 0
49600, 7489, 0, 0, 0
49702, 6595, 0, 0, 0
49804, 6223, 0, 0, 0
49901, 6635, 0, 0, 0
50003, 6638, 0, 0, 0
50103, 7249, 0, 0, 0
50203, 7178, 0, 0, 0
50300, 6896, 0, 0, 0
50402, 6974, 0, 0, 0
50500, 7592, 0, 0, 0
50603, 7417, 0, 0, 0
50702, 7332, 0, 0, 0
50801, 7004, 0, 0, 0
50903, 7497, 0, 0, 0
51001, 7939, 0, 0, 0
51100, 6766, 0, 0, 0
51200, 6389, 0, 0, 0
51302, 6364, 0, 0, 0
51402, 6944, 0, 0, 0
51501, 6607, 0, 0, 0
51602, 6818, 0, 0, 0
51700, 6317, 0, 0, 0
51801, 6816, 0, 0, 0
51901, 6799, 0, 0, 0
52003, 6173, 0, 0, 0
52103, 6522, 0, 0, 0
52200, 6532, 0, 0, 0
52303, 6662, 0, 0, 0
52401, 6740, 0, 0, 0
52500, 6331, 0, 0, 0
52601, 6505, 0, 0, 0
52700, 6182, 0, 0, 0
52802, 6343, 0, 0, 0
52900, 6711, 0, 0, 0
53002, 7172, 0, 0, 0
53102, 6566, 0, 0, 0
53203, 6638, 0, 0, 0
53301, 7336, 0, 0, 0
53403, 6976, 0, 0, 0
53503, 6881, 0, 0, 0
53600, 6509, 0, 0, 0
53701, 6550, 0, 0, 0
53800, 6576, 0, 0, 0
53900, 6647, 0, 0, 0
54003, 6840, 0, 0, 0
54100, 6796, 0, 0, 0
54200, 7601, 0, 0, 0
54302, 6894, 0, 0, 0
54401, 7117, 0, 0, 0
54503, 6729, 0, 0, 0
54601, 7099, 0, 0, 0
54703, 7738, 0, 0, 0
54801, 7291, 0, 0, 0
54903, 7760, 0, 0, 0
55000, 7422, 0, 0, 0
55102, 7429, 0, 0, 0
55202, 7203, 0, 0, 0
55302, 7205, 0, 0, 0
55402, 6980, 0, 0, 0
55502, 6590, 0, 0, 0
55601, 7128, 0, 0, 0
55700, 6591, 0, 0, 0
55803, 6553, 0, 0, 0
55900, 7442, 0, 0, 0
56000, 6311, 0, 0, 0
56100, 6398, 0, 0, 0
56200, 6734, 0, 0, 0
56300, 7188, 0, 0, 0
56400, 6779, 0, 0, 0
56500, 6929, 0, 0, 0
56602, 6637, 0, 0, 0
56702, 6888, 0, 0, 0
56801, 7092, 0, 0, 0
56900, 7238, 0, 0, 0
57000, 7903, 0, 0, 0
57100, 7418, 0, 0, 0
57201, 6942, 0, 0, 0
57301, 7250, 0, 0, 0
57404, 6859, 0, 0, 0
57503, 7034, 0, 0, 0
57601, 6778, 0, 0, 0
57701, 6591, 0, 0, 0
57801, 6505, 0, 0, 0
57902, 6692, 0, 0, 0
58000, 6981, 0, 0, 0
58101, 6569, 0, 0, 0
58200, 6814, 0, 0, 0
58301, 6298, 0, 0, 0
58401, 6490, 0, 0, 0
58501, 7176, 0, 0, 0
58601, 6774, 0, 0, 0
58703, 6471, 0, 0, 0
58801, 6372, 0, 0, 0
58904, 7377, 0, 0, 0
59000, 7285, 0, 0, 0
59101, 7347, 0, 0, 0
59202, 6790, 0, 0, 0
59300, 7417, 0, 0, 0
59400, 7574, 0, 0, 0
59502, 6608, 0, 0, 0
59601, 6866, 0, 0, 0
59700, 6575, 0, 0, 0
59802, 6541, 0, 0, 0
59900, 6897, 0, 0, 0
60003, 7407, 0, 0, 0
60101, 6902, 0, 0, 0
60204, 6635, 0, 0, 0
60301, 6956, 0, 0, 0
60400, 6863, 0, 0, 0
60500, 7291, 0, 0, 0
60604, 9124, 0, 0, 0
60701, 6481, 0, 0, 0
60800, 6839, 0, 0, 0
60901, 7258, 0, 0, 0
61000, 6614, 0, 0, 0
61102, 6427, 0, 0, 0
61200, 6642, 0, 0, 0
61301, 6804, 0, 0, 0
61401, 7222, 0, 0, 0
61503, 6965, 0, 0, 0
61600, 7104, 0, 0, 0
61700, 6836, 0, 0, 0
61801, 7112, 0, 0, 0
61902, 6964, 0, 0, 0
62004, 6731, 0, 0, 0
62101, 6762, 0, 0, 0
62204, 6243, 0, 0, 0
62300, 6774, 0, 0, 0
62400, 6654, 0, 0, 0
62502, 6820, 0, 0, 0
62603, 6650, 0, 0, 0
62703, 6635, 0, 0, 0
62800, 6597, 0, 0, 0
62902, 6365, 0, 0, 0
63000, 6982, 0, 0, 0
63102, 7299, 0, 0, 0
63202, 7206, 0, 0, 0
63304, 6699, 0, 0, 0
63402, 6654, 0, 0, 0
63500, 6784, 0, 0, 0
63600, 6424, 0, 0, 0
63702, 6750, 0, 0, 0
63802, 6789, 0, 0, 0
63902, 6818, 0, 0, 0
64002, 6968, 0, 0, 0
64100, 7042, 0, 0, 0
64200, 7350, 0, 0, 0
64302, 7304, 0, 0, 0
64400, 7098, 0, 0, 0
64504, 7066, 0, 0, 0
64600, 6491, 0, 0, 0
64701, 6765, 0, 0, 0
64802, 6665, 0, 0, 0
64901, 7375, 0, 0, 0
65002, 7524, 0, 0, 0
65102, 7877, 0, 0, 0
65201, 7252, 0, 0, 0
65302, 6272, 0, 0, 0
65401, 6558, 0, 0, 0
65501, 6853, 0, 0, 0
65600, 7013, 0, 0, 0
65700, 7019, 0, 0, 0
65800, 7051, 0, 0, 0
65902, 6975, 0, 0, 0
66002, 7708, 0, 0, 0
66101, 6246, 0, 0, 0
66200, 6947, 0, 0, 0
66302, 6347, 0, 0, 0
66400, 6717, 0, 0, 0
66500, 6805, 0, 0, 0
66603, 6761, 0, 0, 0
66702, 6872, 0, 0, 0
66800, 6976, 0, 0, 0
66901, 7003, 0, 0, 0
67003, 7280, 0, 0, 0
67100, 7055, 0, 0, 0
67201, 7115, 0, 0, 0
67301, 6798, 0, 0, 0
67400, 6927, 0, 0, 0
67503, 6901, 0, 0, 0
67600, 7294, 0, 0, 0
67702, 7405, 0, 0, 0
67800, 7289, 0, 0, 0
67901, 6227, 0, 0, 0
68001, 6890, 0, 0, 0
68100, 7005, 0, 0, 0
68201, 6939, 0, 0, 0
68304, 6841, 0, 0, 0
68403, 6735, 0, 0, 0
68500, 7223, 0, 0, 0
68601, 6658, 0, 0, 0
68701, 6472, 0, 0, 0
68802, 6780, 0, 0, 0
68902, 6648, 0, 0, 0
69002, 6519, 0, 0, 0
69104, 6225, 0, 0, 0
69203, 6448, 0, 0, 0
69301, 6995, 0, 0, 0
69400, 6360, 0, 0, 0
69501, 6652, 0, 0, 0
69601, 6651, 0, 0, 0
69702, 6884, 0, 0, 0
69800, 7075, 0, 0, 0
69900, 7162, 0, 0, 0
70000, 7456, 0, 0, 0
70101, 7928, 0, 0, 0
70201, 6899, 0, 0, 0
70301, 7505, 0, 0, 0
70402, 7429, 0, 0, 0
70503, 7135, 0, 0, 0
70604, 7675, 0, 0, 0
70701, 6943, 0, 0, 0
70800, 6878, 0, 0, 0
70903, 6886, 0, 0, 0
71001, 7332, 0, 0, 0
71101, 6855, 0, 0, 0
71203, 6691, 0, 0, 0
71302, 6236, 0, 0, 0
71400, 6590, 0, 0, 0
71501, 6517, 0, 0, 0
71601, 6626, 0, 0, 0
71703, 6690, 0, 0, 0
71800, 6452, 0, 0, 0
71900, 6699, 0, 0, 0
72001, 7331, 0, 0, 0
72100, 7065, 0, 0, 0
72200, 6726, 0, 0, 0
72301, 6985, 0, 0, 0
72400, 7393, 0, 0, 0
72500, 7000, 0, 0, 0
72602, 6944, 0, 0, 0
72701, 6828, 0, 0, 0
72801, 6986, 0, 0, 0
72904, 6786, 0, 0, 0
73000, 7688, 0, 0, 0
73104, 7734, 0, 0, 0
73203, 6879, 0, 0, 0
73301, 6635, 0, 0, 0
73401, 6384, 0, 0, 0
73500, 6416, 0, 0, 0
73601, 6532, 0, 0, 0
73700, 7479, 0, 0, 0
73801, 7125, 0, 0, 0
73903, 7185, 0, 0, 0
74000, 7976, 0, 0, 0
74100, 7459, 0, 0, 0
74200, 7056, 0, 0, 0
74301, 6425, 0, 0, 0
74401, 6634, 0, 0, 0
74501, 6927, 0, 0, 0
74602, 6703, 0, 0, 0
74701, 7338, 0, 0, 0
74801, 6903, 0, 0, 0
74903, 7078, 0, 0, 0
75001, 8003, 0, 0, 0
75102, 7952, 0, 0, 0
75200, 7085, 0, 0, 0
75303, 7031, 0, 0, 0
75401, 7210, 0, 0, 0
75502, 7054, 0, 0, 0
75600, 7078, 0, 0, 0
75701, 7203, 0, 0, 0
75802, 7362, 0, 0, 0
75900, 6988, 0, 0, 0
76003, 7302, 0, 0, 0
76100, 7344, 0, 0, 0
76201, 6733, 0, 0, 0
76301, 6412, 0, 0, 0
76402, 6742, 0, 0, 0
76500, 6746, 0, 0, 0
76603, 6835, 0, 0, 0
76701, 6791, 0, 0, 0
76802, 6553, 0, 0, 0
76900, 6684, 0, 0, 0
77001, 6737, 0, 0, 0
77100, 6319, 0, 0, 0
77200, 6678, 0, 0, 0
77302, 7066, 0, 0, 0
77402, 8238, 0, 0, 0
77500, 7271, 0, 0, 0
77603, 6859, 0, 0, 0
77700, 6903, 0, 0, 0
77800, 7506, 0, 0, 0
77902, 7453, 0, 0, 0
78003, 7793, 0, 0, 0
78102, 7499, 0, 0, 0
78204, 7384, 0, 0, 0
78302, 7078, 0, 0, 0
78402, 7266, 0, 0, 0
78500, 7191, 0, 0, 0
78602, 7594, 0, 0, 0
78702, 6582, 0, 0, 0
78802, 6949, 0, 0, 0
78900, 6918, 0, 0, 0
79000, 6695, 0, 0, 0
79102, 6184, 0, 0, 0
79204, 6784, 0, 0, 0
79301, 7290, 0, 0, 0
79403, 6805, 0, 0, 0
79501, 6423, 0, 0, 0
79601, 6255, 0, 0, 0
79703, 6818, 0, 0, 0
79801, 6455, 0, 0, 0
79900, 7487, 0, 0, 0
80003, 7146, 0, 0, 0
80101, 6797, 0, 0, 0
80200, 6496, 0, 0, 0
80300, 6545, 0, 0, 0
80401, 7419, 0, 0, 0
80502, 6900, 0, 0, 0
80601, 7098, 0, 0, 0
80700, 6694, 0, 0, 0
80801, 6806, 0, 0, 0
80903, 6490, 0, 0, 0
81000, 6580, 0, 0, 0
81100, 6027, 0, 0, 0
81202, 6575, 0, 0, 0
81300, 6796, 0, 0, 0
81400, 6417, 0, 0, 0
81500, 6770, 0, 0, 0
81602, 7197, 0, 0, 0
81701, 6392, 0, 0, 0
81800, 7782, 0, 0, 0
81902, 7065, 0, 0, 0
82001, 6476, 0, 0, 0
82101, 6455, 0, 0, 0
82205, 6758, 0, 0, 0
82304, 6692, 0, 0, 0
82403, 7127, 0, 0, 0
82502, 6418, 0, 0, 0
82602, 6696, 0, 0, 0
82700, 6615, 0, 0, 0
82801, 7116, 0, 0, 0
82900, 6575, 0, 0, 0
83000, 6898, 0, 0, 0
83103, 6962, 0, 0, 0
83200, 6753, 0, 0, 0
83302, 6294, 0, 0, 0
83400, 6443, 0, 0, 0
83501, 6577, 0, 0, 0
83600, 6648, 0, 0, 0
83702, 6330, 0, 0, 0
83802, 6687, 0, 0, 0
83902, 6849, 0, 0, 0
84000, 6792, 0, 0, 0
84101, 6705, 0, 0, 0
84201, 6688, 0, 0, 0
84300, 6512, 0, 0, 0
84400, 6692, 0, 0, 0
84502, 6807, 0, 0, 0
84600, 6672, 0, 0, 0
84701, 6880, 0, 0, 0
84801, 6766, 0, 0, 0
84901, 6381, 0, 0, 0
85000, 6799, 0, 0, 0
85101, 7022, 0, 0, 0
85201, 7247, 0, 0, 0
85301, 7051, 0, 0, 0
85400, 7600, 0, 0, 0
85500, 7145, 0, 0, 0
85601, 6661, 0, 0, 0
85703, 7510, 0, 0, 0
85802, 6749, 0, 0, 0
85900, 6678, 0, 0, 0
86001, 6137, 0, 0, 0
86101, 6533, 0, 0, 0
86201, 6621, 0, 0, 0
86304, 6594, 0, 0, 0
86404, 6677, 0, 0, 0
86502, 6698, 0, 0, 0
86601, 6821, 0, 0, 0
86700, 6617, 0, 0, 0
86800, 7075, 0, 0, 0
86901, 6937, 0, 0, 0
87000, 7119, 0, 0, 0
87100, 6752, 0, 0, 0
87200, 6532, 0, 0, 0
87300, 6531, 0, 0, 0
87403, 6465, 0, 0, 0
87500, 6766, 0, 0, 0
87604, 6532, 0, 0, 0
87700, 6540, 0, 0, 0
87802, 6787, 0, 0, 0
87901, 6389, 0, 0, 0
88001, 6526, 0, 0, 0
88101, 6992, 0, 0, 0
88202, 6848, 0, 0, 0
88303, 6496, 0, 0, 0
88401, 6518, 0, 0, 0
88500, 6439, 0, 0, 0
88602, 6341, 0, 0, 0
88700, 6731, 0, 0, 0
88800, 6817, 0, 0, 0
88903, 6905, 0, 0, 0
89001, 7273, 0, 0, 0
89102, 7248, 0, 0, 0
89202, 7063, 0, 0, 0
89303, 6505, 0, 0, 0
89403, 6311, 0, 0, 0
89500, 6300, 0, 0, 0
89603, 6882, 0, 0, 0
89700, 6665, 0, 0, 0
89802, 6885, 0, 0, 0
89900, 6794, 0, 0, 0
90000, 7222, 0, 0, 0
90100, 7270, 0, 0, 0
90200, 6673, 0, 0, 0
90302, 6860, 0, 0, 0
90403, 6935, 0, 0, 0
90502, 7198, 0, 0, 0
90600, 7628, 0, 0, 0
90702, 6901, 0, 0, 0
90802, 7192, 0, 0, 0
90901, 6975, 0, 0, 0
91000, 6894, 0, 0, 0
91101, 7164, 0, 0, 0
91204, 7369, 0, 0, 0
91303, 6777, 0, 0, 0
91402, 7006, 0, 0, 0
91503, 7248, 0, 0, 0
91602, 6994, 0, 0, 0
91700, 7318, 0, 0, 0
91802, 7669, 0, 0, 0
91901, 7173, 0, 0, 0
92002, 7189, 0, 0, 0
92101, 8573, 0, 0, 0
92201, 7742, 0, 0, 0
92302, 6832, 0, 0, 0
92401, 6344, 0, 0, 0
92502, 6148, 0, 0, 0
92602, 6165, 0, 0, 0
92703, 6583, 0, 0, 0
92802, 6691, 0, 0, 0
92900, 6645, 0, 0, 0
93002, 7970, 0, 0, 0
93102, 6572, 0, 0, 0
93203, 6524, 0, 0, 0
93300, 7268, 0, 0, 0
93400, 7044, 0, 0, 0
93501, 6415, 0, 0, 0
93603, 6604, 0, 0, 0
93702, 7097, 0, 0, 0
93801, 7865, 0, 0, 0
93901, 6987, 0, 0, 0
94001, 7211, 0, 0, 0
94101, 6930, 0, 0, 0
94200, 6896, 0, 0, 0
94301, 7806, 0, 0, 0
94401, 7556, 0, 0, 0
94502, 6792, 0, 0, 0
94603, 6464, 0, 0, 0
94702, 6842, 0, 0, 0
94804, 6726, 0, 0, 0
94900, 6887, 0, 0, 0
95001, 6578, 0, 0, 0
95102, 6835, 0, 0, 0
95201, 6415, 0, 0, 0
95301, 6852, 0, 0, 0
95401, 6636, 0, 0, 0
95502, 6724, 0, 0, 0
95601, 7125, 0, 0, 0
95702, 6725, 0, 0, 0
95802, 6773, 0, 0, 0
95904, 6921, 0, 0, 0
96002, 7107, 0, 0, 0
96101, 7096, 0, 0, 0
96202, 7108, 0, 0, 0
96301, 6818, 0, 0, 0
96402, 6896, 0, 0, 0
96501, 7047, 0, 0, 0
96601, 6532, 0, 0, 0
96700, 6831, 0, 0, 0
96801, 6564, 0, 0, 0
96903, 6595, 0, 0, 0
97000, 6734, 0, 0, 0
97100, 7071, 0, 0, 0
97201, 6787, 0, 0, 0
97302, 6815, 0, 0, 0
97403, 7313, 0, 0, 0
97501, 7168, 0, 0, 0
97601, 6804, 0, 0, 0
97703, 6461, 0, 0, 0
97802, 7065, 0, 0, 0
97902, 6880, 0, 0, 0
98003, 6805, 0, 0, 0
98103, 6702, 0, 0, 0
98200, 6779, 0, 0, 0
98304, 6767, 0, 0, 0
98401, 6705, 0, 0, 0
98503, 6064, 0, 0, 0
98600, 6889, 0, 0, 0
98702, 6548, 0, 0, 0
98801, 6469, 0, 0, 0
98901, 6328, 0, 0, 0
99000, 7271, 0, 0, 0
99103, 6553, 0, 0, 0
99202, 6534, 0, 0, 0
99300, 6725, 0, 0, 0
99402, 6653, 0, 0, 0
99502, 6781, 0, 0, 0
99603, 6476, 0, 0, 0
99700, 6768, 0, 0, 0
99800, 7040, 0, 0, 0
99901, 7090, 0, 0, 0
100001, 6288, 0, 0, 0
100101, 6904, 0, 0, 0
100201, 6468, 0, 0, 0
100300, 6553, 0, 0, 0
100400, 7072, 0, 0, 0
100502, 6666, 0, 0, 0
100602, 6479, 0, 0, 0
100701, 7235, 0, 0, 0
100801, 7356, 0, 0, 0
100901, 6509, 0, 0, 0
101001, 6640, 0, 0, 0
101101, 6926, 0, 0, 0
101203, 6836, 0, 0, 0
101300, 6468, 0, 0, 0
101400, 6591, 0, 0, 0
101501, 6374, 0, 0, 0
101603, 6463, 0, 0, 0
101700, 6870, 0, 0, 0
101803, 6798, 0, 0, 0
101900, 7007, 0, 0, 0
102000, 7375, 0, 0, 0
102103, 7638, 0, 0, 0
102200, 6754, 0, 0, 0
102304, 7673, 0, 0, 0
102400, 7358, 0, 0, 0
102500, 8208, 0, 0, 0
102601, 7725, 0, 0, 0
102701, 6812, 0, 0, 0
102802, 7163, 0, 0, 0
102901, 7779, 0, 0, 0
103000, 6817, 0, 0, 0
103102, 6658, 0, 0, 0
103202, 6835, 0, 0, 0
103301, 6969, 0, 0, 0
103403, 6622, 0, 0, 0
103503, 6254, 0, 0, 0
103601, 6452, 0, 0, 0
103700, 6643, 0, 0, 0
103800, 6582, 0, 0, 0
103903, 6686, 0, 0, 0
104002, 7162, 0, 0, 0
104101, 6795, 0, 0, 0
104200, 6831, 0, 0, 0
104300, 6295, 0, 0, 0
104402, 6173, 0, 0, 0
104500, 6101, 0, 0, 0
104602, 6865, 0, 0, 0
104700, 6600, 0, 0, 0
104801, 6605, 0, 0, 0
104902, 6576, 0, 0, 0
105001, 8746, 0, 0, 0
105102, 7202, 0, 0, 0
105202, 6673, 0, 0, 0
105303, 6669, 0, 0, 0
105400, 6562, 0, 0, 0
105500, 6703, 0, 0, 0
105602, 6804, 0, 0, 0
105703, 7007, 0, 0, 0
105801, 7221, 0, 0, 0
105900, 6931, 0, 0, 0
106002, 6566, 0, 0, 0
106101, 6945, 0, 0, 0
106203, 6635, 0, 0, 0
106303, 6854, 0, 0, 0
106402, 6730, 0, 0, 0
106501, 6901, 0, 0, 0
106601, 6955, 0, 0, 0
106702, 6992, 0, 0, 0
106802, 6533, 0, 0, 0
106902, 6655, 0, 0, 0
107002, 6537, 0, 0, 0
107100, 7138, 0, 0, 0
107206, 6707, 0, 0, 0
107300, 6621, 0, 0, 0
107401, 6681, 0, 0, 0
107500, 6981, 0, 0, 0
107602, 6621, 0, 0, 0
107701, 7734, 0, 0, 0
107801, 7004, 0, 0, 0
107902, 7050, 0, 0, 0
108000, 7371, 0, 0, 0
108102, 6791, 0, 0, 0
108202, 7207, 0, 0, 0
108301, 7068, 0, 0, 0
108403, 7008, 0, 0, 0
108503, 7093, 0, 0, 0
108604, 7187, 0, 0, 0
108700, 7568, 0, 0, 0
108800, 6962, 0, 0, 0
108903, 6582, 0, 0, 0
109003, 6659, 0, 0, 0
109102, 6768, 0, 0, 0
109202, 6836, 0, 0, 0
109300, 6946, 0, 0, 0
109402, 7140, 0, 0, 0
109500, 6943, 0, 0, 0
109602, 7738, 0, 0, 0
109701, 7331, 0, 0, 0
109801, 6892, 0, 0, 0
109903, 6707, 0, 0, 0
110003, 7030, 0, 0, 0
110101, 7170, 0, 0, 0
110201, 7018, 0, 0, 0
110301, 7428, 0, 0, 0
110401, 7253, 0, 0, 0
110503, 6951, 0, 0, 0
110600, 7002, 0, 0, 0
110702, 7290, 0, 0, 0
110801, 6855, 0, 0, 0
110903, 7139, 0, 0, 0
111000, 7243, 0, 0, 0
111103, 8073, 0, 0, 0
111201, 6873, 0, 0, 0
111305, 6766, 0, 0, 0
111403, 6843, 0, 0, 0
111500, 7281, 0, 0, 0
111602, 6913, 0, 0, 0
111703, 7078, 0, 0, 0
111801, 7287, 0, 0, 0
111903, 7202, 0, 0, 0
112001, 6929, 0, 0, 0
112100, 7267, 0, 0, 0
112201, 7116, 0, 0, 0
112300, 6852, 0, 0, 0
112401, 7031, 0, 0, 0
112500, 6557, 0, 0, 0
112601, 6750, 0, 0, 0
112702, 6923, 0, 0, 0
112801, 7444, 0, 0, 0
112901, 7072, 0, 0, 0
113002, 6961, 0, 0, 0
113100, 8226, 0, 0, 0
113203, 7113, 0, 0, 0
113301, 6641, 0, 0, 0
113403, 6568, 0, 0, 0
113503, 7108, 0, 0, 0
113601, 6146, 0, 0, 0
113700, 6739, 0, 0, 0
113800, 7526, 0, 0, 0
113900, 6846, 0, 0, 0
114001, 6409, 0, 0, 0
114100, 7558, 0, 0, 0
114204, 7290, 0, 0, 0
114300, 8177, 0, 0, 0
114402, 6964, 0, 0, 0
114505, 7422, 0, 0, 0
114600, 7022, 0, 0, 0
114701, 7078, 0, 0, 0
114802, 6943, 0, 0, 0
114901, 7053, 0, 0, 0
115000, 6772, 0, 0, 0
115104, 6925, 0, 0, 0
115203, 6904, 0, 0, 0
115300, 7245, 0, 0, 0
115401, 6903, 0, 0, 0
115501, 6765, 0, 0, 0
115603, 7089, 0, 0, 0
115700, 7086, 0, 0, 0
115802, 7215, 0, 0, 0
115901, 7084, 0, 0, 0
116003, 6629, 0, 0, 0
116100, 6289, 0, 0, 0
116201, 6679, 0, 0, 0
116302, 6459, 0, 0, 0
116401, 6708, 0, 0, 0
116500, 6483, 0, 0, 0
116600, 6930, 0, 0, 0
116700, 6886, 0, 0, 0
116801, 6843, 0, 0, 0
116900, 7499, 0, 0, 0
117002, 7211, 0, 0, 0
117101, 6791, 0, 0, 0
117202, 6711, 0, 0, 0
117300, 7291, 0, 0, 0
117402, 6827, 0, 0, 0
117501, 6495, 0, 0, 0
117601, 7695, 0, 0, 0
117700, 6914, 0, 0, 0
117802, 6567, 0, 0, 0
117900, 6289, 0, 0, 0
118000, 6346, 0, 0, 0
118101, 6522, 0, 0, 0
118201, 6223, 0, 0, 0
118302, 6341, 0, 0, 0
118400, 6789, 0, 0, 0
118501, 6812, 0, 0, 0
118601, 6659, 0, 0, 0
118702, 7079, 0, 0, 0
118800, 6741, 0, 0, 0
118901, 6780, 0, 0, 0
119000, 7178, 0, 0, 0
119103, 6655, 0, 0, 0
119201, 6536, 0, 0, 0
119300, 6551, 0, 0, 0
119402, 6374, 0, 0, 0
119503, 7395, 0, 0, 0
119600, 6151, 0, 0, 0
119702, 6149, 0, 0, 0
119800, 6677, 0, 0, 0
119900, 7002, 0, 0, 0
120000, 7357, 0, 0, 0
120100, 7331, 0, 0, 0
120200, 6435, 0, 0, 0
120303, 7070, 0, 0, 0
120402, 6510, 0, 0, 0
120500, 6600, 0, 0, 0
120601, 6861, 0, 0, 0
120704, 6449, 0, 0, 0
120801, 6440, 0, 0, 0
120901, 6333, 0, 0, 0
121000, 6815, 0, 0, 0
121102, 7034, 0, 0, 0
121200, 7237, 0, 0, 0
121300, 7872, 0, 0, 0
121400, 6667, 0, 0, 0
121501, 7480, 0, 0, 0
121601, 7089, 0, 0, 0
121700, 6428, 0, 0, 0
121803, 8049, 0, 0, 0
121901, 7157, 0, 0, 0
122000, 6662, 0, 0, 0
122102, 7519, 0, 0, 0
122201, 7071, 0, 0, 0
122301, 7231, 0, 0, 0
122400, 7472, 0, 0, 0
122501, 7270, 0, 0, 0
122603, 6811, 0, 0, 0
122703, 7113, 0, 0, 0
122802, 7030, 0, 0, 0
122903, 7617, 0, 0, 0
123002, 7972, 0, 0, 0
123100, 7370, 0, 0, 0
123202, 7182, 0, 0, 0
123302, 6679, 0, 0, 0
123404, 6850, 0, 0, 0
123502, 7153, 0, 0, 0
123601, 7398, 0, 0, 0
123702, 7448, 0, 0, 0
123803, 6840, 0, 0, 0
123902, 6592, 0, 0, 0
124003, 6275, 0, 0, 0
124102, 6429, 0, 0, 0
124201, 6456, 0, 0, 0
124300, 6649, 0, 0, 0
124400, 6166, 0, 0, 0
124500, 6278, 0, 0, 0
124601, 7005, 0, 0, 0
124701, 6649, 0, 0, 0
124801, 6547, 0, 0, 0
124902, 6963, 0, 0, 0
125003, 7123, 0, 0, 0
125102, 7088, 0, 0, 0
125202, 6984, 0, 0, 0
125300, 7151, 0, 0, 0
125402, 6757, 0, 0, 0
125502, 6719, 0, 0, 0
125601, 6204, 0, 0, 0
125703, 6753, 0, 0, 0
125804, 7400, 0, 0, 0
125901, 7513, 0, 0, 0
126001, 6695, 0, 0, 0
126101, 6548, 0, 0, 0
126203, 6312, 0, 0, 0
126300, 6594, 0, 0, 0
126403, 6947, 0, 0, 0
126500, 6482, 0, 0, 0
126601, 6874, 0, 0, 0
126700, 7094, 0, 0, 0
126800, 7012, 0, 0, 0
126900, 6520, 0, 0, 0
127003, 6859, 0, 0, 0
127100, 6866, 0, 0, 0
127202, 6781, 0, 0, 0
127302, 6669, 0, 0, 0
127402, 6834, 0, 0, 0
127504, 6423, 0, 0, 0
127600, 6956, 0, 0, 0
127702, 6761, 0, 0, 0
127801, 6561, 0, 0, 0
127902, 6801, 0, 0, 0
128000, 6250, 0, 0, 0
128101, 6789, 0, 0, 0
128200, 6468, 0, 0, 0
128302, 6761, 0, 0, 0
128403, 6595, 0, 0, 0
128500, 6470, 0, 0, 0
128601, 6782, 0, 0, 0
128701, 6373, 0, 0, 0
128800, 6932, 0, 0, 0
128902, 6648, 0, 0, 0
129001, 6967, 0, 0, 0
129100, 7008, 0, 0, 0
129202, 6859, 0, 0, 0
129301, 6889, 0, 0, 0
129400, 6813, 0, 0, 0
129501, 6637, 0, 0, 0
129600, 6793, 0, 0, 0
129701, 6469, 0, 0, 0
129800, 6261, 0, 0, 0
129900, 6890, 0, 0, 0
130000, 7026, 0, 0, 0
130101, 7109, 0, 0, 0
130201, 6730, 0, 0, 0
130301, 7082, 0, 0, 0
130400, 7283, 0, 0, 0
130503, 7003, 0, 0, 0
130600, 7409, 0, 0, 0
130700, 6780, 0, 0, 0
130801, 6690, 0, 0, 0
130903, 6202, 0, 0, 0
131000, 6566, 0, 0, 0
131100, 6805, 0, 0, 0
131200, 7009, 0, 0, 0
131300, 7190, 0, 0, 0
131402, 6557, 0, 0, 0
131502, 6723, 0, 0, 0
131600, 6419, 0, 0, 0
131700, 6434, 0, 0, 0
131800, 7078, 0, 0, 0
131902, 5994, 0, 0, 0
132002, 7038, 0, 0, 0
132101, 7301, 0, 0, 0
132200, 6336, 0, 0, 0
132301, 7535, 0, 0, 0
132401, 6942, 0, 0, 0
132500, 6540, 0, 0, 0
132601, 6933, 0, 0, 0
132701, 7075, 0, 0, 0
132801, 7449, 0, 0, 0
132900, 6968, 0, 0, 0
133000, 6613, 0, 0, 0
133100, 6484, 0, 0, 0
133203, 6789, 0, 0, 0
133301, 6408, 0, 0, 0
133401, 6660, 0, 0, 0
133501, 6436, 0, 0, 0
133601, 6877, 0, 0, 0
133702, 6527, 0, 0, 0
133802, 6703, 0, 0, 0
133902, 6978, 0, 0, 0
134002, 6957, 0, 0, 0
134100, 6908, 0, 0, 0
134204, 6920, 0, 0, 0
134300, 7158, 0, 0, 0
134403, 7037, 0, 0, 0
134501, 6403, 0, 0, 0
134600, 6573, 0, 0, 0
134701, 7103, 0, 0, 0
134800, 7231, 0, 0, 0
134902, 7776, 0, 0, 0
135002, 7273, 0, 0, 0
135101, 7515, 0, 0, 0
135201, 7285, 0, 0, 0
135303, 7137, 0, 0, 0
135400, 6650, 0, 0, 0
135502, 7637, 0, 0, 0
135601, 6919, 0, 0, 0
135700, 7392, 0, 0, 0
135800, 7500, 0, 0, 0
135900, 7272, 0, 0, 0
136001, 6606, 0, 0, 0
136102, 6463, 0, 0, 0
136203, 6713, 0, 0, 0
136300, 6405, 0, 0, 0
136400, 6872, 0, 0, 0
136502, 6828, 0, 0, 0
136601, 6928, 0, 0, 0
136701, 6605, 0, 0, 0
136802, 6640, 0, 0, 0
136900, 6469, 0, 0, 0
137000, 6855, 0, 0, 0
137102, 7160, 0, 0, 0
137201, 7013, 0, 0, 0
137302, 6987, 0, 0, 0
137404, 6428, 0, 0, 0
137502, 6552, 0, 0, 0
137601, 7159, 0, 0, 0
137702, 7406, 0, 0, 0
137804, 7218, 0, 0, 0
137901, 6771, 0, 0, 0
138003, 7430, 0, 0, 0
138102, 7776, 0, 0, 0
138200, 7134, 0, 0, 0
138303, 6796, 0, 0, 0
138403, 7143, 0, 0, 0
138501, 7252, 0, 0, 0
138602, 7451, 0, 0, 0
138700, 7010, 0, 0, 0
138801, 7430, 0, 0, 0
138900, 7529, 0, 0, 0
139001, 7380, 0, 0, 0
139103, 6832, 0, 0, 0
139200, 6780, 0, 0, 0
139301, 6674, 0, 0, 0
139403, 7166, 0, 0, 0
139501, 6645, 0, 0, 0
139602, 7494, 0, 0, 0
139703, 7527, 0, 0, 0
139802, 7097, 0, 0, 0
139903, 6850, 0, 0, 0
140002, 6493, 0, 0, 0
140103, 7243, 0, 0, 0
140200, 7799, 0, 0, 0
140301, 7454, 0, 0, 0
140400, 7119, 0, 0, 0
140502, 6935, 0, 0, 0
140603, 6479, 0, 0, 0
140700, 7861, 0, 0, 0
140800, 7835, 0, 0, 0
140901, 7797, 0, 0, 0
141000, 7579, 0, 0, 0
141103, 7402, 0, 0, 0
141201, 7143, 0, 0, 0
141301, 6902, 0, 0, 0
141402, 7303, 0, 0, 0
141502, 7345, 0, 0, 0
141602, 7236, 0, 0, 0
141700, 7855, 0, 0, 0
141801, 7301, 0, 0, 0
141901, 6734, 0, 0, 0
142001, 7750, 0, 0, 0
142102, 6341, 0, 0, 0
142203, 6452, 0, 0, 0
142301, 6750, 0, 0, 0
142400, 6795, 0, 0, 0
142502, 6579, 0, 0, 0
142602, 6375, 0, 0, 0
142701, 6720, 0, 0, 0
142804, 6509, 0, 0, 0
142900, 6669, 0, 0, 0
143002, 6864, 0, 0, 0
143100, 6869, 0, 0, 0
143202, 7019, 0, 0, 0
143301, 7219, 0, 0, 0
143402, 6469, 0, 0, 0
143500, 6068, 0, 0, 0
143600, 6558, 0, 0, 0
143702, 6902, 0, 0, 0
143801, 6647, 0, 0, 0
143900, 6988, 0, 0, 0
144004, 7560, 0, 0, 0
144100, 7914, 0, 0, 0
144202, 7149, 0, 0, 0
144302, 6739, 0, 0, 0
144401, 7125, 0, 0, 0
144502, 6417, 0, 0, 0
144600, 6697, 0, 0, 0
144702, 6523, 0, 0, 0
144801, 6867, 0, 0, 0
144902, 7249, 0, 0, 0
145004, 7733, 0, 0, 0
145101, 7154, 0, 0, 0
145202, 6659, 0, 0, 0
145302, 7033, 0, 0, 0
145402, 6508, 0, 0, 0
145502, 6903, 0, 0, 0
145600, 6860, 0, 0, 0
145704, 7045, 0, 0, 0
145801, 6555, 0, 0, 0
145902, 6710, 0, 0, 0
146002, 6739, 0, 0, 0
146103, 6527, 0, 0, 0
146200, 6493, 0, 0, 0
146301, 7025, 0, 0, 0
146401, 6740, 0, 0, 0
146500, 6889, 0, 0, 0
146601, 6712, 0, 0, 0
146703, 6488, 0, 0, 0
146801, 6734, 0, 0, 0
146904, 6484, 0, 0, 0
147001, 7037, 0, 0, 0
147101, 6604, 0, 0, 0
147201, 7398, 0, 0, 0
147300, 7437, 0, 0, 0
147402, 7757, 0, 0, 0
147502, 7803, 0, 0, 0
147600, 6975, 0, 0, 0
147702, 7213, 0, 0, 0
147801, 7422, 0, 0, 0
147902, 6700, 0, 0, 0
148002, 7626, 0, 0, 0
148101, 7047, 0, 0, 0
148201, 6651, 0, 0, 0
148300, 7548, 0, 0, 0
148402, 6823, 0, 0, 0
148502, 7016, 0, 0, 0
148601, 6585, 0, 0, 0
148702, 6805, 0, 0, 0
148801, 6721, 0, 0, 0
148900, 6760, 0, 0, 0
149001, 6859, 0, 0, 0
149101, 6751, 0, 0, 0
149201, 6637, 0, 0, 0
149301, 7124, 0, 0, 0
149400, 7490, 0, 0, 0
149505, 7038, 0, 0, 0
149600, 7071, 0, 0, 0
149701, 8287, 0, 0, 0
149801, 7460, 0, 0, 0
149902, 7947, 0, 0, 0
150000, 8087, 0, 0, 0
150103, 7130, 0, 0, 0
150200, 6905, 0, 0, 0
150301, 7465, 0, 0, 0
150402, 7452, 0, 0, 0
150500, 6917, 0, 0, 0
150601, 7054, 0, 0, 0
150702, 7249, 0, 0, 0
150800, 7353, 0, 0, 0
150900, 7968, 0, 0, 0
151003, 7559, 0, 0, 0
151100, 7194, 0, 0, 0
151201, 7552, 0, 0, 0
151301, 7323, 0, 0, 0
151404, 6650, 0, 0, 0
151503, 7072, 0, 0, 0
151601, 6980, 0, 0, 0
151702, 7458, 0, 0, 0
151801, 7082, 0, 0, 0
151901, 7272, 0, 0, 0
152002, 7024, 0, 0, 0
152100, 6831, 0, 0, 0
152203, 6889, 0, 0, 0
152301, 7140, 0, 0, 0
152402, 6631, 0, 0, 0
152500, 6585, 0, 0, 0
152600, 6787, 0, 0, 0
152700, 6532, 0, 0, 0
152801, 6977, 0, 0, 0
152901, 6440, 0, 0, 0
153003, 6843, 0, 0, 0
153101, 6543, 0, 0, 0
153204, 6818, 0, 0, 0
153302, 6630, 0, 0, 0
153401, 6557, 0, 0, 0
153502, 6496, 0, 0, 0
153601, 7246, 0, 0, 0
153703, 6949, 0, 0, 0
153802, 7410, 0, 0, 0
153903, 7541, 0, 0, 0
154001, 6584, 0, 0, 0
154102, 7070, 0, 0, 0
154202, 6218, 0, 0, 0
154300, 6932, 0, 0, 0
154402, 7434, 0, 0, 0
154502, 7172, 0, 0, 0
154601, 7285, 0, 0, 0
154703, 7293, 0, 0, 0
154802, 6988, 0, 0, 0
154902, 7255, 0, 0, 0
155002, 7185, 0, 0, 0
155103, 7611, 0, 0, 0
155204, 7527, 0, 0, 0
155303, 6980, 0, 0, 0
155401, 6732, 0, 0, 0
155500, 6693, 0, 0, 0
155600, 6680, 0, 0, 0
155701, 6577, 0, 0, 0
155800, 6699, 0, 0, 0
155903, 6834, 0, 0, 0
156001, 7473, 0, 0, 0
156100, 7049, 0, 0, 0
156200, 7459, 0, 0, 0
156300, 6489, 0, 0, 0
156401, 6458, 0, 0, 0
156501, 6672, 0, 0, 0
156600, 6960, 0, 0, 0
156704, 6474, 0, 0, 0
156801, 6689, 0, 0, 0
156904, 6610, 0, 0, 0
157002, 6872, 0, 0, 0
157102, 6451, 0, 0, 0
157201, 6828, 0, 0, 0
157302, 6548, 0, 0, 0
157402, 6904, 0, 0, 0
157501, 6958, 0, 0, 0
157601, 7245, 0, 0, 0
157703, 7374, 0, 0, 0
157800, 7286, 0, 0, 0
157900, 7498, 0, 0, 0
158001, 7369, 0, 0, 0
158101, 7037, 0, 0, 0
158202, 7094, 0, 0, 0
158300, 7196, 0, 0, 0
158403, 6905, 0, 0, 0
158500, 7887, 0, 0, 0
158600, 7037, 0, 0, 0
158701, 6492, 0, 0, 0
158802, 7285, 0, 0, 0
158902, 7230, 0, 0, 0
159000, 7177, 0, 0, 0
159101, 6880, 0, 0, 0
159201, 7039, 0, 0, 0
159300, 6564, 0, 0, 0
159400, 6486, 0, 0, 0
159502, 7036, 0, 0, 0
159600, 7167, 0, 0, 0
159701, 6794, 0, 0, 0
159802, 6768, 0, 0, 0
159901, 6499, 0, 0, 0
160000, 6359, 0, 0, 0
160101, 6806, 0, 0, 0
160201, 6579, 0, 0, 0
160300, 6101, 0, 0, 0
160401, 6620, 0, 0, 0
160500, 7807, 0, 0, 0
160603, 7155, 0, 0, 0
160701, 7079, 0, 0, 0
160801, 7159, 0, 0, 0
160900, 7411, 0, 0, 0
161003, 7204, 0, 0, 0
161102, 7426, 0, 0, 0
161203, 7333, 0, 0, 0
161301, 7456, 0, 0, 0
161401, 6701, 0, 0, 0
161502, 7060, 0, 0, 0
161600, 7467, 0, 0, 0
161702, 7146, 0, 0, 0
161800, 6645, 0, 0, 0
161901, 7138, 0, 0, 0
162000, 7543, 0, 0, 0
162100, 6988, 0, 0, 0
162200, 6263, 0, 0, 0
162301, 6784, 0, 0, 0
162401, 7103, 0, 0, 0
162502, 6437, 0, 0, 0
162601, 6243, 0, 0, 0
162700, 6753, 0, 0, 0
162801, 6798, 0, 0, 0
162903, 6602, 0, 0, 0
163001, 6636, 0, 0, 0
163103, 6694, 0, 0, 0
163202, 6286, 0, 0, 0
163304, 6668, 0, 0, 0
163400, 6775, 0, 0, 0
163502, 6548, 0, 0, 0
163601, 6635, 0, 0, 0
163700, 6753, 0, 0, 0
163802, 6804, 0, 0, 0
163902, 6108, 0, 0, 0
164002, 6523, 0, 0, 0
164101, 7931, 0, 0, 0
164202, 7342, 0, 0, 0
164301, 6376, 0, 0, 0
164400, 6533, 0, 0, 0
164502, 6602, 0, 0, 0
164605, 6680, 0, 0, 0
164701, 6472, 0, 0, 0
164804, 6718, 0, 0, 0
164900, 6272, 0, 0, 0
165001, 6839, 0, 0, 0
165100, 6775, 0, 0, 0
165202, 6672, 0, 0, 0
165303, 6453, 0, 0, 0
165401, 6669, 0, 0, 0
165503, 6771, 0, 0, 0
165601, 6478, 0, 0, 0
165703, 6604, 0, 0, 0
165803, 6822, 0, 0, 0
165901, 7000, 0, 0, 0
166001, 6500, 0, 0, 0
166101, 6016, 0, 0, 0
166203, 6715, 0, 0, 0
166303, 6655, 0, 0, 0
166401, 6905, 0, 0, 0
166503, 6626, 0, 0, 0
166600, 6976, 0, 0, 0
166700, 6780, 0, 0, 0
166803, 6931, 0, 0, 0
166902, 7390, 0, 0, 0
167001, 6973, 0, 0, 0
167100, 6681, 0, 0, 0
167200, 6969, 0, 0, 0
167303, 6426, 0, 0, 0
167402, 7022, 0, 0, 0
167502, 6486, 0, 0, 0
167600, 6801, 0, 0, 0
167703, 6587, 0, 0, 0
167802, 6664, 0, 0, 0
167902, 6625, 0, 0, 0
168000, 6701, 0, 0, 0
168100, 6614, 0, 0, 0
168201, 7303, 0, 0, 0
168303, 6733, 0, 0, 0
168402, 6631, 0, 0, 0
168502, 6815, 0, 0, 0
168603, 6918, 0, 0, 0
168703, 6394, 0, 0, 0
168800, 6138, 0, 0, 0
168902, 6910, 0, 0, 0
169004, 6932, 0, 0, 0
169101, 6650, 0, 0, 0
169202, 6747, 0, 0, 0
169303, 6391, 0, 0, 0
169400, 6409, 0, 0, 0
169502, 6638, 0, 0, 0
169601, 6611, 0, 0, 0
169703, 6844, 0, 0, 0
169802, 6861, 0, 0, 0
169902, 7786, 0, 0, 0
170001, 6769, 0, 0, 0
170101, 6787, 0, 0, 0
170201, 6609, 0, 0, 0
170300, 6731, 0, 0, 0
170402, 6691, 0, 0, 0
170502, 6317, 0, 0, 0
170602, 6607, 0, 0, 0
170701, 8376, 0, 0, 0
170803, 8736, 0, 0, 0
170901, 8149, 0, 0, 0
171000, 8915, 0, 0, 0
171100, 8173, 0, 0, 0
171200, 7536, 0, 0, 0
171302, 7930, 0, 0, 0
171404, 7726, 0, 0, 0
171501, 7108, 0, 0, 0
171603, 7178, 0, 0, 0
171702, 7580, 0, 0, 0
171802, 7759, 0, 0, 0
171902, 7150, 0, 0, 0
172000, 6851, 0, 0, 0
172100, 6986, 0, 0, 0
172201, 7057, 0, 0, 0
172303, 7567, 0, 0, 0
172400, 6685, 0, 0, 0
172500, 7143, 0, 0, 0
172601, 7384, 0, 0, 0
172702, 6575, 0, 0, 0
172800, 6385, 0, 0, 0
172902, 6163, 0, 0, 0
173001, 6426, 0, 0, 0
173102, 6750, 0, 0, 0
173202, 7257, 0, 0, 0
173302, 7044, 0, 0, 0
173402, 6566, 0, 0, 0
173502, 6682, 0, 0, 0
173602, 6646, 0, 0, 0
173700, 6732, 0, 0, 0
173800, 6512, 0, 0, 0
173901, 6572, 0, 0, 0
174001, 7372, 0, 0, 0
174102, 7133, 0, 0, 0
174200, 6920, 0, 0, 0
174300, 6675, 0, 0, 0
174400, 7147, 0, 0, 0
174501, 7822, 0, 0, 0
174603, 7640, 0, 0, 0
174700, 7226, 0, 0, 0
174800, 7081, 0, 0, 0
174903, 7546, 0, 0, 0
175001, 7537, 0, 0, 0
175101, 7962, 0, 0, 0
175201, 6961, 0, 0, 0
175302, 6803, 0, 0, 0
175402, 6831, 0, 0, 0
175500, 6536, 0, 0, 0
175600, 6543, 0, 0, 0
175700, 6498, 0, 0, 0
175801, 6867, 0, 0, 0
175901, 6728, 0, 0, 0
176001, 6317, 0, 0, 0
176100, 6534, 0, 0, 0
176202, 6766, 0, 0, 0
176302, 6982, 0, 0, 0
176404, 7119, 0, 0, 0
176500, 7398, 0, 0, 0
176600, 7223, 0, 0, 0
176700, 7219, 0, 0, 0
176800, 6788, 0, 0, 0
176902, 6538, 0, 0, 0
177002, 7287, 0, 0, 0
177100, 6576, 0, 0, 0
177202, 6623, 0, 0, 0
177300, 6959, 0, 0, 0
177400, 6837, 0, 0, 0
177500, 6551, 0, 0, 0
177603, 6922, 0, 0, 0
177701, 6548, 0, 0, 0
177801, 7203, 0, 0, 0
177900, 7207, 0, 0, 0
178003, 7567, 0, 0, 0
178102, 7019, 0, 0, 0
178202, 6789, 0, 0, 0
178302, 7136, 0, 0, 0
178401, 7224, 0, 0, 0
178504, 7414, 0, 0, 0
178602, 7648, 0, 0, 0
178700, 6902, 0, 0, 0
178803, 6510, 0, 0, 0
178900, 7372, 0, 0, 0
179001, 6653, 0, 0, 0
179100, 6663, 0, 0, 0
179201, 6411, 0, 0, 0
179300, 6563, 0, 0, 0
179400, 6812, 0, 0, 0
179501, 6875, 0, 0, 0
179602, 7365, 0, 0, 0
179700, 5679, 0, 0, 0
179800, 6430, 0, 0, 0
179901, 6782, 0, 0, 0
180001, 7296, 0, 0, 0
