101, 11918914, 0, 0, 0
203, 9294082, 0, 0, 0
300, 10732402, 0, 0, 0
403, 18835124, 0, 0, 0
505, 10677026, 0, 0, 0
611, 13625810, 0, 0, 0
703, 11641838, 0, 0, 0
800, 9386229, 0, 0, 0
900, 10352433, 0, 0, 0
1004, 10731338, 0, 0, 0
1102, 10777197, 0, 0, 0
1202, 10492199, 0, 0, 0
1303, 13994758, 0, 0, 0
1406, 10455969, 0, 0, 0
1503, 20559490, 0, 0, 0
1600, 8792296, 0, 0, 0
1701, 11690631, 0, 0, 0
1802, 11320126, 0, 0, 0
1900, 10872979, 0, 0, 0
2010, 10780082, 0, 0, 0
2100, 10944394, 0, 0, 0
2201, 10504179, 0, 0, 0
2303, 9878647, 0, 0, 0
2404, 9758332, 0, 0, 0
2500, 12109878, 0, 0, 0
2602, 10621036, 0, 0, 0
2704, 11797379, 0, 0, 0
2803, 11411066, 0, 0, 0
2900, 13312748, 0, 0, 0
3007, 11899129, 0, 0, 0
3103, 12788120, 0, 0, 0
3203, 10046288, 0, 0, 0
3300, 16027632, 0, 0, 0
3406, 12902195, 0, 0, 0
3501, 11445983, 0, 0, 0
3604, 10607420, 0, 0, 0
3703, 10073553, 0, 0, 0
3802, 11979262, 0, 0, 0
3903, 10857490, 0, 0, 0
4001, 8873003, 0, 0, 0
4103, 11701599, 0, 0, 0
4201, 11304060, 0, 0, 0
4308, 12438844, 0, 0, 0
4407, 9994487, 0, 0, 0
4501, 11891192, 0, 0, 0
4600, 11317507, 0, 0, 0
4705, 9241562, 0, 0, 0
4805, 11052776, 0, 0, 0
4905, 10116856, 0, 0, 0
5000, 10358653, 0, 0, 0
5106, 11295187, 0, 0, 0
5200, 13331107, 0, 0, 0
5312, 15352386, 0, 0, 0
5407, 12214097, 0, 0, 0
5500, 12627384, 0, 0, 0
5600, 12889259, 0, 0, 0
5705, 8334063, 0, 0, 0
5800, 13967804, 0, 0, 0
5900, 12263754, 0, 0, 0
6006, 14582778, 0, 0, 0
6103, 10340486, 0, 0, 0
6201, 10458440, 0, 0, 0
6300, 10672158, 0, 0, 0
6406, 11501742, 0, 0, 0
6506, 10984193, 0, 0, 0
6601, 13113141, 0, 0, 0
6701, 11382146, 0, 0, 0
6800, 13272442, 0, 0, 0
6900, 14124160, 0, 0, 0
7017, 11593447, 0, 0, 0
7103, 11202050, 0, 0, 0
7200, 12561826, 0, 0, 0
7301, 12817151, 0, 0, 0
7406, 13431150, 0, 0, 0
7500, 10880971, 0, 0, 0
7601, 9280572, 0, 0, 0
7702, 11390253, 0, 0, 0
7802, 12588241, 0, 0, 0
7907, 10887411, 0, 0, 0
8001, 8901586, 0, 0, 0
8100, 8993582, 0, 0, 0
8200, 11140374, 0, 0, 0
8300, 11271865, 0, 0, 0
8405, 10856678, 0, 0, 0
8501, 15163708, 0, 0, 0
8605, 11949607, 0, 0, 0
8705, 11789921, 0, 0, 0
8804, 12164173, 0, 0, 0
8904, 9398709, 0, 0, 0
9019, 12832370, 0, 0, 0
9100, 12082736, 0, 0, 0
9205, 10056724, 0, 0, 0
9300, 12496227, 0, 0, 0
9401, 9968947, 0, 0, 0
9500, 13330135, 0, 0, 0
9600, 10172000, 0, 0, 0
9701, 11504295, 0, 0, 0
9802, 11311738, 0, 0, 0
9900, 10552686, 0, 0, 0
10008, 10573778, 0, 0, 0
10102, 13544852, 0, 0, 0
10208, 12625662, 0, 0, 0
10300, 10122077, 0, 0, 0
10403, 11146496, 0, 0, 0
10503, 11963218, 0, 0, 0
10606, 11788218, 0, 0, 0
10704, 13073924, 0, 0, 0
10803, 13599789, 0, 0, 0
10905, 9269739, 0, 0, 0
11001, 9792635, 0, 0, 0
11101, 9496151, 0, 0, 0
11201, 14844485, 0, 0, 0
11307, 14286300, 0, 0, 0
11400, 11842987, 0, 0, 0
11503, 12285406, 0, 0, 0
11604, 11401846, 0, 0, 0
11702, 15789366, 0, 0, 0
11803, 11272190, 0, 0, 0
11906, 11869183, 0, 0, 0
12000, 11565679, 0, 0, 0
12101, 10148599, 0, 0, 0
12204, 11347773, 0, 0, 0
12308, 7565454, 0, 0, 0
12401, 13491073, 0, 0, 0
12500, 10080716, 0, 0, 0
12605, 9249875, 0, 0, 0
12700, 9775506, 0, 0, 0
12801, 12940294, 0, 0, 0
12900, 13135400, 0, 0, 0
13003, 10745332, 0, 0, 0
13101, 11569207, 0, 0, 0
13200, 9952259, 0, 0, 0
13311, 17852521, 0, 0, 0
13400, 12735255, 0, 0, 0
13502, 11875096, 0, 0, 0
13605, 11127703, 0, 0, 0
13706, 14254642, 0, 0, 0
13807, 11697316, 0, 0, 0
13905, 11738745, 0, 0, 0
14001, 9877563, 0, 0, 0
14100, 15938416, 0, 0, 0
14206, 12808967, 0, 0, 0
14302, 10685038, 0, 0, 0
14401, 12167882, 0, 0, 0
14502, 10692148, 0, 0, 0
14601, 13164686, 0, 0, 0
14702, 12008732, 0, 0, 0
14805, 9452224, 0, 0, 0
14913, 10965531, 0, 0, 0
15004, 9520487, 0, 0, 0
15102, 15691287, 0, 0, 0
15203, 10277085, 0, 0, 0
15305, 10042426, 0, 0, 0
15400, 10482981, 0, 0, 0
15504, 10708596, 0, 0, 0
15603, 14000971, 0, 0, 0
15707, 11060982, 0, 0, 0
15802, 11229022, 0, 0, 0
15900, 9453176, 0, 0, 0
16005, 10269843, 0, 0, 0
16102, 9094443, 0, 0, 0
16201, 9440780, 0, 0, 0
16303, 10841546, 0, 0, 0
16402, 9818171, 0, 0, 0
16501, 11120098, 0, 0, 0
16606, 10276926, 0, 0, 0
16701, 16495617, 0, 0, 0
16812, 12424287, 0, 0, 0
16901, 13137496, 0, 0, 0
17008, 11699598, 0, 0, 0
17104, 8815204, 0, 0, 0
17202, 12092254, 0, 0, 0
17304, 13271754, 0, 0, 0
17400, 9050923, 0, 0, 0
17501, 10867530, 0, 0, 0
17600, 12271185, 0, 0, 0
17701, 9467015, 0, 0, 0
17800, 11664483, 0, 0, 0
17903, 9387104, 0, 0, 0
18000, 8465644, 0, 0, 0
18103, 16008357, 0, 0, 0
18200, 10924292, 0, 0, 0
18302, 10961242, 0, 0, 0
18408, 11387886, 0, 0, 0
18507, 10651325, 0, 0, 0
18606, 10761837, 0, 0, 0
18701, 12797662, 0, 0, 0
18800, 15283784, 0, 0, 0
18901, 14690934, 0, 0, 0
19001, 10373335, 0, 0, 0
19103, 10478307, 0, 0, 0
19205, 10491319, 0, 0, 0
19308, 10374251, 0, 0, 0
19400, 13555572, 0, 0, 0
19502, 11988625, 0, 0, 0
19603, 9966897, 0, 0, 0
19702, 7524662, 0, 0, 0
19803, 12993323, 0, 0, 0
19904, 9766934, 0, 0, 0
20004, 11847940, 0, 0, 0
20104, 15426955, 0, 0, 0
20201, 11365412, 0, 0, 0
20306, 9684140, 0, 0, 0
20400, 10405285, 0, 0, 0
20500, 12134232, 0, 0, 0
20609, 11282542, 0, 0, 0
20700, 12944454, 0, 0, 0
20804, 11664030, 0, 0, 0
20903, 9264427, 0, 0, 0
21007, 13222908, 0, 0, 0
21100, 11147842, 0, 0, 0
21205, 10127487, 0, 0, 0
21305, 9343949, 0, 0, 0
21403, 13338207, 0, 0, 0
21502, 10386678, 0, 0, 0
21604, 10224400, 0, 0, 0
21714, 12962324, 0, 0, 0
21804, 10872334, 0, 0, 0
21920, 12736940, 0, 0, 0
22000, 12628711, 0, 0, 0
22100, 11432577, 0, 0, 0
22202, 12636549, 0, 0, 0
22303, 10625011, 0, 0, 0
22400, 11532523, 0, 0, 0
22502, 14105601, 0, 0, 0
22600, 13035618, 0, 0, 0
22702, 10974247, 0, 0, 0
22803, 11450985, 0, 0, 0
22911, 9839457, 0, 0, 0
23006, 14837427, 0, 0, 0
23107, 10768561, 0, 0, 0
23203, 11707220, 0, 0, 0
23304, 10841139, 0, 0, 0
23410, 11355491, 0, 0, 0
23503, 11359256, 0, 0, 0
23601, 14092378, 0, 0, 0
23704, 10947341, 0, 0, 0
23804, 11256667, 0, 0, 0
23908, 16203140, 0, 0, 0
24011, 17725493, 0, 0, 0
24104, 9351169, 0, 0, 0
24205, 9773002, 0, 0, 0
24302, 9793916, 0, 0, 0
24400, 10179070, 0, 0, 0
24502, 12363548, 0, 0, 0
24601, 10230284, 0, 0, 0
24701, 10434644, 0, 0, 0
24801, 13625251, 0, 0, 0
24902, 10826190, 0, 0, 0
25001, 10343308, 0, 0, 0
25105, 12019396, 0, 0, 0
25204, 11255848, 0, 0, 0
25302, 13115226, 0, 0, 0
25401, 11293161, 0, 0, 0
25510, 12245606, 0, 0, 0
25606, 11408539, 0, 0, 0
25701, 10638467, 0, 0, 0
25801, 11498724, 0, 0, 0
25906, 9929959, 0, 0, 0
26000, 10053009, 0, 0, 0
26100, 11048245, 0, 0, 0
26202, 8612389, 0, 0, 0
26304, 8540689, 0, 0, 0
26401, 17705339, 0, 0, 0
26505, 12007952, 0, 0, 0
26601, 11725347, 0, 0, 0
26704, 12654593, 0, 0, 0
26804, 8878800, 0, 0, 0
26910, 11567980, 0, 0, 0
27000, 10174089, 0, 0, 0
27102, 10049172, 0, 0, 0
27203, 14534755, 0, 0, 0
27300, 13802080, 0, 0, 0
27401, 8786376, 0, 0, 0
27503, 12899261, 0, 0, 0
27603, 10358212, 0, 0, 0
27701, 13898024, 0, 0, 0
27815, 7971950, 0, 0, 0
27903, 8935839, 0, 0, 0
28001, 13814294, 0, 0, 0
28102, 11435279, 0, 0, 0
28210, 9264690, 0, 0, 0
28300, 13153123, 0, 0, 0
28406, 10507284, 0, 0, 0
28501, 11432230, 0, 0, 0
28604, 13026782, 0, 0, 0
28704, 10453562, 0, 0, 0
28803, 9771555, 0, 0, 0
28901, 10994285, 0, 0, 0
29000, 11716392, 0, 0, 0
29113, 11395227, 0, 0, 0
29203, 11974177, 0, 0, 0
29301, 11411451, 0, 0, 0
29401, 13401137, 0, 0, 0
29502, 12151706, 0, 0, 0
29616, 13168371, 0, 0, 0
29704, 12453511, 0, 0, 0
29807, 13684837, 0, 0, 0
29903, 12854501, 0, 0, 0
30001, 11332923, 0, 0, 0
30100, 17261747, 0, 0, 0
30205, 12436470, 0, 0, 0
30300, 8487744, 0, 0, 0
30405, 12649903, 0, 0, 0
30507, 13255099, 0, 0, 0
30600, 9241528, 0, 0, 0
30703, 11937850, 0, 0, 0
30801, 11006219, 0, 0, 0
30907, 11760509, 0, 0, 0
31000, 10150684, 0, 0, 0
31100, 10432300, 0, 0, 0
31202, 8241578, 0, 0, 0
31307, 11974366, 0, 0, 0
31402, 11276409, 0, 0, 0
31501, 12066204, 0, 0, 0
31603, 10443450, 0, 0, 0
31707, 10294818, 0, 0, 0
31802, 9574928, 0, 0, 0
31907, 9985256, 0, 0, 0
32003, 13987206, 0, 0, 0
32103, 11222095, 0, 0, 0
32200, 10157231, 0, 0, 0
32304, 11835594, 0, 0, 0
32400, 10198118, 0, 0, 0
32509, 12619509, 0, 0, 0
32600, 9367114, 0, 0, 0
32702, 9173693, 0, 0, 0
32801, 7114172, 0, 0, 0
32901, 15080940, 0, 0, 0
33002, 11268785, 0, 0, 0
33104, 9136094, 0, 0, 0
33208, 12783056, 0, 0, 0
33303, 12366092, 0, 0, 0
33402, 10308200, 0, 0, 0
33501, 16617267, 0, 0, 0
33607, 9910046, 0, 0, 0
33716, 11146432, 0, 0, 0
33805, 12790539, 0, 0, 0
33904, 14607228, 0, 0, 0
34005, 12437353, 0, 0, 0
34106, 11036347, 0, 0, 0
34200, 11986551, 0, 0, 0
34300, 8191288, 0, 0, 0
34402, 12375125, 0, 0, 0
34509, 10870902, 0, 0, 0
34605, 14639485, 0, 0, 0
34702, 12288389, 0, 0, 0
34802, 14620572, 0, 0, 0
34900, 14850459, 0, 0, 0
35004, 9908912, 0, 0, 0
35101, 10052097, 0, 0, 0
35200, 10873323, 0, 0, 0
35302, 12717710, 0, 0, 0
35404, 12042318, 0, 0, 0
35500, 15195019, 0, 0, 0
35605, 11193650, 0, 0, 0
35703, 10887056, 0, 0, 0
35800, 10287600, 0, 0, 0
35902, 11844703, 0, 0, 0
36002, 11569460, 0, 0, 0
36101, 12640262, 0, 0, 0
36201, 10859114, 0, 0, 0
36303, 12598548, 0, 0, 0
36405, 10662545, 0, 0, 0
36501, 16523957, 0, 0, 0
36600, 12661340, 0, 0, 0
36700, 11639692, 0, 0, 0
36804, 10747624, 0, 0, 0
36904, 12298094, 0, 0, 0
37001, 9576489, 0, 0, 0
37100, 8912163, 0, 0, 0
37201, 10155608, 0, 0, 0
37302, 15796093, 0, 0, 0
37400, 13343840, 0, 0, 0
37500, 14357892, 0, 0, 0
37605, 11086843, 0, 0, 0
37703, 12265205, 0, 0, 0
37801, 12468617, 0, 0, 0
37901, 12095049, 0, 0, 0
38001, 10046519, 0, 0, 0
38100, 10595773, 0, 0, 0
38203, 12834780, 0, 0, 0
38300, 9945322, 0, 0, 0
38407, 10327226, 0, 0, 0
38503, 13268257, 0, 0, 0
38602, 15289473, 0, 0, 0
38703, 14428743, 0, 0, 0
38806, 10930077, 0, 0, 0
38900, 13288625, 0, 0, 0
39001, 10685143, 0, 0, 0
39100, 13754273, 0, 0, 0
39200, 11381346, 0, 0, 0
39301, 15799519, 0, 0, 0
39401, 12654845, 0, 0, 0
39500, 12667824, 0, 0, 0
39601, 12254745, 0, 0, 0
39705, 10170193, 0, 0, 0
39806, 10409651, 0, 0, 0
39902, 10314261, 0, 0, 0
40005, 10764155, 0, 0, 0
40101, 8512703, 0, 0, 0
40205, 12436856, 0, 0, 0
40303, 10204083, 0, 0, 0
40401, 12010507, 0, 0, 0
40500, 10408334, 0, 0, 0
40603, 11408151, 0, 0, 0
40705, 10966970, 0, 0, 0
40801, 11143988, 0, 0, 0
40901, 10913999, 0, 0, 0
41002, 11469468, 0, 0, 0
41103, 11930908, 0, 0, 0
41205, 10130142, 0, 0, 0
41302, 10891605, 0, 0, 0
41400, 9699761, 0, 0, 0
41501, 14546159, 0, 0, 0
41600, 13492713, 0, 0, 0
41701, 11395668, 0, 0, 0
41800, 10806388, 0, 0, 0
41900, 10208200, 0, 0, 0
42006, 10207371, 0, 0, 0
42102, 9256838, 0, 0, 0
42203, 11972493, 0, 0, 0
42305, 10017563, 0, 0, 0
42403, 8715755, 0, 0, 0
42500, 11551081, 0, 0, 0
42602, 11041396, 0, 0, 0
42702, 10466779, 0, 0, 0
42803, 11753589, 0, 0, 0
42902, 12729515, 0, 0, 0
43001, 11502441, 0, 0, 0
43100, 13080955, 0, 0, 0
43202, 9513209, 0, 0, 0
43307, 15511351, 0, 0, 0
43400, 12004273, 0, 0, 0
43504, 12114740, 0, 0, 0
43601, 12900895, 0, 0, 0
43703, 11994586, 0, 0, 0
43801, 18941362, 0, 0, 0
43901, 9470520, 0, 0, 0
44000, 17647062, 0, 0, 0
44106, 12059547, 0, 0, 0
44200, 14633222, 0, 0, 0
44300, 16285201, 0, 0, 0
44400, 10105253, 0, 0, 0
44500, 10230929, 0, 0, 0
44607, 11467731, 0, 0, 0
44702, 12868902, 0, 0, 0
44812, 12762587, 0, 0, 0
44900, 11474678, 0, 0, 0
45007, 13950214, 0, 0, 0
45100, 14886793, 0, 0, 0
45202, 10235215, 0, 0, 0
45302, 9931490, 0, 0, 0
45404, 12818356, 0, 0, 0
45504, 12130999, 0, 0, 0
45601, 11848602, 0, 0, 0
45706, 11270910, 0, 0, 0
45800, 14212584, 0, 0, 0
45908, 10502601, 0, 0, 0
46006, 10517052, 0, 0, 0
46103, 13777089, 0, 0, 0
46201, 10994205, 0, 0, 0
46300, 12286339, 0, 0, 0
46400, 10793992, 0, 0, 0
46502, 9905502, 0, 0, 0
46609, 14507931, 0, 0, 0
46707, 10363883, 0, 0, 0
46807, 13000713, 0, 0, 0
46901, 14410662, 0, 0, 0
47004, 12362086, 0, 0, 0
47103, 12865001, 0, 0, 0
47202, 12219071, 0, 0, 0
47303, 16242567, 0, 0, 0
47405, 13296961, 0, 0, 0
47500, 13613193, 0, 0, 0
47603, 12607508, 0, 0, 0
47700, 11122734, 0, 0, 0
47806, 15437628, 0, 0, 0
47904, 12622724, 0, 0, 0
48001, 13515072, 0, 0, 0
48105, 13175207, 0, 0, 0
48232, 14577989, 0, 0, 0
48311, 20066100, 0, 0, 0
48400, 14848260, 0, 0, 0
48500, 12320327, 0, 0, 0
48600, 24086154, 0, 0, 0
48701, 12979195, 0, 0, 0
48805, 15140753, 0, 0, 0
48905, 15197874, 0, 0, 0
49004, 14321111, 0, 0, 0
49102, 12559997, 0, 0, 0
49203, 10384729, 0, 0, 0
49300, 14199814, 0, 0, 0
49401, 11812205, 0, 0, 0
49502, 13280618, 0, 0, 0
49602, 11318512, 0, 0, 0
49706, 13089304, 0, 0, 0
49802, 12717164, 0, 0, 0
49903, 15326817, 0, 0, 0
50005, 10304007, 0, 0, 0
50103, 12249600, 0, 0, 0
50201, 11337710, 0, 0, 0
50303, 12281211, 0, 0, 0
50401, 15549511, 0, 0, 0
50502, 13523224, 0, 0, 0
50602, 12973245, 0, 0, 0
50702, 14091076, 0, 0, 0
50800, 13178373, 0, 0, 0
50903, 12747567, 0, 0, 0
51004, 10801562, 0, 0, 0
51104, 8699092, 0, 0, 0
51200, 11867234, 0, 0, 0
51300, 16468306, 0, 0, 0
51401, 12812621, 0, 0, 0
51504, 11634469, 0, 0, 0
51603, 15053830, 0, 0, 0
51700, 10744853, 0, 0, 0
51801, 12810186, 0, 0, 0
51908, 11046072, 0, 0, 0
52001, 13742916, 0, 0, 0
52102, 9799290, 0, 0, 0
52201, 17665503, 0, 0, 0
52308, 14882823, 0, 0, 0
52401, 13171029, 0, 0, 0
52501, 9998959, 0, 0, 0
52605, 12446841, 0, 0, 0
52704, 12218846, 0, 0, 0
52809, 11742756, 0, 0, 0
52900, 12214525, 0, 0, 0
53001, 12745693, 0, 0, 0
53100, 13881994, 0, 0, 0
53203, 11698321, 0, 0, 0
53305, 10735243, 0, 0, 0
53400, 18839126, 0, 0, 0
53502, 11783227, 0, 0, 0
53600, 10911348, 0, 0, 0
53701, 18537198, 0, 0, 0
53805, 17301275, 0, 0, 0
53901, 13128706, 0, 0, 0
54005, 12181037, 0, 0, 0
54102, 14089714, 0, 0, 0
54204, 16416155, 0, 0, 0
54303, 12846097, 0, 0, 0
54401, 14610824, 0, 0, 0
54502, 10967702, 0, 0, 0
54602, 12543843, 0, 0, 0
54704, 12969441, 0, 0, 0
54801, 15993578, 0, 0, 0
54911, 12130303, 0, 0, 0
55002, 11646731, 0, 0, 0
55104, 14023841, 0, 0, 0
55214, 13190175, 0, 0, 0
55302, 12343182, 0, 0, 0
55405, 13470123, 0, 0, 0
55501, 12313830, 0, 0, 0
55605, 12601255, 0, 0, 0
55700, 13968182, 0, 0, 0
55800, 11186428, 0, 0, 0
55900, 13643903, 0, 0, 0
56002, 12294624, 0, 0, 0
56100, 11282162, 0, 0, 0
56203, 14950042, 0, 0, 0
56308, 14062335, 0, 0, 0
56400, 17742555, 0, 0, 0
56501, 11472153, 0, 0, 0
56600, 11872221, 0, 0, 0
56704, 12145802, 0, 0, 0
56800, 12194660, 0, 0, 0
56908, 13875633, 0, 0, 0
57000, 15731907, 0, 0, 0
57102, 16135245, 0, 0, 0
57200, 12285552, 0, 0, 0
57300, 13617551, 0, 0, 0
57404, 12468863, 0, 0, 0
57505, 11636454, 0, 0, 0
57608, 14734909, 0, 0, 0
57703, 11179443, 0, 0, 0
57800, 11178401, 0, 0, 0
57902, 15597599, 0, 0, 0
58001, 11890487, 0, 0, 0
58101, 9458989, 0, 0, 0
58205, 11265074, 0, 0, 0
58302, 12660065, 0, 0, 0
58401, 13067577, 0, 0, 0
58501, 12580842, 0, 0, 0
58601, 9507786, 0, 0, 0
58702, 10169460, 0, 0, 0
58801, 10428019, 0, 0, 0
58902, 11000825, 0, 0, 0
59000, 13599892, 0, 0, 0
59114, 13074855, 0, 0, 0
59211, 14730272, 0, 0, 0
59303, 14386731, 0, 0, 0
59403, 11881668, 0, 0, 0
59505, 16102249, 0, 0, 0
59606, 13268950, 0, 0, 0
59703, 11868779, 0, 0, 0
59801, 10858273, 0, 0, 0
59904, 13015283, 0, 0, 0
60000, 11237336, 0, 0, 0
60002, 12484321, 0, 0, 0
