250, 232, 0, 0, 0
350, 230, 0, 0, 0
450, 210, 0, 0, 0
550, 270, 0, 0, 0
650, 270, 0, 0, 0
749, 242, 0, 0, 0
849, 270, 0, 0, 0
949, 220, 0, 0, 0
1049, 220, 0, 0, 0
1149, 230, 0, 0, 0
1250, 230, 0, 0, 0
1350, 230, 0, 0, 0
1450, 260, 0, 0, 0
1550, 220, 0, 0, 0
1650, 210, 0, 0, 0
1749, 222, 0, 0, 0
1849, 240, 0, 0, 0
1949, 250, 0, 0, 0
2049, 270, 0, 0, 0
2149, 240, 0, 0, 0
2249, 230, 0, 0, 0
2349, 260, 0, 0, 0
2450, 240, 0, 0, 0
2550, 260, 0, 0, 0
2650, 230, 0, 0, 0
2749, 262, 0, 0, 0
2849, 240, 0, 0, 0
2949, 240, 0, 0, 0
3049, 230, 0, 0, 0
3149, 240, 0, 0, 0
3249, 260, 0, 0, 0
3349, 220, 0, 0, 0
3449, 230, 0, 0, 0
3549, 220, 0, 0, 0
3650, 230, 0, 0, 0
3750, 260, 0, 0, 0
3850, 230, 0, 0, 0
3950, 220, 0, 0, 0
4050, 220, 0, 0, 0
4150, 270, 0, 0, 0
4249, 292, 0, 0, 0
4349, 350, 0, 0, 0
4449, 230, 0, 0, 0
4549, 240, 0, 0, 0
4649, 240, 0, 0, 0
4750, 230, 0, 0, 0
4850, 230, 0, 0, 0
4950, 250, 0, 0, 0
5050, 260, 0, 0, 0
5150, 280, 0, 0, 0
5249, 232, 0, 0, 0
5349, 270, 0, 0, 0
5449, 260, 0, 0, 0
5549, 230, 0, 0, 0
5649, 280, 0, 0, 0
5749, 220, 0, 0, 0
5849, 210, 0, 0, 0
5949, 230, 0, 0, 0
6050, 230, 0, 0, 0
6150, 200, 0, 0, 0
6249, 212, 0, 0, 0
6349, 220, 0, 0, 0
6449, 220, 0, 0, 0
6549, 240, 0, 0, 0
6649, 260, 0, 0, 0
6749, 200, 0, 0, 0
6849, 220, 0, 0, 0
6949, 190, 0, 0, 0
7049, 260, 0, 0, 0
7149, 250, 0, 0, 0
7250, 270, 0, 0, 0
7350, 240, 0, 0, 0
7450, 230, 0, 0, 0
7550, 250, 0, 0, 0
7650, 250, 0, 0, 0
7749, 242, 0, 0, 0
7849, 240, 0, 0, 0
7949, 240, 0, 0, 0
8049, 270, 0, 0, 0
8149, 210, 0, 0, 0
8250, 250, 0, 0, 0
8350, 250, 0, 0, 0
8450, 270, 0, 0, 0
8550, 240, 0, 0, 0
8650, 250, 0, 0, 0
8749, 242, 0, 0, 0
8849, 240, 0, 0, 0
8949, 250, 0, 0, 0
9049, 230, 0, 0, 0
9149, 260, 0, 0, 0
9249, 230, 0, 0, 0
9349, 250, 0, 0, 0
9449, 270, 0, 0, 0
9550, 260, 0, 0, 0
9650, 250, 0, 0, 0
9749, 232, 0, 0, 0
9849, 250, 0, 0, 0
9949, 260, 0, 0, 0
10049, 230, 0, 0, 0
10149, 250, 0, 0, 0
10249, 230, 0, 0, 0
10349, 240, 0, 0, 0
10449, 240, 0, 0, 0
10549, 270, 0, 0, 0
10649, 240, 0, 0, 0
10750, 250, 0, 0, 0
10850, 230, 0, 0, 0
10950, 280, 0, 0, 0
11050, 240, 0, 0, 0
11150, 220, 0, 0, 0
11249, 252, 0, 0, 0
11349, 230, 0, 0, 0
11449, 270, 0, 0, 0
11549, 210, 0, 0, 0
11649, 220, 0, 0, 0
11750, 250, 0, 0, 0
11850, 260, 0, 0, 0
11950, 290, 0, 0, 0
12050, 230, 0, 0, 0
12150, 230, 0, 0, 0
12249, 202, 0, 0, 0
12349, 240, 0, 0, 0
12449, 220, 0, 0, 0
12549, 240, 0, 0, 0
12649, 240, 0, 0, 0
12749, 240, 0, 0, 0
12849, 240, 0, 0, 0
12949, 210, 0, 0, 0
13050, 220, 0, 0, 0
13150, 250, 0, 0, 0
13249, 242, 0, 0, 0
13349, 250, 0, 0, 0
13449, 240, 0, 0, 0
13549, 240, 0, 0, 0
13649, 240, 0, 0, 0
13749, 240, 0, 0, 0
13849, 290, 0, 0, 0
13949, 210, 0, 0, 0
14050, 250, 0, 0, 0
14150, 240, 0, 0, 0
14249, 252, 0, 0, 0
14349, 240, 0, 0, 0
14449, 230, 0, 0, 0
14549, 240, 0, 0, 0
14649, 270, 0, 0, 0
14749, 240, 0, 0, 0
14849, 240, 0, 0, 0
14949, 250, 0, 0, 0
15049, 210, 0, 0, 0
15150, 250, 0, 0, 0
15250, 230, 0, 0, 0
15350, 280, 0, 0, 0
15450, 210, 0, 0, 0
15550, 210, 0, 0, 0
15650, 230, 0, 0, 0
15749, 252, 0, 0, 0
15849, 260, 0, 0, 0
15949, 230, 0, 0, 0
16049, 250, 0, 0, 0
16149, 240, 0, 0, 0
16249, 220, 0, 0, 0
16350, 270, 0, 0, 0
16450, 270, 0, 0, 0
16550, 240, 0, 0, 0
16650, 220, 0, 0, 0
16749, 232, 0, 0, 0
16849, 250, 0, 0, 0
16949, 240, 0, 0, 0
17049, 220, 0, 0, 0
17149, 220, 0, 0, 0
17249, 250, 0, 0, 0
17349, 220, 0, 0, 0
17449, 190, 0, 0, 0
17549, 220, 0, 0, 0
17650, 240, 0, 0, 0
17750, 240, 0, 0, 0
17850, 270, 0, 0, 0
17950, 230, 0, 0, 0
18050, 270, 0, 0, 0
18150, 240, 0, 0, 0
18249, 202, 0, 0, 0
18349, 260, 0, 0, 0
18449, 240, 0, 0, 0
18549, 260, 0, 0, 0
18649, 220, 0, 0, 0
18749, 220, 0, 0, 0
18850, 250, 0, 0, 0
18950, 240, 0, 0, 0
19050, 220, 0, 0, 0
19150, 210, 0, 0, 0
19249, 232, 0, 0, 0
19349, 220, 0, 0, 0
19449, 270, 0, 0, 0
19549, 240, 0, 0, 0
19649, 280, 0, 0, 0
19749, 290, 0, 0, 0
19849, 280, 0, 0, 0
19949, 300, 0, 0, 0
20050, 240, 0, 0, 0
20150, 260, 0, 0, 0
20249, 262, 0, 0, 0
20349, 240, 0, 0, 0
20449, 260, 0, 0, 0
20549, 250, 0, 0, 0
20649, 250, 0, 0, 0
20749, 230, 0, 0, 0
20849, 260, 0, 0, 0
20949, 230, 0, 0, 0
21050, 240, 0, 0, 0
21150, 260, 0, 0, 0
21249, 212, 0, 0, 0
21349, 240, 0, 0, 0
21449, 260, 0, 0, 0
21549, 220, 0, 0, 0
21649, 290, 0, 0, 0
21749, 200, 0, 0, 0
21849, 260, 0, 0, 0
21949, 220, 0, 0, 0
22049, 240, 0, 0, 0
22149, 260, 0, 0, 0
22250, 250, 0, 0, 0
22350, 260, 0, 0, 0
22450, 240, 0, 0, 0
22550, 290, 0, 0, 0
22650, 230, 0, 0, 0
22749, 262, 0, 0, 0
22849, 240, 0, 0, 0
22949, 270, 0, 0, 0
23049, 210, 0, 0, 0
23149, 270, 0, 0, 0
23249, 240, 0, 0, 0
23349, 250, 0, 0, 0
23449, 250, 0, 0, 0
23550, 290, 0, 0, 0
23650, 260, 0, 0, 0
23749, 282, 0, 0, 0
23849, 240, 0, 0, 0
23949, 280, 0, 0, 0
24049, 240, 0, 0, 0
24149, 230, 0, 0, 0
24249, 260, 0, 0, 0
24349, 260, 0, 0, 0
24449, 260, 0, 0, 0
24550, 250, 0, 0, 0
24650, 220, 0, 0, 0
24749, 242, 0, 0, 0
24849, 250, 0, 0, 0
24949, 300, 0, 0, 0
25049, 280, 0, 0, 0
25149, 260, 0, 0, 0
25249, 250, 0, 0, 0
25349, 240, 0, 0, 0
25449, 240, 0, 0, 0
25549, 210, 0, 0, 0
25649, 260, 0, 0, 0
25750, 250, 0, 0, 0
25850, 230, 0, 0, 0
25950, 230, 0, 0, 0
26050, 280, 0, 0, 0
26150, 210, 0, 0, 0
26249, 252, 0, 0, 0
26349, 260, 0, 0, 0
26449, 230, 0, 0, 0
26549, 230, 0, 0, 0
26649, 290, 0, 0, 0
26749, 210, 0, 0, 0
26849, 270, 0, 0, 0
26950, 230, 0, 0, 0
27050, 230, 0, 0, 0
27150, 210, 0, 0, 0
27249, 232, 0, 0, 0
27349, 250, 0, 0, 0
27449, 250, 0, 0, 0
27549, 230, 0, 0, 0
27649, 270, 0, 0, 0
27749, 240, 0, 0, 0
27849, 240, 0, 0, 0
27949, 220, 0, 0, 0
28049, 260, 0, 0, 0
28149, 200, 0, 0, 0
28250, 260, 0, 0, 0
28350, 270, 0, 0, 0
28450, 260, 0, 0, 0
28550, 220, 0, 0, 0
28650, 260, 0, 0, 0
28749, 242, 0, 0, 0
28849, 330, 0, 0, 0
28949, 230, 0, 0, 0
29049, 280, 0, 0, 0
29149, 310, 0, 0, 0
29249, 280, 0, 0, 0
29349, 240, 0, 0, 0
29450, 220, 0, 0, 0
29550, 200, 0, 0, 0
29650, 260, 0, 0, 0
29749, 242, 0, 0, 0
29849, 300, 0, 0, 0
29949, 220, 0, 0, 0
30049, 260, 0, 0, 0
30149, 240, 0, 0, 0
30249, 250, 0, 0, 0
30349, 300, 0, 0, 0
30449, 290, 0, 0, 0
30549, 250, 0, 0, 0
30649, 240, 0, 0, 0
30750, 250, 0, 0, 0
30850, 210, 0, 0, 0
30950, 230, 0, 0, 0
31050, 240, 0, 0, 0
31150, 260, 0, 0, 0
31249, 262, 0, 0, 0
31349, 270, 0, 0, 0
31449, 230, 0, 0, 0
31549, 250, 0, 0, 0
31649, 260, 0, 0, 0
31749, 210, 0, 0, 0
31849, 210, 0, 0, 0
31950, 240, 0, 0, 0
32050, 290, 0, 0, 0
32150, 310, 0, 0, 0
32249, 222, 0, 0, 0
32349, 270, 0, 0, 0
32449, 250, 0, 0, 0
32549, 260, 0, 0, 0
32649, 250, 0, 0, 0
32749, 240, 0, 0, 0
32849, 290, 0, 0, 0
32950, 220, 0, 0, 0
33050, 220, 0, 0, 0
33150, 230, 0, 0, 0
33249, 282, 0, 0, 0
33349, 210, 0, 0, 0
33449, 260, 0, 0, 0
33549, 240, 0, 0, 0
33649, 250, 0, 0, 0
33749, 280, 0, 0, 0
33849, 250, 0, 0, 0
33949, 270, 0, 0, 0
34049, 210, 0, 0, 0
34149, 220, 0, 0, 0
34250, 220, 0, 0, 0
34350, 220, 0, 0, 0
34450, 240, 0, 0, 0
34550, 230, 0, 0, 0
34650, 240, 0, 0, 0
34749, 252, 0, 0, 0
34849, 280, 0, 0, 0
34949, 210, 0, 0, 0
35049, 240, 0, 0, 0
35149, 250, 0, 0, 0
35249, 260, 0, 0, 0
35350, 250, 0, 0, 0
35450, 290, 0, 0, 0
35550, 260, 0, 0, 0
35650, 250, 0, 0, 0
35749, 262, 0, 0, 0
35849, 250, 0, 0, 0
35949, 270, 0, 0, 0
36049, 260, 0, 0, 0
36149, 250, 0, 0, 0
36249, 250, 0, 0, 0
36349, 240, 0, 0, 0
36449, 250, 0, 0, 0
36550, 240, 0, 0, 0
36650, 270, 0, 0, 0
36749, 282, 0, 0, 0
36849, 210, 0, 0, 0
36949, 200, 0, 0, 0
37049, 290, 0, 0, 0
37149, 240, 0, 0, 0
37249, 230, 0, 0, 0
37349, 230, 0, 0, 0
37449, 260, 0, 0, 0
37550, 270, 0, 0, 0
37650, 260, 0, 0, 0
37749, 272, 0, 0, 0
37849, 290, 0, 0, 0
37949, 250, 0, 0, 0
38049, 300, 0, 0, 0
38149, 230, 0, 0, 0
38249, 250, 0, 0, 0
38349, 250, 0, 0, 0
38449, 260, 0, 0, 0
38549, 270, 0, 0, 0
38649, 240, 0, 0, 0
38750, 240, 0, 0, 0
38850, 240, 0, 0, 0
38950, 210, 0, 0, 0
39050, 240, 0, 0, 0
39150, 270, 0, 0, 0
39249, 212, 0, 0, 0
39349, 250, 0, 0, 0
39449, 270, 0, 0, 0
39549, 240, 0, 0, 0
39649, 280, 0, 0, 0
39749, 290, 0, 0, 0
39849, 250, 0, 0, 0
39949, 230, 0, 0, 0
40050, 250, 0, 0, 0
40150, 260, 0, 0, 0
40249, 222, 0, 0, 0
40349, 190, 0, 0, 0
40449, 260, 0, 0, 0
40549, 220, 0, 0, 0
40649, 240, 0, 0, 0
40749, 280, 0, 0, 0
40849, 210, 0, 0, 0
40949, 230, 0, 0, 0
41049, 250, 0, 0, 0
41149, 250, 0, 0, 0
41250, 240, 0, 0, 0
41350, 230, 0, 0, 0
41450, 270, 0, 0, 0
41550, 240, 0, 0, 0
41650, 240, 0, 0, 0
41749, 282, 0, 0, 0
41849, 230, 0, 0, 0
41949, 280, 0, 0, 0
42049, 290, 0, 0, 0
42149, 250, 0, 0, 0
42249, 240, 0, 0, 0
42349, 260, 0, 0, 0
42450, 260, 0, 0, 0
42550, 250, 0, 0, 0
42650, 250, 0, 0, 0
42749, 222, 0, 0, 0
42849, 250, 0, 0, 0
42949, 270, 0, 0, 0
43049, 270, 0, 0, 0
43149, 250, 0, 0, 0
43249, 230, 0, 0, 0
43349, 260, 0, 0, 0
43449, 310, 0, 0, 0
43549, 220, 0, 0, 0
43649, 280, 0, 0, 0
43750, 260, 0, 0, 0
43850, 230, 0, 0, 0
43950, 260, 0, 0, 0
44050, 260, 0, 0, 0
44150, 220, 0, 0, 0
44249, 232, 0, 0, 0
44349, 280, 0, 0, 0
44449, 250, 0, 0, 0
44549, 260, 0, 0, 0
44649, 230, 0, 0, 0
44750, 280, 0, 0, 0
44850, 240, 0, 0, 0
44950, 220, 0, 0, 0
45050, 310, 0, 0, 0
45150, 260, 0, 0, 0
45249, 262, 0, 0, 0
45349, 320, 0, 0, 0
45449, 220, 0, 0, 0
45549, 260, 0, 0, 0
45649, 280, 0, 0, 0
45749, 230, 0, 0, 0
45849, 270, 0, 0, 0
45950, 220, 0, 0, 0
46050, 250, 0, 0, 0
46150, 260, 0, 0, 0
46249, 262, 0, 0, 0
46349, 210, 0, 0, 0
46449, 270, 0, 0, 0
46549, 240, 0, 0, 0
46649, 300, 0, 0, 0
46749, 250, 0, 0, 0
46849, 280, 0, 0, 0
46949, 240, 0, 0, 0
47049, 240, 0, 0, 0
47150, 240, 0, 0, 0
47250, 270, 0, 0, 0
47350, 250, 0, 0, 0
47450, 250, 0, 0, 0
47550, 250, 0, 0, 0
47650, 270, 0, 0, 0
47749, 262, 0, 0, 0
47849, 230, 0, 0, 0
47949, 290, 0, 0, 0
48049, 240, 0, 0, 0
48149, 200, 0, 0, 0
48249, 240, 0, 0, 0
48349, 250, 0, 0, 0
48449, 220, 0, 0, 0
48550, 250, 0, 0, 0
48650, 260, 0, 0, 0
48749, 222, 0, 0, 0
48849, 240, 0, 0, 0
48949, 280, 0, 0, 0
49049, 270, 0, 0, 0
49149, 260, 0, 0, 0
49249, 250, 0, 0, 0
49349, 250, 0, 0, 0
49449, 260, 0, 0, 0
49549, 290, 0, 0, 0
49649, 230, 0, 0, 0
49749, 290, 0, 0, 0
49849, 280, 0, 0, 0
49950, 280, 0, 0, 0
50050, 240, 0, 0, 0
50150, 240, 0, 0, 0
50249, 282, 0, 0, 0
50349, 260, 0, 0, 0
50449, 270, 0, 0, 0
50549, 250, 0, 0, 0
50649, 260, 0, 0, 0
50749, 290, 0, 0, 0
50849, 300, 0, 0, 0
50949, 290, 0, 0, 0
51049, 290, 0, 0, 0
51149, 240, 0, 0, 0
51250, 280, 0, 0, 0
51350, 230, 0, 0, 0
51450, 260, 0, 0, 0
51550, 300, 0, 0, 0
51650, 270, 0, 0, 0
51749, 262, 0, 0, 0
51849, 260, 0, 0, 0
51949, 240, 0, 0, 0
52049, 220, 0, 0, 0
52149, 300, 0, 0, 0
52249, 250, 0, 0, 0
52349, 240, 0, 0, 0
52449, 250, 0, 0, 0
52550, 260, 0, 0, 0
52650, 250, 0, 0, 0
52749, 242, 0, 0, 0
52849, 230, 0, 0, 0
52949, 260, 0, 0, 0
53049, 270, 0, 0, 0
53149, 270, 0, 0, 0
53249, 260, 0, 0, 0
53349, 260, 0, 0, 0
53449, 260, 0, 0, 0
53549, 260, 0, 0, 0
53649, 260, 0, 0, 0
53749, 260, 0, 0, 0
53849, 290, 0, 0, 0
53949, 220, 0, 0, 0
54050, 220, 0, 0, 0
54150, 270, 0, 0, 0
54249, 252, 0, 0, 0
54349, 270, 0, 0, 0
54449, 300, 0, 0, 0
54549, 290, 0, 0, 0
54649, 290, 0, 0, 0
54749, 280, 0, 0, 0
54849, 220, 0, 0, 0
54949, 230, 0, 0, 0
55049, 270, 0, 0, 0
55149, 270, 0, 0, 0
55249, 260, 0, 0, 0
55349, 220, 0, 0, 0
55449, 250, 0, 0, 0
55550, 260, 0, 0, 0
55650, 220, 0, 0, 0
55749, 262, 0, 0, 0
55849, 270, 0, 0, 0
55949, 230, 0, 0, 0
56049, 250, 0, 0, 0
56149, 220, 0, 0, 0
56249, 220, 0, 0, 0
56349, 250, 0, 0, 0
56449, 220, 0, 0, 0
56549, 250, 0, 0, 0
56649, 250, 0, 0, 0
56749, 260, 0, 0, 0
56849, 210, 0, 0, 0
56949, 210, 0, 0, 0
57050, 240, 0, 0, 0
57150, 250, 0, 0, 0
57249, 262, 0, 0, 0
57349, 250, 0, 0, 0
57449, 210, 0, 0, 0
57549, 260, 0, 0, 0
57649, 240, 0, 0, 0
57749, 270, 0, 0, 0
57849, 250, 0, 0, 0
57949, 280, 0, 0, 0
58049, 270, 0, 0, 0
58149, 260, 0, 0, 0
58249, 260, 0, 0, 0
58350, 270, 0, 0, 0
58450, 250, 0, 0, 0
58550, 230, 0, 0, 0
58650, 260, 0, 0, 0
58749, 272, 0, 0, 0
58849, 230, 0, 0, 0
58949, 250, 0, 0, 0
59049, 260, 0, 0, 0
59149, 250, 0, 0, 0
59249, 260, 0, 0, 0
59349, 310, 0, 0, 0
59449, 220, 0, 0, 0
59549, 270, 0, 0, 0
59650, 210, 0, 0, 0
59750, 260, 0, 0, 0
59850, 240, 0, 0, 0
59950, 260, 0, 0, 0
