100, 1412594, 0, 0, 0
200, 1543192, 0, 0, 0
300, 1341367, 0, 0, 0
400, 1306276, 0, 0, 0
500, 1263032, 0, 0, 0
600, 1361919, 0, 0, 0
700, 1306894, 0, 0, 0
800, 1473367, 0, 0, 0
900, 1458434, 0, 0, 0
1000, 1510343, 0, 0, 0
1100, 1433394, 0, 0, 0
1200, 1342073, 0, 0, 0
1300, 1421833, 0, 0, 0
1400, 1411730, 0, 0, 0
1500, 1378743, 0, 0, 0
1600, 1349612, 0, 0, 0
1700, 1360878, 0, 0, 0
1800, 1279541, 0, 0, 0
1900, 1448702, 0, 0, 0
2000, 1197838, 0, 0, 0
2100, 1439554, 0, 0, 0
2200, 1328275, 0, 0, 0
2300, 1456595, 0, 0, 0
2400, 1294470, 0, 0, 0
2500, 1324245, 0, 0, 0
2600, 1395390, 0, 0, 0
2700, 1450263, 0, 0, 0
2800, 1352181, 0, 0, 0
2900, 1421736, 0, 0, 0
3000, 1323866, 0, 0, 0
3100, 1340489, 0, 0, 0
3200, 1394185, 0, 0, 0
3300, 1304925, 0, 0, 0
3400, 1421049, 0, 0, 0
3500, 1336230, 0, 0, 0
3600, 1428656, 0, 0, 0
3700, 1364858, 0, 0, 0
3800, 1342687, 0, 0, 0
3900, 1371627, 0, 0, 0
4000, 1327605, 0, 0, 0
4100, 1413625, 0, 0, 0
4200, 1348574, 0, 0, 0
4300, 1340974, 0, 0, 0
4400, 1348685, 0, 0, 0
4500, 1245101, 0, 0, 0
4600, 1428706, 0, 0, 0
4700, 1354166, 0, 0, 0
4800, 1386946, 0, 0, 0
4900, 1349770, 0, 0, 0
5000, 1469499, 0, 0, 0
5100, 1418908, 0, 0, 0
5200, 1514824, 0, 0, 0
5300, 1367727, 0, 0, 0
5400, 1322913, 0, 0, 0
5500, 1416055, 0, 0, 0
5600, 1359347, 0, 0, 0
5700, 1401028, 0, 0, 0
5800, 1369554, 0, 0, 0
5900, 1248266, 0, 0, 0
6000, 1335499, 0, 0, 0
6100, 1393531, 0, 0, 0
6200, 1288048, 0, 0, 0
6300, 1424367, 0, 0, 0
6400, 1398733, 0, 0, 0
6500, 1314018, 0, 0, 0
6600, 1338656, 0, 0, 0
6700, 1320869, 0, 0, 0
6800, 1319494, 0, 0, 0
6900, 1407549, 0, 0, 0
7000, 1315942, 0, 0, 0
7100, 1462560, 0, 0, 0
7200, 1318075, 0, 0, 0
7300, 1480579, 0, 0, 0
7400, 1393016, 0, 0, 0
7500, 1379569, 0, 0, 0
7600, 1359079, 0, 0, 0
7700, 1399849, 0, 0, 0
7800, 1343800, 0, 0, 0
7900, 1397017, 0, 0, 0
8000, 1379838, 0, 0, 0
8100, 1316910, 0, 0, 0
8200, 1395761, 0, 0, 0
8300, 1406348, 0, 0, 0
8400, 1468764, 0, 0, 0
8500, 1661349, 0, 0, 0
8600, 1465623, 0, 0, 0
8700, 1358812, 0, 0, 0
8800, 1408074, 0, 0, 0
8900, 1493252, 0, 0, 0
9000, 1484256, 0, 0, 0
9100, 1428440, 0, 0, 0
9200, 1408182, 0, 0, 0
9300, 1220425, 0, 0, 0
9400, 1448793, 0, 0, 0
9500, 1316648, 0, 0, 0
9600, 1393491, 0, 0, 0
9700, 1245803, 0, 0, 0
9800, 1288641, 0, 0, 0
9900, 1489732, 0, 0, 0
10000, 1472555, 0, 0, 0
10100, 1377671, 0, 0, 0
10200, 1452689, 0, 0, 0
10300, 1430049, 0, 0, 0
10400, 1387105, 0, 0, 0
10500, 1327582, 0, 0, 0
10600, 1352887, 0, 0, 0
10700, 1399314, 0, 0, 0
10800, 1351680, 0, 0, 0
10900, 1409360, 0, 0, 0
11000, 1411160, 0, 0, 0
11100, 1421073, 0, 0, 0
11200, 1313378, 0, 0, 0
11300, 1485460, 0, 0, 0
11400, 1316989, 0, 0, 0
11500, 1342448, 0, 0, 0
11600, 1398063, 0, 0, 0
11700, 1357687, 0, 0, 0
11800, 1415873, 0, 0, 0
11900, 1375530, 0, 0, 0
12000, 1301229, 0, 0, 0
12100, 1380675, 0, 0, 0
12200, 1288842, 0, 0, 0
12300, 1414251, 0, 0, 0
12400, 1402833, 0, 0, 0
12500, 1300802, 0, 0, 0
12600, 1345208, 0, 0, 0
12700, 1339084, 0, 0, 0
12800, 1388160, 0, 0, 0
12900, 1377799, 0, 0, 0
13000, 1360148, 0, 0, 0
13100, 1406950, 0, 0, 0
13200, 1312109, 0, 0, 0
13300, 1404312, 0, 0, 0
13400, 1350080, 0, 0, 0
13500, 1303420, 0, 0, 0
13600, 1330955, 0, 0, 0
13700, 1410363, 0, 0, 0
13800, 1402211, 0, 0, 0
13900, 1332996, 0, 0, 0
14000, 1469404, 0, 0, 0
14100, 1302998, 0, 0, 0
14200, 1391718, 0, 0, 0
14300, 1348981, 0, 0, 0
14400, 1383236, 0, 0, 0
14500, 1398306, 0, 0, 0
14600, 1292698, 0, 0, 0
14700, 1385910, 0, 0, 0
14800, 1388148, 0, 0, 0
14900, 1379287, 0, 0, 0
15000, 1414916, 0, 0, 0
15100, 1286144, 0, 0, 0
15200, 1405014, 0, 0, 0
15300, 1412098, 0, 0, 0
15400, 1474677, 0, 0, 0
15500, 1365264, 0, 0, 0
15600, 1481581, 0, 0, 0
15700, 1304935, 0, 0, 0
15800, 1365860, 0, 0, 0
15900, 1444034, 0, 0, 0
16000, 1408504, 0, 0, 0
16100, 1493976, 0, 0, 0
16200, 1412850, 0, 0, 0
16300, 1563272, 0, 0, 0
16400, 1475423, 0, 0, 0
16500, 1292827, 0, 0, 0
16600, 1377800, 0, 0, 0
16700, 1386384, 0, 0, 0
16800, 1343917, 0, 0, 0
16900, 1303431, 0, 0, 0
17000, 1304270, 0, 0, 0
17100, 1357195, 0, 0, 0
17200, 1433375, 0, 0, 0
17300, 1328479, 0, 0, 0
17400, 1356482, 0, 0, 0
17500, 1368760, 0, 0, 0
17600, 1529366, 0, 0, 0
17700, 1364260, 0, 0, 0
17800, 1469569, 0, 0, 0
17900, 1322845, 0, 0, 0
18000, 1381328, 0, 0, 0
18100, 1365789, 0, 0, 0
18200, 1457863, 0, 0, 0
18300, 1399648, 0, 0, 0
18400, 1328320, 0, 0, 0
18500, 1284908, 0, 0, 0
18600, 1295221, 0, 0, 0
18700, 1476585, 0, 0, 0
18800, 1362470, 0, 0, 0
18900, 1382427, 0, 0, 0
19000, 1311995, 0, 0, 0
19100, 1311351, 0, 0, 0
19200, 1400904, 0, 0, 0
19300, 1333045, 0, 0, 0
19400, 1357184, 0, 0, 0
19500, 1388427, 0, 0, 0
19600, 1307076, 0, 0, 0
19700, 1441980, 0, 0, 0
19800, 1369619, 0, 0, 0
19900, 1286084, 0, 0, 0
20000, 1388805, 0, 0, 0
20100, 1433726, 0, 0, 0
20200, 1415810, 0, 0, 0
20300, 1391756, 0, 0, 0
20400, 1293823, 0, 0, 0
20500, 1445318, 0, 0, 0
20600, 1272105, 0, 0, 0
20700, 1290012, 0, 0, 0
20800, 1277272, 0, 0, 0
20900, 1253208, 0, 0, 0
21000, 1329518, 0, 0, 0
21100, 1226009, 0, 0, 0
21200, 1479219, 0, 0, 0
21300, 1422120, 0, 0, 0
21400, 1280458, 0, 0, 0
21500, 1402155, 0, 0, 0
21600, 1381224, 0, 0, 0
21700, 1376018, 0, 0, 0
21800, 1518002, 0, 0, 0
21900, 1389295, 0, 0, 0
22000, 1337730, 0, 0, 0
22100, 1376902, 0, 0, 0
22200, 1437122, 0, 0, 0
22300, 1388887, 0, 0, 0
22400, 1377886, 0, 0, 0
22500, 1329480, 0, 0, 0
22600, 1295551, 0, 0, 0
22700, 1331710, 0, 0, 0
22800, 1468341, 0, 0, 0
22900, 1375664, 0, 0, 0
23000, 1474920, 0, 0, 0
23100, 1368224, 0, 0, 0
23200, 1438151, 0, 0, 0
23300, 1320053, 0, 0, 0
23400, 1375633, 0, 0, 0
23500, 1318097, 0, 0, 0
23600, 1378340, 0, 0, 0
23700, 1342736, 0, 0, 0
23800, 1530623, 0, 0, 0
23900, 1336152, 0, 0, 0
24000, 1448618, 0, 0, 0
24100, 1383150, 0, 0, 0
24200, 1348948, 0, 0, 0
24300, 1347661, 0, 0, 0
24400, 1379871, 0, 0, 0
24500, 1464458, 0, 0, 0
24600, 1464230, 0, 0, 0
24700, 1368918, 0, 0, 0
24800, 1311696, 0, 0, 0
24900, 1387524, 0, 0, 0
25000, 1416654, 0, 0, 0
25100, 1384378, 0, 0, 0
25200, 1371372, 0, 0, 0
25300, 1504159, 0, 0, 0
25400, 1308343, 0, 0, 0
25500, 1311038, 0, 0, 0
25600, 1481201, 0, 0, 0
25700, 1357811, 0, 0, 0
25800, 1391767, 0, 0, 0
25900, 1369681, 0, 0, 0
26000, 1336583, 0, 0, 0
26100, 1310168, 0, 0, 0
26200, 1393085, 0, 0, 0
26300, 1387244, 0, 0, 0
26400, 1352091, 0, 0, 0
26500, 1447508, 0, 0, 0
26600, 1319201, 0, 0, 0
26700, 1577166, 0, 0, 0
26800, 1504223, 0, 0, 0
26900, 1510419, 0, 0, 0
27000, 1365090, 0, 0, 0
27100, 1396356, 0, 0, 0
27200, 1385699, 0, 0, 0
27300, 1302175, 0, 0, 0
27400, 1498597, 0, 0, 0
27500, 1346751, 0, 0, 0
27600, 1420091, 0, 0, 0
27700, 1462720, 0, 0, 0
27800, 1380254, 0, 0, 0
27900, 1400606, 0, 0, 0
28001, 1404742, 0, 0, 0
28100, 1313399, 0, 0, 0
28200, 1377630, 0, 0, 0
28300, 1480330, 0, 0, 0
28400, 1439575, 0, 0, 0
28500, 1387464, 0, 0, 0
28600, 1365987, 0, 0, 0
28700, 1418547, 0, 0, 0
28800, 1546400, 0, 0, 0
28900, 1472410, 0, 0, 0
29000, 1440626, 0, 0, 0
29100, 1429666, 0, 0, 0
29200, 1321049, 0, 0, 0
29300, 1347451, 0, 0, 0
29400, 1333848, 0, 0, 0
29500, 1337423, 0, 0, 0
29600, 1314092, 0, 0, 0
29700, 1381762, 0, 0, 0
29800, 1367209, 0, 0, 0
29900, 1284536, 0, 0, 0
30000, 1420706, 0, 0, 0
30100, 1357284, 0, 0, 0
30200, 1383369, 0, 0, 0
30300, 1306327, 0, 0, 0
30400, 1360706, 0, 0, 0
30500, 1400660, 0, 0, 0
30600, 1316936, 0, 0, 0
30700, 1268200, 0, 0, 0
30800, 1304250, 0, 0, 0
30900, 1334440, 0, 0, 0
31000, 1490772, 0, 0, 0
31100, 1353740, 0, 0, 0
31200, 1387890, 0, 0, 0
31300, 1358925, 0, 0, 0
31400, 1333795, 0, 0, 0
31500, 1375928, 0, 0, 0
31600, 1423885, 0, 0, 0
31700, 1353935, 0, 0, 0
31800, 1318048, 0, 0, 0
31900, 1279182, 0, 0, 0
32000, 1353613, 0, 0, 0
32100, 1407175, 0, 0, 0
32200, 1318037, 0, 0, 0
32300, 1334217, 0, 0, 0
32400, 1279189, 0, 0, 0
32500, 1418722, 0, 0, 0
32600, 1307653, 0, 0, 0
32700, 1274043, 0, 0, 0
32800, 1427989, 0, 0, 0
32900, 1372497, 0, 0, 0
33000, 1275848, 0, 0, 0
33100, 1378151, 0, 0, 0
33200, 1445745, 0, 0, 0
33300, 1422848, 0, 0, 0
33400, 1473586, 0, 0, 0
33500, 1434273, 0, 0, 0
33600, 1354302, 0, 0, 0
33700, 1336863, 0, 0, 0
33800, 1521534, 0, 0, 0
33900, 1351621, 0, 0, 0
34000, 1367018, 0, 0, 0
34100, 1460792, 0, 0, 0
34200, 1420234, 0, 0, 0
34300, 1403529, 0, 0, 0
34400, 1231943, 0, 0, 0
34500, 1455386, 0, 0, 0
34600, 1301332, 0, 0, 0
34700, 1304281, 0, 0, 0
34800, 1355631, 0, 0, 0
34900, 1320567, 0, 0, 0
35000, 1428089, 0, 0, 0
35100, 1309560, 0, 0, 0
35200, 1374844, 0, 0, 0
35300, 1465055, 0, 0, 0
35400, 1356542, 0, 0, 0
35500, 1374748, 0, 0, 0
35600, 1370886, 0, 0, 0
35700, 1333482, 0, 0, 0
35800, 1337369, 0, 0, 0
35900, 1421341, 0, 0, 0
36000, 1286127, 0, 0, 0
36100, 1475560, 0, 0, 0
36200, 1373533, 0, 0, 0
36300, 1383419, 0, 0, 0
36400, 1240695, 0, 0, 0
36500, 1370546, 0, 0, 0
36600, 1374822, 0, 0, 0
36700, 1348686, 0, 0, 0
36800, 1479193, 0, 0, 0
36900, 1420261, 0, 0, 0
37000, 1334497, 0, 0, 0
37100, 1402591, 0, 0, 0
37200, 1414874, 0, 0, 0
37300, 1362934, 0, 0, 0
37400, 1436752, 0, 0, 0
37500, 1337166, 0, 0, 0
37600, 1372138, 0, 0, 0
37700, 1310879, 0, 0, 0
37800, 1327827, 0, 0, 0
37900, 1284873, 0, 0, 0
38000, 1453780, 0, 0, 0
38100, 1426773, 0, 0, 0
38200, 1347591, 0, 0, 0
38300, 1379709, 0, 0, 0
38400, 1374544, 0, 0, 0
38500, 1475814, 0, 0, 0
38600, 1464221, 0, 0, 0
38700, 1523350, 0, 0, 0
38800, 1324279, 0, 0, 0
38900, 1304807, 0, 0, 0
39000, 1348603, 0, 0, 0
39100, 1436907, 0, 0, 0
39200, 1490255, 0, 0, 0
39300, 1352274, 0, 0, 0
39400, 1345829, 0, 0, 0
39500, 1278728, 0, 0, 0
39600, 1491957, 0, 0, 0
39700, 1421349, 0, 0, 0
39800, 1390657, 0, 0, 0
39900, 1398829, 0, 0, 0
40000, 1409610, 0, 0, 0
40100, 1338490, 0, 0, 0
40200, 1299048, 0, 0, 0
40300, 1405633, 0, 0, 0
40400, 1310562, 0, 0, 0
40500, 1333313, 0, 0, 0
40600, 1424603, 0, 0, 0
40700, 1280903, 0, 0, 0
40800, 1385287, 0, 0, 0
40900, 1295396, 0, 0, 0
41000, 1445216, 0, 0, 0
41100, 1345746, 0, 0, 0
41200, 1321787, 0, 0, 0
41300, 1472094, 0, 0, 0
41400, 1351085, 0, 0, 0
41500, 1325074, 0, 0, 0
41600, 1542284, 0, 0, 0
41700, 1450545, 0, 0, 0
41800, 1386553, 0, 0, 0
41900, 1460876, 0, 0, 0
42000, 1407300, 0, 0, 0
42100, 1390409, 0, 0, 0
42200, 1285965, 0, 0, 0
42300, 1393396, 0, 0, 0
42400, 1380135, 0, 0, 0
42500, 1292074, 0, 0, 0
42600, 1297980, 0, 0, 0
42700, 1438107, 0, 0, 0
42800, 1332363, 0, 0, 0
42900, 1316815, 0, 0, 0
43000, 1375239, 0, 0, 0
43100, 1245133, 0, 0, 0
43200, 1341195, 0, 0, 0
43300, 1373532, 0, 0, 0
43400, 1383600, 0, 0, 0
43500, 1347525, 0, 0, 0
43600, 1399211, 0, 0, 0
43700, 1321646, 0, 0, 0
43800, 1386537, 0, 0, 0
43900, 1472518, 0, 0, 0
44000, 1368423, 0, 0, 0
44100, 1365317, 0, 0, 0
44200, 1388369, 0, 0, 0
44300, 1345258, 0, 0, 0
44400, 1424453, 0, 0, 0
44500, 1285189, 0, 0, 0
44600, 1323194, 0, 0, 0
44700, 1356957, 0, 0, 0
44800, 1397059, 0, 0, 0
44900, 1401579, 0, 0, 0
45000, 1356089, 0, 0, 0
45100, 1251426, 0, 0, 0
45200, 1311144, 0, 0, 0
45300, 1370114, 0, 0, 0
45400, 1376097, 0, 0, 0
45500, 1354550, 0, 0, 0
45600, 1421314, 0, 0, 0
45700, 1364772, 0, 0, 0
45800, 1284573, 0, 0, 0
45900, 1247170, 0, 0, 0
46000, 1415723, 0, 0, 0
46100, 1394280, 0, 0, 0
46200, 1266587, 0, 0, 0
46300, 1365752, 0, 0, 0
46400, 1242270, 0, 0, 0
46500, 1256481, 0, 0, 0
46600, 1515313, 0, 0, 0
46700, 1341628, 0, 0, 0
46800, 1449053, 0, 0, 0
46900, 1287533, 0, 0, 0
47000, 1371641, 0, 0, 0
47100, 1432444, 0, 0, 0
47200, 1372141, 0, 0, 0
47300, 1378676, 0, 0, 0
47400, 1243860, 0, 0, 0
47500, 1348402, 0, 0, 0
47600, 1328386, 0, 0, 0
47700, 1417116, 0, 0, 0
47800, 1409516, 0, 0, 0
47900, 1285272, 0, 0, 0
48000, 1377743, 0, 0, 0
48100, 1247279, 0, 0, 0
48200, 1375432, 0, 0, 0
48300, 1328931, 0, 0, 0
48400, 1307712, 0, 0, 0
48500, 1284771, 0, 0, 0
48600, 1325123, 0, 0, 0
48700, 1379971, 0, 0, 0
48800, 1416567, 0, 0, 0
48900, 1374984, 0, 0, 0
49000, 1305325, 0, 0, 0
49100, 1328501, 0, 0, 0
49200, 1346276, 0, 0, 0
49300, 1418570, 0, 0, 0
49400, 1433740, 0, 0, 0
49500, 1312121, 0, 0, 0
49600, 1367727, 0, 0, 0
49700, 1447486, 0, 0, 0
49800, 1571929, 0, 0, 0
49900, 1392379, 0, 0, 0
50000, 1314889, 0, 0, 0
50100, 1479681, 0, 0, 0
50200, 1392347, 0, 0, 0
50300, 1430761, 0, 0, 0
50400, 1418610, 0, 0, 0
50500, 1337214, 0, 0, 0
50600, 1391945, 0, 0, 0
50700, 1229482, 0, 0, 0
50800, 1540582, 0, 0, 0
50900, 1304492, 0, 0, 0
51000, 1393343, 0, 0, 0
51100, 1377356, 0, 0, 0
51200, 1403239, 0, 0, 0
51300, 1421158, 0, 0, 0
51400, 1327688, 0, 0, 0
51500, 1314145, 0, 0, 0
51600, 1356233, 0, 0, 0
51700, 1302976, 0, 0, 0
51800, 1314107, 0, 0, 0
51900, 1330520, 0, 0, 0
52000, 1289743, 0, 0, 0
52100, 1372793, 0, 0, 0
52200, 1336276, 0, 0, 0
52300, 1317501, 0, 0, 0
52400, 1364728, 0, 0, 0
52500, 1325359, 0, 0, 0
52600, 1341842, 0, 0, 0
52700, 1428107, 0, 0, 0
52800, 1473993, 0, 0, 0
52900, 1319316, 0, 0, 0
53000, 1343228, 0, 0, 0
53100, 1425525, 0, 0, 0
53200, 1239208, 0, 0, 0
53300, 1501012, 0, 0, 0
53400, 1385637, 0, 0, 0
53500, 1315758, 0, 0, 0
53600, 1368238, 0, 0, 0
53700, 1316938, 0, 0, 0
53800, 1350902, 0, 0, 0
53900, 1440296, 0, 0, 0
54000, 1393221, 0, 0, 0
54100, 1334435, 0, 0, 0
54200, 1352632, 0, 0, 0
54300, 1277874, 0, 0, 0
54400, 1251300, 0, 0, 0
54500, 1334972, 0, 0, 0
54600, 1315223, 0, 0, 0
54700, 1322632, 0, 0, 0
54800, 1423272, 0, 0, 0
54900, 1382122, 0, 0, 0
55000, 1267509, 0, 0, 0
55100, 1340908, 0, 0, 0
55200, 1354022, 0, 0, 0
55300, 1269544, 0, 0, 0
55400, 1331397, 0, 0, 0
55500, 1333399, 0, 0, 0
55600, 1392826, 0, 0, 0
55700, 1343014, 0, 0, 0
55800, 1330239, 0, 0, 0
55900, 1346887, 0, 0, 0
56000, 1440767, 0, 0, 0
56100, 1332570, 0, 0, 0
56200, 1407436, 0, 0, 0
56300, 1385544, 0, 0, 0
56400, 1324260, 0, 0, 0
56500, 1331772, 0, 0, 0
56600, 1436143, 0, 0, 0
56700, 1348841, 0, 0, 0
56800, 1465686, 0, 0, 0
56900, 1332446, 0, 0, 0
57000, 1439498, 0, 0, 0
57100, 1339368, 0, 0, 0
57200, 1387204, 0, 0, 0
57300, 1252200, 0, 0, 0
57400, 1339500, 0, 0, 0
57500, 1350229, 0, 0, 0
57600, 1535972, 0, 0, 0
57700, 1302235, 0, 0, 0
57800, 1299007, 0, 0, 0
57900, 1384062, 0, 0, 0
58000, 1363834, 0, 0, 0
58100, 1396863, 0, 0, 0
58200, 1411475, 0, 0, 0
58300, 1399898, 0, 0, 0
58400, 1345504, 0, 0, 0
58500, 1362700, 0, 0, 0
58600, 1376786, 0, 0, 0
58700, 1300920, 0, 0, 0
58800, 1488357, 0, 0, 0
58900, 1367444, 0, 0, 0
59000, 1355437, 0, 0, 0
59100, 1372925, 0, 0, 0
59200, 1354016, 0, 0, 0
59300, 1293853, 0, 0, 0
59400, 1404017, 0, 0, 0
59500, 1395725, 0, 0, 0
59600, 1344602, 0, 0, 0
59700, 1531344, 0, 0, 0
59800, 1449662, 0, 0, 0
59900, 1288496, 0, 0, 0
60000, 1359491, 0, 0, 0
60100, 1380150, 0, 0, 0
60200, 1326859, 0, 0, 0
60300, 1318441, 0, 0, 0
60400, 1304700, 0, 0, 0
60500, 1352171, 0, 0, 0
60600, 1326455, 0, 0, 0
60700, 1385867, 0, 0, 0
60800, 1285747, 0, 0, 0
60900, 1484177, 0, 0, 0
61000, 1378455, 0, 0, 0
61100, 1357157, 0, 0, 0
61200, 1339743, 0, 0, 0
61300, 1419399, 0, 0, 0
61400, 1304113, 0, 0, 0
61500, 1321819, 0, 0, 0
61600, 1441654, 0, 0, 0
61700, 1545017, 0, 0, 0
61800, 1229950, 0, 0, 0
61900, 1329143, 0, 0, 0
62000, 1340492, 0, 0, 0
62100, 1427088, 0, 0, 0
62200, 1417817, 0, 0, 0
62300, 1286320, 0, 0, 0
62400, 1365217, 0, 0, 0
62500, 1397443, 0, 0, 0
62600, 1305433, 0, 0, 0
62700, 1375986, 0, 0, 0
62800, 1347298, 0, 0, 0
62900, 1302162, 0, 0, 0
63000, 1345916, 0, 0, 0
63100, 1244713, 0, 0, 0
63200, 1334919, 0, 0, 0
63300, 1268023, 0, 0, 0
63400, 1336678, 0, 0, 0
63500, 1353667, 0, 0, 0
63600, 1443972, 0, 0, 0
63700, 1433654, 0, 0, 0
63800, 1316068, 0, 0, 0
63900, 1357509, 0, 0, 0
64000, 1329470, 0, 0, 0
64100, 1281771, 0, 0, 0
64200, 1268332, 0, 0, 0
64300, 1314151, 0, 0, 0
64400, 1403245, 0, 0, 0
64500, 1326743, 0, 0, 0
64600, 1342157, 0, 0, 0
64700, 1424102, 0, 0, 0
64800, 1393182, 0, 0, 0
64900, 1320068, 0, 0, 0
65000, 1235739, 0, 0, 0
65100, 1274444, 0, 0, 0
65200, 1325134, 0, 0, 0
65300, 1311841, 0, 0, 0
65400, 1244605, 0, 0, 0
65500, 1348276, 0, 0, 0
65600, 1341007, 0, 0, 0
65700, 1389439, 0, 0, 0
65800, 1472517, 0, 0, 0
65900, 1322118, 0, 0, 0
66000, 1370832, 0, 0, 0
66100, 1344956, 0, 0, 0
66200, 1267878, 0, 0, 0
66300, 1294193, 0, 0, 0
66400, 1295039, 0, 0, 0
66500, 1312834, 0, 0, 0
66600, 1414265, 0, 0, 0
66700, 1401970, 0, 0, 0
66800, 1289322, 0, 0, 0
66900, 1315080, 0, 0, 0
67000, 1350361, 0, 0, 0
67100, 1347712, 0, 0, 0
67200, 1228842, 0, 0, 0
67300, 1343927, 0, 0, 0
67400, 1438867, 0, 0, 0
67500, 1434599, 0, 0, 0
67600, 1400680, 0, 0, 0
67700, 1336478, 0, 0, 0
67800, 1350667, 0, 0, 0
67900, 1312159, 0, 0, 0
68000, 1444073, 0, 0, 0
68100, 1302584, 0, 0, 0
68200, 1452913, 0, 0, 0
68300, 1444456, 0, 0, 0
68400, 1345487, 0, 0, 0
68500, 1317777, 0, 0, 0
68600, 1363812, 0, 0, 0
68700, 1341793, 0, 0, 0
68800, 1395011, 0, 0, 0
68900, 1309194, 0, 0, 0
69000, 1363816, 0, 0, 0
69100, 1404973, 0, 0, 0
69200, 1290804, 0, 0, 0
69300, 1364615, 0, 0, 0
69400, 1335634, 0, 0, 0
69500, 1279588, 0, 0, 0
69600, 1398767, 0, 0, 0
69700, 1371891, 0, 0, 0
69800, 1481023, 0, 0, 0
69900, 1399884, 0, 0, 0
70000, 1379801, 0, 0, 0
70100, 1280921, 0, 0, 0
70200, 1349147, 0, 0, 0
70300, 1396511, 0, 0, 0
70400, 1329555, 0, 0, 0
70500, 1245461, 0, 0, 0
70600, 1336316, 0, 0, 0
70700, 1432760, 0, 0, 0
70800, 1355219, 0, 0, 0
70900, 1250729, 0, 0, 0
71000, 1322275, 0, 0, 0
71100, 1439026, 0, 0, 0
71200, 1355545, 0, 0, 0
71300, 1316987, 0, 0, 0
71400, 1339009, 0, 0, 0
71500, 1266885, 0, 0, 0
71600, 1499384, 0, 0, 0
71700, 1399564, 0, 0, 0
71800, 1391347, 0, 0, 0
71900, 1278221, 0, 0, 0
72000, 1581283, 0, 0, 0
72100, 1533827, 0, 0, 0
72200, 1359761, 0, 0, 0
72300, 1277991, 0, 0, 0
72400, 1440337, 0, 0, 0
72500, 1340879, 0, 0, 0
72600, 1529621, 0, 0, 0
72700, 1365449, 0, 0, 0
72800, 1302043, 0, 0, 0
72900, 1381624, 0, 0, 0
73000, 1523782, 0, 0, 0
73100, 1413272, 0, 0, 0
73200, 1561189, 0, 0, 0
73300, 1362074, 0, 0, 0
73400, 1315529, 0, 0, 0
73500, 1295838, 0, 0, 0
73600, 1340769, 0, 0, 0
73700, 1374808, 0, 0, 0
73800, 1298175, 0, 0, 0
73900, 1391851, 0, 0, 0
74000, 1358867, 0, 0, 0
74100, 1395939, 0, 0, 0
74200, 1299088, 0, 0, 0
74300, 1333837, 0, 0, 0
74400, 1399840, 0, 0, 0
74500, 1323348, 0, 0, 0
74600, 1307420, 0, 0, 0
74700, 1406143, 0, 0, 0
74800, 1321367, 0, 0, 0
74900, 1301709, 0, 0, 0
75000, 1391633, 0, 0, 0
75100, 1373467, 0, 0, 0
75200, 1333577, 0, 0, 0
75300, 1291687, 0, 0, 0
75400, 1382400, 0, 0, 0
75500, 1309666, 0, 0, 0
75600, 1433389, 0, 0, 0
75700, 1479630, 0, 0, 0
75800, 1395650, 0, 0, 0
75900, 1359003, 0, 0, 0
76000, 1385411, 0, 0, 0
76100, 1474455, 0, 0, 0
76200, 1356774, 0, 0, 0
76300, 1611105, 0, 0, 0
76400, 1297450, 0, 0, 0
76500, 1314972, 0, 0, 0
76600, 1377176, 0, 0, 0
76700, 1307726, 0, 0, 0
76800, 1300268, 0, 0, 0
76900, 1457786, 0, 0, 0
77000, 1269125, 0, 0, 0
77100, 1483415, 0, 0, 0
77200, 1385448, 0, 0, 0
77300, 1468229, 0, 0, 0
77400, 1636210, 0, 0, 0
77500, 1516476, 0, 0, 0
77600, 1384431, 0, 0, 0
77700, 1316526, 0, 0, 0
77800, 1389624, 0, 0, 0
77900, 1421761, 0, 0, 0
78000, 1446291, 0, 0, 0
78100, 1335887, 0, 0, 0
78200, 1369433, 0, 0, 0
78300, 1406094, 0, 0, 0
78400, 1331121, 0, 0, 0
78500, 1546644, 0, 0, 0
78600, 1368824, 0, 0, 0
78700, 1364337, 0, 0, 0
78800, 1405968, 0, 0, 0
78900, 1344011, 0, 0, 0
79000, 1458852, 0, 0, 0
79100, 1395998, 0, 0, 0
79200, 1334038, 0, 0, 0
79300, 1432813, 0, 0, 0
79400, 1408817, 0, 0, 0
79500, 1393926, 0, 0, 0
79600, 1391294, 0, 0, 0
79700, 1403383, 0, 0, 0
79800, 1500595, 0, 0, 0
79900, 1433873, 0, 0, 0
80000, 1357924, 0, 0, 0
80100, 1388336, 0, 0, 0
80200, 1396035, 0, 0, 0
80300, 1442011, 0, 0, 0
80400, 1434662, 0, 0, 0
80500, 1404630, 0, 0, 0
80600, 1466146, 0, 0, 0
80700, 1387996, 0, 0, 0
80800, 1335731, 0, 0, 0
80900, 1315938, 0, 0, 0
81000, 1399608, 0, 0, 0
81100, 1550236, 0, 0, 0
81200, 1321783, 0, 0, 0
81300, 1420078, 0, 0, 0
81400, 1421433, 0, 0, 0
81500, 1347548, 0, 0, 0
81600, 1494159, 0, 0, 0
81700, 1380199, 0, 0, 0
81800, 1330301, 0, 0, 0
81900, 1438602, 0, 0, 0
82000, 1436840, 0, 0, 0
82100, 1413240, 0, 0, 0
82200, 1398001, 0, 0, 0
82300, 1426959, 0, 0, 0
82400, 1475642, 0, 0, 0
82500, 1435981, 0, 0, 0
82600, 1410450, 0, 0, 0
82700, 1438936, 0, 0, 0
82800, 1385264, 0, 0, 0
82900, 1404969, 0, 0, 0
83000, 1264116, 0, 0, 0
83100, 1419295, 0, 0, 0
83200, 1329990, 0, 0, 0
83300, 1333418, 0, 0, 0
83400, 1422126, 0, 0, 0
83500, 1364647, 0, 0, 0
83600, 1333516, 0, 0, 0
83700, 1408325, 0, 0, 0
83800, 1436241, 0, 0, 0
83900, 1416668, 0, 0, 0
84000, 1452353, 0, 0, 0
84100, 1402206, 0, 0, 0
84200, 1450822, 0, 0, 0
84300, 1485705, 0, 0, 0
84400, 1451774, 0, 0, 0
84500, 1309531, 0, 0, 0
84600, 1415884, 0, 0, 0
84700, 1545961, 0, 0, 0
84800, 1336138, 0, 0, 0
84900, 1535201, 0, 0, 0
85000, 1329383, 0, 0, 0
85100, 1372163, 0, 0, 0
85200, 1366313, 0, 0, 0
85300, 1372477, 0, 0, 0
85400, 1399032, 0, 0, 0
85500, 1320248, 0, 0, 0
85600, 1485179, 0, 0, 0
85700, 1296582, 0, 0, 0
85800, 1353644, 0, 0, 0
85900, 1595703, 0, 0, 0
86000, 1408411, 0, 0, 0
86100, 1488706, 0, 0, 0
86200, 1447606, 0, 0, 0
86300, 1369980, 0, 0, 0
86400, 1442519, 0, 0, 0
86500, 1461893, 0, 0, 0
86600, 1410777, 0, 0, 0
86700, 1310994, 0, 0, 0
86800, 1309414, 0, 0, 0
86900, 1394709, 0, 0, 0
87000, 1495097, 0, 0, 0
87100, 1463508, 0, 0, 0
87200, 1454022, 0, 0, 0
87300, 1500013, 0, 0, 0
87400, 1446559, 0, 0, 0
87500, 1515183, 0, 0, 0
87600, 1425284, 0, 0, 0
87700, 1483468, 0, 0, 0
87800, 1421546, 0, 0, 0
87900, 1452667, 0, 0, 0
88000, 1374626, 0, 0, 0
88100, 1369202, 0, 0, 0
88200, 1373603, 0, 0, 0
88300, 1458809, 0, 0, 0
88400, 1324297, 0, 0, 0
88500, 1326255, 0, 0, 0
88600, 1487494, 0, 0, 0
88700, 1467702, 0, 0, 0
88800, 1266358, 0, 0, 0
88900, 1345235, 0, 0, 0
89000, 1438296, 0, 0, 0
89100, 1486341, 0, 0, 0
89200, 1363761, 0, 0, 0
89300, 1405288, 0, 0, 0
89400, 1451269, 0, 0, 0
89500, 1403795, 0, 0, 0
89600, 1363906, 0, 0, 0
89700, 1421770, 0, 0, 0
89800, 1506560, 0, 0, 0
89900, 1500667, 0, 0, 0
90000, 1331881, 0, 0, 0
90001, 2419950, 0, 0, 0
