102, 5388033, 0, 0, 0
201, 4915763, 0, 0, 0
302, 4834914, 0, 0, 0
404, 5980517, 0, 0, 0
505, 5569390, 0, 0, 0
607, 5982847, 0, 0, 0
709, 5661376, 0, 0, 0
805, 5679871, 0, 0, 0
907, 6309668, 0, 0, 0
1004, 4858293, 0, 0, 0
1104, 4990784, 0, 0, 0
1202, 4906852, 0, 0, 0
1304, 4839458, 0, 0, 0
1401, 5083316, 0, 0, 0
1500, 4720357, 0, 0, 0
1601, 5030214, 0, 0, 0
1704, 5154851, 0, 0, 0
1805, 5270023, 0, 0, 0
1901, 4175125, 0, 0, 0
2005, 4933547, 0, 0, 0
2102, 4624149, 0, 0, 0
2203, 4597230, 0, 0, 0
2303, 5516464, 0, 0, 0
2401, 4908024, 0, 0, 0
2505, 4927176, 0, 0, 0
2600, 5004791, 0, 0, 0
2706, 5559387, 0, 0, 0
2801, 5293559, 0, 0, 0
2905, 5728715, 0, 0, 0
3000, 5587287, 0, 0, 0
3101, 5066424, 0, 0, 0
3206, 4980729, 0, 0, 0
3302, 5030054, 0, 0, 0
3404, 5365380, 0, 0, 0
3501, 4828810, 0, 0, 0
3608, 5072968, 0, 0, 0
3702, 5247418, 0, 0, 0
3803, 5590660, 0, 0, 0
3904, 5047004, 0, 0, 0
4002, 5114751, 0, 0, 0
4103, 4582637, 0, 0, 0
4203, 5889534, 0, 0, 0
4308, 5839541, 0, 0, 0
4400, 5384522, 0, 0, 0
4502, 5676330, 0, 0, 0
4600, 5113852, 0, 0, 0
4700, 4777743, 0, 0, 0
4803, 4448387, 0, 0, 0
4902, 5839987, 0, 0, 0
5003, 5020202, 0, 0, 0
5100, 4640642, 0, 0, 0
5200, 4340285, 0, 0, 0
5301, 6279390, 0, 0, 0
5402, 5023275, 0, 0, 0
5501, 5501280, 0, 0, 0
5601, 4743079, 0, 0, 0
5700, 4974402, 0, 0, 0
5804, 5442973, 0, 0, 0
5904, 5250243, 0, 0, 0
6003, 5182125, 0, 0, 0
6103, 5012169, 0, 0, 0
6202, 5490370, 0, 0, 0
6300, 5450720, 0, 0, 0
6403, 6408941, 0, 0, 0
6500, 5673854, 0, 0, 0
6601, 5063693, 0, 0, 0
6701, 5521157, 0, 0, 0
6801, 4761503, 0, 0, 0
6904, 4878730, 0, 0, 0
7006, 5380061, 0, 0, 0
7103, 5375889, 0, 0, 0
7207, 4338792, 0, 0, 0
7301, 4675936, 0, 0, 0
7406, 5492446, 0, 0, 0
7506, 4992353, 0, 0, 0
7605, 5500697, 0, 0, 0
7702, 5689147, 0, 0, 0
7803, 5308042, 0, 0, 0
7907, 5180924, 0, 0, 0
8006, 5483334, 0, 0, 0
8105, 6641925, 0, 0, 0
8203, 6091944, 0, 0, 0
8303, 5877623, 0, 0, 0
8402, 5457061, 0, 0, 0
8506, 5205804, 0, 0, 0
8602, 4783258, 0, 0, 0
8708, 6224962, 0, 0, 0
8802, 5205867, 0, 0, 0
8900, 6147552, 0, 0, 0
9001, 5005632, 0, 0, 0
9101, 5546064, 0, 0, 0
9204, 5180449, 0, 0, 0
9303, 5486354, 0, 0, 0
9401, 4862154, 0, 0, 0
9501, 4344595, 0, 0, 0
9605, 5181713, 0, 0, 0
9702, 4854433, 0, 0, 0
9801, 5211266, 0, 0, 0
9903, 5982598, 0, 0, 0
10006, 4915367, 0, 0, 0
10103, 5075468, 0, 0, 0
10204, 6288546, 0, 0, 0
10300, 5627763, 0, 0, 0
10403, 6470307, 0, 0, 0
10500, 5060757, 0, 0, 0
10601, 5314004, 0, 0, 0
10701, 5533257, 0, 0, 0
10802, 5629624, 0, 0, 0
10903, 4392479, 0, 0, 0
11007, 4681915, 0, 0, 0
11103, 5343989, 0, 0, 0
11204, 4821077, 0, 0, 0
11304, 5523401, 0, 0, 0
11408, 4947299, 0, 0, 0
11504, 5311925, 0, 0, 0
11607, 4919004, 0, 0, 0
11705, 5131089, 0, 0, 0
11800, 5009257, 0, 0, 0
11903, 4667730, 0, 0, 0
12005, 5317658, 0, 0, 0
12103, 4250094, 0, 0, 0
12200, 4638785, 0, 0, 0
12301, 4809368, 0, 0, 0
12406, 5233025, 0, 0, 0
12507, 5275925, 0, 0, 0
12601, 5560495, 0, 0, 0
12702, 5013856, 0, 0, 0
12800, 4465666, 0, 0, 0
12907, 4646514, 0, 0, 0
13002, 5573608, 0, 0, 0
13107, 4763867, 0, 0, 0
13201, 4690906, 0, 0, 0
13301, 5250948, 0, 0, 0
13405, 4500262, 0, 0, 0
13502, 5678784, 0, 0, 0
13606, 5197569, 0, 0, 0
13700, 5232168, 0, 0, 0
13800, 5559267, 0, 0, 0
13900, 4758229, 0, 0, 0
14003, 5111406, 0, 0, 0
14100, 5082580, 0, 0, 0
14203, 4914970, 0, 0, 0
14306, 4902146, 0, 0, 0
14405, 5492536, 0, 0, 0
14503, 5157413, 0, 0, 0
14604, 5291143, 0, 0, 0
14704, 5866748, 0, 0, 0
14802, 4914761, 0, 0, 0
14904, 5091835, 0, 0, 0
15001, 5081489, 0, 0, 0
15100, 4685809, 0, 0, 0
15203, 5445505, 0, 0, 0
15301, 5426815, 0, 0, 0
15401, 5521034, 0, 0, 0
15503, 4413079, 0, 0, 0
15601, 4683034, 0, 0, 0
15704, 5402437, 0, 0, 0
15802, 5434989, 0, 0, 0
15902, 5266899, 0, 0, 0
16003, 5289952, 0, 0, 0
16104, 4802303, 0, 0, 0
16201, 5096082, 0, 0, 0
16302, 5299955, 0, 0, 0
16400, 5165851, 0, 0, 0
16500, 5890891, 0, 0, 0
16600, 4529748, 0, 0, 0
16706, 5545173, 0, 0, 0
16800, 4489211, 0, 0, 0
16903, 5385097, 0, 0, 0
17008, 5516916, 0, 0, 0
17101, 5137862, 0, 0, 0
17201, 5024399, 0, 0, 0
17302, 4787358, 0, 0, 0
17403, 4378520, 0, 0, 0
17509, 6618213, 0, 0, 0
17602, 6207411, 0, 0, 0
17705, 5716730, 0, 0, 0
17800, 4739929, 0, 0, 0
17901, 5289398, 0, 0, 0
18002, 5616243, 0, 0, 0
18101, 4487224, 0, 0, 0
18200, 5202179, 0, 0, 0
18303, 5374588, 0, 0, 0
18404, 5052204, 0, 0, 0
18502, 5789822, 0, 0, 0
18602, 4993164, 0, 0, 0
18702, 5510970, 0, 0, 0
18801, 5195813, 0, 0, 0
18902, 4578421, 0, 0, 0
19002, 4187842, 0, 0, 0
19107, 4563477, 0, 0, 0
19203, 5311169, 0, 0, 0
19304, 4792717, 0, 0, 0
19408, 5786109, 0, 0, 0
19503, 4095612, 0, 0, 0
19602, 5508400, 0, 0, 0
19704, 5334434, 0, 0, 0
19804, 5249006, 0, 0, 0
19906, 6409409, 0, 0, 0
20002, 5646999, 0, 0, 0
20102, 4956100, 0, 0, 0
20200, 5139130, 0, 0, 0
20302, 5661312, 0, 0, 0
20402, 5543728, 0, 0, 0
20500, 4657535, 0, 0, 0
20601, 5048844, 0, 0, 0
20700, 4505368, 0, 0, 0
20803, 5400767, 0, 0, 0
20904, 5610631, 0, 0, 0
21001, 4399609, 0, 0, 0
21104, 4681318, 0, 0, 0
21203, 5195010, 0, 0, 0
21302, 4478775, 0, 0, 0
21402, 5257685, 0, 0, 0
21503, 5619809, 0, 0, 0
21602, 4701544, 0, 0, 0
21705, 6018467, 0, 0, 0
21803, 5460249, 0, 0, 0
21903, 5876403, 0, 0, 0
22002, 5778189, 0, 0, 0
22104, 4852070, 0, 0, 0
22204, 5570679, 0, 0, 0
22304, 5834260, 0, 0, 0
22407, 4306558, 0, 0, 0
22504, 5657436, 0, 0, 0
22600, 5981012, 0, 0, 0
22706, 4602073, 0, 0, 0
22800, 4691910, 0, 0, 0
22902, 4858796, 0, 0, 0
23005, 5434140, 0, 0, 0
23103, 4894909, 0, 0, 0
23201, 5386651, 0, 0, 0
23302, 4603327, 0, 0, 0
23402, 4747811, 0, 0, 0
23503, 5608096, 0, 0, 0
23603, 5541674, 0, 0, 0
23701, 5423382, 0, 0, 0
23800, 4924915, 0, 0, 0
23901, 5340057, 0, 0, 0
24002, 4166128, 0, 0, 0
24110, 5414639, 0, 0, 0
24204, 5215124, 0, 0, 0
24304, 4760076, 0, 0, 0
24401, 4827608, 0, 0, 0
24500, 4508479, 0, 0, 0
24602, 5644926, 0, 0, 0
24702, 5840141, 0, 0, 0
24801, 4528196, 0, 0, 0
24903, 4818938, 0, 0, 0
25000, 4235185, 0, 0, 0
25100, 4967648, 0, 0, 0
25200, 4778538, 0, 0, 0
25301, 5292211, 0, 0, 0
25402, 5587814, 0, 0, 0
25503, 5636151, 0, 0, 0
25604, 5288043, 0, 0, 0
25703, 5178599, 0, 0, 0
25800, 5117904, 0, 0, 0
25904, 4320711, 0, 0, 0
26003, 5495077, 0, 0, 0
26103, 4973009, 0, 0, 0
26205, 5371096, 0, 0, 0
26302, 5409255, 0, 0, 0
26402, 5876546, 0, 0, 0
26503, 5291602, 0, 0, 0
26602, 5210933, 0, 0, 0
26702, 4969864, 0, 0, 0
26802, 5247560, 0, 0, 0
26905, 4676194, 0, 0, 0
27004, 5228547, 0, 0, 0
27100, 5935292, 0, 0, 0
27205, 4565022, 0, 0, 0
27301, 4179894, 0, 0, 0
27401, 5273745, 0, 0, 0
27502, 5273411, 0, 0, 0
27603, 5031754, 0, 0, 0
27702, 5232058, 0, 0, 0
27800, 5440286, 0, 0, 0
27901, 4807025, 0, 0, 0
28002, 5280904, 0, 0, 0
28101, 4932820, 0, 0, 0
28200, 5516145, 0, 0, 0
28301, 6306185, 0, 0, 0
28400, 5196565, 0, 0, 0
28505, 5821230, 0, 0, 0
28600, 5547411, 0, 0, 0
28700, 5907092, 0, 0, 0
28801, 5912045, 0, 0, 0
28905, 5744660, 0, 0, 0
29006, 5053588, 0, 0, 0
29106, 4737934, 0, 0, 0
29204, 5433743, 0, 0, 0
29301, 5429384, 0, 0, 0
29400, 5774843, 0, 0, 0
29504, 4734284, 0, 0, 0
29606, 5068217, 0, 0, 0
29703, 5419558, 0, 0, 0
29804, 5006975, 0, 0, 0
29908, 5798175, 0, 0, 0
30003, 4513385, 0, 0, 0
30103, 5553248, 0, 0, 0
30203, 6216789, 0, 0, 0
30301, 5764610, 0, 0, 0
30403, 5081291, 0, 0, 0
30500, 5067896, 0, 0, 0
30605, 5270789, 0, 0, 0
30701, 5327391, 0, 0, 0
30800, 4493659, 0, 0, 0
30903, 4634101, 0, 0, 0
31003, 4773508, 0, 0, 0
31104, 5031471, 0, 0, 0
31205, 5070559, 0, 0, 0
31301, 5323374, 0, 0, 0
31402, 5274367, 0, 0, 0
31506, 4962197, 0, 0, 0
31601, 5252557, 0, 0, 0
31700, 6580140, 0, 0, 0
31808, 5382288, 0, 0, 0
31902, 5203087, 0, 0, 0
32003, 5053550, 0, 0, 0
32111, 5706222, 0, 0, 0
32200, 5907570, 0, 0, 0
32303, 4905856, 0, 0, 0
32406, 5670763, 0, 0, 0
32503, 6478785, 0, 0, 0
32606, 4681757, 0, 0, 0
32702, 5661109, 0, 0, 0
32800, 4655124, 0, 0, 0
32900, 5210218, 0, 0, 0
33002, 4846791, 0, 0, 0
33100, 4674569, 0, 0, 0
33200, 5002383, 0, 0, 0
33306, 5039275, 0, 0, 0
33402, 6391400, 0, 0, 0
33500, 5133760, 0, 0, 0
33612, 5878644, 0, 0, 0
33700, 4912541, 0, 0, 0
33800, 4993257, 0, 0, 0
33900, 5842688, 0, 0, 0
34001, 5029844, 0, 0, 0
34103, 4870256, 0, 0, 0
34205, 5345450, 0, 0, 0
34303, 4902977, 0, 0, 0
34403, 4554150, 0, 0, 0
34504, 4990991, 0, 0, 0
34605, 5639712, 0, 0, 0
34703, 5408321, 0, 0, 0
34802, 5486348, 0, 0, 0
34903, 4806832, 0, 0, 0
35003, 4772693, 0, 0, 0
35101, 5450500, 0, 0, 0
35202, 5584572, 0, 0, 0
35302, 5255138, 0, 0, 0
35400, 5433754, 0, 0, 0
35503, 5159698, 0, 0, 0
35603, 5510996, 0, 0, 0
35701, 4896845, 0, 0, 0
35800, 4966361, 0, 0, 0
35901, 5922729, 0, 0, 0
36001, 5229646, 0, 0, 0
36100, 4970959, 0, 0, 0
36202, 4615013, 0, 0, 0
36303, 5314285, 0, 0, 0
36400, 5695275, 0, 0, 0
36504, 5458708, 0, 0, 0
36600, 6348470, 0, 0, 0
36707, 5367470, 0, 0, 0
36802, 4724176, 0, 0, 0
36904, 6361894, 0, 0, 0
37003, 5207360, 0, 0, 0
37102, 5216363, 0, 0, 0
37204, 4816294, 0, 0, 0
37301, 5394072, 0, 0, 0
37402, 4813562, 0, 0, 0
37504, 5063825, 0, 0, 0
37603, 5502410, 0, 0, 0
37700, 4831107, 0, 0, 0
37807, 5646606, 0, 0, 0
37908, 4770157, 0, 0, 0
38003, 5015908, 0, 0, 0
38105, 5954139, 0, 0, 0
38204, 5216560, 0, 0, 0
38300, 5030969, 0, 0, 0
38408, 5165552, 0, 0, 0
38500, 5732154, 0, 0, 0
38600, 5274002, 0, 0, 0
38704, 5166329, 0, 0, 0
38804, 4993969, 0, 0, 0
38901, 4835536, 0, 0, 0
39006, 5838292, 0, 0, 0
39108, 5665494, 0, 0, 0
39200, 5106573, 0, 0, 0
39305, 4526912, 0, 0, 0
39403, 5778497, 0, 0, 0
39501, 5134166, 0, 0, 0
39603, 5658760, 0, 0, 0
39702, 5184498, 0, 0, 0
39802, 4998358, 0, 0, 0
39904, 4866829, 0, 0, 0
40002, 4063812, 0, 0, 0
40100, 6135466, 0, 0, 0
40200, 5528032, 0, 0, 0
40307, 4853851, 0, 0, 0
40400, 5146233, 0, 0, 0
40503, 4497936, 0, 0, 0
40602, 4916455, 0, 0, 0
40704, 5109621, 0, 0, 0
40804, 5513905, 0, 0, 0
40904, 5269040, 0, 0, 0
41004, 4965566, 0, 0, 0
41102, 4667503, 0, 0, 0
41204, 5080137, 0, 0, 0
41303, 5506944, 0, 0, 0
41401, 4098517, 0, 0, 0
41501, 5232919, 0, 0, 0
41602, 5598968, 0, 0, 0
41707, 4754047, 0, 0, 0
41801, 4959682, 0, 0, 0
41906, 5798600, 0, 0, 0
42003, 5684688, 0, 0, 0
42105, 5109112, 0, 0, 0
42203, 5422880, 0, 0, 0
42304, 5080009, 0, 0, 0
42403, 4906323, 0, 0, 0
42503, 5270657, 0, 0, 0
42600, 4840249, 0, 0, 0
42703, 5135453, 0, 0, 0
42801, 4671933, 0, 0, 0
42905, 4691347, 0, 0, 0
43003, 4890976, 0, 0, 0
43102, 5189441, 0, 0, 0
43206, 6108850, 0, 0, 0
43303, 4869281, 0, 0, 0
43403, 5252039, 0, 0, 0
43504, 4361145, 0, 0, 0
43600, 5359319, 0, 0, 0
43700, 5229600, 0, 0, 0
43803, 4656026, 0, 0, 0
43902, 5229704, 0, 0, 0
44008, 5540357, 0, 0, 0
44106, 6177080, 0, 0, 0
44202, 5308034, 0, 0, 0
44300, 4870113, 0, 0, 0
44401, 4410864, 0, 0, 0
44500, 6118729, 0, 0, 0
44603, 4931393, 0, 0, 0
44700, 4583239, 0, 0, 0
44809, 5753848, 0, 0, 0
44905, 5947065, 0, 0, 0
45006, 5356888, 0, 0, 0
45104, 6102686, 0, 0, 0
45201, 5677963, 0, 0, 0
45301, 4545565, 0, 0, 0
45402, 5029318, 0, 0, 0
45502, 4982341, 0, 0, 0
45600, 5743987, 0, 0, 0
45704, 5228284, 0, 0, 0
45800, 5038244, 0, 0, 0
45903, 6437894, 0, 0, 0
46003, 5214792, 0, 0, 0
46102, 5192302, 0, 0, 0
46205, 4116038, 0, 0, 0
46302, 5722344, 0, 0, 0
46402, 5533808, 0, 0, 0
46503, 4809903, 0, 0, 0
46603, 5835436, 0, 0, 0
46700, 5699518, 0, 0, 0
46803, 5718505, 0, 0, 0
46901, 5174438, 0, 0, 0
47000, 5778586, 0, 0, 0
47102, 5700960, 0, 0, 0
47203, 5261186, 0, 0, 0
47304, 5959928, 0, 0, 0
47402, 4667890, 0, 0, 0
47503, 4549607, 0, 0, 0
47602, 4312904, 0, 0, 0
47705, 4455992, 0, 0, 0
47806, 4391693, 0, 0, 0
47905, 5225434, 0, 0, 0
48002, 4817553, 0, 0, 0
48101, 4940215, 0, 0, 0
48204, 5150333, 0, 0, 0
48302, 5124507, 0, 0, 0
48400, 6119522, 0, 0, 0
48507, 5084438, 0, 0, 0
48608, 6730879, 0, 0, 0
48700, 4878584, 0, 0, 0
48802, 5620462, 0, 0, 0
48905, 5129487, 0, 0, 0
49003, 4659061, 0, 0, 0
49102, 4986298, 0, 0, 0
49200, 6104207, 0, 0, 0
49302, 5956916, 0, 0, 0
49400, 4266495, 0, 0, 0
49503, 5429950, 0, 0, 0
49604, 4571843, 0, 0, 0
49700, 5054919, 0, 0, 0
49803, 4657478, 0, 0, 0
49901, 5450652, 0, 0, 0
50003, 5670108, 0, 0, 0
50100, 4573407, 0, 0, 0
50201, 5349241, 0, 0, 0
50304, 4880073, 0, 0, 0
50400, 5979905, 0, 0, 0
50503, 5153849, 0, 0, 0
50601, 4900802, 0, 0, 0
50703, 5341929, 0, 0, 0
50803, 5001904, 0, 0, 0
50907, 5475534, 0, 0, 0
51005, 5386300, 0, 0, 0
51101, 4831125, 0, 0, 0
51202, 5018284, 0, 0, 0
51306, 4935104, 0, 0, 0
51400, 4976059, 0, 0, 0
51502, 5942778, 0, 0, 0
51605, 5759012, 0, 0, 0
51706, 5552978, 0, 0, 0
51802, 4818704, 0, 0, 0
51900, 4246944, 0, 0, 0
52001, 5313211, 0, 0, 0
52100, 4725534, 0, 0, 0
52210, 5442707, 0, 0, 0
52300, 5286242, 0, 0, 0
52401, 5609950, 0, 0, 0
52506, 5266457, 0, 0, 0
52600, 4940007, 0, 0, 0
52704, 5187686, 0, 0, 0
52805, 5272391, 0, 0, 0
52903, 5149965, 0, 0, 0
53002, 4737689, 0, 0, 0
53101, 5812540, 0, 0, 0
53201, 4956774, 0, 0, 0
53301, 4776840, 0, 0, 0
53402, 5305919, 0, 0, 0
53504, 4611638, 0, 0, 0
53602, 4908943, 0, 0, 0
53703, 5614763, 0, 0, 0
53802, 5471352, 0, 0, 0
53901, 5183347, 0, 0, 0
54003, 5694030, 0, 0, 0
54103, 4997164, 0, 0, 0
54207, 5172974, 0, 0, 0
54302, 4996396, 0, 0, 0
54400, 5750057, 0, 0, 0
54501, 5297065, 0, 0, 0
54600, 4292027, 0, 0, 0
54705, 5242978, 0, 0, 0
54802, 4850467, 0, 0, 0
54915, 5938452, 0, 0, 0
55003, 5462472, 0, 0, 0
55103, 5547572, 0, 0, 0
55201, 4686454, 0, 0, 0
55306, 6135576, 0, 0, 0
55402, 4596042, 0, 0, 0
55501, 4106233, 0, 0, 0
55603, 5096660, 0, 0, 0
55703, 5527477, 0, 0, 0
55803, 4754359, 0, 0, 0
55901, 4644582, 0, 0, 0
56000, 5228608, 0, 0, 0
56103, 4873740, 0, 0, 0
56206, 5155229, 0, 0, 0
56300, 4919888, 0, 0, 0
56401, 5615443, 0, 0, 0
56503, 4839655, 0, 0, 0
56601, 5191971, 0, 0, 0
56701, 4967618, 0, 0, 0
56805, 4710150, 0, 0, 0
56900, 4988673, 0, 0, 0
57002, 5359032, 0, 0, 0
57105, 5727422, 0, 0, 0
57202, 4624476, 0, 0, 0
57301, 4696369, 0, 0, 0
57405, 5203557, 0, 0, 0
57502, 4838378, 0, 0, 0
57601, 6125216, 0, 0, 0
57710, 5200529, 0, 0, 0
57805, 4496249, 0, 0, 0
57901, 5058149, 0, 0, 0
58000, 4931402, 0, 0, 0
58101, 5051274, 0, 0, 0
58205, 5186330, 0, 0, 0
58302, 4395309, 0, 0, 0
58403, 4595196, 0, 0, 0
58502, 5794889, 0, 0, 0
58602, 5550341, 0, 0, 0
58706, 4936400, 0, 0, 0
58800, 4081514, 0, 0, 0
58901, 4820529, 0, 0, 0
59003, 6358134, 0, 0, 0
59102, 4931134, 0, 0, 0
59200, 5409098, 0, 0, 0
59301, 5960384, 0, 0, 0
59411, 5752970, 0, 0, 0
59505, 5211082, 0, 0, 0
59606, 4400403, 0, 0, 0
59706, 4994512, 0, 0, 0
59804, 5134586, 0, 0, 0
59903, 4708334, 0, 0, 0
60005, 4845629, 0, 0, 0
60108, 5145654, 0, 0, 0
60203, 5563436, 0, 0, 0
60301, 5137697, 0, 0, 0
60404, 5186579, 0, 0, 0
60502, 5422959, 0, 0, 0
60600, 5405567, 0, 0, 0
60701, 4611753, 0, 0, 0
60804, 4645272, 0, 0, 0
60902, 4897703, 0, 0, 0
61003, 5584391, 0, 0, 0
61103, 5254768, 0, 0, 0
61205, 5381861, 0, 0, 0
61300, 4737014, 0, 0, 0
61402, 4848593, 0, 0, 0
61501, 4482058, 0, 0, 0
61604, 4924801, 0, 0, 0
61701, 5091273, 0, 0, 0
61808, 5592574, 0, 0, 0
61904, 4820885, 0, 0, 0
62001, 5077317, 0, 0, 0
62105, 5779704, 0, 0, 0
62201, 5325723, 0, 0, 0
62301, 5511503, 0, 0, 0
62401, 4763322, 0, 0, 0
62502, 4570729, 0, 0, 0
62603, 5947612, 0, 0, 0
62704, 4560701, 0, 0, 0
62806, 4876005, 0, 0, 0
62904, 5151589, 0, 0, 0
63003, 4940920, 0, 0, 0
63101, 5407964, 0, 0, 0
63200, 4933557, 0, 0, 0
63300, 5567926, 0, 0, 0
63402, 5965977, 0, 0, 0
63504, 5674698, 0, 0, 0
63603, 5206138, 0, 0, 0
63703, 4977161, 0, 0, 0
63805, 4420979, 0, 0, 0
63902, 4423593, 0, 0, 0
64004, 4222863, 0, 0, 0
64102, 4881330, 0, 0, 0
64200, 4693583, 0, 0, 0
64303, 4880501, 0, 0, 0
64402, 4717609, 0, 0, 0
64501, 5474070, 0, 0, 0
64600, 5789006, 0, 0, 0
64705, 4216151, 0, 0, 0
64803, 4618607, 0, 0, 0
64905, 4652932, 0, 0, 0
65000, 4520939, 0, 0, 0
65101, 5034250, 0, 0, 0
65201, 4743614, 0, 0, 0
65300, 5190379, 0, 0, 0
65404, 5201328, 0, 0, 0
65507, 6402247, 0, 0, 0
65600, 4896746, 0, 0, 0
65703, 5153584, 0, 0, 0
65801, 5148370, 0, 0, 0
65902, 5574176, 0, 0, 0
66003, 5348901, 0, 0, 0
66101, 5399108, 0, 0, 0
66204, 5445218, 0, 0, 0
66303, 6552458, 0, 0, 0
66406, 4900846, 0, 0, 0
66502, 4350300, 0, 0, 0
66600, 4908560, 0, 0, 0
66702, 5095665, 0, 0, 0
66801, 4905249, 0, 0, 0
66905, 5202162, 0, 0, 0
67002, 5396455, 0, 0, 0
67101, 4502539, 0, 0, 0
67202, 4767531, 0, 0, 0
67304, 5123058, 0, 0, 0
67402, 4447501, 0, 0, 0
67506, 5436602, 0, 0, 0
67602, 5313782, 0, 0, 0
67701, 5199537, 0, 0, 0
67802, 4570870, 0, 0, 0
67900, 5794837, 0, 0, 0
68003, 5143810, 0, 0, 0
68103, 6204045, 0, 0, 0
68203, 5023454, 0, 0, 0
68301, 5433111, 0, 0, 0
68403, 4625035, 0, 0, 0
68507, 5731341, 0, 0, 0
68607, 5263981, 0, 0, 0
68705, 4882248, 0, 0, 0
68804, 6178044, 0, 0, 0
68904, 5565105, 0, 0, 0
69003, 5205984, 0, 0, 0
69102, 5198770, 0, 0, 0
69200, 5729542, 0, 0, 0
69301, 5332775, 0, 0, 0
69400, 5830982, 0, 0, 0
69502, 4037956, 0, 0, 0
69602, 5282369, 0, 0, 0
69704, 5352478, 0, 0, 0
69805, 5621576, 0, 0, 0
69904, 5160834, 0, 0, 0
70001, 5393992, 0, 0, 0
70106, 5535511, 0, 0, 0
70202, 4785163, 0, 0, 0
70302, 4999146, 0, 0, 0
70401, 5189693, 0, 0, 0
70504, 5392235, 0, 0, 0
70605, 5328519, 0, 0, 0
70702, 5094800, 0, 0, 0
70804, 5961912, 0, 0, 0
70904, 5242132, 0, 0, 0
71000, 5055795, 0, 0, 0
71101, 4783536, 0, 0, 0
71204, 5429091, 0, 0, 0
71303, 4962327, 0, 0, 0
71403, 5246523, 0, 0, 0
71501, 4882871, 0, 0, 0
71603, 5347012, 0, 0, 0
71701, 4676810, 0, 0, 0
71803, 4815040, 0, 0, 0
71900, 4843741, 0, 0, 0
72005, 5554181, 0, 0, 0
72101, 5031714, 0, 0, 0
72202, 5296780, 0, 0, 0
72301, 4695585, 0, 0, 0
72403, 5371038, 0, 0, 0
72502, 4915277, 0, 0, 0
72601, 5497685, 0, 0, 0
72702, 4379325, 0, 0, 0
72804, 5346820, 0, 0, 0
72903, 5527332, 0, 0, 0
73003, 5255612, 0, 0, 0
73105, 4831020, 0, 0, 0
73200, 4539491, 0, 0, 0
73300, 4519600, 0, 0, 0
73404, 5182778, 0, 0, 0
73507, 5120636, 0, 0, 0
73602, 5582458, 0, 0, 0
73701, 4733265, 0, 0, 0
73807, 5033840, 0, 0, 0
73904, 5398349, 0, 0, 0
74000, 5008709, 0, 0, 0
74105, 6163498, 0, 0, 0
74203, 4883705, 0, 0, 0
74301, 4700884, 0, 0, 0
74404, 4443975, 0, 0, 0
74504, 5269012, 0, 0, 0
74606, 4627909, 0, 0, 0
74702, 4779523, 0, 0, 0
74802, 4341058, 0, 0, 0
74901, 6154695, 0, 0, 0
75000, 5193396, 0, 0, 0
75104, 5780417, 0, 0, 0
75204, 5550761, 0, 0, 0
75300, 5313307, 0, 0, 0
75401, 4826989, 0, 0, 0
75503, 4860498, 0, 0, 0
75601, 5389717, 0, 0, 0
75701, 4792194, 0, 0, 0
75805, 5746837, 0, 0, 0
75909, 5473607, 0, 0, 0
76000, 4305783, 0, 0, 0
76103, 5440533, 0, 0, 0
76202, 4946642, 0, 0, 0
76300, 5429380, 0, 0, 0
76403, 4088566, 0, 0, 0
76503, 4538440, 0, 0, 0
76603, 5911389, 0, 0, 0
76704, 5019716, 0, 0, 0
76803, 4500734, 0, 0, 0
76902, 5779663, 0, 0, 0
77002, 4539612, 0, 0, 0
77101, 4487019, 0, 0, 0
77202, 5064307, 0, 0, 0
77301, 5479622, 0, 0, 0
77402, 5923885, 0, 0, 0
77507, 5535907, 0, 0, 0
77602, 4752995, 0, 0, 0
77701, 4685295, 0, 0, 0
77801, 5006004, 0, 0, 0
77904, 4437514, 0, 0, 0
78003, 4743606, 0, 0, 0
78104, 4769608, 0, 0, 0
78203, 5533009, 0, 0, 0
78303, 4736614, 0, 0, 0
78401, 5767797, 0, 0, 0
78502, 5912597, 0, 0, 0
78603, 5291025, 0, 0, 0
78703, 4776221, 0, 0, 0
78803, 5517217, 0, 0, 0
78906, 4916951, 0, 0, 0
79004, 5133264, 0, 0, 0
79103, 5798871, 0, 0, 0
79203, 5281120, 0, 0, 0
79303, 5276367, 0, 0, 0
79401, 5743492, 0, 0, 0
79502, 5942443, 0, 0, 0
79600, 5746141, 0, 0, 0
79700, 4716262, 0, 0, 0
79802, 6377727, 0, 0, 0
79900, 6123903, 0, 0, 0
80000, 4743703, 0, 0, 0
80102, 5651684, 0, 0, 0
80208, 5923667, 0, 0, 0
80300, 5057509, 0, 0, 0
80400, 4541311, 0, 0, 0
80503, 4691805, 0, 0, 0
80602, 4950441, 0, 0, 0
80704, 5342737, 0, 0, 0
80801, 4862979, 0, 0, 0
80904, 5362205, 0, 0, 0
81002, 4114087, 0, 0, 0
81102, 5531274, 0, 0, 0
81202, 5550584, 0, 0, 0
81302, 4530373, 0, 0, 0
81403, 5034450, 0, 0, 0
81502, 4704103, 0, 0, 0
81602, 5260240, 0, 0, 0
81703, 5563191, 0, 0, 0
81806, 5716590, 0, 0, 0
81900, 4729889, 0, 0, 0
82000, 5837367, 0, 0, 0
82101, 4795545, 0, 0, 0
82201, 4773371, 0, 0, 0
82300, 4938377, 0, 0, 0
82401, 5611546, 0, 0, 0
82503, 5979600, 0, 0, 0
82602, 5201207, 0, 0, 0
82700, 4868914, 0, 0, 0
82801, 4619658, 0, 0, 0
82901, 4323715, 0, 0, 0
83000, 4918248, 0, 0, 0
83100, 5012975, 0, 0, 0
83202, 4853146, 0, 0, 0
83302, 4504455, 0, 0, 0
83400, 5149427, 0, 0, 0
83500, 4760875, 0, 0, 0
83602, 5380571, 0, 0, 0
83700, 5126224, 0, 0, 0
83802, 4652885, 0, 0, 0
83900, 6093542, 0, 0, 0
84001, 5301522, 0, 0, 0
84102, 5943404, 0, 0, 0
84201, 6177348, 0, 0, 0
84301, 4507939, 0, 0, 0
84405, 6116254, 0, 0, 0
84500, 5023730, 0, 0, 0
84600, 4541433, 0, 0, 0
84704, 6097782, 0, 0, 0
84804, 5261747, 0, 0, 0
84900, 5992764, 0, 0, 0
85001, 5913117, 0, 0, 0
85102, 6293702, 0, 0, 0
85202, 4520895, 0, 0, 0
85300, 4666573, 0, 0, 0
85400, 4156060, 0, 0, 0
85501, 4385164, 0, 0, 0
85600, 4957616, 0, 0, 0
85704, 4938535, 0, 0, 0
85803, 5215459, 0, 0, 0
85904, 4383547, 0, 0, 0
86000, 4317617, 0, 0, 0
86104, 5196874, 0, 0, 0
86203, 5803155, 0, 0, 0
86301, 5772476, 0, 0, 0
86403, 4843479, 0, 0, 0
86504, 7775590, 0, 0, 0
86600, 4783031, 0, 0, 0
86702, 4443136, 0, 0, 0
86804, 4598934, 0, 0, 0
86904, 5014878, 0, 0, 0
87004, 4518209, 0, 0, 0
87104, 4992442, 0, 0, 0
87200, 5658725, 0, 0, 0
87301, 5902417, 0, 0, 0
87401, 4561849, 0, 0, 0
87501, 4530871, 0, 0, 0
87603, 4618633, 0, 0, 0
87708, 5021146, 0, 0, 0
87801, 6144807, 0, 0, 0
87906, 5026583, 0, 0, 0
88002, 5276342, 0, 0, 0
88104, 5666397, 0, 0, 0
88200, 4805461, 0, 0, 0
88304, 4958588, 0, 0, 0
88400, 4142749, 0, 0, 0
88503, 4690685, 0, 0, 0
88603, 4983988, 0, 0, 0
88704, 5294044, 0, 0, 0
88802, 5153330, 0, 0, 0
88901, 4957033, 0, 0, 0
89000, 4948044, 0, 0, 0
89105, 4521831, 0, 0, 0
89203, 6149378, 0, 0, 0
89304, 5617340, 0, 0, 0
89404, 5869256, 0, 0, 0
89500, 4761983, 0, 0, 0
89607, 5077126, 0, 0, 0
89707, 5032301, 0, 0, 0
89803, 4563935, 0, 0, 0
89902, 5174720, 0, 0, 0
90002, 5544718, 0, 0, 0
90100, 4892393, 0, 0, 0
90203, 4276383, 0, 0, 0
90303, 4772946, 0, 0, 0
90402, 4951197, 0, 0, 0
90503, 6301012, 0, 0, 0
90602, 6141421, 0, 0, 0
90703, 4593086, 0, 0, 0
90803, 6638358, 0, 0, 0
90904, 5058524, 0, 0, 0
91004, 4537537, 0, 0, 0
91104, 5539898, 0, 0, 0
91203, 4686123, 0, 0, 0
91303, 4995448, 0, 0, 0
91408, 5528222, 0, 0, 0
91509, 5068495, 0, 0, 0
91602, 4376735, 0, 0, 0
91700, 5172751, 0, 0, 0
91805, 4761651, 0, 0, 0
91904, 6174913, 0, 0, 0
92002, 5430919, 0, 0, 0
92104, 5352565, 0, 0, 0
92201, 5363906, 0, 0, 0
92303, 4857005, 0, 0, 0
92401, 5763695, 0, 0, 0
92503, 4836126, 0, 0, 0
92601, 5164982, 0, 0, 0
92703, 5380948, 0, 0, 0
92801, 5112778, 0, 0, 0
92900, 4314864, 0, 0, 0
93003, 4473290, 0, 0, 0
93100, 5349907, 0, 0, 0
93205, 4752476, 0, 0, 0
93307, 5114938, 0, 0, 0
93400, 4640653, 0, 0, 0
93500, 5887312, 0, 0, 0
93601, 4558612, 0, 0, 0
93701, 5549486, 0, 0, 0
93800, 6179042, 0, 0, 0
93901, 4828401, 0, 0, 0
94004, 5122997, 0, 0, 0
94101, 5081100, 0, 0, 0
94209, 5394276, 0, 0, 0
94300, 4779131, 0, 0, 0
94400, 5568239, 0, 0, 0
94503, 6024879, 0, 0, 0
94601, 6136256, 0, 0, 0
94703, 5098250, 0, 0, 0
94801, 4872532, 0, 0, 0
94909, 5980857, 0, 0, 0
95000, 5707361, 0, 0, 0
95100, 5243946, 0, 0, 0
95202, 4215274, 0, 0, 0
95303, 5049802, 0, 0, 0
95400, 5688607, 0, 0, 0
95504, 4940636, 0, 0, 0
95601, 6057459, 0, 0, 0
95703, 5650450, 0, 0, 0
95802, 5518809, 0, 0, 0
95902, 5861109, 0, 0, 0
96002, 4732549, 0, 0, 0
96101, 5240302, 0, 0, 0
96203, 4807262, 0, 0, 0
96301, 4664238, 0, 0, 0
96402, 4807625, 0, 0, 0
96500, 5437753, 0, 0, 0
96600, 5000129, 0, 0, 0
96705, 6128852, 0, 0, 0
96800, 5976192, 0, 0, 0
96900, 5242395, 0, 0, 0
97006, 7543265, 0, 0, 0
97102, 5318108, 0, 0, 0
97200, 5742909, 0, 0, 0
97304, 5500856, 0, 0, 0
97404, 6225744, 0, 0, 0
97500, 5029756, 0, 0, 0
97603, 5140016, 0, 0, 0
97703, 5260005, 0, 0, 0
97802, 5472181, 0, 0, 0
97905, 5412327, 0, 0, 0
98003, 5144628, 0, 0, 0
98102, 5188558, 0, 0, 0
98205, 6425770, 0, 0, 0
98303, 5458747, 0, 0, 0
98400, 5382105, 0, 0, 0
98505, 5528757, 0, 0, 0
98605, 4527061, 0, 0, 0
98704, 6569737, 0, 0, 0
98811, 5339192, 0, 0, 0
98901, 5319443, 0, 0, 0
99000, 5758889, 0, 0, 0
99104, 5204883, 0, 0, 0
99202, 5460036, 0, 0, 0
99300, 4630860, 0, 0, 0
99404, 5479670, 0, 0, 0
99502, 4672160, 0, 0, 0
99605, 4664734, 0, 0, 0
99707, 4830530, 0, 0, 0
99804, 4605033, 0, 0, 0
99905, 5302683, 0, 0, 0
100001, 5684614, 0, 0, 0
100101, 4982041, 0, 0, 0
100203, 5958263, 0, 0, 0
100304, 5044968, 0, 0, 0
100402, 5466657, 0, 0, 0
100500, 5419984, 0, 0, 0
100606, 5278486, 0, 0, 0
100701, 5607640, 0, 0, 0
100803, 4812343, 0, 0, 0
100901, 6140247, 0, 0, 0
101002, 5312659, 0, 0, 0
101101, 5491951, 0, 0, 0
101207, 5046040, 0, 0, 0
101303, 5643917, 0, 0, 0
101403, 5549354, 0, 0, 0
101502, 5194386, 0, 0, 0
101605, 5680304, 0, 0, 0
101701, 4798400, 0, 0, 0
101800, 5214269, 0, 0, 0
101902, 5064323, 0, 0, 0
102002, 4990074, 0, 0, 0
102101, 5193329, 0, 0, 0
102201, 5014002, 0, 0, 0
102301, 4760560, 0, 0, 0
102401, 5547668, 0, 0, 0
102500, 4305555, 0, 0, 0
102601, 5023719, 0, 0, 0
102701, 5215250, 0, 0, 0
102806, 4575578, 0, 0, 0
102903, 5109196, 0, 0, 0
103002, 5212805, 0, 0, 0
103103, 5905725, 0, 0, 0
103201, 4887868, 0, 0, 0
103301, 4990302, 0, 0, 0
103403, 5999968, 0, 0, 0
103501, 4630180, 0, 0, 0
103603, 4240591, 0, 0, 0
103702, 4320023, 0, 0, 0
103801, 4282148, 0, 0, 0
103903, 4844697, 0, 0, 0
104002, 5203137, 0, 0, 0
104101, 4927831, 0, 0, 0
104203, 4862359, 0, 0, 0
104302, 4965242, 0, 0, 0
104400, 5428252, 0, 0, 0
104501, 5266473, 0, 0, 0
104601, 5286299, 0, 0, 0
104707, 5561513, 0, 0, 0
104803, 4793145, 0, 0, 0
104900, 4845640, 0, 0, 0
105000, 4952305, 0, 0, 0
105109, 4555466, 0, 0, 0
105200, 4522460, 0, 0, 0
105305, 5000072, 0, 0, 0
105402, 5102887, 0, 0, 0
105501, 5472554, 0, 0, 0
105603, 5082866, 0, 0, 0
105700, 5379555, 0, 0, 0
105804, 4963495, 0, 0, 0
105900, 5315205, 0, 0, 0
106000, 4326115, 0, 0, 0
106101, 5050042, 0, 0, 0
106200, 4701297, 0, 0, 0
106303, 4897634, 0, 0, 0
106405, 5358877, 0, 0, 0
106502, 5412684, 0, 0, 0
106605, 4888373, 0, 0, 0
106705, 5845399, 0, 0, 0
106803, 5779116, 0, 0, 0
106904, 5599869, 0, 0, 0
107003, 4928074, 0, 0, 0
107102, 5207940, 0, 0, 0
107203, 5610946, 0, 0, 0
107302, 4502068, 0, 0, 0
107402, 5249535, 0, 0, 0
107501, 5456012, 0, 0, 0
107604, 5155893, 0, 0, 0
107701, 6075644, 0, 0, 0
107800, 4908498, 0, 0, 0
107908, 5158647, 0, 0, 0
108001, 5140721, 0, 0, 0
108101, 5259718, 0, 0, 0
108200, 4936357, 0, 0, 0
108302, 5387439, 0, 0, 0
108403, 5290384, 0, 0, 0
108504, 5009767, 0, 0, 0
108605, 5056733, 0, 0, 0
108701, 5034199, 0, 0, 0
108804, 4909898, 0, 0, 0
108905, 5313436, 0, 0, 0
109002, 5092747, 0, 0, 0
109102, 5252419, 0, 0, 0
109202, 5560235, 0, 0, 0
109305, 4650963, 0, 0, 0
109403, 5164575, 0, 0, 0
109503, 5226755, 0, 0, 0
109604, 4578295, 0, 0, 0
109702, 4669907, 0, 0, 0
109805, 5445703, 0, 0, 0
109902, 5688275, 0, 0, 0
110003, 4557617, 0, 0, 0
110109, 5912074, 0, 0, 0
110202, 4877003, 0, 0, 0
110307, 5495222, 0, 0, 0
110404, 5114980, 0, 0, 0
110501, 4403320, 0, 0, 0
110610, 5699550, 0, 0, 0
110700, 5023925, 0, 0, 0
110800, 5872616, 0, 0, 0
110903, 5113223, 0, 0, 0
111000, 4853365, 0, 0, 0
111101, 5036793, 0, 0, 0
111205, 5448620, 0, 0, 0
111300, 5013387, 0, 0, 0
111405, 5532469, 0, 0, 0
111504, 5812101, 0, 0, 0
111602, 5755500, 0, 0, 0
111702, 5244975, 0, 0, 0
111802, 5251766, 0, 0, 0
111900, 5753018, 0, 0, 0
112005, 4750954, 0, 0, 0
112102, 5373621, 0, 0, 0
112207, 6552875, 0, 0, 0
112301, 5247220, 0, 0, 0
112401, 6622903, 0, 0, 0
112500, 4495178, 0, 0, 0
112601, 4820785, 0, 0, 0
112705, 5189334, 0, 0, 0
112803, 5759173, 0, 0, 0
112901, 5410604, 0, 0, 0
113001, 4728298, 0, 0, 0
113100, 5535758, 0, 0, 0
113200, 5220365, 0, 0, 0
113303, 4275078, 0, 0, 0
113403, 5594335, 0, 0, 0
113501, 5119124, 0, 0, 0
113603, 5097591, 0, 0, 0
113702, 4699839, 0, 0, 0
113806, 4946455, 0, 0, 0
113902, 4366066, 0, 0, 0
114002, 5259076, 0, 0, 0
114103, 6735589, 0, 0, 0
114207, 4909002, 0, 0, 0
114309, 5656694, 0, 0, 0
114400, 5362580, 0, 0, 0
114501, 5017522, 0, 0, 0
114605, 4946377, 0, 0, 0
114702, 5701146, 0, 0, 0
114801, 5518608, 0, 0, 0
114900, 5496337, 0, 0, 0
115000, 4953309, 0, 0, 0
115108, 5681252, 0, 0, 0
115206, 4883756, 0, 0, 0
115300, 5232140, 0, 0, 0
115402, 4613343, 0, 0, 0
115500, 5431116, 0, 0, 0
115604, 5763084, 0, 0, 0
115700, 4381352, 0, 0, 0
115805, 5218325, 0, 0, 0
115902, 6501026, 0, 0, 0
116007, 6134706, 0, 0, 0
116101, 4495955, 0, 0, 0
116201, 5244584, 0, 0, 0
116302, 4175494, 0, 0, 0
116401, 5809642, 0, 0, 0
116504, 4504931, 0, 0, 0
116604, 6596485, 0, 0, 0
116702, 5486841, 0, 0, 0
116802, 5531558, 0, 0, 0
116900, 4418509, 0, 0, 0
117001, 4384433, 0, 0, 0
117101, 5028314, 0, 0, 0
117201, 4970320, 0, 0, 0
117301, 4974921, 0, 0, 0
117400, 5509540, 0, 0, 0
117501, 5022817, 0, 0, 0
117601, 5910053, 0, 0, 0
117701, 5250514, 0, 0, 0
117806, 4997702, 0, 0, 0
117910, 5727708, 0, 0, 0
118003, 5191832, 0, 0, 0
118104, 5053373, 0, 0, 0
118204, 4729767, 0, 0, 0
118300, 5048067, 0, 0, 0
118403, 5708640, 0, 0, 0
118501, 5141255, 0, 0, 0
118603, 5094117, 0, 0, 0
118701, 4880311, 0, 0, 0
118803, 5655740, 0, 0, 0
118902, 5190195, 0, 0, 0
119002, 4182914, 0, 0, 0
119103, 4564852, 0, 0, 0
119204, 5604574, 0, 0, 0
119301, 5416286, 0, 0, 0
119401, 5510050, 0, 0, 0
119505, 5184778, 0, 0, 0
119601, 4792026, 0, 0, 0
119705, 5477221, 0, 0, 0
119804, 5228571, 0, 0, 0
119903, 5167311, 0, 0, 0
120000, 4837868, 0, 0, 0
120100, 4749435, 0, 0, 0
120206, 4604408, 0, 0, 0
120300, 6698509, 0, 0, 0
120404, 5771893, 0, 0, 0
120504, 5000044, 0, 0, 0
120605, 5058361, 0, 0, 0
120702, 4810754, 0, 0, 0
120803, 4604612, 0, 0, 0
120909, 5865239, 0, 0, 0
121004, 4521225, 0, 0, 0
121103, 4479009, 0, 0, 0
121200, 5122484, 0, 0, 0
121304, 4939711, 0, 0, 0
121406, 5649728, 0, 0, 0
121502, 4780017, 0, 0, 0
121601, 5514647, 0, 0, 0
121702, 5267494, 0, 0, 0
121803, 5638825, 0, 0, 0
121903, 4967498, 0, 0, 0
122003, 4756068, 0, 0, 0
122102, 5500735, 0, 0, 0
122203, 4793736, 0, 0, 0
122302, 4933998, 0, 0, 0
122401, 6589589, 0, 0, 0
122509, 5662585, 0, 0, 0
122602, 5506548, 0, 0, 0
122706, 6077176, 0, 0, 0
122803, 6031749, 0, 0, 0
122903, 4777587, 0, 0, 0
123000, 6027091, 0, 0, 0
123102, 4872083, 0, 0, 0
123201, 5172000, 0, 0, 0
123304, 6081586, 0, 0, 0
123400, 5631225, 0, 0, 0
123503, 4486573, 0, 0, 0
123605, 5090091, 0, 0, 0
123701, 4518513, 0, 0, 0
123806, 5842481, 0, 0, 0
123907, 5032590, 0, 0, 0
124004, 5712239, 0, 0, 0
124101, 4623731, 0, 0, 0
124204, 4637886, 0, 0, 0
124301, 5371782, 0, 0, 0
124401, 5587687, 0, 0, 0
124503, 4600673, 0, 0, 0
124603, 4777185, 0, 0, 0
124701, 5123267, 0, 0, 0
124803, 5360922, 0, 0, 0
124903, 4350947, 0, 0, 0
125000, 5111574, 0, 0, 0
125102, 5332140, 0, 0, 0
125200, 5148982, 0, 0, 0
125301, 4599401, 0, 0, 0
125400, 4960162, 0, 0, 0
125501, 4572994, 0, 0, 0
125602, 5918584, 0, 0, 0
125700, 4906711, 0, 0, 0
125803, 5993599, 0, 0, 0
125908, 5015405, 0, 0, 0
126002, 5492648, 0, 0, 0
126101, 4114616, 0, 0, 0
126203, 4891184, 0, 0, 0
126302, 5806923, 0, 0, 0
126407, 5819507, 0, 0, 0
126500, 4395830, 0, 0, 0
126602, 4834599, 0, 0, 0
126700, 4898403, 0, 0, 0
126804, 4516935, 0, 0, 0
126903, 5193326, 0, 0, 0
127000, 5105112, 0, 0, 0
127100, 5552159, 0, 0, 0
127208, 4907205, 0, 0, 0
127301, 5796382, 0, 0, 0
127400, 4924405, 0, 0, 0
127500, 4359808, 0, 0, 0
127600, 3688731, 0, 0, 0
127701, 5032840, 0, 0, 0
127803, 4638772, 0, 0, 0
127900, 6034107, 0, 0, 0
128001, 4781710, 0, 0, 0
128103, 4437183, 0, 0, 0
128203, 5009609, 0, 0, 0
128300, 5381740, 0, 0, 0
128403, 6014647, 0, 0, 0
128500, 4634093, 0, 0, 0
128604, 5429775, 0, 0, 0
128700, 5651960, 0, 0, 0
128802, 5116594, 0, 0, 0
128901, 4682242, 0, 0, 0
129001, 4987843, 0, 0, 0
129102, 5949670, 0, 0, 0
129206, 6101759, 0, 0, 0
129301, 5264522, 0, 0, 0
129401, 5257133, 0, 0, 0
129502, 5050147, 0, 0, 0
129600, 5422217, 0, 0, 0
129710, 5506580, 0, 0, 0
129802, 5062162, 0, 0, 0
129906, 4962188, 0, 0, 0
130002, 4556308, 0, 0, 0
130103, 4571207, 0, 0, 0
130203, 5549547, 0, 0, 0
130304, 4824186, 0, 0, 0
130401, 5070095, 0, 0, 0
130508, 5110915, 0, 0, 0
130601, 5112367, 0, 0, 0
130701, 4374908, 0, 0, 0
130801, 4728458, 0, 0, 0
130902, 5041416, 0, 0, 0
131004, 5081743, 0, 0, 0
131100, 5661240, 0, 0, 0
131201, 4775329, 0, 0, 0
131304, 4904247, 0, 0, 0
131400, 5044614, 0, 0, 0
131502, 5357464, 0, 0, 0
131600, 4657602, 0, 0, 0
131701, 5926069, 0, 0, 0
131806, 4755915, 0, 0, 0
131900, 5230560, 0, 0, 0
132007, 5329300, 0, 0, 0
132107, 5587329, 0, 0, 0
132207, 6232592, 0, 0, 0
132300, 5447207, 0, 0, 0
132402, 5966222, 0, 0, 0
132500, 6167264, 0, 0, 0
132600, 5238513, 0, 0, 0
132703, 6401931, 0, 0, 0
132802, 4520727, 0, 0, 0
132902, 4957688, 0, 0, 0
133005, 4661746, 0, 0, 0
133108, 6077368, 0, 0, 0
133201, 6163434, 0, 0, 0
133306, 5035273, 0, 0, 0
133405, 5159162, 0, 0, 0
133505, 5014611, 0, 0, 0
133600, 6283350, 0, 0, 0
133703, 5138208, 0, 0, 0
133804, 5612251, 0, 0, 0
133900, 5045450, 0, 0, 0
134001, 5043891, 0, 0, 0
134106, 5526506, 0, 0, 0
134202, 4553660, 0, 0, 0
134302, 5536611, 0, 0, 0
134404, 4636741, 0, 0, 0
134504, 5269736, 0, 0, 0
134602, 4889362, 0, 0, 0
134702, 6196409, 0, 0, 0
134802, 5587966, 0, 0, 0
134903, 5010988, 0, 0, 0
135004, 5611475, 0, 0, 0
135102, 5735249, 0, 0, 0
135210, 4682493, 0, 0, 0
135305, 4981275, 0, 0, 0
135401, 4352971, 0, 0, 0
135509, 5136911, 0, 0, 0
135604, 5609300, 0, 0, 0
135704, 6253180, 0, 0, 0
135802, 5113682, 0, 0, 0
135905, 4896556, 0, 0, 0
136013, 4891055, 0, 0, 0
136100, 5150487, 0, 0, 0
136203, 5124523, 0, 0, 0
136300, 4600739, 0, 0, 0
136400, 5564403, 0, 0, 0
136501, 5616865, 0, 0, 0
136603, 5643138, 0, 0, 0
136700, 5358965, 0, 0, 0
136801, 5317213, 0, 0, 0
136901, 4731681, 0, 0, 0
137005, 5195999, 0, 0, 0
137102, 4609884, 0, 0, 0
137200, 4897222, 0, 0, 0
137302, 4857295, 0, 0, 0
137400, 5413100, 0, 0, 0
137505, 4987027, 0, 0, 0
137600, 4555568, 0, 0, 0
137703, 6025283, 0, 0, 0
137800, 4839172, 0, 0, 0
137903, 4668221, 0, 0, 0
138001, 4901066, 0, 0, 0
138100, 5478382, 0, 0, 0
138200, 5274745, 0, 0, 0
138300, 4950288, 0, 0, 0
138400, 5276576, 0, 0, 0
138506, 4791723, 0, 0, 0
138600, 4962021, 0, 0, 0
138702, 5329739, 0, 0, 0
138800, 4907008, 0, 0, 0
138904, 5441707, 0, 0, 0
139002, 5175024, 0, 0, 0
139102, 4531886, 0, 0, 0
139205, 4454456, 0, 0, 0
139301, 4589808, 0, 0, 0
139401, 5218824, 0, 0, 0
139501, 5584620, 0, 0, 0
139602, 4805868, 0, 0, 0
139701, 4924472, 0, 0, 0
139800, 4701878, 0, 0, 0
139900, 4997780, 0, 0, 0
140001, 5884035, 0, 0, 0
140103, 4437980, 0, 0, 0
140204, 5294928, 0, 0, 0
140302, 5749492, 0, 0, 0
140400, 5475744, 0, 0, 0
140500, 4518839, 0, 0, 0
140601, 4600174, 0, 0, 0
140701, 4987953, 0, 0, 0
140803, 5619191, 0, 0, 0
140900, 5373997, 0, 0, 0
141005, 5547211, 0, 0, 0
141101, 5952106, 0, 0, 0
141202, 5969414, 0, 0, 0
141301, 4935076, 0, 0, 0
141402, 5916198, 0, 0, 0
141511, 5171973, 0, 0, 0
141602, 5053607, 0, 0, 0
141703, 5633565, 0, 0, 0
141801, 4040706, 0, 0, 0
141902, 4387817, 0, 0, 0
142004, 4865378, 0, 0, 0
142105, 4777463, 0, 0, 0
142201, 5630652, 0, 0, 0
142301, 4992439, 0, 0, 0
142408, 5339703, 0, 0, 0
142504, 4798007, 0, 0, 0
142602, 4882153, 0, 0, 0
142705, 5187897, 0, 0, 0
142806, 4794286, 0, 0, 0
142902, 5642940, 0, 0, 0
143009, 5583709, 0, 0, 0
143103, 6243805, 0, 0, 0
143205, 4854587, 0, 0, 0
143302, 5369611, 0, 0, 0
143402, 5001203, 0, 0, 0
143503, 5043407, 0, 0, 0
143601, 5741510, 0, 0, 0
143708, 5088197, 0, 0, 0
143802, 4957785, 0, 0, 0
143908, 5016721, 0, 0, 0
144006, 5449190, 0, 0, 0
144103, 4832840, 0, 0, 0
144201, 4276076, 0, 0, 0
144306, 4962539, 0, 0, 0
144406, 5886824, 0, 0, 0
144503, 7466803, 0, 0, 0
144601, 5156665, 0, 0, 0
144700, 4932666, 0, 0, 0
144802, 5343564, 0, 0, 0
144905, 4660748, 0, 0, 0
145001, 5347490, 0, 0, 0
145100, 5197164, 0, 0, 0
145201, 6311942, 0, 0, 0
145305, 4733171, 0, 0, 0
145403, 4418956, 0, 0, 0
145504, 4587716, 0, 0, 0
145603, 6613035, 0, 0, 0
145701, 4869520, 0, 0, 0
145803, 6353930, 0, 0, 0
145905, 5111174, 0, 0, 0
146001, 5617449, 0, 0, 0
146102, 5077686, 0, 0, 0
146200, 4426128, 0, 0, 0
146304, 5770089, 0, 0, 0
146402, 4644977, 0, 0, 0
146501, 4955679, 0, 0, 0
146600, 4940393, 0, 0, 0
146700, 5844012, 0, 0, 0
146802, 5083988, 0, 0, 0
146902, 5026100, 0, 0, 0
147004, 5966227, 0, 0, 0
147101, 5696767, 0, 0, 0
147204, 5161145, 0, 0, 0
147300, 5605649, 0, 0, 0
147404, 5466379, 0, 0, 0
147500, 4782911, 0, 0, 0
147605, 5841575, 0, 0, 0
147702, 5365499, 0, 0, 0
147801, 4951266, 0, 0, 0
147907, 5547239, 0, 0, 0
148000, 5512199, 0, 0, 0
148102, 5313148, 0, 0, 0
148201, 5207098, 0, 0, 0
148304, 5180699, 0, 0, 0
148402, 5419372, 0, 0, 0
148501, 6144833, 0, 0, 0
148604, 5458573, 0, 0, 0
148702, 5714670, 0, 0, 0
148806, 4960803, 0, 0, 0
148905, 5492001, 0, 0, 0
149002, 5069958, 0, 0, 0
149100, 4910642, 0, 0, 0
149204, 4720487, 0, 0, 0
149302, 4872348, 0, 0, 0
149401, 5240541, 0, 0, 0
149504, 4433179, 0, 0, 0
149605, 5034760, 0, 0, 0
149702, 4876167, 0, 0, 0
149802, 5873017, 0, 0, 0
149900, 4882181, 0, 0, 0
150004, 5479002, 0, 0, 0
150101, 5082737, 0, 0, 0
150201, 4735962, 0, 0, 0
150300, 5238990, 0, 0, 0
150400, 4990995, 0, 0, 0
150502, 5654478, 0, 0, 0
150601, 5158846, 0, 0, 0
150706, 4791831, 0, 0, 0
150802, 4780991, 0, 0, 0
150903, 4805525, 0, 0, 0
151005, 5055823, 0, 0, 0
151102, 4843988, 0, 0, 0
151200, 6137279, 0, 0, 0
151302, 5095230, 0, 0, 0
151401, 4703970, 0, 0, 0
151502, 5057797, 0, 0, 0
151602, 4950626, 0, 0, 0
151702, 4990116, 0, 0, 0
151805, 4895530, 0, 0, 0
151910, 5846113, 0, 0, 0
152007, 4835076, 0, 0, 0
152100, 5842552, 0, 0, 0
152200, 6642447, 0, 0, 0
152302, 5364583, 0, 0, 0
152400, 6509813, 0, 0, 0
152501, 5577702, 0, 0, 0
152600, 6198295, 0, 0, 0
152702, 4865698, 0, 0, 0
152802, 4993970, 0, 0, 0
152900, 6055599, 0, 0, 0
153005, 4762225, 0, 0, 0
153100, 5012659, 0, 0, 0
153200, 6642767, 0, 0, 0
153301, 5030468, 0, 0, 0
153403, 5388142, 0, 0, 0
153502, 5462883, 0, 0, 0
153605, 5135003, 0, 0, 0
153702, 5102329, 0, 0, 0
153805, 6058437, 0, 0, 0
153900, 5286881, 0, 0, 0
154003, 6031508, 0, 0, 0
154100, 5387685, 0, 0, 0
154202, 4599906, 0, 0, 0
154301, 5853186, 0, 0, 0
154407, 5539093, 0, 0, 0
154502, 4766140, 0, 0, 0
154602, 4761310, 0, 0, 0
154701, 4698758, 0, 0, 0
154807, 5280048, 0, 0, 0
154903, 5658399, 0, 0, 0
155001, 4891390, 0, 0, 0
155100, 4682548, 0, 0, 0
155205, 4748361, 0, 0, 0
155300, 4781698, 0, 0, 0
155401, 5297395, 0, 0, 0
155500, 6545081, 0, 0, 0
155607, 5619841, 0, 0, 0
155703, 5369126, 0, 0, 0
155805, 4614129, 0, 0, 0
155900, 5560941, 0, 0, 0
156004, 4705824, 0, 0, 0
156104, 4767264, 0, 0, 0
156200, 5995099, 0, 0, 0
156305, 5503706, 0, 0, 0
156401, 5650920, 0, 0, 0
156501, 4740236, 0, 0, 0
156601, 5291383, 0, 0, 0
156701, 5234634, 0, 0, 0
156801, 4967529, 0, 0, 0
156900, 5514345, 0, 0, 0
157004, 5444710, 0, 0, 0
157107, 5741366, 0, 0, 0
157207, 5545429, 0, 0, 0
157303, 6003643, 0, 0, 0
157404, 5926473, 0, 0, 0
157501, 6466188, 0, 0, 0
157602, 4797077, 0, 0, 0
157703, 5596050, 0, 0, 0
157804, 5306350, 0, 0, 0
157901, 4822626, 0, 0, 0
158003, 5351351, 0, 0, 0
158103, 5877487, 0, 0, 0
158202, 4508229, 0, 0, 0
158300, 5124734, 0, 0, 0
158402, 4846959, 0, 0, 0
158502, 4997228, 0, 0, 0
158600, 5172322, 0, 0, 0
158701, 5262816, 0, 0, 0
158801, 5276272, 0, 0, 0
158901, 5263133, 0, 0, 0
159002, 5588979, 0, 0, 0
159103, 5593478, 0, 0, 0
159200, 5374923, 0, 0, 0
159300, 4781245, 0, 0, 0
159403, 5103887, 0, 0, 0
159503, 6274207, 0, 0, 0
159604, 4776300, 0, 0, 0
159702, 5431446, 0, 0, 0
159801, 4958400, 0, 0, 0
159900, 5209609, 0, 0, 0
160000, 5274223, 0, 0, 0
160101, 6666007, 0, 0, 0
160205, 5467140, 0, 0, 0
160300, 5309982, 0, 0, 0
160400, 5220771, 0, 0, 0
160506, 5281586, 0, 0, 0
160603, 5124985, 0, 0, 0
160704, 5032691, 0, 0, 0
160804, 4544984, 0, 0, 0
160903, 4913228, 0, 0, 0
161004, 5306709, 0, 0, 0
161103, 5201723, 0, 0, 0
161202, 5814665, 0, 0, 0
161302, 5579065, 0, 0, 0
161400, 5160505, 0, 0, 0
161501, 4778343, 0, 0, 0
161602, 5940882, 0, 0, 0
161700, 4903946, 0, 0, 0
161802, 5658443, 0, 0, 0
161903, 5900106, 0, 0, 0
162003, 5258310, 0, 0, 0
162100, 4424049, 0, 0, 0
162204, 4900948, 0, 0, 0
162301, 5720699, 0, 0, 0
162402, 5029311, 0, 0, 0
162503, 4404537, 0, 0, 0
162605, 4837245, 0, 0, 0
162701, 5022323, 0, 0, 0
162802, 4413140, 0, 0, 0
162905, 5678222, 0, 0, 0
163000, 5599211, 0, 0, 0
163103, 5424998, 0, 0, 0
163204, 4770907, 0, 0, 0
163302, 5459371, 0, 0, 0
163401, 6202231, 0, 0, 0
163504, 5384814, 0, 0, 0
163600, 5334199, 0, 0, 0
163704, 5734902, 0, 0, 0
163800, 4587959, 0, 0, 0
163902, 4859240, 0, 0, 0
164003, 6696911, 0, 0, 0
164101, 5172317, 0, 0, 0
164201, 5218507, 0, 0, 0
164304, 5175500, 0, 0, 0
164403, 5479265, 0, 0, 0
164501, 5413451, 0, 0, 0
164604, 4888964, 0, 0, 0
164702, 4280407, 0, 0, 0
164807, 4965762, 0, 0, 0
164900, 5459431, 0, 0, 0
165009, 5431196, 0, 0, 0
165106, 4654734, 0, 0, 0
165202, 5941238, 0, 0, 0
165300, 4656300, 0, 0, 0
165401, 5624612, 0, 0, 0
165500, 4713941, 0, 0, 0
165604, 4300054, 0, 0, 0
165702, 5150348, 0, 0, 0
165808, 5289800, 0, 0, 0
165902, 5875241, 0, 0, 0
166002, 5002964, 0, 0, 0
166101, 5474539, 0, 0, 0
166203, 6832183, 0, 0, 0
166311, 5649820, 0, 0, 0
166401, 5599769, 0, 0, 0
166503, 5086813, 0, 0, 0
166604, 5344322, 0, 0, 0
166700, 6002143, 0, 0, 0
166800, 4967226, 0, 0, 0
166902, 5365332, 0, 0, 0
167004, 4859592, 0, 0, 0
167100, 5292754, 0, 0, 0
167204, 4965911, 0, 0, 0
167301, 5382906, 0, 0, 0
167402, 5586033, 0, 0, 0
167505, 5384311, 0, 0, 0
167603, 4893441, 0, 0, 0
167702, 4739526, 0, 0, 0
167803, 5272372, 0, 0, 0
167903, 4768623, 0, 0, 0
168003, 5881689, 0, 0, 0
168103, 4958764, 0, 0, 0
168201, 6114423, 0, 0, 0
168301, 5020482, 0, 0, 0
168402, 5315259, 0, 0, 0
168503, 4775822, 0, 0, 0
168603, 5554959, 0, 0, 0
168704, 6727508, 0, 0, 0
168801, 5357543, 0, 0, 0
168900, 4939733, 0, 0, 0
169004, 5802203, 0, 0, 0
169104, 4972111, 0, 0, 0
169205, 5292412, 0, 0, 0
169304, 5205459, 0, 0, 0
169400, 4553567, 0, 0, 0
169505, 5260341, 0, 0, 0
169601, 6821841, 0, 0, 0
169702, 5035123, 0, 0, 0
169800, 4884463, 0, 0, 0
169904, 4978604, 0, 0, 0
170003, 4909729, 0, 0, 0
170100, 6056136, 0, 0, 0
170200, 5256391, 0, 0, 0
170301, 5038977, 0, 0, 0
170402, 5931977, 0, 0, 0
170501, 5490905, 0, 0, 0
170610, 5733790, 0, 0, 0
170702, 4805267, 0, 0, 0
170802, 5299920, 0, 0, 0
170905, 6011190, 0, 0, 0
171001, 5076197, 0, 0, 0
171108, 4825232, 0, 0, 0
171203, 5302732, 0, 0, 0
171306, 5400791, 0, 0, 0
171401, 5578183, 0, 0, 0
171508, 5602983, 0, 0, 0
171600, 5086770, 0, 0, 0
171702, 5090265, 0, 0, 0
171802, 4762506, 0, 0, 0
171905, 5164502, 0, 0, 0
172003, 4863507, 0, 0, 0
172102, 5841338, 0, 0, 0
172200, 5403282, 0, 0, 0
172304, 4536353, 0, 0, 0
172401, 5070811, 0, 0, 0
172504, 5721266, 0, 0, 0
172601, 5400199, 0, 0, 0
172700, 6567439, 0, 0, 0
172808, 5118024, 0, 0, 0
172904, 5070372, 0, 0, 0
173006, 5662246, 0, 0, 0
173100, 5170806, 0, 0, 0
173204, 5189409, 0, 0, 0
173304, 5257802, 0, 0, 0
173404, 5289574, 0, 0, 0
173501, 4814369, 0, 0, 0
173604, 4882756, 0, 0, 0
173704, 5263646, 0, 0, 0
173800, 4820196, 0, 0, 0
173901, 4547525, 0, 0, 0
174007, 5059790, 0, 0, 0
174105, 5145289, 0, 0, 0
174201, 4776291, 0, 0, 0
174303, 4851328, 0, 0, 0
174402, 5506605, 0, 0, 0
174504, 5090338, 0, 0, 0
174604, 6229653, 0, 0, 0
174702, 5412176, 0, 0, 0
174802, 5925738, 0, 0, 0
174902, 5226172, 0, 0, 0
175000, 6556975, 0, 0, 0
175101, 4795954, 0, 0, 0
175203, 5657735, 0, 0, 0
175302, 4921027, 0, 0, 0
175405, 5717325, 0, 0, 0
175501, 4363717, 0, 0, 0
175602, 5598185, 0, 0, 0
175700, 5403621, 0, 0, 0
175804, 5226977, 0, 0, 0
175904, 5550194, 0, 0, 0
176003, 4895859, 0, 0, 0
176100, 5418511, 0, 0, 0
176200, 4720470, 0, 0, 0
176301, 4218263, 0, 0, 0
176401, 6249265, 0, 0, 0
176505, 4301941, 0, 0, 0
176601, 5619135, 0, 0, 0
176701, 5301009, 0, 0, 0
176809, 5115316, 0, 0, 0
176903, 5828061, 0, 0, 0
177000, 4841712, 0, 0, 0
177103, 5405583, 0, 0, 0
177200, 5383335, 0, 0, 0
177300, 4991898, 0, 0, 0
177403, 5155534, 0, 0, 0
177500, 6075611, 0, 0, 0
177601, 4783332, 0, 0, 0
177702, 5593763, 0, 0, 0
177808, 5559884, 0, 0, 0
177902, 6752807, 0, 0, 0
178003, 5027021, 0, 0, 0
178103, 4968497, 0, 0, 0
178204, 4586129, 0, 0, 0
178303, 4723984, 0, 0, 0
178402, 4928510, 0, 0, 0
178500, 5728032, 0, 0, 0
178604, 4347344, 0, 0, 0
178700, 5327672, 0, 0, 0
178800, 5558092, 0, 0, 0
178901, 5018588, 0, 0, 0
179000, 4100944, 0, 0, 0
179101, 4835128, 0, 0, 0
179201, 4745642, 0, 0, 0
179301, 5518144, 0, 0, 0
179403, 5390993, 0, 0, 0
179500, 5694741, 0, 0, 0
179606, 5546405, 0, 0, 0
179701, 6307579, 0, 0, 0
179802, 4835839, 0, 0, 0
179902, 4311898, 0, 0, 0
180002, 5579271, 0, 0, 0
