100, 2341726, 0, 0, 0
200, 2799360, 0, 0, 0
300, 3175794, 0, 0, 0
400, 2999016, 0, 0, 0
500, 2289088, 0, 0, 0
600, 2727195, 0, 0, 0
700, 2888674, 0, 0, 0
800, 2586841, 0, 0, 0
900, 2928260, 0, 0, 0
1000, 2731245, 0, 0, 0
1100, 2628818, 0, 0, 0
1200, 3307344, 0, 0, 0
1300, 2812337, 0, 0, 0
1400, 2768856, 0, 0, 0
1500, 2455210, 0, 0, 0
1600, 2737429, 0, 0, 0
1700, 2242141, 0, 0, 0
1800, 2383526, 0, 0, 0
1900, 2684376, 0, 0, 0
2000, 2778008, 0, 0, 0
2100, 2707526, 0, 0, 0
2200, 2548271, 0, 0, 0
2300, 2318486, 0, 0, 0
2400, 3216144, 0, 0, 0
2500, 2507960, 0, 0, 0
2600, 2663982, 0, 0, 0
2700, 2287864, 0, 0, 0
2800, 3090648, 0, 0, 0
2900, 2838909, 0, 0, 0
3000, 2548816, 0, 0, 0
3100, 2785932, 0, 0, 0
3200, 2155479, 0, 0, 0
3300, 2378762, 0, 0, 0
3400, 2059441, 0, 0, 0
3500, 2559844, 0, 0, 0
3600, 3066902, 0, 0, 0
3700, 2705108, 0, 0, 0
3800, 2744145, 0, 0, 0
3900, 2748144, 0, 0, 0
4000, 2765395, 0, 0, 0
4100, 2676264, 0, 0, 0
4200, 2867306, 0, 0, 0
4300, 2882901, 0, 0, 0
4400, 2578368, 0, 0, 0
4500, 2654254, 0, 0, 0
4600, 2761130, 0, 0, 0
4700, 2972679, 0, 0, 0
4800, 3020348, 0, 0, 0
4900, 2635031, 0, 0, 0
5000, 2660689, 0, 0, 0
5100, 2497908, 0, 0, 0
5200, 2848445, 0, 0, 0
5300, 2779340, 0, 0, 0
5400, 2687073, 0, 0, 0
5500, 2527955, 0, 0, 0
5600, 2845182, 0, 0, 0
5700, 3074663, 0, 0, 0
5800, 2884884, 0, 0, 0
5900, 2673871, 0, 0, 0
6000, 2600460, 0, 0, 0
6100, 2973785, 0, 0, 0
6200, 3141387, 0, 0, 0
6300, 2664162, 0, 0, 0
6400, 2341111, 0, 0, 0
6500, 2503835, 0, 0, 0
6600, 2841093, 0, 0, 0
6700, 2467895, 0, 0, 0
6800, 2875525, 0, 0, 0
6900, 2610949, 0, 0, 0
7000, 2785792, 0, 0, 0
7100, 2922138, 0, 0, 0
7200, 3039045, 0, 0, 0
7300, 2725897, 0, 0, 0
7400, 2513683, 0, 0, 0
7500, 2829773, 0, 0, 0
7600, 2559075, 0, 0, 0
7700, 2835842, 0, 0, 0
7800, 2973236, 0, 0, 0
7900, 2503672, 0, 0, 0
8000, 2671523, 0, 0, 0
8100, 2859754, 0, 0, 0
8200, 2710327, 0, 0, 0
8300, 3046968, 0, 0, 0
8400, 2740100, 0, 0, 0
8500, 2555522, 0, 0, 0
8600, 2807649, 0, 0, 0
8700, 2749306, 0, 0, 0
8800, 2483084, 0, 0, 0
8900, 2705172, 0, 0, 0
9000, 2561836, 0, 0, 0
9100, 2709552, 0, 0, 0
9200, 2469600, 0, 0, 0
9300, 2706857, 0, 0, 0
9400, 2651718, 0, 0, 0
9500, 2526705, 0, 0, 0
9600, 2811948, 0, 0, 0
9700, 3108646, 0, 0, 0
9800, 2420162, 0, 0, 0
9900, 2660066, 0, 0, 0
10000, 2479222, 0, 0, 0
10100, 2805874, 0, 0, 0
10200, 2603613, 0, 0, 0
10300, 2462606, 0, 0, 0
10400, 2541730, 0, 0, 0
10500, 2336235, 0, 0, 0
10600, 2569853, 0, 0, 0
10700, 2617441, 0, 0, 0
10800, 2437702, 0, 0, 0
10900, 2630099, 0, 0, 0
11000, 2378142, 0, 0, 0
11100, 2599901, 0, 0, 0
11200, 2948081, 0, 0, 0
11300, 2669111, 0, 0, 0
11400, 2913510, 0, 0, 0
11500, 2560037, 0, 0, 0
11600, 2789005, 0, 0, 0
11700, 2751337, 0, 0, 0
11800, 2539935, 0, 0, 0
11900, 2904691, 0, 0, 0
12000, 2853606, 0, 0, 0
12100, 2353554, 0, 0, 0
12200, 2336950, 0, 0, 0
12300, 2511029, 0, 0, 0
12400, 2800586, 0, 0, 0
12500, 2810900, 0, 0, 0
12600, 2733953, 0, 0, 0
12700, 3051209, 0, 0, 0
12800, 2587763, 0, 0, 0
12900, 2553360, 0, 0, 0
13000, 2768448, 0, 0, 0
13100, 2700556, 0, 0, 0
13200, 3081645, 0, 0, 0
13300, 2655603, 0, 0, 0
13400, 2518763, 0, 0, 0
13500, 2712343, 0, 0, 0
13600, 2497652, 0, 0, 0
13700, 2729362, 0, 0, 0
13800, 2608798, 0, 0, 0
13900, 2802803, 0, 0, 0
14000, 2988546, 0, 0, 0
14100, 2976118, 0, 0, 0
14200, 2855880, 0, 0, 0
14300, 2457326, 0, 0, 0
14400, 2295903, 0, 0, 0
14500, 3000820, 0, 0, 0
14600, 2696937, 0, 0, 0
14700, 2926600, 0, 0, 0
14800, 2766964, 0, 0, 0
14900, 3206347, 0, 0, 0
15000, 2421642, 0, 0, 0
15100, 2830449, 0, 0, 0
15200, 2734612, 0, 0, 0
15300, 2908698, 0, 0, 0
15400, 2736795, 0, 0, 0
15500, 2751909, 0, 0, 0
15600, 2896997, 0, 0, 0
15700, 2593526, 0, 0, 0
15800, 2842230, 0, 0, 0
15900, 2503881, 0, 0, 0
16000, 2731376, 0, 0, 0
16100, 2488114, 0, 0, 0
16200, 2623564, 0, 0, 0
16300, 2763053, 0, 0, 0
16400, 2426707, 0, 0, 0
16500, 2590820, 0, 0, 0
16600, 2618784, 0, 0, 0
16700, 2707094, 0, 0, 0
16800, 2692299, 0, 0, 0
16900, 2598971, 0, 0, 0
17000, 2672472, 0, 0, 0
17100, 2754466, 0, 0, 0
17200, 2486802, 0, 0, 0
17300, 2703714, 0, 0, 0
17400, 2766858, 0, 0, 0
17500, 2414508, 0, 0, 0
17600, 2904918, 0, 0, 0
17700, 2574215, 0, 0, 0
17800, 2174463, 0, 0, 0
17900, 2868580, 0, 0, 0
18000, 2703141, 0, 0, 0
18100, 2663669, 0, 0, 0
18200, 2840910, 0, 0, 0
18300, 2712057, 0, 0, 0
18400, 2700488, 0, 0, 0
18500, 2400532, 0, 0, 0
18600, 2559361, 0, 0, 0
18700, 2612609, 0, 0, 0
18800, 3056647, 0, 0, 0
18900, 2943821, 0, 0, 0
19000, 2752969, 0, 0, 0
19100, 2347939, 0, 0, 0
19200, 2506309, 0, 0, 0
19300, 2669420, 0, 0, 0
19400, 2688024, 0, 0, 0
19500, 2678718, 0, 0, 0
19600, 2347937, 0, 0, 0
19700, 2819055, 0, 0, 0
19800, 2502294, 0, 0, 0
19900, 2611935, 0, 0, 0
20000, 2451529, 0, 0, 0
20100, 2517613, 0, 0, 0
20200, 2789750, 0, 0, 0
20300, 2763146, 0, 0, 0
20400, 2762451, 0, 0, 0
20500, 2378989, 0, 0, 0
20600, 2560087, 0, 0, 0
20700, 2611780, 0, 0, 0
20800, 2750007, 0, 0, 0
20900, 2607487, 0, 0, 0
21000, 2770007, 0, 0, 0
21100, 2664259, 0, 0, 0
21200, 2294747, 0, 0, 0
21300, 2612174, 0, 0, 0
21400, 2413349, 0, 0, 0
21500, 2994208, 0, 0, 0
21600, 2213993, 0, 0, 0
21700, 2968099, 0, 0, 0
21800, 2724461, 0, 0, 0
21900, 2359417, 0, 0, 0
22000, 2825708, 0, 0, 0
22100, 2859379, 0, 0, 0
22200, 2499220, 0, 0, 0
22300, 2517857, 0, 0, 0
22400, 2601470, 0, 0, 0
22500, 3126272, 0, 0, 0
22600, 2582818, 0, 0, 0
22700, 2511621, 0, 0, 0
22800, 2581118, 0, 0, 0
22900, 2768958, 0, 0, 0
23000, 2783148, 0, 0, 0
23100, 2701978, 0, 0, 0
23200, 2993008, 0, 0, 0
23300, 2271702, 0, 0, 0
23400, 2508319, 0, 0, 0
23500, 2773443, 0, 0, 0
23600, 2379296, 0, 0, 0
23700, 2708258, 0, 0, 0
23800, 2327301, 0, 0, 0
23900, 2347501, 0, 0, 0
24000, 2956530, 0, 0, 0
24100, 2722503, 0, 0, 0
24200, 2985136, 0, 0, 0
24300, 2729674, 0, 0, 0
24400, 2695736, 0, 0, 0
24500, 3002944, 0, 0, 0
24600, 2584074, 0, 0, 0
24700, 2404142, 0, 0, 0
24800, 2775903, 0, 0, 0
24900, 2575152, 0, 0, 0
25000, 2401622, 0, 0, 0
25100, 2374311, 0, 0, 0
25200, 2709941, 0, 0, 0
25300, 2673105, 0, 0, 0
25400, 2571366, 0, 0, 0
25500, 2509975, 0, 0, 0
25600, 2995138, 0, 0, 0
25700, 2388232, 0, 0, 0
25800, 2666769, 0, 0, 0
25900, 2459757, 0, 0, 0
26000, 2164102, 0, 0, 0
26100, 2982103, 0, 0, 0
26200, 2600090, 0, 0, 0
26300, 2856724, 0, 0, 0
26400, 2679012, 0, 0, 0
26500, 2797302, 0, 0, 0
26600, 3044132, 0, 0, 0
26700, 2728537, 0, 0, 0
26800, 2845899, 0, 0, 0
26900, 2696341, 0, 0, 0
27000, 2722169, 0, 0, 0
27100, 2647176, 0, 0, 0
27200, 3125974, 0, 0, 0
27300, 2412175, 0, 0, 0
27400, 2898002, 0, 0, 0
27500, 2719994, 0, 0, 0
27600, 2696922, 0, 0, 0
27700, 2491350, 0, 0, 0
27800, 2683801, 0, 0, 0
27900, 2741457, 0, 0, 0
28000, 2830540, 0, 0, 0
28100, 2389748, 0, 0, 0
28200, 2691739, 0, 0, 0
28300, 2326756, 0, 0, 0
28400, 2828300, 0, 0, 0
28500, 2791947, 0, 0, 0
28600, 3132633, 0, 0, 0
28700, 2533290, 0, 0, 0
28800, 2721019, 0, 0, 0
28900, 2683221, 0, 0, 0
29000, 2588127, 0, 0, 0
29100, 2865020, 0, 0, 0
29200, 2818541, 0, 0, 0
29300, 2931808, 0, 0, 0
29400, 2719187, 0, 0, 0
29500, 2556987, 0, 0, 0
29600, 2582909, 0, 0, 0
29700, 2618611, 0, 0, 0
29800, 3109265, 0, 0, 0
29900, 2525394, 0, 0, 0
30000, 2416359, 0, 0, 0
30100, 2770683, 0, 0, 0
30200, 2377856, 0, 0, 0
30300, 2556460, 0, 0, 0
30400, 2375632, 0, 0, 0
30500, 2624936, 0, 0, 0
30600, 2408078, 0, 0, 0
30700, 2528051, 0, 0, 0
30800, 2506775, 0, 0, 0
30900, 2731477, 0, 0, 0
31000, 2517942, 0, 0, 0
31100, 3007029, 0, 0, 0
31200, 3100587, 0, 0, 0
31300, 2438009, 0, 0, 0
31400, 2237898, 0, 0, 0
31500, 2546574, 0, 0, 0
31600, 2830360, 0, 0, 0
31700, 2514517, 0, 0, 0
31800, 2448135, 0, 0, 0
31900, 2694031, 0, 0, 0
32000, 2666748, 0, 0, 0
32100, 2415261, 0, 0, 0
32200, 2686889, 0, 0, 0
32301, 2033309, 0, 0, 0
32400, 2942558, 0, 0, 0
32500, 2589878, 0, 0, 0
32600, 3033700, 0, 0, 0
32700, 2633185, 0, 0, 0
32800, 2620312, 0, 0, 0
32900, 2489839, 0, 0, 0
33000, 2988250, 0, 0, 0
33100, 2703453, 0, 0, 0
33200, 2741724, 0, 0, 0
33300, 2647471, 0, 0, 0
33400, 2507301, 0, 0, 0
33500, 2515015, 0, 0, 0
33600, 2892043, 0, 0, 0
33700, 2599563, 0, 0, 0
33800, 2896333, 0, 0, 0
33900, 2370364, 0, 0, 0
34000, 2937932, 0, 0, 0
34100, 2520082, 0, 0, 0
34200, 2730722, 0, 0, 0
34300, 2680844, 0, 0, 0
34400, 3331036, 0, 0, 0
34500, 3258905, 0, 0, 0
34600, 2633365, 0, 0, 0
34700, 2680254, 0, 0, 0
34800, 2541730, 0, 0, 0
34900, 2690184, 0, 0, 0
35000, 2752218, 0, 0, 0
35100, 2823953, 0, 0, 0
35200, 2967416, 0, 0, 0
35300, 2585290, 0, 0, 0
35400, 2391763, 0, 0, 0
35500, 2805697, 0, 0, 0
35600, 2479818, 0, 0, 0
35700, 2588030, 0, 0, 0
35800, 2831601, 0, 0, 0
35900, 2865468, 0, 0, 0
36000, 2773484, 0, 0, 0
36100, 2588303, 0, 0, 0
36200, 2504004, 0, 0, 0
36300, 2672333, 0, 0, 0
36400, 2302822, 0, 0, 0
36500, 2866524, 0, 0, 0
36600, 2836222, 0, 0, 0
36700, 2279689, 0, 0, 0
36800, 3135285, 0, 0, 0
36900, 2561904, 0, 0, 0
37000, 2683406, 0, 0, 0
37100, 2638433, 0, 0, 0
37200, 3047876, 0, 0, 0
37300, 2867702, 0, 0, 0
37400, 3081350, 0, 0, 0
37500, 3501963, 0, 0, 0
37600, 2613318, 0, 0, 0
37700, 2744971, 0, 0, 0
37800, 2578945, 0, 0, 0
37900, 3165366, 0, 0, 0
38000, 3065046, 0, 0, 0
38100, 2525640, 0, 0, 0
38200, 2947964, 0, 0, 0
38300, 2453193, 0, 0, 0
38400, 2577390, 0, 0, 0
38500, 3221786, 0, 0, 0
38600, 2857943, 0, 0, 0
38700, 2531524, 0, 0, 0
38800, 3141757, 0, 0, 0
38900, 2186088, 0, 0, 0
39000, 3213853, 0, 0, 0
39100, 3155654, 0, 0, 0
39200, 2834856, 0, 0, 0
39300, 2883438, 0, 0, 0
39401, 3683366, 0, 0, 0
39500, 3550270, 0, 0, 0
39600, 3164181, 0, 0, 0
39700, 2217475, 0, 0, 0
39800, 2774970, 0, 0, 0
39900, 2593743, 0, 0, 0
40000, 2849450, 0, 0, 0
40100, 2922207, 0, 0, 0
40200, 2983164, 0, 0, 0
40300, 3220837, 0, 0, 0
40400, 3182575, 0, 0, 0
40500, 2786146, 0, 0, 0
40600, 2563991, 0, 0, 0
40700, 2819955, 0, 0, 0
40800, 2559035, 0, 0, 0
40900, 2917837, 0, 0, 0
41000, 2473289, 0, 0, 0
41100, 2948727, 0, 0, 0
41200, 2802803, 0, 0, 0
41300, 2601267, 0, 0, 0
41400, 2922291, 0, 0, 0
41500, 2437859, 0, 0, 0
41600, 2748554, 0, 0, 0
41700, 2568074, 0, 0, 0
41800, 2975024, 0, 0, 0
41900, 2930474, 0, 0, 0
42000, 2647530, 0, 0, 0
42100, 2310732, 0, 0, 0
42200, 2821407, 0, 0, 0
42300, 2616254, 0, 0, 0
42400, 2898308, 0, 0, 0
42500, 2445603, 0, 0, 0
42600, 3076195, 0, 0, 0
42700, 2708424, 0, 0, 0
42800, 2432816, 0, 0, 0
42900, 2724164, 0, 0, 0
43000, 2859942, 0, 0, 0
43100, 2434686, 0, 0, 0
43200, 2771514, 0, 0, 0
43300, 2337142, 0, 0, 0
43400, 2667639, 0, 0, 0
43500, 3097703, 0, 0, 0
43600, 2617959, 0, 0, 0
43700, 2323779, 0, 0, 0
43800, 2763550, 0, 0, 0
43900, 2376702, 0, 0, 0
44000, 2355359, 0, 0, 0
44100, 2660817, 0, 0, 0
44200, 2661629, 0, 0, 0
44300, 2463752, 0, 0, 0
44400, 3068235, 0, 0, 0
44500, 2833674, 0, 0, 0
44600, 2528506, 0, 0, 0
44700, 3068727, 0, 0, 0
44800, 2711439, 0, 0, 0
44900, 2723179, 0, 0, 0
45000, 2540092, 0, 0, 0
45100, 2871054, 0, 0, 0
45200, 2468672, 0, 0, 0
45300, 2685540, 0, 0, 0
45400, 2552249, 0, 0, 0
45500, 2621163, 0, 0, 0
45600, 2356623, 0, 0, 0
45700, 2927473, 0, 0, 0
45800, 2666005, 0, 0, 0
45900, 2578319, 0, 0, 0
46000, 3020149, 0, 0, 0
46100, 2827192, 0, 0, 0
46200, 2451904, 0, 0, 0
46300, 2267851, 0, 0, 0
46400, 3131783, 0, 0, 0
46500, 2656487, 0, 0, 0
46600, 2504772, 0, 0, 0
46700, 2711795, 0, 0, 0
46800, 2872922, 0, 0, 0
46900, 3127281, 0, 0, 0
47000, 2816000, 0, 0, 0
47100, 2562194, 0, 0, 0
47200, 2795509, 0, 0, 0
47300, 2493831, 0, 0, 0
47400, 3117646, 0, 0, 0
47500, 2779082, 0, 0, 0
47600, 2542269, 0, 0, 0
47700, 2862741, 0, 0, 0
47800, 2529954, 0, 0, 0
47900, 2885318, 0, 0, 0
48000, 2667644, 0, 0, 0
48100, 2763267, 0, 0, 0
48200, 2675449, 0, 0, 0
48300, 2503476, 0, 0, 0
48400, 3036411, 0, 0, 0
48500, 2602057, 0, 0, 0
48600, 2247356, 0, 0, 0
48700, 2491289, 0, 0, 0
48800, 2573917, 0, 0, 0
48900, 2602873, 0, 0, 0
49000, 2817354, 0, 0, 0
49100, 2684373, 0, 0, 0
49200, 2806427, 0, 0, 0
49300, 2503277, 0, 0, 0
49400, 2649402, 0, 0, 0
49500, 2685187, 0, 0, 0
49600, 2705241, 0, 0, 0
49700, 2360879, 0, 0, 0
49800, 2738215, 0, 0, 0
49900, 2630042, 0, 0, 0
50000, 2892620, 0, 0, 0
50100, 2975017, 0, 0, 0
50200, 2777501, 0, 0, 0
50300, 2537274, 0, 0, 0
50400, 2378334, 0, 0, 0
50500, 2617047, 0, 0, 0
50600, 2146329, 0, 0, 0
50700, 2645482, 0, 0, 0
50800, 2585841, 0, 0, 0
50900, 3105195, 0, 0, 0
51000, 2855707, 0, 0, 0
51100, 2713733, 0, 0, 0
51200, 2545338, 0, 0, 0
51300, 2768591, 0, 0, 0
51400, 3105772, 0, 0, 0
51500, 2846252, 0, 0, 0
51600, 3156658, 0, 0, 0
51700, 2826817, 0, 0, 0
51800, 2523195, 0, 0, 0
51900, 2637258, 0, 0, 0
52000, 2791605, 0, 0, 0
52100, 2672887, 0, 0, 0
52200, 2789499, 0, 0, 0
52300, 2589988, 0, 0, 0
52400, 2361124, 0, 0, 0
52500, 2606773, 0, 0, 0
52600, 2674257, 0, 0, 0
52700, 2857968, 0, 0, 0
52800, 2644751, 0, 0, 0
52900, 2448908, 0, 0, 0
53000, 2814540, 0, 0, 0
53100, 2792783, 0, 0, 0
53200, 2743979, 0, 0, 0
53300, 2604122, 0, 0, 0
53400, 2507044, 0, 0, 0
53500, 2413540, 0, 0, 0
53600, 2403751, 0, 0, 0
53700, 2912597, 0, 0, 0
53800, 2958123, 0, 0, 0
53900, 2807139, 0, 0, 0
54000, 2438137, 0, 0, 0
54100, 2659398, 0, 0, 0
54200, 2457129, 0, 0, 0
54300, 2613276, 0, 0, 0
54400, 2616896, 0, 0, 0
54500, 2887185, 0, 0, 0
54600, 2909317, 0, 0, 0
54700, 2635810, 0, 0, 0
54800, 2465730, 0, 0, 0
54900, 2905320, 0, 0, 0
55000, 3063638, 0, 0, 0
55100, 2354483, 0, 0, 0
55200, 3085794, 0, 0, 0
55300, 3003825, 0, 0, 0
55400, 2655547, 0, 0, 0
55500, 2284319, 0, 0, 0
55600, 2737776, 0, 0, 0
55700, 2862097, 0, 0, 0
55800, 2875522, 0, 0, 0
55900, 2470214, 0, 0, 0
56000, 2145007, 0, 0, 0
56100, 3080988, 0, 0, 0
56200, 2594198, 0, 0, 0
56300, 2854257, 0, 0, 0
56400, 2638534, 0, 0, 0
56500, 2326546, 0, 0, 0
56600, 2350886, 0, 0, 0
56700, 2523410, 0, 0, 0
56800, 2575711, 0, 0, 0
56900, 2748137, 0, 0, 0
57000, 2829518, 0, 0, 0
57100, 2895632, 0, 0, 0
57200, 2665548, 0, 0, 0
57300, 2525561, 0, 0, 0
57400, 2174221, 0, 0, 0
57500, 2697785, 0, 0, 0
57600, 2948082, 0, 0, 0
57700, 2957692, 0, 0, 0
57800, 3218237, 0, 0, 0
57900, 2800110, 0, 0, 0
58000, 2645479, 0, 0, 0
58100, 2491607, 0, 0, 0
58200, 2771525, 0, 0, 0
58300, 3092019, 0, 0, 0
58400, 3374825, 0, 0, 0
58500, 2703771, 0, 0, 0
58600, 2571306, 0, 0, 0
58700, 2772631, 0, 0, 0
58800, 2372241, 0, 0, 0
58900, 2993849, 0, 0, 0
59000, 2793226, 0, 0, 0
59100, 2771119, 0, 0, 0
59200, 2530111, 0, 0, 0
59300, 3139582, 0, 0, 0
59400, 2467324, 0, 0, 0
59500, 3052449, 0, 0, 0
59600, 2436146, 0, 0, 0
59700, 2908683, 0, 0, 0
59800, 2469497, 0, 0, 0
59900, 2661522, 0, 0, 0
60000, 2697967, 0, 0, 0
60100, 2660547, 0, 0, 0
60200, 2522255, 0, 0, 0
60300, 2810929, 0, 0, 0
60400, 2735214, 0, 0, 0
60500, 2761735, 0, 0, 0
60600, 2705912, 0, 0, 0
60700, 2705703, 0, 0, 0
60800, 2598528, 0, 0, 0
60900, 2301024, 0, 0, 0
61000, 2515631, 0, 0, 0
61100, 2523858, 0, 0, 0
61200, 2700768, 0, 0, 0
61300, 2347193, 0, 0, 0
61400, 2540100, 0, 0, 0
61500, 2401614, 0, 0, 0
61600, 2622149, 0, 0, 0
61700, 2660689, 0, 0, 0
61800, 2609604, 0, 0, 0
61900, 2892737, 0, 0, 0
62000, 2693291, 0, 0, 0
62100, 2396351, 0, 0, 0
62200, 2771066, 0, 0, 0
62300, 3177752, 0, 0, 0
62400, 2835469, 0, 0, 0
62500, 2776910, 0, 0, 0
62600, 2740412, 0, 0, 0
62700, 2591647, 0, 0, 0
62800, 2562174, 0, 0, 0
62900, 2512800, 0, 0, 0
63000, 2353216, 0, 0, 0
63100, 3021946, 0, 0, 0
63200, 2416798, 0, 0, 0
63300, 2385777, 0, 0, 0
63400, 2382494, 0, 0, 0
63500, 2993812, 0, 0, 0
63600, 2518900, 0, 0, 0
63700, 2723440, 0, 0, 0
63800, 2593005, 0, 0, 0
63900, 2894170, 0, 0, 0
64000, 2693561, 0, 0, 0
64100, 2819458, 0, 0, 0
64200, 2951956, 0, 0, 0
64300, 2647621, 0, 0, 0
64400, 2473640, 0, 0, 0
64500, 2713688, 0, 0, 0
64600, 2534265, 0, 0, 0
64700, 2868839, 0, 0, 0
64800, 3082196, 0, 0, 0
64900, 2626514, 0, 0, 0
65000, 2493199, 0, 0, 0
65100, 2843601, 0, 0, 0
65200, 2554830, 0, 0, 0
65300, 2539093, 0, 0, 0
65400, 2255815, 0, 0, 0
65500, 3039303, 0, 0, 0
65600, 2643285, 0, 0, 0
65700, 2857594, 0, 0, 0
65800, 2746682, 0, 0, 0
65900, 2845402, 0, 0, 0
66000, 2541699, 0, 0, 0
66100, 2682137, 0, 0, 0
66200, 2652069, 0, 0, 0
66300, 2879393, 0, 0, 0
66400, 3682497, 0, 0, 0
66500, 3076640, 0, 0, 0
66600, 2723075, 0, 0, 0
66700, 3330967, 0, 0, 0
66800, 2593559, 0, 0, 0
66900, 2641264, 0, 0, 0
67000, 3073474, 0, 0, 0
67100, 2764273, 0, 0, 0
67200, 2919898, 0, 0, 0
67300, 3339123, 0, 0, 0
67400, 2541108, 0, 0, 0
67500, 2550915, 0, 0, 0
67600, 2795543, 0, 0, 0
67700, 3043524, 0, 0, 0
67800, 2237623, 0, 0, 0
67900, 2948506, 0, 0, 0
68000, 2966213, 0, 0, 0
68100, 2564037, 0, 0, 0
68200, 2958852, 0, 0, 0
68300, 2418221, 0, 0, 0
68400, 2953351, 0, 0, 0
68500, 2683135, 0, 0, 0
68600, 2440898, 0, 0, 0
68700, 2446405, 0, 0, 0
68800, 2954373, 0, 0, 0
68900, 2395251, 0, 0, 0
69000, 2756294, 0, 0, 0
69100, 2889875, 0, 0, 0
69200, 2926196, 0, 0, 0
69300, 2747224, 0, 0, 0
69400, 2447025, 0, 0, 0
69500, 2848924, 0, 0, 0
69600, 2807198, 0, 0, 0
69700, 2661586, 0, 0, 0
69800, 2231896, 0, 0, 0
69900, 3020490, 0, 0, 0
70000, 2230438, 0, 0, 0
70100, 2392203, 0, 0, 0
70200, 2436807, 0, 0, 0
70300, 2330619, 0, 0, 0
70400, 2892359, 0, 0, 0
70500, 2592856, 0, 0, 0
70600, 2697887, 0, 0, 0
70700, 2472011, 0, 0, 0
70800, 2601877, 0, 0, 0
70900, 2805606, 0, 0, 0
71000, 2890893, 0, 0, 0
71100, 2381842, 0, 0, 0
71200, 2790540, 0, 0, 0
71300, 2825179, 0, 0, 0
71400, 2720349, 0, 0, 0
71500, 2800565, 0, 0, 0
71600, 2817478, 0, 0, 0
71700, 2587947, 0, 0, 0
71800, 2679416, 0, 0, 0
71900, 2932717, 0, 0, 0
72000, 2528039, 0, 0, 0
72100, 2635004, 0, 0, 0
72200, 2678592, 0, 0, 0
72300, 2849478, 0, 0, 0
72400, 2618700, 0, 0, 0
72500, 2531701, 0, 0, 0
72600, 2616027, 0, 0, 0
72700, 2714837, 0, 0, 0
72800, 2311896, 0, 0, 0
72900, 2393184, 0, 0, 0
73000, 2592443, 0, 0, 0
73100, 2735966, 0, 0, 0
73200, 2439599, 0, 0, 0
73300, 3072068, 0, 0, 0
73400, 3303732, 0, 0, 0
73500, 2418269, 0, 0, 0
73600, 2566208, 0, 0, 0
73700, 2823177, 0, 0, 0
73800, 2580279, 0, 0, 0
73900, 2334674, 0, 0, 0
74000, 2770003, 0, 0, 0
74100, 2559937, 0, 0, 0
74200, 2466843, 0, 0, 0
74300, 2737347, 0, 0, 0
74400, 2537209, 0, 0, 0
74500, 2574525, 0, 0, 0
74600, 2839305, 0, 0, 0
74700, 2725172, 0, 0, 0
74800, 3031656, 0, 0, 0
74900, 2915649, 0, 0, 0
75000, 2661226, 0, 0, 0
75100, 2538376, 0, 0, 0
75200, 2459374, 0, 0, 0
75300, 2563429, 0, 0, 0
75400, 2552243, 0, 0, 0
75500, 2397021, 0, 0, 0
75600, 2453637, 0, 0, 0
75700, 2810869, 0, 0, 0
75800, 2842065, 0, 0, 0
75900, 2588036, 0, 0, 0
76000, 2791918, 0, 0, 0
76100, 2637728, 0, 0, 0
76200, 2523630, 0, 0, 0
76300, 2493372, 0, 0, 0
76400, 2811053, 0, 0, 0
76500, 2687555, 0, 0, 0
76600, 2394432, 0, 0, 0
76700, 3205238, 0, 0, 0
76800, 2573754, 0, 0, 0
76900, 2627988, 0, 0, 0
77000, 2676069, 0, 0, 0
77100, 3277058, 0, 0, 0
77200, 2871628, 0, 0, 0
77300, 2525686, 0, 0, 0
77400, 2451677, 0, 0, 0
77500, 2342162, 0, 0, 0
77600, 3057390, 0, 0, 0
77700, 2648299, 0, 0, 0
77800, 2583765, 0, 0, 0
77900, 3224345, 0, 0, 0
78000, 2599881, 0, 0, 0
78100, 2752908, 0, 0, 0
78200, 2927396, 0, 0, 0
78300, 2741254, 0, 0, 0
78400, 3032766, 0, 0, 0
78500, 2518414, 0, 0, 0
78600, 2869785, 0, 0, 0
78700, 2817898, 0, 0, 0
78800, 2885968, 0, 0, 0
78900, 2628842, 0, 0, 0
79000, 2568988, 0, 0, 0
79100, 2974224, 0, 0, 0
79200, 2724790, 0, 0, 0
79300, 2785523, 0, 0, 0
79400, 2639105, 0, 0, 0
79500, 2671273, 0, 0, 0
79600, 2814624, 0, 0, 0
79700, 2466724, 0, 0, 0
79800, 2876873, 0, 0, 0
79900, 2863037, 0, 0, 0
80000, 2966084, 0, 0, 0
80100, 2574462, 0, 0, 0
80200, 2699458, 0, 0, 0
80300, 2672576, 0, 0, 0
80400, 2873836, 0, 0, 0
80500, 2639660, 0, 0, 0
80600, 2628603, 0, 0, 0
80700, 2753476, 0, 0, 0
80800, 2907666, 0, 0, 0
80900, 2674460, 0, 0, 0
81000, 2830519, 0, 0, 0
81100, 3201811, 0, 0, 0
81200, 2513304, 0, 0, 0
81300, 2512704, 0, 0, 0
81400, 2584794, 0, 0, 0
81500, 2914912, 0, 0, 0
81600, 2364896, 0, 0, 0
81700, 2576989, 0, 0, 0
81800, 2645359, 0, 0, 0
81900, 2667519, 0, 0, 0
82000, 1962568, 0, 0, 0
82100, 2402725, 0, 0, 0
82200, 3053148, 0, 0, 0
82300, 2462832, 0, 0, 0
82400, 2621064, 0, 0, 0
82500, 2852112, 0, 0, 0
82600, 2617281, 0, 0, 0
82700, 3100884, 0, 0, 0
82800, 2629161, 0, 0, 0
82900, 2460875, 0, 0, 0
83000, 2920328, 0, 0, 0
83100, 2921828, 0, 0, 0
83200, 2625830, 0, 0, 0
83300, 2796250, 0, 0, 0
83400, 2977201, 0, 0, 0
83500, 2449220, 0, 0, 0
83600, 2545976, 0, 0, 0
83700, 2652939, 0, 0, 0
83800, 2760515, 0, 0, 0
83900, 2222983, 0, 0, 0
84000, 3128721, 0, 0, 0
84100, 2611428, 0, 0, 0
84200, 2515063, 0, 0, 0
84300, 2490533, 0, 0, 0
84400, 2758321, 0, 0, 0
84500, 2243527, 0, 0, 0
84600, 2815554, 0, 0, 0
84700, 2387464, 0, 0, 0
84800, 2638309, 0, 0, 0
84900, 2489972, 0, 0, 0
85000, 2405593, 0, 0, 0
85100, 2168573, 0, 0, 0
85200, 2503000, 0, 0, 0
85300, 2890017, 0, 0, 0
85400, 3183060, 0, 0, 0
85500, 2520346, 0, 0, 0
85600, 2725649, 0, 0, 0
85700, 2634990, 0, 0, 0
85800, 2925825, 0, 0, 0
85900, 2470219, 0, 0, 0
86000, 2323744, 0, 0, 0
86100, 2727089, 0, 0, 0
86200, 2947699, 0, 0, 0
86300, 3443234, 0, 0, 0
86400, 2829923, 0, 0, 0
86500, 2791439, 0, 0, 0
86600, 3052329, 0, 0, 0
86700, 2830939, 0, 0, 0
86800, 2658269, 0, 0, 0
86900, 2981314, 0, 0, 0
87000, 2772462, 0, 0, 0
87100, 2298430, 0, 0, 0
87200, 2829336, 0, 0, 0
87300, 2443095, 0, 0, 0
87400, 2808636, 0, 0, 0
87500, 2933445, 0, 0, 0
87600, 2775630, 0, 0, 0
87700, 2598846, 0, 0, 0
87800, 2604715, 0, 0, 0
87900, 2540411, 0, 0, 0
88000, 3430315, 0, 0, 0
88100, 2839082, 0, 0, 0
88200, 2292595, 0, 0, 0
88300, 2691448, 0, 0, 0
88400, 2673347, 0, 0, 0
88500, 2632232, 0, 0, 0
88600, 2376266, 0, 0, 0
88700, 2714896, 0, 0, 0
88800, 2876259, 0, 0, 0
88900, 2638709, 0, 0, 0
89000, 2819989, 0, 0, 0
89100, 2863700, 0, 0, 0
89200, 2812101, 0, 0, 0
89300, 2532478, 0, 0, 0
89400, 3063115, 0, 0, 0
89500, 2354679, 0, 0, 0
89600, 2675608, 0, 0, 0
89700, 2706120, 0, 0, 0
89800, 2416183, 0, 0, 0
89900, 2982247, 0, 0, 0
90000, 2593019, 0, 0, 0
90018, 28335341, 0, 0, 0
