250, 258048, 0, 0, 0
350, 230400, 0, 0, 0
450, 245760, 0, 0, 0
550, 215040, 0, 0, 0
650, 276480, 0, 0, 0
749, 263757, 0, 0, 0
849, 245760, 0, 0, 0
949, 276480, 0, 0, 0
1049, 199680, 0, 0, 0
1149, 184320, 0, 0, 0
1249, 153600, 0, 0, 0
1349, 276480, 0, 0, 0
1450, 337920, 0, 0, 0
1550, 276480, 0, 0, 0
1650, 337920, 0, 0, 0
1749, 279272, 0, 0, 0
1849, 153600, 0, 0, 0
1949, 307200, 0, 0, 0
2049, 215040, 0, 0, 0
2149, 184320, 0, 0, 0
2249, 307200, 0, 0, 0
2349, 291840, 0, 0, 0
2449, 245760, 0, 0, 0
2549, 276480, 0, 0, 0
2649, 307200, 0, 0, 0
2750, 230400, 0, 0, 0
2850, 307200, 0, 0, 0
2950, 168960, 0, 0, 0
3050, 184320, 0, 0, 0
3150, 138240, 0, 0, 0
3249, 279272, 0, 0, 0
3349, 245760, 0, 0, 0
3449, 276480, 0, 0, 0
3549, 215040, 0, 0, 0
3649, 230400, 0, 0, 0
3749, 215040, 0, 0, 0
3849, 261120, 0, 0, 0
3949, 215040, 0, 0, 0
4049, 261120, 0, 0, 0
4149, 199680, 0, 0, 0
4250, 337920, 0, 0, 0
4350, 307200, 0, 0, 0
4450, 322560, 0, 0, 0
4550, 230400, 0, 0, 0
4650, 215040, 0, 0, 0
4749, 310303, 0, 0, 0
4849, 276480, 0, 0, 0
4949, 261120, 0, 0, 0
5049, 276480, 0, 0, 0
5149, 261120, 0, 0, 0
5249, 322560, 0, 0, 0
5349, 215040, 0, 0, 0
5449, 353280, 0, 0, 0
5550, 245760, 0, 0, 0
5650, 184320, 0, 0, 0
5749, 294787, 0, 0, 0
5849, 199680, 0, 0, 0
5949, 184320, 0, 0, 0
6049, 92160, 0, 0, 0
6149, 245760, 0, 0, 0
6249, 230400, 0, 0, 0
6349, 276480, 0, 0, 0
6449, 215040, 0, 0, 0
6549, 291840, 0, 0, 0
6649, 276480, 0, 0, 0
6749, 199680, 0, 0, 0
6849, 291840, 0, 0, 0
6949, 276480, 0, 0, 0
7050, 199680, 0, 0, 0
7150, 322560, 0, 0, 0
7249, 279272, 0, 0, 0
7349, 230400, 0, 0, 0
7449, 322560, 0, 0, 0
7549, 199680, 0, 0, 0
7649, 245760, 0, 0, 0
7749, 337920, 0, 0, 0
7849, 322560, 0, 0, 0
7949, 215040, 0, 0, 0
8049, 307200, 0, 0, 0
8149, 307200, 0, 0, 0
8249, 261120, 0, 0, 0
8350, 307200, 0, 0, 0
8450, 307200, 0, 0, 0
8550, 184320, 0, 0, 0
8650, 199680, 0, 0, 0
8749, 248242, 0, 0, 0
8849, 261120, 0, 0, 0
8949, 230400, 0, 0, 0
9049, 230400, 0, 0, 0
9149, 168960, 0, 0, 0
9249, 307200, 0, 0, 0
9349, 168960, 0, 0, 0
9449, 245760, 0, 0, 0
9549, 215040, 0, 0, 0
9650, 276480, 0, 0, 0
9749, 341333, 0, 0, 0
9849, 276480, 0, 0, 0
9949, 184320, 0, 0, 0
10049, 261120, 0, 0, 0
10149, 399360, 0, 0, 0
10249, 368640, 0, 0, 0
10349, 307200, 0, 0, 0
10449, 215040, 0, 0, 0
10549, 261120, 0, 0, 0
10649, 322560, 0, 0, 0
10749, 337920, 0, 0, 0
10850, 245760, 0, 0, 0
10950, 245760, 0, 0, 0
11050, 199680, 0, 0, 0
11150, 168960, 0, 0, 0
11249, 170666, 0, 0, 0
11349, 215040, 0, 0, 0
11449, 215040, 0, 0, 0
11549, 215040, 0, 0, 0
11649, 199680, 0, 0, 0
11749, 261120, 0, 0, 0
11849, 245760, 0, 0, 0
11949, 230400, 0, 0, 0
12049, 322560, 0, 0, 0
12150, 291840, 0, 0, 0
12249, 186181, 0, 0, 0
12349, 215040, 0, 0, 0
12449, 245760, 0, 0, 0
12549, 322560, 0, 0, 0
12649, 276480, 0, 0, 0
12749, 230400, 0, 0, 0
12849, 399360, 0, 0, 0
12949, 276480, 0, 0, 0
13049, 215040, 0, 0, 0
13149, 261120, 0, 0, 0
13249, 245760, 0, 0, 0
13350, 291840, 0, 0, 0
13450, 261120, 0, 0, 0
13550, 276480, 0, 0, 0
13650, 322560, 0, 0, 0
13749, 170666, 0, 0, 0
13849, 261120, 0, 0, 0
13949, 230400, 0, 0, 0
14049, 199680, 0, 0, 0
14149, 261120, 0, 0, 0
14249, 291840, 0, 0, 0
14349, 307200, 0, 0, 0
14449, 322560, 0, 0, 0
14550, 122880, 0, 0, 0
14650, 322560, 0, 0, 0
14749, 263757, 0, 0, 0
14849, 261120, 0, 0, 0
14949, 261120, 0, 0, 0
15049, 291840, 0, 0, 0
15149, 399360, 0, 0, 0
15249, 230400, 0, 0, 0
15349, 245760, 0, 0, 0
15449, 245760, 0, 0, 0
15549, 245760, 0, 0, 0
15649, 245760, 0, 0, 0
15749, 184320, 0, 0, 0
15850, 230400, 0, 0, 0
15950, 138240, 0, 0, 0
16050, 307200, 0, 0, 0
16150, 307200, 0, 0, 0
16249, 232727, 0, 0, 0
16349, 291840, 0, 0, 0
16449, 199680, 0, 0, 0
16549, 307200, 0, 0, 0
16649, 261120, 0, 0, 0
16749, 245760, 0, 0, 0
16849, 184320, 0, 0, 0
16949, 245760, 0, 0, 0
17049, 261120, 0, 0, 0
17149, 261120, 0, 0, 0
17250, 199680, 0, 0, 0
17350, 261120, 0, 0, 0
17450, 215040, 0, 0, 0
17550, 337920, 0, 0, 0
17650, 307200, 0, 0, 0
17749, 356848, 0, 0, 0
17849, 230400, 0, 0, 0
17949, 291840, 0, 0, 0
18049, 337920, 0, 0, 0
18149, 215040, 0, 0, 0
18249, 261120, 0, 0, 0
18349, 261120, 0, 0, 0
18449, 291840, 0, 0, 0
18550, 261120, 0, 0, 0
18650, 199680, 0, 0, 0
18749, 325818, 0, 0, 0
18849, 168960, 0, 0, 0
18949, 307200, 0, 0, 0
19049, 76800, 0, 0, 0
19149, 261120, 0, 0, 0
19249, 168960, 0, 0, 0
19349, 230400, 0, 0, 0
19449, 215040, 0, 0, 0
19549, 230400, 0, 0, 0
19649, 184320, 0, 0, 0
19749, 291840, 0, 0, 0
19849, 261120, 0, 0, 0
19950, 261120, 0, 0, 0
20050, 337920, 0, 0, 0
20150, 168960, 0, 0, 0
20249, 186181, 0, 0, 0
20349, 291840, 0, 0, 0
20449, 215040, 0, 0, 0
20549, 230400, 0, 0, 0
20649, 168960, 0, 0, 0
20749, 168960, 0, 0, 0
20849, 307200, 0, 0, 0
20949, 307200, 0, 0, 0
21050, 337920, 0, 0, 0
21150, 199680, 0, 0, 0
21249, 201696, 0, 0, 0
21349, 337920, 0, 0, 0
21449, 199680, 0, 0, 0
21549, 215040, 0, 0, 0
21649, 261120, 0, 0, 0
21749, 353280, 0, 0, 0
21849, 199680, 0, 0, 0
21949, 307200, 0, 0, 0
22049, 291840, 0, 0, 0
22149, 276480, 0, 0, 0
22250, 276480, 0, 0, 0
22350, 353280, 0, 0, 0
22450, 230400, 0, 0, 0
22550, 291840, 0, 0, 0
22650, 276480, 0, 0, 0
22749, 232727, 0, 0, 0
22849, 245760, 0, 0, 0
22949, 291840, 0, 0, 0
23049, 291840, 0, 0, 0
23149, 322560, 0, 0, 0
23249, 276480, 0, 0, 0
23349, 353280, 0, 0, 0
23449, 215040, 0, 0, 0
23550, 322560, 0, 0, 0
23650, 291840, 0, 0, 0
23749, 186181, 0, 0, 0
23849, 261120, 0, 0, 0
23949, 276480, 0, 0, 0
24049, 291840, 0, 0, 0
24149, 184320, 0, 0, 0
24249, 138240, 0, 0, 0
24349, 368640, 0, 0, 0
24449, 276480, 0, 0, 0
24549, 199680, 0, 0, 0
24649, 322560, 0, 0, 0
24749, 291840, 0, 0, 0
24849, 245760, 0, 0, 0
24950, 307200, 0, 0, 0
25050, 261120, 0, 0, 0
25150, 337920, 0, 0, 0
25249, 217212, 0, 0, 0
25349, 245760, 0, 0, 0
25449, 230400, 0, 0, 0
25550, 307200, 0, 0, 0
25650, 322560, 0, 0, 0
25749, 341333, 0, 0, 0
25849, 215040, 0, 0, 0
25949, 199680, 0, 0, 0
26049, 276480, 0, 0, 0
26149, 384000, 0, 0, 0
26249, 353280, 0, 0, 0
26349, 261120, 0, 0, 0
26449, 291840, 0, 0, 0
26549, 307200, 0, 0, 0
26649, 337920, 0, 0, 0
26750, 261120, 0, 0, 0
26850, 307200, 0, 0, 0
26950, 384000, 0, 0, 0
27050, 368640, 0, 0, 0
27150, 337920, 0, 0, 0
27249, 248242, 0, 0, 0
27349, 261120, 0, 0, 0
27449, 322560, 0, 0, 0
27549, 276480, 0, 0, 0
27649, 215040, 0, 0, 0
27749, 230400, 0, 0, 0
27849, 261120, 0, 0, 0
27949, 291840, 0, 0, 0
28050, 276480, 0, 0, 0
28150, 322560, 0, 0, 0
28249, 248242, 0, 0, 0
28349, 322560, 0, 0, 0
28449, 261120, 0, 0, 0
28549, 199680, 0, 0, 0
28649, 368640, 0, 0, 0
28749, 215040, 0, 0, 0
28849, 184320, 0, 0, 0
28949, 368640, 0, 0, 0
29049, 307200, 0, 0, 0
29149, 245760, 0, 0, 0
29249, 184320, 0, 0, 0
29349, 322560, 0, 0, 0
29450, 353280, 0, 0, 0
29550, 199680, 0, 0, 0
29650, 261120, 0, 0, 0
29749, 325818, 0, 0, 0
29849, 337920, 0, 0, 0
29949, 291840, 0, 0, 0
30049, 384000, 0, 0, 0
30149, 199680, 0, 0, 0
30249, 245760, 0, 0, 0
30349, 184320, 0, 0, 0
30449, 122880, 0, 0, 0
30549, 245760, 0, 0, 0
30649, 537600, 0, 0, 0
30750, 230400, 0, 0, 0
30850, 245760, 0, 0, 0
30950, 184320, 0, 0, 0
31050, 230400, 0, 0, 0
31150, 230400, 0, 0, 0
31249, 155151, 0, 0, 0
31349, 261120, 0, 0, 0
31449, 184320, 0, 0, 0
31549, 261120, 0, 0, 0
31649, 230400, 0, 0, 0
31749, 276480, 0, 0, 0
31849, 215040, 0, 0, 0
31949, 337920, 0, 0, 0
32050, 276480, 0, 0, 0
32150, 430080, 0, 0, 0
32249, 279272, 0, 0, 0
32349, 307200, 0, 0, 0
32449, 291840, 0, 0, 0
32549, 291840, 0, 0, 0
32649, 291840, 0, 0, 0
32749, 230400, 0, 0, 0
32849, 322560, 0, 0, 0
32949, 245760, 0, 0, 0
33049, 307200, 0, 0, 0
33149, 230400, 0, 0, 0
33250, 245760, 0, 0, 0
33350, 322560, 0, 0, 0
33450, 368640, 0, 0, 0
33550, 307200, 0, 0, 0
33650, 245760, 0, 0, 0
33749, 310303, 0, 0, 0
33849, 322560, 0, 0, 0
33949, 337920, 0, 0, 0
34049, 276480, 0, 0, 0
34149, 337920, 0, 0, 0
34249, 199680, 0, 0, 0
34349, 199680, 0, 0, 0
34449, 307200, 0, 0, 0
34550, 291840, 0, 0, 0
34650, 261120, 0, 0, 0
34749, 248242, 0, 0, 0
34849, 291840, 0, 0, 0
34949, 276480, 0, 0, 0
35049, 261120, 0, 0, 0
35149, 261120, 0, 0, 0
35249, 322560, 0, 0, 0
35349, 291840, 0, 0, 0
35449, 291840, 0, 0, 0
35549, 184320, 0, 0, 0
35649, 291840, 0, 0, 0
35750, 414720, 0, 0, 0
35850, 215040, 0, 0, 0
35950, 184320, 0, 0, 0
36050, 215040, 0, 0, 0
36150, 291840, 0, 0, 0
36249, 263757, 0, 0, 0
36349, 245760, 0, 0, 0
36449, 261120, 0, 0, 0
36549, 291840, 0, 0, 0
36649, 184320, 0, 0, 0
36749, 276480, 0, 0, 0
36849, 199680, 0, 0, 0
36949, 245760, 0, 0, 0
37050, 276480, 0, 0, 0
37150, 199680, 0, 0, 0
37249, 186181, 0, 0, 0
37349, 261120, 0, 0, 0
37449, 368640, 0, 0, 0
37549, 245760, 0, 0, 0
37649, 276480, 0, 0, 0
37749, 368640, 0, 0, 0
37849, 215040, 0, 0, 0
37949, 353280, 0, 0, 0
38049, 199680, 0, 0, 0
38149, 291840, 0, 0, 0
38250, 322560, 0, 0, 0
38350, 307200, 0, 0, 0
38450, 245760, 0, 0, 0
38550, 276480, 0, 0, 0
38650, 230400, 0, 0, 0
38749, 325818, 0, 0, 0
38849, 245760, 0, 0, 0
38949, 276480, 0, 0, 0
39049, 322560, 0, 0, 0
39149, 261120, 0, 0, 0
39249, 307200, 0, 0, 0
39349, 245760, 0, 0, 0
39450, 291840, 0, 0, 0
39550, 184320, 0, 0, 0
39650, 245760, 0, 0, 0
39749, 263757, 0, 0, 0
39849, 291840, 0, 0, 0
39949, 230400, 0, 0, 0
40049, 261120, 0, 0, 0
40149, 291840, 0, 0, 0
40249, 384000, 0, 0, 0
40349, 291840, 0, 0, 0
40449, 337920, 0, 0, 0
40550, 322560, 0, 0, 0
40650, 276480, 0, 0, 0
40749, 263757, 0, 0, 0
40849, 384000, 0, 0, 0
40949, 276480, 0, 0, 0
41049, 230400, 0, 0, 0
41149, 230400, 0, 0, 0
41249, 307200, 0, 0, 0
41349, 230400, 0, 0, 0
41449, 337920, 0, 0, 0
41549, 291840, 0, 0, 0
41649, 337920, 0, 0, 0
41749, 199680, 0, 0, 0
41850, 384000, 0, 0, 0
41950, 245760, 0, 0, 0
42050, 261120, 0, 0, 0
42150, 261120, 0, 0, 0
42249, 232727, 0, 0, 0
42349, 307200, 0, 0, 0
42449, 215040, 0, 0, 0
42549, 291840, 0, 0, 0
42649, 291840, 0, 0, 0
42749, 230400, 0, 0, 0
42849, 230400, 0, 0, 0
42949, 276480, 0, 0, 0
43050, 230400, 0, 0, 0
43150, 291840, 0, 0, 0
43249, 248242, 0, 0, 0
43349, 291840, 0, 0, 0
43449, 230400, 0, 0, 0
43549, 245760, 0, 0, 0
43649, 291840, 0, 0, 0
43749, 245760, 0, 0, 0
43849, 230400, 0, 0, 0
43949, 307200, 0, 0, 0
44049, 245760, 0, 0, 0
44149, 276480, 0, 0, 0
44250, 215040, 0, 0, 0
44350, 353280, 0, 0, 0
44450, 261120, 0, 0, 0
44550, 276480, 0, 0, 0
44650, 230400, 0, 0, 0
44749, 170666, 0, 0, 0
44849, 276480, 0, 0, 0
44949, 199680, 0, 0, 0
45049, 322560, 0, 0, 0
45149, 168960, 0, 0, 0
45249, 230400, 0, 0, 0
45350, 307200, 0, 0, 0
45450, 199680, 0, 0, 0
45550, 291840, 0, 0, 0
45650, 215040, 0, 0, 0
45749, 279272, 0, 0, 0
45849, 230400, 0, 0, 0
45949, 245760, 0, 0, 0
46049, 230400, 0, 0, 0
46149, 168960, 0, 0, 0
46249, 276480, 0, 0, 0
46349, 230400, 0, 0, 0
46449, 215040, 0, 0, 0
46550, 215040, 0, 0, 0
46650, 291840, 0, 0, 0
46749, 217212, 0, 0, 0
46849, 261120, 0, 0, 0
46949, 122880, 0, 0, 0
47049, 276480, 0, 0, 0
47149, 215040, 0, 0, 0
47249, 276480, 0, 0, 0
47349, 199680, 0, 0, 0
47449, 230400, 0, 0, 0
47549, 337920, 0, 0, 0
47649, 245760, 0, 0, 0
47750, 276480, 0, 0, 0
47850, 307200, 0, 0, 0
47950, 337920, 0, 0, 0
48050, 261120, 0, 0, 0
48150, 368640, 0, 0, 0
48249, 263757, 0, 0, 0
48349, 230400, 0, 0, 0
48449, 337920, 0, 0, 0
48549, 107520, 0, 0, 0
48649, 261120, 0, 0, 0
48749, 337920, 0, 0, 0
48849, 199680, 0, 0, 0
48949, 261120, 0, 0, 0
49050, 199680, 0, 0, 0
49150, 261120, 0, 0, 0
49249, 279272, 0, 0, 0
49349, 230400, 0, 0, 0
49449, 230400, 0, 0, 0
49549, 215040, 0, 0, 0
49649, 245760, 0, 0, 0
49749, 230400, 0, 0, 0
49849, 291840, 0, 0, 0
49949, 368640, 0, 0, 0
50049, 184320, 0, 0, 0
50149, 215040, 0, 0, 0
50250, 199680, 0, 0, 0
50350, 245760, 0, 0, 0
50450, 353280, 0, 0, 0
50550, 307200, 0, 0, 0
50650, 245760, 0, 0, 0
50749, 186181, 0, 0, 0
50849, 353280, 0, 0, 0
50949, 368640, 0, 0, 0
51049, 276480, 0, 0, 0
51149, 353280, 0, 0, 0
51249, 230400, 0, 0, 0
51349, 215040, 0, 0, 0
51449, 168960, 0, 0, 0
51550, 215040, 0, 0, 0
51650, 261120, 0, 0, 0
51749, 310303, 0, 0, 0
51849, 337920, 0, 0, 0
51949, 245760, 0, 0, 0
52049, 122880, 0, 0, 0
52149, 276480, 0, 0, 0
52249, 215040, 0, 0, 0
52349, 399360, 0, 0, 0
52449, 230400, 0, 0, 0
52549, 307200, 0, 0, 0
52649, 230400, 0, 0, 0
52750, 261120, 0, 0, 0
52850, 168960, 0, 0, 0
52950, 199680, 0, 0, 0
53050, 138240, 0, 0, 0
53150, 276480, 0, 0, 0
53249, 217212, 0, 0, 0
53349, 368640, 0, 0, 0
53449, 430080, 0, 0, 0
53549, 215040, 0, 0, 0
53649, 199680, 0, 0, 0
53749, 199680, 0, 0, 0
53849, 215040, 0, 0, 0
53949, 215040, 0, 0, 0
54050, 168960, 0, 0, 0
54150, 199680, 0, 0, 0
54249, 279272, 0, 0, 0
54349, 153600, 0, 0, 0
54449, 322560, 0, 0, 0
54549, 276480, 0, 0, 0
54649, 430080, 0, 0, 0
54749, 307200, 0, 0, 0
54849, 276480, 0, 0, 0
54949, 184320, 0, 0, 0
55049, 291840, 0, 0, 0
55150, 199680, 0, 0, 0
55249, 248242, 0, 0, 0
55349, 230400, 0, 0, 0
55449, 337920, 0, 0, 0
55549, 291840, 0, 0, 0
55649, 245760, 0, 0, 0
55749, 245760, 0, 0, 0
55849, 245760, 0, 0, 0
55949, 168960, 0, 0, 0
56049, 184320, 0, 0, 0
56149, 307200, 0, 0, 0
56249, 245760, 0, 0, 0
56350, 230400, 0, 0, 0
56450, 261120, 0, 0, 0
56550, 322560, 0, 0, 0
56650, 153600, 0, 0, 0
56749, 248242, 0, 0, 0
56849, 199680, 0, 0, 0
56949, 168960, 0, 0, 0
57049, 199680, 0, 0, 0
57149, 261120, 0, 0, 0
57249, 337920, 0, 0, 0
57349, 215040, 0, 0, 0
57449, 199680, 0, 0, 0
57549, 276480, 0, 0, 0
57649, 245760, 0, 0, 0
57750, 215040, 0, 0, 0
57850, 276480, 0, 0, 0
57950, 215040, 0, 0, 0
58050, 276480, 0, 0, 0
58150, 215040, 0, 0, 0
58249, 248242, 0, 0, 0
58349, 276480, 0, 0, 0
58449, 245760, 0, 0, 0
58549, 337920, 0, 0, 0
58649, 353280, 0, 0, 0
58749, 184320, 0, 0, 0
58849, 276480, 0, 0, 0
58950, 245760, 0, 0, 0
59050, 215040, 0, 0, 0
59150, 307200, 0, 0, 0
59249, 294787, 0, 0, 0
59349, 138240, 0, 0, 0
59449, 291840, 0, 0, 0
59549, 322560, 0, 0, 0
59649, 261120, 0, 0, 0
59749, 184320, 0, 0, 0
59849, 245760, 0, 0, 0
59949, 276480, 0, 0, 0
