100, 22170247, 0, 0, 0
200, 17151151, 0, 0, 0
302, 23481395, 0, 0, 0
403, 20607570, 0, 0, 0
504, 21342367, 0, 0, 0
600, 23148665, 0, 0, 0
700, 18435054, 0, 0, 0
803, 23994498, 0, 0, 0
909, 21934883, 0, 0, 0
1003, 23246745, 0, 0, 0
1102, 25306989, 0, 0, 0
1202, 26318896, 0, 0, 0
1302, 20569441, 0, 0, 0
1404, 22642214, 0, 0, 0
1507, 19101339, 0, 0, 0
1602, 29190736, 0, 0, 0
1702, 18394000, 0, 0, 0
1804, 21692429, 0, 0, 0
1904, 19114896, 0, 0, 0
2000, 26060405, 0, 0, 0
2101, 23863553, 0, 0, 0
2205, 34165989, 0, 0, 0
2308, 24301940, 0, 0, 0
2404, 24186060, 0, 0, 0
2502, 18408908, 0, 0, 0
2603, 26739940, 0, 0, 0
2704, 24111160, 0, 0, 0
2806, 19336316, 0, 0, 0
2905, 20792763, 0, 0, 0
3000, 29581684, 0, 0, 0
3117, 19023416, 0, 0, 0
3200, 20772900, 0, 0, 0
3304, 24510303, 0, 0, 0
3400, 25658270, 0, 0, 0
3509, 22297864, 0, 0, 0
3604, 21616810, 0, 0, 0
3711, 20903128, 0, 0, 0
3802, 21371708, 0, 0, 0
3901, 24686332, 0, 0, 0
4008, 21508325, 0, 0, 0
4100, 25419003, 0, 0, 0
4202, 20030262, 0, 0, 0
4305, 25580887, 0, 0, 0
4404, 25181277, 0, 0, 0
4502, 20817788, 0, 0, 0
4600, 19359261, 0, 0, 0
4702, 31135543, 0, 0, 0
4808, 21440383, 0, 0, 0
4913, 21306308, 0, 0, 0
5009, 29956332, 0, 0, 0
5105, 19668893, 0, 0, 0
5200, 18826502, 0, 0, 0
5306, 20596104, 0, 0, 0
5403, 26254093, 0, 0, 0
5503, 26597550, 0, 0, 0
5605, 26144419, 0, 0, 0
5700, 27256513, 0, 0, 0
5804, 23324052, 0, 0, 0
5901, 19952558, 0, 0, 0
6002, 23002486, 0, 0, 0
6101, 19636736, 0, 0, 0
6214, 18782922, 0, 0, 0
6301, 27397813, 0, 0, 0
6401, 21234815, 0, 0, 0
6507, 20064203, 0, 0, 0
6602, 32539156, 0, 0, 0
6701, 22260102, 0, 0, 0
6804, 24877052, 0, 0, 0
6903, 18742960, 0, 0, 0
7001, 24562419, 0, 0, 0
7113, 21917430, 0, 0, 0
7204, 22760141, 0, 0, 0
7315, 24709282, 0, 0, 0
7408, 27532323, 0, 0, 0
7503, 21592838, 0, 0, 0
7600, 23864905, 0, 0, 0
7702, 19189020, 0, 0, 0
7804, 26230782, 0, 0, 0
7902, 31249652, 0, 0, 0
8001, 42500120, 0, 0, 0
8104, 17755878, 0, 0, 0
8206, 20600002, 0, 0, 0
8302, 24484645, 0, 0, 0
8401, 20329034, 0, 0, 0
8500, 18090349, 0, 0, 0
8600, 18164461, 0, 0, 0
8703, 18127968, 0, 0, 0
8801, 23231790, 0, 0, 0
8904, 23935721, 0, 0, 0
9006, 22408301, 0, 0, 0
9106, 22504714, 0, 0, 0
9201, 23902021, 0, 0, 0
9310, 30224166, 0, 0, 0
9401, 19825807, 0, 0, 0
9502, 28116106, 0, 0, 0
9600, 17705317, 0, 0, 0
9701, 22814024, 0, 0, 0
9800, 23600164, 0, 0, 0
9907, 20759588, 0, 0, 0
10000, 38468989, 0, 0, 0
10102, 22285664, 0, 0, 0
10204, 20357877, 0, 0, 0
10302, 22363034, 0, 0, 0
10402, 27076538, 0, 0, 0
10500, 23836325, 0, 0, 0
10603, 22265027, 0, 0, 0
10703, 22674616, 0, 0, 0
10804, 21738563, 0, 0, 0
10915, 21075001, 0, 0, 0
11001, 22175430, 0, 0, 0
11104, 24097701, 0, 0, 0
11200, 20687482, 0, 0, 0
11301, 25822409, 0, 0, 0
11400, 16710315, 0, 0, 0
11501, 22523058, 0, 0, 0
11603, 23313530, 0, 0, 0
11705, 23111261, 0, 0, 0
11803, 28566281, 0, 0, 0
11901, 19051600, 0, 0, 0
12005, 19451401, 0, 0, 0
12102, 25405936, 0, 0, 0
12204, 20092079, 0, 0, 0
12302, 22753642, 0, 0, 0
12410, 21817332, 0, 0, 0
12507, 24461144, 0, 0, 0
12600, 24396820, 0, 0, 0
12706, 21337961, 0, 0, 0
12801, 24142985, 0, 0, 0
12903, 21613717, 0, 0, 0
13001, 18288248, 0, 0, 0
13100, 30473935, 0, 0, 0
13204, 27866570, 0, 0, 0
13310, 17552190, 0, 0, 0
13401, 20237638, 0, 0, 0
13504, 19778746, 0, 0, 0
13602, 21118925, 0, 0, 0
13709, 23406042, 0, 0, 0
13803, 19888732, 0, 0, 0
13900, 29230878, 0, 0, 0
14011, 22238407, 0, 0, 0
14103, 27279520, 0, 0, 0
14200, 24424242, 0, 0, 0
14304, 26480345, 0, 0, 0
14405, 26983872, 0, 0, 0
14506, 22996546, 0, 0, 0
14607, 28592623, 0, 0, 0
14701, 25877062, 0, 0, 0
14804, 23520811, 0, 0, 0
14901, 18350821, 0, 0, 0
15005, 20809448, 0, 0, 0
15103, 17712073, 0, 0, 0
15207, 31980148, 0, 0, 0
15306, 18551471, 0, 0, 0
15402, 23095574, 0, 0, 0
15504, 20995666, 0, 0, 0
15602, 23442292, 0, 0, 0
15705, 27686613, 0, 0, 0
15806, 27674860, 0, 0, 0
15901, 29026032, 0, 0, 0
16005, 18832667, 0, 0, 0
16103, 17228032, 0, 0, 0
16202, 18054067, 0, 0, 0
16302, 22257016, 0, 0, 0
16403, 25514174, 0, 0, 0
16500, 18339821, 0, 0, 0
16600, 25491333, 0, 0, 0
16702, 19554450, 0, 0, 0
16805, 18958395, 0, 0, 0
16900, 23853925, 0, 0, 0
17004, 18377598, 0, 0, 0
17101, 21056370, 0, 0, 0
17205, 21990501, 0, 0, 0
17305, 19886925, 0, 0, 0
17405, 24439533, 0, 0, 0
17506, 17586545, 0, 0, 0
17603, 20909720, 0, 0, 0
17705, 25459772, 0, 0, 0
17806, 23146800, 0, 0, 0
17901, 23590218, 0, 0, 0
18005, 21885238, 0, 0, 0
18101, 20332635, 0, 0, 0
18201, 24039533, 0, 0, 0
18313, 21832595, 0, 0, 0
18401, 27840240, 0, 0, 0
18510, 19895368, 0, 0, 0
18614, 33313527, 0, 0, 0
18700, 23456965, 0, 0, 0
18800, 22906922, 0, 0, 0
18903, 15428687, 0, 0, 0
19000, 18822017, 0, 0, 0
19113, 17944368, 0, 0, 0
19203, 24258582, 0, 0, 0
19300, 21886385, 0, 0, 0
19407, 25758256, 0, 0, 0
19503, 21216073, 0, 0, 0
19604, 20743205, 0, 0, 0
19701, 20053096, 0, 0, 0
19802, 31015333, 0, 0, 0
19908, 32024187, 0, 0, 0
20003, 23905977, 0, 0, 0
20101, 30292969, 0, 0, 0
20200, 28147341, 0, 0, 0
20301, 27358787, 0, 0, 0
20400, 23690662, 0, 0, 0
20500, 22677501, 0, 0, 0
20602, 23059091, 0, 0, 0
20702, 21099525, 0, 0, 0
20801, 20094020, 0, 0, 0
20902, 27945493, 0, 0, 0
21007, 34048108, 0, 0, 0
21100, 18136185, 0, 0, 0
21203, 22395100, 0, 0, 0
21304, 22123164, 0, 0, 0
21405, 21792654, 0, 0, 0
21501, 16131544, 0, 0, 0
21603, 26433796, 0, 0, 0
21700, 19123541, 0, 0, 0
21800, 20398856, 0, 0, 0
21906, 19966620, 0, 0, 0
22003, 22929446, 0, 0, 0
22100, 28557357, 0, 0, 0
22200, 25964776, 0, 0, 0
22315, 19107062, 0, 0, 0
22403, 21707103, 0, 0, 0
22500, 26368110, 0, 0, 0
22601, 18885511, 0, 0, 0
22706, 18374168, 0, 0, 0
22803, 21205443, 0, 0, 0
22904, 18372179, 0, 0, 0
23001, 21370191, 0, 0, 0
23105, 17892064, 0, 0, 0
23206, 34243243, 0, 0, 0
23306, 24460831, 0, 0, 0
23408, 21391027, 0, 0, 0
23508, 20162204, 0, 0, 0
23600, 23488388, 0, 0, 0
23701, 22085158, 0, 0, 0
23805, 25119001, 0, 0, 0
23901, 21014236, 0, 0, 0
24002, 28125579, 0, 0, 0
24102, 20997989, 0, 0, 0
24206, 25691337, 0, 0, 0
24311, 23313167, 0, 0, 0
24403, 27194749, 0, 0, 0
24506, 22556794, 0, 0, 0
24604, 20969008, 0, 0, 0
24703, 22577518, 0, 0, 0
24807, 19410423, 0, 0, 0
24900, 27250844, 0, 0, 0
25012, 22315115, 0, 0, 0
25101, 28198803, 0, 0, 0
25200, 17668059, 0, 0, 0
25306, 19341588, 0, 0, 0
25400, 27644136, 0, 0, 0
25508, 20965151, 0, 0, 0
25612, 23618457, 0, 0, 0
25705, 20240726, 0, 0, 0
25806, 27125307, 0, 0, 0
25907, 22814159, 0, 0, 0
26001, 23765330, 0, 0, 0
26117, 19122496, 0, 0, 0
26202, 38290004, 0, 0, 0
26307, 18084467, 0, 0, 0
26404, 23660085, 0, 0, 0
26501, 24363390, 0, 0, 0
26607, 19790164, 0, 0, 0
26704, 28799973, 0, 0, 0
26804, 24426056, 0, 0, 0
26905, 17917430, 0, 0, 0
27001, 22101932, 0, 0, 0
27104, 20100051, 0, 0, 0
27203, 20653089, 0, 0, 0
27304, 17026377, 0, 0, 0
27411, 19468160, 0, 0, 0
27502, 25872199, 0, 0, 0
27601, 28705920, 0, 0, 0
27700, 18511145, 0, 0, 0
27800, 23603743, 0, 0, 0
27901, 20793469, 0, 0, 0
28011, 21119195, 0, 0, 0
28103, 22157810, 0, 0, 0
28209, 29233324, 0, 0, 0
28300, 23664534, 0, 0, 0
28419, 22566118, 0, 0, 0
28504, 29365952, 0, 0, 0
28600, 27205048, 0, 0, 0
28700, 19934035, 0, 0, 0
28800, 24325321, 0, 0, 0
28903, 31675243, 0, 0, 0
29008, 23761116, 0, 0, 0
29102, 25311260, 0, 0, 0
29204, 19712542, 0, 0, 0
29300, 29513824, 0, 0, 0
29405, 24719545, 0, 0, 0
29500, 20242224, 0, 0, 0
29607, 18578132, 0, 0, 0
29703, 26426667, 0, 0, 0
29803, 20701347, 0, 0, 0
29900, 28330361, 0, 0, 0
30001, 24924289, 0, 0, 0
30104, 26217308, 0, 0, 0
30203, 20128063, 0, 0, 0
30302, 16543518, 0, 0, 0
30401, 21337904, 0, 0, 0
30500, 21552613, 0, 0, 0
30601, 18406352, 0, 0, 0
30708, 22494287, 0, 0, 0
30808, 21531786, 0, 0, 0
30910, 28349161, 0, 0, 0
31006, 20800481, 0, 0, 0
31100, 22184177, 0, 0, 0
31207, 33687419, 0, 0, 0
31307, 23202163, 0, 0, 0
31402, 27262879, 0, 0, 0
31501, 16214678, 0, 0, 0
31606, 19547927, 0, 0, 0
31702, 21829746, 0, 0, 0
31800, 22126461, 0, 0, 0
31902, 28259699, 0, 0, 0
32002, 16980430, 0, 0, 0
32102, 28298868, 0, 0, 0
32202, 22238249, 0, 0, 0
32316, 23866650, 0, 0, 0
32401, 22027349, 0, 0, 0
32503, 24025190, 0, 0, 0
32600, 21631475, 0, 0, 0
32706, 23573229, 0, 0, 0
32808, 27085009, 0, 0, 0
32908, 22479468, 0, 0, 0
33006, 26750023, 0, 0, 0
33110, 24219115, 0, 0, 0
33205, 21321772, 0, 0, 0
33300, 24014261, 0, 0, 0
33402, 23946129, 0, 0, 0
33500, 18310151, 0, 0, 0
33604, 17184238, 0, 0, 0
33710, 17109199, 0, 0, 0
33804, 25349933, 0, 0, 0
33904, 15514819, 0, 0, 0
34003, 26196017, 0, 0, 0
34103, 22242549, 0, 0, 0
34208, 32966506, 0, 0, 0
34301, 26521776, 0, 0, 0
34405, 20567583, 0, 0, 0
34514, 23104258, 0, 0, 0
34608, 22654082, 0, 0, 0
34704, 26858025, 0, 0, 0
34818, 39369805, 0, 0, 0
34905, 21197392, 0, 0, 0
35001, 24770930, 0, 0, 0
35101, 23616333, 0, 0, 0
35201, 16392480, 0, 0, 0
35307, 22838130, 0, 0, 0
35402, 31035114, 0, 0, 0
35507, 22604397, 0, 0, 0
35606, 21072724, 0, 0, 0
35706, 22003764, 0, 0, 0
35812, 30363288, 0, 0, 0
35902, 20567615, 0, 0, 0
36006, 20897232, 0, 0, 0
36101, 27143835, 0, 0, 0
36215, 20182807, 0, 0, 0
36303, 23359437, 0, 0, 0
36407, 23551187, 0, 0, 0
36503, 20936352, 0, 0, 0
36602, 31014527, 0, 0, 0
36700, 23466904, 0, 0, 0
36801, 23297231, 0, 0, 0
36903, 18364519, 0, 0, 0
37010, 24576281, 0, 0, 0
37100, 16896884, 0, 0, 0
37207, 20672000, 0, 0, 0
37303, 23941862, 0, 0, 0
37404, 24437831, 0, 0, 0
37507, 22391128, 0, 0, 0
37600, 19657397, 0, 0, 0
37708, 25426320, 0, 0, 0
37801, 22032183, 0, 0, 0
37910, 19128406, 0, 0, 0
38002, 17863095, 0, 0, 0
38100, 24941598, 0, 0, 0
38201, 20088728, 0, 0, 0
38303, 19467845, 0, 0, 0
38410, 25276431, 0, 0, 0
38506, 26986897, 0, 0, 0
38607, 21219974, 0, 0, 0
38703, 25530351, 0, 0, 0
38806, 23520320, 0, 0, 0
38905, 19946213, 0, 0, 0
39006, 23891533, 0, 0, 0
39111, 22204456, 0, 0, 0
39204, 22548420, 0, 0, 0
39303, 21409311, 0, 0, 0
39411, 19031036, 0, 0, 0
39504, 28866487, 0, 0, 0
39602, 21573576, 0, 0, 0
39701, 26061603, 0, 0, 0
39804, 23533551, 0, 0, 0
39903, 23708064, 0, 0, 0
40001, 22108296, 0, 0, 0
40123, 30512476, 0, 0, 0
40201, 22530303, 0, 0, 0
40305, 28125871, 0, 0, 0
40400, 22492122, 0, 0, 0
40511, 30989654, 0, 0, 0
40600, 22293507, 0, 0, 0
40709, 17474856, 0, 0, 0
40803, 28006550, 0, 0, 0
40901, 26748030, 0, 0, 0
41006, 24288838, 0, 0, 0
41103, 22660243, 0, 0, 0
41212, 27880151, 0, 0, 0
41308, 24350081, 0, 0, 0
41405, 25990963, 0, 0, 0
41500, 23096126, 0, 0, 0
41610, 19625367, 0, 0, 0
41701, 33484335, 0, 0, 0
41800, 23954320, 0, 0, 0
41905, 18996855, 0, 0, 0
42003, 24959071, 0, 0, 0
42105, 18972910, 0, 0, 0
42202, 22148149, 0, 0, 0
42300, 24673812, 0, 0, 0
42408, 21307436, 0, 0, 0
42501, 22743376, 0, 0, 0
42609, 18835834, 0, 0, 0
42700, 22416485, 0, 0, 0
42800, 14104230, 0, 0, 0
42904, 21950221, 0, 0, 0
43004, 26327225, 0, 0, 0
43104, 23629252, 0, 0, 0
43201, 22480232, 0, 0, 0
43312, 23833245, 0, 0, 0
43404, 21427641, 0, 0, 0
43500, 20950807, 0, 0, 0
43604, 23114741, 0, 0, 0
43713, 20876148, 0, 0, 0
43800, 43811118, 0, 0, 0
43900, 32868982, 0, 0, 0
44001, 22563025, 0, 0, 0
44104, 18357338, 0, 0, 0
44200, 25347672, 0, 0, 0
44305, 21607579, 0, 0, 0
44400, 18443305, 0, 0, 0
44517, 33283980, 0, 0, 0
44603, 55391067, 0, 0, 0
44710, 18544144, 0, 0, 0
44804, 26139939, 0, 0, 0
44911, 31862463, 0, 0, 0
45006, 26152055, 0, 0, 0
45101, 19074502, 0, 0, 0
45201, 27801531, 0, 0, 0
45307, 24241677, 0, 0, 0
45401, 20670795, 0, 0, 0
45500, 24100413, 0, 0, 0
45606, 19167779, 0, 0, 0
45704, 20202735, 0, 0, 0
45802, 27424440, 0, 0, 0
45903, 19240865, 0, 0, 0
46008, 26349137, 0, 0, 0
46106, 20390734, 0, 0, 0
46216, 24481865, 0, 0, 0
46304, 25788626, 0, 0, 0
46409, 29657510, 0, 0, 0
46502, 28198217, 0, 0, 0
46612, 24301990, 0, 0, 0
46715, 21727831, 0, 0, 0
46806, 26592864, 0, 0, 0
46907, 26635877, 0, 0, 0
47003, 20875801, 0, 0, 0
47109, 23575454, 0, 0, 0
47207, 19647050, 0, 0, 0
47300, 21436404, 0, 0, 0
47404, 18784669, 0, 0, 0
47505, 21398413, 0, 0, 0
47601, 24254888, 0, 0, 0
47706, 22531315, 0, 0, 0
47809, 22462240, 0, 0, 0
47900, 20704833, 0, 0, 0
48002, 23973664, 0, 0, 0
48108, 23169583, 0, 0, 0
48206, 25233532, 0, 0, 0
48309, 16843189, 0, 0, 0
48408, 24972581, 0, 0, 0
48509, 24292318, 0, 0, 0
48607, 28725604, 0, 0, 0
48707, 24494500, 0, 0, 0
48805, 20994340, 0, 0, 0
48907, 19687767, 0, 0, 0
49011, 24006868, 0, 0, 0
49102, 23006552, 0, 0, 0
49201, 22336513, 0, 0, 0
49307, 29237194, 0, 0, 0
49406, 27264738, 0, 0, 0
49511, 25223798, 0, 0, 0
49603, 22191668, 0, 0, 0
49700, 24534030, 0, 0, 0
49818, 24270223, 0, 0, 0
49907, 23660606, 0, 0, 0
50001, 23221711, 0, 0, 0
50102, 21194091, 0, 0, 0
50202, 22112508, 0, 0, 0
50300, 23907721, 0, 0, 0
50400, 19261744, 0, 0, 0
50508, 21738203, 0, 0, 0
50608, 23912277, 0, 0, 0
50703, 19371599, 0, 0, 0
50802, 31186827, 0, 0, 0
50907, 17848104, 0, 0, 0
51001, 24827645, 0, 0, 0
51100, 19899778, 0, 0, 0
51207, 21641471, 0, 0, 0
51304, 20938884, 0, 0, 0
51402, 21629960, 0, 0, 0
51500, 24642272, 0, 0, 0
51616, 20946528, 0, 0, 0
51703, 23982832, 0, 0, 0
51803, 19012394, 0, 0, 0
51901, 23148429, 0, 0, 0
52001, 19993944, 0, 0, 0
52101, 19926611, 0, 0, 0
52214, 23851034, 0, 0, 0
52300, 26936055, 0, 0, 0
52400, 22206529, 0, 0, 0
52505, 25410145, 0, 0, 0
52602, 24929169, 0, 0, 0
52700, 26564610, 0, 0, 0
52802, 23539237, 0, 0, 0
52905, 23138324, 0, 0, 0
53005, 24360762, 0, 0, 0
53103, 26649418, 0, 0, 0
53201, 31856877, 0, 0, 0
53307, 24758664, 0, 0, 0
53408, 27656144, 0, 0, 0
53501, 27424208, 0, 0, 0
53614, 19083144, 0, 0, 0
53700, 19782472, 0, 0, 0
53805, 20609309, 0, 0, 0
53901, 29129194, 0, 0, 0
54002, 21139707, 0, 0, 0
54100, 23101810, 0, 0, 0
54218, 30658178, 0, 0, 0
54309, 24046439, 0, 0, 0
54404, 22466907, 0, 0, 0
54504, 20737846, 0, 0, 0
54604, 20795981, 0, 0, 0
54700, 27833239, 0, 0, 0
54800, 22962038, 0, 0, 0
54903, 23756699, 0, 0, 0
55005, 21351471, 0, 0, 0
55104, 19014775, 0, 0, 0
55204, 21944057, 0, 0, 0
55311, 20117020, 0, 0, 0
55405, 17253698, 0, 0, 0
55504, 36462818, 0, 0, 0
55602, 22784501, 0, 0, 0
55706, 20817399, 0, 0, 0
55808, 17863740, 0, 0, 0
55900, 22335194, 0, 0, 0
56006, 19267116, 0, 0, 0
56105, 17703776, 0, 0, 0
56209, 25270464, 0, 0, 0
56307, 17736874, 0, 0, 0
56404, 21895408, 0, 0, 0
56504, 31028121, 0, 0, 0
56606, 23723997, 0, 0, 0
56703, 24816192, 0, 0, 0
56804, 17948171, 0, 0, 0
56901, 25714305, 0, 0, 0
57012, 24610668, 0, 0, 0
57105, 23058022, 0, 0, 0
57204, 27638571, 0, 0, 0
57304, 23977838, 0, 0, 0
57402, 31286203, 0, 0, 0
57516, 22609383, 0, 0, 0
57606, 24119040, 0, 0, 0
57706, 25600507, 0, 0, 0
57806, 25680768, 0, 0, 0
57907, 21075505, 0, 0, 0
58000, 26082817, 0, 0, 0
58104, 25526476, 0, 0, 0
58203, 25438804, 0, 0, 0
58303, 22827550, 0, 0, 0
58401, 28434333, 0, 0, 0
58502, 21239667, 0, 0, 0
58608, 24904330, 0, 0, 0
58700, 22752102, 0, 0, 0
58808, 23840808, 0, 0, 0
58903, 20207738, 0, 0, 0
59001, 22218878, 0, 0, 0
59104, 15711347, 0, 0, 0
59206, 20557093, 0, 0, 0
59302, 27869983, 0, 0, 0
59413, 20060688, 0, 0, 0
59509, 27449633, 0, 0, 0
59603, 28146210, 0, 0, 0
59714, 18593134, 0, 0, 0
59802, 21588933, 0, 0, 0
59904, 21731270, 0, 0, 0
60002, 20911339, 0, 0, 0
60102, 19367844, 0, 0, 0
60201, 28908275, 0, 0, 0
60302, 20922287, 0, 0, 0
60400, 22724097, 0, 0, 0
60501, 15624382, 0, 0, 0
60602, 20449535, 0, 0, 0
60708, 26022979, 0, 0, 0
60801, 21206867, 0, 0, 0
60903, 17050633, 0, 0, 0
61003, 30772169, 0, 0, 0
61101, 32017175, 0, 0, 0
61207, 24669113, 0, 0, 0
61304, 18094275, 0, 0, 0
61400, 23136782, 0, 0, 0
61502, 23191807, 0, 0, 0
61603, 22782563, 0, 0, 0
61704, 23753329, 0, 0, 0
61808, 20015156, 0, 0, 0
61907, 26542689, 0, 0, 0
62006, 19558458, 0, 0, 0
62109, 21822063, 0, 0, 0
62211, 22153449, 0, 0, 0
62302, 22606036, 0, 0, 0
62402, 24916448, 0, 0, 0
62505, 22527760, 0, 0, 0
62607, 17678415, 0, 0, 0
62706, 19872484, 0, 0, 0
62800, 18421832, 0, 0, 0
62906, 23304538, 0, 0, 0
63008, 25822333, 0, 0, 0
63106, 23818461, 0, 0, 0
63200, 22982294, 0, 0, 0
63307, 24571357, 0, 0, 0
63402, 18173850, 0, 0, 0
63507, 18164151, 0, 0, 0
63603, 32021785, 0, 0, 0
63715, 22391046, 0, 0, 0
63800, 21765077, 0, 0, 0
63901, 25478849, 0, 0, 0
64009, 29395787, 0, 0, 0
64104, 24808337, 0, 0, 0
64202, 35208061, 0, 0, 0
64305, 19004883, 0, 0, 0
64407, 19518510, 0, 0, 0
64501, 23022495, 0, 0, 0
64609, 22613462, 0, 0, 0
64703, 26488489, 0, 0, 0
64803, 19046932, 0, 0, 0
64908, 26399013, 0, 0, 0
65005, 21551831, 0, 0, 0
65106, 24912696, 0, 0, 0
65212, 16305722, 0, 0, 0
65306, 24310093, 0, 0, 0
65401, 24784743, 0, 0, 0
65511, 22716523, 0, 0, 0
65600, 20312755, 0, 0, 0
65705, 22621877, 0, 0, 0
65803, 24278527, 0, 0, 0
65910, 28815876, 0, 0, 0
66000, 20620034, 0, 0, 0
66103, 18503664, 0, 0, 0
66206, 31351042, 0, 0, 0
66303, 27115892, 0, 0, 0
66412, 24214186, 0, 0, 0
66502, 21808321, 0, 0, 0
66606, 25197365, 0, 0, 0
66703, 22661542, 0, 0, 0
66800, 22177846, 0, 0, 0
66902, 22243662, 0, 0, 0
67003, 20883677, 0, 0, 0
67112, 23801240, 0, 0, 0
67203, 21127306, 0, 0, 0
67312, 20911878, 0, 0, 0
67406, 23491562, 0, 0, 0
67501, 19825103, 0, 0, 0
67601, 23354621, 0, 0, 0
67703, 19941433, 0, 0, 0
67807, 23257475, 0, 0, 0
67907, 24128529, 0, 0, 0
68003, 24695964, 0, 0, 0
68105, 20018464, 0, 0, 0
68211, 24940310, 0, 0, 0
68303, 21085266, 0, 0, 0
68401, 19250038, 0, 0, 0
68506, 19664584, 0, 0, 0
68602, 22017559, 0, 0, 0
68700, 26583385, 0, 0, 0
68807, 24388678, 0, 0, 0
68906, 28782773, 0, 0, 0
69009, 22817515, 0, 0, 0
69117, 19047842, 0, 0, 0
69203, 26955469, 0, 0, 0
69300, 21427420, 0, 0, 0
69414, 24168923, 0, 0, 0
69501, 18491474, 0, 0, 0
69600, 23845359, 0, 0, 0
69702, 23329036, 0, 0, 0
69801, 30841382, 0, 0, 0
69902, 22857092, 0, 0, 0
70006, 22051778, 0, 0, 0
70102, 18388218, 0, 0, 0
70204, 23174461, 0, 0, 0
70311, 16778039, 0, 0, 0
70402, 28842632, 0, 0, 0
70503, 19547456, 0, 0, 0
70603, 23140554, 0, 0, 0
70702, 19610845, 0, 0, 0
70812, 19462479, 0, 0, 0
70900, 21487716, 0, 0, 0
71010, 18331402, 0, 0, 0
71102, 21398753, 0, 0, 0
71205, 26157239, 0, 0, 0
71305, 27432812, 0, 0, 0
71407, 19119693, 0, 0, 0
71500, 20656776, 0, 0, 0
71614, 23678386, 0, 0, 0
71702, 19605815, 0, 0, 0
71800, 18170296, 0, 0, 0
71905, 27569628, 0, 0, 0
72002, 21807995, 0, 0, 0
72109, 17740719, 0, 0, 0
72201, 25818029, 0, 0, 0
72302, 21636761, 0, 0, 0
72406, 20752265, 0, 0, 0
72500, 33249590, 0, 0, 0
72605, 20333644, 0, 0, 0
72704, 20256908, 0, 0, 0
72810, 35377404, 0, 0, 0
72905, 31119830, 0, 0, 0
73017, 17756485, 0, 0, 0
73100, 21768921, 0, 0, 0
73205, 22429985, 0, 0, 0
73301, 23295996, 0, 0, 0
73403, 31274897, 0, 0, 0
73508, 25471438, 0, 0, 0
73612, 25008384, 0, 0, 0
73700, 20248084, 0, 0, 0
73808, 29641616, 0, 0, 0
73909, 29344604, 0, 0, 0
74003, 19460744, 0, 0, 0
74101, 21675703, 0, 0, 0
74202, 25873986, 0, 0, 0
74304, 18865470, 0, 0, 0
74401, 20608570, 0, 0, 0
74502, 42595986, 0, 0, 0
74600, 24454526, 0, 0, 0
74708, 19402503, 0, 0, 0
74800, 25938387, 0, 0, 0
74903, 22005197, 0, 0, 0
75010, 23532687, 0, 0, 0
75108, 24471301, 0, 0, 0
75202, 26549249, 0, 0, 0
75320, 18648795, 0, 0, 0
75402, 23301918, 0, 0, 0
75502, 23253008, 0, 0, 0
75602, 31017575, 0, 0, 0
75700, 20053044, 0, 0, 0
75800, 23401466, 0, 0, 0
75904, 23936421, 0, 0, 0
76014, 24404339, 0, 0, 0
76100, 27422460, 0, 0, 0
76209, 21562976, 0, 0, 0
76311, 21417761, 0, 0, 0
76403, 24368013, 0, 0, 0
76500, 27431502, 0, 0, 0
76600, 23346233, 0, 0, 0
76702, 18984194, 0, 0, 0
76801, 29855468, 0, 0, 0
76905, 22074285, 0, 0, 0
77002, 23998919, 0, 0, 0
77112, 19281887, 0, 0, 0
77200, 23725630, 0, 0, 0
77309, 23358677, 0, 0, 0
77403, 25173384, 0, 0, 0
77510, 25459702, 0, 0, 0
77603, 25187247, 0, 0, 0
77705, 16204897, 0, 0, 0
77803, 17594483, 0, 0, 0
77910, 24053637, 0, 0, 0
78000, 21163905, 0, 0, 0
78100, 23628915, 0, 0, 0
78207, 22662363, 0, 0, 0
78302, 20349619, 0, 0, 0
78401, 28883834, 0, 0, 0
78503, 22832242, 0, 0, 0
78600, 25806666, 0, 0, 0
78705, 22115293, 0, 0, 0
78805, 27897528, 0, 0, 0
78902, 29986844, 0, 0, 0
79001, 24409287, 0, 0, 0
79100, 27027018, 0, 0, 0
79201, 23659187, 0, 0, 0
79300, 23567540, 0, 0, 0
79401, 29254171, 0, 0, 0
79503, 22119672, 0, 0, 0
79604, 24635640, 0, 0, 0
79700, 21666530, 0, 0, 0
79804, 22197902, 0, 0, 0
79903, 20916449, 0, 0, 0
80002, 33236276, 0, 0, 0
80103, 21375300, 0, 0, 0
80216, 21347766, 0, 0, 0
80309, 24037771, 0, 0, 0
80400, 24822206, 0, 0, 0
80509, 24050180, 0, 0, 0
80605, 19270049, 0, 0, 0
80701, 33839896, 0, 0, 0
80801, 21177069, 0, 0, 0
80902, 28644697, 0, 0, 0
81006, 27531817, 0, 0, 0
81103, 23526522, 0, 0, 0
81208, 22268019, 0, 0, 0
81306, 24068659, 0, 0, 0
81409, 19372190, 0, 0, 0
81504, 24768275, 0, 0, 0
81608, 25382335, 0, 0, 0
81701, 22301527, 0, 0, 0
81800, 27612075, 0, 0, 0
81911, 18106440, 0, 0, 0
82000, 28069380, 0, 0, 0
82100, 21405771, 0, 0, 0
82203, 22403890, 0, 0, 0
82305, 16167423, 0, 0, 0
82400, 24183082, 0, 0, 0
82500, 21052602, 0, 0, 0
82600, 23118812, 0, 0, 0
82720, 23464669, 0, 0, 0
82800, 25114426, 0, 0, 0
82900, 25883284, 0, 0, 0
83010, 26312584, 0, 0, 0
83106, 26153870, 0, 0, 0
83210, 30519071, 0, 0, 0
83305, 30165077, 0, 0, 0
83413, 31226589, 0, 0, 0
83502, 21271365, 0, 0, 0
83604, 20721707, 0, 0, 0
83704, 22440302, 0, 0, 0
83817, 23102524, 0, 0, 0
83901, 19800623, 0, 0, 0
84005, 20479491, 0, 0, 0
84102, 21350615, 0, 0, 0
84207, 20073616, 0, 0, 0
84306, 22472977, 0, 0, 0
84402, 23344257, 0, 0, 0
84500, 22004509, 0, 0, 0
84603, 21147253, 0, 0, 0
84713, 25717369, 0, 0, 0
84803, 20659296, 0, 0, 0
84906, 20219863, 0, 0, 0
85001, 38383657, 0, 0, 0
85100, 25832998, 0, 0, 0
85200, 20899062, 0, 0, 0
85304, 24540699, 0, 0, 0
85404, 23113120, 0, 0, 0
85509, 21665257, 0, 0, 0
85604, 21760520, 0, 0, 0
85704, 25605440, 0, 0, 0
85813, 23093429, 0, 0, 0
85903, 23868823, 0, 0, 0
86001, 23410321, 0, 0, 0
86100, 25315003, 0, 0, 0
86209, 30672355, 0, 0, 0
86303, 31095444, 0, 0, 0
86405, 24837873, 0, 0, 0
86501, 23696202, 0, 0, 0
86601, 20905126, 0, 0, 0
86700, 17238595, 0, 0, 0
86803, 20302656, 0, 0, 0
86912, 21063630, 0, 0, 0
87005, 24579754, 0, 0, 0
87104, 20186129, 0, 0, 0
87200, 20993937, 0, 0, 0
87307, 21906450, 0, 0, 0
87400, 23169125, 0, 0, 0
87501, 24177103, 0, 0, 0
87606, 24129267, 0, 0, 0
87709, 22125558, 0, 0, 0
87800, 21401055, 0, 0, 0
87901, 20917469, 0, 0, 0
88006, 23456941, 0, 0, 0
88104, 26227944, 0, 0, 0
88201, 20148983, 0, 0, 0
88306, 23564686, 0, 0, 0
88411, 24652466, 0, 0, 0
88500, 20490894, 0, 0, 0
88604, 21979461, 0, 0, 0
88701, 24459649, 0, 0, 0
88800, 16161795, 0, 0, 0
88900, 21984323, 0, 0, 0
89000, 22427498, 0, 0, 0
89100, 31651829, 0, 0, 0
89205, 26775129, 0, 0, 0
89301, 19711322, 0, 0, 0
89404, 16060743, 0, 0, 0
89500, 25909201, 0, 0, 0
89605, 18776468, 0, 0, 0
89707, 16394249, 0, 0, 0
89800, 27900356, 0, 0, 0
89906, 23179096, 0, 0, 0
90001, 21400830, 0, 0, 0
90100, 22501852, 0, 0, 0
90200, 25389611, 0, 0, 0
90303, 22803452, 0, 0, 0
90403, 22664394, 0, 0, 0
90500, 22938662, 0, 0, 0
90601, 27466001, 0, 0, 0
90700, 26824077, 0, 0, 0
90814, 20153938, 0, 0, 0
90902, 27131746, 0, 0, 0
91000, 20209441, 0, 0, 0
91122, 20950651, 0, 0, 0
91204, 22696562, 0, 0, 0
91300, 16925210, 0, 0, 0
91406, 16875131, 0, 0, 0
91502, 23702367, 0, 0, 0
91610, 23318537, 0, 0, 0
91700, 21532200, 0, 0, 0
91801, 30764615, 0, 0, 0
91901, 25892697, 0, 0, 0
92007, 19723104, 0, 0, 0
92103, 28209316, 0, 0, 0
92202, 19602442, 0, 0, 0
92308, 26506860, 0, 0, 0
92406, 24241144, 0, 0, 0
92502, 23100660, 0, 0, 0
92608, 34521950, 0, 0, 0
92705, 24306049, 0, 0, 0
92802, 25725923, 0, 0, 0
92904, 20875331, 0, 0, 0
93004, 24347765, 0, 0, 0
93103, 22114138, 0, 0, 0
93200, 15818104, 0, 0, 0
93303, 26640965, 0, 0, 0
93418, 18178261, 0, 0, 0
93500, 33107449, 0, 0, 0
93608, 22579143, 0, 0, 0
93728, 27184101, 0, 0, 0
93800, 28168215, 0, 0, 0
93909, 25579308, 0, 0, 0
94000, 22507183, 0, 0, 0
94109, 20345117, 0, 0, 0
94229, 19582202, 0, 0, 0
94305, 23130513, 0, 0, 0
94400, 22387776, 0, 0, 0
94506, 23388729, 0, 0, 0
94605, 21246561, 0, 0, 0
94706, 23414017, 0, 0, 0
94800, 26479500, 0, 0, 0
94921, 23556715, 0, 0, 0
95001, 23881686, 0, 0, 0
95106, 25757383, 0, 0, 0
95202, 19398387, 0, 0, 0
95303, 22920147, 0, 0, 0
95408, 22091296, 0, 0, 0
95504, 19984105, 0, 0, 0
95604, 23867996, 0, 0, 0
95701, 17835621, 0, 0, 0
95807, 20217697, 0, 0, 0
95904, 21925344, 0, 0, 0
96004, 21962084, 0, 0, 0
96105, 28376236, 0, 0, 0
96201, 23797051, 0, 0, 0
96311, 19101440, 0, 0, 0
96410, 25065998, 0, 0, 0
96506, 21217986, 0, 0, 0
96601, 22601405, 0, 0, 0
96700, 22267122, 0, 0, 0
96801, 23246422, 0, 0, 0
96904, 19292913, 0, 0, 0
97003, 20955846, 0, 0, 0
97100, 24232797, 0, 0, 0
97208, 26160616, 0, 0, 0
97300, 20194965, 0, 0, 0
97405, 28695359, 0, 0, 0
97516, 30788606, 0, 0, 0
97608, 26615217, 0, 0, 0
97700, 24345400, 0, 0, 0
97801, 18508129, 0, 0, 0
97902, 21247002, 0, 0, 0
98000, 28293189, 0, 0, 0
98106, 24208178, 0, 0, 0
98200, 20889480, 0, 0, 0
98303, 26864744, 0, 0, 0
98405, 24190732, 0, 0, 0
98502, 24851411, 0, 0, 0
98604, 24874383, 0, 0, 0
98704, 29753013, 0, 0, 0
98803, 24988769, 0, 0, 0
98906, 21332093, 0, 0, 0
99003, 16412650, 0, 0, 0
99103, 22765687, 0, 0, 0
99208, 23830715, 0, 0, 0
99303, 25544389, 0, 0, 0
99401, 23984634, 0, 0, 0
99501, 26795575, 0, 0, 0
99603, 19900446, 0, 0, 0
99700, 18595326, 0, 0, 0
99803, 28195781, 0, 0, 0
99901, 25081929, 0, 0, 0
100003, 20558336, 0, 0, 0
100100, 21838054, 0, 0, 0
100206, 24642197, 0, 0, 0
100306, 32642742, 0, 0, 0
100402, 26529612, 0, 0, 0
100501, 22674497, 0, 0, 0
100600, 20837262, 0, 0, 0
100704, 21947609, 0, 0, 0
100825, 31480941, 0, 0, 0
100906, 31984567, 0, 0, 0
101003, 30711715, 0, 0, 0
101103, 30177768, 0, 0, 0
101211, 28335584, 0, 0, 0
101303, 21153189, 0, 0, 0
101400, 23438807, 0, 0, 0
101501, 17028107, 0, 0, 0
101601, 21672821, 0, 0, 0
101704, 17676485, 0, 0, 0
101816, 27566453, 0, 0, 0
101900, 23273576, 0, 0, 0
102000, 17652688, 0, 0, 0
102108, 23404384, 0, 0, 0
102207, 27654835, 0, 0, 0
102302, 20752856, 0, 0, 0
102404, 24978004, 0, 0, 0
102503, 22122146, 0, 0, 0
102601, 19242739, 0, 0, 0
102701, 19448670, 0, 0, 0
102801, 28019754, 0, 0, 0
102900, 25394774, 0, 0, 0
103001, 18675695, 0, 0, 0
103116, 19987858, 0, 0, 0
103203, 27870702, 0, 0, 0
103308, 21656394, 0, 0, 0
103405, 20447323, 0, 0, 0
103502, 21878588, 0, 0, 0
103605, 20256257, 0, 0, 0
103701, 27434656, 0, 0, 0
103801, 23096084, 0, 0, 0
103905, 21851597, 0, 0, 0
104000, 17523289, 0, 0, 0
104102, 21291324, 0, 0, 0
104200, 28135115, 0, 0, 0
104304, 23122447, 0, 0, 0
104406, 18808868, 0, 0, 0
104501, 27581140, 0, 0, 0
104614, 26768095, 0, 0, 0
104700, 19690480, 0, 0, 0
104806, 22362148, 0, 0, 0
104900, 22615512, 0, 0, 0
105000, 22665046, 0, 0, 0
105100, 17461736, 0, 0, 0
105202, 22007348, 0, 0, 0
105302, 22018410, 0, 0, 0
105404, 19801089, 0, 0, 0
105510, 28801651, 0, 0, 0
105608, 18231022, 0, 0, 0
105708, 26244982, 0, 0, 0
105806, 22556714, 0, 0, 0
105904, 23723785, 0, 0, 0
106003, 21138489, 0, 0, 0
106103, 21092885, 0, 0, 0
106206, 21246583, 0, 0, 0
106301, 26195145, 0, 0, 0
106401, 24183176, 0, 0, 0
106508, 20796638, 0, 0, 0
106602, 26091084, 0, 0, 0
106700, 16893684, 0, 0, 0
106804, 23772311, 0, 0, 0
106908, 26224378, 0, 0, 0
107005, 22946163, 0, 0, 0
107110, 18053068, 0, 0, 0
107204, 21795066, 0, 0, 0
107300, 33076100, 0, 0, 0
107402, 24205500, 0, 0, 0
107502, 26226530, 0, 0, 0
107610, 21710271, 0, 0, 0
107703, 22568257, 0, 0, 0
107800, 22982740, 0, 0, 0
107903, 17955012, 0, 0, 0
108007, 26793470, 0, 0, 0
108103, 29318271, 0, 0, 0
108201, 25734063, 0, 0, 0
108300, 24904739, 0, 0, 0
108409, 21655178, 0, 0, 0
108505, 23335876, 0, 0, 0
108601, 23438050, 0, 0, 0
108700, 20274667, 0, 0, 0
108818, 25667112, 0, 0, 0
108900, 27589064, 0, 0, 0
109011, 20263524, 0, 0, 0
109101, 25186933, 0, 0, 0
109201, 20277892, 0, 0, 0
109304, 22826489, 0, 0, 0
109409, 21135294, 0, 0, 0
109500, 22286687, 0, 0, 0
109607, 23076671, 0, 0, 0
109706, 22768853, 0, 0, 0
109801, 20328134, 0, 0, 0
109905, 22699784, 0, 0, 0
110013, 20772366, 0, 0, 0
110101, 27029751, 0, 0, 0
110201, 24607726, 0, 0, 0
110306, 25538329, 0, 0, 0
110403, 25720622, 0, 0, 0
110510, 17994099, 0, 0, 0
110600, 22971487, 0, 0, 0
110706, 19864943, 0, 0, 0
110801, 20728461, 0, 0, 0
110908, 17170319, 0, 0, 0
111007, 28288757, 0, 0, 0
111103, 23175601, 0, 0, 0
111206, 25908971, 0, 0, 0
111301, 28595764, 0, 0, 0
111406, 22118616, 0, 0, 0
111508, 20326488, 0, 0, 0
111602, 22879232, 0, 0, 0
111702, 21217911, 0, 0, 0
111803, 26293224, 0, 0, 0
111903, 25065380, 0, 0, 0
112000, 26376525, 0, 0, 0
112102, 22666929, 0, 0, 0
112201, 26618936, 0, 0, 0
112302, 24185583, 0, 0, 0
112403, 19158455, 0, 0, 0
112504, 24655659, 0, 0, 0
112603, 22041432, 0, 0, 0
112701, 23333226, 0, 0, 0
112803, 26217185, 0, 0, 0
112903, 22973264, 0, 0, 0
113003, 24725965, 0, 0, 0
113105, 22962421, 0, 0, 0
113203, 21929817, 0, 0, 0
113307, 18863859, 0, 0, 0
113409, 23762797, 0, 0, 0
113508, 22724488, 0, 0, 0
113602, 25502867, 0, 0, 0
113701, 23960550, 0, 0, 0
113802, 16482271, 0, 0, 0
113909, 21574272, 0, 0, 0
114001, 21930573, 0, 0, 0
114100, 17392268, 0, 0, 0
114201, 22608145, 0, 0, 0
114313, 22938434, 0, 0, 0
114401, 27164656, 0, 0, 0
114500, 25136355, 0, 0, 0
114605, 23574454, 0, 0, 0
114705, 24805479, 0, 0, 0
114801, 26108441, 0, 0, 0
114902, 22259019, 0, 0, 0
115019, 19098055, 0, 0, 0
115103, 27299947, 0, 0, 0
115200, 20578308, 0, 0, 0
115316, 22128990, 0, 0, 0
115400, 29736946, 0, 0, 0
115502, 21785904, 0, 0, 0
115603, 25084658, 0, 0, 0
115700, 21252744, 0, 0, 0
115804, 20321034, 0, 0, 0
115909, 19684804, 0, 0, 0
116011, 20071255, 0, 0, 0
116102, 23503553, 0, 0, 0
116204, 20169256, 0, 0, 0
116301, 27979796, 0, 0, 0
116400, 18188976, 0, 0, 0
116500, 24937523, 0, 0, 0
116600, 20528437, 0, 0, 0
116700, 18621569, 0, 0, 0
116800, 27021812, 0, 0, 0
116901, 20401999, 0, 0, 0
117004, 23244109, 0, 0, 0
117100, 22514467, 0, 0, 0
117207, 24947999, 0, 0, 0
117303, 20219882, 0, 0, 0
117400, 17803623, 0, 0, 0
117504, 22699439, 0, 0, 0
117604, 23628608, 0, 0, 0
117703, 21265563, 0, 0, 0
117802, 18137151, 0, 0, 0
117900, 30983453, 0, 0, 0
118014, 25731894, 0, 0, 0
118110, 25939493, 0, 0, 0
118200, 23396208, 0, 0, 0
118301, 22959609, 0, 0, 0
118409, 23227483, 0, 0, 0
118501, 25302555, 0, 0, 0
118603, 20614612, 0, 0, 0
118714, 20857134, 0, 0, 0
118805, 19472598, 0, 0, 0
118901, 25158735, 0, 0, 0
119000, 26354917, 0, 0, 0
119102, 22184462, 0, 0, 0
119203, 24434927, 0, 0, 0
119302, 26340852, 0, 0, 0
119405, 26335350, 0, 0, 0
119500, 24230901, 0, 0, 0
119601, 19408525, 0, 0, 0
119700, 25452248, 0, 0, 0
119802, 32873269, 0, 0, 0
119910, 23021622, 0, 0, 0
120001, 22954155, 0, 0, 0
120105, 28368160, 0, 0, 0
120200, 16567605, 0, 0, 0
120303, 19571925, 0, 0, 0
120405, 28071039, 0, 0, 0
120505, 21296468, 0, 0, 0
120610, 20764154, 0, 0, 0
120705, 21560105, 0, 0, 0
120807, 18536008, 0, 0, 0
120904, 23237937, 0, 0, 0
121002, 24476626, 0, 0, 0
121104, 16348719, 0, 0, 0
121208, 27002343, 0, 0, 0
121300, 15664506, 0, 0, 0
121405, 21710191, 0, 0, 0
121503, 21607281, 0, 0, 0
121603, 18807502, 0, 0, 0
121703, 30794876, 0, 0, 0
121802, 13019441, 0, 0, 0
121906, 25035379, 0, 0, 0
122001, 23868485, 0, 0, 0
122100, 25179576, 0, 0, 0
122209, 26904973, 0, 0, 0
122303, 26998542, 0, 0, 0
122402, 17039767, 0, 0, 0
122508, 22402900, 0, 0, 0
122601, 24024960, 0, 0, 0
122708, 16911031, 0, 0, 0
122803, 18955203, 0, 0, 0
122901, 25126782, 0, 0, 0
123002, 22256655, 0, 0, 0
123101, 22810630, 0, 0, 0
123204, 21532357, 0, 0, 0
123313, 21124658, 0, 0, 0
123401, 27755567, 0, 0, 0
123501, 19260743, 0, 0, 0
123601, 27158092, 0, 0, 0
123705, 22766211, 0, 0, 0
123809, 25221154, 0, 0, 0
123905, 24511165, 0, 0, 0
124001, 20829273, 0, 0, 0
124104, 23499968, 0, 0, 0
124204, 20133108, 0, 0, 0
124300, 20467949, 0, 0, 0
124400, 23144820, 0, 0, 0
124501, 24879279, 0, 0, 0
124600, 20992750, 0, 0, 0
124701, 27737667, 0, 0, 0
124802, 25248055, 0, 0, 0
124900, 18259241, 0, 0, 0
125000, 22736480, 0, 0, 0
125106, 22727608, 0, 0, 0
125202, 17567928, 0, 0, 0
125301, 22960139, 0, 0, 0
125407, 19482922, 0, 0, 0
125505, 22097959, 0, 0, 0
125600, 26489205, 0, 0, 0
125706, 37403795, 0, 0, 0
125800, 17144611, 0, 0, 0
125909, 22231436, 0, 0, 0
126004, 27343999, 0, 0, 0
126102, 23401390, 0, 0, 0
126200, 22801322, 0, 0, 0
126300, 18617955, 0, 0, 0
126402, 31178010, 0, 0, 0
126504, 21842844, 0, 0, 0
126626, 21537624, 0, 0, 0
126703, 22263421, 0, 0, 0
126826, 25396240, 0, 0, 0
126901, 26066163, 0, 0, 0
127006, 18429226, 0, 0, 0
127100, 18886599, 0, 0, 0
127213, 23404815, 0, 0, 0
127301, 24648469, 0, 0, 0
127406, 25144415, 0, 0, 0
127503, 22219084, 0, 0, 0
127620, 23405626, 0, 0, 0
127703, 24103998, 0, 0, 0
127803, 20700948, 0, 0, 0
127902, 19374196, 0, 0, 0
128003, 20524728, 0, 0, 0
128100, 20954485, 0, 0, 0
128203, 19250546, 0, 0, 0
128300, 17700014, 0, 0, 0
128400, 20228962, 0, 0, 0
128500, 20128088, 0, 0, 0
128605, 20876514, 0, 0, 0
128705, 29645949, 0, 0, 0
128802, 22472102, 0, 0, 0
128901, 28432840, 0, 0, 0
129000, 20329350, 0, 0, 0
129100, 27968896, 0, 0, 0
129205, 22542286, 0, 0, 0
129302, 21072652, 0, 0, 0
129400, 23281797, 0, 0, 0
129504, 24365559, 0, 0, 0
129603, 21835545, 0, 0, 0
129702, 20203477, 0, 0, 0
129801, 21827990, 0, 0, 0
129906, 28100577, 0, 0, 0
130003, 22437131, 0, 0, 0
130101, 21899264, 0, 0, 0
130203, 23239362, 0, 0, 0
130312, 25934909, 0, 0, 0
130411, 25212575, 0, 0, 0
130505, 21692936, 0, 0, 0
130605, 24651736, 0, 0, 0
130707, 26465404, 0, 0, 0
130804, 18867536, 0, 0, 0
130900, 19839578, 0, 0, 0
131005, 23991402, 0, 0, 0
131104, 22586794, 0, 0, 0
131203, 26443093, 0, 0, 0
131307, 22358265, 0, 0, 0
131414, 30534882, 0, 0, 0
131506, 23034936, 0, 0, 0
131608, 22753244, 0, 0, 0
131706, 24414436, 0, 0, 0
131803, 22647347, 0, 0, 0
131905, 26756093, 0, 0, 0
132001, 37685884, 0, 0, 0
132102, 20349492, 0, 0, 0
132201, 22481567, 0, 0, 0
132301, 21267364, 0, 0, 0
132400, 22756465, 0, 0, 0
132502, 17034903, 0, 0, 0
132605, 18744832, 0, 0, 0
132701, 30268202, 0, 0, 0
132810, 25203728, 0, 0, 0
132907, 26596707, 0, 0, 0
133001, 19501905, 0, 0, 0
133108, 18269652, 0, 0, 0
133213, 25392565, 0, 0, 0
133310, 28225523, 0, 0, 0
133404, 16224405, 0, 0, 0
133501, 17707873, 0, 0, 0
133602, 21356212, 0, 0, 0
133705, 20658854, 0, 0, 0
133802, 21361989, 0, 0, 0
133902, 22231125, 0, 0, 0
134002, 21144240, 0, 0, 0
134111, 26993836, 0, 0, 0
134202, 22832566, 0, 0, 0
134306, 27646151, 0, 0, 0
134401, 21199761, 0, 0, 0
134506, 21537191, 0, 0, 0
134601, 25165977, 0, 0, 0
134700, 19337874, 0, 0, 0
134802, 23064146, 0, 0, 0
134906, 24259823, 0, 0, 0
135000, 20800280, 0, 0, 0
135117, 21631400, 0, 0, 0
135202, 22298811, 0, 0, 0
135302, 23372179, 0, 0, 0
135405, 24511494, 0, 0, 0
135513, 28737474, 0, 0, 0
135602, 28451894, 0, 0, 0
135703, 23828207, 0, 0, 0
135804, 25263102, 0, 0, 0
135903, 18118641, 0, 0, 0
136002, 20300475, 0, 0, 0
136105, 24264858, 0, 0, 0
136203, 31359463, 0, 0, 0
136304, 17170090, 0, 0, 0
136401, 20381837, 0, 0, 0
136513, 23821925, 0, 0, 0
136605, 22594975, 0, 0, 0
136706, 22127920, 0, 0, 0
136801, 22950261, 0, 0, 0
136900, 19597487, 0, 0, 0
137005, 20864836, 0, 0, 0
137106, 21669001, 0, 0, 0
137200, 23789424, 0, 0, 0
137302, 20500170, 0, 0, 0
137405, 30158427, 0, 0, 0
137506, 22653211, 0, 0, 0
137601, 19770768, 0, 0, 0
137705, 22802465, 0, 0, 0
137800, 20797756, 0, 0, 0
137902, 20305478, 0, 0, 0
138016, 24594249, 0, 0, 0
138102, 24375322, 0, 0, 0
138202, 20753897, 0, 0, 0
138301, 20788079, 0, 0, 0
138409, 21301287, 0, 0, 0
138507, 20621640, 0, 0, 0
138607, 25019043, 0, 0, 0
138711, 26344383, 0, 0, 0
138800, 21295903, 0, 0, 0
138901, 20504417, 0, 0, 0
139003, 23503236, 0, 0, 0
139103, 24136623, 0, 0, 0
139204, 22721435, 0, 0, 0
139300, 25756281, 0, 0, 0
139401, 19772176, 0, 0, 0
139500, 19290884, 0, 0, 0
139606, 25509022, 0, 0, 0
139705, 33805118, 0, 0, 0
139801, 18107942, 0, 0, 0
139913, 23803726, 0, 0, 0
140003, 34239717, 0, 0, 0
140100, 20540926, 0, 0, 0
140207, 19940982, 0, 0, 0
140305, 22169973, 0, 0, 0
140409, 21385260, 0, 0, 0
140501, 22997438, 0, 0, 0
140603, 28365602, 0, 0, 0
140701, 24162253, 0, 0, 0
140804, 26911048, 0, 0, 0
140900, 19745137, 0, 0, 0
141001, 21157530, 0, 0, 0
141100, 28442037, 0, 0, 0
141202, 23627049, 0, 0, 0
141301, 17587823, 0, 0, 0
141406, 21476316, 0, 0, 0
141513, 21804377, 0, 0, 0
141600, 31396460, 0, 0, 0
141712, 21263751, 0, 0, 0
141802, 24453981, 0, 0, 0
141901, 20530773, 0, 0, 0
142003, 27390295, 0, 0, 0
142106, 27865578, 0, 0, 0
142203, 26337464, 0, 0, 0
142300, 24002579, 0, 0, 0
142405, 23833164, 0, 0, 0
142502, 22360631, 0, 0, 0
142601, 24258276, 0, 0, 0
142700, 29098966, 0, 0, 0
142801, 22903514, 0, 0, 0
142904, 23260473, 0, 0, 0
143020, 27343022, 0, 0, 0
143108, 25079884, 0, 0, 0
143203, 20494349, 0, 0, 0
143301, 22987695, 0, 0, 0
143402, 29358388, 0, 0, 0
143504, 25995807, 0, 0, 0
143606, 24554940, 0, 0, 0
143703, 18062941, 0, 0, 0
143813, 21530146, 0, 0, 0
143902, 24440191, 0, 0, 0
144012, 24943424, 0, 0, 0
144105, 21212088, 0, 0, 0
144203, 30381794, 0, 0, 0
144310, 28818989, 0, 0, 0
144405, 19911935, 0, 0, 0
144504, 19508361, 0, 0, 0
144604, 24566275, 0, 0, 0
144705, 25080211, 0, 0, 0
144804, 22681244, 0, 0, 0
144902, 24705469, 0, 0, 0
145001, 17757581, 0, 0, 0
145112, 23602609, 0, 0, 0
145200, 25360472, 0, 0, 0
145303, 22636557, 0, 0, 0
145401, 24441240, 0, 0, 0
145510, 20496617, 0, 0, 0
145608, 16837066, 0, 0, 0
145708, 24922094, 0, 0, 0
145811, 27414617, 0, 0, 0
145901, 23709318, 0, 0, 0
146010, 25272228, 0, 0, 0
146105, 25140366, 0, 0, 0
146212, 28923362, 0, 0, 0
146310, 23205298, 0, 0, 0
146406, 26995768, 0, 0, 0
146502, 23801832, 0, 0, 0
146602, 24550546, 0, 0, 0
146700, 24175141, 0, 0, 0
146805, 19802075, 0, 0, 0
146900, 23010228, 0, 0, 0
147017, 19907345, 0, 0, 0
147108, 28235918, 0, 0, 0
147200, 31536006, 0, 0, 0
147302, 18612405, 0, 0, 0
147401, 26467812, 0, 0, 0
147500, 16092763, 0, 0, 0
147604, 21082078, 0, 0, 0
147702, 21553471, 0, 0, 0
147804, 19764142, 0, 0, 0
147900, 27851902, 0, 0, 0
148012, 22684233, 0, 0, 0
148103, 23178027, 0, 0, 0
148205, 19484777, 0, 0, 0
148302, 21859174, 0, 0, 0
148400, 21897240, 0, 0, 0
148519, 16031487, 0, 0, 0
148603, 31824818, 0, 0, 0
148713, 21634596, 0, 0, 0
148800, 29667285, 0, 0, 0
148902, 21546934, 0, 0, 0
149002, 19843519, 0, 0, 0
149107, 22340999, 0, 0, 0
149202, 21042176, 0, 0, 0
149302, 20366636, 0, 0, 0
149403, 20498281, 0, 0, 0
149512, 19996024, 0, 0, 0
149603, 23503604, 0, 0, 0
149705, 19573063, 0, 0, 0
149800, 23206908, 0, 0, 0
149901, 18714236, 0, 0, 0
150007, 16070777, 0, 0, 0
150101, 15923874, 0, 0, 0
150202, 32420034, 0, 0, 0
150301, 27297007, 0, 0, 0
150410, 22504107, 0, 0, 0
150512, 26480839, 0, 0, 0
150600, 25659293, 0, 0, 0
150702, 18032457, 0, 0, 0
150804, 27406973, 0, 0, 0
150906, 24105138, 0, 0, 0
151004, 21455434, 0, 0, 0
151103, 23663904, 0, 0, 0
151200, 22289659, 0, 0, 0
151303, 25125720, 0, 0, 0
151402, 24165104, 0, 0, 0
151512, 23856891, 0, 0, 0
151602, 25824222, 0, 0, 0
151701, 23441124, 0, 0, 0
151803, 21618970, 0, 0, 0
151900, 17510497, 0, 0, 0
152009, 19393865, 0, 0, 0
152103, 23407233, 0, 0, 0
152203, 22396766, 0, 0, 0
152323, 25167197, 0, 0, 0
152400, 23317025, 0, 0, 0
152508, 23837646, 0, 0, 0
152600, 19288205, 0, 0, 0
152700, 26506020, 0, 0, 0
152807, 22901533, 0, 0, 0
152901, 18389573, 0, 0, 0
153001, 19178622, 0, 0, 0
153101, 37136780, 0, 0, 0
153203, 22354166, 0, 0, 0
153302, 17734253, 0, 0, 0
153402, 17236436, 0, 0, 0
153504, 37285752, 0, 0, 0
153600, 17784479, 0, 0, 0
153700, 20948993, 0, 0, 0
153812, 21025828, 0, 0, 0
153902, 28011800, 0, 0, 0
154002, 15498243, 0, 0, 0
154105, 21545924, 0, 0, 0
154204, 23106289, 0, 0, 0
154302, 26230660, 0, 0, 0
154400, 23676671, 0, 0, 0
154504, 28428915, 0, 0, 0
154603, 20532552, 0, 0, 0
154700, 21348164, 0, 0, 0
154811, 18652830, 0, 0, 0
154900, 38119375, 0, 0, 0
155002, 18958775, 0, 0, 0
155117, 26128258, 0, 0, 0
155202, 22050467, 0, 0, 0
155300, 33958710, 0, 0, 0
155402, 24254958, 0, 0, 0
155503, 19602060, 0, 0, 0
155613, 30136978, 0, 0, 0
155704, 28310566, 0, 0, 0
155803, 24005033, 0, 0, 0
155906, 23390388, 0, 0, 0
156013, 24848250, 0, 0, 0
156104, 29732235, 0, 0, 0
156203, 15903636, 0, 0, 0
156303, 25749697, 0, 0, 0
156402, 19755497, 0, 0, 0
156501, 24673934, 0, 0, 0
156609, 24044489, 0, 0, 0
156702, 23543680, 0, 0, 0
156801, 19441502, 0, 0, 0
156907, 25269672, 0, 0, 0
157004, 21077399, 0, 0, 0
157100, 21741297, 0, 0, 0
157202, 22831725, 0, 0, 0
157309, 21899068, 0, 0, 0
157405, 25589213, 0, 0, 0
157503, 24710344, 0, 0, 0
157602, 21691094, 0, 0, 0
157705, 23836208, 0, 0, 0
157801, 22236681, 0, 0, 0
157902, 20925845, 0, 0, 0
158004, 21905378, 0, 0, 0
158105, 22239361, 0, 0, 0
158204, 26377626, 0, 0, 0
158304, 16365251, 0, 0, 0
158402, 19812348, 0, 0, 0
158500, 18102612, 0, 0, 0
158602, 20303375, 0, 0, 0
158706, 24413967, 0, 0, 0
158802, 23988818, 0, 0, 0
158902, 23338178, 0, 0, 0
159006, 22746286, 0, 0, 0
159101, 23675953, 0, 0, 0
159207, 21990914, 0, 0, 0
159309, 22174757, 0, 0, 0
159408, 20751985, 0, 0, 0
159504, 23590027, 0, 0, 0
159603, 22536549, 0, 0, 0
159708, 26959581, 0, 0, 0
159801, 26168258, 0, 0, 0
159900, 22826382, 0, 0, 0
160003, 19231911, 0, 0, 0
160106, 22009070, 0, 0, 0
160203, 22674849, 0, 0, 0
160301, 22066952, 0, 0, 0
160400, 26334004, 0, 0, 0
160503, 20636109, 0, 0, 0
160608, 25326748, 0, 0, 0
160705, 23831236, 0, 0, 0
160801, 28865982, 0, 0, 0
160901, 24322414, 0, 0, 0
161000, 27758549, 0, 0, 0
161105, 21216773, 0, 0, 0
161202, 23831448, 0, 0, 0
161303, 21572201, 0, 0, 0
161405, 25741932, 0, 0, 0
161501, 22727184, 0, 0, 0
161604, 14679930, 0, 0, 0
161702, 25901793, 0, 0, 0
161803, 22507815, 0, 0, 0
161908, 25843578, 0, 0, 0
162001, 20659664, 0, 0, 0
162107, 19675590, 0, 0, 0
162202, 25520031, 0, 0, 0
162306, 28496707, 0, 0, 0
162400, 35764511, 0, 0, 0
162507, 29662931, 0, 0, 0
162601, 19334940, 0, 0, 0
162702, 24938946, 0, 0, 0
162807, 23117400, 0, 0, 0
162905, 21803056, 0, 0, 0
163003, 25496057, 0, 0, 0
163104, 28726930, 0, 0, 0
163203, 18096674, 0, 0, 0
163301, 23683816, 0, 0, 0
163403, 30468064, 0, 0, 0
163501, 25845613, 0, 0, 0
163600, 20142272, 0, 0, 0
163706, 27687673, 0, 0, 0
163800, 24804349, 0, 0, 0
163900, 25419172, 0, 0, 0
164005, 17736024, 0, 0, 0
164102, 26014655, 0, 0, 0
164208, 21810017, 0, 0, 0
164311, 19638756, 0, 0, 0
164401, 25095394, 0, 0, 0
164502, 18482544, 0, 0, 0
164603, 27195572, 0, 0, 0
164702, 20871780, 0, 0, 0
164801, 20278874, 0, 0, 0
164901, 24675880, 0, 0, 0
165001, 20824679, 0, 0, 0
165107, 18535916, 0, 0, 0
165210, 26226236, 0, 0, 0
165306, 20112900, 0, 0, 0
165406, 21588574, 0, 0, 0
165504, 33578090, 0, 0, 0
165612, 22736691, 0, 0, 0
165701, 19447240, 0, 0, 0
165803, 28110632, 0, 0, 0
165900, 27684969, 0, 0, 0
166003, 24032539, 0, 0, 0
166101, 20083306, 0, 0, 0
166200, 18598255, 0, 0, 0
166302, 23269847, 0, 0, 0
166403, 26796957, 0, 0, 0
166503, 25586098, 0, 0, 0
166607, 22667656, 0, 0, 0
166707, 24967577, 0, 0, 0
166808, 21998180, 0, 0, 0
166905, 23615858, 0, 0, 0
167007, 17495479, 0, 0, 0
167100, 21561846, 0, 0, 0
167202, 18546642, 0, 0, 0
167300, 24931559, 0, 0, 0
167402, 27678781, 0, 0, 0
167500, 22919979, 0, 0, 0
167607, 18334063, 0, 0, 0
167701, 22421570, 0, 0, 0
167804, 24779648, 0, 0, 0
167900, 25834377, 0, 0, 0
168013, 20297455, 0, 0, 0
168106, 22850415, 0, 0, 0
168206, 18854197, 0, 0, 0
168305, 23379588, 0, 0, 0
168401, 23224763, 0, 0, 0
168503, 22781172, 0, 0, 0
168602, 28469724, 0, 0, 0
168702, 31908436, 0, 0, 0
168804, 18930910, 0, 0, 0
168907, 31591982, 0, 0, 0
169004, 22638158, 0, 0, 0
169101, 28224051, 0, 0, 0
169207, 20112552, 0, 0, 0
169301, 28297454, 0, 0, 0
169402, 27206400, 0, 0, 0
169514, 26991676, 0, 0, 0
169600, 31202687, 0, 0, 0
169705, 20064155, 0, 0, 0
169805, 21010055, 0, 0, 0
169905, 27656291, 0, 0, 0
170006, 20090079, 0, 0, 0
170123, 22341530, 0, 0, 0
170207, 24750084, 0, 0, 0
170302, 23355894, 0, 0, 0
170405, 25695571, 0, 0, 0
170500, 24358593, 0, 0, 0
170603, 26995229, 0, 0, 0
170700, 20363338, 0, 0, 0
170803, 25102109, 0, 0, 0
170902, 24706290, 0, 0, 0
171002, 21480434, 0, 0, 0
171104, 24036619, 0, 0, 0
171206, 25080111, 0, 0, 0
171300, 22242959, 0, 0, 0
171404, 16908705, 0, 0, 0
171505, 21322231, 0, 0, 0
171603, 19326592, 0, 0, 0
171700, 22219561, 0, 0, 0
171803, 23996112, 0, 0, 0
171910, 27326277, 0, 0, 0
172008, 23993651, 0, 0, 0
172100, 21432827, 0, 0, 0
172202, 23375335, 0, 0, 0
172302, 28640231, 0, 0, 0
172409, 24684522, 0, 0, 0
172508, 28914812, 0, 0, 0
172603, 21009372, 0, 0, 0
172700, 17310714, 0, 0, 0
172808, 22017864, 0, 0, 0
172901, 31840222, 0, 0, 0
173007, 26247867, 0, 0, 0
173100, 18278190, 0, 0, 0
173203, 15903184, 0, 0, 0
173301, 19905658, 0, 0, 0
173400, 19528340, 0, 0, 0
173501, 21017097, 0, 0, 0
173605, 23122939, 0, 0, 0
173700, 21441117, 0, 0, 0
173801, 15909979, 0, 0, 0
173906, 19139493, 0, 0, 0
174005, 20766943, 0, 0, 0
174100, 30277682, 0, 0, 0
174204, 26615674, 0, 0, 0
174300, 19634484, 0, 0, 0
174407, 23185513, 0, 0, 0
174503, 24168674, 0, 0, 0
174600, 24166777, 0, 0, 0
174709, 22459566, 0, 0, 0
174806, 21887595, 0, 0, 0
174910, 30721843, 0, 0, 0
175005, 23844168, 0, 0, 0
175103, 21945030, 0, 0, 0
175202, 21823828, 0, 0, 0
175304, 18657010, 0, 0, 0
175402, 32494180, 0, 0, 0
175510, 24281258, 0, 0, 0
175614, 22216998, 0, 0, 0
175703, 21661048, 0, 0, 0
175806, 25342622, 0, 0, 0
175908, 23796149, 0, 0, 0
176000, 20769999, 0, 0, 0
176108, 21111753, 0, 0, 0
176203, 28737183, 0, 0, 0
176300, 19327663, 0, 0, 0
176400, 22224616, 0, 0, 0
176504, 20063227, 0, 0, 0
176607, 23318077, 0, 0, 0
176703, 21207202, 0, 0, 0
176800, 21081552, 0, 0, 0
176901, 18478033, 0, 0, 0
177002, 17090107, 0, 0, 0
177109, 24372444, 0, 0, 0
177206, 24029649, 0, 0, 0
177300, 17767177, 0, 0, 0
177407, 24264483, 0, 0, 0
177504, 23609967, 0, 0, 0
177612, 23423421, 0, 0, 0
177700, 17813468, 0, 0, 0
177803, 21848564, 0, 0, 0
177901, 19109510, 0, 0, 0
178001, 19580566, 0, 0, 0
178101, 30768445, 0, 0, 0
178201, 22436509, 0, 0, 0
178306, 23734818, 0, 0, 0
178400, 29252344, 0, 0, 0
178511, 23249357, 0, 0, 0
178602, 27747388, 0, 0, 0
178712, 22747467, 0, 0, 0
178800, 24236995, 0, 0, 0
178901, 23334333, 0, 0, 0
179003, 25914326, 0, 0, 0
179102, 21873902, 0, 0, 0
179201, 30783170, 0, 0, 0
179300, 32405165, 0, 0, 0
179400, 24606604, 0, 0, 0
179501, 21704406, 0, 0, 0
179603, 27620695, 0, 0, 0
179710, 21482169, 0, 0, 0
179800, 22733654, 0, 0, 0
179901, 21048296, 0, 0, 0
180003, 23914066, 0, 0, 0
180021, 36333629, 0, 0, 0
