100, 3038942, 0, 0, 0
201, 2724571, 0, 0, 0
300, 2986980, 0, 0, 0
400, 3041515, 0, 0, 0
500, 2689489, 0, 0, 0
601, 2986155, 0, 0, 0
702, 2955023, 0, 0, 0
800, 2967946, 0, 0, 0
901, 2967280, 0, 0, 0
1000, 3018210, 0, 0, 0
1101, 2944158, 0, 0, 0
1201, 3030940, 0, 0, 0
1302, 2824983, 0, 0, 0
1402, 3002814, 0, 0, 0
1501, 3089550, 0, 0, 0
1600, 2917737, 0, 0, 0
1703, 3426027, 0, 0, 0
1802, 3215057, 0, 0, 0
1904, 2475972, 0, 0, 0
2000, 2834169, 0, 0, 0
2100, 3012250, 0, 0, 0
2200, 2780799, 0, 0, 0
2301, 2791012, 0, 0, 0
2400, 3007219, 0, 0, 0
2502, 2748501, 0, 0, 0
2601, 3187431, 0, 0, 0
2702, 2881688, 0, 0, 0
2800, 2650858, 0, 0, 0
2900, 2850557, 0, 0, 0
3000, 2940937, 0, 0, 0
3100, 2506945, 0, 0, 0
3202, 3010090, 0, 0, 0
3302, 3108857, 0, 0, 0
3401, 3078621, 0, 0, 0
3501, 3131730, 0, 0, 0
3600, 2907299, 0, 0, 0
3702, 2772587, 0, 0, 0
3802, 3110678, 0, 0, 0
3900, 2729192, 0, 0, 0
4001, 3591730, 0, 0, 0
4102, 3058693, 0, 0, 0
4201, 3284508, 0, 0, 0
4303, 3308292, 0, 0, 0
4402, 2998772, 0, 0, 0
4502, 2686116, 0, 0, 0
4602, 2956634, 0, 0, 0
4700, 2951971, 0, 0, 0
4802, 2905729, 0, 0, 0
4902, 3026744, 0, 0, 0
5006, 3172049, 0, 0, 0
5100, 2762158, 0, 0, 0
5200, 2843518, 0, 0, 0
5302, 2902527, 0, 0, 0
5403, 2469379, 0, 0, 0
5501, 2795966, 0, 0, 0
5602, 2893389, 0, 0, 0
5701, 2805123, 0, 0, 0
5801, 3126952, 0, 0, 0
5904, 3024438, 0, 0, 0
6002, 2891487, 0, 0, 0
6102, 2766151, 0, 0, 0
6200, 2740833, 0, 0, 0
6300, 2918687, 0, 0, 0
6402, 3084295, 0, 0, 0
6501, 2689601, 0, 0, 0
6600, 3097393, 0, 0, 0
6700, 2915578, 0, 0, 0
6800, 3121886, 0, 0, 0
6902, 3019823, 0, 0, 0
7000, 2696206, 0, 0, 0
7103, 3141351, 0, 0, 0
7201, 2966344, 0, 0, 0
7300, 2819810, 0, 0, 0
7400, 2782190, 0, 0, 0
7501, 3131638, 0, 0, 0
7603, 3193740, 0, 0, 0
7701, 2793129, 0, 0, 0
7801, 3228088, 0, 0, 0
7900, 2921124, 0, 0, 0
8001, 2587857, 0, 0, 0
8100, 3004358, 0, 0, 0
8202, 2900884, 0, 0, 0
8302, 2926617, 0, 0, 0
8401, 3108690, 0, 0, 0
8503, 2667453, 0, 0, 0
8601, 3186719, 0, 0, 0
8701, 2756116, 0, 0, 0
8801, 3120272, 0, 0, 0
8901, 3345810, 0, 0, 0
9002, 2876992, 0, 0, 0
9103, 2793475, 0, 0, 0
9201, 2970835, 0, 0, 0
9302, 2674416, 0, 0, 0
9401, 2749754, 0, 0, 0
9501, 3012962, 0, 0, 0
9600, 2840321, 0, 0, 0
9701, 3055566, 0, 0, 0
9802, 2457166, 0, 0, 0
9903, 2962841, 0, 0, 0
10001, 2709787, 0, 0, 0
10101, 3052084, 0, 0, 0
10204, 2619311, 0, 0, 0
10303, 2823372, 0, 0, 0
10401, 3376551, 0, 0, 0
10500, 3424817, 0, 0, 0
10600, 3333529, 0, 0, 0
10702, 2997597, 0, 0, 0
10801, 2660849, 0, 0, 0
10904, 3038825, 0, 0, 0
11000, 3291741, 0, 0, 0
11102, 2933769, 0, 0, 0
11200, 3056651, 0, 0, 0
11301, 2803435, 0, 0, 0
11402, 3137660, 0, 0, 0
11500, 2808713, 0, 0, 0
11600, 2845155, 0, 0, 0
11704, 2990264, 0, 0, 0
11800, 2988846, 0, 0, 0
11901, 2592599, 0, 0, 0
12001, 3326439, 0, 0, 0
12100, 3195364, 0, 0, 0
12202, 2976327, 0, 0, 0
12304, 3403650, 0, 0, 0
12400, 3095508, 0, 0, 0
12503, 3120825, 0, 0, 0
12602, 2745109, 0, 0, 0
12701, 2821170, 0, 0, 0
12800, 3202703, 0, 0, 0
12902, 3382705, 0, 0, 0
13001, 2745947, 0, 0, 0
13103, 3090302, 0, 0, 0
13200, 2553968, 0, 0, 0
13302, 3006177, 0, 0, 0
13402, 2930156, 0, 0, 0
13501, 3014588, 0, 0, 0
13603, 2821559, 0, 0, 0
13700, 3239391, 0, 0, 0
13800, 2480647, 0, 0, 0
13902, 2917289, 0, 0, 0
14000, 2648475, 0, 0, 0
14101, 2723223, 0, 0, 0
14201, 3249997, 0, 0, 0
14301, 2913062, 0, 0, 0
14400, 2761592, 0, 0, 0
14502, 2763193, 0, 0, 0
14600, 2952052, 0, 0, 0
14703, 2769463, 0, 0, 0
14801, 2733924, 0, 0, 0
14900, 3520911, 0, 0, 0
15002, 3290805, 0, 0, 0
15100, 2968172, 0, 0, 0
15201, 2397985, 0, 0, 0
15301, 2858174, 0, 0, 0
15400, 2617747, 0, 0, 0
15501, 3249538, 0, 0, 0
15602, 3248139, 0, 0, 0
15700, 2957104, 0, 0, 0
15804, 2985406, 0, 0, 0
15900, 2669961, 0, 0, 0
16001, 3036582, 0, 0, 0
16101, 2789918, 0, 0, 0
16200, 2599249, 0, 0, 0
16301, 3073060, 0, 0, 0
16402, 2795225, 0, 0, 0
16501, 3073360, 0, 0, 0
16600, 3120604, 0, 0, 0
16701, 2882873, 0, 0, 0
16800, 2969424, 0, 0, 0
16900, 3145263, 0, 0, 0
17004, 2796849, 0, 0, 0
17102, 2734878, 0, 0, 0
17202, 2755152, 0, 0, 0
17301, 3092593, 0, 0, 0
17400, 3219314, 0, 0, 0
17502, 2591845, 0, 0, 0
17602, 3044705, 0, 0, 0
17700, 3064399, 0, 0, 0
17800, 3111952, 0, 0, 0
17900, 2700696, 0, 0, 0
18000, 3132439, 0, 0, 0
18104, 3240518, 0, 0, 0
18201, 3595121, 0, 0, 0
18302, 2806757, 0, 0, 0
18401, 2997985, 0, 0, 0
18502, 2868289, 0, 0, 0
18602, 2566037, 0, 0, 0
18702, 3211456, 0, 0, 0
18803, 2994548, 0, 0, 0
18900, 3003098, 0, 0, 0
19000, 2563749, 0, 0, 0
19100, 2644200, 0, 0, 0
19201, 2879944, 0, 0, 0
19301, 2925859, 0, 0, 0
19403, 2994812, 0, 0, 0
19500, 3343857, 0, 0, 0
19601, 2983825, 0, 0, 0
19700, 3283363, 0, 0, 0
19800, 2961940, 0, 0, 0
19903, 3011628, 0, 0, 0
20000, 2952625, 0, 0, 0
20100, 2941239, 0, 0, 0
20202, 3172642, 0, 0, 0
20304, 2677365, 0, 0, 0
20400, 2823872, 0, 0, 0
20505, 2823374, 0, 0, 0
20600, 3285689, 0, 0, 0
20702, 2747322, 0, 0, 0
20801, 3560524, 0, 0, 0
20902, 3234282, 0, 0, 0
21003, 3056648, 0, 0, 0
21103, 3345548, 0, 0, 0
21202, 3182916, 0, 0, 0
21301, 2924636, 0, 0, 0
21400, 2749098, 0, 0, 0
21501, 2968309, 0, 0, 0
21602, 3468080, 0, 0, 0
21700, 2960682, 0, 0, 0
21801, 2655195, 0, 0, 0
21903, 3294959, 0, 0, 0
22002, 3098881, 0, 0, 0
22103, 2575162, 0, 0, 0
22201, 2885045, 0, 0, 0
22300, 3193646, 0, 0, 0
22403, 3120915, 0, 0, 0
22500, 2543096, 0, 0, 0
22600, 2861897, 0, 0, 0
22703, 3106201, 0, 0, 0
22801, 2882080, 0, 0, 0
22902, 2821196, 0, 0, 0
23000, 3250432, 0, 0, 0
23100, 2713621, 0, 0, 0
23203, 3293264, 0, 0, 0
23301, 2516011, 0, 0, 0
23400, 2903321, 0, 0, 0
23500, 2790956, 0, 0, 0
23600, 3232258, 0, 0, 0
23700, 3029365, 0, 0, 0
23804, 2713353, 0, 0, 0
23902, 2593259, 0, 0, 0
24001, 2470106, 0, 0, 0
24103, 2977366, 0, 0, 0
24201, 2741445, 0, 0, 0
24300, 3078709, 0, 0, 0
24400, 3033995, 0, 0, 0
24500, 2949474, 0, 0, 0
24601, 2797311, 0, 0, 0
24703, 3270549, 0, 0, 0
24800, 2785825, 0, 0, 0
24903, 3008734, 0, 0, 0
25003, 2779579, 0, 0, 0
25101, 3052735, 0, 0, 0
25202, 2967464, 0, 0, 0
25301, 2471102, 0, 0, 0
25402, 3278432, 0, 0, 0
25503, 2966097, 0, 0, 0
25601, 2888702, 0, 0, 0
25702, 2961171, 0, 0, 0
25802, 3123026, 0, 0, 0
25902, 3025445, 0, 0, 0
26001, 2811803, 0, 0, 0
26103, 3098955, 0, 0, 0
26200, 3029015, 0, 0, 0
26300, 3332762, 0, 0, 0
26403, 3032812, 0, 0, 0
26502, 3088089, 0, 0, 0
26603, 3264560, 0, 0, 0
26701, 3061637, 0, 0, 0
26800, 3163869, 0, 0, 0
26903, 2784535, 0, 0, 0
27003, 3232263, 0, 0, 0
27100, 3469088, 0, 0, 0
27200, 3009182, 0, 0, 0
27300, 3125060, 0, 0, 0
27400, 2946751, 0, 0, 0
27504, 3144721, 0, 0, 0
27601, 2861781, 0, 0, 0
27700, 2668138, 0, 0, 0
27802, 2842073, 0, 0, 0
27902, 2846738, 0, 0, 0
28000, 2865621, 0, 0, 0
28102, 3208574, 0, 0, 0
28200, 3143209, 0, 0, 0
28301, 2979303, 0, 0, 0
28403, 3266128, 0, 0, 0
28500, 3240149, 0, 0, 0
28603, 3037416, 0, 0, 0
28702, 3518216, 0, 0, 0
28803, 2662912, 0, 0, 0
28902, 2901870, 0, 0, 0
29000, 3253950, 0, 0, 0
29100, 2947752, 0, 0, 0
29200, 3112409, 0, 0, 0
29302, 2938253, 0, 0, 0
29402, 3302453, 0, 0, 0
29504, 2916072, 0, 0, 0
29604, 2859789, 0, 0, 0
29701, 2708553, 0, 0, 0
29802, 2708419, 0, 0, 0
29903, 2730845, 0, 0, 0
30001, 2735307, 0, 0, 0
30102, 3237435, 0, 0, 0
30203, 2966937, 0, 0, 0
30303, 2776393, 0, 0, 0
30401, 2658058, 0, 0, 0
30500, 2819111, 0, 0, 0
30602, 3299238, 0, 0, 0
30701, 3283006, 0, 0, 0
30800, 3102810, 0, 0, 0
30903, 3303482, 0, 0, 0
31001, 2655954, 0, 0, 0
31101, 3837235, 0, 0, 0
31200, 2826151, 0, 0, 0
31300, 2567461, 0, 0, 0
31402, 2748108, 0, 0, 0
31501, 2598458, 0, 0, 0
31600, 3001560, 0, 0, 0
31700, 2952183, 0, 0, 0
31803, 2935712, 0, 0, 0
31900, 3017025, 0, 0, 0
32001, 3162056, 0, 0, 0
32103, 2620224, 0, 0, 0
32203, 2923294, 0, 0, 0
32302, 2837369, 0, 0, 0
32400, 2882461, 0, 0, 0
32501, 3355846, 0, 0, 0
32602, 2803707, 0, 0, 0
32701, 2748986, 0, 0, 0
32800, 2982702, 0, 0, 0
32902, 2613014, 0, 0, 0
33004, 3086828, 0, 0, 0
33100, 2663599, 0, 0, 0
33204, 3258456, 0, 0, 0
33304, 3457150, 0, 0, 0
33400, 2666125, 0, 0, 0
33502, 2813559, 0, 0, 0
33601, 3215041, 0, 0, 0
33700, 3653874, 0, 0, 0
33800, 2842544, 0, 0, 0
33905, 3394213, 0, 0, 0
34000, 3261915, 0, 0, 0
34101, 2460907, 0, 0, 0
34202, 2888812, 0, 0, 0
34300, 2726155, 0, 0, 0
34401, 3865348, 0, 0, 0
34500, 2831502, 0, 0, 0
34602, 3096674, 0, 0, 0
34702, 3711306, 0, 0, 0
34800, 2960913, 0, 0, 0
34900, 3231109, 0, 0, 0
35003, 3518880, 0, 0, 0
35103, 2959972, 0, 0, 0
35200, 2924205, 0, 0, 0
35300, 2859771, 0, 0, 0
35401, 2523761, 0, 0, 0
35501, 3680284, 0, 0, 0
35602, 2887012, 0, 0, 0
35700, 3177804, 0, 0, 0
35800, 3313188, 0, 0, 0
35903, 3829194, 0, 0, 0
36000, 3594940, 0, 0, 0
36103, 3303584, 0, 0, 0
36202, 2992066, 0, 0, 0
36301, 2682670, 0, 0, 0
36401, 3025035, 0, 0, 0
36503, 2762496, 0, 0, 0
36601, 2870982, 0, 0, 0
36703, 2991189, 0, 0, 0
36804, 2819953, 0, 0, 0
36902, 3385159, 0, 0, 0
37002, 2915279, 0, 0, 0
37100, 3273725, 0, 0, 0
37203, 3040181, 0, 0, 0
37302, 3090630, 0, 0, 0
37401, 3511869, 0, 0, 0
37503, 3089120, 0, 0, 0
37601, 3270435, 0, 0, 0
37701, 3449716, 0, 0, 0
37800, 2994771, 0, 0, 0
37902, 3282204, 0, 0, 0
38002, 3341956, 0, 0, 0
38100, 2980788, 0, 0, 0
38203, 3525410, 0, 0, 0
38300, 3129202, 0, 0, 0
38401, 3170377, 0, 0, 0
38501, 3101211, 0, 0, 0
38601, 3042388, 0, 0, 0
38700, 3186948, 0, 0, 0
38804, 3241643, 0, 0, 0
38902, 3062390, 0, 0, 0
39002, 3230070, 0, 0, 0
39101, 3310199, 0, 0, 0
39201, 2852333, 0, 0, 0
39302, 3151382, 0, 0, 0
39400, 2799376, 0, 0, 0
39500, 2930406, 0, 0, 0
39603, 2944758, 0, 0, 0
39700, 2852318, 0, 0, 0
39800, 3224435, 0, 0, 0
39900, 3008299, 0, 0, 0
40001, 3276761, 0, 0, 0
40100, 2995334, 0, 0, 0
40201, 3375598, 0, 0, 0
40300, 3270451, 0, 0, 0
40401, 2598331, 0, 0, 0
40500, 2660145, 0, 0, 0
40600, 3040091, 0, 0, 0
40701, 3348886, 0, 0, 0
40802, 2979446, 0, 0, 0
40900, 2881957, 0, 0, 0
41001, 3612840, 0, 0, 0
41102, 2870711, 0, 0, 0
41203, 3162598, 0, 0, 0
41302, 3188986, 0, 0, 0
41403, 2729771, 0, 0, 0
41501, 3166150, 0, 0, 0
41601, 3221802, 0, 0, 0
41700, 2588239, 0, 0, 0
41803, 2716178, 0, 0, 0
41902, 3074768, 0, 0, 0
42005, 3319178, 0, 0, 0
42100, 3404980, 0, 0, 0
42206, 3197750, 0, 0, 0
42301, 3304604, 0, 0, 0
42402, 3143040, 0, 0, 0
42500, 3268658, 0, 0, 0
42600, 3337702, 0, 0, 0
42703, 3105705, 0, 0, 0
42800, 2924583, 0, 0, 0
42904, 3246016, 0, 0, 0
43000, 3336731, 0, 0, 0
43102, 3092088, 0, 0, 0
43201, 3397340, 0, 0, 0
43303, 3269704, 0, 0, 0
43400, 2868354, 0, 0, 0
43502, 3001434, 0, 0, 0
43602, 2937802, 0, 0, 0
43700, 3137429, 0, 0, 0
43801, 3163549, 0, 0, 0
43900, 3688568, 0, 0, 0
44001, 2716367, 0, 0, 0
44103, 3084319, 0, 0, 0
44203, 3029000, 0, 0, 0
44302, 2993329, 0, 0, 0
44400, 2880680, 0, 0, 0
44500, 3130475, 0, 0, 0
44600, 3021217, 0, 0, 0
44700, 3031086, 0, 0, 0
44800, 2934908, 0, 0, 0
44902, 3098103, 0, 0, 0
45001, 2908235, 0, 0, 0
45101, 2924235, 0, 0, 0
45201, 3223779, 0, 0, 0
45302, 2975978, 0, 0, 0
45401, 3094027, 0, 0, 0
45502, 3491567, 0, 0, 0
45602, 3023213, 0, 0, 0
45702, 3035299, 0, 0, 0
45800, 3497393, 0, 0, 0
45904, 2787944, 0, 0, 0
46000, 3108321, 0, 0, 0
46104, 3132372, 0, 0, 0
46200, 2998709, 0, 0, 0
46303, 3328214, 0, 0, 0
46401, 3157951, 0, 0, 0
46503, 2904468, 0, 0, 0
46601, 3178197, 0, 0, 0
46702, 3234709, 0, 0, 0
46803, 3082271, 0, 0, 0
46900, 3101036, 0, 0, 0
47003, 2961576, 0, 0, 0
47100, 3722436, 0, 0, 0
47202, 2981491, 0, 0, 0
47301, 3310940, 0, 0, 0
47403, 3285820, 0, 0, 0
47502, 2911490, 0, 0, 0
47600, 2721815, 0, 0, 0
47700, 3106740, 0, 0, 0
47801, 3263725, 0, 0, 0
47902, 2810478, 0, 0, 0
48003, 3616606, 0, 0, 0
48102, 3072872, 0, 0, 0
48200, 2968216, 0, 0, 0
48302, 2839183, 0, 0, 0
48404, 3491508, 0, 0, 0
48503, 3202721, 0, 0, 0
48603, 3135833, 0, 0, 0
48701, 2703272, 0, 0, 0
48804, 3124915, 0, 0, 0
48903, 3093187, 0, 0, 0
49002, 2835152, 0, 0, 0
49101, 2751610, 0, 0, 0
49200, 3399512, 0, 0, 0
49301, 3477287, 0, 0, 0
49404, 3132511, 0, 0, 0
49502, 3251465, 0, 0, 0
49603, 2794709, 0, 0, 0
49702, 2923045, 0, 0, 0
49802, 2931492, 0, 0, 0
49903, 3163057, 0, 0, 0
50001, 2784064, 0, 0, 0
50100, 3087186, 0, 0, 0
50201, 2965648, 0, 0, 0
50302, 2975864, 0, 0, 0
50403, 2958992, 0, 0, 0
50501, 3175215, 0, 0, 0
50602, 2962298, 0, 0, 0
50700, 3384153, 0, 0, 0
50802, 3277069, 0, 0, 0
50901, 2916556, 0, 0, 0
51002, 2578280, 0, 0, 0
51100, 2579318, 0, 0, 0
51201, 3362653, 0, 0, 0
51300, 2744082, 0, 0, 0
51402, 2841715, 0, 0, 0
51500, 3163802, 0, 0, 0
51600, 3223400, 0, 0, 0
51700, 3011763, 0, 0, 0
51800, 2941574, 0, 0, 0
51903, 3335579, 0, 0, 0
52001, 3368895, 0, 0, 0
52102, 3246634, 0, 0, 0
52202, 3335659, 0, 0, 0
52300, 2983345, 0, 0, 0
52400, 2840796, 0, 0, 0
52502, 2752621, 0, 0, 0
52601, 3675248, 0, 0, 0
52700, 3097411, 0, 0, 0
52801, 3064453, 0, 0, 0
52903, 3757622, 0, 0, 0
53000, 3742320, 0, 0, 0
53102, 3076405, 0, 0, 0
53202, 3349713, 0, 0, 0
53300, 3486666, 0, 0, 0
53400, 3034302, 0, 0, 0
53501, 2706585, 0, 0, 0
53600, 3106265, 0, 0, 0
53704, 3339063, 0, 0, 0
53803, 3187122, 0, 0, 0
53900, 2862823, 0, 0, 0
54000, 3571140, 0, 0, 0
54102, 3182038, 0, 0, 0
54201, 2828609, 0, 0, 0
54303, 2986144, 0, 0, 0
54402, 3309172, 0, 0, 0
54501, 3283547, 0, 0, 0
54603, 3302220, 0, 0, 0
54700, 2951381, 0, 0, 0
54802, 2985076, 0, 0, 0
54903, 2792573, 0, 0, 0
55001, 3262256, 0, 0, 0
55100, 3307206, 0, 0, 0
55204, 3344382, 0, 0, 0
55303, 3208193, 0, 0, 0
55402, 3301740, 0, 0, 0
55501, 2990087, 0, 0, 0
55602, 3150018, 0, 0, 0
55700, 3385486, 0, 0, 0
55802, 2615201, 0, 0, 0
55902, 3229810, 0, 0, 0
56003, 3240219, 0, 0, 0
56100, 2942090, 0, 0, 0
56201, 3255877, 0, 0, 0
56300, 2827439, 0, 0, 0
56404, 3042683, 0, 0, 0
56501, 2768847, 0, 0, 0
56600, 3432242, 0, 0, 0
56701, 3148974, 0, 0, 0
56801, 2840624, 0, 0, 0
56903, 3403709, 0, 0, 0
57001, 2886538, 0, 0, 0
57102, 3364596, 0, 0, 0
57202, 3034686, 0, 0, 0
57300, 2862446, 0, 0, 0
57401, 3083273, 0, 0, 0
57500, 3264801, 0, 0, 0
57601, 3085766, 0, 0, 0
57701, 3102930, 0, 0, 0
57800, 2989459, 0, 0, 0
57900, 3054713, 0, 0, 0
58000, 3330685, 0, 0, 0
58100, 3198266, 0, 0, 0
58202, 2761450, 0, 0, 0
58300, 2963370, 0, 0, 0
58402, 3305179, 0, 0, 0
58500, 3621678, 0, 0, 0
58605, 2997862, 0, 0, 0
58703, 2972062, 0, 0, 0
58800, 3336507, 0, 0, 0
58903, 3015890, 0, 0, 0
59000, 3345885, 0, 0, 0
59100, 3558837, 0, 0, 0
59201, 3156425, 0, 0, 0
59302, 3147116, 0, 0, 0
59403, 3067786, 0, 0, 0
59501, 3058465, 0, 0, 0
59603, 3299837, 0, 0, 0
59702, 3303652, 0, 0, 0
59800, 3131694, 0, 0, 0
59902, 3306903, 0, 0, 0
60000, 3369407, 0, 0, 0
