102, 8367772, 0, 0, 0
202, 9661953, 0, 0, 0
304, 10163916, 0, 0, 0
406, 9322100, 0, 0, 0
504, 10531351, 0, 0, 0
603, 6927871, 0, 0, 0
702, 8733678, 0, 0, 0
800, 8410622, 0, 0, 0
901, 7041932, 0, 0, 0
1004, 9843301, 0, 0, 0
1100, 10117528, 0, 0, 0
1202, 10222715, 0, 0, 0
1309, 8942565, 0, 0, 0
1400, 12456574, 0, 0, 0
1502, 7858524, 0, 0, 0
1610, 10145330, 0, 0, 0
1700, 7460633, 0, 0, 0
1801, 8439041, 0, 0, 0
1903, 8491513, 0, 0, 0
2002, 9451317, 0, 0, 0
2105, 8210240, 0, 0, 0
2201, 10596382, 0, 0, 0
2304, 10048410, 0, 0, 0
2405, 8417579, 0, 0, 0
2500, 10284993, 0, 0, 0
2602, 8837775, 0, 0, 0
2700, 7266608, 0, 0, 0
2804, 10194559, 0, 0, 0
2902, 9975305, 0, 0, 0
3000, 7809442, 0, 0, 0
3104, 8631610, 0, 0, 0
3206, 9190157, 0, 0, 0
3308, 8015059, 0, 0, 0
3403, 7269125, 0, 0, 0
3500, 8424827, 0, 0, 0
3603, 7930516, 0, 0, 0
3701, 7925178, 0, 0, 0
3807, 10627113, 0, 0, 0
3902, 7299655, 0, 0, 0
4004, 7984862, 0, 0, 0
4102, 7949602, 0, 0, 0
4204, 7740006, 0, 0, 0
4301, 11650745, 0, 0, 0
4404, 8318107, 0, 0, 0
4500, 9002715, 0, 0, 0
4605, 9143811, 0, 0, 0
4705, 9363991, 0, 0, 0
4801, 10213840, 0, 0, 0
4904, 10459592, 0, 0, 0
5003, 8114142, 0, 0, 0
5104, 7962061, 0, 0, 0
5202, 7842875, 0, 0, 0
5302, 9403167, 0, 0, 0
5401, 7275078, 0, 0, 0
5505, 10092543, 0, 0, 0
5600, 8522269, 0, 0, 0
5702, 8085399, 0, 0, 0
5800, 9114643, 0, 0, 0
5905, 9649044, 0, 0, 0
6002, 8305197, 0, 0, 0
6101, 10764925, 0, 0, 0
6200, 9498375, 0, 0, 0
6301, 10501912, 0, 0, 0
6402, 7667670, 0, 0, 0
6507, 8551796, 0, 0, 0
6604, 11479297, 0, 0, 0
6702, 9069933, 0, 0, 0
6806, 6881136, 0, 0, 0
6903, 9011770, 0, 0, 0
7000, 8772686, 0, 0, 0
7100, 7463035, 0, 0, 0
7204, 8464165, 0, 0, 0
7302, 7737865, 0, 0, 0
7407, 9106929, 0, 0, 0
7502, 9062233, 0, 0, 0
7600, 10696234, 0, 0, 0
7705, 7956990, 0, 0, 0
7805, 7665093, 0, 0, 0
7900, 9871676, 0, 0, 0
8001, 9313051, 0, 0, 0
8101, 9227270, 0, 0, 0
8201, 8565789, 0, 0, 0
8300, 9321915, 0, 0, 0
8405, 8747342, 0, 0, 0
8500, 8994168, 0, 0, 0
8600, 8071647, 0, 0, 0
8702, 8509490, 0, 0, 0
8807, 8247677, 0, 0, 0
8903, 9178302, 0, 0, 0
9003, 10579777, 0, 0, 0
9100, 10000805, 0, 0, 0
9205, 9687239, 0, 0, 0
9300, 8994002, 0, 0, 0
9401, 10444167, 0, 0, 0
9500, 9255247, 0, 0, 0
9600, 10046575, 0, 0, 0
9700, 9092626, 0, 0, 0
9804, 7583815, 0, 0, 0
9901, 9094491, 0, 0, 0
10001, 7433465, 0, 0, 0
10100, 7995338, 0, 0, 0
10202, 11734355, 0, 0, 0
10304, 9910739, 0, 0, 0
10404, 6459547, 0, 0, 0
10507, 9751138, 0, 0, 0
10600, 9648062, 0, 0, 0
10702, 8679016, 0, 0, 0
10804, 8769397, 0, 0, 0
10904, 9864681, 0, 0, 0
11004, 7616667, 0, 0, 0
11101, 12071734, 0, 0, 0
11200, 7137108, 0, 0, 0
11302, 7141788, 0, 0, 0
11402, 11601569, 0, 0, 0
11515, 9584545, 0, 0, 0
11607, 13675743, 0, 0, 0
11707, 11119957, 0, 0, 0
11801, 9873985, 0, 0, 0
11906, 10091266, 0, 0, 0
12007, 9564884, 0, 0, 0
12100, 10179869, 0, 0, 0
12200, 8584030, 0, 0, 0
12300, 8832052, 0, 0, 0
12404, 8063242, 0, 0, 0
12503, 9579609, 0, 0, 0
12604, 7209816, 0, 0, 0
12703, 9378033, 0, 0, 0
12806, 7287571, 0, 0, 0
12902, 8530426, 0, 0, 0
13004, 10321594, 0, 0, 0
13102, 8045884, 0, 0, 0
13200, 9542630, 0, 0, 0
13308, 8946143, 0, 0, 0
13402, 9993235, 0, 0, 0
13500, 8558163, 0, 0, 0
13600, 8145822, 0, 0, 0
13705, 7907306, 0, 0, 0
13800, 8144421, 0, 0, 0
13905, 7963911, 0, 0, 0
14001, 8454016, 0, 0, 0
14114, 10477457, 0, 0, 0
14201, 9322853, 0, 0, 0
14301, 10131042, 0, 0, 0
14402, 7849572, 0, 0, 0
14503, 7875009, 0, 0, 0
14608, 9044721, 0, 0, 0
14705, 9802256, 0, 0, 0
14800, 7567595, 0, 0, 0
14905, 9302258, 0, 0, 0
15000, 8203306, 0, 0, 0
15102, 8255730, 0, 0, 0
15205, 8474536, 0, 0, 0
15304, 8259375, 0, 0, 0
15400, 7925595, 0, 0, 0
15501, 8447326, 0, 0, 0
15603, 7934096, 0, 0, 0
15706, 7852748, 0, 0, 0
15802, 8366150, 0, 0, 0
15902, 9190471, 0, 0, 0
16005, 8853527, 0, 0, 0
16100, 9201758, 0, 0, 0
16200, 9296660, 0, 0, 0
16302, 9610712, 0, 0, 0
16402, 7685520, 0, 0, 0
16500, 9356750, 0, 0, 0
16601, 8370962, 0, 0, 0
16705, 10092453, 0, 0, 0
16802, 10325214, 0, 0, 0
16904, 9401302, 0, 0, 0
17005, 9388662, 0, 0, 0
17100, 9721023, 0, 0, 0
17214, 9248422, 0, 0, 0
17304, 8913813, 0, 0, 0
17402, 7864553, 0, 0, 0
17500, 7704371, 0, 0, 0
17602, 9314586, 0, 0, 0
17701, 9796507, 0, 0, 0
17802, 7582666, 0, 0, 0
17909, 9064953, 0, 0, 0
18000, 9220971, 0, 0, 0
18101, 8153472, 0, 0, 0
18200, 8973867, 0, 0, 0
18301, 8293670, 0, 0, 0
18403, 9438950, 0, 0, 0
18501, 9684810, 0, 0, 0
18603, 10392806, 0, 0, 0
18708, 8936054, 0, 0, 0
18808, 7470847, 0, 0, 0
18901, 11007655, 0, 0, 0
19001, 8047924, 0, 0, 0
19105, 9842403, 0, 0, 0
19203, 10304954, 0, 0, 0
19302, 10474513, 0, 0, 0
19402, 10266111, 0, 0, 0
19509, 8163672, 0, 0, 0
19602, 9040685, 0, 0, 0
19700, 9483269, 0, 0, 0
19802, 8412368, 0, 0, 0
19901, 7594290, 0, 0, 0
20002, 8803399, 0, 0, 0
20104, 8119196, 0, 0, 0
20202, 10373989, 0, 0, 0
20301, 10380266, 0, 0, 0
20404, 7351806, 0, 0, 0
20502, 10033262, 0, 0, 0
20600, 8787854, 0, 0, 0
20700, 11537334, 0, 0, 0
20806, 8638971, 0, 0, 0
20903, 8770338, 0, 0, 0
21004, 7732545, 0, 0, 0
21114, 9290998, 0, 0, 0
21208, 8884800, 0, 0, 0
21300, 10446317, 0, 0, 0
21403, 10090653, 0, 0, 0
21505, 9346984, 0, 0, 0
21604, 9071446, 0, 0, 0
21707, 8470077, 0, 0, 0
21804, 9186475, 0, 0, 0
21901, 9173167, 0, 0, 0
22002, 9120863, 0, 0, 0
22103, 8326548, 0, 0, 0
22205, 8996612, 0, 0, 0
22300, 9799032, 0, 0, 0
22412, 11302369, 0, 0, 0
22501, 10341627, 0, 0, 0
22604, 9238897, 0, 0, 0
22702, 8390100, 0, 0, 0
22800, 8962321, 0, 0, 0
22903, 8464445, 0, 0, 0
23007, 10159962, 0, 0, 0
23101, 13602522, 0, 0, 0
23205, 9391053, 0, 0, 0
23304, 11062689, 0, 0, 0
23403, 8870433, 0, 0, 0
23509, 11294836, 0, 0, 0
23608, 8640511, 0, 0, 0
23707, 9737409, 0, 0, 0
23800, 10101156, 0, 0, 0
23902, 8796986, 0, 0, 0
24002, 9770688, 0, 0, 0
24100, 10161484, 0, 0, 0
24201, 7912156, 0, 0, 0
24303, 9355010, 0, 0, 0
24405, 10860178, 0, 0, 0
24500, 9443545, 0, 0, 0
24604, 9839339, 0, 0, 0
24700, 8630086, 0, 0, 0
24804, 9011819, 0, 0, 0
24900, 8632217, 0, 0, 0
25003, 8312428, 0, 0, 0
25107, 11208323, 0, 0, 0
25202, 7559737, 0, 0, 0
25305, 11477504, 0, 0, 0
25408, 7743075, 0, 0, 0
25500, 10162585, 0, 0, 0
25600, 10165109, 0, 0, 0
25700, 9510916, 0, 0, 0
25801, 12135879, 0, 0, 0
25900, 8996539, 0, 0, 0
26004, 9060649, 0, 0, 0
26103, 11277708, 0, 0, 0
26200, 7245599, 0, 0, 0
26302, 8057628, 0, 0, 0
26401, 7027814, 0, 0, 0
26502, 10132402, 0, 0, 0
26604, 9708005, 0, 0, 0
26705, 9946465, 0, 0, 0
26803, 8545754, 0, 0, 0
26911, 8720459, 0, 0, 0
27003, 10461746, 0, 0, 0
27105, 8067192, 0, 0, 0
27201, 9570781, 0, 0, 0
27303, 8047820, 0, 0, 0
27400, 9139048, 0, 0, 0
27500, 8428044, 0, 0, 0
27601, 9690694, 0, 0, 0
27704, 8059838, 0, 0, 0
27806, 10096687, 0, 0, 0
27903, 7255843, 0, 0, 0
28004, 7489539, 0, 0, 0
28102, 8647166, 0, 0, 0
28207, 8530162, 0, 0, 0
28301, 8687574, 0, 0, 0
28401, 8596073, 0, 0, 0
28500, 9369410, 0, 0, 0
28603, 10177336, 0, 0, 0
28704, 8943070, 0, 0, 0
28805, 7998875, 0, 0, 0
28901, 9241263, 0, 0, 0
29012, 10201196, 0, 0, 0
29102, 9037524, 0, 0, 0
29203, 9562528, 0, 0, 0
29304, 7849830, 0, 0, 0
29402, 9227402, 0, 0, 0
29503, 8476356, 0, 0, 0
29601, 6440085, 0, 0, 0
29701, 8418137, 0, 0, 0
29815, 9891578, 0, 0, 0
29905, 10948548, 0, 0, 0
30006, 9544777, 0, 0, 0
30102, 8592373, 0, 0, 0
30207, 8851334, 0, 0, 0
30304, 9634961, 0, 0, 0
30400, 8070587, 0, 0, 0
30505, 7506687, 0, 0, 0
30601, 8656996, 0, 0, 0
30700, 8900247, 0, 0, 0
30805, 8036570, 0, 0, 0
30902, 7976459, 0, 0, 0
31005, 7690811, 0, 0, 0
31115, 8637012, 0, 0, 0
31200, 8413410, 0, 0, 0
31303, 7546763, 0, 0, 0
31402, 9206774, 0, 0, 0
31504, 8387893, 0, 0, 0
31601, 8718644, 0, 0, 0
31708, 8594827, 0, 0, 0
31802, 7190951, 0, 0, 0
31900, 8519513, 0, 0, 0
32000, 8606288, 0, 0, 0
32102, 9948751, 0, 0, 0
32205, 8446080, 0, 0, 0
32303, 8895294, 0, 0, 0
32402, 8013090, 0, 0, 0
32501, 9669396, 0, 0, 0
32600, 7933172, 0, 0, 0
32702, 8108874, 0, 0, 0
32802, 9778118, 0, 0, 0
32900, 10225017, 0, 0, 0
33005, 8327760, 0, 0, 0
33104, 8752702, 0, 0, 0
33205, 8403274, 0, 0, 0
33304, 7402114, 0, 0, 0
33405, 9641468, 0, 0, 0
33500, 9333966, 0, 0, 0
33605, 8941616, 0, 0, 0
33702, 12365660, 0, 0, 0
33802, 7158670, 0, 0, 0
33900, 11899151, 0, 0, 0
34006, 9003367, 0, 0, 0
34100, 7574259, 0, 0, 0
34200, 8222239, 0, 0, 0
34304, 9750679, 0, 0, 0
34403, 8339833, 0, 0, 0
34502, 10136659, 0, 0, 0
34604, 9008599, 0, 0, 0
34703, 7901724, 0, 0, 0
34801, 9260584, 0, 0, 0
34902, 8046983, 0, 0, 0
35001, 8473005, 0, 0, 0
35102, 7528897, 0, 0, 0
35207, 8276158, 0, 0, 0
35301, 8114689, 0, 0, 0
35403, 7805755, 0, 0, 0
35503, 8925635, 0, 0, 0
35604, 8621781, 0, 0, 0
35701, 8111238, 0, 0, 0
35802, 10170024, 0, 0, 0
35906, 8140689, 0, 0, 0
36000, 8429119, 0, 0, 0
36101, 8693612, 0, 0, 0
36207, 9653952, 0, 0, 0
36301, 9049229, 0, 0, 0
36400, 7777060, 0, 0, 0
36506, 8312589, 0, 0, 0
36600, 9137219, 0, 0, 0
36700, 9435963, 0, 0, 0
36803, 10576193, 0, 0, 0
36900, 9768788, 0, 0, 0
37001, 8746174, 0, 0, 0
37108, 7858286, 0, 0, 0
37201, 9453366, 0, 0, 0
37301, 8055137, 0, 0, 0
37401, 8768468, 0, 0, 0
37500, 8399692, 0, 0, 0
37600, 7114184, 0, 0, 0
37700, 11005853, 0, 0, 0
37800, 8555415, 0, 0, 0
37902, 8506730, 0, 0, 0
38001, 10262044, 0, 0, 0
38101, 11948851, 0, 0, 0
38202, 6960659, 0, 0, 0
38301, 8584449, 0, 0, 0
38402, 9896034, 0, 0, 0
38503, 9027906, 0, 0, 0
38602, 10697146, 0, 0, 0
38704, 10154816, 0, 0, 0
38800, 8498489, 0, 0, 0
38903, 9642958, 0, 0, 0
39004, 7544162, 0, 0, 0
39100, 7433733, 0, 0, 0
39202, 9001194, 0, 0, 0
39301, 8792228, 0, 0, 0
39401, 8325443, 0, 0, 0
39503, 7768827, 0, 0, 0
39603, 7759722, 0, 0, 0
39701, 10346388, 0, 0, 0
39805, 10586256, 0, 0, 0
39900, 7670605, 0, 0, 0
40007, 11066253, 0, 0, 0
40105, 10018618, 0, 0, 0
40200, 10131359, 0, 0, 0
40306, 8451900, 0, 0, 0
40403, 8824914, 0, 0, 0
40502, 8519195, 0, 0, 0
40601, 9030389, 0, 0, 0
40700, 9239807, 0, 0, 0
40801, 8637169, 0, 0, 0
40900, 8555604, 0, 0, 0
41005, 7370956, 0, 0, 0
41101, 10825296, 0, 0, 0
41202, 14213284, 0, 0, 0
41304, 8049900, 0, 0, 0
41400, 8377426, 0, 0, 0
41502, 8310854, 0, 0, 0
41600, 7936581, 0, 0, 0
41702, 10493339, 0, 0, 0
41800, 9284805, 0, 0, 0
41901, 7884279, 0, 0, 0
42000, 9076177, 0, 0, 0
42102, 7926811, 0, 0, 0
42200, 8460349, 0, 0, 0
42308, 7875757, 0, 0, 0
42403, 8488220, 0, 0, 0
42500, 9170350, 0, 0, 0
42601, 10282395, 0, 0, 0
42701, 9730899, 0, 0, 0
42804, 11138551, 0, 0, 0
42902, 8110886, 0, 0, 0
43001, 8446597, 0, 0, 0
43105, 9187224, 0, 0, 0
43208, 8293000, 0, 0, 0
43302, 9637427, 0, 0, 0
43407, 7912272, 0, 0, 0
43500, 8070492, 0, 0, 0
43603, 7852723, 0, 0, 0
43700, 9782096, 0, 0, 0
43805, 7999003, 0, 0, 0
43916, 8967826, 0, 0, 0
44004, 9144659, 0, 0, 0
44100, 11935558, 0, 0, 0
44201, 7897234, 0, 0, 0
44304, 9855535, 0, 0, 0
44400, 7428103, 0, 0, 0
44503, 8825268, 0, 0, 0
44604, 9514879, 0, 0, 0
44703, 9257794, 0, 0, 0
44804, 9677798, 0, 0, 0
44900, 8239522, 0, 0, 0
45002, 8830523, 0, 0, 0
45103, 8009936, 0, 0, 0
45201, 6919426, 0, 0, 0
45300, 9147080, 0, 0, 0
45403, 7844875, 0, 0, 0
45504, 9790953, 0, 0, 0
45601, 12639412, 0, 0, 0
45711, 8748745, 0, 0, 0
45803, 7509294, 0, 0, 0
45900, 8959481, 0, 0, 0
46001, 8555275, 0, 0, 0
46104, 7442250, 0, 0, 0
46204, 8748508, 0, 0, 0
46301, 8477340, 0, 0, 0
46400, 8328761, 0, 0, 0
46500, 9020708, 0, 0, 0
46605, 8988496, 0, 0, 0
46711, 9066367, 0, 0, 0
46806, 7916551, 0, 0, 0
46907, 10603954, 0, 0, 0
47002, 8904515, 0, 0, 0
47105, 9374151, 0, 0, 0
47207, 7748574, 0, 0, 0
47300, 10568066, 0, 0, 0
47402, 9780373, 0, 0, 0
47504, 9565109, 0, 0, 0
47606, 9359012, 0, 0, 0
47705, 8732821, 0, 0, 0
47801, 9030136, 0, 0, 0
47903, 8431219, 0, 0, 0
48000, 10296876, 0, 0, 0
48105, 10842082, 0, 0, 0
48200, 9999107, 0, 0, 0
48300, 7574708, 0, 0, 0
48405, 8294139, 0, 0, 0
48501, 7009533, 0, 0, 0
48609, 9276762, 0, 0, 0
48700, 10372069, 0, 0, 0
48804, 8648095, 0, 0, 0
48903, 7992695, 0, 0, 0
49001, 8862210, 0, 0, 0
49105, 11919842, 0, 0, 0
49202, 9399308, 0, 0, 0
49301, 9889524, 0, 0, 0
49410, 9145731, 0, 0, 0
49507, 7479192, 0, 0, 0
49604, 7837751, 0, 0, 0
49710, 9862058, 0, 0, 0
49809, 12512468, 0, 0, 0
49902, 8628114, 0, 0, 0
50000, 9170498, 0, 0, 0
50100, 9505357, 0, 0, 0
50200, 8277117, 0, 0, 0
50301, 10970176, 0, 0, 0
50404, 9629978, 0, 0, 0
50502, 10030381, 0, 0, 0
50600, 9278948, 0, 0, 0
50703, 10734496, 0, 0, 0
50800, 9814729, 0, 0, 0
50906, 9413979, 0, 0, 0
51001, 8409958, 0, 0, 0
51113, 8268752, 0, 0, 0
51204, 8277114, 0, 0, 0
51303, 9658615, 0, 0, 0
51402, 9162618, 0, 0, 0
51503, 8863575, 0, 0, 0
51601, 10994345, 0, 0, 0
51703, 10194722, 0, 0, 0
51800, 8456307, 0, 0, 0
51900, 9686917, 0, 0, 0
52000, 7831880, 0, 0, 0
52101, 8566535, 0, 0, 0
52203, 6937062, 0, 0, 0
52301, 8924786, 0, 0, 0
52401, 9485601, 0, 0, 0
52503, 8110745, 0, 0, 0
52602, 7951137, 0, 0, 0
52700, 9724262, 0, 0, 0
52803, 8567801, 0, 0, 0
52900, 7774826, 0, 0, 0
53002, 11538147, 0, 0, 0
53102, 8788110, 0, 0, 0
53202, 10915446, 0, 0, 0
53300, 7598930, 0, 0, 0
53412, 10001528, 0, 0, 0
53500, 11257550, 0, 0, 0
53604, 9324876, 0, 0, 0
53701, 9384557, 0, 0, 0
53803, 7354976, 0, 0, 0
53900, 8647066, 0, 0, 0
54000, 7204653, 0, 0, 0
54101, 8201260, 0, 0, 0
54203, 7895851, 0, 0, 0
54305, 9867361, 0, 0, 0
54400, 8527377, 0, 0, 0
54501, 10576889, 0, 0, 0
54601, 7554022, 0, 0, 0
54707, 9162006, 0, 0, 0
54802, 8423397, 0, 0, 0
54900, 8330392, 0, 0, 0
55005, 8646738, 0, 0, 0
55100, 9058286, 0, 0, 0
55200, 7593992, 0, 0, 0
55304, 8838520, 0, 0, 0
55403, 7902809, 0, 0, 0
55501, 9202588, 0, 0, 0
55603, 8467118, 0, 0, 0
55705, 10292755, 0, 0, 0
55803, 9882636, 0, 0, 0
55903, 7482558, 0, 0, 0
56009, 10311058, 0, 0, 0
56101, 10121963, 0, 0, 0
56205, 8866234, 0, 0, 0
56301, 8501351, 0, 0, 0
56401, 9136972, 0, 0, 0
56500, 7259168, 0, 0, 0
56602, 9302706, 0, 0, 0
56700, 9491830, 0, 0, 0
56804, 7715872, 0, 0, 0
56900, 9387643, 0, 0, 0
57002, 8251536, 0, 0, 0
57101, 9084884, 0, 0, 0
57201, 10154476, 0, 0, 0
57300, 9494802, 0, 0, 0
57401, 8250077, 0, 0, 0
57500, 7861562, 0, 0, 0
57602, 9045852, 0, 0, 0
57702, 9386148, 0, 0, 0
57800, 8935654, 0, 0, 0
57903, 8343268, 0, 0, 0
58008, 7959493, 0, 0, 0
58103, 8201701, 0, 0, 0
58202, 7668237, 0, 0, 0
58300, 8163521, 0, 0, 0
58400, 7398852, 0, 0, 0
58503, 9883471, 0, 0, 0
58604, 11227191, 0, 0, 0
58704, 9666061, 0, 0, 0
58800, 9310201, 0, 0, 0
58901, 8558780, 0, 0, 0
59000, 10335743, 0, 0, 0
59101, 9370614, 0, 0, 0
59210, 10341401, 0, 0, 0
59302, 9339494, 0, 0, 0
59403, 9466558, 0, 0, 0
59506, 8517784, 0, 0, 0
59604, 9900822, 0, 0, 0
59704, 8698833, 0, 0, 0
59802, 8986484, 0, 0, 0
59904, 9502532, 0, 0, 0
60002, 8935820, 0, 0, 0
60101, 9164343, 0, 0, 0
60201, 11019620, 0, 0, 0
60301, 8735282, 0, 0, 0
60403, 10116518, 0, 0, 0
60502, 8928367, 0, 0, 0
60600, 10065362, 0, 0, 0
60701, 8882569, 0, 0, 0
60804, 10343789, 0, 0, 0
60901, 9542574, 0, 0, 0
61003, 8506891, 0, 0, 0
61104, 8571079, 0, 0, 0
61203, 9664651, 0, 0, 0
61300, 9082765, 0, 0, 0
61403, 9354337, 0, 0, 0
61505, 10654321, 0, 0, 0
61601, 8959979, 0, 0, 0
61700, 8687989, 0, 0, 0
61801, 6855775, 0, 0, 0
61905, 8183822, 0, 0, 0
62008, 9105666, 0, 0, 0
62104, 9240003, 0, 0, 0
62201, 8128068, 0, 0, 0
62302, 9049120, 0, 0, 0
62402, 7796506, 0, 0, 0
62504, 9306668, 0, 0, 0
62600, 10373923, 0, 0, 0
62704, 9277849, 0, 0, 0
62807, 8699751, 0, 0, 0
62905, 6795356, 0, 0, 0
63000, 9111893, 0, 0, 0
63102, 9277103, 0, 0, 0
63201, 9748490, 0, 0, 0
63306, 9277823, 0, 0, 0
63402, 8691299, 0, 0, 0
63501, 7556288, 0, 0, 0
63607, 8610017, 0, 0, 0
63700, 8530369, 0, 0, 0
63800, 8608075, 0, 0, 0
63906, 7966928, 0, 0, 0
64002, 7275377, 0, 0, 0
64109, 8351611, 0, 0, 0
64204, 9095871, 0, 0, 0
64302, 7949938, 0, 0, 0
64408, 8421431, 0, 0, 0
64501, 9676316, 0, 0, 0
64601, 10737903, 0, 0, 0
64703, 9397585, 0, 0, 0
64800, 7977764, 0, 0, 0
64901, 9416150, 0, 0, 0
65005, 8588886, 0, 0, 0
65105, 8389150, 0, 0, 0
65203, 10303550, 0, 0, 0
65302, 8399523, 0, 0, 0
65400, 7412821, 0, 0, 0
65505, 9398719, 0, 0, 0
65607, 8174526, 0, 0, 0
65705, 8355901, 0, 0, 0
65804, 10780807, 0, 0, 0
65908, 10634697, 0, 0, 0
66008, 8745842, 0, 0, 0
66100, 11277502, 0, 0, 0
66200, 9303954, 0, 0, 0
66304, 9346110, 0, 0, 0
66403, 9263909, 0, 0, 0
66501, 8490975, 0, 0, 0
66602, 7168230, 0, 0, 0
66706, 7269135, 0, 0, 0
66802, 8948782, 0, 0, 0
66904, 11186031, 0, 0, 0
67003, 9575360, 0, 0, 0
67100, 7981147, 0, 0, 0
67201, 7201347, 0, 0, 0
67304, 11354819, 0, 0, 0
67402, 9070454, 0, 0, 0
67502, 7337146, 0, 0, 0
67600, 7368025, 0, 0, 0
67705, 6677892, 0, 0, 0
67802, 8679958, 0, 0, 0
67900, 7845417, 0, 0, 0
68006, 8888611, 0, 0, 0
68104, 9645778, 0, 0, 0
68200, 7791092, 0, 0, 0
68302, 9149339, 0, 0, 0
68405, 8312772, 0, 0, 0
68502, 7569810, 0, 0, 0
68601, 8145539, 0, 0, 0
68702, 7966063, 0, 0, 0
68800, 8379269, 0, 0, 0
68901, 9900173, 0, 0, 0
69011, 10955638, 0, 0, 0
69103, 11046136, 0, 0, 0
69200, 9347367, 0, 0, 0
69301, 10110524, 0, 0, 0
69404, 7919378, 0, 0, 0
69501, 8939438, 0, 0, 0
69600, 7377274, 0, 0, 0
69703, 10509511, 0, 0, 0
69801, 8166636, 0, 0, 0
69900, 8022071, 0, 0, 0
70001, 7292231, 0, 0, 0
70100, 8317606, 0, 0, 0
70207, 9384050, 0, 0, 0
70305, 8340610, 0, 0, 0
70403, 9381231, 0, 0, 0
70507, 8237096, 0, 0, 0
70601, 8717407, 0, 0, 0
70700, 9733326, 0, 0, 0
70803, 7952718, 0, 0, 0
70901, 8940412, 0, 0, 0
71002, 8789463, 0, 0, 0
71108, 8981418, 0, 0, 0
71206, 8259293, 0, 0, 0
71304, 9548089, 0, 0, 0
71404, 10640776, 0, 0, 0
71503, 7557836, 0, 0, 0
71600, 9843575, 0, 0, 0
71701, 9665902, 0, 0, 0
71803, 8854326, 0, 0, 0
71902, 9007276, 0, 0, 0
72000, 9076533, 0, 0, 0
72100, 9554060, 0, 0, 0
72201, 9900721, 0, 0, 0
72300, 8043585, 0, 0, 0
72403, 9101202, 0, 0, 0
72504, 10280544, 0, 0, 0
72604, 10133118, 0, 0, 0
72704, 9235251, 0, 0, 0
72800, 9681151, 0, 0, 0
72901, 7962113, 0, 0, 0
73002, 9026625, 0, 0, 0
73102, 8108386, 0, 0, 0
73200, 7452819, 0, 0, 0
73309, 9381113, 0, 0, 0
73402, 7382629, 0, 0, 0
73502, 7620950, 0, 0, 0
73603, 9607829, 0, 0, 0
73705, 8142909, 0, 0, 0
73800, 8314706, 0, 0, 0
73908, 9155562, 0, 0, 0
74003, 8358527, 0, 0, 0
74102, 8622101, 0, 0, 0
74203, 9638935, 0, 0, 0
74302, 8189923, 0, 0, 0
74400, 8811509, 0, 0, 0
74500, 10563782, 0, 0, 0
74600, 9382633, 0, 0, 0
74705, 9607550, 0, 0, 0
74804, 8701306, 0, 0, 0
74904, 8045893, 0, 0, 0
75002, 9131321, 0, 0, 0
75100, 8764447, 0, 0, 0
75203, 9808733, 0, 0, 0
75300, 7287390, 0, 0, 0
75406, 8304116, 0, 0, 0
75500, 10109506, 0, 0, 0
75600, 9569922, 0, 0, 0
75706, 6968924, 0, 0, 0
75803, 11990883, 0, 0, 0
75900, 8071978, 0, 0, 0
76005, 9356236, 0, 0, 0
76102, 9000853, 0, 0, 0
76200, 11127451, 0, 0, 0
76303, 7995693, 0, 0, 0
76404, 10757296, 0, 0, 0
76500, 10036720, 0, 0, 0
76600, 9127448, 0, 0, 0
76701, 11407299, 0, 0, 0
76803, 9485534, 0, 0, 0
76904, 8326715, 0, 0, 0
77000, 8454731, 0, 0, 0
77100, 9144908, 0, 0, 0
77201, 8650910, 0, 0, 0
77301, 8892836, 0, 0, 0
77405, 8727359, 0, 0, 0
77502, 7314976, 0, 0, 0
77600, 9602474, 0, 0, 0
77700, 9784451, 0, 0, 0
77802, 11917464, 0, 0, 0
77902, 9072317, 0, 0, 0
78001, 8096472, 0, 0, 0
78100, 9488725, 0, 0, 0
78206, 10424626, 0, 0, 0
78301, 10943856, 0, 0, 0
78401, 9450936, 0, 0, 0
78501, 9016627, 0, 0, 0
78601, 9020127, 0, 0, 0
78700, 8314908, 0, 0, 0
78800, 9307034, 0, 0, 0
78901, 8682465, 0, 0, 0
79005, 8952275, 0, 0, 0
79104, 8010141, 0, 0, 0
79201, 9292311, 0, 0, 0
79304, 12465193, 0, 0, 0
79401, 10463120, 0, 0, 0
79500, 11876665, 0, 0, 0
79600, 8415820, 0, 0, 0
79701, 8651329, 0, 0, 0
79800, 10274051, 0, 0, 0
79901, 8957813, 0, 0, 0
80002, 8636181, 0, 0, 0
80103, 8253470, 0, 0, 0
80200, 9459646, 0, 0, 0
80306, 8258562, 0, 0, 0
80404, 8271565, 0, 0, 0
80507, 11913943, 0, 0, 0
80600, 8339649, 0, 0, 0
80700, 8001681, 0, 0, 0
80800, 6992864, 0, 0, 0
80902, 9626098, 0, 0, 0
81001, 9657005, 0, 0, 0
81104, 8819997, 0, 0, 0
81205, 9623673, 0, 0, 0
81306, 9902776, 0, 0, 0
81402, 9360264, 0, 0, 0
81504, 9219576, 0, 0, 0
81601, 8586760, 0, 0, 0
81702, 7173888, 0, 0, 0
81804, 9241964, 0, 0, 0
81903, 11603910, 0, 0, 0
82005, 8942842, 0, 0, 0
82105, 9843033, 0, 0, 0
82203, 9531336, 0, 0, 0
82306, 10002247, 0, 0, 0
82402, 9030615, 0, 0, 0
82503, 9614725, 0, 0, 0
82600, 10522658, 0, 0, 0
82704, 9517214, 0, 0, 0
82803, 8897665, 0, 0, 0
82909, 10085988, 0, 0, 0
83001, 7791146, 0, 0, 0
83101, 7833066, 0, 0, 0
83205, 7949443, 0, 0, 0
83306, 11374696, 0, 0, 0
83402, 9887045, 0, 0, 0
83502, 9546180, 0, 0, 0
83604, 8316092, 0, 0, 0
83701, 10421632, 0, 0, 0
83800, 8468472, 0, 0, 0
83902, 9885730, 0, 0, 0
84004, 6844925, 0, 0, 0
84101, 9489078, 0, 0, 0
84202, 8527521, 0, 0, 0
84302, 9653324, 0, 0, 0
84405, 8215461, 0, 0, 0
84500, 9133335, 0, 0, 0
84604, 9397953, 0, 0, 0
84700, 9281563, 0, 0, 0
84800, 9491184, 0, 0, 0
84900, 9379439, 0, 0, 0
85004, 9010061, 0, 0, 0
85103, 9396125, 0, 0, 0
85202, 9643050, 0, 0, 0
85300, 7568293, 0, 0, 0
85400, 7954712, 0, 0, 0
85501, 8725098, 0, 0, 0
85603, 10722760, 0, 0, 0
85707, 10851435, 0, 0, 0
85801, 10152450, 0, 0, 0
85902, 9219245, 0, 0, 0
86009, 8729659, 0, 0, 0
86103, 7265773, 0, 0, 0
86201, 10498792, 0, 0, 0
86300, 9055721, 0, 0, 0
86402, 9221998, 0, 0, 0
86502, 9420920, 0, 0, 0
86607, 9076329, 0, 0, 0
86703, 8986413, 0, 0, 0
86800, 9649013, 0, 0, 0
86901, 7493426, 0, 0, 0
87000, 7508291, 0, 0, 0
87103, 7568256, 0, 0, 0
87203, 9150148, 0, 0, 0
87301, 10466872, 0, 0, 0
87403, 7463594, 0, 0, 0
87500, 13225537, 0, 0, 0
87604, 8305689, 0, 0, 0
87701, 10112359, 0, 0, 0
87802, 9974492, 0, 0, 0
87900, 8818473, 0, 0, 0
88003, 8460619, 0, 0, 0
88100, 9315499, 0, 0, 0
88202, 10341230, 0, 0, 0
88301, 7848932, 0, 0, 0
88401, 10076472, 0, 0, 0
88500, 9441553, 0, 0, 0
88600, 9638889, 0, 0, 0
88705, 8124995, 0, 0, 0
88800, 8297899, 0, 0, 0
88908, 9688343, 0, 0, 0
89003, 7754018, 0, 0, 0
89100, 10551831, 0, 0, 0
89201, 8616079, 0, 0, 0
89306, 8304642, 0, 0, 0
89400, 10970927, 0, 0, 0
89508, 8330949, 0, 0, 0
89600, 8126032, 0, 0, 0
89703, 8634220, 0, 0, 0
89800, 8950892, 0, 0, 0
89901, 9987817, 0, 0, 0
90000, 7051240, 0, 0, 0
90101, 10546352, 0, 0, 0
90203, 8625119, 0, 0, 0
90303, 10632874, 0, 0, 0
90401, 9055875, 0, 0, 0
90513, 8736341, 0, 0, 0
90603, 8010593, 0, 0, 0
90701, 8702504, 0, 0, 0
90804, 10451739, 0, 0, 0
90900, 7255229, 0, 0, 0
91011, 9985982, 0, 0, 0
91100, 8959076, 0, 0, 0
91204, 8735719, 0, 0, 0
91308, 9100271, 0, 0, 0
91400, 9397356, 0, 0, 0
91504, 8264532, 0, 0, 0
91605, 9755649, 0, 0, 0
91702, 10136644, 0, 0, 0
91802, 9784884, 0, 0, 0
91904, 9590455, 0, 0, 0
92001, 8918809, 0, 0, 0
92100, 10360394, 0, 0, 0
92205, 9062337, 0, 0, 0
92305, 11618610, 0, 0, 0
92402, 7681606, 0, 0, 0
92503, 14393053, 0, 0, 0
92604, 8397415, 0, 0, 0
92701, 8132467, 0, 0, 0
92802, 8195224, 0, 0, 0
92901, 10242928, 0, 0, 0
93003, 11179614, 0, 0, 0
93113, 8110446, 0, 0, 0
93204, 8525712, 0, 0, 0
93306, 9238750, 0, 0, 0
93401, 8286848, 0, 0, 0
93501, 9296791, 0, 0, 0
93600, 9764113, 0, 0, 0
93709, 9271259, 0, 0, 0
93802, 9185050, 0, 0, 0
93901, 9194420, 0, 0, 0
94009, 9255588, 0, 0, 0
94100, 9016957, 0, 0, 0
94202, 9109795, 0, 0, 0
94301, 9669218, 0, 0, 0
94400, 10280649, 0, 0, 0
94503, 8841312, 0, 0, 0
94606, 10167889, 0, 0, 0
94701, 9058437, 0, 0, 0
94801, 7665980, 0, 0, 0
94901, 10948374, 0, 0, 0
95000, 8714086, 0, 0, 0
95103, 9527654, 0, 0, 0
95207, 9938934, 0, 0, 0
95303, 9683478, 0, 0, 0
95400, 8107833, 0, 0, 0
95503, 8547918, 0, 0, 0
95603, 10677989, 0, 0, 0
95700, 8659561, 0, 0, 0
95803, 8935928, 0, 0, 0
95902, 8725026, 0, 0, 0
96005, 8800062, 0, 0, 0
96101, 7810450, 0, 0, 0
96203, 8764143, 0, 0, 0
96302, 9933682, 0, 0, 0
96400, 9400526, 0, 0, 0
96501, 10601937, 0, 0, 0
96605, 7563776, 0, 0, 0
96719, 8768852, 0, 0, 0
96801, 12229776, 0, 0, 0
96902, 10039047, 0, 0, 0
97001, 7859201, 0, 0, 0
97101, 9675418, 0, 0, 0
97208, 10779801, 0, 0, 0
97300, 8327557, 0, 0, 0
97409, 7872645, 0, 0, 0
97502, 12080914, 0, 0, 0
97602, 7112371, 0, 0, 0
97702, 9249233, 0, 0, 0
97801, 9761903, 0, 0, 0
97900, 10735474, 0, 0, 0
98001, 8567997, 0, 0, 0
98108, 9592345, 0, 0, 0
98204, 11499618, 0, 0, 0
98307, 9642435, 0, 0, 0
98411, 8762591, 0, 0, 0
98501, 9824581, 0, 0, 0
98600, 10742844, 0, 0, 0
98701, 8264902, 0, 0, 0
98800, 8963974, 0, 0, 0
98907, 9600963, 0, 0, 0
99001, 12148929, 0, 0, 0
99107, 7919053, 0, 0, 0
99206, 10409463, 0, 0, 0
99300, 9592894, 0, 0, 0
99406, 9413940, 0, 0, 0
99502, 8973113, 0, 0, 0
99606, 7241221, 0, 0, 0
99703, 11180921, 0, 0, 0
99810, 6762057, 0, 0, 0
99901, 12061982, 0, 0, 0
100001, 10318310, 0, 0, 0
100102, 8640763, 0, 0, 0
100200, 9101180, 0, 0, 0
100300, 9141435, 0, 0, 0
100400, 9173155, 0, 0, 0
100500, 8514913, 0, 0, 0
100613, 8681768, 0, 0, 0
100700, 10831708, 0, 0, 0
100805, 7294969, 0, 0, 0
100903, 8289208, 0, 0, 0
101008, 9893071, 0, 0, 0
101103, 9046213, 0, 0, 0
101201, 8527810, 0, 0, 0
101300, 10255251, 0, 0, 0
101406, 10051551, 0, 0, 0
101500, 12025050, 0, 0, 0
101602, 9132567, 0, 0, 0
101700, 11497385, 0, 0, 0
101808, 10220308, 0, 0, 0
101901, 8105936, 0, 0, 0
102015, 9654058, 0, 0, 0
102108, 10653141, 0, 0, 0
102201, 8929845, 0, 0, 0
102306, 10783743, 0, 0, 0
102400, 10441927, 0, 0, 0
102509, 8973358, 0, 0, 0
102602, 9153461, 0, 0, 0
102705, 10465562, 0, 0, 0
102806, 8842884, 0, 0, 0
102903, 9125738, 0, 0, 0
103011, 9618915, 0, 0, 0
103101, 8714919, 0, 0, 0
103203, 9086595, 0, 0, 0
103304, 10232645, 0, 0, 0
103400, 10667283, 0, 0, 0
103504, 8896375, 0, 0, 0
103600, 9329243, 0, 0, 0
103700, 8323030, 0, 0, 0
103801, 9129321, 0, 0, 0
103904, 10377420, 0, 0, 0
104001, 8159129, 0, 0, 0
104102, 9435581, 0, 0, 0
104208, 7485144, 0, 0, 0
104300, 9378372, 0, 0, 0
104401, 7594741, 0, 0, 0
104502, 8074238, 0, 0, 0
104601, 9652400, 0, 0, 0
104705, 9634220, 0, 0, 0
104804, 9746245, 0, 0, 0
104902, 9287325, 0, 0, 0
105004, 6676184, 0, 0, 0
105100, 10284537, 0, 0, 0
105206, 9422534, 0, 0, 0
105302, 9440190, 0, 0, 0
105403, 9756519, 0, 0, 0
105506, 7489290, 0, 0, 0
105601, 10942191, 0, 0, 0
105703, 7604393, 0, 0, 0
105804, 8906129, 0, 0, 0
105903, 8726219, 0, 0, 0
106003, 7433672, 0, 0, 0
106102, 8315037, 0, 0, 0
106207, 8773574, 0, 0, 0
106300, 11140501, 0, 0, 0
106400, 7494733, 0, 0, 0
106503, 7998307, 0, 0, 0
106600, 13496474, 0, 0, 0
106708, 10162336, 0, 0, 0
106800, 9042438, 0, 0, 0
106906, 8592493, 0, 0, 0
107000, 8925666, 0, 0, 0
107100, 8914559, 0, 0, 0
107200, 8666633, 0, 0, 0
107300, 8435886, 0, 0, 0
107403, 8879026, 0, 0, 0
107501, 11496254, 0, 0, 0
107603, 8697863, 0, 0, 0
107700, 9524572, 0, 0, 0
107800, 8905752, 0, 0, 0
107907, 8242395, 0, 0, 0
108001, 10996156, 0, 0, 0
108104, 9015079, 0, 0, 0
108200, 8415348, 0, 0, 0
108303, 9290740, 0, 0, 0
108400, 11055432, 0, 0, 0
108501, 7998695, 0, 0, 0
108601, 10110616, 0, 0, 0
108702, 9311928, 0, 0, 0
108800, 7228630, 0, 0, 0
108901, 7864638, 0, 0, 0
109015, 8772218, 0, 0, 0
109103, 8993330, 0, 0, 0
109200, 10244758, 0, 0, 0
109303, 9767024, 0, 0, 0
109401, 7345594, 0, 0, 0
109502, 9914491, 0, 0, 0
109602, 9079031, 0, 0, 0
109701, 8968753, 0, 0, 0
109804, 10873747, 0, 0, 0
109906, 9789133, 0, 0, 0
110002, 9781359, 0, 0, 0
110103, 9889506, 0, 0, 0
110202, 10287281, 0, 0, 0
110301, 7487079, 0, 0, 0
110404, 8473910, 0, 0, 0
110511, 8933127, 0, 0, 0
110600, 11090815, 0, 0, 0
110701, 8945599, 0, 0, 0
110806, 9390890, 0, 0, 0
110900, 7200668, 0, 0, 0
111012, 9369574, 0, 0, 0
111100, 12029192, 0, 0, 0
111203, 10871823, 0, 0, 0
111310, 10294556, 0, 0, 0
111400, 10533631, 0, 0, 0
111503, 8686923, 0, 0, 0
111606, 7972314, 0, 0, 0
111708, 10858482, 0, 0, 0
111800, 8696364, 0, 0, 0
111901, 9742665, 0, 0, 0
112001, 8000421, 0, 0, 0
112103, 10306093, 0, 0, 0
112200, 7855773, 0, 0, 0
112301, 10142630, 0, 0, 0
112402, 9529468, 0, 0, 0
112500, 9041009, 0, 0, 0
112601, 7442149, 0, 0, 0
112700, 11547174, 0, 0, 0
112800, 8440498, 0, 0, 0
112903, 8856949, 0, 0, 0
113003, 7377089, 0, 0, 0
113101, 8717686, 0, 0, 0
113202, 10593571, 0, 0, 0
113300, 8294445, 0, 0, 0
113403, 8189309, 0, 0, 0
113501, 7597509, 0, 0, 0
113600, 8035259, 0, 0, 0
113703, 8217754, 0, 0, 0
113803, 9642954, 0, 0, 0
113904, 9031622, 0, 0, 0
114002, 11873127, 0, 0, 0
114104, 6905731, 0, 0, 0
114201, 9420684, 0, 0, 0
114301, 8047002, 0, 0, 0
114404, 9754264, 0, 0, 0
114503, 8237936, 0, 0, 0
114600, 7800687, 0, 0, 0
114701, 10622433, 0, 0, 0
114803, 10524219, 0, 0, 0
114901, 9541908, 0, 0, 0
115007, 6551619, 0, 0, 0
115106, 8650871, 0, 0, 0
115204, 9399988, 0, 0, 0
115302, 7975308, 0, 0, 0
115407, 9603617, 0, 0, 0
115504, 10067233, 0, 0, 0
115600, 8845199, 0, 0, 0
115701, 10721969, 0, 0, 0
115804, 9503809, 0, 0, 0
115905, 8999958, 0, 0, 0
116003, 8966909, 0, 0, 0
116102, 7941250, 0, 0, 0
116208, 8243399, 0, 0, 0
116304, 7036179, 0, 0, 0
116400, 9263574, 0, 0, 0
116505, 9028060, 0, 0, 0
116601, 11769190, 0, 0, 0
116700, 8487259, 0, 0, 0
116800, 8485245, 0, 0, 0
116901, 9772312, 0, 0, 0
117011, 8207436, 0, 0, 0
117103, 9735080, 0, 0, 0
117202, 8986188, 0, 0, 0
117300, 9421410, 0, 0, 0
117410, 8165373, 0, 0, 0
117501, 7377104, 0, 0, 0
117604, 12405886, 0, 0, 0
117702, 9532479, 0, 0, 0
117803, 9619722, 0, 0, 0
117901, 8657681, 0, 0, 0
118000, 7788265, 0, 0, 0
118103, 8948421, 0, 0, 0
118200, 10743772, 0, 0, 0
118302, 7002989, 0, 0, 0
118402, 9541050, 0, 0, 0
118503, 8317513, 0, 0, 0
118601, 7888761, 0, 0, 0
118701, 8698023, 0, 0, 0
118804, 8613933, 0, 0, 0
118909, 9640303, 0, 0, 0
119000, 8402074, 0, 0, 0
119104, 8823286, 0, 0, 0
119206, 8416805, 0, 0, 0
119300, 8028792, 0, 0, 0
119404, 8219312, 0, 0, 0
119504, 8443011, 0, 0, 0
119608, 10765448, 0, 0, 0
119701, 8444384, 0, 0, 0
119806, 6961297, 0, 0, 0
119901, 8821237, 0, 0, 0
120001, 8179217, 0, 0, 0
120004, 9420001, 0, 0, 0
