101, 8211, 0, 0, 0
206, 9047, 0, 0, 0
300, 7914, 0, 0, 0
404, 9365, 0, 0, 0
503, 9094, 0, 0, 0
603, 8863, 0, 0, 0
702, 8246, 0, 0, 0
804, 8313, 0, 0, 0
904, 8290, 0, 0, 0
1004, 8269, 0, 0, 0
1100, 7769, 0, 0, 0
1203, 7915, 0, 0, 0
1305, 7441, 0, 0, 0
1406, 8352, 0, 0, 0
1500, 7038, 0, 0, 0
1604, 7897, 0, 0, 0
1702, 8056, 0, 0, 0
1805, 6874, 0, 0, 0
1900, 7206, 0, 0, 0
2003, 7059, 0, 0, 0
2100, 7295, 0, 0, 0
2200, 8109, 0, 0, 0
2303, 6826, 0, 0, 0
2400, 7113, 0, 0, 0
2504, 7008, 0, 0, 0
2602, 7504, 0, 0, 0
2703, 7943, 0, 0, 0
2802, 7564, 0, 0, 0
2900, 7940, 0, 0, 0
3002, 8013, 0, 0, 0
3101, 7619, 0, 0, 0
3205, 7679, 0, 0, 0
3302, 7066, 0, 0, 0
3403, 7027, 0, 0, 0
3500, 7287, 0, 0, 0
3600, 7571, 0, 0, 0
3700, 8207, 0, 0, 0
3800, 6993, 0, 0, 0
3905, 7615, 0, 0, 0
4005, 7909, 0, 0, 0
4100, 7608, 0, 0, 0
4200, 8086, 0, 0, 0
4300, 7947, 0, 0, 0
4403, 7389, 0, 0, 0
4501, 8187, 0, 0, 0
4601, 8494, 0, 0, 0
4704, 6387, 0, 0, 0
4802, 9471, 0, 0, 0
4900, 9387, 0, 0, 0
5001, 8395, 0, 0, 0
5100, 7608, 0, 0, 0
5201, 7438, 0, 0, 0
5303, 7210, 0, 0, 0
5400, 6263, 0, 0, 0
5501, 8049, 0, 0, 0
5605, 8166, 0, 0, 0
5702, 8126, 0, 0, 0
5806, 7826, 0, 0, 0
5900, 8187, 0, 0, 0
6005, 8294, 0, 0, 0
6100, 7968, 0, 0, 0
6200, 7952, 0, 0, 0
6300, 7988, 0, 0, 0
6404, 7693, 0, 0, 0
6502, 7216, 0, 0, 0
6600, 8292, 0, 0, 0
6701, 7692, 0, 0, 0
6800, 7916, 0, 0, 0
6903, 9321, 0, 0, 0
7000, 7742, 0, 0, 0
7103, 7394, 0, 0, 0
7202, 8389, 0, 0, 0
7303, 6443, 0, 0, 0
7401, 7387, 0, 0, 0
7501, 6885, 0, 0, 0
7605, 7069, 0, 0, 0
7703, 7843, 0, 0, 0
7802, 6821, 0, 0, 0
7901, 7776, 0, 0, 0
8001, 8087, 0, 0, 0
8104, 7510, 0, 0, 0
8204, 8420, 0, 0, 0
8306, 7391, 0, 0, 0
8401, 6740, 0, 0, 0
8510, 7508, 0, 0, 0
8609, 7149, 0, 0, 0
8708, 7279, 0, 0, 0
8803, 6524, 0, 0, 0
8900, 8291, 0, 0, 0
9001, 7253, 0, 0, 0
9100, 7312, 0, 0, 0
9206, 7922, 0, 0, 0
9300, 7450, 0, 0, 0
9402, 7499, 0, 0, 0
9500, 7521, 0, 0, 0
9600, 7223, 0, 0, 0
9704, 7594, 0, 0, 0
9803, 7099, 0, 0, 0
9902, 7293, 0, 0, 0
10000, 7183, 0, 0, 0
10108, 7172, 0, 0, 0
10202, 7419, 0, 0, 0
10300, 7638, 0, 0, 0
10400, 7183, 0, 0, 0
10503, 7480, 0, 0, 0
10601, 7432, 0, 0, 0
10702, 8283, 0, 0, 0
10800, 7809, 0, 0, 0
10900, 7658, 0, 0, 0
11001, 8616, 0, 0, 0
11102, 7764, 0, 0, 0
11206, 7238, 0, 0, 0
11302, 8334, 0, 0, 0
11403, 8094, 0, 0, 0
11506, 7592, 0, 0, 0
11602, 7122, 0, 0, 0
11700, 7911, 0, 0, 0
11800, 8520, 0, 0, 0
11902, 7178, 0, 0, 0
12000, 7256, 0, 0, 0
12100, 7418, 0, 0, 0
12201, 7577, 0, 0, 0
12302, 7320, 0, 0, 0
12400, 7857, 0, 0, 0
12505, 7061, 0, 0, 0
12603, 8044, 0, 0, 0
12700, 6713, 0, 0, 0
12800, 7350, 0, 0, 0
12901, 6846, 0, 0, 0
13000, 7555, 0, 0, 0
13101, 8180, 0, 0, 0
13200, 8034, 0, 0, 0
13301, 7031, 0, 0, 0
13400, 6967, 0, 0, 0
13500, 8326, 0, 0, 0
13602, 8825, 0, 0, 0
13704, 8285, 0, 0, 0
13801, 7209, 0, 0, 0
13904, 6667, 0, 0, 0
14000, 7054, 0, 0, 0
14105, 7110, 0, 0, 0
14204, 8177, 0, 0, 0
14306, 7906, 0, 0, 0
14400, 8209, 0, 0, 0
14504, 7128, 0, 0, 0
14601, 7245, 0, 0, 0
14702, 7614, 0, 0, 0
14801, 8847, 0, 0, 0
14901, 9348, 0, 0, 0
15000, 8341, 0, 0, 0
15105, 8204, 0, 0, 0
15201, 7317, 0, 0, 0
15303, 8397, 0, 0, 0
15405, 8568, 0, 0, 0
15500, 7700, 0, 0, 0
15601, 7221, 0, 0, 0
15701, 7492, 0, 0, 0
15804, 7694, 0, 0, 0
15900, 7294, 0, 0, 0
16006, 7226, 0, 0, 0
16106, 7745, 0, 0, 0
16200, 7377, 0, 0, 0
16300, 7380, 0, 0, 0
16407, 7183, 0, 0, 0
16503, 7356, 0, 0, 0
16600, 7918, 0, 0, 0
16703, 7440, 0, 0, 0
16801, 6029, 0, 0, 0
16902, 8388, 0, 0, 0
17004, 7028, 0, 0, 0
17104, 6944, 0, 0, 0
17201, 8128, 0, 0, 0
17303, 7802, 0, 0, 0
17401, 7147, 0, 0, 0
17500, 7048, 0, 0, 0
17600, 7877, 0, 0, 0
17702, 7239, 0, 0, 0
17800, 7845, 0, 0, 0
17900, 8031, 0, 0, 0
18009, 7652, 0, 0, 0
18100, 7782, 0, 0, 0
18200, 7359, 0, 0, 0
18302, 7573, 0, 0, 0
18402, 7005, 0, 0, 0
18502, 8291, 0, 0, 0
18602, 7680, 0, 0, 0
18701, 7208, 0, 0, 0
18801, 6679, 0, 0, 0
18901, 7710, 0, 0, 0
19000, 7307, 0, 0, 0
19101, 7562, 0, 0, 0
19202, 7919, 0, 0, 0
19301, 8127, 0, 0, 0
19406, 7013, 0, 0, 0
19502, 7358, 0, 0, 0
19604, 8296, 0, 0, 0
19700, 7909, 0, 0, 0
19803, 7123, 0, 0, 0
19903, 7208, 0, 0, 0
20000, 8110, 0, 0, 0
20103, 8959, 0, 0, 0
20201, 8196, 0, 0, 0
20305, 7742, 0, 0, 0
20401, 8062, 0, 0, 0
20512, 7920, 0, 0, 0
20601, 7784, 0, 0, 0
20703, 7933, 0, 0, 0
20803, 7936, 0, 0, 0
20900, 8720, 0, 0, 0
21001, 7855, 0, 0, 0
21104, 8756, 0, 0, 0
21204, 8433, 0, 0, 0
21304, 9063, 0, 0, 0
21405, 7890, 0, 0, 0
21503, 7615, 0, 0, 0
21603, 7998, 0, 0, 0
21700, 7787, 0, 0, 0
21800, 7569, 0, 0, 0
21901, 8035, 0, 0, 0
22003, 7871, 0, 0, 0
22100, 7869, 0, 0, 0
22203, 8357, 0, 0, 0
22301, 7007, 0, 0, 0
22401, 8347, 0, 0, 0
22502, 6911, 0, 0, 0
22602, 6719, 0, 0, 0
22704, 7417, 0, 0, 0
22800, 7182, 0, 0, 0
22900, 7036, 0, 0, 0
23002, 8525, 0, 0, 0
23101, 7369, 0, 0, 0
23200, 7149, 0, 0, 0
23300, 8295, 0, 0, 0
23402, 7849, 0, 0, 0
23500, 8733, 0, 0, 0
23604, 7503, 0, 0, 0
23701, 6899, 0, 0, 0
23806, 7666, 0, 0, 0
23902, 8227, 0, 0, 0
24000, 8406, 0, 0, 0
24101, 7547, 0, 0, 0
24200, 7230, 0, 0, 0
24303, 7624, 0, 0, 0
24400, 6951, 0, 0, 0
24501, 7059, 0, 0, 0
24601, 7846, 0, 0, 0
24709, 7439, 0, 0, 0
24800, 7907, 0, 0, 0
24901, 7297, 0, 0, 0
25000, 6943, 0, 0, 0
25103, 7251, 0, 0, 0
25207, 8826, 0, 0, 0
25300, 7397, 0, 0, 0
25401, 7177, 0, 0, 0
25500, 7424, 0, 0, 0
25601, 6781, 0, 0, 0
25709, 7441, 0, 0, 0
25800, 7662, 0, 0, 0
25903, 7258, 0, 0, 0
26003, 7463, 0, 0, 0
26101, 6921, 0, 0, 0
26201, 6841, 0, 0, 0
26304, 7147, 0, 0, 0
26400, 6286, 0, 0, 0
26503, 6952, 0, 0, 0
26601, 6814, 0, 0, 0
26703, 8424, 0, 0, 0
26800, 7182, 0, 0, 0
26900, 6392, 0, 0, 0
27002, 9098, 0, 0, 0
27103, 7102, 0, 0, 0
27206, 6726, 0, 0, 0
27303, 7354, 0, 0, 0
27404, 8069, 0, 0, 0
27504, 7229, 0, 0, 0
27600, 7604, 0, 0, 0
27709, 7278, 0, 0, 0
27800, 7132, 0, 0, 0
27900, 7554, 0, 0, 0
28003, 9792, 0, 0, 0
28100, 7524, 0, 0, 0
28203, 6856, 0, 0, 0
28303, 7332, 0, 0, 0
28401, 6801, 0, 0, 0
28500, 6819, 0, 0, 0
28602, 7147, 0, 0, 0
28702, 7272, 0, 0, 0
28802, 7365, 0, 0, 0
28901, 6988, 0, 0, 0
29004, 6832, 0, 0, 0
29100, 7590, 0, 0, 0
29200, 6635, 0, 0, 0
29303, 6952, 0, 0, 0
29402, 8482, 0, 0, 0
29500, 8191, 0, 0, 0
29600, 8393, 0, 0, 0
29703, 8254, 0, 0, 0
29802, 7704, 0, 0, 0
29908, 9090, 0, 0, 0
30008, 8526, 0, 0, 0
30106, 7869, 0, 0, 0
30201, 7387, 0, 0, 0
30302, 7943, 0, 0, 0
30401, 7887, 0, 0, 0
30502, 7798, 0, 0, 0
30602, 7811, 0, 0, 0
30701, 8778, 0, 0, 0
30801, 7653, 0, 0, 0
30905, 7901, 0, 0, 0
31001, 8491, 0, 0, 0
31101, 7852, 0, 0, 0
31201, 8241, 0, 0, 0
31300, 7361, 0, 0, 0
31402, 7274, 0, 0, 0
31505, 7598, 0, 0, 0
31604, 7976, 0, 0, 0
31702, 7439, 0, 0, 0
31803, 7390, 0, 0, 0
31901, 6757, 0, 0, 0
32001, 7064, 0, 0, 0
32104, 7052, 0, 0, 0
32201, 6611, 0, 0, 0
32302, 6628, 0, 0, 0
32400, 6622, 0, 0, 0
32500, 7237, 0, 0, 0
32600, 6126, 0, 0, 0
32700, 8206, 0, 0, 0
32806, 7302, 0, 0, 0
32900, 7766, 0, 0, 0
33004, 7244, 0, 0, 0
33102, 6758, 0, 0, 0
33202, 7739, 0, 0, 0
33304, 7079, 0, 0, 0
33400, 6676, 0, 0, 0
33505, 7264, 0, 0, 0
33600, 6933, 0, 0, 0
33700, 7407, 0, 0, 0
33802, 7703, 0, 0, 0
33904, 7672, 0, 0, 0
34000, 7858, 0, 0, 0
34103, 8067, 0, 0, 0
34201, 7696, 0, 0, 0
34304, 7096, 0, 0, 0
34404, 6963, 0, 0, 0
34501, 7139, 0, 0, 0
34600, 7223, 0, 0, 0
34704, 7138, 0, 0, 0
34800, 7895, 0, 0, 0
34902, 7824, 0, 0, 0
35001, 7826, 0, 0, 0
35101, 7407, 0, 0, 0
35200, 7419, 0, 0, 0
35302, 6748, 0, 0, 0
35402, 6884, 0, 0, 0
35502, 6602, 0, 0, 0
35604, 7205, 0, 0, 0
35700, 7498, 0, 0, 0
35800, 6914, 0, 0, 0
35902, 7464, 0, 0, 0
36003, 8985, 0, 0, 0
36100, 9209, 0, 0, 0
36201, 7102, 0, 0, 0
36300, 7149, 0, 0, 0
36400, 7306, 0, 0, 0
36506, 7334, 0, 0, 0
36600, 6622, 0, 0, 0
36701, 7535, 0, 0, 0
36801, 6748, 0, 0, 0
36901, 7130, 0, 0, 0
37001, 7230, 0, 0, 0
37100, 7834, 0, 0, 0
37204, 8562, 0, 0, 0
37301, 8288, 0, 0, 0
37402, 7338, 0, 0, 0
37500, 7561, 0, 0, 0
37604, 7875, 0, 0, 0
37701, 8746, 0, 0, 0
37803, 7163, 0, 0, 0
37900, 7482, 0, 0, 0
38000, 7656, 0, 0, 0
38107, 7608, 0, 0, 0
38202, 7969, 0, 0, 0
38305, 6864, 0, 0, 0
38401, 7509, 0, 0, 0
38501, 7600, 0, 0, 0
38605, 8041, 0, 0, 0
38701, 7393, 0, 0, 0
38802, 6736, 0, 0, 0
38901, 6824, 0, 0, 0
39001, 6925, 0, 0, 0
39100, 6778, 0, 0, 0
39207, 7278, 0, 0, 0
39304, 7753, 0, 0, 0
39401, 7851, 0, 0, 0
39505, 7440, 0, 0, 0
39600, 7129, 0, 0, 0
39700, 6899, 0, 0, 0
39800, 7298, 0, 0, 0
39902, 7005, 0, 0, 0
40000, 6808, 0, 0, 0
40104, 7740, 0, 0, 0
40202, 8219, 0, 0, 0
40300, 8582, 0, 0, 0
40408, 7944, 0, 0, 0
40500, 6806, 0, 0, 0
40602, 7563, 0, 0, 0
40700, 7649, 0, 0, 0
40800, 7214, 0, 0, 0
40908, 7438, 0, 0, 0
41004, 7204, 0, 0, 0
41105, 6808, 0, 0, 0
41201, 6936, 0, 0, 0
41302, 6841, 0, 0, 0
41402, 7584, 0, 0, 0
41504, 7113, 0, 0, 0
41601, 7108, 0, 0, 0
41705, 8587, 0, 0, 0
41802, 8179, 0, 0, 0
41900, 6755, 0, 0, 0
42004, 6972, 0, 0, 0
42100, 7583, 0, 0, 0
42203, 7543, 0, 0, 0
42300, 6972, 0, 0, 0
42402, 7514, 0, 0, 0
42502, 6946, 0, 0, 0
42605, 6768, 0, 0, 0
42702, 7352, 0, 0, 0
42802, 6768, 0, 0, 0
42902, 7894, 0, 0, 0
43003, 7509, 0, 0, 0
43105, 7618, 0, 0, 0
43205, 9151, 0, 0, 0
43300, 7162, 0, 0, 0
43400, 7832, 0, 0, 0
43502, 6912, 0, 0, 0
43600, 8154, 0, 0, 0
43701, 7510, 0, 0, 0
43802, 7305, 0, 0, 0
43901, 7436, 0, 0, 0
44001, 7106, 0, 0, 0
44101, 7468, 0, 0, 0
44207, 7244, 0, 0, 0
44303, 7394, 0, 0, 0
44404, 6979, 0, 0, 0
44502, 8004, 0, 0, 0
44604, 7743, 0, 0, 0
44700, 7312, 0, 0, 0
44804, 8351, 0, 0, 0
44900, 8426, 0, 0, 0
45000, 7098, 0, 0, 0
45105, 7381, 0, 0, 0
45202, 6790, 0, 0, 0
45303, 7483, 0, 0, 0
45400, 6836, 0, 0, 0
45505, 8427, 0, 0, 0
45602, 7218, 0, 0, 0
45701, 6905, 0, 0, 0
45801, 7141, 0, 0, 0
45905, 6977, 0, 0, 0
46001, 7072, 0, 0, 0
46100, 7564, 0, 0, 0
46204, 8483, 0, 0, 0
46300, 7810, 0, 0, 0
46402, 7615, 0, 0, 0
46505, 8021, 0, 0, 0
46600, 7273, 0, 0, 0
46705, 7654, 0, 0, 0
46802, 7008, 0, 0, 0
46904, 8312, 0, 0, 0
47002, 7533, 0, 0, 0
47102, 7332, 0, 0, 0
47200, 7403, 0, 0, 0
47302, 8504, 0, 0, 0
47402, 6739, 0, 0, 0
47501, 7091, 0, 0, 0
47601, 6945, 0, 0, 0
47707, 6789, 0, 0, 0
47803, 7063, 0, 0, 0
47900, 7103, 0, 0, 0
48000, 7946, 0, 0, 0
48100, 7145, 0, 0, 0
48202, 8462, 0, 0, 0
48304, 7837, 0, 0, 0
48403, 7765, 0, 0, 0
48503, 7765, 0, 0, 0
48602, 6696, 0, 0, 0
48702, 7176, 0, 0, 0
48802, 8147, 0, 0, 0
48902, 7484, 0, 0, 0
49002, 6832, 0, 0, 0
49101, 7724, 0, 0, 0
49200, 7216, 0, 0, 0
49300, 7419, 0, 0, 0
49403, 7806, 0, 0, 0
49501, 7901, 0, 0, 0
49600, 9367, 0, 0, 0
49703, 8083, 0, 0, 0
49801, 8805, 0, 0, 0
49901, 9121, 0, 0, 0
50006, 8454, 0, 0, 0
50100, 8387, 0, 0, 0
50201, 8374, 0, 0, 0
50303, 9188, 0, 0, 0
50404, 8665, 0, 0, 0
50501, 7890, 0, 0, 0
50600, 7843, 0, 0, 0
50700, 8314, 0, 0, 0
50803, 8280, 0, 0, 0
50904, 8845, 0, 0, 0
51006, 9561, 0, 0, 0
51101, 8700, 0, 0, 0
51204, 8962, 0, 0, 0
51304, 7963, 0, 0, 0
51400, 7627, 0, 0, 0
51501, 8758, 0, 0, 0
51600, 8520, 0, 0, 0
51700, 6982, 0, 0, 0
51800, 7828, 0, 0, 0
51900, 7143, 0, 0, 0
52000, 7065, 0, 0, 0
52100, 7562, 0, 0, 0
52200, 9059, 0, 0, 0
52302, 9125, 0, 0, 0
52401, 9069, 0, 0, 0
52500, 8726, 0, 0, 0
52601, 7724, 0, 0, 0
52702, 6894, 0, 0, 0
52801, 9466, 0, 0, 0
52900, 7715, 0, 0, 0
53000, 6958, 0, 0, 0
53102, 7417, 0, 0, 0
53202, 7619, 0, 0, 0
53300, 7749, 0, 0, 0
53401, 7942, 0, 0, 0
53505, 8197, 0, 0, 0
53601, 7329, 0, 0, 0
53703, 7855, 0, 0, 0
53803, 7417, 0, 0, 0
53901, 7417, 0, 0, 0
54000, 7432, 0, 0, 0
54100, 8525, 0, 0, 0
54204, 7343, 0, 0, 0
54300, 8112, 0, 0, 0
54402, 7184, 0, 0, 0
54500, 8158, 0, 0, 0
54602, 8375, 0, 0, 0
54703, 7343, 0, 0, 0
54806, 6494, 0, 0, 0
54904, 8932, 0, 0, 0
55001, 7964, 0, 0, 0
55101, 7562, 0, 0, 0
55202, 7631, 0, 0, 0
55304, 7833, 0, 0, 0
55403, 7754, 0, 0, 0
55501, 7160, 0, 0, 0
55605, 6977, 0, 0, 0
55701, 6986, 0, 0, 0
55801, 7687, 0, 0, 0
55901, 8676, 0, 0, 0
56003, 8450, 0, 0, 0
56100, 7732, 0, 0, 0
56201, 7987, 0, 0, 0
56307, 9143, 0, 0, 0
56404, 8201, 0, 0, 0
56501, 8292, 0, 0, 0
56604, 7536, 0, 0, 0
56701, 7584, 0, 0, 0
56806, 7299, 0, 0, 0
56903, 6954, 0, 0, 0
57004, 7808, 0, 0, 0
57101, 8838, 0, 0, 0
57208, 6925, 0, 0, 0
57307, 7546, 0, 0, 0
57402, 8072, 0, 0, 0
57500, 8828, 0, 0, 0
57604, 7808, 0, 0, 0
57704, 8005, 0, 0, 0
57802, 9057, 0, 0, 0
57902, 9202, 0, 0, 0
58005, 8676, 0, 0, 0
58100, 8093, 0, 0, 0
58206, 9029, 0, 0, 0
58305, 7641, 0, 0, 0
58402, 6958, 0, 0, 0
58503, 6389, 0, 0, 0
58600, 7715, 0, 0, 0
58706, 7116, 0, 0, 0
58802, 6875, 0, 0, 0
58900, 6901, 0, 0, 0
59002, 6709, 0, 0, 0
59102, 7334, 0, 0, 0
59200, 7074, 0, 0, 0
59302, 7901, 0, 0, 0
59404, 9252, 0, 0, 0
59503, 7173, 0, 0, 0
59601, 6954, 0, 0, 0
59703, 7912, 0, 0, 0
59810, 7061, 0, 0, 0
59905, 7553, 0, 0, 0
60005, 7078, 0, 0, 0
