250, 344, 0, 0, 0
350, 380, 0, 0, 0
450, 340, 0, 0, 0
550, 370, 0, 0, 0
650, 360, 0, 0, 0
749, 282, 0, 0, 0
849, 320, 0, 0, 0
949, 330, 0, 0, 0
1049, 350, 0, 0, 0
1149, 280, 0, 0, 0
1249, 410, 0, 0, 0
1349, 370, 0, 0, 0
1449, 360, 0, 0, 0
1550, 370, 0, 0, 0
1650, 380, 0, 0, 0
1749, 424, 0, 0, 0
1849, 420, 0, 0, 0
1949, 330, 0, 0, 0
2049, 440, 0, 0, 0
2149, 400, 0, 0, 0
2249, 320, 0, 0, 0
2349, 290, 0, 0, 0
2449, 370, 0, 0, 0
2549, 380, 0, 0, 0
2649, 360, 0, 0, 0
2749, 370, 0, 0, 0
2849, 290, 0, 0, 0
2949, 440, 0, 0, 0
3049, 300, 0, 0, 0
3150, 290, 0, 0, 0
3249, 343, 0, 0, 0
3349, 420, 0, 0, 0
3449, 280, 0, 0, 0
3549, 390, 0, 0, 0
3649, 330, 0, 0, 0
3749, 330, 0, 0, 0
3849, 260, 0, 0, 0
3949, 320, 0, 0, 0
4049, 360, 0, 0, 0
4149, 270, 0, 0, 0
4249, 340, 0, 0, 0
4349, 290, 0, 0, 0
4449, 340, 0, 0, 0
4549, 370, 0, 0, 0
4649, 310, 0, 0, 0
4750, 340, 0, 0, 0
4850, 360, 0, 0, 0
4950, 350, 0, 0, 0
5050, 360, 0, 0, 0
5150, 410, 0, 0, 0
5249, 424, 0, 0, 0
5349, 350, 0, 0, 0
5449, 320, 0, 0, 0
5549, 360, 0, 0, 0
5649, 330, 0, 0, 0
5749, 320, 0, 0, 0
5849, 310, 0, 0, 0
5949, 290, 0, 0, 0
6049, 390, 0, 0, 0
6150, 370, 0, 0, 0
6249, 313, 0, 0, 0
6349, 330, 0, 0, 0
6449, 280, 0, 0, 0
6549, 270, 0, 0, 0
6649, 380, 0, 0, 0
6749, 320, 0, 0, 0
6849, 370, 0, 0, 0
6949, 360, 0, 0, 0
7049, 390, 0, 0, 0
7149, 350, 0, 0, 0
7249, 310, 0, 0, 0
7349, 400, 0, 0, 0
7449, 350, 0, 0, 0
7549, 330, 0, 0, 0
7649, 380, 0, 0, 0
7750, 340, 0, 0, 0
7850, 400, 0, 0, 0
7950, 360, 0, 0, 0
8050, 300, 0, 0, 0
8150, 370, 0, 0, 0
8249, 363, 0, 0, 0
8349, 340, 0, 0, 0
8449, 320, 0, 0, 0
8549, 330, 0, 0, 0
8649, 410, 0, 0, 0
8749, 430, 0, 0, 0
8849, 400, 0, 0, 0
8949, 360, 0, 0, 0
9049, 350, 0, 0, 0
9149, 340, 0, 0, 0
9249, 390, 0, 0, 0
9349, 290, 0, 0, 0
9450, 350, 0, 0, 0
9550, 390, 0, 0, 0
9650, 410, 0, 0, 0
9749, 343, 0, 0, 0
9849, 300, 0, 0, 0
9949, 360, 0, 0, 0
10049, 400, 0, 0, 0
10149, 330, 0, 0, 0
10249, 390, 0, 0, 0
10349, 290, 0, 0, 0
10449, 360, 0, 0, 0
10549, 360, 0, 0, 0
10649, 320, 0, 0, 0
10749, 340, 0, 0, 0
10849, 380, 0, 0, 0
10949, 400, 0, 0, 0
11049, 350, 0, 0, 0
11149, 350, 0, 0, 0
11250, 250, 0, 0, 0
11350, 330, 0, 0, 0
11450, 310, 0, 0, 0
11550, 310, 0, 0, 0
11650, 390, 0, 0, 0
11749, 282, 0, 0, 0
11849, 390, 0, 0, 0
11949, 330, 0, 0, 0
12049, 360, 0, 0, 0
12149, 340, 0, 0, 0
12249, 260, 0, 0, 0
12349, 310, 0, 0, 0
12449, 330, 0, 0, 0
12549, 330, 0, 0, 0
12649, 300, 0, 0, 0
12749, 280, 0, 0, 0
12850, 330, 0, 0, 0
12950, 420, 0, 0, 0
13050, 360, 0, 0, 0
13150, 370, 0, 0, 0
13249, 333, 0, 0, 0
13349, 290, 0, 0, 0
13449, 300, 0, 0, 0
13549, 360, 0, 0, 0
13649, 310, 0, 0, 0
13749, 450, 0, 0, 0
13849, 310, 0, 0, 0
13949, 390, 0, 0, 0
14049, 350, 0, 0, 0
14149, 360, 0, 0, 0
14249, 290, 0, 0, 0
14350, 220, 0, 0, 0
14450, 350, 0, 0, 0
14550, 310, 0, 0, 0
14650, 290, 0, 0, 0
14749, 363, 0, 0, 0
14849, 370, 0, 0, 0
14949, 340, 0, 0, 0
15049, 370, 0, 0, 0
15149, 300, 0, 0, 0
15249, 310, 0, 0, 0
15349, 400, 0, 0, 0
15449, 440, 0, 0, 0
15549, 380, 0, 0, 0
15649, 460, 0, 0, 0
15750, 320, 0, 0, 0
15850, 340, 0, 0, 0
15950, 270, 0, 0, 0
16050, 330, 0, 0, 0
16150, 290, 0, 0, 0
16249, 393, 0, 0, 0
16349, 360, 0, 0, 0
16449, 350, 0, 0, 0
16549, 340, 0, 0, 0
16649, 320, 0, 0, 0
16749, 390, 0, 0, 0
16849, 320, 0, 0, 0
16949, 260, 0, 0, 0
17049, 360, 0, 0, 0
17149, 320, 0, 0, 0
17250, 290, 0, 0, 0
17350, 350, 0, 0, 0
17450, 360, 0, 0, 0
17550, 290, 0, 0, 0
17650, 300, 0, 0, 0
17749, 282, 0, 0, 0
17849, 360, 0, 0, 0
17949, 320, 0, 0, 0
18049, 290, 0, 0, 0
18149, 340, 0, 0, 0
18249, 350, 0, 0, 0
18349, 290, 0, 0, 0
18449, 310, 0, 0, 0
18549, 320, 0, 0, 0
18650, 300, 0, 0, 0
18749, 393, 0, 0, 0
18849, 360, 0, 0, 0
18949, 370, 0, 0, 0
19049, 240, 0, 0, 0
19149, 380, 0, 0, 0
19249, 350, 0, 0, 0
19349, 280, 0, 0, 0
19449, 310, 0, 0, 0
19549, 370, 0, 0, 0
19649, 370, 0, 0, 0
19749, 300, 0, 0, 0
19849, 290, 0, 0, 0
19949, 280, 0, 0, 0
20050, 310, 0, 0, 0
20150, 320, 0, 0, 0
20249, 343, 0, 0, 0
20349, 310, 0, 0, 0
20449, 240, 0, 0, 0
20549, 390, 0, 0, 0
20649, 290, 0, 0, 0
20749, 400, 0, 0, 0
20849, 420, 0, 0, 0
20949, 350, 0, 0, 0
21049, 300, 0, 0, 0
21149, 360, 0, 0, 0
21249, 390, 0, 0, 0
21350, 390, 0, 0, 0
21450, 300, 0, 0, 0
21550, 370, 0, 0, 0
21650, 360, 0, 0, 0
21749, 373, 0, 0, 0
21849, 410, 0, 0, 0
21949, 290, 0, 0, 0
22049, 290, 0, 0, 0
22149, 330, 0, 0, 0
22249, 400, 0, 0, 0
22349, 350, 0, 0, 0
22449, 280, 0, 0, 0
22549, 320, 0, 0, 0
22649, 320, 0, 0, 0
22750, 340, 0, 0, 0
22850, 240, 0, 0, 0
22950, 380, 0, 0, 0
23050, 290, 0, 0, 0
23150, 310, 0, 0, 0
23249, 373, 0, 0, 0
23349, 400, 0, 0, 0
23449, 290, 0, 0, 0
23549, 320, 0, 0, 0
23649, 310, 0, 0, 0
23749, 330, 0, 0, 0
23849, 300, 0, 0, 0
23949, 360, 0, 0, 0
24049, 370, 0, 0, 0
24149, 340, 0, 0, 0
24250, 370, 0, 0, 0
24350, 320, 0, 0, 0
24450, 400, 0, 0, 0
24550, 390, 0, 0, 0
24650, 360, 0, 0, 0
24749, 303, 0, 0, 0
24849, 370, 0, 0, 0
24949, 350, 0, 0, 0
25049, 320, 0, 0, 0
25149, 300, 0, 0, 0
25249, 330, 0, 0, 0
25349, 360, 0, 0, 0
25449, 330, 0, 0, 0
25549, 330, 0, 0, 0
25649, 330, 0, 0, 0
25750, 330, 0, 0, 0
25850, 310, 0, 0, 0
25950, 330, 0, 0, 0
26050, 340, 0, 0, 0
26150, 330, 0, 0, 0
26249, 373, 0, 0, 0
26349, 350, 0, 0, 0
26449, 330, 0, 0, 0
26549, 350, 0, 0, 0
26649, 300, 0, 0, 0
26749, 340, 0, 0, 0
26849, 330, 0, 0, 0
26949, 260, 0, 0, 0
27049, 300, 0, 0, 0
27149, 330, 0, 0, 0
27250, 410, 0, 0, 0
27350, 330, 0, 0, 0
27450, 410, 0, 0, 0
27550, 320, 0, 0, 0
27650, 420, 0, 0, 0
27749, 303, 0, 0, 0
27849, 380, 0, 0, 0
27949, 350, 0, 0, 0
28049, 390, 0, 0, 0
28149, 320, 0, 0, 0
28249, 300, 0, 0, 0
28349, 320, 0, 0, 0
28449, 420, 0, 0, 0
28550, 330, 0, 0, 0
28650, 310, 0, 0, 0
28749, 424, 0, 0, 0
28849, 310, 0, 0, 0
28949, 450, 0, 0, 0
29049, 340, 0, 0, 0
29149, 330, 0, 0, 0
29249, 330, 0, 0, 0
29349, 360, 0, 0, 0
29449, 310, 0, 0, 0
29549, 380, 0, 0, 0
29649, 250, 0, 0, 0
29749, 310, 0, 0, 0
29849, 370, 0, 0, 0
29950, 340, 0, 0, 0
30050, 370, 0, 0, 0
30150, 290, 0, 0, 0
30249, 303, 0, 0, 0
30349, 350, 0, 0, 0
30449, 360, 0, 0, 0
30549, 310, 0, 0, 0
30649, 400, 0, 0, 0
30749, 340, 0, 0, 0
30849, 390, 0, 0, 0
30949, 290, 0, 0, 0
31049, 380, 0, 0, 0
31149, 260, 0, 0, 0
31250, 320, 0, 0, 0
31350, 370, 0, 0, 0
31450, 340, 0, 0, 0
31550, 320, 0, 0, 0
31650, 370, 0, 0, 0
31749, 393, 0, 0, 0
31849, 400, 0, 0, 0
31949, 340, 0, 0, 0
32049, 340, 0, 0, 0
32149, 280, 0, 0, 0
32249, 380, 0, 0, 0
32349, 350, 0, 0, 0
32449, 380, 0, 0, 0
32549, 240, 0, 0, 0
32649, 360, 0, 0, 0
32749, 330, 0, 0, 0
32850, 270, 0, 0, 0
32950, 300, 0, 0, 0
33050, 310, 0, 0, 0
33150, 330, 0, 0, 0
33249, 272, 0, 0, 0
33349, 330, 0, 0, 0
33449, 340, 0, 0, 0
33549, 350, 0, 0, 0
33649, 380, 0, 0, 0
33749, 370, 0, 0, 0
33849, 340, 0, 0, 0
33949, 350, 0, 0, 0
34049, 380, 0, 0, 0
34149, 260, 0, 0, 0
34250, 310, 0, 0, 0
34350, 330, 0, 0, 0
34450, 330, 0, 0, 0
34550, 330, 0, 0, 0
34650, 330, 0, 0, 0
34749, 292, 0, 0, 0
34849, 350, 0, 0, 0
34949, 340, 0, 0, 0
35049, 360, 0, 0, 0
35149, 330, 0, 0, 0
35249, 390, 0, 0, 0
35349, 280, 0, 0, 0
35449, 310, 0, 0, 0
35550, 370, 0, 0, 0
35650, 440, 0, 0, 0
35749, 343, 0, 0, 0
35849, 340, 0, 0, 0
35949, 310, 0, 0, 0
36049, 370, 0, 0, 0
36149, 300, 0, 0, 0
36249, 330, 0, 0, 0
36349, 350, 0, 0, 0
36449, 400, 0, 0, 0
36549, 290, 0, 0, 0
36649, 340, 0, 0, 0
36749, 300, 0, 0, 0
36849, 340, 0, 0, 0
36950, 220, 0, 0, 0
37050, 270, 0, 0, 0
37150, 330, 0, 0, 0
37249, 323, 0, 0, 0
37349, 330, 0, 0, 0
37449, 300, 0, 0, 0
37549, 330, 0, 0, 0
37649, 370, 0, 0, 0
37749, 300, 0, 0, 0
37849, 350, 0, 0, 0
37949, 250, 0, 0, 0
38049, 250, 0, 0, 0
38149, 370, 0, 0, 0
38249, 330, 0, 0, 0
38349, 340, 0, 0, 0
38449, 360, 0, 0, 0
38549, 270, 0, 0, 0
38650, 230, 0, 0, 0
38750, 260, 0, 0, 0
38850, 310, 0, 0, 0
38950, 290, 0, 0, 0
39050, 350, 0, 0, 0
39150, 480, 0, 0, 0
39249, 303, 0, 0, 0
39349, 310, 0, 0, 0
39449, 340, 0, 0, 0
39549, 280, 0, 0, 0
39649, 340, 0, 0, 0
39749, 340, 0, 0, 0
39849, 320, 0, 0, 0
39949, 340, 0, 0, 0
40049, 330, 0, 0, 0
40149, 350, 0, 0, 0
40249, 290, 0, 0, 0
40349, 400, 0, 0, 0
40450, 420, 0, 0, 0
40550, 350, 0, 0, 0
40650, 370, 0, 0, 0
40749, 292, 0, 0, 0
40849, 320, 0, 0, 0
40949, 350, 0, 0, 0
41049, 350, 0, 0, 0
41149, 410, 0, 0, 0
41249, 290, 0, 0, 0
41349, 340, 0, 0, 0
41449, 280, 0, 0, 0
41549, 360, 0, 0, 0
41649, 350, 0, 0, 0
41749, 400, 0, 0, 0
41849, 300, 0, 0, 0
41950, 340, 0, 0, 0
42050, 370, 0, 0, 0
42150, 240, 0, 0, 0
42249, 303, 0, 0, 0
42349, 360, 0, 0, 0
42449, 310, 0, 0, 0
42549, 330, 0, 0, 0
42649, 280, 0, 0, 0
42749, 320, 0, 0, 0
42849, 350, 0, 0, 0
42949, 350, 0, 0, 0
43049, 350, 0, 0, 0
43149, 280, 0, 0, 0
43250, 330, 0, 0, 0
43350, 320, 0, 0, 0
43450, 290, 0, 0, 0
43550, 310, 0, 0, 0
43650, 260, 0, 0, 0
43749, 323, 0, 0, 0
43849, 260, 0, 0, 0
43949, 340, 0, 0, 0
44049, 350, 0, 0, 0
44149, 280, 0, 0, 0
44249, 310, 0, 0, 0
44349, 340, 0, 0, 0
44449, 280, 0, 0, 0
44550, 340, 0, 0, 0
44650, 280, 0, 0, 0
44749, 323, 0, 0, 0
44849, 310, 0, 0, 0
44949, 330, 0, 0, 0
45049, 290, 0, 0, 0
45149, 320, 0, 0, 0
45249, 320, 0, 0, 0
45349, 330, 0, 0, 0
45449, 290, 0, 0, 0
45549, 360, 0, 0, 0
45649, 340, 0, 0, 0
45749, 280, 0, 0, 0
45850, 300, 0, 0, 0
45950, 290, 0, 0, 0
46050, 340, 0, 0, 0
46150, 310, 0, 0, 0
46249, 333, 0, 0, 0
46349, 230, 0, 0, 0
46449, 320, 0, 0, 0
46549, 350, 0, 0, 0
46649, 310, 0, 0, 0
46749, 290, 0, 0, 0
46849, 280, 0, 0, 0
46949, 340, 0, 0, 0
47049, 320, 0, 0, 0
47149, 340, 0, 0, 0
47249, 320, 0, 0, 0
47349, 300, 0, 0, 0
47449, 340, 0, 0, 0
47550, 330, 0, 0, 0
47650, 310, 0, 0, 0
47749, 232, 0, 0, 0
47849, 300, 0, 0, 0
47949, 350, 0, 0, 0
48049, 290, 0, 0, 0
48149, 300, 0, 0, 0
48249, 310, 0, 0, 0
48349, 290, 0, 0, 0
48449, 270, 0, 0, 0
48549, 260, 0, 0, 0
48649, 330, 0, 0, 0
48749, 290, 0, 0, 0
48849, 370, 0, 0, 0
48949, 290, 0, 0, 0
49050, 270, 0, 0, 0
49150, 270, 0, 0, 0
49249, 333, 0, 0, 0
49349, 300, 0, 0, 0
49449, 300, 0, 0, 0
49549, 360, 0, 0, 0
49649, 290, 0, 0, 0
49749, 270, 0, 0, 0
49849, 250, 0, 0, 0
49949, 310, 0, 0, 0
50049, 300, 0, 0, 0
50149, 340, 0, 0, 0
50249, 310, 0, 0, 0
50349, 310, 0, 0, 0
50449, 390, 0, 0, 0
50549, 380, 0, 0, 0
50650, 330, 0, 0, 0
50749, 282, 0, 0, 0
50849, 340, 0, 0, 0
50949, 300, 0, 0, 0
51049, 270, 0, 0, 0
51149, 290, 0, 0, 0
51249, 340, 0, 0, 0
51349, 300, 0, 0, 0
51449, 380, 0, 0, 0
51549, 220, 0, 0, 0
51649, 380, 0, 0, 0
51749, 420, 0, 0, 0
51849, 310, 0, 0, 0
51949, 310, 0, 0, 0
52049, 380, 0, 0, 0
52150, 300, 0, 0, 0
52249, 353, 0, 0, 0
52349, 330, 0, 0, 0
52449, 300, 0, 0, 0
52549, 380, 0, 0, 0
52649, 320, 0, 0, 0
52749, 350, 0, 0, 0
52849, 310, 0, 0, 0
52949, 350, 0, 0, 0
53049, 300, 0, 0, 0
53149, 340, 0, 0, 0
53249, 310, 0, 0, 0
53349, 300, 0, 0, 0
53449, 310, 0, 0, 0
53549, 330, 0, 0, 0
53650, 320, 0, 0, 0
53750, 260, 0, 0, 0
53850, 270, 0, 0, 0
53950, 320, 0, 0, 0
54050, 310, 0, 0, 0
54150, 360, 0, 0, 0
54249, 333, 0, 0, 0
54349, 300, 0, 0, 0
54449, 310, 0, 0, 0
54549, 360, 0, 0, 0
54649, 360, 0, 0, 0
54749, 350, 0, 0, 0
54849, 310, 0, 0, 0
54949, 390, 0, 0, 0
55049, 360, 0, 0, 0
55149, 320, 0, 0, 0
55250, 310, 0, 0, 0
55350, 260, 0, 0, 0
55450, 290, 0, 0, 0
55550, 340, 0, 0, 0
55650, 280, 0, 0, 0
55749, 303, 0, 0, 0
55849, 370, 0, 0, 0
55949, 240, 0, 0, 0
56049, 300, 0, 0, 0
56149, 290, 0, 0, 0
56249, 300, 0, 0, 0
56349, 320, 0, 0, 0
56449, 290, 0, 0, 0
56549, 310, 0, 0, 0
56649, 290, 0, 0, 0
56749, 340, 0, 0, 0
56850, 360, 0, 0, 0
56950, 390, 0, 0, 0
57050, 350, 0, 0, 0
57150, 320, 0, 0, 0
57249, 262, 0, 0, 0
57349, 330, 0, 0, 0
57449, 290, 0, 0, 0
57549, 330, 0, 0, 0
57649, 320, 0, 0, 0
57749, 340, 0, 0, 0
57849, 370, 0, 0, 0
57949, 250, 0, 0, 0
58049, 320, 0, 0, 0
58149, 220, 0, 0, 0
58250, 340, 0, 0, 0
58350, 350, 0, 0, 0
58450, 340, 0, 0, 0
58550, 320, 0, 0, 0
58650, 310, 0, 0, 0
58749, 373, 0, 0, 0
58849, 290, 0, 0, 0
58949, 320, 0, 0, 0
59049, 280, 0, 0, 0
59149, 300, 0, 0, 0
59249, 330, 0, 0, 0
59349, 320, 0, 0, 0
59449, 310, 0, 0, 0
59549, 330, 0, 0, 0
59649, 330, 0, 0, 0
59750, 260, 0, 0, 0
59850, 310, 0, 0, 0
59950, 300, 0, 0, 0
