100, 5079, 0, 0, 0
200, 5112, 0, 0, 0
300, 5086, 0, 0, 0
400, 4518, 0, 0, 0
500, 4646, 0, 0, 0
600, 4910, 0, 0, 0
700, 5283, 0, 0, 0
800, 5111, 0, 0, 0
901, 5159, 0, 0, 0
1000, 5011, 0, 0, 0
1101, 5149, 0, 0, 0
1200, 5140, 0, 0, 0
1300, 4273, 0, 0, 0
1400, 4726, 0, 0, 0
1500, 4555, 0, 0, 0
1600, 5157, 0, 0, 0
1700, 3657, 0, 0, 0
1800, 4195, 0, 0, 0
1900, 5154, 0, 0, 0
2000, 5193, 0, 0, 0
2101, 5092, 0, 0, 0
2200, 5029, 0, 0, 0
2301, 5010, 0, 0, 0
2400, 4894, 0, 0, 0
2500, 4470, 0, 0, 0
2600, 4818, 0, 0, 0
2701, 5216, 0, 0, 0
2800, 5270, 0, 0, 0
2900, 4716, 0, 0, 0
3000, 5017, 0, 0, 0
3100, 4421, 0, 0, 0
3200, 4561, 0, 0, 0
3301, 4602, 0, 0, 0
3400, 4629, 0, 0, 0
3500, 4818, 0, 0, 0
3600, 4748, 0, 0, 0
3700, 5464, 0, 0, 0
3800, 5094, 0, 0, 0
3900, 5193, 0, 0, 0
4000, 4574, 0, 0, 0
4100, 4821, 0, 0, 0
4200, 4540, 0, 0, 0
4300, 5050, 0, 0, 0
4400, 5296, 0, 0, 0
4500, 5329, 0, 0, 0
4600, 5166, 0, 0, 0
4700, 4766, 0, 0, 0
4801, 4930, 0, 0, 0
4900, 5193, 0, 0, 0
5000, 5062, 0, 0, 0
5100, 4427, 0, 0, 0
5200, 5361, 0, 0, 0
5300, 5363, 0, 0, 0
5400, 5148, 0, 0, 0
5500, 4451, 0, 0, 0
5600, 4559, 0, 0, 0
5700, 5045, 0, 0, 0
5800, 4948, 0, 0, 0
5900, 5355, 0, 0, 0
6000, 5220, 0, 0, 0
6100, 5055, 0, 0, 0
6201, 4774, 0, 0, 0
6300, 5158, 0, 0, 0
6401, 4905, 0, 0, 0
6500, 5357, 0, 0, 0
6600, 5194, 0, 0, 0
6700, 5393, 0, 0, 0
6800, 4895, 0, 0, 0
6900, 4282, 0, 0, 0
7000, 4912, 0, 0, 0
7100, 5098, 0, 0, 0
7200, 4701, 0, 0, 0
7300, 4173, 0, 0, 0
7400, 5268, 0, 0, 0
7500, 5344, 0, 0, 0
7600, 5096, 0, 0, 0
7700, 5059, 0, 0, 0
7800, 5396, 0, 0, 0
7901, 4736, 0, 0, 0
8000, 4651, 0, 0, 0
8100, 4359, 0, 0, 0
8200, 5021, 0, 0, 0
8300, 4476, 0, 0, 0
8400, 4623, 0, 0, 0
8500, 4037, 0, 0, 0
8600, 3998, 0, 0, 0
8700, 4316, 0, 0, 0
8800, 4438, 0, 0, 0
8900, 4590, 0, 0, 0
9000, 4864, 0, 0, 0
9100, 4879, 0, 0, 0
9200, 4544, 0, 0, 0
9300, 4601, 0, 0, 0
9401, 4637, 0, 0, 0
9500, 4771, 0, 0, 0
9600, 4448, 0, 0, 0
9700, 4445, 0, 0, 0
9800, 4789, 0, 0, 0
9900, 4855, 0, 0, 0
10000, 4611, 0, 0, 0
10100, 4336, 0, 0, 0
10201, 3931, 0, 0, 0
10300, 4119, 0, 0, 0
10400, 4367, 0, 0, 0
10500, 4545, 0, 0, 0
10600, 5022, 0, 0, 0
10700, 5076, 0, 0, 0
10800, 4726, 0, 0, 0
10900, 4663, 0, 0, 0
11000, 4472, 0, 0, 0
11100, 4999, 0, 0, 0
11200, 4723, 0, 0, 0
11300, 4634, 0, 0, 0
11400, 4979, 0, 0, 0
11501, 4671, 0, 0, 0
11600, 4364, 0, 0, 0
11700, 4761, 0, 0, 0
11800, 4624, 0, 0, 0
11900, 4576, 0, 0, 0
12000, 4399, 0, 0, 0
12100, 4514, 0, 0, 0
12200, 4374, 0, 0, 0
12300, 5103, 0, 0, 0
12400, 5390, 0, 0, 0
12500, 5383, 0, 0, 0
12600, 5084, 0, 0, 0
12700, 4952, 0, 0, 0
12800, 5329, 0, 0, 0
12900, 5500, 0, 0, 0
13000, 4237, 0, 0, 0
13100, 4417, 0, 0, 0
13200, 4687, 0, 0, 0
13300, 5176, 0, 0, 0
13400, 5220, 0, 0, 0
13500, 4465, 0, 0, 0
13600, 5171, 0, 0, 0
13700, 4784, 0, 0, 0
13800, 4459, 0, 0, 0
13900, 4240, 0, 0, 0
14000, 4332, 0, 0, 0
14100, 4287, 0, 0, 0
14200, 4078, 0, 0, 0
14300, 3905, 0, 0, 0
14400, 4584, 0, 0, 0
14500, 4910, 0, 0, 0
14600, 5035, 0, 0, 0
14701, 4858, 0, 0, 0
14800, 4642, 0, 0, 0
14900, 4047, 0, 0, 0
15000, 4726, 0, 0, 0
15100, 4819, 0, 0, 0
15200, 4890, 0, 0, 0
15300, 4010, 0, 0, 0
15400, 4576, 0, 0, 0
15500, 4698, 0, 0, 0
15600, 4425, 0, 0, 0
15700, 4440, 0, 0, 0
15800, 4622, 0, 0, 0
15900, 5295, 0, 0, 0
16000, 4923, 0, 0, 0
16100, 5185, 0, 0, 0
16200, 5260, 0, 0, 0
16300, 5442, 0, 0, 0
16400, 4717, 0, 0, 0
16500, 4301, 0, 0, 0
16600, 4664, 0, 0, 0
16700, 4571, 0, 0, 0
16800, 4800, 0, 0, 0
16900, 5185, 0, 0, 0
17000, 4757, 0, 0, 0
17100, 5128, 0, 0, 0
17200, 4731, 0, 0, 0
17300, 4704, 0, 0, 0
17400, 5461, 0, 0, 0
17500, 5522, 0, 0, 0
17600, 5753, 0, 0, 0
17700, 5794, 0, 0, 0
17800, 5594, 0, 0, 0
17900, 5501, 0, 0, 0
18000, 5433, 0, 0, 0
18100, 5124, 0, 0, 0
18200, 4608, 0, 0, 0
18300, 5289, 0, 0, 0
18400, 4535, 0, 0, 0
18501, 4146, 0, 0, 0
18600, 4132, 0, 0, 0
18700, 4386, 0, 0, 0
18800, 5233, 0, 0, 0
18900, 5540, 0, 0, 0
19000, 5454, 0, 0, 0
19100, 5452, 0, 0, 0
19200, 5635, 0, 0, 0
19300, 4767, 0, 0, 0
19400, 5389, 0, 0, 0
19500, 5530, 0, 0, 0
19600, 5132, 0, 0, 0
19700, 4592, 0, 0, 0
19800, 5704, 0, 0, 0
19900, 5059, 0, 0, 0
20000, 4970, 0, 0, 0
20100, 5044, 0, 0, 0
20200, 5454, 0, 0, 0
20300, 5508, 0, 0, 0
20400, 5489, 0, 0, 0
20500, 5483, 0, 0, 0
20600, 5255, 0, 0, 0
20700, 5432, 0, 0, 0
20800, 5213, 0, 0, 0
20900, 5325, 0, 0, 0
21000, 5676, 0, 0, 0
21100, 5575, 0, 0, 0
21200, 5303, 0, 0, 0
21300, 5117, 0, 0, 0
21400, 5445, 0, 0, 0
21500, 5166, 0, 0, 0
21600, 5302, 0, 0, 0
21700, 5038, 0, 0, 0
21800, 5318, 0, 0, 0
21900, 5097, 0, 0, 0
22000, 4984, 0, 0, 0
22101, 4891, 0, 0, 0
22200, 5089, 0, 0, 0
22300, 4733, 0, 0, 0
22400, 5028, 0, 0, 0
22500, 4473, 0, 0, 0
22600, 4529, 0, 0, 0
22700, 4767, 0, 0, 0
22801, 5181, 0, 0, 0
22900, 4952, 0, 0, 0
23000, 4740, 0, 0, 0
23101, 5002, 0, 0, 0
23201, 5074, 0, 0, 0
23300, 4540, 0, 0, 0
23400, 5707, 0, 0, 0
23501, 5471, 0, 0, 0
23600, 4672, 0, 0, 0
23701, 5078, 0, 0, 0
23800, 5278, 0, 0, 0
23900, 5060, 0, 0, 0
24000, 5060, 0, 0, 0
24100, 5502, 0, 0, 0
24200, 5510, 0, 0, 0
24300, 5356, 0, 0, 0
24400, 5030, 0, 0, 0
24500, 5025, 0, 0, 0
24600, 5028, 0, 0, 0
24700, 4859, 0, 0, 0
24800, 5042, 0, 0, 0
24900, 5036, 0, 0, 0
25001, 5283, 0, 0, 0
25100, 5809, 0, 0, 0
25200, 5258, 0, 0, 0
25300, 5027, 0, 0, 0
25400, 5038, 0, 0, 0
25500, 5248, 0, 0, 0
25600, 4871, 0, 0, 0
25700, 4809, 0, 0, 0
25800, 4748, 0, 0, 0
25900, 5664, 0, 0, 0
26000, 5259, 0, 0, 0
26100, 5317, 0, 0, 0
26201, 5245, 0, 0, 0
26300, 5224, 0, 0, 0
26401, 4968, 0, 0, 0
26500, 4879, 0, 0, 0
26600, 4588, 0, 0, 0
26700, 4986, 0, 0, 0
26800, 4907, 0, 0, 0
26900, 4722, 0, 0, 0
27000, 4666, 0, 0, 0
27100, 4622, 0, 0, 0
27200, 4807, 0, 0, 0
27301, 5074, 0, 0, 0
27400, 4806, 0, 0, 0
27500, 4634, 0, 0, 0
27600, 4485, 0, 0, 0
27700, 5004, 0, 0, 0
27800, 4831, 0, 0, 0
27900, 5035, 0, 0, 0
28000, 5065, 0, 0, 0
28101, 4546, 0, 0, 0
28200, 5011, 0, 0, 0
28300, 5143, 0, 0, 0
28400, 4957, 0, 0, 0
28500, 5117, 0, 0, 0
28600, 4944, 0, 0, 0
28701, 4830, 0, 0, 0
28800, 4829, 0, 0, 0
28900, 4819, 0, 0, 0
29000, 4739, 0, 0, 0
29100, 4833, 0, 0, 0
29200, 4366, 0, 0, 0
29301, 4170, 0, 0, 0
29400, 4283, 0, 0, 0
29500, 4933, 0, 0, 0
29600, 4843, 0, 0, 0
29700, 4960, 0, 0, 0
29800, 4855, 0, 0, 0
29900, 4598, 0, 0, 0
30000, 4634, 0, 0, 0
30100, 4402, 0, 0, 0
30200, 4928, 0, 0, 0
30300, 4980, 0, 0, 0
30400, 5129, 0, 0, 0
30500, 5153, 0, 0, 0
30600, 4756, 0, 0, 0
30700, 5017, 0, 0, 0
30800, 5246, 0, 0, 0
30900, 5557, 0, 0, 0
31000, 4951, 0, 0, 0
31100, 4341, 0, 0, 0
31200, 4589, 0, 0, 0
31301, 4688, 0, 0, 0
31400, 4608, 0, 0, 0
31501, 4974, 0, 0, 0
31600, 4871, 0, 0, 0
31700, 4280, 0, 0, 0
31800, 4056, 0, 0, 0
31900, 5319, 0, 0, 0
32000, 5227, 0, 0, 0
32100, 4306, 0, 0, 0
32200, 4378, 0, 0, 0
32300, 4822, 0, 0, 0
32400, 5286, 0, 0, 0
32500, 5150, 0, 0, 0
32600, 5164, 0, 0, 0
32700, 5302, 0, 0, 0
32800, 4488, 0, 0, 0
32900, 4521, 0, 0, 0
33001, 4830, 0, 0, 0
33100, 5255, 0, 0, 0
33200, 5258, 0, 0, 0
33300, 5253, 0, 0, 0
33400, 5040, 0, 0, 0
33500, 4696, 0, 0, 0
33600, 4726, 0, 0, 0
33700, 5043, 0, 0, 0
33800, 5078, 0, 0, 0
33900, 4598, 0, 0, 0
34000, 4471, 0, 0, 0
34101, 4560, 0, 0, 0
34201, 4441, 0, 0, 0
34300, 5119, 0, 0, 0
34400, 5205, 0, 0, 0
34500, 5149, 0, 0, 0
34600, 5185, 0, 0, 0
34700, 5340, 0, 0, 0
34800, 5305, 0, 0, 0
34900, 5236, 0, 0, 0
35000, 5164, 0, 0, 0
35101, 5292, 0, 0, 0
35200, 5219, 0, 0, 0
35300, 5281, 0, 0, 0
35400, 5412, 0, 0, 0
35500, 4377, 0, 0, 0
35600, 5305, 0, 0, 0
35700, 5279, 0, 0, 0
35800, 5230, 0, 0, 0
35900, 5186, 0, 0, 0
36000, 5347, 0, 0, 0
36100, 5370, 0, 0, 0
36200, 4095, 0, 0, 0
36300, 4958, 0, 0, 0
36400, 5274, 0, 0, 0
36500, 4509, 0, 0, 0
36600, 5117, 0, 0, 0
36700, 4267, 0, 0, 0
36800, 5296, 0, 0, 0
36900, 5298, 0, 0, 0
37000, 5279, 0, 0, 0
37100, 4873, 0, 0, 0
37200, 4707, 0, 0, 0
37300, 4428, 0, 0, 0
37400, 4130, 0, 0, 0
37500, 4265, 0, 0, 0
37600, 4453, 0, 0, 0
37700, 4476, 0, 0, 0
37800, 4090, 0, 0, 0
37900, 4307, 0, 0, 0
38000, 4464, 0, 0, 0
38100, 5385, 0, 0, 0
38200, 5267, 0, 0, 0
38300, 5320, 0, 0, 0
38400, 4940, 0, 0, 0
38500, 5360, 0, 0, 0
38601, 5303, 0, 0, 0
38700, 5228, 0, 0, 0
38800, 5317, 0, 0, 0
38900, 5371, 0, 0, 0
39000, 5296, 0, 0, 0
39100, 5260, 0, 0, 0
39200, 5325, 0, 0, 0
39300, 5034, 0, 0, 0
39400, 4580, 0, 0, 0
39500, 5005, 0, 0, 0
39600, 4777, 0, 0, 0
39700, 4393, 0, 0, 0
39801, 4712, 0, 0, 0
39900, 4291, 0, 0, 0
40000, 4839, 0, 0, 0
40101, 4588, 0, 0, 0
40200, 5303, 0, 0, 0
40300, 4163, 0, 0, 0
40400, 4943, 0, 0, 0
40501, 5030, 0, 0, 0
40600, 3895, 0, 0, 0
40700, 4011, 0, 0, 0
40800, 4217, 0, 0, 0
40900, 5023, 0, 0, 0
41000, 5194, 0, 0, 0
41100, 4566, 0, 0, 0
41200, 4210, 0, 0, 0
41300, 4705, 0, 0, 0
41400, 4908, 0, 0, 0
41500, 4900, 0, 0, 0
41601, 5001, 0, 0, 0
41700, 5001, 0, 0, 0
41800, 5151, 0, 0, 0
41900, 5157, 0, 0, 0
42001, 5255, 0, 0, 0
42100, 5264, 0, 0, 0
42200, 5187, 0, 0, 0
42301, 4847, 0, 0, 0
42400, 5404, 0, 0, 0
42500, 5043, 0, 0, 0
42600, 5252, 0, 0, 0
42700, 6004, 0, 0, 0
42800, 5417, 0, 0, 0
42900, 5336, 0, 0, 0
43000, 5334, 0, 0, 0
43100, 4996, 0, 0, 0
43200, 5190, 0, 0, 0
43300, 4870, 0, 0, 0
43400, 4835, 0, 0, 0
43500, 5080, 0, 0, 0
43600, 5089, 0, 0, 0
43700, 5162, 0, 0, 0
43800, 4564, 0, 0, 0
43900, 5047, 0, 0, 0
44000, 4516, 0, 0, 0
44100, 5288, 0, 0, 0
44200, 5355, 0, 0, 0
44300, 4543, 0, 0, 0
44400, 5071, 0, 0, 0
44500, 4992, 0, 0, 0
44601, 4649, 0, 0, 0
44700, 4501, 0, 0, 0
44800, 4322, 0, 0, 0
44900, 4477, 0, 0, 0
45001, 4908, 0, 0, 0
45100, 5367, 0, 0, 0
45200, 5469, 0, 0, 0
45300, 5448, 0, 0, 0
45400, 5408, 0, 0, 0
45500, 5022, 0, 0, 0
45600, 4517, 0, 0, 0
45700, 4168, 0, 0, 0
45800, 4060, 0, 0, 0
45900, 4278, 0, 0, 0
46001, 4861, 0, 0, 0
46100, 4996, 0, 0, 0
46200, 4787, 0, 0, 0
46300, 4784, 0, 0, 0
46400, 4723, 0, 0, 0
46500, 4809, 0, 0, 0
46601, 4602, 0, 0, 0
46700, 4674, 0, 0, 0
46800, 4726, 0, 0, 0
46900, 4762, 0, 0, 0
47000, 4744, 0, 0, 0
47100, 4098, 0, 0, 0
47200, 4263, 0, 0, 0
47300, 4551, 0, 0, 0
47400, 4844, 0, 0, 0
47500, 4770, 0, 0, 0
47600, 4932, 0, 0, 0
47700, 4895, 0, 0, 0
47800, 4455, 0, 0, 0
47900, 4782, 0, 0, 0
48000, 4951, 0, 0, 0
48100, 4971, 0, 0, 0
48200, 4201, 0, 0, 0
48300, 4679, 0, 0, 0
48401, 4738, 0, 0, 0
48500, 4895, 0, 0, 0
48600, 4910, 0, 0, 0
48700, 4893, 0, 0, 0
48800, 4556, 0, 0, 0
48901, 4590, 0, 0, 0
49000, 4616, 0, 0, 0
49100, 4584, 0, 0, 0
49200, 4449, 0, 0, 0
49300, 4421, 0, 0, 0
49400, 4939, 0, 0, 0
49500, 4297, 0, 0, 0
49600, 4743, 0, 0, 0
49700, 4974, 0, 0, 0
49800, 4667, 0, 0, 0
49900, 4755, 0, 0, 0
50000, 4076, 0, 0, 0
50100, 4375, 0, 0, 0
50200, 4580, 0, 0, 0
50300, 4804, 0, 0, 0
50400, 5223, 0, 0, 0
50500, 4997, 0, 0, 0
50600, 4795, 0, 0, 0
50700, 4473, 0, 0, 0
50800, 4888, 0, 0, 0
50900, 4367, 0, 0, 0
51000, 4221, 0, 0, 0
51101, 5087, 0, 0, 0
51200, 4392, 0, 0, 0
51300, 4658, 0, 0, 0
51400, 4984, 0, 0, 0
51500, 5236, 0, 0, 0
51600, 4466, 0, 0, 0
51700, 4421, 0, 0, 0
51800, 5257, 0, 0, 0
51900, 5226, 0, 0, 0
52000, 4813, 0, 0, 0
52100, 4507, 0, 0, 0
52201, 4882, 0, 0, 0
52300, 4816, 0, 0, 0
52400, 5133, 0, 0, 0
52500, 4624, 0, 0, 0
52600, 4601, 0, 0, 0
52700, 4592, 0, 0, 0
52800, 5061, 0, 0, 0
52900, 4966, 0, 0, 0
53000, 5051, 0, 0, 0
53100, 4693, 0, 0, 0
53200, 4943, 0, 0, 0
53300, 5001, 0, 0, 0
53401, 4875, 0, 0, 0
53500, 4679, 0, 0, 0
53600, 4692, 0, 0, 0
53701, 4728, 0, 0, 0
53800, 4570, 0, 0, 0
53900, 4369, 0, 0, 0
54000, 4549, 0, 0, 0
54100, 4442, 0, 0, 0
54200, 4446, 0, 0, 0
54300, 4469, 0, 0, 0
54400, 4669, 0, 0, 0
54500, 4798, 0, 0, 0
54600, 4610, 0, 0, 0
54700, 4449, 0, 0, 0
54800, 4817, 0, 0, 0
54900, 4517, 0, 0, 0
55000, 5056, 0, 0, 0
55100, 5391, 0, 0, 0
55200, 4779, 0, 0, 0
55300, 5006, 0, 0, 0
55400, 5580, 0, 0, 0
55500, 5548, 0, 0, 0
55600, 5532, 0, 0, 0
55700, 5175, 0, 0, 0
55800, 4665, 0, 0, 0
55901, 5186, 0, 0, 0
56000, 5207, 0, 0, 0
56100, 4926, 0, 0, 0
56200, 4603, 0, 0, 0
56300, 5123, 0, 0, 0
56400, 5638, 0, 0, 0
56500, 5331, 0, 0, 0
56600, 5646, 0, 0, 0
56700, 5705, 0, 0, 0
56800, 5537, 0, 0, 0
56900, 5711, 0, 0, 0
57000, 5478, 0, 0, 0
57100, 5232, 0, 0, 0
57201, 5152, 0, 0, 0
57300, 5513, 0, 0, 0
57400, 4993, 0, 0, 0
57500, 5027, 0, 0, 0
57600, 5338, 0, 0, 0
57700, 5129, 0, 0, 0
57801, 4915, 0, 0, 0
57901, 5567, 0, 0, 0
58000, 5427, 0, 0, 0
58100, 5527, 0, 0, 0
58200, 5208, 0, 0, 0
58300, 5467, 0, 0, 0
58400, 4881, 0, 0, 0
58500, 4099, 0, 0, 0
58600, 4726, 0, 0, 0
58700, 4531, 0, 0, 0
58800, 4502, 0, 0, 0
58900, 4954, 0, 0, 0
59000, 4702, 0, 0, 0
59100, 4663, 0, 0, 0
59200, 4828, 0, 0, 0
59300, 4455, 0, 0, 0
59400, 4995, 0, 0, 0
59501, 4963, 0, 0, 0
59600, 4621, 0, 0, 0
59700, 3982, 0, 0, 0
59800, 4779, 0, 0, 0
59900, 4925, 0, 0, 0
60000, 4186, 0, 0, 0
60100, 4805, 0, 0, 0
60200, 4816, 0, 0, 0
60300, 4902, 0, 0, 0
60400, 4907, 0, 0, 0
60500, 4802, 0, 0, 0
60600, 5027, 0, 0, 0
60700, 5024, 0, 0, 0
60800, 5044, 0, 0, 0
60900, 5006, 0, 0, 0
61000, 5230, 0, 0, 0
61100, 4656, 0, 0, 0
61200, 4637, 0, 0, 0
61300, 4836, 0, 0, 0
61400, 4614, 0, 0, 0
61500, 4918, 0, 0, 0
61600, 4953, 0, 0, 0
61700, 5037, 0, 0, 0
61800, 4215, 0, 0, 0
61901, 4986, 0, 0, 0
62000, 5068, 0, 0, 0
62100, 5054, 0, 0, 0
62200, 4958, 0, 0, 0
62300, 5134, 0, 0, 0
62400, 5445, 0, 0, 0
62500, 4919, 0, 0, 0
62600, 5101, 0, 0, 0
62700, 4780, 0, 0, 0
62800, 4746, 0, 0, 0
62900, 5297, 0, 0, 0
63000, 5535, 0, 0, 0
63100, 5304, 0, 0, 0
63200, 5177, 0, 0, 0
63300, 5583, 0, 0, 0
63400, 5288, 0, 0, 0
63500, 5330, 0, 0, 0
63600, 5077, 0, 0, 0
63700, 5258, 0, 0, 0
63800, 5241, 0, 0, 0
63900, 5446, 0, 0, 0
64000, 5122, 0, 0, 0
64100, 4945, 0, 0, 0
64200, 4489, 0, 0, 0
64300, 4863, 0, 0, 0
64400, 4589, 0, 0, 0
64500, 4988, 0, 0, 0
64600, 4946, 0, 0, 0
64701, 4917, 0, 0, 0
64800, 3942, 0, 0, 0
64900, 3785, 0, 0, 0
65000, 4382, 0, 0, 0
65100, 5027, 0, 0, 0
65201, 4902, 0, 0, 0
65300, 4433, 0, 0, 0
65400, 5222, 0, 0, 0
65500, 4153, 0, 0, 0
65600, 4156, 0, 0, 0
65700, 5190, 0, 0, 0
65800, 5263, 0, 0, 0
65900, 4974, 0, 0, 0
66000, 5350, 0, 0, 0
66100, 5131, 0, 0, 0
66201, 4916, 0, 0, 0
66300, 4636, 0, 0, 0
66400, 4988, 0, 0, 0
66500, 5071, 0, 0, 0
66600, 5124, 0, 0, 0
66700, 5287, 0, 0, 0
66800, 4801, 0, 0, 0
66900, 5238, 0, 0, 0
67000, 5085, 0, 0, 0
67100, 4623, 0, 0, 0
67200, 4823, 0, 0, 0
67300, 4302, 0, 0, 0
67400, 4852, 0, 0, 0
67500, 5033, 0, 0, 0
67600, 3842, 0, 0, 0
67700, 4362, 0, 0, 0
67800, 5276, 0, 0, 0
67900, 5071, 0, 0, 0
68000, 5064, 0, 0, 0
68101, 5430, 0, 0, 0
68200, 5610, 0, 0, 0
68300, 5231, 0, 0, 0
68400, 5171, 0, 0, 0
68500, 5025, 0, 0, 0
68600, 5391, 0, 0, 0
68700, 5465, 0, 0, 0
68800, 5173, 0, 0, 0
68900, 5006, 0, 0, 0
69000, 5254, 0, 0, 0
69101, 5108, 0, 0, 0
69200, 5198, 0, 0, 0
69300, 5136, 0, 0, 0
69401, 5425, 0, 0, 0
69500, 5277, 0, 0, 0
69600, 5410, 0, 0, 0
69700, 5264, 0, 0, 0
69800, 5237, 0, 0, 0
69901, 5236, 0, 0, 0
70000, 4936, 0, 0, 0
70101, 5312, 0, 0, 0
70200, 5054, 0, 0, 0
70300, 4998, 0, 0, 0
70400, 4709, 0, 0, 0
70500, 4873, 0, 0, 0
70600, 4903, 0, 0, 0
70700, 4946, 0, 0, 0
70800, 4956, 0, 0, 0
70900, 5143, 0, 0, 0
71000, 5172, 0, 0, 0
71101, 5123, 0, 0, 0
71200, 5028, 0, 0, 0
71300, 4988, 0, 0, 0
71400, 4570, 0, 0, 0
71500, 4422, 0, 0, 0
71600, 4252, 0, 0, 0
71700, 4929, 0, 0, 0
71800, 4906, 0, 0, 0
71900, 4689, 0, 0, 0
72000, 5106, 0, 0, 0
72100, 5184, 0, 0, 0
72200, 5227, 0, 0, 0
72300, 5187, 0, 0, 0
72400, 5066, 0, 0, 0
72500, 4639, 0, 0, 0
72600, 4505, 0, 0, 0
72700, 4536, 0, 0, 0
72801, 4580, 0, 0, 0
72900, 4476, 0, 0, 0
73000, 4710, 0, 0, 0
73100, 4733, 0, 0, 0
73200, 5127, 0, 0, 0
73300, 5068, 0, 0, 0
73400, 4879, 0, 0, 0
73500, 5372, 0, 0, 0
73601, 5006, 0, 0, 0
73700, 5210, 0, 0, 0
73800, 4971, 0, 0, 0
73900, 5109, 0, 0, 0
74000, 5126, 0, 0, 0
74100, 5192, 0, 0, 0
74200, 5335, 0, 0, 0
74300, 5111, 0, 0, 0
74400, 4937, 0, 0, 0
74500, 5096, 0, 0, 0
74600, 5317, 0, 0, 0
74700, 5174, 0, 0, 0
74800, 4721, 0, 0, 0
74900, 5059, 0, 0, 0
75000, 5106, 0, 0, 0
75100, 4472, 0, 0, 0
75200, 4576, 0, 0, 0
75300, 4489, 0, 0, 0
75400, 4732, 0, 0, 0
75500, 4823, 0, 0, 0
75600, 4873, 0, 0, 0
75700, 4896, 0, 0, 0
75800, 4453, 0, 0, 0
75900, 4920, 0, 0, 0
76000, 5015, 0, 0, 0
76100, 4744, 0, 0, 0
76200, 5006, 0, 0, 0
76300, 5067, 0, 0, 0
76400, 5165, 0, 0, 0
76500, 5144, 0, 0, 0
76600, 4856, 0, 0, 0
76700, 5125, 0, 0, 0
76800, 4304, 0, 0, 0
76900, 5123, 0, 0, 0
77000, 5025, 0, 0, 0
77100, 5197, 0, 0, 0
77200, 5106, 0, 0, 0
77300, 5103, 0, 0, 0
77400, 4923, 0, 0, 0
77500, 5173, 0, 0, 0
77600, 4971, 0, 0, 0
77700, 5101, 0, 0, 0
77800, 5050, 0, 0, 0
77901, 4952, 0, 0, 0
78000, 4670, 0, 0, 0
78100, 4784, 0, 0, 0
78200, 4265, 0, 0, 0
78301, 4911, 0, 0, 0
78400, 4528, 0, 0, 0
78500, 5001, 0, 0, 0
78601, 4351, 0, 0, 0
78701, 4500, 0, 0, 0
78800, 4288, 0, 0, 0
78900, 4340, 0, 0, 0
79000, 4332, 0, 0, 0
79101, 4709, 0, 0, 0
79201, 4674, 0, 0, 0
79300, 4502, 0, 0, 0
79400, 4307, 0, 0, 0
79500, 4922, 0, 0, 0
79600, 5043, 0, 0, 0
79700, 5088, 0, 0, 0
79800, 4234, 0, 0, 0
79900, 4845, 0, 0, 0
80000, 5146, 0, 0, 0
80100, 4577, 0, 0, 0
80200, 4624, 0, 0, 0
80300, 4813, 0, 0, 0
80400, 4772, 0, 0, 0
80501, 4338, 0, 0, 0
80600, 4463, 0, 0, 0
80700, 4534, 0, 0, 0
80800, 5516, 0, 0, 0
80900, 5264, 0, 0, 0
81000, 5280, 0, 0, 0
81100, 5386, 0, 0, 0
81200, 5037, 0, 0, 0
81300, 5264, 0, 0, 0
81400, 5157, 0, 0, 0
81501, 5285, 0, 0, 0
81600, 5144, 0, 0, 0
81700, 5298, 0, 0, 0
81800, 4694, 0, 0, 0
81900, 5244, 0, 0, 0
82000, 5106, 0, 0, 0
82100, 5212, 0, 0, 0
82200, 4659, 0, 0, 0
82300, 4823, 0, 0, 0
82400, 5290, 0, 0, 0
82500, 4827, 0, 0, 0
82600, 4966, 0, 0, 0
82700, 4783, 0, 0, 0
82801, 5127, 0, 0, 0
82900, 4937, 0, 0, 0
83000, 4901, 0, 0, 0
83100, 5172, 0, 0, 0
83200, 4796, 0, 0, 0
83300, 4951, 0, 0, 0
83400, 5205, 0, 0, 0
83500, 4682, 0, 0, 0
83600, 5075, 0, 0, 0
83700, 5129, 0, 0, 0
83800, 4851, 0, 0, 0
83900, 5370, 0, 0, 0
84000, 5478, 0, 0, 0
84100, 5308, 0, 0, 0
84200, 5413, 0, 0, 0
84300, 5321, 0, 0, 0
84400, 4936, 0, 0, 0
84500, 5515, 0, 0, 0
84600, 5497, 0, 0, 0
84700, 5358, 0, 0, 0
84800, 5431, 0, 0, 0
84900, 5319, 0, 0, 0
85000, 4956, 0, 0, 0
85100, 5023, 0, 0, 0
85200, 5156, 0, 0, 0
85300, 5057, 0, 0, 0
85400, 5008, 0, 0, 0
85500, 4671, 0, 0, 0
85600, 4761, 0, 0, 0
85700, 4286, 0, 0, 0
85800, 4332, 0, 0, 0
85900, 5040, 0, 0, 0
86000, 4700, 0, 0, 0
86100, 4119, 0, 0, 0
86200, 5077, 0, 0, 0
86300, 4877, 0, 0, 0
86400, 5162, 0, 0, 0
86500, 5171, 0, 0, 0
86600, 5090, 0, 0, 0
86700, 5143, 0, 0, 0
86800, 5114, 0, 0, 0
86900, 4413, 0, 0, 0
87000, 5190, 0, 0, 0
87100, 5371, 0, 0, 0
87201, 4172, 0, 0, 0
87300, 4388, 0, 0, 0
87400, 3941, 0, 0, 0
87500, 3949, 0, 0, 0
87600, 3984, 0, 0, 0
87700, 4072, 0, 0, 0
87800, 4581, 0, 0, 0
87900, 5090, 0, 0, 0
88000, 5152, 0, 0, 0
88100, 5165, 0, 0, 0
88200, 5159, 0, 0, 0
88300, 4838, 0, 0, 0
88400, 5030, 0, 0, 0
88501, 4975, 0, 0, 0
88600, 5031, 0, 0, 0
88700, 4902, 0, 0, 0
88800, 4498, 0, 0, 0
88900, 4639, 0, 0, 0
89000, 4832, 0, 0, 0
89100, 4795, 0, 0, 0
89200, 4860, 0, 0, 0
89300, 4969, 0, 0, 0
89400, 4983, 0, 0, 0
89500, 5047, 0, 0, 0
89600, 4911, 0, 0, 0
89700, 4050, 0, 0, 0
89800, 4161, 0, 0, 0
89900, 4977, 0, 0, 0
90000, 4688, 0, 0, 0
90101, 4429, 0, 0, 0
90201, 4602, 0, 0, 0
90300, 4474, 0, 0, 0
90400, 3584, 0, 0, 0
90500, 4335, 0, 0, 0
90600, 4177, 0, 0, 0
90700, 4172, 0, 0, 0
90800, 4252, 0, 0, 0
90900, 4584, 0, 0, 0
91000, 5290, 0, 0, 0
91100, 5147, 0, 0, 0
91200, 5476, 0, 0, 0
91300, 5237, 0, 0, 0
91400, 4946, 0, 0, 0
91500, 5065, 0, 0, 0
91600, 5237, 0, 0, 0
91700, 4927, 0, 0, 0
91800, 4890, 0, 0, 0
91900, 5139, 0, 0, 0
92000, 4586, 0, 0, 0
92100, 4345, 0, 0, 0
92200, 3940, 0, 0, 0
92300, 4869, 0, 0, 0
92400, 4938, 0, 0, 0
92500, 5127, 0, 0, 0
92600, 4344, 0, 0, 0
92700, 5101, 0, 0, 0
92800, 4692, 0, 0, 0
92900, 5311, 0, 0, 0
93000, 4896, 0, 0, 0
93100, 5082, 0, 0, 0
93201, 5064, 0, 0, 0
93300, 4929, 0, 0, 0
93401, 5023, 0, 0, 0
93500, 4962, 0, 0, 0
93600, 5207, 0, 0, 0
93700, 4782, 0, 0, 0
93800, 5136, 0, 0, 0
93900, 5074, 0, 0, 0
94000, 5068, 0, 0, 0
94100, 5022, 0, 0, 0
94200, 5109, 0, 0, 0
94300, 5192, 0, 0, 0
94400, 5079, 0, 0, 0
94500, 5167, 0, 0, 0
94600, 4857, 0, 0, 0
94700, 4665, 0, 0, 0
94800, 4262, 0, 0, 0
94900, 4707, 0, 0, 0
95000, 4983, 0, 0, 0
95100, 5071, 0, 0, 0
95200, 5059, 0, 0, 0
95300, 4975, 0, 0, 0
95400, 5291, 0, 0, 0
95500, 4829, 0, 0, 0
95600, 4918, 0, 0, 0
95700, 5372, 0, 0, 0
95800, 5009, 0, 0, 0
95900, 4795, 0, 0, 0
96000, 5098, 0, 0, 0
96100, 5218, 0, 0, 0
96200, 4731, 0, 0, 0
96300, 4702, 0, 0, 0
96400, 5327, 0, 0, 0
96500, 4971, 0, 0, 0
96600, 4409, 0, 0, 0
96700, 4879, 0, 0, 0
96800, 5372, 0, 0, 0
96900, 5153, 0, 0, 0
97000, 5061, 0, 0, 0
97100, 4642, 0, 0, 0
97200, 4709, 0, 0, 0
97300, 4610, 0, 0, 0
97400, 4622, 0, 0, 0
97500, 4821, 0, 0, 0
97600, 4820, 0, 0, 0
97700, 4609, 0, 0, 0
97800, 4334, 0, 0, 0
97900, 4605, 0, 0, 0
98001, 4607, 0, 0, 0
98100, 4389, 0, 0, 0
98200, 4398, 0, 0, 0
98300, 4549, 0, 0, 0
98400, 4495, 0, 0, 0
98500, 3946, 0, 0, 0
98600, 4808, 0, 0, 0
98700, 5116, 0, 0, 0
98800, 4702, 0, 0, 0
98900, 4331, 0, 0, 0
99000, 5186, 0, 0, 0
99100, 4780, 0, 0, 0
99200, 4394, 0, 0, 0
99301, 5157, 0, 0, 0
99400, 5151, 0, 0, 0
99500, 5008, 0, 0, 0
99600, 5004, 0, 0, 0
99701, 3733, 0, 0, 0
99800, 4225, 0, 0, 0
99900, 5266, 0, 0, 0
100000, 5021, 0, 0, 0
100100, 4948, 0, 0, 0
100200, 5250, 0, 0, 0
100300, 5031, 0, 0, 0
100400, 5151, 0, 0, 0
100500, 4973, 0, 0, 0
100600, 5185, 0, 0, 0
100700, 5201, 0, 0, 0
100800, 5345, 0, 0, 0
100900, 5145, 0, 0, 0
101000, 5256, 0, 0, 0
101100, 4939, 0, 0, 0
101200, 4895, 0, 0, 0
101300, 4878, 0, 0, 0
101400, 4943, 0, 0, 0
101500, 4913, 0, 0, 0
101600, 4393, 0, 0, 0
101700, 4836, 0, 0, 0
101800, 5551, 0, 0, 0
101900, 5657, 0, 0, 0
102000, 5513, 0, 0, 0
102100, 5460, 0, 0, 0
102200, 5373, 0, 0, 0
102300, 4561, 0, 0, 0
102400, 5537, 0, 0, 0
102501, 5596, 0, 0, 0
102600, 5413, 0, 0, 0
102700, 5208, 0, 0, 0
102800, 4162, 0, 0, 0
102900, 4586, 0, 0, 0
103000, 4652, 0, 0, 0
103100, 4360, 0, 0, 0
103200, 4943, 0, 0, 0
103300, 4814, 0, 0, 0
103400, 4889, 0, 0, 0
103500, 4763, 0, 0, 0
103600, 4740, 0, 0, 0
103700, 4768, 0, 0, 0
103800, 5006, 0, 0, 0
103900, 5523, 0, 0, 0
104001, 5475, 0, 0, 0
104100, 5082, 0, 0, 0
104200, 4836, 0, 0, 0
104300, 5067, 0, 0, 0
104400, 4754, 0, 0, 0
104500, 4615, 0, 0, 0
104600, 4972, 0, 0, 0
104700, 5116, 0, 0, 0
104800, 4996, 0, 0, 0
104900, 4917, 0, 0, 0
105000, 5140, 0, 0, 0
105100, 5055, 0, 0, 0
105201, 4824, 0, 0, 0
105301, 4182, 0, 0, 0
105400, 4084, 0, 0, 0
105500, 4824, 0, 0, 0
105600, 5108, 0, 0, 0
105700, 5362, 0, 0, 0
105800, 5214, 0, 0, 0
105900, 5524, 0, 0, 0
106000, 5520, 0, 0, 0
106100, 5137, 0, 0, 0
106200, 5086, 0, 0, 0
106300, 5726, 0, 0, 0
106400, 5175, 0, 0, 0
106500, 4752, 0, 0, 0
106600, 5020, 0, 0, 0
106701, 5654, 0, 0, 0
106800, 5656, 0, 0, 0
106901, 5771, 0, 0, 0
107000, 5251, 0, 0, 0
107100, 5774, 0, 0, 0
107200, 5255, 0, 0, 0
107300, 5189, 0, 0, 0
107400, 5163, 0, 0, 0
107500, 5112, 0, 0, 0
107600, 4558, 0, 0, 0
107700, 4943, 0, 0, 0
107800, 5511, 0, 0, 0
107900, 5814, 0, 0, 0
108000, 5542, 0, 0, 0
108100, 5154, 0, 0, 0
108200, 4869, 0, 0, 0
108300, 4862, 0, 0, 0
108400, 5491, 0, 0, 0
108500, 5185, 0, 0, 0
108600, 5645, 0, 0, 0
108700, 3981, 0, 0, 0
108800, 4271, 0, 0, 0
108900, 4880, 0, 0, 0
109000, 4838, 0, 0, 0
109100, 4905, 0, 0, 0
109200, 5244, 0, 0, 0
109301, 5025, 0, 0, 0
109400, 4800, 0, 0, 0
109500, 4690, 0, 0, 0
109600, 4457, 0, 0, 0
109700, 4277, 0, 0, 0
109800, 4424, 0, 0, 0
109900, 4890, 0, 0, 0
110001, 4895, 0, 0, 0
110100, 5063, 0, 0, 0
110201, 5179, 0, 0, 0
110300, 4856, 0, 0, 0
110400, 4967, 0, 0, 0
110500, 5055, 0, 0, 0
110600, 5250, 0, 0, 0
110700, 5441, 0, 0, 0
110800, 5643, 0, 0, 0
110900, 5845, 0, 0, 0
111000, 5825, 0, 0, 0
111101, 5486, 0, 0, 0
111201, 5319, 0, 0, 0
111300, 5184, 0, 0, 0
111400, 5112, 0, 0, 0
111500, 5641, 0, 0, 0
111600, 5643, 0, 0, 0
111700, 5768, 0, 0, 0
111800, 5269, 0, 0, 0
111900, 5200, 0, 0, 0
112000, 5063, 0, 0, 0
112100, 5255, 0, 0, 0
112200, 4822, 0, 0, 0
112300, 5336, 0, 0, 0
112400, 5678, 0, 0, 0
112500, 5852, 0, 0, 0
112600, 5160, 0, 0, 0
112700, 5125, 0, 0, 0
112800, 5136, 0, 0, 0
112900, 5168, 0, 0, 0
113000, 5140, 0, 0, 0
113100, 4754, 0, 0, 0
113200, 4516, 0, 0, 0
113300, 4853, 0, 0, 0
113400, 5139, 0, 0, 0
113500, 5308, 0, 0, 0
113600, 5231, 0, 0, 0
113700, 5218, 0, 0, 0
113800, 5130, 0, 0, 0
113900, 5232, 0, 0, 0
114000, 5608, 0, 0, 0
114100, 5383, 0, 0, 0
114200, 5311, 0, 0, 0
114300, 5349, 0, 0, 0
114400, 5204, 0, 0, 0
114500, 5416, 0, 0, 0
114600, 5280, 0, 0, 0
114700, 4685, 0, 0, 0
114801, 5406, 0, 0, 0
114900, 4510, 0, 0, 0
115000, 5684, 0, 0, 0
115101, 4556, 0, 0, 0
115200, 5167, 0, 0, 0
115300, 4917, 0, 0, 0
115400, 4882, 0, 0, 0
115500, 5626, 0, 0, 0
115600, 5282, 0, 0, 0
115701, 4947, 0, 0, 0
115800, 5194, 0, 0, 0
115900, 5340, 0, 0, 0
116000, 5613, 0, 0, 0
116100, 5338, 0, 0, 0
116200, 4860, 0, 0, 0
116300, 4301, 0, 0, 0
116400, 4737, 0, 0, 0
116500, 5031, 0, 0, 0
116600, 4792, 0, 0, 0
116700, 5233, 0, 0, 0
116800, 5374, 0, 0, 0
116901, 5041, 0, 0, 0
117000, 5249, 0, 0, 0
117100, 5155, 0, 0, 0
117200, 5339, 0, 0, 0
117300, 5214, 0, 0, 0
117400, 5147, 0, 0, 0
117500, 5290, 0, 0, 0
117600, 5003, 0, 0, 0
117700, 5343, 0, 0, 0
117800, 5105, 0, 0, 0
117900, 5217, 0, 0, 0
118000, 5235, 0, 0, 0
118100, 5344, 0, 0, 0
118200, 5233, 0, 0, 0
118300, 4923, 0, 0, 0
118400, 5832, 0, 0, 0
118500, 4802, 0, 0, 0
118600, 4723, 0, 0, 0
118700, 5261, 0, 0, 0
118800, 5157, 0, 0, 0
118900, 5370, 0, 0, 0
119000, 5291, 0, 0, 0
119100, 5183, 0, 0, 0
119200, 5218, 0, 0, 0
119300, 5064, 0, 0, 0
119400, 5371, 0, 0, 0
119500, 4859, 0, 0, 0
119600, 5291, 0, 0, 0
119700, 5124, 0, 0, 0
119800, 4997, 0, 0, 0
119900, 4716, 0, 0, 0
120000, 4621, 0, 0, 0
120100, 4830, 0, 0, 0
120200, 4170, 0, 0, 0
120300, 4605, 0, 0, 0
120400, 4355, 0, 0, 0
120500, 5149, 0, 0, 0
120600, 4962, 0, 0, 0
120700, 5069, 0, 0, 0
120800, 4740, 0, 0, 0
120900, 4850, 0, 0, 0
121000, 4662, 0, 0, 0
121100, 4953, 0, 0, 0
121200, 4293, 0, 0, 0
121300, 4768, 0, 0, 0
121400, 4662, 0, 0, 0
121500, 4334, 0, 0, 0
121600, 4827, 0, 0, 0
121701, 4889, 0, 0, 0
121800, 4904, 0, 0, 0
121900, 5000, 0, 0, 0
122000, 5060, 0, 0, 0
122100, 4841, 0, 0, 0
122200, 4684, 0, 0, 0
122300, 4534, 0, 0, 0
122400, 5400, 0, 0, 0
122500, 5079, 0, 0, 0
122600, 5020, 0, 0, 0
122700, 4835, 0, 0, 0
122800, 5402, 0, 0, 0
122900, 5297, 0, 0, 0
123000, 4582, 0, 0, 0
123100, 4324, 0, 0, 0
123200, 4228, 0, 0, 0
123300, 4736, 0, 0, 0
123400, 5069, 0, 0, 0
123500, 5197, 0, 0, 0
123600, 4549, 0, 0, 0
123700, 4982, 0, 0, 0
123800, 5218, 0, 0, 0
123900, 5010, 0, 0, 0
124000, 5049, 0, 0, 0
124100, 5268, 0, 0, 0
124200, 4239, 0, 0, 0
124300, 4415, 0, 0, 0
124401, 4494, 0, 0, 0
124500, 4912, 0, 0, 0
124600, 4910, 0, 0, 0
124701, 3874, 0, 0, 0
124800, 4043, 0, 0, 0
124900, 4131, 0, 0, 0
125000, 4712, 0, 0, 0
125100, 4822, 0, 0, 0
125200, 4402, 0, 0, 0
125300, 4351, 0, 0, 0
125400, 5121, 0, 0, 0
125500, 4770, 0, 0, 0
125600, 5282, 0, 0, 0
125700, 5507, 0, 0, 0
125800, 5091, 0, 0, 0
125900, 4972, 0, 0, 0
126000, 5437, 0, 0, 0
126100, 5501, 0, 0, 0
126200, 5353, 0, 0, 0
126300, 5177, 0, 0, 0
126400, 4949, 0, 0, 0
126500, 5104, 0, 0, 0
126600, 5308, 0, 0, 0
126700, 5408, 0, 0, 0
126800, 4703, 0, 0, 0
126900, 4544, 0, 0, 0
127000, 5453, 0, 0, 0
127100, 5370, 0, 0, 0
127200, 5076, 0, 0, 0
127300, 5463, 0, 0, 0
127400, 5103, 0, 0, 0
127500, 4882, 0, 0, 0
127600, 5103, 0, 0, 0
127700, 5146, 0, 0, 0
127800, 5140, 0, 0, 0
127900, 4854, 0, 0, 0
128000, 4761, 0, 0, 0
128100, 5027, 0, 0, 0
128200, 4282, 0, 0, 0
128300, 4330, 0, 0, 0
128400, 4467, 0, 0, 0
128500, 4525, 0, 0, 0
128600, 4497, 0, 0, 0
128700, 4565, 0, 0, 0
128800, 4587, 0, 0, 0
128900, 4357, 0, 0, 0
129001, 4453, 0, 0, 0
129100, 4258, 0, 0, 0
129201, 4387, 0, 0, 0
129300, 4339, 0, 0, 0
129400, 4528, 0, 0, 0
129500, 4552, 0, 0, 0
129600, 4595, 0, 0, 0
129700, 4176, 0, 0, 0
129800, 4414, 0, 0, 0
129900, 4815, 0, 0, 0
130000, 4007, 0, 0, 0
130100, 4318, 0, 0, 0
130200, 4829, 0, 0, 0
130300, 4907, 0, 0, 0
130400, 4610, 0, 0, 0
130500, 4786, 0, 0, 0
130600, 5061, 0, 0, 0
130700, 5039, 0, 0, 0
130800, 4674, 0, 0, 0
130900, 4761, 0, 0, 0
131000, 4588, 0, 0, 0
131100, 4766, 0, 0, 0
131200, 5160, 0, 0, 0
131300, 5111, 0, 0, 0
131400, 4847, 0, 0, 0
131500, 4734, 0, 0, 0
131600, 4691, 0, 0, 0
131700, 4736, 0, 0, 0
131800, 4963, 0, 0, 0
131900, 4250, 0, 0, 0
132000, 4104, 0, 0, 0
132100, 3864, 0, 0, 0
132200, 5417, 0, 0, 0
132300, 4999, 0, 0, 0
132400, 5108, 0, 0, 0
132501, 4940, 0, 0, 0
132600, 4594, 0, 0, 0
132700, 5188, 0, 0, 0
132800, 5052, 0, 0, 0
132900, 4806, 0, 0, 0
133000, 5511, 0, 0, 0
133100, 5185, 0, 0, 0
133200, 5267, 0, 0, 0
133300, 4871, 0, 0, 0
133400, 5363, 0, 0, 0
133500, 5441, 0, 0, 0
133600, 5412, 0, 0, 0
133700, 5365, 0, 0, 0
133800, 5163, 0, 0, 0
133900, 5439, 0, 0, 0
134000, 5167, 0, 0, 0
134100, 5032, 0, 0, 0
134200, 5046, 0, 0, 0
134300, 5031, 0, 0, 0
134400, 5508, 0, 0, 0
134500, 4871, 0, 0, 0
134600, 4912, 0, 0, 0
134700, 4809, 0, 0, 0
134800, 4637, 0, 0, 0
134900, 4990, 0, 0, 0
135000, 4901, 0, 0, 0
135100, 4931, 0, 0, 0
135201, 5153, 0, 0, 0
135300, 4870, 0, 0, 0
135400, 4828, 0, 0, 0
135500, 4866, 0, 0, 0
135600, 5251, 0, 0, 0
135700, 5157, 0, 0, 0
135800, 5210, 0, 0, 0
135900, 4714, 0, 0, 0
136000, 4166, 0, 0, 0
136100, 4112, 0, 0, 0
136200, 4432, 0, 0, 0
136300, 4600, 0, 0, 0
136400, 4332, 0, 0, 0
136500, 4611, 0, 0, 0
136600, 4978, 0, 0, 0
136700, 5234, 0, 0, 0
136800, 5247, 0, 0, 0
136901, 4770, 0, 0, 0
137000, 4761, 0, 0, 0
137100, 5456, 0, 0, 0
137200, 5397, 0, 0, 0
137300, 4299, 0, 0, 0
137400, 4796, 0, 0, 0
137500, 4829, 0, 0, 0
137600, 4901, 0, 0, 0
137700, 4931, 0, 0, 0
137800, 4713, 0, 0, 0
137900, 4993, 0, 0, 0
138000, 4413, 0, 0, 0
138100, 4422, 0, 0, 0
138200, 4803, 0, 0, 0
138300, 5159, 0, 0, 0
138400, 4270, 0, 0, 0
138500, 4861, 0, 0, 0
138600, 4428, 0, 0, 0
138700, 5251, 0, 0, 0
138800, 4799, 0, 0, 0
138900, 4582, 0, 0, 0
139000, 5004, 0, 0, 0
139100, 5087, 0, 0, 0
139200, 5403, 0, 0, 0
139300, 5196, 0, 0, 0
139400, 4473, 0, 0, 0
139500, 4339, 0, 0, 0
139600, 5071, 0, 0, 0
139700, 4698, 0, 0, 0
139800, 4286, 0, 0, 0
139900, 5272, 0, 0, 0
140000, 5323, 0, 0, 0
140100, 4985, 0, 0, 0
140200, 4256, 0, 0, 0
140301, 4737, 0, 0, 0
140400, 4857, 0, 0, 0
140500, 4845, 0, 0, 0
140600, 4472, 0, 0, 0
140701, 4588, 0, 0, 0
140800, 4199, 0, 0, 0
140900, 4901, 0, 0, 0
141000, 4892, 0, 0, 0
141100, 4219, 0, 0, 0
141200, 4912, 0, 0, 0
141300, 4783, 0, 0, 0
141400, 4998, 0, 0, 0
141500, 4755, 0, 0, 0
141600, 4912, 0, 0, 0
141700, 4937, 0, 0, 0
141800, 4997, 0, 0, 0
141900, 4787, 0, 0, 0
142000, 5206, 0, 0, 0
142100, 4848, 0, 0, 0
142200, 4796, 0, 0, 0
142300, 5186, 0, 0, 0
142400, 4959, 0, 0, 0
142500, 5034, 0, 0, 0
142601, 5017, 0, 0, 0
142700, 4966, 0, 0, 0
142800, 4931, 0, 0, 0
142900, 4959, 0, 0, 0
143000, 4824, 0, 0, 0
143100, 4955, 0, 0, 0
143200, 5004, 0, 0, 0
143300, 4930, 0, 0, 0
143400, 5012, 0, 0, 0
143500, 4527, 0, 0, 0
143600, 4820, 0, 0, 0
143700, 5571, 0, 0, 0
143800, 4991, 0, 0, 0
143900, 5307, 0, 0, 0
144000, 5287, 0, 0, 0
144100, 5412, 0, 0, 0
144200, 5097, 0, 0, 0
144300, 5200, 0, 0, 0
144400, 5399, 0, 0, 0
144500, 5400, 0, 0, 0
144600, 5056, 0, 0, 0
144700, 4835, 0, 0, 0
144800, 5096, 0, 0, 0
144900, 5104, 0, 0, 0
145000, 4983, 0, 0, 0
145100, 5061, 0, 0, 0
145200, 5375, 0, 0, 0
145300, 5077, 0, 0, 0
145400, 5232, 0, 0, 0
145500, 5405, 0, 0, 0
145600, 5254, 0, 0, 0
145700, 5136, 0, 0, 0
145800, 5305, 0, 0, 0
145900, 5065, 0, 0, 0
146000, 5129, 0, 0, 0
146101, 5015, 0, 0, 0
146200, 5000, 0, 0, 0
146300, 5099, 0, 0, 0
146400, 5292, 0, 0, 0
146500, 4207, 0, 0, 0
146600, 4113, 0, 0, 0
146701, 3937, 0, 0, 0
146800, 4237, 0, 0, 0
146900, 5052, 0, 0, 0
147000, 4819, 0, 0, 0
147100, 4166, 0, 0, 0
147200, 4125, 0, 0, 0
147300, 4816, 0, 0, 0
147400, 4900, 0, 0, 0
147500, 5272, 0, 0, 0
147600, 5131, 0, 0, 0
147701, 4941, 0, 0, 0
147800, 4772, 0, 0, 0
147900, 4314, 0, 0, 0
148000, 5086, 0, 0, 0
148101, 5366, 0, 0, 0
148200, 4733, 0, 0, 0
148300, 4591, 0, 0, 0
148400, 4137, 0, 0, 0
148500, 4429, 0, 0, 0
148600, 4285, 0, 0, 0
148700, 4781, 0, 0, 0
148800, 4550, 0, 0, 0
148900, 5010, 0, 0, 0
149000, 4753, 0, 0, 0
149100, 4454, 0, 0, 0
149200, 4858, 0, 0, 0
149300, 4909, 0, 0, 0
149400, 4886, 0, 0, 0
149500, 4514, 0, 0, 0
149600, 4251, 0, 0, 0
149701, 4305, 0, 0, 0
149800, 5072, 0, 0, 0
149900, 4669, 0, 0, 0
150000, 4445, 0, 0, 0
150100, 5182, 0, 0, 0
150200, 5119, 0, 0, 0
150300, 4674, 0, 0, 0
150400, 4778, 0, 0, 0
150500, 4908, 0, 0, 0
150600, 4878, 0, 0, 0
150700, 4776, 0, 0, 0
150800, 5125, 0, 0, 0
150900, 5006, 0, 0, 0
151000, 4908, 0, 0, 0
151101, 4899, 0, 0, 0
151200, 4421, 0, 0, 0
151300, 5039, 0, 0, 0
151400, 5220, 0, 0, 0
151500, 4839, 0, 0, 0
151600, 5006, 0, 0, 0
151700, 5361, 0, 0, 0
151800, 5096, 0, 0, 0
151900, 4526, 0, 0, 0
152000, 5417, 0, 0, 0
152100, 5291, 0, 0, 0
152201, 5406, 0, 0, 0
152300, 4340, 0, 0, 0
152400, 4094, 0, 0, 0
152500, 5054, 0, 0, 0
152600, 4030, 0, 0, 0
152700, 4396, 0, 0, 0
152801, 4549, 0, 0, 0
152900, 4857, 0, 0, 0
153000, 5093, 0, 0, 0
153100, 5099, 0, 0, 0
153200, 5424, 0, 0, 0
153300, 5271, 0, 0, 0
153400, 4884, 0, 0, 0
153501, 4252, 0, 0, 0
153600, 4063, 0, 0, 0
153700, 4864, 0, 0, 0
153800, 5267, 0, 0, 0
153900, 5498, 0, 0, 0
154001, 4551, 0, 0, 0
154100, 4919, 0, 0, 0
154200, 4355, 0, 0, 0
154300, 3970, 0, 0, 0
154400, 4821, 0, 0, 0
154500, 4690, 0, 0, 0
154600, 4584, 0, 0, 0
154701, 4379, 0, 0, 0
154800, 4816, 0, 0, 0
154900, 4503, 0, 0, 0
155000, 5171, 0, 0, 0
155100, 4796, 0, 0, 0
155200, 4229, 0, 0, 0
155300, 4062, 0, 0, 0
155400, 4746, 0, 0, 0
155500, 4540, 0, 0, 0
155601, 4487, 0, 0, 0
155700, 3915, 0, 0, 0
155800, 4114, 0, 0, 0
155900, 5321, 0, 0, 0
156000, 4678, 0, 0, 0
156100, 4374, 0, 0, 0
156200, 4514, 0, 0, 0
156300, 4797, 0, 0, 0
156400, 4959, 0, 0, 0
156500, 4775, 0, 0, 0
156600, 4209, 0, 0, 0
156700, 5690, 0, 0, 0
156800, 5753, 0, 0, 0
156900, 5677, 0, 0, 0
157000, 5360, 0, 0, 0
157100, 5313, 0, 0, 0
157200, 5351, 0, 0, 0
157300, 5396, 0, 0, 0
157400, 5433, 0, 0, 0
157500, 5696, 0, 0, 0
157600, 5735, 0, 0, 0
157700, 5699, 0, 0, 0
157800, 5669, 0, 0, 0
157900, 5616, 0, 0, 0
158000, 5514, 0, 0, 0
158100, 5602, 0, 0, 0
158200, 5556, 0, 0, 0
158300, 5629, 0, 0, 0
158400, 6028, 0, 0, 0
158500, 5461, 0, 0, 0
158600, 5477, 0, 0, 0
158700, 5386, 0, 0, 0
158800, 4785, 0, 0, 0
158901, 5203, 0, 0, 0
159000, 5454, 0, 0, 0
159100, 5654, 0, 0, 0
159200, 5522, 0, 0, 0
159300, 5422, 0, 0, 0
159400, 5364, 0, 0, 0
159500, 5594, 0, 0, 0
159600, 5466, 0, 0, 0
159701, 5434, 0, 0, 0
159800, 5080, 0, 0, 0
159900, 5368, 0, 0, 0
160000, 5380, 0, 0, 0
160100, 5312, 0, 0, 0
160200, 5055, 0, 0, 0
160300, 4243, 0, 0, 0
160400, 4199, 0, 0, 0
160500, 4952, 0, 0, 0
160600, 4592, 0, 0, 0
160700, 4675, 0, 0, 0
160800, 4664, 0, 0, 0
160900, 5090, 0, 0, 0
161000, 5067, 0, 0, 0
161100, 4268, 0, 0, 0
161200, 5181, 0, 0, 0
161300, 5006, 0, 0, 0
161400, 4510, 0, 0, 0
161500, 4924, 0, 0, 0
161600, 5207, 0, 0, 0
161700, 4997, 0, 0, 0
161800, 4619, 0, 0, 0
161900, 5037, 0, 0, 0
162000, 4904, 0, 0, 0
162100, 5123, 0, 0, 0
162200, 5034, 0, 0, 0
162300, 4949, 0, 0, 0
162400, 5304, 0, 0, 0
162500, 5075, 0, 0, 0
162600, 5088, 0, 0, 0
162700, 5189, 0, 0, 0
162800, 4912, 0, 0, 0
162900, 4415, 0, 0, 0
163000, 5340, 0, 0, 0
163100, 5061, 0, 0, 0
163200, 4823, 0, 0, 0
163300, 4915, 0, 0, 0
163400, 5314, 0, 0, 0
163500, 5315, 0, 0, 0
163600, 5330, 0, 0, 0
163700, 4661, 0, 0, 0
163800, 5245, 0, 0, 0
163900, 5217, 0, 0, 0
164000, 5249, 0, 0, 0
164100, 4615, 0, 0, 0
164201, 5097, 0, 0, 0
164300, 4694, 0, 0, 0
164400, 5027, 0, 0, 0
164501, 4914, 0, 0, 0
164601, 4981, 0, 0, 0
164700, 4760, 0, 0, 0
164800, 4994, 0, 0, 0
164900, 4793, 0, 0, 0
165000, 5459, 0, 0, 0
165100, 4565, 0, 0, 0
165200, 5399, 0, 0, 0
165301, 4912, 0, 0, 0
165400, 4822, 0, 0, 0
165500, 4348, 0, 0, 0
165600, 4404, 0, 0, 0
165700, 4589, 0, 0, 0
165800, 5458, 0, 0, 0
165900, 5574, 0, 0, 0
166000, 5366, 0, 0, 0
166100, 5538, 0, 0, 0
166200, 5458, 0, 0, 0
166300, 4971, 0, 0, 0
166400, 3970, 0, 0, 0
166500, 5296, 0, 0, 0
166600, 4814, 0, 0, 0
166701, 4341, 0, 0, 0
166800, 4499, 0, 0, 0
166900, 4896, 0, 0, 0
167000, 5305, 0, 0, 0
167101, 4667, 0, 0, 0
167200, 5066, 0, 0, 0
167300, 4857, 0, 0, 0
167400, 4928, 0, 0, 0
167501, 4901, 0, 0, 0
167600, 5296, 0, 0, 0
167700, 5360, 0, 0, 0
167800, 5194, 0, 0, 0
167900, 5364, 0, 0, 0
168000, 4864, 0, 0, 0
168100, 5263, 0, 0, 0
168200, 5317, 0, 0, 0
168300, 4918, 0, 0, 0
168400, 4852, 0, 0, 0
168500, 4660, 0, 0, 0
168600, 4668, 0, 0, 0
168700, 4761, 0, 0, 0
168800, 4327, 0, 0, 0
168900, 4821, 0, 0, 0
169000, 4311, 0, 0, 0
169101, 4145, 0, 0, 0
169200, 4797, 0, 0, 0
169300, 4539, 0, 0, 0
169400, 4301, 0, 0, 0
169500, 4261, 0, 0, 0
169600, 5417, 0, 0, 0
169700, 5448, 0, 0, 0
169800, 5478, 0, 0, 0
169900, 5276, 0, 0, 0
170000, 4758, 0, 0, 0
170100, 5078, 0, 0, 0
170200, 4579, 0, 0, 0
170300, 4905, 0, 0, 0
170400, 5121, 0, 0, 0
170500, 5235, 0, 0, 0
170600, 4575, 0, 0, 0
170700, 5249, 0, 0, 0
170800, 4982, 0, 0, 0
170900, 5000, 0, 0, 0
171000, 5491, 0, 0, 0
171100, 5415, 0, 0, 0
171200, 5191, 0, 0, 0
171300, 5439, 0, 0, 0
171400, 5712, 0, 0, 0
171500, 5288, 0, 0, 0
171600, 5552, 0, 0, 0
171700, 5292, 0, 0, 0
171800, 5339, 0, 0, 0
171900, 5058, 0, 0, 0
172000, 5460, 0, 0, 0
172101, 5393, 0, 0, 0
172201, 5421, 0, 0, 0
172300, 5486, 0, 0, 0
172400, 5173, 0, 0, 0
172500, 5469, 0, 0, 0
172600, 4845, 0, 0, 0
172700, 5224, 0, 0, 0
172800, 4799, 0, 0, 0
172900, 4522, 0, 0, 0
173001, 5336, 0, 0, 0
173100, 5192, 0, 0, 0
173200, 5176, 0, 0, 0
173300, 4680, 0, 0, 0
173400, 5643, 0, 0, 0
173500, 5635, 0, 0, 0
173600, 4863, 0, 0, 0
173700, 4710, 0, 0, 0
173800, 4796, 0, 0, 0
173901, 4583, 0, 0, 0
174000, 4269, 0, 0, 0
174100, 4565, 0, 0, 0
174201, 4577, 0, 0, 0
174300, 4695, 0, 0, 0
174400, 4338, 0, 0, 0
174500, 4644, 0, 0, 0
174600, 4634, 0, 0, 0
174700, 4910, 0, 0, 0
174800, 5168, 0, 0, 0
174900, 5665, 0, 0, 0
175000, 5513, 0, 0, 0
175100, 5420, 0, 0, 0
175200, 5548, 0, 0, 0
175301, 5187, 0, 0, 0
175400, 5423, 0, 0, 0
175500, 4905, 0, 0, 0
175600, 4970, 0, 0, 0
175700, 5249, 0, 0, 0
175800, 5688, 0, 0, 0
175900, 5302, 0, 0, 0
176000, 4267, 0, 0, 0
176100, 5467, 0, 0, 0
176200, 5049, 0, 0, 0
176300, 5270, 0, 0, 0
176400, 5618, 0, 0, 0
176500, 5373, 0, 0, 0
176600, 4868, 0, 0, 0
176700, 4369, 0, 0, 0
176800, 4727, 0, 0, 0
176900, 4879, 0, 0, 0
177000, 5325, 0, 0, 0
177100, 5243, 0, 0, 0
177200, 5339, 0, 0, 0
177300, 5450, 0, 0, 0
177400, 4794, 0, 0, 0
177500, 5460, 0, 0, 0
177600, 5487, 0, 0, 0
177700, 5339, 0, 0, 0
177800, 5544, 0, 0, 0
177900, 5703, 0, 0, 0
178001, 5685, 0, 0, 0
178100, 5217, 0, 0, 0
178200, 5125, 0, 0, 0
178300, 5012, 0, 0, 0
178400, 5353, 0, 0, 0
178500, 5320, 0, 0, 0
178600, 5176, 0, 0, 0
178701, 5221, 0, 0, 0
178800, 5468, 0, 0, 0
178900, 5415, 0, 0, 0
179000, 5095, 0, 0, 0
179100, 4854, 0, 0, 0
179200, 5129, 0, 0, 0
179300, 4619, 0, 0, 0
179400, 5158, 0, 0, 0
179500, 5291, 0, 0, 0
179600, 5241, 0, 0, 0
179700, 5335, 0, 0, 0
179800, 5501, 0, 0, 0
179900, 5223, 0, 0, 0
180000, 5066, 0, 0, 0
