250, 240, 0, 0, 0
350, 260, 0, 0, 0
450, 270, 0, 0, 0
550, 390, 0, 0, 0
650, 230, 0, 0, 0
749, 313, 0, 0, 0
849, 310, 0, 0, 0
949, 370, 0, 0, 0
1049, 170, 0, 0, 0
1149, 280, 0, 0, 0
1250, 240, 0, 0, 0
1350, 240, 0, 0, 0
1450, 280, 0, 0, 0
1550, 200, 0, 0, 0
1650, 280, 0, 0, 0
1749, 171, 0, 0, 0
1849, 400, 0, 0, 0
1949, 190, 0, 0, 0
2049, 260, 0, 0, 0
2149, 350, 0, 0, 0
2249, 410, 0, 0, 0
2349, 270, 0, 0, 0
2449, 310, 0, 0, 0
2549, 290, 0, 0, 0
2650, 270, 0, 0, 0
2749, 272, 0, 0, 0
2849, 300, 0, 0, 0
2949, 290, 0, 0, 0
3049, 190, 0, 0, 0
3149, 280, 0, 0, 0
3249, 300, 0, 0, 0
3349, 280, 0, 0, 0
3449, 370, 0, 0, 0
3549, 310, 0, 0, 0
3649, 410, 0, 0, 0
3750, 260, 0, 0, 0
3850, 280, 0, 0, 0
3950, 330, 0, 0, 0
4050, 300, 0, 0, 0
4150, 250, 0, 0, 0
4249, 202, 0, 0, 0
4349, 270, 0, 0, 0
4449, 290, 0, 0, 0
4549, 230, 0, 0, 0
4649, 230, 0, 0, 0
4749, 380, 0, 0, 0
4850, 330, 0, 0, 0
4950, 230, 0, 0, 0
5050, 290, 0, 0, 0
5150, 310, 0, 0, 0
5249, 353, 0, 0, 0
5349, 210, 0, 0, 0
5449, 290, 0, 0, 0
5549, 240, 0, 0, 0
5649, 350, 0, 0, 0
5749, 430, 0, 0, 0
5849, 220, 0, 0, 0
5949, 390, 0, 0, 0
6050, 200, 0, 0, 0
6150, 330, 0, 0, 0
6249, 252, 0, 0, 0
6349, 320, 0, 0, 0
6449, 400, 0, 0, 0
6549, 330, 0, 0, 0
6649, 320, 0, 0, 0
6749, 360, 0, 0, 0
6849, 340, 0, 0, 0
6949, 330, 0, 0, 0
7049, 350, 0, 0, 0
7149, 280, 0, 0, 0
7250, 340, 0, 0, 0
7350, 280, 0, 0, 0
7450, 240, 0, 0, 0
7550, 200, 0, 0, 0
7650, 300, 0, 0, 0
7749, 292, 0, 0, 0
7849, 310, 0, 0, 0
7949, 400, 0, 0, 0
8049, 220, 0, 0, 0
8149, 210, 0, 0, 0
8250, 240, 0, 0, 0
8350, 350, 0, 0, 0
8450, 410, 0, 0, 0
8550, 360, 0, 0, 0
8650, 220, 0, 0, 0
8749, 373, 0, 0, 0
8849, 230, 0, 0, 0
8949, 300, 0, 0, 0
9049, 260, 0, 0, 0
9149, 330, 0, 0, 0
9249, 290, 0, 0, 0
9349, 220, 0, 0, 0
9449, 320, 0, 0, 0
9550, 330, 0, 0, 0
9650, 350, 0, 0, 0
9749, 353, 0, 0, 0
9849, 280, 0, 0, 0
9949, 410, 0, 0, 0
10049, 300, 0, 0, 0
10149, 340, 0, 0, 0
10249, 310, 0, 0, 0
10349, 320, 0, 0, 0
10449, 350, 0, 0, 0
10549, 440, 0, 0, 0
10649, 430, 0, 0, 0
10750, 300, 0, 0, 0
10850, 240, 0, 0, 0
10950, 230, 0, 0, 0
11050, 380, 0, 0, 0
11150, 280, 0, 0, 0
11249, 303, 0, 0, 0
11349, 390, 0, 0, 0
11449, 220, 0, 0, 0
11549, 200, 0, 0, 0
11649, 270, 0, 0, 0
11749, 250, 0, 0, 0
11849, 340, 0, 0, 0
11949, 350, 0, 0, 0
12050, 260, 0, 0, 0
12150, 210, 0, 0, 0
12249, 212, 0, 0, 0
12349, 270, 0, 0, 0
12449, 300, 0, 0, 0
12549, 290, 0, 0, 0
12649, 420, 0, 0, 0
12749, 440, 0, 0, 0
12849, 300, 0, 0, 0
12949, 500, 0, 0, 0
13049, 290, 0, 0, 0
13149, 190, 0, 0, 0
13250, 330, 0, 0, 0
13350, 330, 0, 0, 0
13450, 320, 0, 0, 0
13550, 190, 0, 0, 0
13650, 330, 0, 0, 0
13749, 313, 0, 0, 0
13849, 340, 0, 0, 0
13949, 390, 0, 0, 0
14049, 290, 0, 0, 0
14149, 280, 0, 0, 0
14249, 490, 0, 0, 0
14349, 430, 0, 0, 0
14449, 260, 0, 0, 0
14549, 310, 0, 0, 0
14650, 320, 0, 0, 0
14749, 292, 0, 0, 0
14849, 350, 0, 0, 0
14949, 230, 0, 0, 0
15049, 310, 0, 0, 0
15149, 280, 0, 0, 0
15249, 330, 0, 0, 0
15349, 330, 0, 0, 0
15449, 330, 0, 0, 0
15549, 280, 0, 0, 0
15649, 310, 0, 0, 0
15750, 400, 0, 0, 0
15850, 150, 0, 0, 0
15950, 300, 0, 0, 0
16050, 330, 0, 0, 0
16150, 300, 0, 0, 0
16249, 313, 0, 0, 0
16349, 330, 0, 0, 0
16449, 300, 0, 0, 0
16549, 300, 0, 0, 0
16649, 340, 0, 0, 0
16749, 380, 0, 0, 0
16849, 210, 0, 0, 0
16950, 480, 0, 0, 0
17050, 270, 0, 0, 0
17150, 370, 0, 0, 0
17249, 262, 0, 0, 0
17349, 280, 0, 0, 0
17449, 420, 0, 0, 0
17549, 380, 0, 0, 0
17649, 260, 0, 0, 0
17749, 230, 0, 0, 0
17849, 320, 0, 0, 0
17949, 410, 0, 0, 0
18050, 250, 0, 0, 0
18150, 210, 0, 0, 0
18249, 272, 0, 0, 0
18349, 270, 0, 0, 0
18449, 230, 0, 0, 0
18549, 260, 0, 0, 0
18649, 210, 0, 0, 0
18749, 220, 0, 0, 0
18849, 320, 0, 0, 0
18949, 280, 0, 0, 0
19049, 290, 0, 0, 0
19149, 170, 0, 0, 0
19249, 300, 0, 0, 0
19349, 290, 0, 0, 0
19450, 260, 0, 0, 0
19550, 460, 0, 0, 0
19650, 310, 0, 0, 0
19749, 424, 0, 0, 0
19849, 360, 0, 0, 0
19949, 310, 0, 0, 0
20049, 320, 0, 0, 0
20149, 440, 0, 0, 0
20249, 290, 0, 0, 0
20349, 240, 0, 0, 0
20449, 300, 0, 0, 0
20549, 170, 0, 0, 0
20649, 180, 0, 0, 0
20750, 370, 0, 0, 0
20850, 220, 0, 0, 0
20950, 220, 0, 0, 0
21050, 190, 0, 0, 0
21150, 380, 0, 0, 0
21249, 292, 0, 0, 0
21349, 280, 0, 0, 0
21449, 310, 0, 0, 0
21549, 330, 0, 0, 0
21649, 390, 0, 0, 0
21749, 160, 0, 0, 0
21849, 180, 0, 0, 0
21950, 240, 0, 0, 0
22050, 300, 0, 0, 0
22150, 330, 0, 0, 0
22249, 242, 0, 0, 0
22349, 280, 0, 0, 0
22449, 350, 0, 0, 0
22549, 230, 0, 0, 0
22649, 220, 0, 0, 0
22749, 310, 0, 0, 0
22849, 230, 0, 0, 0
22949, 300, 0, 0, 0
23049, 280, 0, 0, 0
23149, 280, 0, 0, 0
23250, 360, 0, 0, 0
23350, 300, 0, 0, 0
23450, 300, 0, 0, 0
23550, 320, 0, 0, 0
23650, 330, 0, 0, 0
23749, 252, 0, 0, 0
23849, 280, 0, 0, 0
23949, 330, 0, 0, 0
24049, 230, 0, 0, 0
24149, 370, 0, 0, 0
24249, 220, 0, 0, 0
24349, 270, 0, 0, 0
24450, 390, 0, 0, 0
24550, 220, 0, 0, 0
24650, 230, 0, 0, 0
24749, 292, 0, 0, 0
24849, 320, 0, 0, 0
24949, 500, 0, 0, 0
25049, 340, 0, 0, 0
25149, 290, 0, 0, 0
25249, 310, 0, 0, 0
25349, 360, 0, 0, 0
25449, 300, 0, 0, 0
25549, 280, 0, 0, 0
25650, 270, 0, 0, 0
25749, 252, 0, 0, 0
25849, 380, 0, 0, 0
25949, 190, 0, 0, 0
26049, 350, 0, 0, 0
26149, 260, 0, 0, 0
26249, 410, 0, 0, 0
26349, 290, 0, 0, 0
26449, 320, 0, 0, 0
26549, 130, 0, 0, 0
26649, 180, 0, 0, 0
26750, 350, 0, 0, 0
26850, 230, 0, 0, 0
26950, 150, 0, 0, 0
27050, 280, 0, 0, 0
27150, 350, 0, 0, 0
27249, 282, 0, 0, 0
27349, 260, 0, 0, 0
27449, 390, 0, 0, 0
27549, 200, 0, 0, 0
27649, 200, 0, 0, 0
27749, 310, 0, 0, 0
27849, 340, 0, 0, 0
27950, 250, 0, 0, 0
28050, 270, 0, 0, 0
28150, 280, 0, 0, 0
28249, 262, 0, 0, 0
28349, 310, 0, 0, 0
28449, 310, 0, 0, 0
28549, 290, 0, 0, 0
28649, 340, 0, 0, 0
28749, 310, 0, 0, 0
28849, 340, 0, 0, 0
28949, 220, 0, 0, 0
29049, 260, 0, 0, 0
29150, 230, 0, 0, 0
29249, 303, 0, 0, 0
29349, 280, 0, 0, 0
29449, 260, 0, 0, 0
29549, 250, 0, 0, 0
29649, 260, 0, 0, 0
29749, 370, 0, 0, 0
29849, 270, 0, 0, 0
29949, 350, 0, 0, 0
30049, 430, 0, 0, 0
30149, 250, 0, 0, 0
30249, 280, 0, 0, 0
30350, 280, 0, 0, 0
30450, 390, 0, 0, 0
30550, 260, 0, 0, 0
30650, 300, 0, 0, 0
30749, 333, 0, 0, 0
30849, 300, 0, 0, 0
30949, 220, 0, 0, 0
31049, 300, 0, 0, 0
31149, 280, 0, 0, 0
31249, 380, 0, 0, 0
31349, 260, 0, 0, 0
31449, 270, 0, 0, 0
31550, 210, 0, 0, 0
31650, 200, 0, 0, 0
31749, 202, 0, 0, 0
31849, 230, 0, 0, 0
31949, 280, 0, 0, 0
32049, 350, 0, 0, 0
32149, 320, 0, 0, 0
32249, 320, 0, 0, 0
32349, 160, 0, 0, 0
32449, 320, 0, 0, 0
32549, 270, 0, 0, 0
32650, 200, 0, 0, 0
32750, 290, 0, 0, 0
32850, 230, 0, 0, 0
32950, 430, 0, 0, 0
33050, 200, 0, 0, 0
33150, 270, 0, 0, 0
33249, 282, 0, 0, 0
33349, 250, 0, 0, 0
33449, 330, 0, 0, 0
33549, 290, 0, 0, 0
33649, 220, 0, 0, 0
33750, 370, 0, 0, 0
33850, 320, 0, 0, 0
33950, 330, 0, 0, 0
34050, 250, 0, 0, 0
34150, 190, 0, 0, 0
34249, 282, 0, 0, 0
34349, 230, 0, 0, 0
34449, 320, 0, 0, 0
34549, 250, 0, 0, 0
34649, 290, 0, 0, 0
34749, 250, 0, 0, 0
34849, 280, 0, 0, 0
34950, 280, 0, 0, 0
35050, 190, 0, 0, 0
35150, 290, 0, 0, 0
35249, 252, 0, 0, 0
35349, 210, 0, 0, 0
35449, 310, 0, 0, 0
35549, 270, 0, 0, 0
35649, 230, 0, 0, 0
35749, 290, 0, 0, 0
35849, 320, 0, 0, 0
35949, 280, 0, 0, 0
36050, 300, 0, 0, 0
36150, 260, 0, 0, 0
36249, 222, 0, 0, 0
36349, 230, 0, 0, 0
36449, 310, 0, 0, 0
36549, 310, 0, 0, 0
36649, 280, 0, 0, 0
36749, 230, 0, 0, 0
36849, 310, 0, 0, 0
36949, 270, 0, 0, 0
37049, 200, 0, 0, 0
37149, 350, 0, 0, 0
37249, 270, 0, 0, 0
37349, 280, 0, 0, 0
37449, 270, 0, 0, 0
37550, 230, 0, 0, 0
37650, 240, 0, 0, 0
37749, 333, 0, 0, 0
37849, 240, 0, 0, 0
37949, 210, 0, 0, 0
38049, 310, 0, 0, 0
38149, 220, 0, 0, 0
38249, 300, 0, 0, 0
38349, 410, 0, 0, 0
38449, 320, 0, 0, 0
38549, 330, 0, 0, 0
38649, 260, 0, 0, 0
38750, 210, 0, 0, 0
38850, 240, 0, 0, 0
38950, 340, 0, 0, 0
39050, 230, 0, 0, 0
39150, 240, 0, 0, 0
39249, 212, 0, 0, 0
39349, 180, 0, 0, 0
39449, 280, 0, 0, 0
39549, 240, 0, 0, 0
39649, 250, 0, 0, 0
39749, 220, 0, 0, 0
39849, 380, 0, 0, 0
39949, 250, 0, 0, 0
40050, 300, 0, 0, 0
40150, 110, 0, 0, 0
40249, 323, 0, 0, 0
40349, 110, 0, 0, 0
40449, 270, 0, 0, 0
40549, 370, 0, 0, 0
40649, 200, 0, 0, 0
40749, 230, 0, 0, 0
40849, 250, 0, 0, 0
40949, 140, 0, 0, 0
41049, 290, 0, 0, 0
41149, 400, 0, 0, 0
41250, 250, 0, 0, 0
41350, 250, 0, 0, 0
41450, 500, 0, 0, 0
41550, 260, 0, 0, 0
41650, 280, 0, 0, 0
41749, 262, 0, 0, 0
41849, 340, 0, 0, 0
41949, 300, 0, 0, 0
42049, 260, 0, 0, 0
42149, 330, 0, 0, 0
42249, 260, 0, 0, 0
42349, 210, 0, 0, 0
42449, 260, 0, 0, 0
42550, 300, 0, 0, 0
42650, 210, 0, 0, 0
42749, 282, 0, 0, 0
42849, 210, 0, 0, 0
42949, 250, 0, 0, 0
43049, 280, 0, 0, 0
43149, 380, 0, 0, 0
43249, 260, 0, 0, 0
43349, 230, 0, 0, 0
43449, 240, 0, 0, 0
43550, 320, 0, 0, 0
43650, 260, 0, 0, 0
43749, 181, 0, 0, 0
43849, 240, 0, 0, 0
43949, 210, 0, 0, 0
44049, 230, 0, 0, 0
44149, 340, 0, 0, 0
44249, 220, 0, 0, 0
44349, 360, 0, 0, 0
44449, 240, 0, 0, 0
44549, 270, 0, 0, 0
44649, 320, 0, 0, 0
44750, 290, 0, 0, 0
44850, 210, 0, 0, 0
44950, 280, 0, 0, 0
45050, 180, 0, 0, 0
45150, 290, 0, 0, 0
45249, 232, 0, 0, 0
45349, 280, 0, 0, 0
45449, 220, 0, 0, 0
45549, 280, 0, 0, 0
45649, 230, 0, 0, 0
45749, 180, 0, 0, 0
45849, 260, 0, 0, 0
45950, 300, 0, 0, 0
46050, 250, 0, 0, 0
46150, 320, 0, 0, 0
46249, 252, 0, 0, 0
46349, 370, 0, 0, 0
46449, 210, 0, 0, 0
46549, 350, 0, 0, 0
46649, 310, 0, 0, 0
46749, 350, 0, 0, 0
46849, 320, 0, 0, 0
46949, 170, 0, 0, 0
47050, 250, 0, 0, 0
47150, 340, 0, 0, 0
47249, 333, 0, 0, 0
47349, 280, 0, 0, 0
47449, 220, 0, 0, 0
47549, 250, 0, 0, 0
47649, 240, 0, 0, 0
47749, 240, 0, 0, 0
47849, 230, 0, 0, 0
47949, 280, 0, 0, 0
48049, 300, 0, 0, 0
48149, 290, 0, 0, 0
48250, 230, 0, 0, 0
48350, 240, 0, 0, 0
48450, 360, 0, 0, 0
48550, 300, 0, 0, 0
48650, 270, 0, 0, 0
48749, 232, 0, 0, 0
48849, 330, 0, 0, 0
48949, 220, 0, 0, 0
49049, 300, 0, 0, 0
49150, 370, 0, 0, 0
49249, 202, 0, 0, 0
49349, 390, 0, 0, 0
49449, 380, 0, 0, 0
49549, 210, 0, 0, 0
49649, 390, 0, 0, 0
49749, 350, 0, 0, 0
49849, 200, 0, 0, 0
49949, 260, 0, 0, 0
50049, 210, 0, 0, 0
50149, 230, 0, 0, 0
50250, 210, 0, 0, 0
50350, 200, 0, 0, 0
50450, 280, 0, 0, 0
50550, 280, 0, 0, 0
50650, 220, 0, 0, 0
50749, 262, 0, 0, 0
50849, 300, 0, 0, 0
50949, 400, 0, 0, 0
51049, 250, 0, 0, 0
51149, 300, 0, 0, 0
51250, 140, 0, 0, 0
51350, 240, 0, 0, 0
51450, 210, 0, 0, 0
51550, 350, 0, 0, 0
51650, 250, 0, 0, 0
51749, 282, 0, 0, 0
51849, 250, 0, 0, 0
51949, 490, 0, 0, 0
52049, 110, 0, 0, 0
52149, 290, 0, 0, 0
52249, 330, 0, 0, 0
52350, 250, 0, 0, 0
52450, 290, 0, 0, 0
52550, 320, 0, 0, 0
52650, 280, 0, 0, 0
52749, 222, 0, 0, 0
52849, 240, 0, 0, 0
52949, 210, 0, 0, 0
53049, 320, 0, 0, 0
53149, 200, 0, 0, 0
53249, 220, 0, 0, 0
53349, 340, 0, 0, 0
53449, 270, 0, 0, 0
53550, 270, 0, 0, 0
53650, 280, 0, 0, 0
53749, 232, 0, 0, 0
53849, 240, 0, 0, 0
53949, 300, 0, 0, 0
54049, 240, 0, 0, 0
54149, 320, 0, 0, 0
54249, 300, 0, 0, 0
54349, 260, 0, 0, 0
54449, 220, 0, 0, 0
54549, 290, 0, 0, 0
54650, 350, 0, 0, 0
54750, 270, 0, 0, 0
54850, 220, 0, 0, 0
54950, 270, 0, 0, 0
55050, 270, 0, 0, 0
55150, 260, 0, 0, 0
55249, 242, 0, 0, 0
55349, 270, 0, 0, 0
55449, 250, 0, 0, 0
55549, 230, 0, 0, 0
55649, 280, 0, 0, 0
55749, 300, 0, 0, 0
55850, 240, 0, 0, 0
55950, 110, 0, 0, 0
56050, 250, 0, 0, 0
56150, 250, 0, 0, 0
56249, 202, 0, 0, 0
56349, 290, 0, 0, 0
56449, 270, 0, 0, 0
56549, 270, 0, 0, 0
56649, 330, 0, 0, 0
56749, 300, 0, 0, 0
56849, 260, 0, 0, 0
56949, 150, 0, 0, 0
57049, 290, 0, 0, 0
57150, 310, 0, 0, 0
57249, 181, 0, 0, 0
57349, 300, 0, 0, 0
57449, 130, 0, 0, 0
57549, 200, 0, 0, 0
57649, 270, 0, 0, 0
57749, 250, 0, 0, 0
57849, 180, 0, 0, 0
57949, 250, 0, 0, 0
58049, 290, 0, 0, 0
58149, 310, 0, 0, 0
58249, 280, 0, 0, 0
58350, 250, 0, 0, 0
58450, 270, 0, 0, 0
58550, 290, 0, 0, 0
58650, 140, 0, 0, 0
58749, 242, 0, 0, 0
58849, 300, 0, 0, 0
58949, 230, 0, 0, 0
59049, 260, 0, 0, 0
59149, 260, 0, 0, 0
59249, 290, 0, 0, 0
59349, 260, 0, 0, 0
59449, 270, 0, 0, 0
59550, 250, 0, 0, 0
59650, 210, 0, 0, 0
59749, 323, 0, 0, 0
59849, 130, 0, 0, 0
59949, 170, 0, 0, 0
60049, 110, 0, 0, 0
