100, 5786, 0, 0, 0
201, 6512, 0, 0, 0
300, 6868, 0, 0, 0
401, 6257, 0, 0, 0
500, 5579, 0, 0, 0
603, 6171, 0, 0, 0
700, 6440, 0, 0, 0
800, 5865, 0, 0, 0
903, 5483, 0, 0, 0
1000, 6203, 0, 0, 0
1105, 5929, 0, 0, 0
1204, 6489, 0, 0, 0
1300, 6237, 0, 0, 0
1400, 5980, 0, 0, 0
1500, 6509, 0, 0, 0
1602, 6381, 0, 0, 0
1701, 6346, 0, 0, 0
1802, 6029, 0, 0, 0
1900, 5438, 0, 0, 0
2000, 5988, 0, 0, 0
2100, 5600, 0, 0, 0
2203, 5559, 0, 0, 0
2301, 6107, 0, 0, 0
2401, 6750, 0, 0, 0
2503, 6251, 0, 0, 0
2605, 6858, 0, 0, 0
2703, 5886, 0, 0, 0
2801, 5550, 0, 0, 0
2900, 5812, 0, 0, 0
3000, 6160, 0, 0, 0
3100, 5611, 0, 0, 0
3201, 5469, 0, 0, 0
3300, 6239, 0, 0, 0
3400, 5894, 0, 0, 0
3503, 5235, 0, 0, 0
3603, 6156, 0, 0, 0
3703, 5903, 0, 0, 0
3800, 5988, 0, 0, 0
3901, 5945, 0, 0, 0
4003, 5768, 0, 0, 0
4100, 6326, 0, 0, 0
4200, 5784, 0, 0, 0
4300, 6067, 0, 0, 0
4401, 5281, 0, 0, 0
4500, 5638, 0, 0, 0
4600, 5659, 0, 0, 0
4700, 5960, 0, 0, 0
4800, 6431, 0, 0, 0
4900, 5626, 0, 0, 0
5001, 6675, 0, 0, 0
5100, 5752, 0, 0, 0
5200, 5822, 0, 0, 0
5303, 5954, 0, 0, 0
5400, 6087, 0, 0, 0
5505, 6838, 0, 0, 0
5600, 6144, 0, 0, 0
5700, 6545, 0, 0, 0
5803, 5815, 0, 0, 0
5901, 6412, 0, 0, 0
6000, 5301, 0, 0, 0
6100, 5357, 0, 0, 0
6201, 6152, 0, 0, 0
6300, 5268, 0, 0, 0
6403, 5522, 0, 0, 0
6500, 5454, 0, 0, 0
6600, 5716, 0, 0, 0
6702, 6062, 0, 0, 0
6800, 5722, 0, 0, 0
6900, 5586, 0, 0, 0
7002, 5722, 0, 0, 0
7101, 6087, 0, 0, 0
7202, 5598, 0, 0, 0
7302, 6068, 0, 0, 0
7400, 5420, 0, 0, 0
7500, 5516, 0, 0, 0
7605, 5427, 0, 0, 0
7705, 5743, 0, 0, 0
7804, 6073, 0, 0, 0
7900, 6619, 0, 0, 0
8000, 5859, 0, 0, 0
8106, 5593, 0, 0, 0
8202, 6451, 0, 0, 0
8303, 5650, 0, 0, 0
8400, 5840, 0, 0, 0
8500, 5802, 0, 0, 0
8603, 6185, 0, 0, 0
8701, 5576, 0, 0, 0
8800, 5709, 0, 0, 0
8901, 5933, 0, 0, 0
9000, 5773, 0, 0, 0
9102, 6224, 0, 0, 0
9204, 6128, 0, 0, 0
9301, 5881, 0, 0, 0
9402, 5686, 0, 0, 0
9501, 6136, 0, 0, 0
9601, 6249, 0, 0, 0
9701, 6168, 0, 0, 0
9801, 6004, 0, 0, 0
9900, 5578, 0, 0, 0
10001, 6579, 0, 0, 0
10101, 6721, 0, 0, 0
10201, 6198, 0, 0, 0
10302, 6255, 0, 0, 0
10402, 6035, 0, 0, 0
10500, 6215, 0, 0, 0
10602, 6329, 0, 0, 0
10700, 5912, 0, 0, 0
10801, 6338, 0, 0, 0
10900, 6354, 0, 0, 0
11003, 5953, 0, 0, 0
11103, 5946, 0, 0, 0
11200, 6163, 0, 0, 0
11300, 6118, 0, 0, 0
11400, 6728, 0, 0, 0
11503, 6152, 0, 0, 0
11600, 6163, 0, 0, 0
11702, 6693, 0, 0, 0
11800, 6326, 0, 0, 0
11904, 6249, 0, 0, 0
12000, 6446, 0, 0, 0
12103, 6116, 0, 0, 0
12203, 5307, 0, 0, 0
12300, 5257, 0, 0, 0
12402, 5620, 0, 0, 0
12502, 6208, 0, 0, 0
12600, 5933, 0, 0, 0
12702, 5930, 0, 0, 0
12806, 6116, 0, 0, 0
12903, 5833, 0, 0, 0
13003, 5924, 0, 0, 0
13102, 5801, 0, 0, 0
13204, 5956, 0, 0, 0
13300, 5565, 0, 0, 0
13401, 5253, 0, 0, 0
13500, 5683, 0, 0, 0
13601, 5568, 0, 0, 0
13700, 5675, 0, 0, 0
13801, 5928, 0, 0, 0
13904, 6469, 0, 0, 0
14000, 5856, 0, 0, 0
14101, 5331, 0, 0, 0
14200, 5893, 0, 0, 0
14303, 5764, 0, 0, 0
14400, 6077, 0, 0, 0
14501, 6112, 0, 0, 0
14605, 5849, 0, 0, 0
14702, 6542, 0, 0, 0
14801, 5303, 0, 0, 0
14901, 6205, 0, 0, 0
15001, 5362, 0, 0, 0
15100, 5826, 0, 0, 0
15200, 5598, 0, 0, 0
15300, 7035, 0, 0, 0
15403, 5223, 0, 0, 0
15500, 5448, 0, 0, 0
15603, 5652, 0, 0, 0
15700, 5464, 0, 0, 0
15804, 5780, 0, 0, 0
15900, 5917, 0, 0, 0
16003, 6075, 0, 0, 0
16101, 5652, 0, 0, 0
16200, 5888, 0, 0, 0
16300, 5755, 0, 0, 0
16403, 6763, 0, 0, 0
16501, 6305, 0, 0, 0
16604, 6539, 0, 0, 0
16701, 6364, 0, 0, 0
16800, 6357, 0, 0, 0
16900, 6087, 0, 0, 0
17000, 6403, 0, 0, 0
17100, 6518, 0, 0, 0
17202, 6164, 0, 0, 0
17303, 6117, 0, 0, 0
17402, 5295, 0, 0, 0
17500, 5792, 0, 0, 0
17600, 5859, 0, 0, 0
17704, 5438, 0, 0, 0
17801, 5703, 0, 0, 0
17900, 5937, 0, 0, 0
18000, 5894, 0, 0, 0
18100, 6281, 0, 0, 0
18202, 5937, 0, 0, 0
18300, 6136, 0, 0, 0
18400, 6003, 0, 0, 0
18501, 5817, 0, 0, 0
18601, 5751, 0, 0, 0
18702, 6275, 0, 0, 0
18801, 5399, 0, 0, 0
18901, 5992, 0, 0, 0
19000, 6182, 0, 0, 0
19100, 6289, 0, 0, 0
19202, 6082, 0, 0, 0
19301, 6018, 0, 0, 0
19400, 5967, 0, 0, 0
19501, 5832, 0, 0, 0
19600, 6430, 0, 0, 0
19709, 5730, 0, 0, 0
19800, 5315, 0, 0, 0
19900, 6078, 0, 0, 0
20000, 6383, 0, 0, 0
20101, 5799, 0, 0, 0
20200, 5965, 0, 0, 0
20303, 6211, 0, 0, 0
20404, 5581, 0, 0, 0
20500, 5833, 0, 0, 0
20600, 6920, 0, 0, 0
20704, 6249, 0, 0, 0
20800, 5568, 0, 0, 0
20900, 6307, 0, 0, 0
21002, 5938, 0, 0, 0
21100, 6636, 0, 0, 0
21200, 6287, 0, 0, 0
21302, 6161, 0, 0, 0
21401, 5964, 0, 0, 0
21503, 5961, 0, 0, 0
21600, 5582, 0, 0, 0
21701, 5802, 0, 0, 0
21800, 6098, 0, 0, 0
21900, 5833, 0, 0, 0
22000, 5786, 0, 0, 0
22100, 6675, 0, 0, 0
22203, 7303, 0, 0, 0
22301, 7199, 0, 0, 0
22400, 5130, 0, 0, 0
22500, 5738, 0, 0, 0
22601, 5480, 0, 0, 0
22700, 5926, 0, 0, 0
22802, 5364, 0, 0, 0
22902, 5704, 0, 0, 0
23001, 5399, 0, 0, 0
23101, 5384, 0, 0, 0
23200, 5759, 0, 0, 0
23302, 5719, 0, 0, 0
23400, 5741, 0, 0, 0
23502, 6083, 0, 0, 0
23602, 6422, 0, 0, 0
23701, 6412, 0, 0, 0
23800, 5810, 0, 0, 0
23904, 5512, 0, 0, 0
24000, 5963, 0, 0, 0
24101, 5872, 0, 0, 0
24201, 6071, 0, 0, 0
24302, 6080, 0, 0, 0
24403, 5747, 0, 0, 0
24501, 6358, 0, 0, 0
24601, 6632, 0, 0, 0
24700, 6642, 0, 0, 0
24801, 6147, 0, 0, 0
24900, 5957, 0, 0, 0
25000, 6268, 0, 0, 0
25100, 6510, 0, 0, 0
25203, 6184, 0, 0, 0
25302, 5846, 0, 0, 0
25400, 6162, 0, 0, 0
25500, 5568, 0, 0, 0
25603, 6355, 0, 0, 0
25700, 6083, 0, 0, 0
25800, 5398, 0, 0, 0
25900, 5699, 0, 0, 0
26000, 6398, 0, 0, 0
26101, 7040, 0, 0, 0
26202, 6347, 0, 0, 0
26301, 6196, 0, 0, 0
26402, 5755, 0, 0, 0
26502, 5819, 0, 0, 0
26601, 5808, 0, 0, 0
26701, 5890, 0, 0, 0
26801, 5771, 0, 0, 0
26901, 6086, 0, 0, 0
27002, 6566, 0, 0, 0
27103, 5702, 0, 0, 0
27200, 6052, 0, 0, 0
27300, 6393, 0, 0, 0
27400, 6425, 0, 0, 0
27505, 6329, 0, 0, 0
27603, 6966, 0, 0, 0
27700, 5925, 0, 0, 0
27800, 5608, 0, 0, 0
27900, 5586, 0, 0, 0
28000, 5371, 0, 0, 0
28107, 5736, 0, 0, 0
28200, 5577, 0, 0, 0
28303, 5555, 0, 0, 0
28401, 5693, 0, 0, 0
28500, 5011, 0, 0, 0
28600, 5731, 0, 0, 0
28704, 5592, 0, 0, 0
28800, 5423, 0, 0, 0
28900, 5735, 0, 0, 0
29000, 6615, 0, 0, 0
29102, 6257, 0, 0, 0
29205, 6446, 0, 0, 0
29300, 6361, 0, 0, 0
29402, 6250, 0, 0, 0
29504, 6253, 0, 0, 0
29602, 6460, 0, 0, 0
29703, 6001, 0, 0, 0
29804, 5266, 0, 0, 0
29904, 5633, 0, 0, 0
30000, 6043, 0, 0, 0
30103, 5990, 0, 0, 0
30200, 5805, 0, 0, 0
30300, 5887, 0, 0, 0
30400, 7650, 0, 0, 0
30500, 6666, 0, 0, 0
30601, 6931, 0, 0, 0
30705, 5958, 0, 0, 0
30802, 6459, 0, 0, 0
30902, 6819, 0, 0, 0
31000, 6580, 0, 0, 0
31102, 5932, 0, 0, 0
31203, 6418, 0, 0, 0
31300, 6444, 0, 0, 0
31400, 6974, 0, 0, 0
31500, 6939, 0, 0, 0
31602, 6123, 0, 0, 0
31700, 6265, 0, 0, 0
31800, 6062, 0, 0, 0
31903, 5445, 0, 0, 0
32003, 5722, 0, 0, 0
32100, 5422, 0, 0, 0
32202, 6286, 0, 0, 0
32301, 6102, 0, 0, 0
32400, 6105, 0, 0, 0
32502, 6558, 0, 0, 0
32600, 7775, 0, 0, 0
32700, 6233, 0, 0, 0
32800, 5785, 0, 0, 0
32901, 6002, 0, 0, 0
33001, 5579, 0, 0, 0
33102, 6121, 0, 0, 0
33201, 5770, 0, 0, 0
33303, 6381, 0, 0, 0
33401, 5783, 0, 0, 0
33500, 5988, 0, 0, 0
33600, 6938, 0, 0, 0
33700, 6240, 0, 0, 0
33800, 6126, 0, 0, 0
33901, 6948, 0, 0, 0
34000, 6362, 0, 0, 0
34101, 6413, 0, 0, 0
34205, 6027, 0, 0, 0
34308, 6212, 0, 0, 0
34401, 5958, 0, 0, 0
34502, 5984, 0, 0, 0
34601, 6663, 0, 0, 0
34700, 6458, 0, 0, 0
34801, 6309, 0, 0, 0
34902, 6281, 0, 0, 0
35001, 6000, 0, 0, 0
35101, 5957, 0, 0, 0
35201, 5685, 0, 0, 0
35300, 5431, 0, 0, 0
35400, 5881, 0, 0, 0
35501, 5979, 0, 0, 0
35600, 6409, 0, 0, 0
35705, 6521, 0, 0, 0
35800, 6296, 0, 0, 0
35901, 6529, 0, 0, 0
36001, 6819, 0, 0, 0
36102, 6040, 0, 0, 0
36200, 6181, 0, 0, 0
36300, 6226, 0, 0, 0
36400, 5876, 0, 0, 0
36502, 6446, 0, 0, 0
36602, 6848, 0, 0, 0
36700, 5726, 0, 0, 0
36800, 5624, 0, 0, 0
36901, 5588, 0, 0, 0
37002, 6551, 0, 0, 0
37100, 6773, 0, 0, 0
37200, 6945, 0, 0, 0
37302, 6346, 0, 0, 0
37400, 6127, 0, 0, 0
37501, 5943, 0, 0, 0
37600, 6555, 0, 0, 0
37702, 6274, 0, 0, 0
37800, 6211, 0, 0, 0
37900, 6210, 0, 0, 0
38002, 6183, 0, 0, 0
38101, 6046, 0, 0, 0
38200, 5500, 0, 0, 0
38301, 6120, 0, 0, 0
38401, 6302, 0, 0, 0
38503, 5989, 0, 0, 0
38601, 5861, 0, 0, 0
38702, 6159, 0, 0, 0
38805, 6214, 0, 0, 0
38900, 5855, 0, 0, 0
39007, 6175, 0, 0, 0
39101, 6660, 0, 0, 0
39200, 6118, 0, 0, 0
39300, 6250, 0, 0, 0
39401, 6174, 0, 0, 0
39503, 6333, 0, 0, 0
39600, 6479, 0, 0, 0
39700, 6310, 0, 0, 0
39801, 6311, 0, 0, 0
39901, 5852, 0, 0, 0
40001, 5929, 0, 0, 0
40104, 6324, 0, 0, 0
40206, 5667, 0, 0, 0
40300, 5872, 0, 0, 0
40406, 6057, 0, 0, 0
40500, 6150, 0, 0, 0
40600, 5636, 0, 0, 0
40701, 5828, 0, 0, 0
40800, 6257, 0, 0, 0
40902, 6064, 0, 0, 0
41000, 5800, 0, 0, 0
41105, 5823, 0, 0, 0
41202, 5960, 0, 0, 0
41302, 6005, 0, 0, 0
41401, 5887, 0, 0, 0
41505, 6566, 0, 0, 0
41600, 6297, 0, 0, 0
41702, 6480, 0, 0, 0
41800, 6312, 0, 0, 0
41900, 6547, 0, 0, 0
42000, 6779, 0, 0, 0
42101, 6539, 0, 0, 0
42202, 6349, 0, 0, 0
42300, 6405, 0, 0, 0
42401, 5824, 0, 0, 0
42500, 5899, 0, 0, 0
42601, 6117, 0, 0, 0
42706, 6184, 0, 0, 0
42803, 6476, 0, 0, 0
42901, 6117, 0, 0, 0
43005, 6122, 0, 0, 0
43101, 5928, 0, 0, 0
43200, 5681, 0, 0, 0
43300, 6002, 0, 0, 0
43400, 5761, 0, 0, 0
43500, 5646, 0, 0, 0
43600, 5726, 0, 0, 0
43700, 5671, 0, 0, 0
43801, 6458, 0, 0, 0
43900, 6403, 0, 0, 0
44001, 6238, 0, 0, 0
44103, 6717, 0, 0, 0
44201, 5906, 0, 0, 0
44300, 6016, 0, 0, 0
44402, 6774, 0, 0, 0
44500, 5896, 0, 0, 0
44605, 6526, 0, 0, 0
44701, 6456, 0, 0, 0
44800, 5688, 0, 0, 0
44901, 6540, 0, 0, 0
45000, 6462, 0, 0, 0
45101, 6294, 0, 0, 0
45203, 6476, 0, 0, 0
45300, 6217, 0, 0, 0
45402, 6970, 0, 0, 0
45500, 6008, 0, 0, 0
45603, 5853, 0, 0, 0
45700, 6020, 0, 0, 0
45802, 5531, 0, 0, 0
45904, 5493, 0, 0, 0
46001, 6136, 0, 0, 0
46101, 6025, 0, 0, 0
46205, 6458, 0, 0, 0
46300, 6036, 0, 0, 0
46401, 5780, 0, 0, 0
46500, 5522, 0, 0, 0
46600, 5685, 0, 0, 0
46703, 5851, 0, 0, 0
46801, 5936, 0, 0, 0
46900, 6198, 0, 0, 0
47002, 6616, 0, 0, 0
47102, 6404, 0, 0, 0
47202, 5274, 0, 0, 0
47303, 5791, 0, 0, 0
47403, 5524, 0, 0, 0
47500, 6113, 0, 0, 0
47604, 6900, 0, 0, 0
47701, 5566, 0, 0, 0
47803, 6012, 0, 0, 0
47901, 6778, 0, 0, 0
48000, 6349, 0, 0, 0
48101, 6252, 0, 0, 0
48201, 6534, 0, 0, 0
48300, 6185, 0, 0, 0
48400, 5603, 0, 0, 0
48502, 5858, 0, 0, 0
48600, 6080, 0, 0, 0
48703, 5816, 0, 0, 0
48800, 6377, 0, 0, 0
48900, 7415, 0, 0, 0
49002, 7229, 0, 0, 0
49100, 6271, 0, 0, 0
49200, 5801, 0, 0, 0
49303, 5517, 0, 0, 0
49403, 5940, 0, 0, 0
49500, 6917, 0, 0, 0
49604, 6344, 0, 0, 0
49701, 6399, 0, 0, 0
49801, 6938, 0, 0, 0
49900, 6634, 0, 0, 0
50001, 6194, 0, 0, 0
50101, 6251, 0, 0, 0
50202, 6084, 0, 0, 0
50300, 6575, 0, 0, 0
50401, 6155, 0, 0, 0
50502, 6997, 0, 0, 0
50603, 6709, 0, 0, 0
50705, 6209, 0, 0, 0
50800, 6240, 0, 0, 0
50901, 6249, 0, 0, 0
51001, 6337, 0, 0, 0
51100, 5659, 0, 0, 0
51201, 5981, 0, 0, 0
51302, 5934, 0, 0, 0
51401, 5998, 0, 0, 0
51500, 6485, 0, 0, 0
51601, 5961, 0, 0, 0
51700, 6359, 0, 0, 0
51801, 6958, 0, 0, 0
51903, 7380, 0, 0, 0
52002, 7004, 0, 0, 0
52101, 6862, 0, 0, 0
52200, 6426, 0, 0, 0
52304, 6100, 0, 0, 0
52403, 6345, 0, 0, 0
52503, 7024, 0, 0, 0
52600, 6900, 0, 0, 0
52700, 5677, 0, 0, 0
52800, 6178, 0, 0, 0
52900, 6347, 0, 0, 0
53002, 6661, 0, 0, 0
53104, 6535, 0, 0, 0
53202, 5554, 0, 0, 0
53301, 5677, 0, 0, 0
53400, 6150, 0, 0, 0
53501, 7505, 0, 0, 0
53600, 6822, 0, 0, 0
53703, 5653, 0, 0, 0
53802, 6115, 0, 0, 0
53902, 5820, 0, 0, 0
54002, 6479, 0, 0, 0
54100, 5828, 0, 0, 0
54201, 6431, 0, 0, 0
54304, 6283, 0, 0, 0
54402, 6391, 0, 0, 0
54501, 6659, 0, 0, 0
54600, 5969, 0, 0, 0
54700, 6098, 0, 0, 0
54800, 6027, 0, 0, 0
54900, 5656, 0, 0, 0
55000, 5994, 0, 0, 0
55100, 5837, 0, 0, 0
55201, 5650, 0, 0, 0
55302, 6054, 0, 0, 0
55400, 5788, 0, 0, 0
55501, 5703, 0, 0, 0
55601, 6034, 0, 0, 0
55700, 5571, 0, 0, 0
55801, 6215, 0, 0, 0
55901, 5871, 0, 0, 0
56002, 6527, 0, 0, 0
56101, 6499, 0, 0, 0
56200, 6169, 0, 0, 0
56303, 6487, 0, 0, 0
56400, 6380, 0, 0, 0
56503, 6006, 0, 0, 0
56601, 6601, 0, 0, 0
56703, 7044, 0, 0, 0
56800, 5794, 0, 0, 0
56900, 5955, 0, 0, 0
57001, 6756, 0, 0, 0
57100, 7216, 0, 0, 0
57200, 6367, 0, 0, 0
57302, 6232, 0, 0, 0
57402, 5539, 0, 0, 0
57502, 6017, 0, 0, 0
57600, 5640, 0, 0, 0
57701, 6047, 0, 0, 0
57800, 6738, 0, 0, 0
57903, 6027, 0, 0, 0
58002, 5921, 0, 0, 0
58100, 5760, 0, 0, 0
58201, 6343, 0, 0, 0
58302, 6174, 0, 0, 0
58404, 5741, 0, 0, 0
58501, 6560, 0, 0, 0
58603, 6015, 0, 0, 0
58703, 5874, 0, 0, 0
58802, 6126, 0, 0, 0
58901, 6306, 0, 0, 0
59001, 6033, 0, 0, 0
59102, 5067, 0, 0, 0
59200, 5962, 0, 0, 0
59301, 5990, 0, 0, 0
59400, 6165, 0, 0, 0
59501, 6340, 0, 0, 0
59600, 5876, 0, 0, 0
59703, 5714, 0, 0, 0
59802, 5941, 0, 0, 0
59900, 6263, 0, 0, 0
60004, 6683, 0, 0, 0
