250, 732, 0, 0, 0
350, 670, 0, 0, 0
450, 690, 0, 0, 0
550, 650, 0, 0, 0
650, 650, 0, 0, 0
749, 727, 0, 0, 0
849, 730, 0, 0, 0
949, 700, 0, 0, 0
1049, 680, 0, 0, 0
1149, 660, 0, 0, 0
1250, 720, 0, 0, 0
1350, 780, 0, 0, 0
1450, 720, 0, 0, 0
1550, 730, 0, 0, 0
1650, 750, 0, 0, 0
1749, 696, 0, 0, 0
1849, 710, 0, 0, 0
1949, 730, 0, 0, 0
2049, 710, 0, 0, 0
2149, 740, 0, 0, 0
2249, 770, 0, 0, 0
2349, 750, 0, 0, 0
2449, 700, 0, 0, 0
2550, 680, 0, 0, 0
2650, 710, 0, 0, 0
2749, 686, 0, 0, 0
2849, 690, 0, 0, 0
2949, 650, 0, 0, 0
3049, 670, 0, 0, 0
3149, 670, 0, 0, 0
3249, 680, 0, 0, 0
3349, 730, 0, 0, 0
3449, 660, 0, 0, 0
3549, 710, 0, 0, 0
3650, 730, 0, 0, 0
3749, 666, 0, 0, 0
3849, 710, 0, 0, 0
3949, 710, 0, 0, 0
4049, 700, 0, 0, 0
4149, 760, 0, 0, 0
4249, 690, 0, 0, 0
4349, 730, 0, 0, 0
4449, 730, 0, 0, 0
4549, 680, 0, 0, 0
4649, 690, 0, 0, 0
4750, 700, 0, 0, 0
4850, 660, 0, 0, 0
4950, 740, 0, 0, 0
5050, 760, 0, 0, 0
5150, 740, 0, 0, 0
5249, 707, 0, 0, 0
5349, 700, 0, 0, 0
5449, 700, 0, 0, 0
5549, 700, 0, 0, 0
5650, 740, 0, 0, 0
5749, 686, 0, 0, 0
5849, 640, 0, 0, 0
5949, 710, 0, 0, 0
6049, 750, 0, 0, 0
6149, 760, 0, 0, 0
6249, 680, 0, 0, 0
6349, 690, 0, 0, 0
6449, 710, 0, 0, 0
6549, 680, 0, 0, 0
6649, 710, 0, 0, 0
6750, 700, 0, 0, 0
6850, 640, 0, 0, 0
6950, 640, 0, 0, 0
7050, 670, 0, 0, 0
7150, 680, 0, 0, 0
7249, 696, 0, 0, 0
7349, 640, 0, 0, 0
7449, 730, 0, 0, 0
7549, 770, 0, 0, 0
7649, 680, 0, 0, 0
7750, 690, 0, 0, 0
7850, 700, 0, 0, 0
7950, 680, 0, 0, 0
8050, 670, 0, 0, 0
8150, 720, 0, 0, 0
8249, 747, 0, 0, 0
8349, 660, 0, 0, 0
8449, 630, 0, 0, 0
8549, 710, 0, 0, 0
8649, 630, 0, 0, 0
8749, 650, 0, 0, 0
8849, 740, 0, 0, 0
8950, 690, 0, 0, 0
9050, 740, 0, 0, 0
9150, 700, 0, 0, 0
9249, 737, 0, 0, 0
9349, 660, 0, 0, 0
9449, 700, 0, 0, 0
9549, 670, 0, 0, 0
9649, 680, 0, 0, 0
9749, 710, 0, 0, 0
9849, 680, 0, 0, 0
9949, 650, 0, 0, 0
10050, 730, 0, 0, 0
10150, 670, 0, 0, 0
10249, 676, 0, 0, 0
10349, 700, 0, 0, 0
10449, 660, 0, 0, 0
10549, 710, 0, 0, 0
10649, 670, 0, 0, 0
10749, 720, 0, 0, 0
10849, 670, 0, 0, 0
10949, 720, 0, 0, 0
11050, 680, 0, 0, 0
11150, 680, 0, 0, 0
11249, 707, 0, 0, 0
11349, 700, 0, 0, 0
11449, 670, 0, 0, 0
11549, 650, 0, 0, 0
11649, 720, 0, 0, 0
11749, 710, 0, 0, 0
11849, 700, 0, 0, 0
11949, 670, 0, 0, 0
12049, 730, 0, 0, 0
12149, 740, 0, 0, 0
12250, 690, 0, 0, 0
12350, 710, 0, 0, 0
12450, 710, 0, 0, 0
12550, 670, 0, 0, 0
12650, 680, 0, 0, 0
12749, 686, 0, 0, 0
12849, 720, 0, 0, 0
12949, 660, 0, 0, 0
13049, 770, 0, 0, 0
13149, 670, 0, 0, 0
13250, 700, 0, 0, 0
13350, 720, 0, 0, 0
13450, 720, 0, 0, 0
13550, 680, 0, 0, 0
13650, 740, 0, 0, 0
13749, 717, 0, 0, 0
13849, 670, 0, 0, 0
13949, 680, 0, 0, 0
14049, 740, 0, 0, 0
14149, 730, 0, 0, 0
14249, 690, 0, 0, 0
14350, 660, 0, 0, 0
14450, 660, 0, 0, 0
14550, 660, 0, 0, 0
14650, 720, 0, 0, 0
14749, 636, 0, 0, 0
14849, 650, 0, 0, 0
14949, 690, 0, 0, 0
15049, 650, 0, 0, 0
15149, 720, 0, 0, 0
15249, 710, 0, 0, 0
15349, 650, 0, 0, 0
15449, 740, 0, 0, 0
15550, 720, 0, 0, 0
15650, 700, 0, 0, 0
15749, 696, 0, 0, 0
15849, 670, 0, 0, 0
15949, 660, 0, 0, 0
16049, 690, 0, 0, 0
16149, 730, 0, 0, 0
16249, 700, 0, 0, 0
16349, 680, 0, 0, 0
16450, 660, 0, 0, 0
16550, 650, 0, 0, 0
16650, 720, 0, 0, 0
16749, 707, 0, 0, 0
16849, 690, 0, 0, 0
16949, 680, 0, 0, 0
17049, 710, 0, 0, 0
17149, 790, 0, 0, 0
17249, 690, 0, 0, 0
17349, 670, 0, 0, 0
17449, 670, 0, 0, 0
17550, 660, 0, 0, 0
17650, 670, 0, 0, 0
17749, 707, 0, 0, 0
17849, 720, 0, 0, 0
17949, 690, 0, 0, 0
18049, 660, 0, 0, 0
18149, 710, 0, 0, 0
18249, 650, 0, 0, 0
18349, 690, 0, 0, 0
18449, 650, 0, 0, 0
18549, 710, 0, 0, 0
18650, 650, 0, 0, 0
18749, 656, 0, 0, 0
18849, 670, 0, 0, 0
18949, 710, 0, 0, 0
19049, 700, 0, 0, 0
19149, 750, 0, 0, 0
19249, 650, 0, 0, 0
19349, 680, 0, 0, 0
19449, 650, 0, 0, 0
19549, 670, 0, 0, 0
19649, 730, 0, 0, 0
19750, 690, 0, 0, 0
19850, 690, 0, 0, 0
19950, 710, 0, 0, 0
20050, 690, 0, 0, 0
20150, 690, 0, 0, 0
20249, 707, 0, 0, 0
20349, 670, 0, 0, 0
20449, 670, 0, 0, 0
20549, 760, 0, 0, 0
20649, 700, 0, 0, 0
20749, 740, 0, 0, 0
20849, 720, 0, 0, 0
20949, 690, 0, 0, 0
21050, 690, 0, 0, 0
21150, 690, 0, 0, 0
21249, 707, 0, 0, 0
21349, 650, 0, 0, 0
21449, 690, 0, 0, 0
21549, 700, 0, 0, 0
21649, 730, 0, 0, 0
21749, 730, 0, 0, 0
21849, 780, 0, 0, 0
21949, 670, 0, 0, 0
22049, 690, 0, 0, 0
22150, 700, 0, 0, 0
22249, 696, 0, 0, 0
22349, 740, 0, 0, 0
22449, 750, 0, 0, 0
22549, 700, 0, 0, 0
22649, 670, 0, 0, 0
22749, 660, 0, 0, 0
22849, 670, 0, 0, 0
22949, 700, 0, 0, 0
23049, 660, 0, 0, 0
23149, 640, 0, 0, 0
23250, 740, 0, 0, 0
23350, 710, 0, 0, 0
23450, 730, 0, 0, 0
23550, 650, 0, 0, 0
23650, 690, 0, 0, 0
23749, 727, 0, 0, 0
23849, 720, 0, 0, 0
23949, 710, 0, 0, 0
24049, 730, 0, 0, 0
24149, 690, 0, 0, 0
24250, 620, 0, 0, 0
24350, 690, 0, 0, 0
24450, 740, 0, 0, 0
24550, 720, 0, 0, 0
24650, 690, 0, 0, 0
24749, 686, 0, 0, 0
24849, 730, 0, 0, 0
24949, 700, 0, 0, 0
25049, 750, 0, 0, 0
25149, 710, 0, 0, 0
25249, 680, 0, 0, 0
25349, 680, 0, 0, 0
25449, 760, 0, 0, 0
25550, 660, 0, 0, 0
25650, 730, 0, 0, 0
25749, 666, 0, 0, 0
25849, 720, 0, 0, 0
25949, 700, 0, 0, 0
26049, 680, 0, 0, 0
26149, 710, 0, 0, 0
26249, 690, 0, 0, 0
26349, 710, 0, 0, 0
26449, 730, 0, 0, 0
26549, 730, 0, 0, 0
26650, 710, 0, 0, 0
26750, 750, 0, 0, 0
26850, 710, 0, 0, 0
26950, 710, 0, 0, 0
27050, 730, 0, 0, 0
27150, 710, 0, 0, 0
27249, 656, 0, 0, 0
27349, 720, 0, 0, 0
27449, 730, 0, 0, 0
27549, 690, 0, 0, 0
27649, 720, 0, 0, 0
27750, 750, 0, 0, 0
27850, 740, 0, 0, 0
27950, 660, 0, 0, 0
28050, 700, 0, 0, 0
28150, 680, 0, 0, 0
28249, 696, 0, 0, 0
28349, 700, 0, 0, 0
28449, 670, 0, 0, 0
28549, 690, 0, 0, 0
28649, 660, 0, 0, 0
28749, 730, 0, 0, 0
28850, 760, 0, 0, 0
28950, 720, 0, 0, 0
29050, 750, 0, 0, 0
29150, 650, 0, 0, 0
29249, 727, 0, 0, 0
29349, 640, 0, 0, 0
29449, 750, 0, 0, 0
29549, 710, 0, 0, 0
29649, 690, 0, 0, 0
29749, 730, 0, 0, 0
29849, 740, 0, 0, 0
29950, 650, 0, 0, 0
30050, 720, 0, 0, 0
30150, 680, 0, 0, 0
30249, 676, 0, 0, 0
30349, 740, 0, 0, 0
30449, 670, 0, 0, 0
30549, 660, 0, 0, 0
30649, 710, 0, 0, 0
30749, 700, 0, 0, 0
30849, 700, 0, 0, 0
30949, 720, 0, 0, 0
31050, 680, 0, 0, 0
31150, 630, 0, 0, 0
31249, 707, 0, 0, 0
31349, 720, 0, 0, 0
31449, 700, 0, 0, 0
31549, 710, 0, 0, 0
31649, 670, 0, 0, 0
31749, 640, 0, 0, 0
31849, 730, 0, 0, 0
31949, 700, 0, 0, 0
32049, 680, 0, 0, 0
32150, 750, 0, 0, 0
32249, 666, 0, 0, 0
32349, 720, 0, 0, 0
32449, 680, 0, 0, 0
32549, 700, 0, 0, 0
32649, 650, 0, 0, 0
32749, 680, 0, 0, 0
32849, 740, 0, 0, 0
32949, 730, 0, 0, 0
33049, 750, 0, 0, 0
33149, 670, 0, 0, 0
33250, 720, 0, 0, 0
33350, 680, 0, 0, 0
33450, 760, 0, 0, 0
33550, 710, 0, 0, 0
33650, 680, 0, 0, 0
33749, 707, 0, 0, 0
33849, 700, 0, 0, 0
33949, 740, 0, 0, 0
34049, 700, 0, 0, 0
34149, 710, 0, 0, 0
34250, 740, 0, 0, 0
34350, 710, 0, 0, 0
34450, 630, 0, 0, 0
34550, 690, 0, 0, 0
34650, 710, 0, 0, 0
34749, 656, 0, 0, 0
34849, 720, 0, 0, 0
34949, 750, 0, 0, 0
35049, 760, 0, 0, 0
35149, 670, 0, 0, 0
35250, 710, 0, 0, 0
35350, 700, 0, 0, 0
35450, 660, 0, 0, 0
35550, 760, 0, 0, 0
35650, 710, 0, 0, 0
35749, 737, 0, 0, 0
35849, 710, 0, 0, 0
35949, 710, 0, 0, 0
36049, 670, 0, 0, 0
36149, 670, 0, 0, 0
36249, 690, 0, 0, 0
36349, 690, 0, 0, 0
36449, 750, 0, 0, 0
36550, 730, 0, 0, 0
36650, 670, 0, 0, 0
36749, 696, 0, 0, 0
36849, 740, 0, 0, 0
36949, 700, 0, 0, 0
37049, 700, 0, 0, 0
37149, 740, 0, 0, 0
37249, 670, 0, 0, 0
37349, 740, 0, 0, 0
37449, 700, 0, 0, 0
37550, 720, 0, 0, 0
37650, 710, 0, 0, 0
37749, 686, 0, 0, 0
37849, 680, 0, 0, 0
37949, 680, 0, 0, 0
38049, 680, 0, 0, 0
38149, 700, 0, 0, 0
38249, 720, 0, 0, 0
38349, 720, 0, 0, 0
38449, 660, 0, 0, 0
38550, 670, 0, 0, 0
38650, 710, 0, 0, 0
38749, 717, 0, 0, 0
38849, 690, 0, 0, 0
38949, 710, 0, 0, 0
39049, 720, 0, 0, 0
39149, 670, 0, 0, 0
39249, 670, 0, 0, 0
39349, 660, 0, 0, 0
39449, 670, 0, 0, 0
39549, 720, 0, 0, 0
39649, 680, 0, 0, 0
39750, 730, 0, 0, 0
39850, 680, 0, 0, 0
39950, 690, 0, 0, 0
40050, 690, 0, 0, 0
40150, 730, 0, 0, 0
40249, 636, 0, 0, 0
40349, 700, 0, 0, 0
40449, 760, 0, 0, 0
40549, 650, 0, 0, 0
40649, 730, 0, 0, 0
40750, 670, 0, 0, 0
40850, 710, 0, 0, 0
40950, 720, 0, 0, 0
41050, 720, 0, 0, 0
41150, 700, 0, 0, 0
41249, 727, 0, 0, 0
41349, 700, 0, 0, 0
41449, 680, 0, 0, 0
41549, 680, 0, 0, 0
41649, 650, 0, 0, 0
41750, 670, 0, 0, 0
41850, 650, 0, 0, 0
41950, 730, 0, 0, 0
42050, 720, 0, 0, 0
42150, 690, 0, 0, 0
42249, 666, 0, 0, 0
42349, 680, 0, 0, 0
42449, 690, 0, 0, 0
42549, 680, 0, 0, 0
42649, 690, 0, 0, 0
42750, 730, 0, 0, 0
42850, 710, 0, 0, 0
42950, 710, 0, 0, 0
43050, 720, 0, 0, 0
43150, 700, 0, 0, 0
43249, 676, 0, 0, 0
43349, 720, 0, 0, 0
43449, 720, 0, 0, 0
43549, 720, 0, 0, 0
43649, 680, 0, 0, 0
43750, 760, 0, 0, 0
43850, 660, 0, 0, 0
43950, 690, 0, 0, 0
44050, 700, 0, 0, 0
44150, 650, 0, 0, 0
44249, 696, 0, 0, 0
44349, 690, 0, 0, 0
44449, 680, 0, 0, 0
44549, 710, 0, 0, 0
44649, 660, 0, 0, 0
44749, 720, 0, 0, 0
44849, 730, 0, 0, 0
44949, 680, 0, 0, 0
45050, 690, 0, 0, 0
45150, 710, 0, 0, 0
45249, 727, 0, 0, 0
45349, 710, 0, 0, 0
45449, 650, 0, 0, 0
45549, 680, 0, 0, 0
45649, 720, 0, 0, 0
45749, 670, 0, 0, 0
45849, 690, 0, 0, 0
45949, 740, 0, 0, 0
46050, 730, 0, 0, 0
46150, 670, 0, 0, 0
46249, 676, 0, 0, 0
46349, 700, 0, 0, 0
46449, 720, 0, 0, 0
46549, 740, 0, 0, 0
46649, 670, 0, 0, 0
46749, 690, 0, 0, 0
46849, 720, 0, 0, 0
46950, 680, 0, 0, 0
47050, 660, 0, 0, 0
47150, 700, 0, 0, 0
47249, 727, 0, 0, 0
47349, 700, 0, 0, 0
47449, 680, 0, 0, 0
47549, 670, 0, 0, 0
47649, 790, 0, 0, 0
47749, 700, 0, 0, 0
47849, 740, 0, 0, 0
47949, 700, 0, 0, 0
48050, 670, 0, 0, 0
48150, 720, 0, 0, 0
48249, 666, 0, 0, 0
48349, 700, 0, 0, 0
48449, 780, 0, 0, 0
48549, 700, 0, 0, 0
48649, 630, 0, 0, 0
48749, 700, 0, 0, 0
48849, 730, 0, 0, 0
48949, 720, 0, 0, 0
49049, 720, 0, 0, 0
49150, 740, 0, 0, 0
49249, 727, 0, 0, 0
49349, 710, 0, 0, 0
49449, 670, 0, 0, 0
49549, 690, 0, 0, 0
49649, 650, 0, 0, 0
49749, 730, 0, 0, 0
49849, 710, 0, 0, 0
49949, 690, 0, 0, 0
50049, 680, 0, 0, 0
50150, 670, 0, 0, 0
50249, 676, 0, 0, 0
50349, 720, 0, 0, 0
50449, 640, 0, 0, 0
50549, 690, 0, 0, 0
50649, 710, 0, 0, 0
50749, 660, 0, 0, 0
50849, 700, 0, 0, 0
50949, 730, 0, 0, 0
51049, 700, 0, 0, 0
51149, 720, 0, 0, 0
51250, 760, 0, 0, 0
51350, 730, 0, 0, 0
51450, 640, 0, 0, 0
51550, 680, 0, 0, 0
51650, 710, 0, 0, 0
51749, 707, 0, 0, 0
51849, 720, 0, 0, 0
51949, 700, 0, 0, 0
52049, 740, 0, 0, 0
52149, 670, 0, 0, 0
52249, 690, 0, 0, 0
52349, 710, 0, 0, 0
52449, 730, 0, 0, 0
52550, 710, 0, 0, 0
52650, 680, 0, 0, 0
52749, 757, 0, 0, 0
52849, 670, 0, 0, 0
52949, 670, 0, 0, 0
53049, 700, 0, 0, 0
53149, 690, 0, 0, 0
53249, 720, 0, 0, 0
53349, 690, 0, 0, 0
53449, 730, 0, 0, 0
53549, 670, 0, 0, 0
53649, 620, 0, 0, 0
53750, 680, 0, 0, 0
53850, 720, 0, 0, 0
53950, 720, 0, 0, 0
54050, 760, 0, 0, 0
54150, 700, 0, 0, 0
54249, 666, 0, 0, 0
54349, 680, 0, 0, 0
54449, 690, 0, 0, 0
54549, 690, 0, 0, 0
54649, 700, 0, 0, 0
54750, 720, 0, 0, 0
54850, 660, 0, 0, 0
54950, 750, 0, 0, 0
55050, 680, 0, 0, 0
55150, 730, 0, 0, 0
55249, 676, 0, 0, 0
55349, 720, 0, 0, 0
55449, 690, 0, 0, 0
55549, 770, 0, 0, 0
55649, 750, 0, 0, 0
55749, 710, 0, 0, 0
55849, 680, 0, 0, 0
55949, 690, 0, 0, 0
56050, 740, 0, 0, 0
56150, 690, 0, 0, 0
56249, 696, 0, 0, 0
56349, 650, 0, 0, 0
56449, 680, 0, 0, 0
56549, 680, 0, 0, 0
56649, 700, 0, 0, 0
56749, 690, 0, 0, 0
56849, 740, 0, 0, 0
56949, 730, 0, 0, 0
57049, 680, 0, 0, 0
57149, 670, 0, 0, 0
57250, 750, 0, 0, 0
57350, 710, 0, 0, 0
57450, 710, 0, 0, 0
57550, 680, 0, 0, 0
57650, 620, 0, 0, 0
57749, 646, 0, 0, 0
57849, 640, 0, 0, 0
57949, 720, 0, 0, 0
58049, 720, 0, 0, 0
58149, 690, 0, 0, 0
58250, 660, 0, 0, 0
58350, 700, 0, 0, 0
58450, 650, 0, 0, 0
58550, 720, 0, 0, 0
58650, 690, 0, 0, 0
58749, 696, 0, 0, 0
58849, 730, 0, 0, 0
58949, 750, 0, 0, 0
59049, 710, 0, 0, 0
59149, 720, 0, 0, 0
59249, 680, 0, 0, 0
59349, 710, 0, 0, 0
59449, 690, 0, 0, 0
59550, 720, 0, 0, 0
59650, 680, 0, 0, 0
59749, 707, 0, 0, 0
59849, 740, 0, 0, 0
59949, 690, 0, 0, 0
60049, 690, 0, 0, 0
60149, 660, 0, 0, 0
60249, 680, 0, 0, 0
60349, 640, 0, 0, 0
60449, 690, 0, 0, 0
60549, 680, 0, 0, 0
60650, 700, 0, 0, 0
60749, 717, 0, 0, 0
60849, 700, 0, 0, 0
60949, 660, 0, 0, 0
61049, 750, 0, 0, 0
61149, 690, 0, 0, 0
61249, 710, 0, 0, 0
61349, 670, 0, 0, 0
61449, 650, 0, 0, 0
61549, 650, 0, 0, 0
61649, 670, 0, 0, 0
61750, 710, 0, 0, 0
61850, 710, 0, 0, 0
61950, 770, 0, 0, 0
62050, 660, 0, 0, 0
62150, 700, 0, 0, 0
62249, 676, 0, 0, 0
62349, 680, 0, 0, 0
62449, 700, 0, 0, 0
62549, 630, 0, 0, 0
62649, 710, 0, 0, 0
62749, 700, 0, 0, 0
62849, 680, 0, 0, 0
62950, 710, 0, 0, 0
63050, 660, 0, 0, 0
63150, 610, 0, 0, 0
63249, 656, 0, 0, 0
63349, 680, 0, 0, 0
63449, 700, 0, 0, 0
63549, 720, 0, 0, 0
63649, 690, 0, 0, 0
63749, 710, 0, 0, 0
63849, 660, 0, 0, 0
63949, 670, 0, 0, 0
64050, 670, 0, 0, 0
64150, 700, 0, 0, 0
64249, 707, 0, 0, 0
64349, 680, 0, 0, 0
64449, 690, 0, 0, 0
64549, 650, 0, 0, 0
64649, 710, 0, 0, 0
64749, 650, 0, 0, 0
64849, 690, 0, 0, 0
64949, 730, 0, 0, 0
65049, 660, 0, 0, 0
65149, 700, 0, 0, 0
65250, 750, 0, 0, 0
65350, 680, 0, 0, 0
65450, 720, 0, 0, 0
65550, 700, 0, 0, 0
65650, 680, 0, 0, 0
65749, 696, 0, 0, 0
65849, 650, 0, 0, 0
65949, 710, 0, 0, 0
66049, 710, 0, 0, 0
66149, 780, 0, 0, 0
66250, 700, 0, 0, 0
66350, 710, 0, 0, 0
66450, 680, 0, 0, 0
66550, 730, 0, 0, 0
66650, 710, 0, 0, 0
66749, 696, 0, 0, 0
66849, 670, 0, 0, 0
66949, 670, 0, 0, 0
67049, 680, 0, 0, 0
67149, 700, 0, 0, 0
67249, 720, 0, 0, 0
67350, 680, 0, 0, 0
67450, 720, 0, 0, 0
67550, 650, 0, 0, 0
67650, 690, 0, 0, 0
67749, 747, 0, 0, 0
67849, 710, 0, 0, 0
67949, 700, 0, 0, 0
68049, 750, 0, 0, 0
68149, 680, 0, 0, 0
68249, 710, 0, 0, 0
68350, 730, 0, 0, 0
68450, 680, 0, 0, 0
68550, 680, 0, 0, 0
68650, 720, 0, 0, 0
68749, 646, 0, 0, 0
68849, 750, 0, 0, 0
68949, 700, 0, 0, 0
69049, 710, 0, 0, 0
69149, 700, 0, 0, 0
69249, 740, 0, 0, 0
69349, 690, 0, 0, 0
69450, 680, 0, 0, 0
69550, 700, 0, 0, 0
69650, 700, 0, 0, 0
69749, 676, 0, 0, 0
69849, 730, 0, 0, 0
69949, 710, 0, 0, 0
70049, 730, 0, 0, 0
70149, 690, 0, 0, 0
70249, 670, 0, 0, 0
70349, 700, 0, 0, 0
70450, 740, 0, 0, 0
70550, 700, 0, 0, 0
70650, 690, 0, 0, 0
70749, 686, 0, 0, 0
70849, 750, 0, 0, 0
70949, 790, 0, 0, 0
71049, 640, 0, 0, 0
71149, 680, 0, 0, 0
71249, 660, 0, 0, 0
71349, 700, 0, 0, 0
71449, 680, 0, 0, 0
71550, 670, 0, 0, 0
71650, 780, 0, 0, 0
71749, 666, 0, 0, 0
71849, 710, 0, 0, 0
71949, 650, 0, 0, 0
72049, 680, 0, 0, 0
72149, 670, 0, 0, 0
72249, 750, 0, 0, 0
72349, 710, 0, 0, 0
72449, 660, 0, 0, 0
72550, 680, 0, 0, 0
72650, 670, 0, 0, 0
72749, 717, 0, 0, 0
72849, 740, 0, 0, 0
72949, 740, 0, 0, 0
73049, 670, 0, 0, 0
73149, 680, 0, 0, 0
73249, 730, 0, 0, 0
73349, 650, 0, 0, 0
73449, 690, 0, 0, 0
73550, 680, 0, 0, 0
73650, 660, 0, 0, 0
73749, 696, 0, 0, 0
73849, 690, 0, 0, 0
73949, 660, 0, 0, 0
74049, 720, 0, 0, 0
74149, 710, 0, 0, 0
74249, 740, 0, 0, 0
74349, 680, 0, 0, 0
74449, 660, 0, 0, 0
74550, 700, 0, 0, 0
74650, 660, 0, 0, 0
74749, 666, 0, 0, 0
74849, 650, 0, 0, 0
74949, 640, 0, 0, 0
75049, 700, 0, 0, 0
75149, 630, 0, 0, 0
75249, 700, 0, 0, 0
75349, 720, 0, 0, 0
75449, 680, 0, 0, 0
75549, 750, 0, 0, 0
75649, 660, 0, 0, 0
75750, 730, 0, 0, 0
75850, 640, 0, 0, 0
75950, 670, 0, 0, 0
76050, 690, 0, 0, 0
76150, 650, 0, 0, 0
76249, 747, 0, 0, 0
76349, 710, 0, 0, 0
76449, 690, 0, 0, 0
76549, 730, 0, 0, 0
76649, 680, 0, 0, 0
76750, 720, 0, 0, 0
76850, 710, 0, 0, 0
76950, 710, 0, 0, 0
77050, 730, 0, 0, 0
77150, 640, 0, 0, 0
77249, 686, 0, 0, 0
77349, 690, 0, 0, 0
77449, 730, 0, 0, 0
77549, 680, 0, 0, 0
77649, 690, 0, 0, 0
77750, 670, 0, 0, 0
77850, 730, 0, 0, 0
77950, 740, 0, 0, 0
78050, 720, 0, 0, 0
78150, 710, 0, 0, 0
78249, 757, 0, 0, 0
78349, 730, 0, 0, 0
78449, 700, 0, 0, 0
78549, 740, 0, 0, 0
78649, 690, 0, 0, 0
78749, 710, 0, 0, 0
78850, 700, 0, 0, 0
78950, 660, 0, 0, 0
79050, 720, 0, 0, 0
79150, 690, 0, 0, 0
79249, 747, 0, 0, 0
79349, 710, 0, 0, 0
79449, 700, 0, 0, 0
79549, 690, 0, 0, 0
79649, 680, 0, 0, 0
79749, 690, 0, 0, 0
79849, 710, 0, 0, 0
79950, 700, 0, 0, 0
80050, 640, 0, 0, 0
80150, 720, 0, 0, 0
80249, 707, 0, 0, 0
80349, 750, 0, 0, 0
80449, 620, 0, 0, 0
80549, 650, 0, 0, 0
80649, 670, 0, 0, 0
80749, 660, 0, 0, 0
80849, 710, 0, 0, 0
80949, 640, 0, 0, 0
81050, 670, 0, 0, 0
81150, 680, 0, 0, 0
81249, 727, 0, 0, 0
81349, 740, 0, 0, 0
81449, 710, 0, 0, 0
81549, 680, 0, 0, 0
81649, 690, 0, 0, 0
81749, 700, 0, 0, 0
81849, 560, 0, 0, 0
81949, 700, 0, 0, 0
82049, 700, 0, 0, 0
82149, 690, 0, 0, 0
82250, 660, 0, 0, 0
82350, 690, 0, 0, 0
82450, 660, 0, 0, 0
82550, 690, 0, 0, 0
82650, 730, 0, 0, 0
82749, 767, 0, 0, 0
82849, 700, 0, 0, 0
82949, 670, 0, 0, 0
83049, 710, 0, 0, 0
83149, 740, 0, 0, 0
83250, 650, 0, 0, 0
83350, 700, 0, 0, 0
83450, 680, 0, 0, 0
83550, 670, 0, 0, 0
83650, 760, 0, 0, 0
83749, 696, 0, 0, 0
83849, 660, 0, 0, 0
83949, 710, 0, 0, 0
84049, 680, 0, 0, 0
84149, 680, 0, 0, 0
84250, 710, 0, 0, 0
84350, 680, 0, 0, 0
84450, 740, 0, 0, 0
84550, 670, 0, 0, 0
84650, 710, 0, 0, 0
84749, 676, 0, 0, 0
84849, 720, 0, 0, 0
84949, 690, 0, 0, 0
85049, 660, 0, 0, 0
85149, 680, 0, 0, 0
85250, 700, 0, 0, 0
85350, 750, 0, 0, 0
85450, 730, 0, 0, 0
85550, 660, 0, 0, 0
85650, 690, 0, 0, 0
85749, 707, 0, 0, 0
85849, 710, 0, 0, 0
85949, 670, 0, 0, 0
86049, 720, 0, 0, 0
86149, 700, 0, 0, 0
86250, 730, 0, 0, 0
86350, 660, 0, 0, 0
86450, 700, 0, 0, 0
86550, 680, 0, 0, 0
86650, 660, 0, 0, 0
86749, 646, 0, 0, 0
86849, 710, 0, 0, 0
86949, 720, 0, 0, 0
87049, 690, 0, 0, 0
87149, 740, 0, 0, 0
87250, 720, 0, 0, 0
87350, 660, 0, 0, 0
87450, 660, 0, 0, 0
87550, 710, 0, 0, 0
87650, 680, 0, 0, 0
87749, 696, 0, 0, 0
87849, 660, 0, 0, 0
87949, 710, 0, 0, 0
88049, 730, 0, 0, 0
88149, 700, 0, 0, 0
88249, 760, 0, 0, 0
88349, 710, 0, 0, 0
88449, 720, 0, 0, 0
88550, 710, 0, 0, 0
88650, 680, 0, 0, 0
88749, 707, 0, 0, 0
88849, 700, 0, 0, 0
88949, 650, 0, 0, 0
89049, 720, 0, 0, 0
89149, 700, 0, 0, 0
89249, 710, 0, 0, 0
89349, 680, 0, 0, 0
89449, 690, 0, 0, 0
89549, 710, 0, 0, 0
89649, 740, 0, 0, 0
89750, 690, 0, 0, 0
89850, 690, 0, 0, 0
89950, 730, 0, 0, 0
90050, 660, 0, 0, 0
90150, 710, 0, 0, 0
90249, 707, 0, 0, 0
90349, 760, 0, 0, 0
90449, 690, 0, 0, 0
90549, 720, 0, 0, 0
90649, 680, 0, 0, 0
90749, 680, 0, 0, 0
90850, 720, 0, 0, 0
90950, 680, 0, 0, 0
91050, 730, 0, 0, 0
91150, 670, 0, 0, 0
91249, 696, 0, 0, 0
91349, 690, 0, 0, 0
91449, 760, 0, 0, 0
91549, 700, 0, 0, 0
91649, 680, 0, 0, 0
91749, 680, 0, 0, 0
91849, 660, 0, 0, 0
91949, 710, 0, 0, 0
92050, 730, 0, 0, 0
92150, 680, 0, 0, 0
92249, 717, 0, 0, 0
92349, 720, 0, 0, 0
92449, 680, 0, 0, 0
92549, 660, 0, 0, 0
92649, 690, 0, 0, 0
92749, 720, 0, 0, 0
92849, 640, 0, 0, 0
92949, 690, 0, 0, 0
93050, 690, 0, 0, 0
93150, 680, 0, 0, 0
93249, 696, 0, 0, 0
93349, 680, 0, 0, 0
93449, 750, 0, 0, 0
93549, 690, 0, 0, 0
93649, 740, 0, 0, 0
93749, 700, 0, 0, 0
93849, 700, 0, 0, 0
93949, 720, 0, 0, 0
94050, 760, 0, 0, 0
94150, 700, 0, 0, 0
94249, 696, 0, 0, 0
94349, 660, 0, 0, 0
94449, 690, 0, 0, 0
94549, 700, 0, 0, 0
94649, 680, 0, 0, 0
94749, 700, 0, 0, 0
94849, 680, 0, 0, 0
94949, 680, 0, 0, 0
95050, 700, 0, 0, 0
95150, 680, 0, 0, 0
95249, 686, 0, 0, 0
95349, 710, 0, 0, 0
95449, 710, 0, 0, 0
95549, 750, 0, 0, 0
95649, 760, 0, 0, 0
95749, 720, 0, 0, 0
95849, 700, 0, 0, 0
95949, 710, 0, 0, 0
96049, 690, 0, 0, 0
96149, 710, 0, 0, 0
96250, 710, 0, 0, 0
96350, 720, 0, 0, 0
96450, 630, 0, 0, 0
96550, 730, 0, 0, 0
96650, 710, 0, 0, 0
96749, 717, 0, 0, 0
96849, 760, 0, 0, 0
96949, 740, 0, 0, 0
97049, 670, 0, 0, 0
97149, 660, 0, 0, 0
97249, 650, 0, 0, 0
97350, 730, 0, 0, 0
97450, 660, 0, 0, 0
97550, 680, 0, 0, 0
97650, 660, 0, 0, 0
97749, 727, 0, 0, 0
97849, 680, 0, 0, 0
97949, 710, 0, 0, 0
98049, 690, 0, 0, 0
98149, 680, 0, 0, 0
98249, 700, 0, 0, 0
98349, 710, 0, 0, 0
98450, 690, 0, 0, 0
98550, 670, 0, 0, 0
98650, 690, 0, 0, 0
98749, 686, 0, 0, 0
98849, 660, 0, 0, 0
98949, 700, 0, 0, 0
99049, 680, 0, 0, 0
99149, 680, 0, 0, 0
99249, 650, 0, 0, 0
99349, 650, 0, 0, 0
99449, 690, 0, 0, 0
99550, 690, 0, 0, 0
99650, 660, 0, 0, 0
99749, 696, 0, 0, 0
99849, 650, 0, 0, 0
99949, 750, 0, 0, 0
100049, 660, 0, 0, 0
100149, 680, 0, 0, 0
100249, 630, 0, 0, 0
100349, 550, 0, 0, 0
100449, 700, 0, 0, 0
100550, 720, 0, 0, 0
100650, 710, 0, 0, 0
100749, 707, 0, 0, 0
100849, 680, 0, 0, 0
100949, 660, 0, 0, 0
101049, 650, 0, 0, 0
101149, 690, 0, 0, 0
101249, 680, 0, 0, 0
101349, 720, 0, 0, 0
101449, 650, 0, 0, 0
101550, 730, 0, 0, 0
101650, 750, 0, 0, 0
101749, 686, 0, 0, 0
101849, 720, 0, 0, 0
101949, 700, 0, 0, 0
102049, 710, 0, 0, 0
102149, 710, 0, 0, 0
102249, 720, 0, 0, 0
102349, 690, 0, 0, 0
102449, 720, 0, 0, 0
102550, 680, 0, 0, 0
102650, 710, 0, 0, 0
102749, 686, 0, 0, 0
102849, 660, 0, 0, 0
102949, 740, 0, 0, 0
103049, 660, 0, 0, 0
103149, 680, 0, 0, 0
103249, 690, 0, 0, 0
103349, 650, 0, 0, 0
103449, 700, 0, 0, 0
103549, 740, 0, 0, 0
103650, 710, 0, 0, 0
103749, 717, 0, 0, 0
103849, 680, 0, 0, 0
103949, 660, 0, 0, 0
104049, 680, 0, 0, 0
104149, 750, 0, 0, 0
104249, 700, 0, 0, 0
104349, 720, 0, 0, 0
104449, 770, 0, 0, 0
104550, 690, 0, 0, 0
104650, 680, 0, 0, 0
104749, 676, 0, 0, 0
104849, 680, 0, 0, 0
104949, 720, 0, 0, 0
105049, 700, 0, 0, 0
105149, 700, 0, 0, 0
105249, 690, 0, 0, 0
105349, 660, 0, 0, 0
105449, 670, 0, 0, 0
105550, 650, 0, 0, 0
105650, 640, 0, 0, 0
105749, 696, 0, 0, 0
105849, 650, 0, 0, 0
105949, 680, 0, 0, 0
106049, 730, 0, 0, 0
106149, 670, 0, 0, 0
106249, 730, 0, 0, 0
106349, 680, 0, 0, 0
106449, 660, 0, 0, 0
106549, 680, 0, 0, 0
106649, 690, 0, 0, 0
106750, 720, 0, 0, 0
106850, 730, 0, 0, 0
106950, 740, 0, 0, 0
107050, 670, 0, 0, 0
107150, 710, 0, 0, 0
107249, 636, 0, 0, 0
107349, 660, 0, 0, 0
107449, 680, 0, 0, 0
107549, 670, 0, 0, 0
107649, 690, 0, 0, 0
107750, 680, 0, 0, 0
107850, 620, 0, 0, 0
107950, 670, 0, 0, 0
108050, 700, 0, 0, 0
108150, 690, 0, 0, 0
108249, 707, 0, 0, 0
108349, 680, 0, 0, 0
108449, 620, 0, 0, 0
108549, 720, 0, 0, 0
108649, 700, 0, 0, 0
108750, 700, 0, 0, 0
108850, 720, 0, 0, 0
108950, 750, 0, 0, 0
109050, 750, 0, 0, 0
109150, 640, 0, 0, 0
109249, 686, 0, 0, 0
109349, 680, 0, 0, 0
109449, 690, 0, 0, 0
109549, 720, 0, 0, 0
109649, 680, 0, 0, 0
109750, 700, 0, 0, 0
109850, 740, 0, 0, 0
109950, 710, 0, 0, 0
110050, 690, 0, 0, 0
110150, 670, 0, 0, 0
110249, 676, 0, 0, 0
110349, 680, 0, 0, 0
110449, 690, 0, 0, 0
110549, 740, 0, 0, 0
110649, 690, 0, 0, 0
110749, 700, 0, 0, 0
110850, 680, 0, 0, 0
110950, 770, 0, 0, 0
111050, 700, 0, 0, 0
111150, 690, 0, 0, 0
111249, 717, 0, 0, 0
111349, 690, 0, 0, 0
111449, 670, 0, 0, 0
111549, 730, 0, 0, 0
111649, 710, 0, 0, 0
111749, 680, 0, 0, 0
111849, 670, 0, 0, 0
111949, 650, 0, 0, 0
112050, 700, 0, 0, 0
112150, 700, 0, 0, 0
112249, 686, 0, 0, 0
112349, 710, 0, 0, 0
112449, 730, 0, 0, 0
112549, 750, 0, 0, 0
112649, 770, 0, 0, 0
112749, 720, 0, 0, 0
112849, 740, 0, 0, 0
112949, 700, 0, 0, 0
113050, 670, 0, 0, 0
113150, 710, 0, 0, 0
113249, 666, 0, 0, 0
113349, 680, 0, 0, 0
113449, 690, 0, 0, 0
113549, 700, 0, 0, 0
113649, 740, 0, 0, 0
113749, 680, 0, 0, 0
113849, 670, 0, 0, 0
113949, 700, 0, 0, 0
114050, 730, 0, 0, 0
114150, 670, 0, 0, 0
114249, 686, 0, 0, 0
114349, 710, 0, 0, 0
114449, 690, 0, 0, 0
114549, 680, 0, 0, 0
114649, 660, 0, 0, 0
114749, 700, 0, 0, 0
114849, 720, 0, 0, 0
114949, 710, 0, 0, 0
115049, 720, 0, 0, 0
115149, 720, 0, 0, 0
115250, 650, 0, 0, 0
115350, 710, 0, 0, 0
115450, 720, 0, 0, 0
115550, 670, 0, 0, 0
115650, 750, 0, 0, 0
115749, 676, 0, 0, 0
115849, 760, 0, 0, 0
115949, 660, 0, 0, 0
116049, 720, 0, 0, 0
116149, 720, 0, 0, 0
116249, 720, 0, 0, 0
116349, 700, 0, 0, 0
116450, 660, 0, 0, 0
116550, 680, 0, 0, 0
116650, 690, 0, 0, 0
116749, 676, 0, 0, 0
116849, 720, 0, 0, 0
116949, 650, 0, 0, 0
117049, 730, 0, 0, 0
117149, 700, 0, 0, 0
117249, 730, 0, 0, 0
117349, 710, 0, 0, 0
117449, 650, 0, 0, 0
117550, 670, 0, 0, 0
117650, 730, 0, 0, 0
117749, 636, 0, 0, 0
117849, 680, 0, 0, 0
117949, 710, 0, 0, 0
118049, 750, 0, 0, 0
118149, 720, 0, 0, 0
118249, 700, 0, 0, 0
118349, 700, 0, 0, 0
118449, 690, 0, 0, 0
118550, 710, 0, 0, 0
118650, 690, 0, 0, 0
118749, 686, 0, 0, 0
118849, 680, 0, 0, 0
118949, 720, 0, 0, 0
119049, 740, 0, 0, 0
119149, 700, 0, 0, 0
119249, 730, 0, 0, 0
119349, 700, 0, 0, 0
119449, 760, 0, 0, 0
119549, 660, 0, 0, 0
119649, 700, 0, 0, 0
119750, 700, 0, 0, 0
119850, 640, 0, 0, 0
119950, 660, 0, 0, 0
