100, 650295, 0, 0, 0
200, 659811, 0, 0, 0
300, 655359, 0, 0, 0
400, 666764, 0, 0, 0
500, 539906, 0, 0, 0
600, 623101, 0, 0, 0
700, 608478, 0, 0, 0
800, 652390, 0, 0, 0
900, 627871, 0, 0, 0
1000, 600340, 0, 0, 0
1100, 576605, 0, 0, 0
1200, 652665, 0, 0, 0
1300, 638984, 0, 0, 0
1400, 640599, 0, 0, 0
1500, 582356, 0, 0, 0
1600, 585437, 0, 0, 0
1700, 631004, 0, 0, 0
1800, 612491, 0, 0, 0
1900, 562554, 0, 0, 0
2000, 616173, 0, 0, 0
2100, 553856, 0, 0, 0
2200, 657704, 0, 0, 0
2300, 651448, 0, 0, 0
2400, 642775, 0, 0, 0
2500, 633183, 0, 0, 0
2600, 589411, 0, 0, 0
2700, 619128, 0, 0, 0
2800, 644841, 0, 0, 0
2900, 587964, 0, 0, 0
3000, 591984, 0, 0, 0
3100, 610651, 0, 0, 0
3200, 589663, 0, 0, 0
3300, 589184, 0, 0, 0
3400, 645490, 0, 0, 0
3500, 587519, 0, 0, 0
3600, 613168, 0, 0, 0
3700, 637671, 0, 0, 0
3800, 662239, 0, 0, 0
3900, 665625, 0, 0, 0
4000, 692590, 0, 0, 0
4100, 603729, 0, 0, 0
4200, 621798, 0, 0, 0
4300, 638849, 0, 0, 0
4400, 630538, 0, 0, 0
4501, 638438, 0, 0, 0
4600, 628377, 0, 0, 0
4700, 620460, 0, 0, 0
4800, 641255, 0, 0, 0
4900, 600669, 0, 0, 0
5000, 597192, 0, 0, 0
5100, 600076, 0, 0, 0
5200, 645483, 0, 0, 0
5300, 593971, 0, 0, 0
5400, 621911, 0, 0, 0
5500, 648702, 0, 0, 0
5600, 619736, 0, 0, 0
5700, 637631, 0, 0, 0
5800, 614994, 0, 0, 0
5900, 622130, 0, 0, 0
6000, 612131, 0, 0, 0
6100, 609007, 0, 0, 0
6200, 621176, 0, 0, 0
6300, 597651, 0, 0, 0
6400, 581782, 0, 0, 0
6500, 594064, 0, 0, 0
6600, 619797, 0, 0, 0
6700, 651630, 0, 0, 0
6800, 620741, 0, 0, 0
6900, 643576, 0, 0, 0
7000, 626246, 0, 0, 0
7100, 593469, 0, 0, 0
7200, 580376, 0, 0, 0
7300, 568083, 0, 0, 0
7400, 611406, 0, 0, 0
7500, 628396, 0, 0, 0
7600, 628608, 0, 0, 0
7700, 595256, 0, 0, 0
7800, 644597, 0, 0, 0
7900, 641038, 0, 0, 0
8000, 604579, 0, 0, 0
8100, 639787, 0, 0, 0
8200, 631525, 0, 0, 0
8300, 593257, 0, 0, 0
8400, 600545, 0, 0, 0
8500, 616050, 0, 0, 0
8600, 618253, 0, 0, 0
8700, 607251, 0, 0, 0
8800, 623877, 0, 0, 0
8900, 647202, 0, 0, 0
9000, 611792, 0, 0, 0
9100, 616215, 0, 0, 0
9200, 652281, 0, 0, 0
9300, 608284, 0, 0, 0
9400, 557148, 0, 0, 0
9500, 636096, 0, 0, 0
9600, 647812, 0, 0, 0
9700, 646033, 0, 0, 0
9800, 633754, 0, 0, 0
9900, 587224, 0, 0, 0
10000, 631094, 0, 0, 0
10100, 605316, 0, 0, 0
10200, 602615, 0, 0, 0
10300, 628703, 0, 0, 0
10400, 613338, 0, 0, 0
10500, 653686, 0, 0, 0
10600, 640199, 0, 0, 0
10700, 635720, 0, 0, 0
10800, 617768, 0, 0, 0
10900, 617062, 0, 0, 0
11000, 668448, 0, 0, 0
11100, 627253, 0, 0, 0
11200, 636137, 0, 0, 0
11301, 592039, 0, 0, 0
11400, 652444, 0, 0, 0
11500, 668719, 0, 0, 0
11600, 618936, 0, 0, 0
11700, 619665, 0, 0, 0
11800, 621432, 0, 0, 0
11900, 628341, 0, 0, 0
12000, 663195, 0, 0, 0
12100, 627935, 0, 0, 0
12200, 610625, 0, 0, 0
12300, 612838, 0, 0, 0
12400, 652074, 0, 0, 0
12500, 620588, 0, 0, 0
12600, 639264, 0, 0, 0
12700, 658148, 0, 0, 0
12800, 658919, 0, 0, 0
12900, 627686, 0, 0, 0
13000, 655775, 0, 0, 0
13100, 570635, 0, 0, 0
13200, 587876, 0, 0, 0
13300, 592849, 0, 0, 0
13400, 611958, 0, 0, 0
13500, 633847, 0, 0, 0
13600, 606437, 0, 0, 0
13700, 655759, 0, 0, 0
13800, 582221, 0, 0, 0
13900, 635046, 0, 0, 0
14000, 576737, 0, 0, 0
14100, 656565, 0, 0, 0
14200, 613632, 0, 0, 0
14300, 626389, 0, 0, 0
14400, 649394, 0, 0, 0
14500, 602355, 0, 0, 0
14600, 612091, 0, 0, 0
14700, 623212, 0, 0, 0
14800, 685277, 0, 0, 0
14900, 670664, 0, 0, 0
15000, 624100, 0, 0, 0
15100, 668217, 0, 0, 0
15200, 624137, 0, 0, 0
15300, 621213, 0, 0, 0
15400, 629683, 0, 0, 0
15500, 600663, 0, 0, 0
15600, 632271, 0, 0, 0
15700, 641835, 0, 0, 0
15800, 603780, 0, 0, 0
15900, 632512, 0, 0, 0
16001, 688904, 0, 0, 0
16100, 641519, 0, 0, 0
16200, 612109, 0, 0, 0
16300, 611378, 0, 0, 0
16400, 648242, 0, 0, 0
16500, 604837, 0, 0, 0
16600, 584877, 0, 0, 0
16700, 638615, 0, 0, 0
16800, 601076, 0, 0, 0
16900, 603280, 0, 0, 0
17000, 598228, 0, 0, 0
17100, 583001, 0, 0, 0
17200, 649484, 0, 0, 0
17300, 669313, 0, 0, 0
17400, 631946, 0, 0, 0
17500, 601154, 0, 0, 0
17600, 624222, 0, 0, 0
17700, 644292, 0, 0, 0
17800, 589796, 0, 0, 0
17900, 572555, 0, 0, 0
18000, 606970, 0, 0, 0
18100, 646407, 0, 0, 0
18200, 667651, 0, 0, 0
18300, 605164, 0, 0, 0
18400, 609982, 0, 0, 0
18500, 616147, 0, 0, 0
18600, 601429, 0, 0, 0
18700, 609327, 0, 0, 0
18800, 617949, 0, 0, 0
18900, 618083, 0, 0, 0
19000, 614584, 0, 0, 0
19100, 616435, 0, 0, 0
19200, 627242, 0, 0, 0
19300, 627070, 0, 0, 0
19400, 632655, 0, 0, 0
19500, 603565, 0, 0, 0
19600, 601187, 0, 0, 0
19700, 626702, 0, 0, 0
19801, 642534, 0, 0, 0
19900, 607134, 0, 0, 0
20000, 682461, 0, 0, 0
20100, 636154, 0, 0, 0
20200, 626276, 0, 0, 0
20300, 646161, 0, 0, 0
20400, 595485, 0, 0, 0
20500, 608509, 0, 0, 0
20600, 666060, 0, 0, 0
20700, 597924, 0, 0, 0
20800, 659511, 0, 0, 0
20900, 624307, 0, 0, 0
21000, 606848, 0, 0, 0
21100, 674292, 0, 0, 0
21200, 634485, 0, 0, 0
21300, 605916, 0, 0, 0
21400, 610548, 0, 0, 0
21500, 670235, 0, 0, 0
21600, 639925, 0, 0, 0
21700, 603275, 0, 0, 0
21800, 602094, 0, 0, 0
21900, 645047, 0, 0, 0
22000, 633464, 0, 0, 0
22100, 622495, 0, 0, 0
22200, 613546, 0, 0, 0
22300, 613060, 0, 0, 0
22400, 627260, 0, 0, 0
22500, 643780, 0, 0, 0
22600, 625242, 0, 0, 0
22700, 594874, 0, 0, 0
22800, 596993, 0, 0, 0
22900, 605246, 0, 0, 0
23000, 616751, 0, 0, 0
23100, 632324, 0, 0, 0
23200, 581923, 0, 0, 0
23300, 604438, 0, 0, 0
23400, 634468, 0, 0, 0
23500, 628971, 0, 0, 0
23600, 615692, 0, 0, 0
23700, 627913, 0, 0, 0
23800, 619873, 0, 0, 0
23900, 620878, 0, 0, 0
24000, 647566, 0, 0, 0
24100, 651080, 0, 0, 0
24200, 623082, 0, 0, 0
24300, 606698, 0, 0, 0
24400, 608922, 0, 0, 0
24500, 607474, 0, 0, 0
24600, 645951, 0, 0, 0
24700, 626882, 0, 0, 0
24800, 584822, 0, 0, 0
24900, 608702, 0, 0, 0
25000, 653820, 0, 0, 0
25100, 591250, 0, 0, 0
25200, 679952, 0, 0, 0
25300, 591284, 0, 0, 0
25400, 631227, 0, 0, 0
25500, 661238, 0, 0, 0
25600, 586856, 0, 0, 0
25700, 614203, 0, 0, 0
25800, 645859, 0, 0, 0
25900, 612614, 0, 0, 0
26000, 615232, 0, 0, 0
26100, 631685, 0, 0, 0
26200, 645871, 0, 0, 0
26300, 643989, 0, 0, 0
26400, 616870, 0, 0, 0
26500, 591501, 0, 0, 0
26600, 628403, 0, 0, 0
26700, 603448, 0, 0, 0
26800, 616483, 0, 0, 0
26900, 591602, 0, 0, 0
27000, 620329, 0, 0, 0
27100, 643093, 0, 0, 0
27200, 646888, 0, 0, 0
27300, 647992, 0, 0, 0
27400, 604365, 0, 0, 0
27500, 617979, 0, 0, 0
27600, 673961, 0, 0, 0
27700, 642503, 0, 0, 0
27800, 624409, 0, 0, 0
27900, 633086, 0, 0, 0
28000, 647891, 0, 0, 0
28100, 628155, 0, 0, 0
28200, 605976, 0, 0, 0
28300, 629654, 0, 0, 0
28400, 624123, 0, 0, 0
28500, 619791, 0, 0, 0
28600, 623016, 0, 0, 0
28700, 641217, 0, 0, 0
28800, 656288, 0, 0, 0
28900, 585058, 0, 0, 0
29000, 638262, 0, 0, 0
29100, 627066, 0, 0, 0
29200, 604062, 0, 0, 0
29300, 611180, 0, 0, 0
29400, 669052, 0, 0, 0
29500, 622032, 0, 0, 0
29600, 583677, 0, 0, 0
29700, 656225, 0, 0, 0
29800, 657782, 0, 0, 0
29900, 681358, 0, 0, 0
30000, 653286, 0, 0, 0
30100, 671723, 0, 0, 0
30200, 657010, 0, 0, 0
30300, 657718, 0, 0, 0
30400, 644000, 0, 0, 0
30500, 626563, 0, 0, 0
30601, 633437, 0, 0, 0
30700, 634839, 0, 0, 0
30800, 651047, 0, 0, 0
30900, 652184, 0, 0, 0
31000, 702997, 0, 0, 0
31100, 625156, 0, 0, 0
31200, 671261, 0, 0, 0
31300, 646662, 0, 0, 0
31400, 623587, 0, 0, 0
31500, 659886, 0, 0, 0
31600, 627926, 0, 0, 0
31700, 647846, 0, 0, 0
31800, 632205, 0, 0, 0
31900, 616329, 0, 0, 0
32000, 627405, 0, 0, 0
32100, 635603, 0, 0, 0
32200, 604563, 0, 0, 0
32300, 601725, 0, 0, 0
32400, 627350, 0, 0, 0
32500, 611776, 0, 0, 0
32600, 653566, 0, 0, 0
32700, 612374, 0, 0, 0
32800, 616558, 0, 0, 0
32900, 628346, 0, 0, 0
33000, 574842, 0, 0, 0
33100, 603202, 0, 0, 0
33200, 621559, 0, 0, 0
33300, 600121, 0, 0, 0
33400, 609326, 0, 0, 0
33500, 629027, 0, 0, 0
33600, 587654, 0, 0, 0
33700, 645923, 0, 0, 0
33800, 629351, 0, 0, 0
33900, 649467, 0, 0, 0
34000, 639661, 0, 0, 0
34100, 609648, 0, 0, 0
34200, 615222, 0, 0, 0
34300, 664302, 0, 0, 0
34400, 637735, 0, 0, 0
34500, 673939, 0, 0, 0
34600, 573420, 0, 0, 0
34700, 625877, 0, 0, 0
34800, 602430, 0, 0, 0
34900, 625988, 0, 0, 0
35000, 643115, 0, 0, 0
35100, 636535, 0, 0, 0
35200, 601508, 0, 0, 0
35300, 598682, 0, 0, 0
35400, 580524, 0, 0, 0
35500, 564231, 0, 0, 0
35600, 628075, 0, 0, 0
35700, 610721, 0, 0, 0
35800, 602400, 0, 0, 0
35900, 624238, 0, 0, 0
36000, 605350, 0, 0, 0
36100, 621583, 0, 0, 0
36200, 614603, 0, 0, 0
36300, 630343, 0, 0, 0
36400, 600499, 0, 0, 0
36500, 649814, 0, 0, 0
36600, 656552, 0, 0, 0
36700, 603743, 0, 0, 0
36800, 610540, 0, 0, 0
36900, 620459, 0, 0, 0
37000, 654086, 0, 0, 0
37100, 605897, 0, 0, 0
37200, 631265, 0, 0, 0
37300, 614258, 0, 0, 0
37400, 612656, 0, 0, 0
37500, 572265, 0, 0, 0
37600, 623990, 0, 0, 0
37700, 646976, 0, 0, 0
37800, 644958, 0, 0, 0
37900, 624565, 0, 0, 0
38000, 626455, 0, 0, 0
38100, 636101, 0, 0, 0
38200, 643617, 0, 0, 0
38300, 595521, 0, 0, 0
38400, 673831, 0, 0, 0
38500, 587724, 0, 0, 0
38600, 644361, 0, 0, 0
38700, 617945, 0, 0, 0
38800, 638728, 0, 0, 0
38900, 614775, 0, 0, 0
39000, 620330, 0, 0, 0
39100, 588024, 0, 0, 0
39200, 596712, 0, 0, 0
39300, 616428, 0, 0, 0
39400, 601622, 0, 0, 0
39500, 655464, 0, 0, 0
39600, 649670, 0, 0, 0
39700, 662946, 0, 0, 0
39800, 646386, 0, 0, 0
39900, 617691, 0, 0, 0
40000, 643797, 0, 0, 0
40100, 633667, 0, 0, 0
40200, 652702, 0, 0, 0
40300, 630503, 0, 0, 0
40400, 647070, 0, 0, 0
40500, 573284, 0, 0, 0
40600, 640101, 0, 0, 0
40700, 593741, 0, 0, 0
40800, 673144, 0, 0, 0
40900, 648721, 0, 0, 0
41000, 669016, 0, 0, 0
41100, 639960, 0, 0, 0
41200, 624519, 0, 0, 0
41300, 638850, 0, 0, 0
41400, 601923, 0, 0, 0
41500, 607857, 0, 0, 0
41600, 614922, 0, 0, 0
41700, 616537, 0, 0, 0
41800, 588917, 0, 0, 0
41900, 637813, 0, 0, 0
42000, 647626, 0, 0, 0
42100, 594330, 0, 0, 0
42200, 640789, 0, 0, 0
42300, 638033, 0, 0, 0
42400, 651903, 0, 0, 0
42500, 623039, 0, 0, 0
42600, 633355, 0, 0, 0
42700, 643687, 0, 0, 0
42800, 616230, 0, 0, 0
42900, 591297, 0, 0, 0
43000, 610700, 0, 0, 0
43100, 594469, 0, 0, 0
43200, 602491, 0, 0, 0
43300, 638952, 0, 0, 0
43400, 613411, 0, 0, 0
43500, 613220, 0, 0, 0
43600, 612824, 0, 0, 0
43700, 616049, 0, 0, 0
43800, 608334, 0, 0, 0
43900, 624141, 0, 0, 0
44000, 666661, 0, 0, 0
44100, 614306, 0, 0, 0
44200, 679817, 0, 0, 0
44300, 633854, 0, 0, 0
44400, 663268, 0, 0, 0
44500, 639406, 0, 0, 0
44600, 627441, 0, 0, 0
44700, 640471, 0, 0, 0
44800, 584990, 0, 0, 0
44900, 625142, 0, 0, 0
45000, 614639, 0, 0, 0
45100, 645254, 0, 0, 0
45200, 595130, 0, 0, 0
45300, 575896, 0, 0, 0
45400, 624853, 0, 0, 0
45500, 643388, 0, 0, 0
45600, 603715, 0, 0, 0
45700, 612318, 0, 0, 0
45800, 649098, 0, 0, 0
45900, 639770, 0, 0, 0
46000, 688711, 0, 0, 0
46100, 600490, 0, 0, 0
46200, 656594, 0, 0, 0
46300, 685912, 0, 0, 0
46400, 643707, 0, 0, 0
46500, 611002, 0, 0, 0
46600, 645228, 0, 0, 0
46700, 623414, 0, 0, 0
46800, 608777, 0, 0, 0
46900, 615689, 0, 0, 0
47000, 587768, 0, 0, 0
47100, 641690, 0, 0, 0
47200, 657194, 0, 0, 0
47300, 610331, 0, 0, 0
47400, 651265, 0, 0, 0
47500, 663813, 0, 0, 0
47600, 649225, 0, 0, 0
47700, 629852, 0, 0, 0
47801, 646037, 0, 0, 0
47900, 617657, 0, 0, 0
48000, 659861, 0, 0, 0
48100, 628324, 0, 0, 0
48200, 641489, 0, 0, 0
48300, 611388, 0, 0, 0
48400, 599941, 0, 0, 0
48500, 656740, 0, 0, 0
48600, 636462, 0, 0, 0
48700, 619233, 0, 0, 0
48800, 644154, 0, 0, 0
48900, 643093, 0, 0, 0
49000, 682939, 0, 0, 0
49100, 647900, 0, 0, 0
49200, 630474, 0, 0, 0
49300, 630040, 0, 0, 0
49400, 639153, 0, 0, 0
49500, 626944, 0, 0, 0
49600, 599984, 0, 0, 0
49700, 619871, 0, 0, 0
49800, 598344, 0, 0, 0
49900, 620466, 0, 0, 0
50000, 578423, 0, 0, 0
50100, 595156, 0, 0, 0
50200, 639637, 0, 0, 0
50300, 656481, 0, 0, 0
50400, 619332, 0, 0, 0
50500, 603692, 0, 0, 0
50600, 618557, 0, 0, 0
50700, 608822, 0, 0, 0
50800, 594590, 0, 0, 0
50900, 644423, 0, 0, 0
51000, 627620, 0, 0, 0
51100, 665899, 0, 0, 0
51200, 658045, 0, 0, 0
51300, 626275, 0, 0, 0
51400, 653629, 0, 0, 0
51500, 637540, 0, 0, 0
51600, 649676, 0, 0, 0
51700, 638842, 0, 0, 0
51800, 656751, 0, 0, 0
51900, 650924, 0, 0, 0
52000, 677075, 0, 0, 0
52100, 668805, 0, 0, 0
52200, 661341, 0, 0, 0
52300, 643976, 0, 0, 0
52400, 657944, 0, 0, 0
52500, 689575, 0, 0, 0
52600, 695950, 0, 0, 0
52700, 578015, 0, 0, 0
52800, 662973, 0, 0, 0
52900, 665815, 0, 0, 0
53000, 650523, 0, 0, 0
53100, 678426, 0, 0, 0
53200, 621806, 0, 0, 0
53300, 669721, 0, 0, 0
53400, 607443, 0, 0, 0
53500, 605768, 0, 0, 0
53600, 616002, 0, 0, 0
53700, 617099, 0, 0, 0
53800, 653513, 0, 0, 0
53900, 670709, 0, 0, 0
54000, 679188, 0, 0, 0
54100, 603667, 0, 0, 0
54200, 632454, 0, 0, 0
54300, 627941, 0, 0, 0
54400, 639987, 0, 0, 0
54500, 643093, 0, 0, 0
54600, 615862, 0, 0, 0
54700, 629637, 0, 0, 0
54800, 647466, 0, 0, 0
54900, 654785, 0, 0, 0
55000, 619042, 0, 0, 0
55100, 621588, 0, 0, 0
55200, 654151, 0, 0, 0
55300, 634461, 0, 0, 0
55400, 629692, 0, 0, 0
55500, 646166, 0, 0, 0
55600, 661216, 0, 0, 0
55700, 627425, 0, 0, 0
55800, 658962, 0, 0, 0
55900, 669681, 0, 0, 0
56000, 615948, 0, 0, 0
56100, 608229, 0, 0, 0
56200, 607910, 0, 0, 0
56300, 656122, 0, 0, 0
56400, 631540, 0, 0, 0
56500, 656184, 0, 0, 0
56600, 574787, 0, 0, 0
56700, 622718, 0, 0, 0
56800, 608711, 0, 0, 0
56900, 587363, 0, 0, 0
57000, 652004, 0, 0, 0
57100, 616266, 0, 0, 0
57200, 660147, 0, 0, 0
57300, 633042, 0, 0, 0
57400, 638025, 0, 0, 0
57500, 643094, 0, 0, 0
57600, 671467, 0, 0, 0
57700, 641404, 0, 0, 0
57800, 659737, 0, 0, 0
57900, 604187, 0, 0, 0
58000, 639275, 0, 0, 0
58100, 649212, 0, 0, 0
58200, 645054, 0, 0, 0
58300, 628543, 0, 0, 0
58400, 638582, 0, 0, 0
58500, 636595, 0, 0, 0
58600, 620692, 0, 0, 0
58700, 663830, 0, 0, 0
58800, 649134, 0, 0, 0
58900, 639699, 0, 0, 0
59000, 623124, 0, 0, 0
59100, 620168, 0, 0, 0
59200, 674599, 0, 0, 0
59300, 674051, 0, 0, 0
59400, 631716, 0, 0, 0
59500, 673831, 0, 0, 0
59600, 648529, 0, 0, 0
59700, 662631, 0, 0, 0
59800, 606070, 0, 0, 0
59900, 657559, 0, 0, 0
60000, 644144, 0, 0, 0
