250, 452, 0, 0, 0
350, 450, 0, 0, 0
450, 460, 0, 0, 0
550, 490, 0, 0, 0
650, 420, 0, 0, 0
749, 393, 0, 0, 0
849, 510, 0, 0, 0
949, 450, 0, 0, 0
1049, 510, 0, 0, 0
1149, 490, 0, 0, 0
1249, 450, 0, 0, 0
1349, 480, 0, 0, 0
1449, 430, 0, 0, 0
1550, 490, 0, 0, 0
1650, 430, 0, 0, 0
1749, 464, 0, 0, 0
1849, 480, 0, 0, 0
1949, 490, 0, 0, 0
2049, 450, 0, 0, 0
2149, 470, 0, 0, 0
2249, 470, 0, 0, 0
2349, 500, 0, 0, 0
2449, 520, 0, 0, 0
2549, 490, 0, 0, 0
2649, 460, 0, 0, 0
2749, 460, 0, 0, 0
2850, 540, 0, 0, 0
2950, 430, 0, 0, 0
3050, 460, 0, 0, 0
3150, 480, 0, 0, 0
3249, 454, 0, 0, 0
3349, 460, 0, 0, 0
3449, 460, 0, 0, 0
3549, 410, 0, 0, 0
3649, 400, 0, 0, 0
3749, 440, 0, 0, 0
3849, 460, 0, 0, 0
3949, 450, 0, 0, 0
4049, 490, 0, 0, 0
4150, 410, 0, 0, 0
4250, 430, 0, 0, 0
4350, 460, 0, 0, 0
4450, 420, 0, 0, 0
4550, 490, 0, 0, 0
4650, 500, 0, 0, 0
4749, 484, 0, 0, 0
4849, 520, 0, 0, 0
4949, 480, 0, 0, 0
5049, 450, 0, 0, 0
5149, 460, 0, 0, 0
5249, 500, 0, 0, 0
5349, 460, 0, 0, 0
5449, 480, 0, 0, 0
5550, 470, 0, 0, 0
5650, 390, 0, 0, 0
5749, 454, 0, 0, 0
5849, 470, 0, 0, 0
5949, 450, 0, 0, 0
6049, 460, 0, 0, 0
6149, 480, 0, 0, 0
6249, 430, 0, 0, 0
6349, 480, 0, 0, 0
6449, 510, 0, 0, 0
6549, 480, 0, 0, 0
6649, 450, 0, 0, 0
6749, 430, 0, 0, 0
6849, 450, 0, 0, 0
6950, 480, 0, 0, 0
7050, 460, 0, 0, 0
7150, 420, 0, 0, 0
7249, 424, 0, 0, 0
7349, 470, 0, 0, 0
7449, 480, 0, 0, 0
7549, 460, 0, 0, 0
7649, 490, 0, 0, 0
7749, 520, 0, 0, 0
7849, 480, 0, 0, 0
7949, 460, 0, 0, 0
8049, 460, 0, 0, 0
8149, 410, 0, 0, 0
8249, 480, 0, 0, 0
8350, 440, 0, 0, 0
8450, 520, 0, 0, 0
8550, 500, 0, 0, 0
8650, 470, 0, 0, 0
8749, 494, 0, 0, 0
8849, 460, 0, 0, 0
8949, 420, 0, 0, 0
9049, 430, 0, 0, 0
9149, 480, 0, 0, 0
9249, 430, 0, 0, 0
9349, 470, 0, 0, 0
9449, 450, 0, 0, 0
9549, 460, 0, 0, 0
9650, 480, 0, 0, 0
9750, 460, 0, 0, 0
9850, 490, 0, 0, 0
9950, 420, 0, 0, 0
10050, 480, 0, 0, 0
10150, 480, 0, 0, 0
10249, 444, 0, 0, 0
10349, 400, 0, 0, 0
10449, 500, 0, 0, 0
10549, 500, 0, 0, 0
10649, 480, 0, 0, 0
10749, 490, 0, 0, 0
10849, 550, 0, 0, 0
10949, 520, 0, 0, 0
11050, 460, 0, 0, 0
11150, 460, 0, 0, 0
11249, 464, 0, 0, 0
11349, 490, 0, 0, 0
11449, 450, 0, 0, 0
11549, 460, 0, 0, 0
11649, 490, 0, 0, 0
11749, 440, 0, 0, 0
11849, 430, 0, 0, 0
11949, 470, 0, 0, 0
12049, 480, 0, 0, 0
12149, 520, 0, 0, 0
12249, 490, 0, 0, 0
12349, 460, 0, 0, 0
12449, 440, 0, 0, 0
12550, 460, 0, 0, 0
12650, 470, 0, 0, 0
12749, 505, 0, 0, 0
12849, 490, 0, 0, 0
12949, 510, 0, 0, 0
13049, 480, 0, 0, 0
13149, 420, 0, 0, 0
13249, 460, 0, 0, 0
13349, 470, 0, 0, 0
13449, 460, 0, 0, 0
13549, 490, 0, 0, 0
13649, 450, 0, 0, 0
13749, 430, 0, 0, 0
13849, 480, 0, 0, 0
13949, 510, 0, 0, 0
14050, 460, 0, 0, 0
14150, 480, 0, 0, 0
14249, 454, 0, 0, 0
14349, 490, 0, 0, 0
14449, 480, 0, 0, 0
14549, 430, 0, 0, 0
14649, 460, 0, 0, 0
14749, 470, 0, 0, 0
14849, 430, 0, 0, 0
14949, 460, 0, 0, 0
15049, 460, 0, 0, 0
15149, 430, 0, 0, 0
15249, 440, 0, 0, 0
15349, 510, 0, 0, 0
15449, 470, 0, 0, 0
15550, 470, 0, 0, 0
15650, 450, 0, 0, 0
15749, 474, 0, 0, 0
15849, 450, 0, 0, 0
15949, 490, 0, 0, 0
16049, 400, 0, 0, 0
16149, 430, 0, 0, 0
16249, 460, 0, 0, 0
16349, 440, 0, 0, 0
16449, 410, 0, 0, 0
16549, 440, 0, 0, 0
16649, 460, 0, 0, 0
16750, 430, 0, 0, 0
16850, 440, 0, 0, 0
16950, 400, 0, 0, 0
17050, 480, 0, 0, 0
17150, 420, 0, 0, 0
17249, 474, 0, 0, 0
17349, 420, 0, 0, 0
17449, 490, 0, 0, 0
17549, 550, 0, 0, 0
17649, 510, 0, 0, 0
17749, 460, 0, 0, 0
17849, 460, 0, 0, 0
17949, 440, 0, 0, 0
18049, 450, 0, 0, 0
18150, 440, 0, 0, 0
18250, 400, 0, 0, 0
18350, 420, 0, 0, 0
18450, 400, 0, 0, 0
18550, 480, 0, 0, 0
18650, 430, 0, 0, 0
18749, 505, 0, 0, 0
18849, 480, 0, 0, 0
18949, 500, 0, 0, 0
19049, 440, 0, 0, 0
19149, 510, 0, 0, 0
19249, 470, 0, 0, 0
19349, 470, 0, 0, 0
19449, 490, 0, 0, 0
19550, 450, 0, 0, 0
19650, 480, 0, 0, 0
19749, 494, 0, 0, 0
19849, 450, 0, 0, 0
19949, 430, 0, 0, 0
20049, 470, 0, 0, 0
20149, 450, 0, 0, 0
20249, 450, 0, 0, 0
20349, 430, 0, 0, 0
20449, 470, 0, 0, 0
20549, 520, 0, 0, 0
20649, 490, 0, 0, 0
20749, 490, 0, 0, 0
20849, 470, 0, 0, 0
20949, 450, 0, 0, 0
21050, 440, 0, 0, 0
21150, 460, 0, 0, 0
21249, 484, 0, 0, 0
21349, 460, 0, 0, 0
21449, 420, 0, 0, 0
21549, 480, 0, 0, 0
21649, 490, 0, 0, 0
21749, 480, 0, 0, 0
21849, 460, 0, 0, 0
21949, 510, 0, 0, 0
22049, 490, 0, 0, 0
22149, 460, 0, 0, 0
22249, 520, 0, 0, 0
22349, 420, 0, 0, 0
22449, 490, 0, 0, 0
22550, 480, 0, 0, 0
22650, 520, 0, 0, 0
22749, 474, 0, 0, 0
22849, 450, 0, 0, 0
22949, 530, 0, 0, 0
23049, 480, 0, 0, 0
23149, 520, 0, 0, 0
23249, 470, 0, 0, 0
23349, 470, 0, 0, 0
23449, 470, 0, 0, 0
23549, 470, 0, 0, 0
23649, 450, 0, 0, 0
23749, 470, 0, 0, 0
23849, 480, 0, 0, 0
23949, 480, 0, 0, 0
24050, 480, 0, 0, 0
24150, 520, 0, 0, 0
24249, 444, 0, 0, 0
24349, 530, 0, 0, 0
24449, 480, 0, 0, 0
24549, 480, 0, 0, 0
24649, 560, 0, 0, 0
24749, 450, 0, 0, 0
24849, 510, 0, 0, 0
24949, 450, 0, 0, 0
25049, 570, 0, 0, 0
25149, 440, 0, 0, 0
25250, 480, 0, 0, 0
25350, 450, 0, 0, 0
25450, 470, 0, 0, 0
25550, 510, 0, 0, 0
25650, 440, 0, 0, 0
25749, 454, 0, 0, 0
25849, 450, 0, 0, 0
25949, 450, 0, 0, 0
26049, 470, 0, 0, 0
26149, 430, 0, 0, 0
26249, 490, 0, 0, 0
26349, 440, 0, 0, 0
26449, 460, 0, 0, 0
26549, 410, 0, 0, 0
26649, 470, 0, 0, 0
26750, 470, 0, 0, 0
26850, 440, 0, 0, 0
26950, 460, 0, 0, 0
27050, 480, 0, 0, 0
27150, 450, 0, 0, 0
27249, 444, 0, 0, 0
27349, 490, 0, 0, 0
27449, 470, 0, 0, 0
27549, 460, 0, 0, 0
27649, 490, 0, 0, 0
27749, 500, 0, 0, 0
27849, 470, 0, 0, 0
27949, 530, 0, 0, 0
28050, 470, 0, 0, 0
28150, 490, 0, 0, 0
28249, 434, 0, 0, 0
28349, 440, 0, 0, 0
28449, 460, 0, 0, 0
28549, 460, 0, 0, 0
28649, 490, 0, 0, 0
28749, 480, 0, 0, 0
28849, 400, 0, 0, 0
28949, 450, 0, 0, 0
29049, 470, 0, 0, 0
29149, 490, 0, 0, 0
29249, 510, 0, 0, 0
29349, 440, 0, 0, 0
29450, 480, 0, 0, 0
29550, 460, 0, 0, 0
29650, 480, 0, 0, 0
29749, 454, 0, 0, 0
29849, 440, 0, 0, 0
29949, 520, 0, 0, 0
30049, 410, 0, 0, 0
30149, 460, 0, 0, 0
30249, 500, 0, 0, 0
30349, 500, 0, 0, 0
30449, 510, 0, 0, 0
30549, 530, 0, 0, 0
30649, 540, 0, 0, 0
30749, 520, 0, 0, 0
30850, 500, 0, 0, 0
30950, 480, 0, 0, 0
31050, 570, 0, 0, 0
31150, 540, 0, 0, 0
31249, 525, 0, 0, 0
31349, 490, 0, 0, 0
31449, 470, 0, 0, 0
31549, 450, 0, 0, 0
31649, 390, 0, 0, 0
31749, 520, 0, 0, 0
31849, 460, 0, 0, 0
31949, 500, 0, 0, 0
32049, 510, 0, 0, 0
32149, 560, 0, 0, 0
32250, 410, 0, 0, 0
32350, 460, 0, 0, 0
32450, 460, 0, 0, 0
32550, 560, 0, 0, 0
32650, 490, 0, 0, 0
32749, 494, 0, 0, 0
32849, 520, 0, 0, 0
32949, 500, 0, 0, 0
33049, 560, 0, 0, 0
33149, 560, 0, 0, 0
33249, 440, 0, 0, 0
33349, 470, 0, 0, 0
33449, 500, 0, 0, 0
33550, 530, 0, 0, 0
33650, 580, 0, 0, 0
33749, 494, 0, 0, 0
33849, 450, 0, 0, 0
33949, 540, 0, 0, 0
34049, 490, 0, 0, 0
34149, 520, 0, 0, 0
34249, 530, 0, 0, 0
34349, 460, 0, 0, 0
34449, 510, 0, 0, 0
34549, 500, 0, 0, 0
34649, 590, 0, 0, 0
34750, 500, 0, 0, 0
34850, 530, 0, 0, 0
34950, 540, 0, 0, 0
35050, 500, 0, 0, 0
35150, 520, 0, 0, 0
35249, 515, 0, 0, 0
35349, 540, 0, 0, 0
35449, 550, 0, 0, 0
35549, 540, 0, 0, 0
35649, 520, 0, 0, 0
35749, 580, 0, 0, 0
35849, 580, 0, 0, 0
35950, 560, 0, 0, 0
36050, 550, 0, 0, 0
36150, 500, 0, 0, 0
36249, 535, 0, 0, 0
36349, 520, 0, 0, 0
36449, 540, 0, 0, 0
36549, 550, 0, 0, 0
36649, 520, 0, 0, 0
36749, 550, 0, 0, 0
36849, 550, 0, 0, 0
36949, 570, 0, 0, 0
37049, 440, 0, 0, 0
37149, 540, 0, 0, 0
37250, 500, 0, 0, 0
37350, 580, 0, 0, 0
37450, 560, 0, 0, 0
37550, 600, 0, 0, 0
37650, 510, 0, 0, 0
37749, 565, 0, 0, 0
37849, 450, 0, 0, 0
37949, 610, 0, 0, 0
38049, 550, 0, 0, 0
38149, 520, 0, 0, 0
38249, 600, 0, 0, 0
38349, 560, 0, 0, 0
38449, 600, 0, 0, 0
38550, 500, 0, 0, 0
38650, 560, 0, 0, 0
38749, 525, 0, 0, 0
38849, 570, 0, 0, 0
38949, 540, 0, 0, 0
39049, 510, 0, 0, 0
39149, 600, 0, 0, 0
39249, 530, 0, 0, 0
39349, 530, 0, 0, 0
39449, 560, 0, 0, 0
39549, 590, 0, 0, 0
39649, 550, 0, 0, 0
39750, 500, 0, 0, 0
39850, 580, 0, 0, 0
39950, 510, 0, 0, 0
40050, 540, 0, 0, 0
40150, 580, 0, 0, 0
40249, 535, 0, 0, 0
40349, 690, 0, 0, 0
40449, 560, 0, 0, 0
40549, 510, 0, 0, 0
40649, 540, 0, 0, 0
40750, 580, 0, 0, 0
40850, 540, 0, 0, 0
40950, 580, 0, 0, 0
41050, 640, 0, 0, 0
41150, 510, 0, 0, 0
41249, 494, 0, 0, 0
41349, 520, 0, 0, 0
41449, 640, 0, 0, 0
41549, 520, 0, 0, 0
41649, 610, 0, 0, 0
41749, 580, 0, 0, 0
41849, 530, 0, 0, 0
41949, 590, 0, 0, 0
42050, 540, 0, 0, 0
42150, 570, 0, 0, 0
42249, 505, 0, 0, 0
42349, 580, 0, 0, 0
42449, 650, 0, 0, 0
42549, 490, 0, 0, 0
42649, 510, 0, 0, 0
42749, 530, 0, 0, 0
42849, 640, 0, 0, 0
42949, 570, 0, 0, 0
43049, 550, 0, 0, 0
43149, 530, 0, 0, 0
43249, 570, 0, 0, 0
43350, 570, 0, 0, 0
43450, 610, 0, 0, 0
43550, 570, 0, 0, 0
43650, 590, 0, 0, 0
43749, 666, 0, 0, 0
43849, 550, 0, 0, 0
43949, 550, 0, 0, 0
44049, 500, 0, 0, 0
44149, 600, 0, 0, 0
44249, 610, 0, 0, 0
44349, 580, 0, 0, 0
44449, 550, 0, 0, 0
44549, 480, 0, 0, 0
44649, 590, 0, 0, 0
44750, 570, 0, 0, 0
44850, 480, 0, 0, 0
44950, 550, 0, 0, 0
45050, 550, 0, 0, 0
45150, 530, 0, 0, 0
45249, 555, 0, 0, 0
45349, 590, 0, 0, 0
45449, 550, 0, 0, 0
45549, 550, 0, 0, 0
45649, 540, 0, 0, 0
45749, 620, 0, 0, 0
45849, 640, 0, 0, 0
45949, 610, 0, 0, 0
46050, 570, 0, 0, 0
46150, 560, 0, 0, 0
46249, 545, 0, 0, 0
46349, 600, 0, 0, 0
46449, 640, 0, 0, 0
46549, 650, 0, 0, 0
46649, 550, 0, 0, 0
46749, 580, 0, 0, 0
46849, 660, 0, 0, 0
46949, 540, 0, 0, 0
47049, 680, 0, 0, 0
47149, 680, 0, 0, 0
47249, 740, 0, 0, 0
47349, 600, 0, 0, 0
47450, 620, 0, 0, 0
47550, 590, 0, 0, 0
47650, 570, 0, 0, 0
47749, 595, 0, 0, 0
47849, 560, 0, 0, 0
47949, 640, 0, 0, 0
48049, 530, 0, 0, 0
48149, 560, 0, 0, 0
48249, 540, 0, 0, 0
48349, 540, 0, 0, 0
48449, 550, 0, 0, 0
48549, 560, 0, 0, 0
48649, 640, 0, 0, 0
48750, 540, 0, 0, 0
48850, 530, 0, 0, 0
48950, 560, 0, 0, 0
49050, 660, 0, 0, 0
49150, 510, 0, 0, 0
49249, 606, 0, 0, 0
49349, 620, 0, 0, 0
49449, 540, 0, 0, 0
49549, 550, 0, 0, 0
49649, 620, 0, 0, 0
49749, 610, 0, 0, 0
49849, 580, 0, 0, 0
49949, 580, 0, 0, 0
50050, 540, 0, 0, 0
50150, 490, 0, 0, 0
50249, 636, 0, 0, 0
50349, 590, 0, 0, 0
50449, 570, 0, 0, 0
50549, 500, 0, 0, 0
50649, 610, 0, 0, 0
50749, 680, 0, 0, 0
50849, 670, 0, 0, 0
50949, 580, 0, 0, 0
51049, 520, 0, 0, 0
51149, 550, 0, 0, 0
51249, 570, 0, 0, 0
51349, 720, 0, 0, 0
51449, 630, 0, 0, 0
51550, 580, 0, 0, 0
51650, 610, 0, 0, 0
51749, 616, 0, 0, 0
51849, 570, 0, 0, 0
51949, 610, 0, 0, 0
52049, 600, 0, 0, 0
52149, 560, 0, 0, 0
52249, 540, 0, 0, 0
52349, 600, 0, 0, 0
52449, 530, 0, 0, 0
52549, 560, 0, 0, 0
52650, 620, 0, 0, 0
52749, 555, 0, 0, 0
52849, 550, 0, 0, 0
52949, 590, 0, 0, 0
53049, 530, 0, 0, 0
53149, 620, 0, 0, 0
53249, 680, 0, 0, 0
53349, 530, 0, 0, 0
53449, 580, 0, 0, 0
53549, 580, 0, 0, 0
53649, 600, 0, 0, 0
53749, 590, 0, 0, 0
53849, 590, 0, 0, 0
53949, 600, 0, 0, 0
54050, 540, 0, 0, 0
54150, 590, 0, 0, 0
54249, 575, 0, 0, 0
54349, 510, 0, 0, 0
54449, 560, 0, 0, 0
54549, 610, 0, 0, 0
54649, 470, 0, 0, 0
54749, 610, 0, 0, 0
54849, 520, 0, 0, 0
54949, 570, 0, 0, 0
55049, 530, 0, 0, 0
55149, 520, 0, 0, 0
55249, 590, 0, 0, 0
55349, 580, 0, 0, 0
55450, 520, 0, 0, 0
55550, 600, 0, 0, 0
55650, 550, 0, 0, 0
55749, 555, 0, 0, 0
55849, 570, 0, 0, 0
55949, 550, 0, 0, 0
56049, 510, 0, 0, 0
56149, 690, 0, 0, 0
56249, 640, 0, 0, 0
56349, 540, 0, 0, 0
56449, 510, 0, 0, 0
56549, 510, 0, 0, 0
56649, 620, 0, 0, 0
56749, 600, 0, 0, 0
56850, 500, 0, 0, 0
56950, 530, 0, 0, 0
57050, 560, 0, 0, 0
57150, 590, 0, 0, 0
57249, 484, 0, 0, 0
57349, 500, 0, 0, 0
57449, 540, 0, 0, 0
57549, 530, 0, 0, 0
57649, 500, 0, 0, 0
57749, 600, 0, 0, 0
57849, 520, 0, 0, 0
57949, 500, 0, 0, 0
58049, 610, 0, 0, 0
58149, 520, 0, 0, 0
58250, 550, 0, 0, 0
58350, 540, 0, 0, 0
58450, 530, 0, 0, 0
58550, 530, 0, 0, 0
58650, 550, 0, 0, 0
58749, 535, 0, 0, 0
58849, 570, 0, 0, 0
58949, 520, 0, 0, 0
59049, 600, 0, 0, 0
59149, 550, 0, 0, 0
59249, 550, 0, 0, 0
59349, 530, 0, 0, 0
59449, 500, 0, 0, 0
59550, 590, 0, 0, 0
59650, 540, 0, 0, 0
59749, 636, 0, 0, 0
59849, 580, 0, 0, 0
59949, 580, 0, 0, 0
