107, 7680283, 0, 0, 0
206, 7563316, 0, 0, 0
300, 7266828, 0, 0, 0
404, 6081664, 0, 0, 0
503, 5511110, 0, 0, 0
602, 9025167, 0, 0, 0
703, 7190594, 0, 0, 0
803, 7117015, 0, 0, 0
903, 6268852, 0, 0, 0
1002, 6621172, 0, 0, 0
1106, 6097349, 0, 0, 0
1203, 6946710, 0, 0, 0
1308, 8727981, 0, 0, 0
1406, 6489853, 0, 0, 0
1505, 8242939, 0, 0, 0
1605, 7155479, 0, 0, 0
1703, 7532955, 0, 0, 0
1803, 7726634, 0, 0, 0
1901, 6111846, 0, 0, 0
2006, 7007844, 0, 0, 0
2104, 6986394, 0, 0, 0
2200, 7332737, 0, 0, 0
2301, 7274994, 0, 0, 0
2401, 6647653, 0, 0, 0
2505, 6457211, 0, 0, 0
2608, 7988679, 0, 0, 0
2701, 7086241, 0, 0, 0
2805, 8732098, 0, 0, 0
2905, 7654315, 0, 0, 0
3001, 8763412, 0, 0, 0
3104, 6832947, 0, 0, 0
3203, 7068961, 0, 0, 0
3300, 6048212, 0, 0, 0
3404, 6115163, 0, 0, 0
3500, 6430710, 0, 0, 0
3603, 6848635, 0, 0, 0
3707, 7381385, 0, 0, 0
3801, 7871263, 0, 0, 0
3901, 8351543, 0, 0, 0
4004, 8556374, 0, 0, 0
4107, 6436638, 0, 0, 0
4205, 6987048, 0, 0, 0
4305, 9083348, 0, 0, 0
4405, 7670643, 0, 0, 0
4505, 5029290, 0, 0, 0
4600, 5896548, 0, 0, 0
4705, 7491785, 0, 0, 0
4804, 7071106, 0, 0, 0
4904, 7703706, 0, 0, 0
5009, 6197562, 0, 0, 0
5109, 7648716, 0, 0, 0
5206, 5680402, 0, 0, 0
5302, 6870541, 0, 0, 0
5401, 6598600, 0, 0, 0
5505, 5800276, 0, 0, 0
5608, 6813186, 0, 0, 0
5701, 6705351, 0, 0, 0
5800, 7046545, 0, 0, 0
5905, 6189402, 0, 0, 0
6004, 7032065, 0, 0, 0
6101, 8780614, 0, 0, 0
6201, 8402797, 0, 0, 0
6301, 9082579, 0, 0, 0
6402, 9116440, 0, 0, 0
6502, 6670364, 0, 0, 0
6604, 6797244, 0, 0, 0
6709, 7029693, 0, 0, 0
6807, 6535365, 0, 0, 0
6910, 6837054, 0, 0, 0
7002, 6576551, 0, 0, 0
7100, 7516930, 0, 0, 0
7206, 6612778, 0, 0, 0
7304, 7581292, 0, 0, 0
7401, 8088718, 0, 0, 0
7501, 7143098, 0, 0, 0
7601, 6632040, 0, 0, 0
7706, 8063476, 0, 0, 0
7803, 6490378, 0, 0, 0
7907, 8002002, 0, 0, 0
8000, 6202743, 0, 0, 0
8101, 6261995, 0, 0, 0
8200, 7067319, 0, 0, 0
8301, 8434445, 0, 0, 0
8400, 7623332, 0, 0, 0
8503, 6457398, 0, 0, 0
8608, 7494222, 0, 0, 0
8702, 5509742, 0, 0, 0
8802, 8337778, 0, 0, 0
8909, 7617554, 0, 0, 0
9014, 10487883, 0, 0, 0
9102, 8022145, 0, 0, 0
9207, 9512511, 0, 0, 0
9307, 6251748, 0, 0, 0
9404, 7493046, 0, 0, 0
9500, 7960828, 0, 0, 0
9601, 5915851, 0, 0, 0
9709, 7202104, 0, 0, 0
9800, 7026157, 0, 0, 0
9905, 7012745, 0, 0, 0
10005, 7120980, 0, 0, 0
10101, 5988638, 0, 0, 0
10202, 6310693, 0, 0, 0
10310, 6372070, 0, 0, 0
10403, 7687276, 0, 0, 0
10502, 5842991, 0, 0, 0
10602, 5547479, 0, 0, 0
10707, 6573823, 0, 0, 0
10802, 7884539, 0, 0, 0
10900, 6999193, 0, 0, 0
11002, 6789148, 0, 0, 0
11108, 8197259, 0, 0, 0
11206, 8118143, 0, 0, 0
11304, 8947329, 0, 0, 0
11405, 6740700, 0, 0, 0
11501, 6838865, 0, 0, 0
11607, 6248396, 0, 0, 0
11709, 6320715, 0, 0, 0
11801, 5763770, 0, 0, 0
11901, 8297728, 0, 0, 0
12000, 7084518, 0, 0, 0
12101, 6756643, 0, 0, 0
12200, 6576647, 0, 0, 0
12301, 6759593, 0, 0, 0
12407, 8086161, 0, 0, 0
12503, 8031263, 0, 0, 0
12610, 8249106, 0, 0, 0
12702, 7668919, 0, 0, 0
12807, 5785834, 0, 0, 0
12902, 9536367, 0, 0, 0
13010, 7700937, 0, 0, 0
13107, 8052866, 0, 0, 0
13200, 7188361, 0, 0, 0
13308, 6729789, 0, 0, 0
13404, 6421702, 0, 0, 0
13504, 5836338, 0, 0, 0
13601, 6462454, 0, 0, 0
13701, 7189362, 0, 0, 0
13802, 7183185, 0, 0, 0
13906, 6507451, 0, 0, 0
14004, 8127238, 0, 0, 0
14100, 6029713, 0, 0, 0
14201, 6298552, 0, 0, 0
14304, 6854221, 0, 0, 0
14405, 5920348, 0, 0, 0
14501, 7410504, 0, 0, 0
14612, 6511146, 0, 0, 0
14704, 7102067, 0, 0, 0
14812, 7174700, 0, 0, 0
14901, 8863602, 0, 0, 0
15008, 8248254, 0, 0, 0
15101, 7726993, 0, 0, 0
15203, 8535180, 0, 0, 0
15300, 8080332, 0, 0, 0
15405, 7505406, 0, 0, 0
15502, 8802292, 0, 0, 0
15605, 7352040, 0, 0, 0
15700, 8632428, 0, 0, 0
15802, 9220898, 0, 0, 0
15901, 6650108, 0, 0, 0
16002, 7212763, 0, 0, 0
16107, 6943955, 0, 0, 0
16211, 8013268, 0, 0, 0
16301, 7495157, 0, 0, 0
16401, 6227324, 0, 0, 0
16503, 7294158, 0, 0, 0
16608, 7004091, 0, 0, 0
16705, 8104024, 0, 0, 0
16800, 7924872, 0, 0, 0
16900, 7142830, 0, 0, 0
17000, 6621109, 0, 0, 0
17106, 8142381, 0, 0, 0
17205, 7632308, 0, 0, 0
17302, 6908014, 0, 0, 0
17406, 7468261, 0, 0, 0
17502, 7354427, 0, 0, 0
17604, 7861389, 0, 0, 0
17702, 8169728, 0, 0, 0
17802, 8352414, 0, 0, 0
17901, 6136457, 0, 0, 0
18005, 6526797, 0, 0, 0
18109, 6457282, 0, 0, 0
18204, 6355216, 0, 0, 0
18309, 8061423, 0, 0, 0
18401, 8395689, 0, 0, 0
18502, 7776247, 0, 0, 0
18603, 7726204, 0, 0, 0
18702, 8235747, 0, 0, 0
18808, 6656480, 0, 0, 0
18903, 6329219, 0, 0, 0
19007, 8613833, 0, 0, 0
19106, 6587479, 0, 0, 0
19200, 7283138, 0, 0, 0
19311, 7887478, 0, 0, 0
19401, 9048368, 0, 0, 0
19503, 6342550, 0, 0, 0
19610, 7666780, 0, 0, 0
19700, 5975004, 0, 0, 0
19805, 6580979, 0, 0, 0
19913, 7174842, 0, 0, 0
20005, 7660262, 0, 0, 0
20103, 7503868, 0, 0, 0
20200, 6079652, 0, 0, 0
20311, 7428224, 0, 0, 0
20407, 7342095, 0, 0, 0
20504, 6919186, 0, 0, 0
20606, 7307817, 0, 0, 0
20703, 8846036, 0, 0, 0
20810, 10637317, 0, 0, 0
20904, 8549239, 0, 0, 0
21006, 7258013, 0, 0, 0
21111, 9607317, 0, 0, 0
21203, 7064620, 0, 0, 0
21305, 7293163, 0, 0, 0
21400, 7840390, 0, 0, 0
21503, 6449148, 0, 0, 0
21610, 6710545, 0, 0, 0
21701, 8286995, 0, 0, 0
21801, 5871666, 0, 0, 0
21908, 7101080, 0, 0, 0
22008, 7128189, 0, 0, 0
22100, 7646786, 0, 0, 0
22203, 7393334, 0, 0, 0
22300, 7454937, 0, 0, 0
22402, 6339069, 0, 0, 0
22509, 6727226, 0, 0, 0
22601, 7638308, 0, 0, 0
22707, 6600027, 0, 0, 0
22807, 9137205, 0, 0, 0
22911, 6921528, 0, 0, 0
23001, 6943831, 0, 0, 0
23103, 6745702, 0, 0, 0
23200, 8837535, 0, 0, 0
23306, 7542295, 0, 0, 0
23404, 8936537, 0, 0, 0
23502, 5738077, 0, 0, 0
23602, 10075749, 0, 0, 0
23709, 8173095, 0, 0, 0
23804, 8630356, 0, 0, 0
23904, 9146940, 0, 0, 0
24000, 8683210, 0, 0, 0
24104, 7421532, 0, 0, 0
24208, 8007519, 0, 0, 0
24300, 7084185, 0, 0, 0
24406, 7585581, 0, 0, 0
24509, 8516102, 0, 0, 0
24606, 8107861, 0, 0, 0
24701, 10568113, 0, 0, 0
24803, 7793659, 0, 0, 0
24904, 8426094, 0, 0, 0
25000, 8036865, 0, 0, 0
25107, 6692890, 0, 0, 0
25207, 6224636, 0, 0, 0
25305, 6993754, 0, 0, 0
25401, 6860207, 0, 0, 0
25507, 8788348, 0, 0, 0
25607, 8323688, 0, 0, 0
25709, 5996320, 0, 0, 0
25805, 8022239, 0, 0, 0
25900, 6766935, 0, 0, 0
26001, 8417756, 0, 0, 0
26101, 7159849, 0, 0, 0
26206, 8706075, 0, 0, 0
26303, 10855822, 0, 0, 0
26409, 9636341, 0, 0, 0
26513, 7954970, 0, 0, 0
26603, 6008117, 0, 0, 0
26709, 8796741, 0, 0, 0
26806, 6107545, 0, 0, 0
26906, 8303881, 0, 0, 0
27001, 7283107, 0, 0, 0
27101, 7120557, 0, 0, 0
27205, 7480768, 0, 0, 0
27302, 6469850, 0, 0, 0
27403, 7148583, 0, 0, 0
27508, 7502591, 0, 0, 0
27605, 7444474, 0, 0, 0
27701, 6406002, 0, 0, 0
27811, 7383102, 0, 0, 0
27907, 8704378, 0, 0, 0
28006, 7056602, 0, 0, 0
28107, 6739934, 0, 0, 0
28205, 6961609, 0, 0, 0
28308, 7359010, 0, 0, 0
28404, 7974447, 0, 0, 0
28500, 7439705, 0, 0, 0
28602, 5977550, 0, 0, 0
28702, 5882415, 0, 0, 0
28802, 5858664, 0, 0, 0
28903, 7785764, 0, 0, 0
29000, 5372666, 0, 0, 0
29100, 7712650, 0, 0, 0
29201, 7750009, 0, 0, 0
29306, 6535937, 0, 0, 0
29400, 7861285, 0, 0, 0
29509, 8357425, 0, 0, 0
29602, 7173234, 0, 0, 0
29702, 8313769, 0, 0, 0
29805, 9399151, 0, 0, 0
29902, 8017011, 0, 0, 0
30006, 7429098, 0, 0, 0
30100, 9451672, 0, 0, 0
30205, 6998035, 0, 0, 0
30302, 8834667, 0, 0, 0
30406, 6451418, 0, 0, 0
30506, 8319125, 0, 0, 0
30607, 6750999, 0, 0, 0
30705, 7548853, 0, 0, 0
30809, 7436785, 0, 0, 0
30904, 7892545, 0, 0, 0
31001, 9694575, 0, 0, 0
31103, 7799177, 0, 0, 0
31209, 6651364, 0, 0, 0
31301, 5432533, 0, 0, 0
31412, 7893914, 0, 0, 0
31501, 7417833, 0, 0, 0
31602, 7778978, 0, 0, 0
31705, 7927608, 0, 0, 0
31804, 7588803, 0, 0, 0
31901, 6060965, 0, 0, 0
32001, 5879026, 0, 0, 0
32104, 6842335, 0, 0, 0
32205, 5931434, 0, 0, 0
32310, 8066094, 0, 0, 0
32409, 8276102, 0, 0, 0
32500, 6489420, 0, 0, 0
32602, 7889137, 0, 0, 0
32707, 6534011, 0, 0, 0
32811, 6956985, 0, 0, 0
32901, 5961780, 0, 0, 0
33004, 7364321, 0, 0, 0
33105, 7791043, 0, 0, 0
33204, 7590804, 0, 0, 0
33302, 6493753, 0, 0, 0
33404, 6792988, 0, 0, 0
33509, 5533890, 0, 0, 0
33608, 6181130, 0, 0, 0
33715, 6670971, 0, 0, 0
33800, 9511584, 0, 0, 0
33905, 8702884, 0, 0, 0
34000, 7956686, 0, 0, 0
34100, 8321972, 0, 0, 0
34203, 9337368, 0, 0, 0
34302, 7605322, 0, 0, 0
34405, 6435006, 0, 0, 0
34509, 6510485, 0, 0, 0
34601, 8327063, 0, 0, 0
34704, 6872859, 0, 0, 0
34804, 9118136, 0, 0, 0
34901, 8047175, 0, 0, 0
35000, 4735835, 0, 0, 0
35107, 8934480, 0, 0, 0
35208, 8367388, 0, 0, 0
35305, 7425520, 0, 0, 0
35400, 6793366, 0, 0, 0
35500, 7183189, 0, 0, 0
35600, 6208369, 0, 0, 0
35705, 6200717, 0, 0, 0
35801, 6830489, 0, 0, 0
35906, 8731535, 0, 0, 0
36001, 5973023, 0, 0, 0
36109, 8247257, 0, 0, 0
36204, 8706898, 0, 0, 0
36312, 7695130, 0, 0, 0
36404, 7013522, 0, 0, 0
36501, 6975199, 0, 0, 0
36605, 6467613, 0, 0, 0
36709, 6519027, 0, 0, 0
36807, 6979794, 0, 0, 0
36901, 6260338, 0, 0, 0
37004, 7328093, 0, 0, 0
37102, 7560212, 0, 0, 0
37202, 8367180, 0, 0, 0
37300, 7000799, 0, 0, 0
37400, 7630843, 0, 0, 0
37504, 6972887, 0, 0, 0
37602, 6963160, 0, 0, 0
37707, 6977655, 0, 0, 0
37813, 8201502, 0, 0, 0
37905, 6529765, 0, 0, 0
38002, 6505452, 0, 0, 0
38100, 6540098, 0, 0, 0
38200, 5837630, 0, 0, 0
38305, 8121805, 0, 0, 0
38407, 8424633, 0, 0, 0
38502, 6386084, 0, 0, 0
38602, 7681282, 0, 0, 0
38705, 7902488, 0, 0, 0
38802, 8101096, 0, 0, 0
38907, 6505924, 0, 0, 0
39003, 7409388, 0, 0, 0
39108, 7484644, 0, 0, 0
39205, 7447403, 0, 0, 0
39306, 7802843, 0, 0, 0
39407, 7734823, 0, 0, 0
39509, 8548994, 0, 0, 0
39600, 8215971, 0, 0, 0
39704, 7434959, 0, 0, 0
39800, 8743327, 0, 0, 0
39903, 8521639, 0, 0, 0
40002, 5862781, 0, 0, 0
40106, 8602135, 0, 0, 0
40204, 6168758, 0, 0, 0
40311, 7596573, 0, 0, 0
40412, 6763228, 0, 0, 0
40502, 7458594, 0, 0, 0
40608, 9637789, 0, 0, 0
40707, 7643654, 0, 0, 0
40823, 7223268, 0, 0, 0
40900, 6420389, 0, 0, 0
41005, 8088848, 0, 0, 0
41109, 8004909, 0, 0, 0
41202, 7763621, 0, 0, 0
41302, 7119988, 0, 0, 0
41400, 6981944, 0, 0, 0
41504, 6902122, 0, 0, 0
41603, 9027356, 0, 0, 0
41702, 6603483, 0, 0, 0
41800, 8916004, 0, 0, 0
41906, 7587388, 0, 0, 0
42004, 8831352, 0, 0, 0
42100, 7411855, 0, 0, 0
42202, 6794639, 0, 0, 0
42301, 7603430, 0, 0, 0
42402, 7812967, 0, 0, 0
42508, 8112716, 0, 0, 0
42600, 7109344, 0, 0, 0
42708, 8244141, 0, 0, 0
42803, 8700958, 0, 0, 0
42902, 8217125, 0, 0, 0
43006, 7431459, 0, 0, 0
43105, 6193227, 0, 0, 0
43202, 6881011, 0, 0, 0
43306, 6968859, 0, 0, 0
43406, 8296176, 0, 0, 0
43507, 6763010, 0, 0, 0
43614, 6649565, 0, 0, 0
43701, 10838020, 0, 0, 0
43802, 8476216, 0, 0, 0
43907, 7438475, 0, 0, 0
44005, 6130853, 0, 0, 0
44105, 6695368, 0, 0, 0
44215, 7840707, 0, 0, 0
44306, 6496338, 0, 0, 0
44400, 7864261, 0, 0, 0
44508, 8269481, 0, 0, 0
44608, 9133391, 0, 0, 0
44700, 6084593, 0, 0, 0
44802, 7268487, 0, 0, 0
44901, 7624298, 0, 0, 0
45009, 7184212, 0, 0, 0
45100, 7608419, 0, 0, 0
45208, 6021390, 0, 0, 0
45302, 7195561, 0, 0, 0
45408, 8149945, 0, 0, 0
45506, 8169860, 0, 0, 0
45601, 7948551, 0, 0, 0
45702, 6691165, 0, 0, 0
45804, 6394102, 0, 0, 0
45901, 6014352, 0, 0, 0
46002, 10156878, 0, 0, 0
46112, 6432548, 0, 0, 0
46212, 11100158, 0, 0, 0
46300, 7364773, 0, 0, 0
46406, 7549684, 0, 0, 0
46501, 7945702, 0, 0, 0
46606, 6562288, 0, 0, 0
46707, 8420798, 0, 0, 0
46811, 6071291, 0, 0, 0
46906, 7347934, 0, 0, 0
47008, 7859509, 0, 0, 0
47103, 7281897, 0, 0, 0
47200, 6062404, 0, 0, 0
47303, 7337877, 0, 0, 0
47403, 7686611, 0, 0, 0
47511, 7231837, 0, 0, 0
47601, 8175110, 0, 0, 0
47706, 6947719, 0, 0, 0
47800, 6279463, 0, 0, 0
47907, 8251482, 0, 0, 0
48003, 7959807, 0, 0, 0
48107, 8021280, 0, 0, 0
48202, 6334539, 0, 0, 0
48306, 7424722, 0, 0, 0
48400, 9352884, 0, 0, 0
48502, 7330601, 0, 0, 0
48616, 9461510, 0, 0, 0
48706, 6913597, 0, 0, 0
48810, 10416866, 0, 0, 0
48901, 6485954, 0, 0, 0
49001, 6694655, 0, 0, 0
49101, 7088609, 0, 0, 0
49202, 7796909, 0, 0, 0
49305, 7305335, 0, 0, 0
49400, 6810558, 0, 0, 0
49509, 9050658, 0, 0, 0
49607, 8167990, 0, 0, 0
49708, 5317923, 0, 0, 0
49800, 8394756, 0, 0, 0
49901, 7230063, 0, 0, 0
50000, 7047619, 0, 0, 0
50109, 7243760, 0, 0, 0
50204, 9558424, 0, 0, 0
50307, 6019584, 0, 0, 0
50404, 7503557, 0, 0, 0
50500, 6790142, 0, 0, 0
50600, 7726655, 0, 0, 0
50704, 7395299, 0, 0, 0
50809, 6605177, 0, 0, 0
50905, 6340988, 0, 0, 0
51004, 7651395, 0, 0, 0
51103, 7087594, 0, 0, 0
51210, 7600830, 0, 0, 0
51306, 6443018, 0, 0, 0
51409, 9328746, 0, 0, 0
51503, 8524728, 0, 0, 0
51601, 6099024, 0, 0, 0
51700, 7124556, 0, 0, 0
51804, 7424675, 0, 0, 0
51900, 7990582, 0, 0, 0
52012, 6196065, 0, 0, 0
52106, 5501623, 0, 0, 0
52202, 7428300, 0, 0, 0
52310, 7178344, 0, 0, 0
52407, 6452603, 0, 0, 0
52501, 7263548, 0, 0, 0
52611, 9179922, 0, 0, 0
52700, 9780088, 0, 0, 0
52800, 8376001, 0, 0, 0
52903, 6849344, 0, 0, 0
53000, 10804008, 0, 0, 0
53100, 7163118, 0, 0, 0
53206, 5831229, 0, 0, 0
53300, 6743362, 0, 0, 0
53408, 6734418, 0, 0, 0
53501, 6683476, 0, 0, 0
53606, 7470525, 0, 0, 0
53709, 9320913, 0, 0, 0
53805, 9654963, 0, 0, 0
53900, 6753210, 0, 0, 0
54003, 6855320, 0, 0, 0
54105, 7319608, 0, 0, 0
54200, 6795603, 0, 0, 0
54300, 7624071, 0, 0, 0
54403, 7382245, 0, 0, 0
54500, 7449239, 0, 0, 0
54610, 9165056, 0, 0, 0
54708, 6564354, 0, 0, 0
54803, 8566217, 0, 0, 0
54904, 7786657, 0, 0, 0
55004, 5893303, 0, 0, 0
55101, 6019695, 0, 0, 0
55204, 7933714, 0, 0, 0
55303, 7106499, 0, 0, 0
55402, 5814568, 0, 0, 0
55513, 7906152, 0, 0, 0
55609, 6821742, 0, 0, 0
55704, 7955798, 0, 0, 0
55802, 5731938, 0, 0, 0
55901, 5505055, 0, 0, 0
56003, 6848831, 0, 0, 0
56101, 6107755, 0, 0, 0
56207, 8113834, 0, 0, 0
56305, 7004025, 0, 0, 0
56407, 6357426, 0, 0, 0
56514, 7645393, 0, 0, 0
56602, 7376157, 0, 0, 0
56701, 8221023, 0, 0, 0
56804, 5394651, 0, 0, 0
56900, 7383698, 0, 0, 0
57001, 5946834, 0, 0, 0
57102, 8416319, 0, 0, 0
57207, 8092987, 0, 0, 0
57314, 8935727, 0, 0, 0
57403, 6800329, 0, 0, 0
57506, 8575565, 0, 0, 0
57600, 7868394, 0, 0, 0
57700, 9040892, 0, 0, 0
57802, 6807621, 0, 0, 0
57905, 8592032, 0, 0, 0
58012, 7121042, 0, 0, 0
58106, 6692060, 0, 0, 0
58213, 5961092, 0, 0, 0
58304, 6531910, 0, 0, 0
58406, 10116423, 0, 0, 0
58502, 6420264, 0, 0, 0
58606, 10369381, 0, 0, 0
58700, 7825243, 0, 0, 0
58800, 6681424, 0, 0, 0
58906, 8109259, 0, 0, 0
59012, 8892822, 0, 0, 0
59104, 7068378, 0, 0, 0
59204, 7698301, 0, 0, 0
59301, 6927558, 0, 0, 0
59406, 8041028, 0, 0, 0
59507, 6736041, 0, 0, 0
59600, 7737291, 0, 0, 0
59703, 7914362, 0, 0, 0
59804, 6308095, 0, 0, 0
59904, 5291841, 0, 0, 0
60006, 8413876, 0, 0, 0
