250, 168, 0, 0, 0
350, 150, 0, 0, 0
450, 120, 0, 0, 0
550, 160, 0, 0, 0
650, 140, 0, 0, 0
749, 101, 0, 0, 0
849, 140, 0, 0, 0
949, 160, 0, 0, 0
1049, 110, 0, 0, 0
1149, 150, 0, 0, 0
1249, 110, 0, 0, 0
1349, 120, 0, 0, 0
1449, 120, 0, 0, 0
1549, 140, 0, 0, 0
1649, 180, 0, 0, 0
1750, 120, 0, 0, 0
1850, 110, 0, 0, 0
1950, 140, 0, 0, 0
2050, 120, 0, 0, 0
2150, 160, 0, 0, 0
2249, 141, 0, 0, 0
2349, 140, 0, 0, 0
2449, 140, 0, 0, 0
2549, 160, 0, 0, 0
2649, 170, 0, 0, 0
2749, 130, 0, 0, 0
2849, 120, 0, 0, 0
2950, 100, 0, 0, 0
3050, 180, 0, 0, 0
3150, 140, 0, 0, 0
3249, 161, 0, 0, 0
3349, 110, 0, 0, 0
3449, 90, 0, 0, 0
3549, 100, 0, 0, 0
3649, 130, 0, 0, 0
3749, 130, 0, 0, 0
3849, 160, 0, 0, 0
3949, 150, 0, 0, 0
4050, 110, 0, 0, 0
4150, 170, 0, 0, 0
4249, 101, 0, 0, 0
4349, 70, 0, 0, 0
4449, 140, 0, 0, 0
4549, 120, 0, 0, 0
4649, 160, 0, 0, 0
4749, 150, 0, 0, 0
4849, 160, 0, 0, 0
4949, 130, 0, 0, 0
5049, 130, 0, 0, 0
5149, 100, 0, 0, 0
5250, 180, 0, 0, 0
5350, 130, 0, 0, 0
5450, 120, 0, 0, 0
5550, 100, 0, 0, 0
5650, 120, 0, 0, 0
5749, 90, 0, 0, 0
5849, 190, 0, 0, 0
5949, 120, 0, 0, 0
6049, 100, 0, 0, 0
6149, 130, 0, 0, 0
6249, 80, 0, 0, 0
6349, 160, 0, 0, 0
6450, 120, 0, 0, 0
6550, 140, 0, 0, 0
6650, 220, 0, 0, 0
6749, 121, 0, 0, 0
6849, 150, 0, 0, 0
6949, 140, 0, 0, 0
7049, 130, 0, 0, 0
7149, 150, 0, 0, 0
7249, 200, 0, 0, 0
7349, 120, 0, 0, 0
7449, 80, 0, 0, 0
7549, 150, 0, 0, 0
7650, 120, 0, 0, 0
7749, 191, 0, 0, 0
7849, 220, 0, 0, 0
7949, 100, 0, 0, 0
8049, 160, 0, 0, 0
8149, 150, 0, 0, 0
8249, 180, 0, 0, 0
8349, 130, 0, 0, 0
8449, 120, 0, 0, 0
8549, 160, 0, 0, 0
8649, 190, 0, 0, 0
8750, 100, 0, 0, 0
8850, 140, 0, 0, 0
8950, 130, 0, 0, 0
9050, 120, 0, 0, 0
9150, 120, 0, 0, 0
9249, 121, 0, 0, 0
9349, 70, 0, 0, 0
9449, 170, 0, 0, 0
9549, 150, 0, 0, 0
9649, 160, 0, 0, 0
9749, 150, 0, 0, 0
9849, 160, 0, 0, 0
9949, 140, 0, 0, 0
10050, 170, 0, 0, 0
10150, 200, 0, 0, 0
10249, 141, 0, 0, 0
10349, 60, 0, 0, 0
10449, 160, 0, 0, 0
10549, 140, 0, 0, 0
10649, 110, 0, 0, 0
10749, 110, 0, 0, 0
10849, 140, 0, 0, 0
10949, 110, 0, 0, 0
11050, 130, 0, 0, 0
11150, 70, 0, 0, 0
11249, 191, 0, 0, 0
11349, 130, 0, 0, 0
11449, 100, 0, 0, 0
11549, 150, 0, 0, 0
11649, 160, 0, 0, 0
11749, 90, 0, 0, 0
11849, 60, 0, 0, 0
11949, 80, 0, 0, 0
12049, 160, 0, 0, 0
12149, 140, 0, 0, 0
12250, 130, 0, 0, 0
12350, 120, 0, 0, 0
12450, 150, 0, 0, 0
12550, 110, 0, 0, 0
12650, 160, 0, 0, 0
12749, 111, 0, 0, 0
12849, 200, 0, 0, 0
12949, 160, 0, 0, 0
13049, 180, 0, 0, 0
13149, 160, 0, 0, 0
13249, 140, 0, 0, 0
13350, 150, 0, 0, 0
13450, 140, 0, 0, 0
13550, 160, 0, 0, 0
13650, 150, 0, 0, 0
13749, 101, 0, 0, 0
13849, 70, 0, 0, 0
13949, 140, 0, 0, 0
14049, 130, 0, 0, 0
14149, 100, 0, 0, 0
14249, 130, 0, 0, 0
14349, 120, 0, 0, 0
14449, 210, 0, 0, 0
14550, 100, 0, 0, 0
14650, 130, 0, 0, 0
14749, 141, 0, 0, 0
14849, 190, 0, 0, 0
14949, 100, 0, 0, 0
15049, 130, 0, 0, 0
15149, 90, 0, 0, 0
15249, 150, 0, 0, 0
15349, 170, 0, 0, 0
15449, 150, 0, 0, 0
15549, 100, 0, 0, 0
15649, 70, 0, 0, 0
15750, 210, 0, 0, 0
15850, 140, 0, 0, 0
15950, 180, 0, 0, 0
16050, 140, 0, 0, 0
16150, 200, 0, 0, 0
16249, 131, 0, 0, 0
16349, 180, 0, 0, 0
16449, 110, 0, 0, 0
16549, 190, 0, 0, 0
16649, 140, 0, 0, 0
16749, 130, 0, 0, 0
16849, 100, 0, 0, 0
16950, 140, 0, 0, 0
17050, 140, 0, 0, 0
17150, 100, 0, 0, 0
17249, 151, 0, 0, 0
17349, 170, 0, 0, 0
17449, 170, 0, 0, 0
17549, 130, 0, 0, 0
17649, 190, 0, 0, 0
17749, 240, 0, 0, 0
17849, 130, 0, 0, 0
17949, 130, 0, 0, 0
18050, 120, 0, 0, 0
18150, 150, 0, 0, 0
18249, 90, 0, 0, 0
18349, 120, 0, 0, 0
18449, 110, 0, 0, 0
18549, 140, 0, 0, 0
18649, 160, 0, 0, 0
18749, 80, 0, 0, 0
18849, 100, 0, 0, 0
18949, 170, 0, 0, 0
19049, 130, 0, 0, 0
19149, 80, 0, 0, 0
19250, 230, 0, 0, 0
19350, 100, 0, 0, 0
19450, 120, 0, 0, 0
19550, 160, 0, 0, 0
19650, 90, 0, 0, 0
19749, 161, 0, 0, 0
19849, 110, 0, 0, 0
19949, 120, 0, 0, 0
20049, 130, 0, 0, 0
20149, 120, 0, 0, 0
20249, 120, 0, 0, 0
20349, 130, 0, 0, 0
20449, 80, 0, 0, 0
20550, 120, 0, 0, 0
20650, 110, 0, 0, 0
20749, 121, 0, 0, 0
20849, 120, 0, 0, 0
20949, 120, 0, 0, 0
21049, 180, 0, 0, 0
21149, 160, 0, 0, 0
21249, 140, 0, 0, 0
21349, 130, 0, 0, 0
21449, 170, 0, 0, 0
21549, 120, 0, 0, 0
21649, 110, 0, 0, 0
21750, 160, 0, 0, 0
21850, 90, 0, 0, 0
21950, 190, 0, 0, 0
22050, 100, 0, 0, 0
22150, 150, 0, 0, 0
22249, 101, 0, 0, 0
22349, 130, 0, 0, 0
22449, 150, 0, 0, 0
22549, 110, 0, 0, 0
22649, 170, 0, 0, 0
22749, 170, 0, 0, 0
22849, 150, 0, 0, 0
22949, 130, 0, 0, 0
23050, 170, 0, 0, 0
23150, 120, 0, 0, 0
23249, 121, 0, 0, 0
23349, 170, 0, 0, 0
23449, 140, 0, 0, 0
23549, 150, 0, 0, 0
23649, 180, 0, 0, 0
23749, 130, 0, 0, 0
23849, 150, 0, 0, 0
23949, 170, 0, 0, 0
24049, 150, 0, 0, 0
24149, 150, 0, 0, 0
24250, 140, 0, 0, 0
24350, 140, 0, 0, 0
24450, 100, 0, 0, 0
24550, 120, 0, 0, 0
24650, 140, 0, 0, 0
24749, 131, 0, 0, 0
24849, 190, 0, 0, 0
24949, 230, 0, 0, 0
25049, 150, 0, 0, 0
25149, 190, 0, 0, 0
25249, 130, 0, 0, 0
25349, 110, 0, 0, 0
25449, 140, 0, 0, 0
25550, 110, 0, 0, 0
25650, 110, 0, 0, 0
25749, 161, 0, 0, 0
25849, 40, 0, 0, 0
25949, 190, 0, 0, 0
26049, 160, 0, 0, 0
26149, 120, 0, 0, 0
26249, 170, 0, 0, 0
26349, 130, 0, 0, 0
26449, 120, 0, 0, 0
26549, 200, 0, 0, 0
26649, 180, 0, 0, 0
26750, 110, 0, 0, 0
26850, 180, 0, 0, 0
26950, 100, 0, 0, 0
27050, 180, 0, 0, 0
27150, 120, 0, 0, 0
27249, 141, 0, 0, 0
27349, 120, 0, 0, 0
27449, 130, 0, 0, 0
27549, 150, 0, 0, 0
27649, 110, 0, 0, 0
27749, 210, 0, 0, 0
27849, 120, 0, 0, 0
27949, 130, 0, 0, 0
28050, 110, 0, 0, 0
28150, 120, 0, 0, 0
28249, 171, 0, 0, 0
28349, 130, 0, 0, 0
28449, 150, 0, 0, 0
28549, 160, 0, 0, 0
28649, 160, 0, 0, 0
28749, 100, 0, 0, 0
28849, 120, 0, 0, 0
28949, 130, 0, 0, 0
29049, 120, 0, 0, 0
29149, 100, 0, 0, 0
29250, 160, 0, 0, 0
29350, 170, 0, 0, 0
29450, 110, 0, 0, 0
29550, 190, 0, 0, 0
29650, 170, 0, 0, 0
29749, 161, 0, 0, 0
29849, 170, 0, 0, 0
29949, 100, 0, 0, 0
30049, 140, 0, 0, 0
30149, 160, 0, 0, 0
30249, 170, 0, 0, 0
30349, 130, 0, 0, 0
30449, 160, 0, 0, 0
30550, 120, 0, 0, 0
30650, 230, 0, 0, 0
30749, 191, 0, 0, 0
30849, 150, 0, 0, 0
30949, 170, 0, 0, 0
31049, 120, 0, 0, 0
31149, 140, 0, 0, 0
31249, 160, 0, 0, 0
31349, 170, 0, 0, 0
31449, 100, 0, 0, 0
31549, 160, 0, 0, 0
31649, 190, 0, 0, 0
31749, 130, 0, 0, 0
31849, 120, 0, 0, 0
31950, 110, 0, 0, 0
32050, 150, 0, 0, 0
32150, 140, 0, 0, 0
32249, 171, 0, 0, 0
32349, 150, 0, 0, 0
32449, 210, 0, 0, 0
32549, 160, 0, 0, 0
32649, 160, 0, 0, 0
32749, 180, 0, 0, 0
32849, 190, 0, 0, 0
32949, 200, 0, 0, 0
33049, 100, 0, 0, 0
33149, 140, 0, 0, 0
33249, 200, 0, 0, 0
33349, 140, 0, 0, 0
33449, 100, 0, 0, 0
33550, 100, 0, 0, 0
33650, 170, 0, 0, 0
33749, 191, 0, 0, 0
33849, 150, 0, 0, 0
33949, 160, 0, 0, 0
34049, 180, 0, 0, 0
34149, 160, 0, 0, 0
34249, 140, 0, 0, 0
34349, 140, 0, 0, 0
34449, 170, 0, 0, 0
34549, 180, 0, 0, 0
34649, 220, 0, 0, 0
34749, 170, 0, 0, 0
34849, 120, 0, 0, 0
34949, 160, 0, 0, 0
35050, 150, 0, 0, 0
35150, 160, 0, 0, 0
35249, 121, 0, 0, 0
35349, 130, 0, 0, 0
35449, 120, 0, 0, 0
35549, 130, 0, 0, 0
35649, 110, 0, 0, 0
35749, 130, 0, 0, 0
35849, 170, 0, 0, 0
35949, 120, 0, 0, 0
36049, 290, 0, 0, 0
36149, 210, 0, 0, 0
36249, 130, 0, 0, 0
36349, 130, 0, 0, 0
36449, 170, 0, 0, 0
36550, 160, 0, 0, 0
36650, 110, 0, 0, 0
36749, 131, 0, 0, 0
36849, 150, 0, 0, 0
36949, 190, 0, 0, 0
37049, 140, 0, 0, 0
37149, 110, 0, 0, 0
37249, 130, 0, 0, 0
37349, 110, 0, 0, 0
37449, 130, 0, 0, 0
37549, 150, 0, 0, 0
37649, 130, 0, 0, 0
37749, 160, 0, 0, 0
37849, 100, 0, 0, 0
37949, 110, 0, 0, 0
38050, 140, 0, 0, 0
38150, 100, 0, 0, 0
38249, 151, 0, 0, 0
38349, 190, 0, 0, 0
38449, 140, 0, 0, 0
38549, 150, 0, 0, 0
38649, 130, 0, 0, 0
38749, 170, 0, 0, 0
38849, 180, 0, 0, 0
38949, 210, 0, 0, 0
39049, 120, 0, 0, 0
39149, 140, 0, 0, 0
39249, 110, 0, 0, 0
39349, 170, 0, 0, 0
39449, 160, 0, 0, 0
39549, 160, 0, 0, 0
39650, 180, 0, 0, 0
39749, 90, 0, 0, 0
39849, 180, 0, 0, 0
39949, 180, 0, 0, 0
40049, 110, 0, 0, 0
40149, 130, 0, 0, 0
40249, 130, 0, 0, 0
40349, 110, 0, 0, 0
40449, 160, 0, 0, 0
40549, 110, 0, 0, 0
40649, 170, 0, 0, 0
40749, 110, 0, 0, 0
40849, 160, 0, 0, 0
40949, 140, 0, 0, 0
41049, 100, 0, 0, 0
41149, 140, 0, 0, 0
41250, 160, 0, 0, 0
41350, 110, 0, 0, 0
41450, 160, 0, 0, 0
41550, 110, 0, 0, 0
41650, 140, 0, 0, 0
41749, 151, 0, 0, 0
41849, 170, 0, 0, 0
41949, 130, 0, 0, 0
42049, 180, 0, 0, 0
42149, 140, 0, 0, 0
42249, 50, 0, 0, 0
42349, 70, 0, 0, 0
42449, 140, 0, 0, 0
42549, 200, 0, 0, 0
42649, 160, 0, 0, 0
42749, 110, 0, 0, 0
42849, 180, 0, 0, 0
42949, 150, 0, 0, 0
43050, 170, 0, 0, 0
43150, 120, 0, 0, 0
43249, 131, 0, 0, 0
43349, 170, 0, 0, 0
43449, 130, 0, 0, 0
43549, 100, 0, 0, 0
43649, 110, 0, 0, 0
43749, 230, 0, 0, 0
43849, 190, 0, 0, 0
43949, 120, 0, 0, 0
44049, 140, 0, 0, 0
44149, 100, 0, 0, 0
44249, 110, 0, 0, 0
44349, 230, 0, 0, 0
44449, 120, 0, 0, 0
44550, 150, 0, 0, 0
44650, 130, 0, 0, 0
44749, 111, 0, 0, 0
44849, 100, 0, 0, 0
44949, 180, 0, 0, 0
45049, 140, 0, 0, 0
45149, 160, 0, 0, 0
45249, 130, 0, 0, 0
45349, 130, 0, 0, 0
45449, 150, 0, 0, 0
45549, 110, 0, 0, 0
45649, 150, 0, 0, 0
45749, 110, 0, 0, 0
45849, 90, 0, 0, 0
45949, 120, 0, 0, 0
46050, 170, 0, 0, 0
46150, 120, 0, 0, 0
46249, 121, 0, 0, 0
46349, 160, 0, 0, 0
46449, 130, 0, 0, 0
46549, 150, 0, 0, 0
46649, 140, 0, 0, 0
46749, 130, 0, 0, 0
46849, 120, 0, 0, 0
46949, 140, 0, 0, 0
47049, 180, 0, 0, 0
47149, 170, 0, 0, 0
47249, 160, 0, 0, 0
47350, 150, 0, 0, 0
47450, 150, 0, 0, 0
47550, 190, 0, 0, 0
47650, 130, 0, 0, 0
47749, 191, 0, 0, 0
47849, 160, 0, 0, 0
47949, 130, 0, 0, 0
48049, 180, 0, 0, 0
48149, 160, 0, 0, 0
48249, 190, 0, 0, 0
48349, 130, 0, 0, 0
48449, 130, 0, 0, 0
48549, 200, 0, 0, 0
48649, 90, 0, 0, 0
48750, 140, 0, 0, 0
48850, 100, 0, 0, 0
48950, 240, 0, 0, 0
49050, 110, 0, 0, 0
49150, 110, 0, 0, 0
49249, 141, 0, 0, 0
49349, 170, 0, 0, 0
49449, 170, 0, 0, 0
49549, 160, 0, 0, 0
49649, 120, 0, 0, 0
49749, 110, 0, 0, 0
49849, 130, 0, 0, 0
49949, 160, 0, 0, 0
50050, 160, 0, 0, 0
50150, 190, 0, 0, 0
50249, 141, 0, 0, 0
50349, 160, 0, 0, 0
50449, 130, 0, 0, 0
50549, 150, 0, 0, 0
50649, 130, 0, 0, 0
50749, 120, 0, 0, 0
50849, 130, 0, 0, 0
50949, 160, 0, 0, 0
51049, 80, 0, 0, 0
51149, 140, 0, 0, 0
51249, 80, 0, 0, 0
51349, 130, 0, 0, 0
51449, 150, 0, 0, 0
51549, 120, 0, 0, 0
51650, 160, 0, 0, 0
51750, 150, 0, 0, 0
51850, 90, 0, 0, 0
51950, 100, 0, 0, 0
52050, 140, 0, 0, 0
52150, 140, 0, 0, 0
52249, 111, 0, 0, 0
52349, 110, 0, 0, 0
52449, 160, 0, 0, 0
52549, 170, 0, 0, 0
52649, 110, 0, 0, 0
52749, 140, 0, 0, 0
52849, 130, 0, 0, 0
52949, 240, 0, 0, 0
53049, 190, 0, 0, 0
53150, 130, 0, 0, 0
53249, 151, 0, 0, 0
53349, 170, 0, 0, 0
53449, 110, 0, 0, 0
53549, 140, 0, 0, 0
53649, 160, 0, 0, 0
53749, 130, 0, 0, 0
53849, 100, 0, 0, 0
53949, 150, 0, 0, 0
54049, 140, 0, 0, 0
54149, 150, 0, 0, 0
54249, 180, 0, 0, 0
54349, 160, 0, 0, 0
54449, 160, 0, 0, 0
54550, 210, 0, 0, 0
54650, 140, 0, 0, 0
54749, 121, 0, 0, 0
54849, 100, 0, 0, 0
54949, 110, 0, 0, 0
55049, 150, 0, 0, 0
55149, 130, 0, 0, 0
55249, 120, 0, 0, 0
55349, 120, 0, 0, 0
55449, 190, 0, 0, 0
55549, 130, 0, 0, 0
55649, 150, 0, 0, 0
55749, 160, 0, 0, 0
55850, 110, 0, 0, 0
55950, 150, 0, 0, 0
56050, 130, 0, 0, 0
56150, 130, 0, 0, 0
56249, 121, 0, 0, 0
56349, 150, 0, 0, 0
56449, 90, 0, 0, 0
56549, 160, 0, 0, 0
56649, 100, 0, 0, 0
56749, 100, 0, 0, 0
56849, 150, 0, 0, 0
56949, 100, 0, 0, 0
57049, 130, 0, 0, 0
57149, 150, 0, 0, 0
57249, 150, 0, 0, 0
57349, 150, 0, 0, 0
57449, 210, 0, 0, 0
57550, 110, 0, 0, 0
57650, 120, 0, 0, 0
57749, 131, 0, 0, 0
57849, 140, 0, 0, 0
57949, 140, 0, 0, 0
58049, 150, 0, 0, 0
58149, 130, 0, 0, 0
58249, 130, 0, 0, 0
58349, 110, 0, 0, 0
58449, 130, 0, 0, 0
58549, 180, 0, 0, 0
58649, 160, 0, 0, 0
58749, 150, 0, 0, 0
58849, 140, 0, 0, 0
58949, 170, 0, 0, 0
59050, 110, 0, 0, 0
59150, 130, 0, 0, 0
59249, 101, 0, 0, 0
59349, 170, 0, 0, 0
59449, 130, 0, 0, 0
59549, 140, 0, 0, 0
59649, 120, 0, 0, 0
59749, 140, 0, 0, 0
59849, 110, 0, 0, 0
59949, 160, 0, 0, 0
