250, 623616, 0, 0, 0
350, 599040, 0, 0, 0
450, 540160, 0, 0, 0
550, 604160, 0, 0, 0
650, 650240, 0, 0, 0
749, 605090, 0, 0, 0
849, 660480, 0, 0, 0
949, 606720, 0, 0, 0
1049, 622080, 0, 0, 0
1150, 570880, 0, 0, 0
1249, 586989, 0, 0, 0
1349, 632320, 0, 0, 0
1449, 629760, 0, 0, 0
1549, 663040, 0, 0, 0
1649, 581120, 0, 0, 0
1749, 637440, 0, 0, 0
1849, 558080, 0, 0, 0
1949, 619520, 0, 0, 0
2049, 611840, 0, 0, 0
2150, 591360, 0, 0, 0
2249, 674909, 0, 0, 0
2349, 581120, 0, 0, 0
2449, 593920, 0, 0, 0
2549, 604160, 0, 0, 0
2649, 619520, 0, 0, 0
2749, 601600, 0, 0, 0
2849, 609280, 0, 0, 0
2949, 596480, 0, 0, 0
3050, 604160, 0, 0, 0
3150, 652800, 0, 0, 0
3249, 651636, 0, 0, 0
3349, 552960, 0, 0, 0
3449, 642560, 0, 0, 0
3549, 588800, 0, 0, 0
3649, 660480, 0, 0, 0
3749, 611840, 0, 0, 0
3849, 616960, 0, 0, 0
3949, 632320, 0, 0, 0
4050, 570880, 0, 0, 0
4150, 616960, 0, 0, 0
4249, 638707, 0, 0, 0
4349, 578560, 0, 0, 0
4449, 629760, 0, 0, 0
4549, 655360, 0, 0, 0
4649, 563200, 0, 0, 0
4749, 663040, 0, 0, 0
4849, 670720, 0, 0, 0
4949, 629760, 0, 0, 0
5050, 609280, 0, 0, 0
5150, 616960, 0, 0, 0
5249, 610262, 0, 0, 0
5349, 601600, 0, 0, 0
5449, 629760, 0, 0, 0
5549, 637440, 0, 0, 0
5649, 540160, 0, 0, 0
5749, 660480, 0, 0, 0
5849, 593920, 0, 0, 0
5949, 565760, 0, 0, 0
6050, 657920, 0, 0, 0
6150, 560640, 0, 0, 0
6249, 592161, 0, 0, 0
6349, 619520, 0, 0, 0
6449, 609280, 0, 0, 0
6549, 611840, 0, 0, 0
6649, 596480, 0, 0, 0
6749, 645120, 0, 0, 0
6849, 558080, 0, 0, 0
6949, 540160, 0, 0, 0
7050, 609280, 0, 0, 0
7150, 586240, 0, 0, 0
7249, 594747, 0, 0, 0
7349, 563200, 0, 0, 0
7449, 650240, 0, 0, 0
7549, 547840, 0, 0, 0
7649, 593920, 0, 0, 0
7749, 537600, 0, 0, 0
7849, 665600, 0, 0, 0
7949, 660480, 0, 0, 0
8050, 611840, 0, 0, 0
8150, 550400, 0, 0, 0
8249, 599919, 0, 0, 0
8349, 616960, 0, 0, 0
8449, 642560, 0, 0, 0
8549, 517120, 0, 0, 0
8649, 555520, 0, 0, 0
8749, 624640, 0, 0, 0
8849, 550400, 0, 0, 0
8949, 570880, 0, 0, 0
9050, 614400, 0, 0, 0
9150, 657920, 0, 0, 0
9249, 522343, 0, 0, 0
9349, 591360, 0, 0, 0
9449, 634880, 0, 0, 0
9549, 565760, 0, 0, 0
9649, 650240, 0, 0, 0
9749, 588800, 0, 0, 0
9849, 593920, 0, 0, 0
9949, 640000, 0, 0, 0
10050, 609280, 0, 0, 0
10150, 570880, 0, 0, 0
10249, 615434, 0, 0, 0
10349, 604160, 0, 0, 0
10449, 627200, 0, 0, 0
10549, 550400, 0, 0, 0
10649, 624640, 0, 0, 0
10749, 596480, 0, 0, 0
10849, 606720, 0, 0, 0
10949, 652800, 0, 0, 0
11050, 591360, 0, 0, 0
11150, 637440, 0, 0, 0
11249, 636121, 0, 0, 0
11349, 563200, 0, 0, 0
11449, 611840, 0, 0, 0
11549, 583680, 0, 0, 0
11649, 588800, 0, 0, 0
11749, 550400, 0, 0, 0
11849, 573440, 0, 0, 0
11949, 614400, 0, 0, 0
12050, 565760, 0, 0, 0
12150, 599040, 0, 0, 0
12249, 599919, 0, 0, 0
12349, 614400, 0, 0, 0
12449, 634880, 0, 0, 0
12549, 655360, 0, 0, 0
12649, 637440, 0, 0, 0
12749, 627200, 0, 0, 0
12849, 593920, 0, 0, 0
12949, 611840, 0, 0, 0
13050, 624640, 0, 0, 0
13150, 606720, 0, 0, 0
13249, 628363, 0, 0, 0
13349, 634880, 0, 0, 0
13449, 622080, 0, 0, 0
13549, 647680, 0, 0, 0
13649, 560640, 0, 0, 0
13749, 581120, 0, 0, 0
13849, 560640, 0, 0, 0
13949, 657920, 0, 0, 0
14050, 573440, 0, 0, 0
14150, 663040, 0, 0, 0
14249, 641292, 0, 0, 0
14349, 637440, 0, 0, 0
14449, 627200, 0, 0, 0
14549, 601600, 0, 0, 0
14649, 627200, 0, 0, 0
14749, 555520, 0, 0, 0
14849, 611840, 0, 0, 0
14949, 647680, 0, 0, 0
15050, 591360, 0, 0, 0
15150, 599040, 0, 0, 0
15249, 618020, 0, 0, 0
15349, 665600, 0, 0, 0
15449, 560640, 0, 0, 0
15549, 622080, 0, 0, 0
15649, 614400, 0, 0, 0
15749, 642560, 0, 0, 0
15849, 645120, 0, 0, 0
15949, 634880, 0, 0, 0
16050, 614400, 0, 0, 0
16150, 629760, 0, 0, 0
16249, 672323, 0, 0, 0
16349, 611840, 0, 0, 0
16449, 640000, 0, 0, 0
16549, 593920, 0, 0, 0
16649, 609280, 0, 0, 0
16749, 547840, 0, 0, 0
16849, 665600, 0, 0, 0
16949, 663040, 0, 0, 0
17050, 645120, 0, 0, 0
17150, 663040, 0, 0, 0
17249, 574060, 0, 0, 0
17349, 629760, 0, 0, 0
17449, 611840, 0, 0, 0
17549, 627200, 0, 0, 0
17649, 619520, 0, 0, 0
17749, 611840, 0, 0, 0
17849, 632320, 0, 0, 0
17949, 601600, 0, 0, 0
18050, 655360, 0, 0, 0
18150, 599040, 0, 0, 0
18249, 638707, 0, 0, 0
18349, 640000, 0, 0, 0
18449, 645120, 0, 0, 0
18549, 545280, 0, 0, 0
18649, 678400, 0, 0, 0
18749, 655360, 0, 0, 0
18849, 647680, 0, 0, 0
18949, 596480, 0, 0, 0
19050, 642560, 0, 0, 0
19150, 647680, 0, 0, 0
19249, 620606, 0, 0, 0
19349, 668160, 0, 0, 0
19449, 550400, 0, 0, 0
19549, 555520, 0, 0, 0
19649, 578560, 0, 0, 0
19749, 627200, 0, 0, 0
19849, 670720, 0, 0, 0
19949, 627200, 0, 0, 0
20050, 614400, 0, 0, 0
20150, 632320, 0, 0, 0
20249, 628363, 0, 0, 0
20349, 606720, 0, 0, 0
20449, 657920, 0, 0, 0
20549, 645120, 0, 0, 0
20649, 642560, 0, 0, 0
20749, 570880, 0, 0, 0
20849, 609280, 0, 0, 0
20949, 686080, 0, 0, 0
21049, 609280, 0, 0, 0
21150, 645120, 0, 0, 0
21249, 535272, 0, 0, 0
21349, 596480, 0, 0, 0
21449, 634880, 0, 0, 0
21549, 627200, 0, 0, 0
21649, 593920, 0, 0, 0
21749, 627200, 0, 0, 0
21849, 673280, 0, 0, 0
21949, 660480, 0, 0, 0
22050, 604160, 0, 0, 0
22150, 655360, 0, 0, 0
22249, 612848, 0, 0, 0
22349, 647680, 0, 0, 0
22449, 611840, 0, 0, 0
22549, 560640, 0, 0, 0
22649, 657920, 0, 0, 0
22749, 568320, 0, 0, 0
22849, 652800, 0, 0, 0
22949, 601600, 0, 0, 0
23049, 578560, 0, 0, 0
23150, 637440, 0, 0, 0
23250, 619520, 0, 0, 0
23350, 627200, 0, 0, 0
23450, 616960, 0, 0, 0
23550, 616960, 0, 0, 0
23650, 647680, 0, 0, 0
23749, 625777, 0, 0, 0
23849, 670720, 0, 0, 0
23949, 611840, 0, 0, 0
24049, 634880, 0, 0, 0
24150, 637440, 0, 0, 0
24249, 667151, 0, 0, 0
24349, 632320, 0, 0, 0
24449, 640000, 0, 0, 0
24549, 596480, 0, 0, 0
24649, 645120, 0, 0, 0
24749, 652800, 0, 0, 0
24849, 576000, 0, 0, 0
24949, 640000, 0, 0, 0
25050, 650240, 0, 0, 0
25150, 680960, 0, 0, 0
25249, 638707, 0, 0, 0
25349, 657920, 0, 0, 0
25449, 560640, 0, 0, 0
25549, 570880, 0, 0, 0
25649, 647680, 0, 0, 0
25749, 616960, 0, 0, 0
25849, 678400, 0, 0, 0
25949, 645120, 0, 0, 0
26050, 640000, 0, 0, 0
26150, 586240, 0, 0, 0
26249, 646464, 0, 0, 0
26349, 611840, 0, 0, 0
26449, 678400, 0, 0, 0
26549, 698880, 0, 0, 0
26649, 632320, 0, 0, 0
26749, 642560, 0, 0, 0
26849, 668160, 0, 0, 0
26949, 606720, 0, 0, 0
27049, 650240, 0, 0, 0
27149, 647680, 0, 0, 0
27250, 696320, 0, 0, 0
27350, 622080, 0, 0, 0
27450, 647680, 0, 0, 0
27550, 645120, 0, 0, 0
27650, 668160, 0, 0, 0
27749, 620606, 0, 0, 0
27849, 655360, 0, 0, 0
27949, 555520, 0, 0, 0
28049, 624640, 0, 0, 0
28149, 616960, 0, 0, 0
28250, 629760, 0, 0, 0
28350, 675840, 0, 0, 0
28450, 614400, 0, 0, 0
28550, 563200, 0, 0, 0
28650, 570880, 0, 0, 0
28749, 630949, 0, 0, 0
28849, 668160, 0, 0, 0
28949, 550400, 0, 0, 0
29049, 637440, 0, 0, 0
29149, 591360, 0, 0, 0
29250, 627200, 0, 0, 0
29350, 599040, 0, 0, 0
29450, 647680, 0, 0, 0
29550, 647680, 0, 0, 0
29650, 609280, 0, 0, 0
29749, 610262, 0, 0, 0
29849, 604160, 0, 0, 0
29949, 663040, 0, 0, 0
30049, 693760, 0, 0, 0
30149, 670720, 0, 0, 0
30249, 596480, 0, 0, 0
30350, 709120, 0, 0, 0
30450, 660480, 0, 0, 0
30550, 670720, 0, 0, 0
30650, 606720, 0, 0, 0
30749, 659393, 0, 0, 0
30849, 642560, 0, 0, 0
30949, 701440, 0, 0, 0
31049, 629760, 0, 0, 0
31149, 583680, 0, 0, 0
31249, 650240, 0, 0, 0
31350, 622080, 0, 0, 0
31450, 691200, 0, 0, 0
31550, 668160, 0, 0, 0
31650, 622080, 0, 0, 0
31749, 661979, 0, 0, 0
31849, 655360, 0, 0, 0
31949, 583680, 0, 0, 0
32049, 665600, 0, 0, 0
32149, 616960, 0, 0, 0
32250, 665600, 0, 0, 0
32350, 622080, 0, 0, 0
32450, 627200, 0, 0, 0
32550, 586240, 0, 0, 0
32650, 678400, 0, 0, 0
32749, 599919, 0, 0, 0
32849, 588800, 0, 0, 0
32949, 660480, 0, 0, 0
33049, 616960, 0, 0, 0
33149, 596480, 0, 0, 0
33250, 586240, 0, 0, 0
33350, 606720, 0, 0, 0
33450, 663040, 0, 0, 0
33550, 652800, 0, 0, 0
33650, 670720, 0, 0, 0
33749, 579232, 0, 0, 0
33849, 660480, 0, 0, 0
33949, 550400, 0, 0, 0
34049, 596480, 0, 0, 0
34149, 663040, 0, 0, 0
34249, 652800, 0, 0, 0
34350, 665600, 0, 0, 0
34450, 611840, 0, 0, 0
34550, 675840, 0, 0, 0
34650, 619520, 0, 0, 0
34749, 646464, 0, 0, 0
34849, 616960, 0, 0, 0
34949, 596480, 0, 0, 0
35049, 555520, 0, 0, 0
35149, 637440, 0, 0, 0
35250, 624640, 0, 0, 0
35350, 627200, 0, 0, 0
35450, 678400, 0, 0, 0
35550, 650240, 0, 0, 0
35650, 570880, 0, 0, 0
35749, 636121, 0, 0, 0
35849, 647680, 0, 0, 0
35949, 616960, 0, 0, 0
36049, 634880, 0, 0, 0
36149, 581120, 0, 0, 0
36250, 640000, 0, 0, 0
36350, 570880, 0, 0, 0
36450, 663040, 0, 0, 0
36550, 593920, 0, 0, 0
36650, 663040, 0, 0, 0
36749, 630949, 0, 0, 0
36849, 645120, 0, 0, 0
36949, 711680, 0, 0, 0
37049, 568320, 0, 0, 0
37149, 560640, 0, 0, 0
37250, 606720, 0, 0, 0
37350, 678400, 0, 0, 0
37450, 606720, 0, 0, 0
37550, 670720, 0, 0, 0
37650, 593920, 0, 0, 0
37749, 594747, 0, 0, 0
37849, 657920, 0, 0, 0
37949, 532480, 0, 0, 0
38049, 673280, 0, 0, 0
38149, 578560, 0, 0, 0
38250, 606720, 0, 0, 0
38350, 640000, 0, 0, 0
38450, 673280, 0, 0, 0
38550, 593920, 0, 0, 0
38650, 645120, 0, 0, 0
38749, 615434, 0, 0, 0
38849, 634880, 0, 0, 0
38949, 663040, 0, 0, 0
39049, 576000, 0, 0, 0
39149, 660480, 0, 0, 0
39250, 660480, 0, 0, 0
39350, 606720, 0, 0, 0
39450, 593920, 0, 0, 0
39550, 670720, 0, 0, 0
39650, 555520, 0, 0, 0
39749, 633535, 0, 0, 0
39849, 586240, 0, 0, 0
39949, 678400, 0, 0, 0
40049, 568320, 0, 0, 0
40149, 529920, 0, 0, 0
40250, 632320, 0, 0, 0
40350, 604160, 0, 0, 0
40450, 629760, 0, 0, 0
40550, 634880, 0, 0, 0
40650, 570880, 0, 0, 0
40749, 597333, 0, 0, 0
40849, 611840, 0, 0, 0
40949, 591360, 0, 0, 0
41049, 637440, 0, 0, 0
41149, 604160, 0, 0, 0
41250, 642560, 0, 0, 0
41350, 568320, 0, 0, 0
41450, 588800, 0, 0, 0
41550, 665600, 0, 0, 0
41650, 673280, 0, 0, 0
41749, 638707, 0, 0, 0
41849, 629760, 0, 0, 0
41949, 632320, 0, 0, 0
42049, 629760, 0, 0, 0
42149, 586240, 0, 0, 0
42250, 601600, 0, 0, 0
42350, 642560, 0, 0, 0
42450, 642560, 0, 0, 0
42550, 619520, 0, 0, 0
42650, 627200, 0, 0, 0
42749, 561131, 0, 0, 0
42849, 637440, 0, 0, 0
42949, 611840, 0, 0, 0
43049, 711680, 0, 0, 0
43149, 640000, 0, 0, 0
43250, 622080, 0, 0, 0
43350, 655360, 0, 0, 0
43450, 701440, 0, 0, 0
43550, 593920, 0, 0, 0
43650, 691200, 0, 0, 0
43749, 680080, 0, 0, 0
43849, 616960, 0, 0, 0
43949, 657920, 0, 0, 0
44049, 601600, 0, 0, 0
44150, 624640, 0, 0, 0
44250, 660480, 0, 0, 0
44350, 622080, 0, 0, 0
44450, 663040, 0, 0, 0
44550, 632320, 0, 0, 0
44650, 701440, 0, 0, 0
44749, 610262, 0, 0, 0
44849, 563200, 0, 0, 0
44949, 622080, 0, 0, 0
45050, 673280, 0, 0, 0
45150, 634880, 0, 0, 0
45249, 674909, 0, 0, 0
45349, 637440, 0, 0, 0
45449, 624640, 0, 0, 0
45549, 688640, 0, 0, 0
45649, 627200, 0, 0, 0
45749, 601600, 0, 0, 0
45849, 629760, 0, 0, 0
45949, 675840, 0, 0, 0
46049, 609280, 0, 0, 0
46150, 591360, 0, 0, 0
46249, 643878, 0, 0, 0
46349, 578560, 0, 0, 0
46449, 573440, 0, 0, 0
46549, 665600, 0, 0, 0
46649, 647680, 0, 0, 0
46749, 622080, 0, 0, 0
46849, 629760, 0, 0, 0
46949, 609280, 0, 0, 0
47050, 698880, 0, 0, 0
47150, 601600, 0, 0, 0
47249, 680080, 0, 0, 0
47349, 573440, 0, 0, 0
47449, 680960, 0, 0, 0
47549, 599040, 0, 0, 0
47649, 606720, 0, 0, 0
47749, 596480, 0, 0, 0
47849, 665600, 0, 0, 0
47949, 657920, 0, 0, 0
48050, 688640, 0, 0, 0
48150, 614400, 0, 0, 0
48249, 677494, 0, 0, 0
48349, 652800, 0, 0, 0
48449, 545280, 0, 0, 0
48549, 622080, 0, 0, 0
48649, 632320, 0, 0, 0
48749, 686080, 0, 0, 0
48849, 663040, 0, 0, 0
48949, 640000, 0, 0, 0
49050, 622080, 0, 0, 0
49150, 678400, 0, 0, 0
49249, 711111, 0, 0, 0
49349, 563200, 0, 0, 0
49449, 652800, 0, 0, 0
49549, 601600, 0, 0, 0
49649, 683520, 0, 0, 0
49749, 657920, 0, 0, 0
49849, 657920, 0, 0, 0
49949, 698880, 0, 0, 0
50050, 563200, 0, 0, 0
50150, 627200, 0, 0, 0
50249, 669737, 0, 0, 0
50349, 624640, 0, 0, 0
50449, 721920, 0, 0, 0
50549, 665600, 0, 0, 0
50649, 650240, 0, 0, 0
50749, 665600, 0, 0, 0
50849, 668160, 0, 0, 0
50949, 678400, 0, 0, 0
51050, 675840, 0, 0, 0
51150, 660480, 0, 0, 0
51249, 623191, 0, 0, 0
51349, 588800, 0, 0, 0
51449, 596480, 0, 0, 0
51549, 668160, 0, 0, 0
51649, 645120, 0, 0, 0
51749, 668160, 0, 0, 0
51849, 637440, 0, 0, 0
51949, 545280, 0, 0, 0
52050, 609280, 0, 0, 0
52150, 655360, 0, 0, 0
52249, 680080, 0, 0, 0
52349, 696320, 0, 0, 0
52449, 675840, 0, 0, 0
52549, 616960, 0, 0, 0
52649, 647680, 0, 0, 0
52749, 670720, 0, 0, 0
52849, 675840, 0, 0, 0
52949, 609280, 0, 0, 0
53050, 663040, 0, 0, 0
53150, 645120, 0, 0, 0
53249, 677494, 0, 0, 0
53349, 686080, 0, 0, 0
53449, 624640, 0, 0, 0
53549, 645120, 0, 0, 0
53649, 696320, 0, 0, 0
53749, 655360, 0, 0, 0
53849, 583680, 0, 0, 0
53949, 591360, 0, 0, 0
54050, 629760, 0, 0, 0
54150, 698880, 0, 0, 0
54249, 540444, 0, 0, 0
54349, 637440, 0, 0, 0
54449, 663040, 0, 0, 0
54549, 645120, 0, 0, 0
54649, 698880, 0, 0, 0
54749, 688640, 0, 0, 0
54849, 627200, 0, 0, 0
54949, 614400, 0, 0, 0
55050, 670720, 0, 0, 0
55150, 622080, 0, 0, 0
55249, 618020, 0, 0, 0
55349, 637440, 0, 0, 0
55449, 691200, 0, 0, 0
55549, 660480, 0, 0, 0
55649, 650240, 0, 0, 0
55749, 675840, 0, 0, 0
55849, 665600, 0, 0, 0
55949, 637440, 0, 0, 0
56050, 673280, 0, 0, 0
56150, 711680, 0, 0, 0
56249, 633535, 0, 0, 0
56349, 581120, 0, 0, 0
56449, 714240, 0, 0, 0
56549, 698880, 0, 0, 0
56649, 670720, 0, 0, 0
56749, 732160, 0, 0, 0
56849, 655360, 0, 0, 0
56949, 680960, 0, 0, 0
57050, 691200, 0, 0, 0
57150, 734720, 0, 0, 0
57249, 630949, 0, 0, 0
57349, 714240, 0, 0, 0
57449, 691200, 0, 0, 0
57549, 583680, 0, 0, 0
57649, 680960, 0, 0, 0
57750, 622080, 0, 0, 0
57850, 663040, 0, 0, 0
57950, 683520, 0, 0, 0
58050, 683520, 0, 0, 0
58150, 678400, 0, 0, 0
58249, 638707, 0, 0, 0
58349, 724480, 0, 0, 0
58449, 657920, 0, 0, 0
58549, 680960, 0, 0, 0
58649, 624640, 0, 0, 0
58750, 637440, 0, 0, 0
58850, 668160, 0, 0, 0
58950, 581120, 0, 0, 0
59050, 637440, 0, 0, 0
59150, 714240, 0, 0, 0
59249, 625777, 0, 0, 0
59349, 693760, 0, 0, 0
59449, 660480, 0, 0, 0
59549, 593920, 0, 0, 0
59649, 611840, 0, 0, 0
59750, 604160, 0, 0, 0
59850, 678400, 0, 0, 0
59950, 583680, 0, 0, 0
60050, 611840, 0, 0, 0
60150, 604160, 0, 0, 0
60249, 561131, 0, 0, 0
60349, 624640, 0, 0, 0
60449, 606720, 0, 0, 0
60549, 586240, 0, 0, 0
60649, 640000, 0, 0, 0
60750, 604160, 0, 0, 0
60850, 545280, 0, 0, 0
60950, 632320, 0, 0, 0
61050, 652800, 0, 0, 0
61150, 609280, 0, 0, 0
61249, 695595, 0, 0, 0
61349, 581120, 0, 0, 0
61449, 634880, 0, 0, 0
61549, 650240, 0, 0, 0
61649, 614400, 0, 0, 0
61750, 647680, 0, 0, 0
61850, 593920, 0, 0, 0
61950, 632320, 0, 0, 0
62050, 704000, 0, 0, 0
62150, 670720, 0, 0, 0
62249, 693010, 0, 0, 0
62349, 647680, 0, 0, 0
62449, 655360, 0, 0, 0
62549, 704000, 0, 0, 0
62649, 660480, 0, 0, 0
62750, 645120, 0, 0, 0
62850, 670720, 0, 0, 0
62950, 663040, 0, 0, 0
63050, 686080, 0, 0, 0
63150, 645120, 0, 0, 0
63249, 623191, 0, 0, 0
63349, 642560, 0, 0, 0
63449, 645120, 0, 0, 0
63549, 657920, 0, 0, 0
63649, 609280, 0, 0, 0
63750, 637440, 0, 0, 0
63850, 614400, 0, 0, 0
63950, 614400, 0, 0, 0
64050, 660480, 0, 0, 0
64150, 601600, 0, 0, 0
64249, 628363, 0, 0, 0
64349, 578560, 0, 0, 0
64449, 637440, 0, 0, 0
64550, 655360, 0, 0, 0
64650, 642560, 0, 0, 0
64749, 646464, 0, 0, 0
64849, 596480, 0, 0, 0
64949, 622080, 0, 0, 0
65049, 663040, 0, 0, 0
65149, 593920, 0, 0, 0
65249, 665600, 0, 0, 0
65349, 663040, 0, 0, 0
65449, 678400, 0, 0, 0
65550, 555520, 0, 0, 0
65650, 619520, 0, 0, 0
65749, 651636, 0, 0, 0
65849, 629760, 0, 0, 0
65949, 665600, 0, 0, 0
66049, 670720, 0, 0, 0
66149, 640000, 0, 0, 0
66249, 606720, 0, 0, 0
66349, 678400, 0, 0, 0
66449, 650240, 0, 0, 0
66550, 627200, 0, 0, 0
66650, 601600, 0, 0, 0
66749, 594747, 0, 0, 0
66849, 650240, 0, 0, 0
66949, 627200, 0, 0, 0
67049, 655360, 0, 0, 0
67149, 678400, 0, 0, 0
67249, 634880, 0, 0, 0
67349, 606720, 0, 0, 0
67449, 524800, 0, 0, 0
67550, 647680, 0, 0, 0
67650, 642560, 0, 0, 0
67749, 597333, 0, 0, 0
67849, 581120, 0, 0, 0
67949, 547840, 0, 0, 0
68049, 568320, 0, 0, 0
68149, 632320, 0, 0, 0
68249, 642560, 0, 0, 0
68349, 634880, 0, 0, 0
68449, 637440, 0, 0, 0
68550, 622080, 0, 0, 0
68650, 581120, 0, 0, 0
68749, 633535, 0, 0, 0
68849, 637440, 0, 0, 0
68949, 624640, 0, 0, 0
69049, 696320, 0, 0, 0
69149, 665600, 0, 0, 0
69249, 657920, 0, 0, 0
69349, 673280, 0, 0, 0
69449, 583680, 0, 0, 0
69550, 678400, 0, 0, 0
69650, 627200, 0, 0, 0
69749, 623191, 0, 0, 0
69849, 693760, 0, 0, 0
69949, 586240, 0, 0, 0
70049, 588800, 0, 0, 0
70149, 593920, 0, 0, 0
70249, 593920, 0, 0, 0
70349, 588800, 0, 0, 0
70449, 634880, 0, 0, 0
70550, 645120, 0, 0, 0
70650, 696320, 0, 0, 0
70749, 695595, 0, 0, 0
70849, 619520, 0, 0, 0
70949, 645120, 0, 0, 0
71049, 660480, 0, 0, 0
71149, 663040, 0, 0, 0
71249, 688640, 0, 0, 0
71349, 606720, 0, 0, 0
71449, 629760, 0, 0, 0
71550, 657920, 0, 0, 0
71650, 622080, 0, 0, 0
71749, 623191, 0, 0, 0
71849, 634880, 0, 0, 0
71949, 591360, 0, 0, 0
72049, 637440, 0, 0, 0
72149, 593920, 0, 0, 0
72249, 647680, 0, 0, 0
72349, 576000, 0, 0, 0
72449, 706560, 0, 0, 0
72550, 606720, 0, 0, 0
72650, 570880, 0, 0, 0
72749, 651636, 0, 0, 0
72849, 616960, 0, 0, 0
72949, 647680, 0, 0, 0
73049, 652800, 0, 0, 0
73149, 632320, 0, 0, 0
73249, 665600, 0, 0, 0
73349, 665600, 0, 0, 0
73449, 611840, 0, 0, 0
73550, 670720, 0, 0, 0
73650, 696320, 0, 0, 0
73749, 602505, 0, 0, 0
73849, 675840, 0, 0, 0
73949, 691200, 0, 0, 0
74049, 688640, 0, 0, 0
74149, 670720, 0, 0, 0
74249, 698880, 0, 0, 0
74349, 668160, 0, 0, 0
74449, 650240, 0, 0, 0
74550, 570880, 0, 0, 0
74650, 634880, 0, 0, 0
74749, 571474, 0, 0, 0
74849, 680960, 0, 0, 0
74949, 599040, 0, 0, 0
75049, 660480, 0, 0, 0
75149, 645120, 0, 0, 0
75249, 673280, 0, 0, 0
75349, 650240, 0, 0, 0
75449, 517120, 0, 0, 0
75550, 696320, 0, 0, 0
75650, 565760, 0, 0, 0
75749, 690424, 0, 0, 0
75849, 604160, 0, 0, 0
75949, 576000, 0, 0, 0
76049, 652800, 0, 0, 0
76149, 622080, 0, 0, 0
76249, 627200, 0, 0, 0
76349, 675840, 0, 0, 0
76449, 650240, 0, 0, 0
76550, 668160, 0, 0, 0
76650, 629760, 0, 0, 0
76749, 641292, 0, 0, 0
76849, 637440, 0, 0, 0
76949, 642560, 0, 0, 0
77049, 619520, 0, 0, 0
77149, 596480, 0, 0, 0
77249, 673280, 0, 0, 0
77349, 645120, 0, 0, 0
77450, 573440, 0, 0, 0
77550, 629760, 0, 0, 0
77650, 609280, 0, 0, 0
77749, 649050, 0, 0, 0
77849, 665600, 0, 0, 0
77949, 632320, 0, 0, 0
78049, 709120, 0, 0, 0
78149, 614400, 0, 0, 0
78249, 637440, 0, 0, 0
78349, 563200, 0, 0, 0
78450, 650240, 0, 0, 0
78550, 627200, 0, 0, 0
78650, 645120, 0, 0, 0
78749, 633535, 0, 0, 0
78849, 622080, 0, 0, 0
78949, 622080, 0, 0, 0
79049, 657920, 0, 0, 0
79149, 701440, 0, 0, 0
79249, 696320, 0, 0, 0
79350, 629760, 0, 0, 0
79450, 696320, 0, 0, 0
79550, 637440, 0, 0, 0
79650, 619520, 0, 0, 0
79749, 594747, 0, 0, 0
79849, 693760, 0, 0, 0
79949, 657920, 0, 0, 0
80049, 650240, 0, 0, 0
80149, 581120, 0, 0, 0
80249, 606720, 0, 0, 0
80350, 660480, 0, 0, 0
80450, 642560, 0, 0, 0
80550, 668160, 0, 0, 0
80650, 573440, 0, 0, 0
80749, 615434, 0, 0, 0
80849, 640000, 0, 0, 0
80949, 668160, 0, 0, 0
81049, 634880, 0, 0, 0
81149, 680960, 0, 0, 0
81250, 645120, 0, 0, 0
81350, 632320, 0, 0, 0
81450, 657920, 0, 0, 0
81550, 624640, 0, 0, 0
81650, 629760, 0, 0, 0
81749, 586989, 0, 0, 0
81849, 606720, 0, 0, 0
81949, 591360, 0, 0, 0
82049, 663040, 0, 0, 0
82149, 678400, 0, 0, 0
82250, 619520, 0, 0, 0
82350, 614400, 0, 0, 0
82450, 675840, 0, 0, 0
82550, 663040, 0, 0, 0
82650, 637440, 0, 0, 0
82749, 700767, 0, 0, 0
82849, 619520, 0, 0, 0
82949, 660480, 0, 0, 0
83049, 619520, 0, 0, 0
83149, 655360, 0, 0, 0
83250, 593920, 0, 0, 0
83350, 606720, 0, 0, 0
83450, 657920, 0, 0, 0
83550, 637440, 0, 0, 0
83650, 622080, 0, 0, 0
83749, 625777, 0, 0, 0
83849, 604160, 0, 0, 0
83949, 634880, 0, 0, 0
84049, 668160, 0, 0, 0
84149, 583680, 0, 0, 0
84250, 665600, 0, 0, 0
84350, 683520, 0, 0, 0
84450, 652800, 0, 0, 0
84550, 678400, 0, 0, 0
84650, 637440, 0, 0, 0
84749, 638707, 0, 0, 0
84849, 601600, 0, 0, 0
84949, 565760, 0, 0, 0
85050, 668160, 0, 0, 0
85150, 609280, 0, 0, 0
85249, 625777, 0, 0, 0
85349, 642560, 0, 0, 0
85449, 606720, 0, 0, 0
85549, 657920, 0, 0, 0
85649, 670720, 0, 0, 0
85749, 599040, 0, 0, 0
85849, 637440, 0, 0, 0
85949, 650240, 0, 0, 0
86050, 591360, 0, 0, 0
86150, 650240, 0, 0, 0
86249, 654222, 0, 0, 0
86349, 622080, 0, 0, 0
86449, 668160, 0, 0, 0
86549, 693760, 0, 0, 0
86649, 678400, 0, 0, 0
86749, 683520, 0, 0, 0
86849, 678400, 0, 0, 0
86949, 657920, 0, 0, 0
87050, 629760, 0, 0, 0
87150, 591360, 0, 0, 0
87249, 690424, 0, 0, 0
87349, 640000, 0, 0, 0
87449, 632320, 0, 0, 0
87549, 604160, 0, 0, 0
87649, 619520, 0, 0, 0
87749, 637440, 0, 0, 0
87849, 619520, 0, 0, 0
87949, 670720, 0, 0, 0
88049, 647680, 0, 0, 0
88150, 678400, 0, 0, 0
88250, 629760, 0, 0, 0
88350, 657920, 0, 0, 0
88450, 629760, 0, 0, 0
88550, 647680, 0, 0, 0
88650, 606720, 0, 0, 0
88749, 628363, 0, 0, 0
88849, 599040, 0, 0, 0
88949, 601600, 0, 0, 0
89049, 611840, 0, 0, 0
89150, 624640, 0, 0, 0
89250, 660480, 0, 0, 0
89350, 640000, 0, 0, 0
89450, 627200, 0, 0, 0
89550, 629760, 0, 0, 0
89650, 637440, 0, 0, 0
89749, 571474, 0, 0, 0
89849, 634880, 0, 0, 0
89949, 611840, 0, 0, 0
