101, 8490889, 0, 0, 0
201, 7913630, 0, 0, 0
301, 13138995, 0, 0, 0
400, 8770798, 0, 0, 0
502, 6780766, 0, 0, 0
601, 8572723, 0, 0, 0
703, 10050821, 0, 0, 0
800, 8111690, 0, 0, 0
903, 9327338, 0, 0, 0
1000, 9361584, 0, 0, 0
1100, 6416351, 0, 0, 0
1203, 9478302, 0, 0, 0
1303, 9062167, 0, 0, 0
1402, 10466907, 0, 0, 0
1500, 9133847, 0, 0, 0
1609, 9448411, 0, 0, 0
1701, 11231618, 0, 0, 0
1804, 7598342, 0, 0, 0
1903, 9179717, 0, 0, 0
2003, 8831471, 0, 0, 0
2100, 8271712, 0, 0, 0
2202, 7960020, 0, 0, 0
2300, 9772180, 0, 0, 0
2400, 9423048, 0, 0, 0
2500, 9157212, 0, 0, 0
2601, 8953357, 0, 0, 0
2703, 8939288, 0, 0, 0
2801, 9032671, 0, 0, 0
2902, 7301283, 0, 0, 0
3001, 8162172, 0, 0, 0
3105, 8658574, 0, 0, 0
3206, 7780863, 0, 0, 0
3300, 9754221, 0, 0, 0
3401, 9340301, 0, 0, 0
3502, 8767048, 0, 0, 0
3605, 9637660, 0, 0, 0
3700, 11292854, 0, 0, 0
3802, 8597808, 0, 0, 0
3900, 8947824, 0, 0, 0
4004, 7888648, 0, 0, 0
4101, 12382757, 0, 0, 0
4202, 7846260, 0, 0, 0
4303, 9360959, 0, 0, 0
4403, 8893990, 0, 0, 0
4501, 11034459, 0, 0, 0
4601, 8293661, 0, 0, 0
4701, 7587144, 0, 0, 0
4801, 8481683, 0, 0, 0
4900, 8015721, 0, 0, 0
5001, 8622446, 0, 0, 0
5101, 10404519, 0, 0, 0
5200, 9304048, 0, 0, 0
5301, 7766210, 0, 0, 0
5402, 9321350, 0, 0, 0
5503, 8538932, 0, 0, 0
5603, 11375742, 0, 0, 0
5703, 8930080, 0, 0, 0
5800, 10567349, 0, 0, 0
5901, 9246176, 0, 0, 0
6003, 10046866, 0, 0, 0
6100, 7933281, 0, 0, 0
6201, 11609738, 0, 0, 0
6305, 8129594, 0, 0, 0
6404, 8334030, 0, 0, 0
6502, 9011909, 0, 0, 0
6601, 7983625, 0, 0, 0
6702, 9049709, 0, 0, 0
6801, 7334375, 0, 0, 0
6902, 8715737, 0, 0, 0
7003, 8380853, 0, 0, 0
7100, 10609021, 0, 0, 0
7202, 9795001, 0, 0, 0
7302, 9036875, 0, 0, 0
7403, 11648656, 0, 0, 0
7501, 9866315, 0, 0, 0
7602, 7227260, 0, 0, 0
7709, 7137902, 0, 0, 0
7800, 9824968, 0, 0, 0
7900, 10663755, 0, 0, 0
8010, 9288965, 0, 0, 0
8102, 7888057, 0, 0, 0
8203, 8889861, 0, 0, 0
8300, 8102948, 0, 0, 0
8401, 7326099, 0, 0, 0
8502, 8768188, 0, 0, 0
8601, 8948751, 0, 0, 0
8707, 9967301, 0, 0, 0
8802, 8770376, 0, 0, 0
8901, 9616699, 0, 0, 0
9000, 9604951, 0, 0, 0
9102, 8794424, 0, 0, 0
9202, 8506515, 0, 0, 0
9301, 7335421, 0, 0, 0
9400, 9823928, 0, 0, 0
9500, 8826040, 0, 0, 0
9601, 8430382, 0, 0, 0
9701, 9419929, 0, 0, 0
9803, 9516765, 0, 0, 0
9910, 10052112, 0, 0, 0
10000, 10504830, 0, 0, 0
10103, 11348179, 0, 0, 0
10201, 7730255, 0, 0, 0
10301, 8129725, 0, 0, 0
10400, 7838283, 0, 0, 0
10501, 9440056, 0, 0, 0
10600, 8334442, 0, 0, 0
10703, 11089543, 0, 0, 0
10801, 9101284, 0, 0, 0
10903, 9969848, 0, 0, 0
11001, 8264836, 0, 0, 0
11100, 7451640, 0, 0, 0
11201, 8728979, 0, 0, 0
11300, 9075878, 0, 0, 0
11401, 7506293, 0, 0, 0
11504, 8729970, 0, 0, 0
11601, 8499183, 0, 0, 0
11700, 8757568, 0, 0, 0
11800, 8857832, 0, 0, 0
11903, 8956274, 0, 0, 0
12003, 9110277, 0, 0, 0
12100, 8012681, 0, 0, 0
12203, 7894045, 0, 0, 0
12300, 8232264, 0, 0, 0
12400, 7724771, 0, 0, 0
12501, 8446855, 0, 0, 0
12604, 8516760, 0, 0, 0
12702, 7183331, 0, 0, 0
12800, 9433069, 0, 0, 0
12901, 10542884, 0, 0, 0
13002, 10423480, 0, 0, 0
13100, 10016036, 0, 0, 0
13203, 7471015, 0, 0, 0
13302, 11706633, 0, 0, 0
13403, 8154333, 0, 0, 0
13500, 10205347, 0, 0, 0
13610, 10604981, 0, 0, 0
13705, 8777739, 0, 0, 0
13802, 7847134, 0, 0, 0
13902, 8219537, 0, 0, 0
14002, 9555188, 0, 0, 0
14101, 10264900, 0, 0, 0
14201, 9047201, 0, 0, 0
14304, 8888967, 0, 0, 0
14400, 10135840, 0, 0, 0
14503, 10056482, 0, 0, 0
14601, 7170818, 0, 0, 0
14700, 12210731, 0, 0, 0
14808, 10713028, 0, 0, 0
14900, 8578861, 0, 0, 0
15003, 9712833, 0, 0, 0
15100, 9589620, 0, 0, 0
15205, 9407738, 0, 0, 0
15300, 11166951, 0, 0, 0
15400, 8276872, 0, 0, 0
15502, 10286024, 0, 0, 0
15603, 9700016, 0, 0, 0
15700, 9482114, 0, 0, 0
15804, 9823578, 0, 0, 0
15900, 8653402, 0, 0, 0
16002, 9446553, 0, 0, 0
16101, 9761049, 0, 0, 0
16200, 8843548, 0, 0, 0
16303, 9023913, 0, 0, 0
16402, 7488324, 0, 0, 0
16502, 10316614, 0, 0, 0
16602, 8492063, 0, 0, 0
16701, 8453357, 0, 0, 0
16804, 9547628, 0, 0, 0
16900, 7541367, 0, 0, 0
17003, 7841824, 0, 0, 0
17102, 8759735, 0, 0, 0
17203, 8865503, 0, 0, 0
17302, 8791116, 0, 0, 0
17403, 8801141, 0, 0, 0
17501, 8643531, 0, 0, 0
17607, 10417994, 0, 0, 0
17704, 10330203, 0, 0, 0
17802, 8920599, 0, 0, 0
17901, 8571806, 0, 0, 0
18006, 8408743, 0, 0, 0
18104, 9350486, 0, 0, 0
18201, 9452017, 0, 0, 0
18304, 9159282, 0, 0, 0
18403, 8173145, 0, 0, 0
18505, 8313144, 0, 0, 0
18600, 9094088, 0, 0, 0
18702, 9005037, 0, 0, 0
18800, 10300493, 0, 0, 0
18900, 8295352, 0, 0, 0
19001, 8313708, 0, 0, 0
19101, 9867931, 0, 0, 0
19200, 9295424, 0, 0, 0
19302, 10486540, 0, 0, 0
19404, 7608913, 0, 0, 0
19502, 9005941, 0, 0, 0
19600, 8769137, 0, 0, 0
19702, 9738124, 0, 0, 0
19800, 7513616, 0, 0, 0
19901, 8860684, 0, 0, 0
20004, 9791020, 0, 0, 0
20100, 8082727, 0, 0, 0
20200, 9466403, 0, 0, 0
20301, 9117461, 0, 0, 0
20401, 8270610, 0, 0, 0
20501, 8091218, 0, 0, 0
20602, 7689973, 0, 0, 0
20700, 6625886, 0, 0, 0
20800, 7812242, 0, 0, 0
20900, 8551987, 0, 0, 0
21001, 7440044, 0, 0, 0
21101, 11090468, 0, 0, 0
21205, 7716691, 0, 0, 0
21300, 8418215, 0, 0, 0
21400, 8680667, 0, 0, 0
21502, 8877885, 0, 0, 0
21601, 7227287, 0, 0, 0
21700, 8870073, 0, 0, 0
21801, 11312947, 0, 0, 0
21900, 10953870, 0, 0, 0
22000, 9006703, 0, 0, 0
22102, 8967411, 0, 0, 0
22209, 9157880, 0, 0, 0
22308, 8483919, 0, 0, 0
22403, 11175412, 0, 0, 0
22504, 9236066, 0, 0, 0
22600, 7622398, 0, 0, 0
22702, 9440304, 0, 0, 0
22801, 6250209, 0, 0, 0
22900, 8136259, 0, 0, 0
23001, 8245264, 0, 0, 0
23100, 9311137, 0, 0, 0
23202, 8227253, 0, 0, 0
23303, 8434248, 0, 0, 0
23403, 9878193, 0, 0, 0
23506, 8287049, 0, 0, 0
23607, 10592731, 0, 0, 0
23701, 8056142, 0, 0, 0
23801, 8118626, 0, 0, 0
23901, 10399032, 0, 0, 0
24000, 7656772, 0, 0, 0
24104, 7796775, 0, 0, 0
24203, 8314216, 0, 0, 0
24306, 11789389, 0, 0, 0
24403, 10108571, 0, 0, 0
24501, 9932715, 0, 0, 0
24603, 7648967, 0, 0, 0
24702, 10917717, 0, 0, 0
24809, 10554308, 0, 0, 0
24907, 9745475, 0, 0, 0
25001, 10269935, 0, 0, 0
25105, 6880464, 0, 0, 0
25205, 10278541, 0, 0, 0
25302, 9592972, 0, 0, 0
25401, 7247407, 0, 0, 0
25502, 7044406, 0, 0, 0
25602, 8275824, 0, 0, 0
25702, 8725206, 0, 0, 0
25802, 13045796, 0, 0, 0
25900, 10573511, 0, 0, 0
26000, 9097043, 0, 0, 0
26104, 7482007, 0, 0, 0
26201, 6802261, 0, 0, 0
26303, 10013942, 0, 0, 0
26404, 9034435, 0, 0, 0
26500, 8141850, 0, 0, 0
26605, 10168350, 0, 0, 0
26704, 7429626, 0, 0, 0
26801, 8261550, 0, 0, 0
26901, 7784224, 0, 0, 0
27001, 8929709, 0, 0, 0
27107, 10142131, 0, 0, 0
27201, 9477407, 0, 0, 0
27301, 8854102, 0, 0, 0
27402, 7669417, 0, 0, 0
27503, 8411551, 0, 0, 0
27600, 11001232, 0, 0, 0
27702, 8576153, 0, 0, 0
27802, 9004677, 0, 0, 0
27902, 9114262, 0, 0, 0
28004, 11433556, 0, 0, 0
28100, 11966574, 0, 0, 0
28201, 7784501, 0, 0, 0
28303, 8733785, 0, 0, 0
28401, 8128955, 0, 0, 0
28507, 8803197, 0, 0, 0
28601, 10657395, 0, 0, 0
28702, 8062216, 0, 0, 0
28800, 9320237, 0, 0, 0
28900, 8594368, 0, 0, 0
29002, 7510060, 0, 0, 0
29108, 9269710, 0, 0, 0
29200, 9825646, 0, 0, 0
29305, 6987379, 0, 0, 0
29406, 9259871, 0, 0, 0
29502, 10069644, 0, 0, 0
29601, 8230894, 0, 0, 0
29700, 9988017, 0, 0, 0
29800, 7244170, 0, 0, 0
29900, 9243412, 0, 0, 0
30000, 10935307, 0, 0, 0
30103, 9688700, 0, 0, 0
30205, 8734687, 0, 0, 0
30300, 10219338, 0, 0, 0
30400, 7963508, 0, 0, 0
30505, 10247524, 0, 0, 0
30602, 9111059, 0, 0, 0
30700, 11155227, 0, 0, 0
30803, 8843771, 0, 0, 0
30902, 8361540, 0, 0, 0
31000, 8356309, 0, 0, 0
31101, 7753156, 0, 0, 0
31201, 7945195, 0, 0, 0
31307, 8858359, 0, 0, 0
31400, 10060246, 0, 0, 0
31500, 7673429, 0, 0, 0
31601, 8198180, 0, 0, 0
31703, 7640813, 0, 0, 0
31800, 9303022, 0, 0, 0
31901, 9586395, 0, 0, 0
32003, 10302074, 0, 0, 0
32107, 7889853, 0, 0, 0
32203, 8417666, 0, 0, 0
32302, 7244824, 0, 0, 0
32401, 9314502, 0, 0, 0
32502, 9775650, 0, 0, 0
32603, 8258263, 0, 0, 0
32703, 8938252, 0, 0, 0
32802, 8418342, 0, 0, 0
32902, 8606604, 0, 0, 0
33001, 9293607, 0, 0, 0
33106, 8852546, 0, 0, 0
33202, 8885155, 0, 0, 0
33302, 9930317, 0, 0, 0
33401, 8551684, 0, 0, 0
33502, 8653211, 0, 0, 0
33602, 8462393, 0, 0, 0
33700, 7169715, 0, 0, 0
33804, 7599606, 0, 0, 0
33900, 7720999, 0, 0, 0
34003, 10984083, 0, 0, 0
34100, 7589657, 0, 0, 0
34200, 7628936, 0, 0, 0
34301, 8316007, 0, 0, 0
34400, 9091421, 0, 0, 0
34500, 9003254, 0, 0, 0
34600, 8955758, 0, 0, 0
34702, 8234425, 0, 0, 0
34804, 8421962, 0, 0, 0
34902, 8370499, 0, 0, 0
35001, 9617967, 0, 0, 0
35105, 10383378, 0, 0, 0
35204, 9235706, 0, 0, 0
35304, 8266823, 0, 0, 0
35400, 9526217, 0, 0, 0
35507, 9311087, 0, 0, 0
35602, 8558495, 0, 0, 0
35700, 9456575, 0, 0, 0
35810, 8324149, 0, 0, 0
35905, 8802210, 0, 0, 0
36007, 8129375, 0, 0, 0
36101, 8658969, 0, 0, 0
36202, 8823178, 0, 0, 0
36302, 9490779, 0, 0, 0
36400, 8601440, 0, 0, 0
36500, 7429838, 0, 0, 0
36603, 7271988, 0, 0, 0
36706, 10179668, 0, 0, 0
36801, 7633647, 0, 0, 0
36908, 8911413, 0, 0, 0
37001, 8355978, 0, 0, 0
37104, 7515601, 0, 0, 0
37204, 9368782, 0, 0, 0
37301, 9225283, 0, 0, 0
37401, 8733950, 0, 0, 0
37501, 7665292, 0, 0, 0
37607, 9022503, 0, 0, 0
37701, 9713331, 0, 0, 0
37801, 9142950, 0, 0, 0
37900, 7955019, 0, 0, 0
38006, 8174879, 0, 0, 0
38107, 7956271, 0, 0, 0
38200, 8279612, 0, 0, 0
38302, 9440183, 0, 0, 0
38401, 8531550, 0, 0, 0
38501, 7286956, 0, 0, 0
38609, 7971713, 0, 0, 0
38701, 8812335, 0, 0, 0
38801, 6916973, 0, 0, 0
38901, 10228902, 0, 0, 0
39001, 8380153, 0, 0, 0
39100, 7601755, 0, 0, 0
39206, 8986093, 0, 0, 0
39303, 10630532, 0, 0, 0
39400, 9069179, 0, 0, 0
39506, 11028824, 0, 0, 0
39608, 10456008, 0, 0, 0
39701, 8922595, 0, 0, 0
39800, 8092638, 0, 0, 0
39900, 8931861, 0, 0, 0
40005, 9308152, 0, 0, 0
40100, 9044730, 0, 0, 0
40200, 9416772, 0, 0, 0
40302, 8860015, 0, 0, 0
40402, 8838361, 0, 0, 0
40501, 8293585, 0, 0, 0
40603, 9456816, 0, 0, 0
40702, 9454950, 0, 0, 0
40808, 7926061, 0, 0, 0
40900, 11705155, 0, 0, 0
41000, 8093283, 0, 0, 0
41104, 8910939, 0, 0, 0
41201, 8739660, 0, 0, 0
41301, 8023343, 0, 0, 0
41405, 10279209, 0, 0, 0
41500, 9524616, 0, 0, 0
41601, 8122995, 0, 0, 0
41700, 9802519, 0, 0, 0
41801, 8787632, 0, 0, 0
41901, 7080180, 0, 0, 0
42003, 7535095, 0, 0, 0
42102, 7369320, 0, 0, 0
42204, 8727808, 0, 0, 0
42302, 8410325, 0, 0, 0
42405, 12647366, 0, 0, 0
42500, 7805720, 0, 0, 0
42601, 7399177, 0, 0, 0
42700, 9282414, 0, 0, 0
42804, 7787865, 0, 0, 0
42900, 9643009, 0, 0, 0
43001, 7524778, 0, 0, 0
43113, 8444246, 0, 0, 0
43202, 9071511, 0, 0, 0
43300, 8202439, 0, 0, 0
43401, 8881736, 0, 0, 0
43500, 11398115, 0, 0, 0
43600, 8403136, 0, 0, 0
43701, 8706374, 0, 0, 0
43805, 7532166, 0, 0, 0
43906, 11072196, 0, 0, 0
44000, 9077505, 0, 0, 0
44100, 8897115, 0, 0, 0
44202, 7758994, 0, 0, 0
44301, 8803482, 0, 0, 0
44403, 9917802, 0, 0, 0
44501, 9622162, 0, 0, 0
44603, 9620864, 0, 0, 0
44704, 8244665, 0, 0, 0
44800, 10063622, 0, 0, 0
44901, 9742059, 0, 0, 0
45000, 9495107, 0, 0, 0
45102, 8087044, 0, 0, 0
45201, 13197034, 0, 0, 0
45302, 9759503, 0, 0, 0
45402, 8843904, 0, 0, 0
45502, 9721196, 0, 0, 0
45605, 8173907, 0, 0, 0
45700, 7847580, 0, 0, 0
45801, 10064491, 0, 0, 0
45907, 9257527, 0, 0, 0
46001, 10183989, 0, 0, 0
46103, 7514920, 0, 0, 0
46210, 7684145, 0, 0, 0
46304, 9546920, 0, 0, 0
46402, 8210514, 0, 0, 0
46503, 10344302, 0, 0, 0
46608, 8324040, 0, 0, 0
46700, 9554885, 0, 0, 0
46803, 7891721, 0, 0, 0
46901, 9755240, 0, 0, 0
47002, 8279186, 0, 0, 0
47102, 9380983, 0, 0, 0
47201, 8292581, 0, 0, 0
47304, 7872969, 0, 0, 0
47407, 8578763, 0, 0, 0
47500, 8856414, 0, 0, 0
47605, 8529783, 0, 0, 0
47700, 9170319, 0, 0, 0
47801, 9328330, 0, 0, 0
47900, 8377326, 0, 0, 0
48001, 9014826, 0, 0, 0
48102, 10321534, 0, 0, 0
48200, 9687726, 0, 0, 0
48301, 8929981, 0, 0, 0
48404, 11173332, 0, 0, 0
48501, 8347608, 0, 0, 0
48601, 8185747, 0, 0, 0
48704, 8030155, 0, 0, 0
48801, 9109566, 0, 0, 0
48900, 9497273, 0, 0, 0
49002, 7733362, 0, 0, 0
49103, 10003999, 0, 0, 0
49201, 7543000, 0, 0, 0
49302, 9373015, 0, 0, 0
49403, 8231048, 0, 0, 0
49503, 9093221, 0, 0, 0
49600, 10034178, 0, 0, 0
49702, 9057941, 0, 0, 0
49800, 8415045, 0, 0, 0
49902, 8332154, 0, 0, 0
50000, 8172691, 0, 0, 0
50100, 8170432, 0, 0, 0
50201, 9127633, 0, 0, 0
50309, 8269555, 0, 0, 0
50400, 8764171, 0, 0, 0
50501, 6999625, 0, 0, 0
50602, 6342354, 0, 0, 0
50701, 9905206, 0, 0, 0
50800, 9584089, 0, 0, 0
50903, 8813287, 0, 0, 0
51000, 9996128, 0, 0, 0
51104, 9813645, 0, 0, 0
51203, 9417438, 0, 0, 0
51300, 10916092, 0, 0, 0
51400, 7625689, 0, 0, 0
51503, 9481108, 0, 0, 0
51600, 11135217, 0, 0, 0
51700, 7353380, 0, 0, 0
51800, 7345206, 0, 0, 0
51902, 8195993, 0, 0, 0
52000, 8273070, 0, 0, 0
52104, 8249453, 0, 0, 0
52200, 8543917, 0, 0, 0
52304, 9006407, 0, 0, 0
52402, 8474752, 0, 0, 0
52501, 8618817, 0, 0, 0
52602, 6459731, 0, 0, 0
52703, 7818129, 0, 0, 0
52801, 8363001, 0, 0, 0
52902, 9270179, 0, 0, 0
53000, 11809037, 0, 0, 0
53107, 8632231, 0, 0, 0
53206, 8666943, 0, 0, 0
53302, 9103939, 0, 0, 0
53400, 9969139, 0, 0, 0
53501, 10902404, 0, 0, 0
53600, 7733572, 0, 0, 0
53702, 7992049, 0, 0, 0
53803, 8716929, 0, 0, 0
53901, 7985972, 0, 0, 0
54001, 9781747, 0, 0, 0
54100, 7834582, 0, 0, 0
54200, 8751913, 0, 0, 0
54303, 9714929, 0, 0, 0
54400, 9721618, 0, 0, 0
54504, 9092538, 0, 0, 0
54604, 8564215, 0, 0, 0
54705, 8691366, 0, 0, 0
54806, 8418921, 0, 0, 0
54901, 10540461, 0, 0, 0
55002, 8558332, 0, 0, 0
55100, 8515426, 0, 0, 0
55201, 7544028, 0, 0, 0
55301, 7800275, 0, 0, 0
55401, 10002611, 0, 0, 0
55500, 7400112, 0, 0, 0
55603, 9370742, 0, 0, 0
55700, 9511008, 0, 0, 0
55801, 10617860, 0, 0, 0
55901, 8169203, 0, 0, 0
56000, 8517046, 0, 0, 0
56102, 8856408, 0, 0, 0
56203, 9376738, 0, 0, 0
56300, 8168790, 0, 0, 0
56403, 8597005, 0, 0, 0
56500, 10009658, 0, 0, 0
56602, 7057351, 0, 0, 0
56702, 10228844, 0, 0, 0
56801, 11570175, 0, 0, 0
56905, 8966841, 0, 0, 0
57005, 10203399, 0, 0, 0
57103, 9304867, 0, 0, 0
57206, 8227248, 0, 0, 0
57303, 8410468, 0, 0, 0
57402, 7720211, 0, 0, 0
57502, 9805743, 0, 0, 0
57600, 10092168, 0, 0, 0
57704, 7257369, 0, 0, 0
57804, 8727303, 0, 0, 0
57904, 9414194, 0, 0, 0
58000, 8496942, 0, 0, 0
58105, 9254403, 0, 0, 0
58200, 9176013, 0, 0, 0
58302, 8815824, 0, 0, 0
58403, 7659069, 0, 0, 0
58507, 9136434, 0, 0, 0
58603, 10794936, 0, 0, 0
58702, 7134935, 0, 0, 0
58801, 12415384, 0, 0, 0
58900, 8332853, 0, 0, 0
59004, 7356543, 0, 0, 0
59104, 9329825, 0, 0, 0
59202, 8428975, 0, 0, 0
59302, 7637485, 0, 0, 0
59400, 9225161, 0, 0, 0
59500, 6925598, 0, 0, 0
59602, 7518554, 0, 0, 0
59700, 10454775, 0, 0, 0
59800, 8780113, 0, 0, 0
59902, 8183713, 0, 0, 0
60003, 10376789, 0, 0, 0
60100, 8280980, 0, 0, 0
60205, 7185855, 0, 0, 0
60309, 10358973, 0, 0, 0
60401, 8652454, 0, 0, 0
60501, 8881714, 0, 0, 0
60605, 8277882, 0, 0, 0
60704, 9498424, 0, 0, 0
60800, 10827124, 0, 0, 0
60901, 7117297, 0, 0, 0
61002, 8451851, 0, 0, 0
61101, 7654385, 0, 0, 0
61200, 9856547, 0, 0, 0
61302, 9634991, 0, 0, 0
61402, 7963631, 0, 0, 0
61502, 8685116, 0, 0, 0
61605, 11278823, 0, 0, 0
61701, 9683096, 0, 0, 0
61800, 8394222, 0, 0, 0
61905, 11819002, 0, 0, 0
62001, 8277955, 0, 0, 0
62100, 11067704, 0, 0, 0
62203, 10214601, 0, 0, 0
62309, 8391164, 0, 0, 0
62401, 9368788, 0, 0, 0
62505, 10122441, 0, 0, 0
62601, 9762534, 0, 0, 0
62700, 10239738, 0, 0, 0
62803, 10753417, 0, 0, 0
62903, 9181379, 0, 0, 0
63001, 8426729, 0, 0, 0
63102, 8324955, 0, 0, 0
63200, 8995117, 0, 0, 0
63303, 9118359, 0, 0, 0
63404, 9157004, 0, 0, 0
63502, 8083647, 0, 0, 0
63603, 8864949, 0, 0, 0
63700, 7733235, 0, 0, 0
63800, 7768485, 0, 0, 0
63901, 8716944, 0, 0, 0
64001, 9498612, 0, 0, 0
64105, 9146523, 0, 0, 0
64202, 8933165, 0, 0, 0
64301, 8856681, 0, 0, 0
64401, 7800560, 0, 0, 0
64500, 9138611, 0, 0, 0
64602, 10218422, 0, 0, 0
64706, 10012994, 0, 0, 0
64806, 7663134, 0, 0, 0
64902, 9724342, 0, 0, 0
65001, 7757360, 0, 0, 0
65101, 9494505, 0, 0, 0
65201, 9446915, 0, 0, 0
65305, 8265812, 0, 0, 0
65403, 8920016, 0, 0, 0
65502, 7823786, 0, 0, 0
65603, 9322200, 0, 0, 0
65700, 9036745, 0, 0, 0
65803, 8630539, 0, 0, 0
65901, 8804058, 0, 0, 0
66000, 8440272, 0, 0, 0
66100, 8924651, 0, 0, 0
66200, 8011517, 0, 0, 0
66303, 6387166, 0, 0, 0
66408, 11520936, 0, 0, 0
66510, 8918938, 0, 0, 0
66600, 9304124, 0, 0, 0
66701, 8915549, 0, 0, 0
66803, 7647076, 0, 0, 0
66904, 10092079, 0, 0, 0
67001, 9882929, 0, 0, 0
67103, 7446350, 0, 0, 0
67203, 8796640, 0, 0, 0
67300, 7945029, 0, 0, 0
67403, 8908821, 0, 0, 0
67500, 8818671, 0, 0, 0
67602, 6782019, 0, 0, 0
67700, 8676703, 0, 0, 0
67801, 8481782, 0, 0, 0
67909, 7481216, 0, 0, 0
68002, 8418910, 0, 0, 0
68107, 7347651, 0, 0, 0
68200, 8195117, 0, 0, 0
68300, 8268994, 0, 0, 0
68402, 8147490, 0, 0, 0
68500, 9368121, 0, 0, 0
68602, 8079378, 0, 0, 0
68703, 8416365, 0, 0, 0
68800, 10196373, 0, 0, 0
68901, 8819753, 0, 0, 0
69001, 9990646, 0, 0, 0
69100, 7480134, 0, 0, 0
69202, 8979636, 0, 0, 0
69301, 8127784, 0, 0, 0
69409, 7786123, 0, 0, 0
69502, 8294948, 0, 0, 0
69604, 9597450, 0, 0, 0
69703, 7948587, 0, 0, 0
69802, 7359179, 0, 0, 0
69903, 10119821, 0, 0, 0
70001, 8271335, 0, 0, 0
70100, 8491343, 0, 0, 0
70203, 7803360, 0, 0, 0
70302, 9604579, 0, 0, 0
70400, 8041585, 0, 0, 0
70502, 8251889, 0, 0, 0
70600, 8372705, 0, 0, 0
70700, 9646354, 0, 0, 0
70800, 8472558, 0, 0, 0
70901, 9524473, 0, 0, 0
71003, 8042862, 0, 0, 0
71101, 10380872, 0, 0, 0
71200, 9668114, 0, 0, 0
71301, 8077620, 0, 0, 0
71400, 7519192, 0, 0, 0
71500, 14464846, 0, 0, 0
71601, 13549709, 0, 0, 0
71700, 7315557, 0, 0, 0
71805, 8124748, 0, 0, 0
71901, 9299330, 0, 0, 0
72003, 8437119, 0, 0, 0
72102, 8307343, 0, 0, 0
72201, 8866955, 0, 0, 0
72305, 9310612, 0, 0, 0
72401, 9615207, 0, 0, 0
72500, 11217093, 0, 0, 0
72602, 9159640, 0, 0, 0
72705, 10823160, 0, 0, 0
72804, 8578690, 0, 0, 0
72902, 7662121, 0, 0, 0
73001, 8306838, 0, 0, 0
73102, 7962848, 0, 0, 0
73201, 8443202, 0, 0, 0
73300, 9670717, 0, 0, 0
73404, 9754541, 0, 0, 0
73502, 8747403, 0, 0, 0
73606, 9943744, 0, 0, 0
73701, 10833363, 0, 0, 0
73800, 9311313, 0, 0, 0
73900, 10145589, 0, 0, 0
74009, 8578900, 0, 0, 0
74100, 8639344, 0, 0, 0
74200, 8434083, 0, 0, 0
74301, 8591575, 0, 0, 0
74404, 7868468, 0, 0, 0
74500, 7214586, 0, 0, 0
74602, 8756650, 0, 0, 0
74701, 9135455, 0, 0, 0
74801, 7865071, 0, 0, 0
74900, 9190765, 0, 0, 0
75000, 6926818, 0, 0, 0
75100, 8951629, 0, 0, 0
75200, 8904265, 0, 0, 0
75301, 9063908, 0, 0, 0
75400, 10097228, 0, 0, 0
75503, 10966951, 0, 0, 0
75601, 10697316, 0, 0, 0
75700, 9534339, 0, 0, 0
75800, 10904128, 0, 0, 0
75900, 7231216, 0, 0, 0
76000, 8274331, 0, 0, 0
76102, 10317479, 0, 0, 0
76200, 7182540, 0, 0, 0
76301, 9634089, 0, 0, 0
76402, 10313955, 0, 0, 0
76500, 8342068, 0, 0, 0
76602, 8721580, 0, 0, 0
76700, 8474807, 0, 0, 0
76802, 8159697, 0, 0, 0
76901, 7000951, 0, 0, 0
77000, 9187282, 0, 0, 0
77102, 9182669, 0, 0, 0
77203, 9694108, 0, 0, 0
77309, 8536336, 0, 0, 0
77405, 7595977, 0, 0, 0
77503, 8728977, 0, 0, 0
77601, 7434071, 0, 0, 0
77711, 7317607, 0, 0, 0
77804, 11874891, 0, 0, 0
77906, 10521055, 0, 0, 0
78000, 9139843, 0, 0, 0
78101, 8888196, 0, 0, 0
78201, 9379274, 0, 0, 0
78304, 8983022, 0, 0, 0
78400, 7914240, 0, 0, 0
78502, 10138501, 0, 0, 0
78601, 7802635, 0, 0, 0
78703, 9065454, 0, 0, 0
78800, 7269438, 0, 0, 0
78901, 8537238, 0, 0, 0
79001, 7098023, 0, 0, 0
79102, 7033137, 0, 0, 0
79202, 9306193, 0, 0, 0
79300, 11246207, 0, 0, 0
79402, 9536657, 0, 0, 0
79500, 10359999, 0, 0, 0
79602, 8143171, 0, 0, 0
79704, 6924237, 0, 0, 0
79801, 12207004, 0, 0, 0
79903, 10334252, 0, 0, 0
80005, 12270095, 0, 0, 0
80100, 8788613, 0, 0, 0
80202, 9520664, 0, 0, 0
80300, 9238727, 0, 0, 0
80405, 8520283, 0, 0, 0
80501, 9970133, 0, 0, 0
80604, 7262192, 0, 0, 0
80700, 12396369, 0, 0, 0
80800, 7197650, 0, 0, 0
80900, 7502950, 0, 0, 0
81010, 8913434, 0, 0, 0
81101, 7420006, 0, 0, 0
81201, 10489751, 0, 0, 0
81305, 10605847, 0, 0, 0
81405, 8776804, 0, 0, 0
81500, 8935061, 0, 0, 0
81600, 8200406, 0, 0, 0
81700, 7776663, 0, 0, 0
81802, 9776328, 0, 0, 0
81900, 6565121, 0, 0, 0
82000, 8023119, 0, 0, 0
82100, 9117493, 0, 0, 0
82201, 9441019, 0, 0, 0
82303, 8068044, 0, 0, 0
82400, 7484381, 0, 0, 0
82503, 8467429, 0, 0, 0
82602, 10289950, 0, 0, 0
82701, 9123341, 0, 0, 0
82801, 8032814, 0, 0, 0
82900, 8340865, 0, 0, 0
83002, 8465272, 0, 0, 0
83102, 8179189, 0, 0, 0
83202, 10581530, 0, 0, 0
83303, 7685750, 0, 0, 0
83404, 7719870, 0, 0, 0
83505, 8259692, 0, 0, 0
83601, 8129776, 0, 0, 0
83701, 9821399, 0, 0, 0
83802, 9838381, 0, 0, 0
83900, 9772835, 0, 0, 0
84002, 9236925, 0, 0, 0
84105, 10807962, 0, 0, 0
84204, 9461274, 0, 0, 0
84305, 7383587, 0, 0, 0
84400, 8183205, 0, 0, 0
84502, 8910492, 0, 0, 0
84601, 8159526, 0, 0, 0
84700, 9834283, 0, 0, 0
84802, 7295602, 0, 0, 0
84901, 10770295, 0, 0, 0
85001, 9253425, 0, 0, 0
85103, 10086289, 0, 0, 0
85201, 9507080, 0, 0, 0
85300, 7323539, 0, 0, 0
85421, 8623664, 0, 0, 0
85502, 10575839, 0, 0, 0
85601, 8238797, 0, 0, 0
85700, 6739494, 0, 0, 0
85800, 8173781, 0, 0, 0
85906, 11442660, 0, 0, 0
86002, 7966507, 0, 0, 0
86100, 9367110, 0, 0, 0
86202, 9208278, 0, 0, 0
86304, 10949591, 0, 0, 0
86400, 8639630, 0, 0, 0
86502, 9534843, 0, 0, 0
86600, 8984957, 0, 0, 0
86707, 8224415, 0, 0, 0
86804, 9355444, 0, 0, 0
86905, 9699135, 0, 0, 0
87004, 8986239, 0, 0, 0
87103, 9615593, 0, 0, 0
87202, 9128709, 0, 0, 0
87304, 8234343, 0, 0, 0
87400, 8137875, 0, 0, 0
87501, 10193236, 0, 0, 0
87603, 8548450, 0, 0, 0
87704, 8335468, 0, 0, 0
87803, 6928013, 0, 0, 0
87904, 9593394, 0, 0, 0
88000, 8956522, 0, 0, 0
88100, 9725860, 0, 0, 0
88200, 8887747, 0, 0, 0
88302, 7637877, 0, 0, 0
88403, 7138615, 0, 0, 0
88501, 11550838, 0, 0, 0
88601, 8843298, 0, 0, 0
88703, 9958334, 0, 0, 0
88802, 8428872, 0, 0, 0
88900, 9391390, 0, 0, 0
89000, 7001155, 0, 0, 0
89100, 8543198, 0, 0, 0
89202, 8278388, 0, 0, 0
89300, 8446356, 0, 0, 0
89401, 8531232, 0, 0, 0
89500, 8143593, 0, 0, 0
89600, 10677915, 0, 0, 0
89704, 10677391, 0, 0, 0
89806, 10625486, 0, 0, 0
89900, 8632129, 0, 0, 0
90004, 9060122, 0, 0, 0
90102, 7715512, 0, 0, 0
90206, 8795783, 0, 0, 0
90300, 9905960, 0, 0, 0
90401, 9421933, 0, 0, 0
90504, 7206100, 0, 0, 0
90602, 10233846, 0, 0, 0
90700, 7418588, 0, 0, 0
90801, 10413548, 0, 0, 0
90900, 7110265, 0, 0, 0
91000, 10373502, 0, 0, 0
91100, 8414622, 0, 0, 0
91201, 10144437, 0, 0, 0
91300, 7638024, 0, 0, 0
91403, 8509419, 0, 0, 0
91502, 9242644, 0, 0, 0
91602, 8888331, 0, 0, 0
91701, 8382240, 0, 0, 0
91800, 6506740, 0, 0, 0
91904, 9693730, 0, 0, 0
92000, 8000924, 0, 0, 0
92101, 8099000, 0, 0, 0
92201, 10021089, 0, 0, 0
92302, 9672446, 0, 0, 0
92404, 7985217, 0, 0, 0
92504, 8000247, 0, 0, 0
92600, 7372897, 0, 0, 0
92701, 10557690, 0, 0, 0
92805, 8772359, 0, 0, 0
92900, 8030700, 0, 0, 0
93005, 9917879, 0, 0, 0
93100, 9659314, 0, 0, 0
93200, 9647206, 0, 0, 0
93300, 6664040, 0, 0, 0
93424, 8661141, 0, 0, 0
93500, 9855839, 0, 0, 0
93606, 7430623, 0, 0, 0
93702, 9381787, 0, 0, 0
93800, 8641267, 0, 0, 0
93904, 9215846, 0, 0, 0
94003, 8449478, 0, 0, 0
94102, 10186126, 0, 0, 0
94202, 11667747, 0, 0, 0
94300, 7877450, 0, 0, 0
94401, 8824518, 0, 0, 0
94501, 11049868, 0, 0, 0
94602, 8832637, 0, 0, 0
94700, 8987119, 0, 0, 0
94800, 7810451, 0, 0, 0
94900, 9277851, 0, 0, 0
95003, 6982634, 0, 0, 0
95102, 7876040, 0, 0, 0
95201, 9933139, 0, 0, 0
95302, 9397540, 0, 0, 0
95400, 11719284, 0, 0, 0
95500, 7729553, 0, 0, 0
95602, 8758670, 0, 0, 0
95700, 10768993, 0, 0, 0
95800, 9036114, 0, 0, 0
95903, 8930294, 0, 0, 0
96007, 8109195, 0, 0, 0
96102, 9778692, 0, 0, 0
96202, 9696071, 0, 0, 0
96304, 9674179, 0, 0, 0
96402, 7587408, 0, 0, 0
96507, 9117862, 0, 0, 0
96602, 10442351, 0, 0, 0
96703, 7675042, 0, 0, 0
96802, 9118291, 0, 0, 0
96900, 10182543, 0, 0, 0
97001, 9856245, 0, 0, 0
97108, 10020964, 0, 0, 0
97207, 7739223, 0, 0, 0
97301, 11922506, 0, 0, 0
97401, 8360339, 0, 0, 0
97500, 8390374, 0, 0, 0
97603, 9072636, 0, 0, 0
97700, 8853416, 0, 0, 0
97803, 10259461, 0, 0, 0
97905, 10140447, 0, 0, 0
98004, 9433609, 0, 0, 0
98102, 9611121, 0, 0, 0
98201, 7345717, 0, 0, 0
98301, 10460800, 0, 0, 0
98404, 8181630, 0, 0, 0
98500, 8593067, 0, 0, 0
98600, 8703348, 0, 0, 0
98701, 9341309, 0, 0, 0
98801, 7171579, 0, 0, 0
98900, 8597519, 0, 0, 0
99000, 7831110, 0, 0, 0
99100, 10358574, 0, 0, 0
99200, 7963688, 0, 0, 0
99301, 8290242, 0, 0, 0
99404, 9889527, 0, 0, 0
99507, 10836159, 0, 0, 0
99608, 8464026, 0, 0, 0
99704, 11160855, 0, 0, 0
99804, 8999804, 0, 0, 0
99906, 7352014, 0, 0, 0
100005, 8407828, 0, 0, 0
100103, 10183866, 0, 0, 0
100201, 8025074, 0, 0, 0
100306, 9294968, 0, 0, 0
100400, 7937509, 0, 0, 0
100503, 8008463, 0, 0, 0
100600, 7829548, 0, 0, 0
100706, 8134918, 0, 0, 0
100805, 8789069, 0, 0, 0
100902, 7612459, 0, 0, 0
101000, 8917916, 0, 0, 0
101111, 9072326, 0, 0, 0
101203, 7545336, 0, 0, 0
101300, 8770389, 0, 0, 0
101405, 8763761, 0, 0, 0
101501, 7754095, 0, 0, 0
101601, 8485336, 0, 0, 0
101702, 8738505, 0, 0, 0
101800, 7495965, 0, 0, 0
101900, 7758751, 0, 0, 0
102000, 7940171, 0, 0, 0
102101, 8456016, 0, 0, 0
102203, 8225656, 0, 0, 0
102301, 9048541, 0, 0, 0
102403, 8777706, 0, 0, 0
102505, 9363648, 0, 0, 0
102601, 7774030, 0, 0, 0
102702, 8307031, 0, 0, 0
102801, 9736254, 0, 0, 0
102900, 10434304, 0, 0, 0
103005, 11997434, 0, 0, 0
103109, 9748606, 0, 0, 0
103201, 11459557, 0, 0, 0
103300, 8360948, 0, 0, 0
103402, 10092284, 0, 0, 0
103503, 8355054, 0, 0, 0
103602, 8207651, 0, 0, 0
103707, 10482795, 0, 0, 0
103800, 9195254, 0, 0, 0
103901, 8044506, 0, 0, 0
104003, 7432954, 0, 0, 0
104100, 9819014, 0, 0, 0
104200, 8600110, 0, 0, 0
104305, 9340707, 0, 0, 0
104402, 7944183, 0, 0, 0
104500, 7982666, 0, 0, 0
104608, 9276904, 0, 0, 0
104700, 8656159, 0, 0, 0
104800, 9480608, 0, 0, 0
104903, 8036236, 0, 0, 0
105005, 9127152, 0, 0, 0
105104, 8579161, 0, 0, 0
105201, 8145024, 0, 0, 0
105300, 10563364, 0, 0, 0
105401, 7874141, 0, 0, 0
105501, 9385576, 0, 0, 0
105601, 9261069, 0, 0, 0
105700, 7479802, 0, 0, 0
105803, 9458858, 0, 0, 0
105901, 8489384, 0, 0, 0
106002, 9746550, 0, 0, 0
106100, 8257801, 0, 0, 0
106202, 8285458, 0, 0, 0
106305, 10121526, 0, 0, 0
106401, 7832316, 0, 0, 0
106501, 7684058, 0, 0, 0
106600, 8680482, 0, 0, 0
106705, 7898560, 0, 0, 0
106800, 9055022, 0, 0, 0
106909, 9997716, 0, 0, 0
107000, 8005585, 0, 0, 0
107110, 7511771, 0, 0, 0
107201, 10128078, 0, 0, 0
107300, 7008230, 0, 0, 0
107400, 7103553, 0, 0, 0
107502, 10094120, 0, 0, 0
107600, 9820478, 0, 0, 0
107703, 8831044, 0, 0, 0
107802, 9232069, 0, 0, 0
107904, 10567320, 0, 0, 0
108005, 8639343, 0, 0, 0
108100, 7320003, 0, 0, 0
108200, 7294934, 0, 0, 0
108301, 7209214, 0, 0, 0
108409, 9900554, 0, 0, 0
108504, 8920638, 0, 0, 0
108602, 13538876, 0, 0, 0
108700, 8820064, 0, 0, 0
108803, 6096875, 0, 0, 0
108908, 9399326, 0, 0, 0
109000, 7328104, 0, 0, 0
109102, 8416399, 0, 0, 0
109205, 7797922, 0, 0, 0
109301, 9365535, 0, 0, 0
109400, 9393389, 0, 0, 0
109502, 9088875, 0, 0, 0
109602, 9579239, 0, 0, 0
109704, 6765924, 0, 0, 0
109800, 10989629, 0, 0, 0
109905, 8994622, 0, 0, 0
110001, 8876577, 0, 0, 0
110102, 9727102, 0, 0, 0
110200, 8298865, 0, 0, 0
110304, 8444699, 0, 0, 0
110403, 8464668, 0, 0, 0
110500, 8690760, 0, 0, 0
110602, 7685143, 0, 0, 0
110703, 8820994, 0, 0, 0
110803, 8635061, 0, 0, 0
110900, 9182250, 0, 0, 0
111005, 7784016, 0, 0, 0
111101, 8951098, 0, 0, 0
111203, 7313301, 0, 0, 0
111308, 8742085, 0, 0, 0
111400, 7862664, 0, 0, 0
111500, 8724579, 0, 0, 0
111603, 7486308, 0, 0, 0
111701, 8370126, 0, 0, 0
111801, 8386708, 0, 0, 0
111900, 10733465, 0, 0, 0
112003, 8368907, 0, 0, 0
112102, 9699847, 0, 0, 0
112200, 10917933, 0, 0, 0
112303, 6858181, 0, 0, 0
112400, 11084210, 0, 0, 0
112505, 7543946, 0, 0, 0
112602, 8064547, 0, 0, 0
112700, 9623975, 0, 0, 0
112803, 11155736, 0, 0, 0
112904, 9818660, 0, 0, 0
113003, 9450450, 0, 0, 0
113100, 11304026, 0, 0, 0
113205, 9662642, 0, 0, 0
113301, 8622329, 0, 0, 0
113401, 8810234, 0, 0, 0
113500, 8151116, 0, 0, 0
113603, 9161089, 0, 0, 0
113704, 9239401, 0, 0, 0
113800, 9562933, 0, 0, 0
113900, 7609107, 0, 0, 0
114004, 8651660, 0, 0, 0
114100, 9851403, 0, 0, 0
114207, 10577431, 0, 0, 0
114302, 9025421, 0, 0, 0
114403, 8207765, 0, 0, 0
114504, 10517233, 0, 0, 0
114600, 8256004, 0, 0, 0
114701, 9025496, 0, 0, 0
114803, 7197102, 0, 0, 0
114901, 11545348, 0, 0, 0
115003, 8543474, 0, 0, 0
115102, 8735844, 0, 0, 0
115205, 10530191, 0, 0, 0
115305, 9566704, 0, 0, 0
115400, 7729004, 0, 0, 0
115507, 10260450, 0, 0, 0
115600, 9386903, 0, 0, 0
115701, 7765422, 0, 0, 0
115802, 7977952, 0, 0, 0
115902, 9915456, 0, 0, 0
116000, 6681232, 0, 0, 0
116100, 7416215, 0, 0, 0
116201, 9053580, 0, 0, 0
116301, 8110859, 0, 0, 0
116402, 8115988, 0, 0, 0
116503, 7450201, 0, 0, 0
116600, 8848852, 0, 0, 0
116703, 8152309, 0, 0, 0
116804, 8005404, 0, 0, 0
116904, 8815069, 0, 0, 0
117003, 7732940, 0, 0, 0
117102, 9065346, 0, 0, 0
117205, 8510973, 0, 0, 0
117305, 9620447, 0, 0, 0
117400, 7226906, 0, 0, 0
117500, 8627058, 0, 0, 0
117600, 7533749, 0, 0, 0
117701, 8581323, 0, 0, 0
117801, 9013697, 0, 0, 0
117900, 7045694, 0, 0, 0
118000, 9502503, 0, 0, 0
118100, 9026191, 0, 0, 0
118204, 9244929, 0, 0, 0
118300, 9084390, 0, 0, 0
118406, 7892785, 0, 0, 0
118503, 9073029, 0, 0, 0
118600, 10052194, 0, 0, 0
118700, 8844299, 0, 0, 0
118807, 7922832, 0, 0, 0
118904, 10382700, 0, 0, 0
119003, 7305211, 0, 0, 0
119105, 8541797, 0, 0, 0
119203, 8787887, 0, 0, 0
119302, 9682808, 0, 0, 0
119400, 8160637, 0, 0, 0
119500, 7831374, 0, 0, 0
119600, 8979282, 0, 0, 0
119700, 8581185, 0, 0, 0
119804, 9593224, 0, 0, 0
119900, 6552850, 0, 0, 0
120002, 8139259, 0, 0, 0
120103, 9962981, 0, 0, 0
120200, 10505026, 0, 0, 0
120302, 9008414, 0, 0, 0
120401, 7948786, 0, 0, 0
120503, 7290021, 0, 0, 0
120602, 8865330, 0, 0, 0
120700, 8843708, 0, 0, 0
120801, 8843203, 0, 0, 0
120902, 9396704, 0, 0, 0
121004, 9293165, 0, 0, 0
121102, 10114753, 0, 0, 0
121204, 8360743, 0, 0, 0
121300, 7728150, 0, 0, 0
121402, 10529886, 0, 0, 0
121504, 8061356, 0, 0, 0
121604, 7663757, 0, 0, 0
121705, 8180202, 0, 0, 0
121805, 8837292, 0, 0, 0
121900, 9176778, 0, 0, 0
122000, 8160093, 0, 0, 0
122104, 9856206, 0, 0, 0
122202, 9621981, 0, 0, 0
122301, 8813574, 0, 0, 0
122402, 11443145, 0, 0, 0
122502, 11413637, 0, 0, 0
122606, 8408088, 0, 0, 0
122706, 9089713, 0, 0, 0
122800, 10992918, 0, 0, 0
122903, 8235880, 0, 0, 0
123001, 9965658, 0, 0, 0
123102, 9607763, 0, 0, 0
123201, 10219680, 0, 0, 0
123304, 12305549, 0, 0, 0
123401, 8386079, 0, 0, 0
123501, 9726904, 0, 0, 0
123602, 9475621, 0, 0, 0
123700, 8669661, 0, 0, 0
123800, 7984308, 0, 0, 0
123900, 9015559, 0, 0, 0
124002, 7829834, 0, 0, 0
124100, 9074380, 0, 0, 0
124205, 9093414, 0, 0, 0
124300, 8256671, 0, 0, 0
124400, 6424931, 0, 0, 0
124500, 9373522, 0, 0, 0
124603, 10247578, 0, 0, 0
124701, 8417228, 0, 0, 0
124801, 6749310, 0, 0, 0
124900, 10556933, 0, 0, 0
125003, 9786807, 0, 0, 0
125100, 8094026, 0, 0, 0
125200, 9121191, 0, 0, 0
125301, 8778150, 0, 0, 0
125400, 9657440, 0, 0, 0
125500, 8847708, 0, 0, 0
125611, 9063184, 0, 0, 0
125700, 8236260, 0, 0, 0
125807, 10112033, 0, 0, 0
125902, 7520532, 0, 0, 0
126003, 8092882, 0, 0, 0
126102, 7612112, 0, 0, 0
126201, 9541374, 0, 0, 0
126300, 11639460, 0, 0, 0
126400, 10958136, 0, 0, 0
126511, 9209616, 0, 0, 0
126600, 9553919, 0, 0, 0
126703, 8897145, 0, 0, 0
126801, 7756144, 0, 0, 0
126901, 8582575, 0, 0, 0
127000, 8038719, 0, 0, 0
127101, 7913860, 0, 0, 0
127201, 7452433, 0, 0, 0
127300, 9265816, 0, 0, 0
127401, 6443939, 0, 0, 0
127503, 9210072, 0, 0, 0
127601, 6791002, 0, 0, 0
127700, 8420132, 0, 0, 0
127800, 8839764, 0, 0, 0
127900, 10051882, 0, 0, 0
128001, 8933428, 0, 0, 0
128101, 8859221, 0, 0, 0
128201, 8477803, 0, 0, 0
128305, 7883535, 0, 0, 0
128401, 7363624, 0, 0, 0
128502, 8036242, 0, 0, 0
128600, 8027198, 0, 0, 0
128703, 9495626, 0, 0, 0
128803, 9642463, 0, 0, 0
128901, 7779613, 0, 0, 0
129005, 8747928, 0, 0, 0
129100, 8619680, 0, 0, 0
129201, 8524249, 0, 0, 0
129301, 11080694, 0, 0, 0
129400, 8019605, 0, 0, 0
129500, 9355281, 0, 0, 0
129600, 8502912, 0, 0, 0
129701, 8131955, 0, 0, 0
129807, 8618837, 0, 0, 0
129901, 7815716, 0, 0, 0
130000, 7041378, 0, 0, 0
130102, 7939267, 0, 0, 0
130201, 8621067, 0, 0, 0
130302, 9596889, 0, 0, 0
130400, 9762554, 0, 0, 0
130501, 8666294, 0, 0, 0
130600, 8273715, 0, 0, 0
130702, 7581346, 0, 0, 0
130802, 9403064, 0, 0, 0
130900, 8452887, 0, 0, 0
131002, 9205403, 0, 0, 0
131120, 8183830, 0, 0, 0
131201, 11614044, 0, 0, 0
131304, 8973439, 0, 0, 0
131401, 9604323, 0, 0, 0
131501, 9066637, 0, 0, 0
131602, 8746027, 0, 0, 0
131703, 10619027, 0, 0, 0
131801, 8821200, 0, 0, 0
131900, 9249247, 0, 0, 0
132002, 8308951, 0, 0, 0
132105, 10027656, 0, 0, 0
132201, 10202582, 0, 0, 0
132301, 9282331, 0, 0, 0
132403, 10391338, 0, 0, 0
132500, 8858006, 0, 0, 0
132603, 8705751, 0, 0, 0
132702, 7485513, 0, 0, 0
132800, 9104014, 0, 0, 0
132900, 8730438, 0, 0, 0
133000, 7870760, 0, 0, 0
133100, 8171809, 0, 0, 0
133200, 9371007, 0, 0, 0
133300, 7883582, 0, 0, 0
133400, 7966053, 0, 0, 0
133500, 9801217, 0, 0, 0
133602, 10414029, 0, 0, 0
133703, 8160776, 0, 0, 0
133802, 12511528, 0, 0, 0
133902, 9606462, 0, 0, 0
134001, 9518546, 0, 0, 0
134102, 8356435, 0, 0, 0
134201, 8630835, 0, 0, 0
134303, 11725868, 0, 0, 0
134404, 7748673, 0, 0, 0
134502, 8391281, 0, 0, 0
134600, 7561541, 0, 0, 0
134706, 8673733, 0, 0, 0
134800, 9853829, 0, 0, 0
134901, 9530776, 0, 0, 0
135003, 8209296, 0, 0, 0
135100, 9003012, 0, 0, 0
135201, 8617826, 0, 0, 0
135304, 8609862, 0, 0, 0
135401, 8506502, 0, 0, 0
135500, 10121814, 0, 0, 0
135600, 8041080, 0, 0, 0
135707, 8192552, 0, 0, 0
135805, 7526190, 0, 0, 0
135902, 8771923, 0, 0, 0
136001, 9916921, 0, 0, 0
136100, 10274067, 0, 0, 0
136201, 10442713, 0, 0, 0
136300, 11001061, 0, 0, 0
136403, 7853424, 0, 0, 0
136500, 7440544, 0, 0, 0
136602, 9402875, 0, 0, 0
136705, 8937158, 0, 0, 0
136808, 7808682, 0, 0, 0
136901, 7604455, 0, 0, 0
137003, 10334981, 0, 0, 0
137100, 8438770, 0, 0, 0
137203, 9364112, 0, 0, 0
137303, 8022721, 0, 0, 0
137404, 8821273, 0, 0, 0
137500, 10938430, 0, 0, 0
137600, 7668646, 0, 0, 0
137700, 12515965, 0, 0, 0
137804, 7255193, 0, 0, 0
137900, 10100870, 0, 0, 0
138000, 7613375, 0, 0, 0
138107, 8521499, 0, 0, 0
138204, 7816300, 0, 0, 0
138301, 8725852, 0, 0, 0
138402, 9215168, 0, 0, 0
138500, 8454317, 0, 0, 0
138601, 6979487, 0, 0, 0
138707, 8812831, 0, 0, 0
138803, 8393709, 0, 0, 0
138900, 7976009, 0, 0, 0
139002, 9121474, 0, 0, 0
139104, 8339303, 0, 0, 0
139201, 8977519, 0, 0, 0
139300, 8764094, 0, 0, 0
139404, 8411647, 0, 0, 0
139500, 8222426, 0, 0, 0
139610, 8921956, 0, 0, 0
139700, 9047739, 0, 0, 0
139804, 8050717, 0, 0, 0
139902, 10985465, 0, 0, 0
140001, 8857240, 0, 0, 0
140101, 8604700, 0, 0, 0
140203, 9196877, 0, 0, 0
140301, 8378354, 0, 0, 0
140402, 8164516, 0, 0, 0
140505, 9478368, 0, 0, 0
140600, 8418332, 0, 0, 0
140703, 9514794, 0, 0, 0
140807, 10050312, 0, 0, 0
140900, 9291501, 0, 0, 0
141003, 9023852, 0, 0, 0
141100, 7981308, 0, 0, 0
141205, 9169931, 0, 0, 0
141304, 8097237, 0, 0, 0
141400, 8125179, 0, 0, 0
141502, 7562606, 0, 0, 0
141600, 7990735, 0, 0, 0
141705, 8551767, 0, 0, 0
141808, 8335978, 0, 0, 0
141901, 8703724, 0, 0, 0
142001, 8725716, 0, 0, 0
142107, 10039173, 0, 0, 0
142201, 10175804, 0, 0, 0
142306, 8775531, 0, 0, 0
142400, 10725013, 0, 0, 0
142506, 10900457, 0, 0, 0
142601, 7358170, 0, 0, 0
142702, 11186294, 0, 0, 0
142802, 8868424, 0, 0, 0
142902, 8830911, 0, 0, 0
143004, 8768646, 0, 0, 0
143102, 10365795, 0, 0, 0
143204, 7584847, 0, 0, 0
143300, 10247978, 0, 0, 0
143400, 9314913, 0, 0, 0
143502, 11308868, 0, 0, 0
143602, 8855813, 0, 0, 0
143702, 9623700, 0, 0, 0
143800, 10292002, 0, 0, 0
143900, 9935303, 0, 0, 0
144009, 11036538, 0, 0, 0
144100, 8828671, 0, 0, 0
144205, 9044008, 0, 0, 0
144303, 7568040, 0, 0, 0
144402, 10734171, 0, 0, 0
144508, 8519100, 0, 0, 0
144600, 8755894, 0, 0, 0
144702, 7711532, 0, 0, 0
144805, 7643415, 0, 0, 0
144900, 9029549, 0, 0, 0
145000, 6939933, 0, 0, 0
145100, 6894648, 0, 0, 0
145200, 8720108, 0, 0, 0
145302, 8858661, 0, 0, 0
145400, 8413122, 0, 0, 0
145503, 7142612, 0, 0, 0
145602, 7810846, 0, 0, 0
145702, 10336892, 0, 0, 0
145800, 9172656, 0, 0, 0
145902, 8632154, 0, 0, 0
146001, 10385912, 0, 0, 0
146106, 7370913, 0, 0, 0
146200, 10902077, 0, 0, 0
146305, 7306813, 0, 0, 0
146400, 10370266, 0, 0, 0
146500, 9463183, 0, 0, 0
146601, 6779314, 0, 0, 0
146701, 8917509, 0, 0, 0
146800, 7834209, 0, 0, 0
146902, 10137240, 0, 0, 0
147000, 8183972, 0, 0, 0
147102, 8176293, 0, 0, 0
147201, 8151825, 0, 0, 0
147301, 8714351, 0, 0, 0
147403, 9055603, 0, 0, 0
147500, 8977392, 0, 0, 0
147600, 8692564, 0, 0, 0
147704, 8896898, 0, 0, 0
147801, 7706328, 0, 0, 0
147901, 7958868, 0, 0, 0
148002, 8193402, 0, 0, 0
148106, 9269357, 0, 0, 0
148201, 8152685, 0, 0, 0
148302, 7582888, 0, 0, 0
148400, 10913609, 0, 0, 0
148502, 7798614, 0, 0, 0
148600, 7127983, 0, 0, 0
148701, 10021441, 0, 0, 0
148800, 10311296, 0, 0, 0
148901, 10106770, 0, 0, 0
149001, 7598787, 0, 0, 0
149102, 9527057, 0, 0, 0
149206, 10250319, 0, 0, 0
149300, 10245511, 0, 0, 0
149401, 10217833, 0, 0, 0
149500, 7771265, 0, 0, 0
149605, 9938311, 0, 0, 0
149702, 8806623, 0, 0, 0
149805, 6894056, 0, 0, 0
149901, 8163805, 0, 0, 0
150000, 8962252, 0, 0, 0
150100, 7129793, 0, 0, 0
150203, 8058548, 0, 0, 0
150301, 8265798, 0, 0, 0
150402, 8784236, 0, 0, 0
150500, 5686655, 0, 0, 0
150601, 7995033, 0, 0, 0
150704, 12749166, 0, 0, 0
150803, 8182951, 0, 0, 0
150902, 11048369, 0, 0, 0
151001, 7714382, 0, 0, 0
151106, 9269990, 0, 0, 0
151202, 7731118, 0, 0, 0
151302, 7818476, 0, 0, 0
151400, 9771868, 0, 0, 0
151500, 7634222, 0, 0, 0
151600, 9452190, 0, 0, 0
151702, 8614598, 0, 0, 0
151801, 11003112, 0, 0, 0
151902, 8546120, 0, 0, 0
152002, 9122704, 0, 0, 0
152103, 7057200, 0, 0, 0
152201, 7789092, 0, 0, 0
152301, 9756247, 0, 0, 0
152400, 9013158, 0, 0, 0
152501, 7931107, 0, 0, 0
152600, 7715561, 0, 0, 0
152702, 10810111, 0, 0, 0
152801, 9932947, 0, 0, 0
152900, 7516284, 0, 0, 0
153000, 8290799, 0, 0, 0
153101, 8697541, 0, 0, 0
153201, 8633656, 0, 0, 0
153302, 10229417, 0, 0, 0
153400, 7828995, 0, 0, 0
153500, 9274051, 0, 0, 0
153602, 10432278, 0, 0, 0
153700, 8156154, 0, 0, 0
153807, 10238894, 0, 0, 0
153901, 8814815, 0, 0, 0
154006, 9578461, 0, 0, 0
154101, 7142377, 0, 0, 0
154214, 8413776, 0, 0, 0
154303, 10292705, 0, 0, 0
154402, 8917177, 0, 0, 0
154500, 10111394, 0, 0, 0
154600, 9931251, 0, 0, 0
154701, 8741333, 0, 0, 0
154802, 8146190, 0, 0, 0
154902, 9446094, 0, 0, 0
155001, 9179628, 0, 0, 0
155101, 7830089, 0, 0, 0
155200, 8572598, 0, 0, 0
155301, 11036828, 0, 0, 0
155404, 7594810, 0, 0, 0
155501, 7655762, 0, 0, 0
155601, 10215261, 0, 0, 0
155701, 8186354, 0, 0, 0
155801, 7369281, 0, 0, 0
155903, 8387046, 0, 0, 0
156006, 9508299, 0, 0, 0
156101, 8493536, 0, 0, 0
156200, 7395987, 0, 0, 0
156301, 8481225, 0, 0, 0
156400, 10355015, 0, 0, 0
156514, 8332895, 0, 0, 0
156604, 11325641, 0, 0, 0
156701, 9733802, 0, 0, 0
156801, 8706594, 0, 0, 0
156903, 8645212, 0, 0, 0
157001, 6390139, 0, 0, 0
157102, 10393994, 0, 0, 0
157200, 8697399, 0, 0, 0
157301, 8547722, 0, 0, 0
157400, 7339784, 0, 0, 0
157502, 7967538, 0, 0, 0
157601, 9035102, 0, 0, 0
157703, 8022974, 0, 0, 0
157800, 11910900, 0, 0, 0
157901, 11798573, 0, 0, 0
158001, 9558267, 0, 0, 0
158102, 14871972, 0, 0, 0
158208, 8869211, 0, 0, 0
158301, 9235106, 0, 0, 0
158400, 9061259, 0, 0, 0
158503, 10014448, 0, 0, 0
158603, 7627213, 0, 0, 0
158702, 7626400, 0, 0, 0
158800, 9869419, 0, 0, 0
158901, 9416789, 0, 0, 0
159000, 8978234, 0, 0, 0
159100, 9084123, 0, 0, 0
159203, 8084020, 0, 0, 0
159305, 11564729, 0, 0, 0
159401, 9579005, 0, 0, 0
159500, 8436623, 0, 0, 0
159600, 9667178, 0, 0, 0
159700, 9396441, 0, 0, 0
159802, 8587108, 0, 0, 0
159903, 9417078, 0, 0, 0
160001, 8792392, 0, 0, 0
160100, 5801439, 0, 0, 0
160200, 8870946, 0, 0, 0
160300, 8716553, 0, 0, 0
160402, 8941725, 0, 0, 0
160506, 9661993, 0, 0, 0
160601, 7458409, 0, 0, 0
160700, 9114117, 0, 0, 0
160800, 8606673, 0, 0, 0
160900, 9089986, 0, 0, 0
161000, 8519249, 0, 0, 0
161103, 6908383, 0, 0, 0
161206, 11693997, 0, 0, 0
161300, 9735389, 0, 0, 0
161400, 8391878, 0, 0, 0
161502, 9321514, 0, 0, 0
161600, 8246927, 0, 0, 0
161701, 9275009, 0, 0, 0
161810, 9879398, 0, 0, 0
161900, 7707027, 0, 0, 0
162000, 12330797, 0, 0, 0
162107, 8972397, 0, 0, 0
162204, 7899452, 0, 0, 0
162301, 10004919, 0, 0, 0
162401, 9783209, 0, 0, 0
162503, 7982137, 0, 0, 0
162601, 8734351, 0, 0, 0
162702, 8367500, 0, 0, 0
162801, 8512991, 0, 0, 0
162905, 12448559, 0, 0, 0
163000, 8826394, 0, 0, 0
163103, 8700361, 0, 0, 0
163200, 7801247, 0, 0, 0
163300, 8831859, 0, 0, 0
163401, 8848967, 0, 0, 0
163502, 8221468, 0, 0, 0
163600, 10987183, 0, 0, 0
163703, 8503025, 0, 0, 0
163803, 9022472, 0, 0, 0
163900, 7973761, 0, 0, 0
164003, 7865132, 0, 0, 0
164101, 10062895, 0, 0, 0
164200, 11478603, 0, 0, 0
164300, 11417124, 0, 0, 0
164404, 10459949, 0, 0, 0
164502, 8486188, 0, 0, 0
164600, 9289338, 0, 0, 0
164701, 8753456, 0, 0, 0
164804, 10263063, 0, 0, 0
164902, 9251192, 0, 0, 0
165004, 9436139, 0, 0, 0
165108, 9698152, 0, 0, 0
165201, 8138591, 0, 0, 0
165300, 10121737, 0, 0, 0
165402, 8153851, 0, 0, 0
165505, 8792906, 0, 0, 0
165604, 9909192, 0, 0, 0
165700, 7532355, 0, 0, 0
165800, 9515284, 0, 0, 0
165900, 8622780, 0, 0, 0
166001, 11240266, 0, 0, 0
166101, 8771957, 0, 0, 0
166202, 9269396, 0, 0, 0
166306, 9778389, 0, 0, 0
166402, 9641210, 0, 0, 0
166501, 8787686, 0, 0, 0
166606, 8354831, 0, 0, 0
166702, 9516214, 0, 0, 0
166800, 8474623, 0, 0, 0
166901, 8496416, 0, 0, 0
167000, 9046570, 0, 0, 0
167101, 8979689, 0, 0, 0
167203, 9890865, 0, 0, 0
167300, 7556061, 0, 0, 0
167401, 7981300, 0, 0, 0
167502, 10423796, 0, 0, 0
167604, 8716939, 0, 0, 0
167701, 7086208, 0, 0, 0
167801, 9797433, 0, 0, 0
167904, 9023235, 0, 0, 0
168001, 9569453, 0, 0, 0
168100, 9652718, 0, 0, 0
168203, 7526126, 0, 0, 0
168306, 9311485, 0, 0, 0
168401, 7894049, 0, 0, 0
168503, 11586579, 0, 0, 0
168602, 8390894, 0, 0, 0
168702, 7868847, 0, 0, 0
168800, 10596009, 0, 0, 0
168900, 9080040, 0, 0, 0
169000, 7185222, 0, 0, 0
169100, 7907714, 0, 0, 0
169203, 7835284, 0, 0, 0
169302, 9973856, 0, 0, 0
169404, 9714603, 0, 0, 0
169501, 9357112, 0, 0, 0
169603, 11548167, 0, 0, 0
169705, 9516652, 0, 0, 0
169802, 8738153, 0, 0, 0
169902, 9251748, 0, 0, 0
170003, 7872412, 0, 0, 0
170103, 8325580, 0, 0, 0
170205, 8785927, 0, 0, 0
170301, 8001220, 0, 0, 0
170403, 9929939, 0, 0, 0
170508, 8063090, 0, 0, 0
170604, 9826585, 0, 0, 0
170701, 8042705, 0, 0, 0
170800, 7596913, 0, 0, 0
170902, 7759320, 0, 0, 0
171000, 10252273, 0, 0, 0
171100, 7745508, 0, 0, 0
171210, 8060377, 0, 0, 0
171301, 8213753, 0, 0, 0
171403, 8846375, 0, 0, 0
171504, 8258979, 0, 0, 0
171600, 7559047, 0, 0, 0
171703, 9570695, 0, 0, 0
171800, 9995963, 0, 0, 0
171901, 9151588, 0, 0, 0
172001, 8936926, 0, 0, 0
172101, 9371635, 0, 0, 0
172203, 6972847, 0, 0, 0
172303, 8484696, 0, 0, 0
172403, 9230843, 0, 0, 0
172500, 7775583, 0, 0, 0
172601, 8613129, 0, 0, 0
172700, 7858385, 0, 0, 0
172801, 9634221, 0, 0, 0
172901, 10692203, 0, 0, 0
173000, 9780409, 0, 0, 0
173100, 8431680, 0, 0, 0
173200, 9544533, 0, 0, 0
173304, 9494675, 0, 0, 0
173407, 9020222, 0, 0, 0
173503, 8876823, 0, 0, 0
173605, 10261638, 0, 0, 0
173703, 13281807, 0, 0, 0
173800, 8711447, 0, 0, 0
173900, 8403782, 0, 0, 0
174003, 9134097, 0, 0, 0
174102, 9723487, 0, 0, 0
174201, 7826788, 0, 0, 0
174302, 7888199, 0, 0, 0
174405, 8316357, 0, 0, 0
174500, 9297496, 0, 0, 0
174600, 7498881, 0, 0, 0
174700, 9375838, 0, 0, 0
174802, 9785647, 0, 0, 0
174900, 8072009, 0, 0, 0
175002, 8042275, 0, 0, 0
175101, 10816380, 0, 0, 0
175202, 8391709, 0, 0, 0
175302, 8611260, 0, 0, 0
175400, 10161521, 0, 0, 0
175501, 8895417, 0, 0, 0
175609, 6597037, 0, 0, 0
175707, 9393184, 0, 0, 0
175800, 10339955, 0, 0, 0
175903, 8338086, 0, 0, 0
176001, 9045641, 0, 0, 0
176104, 6811359, 0, 0, 0
176206, 8652574, 0, 0, 0
176302, 8290139, 0, 0, 0
176401, 7239989, 0, 0, 0
176500, 12461820, 0, 0, 0
176609, 7637535, 0, 0, 0
176702, 10450615, 0, 0, 0
176804, 9300224, 0, 0, 0
176900, 8577482, 0, 0, 0
177003, 12584989, 0, 0, 0
177101, 8122114, 0, 0, 0
177201, 9280390, 0, 0, 0
177300, 9188928, 0, 0, 0
177403, 8147588, 0, 0, 0
177502, 8357691, 0, 0, 0
177604, 9463404, 0, 0, 0
177700, 6810536, 0, 0, 0
177801, 8099425, 0, 0, 0
177903, 9070478, 0, 0, 0
178001, 9085118, 0, 0, 0
178101, 9052369, 0, 0, 0
178201, 9236990, 0, 0, 0
178306, 9160369, 0, 0, 0
178403, 11008518, 0, 0, 0
178503, 8096152, 0, 0, 0
178603, 9737136, 0, 0, 0
178705, 8584922, 0, 0, 0
178803, 9629053, 0, 0, 0
178903, 9153270, 0, 0, 0
179002, 8403041, 0, 0, 0
179102, 8598084, 0, 0, 0
179202, 7546477, 0, 0, 0
179304, 8917373, 0, 0, 0
179401, 8061495, 0, 0, 0
179502, 8153993, 0, 0, 0
179604, 9428001, 0, 0, 0
179701, 9857287, 0, 0, 0
179801, 7348874, 0, 0, 0
179900, 7544619, 0, 0, 0
180001, 7476142, 0, 0, 0
180010, 11161327, 0, 0, 0
