250, 233472, 0, 0, 0
350, 291840, 0, 0, 0
450, 245760, 0, 0, 0
550, 230400, 0, 0, 0
650, 261120, 0, 0, 0
749, 232727, 0, 0, 0
849, 230400, 0, 0, 0
949, 261120, 0, 0, 0
1049, 307200, 0, 0, 0
1149, 322560, 0, 0, 0
1250, 245760, 0, 0, 0
1350, 276480, 0, 0, 0
1450, 291840, 0, 0, 0
1550, 261120, 0, 0, 0
1650, 276480, 0, 0, 0
1749, 263757, 0, 0, 0
1849, 245760, 0, 0, 0
1949, 245760, 0, 0, 0
2049, 215040, 0, 0, 0
2149, 261120, 0, 0, 0
2250, 215040, 0, 0, 0
2350, 322560, 0, 0, 0
2450, 245760, 0, 0, 0
2550, 261120, 0, 0, 0
2650, 215040, 0, 0, 0
2749, 248242, 0, 0, 0
2849, 245760, 0, 0, 0
2949, 276480, 0, 0, 0
3049, 245760, 0, 0, 0
3149, 230400, 0, 0, 0
3249, 245760, 0, 0, 0
3350, 261120, 0, 0, 0
3450, 245760, 0, 0, 0
3550, 261120, 0, 0, 0
3650, 215040, 0, 0, 0
3749, 294787, 0, 0, 0
3849, 230400, 0, 0, 0
3949, 291840, 0, 0, 0
4049, 245760, 0, 0, 0
4149, 245760, 0, 0, 0
4249, 307200, 0, 0, 0
4350, 261120, 0, 0, 0
4450, 245760, 0, 0, 0
4550, 245760, 0, 0, 0
4650, 276480, 0, 0, 0
4749, 201696, 0, 0, 0
4849, 245760, 0, 0, 0
4949, 261120, 0, 0, 0
5049, 261120, 0, 0, 0
5149, 245760, 0, 0, 0
5250, 337920, 0, 0, 0
5350, 230400, 0, 0, 0
5450, 276480, 0, 0, 0
5550, 230400, 0, 0, 0
5650, 261120, 0, 0, 0
5749, 232727, 0, 0, 0
5849, 230400, 0, 0, 0
5949, 245760, 0, 0, 0
6049, 276480, 0, 0, 0
6149, 261120, 0, 0, 0
6250, 261120, 0, 0, 0
6350, 261120, 0, 0, 0
6450, 276480, 0, 0, 0
6550, 230400, 0, 0, 0
6650, 261120, 0, 0, 0
6749, 217212, 0, 0, 0
6849, 276480, 0, 0, 0
6949, 245760, 0, 0, 0
7049, 261120, 0, 0, 0
7149, 276480, 0, 0, 0
7250, 291840, 0, 0, 0
7350, 307200, 0, 0, 0
7450, 261120, 0, 0, 0
7550, 215040, 0, 0, 0
7650, 245760, 0, 0, 0
7749, 248242, 0, 0, 0
7849, 276480, 0, 0, 0
7949, 245760, 0, 0, 0
8049, 245760, 0, 0, 0
8149, 245760, 0, 0, 0
8250, 261120, 0, 0, 0
8350, 261120, 0, 0, 0
8450, 261120, 0, 0, 0
8550, 245760, 0, 0, 0
8650, 276480, 0, 0, 0
8749, 263757, 0, 0, 0
8849, 276480, 0, 0, 0
8949, 245760, 0, 0, 0
9049, 261120, 0, 0, 0
9149, 245760, 0, 0, 0
9250, 307200, 0, 0, 0
9350, 215040, 0, 0, 0
9450, 230400, 0, 0, 0
9550, 261120, 0, 0, 0
9650, 245760, 0, 0, 0
9749, 279272, 0, 0, 0
9849, 245760, 0, 0, 0
9949, 261120, 0, 0, 0
10049, 245760, 0, 0, 0
10149, 322560, 0, 0, 0
10249, 276480, 0, 0, 0
10350, 245760, 0, 0, 0
10450, 261120, 0, 0, 0
10550, 261120, 0, 0, 0
10650, 230400, 0, 0, 0
10749, 170666, 0, 0, 0
10849, 261120, 0, 0, 0
10949, 245760, 0, 0, 0
11049, 261120, 0, 0, 0
11149, 261120, 0, 0, 0
11250, 230400, 0, 0, 0
11350, 261120, 0, 0, 0
11450, 261120, 0, 0, 0
11550, 245760, 0, 0, 0
11650, 261120, 0, 0, 0
11749, 232727, 0, 0, 0
11849, 245760, 0, 0, 0
11949, 276480, 0, 0, 0
12049, 245760, 0, 0, 0
12149, 276480, 0, 0, 0
12249, 276480, 0, 0, 0
12350, 276480, 0, 0, 0
12450, 230400, 0, 0, 0
12550, 230400, 0, 0, 0
12650, 245760, 0, 0, 0
12749, 248242, 0, 0, 0
12849, 276480, 0, 0, 0
12949, 276480, 0, 0, 0
13049, 291840, 0, 0, 0
13149, 276480, 0, 0, 0
13249, 261120, 0, 0, 0
13349, 230400, 0, 0, 0
13449, 245760, 0, 0, 0
13550, 215040, 0, 0, 0
13650, 261120, 0, 0, 0
13749, 248242, 0, 0, 0
13849, 276480, 0, 0, 0
13949, 215040, 0, 0, 0
14049, 261120, 0, 0, 0
14149, 245760, 0, 0, 0
14249, 245760, 0, 0, 0
14349, 261120, 0, 0, 0
14449, 199680, 0, 0, 0
14550, 291840, 0, 0, 0
14650, 215040, 0, 0, 0
14749, 294787, 0, 0, 0
14849, 245760, 0, 0, 0
14949, 245760, 0, 0, 0
15049, 276480, 0, 0, 0
15149, 230400, 0, 0, 0
15249, 245760, 0, 0, 0
15349, 276480, 0, 0, 0
15449, 276480, 0, 0, 0
15549, 261120, 0, 0, 0
15649, 276480, 0, 0, 0
15750, 245760, 0, 0, 0
15850, 291840, 0, 0, 0
15950, 276480, 0, 0, 0
16050, 276480, 0, 0, 0
16150, 261120, 0, 0, 0
16249, 263757, 0, 0, 0
16349, 230400, 0, 0, 0
16449, 291840, 0, 0, 0
16549, 245760, 0, 0, 0
16650, 276480, 0, 0, 0
16750, 291840, 0, 0, 0
16850, 276480, 0, 0, 0
16950, 261120, 0, 0, 0
17050, 230400, 0, 0, 0
17150, 230400, 0, 0, 0
17249, 263757, 0, 0, 0
17349, 199680, 0, 0, 0
17449, 245760, 0, 0, 0
17549, 230400, 0, 0, 0
17650, 261120, 0, 0, 0
17750, 215040, 0, 0, 0
17850, 215040, 0, 0, 0
17950, 261120, 0, 0, 0
18050, 276480, 0, 0, 0
18150, 230400, 0, 0, 0
18249, 232727, 0, 0, 0
18349, 215040, 0, 0, 0
18449, 230400, 0, 0, 0
18549, 261120, 0, 0, 0
18649, 322560, 0, 0, 0
18750, 245760, 0, 0, 0
18850, 245760, 0, 0, 0
18950, 199680, 0, 0, 0
19050, 276480, 0, 0, 0
19150, 276480, 0, 0, 0
19249, 248242, 0, 0, 0
19349, 215040, 0, 0, 0
19449, 261120, 0, 0, 0
19549, 276480, 0, 0, 0
19649, 199680, 0, 0, 0
19750, 245760, 0, 0, 0
19850, 215040, 0, 0, 0
19950, 261120, 0, 0, 0
20050, 291840, 0, 0, 0
20150, 261120, 0, 0, 0
20249, 263757, 0, 0, 0
20349, 245760, 0, 0, 0
20449, 245760, 0, 0, 0
20549, 261120, 0, 0, 0
20649, 276480, 0, 0, 0
20750, 215040, 0, 0, 0
20850, 261120, 0, 0, 0
20950, 322560, 0, 0, 0
21050, 245760, 0, 0, 0
21150, 261120, 0, 0, 0
21249, 263757, 0, 0, 0
21349, 215040, 0, 0, 0
21449, 230400, 0, 0, 0
21550, 276480, 0, 0, 0
21650, 291840, 0, 0, 0
21749, 279272, 0, 0, 0
21849, 230400, 0, 0, 0
21949, 291840, 0, 0, 0
22049, 276480, 0, 0, 0
22149, 245760, 0, 0, 0
22249, 199680, 0, 0, 0
22349, 276480, 0, 0, 0
22449, 276480, 0, 0, 0
22549, 276480, 0, 0, 0
22650, 276480, 0, 0, 0
22750, 276480, 0, 0, 0
22850, 261120, 0, 0, 0
22950, 261120, 0, 0, 0
23050, 276480, 0, 0, 0
23150, 245760, 0, 0, 0
23249, 248242, 0, 0, 0
23349, 245760, 0, 0, 0
23449, 276480, 0, 0, 0
23550, 261120, 0, 0, 0
23650, 261120, 0, 0, 0
23749, 248242, 0, 0, 0
23849, 307200, 0, 0, 0
23949, 276480, 0, 0, 0
24049, 230400, 0, 0, 0
24149, 261120, 0, 0, 0
24249, 215040, 0, 0, 0
24349, 230400, 0, 0, 0
24449, 276480, 0, 0, 0
24550, 245760, 0, 0, 0
24650, 230400, 0, 0, 0
24749, 248242, 0, 0, 0
24849, 245760, 0, 0, 0
24949, 261120, 0, 0, 0
25049, 230400, 0, 0, 0
25149, 291840, 0, 0, 0
25249, 230400, 0, 0, 0
25349, 230400, 0, 0, 0
25449, 245760, 0, 0, 0
25549, 261120, 0, 0, 0
25649, 245760, 0, 0, 0
25750, 276480, 0, 0, 0
25850, 276480, 0, 0, 0
25950, 245760, 0, 0, 0
26050, 291840, 0, 0, 0
26150, 230400, 0, 0, 0
26249, 263757, 0, 0, 0
26349, 230400, 0, 0, 0
26449, 261120, 0, 0, 0
26549, 215040, 0, 0, 0
26649, 261120, 0, 0, 0
26750, 245760, 0, 0, 0
26850, 261120, 0, 0, 0
26950, 245760, 0, 0, 0
27050, 291840, 0, 0, 0
27150, 261120, 0, 0, 0
27249, 248242, 0, 0, 0
27349, 230400, 0, 0, 0
27449, 245760, 0, 0, 0
27549, 245760, 0, 0, 0
27649, 230400, 0, 0, 0
27750, 261120, 0, 0, 0
27850, 261120, 0, 0, 0
27950, 261120, 0, 0, 0
28050, 261120, 0, 0, 0
28150, 261120, 0, 0, 0
28249, 279272, 0, 0, 0
28349, 230400, 0, 0, 0
28449, 245760, 0, 0, 0
28549, 291840, 0, 0, 0
28649, 245760, 0, 0, 0
28750, 245760, 0, 0, 0
28850, 245760, 0, 0, 0
28950, 276480, 0, 0, 0
29050, 245760, 0, 0, 0
29150, 322560, 0, 0, 0
29249, 248242, 0, 0, 0
29349, 307200, 0, 0, 0
29449, 307200, 0, 0, 0
29549, 245760, 0, 0, 0
29649, 261120, 0, 0, 0
29749, 230400, 0, 0, 0
29850, 261120, 0, 0, 0
29950, 276480, 0, 0, 0
30050, 261120, 0, 0, 0
30150, 245760, 0, 0, 0
30249, 279272, 0, 0, 0
30349, 230400, 0, 0, 0
30449, 291840, 0, 0, 0
30549, 245760, 0, 0, 0
30649, 276480, 0, 0, 0
30749, 245760, 0, 0, 0
30849, 261120, 0, 0, 0
30950, 245760, 0, 0, 0
31050, 291840, 0, 0, 0
31150, 261120, 0, 0, 0
31249, 325818, 0, 0, 0
31349, 261120, 0, 0, 0
31449, 291840, 0, 0, 0
31549, 245760, 0, 0, 0
31649, 261120, 0, 0, 0
31750, 245760, 0, 0, 0
31850, 276480, 0, 0, 0
31950, 291840, 0, 0, 0
32050, 245760, 0, 0, 0
32150, 291840, 0, 0, 0
32249, 232727, 0, 0, 0
32349, 245760, 0, 0, 0
32449, 276480, 0, 0, 0
32549, 245760, 0, 0, 0
32649, 261120, 0, 0, 0
32750, 291840, 0, 0, 0
32850, 276480, 0, 0, 0
32950, 230400, 0, 0, 0
33050, 245760, 0, 0, 0
33150, 261120, 0, 0, 0
33249, 201696, 0, 0, 0
33349, 245760, 0, 0, 0
33449, 245760, 0, 0, 0
33549, 245760, 0, 0, 0
33649, 245760, 0, 0, 0
33750, 276480, 0, 0, 0
33850, 230400, 0, 0, 0
33950, 261120, 0, 0, 0
34050, 245760, 0, 0, 0
34150, 276480, 0, 0, 0
34249, 263757, 0, 0, 0
34349, 230400, 0, 0, 0
34449, 276480, 0, 0, 0
34550, 276480, 0, 0, 0
34650, 245760, 0, 0, 0
34749, 279272, 0, 0, 0
34849, 215040, 0, 0, 0
34949, 230400, 0, 0, 0
35049, 276480, 0, 0, 0
35149, 230400, 0, 0, 0
35249, 322560, 0, 0, 0
35349, 261120, 0, 0, 0
35449, 245760, 0, 0, 0
35550, 291840, 0, 0, 0
35650, 245760, 0, 0, 0
35749, 263757, 0, 0, 0
35849, 291840, 0, 0, 0
35949, 230400, 0, 0, 0
36050, 276480, 0, 0, 0
36150, 291840, 0, 0, 0
36249, 263757, 0, 0, 0
36349, 261120, 0, 0, 0
36449, 276480, 0, 0, 0
36549, 245760, 0, 0, 0
36649, 276480, 0, 0, 0
36749, 245760, 0, 0, 0
36849, 261120, 0, 0, 0
36949, 261120, 0, 0, 0
37050, 276480, 0, 0, 0
37150, 307200, 0, 0, 0
37249, 248242, 0, 0, 0
37349, 261120, 0, 0, 0
37449, 291840, 0, 0, 0
37549, 261120, 0, 0, 0
37649, 276480, 0, 0, 0
37749, 261120, 0, 0, 0
37849, 245760, 0, 0, 0
37950, 276480, 0, 0, 0
38050, 261120, 0, 0, 0
38150, 291840, 0, 0, 0
38249, 279272, 0, 0, 0
38349, 230400, 0, 0, 0
38449, 230400, 0, 0, 0
38549, 261120, 0, 0, 0
38649, 230400, 0, 0, 0
38749, 307200, 0, 0, 0
38849, 215040, 0, 0, 0
38950, 261120, 0, 0, 0
39050, 291840, 0, 0, 0
39150, 261120, 0, 0, 0
39249, 248242, 0, 0, 0
39349, 291840, 0, 0, 0
39449, 261120, 0, 0, 0
39549, 291840, 0, 0, 0
39649, 291840, 0, 0, 0
39749, 245760, 0, 0, 0
39849, 261120, 0, 0, 0
39949, 230400, 0, 0, 0
40050, 276480, 0, 0, 0
40150, 261120, 0, 0, 0
40249, 232727, 0, 0, 0
40349, 245760, 0, 0, 0
40449, 245760, 0, 0, 0
40549, 230400, 0, 0, 0
40649, 276480, 0, 0, 0
40749, 261120, 0, 0, 0
40849, 276480, 0, 0, 0
40949, 261120, 0, 0, 0
41050, 215040, 0, 0, 0
41150, 215040, 0, 0, 0
41249, 263757, 0, 0, 0
41349, 291840, 0, 0, 0
41449, 276480, 0, 0, 0
41549, 230400, 0, 0, 0
41649, 307200, 0, 0, 0
41749, 291840, 0, 0, 0
41849, 261120, 0, 0, 0
41949, 215040, 0, 0, 0
42050, 215040, 0, 0, 0
42150, 245760, 0, 0, 0
42249, 232727, 0, 0, 0
42349, 230400, 0, 0, 0
42449, 276480, 0, 0, 0
42549, 215040, 0, 0, 0
42649, 245760, 0, 0, 0
42749, 276480, 0, 0, 0
42849, 276480, 0, 0, 0
42949, 276480, 0, 0, 0
43050, 276480, 0, 0, 0
43150, 261120, 0, 0, 0
43249, 310303, 0, 0, 0
43349, 245760, 0, 0, 0
43449, 291840, 0, 0, 0
43549, 276480, 0, 0, 0
43649, 261120, 0, 0, 0
43749, 291840, 0, 0, 0
43849, 307200, 0, 0, 0
43949, 199680, 0, 0, 0
44050, 276480, 0, 0, 0
44150, 215040, 0, 0, 0
44249, 232727, 0, 0, 0
44349, 291840, 0, 0, 0
44449, 276480, 0, 0, 0
44549, 261120, 0, 0, 0
44649, 261120, 0, 0, 0
44749, 291840, 0, 0, 0
44849, 245760, 0, 0, 0
44949, 276480, 0, 0, 0
45050, 261120, 0, 0, 0
45150, 261120, 0, 0, 0
45249, 263757, 0, 0, 0
45349, 261120, 0, 0, 0
45449, 291840, 0, 0, 0
45549, 261120, 0, 0, 0
45649, 261120, 0, 0, 0
45749, 307200, 0, 0, 0
45849, 276480, 0, 0, 0
45949, 230400, 0, 0, 0
46050, 245760, 0, 0, 0
46150, 276480, 0, 0, 0
46249, 248242, 0, 0, 0
46349, 261120, 0, 0, 0
46449, 261120, 0, 0, 0
46549, 245760, 0, 0, 0
46649, 291840, 0, 0, 0
46749, 245760, 0, 0, 0
46849, 276480, 0, 0, 0
46949, 276480, 0, 0, 0
47050, 276480, 0, 0, 0
47150, 230400, 0, 0, 0
47249, 263757, 0, 0, 0
47349, 291840, 0, 0, 0
47449, 215040, 0, 0, 0
47549, 245760, 0, 0, 0
47649, 245760, 0, 0, 0
47749, 261120, 0, 0, 0
47849, 230400, 0, 0, 0
47949, 261120, 0, 0, 0
48049, 291840, 0, 0, 0
48149, 261120, 0, 0, 0
48250, 307200, 0, 0, 0
48350, 184320, 0, 0, 0
48450, 261120, 0, 0, 0
48550, 261120, 0, 0, 0
48650, 276480, 0, 0, 0
48749, 294787, 0, 0, 0
48849, 215040, 0, 0, 0
48949, 230400, 0, 0, 0
49049, 245760, 0, 0, 0
49149, 215040, 0, 0, 0
49249, 215040, 0, 0, 0
49349, 291840, 0, 0, 0
49450, 307200, 0, 0, 0
49550, 261120, 0, 0, 0
49650, 261120, 0, 0, 0
49749, 263757, 0, 0, 0
49849, 276480, 0, 0, 0
49949, 276480, 0, 0, 0
50049, 245760, 0, 0, 0
50149, 245760, 0, 0, 0
50249, 322560, 0, 0, 0
50349, 291840, 0, 0, 0
50449, 245760, 0, 0, 0
50550, 276480, 0, 0, 0
50650, 291840, 0, 0, 0
50749, 325818, 0, 0, 0
50849, 307200, 0, 0, 0
50949, 230400, 0, 0, 0
51049, 276480, 0, 0, 0
51149, 276480, 0, 0, 0
51249, 230400, 0, 0, 0
51349, 215040, 0, 0, 0
51449, 245760, 0, 0, 0
51549, 276480, 0, 0, 0
51649, 215040, 0, 0, 0
51750, 261120, 0, 0, 0
51850, 261120, 0, 0, 0
51950, 245760, 0, 0, 0
52050, 291840, 0, 0, 0
52150, 261120, 0, 0, 0
52249, 232727, 0, 0, 0
52349, 291840, 0, 0, 0
52449, 261120, 0, 0, 0
52549, 307200, 0, 0, 0
52649, 215040, 0, 0, 0
52750, 322560, 0, 0, 0
52850, 199680, 0, 0, 0
52950, 245760, 0, 0, 0
53050, 245760, 0, 0, 0
53150, 215040, 0, 0, 0
53249, 248242, 0, 0, 0
53349, 230400, 0, 0, 0
53449, 276480, 0, 0, 0
53549, 261120, 0, 0, 0
53649, 230400, 0, 0, 0
53749, 276480, 0, 0, 0
53850, 291840, 0, 0, 0
53950, 291840, 0, 0, 0
54050, 245760, 0, 0, 0
54150, 245760, 0, 0, 0
54249, 248242, 0, 0, 0
54349, 261120, 0, 0, 0
54449, 307200, 0, 0, 0
54549, 337920, 0, 0, 0
54649, 307200, 0, 0, 0
54749, 245760, 0, 0, 0
54849, 245760, 0, 0, 0
54949, 307200, 0, 0, 0
55050, 291840, 0, 0, 0
55150, 261120, 0, 0, 0
55249, 263757, 0, 0, 0
55349, 322560, 0, 0, 0
55449, 291840, 0, 0, 0
55549, 276480, 0, 0, 0
55649, 245760, 0, 0, 0
55749, 199680, 0, 0, 0
55849, 261120, 0, 0, 0
55949, 245760, 0, 0, 0
56049, 230400, 0, 0, 0
56150, 261120, 0, 0, 0
56250, 261120, 0, 0, 0
56350, 261120, 0, 0, 0
56450, 276480, 0, 0, 0
56550, 245760, 0, 0, 0
56650, 261120, 0, 0, 0
56749, 263757, 0, 0, 0
56849, 245760, 0, 0, 0
56949, 276480, 0, 0, 0
57049, 307200, 0, 0, 0
57149, 261120, 0, 0, 0
57250, 245760, 0, 0, 0
57350, 230400, 0, 0, 0
57450, 276480, 0, 0, 0
57550, 245760, 0, 0, 0
57650, 261120, 0, 0, 0
57749, 294787, 0, 0, 0
57849, 307200, 0, 0, 0
57949, 261120, 0, 0, 0
58049, 199680, 0, 0, 0
58149, 276480, 0, 0, 0
58250, 245760, 0, 0, 0
58350, 230400, 0, 0, 0
58450, 261120, 0, 0, 0
58550, 276480, 0, 0, 0
58650, 215040, 0, 0, 0
58749, 248242, 0, 0, 0
58849, 291840, 0, 0, 0
58949, 276480, 0, 0, 0
59049, 261120, 0, 0, 0
59149, 276480, 0, 0, 0
59249, 230400, 0, 0, 0
59349, 245760, 0, 0, 0
59450, 276480, 0, 0, 0
59550, 215040, 0, 0, 0
59650, 261120, 0, 0, 0
59749, 279272, 0, 0, 0
59849, 215040, 0, 0, 0
59949, 322560, 0, 0, 0
