100, 3890, 0, 0, 0
200, 3854, 0, 0, 0
301, 4377, 0, 0, 0
400, 3849, 0, 0, 0
501, 3887, 0, 0, 0
600, 4164, 0, 0, 0
700, 3775, 0, 0, 0
800, 3955, 0, 0, 0
900, 3735, 0, 0, 0
1002, 3581, 0, 0, 0
1100, 3621, 0, 0, 0
1200, 3835, 0, 0, 0
1300, 3563, 0, 0, 0
1400, 3686, 0, 0, 0
1500, 3668, 0, 0, 0
1600, 3640, 0, 0, 0
1700, 3501, 0, 0, 0
1800, 3671, 0, 0, 0
1900, 3602, 0, 0, 0
2000, 3660, 0, 0, 0
2100, 3468, 0, 0, 0
2200, 3576, 0, 0, 0
2300, 3889, 0, 0, 0
2401, 3349, 0, 0, 0
2500, 3903, 0, 0, 0
2601, 4046, 0, 0, 0
2700, 3463, 0, 0, 0
2800, 3714, 0, 0, 0
2900, 3820, 0, 0, 0
3000, 3511, 0, 0, 0
3100, 3645, 0, 0, 0
3200, 3591, 0, 0, 0
3300, 3397, 0, 0, 0
3401, 3425, 0, 0, 0
3500, 3957, 0, 0, 0
3600, 3586, 0, 0, 0
3700, 3381, 0, 0, 0
3800, 3389, 0, 0, 0
3900, 3718, 0, 0, 0
4000, 3642, 0, 0, 0
4100, 3441, 0, 0, 0
4200, 2966, 0, 0, 0
4300, 3481, 0, 0, 0
4400, 3356, 0, 0, 0
4500, 3701, 0, 0, 0
4600, 3266, 0, 0, 0
4700, 3110, 0, 0, 0
4800, 3225, 0, 0, 0
4900, 3474, 0, 0, 0
5000, 3698, 0, 0, 0
5100, 4151, 0, 0, 0
5200, 3295, 0, 0, 0
5300, 3392, 0, 0, 0
5400, 3491, 0, 0, 0
5500, 3751, 0, 0, 0
5601, 3260, 0, 0, 0
5700, 3470, 0, 0, 0
5800, 3510, 0, 0, 0
5900, 3676, 0, 0, 0
6000, 3700, 0, 0, 0
6100, 3479, 0, 0, 0
6200, 3364, 0, 0, 0
6300, 3984, 0, 0, 0
6400, 3676, 0, 0, 0
6500, 3986, 0, 0, 0
6600, 3606, 0, 0, 0
6700, 3717, 0, 0, 0
6800, 3723, 0, 0, 0
6900, 3427, 0, 0, 0
7000, 4283, 0, 0, 0
7100, 3537, 0, 0, 0
7200, 3491, 0, 0, 0
7300, 3565, 0, 0, 0
7400, 3576, 0, 0, 0
7500, 4840, 0, 0, 0
7600, 3750, 0, 0, 0
7700, 3515, 0, 0, 0
7800, 3553, 0, 0, 0
7900, 3724, 0, 0, 0
8000, 3719, 0, 0, 0
8100, 4141, 0, 0, 0
8200, 3430, 0, 0, 0
8301, 3426, 0, 0, 0
8400, 4092, 0, 0, 0
8501, 3828, 0, 0, 0
8600, 4076, 0, 0, 0
8700, 4506, 0, 0, 0
8800, 4145, 0, 0, 0
8900, 3807, 0, 0, 0
9000, 3692, 0, 0, 0
9100, 3425, 0, 0, 0
9200, 4110, 0, 0, 0
9300, 3729, 0, 0, 0
9400, 3818, 0, 0, 0
9500, 3827, 0, 0, 0
9600, 3772, 0, 0, 0
9700, 3715, 0, 0, 0
9800, 3795, 0, 0, 0
9900, 3865, 0, 0, 0
10000, 4091, 0, 0, 0
10100, 3726, 0, 0, 0
10200, 4272, 0, 0, 0
10300, 4146, 0, 0, 0
10400, 4666, 0, 0, 0
10500, 3340, 0, 0, 0
10600, 3181, 0, 0, 0
10700, 3776, 0, 0, 0
10800, 3440, 0, 0, 0
10900, 3737, 0, 0, 0
11000, 3845, 0, 0, 0
11100, 3452, 0, 0, 0
11200, 3649, 0, 0, 0
11300, 4098, 0, 0, 0
11400, 4090, 0, 0, 0
11500, 4180, 0, 0, 0
11600, 3631, 0, 0, 0
11700, 3823, 0, 0, 0
11800, 4790, 0, 0, 0
11900, 4124, 0, 0, 0
12000, 3332, 0, 0, 0
12100, 3386, 0, 0, 0
12200, 3493, 0, 0, 0
12300, 3334, 0, 0, 0
12400, 3629, 0, 0, 0
12500, 3879, 0, 0, 0
12600, 3410, 0, 0, 0
12700, 4048, 0, 0, 0
12800, 3531, 0, 0, 0
12900, 3827, 0, 0, 0
13000, 3717, 0, 0, 0
13100, 3947, 0, 0, 0
13200, 3435, 0, 0, 0
13300, 3744, 0, 0, 0
13400, 3526, 0, 0, 0
13504, 3518, 0, 0, 0
13600, 4026, 0, 0, 0
13700, 3581, 0, 0, 0
13800, 3901, 0, 0, 0
13900, 3862, 0, 0, 0
14000, 3843, 0, 0, 0
14100, 3165, 0, 0, 0
14200, 3724, 0, 0, 0
14300, 3912, 0, 0, 0
14400, 3749, 0, 0, 0
14500, 3632, 0, 0, 0
14600, 3530, 0, 0, 0
14700, 3528, 0, 0, 0
14800, 3427, 0, 0, 0
14900, 3606, 0, 0, 0
15000, 3668, 0, 0, 0
15100, 3619, 0, 0, 0
15200, 3679, 0, 0, 0
15300, 4147, 0, 0, 0
15400, 3139, 0, 0, 0
15500, 3884, 0, 0, 0
15600, 3696, 0, 0, 0
15700, 3583, 0, 0, 0
15800, 4024, 0, 0, 0
15900, 3255, 0, 0, 0
16000, 3841, 0, 0, 0
16100, 3819, 0, 0, 0
16200, 4030, 0, 0, 0
16300, 3683, 0, 0, 0
16400, 3556, 0, 0, 0
16500, 3525, 0, 0, 0
16600, 4396, 0, 0, 0
16700, 3778, 0, 0, 0
16800, 3953, 0, 0, 0
16900, 3924, 0, 0, 0
17000, 4381, 0, 0, 0
17100, 3775, 0, 0, 0
17200, 3725, 0, 0, 0
17300, 3521, 0, 0, 0
17400, 3490, 0, 0, 0
17500, 3720, 0, 0, 0
17600, 3482, 0, 0, 0
17700, 3969, 0, 0, 0
17800, 3877, 0, 0, 0
17900, 3875, 0, 0, 0
18000, 3658, 0, 0, 0
18100, 3445, 0, 0, 0
18200, 4017, 0, 0, 0
18300, 3323, 0, 0, 0
18401, 3896, 0, 0, 0
18500, 3675, 0, 0, 0
18600, 3675, 0, 0, 0
18700, 3582, 0, 0, 0
18800, 3967, 0, 0, 0
18900, 3935, 0, 0, 0
19000, 3909, 0, 0, 0
19101, 3868, 0, 0, 0
19200, 3575, 0, 0, 0
19300, 4094, 0, 0, 0
19400, 3126, 0, 0, 0
19500, 3168, 0, 0, 0
19600, 3269, 0, 0, 0
19700, 3888, 0, 0, 0
19801, 4246, 0, 0, 0
19900, 3333, 0, 0, 0
20000, 4137, 0, 0, 0
20100, 3573, 0, 0, 0
20200, 4120, 0, 0, 0
20300, 3589, 0, 0, 0
20400, 3231, 0, 0, 0
20500, 3356, 0, 0, 0
20600, 3723, 0, 0, 0
20700, 4337, 0, 0, 0
20800, 3829, 0, 0, 0
20900, 3548, 0, 0, 0
21000, 3810, 0, 0, 0
21100, 3580, 0, 0, 0
21200, 3526, 0, 0, 0
21300, 3809, 0, 0, 0
21400, 3716, 0, 0, 0
21500, 4083, 0, 0, 0
21601, 4027, 0, 0, 0
21700, 3913, 0, 0, 0
21800, 4275, 0, 0, 0
21900, 4004, 0, 0, 0
22000, 3891, 0, 0, 0
22100, 3468, 0, 0, 0
22200, 3208, 0, 0, 0
22300, 3671, 0, 0, 0
22400, 3497, 0, 0, 0
22500, 3619, 0, 0, 0
22600, 3729, 0, 0, 0
22700, 3764, 0, 0, 0
22800, 3696, 0, 0, 0
22900, 3430, 0, 0, 0
23000, 3786, 0, 0, 0
23100, 3396, 0, 0, 0
23200, 4400, 0, 0, 0
23300, 3274, 0, 0, 0
23400, 3712, 0, 0, 0
23500, 3645, 0, 0, 0
23600, 3477, 0, 0, 0
23700, 3860, 0, 0, 0
23800, 4308, 0, 0, 0
23900, 3677, 0, 0, 0
24000, 3513, 0, 0, 0
24100, 3596, 0, 0, 0
24200, 3657, 0, 0, 0
24300, 3610, 0, 0, 0
24400, 3343, 0, 0, 0
24500, 3524, 0, 0, 0
24600, 3343, 0, 0, 0
24700, 3753, 0, 0, 0
24800, 3605, 0, 0, 0
24900, 3621, 0, 0, 0
25000, 3666, 0, 0, 0
25100, 3718, 0, 0, 0
25200, 3536, 0, 0, 0
25300, 3492, 0, 0, 0
25400, 3502, 0, 0, 0
25500, 3223, 0, 0, 0
25600, 4125, 0, 0, 0
25700, 3653, 0, 0, 0
25800, 3606, 0, 0, 0
25900, 4301, 0, 0, 0
26000, 3802, 0, 0, 0
26100, 3595, 0, 0, 0
26200, 3187, 0, 0, 0
26300, 3530, 0, 0, 0
26400, 4026, 0, 0, 0
26500, 3480, 0, 0, 0
26600, 3557, 0, 0, 0
26700, 3658, 0, 0, 0
26800, 3469, 0, 0, 0
26900, 3519, 0, 0, 0
27000, 4184, 0, 0, 0
27100, 3964, 0, 0, 0
27200, 3278, 0, 0, 0
27301, 4102, 0, 0, 0
27400, 3624, 0, 0, 0
27500, 4196, 0, 0, 0
27600, 3907, 0, 0, 0
27700, 3361, 0, 0, 0
27800, 3920, 0, 0, 0
27900, 3305, 0, 0, 0
28000, 3814, 0, 0, 0
28100, 3638, 0, 0, 0
28200, 3472, 0, 0, 0
28300, 3764, 0, 0, 0
28400, 3736, 0, 0, 0
28500, 3495, 0, 0, 0
28600, 3521, 0, 0, 0
28700, 3246, 0, 0, 0
28800, 3838, 0, 0, 0
28900, 3410, 0, 0, 0
29000, 3576, 0, 0, 0
29100, 3632, 0, 0, 0
29200, 3527, 0, 0, 0
29301, 3707, 0, 0, 0
29400, 3560, 0, 0, 0
29500, 3694, 0, 0, 0
29600, 3396, 0, 0, 0
29700, 3296, 0, 0, 0
29800, 3551, 0, 0, 0
29900, 3507, 0, 0, 0
30000, 3377, 0, 0, 0
30100, 3610, 0, 0, 0
30200, 3874, 0, 0, 0
30300, 4260, 0, 0, 0
30400, 4019, 0, 0, 0
30500, 3204, 0, 0, 0
30600, 3951, 0, 0, 0
30700, 4379, 0, 0, 0
30800, 3850, 0, 0, 0
30900, 3713, 0, 0, 0
31000, 4052, 0, 0, 0
31100, 4228, 0, 0, 0
31200, 4344, 0, 0, 0
31300, 3538, 0, 0, 0
31400, 3446, 0, 0, 0
31500, 4010, 0, 0, 0
31600, 3588, 0, 0, 0
31701, 4391, 0, 0, 0
31802, 3915, 0, 0, 0
31900, 4020, 0, 0, 0
32000, 3786, 0, 0, 0
32100, 3607, 0, 0, 0
32200, 3560, 0, 0, 0
32300, 3632, 0, 0, 0
32401, 3232, 0, 0, 0
32500, 3447, 0, 0, 0
32600, 3636, 0, 0, 0
32700, 3646, 0, 0, 0
32800, 3632, 0, 0, 0
32900, 3736, 0, 0, 0
33000, 3947, 0, 0, 0
33100, 3747, 0, 0, 0
33200, 4056, 0, 0, 0
33300, 4185, 0, 0, 0
33400, 3332, 0, 0, 0
33500, 3345, 0, 0, 0
33601, 3818, 0, 0, 0
33700, 3749, 0, 0, 0
33800, 4138, 0, 0, 0
33900, 3665, 0, 0, 0
34000, 3938, 0, 0, 0
34102, 3967, 0, 0, 0
34200, 4243, 0, 0, 0
34300, 3582, 0, 0, 0
34400, 4135, 0, 0, 0
34500, 3611, 0, 0, 0
34600, 3905, 0, 0, 0
34700, 3627, 0, 0, 0
34800, 3808, 0, 0, 0
34900, 3902, 0, 0, 0
35000, 3816, 0, 0, 0
35100, 3387, 0, 0, 0
35200, 3607, 0, 0, 0
35300, 3554, 0, 0, 0
35400, 3591, 0, 0, 0
35501, 3823, 0, 0, 0
35602, 4602, 0, 0, 0
35700, 3520, 0, 0, 0
35800, 3396, 0, 0, 0
35900, 3548, 0, 0, 0
36000, 4052, 0, 0, 0
36100, 3700, 0, 0, 0
36200, 3646, 0, 0, 0
36300, 3686, 0, 0, 0
36400, 3290, 0, 0, 0
36500, 3493, 0, 0, 0
36600, 3386, 0, 0, 0
36700, 4752, 0, 0, 0
36800, 3937, 0, 0, 0
36900, 4176, 0, 0, 0
37000, 3894, 0, 0, 0
37100, 4081, 0, 0, 0
37200, 3623, 0, 0, 0
37300, 3351, 0, 0, 0
37402, 4311, 0, 0, 0
37501, 3419, 0, 0, 0
37600, 3146, 0, 0, 0
37700, 3620, 0, 0, 0
37800, 4103, 0, 0, 0
37900, 3610, 0, 0, 0
38000, 3795, 0, 0, 0
38100, 3361, 0, 0, 0
38200, 3370, 0, 0, 0
38300, 3114, 0, 0, 0
38400, 3539, 0, 0, 0
38500, 4538, 0, 0, 0
38600, 3846, 0, 0, 0
38700, 3751, 0, 0, 0
38800, 3485, 0, 0, 0
38900, 4841, 0, 0, 0
39000, 4284, 0, 0, 0
39100, 3804, 0, 0, 0
39200, 3941, 0, 0, 0
39300, 3204, 0, 0, 0
39400, 3623, 0, 0, 0
39500, 3735, 0, 0, 0
39600, 3810, 0, 0, 0
39700, 4066, 0, 0, 0
39800, 3698, 0, 0, 0
39900, 3632, 0, 0, 0
40000, 3728, 0, 0, 0
40100, 4076, 0, 0, 0
40200, 3627, 0, 0, 0
40300, 4155, 0, 0, 0
40400, 3601, 0, 0, 0
40500, 4438, 0, 0, 0
40600, 3350, 0, 0, 0
40700, 3747, 0, 0, 0
40800, 3666, 0, 0, 0
40901, 3630, 0, 0, 0
41000, 3363, 0, 0, 0
41100, 3851, 0, 0, 0
41200, 3466, 0, 0, 0
41300, 3748, 0, 0, 0
41400, 3494, 0, 0, 0
41500, 4174, 0, 0, 0
41600, 3374, 0, 0, 0
41700, 3640, 0, 0, 0
41800, 3480, 0, 0, 0
41900, 3670, 0, 0, 0
42000, 3798, 0, 0, 0
42100, 3326, 0, 0, 0
42200, 3384, 0, 0, 0
42300, 3597, 0, 0, 0
42400, 4242, 0, 0, 0
42500, 4257, 0, 0, 0
42600, 4139, 0, 0, 0
42700, 3646, 0, 0, 0
42800, 3702, 0, 0, 0
42900, 3547, 0, 0, 0
43000, 3528, 0, 0, 0
43100, 3601, 0, 0, 0
43200, 3669, 0, 0, 0
43300, 3480, 0, 0, 0
43400, 3199, 0, 0, 0
43500, 3558, 0, 0, 0
43600, 3383, 0, 0, 0
43700, 3666, 0, 0, 0
43800, 4092, 0, 0, 0
43900, 4274, 0, 0, 0
44000, 3378, 0, 0, 0
44100, 3322, 0, 0, 0
44200, 3598, 0, 0, 0
44300, 3446, 0, 0, 0
44400, 3643, 0, 0, 0
44500, 3699, 0, 0, 0
44600, 3076, 0, 0, 0
44700, 3783, 0, 0, 0
44800, 3179, 0, 0, 0
44901, 3813, 0, 0, 0
45000, 4109, 0, 0, 0
45100, 3579, 0, 0, 0
45200, 3972, 0, 0, 0
45300, 3906, 0, 0, 0
45400, 3147, 0, 0, 0
45500, 3641, 0, 0, 0
45600, 3519, 0, 0, 0
45700, 3582, 0, 0, 0
45800, 3490, 0, 0, 0
45906, 4477, 0, 0, 0
46000, 3905, 0, 0, 0
46100, 3881, 0, 0, 0
46200, 3623, 0, 0, 0
46300, 3609, 0, 0, 0
46400, 4211, 0, 0, 0
46500, 4630, 0, 0, 0
46600, 4330, 0, 0, 0
46700, 4062, 0, 0, 0
46800, 3417, 0, 0, 0
46900, 3765, 0, 0, 0
47000, 4297, 0, 0, 0
47100, 4154, 0, 0, 0
47200, 3665, 0, 0, 0
47300, 4314, 0, 0, 0
47400, 3725, 0, 0, 0
47500, 4159, 0, 0, 0
47600, 4545, 0, 0, 0
47700, 4416, 0, 0, 0
47800, 3424, 0, 0, 0
47900, 3160, 0, 0, 0
48000, 3657, 0, 0, 0
48100, 3663, 0, 0, 0
48200, 3716, 0, 0, 0
48305, 3506, 0, 0, 0
48400, 3550, 0, 0, 0
48500, 3325, 0, 0, 0
48600, 3610, 0, 0, 0
48700, 4287, 0, 0, 0
48800, 4133, 0, 0, 0
48900, 3621, 0, 0, 0
49000, 3254, 0, 0, 0
49100, 3661, 0, 0, 0
49200, 3381, 0, 0, 0
49300, 3536, 0, 0, 0
49400, 3471, 0, 0, 0
49500, 4451, 0, 0, 0
49600, 3289, 0, 0, 0
49700, 3784, 0, 0, 0
49800, 3642, 0, 0, 0
49900, 3501, 0, 0, 0
50000, 3662, 0, 0, 0
50100, 3783, 0, 0, 0
50200, 3365, 0, 0, 0
50300, 3561, 0, 0, 0
50400, 3638, 0, 0, 0
50500, 3930, 0, 0, 0
50600, 3465, 0, 0, 0
50700, 3503, 0, 0, 0
50800, 3203, 0, 0, 0
50900, 3780, 0, 0, 0
51003, 2881, 0, 0, 0
51100, 3278, 0, 0, 0
51200, 3207, 0, 0, 0
51301, 4518, 0, 0, 0
51400, 4406, 0, 0, 0
51500, 3540, 0, 0, 0
51600, 3805, 0, 0, 0
51700, 3458, 0, 0, 0
51800, 3438, 0, 0, 0
51900, 3259, 0, 0, 0
52000, 3436, 0, 0, 0
52100, 3614, 0, 0, 0
52200, 3366, 0, 0, 0
52300, 3552, 0, 0, 0
52400, 3338, 0, 0, 0
52500, 3961, 0, 0, 0
52600, 3322, 0, 0, 0
52700, 3675, 0, 0, 0
52800, 3723, 0, 0, 0
52900, 3097, 0, 0, 0
53000, 2966, 0, 0, 0
53100, 3454, 0, 0, 0
53200, 4038, 0, 0, 0
53300, 3374, 0, 0, 0
53400, 3220, 0, 0, 0
53500, 4642, 0, 0, 0
53600, 4366, 0, 0, 0
53700, 4166, 0, 0, 0
53800, 4020, 0, 0, 0
53900, 3693, 0, 0, 0
54000, 3631, 0, 0, 0
54100, 3795, 0, 0, 0
54200, 4407, 0, 0, 0
54300, 3498, 0, 0, 0
54400, 3810, 0, 0, 0
54500, 3587, 0, 0, 0
54600, 4036, 0, 0, 0
54700, 3290, 0, 0, 0
54800, 4082, 0, 0, 0
54900, 3786, 0, 0, 0
55000, 4220, 0, 0, 0
55100, 3785, 0, 0, 0
55200, 4350, 0, 0, 0
55300, 3676, 0, 0, 0
55400, 3580, 0, 0, 0
55500, 3632, 0, 0, 0
55600, 3817, 0, 0, 0
55700, 4013, 0, 0, 0
55800, 4420, 0, 0, 0
55900, 4204, 0, 0, 0
56000, 3746, 0, 0, 0
56100, 3519, 0, 0, 0
56200, 3642, 0, 0, 0
56300, 3794, 0, 0, 0
56400, 3480, 0, 0, 0
56500, 4278, 0, 0, 0
56600, 3332, 0, 0, 0
56700, 3570, 0, 0, 0
56800, 3553, 0, 0, 0
56900, 4242, 0, 0, 0
57000, 3723, 0, 0, 0
57100, 3872, 0, 0, 0
57200, 3649, 0, 0, 0
57300, 3366, 0, 0, 0
57400, 3793, 0, 0, 0
57500, 3851, 0, 0, 0
57600, 3898, 0, 0, 0
57700, 4113, 0, 0, 0
57800, 3869, 0, 0, 0
57900, 3584, 0, 0, 0
58000, 4127, 0, 0, 0
58100, 3516, 0, 0, 0
58200, 3394, 0, 0, 0
58300, 3276, 0, 0, 0
58400, 3439, 0, 0, 0
58500, 3547, 0, 0, 0
58600, 4236, 0, 0, 0
58700, 3293, 0, 0, 0
58800, 3796, 0, 0, 0
58900, 3663, 0, 0, 0
59000, 4009, 0, 0, 0
59100, 4244, 0, 0, 0
59200, 3948, 0, 0, 0
59300, 3499, 0, 0, 0
59400, 3474, 0, 0, 0
59502, 3502, 0, 0, 0
59600, 3652, 0, 0, 0
59700, 3847, 0, 0, 0
59801, 3742, 0, 0, 0
59900, 4509, 0, 0, 0
60000, 3926, 0, 0, 0
60100, 3796, 0, 0, 0
60200, 3411, 0, 0, 0
60300, 4062, 0, 0, 0
60400, 3584, 0, 0, 0
60500, 3692, 0, 0, 0
60600, 3806, 0, 0, 0
60700, 3304, 0, 0, 0
60801, 3660, 0, 0, 0
60900, 3461, 0, 0, 0
61000, 4205, 0, 0, 0
61100, 3903, 0, 0, 0
61200, 3311, 0, 0, 0
61300, 3939, 0, 0, 0
61400, 3652, 0, 0, 0
61500, 3377, 0, 0, 0
61600, 3620, 0, 0, 0
61700, 3728, 0, 0, 0
61800, 3354, 0, 0, 0
61900, 4036, 0, 0, 0
62000, 3487, 0, 0, 0
62100, 3748, 0, 0, 0
62200, 3398, 0, 0, 0
62300, 3567, 0, 0, 0
62400, 3818, 0, 0, 0
62500, 4213, 0, 0, 0
62600, 3541, 0, 0, 0
62700, 3884, 0, 0, 0
62800, 3516, 0, 0, 0
62900, 3786, 0, 0, 0
63000, 3532, 0, 0, 0
63100, 3948, 0, 0, 0
63200, 3458, 0, 0, 0
63300, 4112, 0, 0, 0
63400, 4690, 0, 0, 0
63500, 4065, 0, 0, 0
63600, 4013, 0, 0, 0
63701, 3826, 0, 0, 0
63800, 3816, 0, 0, 0
63900, 3590, 0, 0, 0
64000, 3646, 0, 0, 0
64100, 3691, 0, 0, 0
64200, 3485, 0, 0, 0
64300, 3759, 0, 0, 0
64400, 3667, 0, 0, 0
64500, 3922, 0, 0, 0
64600, 3285, 0, 0, 0
64700, 3688, 0, 0, 0
64800, 3675, 0, 0, 0
64900, 3806, 0, 0, 0
65000, 3794, 0, 0, 0
65100, 3087, 0, 0, 0
65200, 4247, 0, 0, 0
65300, 3914, 0, 0, 0
65400, 3604, 0, 0, 0
65500, 4144, 0, 0, 0
65600, 3918, 0, 0, 0
65700, 3427, 0, 0, 0
65801, 3630, 0, 0, 0
65900, 3266, 0, 0, 0
66000, 3616, 0, 0, 0
66100, 4512, 0, 0, 0
66200, 3697, 0, 0, 0
66300, 3762, 0, 0, 0
66400, 3713, 0, 0, 0
66500, 3306, 0, 0, 0
66600, 3628, 0, 0, 0
66700, 3113, 0, 0, 0
66800, 3902, 0, 0, 0
66900, 3586, 0, 0, 0
67000, 3537, 0, 0, 0
67100, 3700, 0, 0, 0
67200, 4013, 0, 0, 0
67301, 3533, 0, 0, 0
67400, 4137, 0, 0, 0
67500, 3595, 0, 0, 0
67600, 3461, 0, 0, 0
67700, 3625, 0, 0, 0
67800, 4110, 0, 0, 0
67900, 3381, 0, 0, 0
68000, 3806, 0, 0, 0
68100, 4616, 0, 0, 0
68200, 3790, 0, 0, 0
68300, 4085, 0, 0, 0
68400, 3612, 0, 0, 0
68500, 4130, 0, 0, 0
68600, 3744, 0, 0, 0
68700, 3714, 0, 0, 0
68800, 3911, 0, 0, 0
68900, 3812, 0, 0, 0
69000, 4057, 0, 0, 0
69100, 3577, 0, 0, 0
69200, 3633, 0, 0, 0
69300, 3957, 0, 0, 0
69400, 3348, 0, 0, 0
69501, 3314, 0, 0, 0
69605, 3706, 0, 0, 0
69700, 3858, 0, 0, 0
69800, 4116, 0, 0, 0
69900, 3854, 0, 0, 0
70000, 3561, 0, 0, 0
70100, 3660, 0, 0, 0
70201, 3716, 0, 0, 0
70300, 3788, 0, 0, 0
70400, 3705, 0, 0, 0
70500, 3984, 0, 0, 0
70600, 3635, 0, 0, 0
70700, 3272, 0, 0, 0
70800, 4117, 0, 0, 0
70900, 3706, 0, 0, 0
71000, 3527, 0, 0, 0
71100, 4479, 0, 0, 0
71200, 4269, 0, 0, 0
71300, 4241, 0, 0, 0
71400, 4239, 0, 0, 0
71500, 3658, 0, 0, 0
71600, 3604, 0, 0, 0
71700, 3919, 0, 0, 0
71800, 3818, 0, 0, 0
71900, 4453, 0, 0, 0
72000, 3571, 0, 0, 0
72100, 3610, 0, 0, 0
72200, 3731, 0, 0, 0
72300, 3796, 0, 0, 0
72400, 3671, 0, 0, 0
72500, 4645, 0, 0, 0
72600, 4302, 0, 0, 0
72700, 4263, 0, 0, 0
72800, 3953, 0, 0, 0
72900, 3411, 0, 0, 0
73000, 3918, 0, 0, 0
73100, 3517, 0, 0, 0
73200, 3640, 0, 0, 0
73300, 3354, 0, 0, 0
73401, 4169, 0, 0, 0
73500, 3560, 0, 0, 0
73600, 3712, 0, 0, 0
73700, 3173, 0, 0, 0
73800, 3202, 0, 0, 0
73900, 3685, 0, 0, 0
74004, 3360, 0, 0, 0
74100, 3562, 0, 0, 0
74200, 3897, 0, 0, 0
74300, 3515, 0, 0, 0
74400, 4244, 0, 0, 0
74500, 4392, 0, 0, 0
74600, 3898, 0, 0, 0
74700, 3961, 0, 0, 0
74800, 4240, 0, 0, 0
74900, 3706, 0, 0, 0
75000, 3663, 0, 0, 0
75100, 4107, 0, 0, 0
75200, 3504, 0, 0, 0
75300, 3644, 0, 0, 0
75400, 3841, 0, 0, 0
75500, 3672, 0, 0, 0
75600, 3798, 0, 0, 0
75700, 3601, 0, 0, 0
75805, 4125, 0, 0, 0
75902, 3415, 0, 0, 0
76001, 3645, 0, 0, 0
76100, 4008, 0, 0, 0
76201, 3503, 0, 0, 0
76300, 3905, 0, 0, 0
76400, 3732, 0, 0, 0
76500, 4884, 0, 0, 0
76600, 4072, 0, 0, 0
76700, 3762, 0, 0, 0
76800, 3973, 0, 0, 0
76900, 3665, 0, 0, 0
77000, 3731, 0, 0, 0
77100, 3830, 0, 0, 0
77200, 4005, 0, 0, 0
77300, 3564, 0, 0, 0
77400, 4091, 0, 0, 0
77500, 4071, 0, 0, 0
77601, 3531, 0, 0, 0
77700, 3941, 0, 0, 0
77800, 3861, 0, 0, 0
77900, 3973, 0, 0, 0
78001, 3800, 0, 0, 0
78100, 4150, 0, 0, 0
78200, 3952, 0, 0, 0
78300, 3646, 0, 0, 0
78400, 3591, 0, 0, 0
78500, 3520, 0, 0, 0
78600, 3887, 0, 0, 0
78700, 4404, 0, 0, 0
78800, 4412, 0, 0, 0
78901, 4034, 0, 0, 0
79000, 4178, 0, 0, 0
79100, 4357, 0, 0, 0
79200, 3815, 0, 0, 0
79300, 3688, 0, 0, 0
79400, 3473, 0, 0, 0
79500, 3795, 0, 0, 0
79600, 3797, 0, 0, 0
79700, 3773, 0, 0, 0
79800, 3471, 0, 0, 0
79901, 4414, 0, 0, 0
80000, 4123, 0, 0, 0
80100, 3596, 0, 0, 0
80200, 3699, 0, 0, 0
80303, 3443, 0, 0, 0
80400, 3915, 0, 0, 0
80500, 3712, 0, 0, 0
80600, 3422, 0, 0, 0
80700, 3796, 0, 0, 0
80800, 4326, 0, 0, 0
80900, 3524, 0, 0, 0
81000, 3078, 0, 0, 0
81107, 3876, 0, 0, 0
81200, 3802, 0, 0, 0
81300, 3379, 0, 0, 0
81400, 3684, 0, 0, 0
81500, 3727, 0, 0, 0
81600, 3989, 0, 0, 0
81700, 3226, 0, 0, 0
81801, 3862, 0, 0, 0
81900, 3613, 0, 0, 0
82000, 3914, 0, 0, 0
82100, 3736, 0, 0, 0
82200, 3807, 0, 0, 0
82300, 3662, 0, 0, 0
82400, 4405, 0, 0, 0
82501, 3745, 0, 0, 0
82602, 3686, 0, 0, 0
82700, 4245, 0, 0, 0
82800, 3887, 0, 0, 0
82900, 4140, 0, 0, 0
83000, 3837, 0, 0, 0
83100, 3899, 0, 0, 0
83200, 3620, 0, 0, 0
83300, 4025, 0, 0, 0
83400, 3836, 0, 0, 0
83500, 3660, 0, 0, 0
83600, 3635, 0, 0, 0
83700, 3849, 0, 0, 0
83800, 3848, 0, 0, 0
83900, 3642, 0, 0, 0
84000, 3611, 0, 0, 0
84100, 3748, 0, 0, 0
84200, 4034, 0, 0, 0
84300, 3076, 0, 0, 0
84400, 3569, 0, 0, 0
84500, 3940, 0, 0, 0
84600, 4561, 0, 0, 0
84700, 3689, 0, 0, 0
84800, 3442, 0, 0, 0
84900, 3327, 0, 0, 0
85000, 3724, 0, 0, 0
85100, 3722, 0, 0, 0
85200, 3527, 0, 0, 0
85300, 3714, 0, 0, 0
85400, 4302, 0, 0, 0
85501, 3742, 0, 0, 0
85600, 4075, 0, 0, 0
85700, 4389, 0, 0, 0
85800, 4886, 0, 0, 0
85900, 4483, 0, 0, 0
86000, 3559, 0, 0, 0
86100, 4049, 0, 0, 0
86200, 4369, 0, 0, 0
86300, 3678, 0, 0, 0
86400, 3783, 0, 0, 0
86500, 3753, 0, 0, 0
86600, 3447, 0, 0, 0
86700, 3868, 0, 0, 0
86800, 4292, 0, 0, 0
86900, 3563, 0, 0, 0
87000, 3730, 0, 0, 0
87101, 3913, 0, 0, 0
87200, 4227, 0, 0, 0
87300, 3543, 0, 0, 0
87401, 3363, 0, 0, 0
87500, 3764, 0, 0, 0
87600, 4601, 0, 0, 0
87700, 4043, 0, 0, 0
87800, 3615, 0, 0, 0
87900, 3595, 0, 0, 0
88000, 4098, 0, 0, 0
88100, 3835, 0, 0, 0
88200, 3817, 0, 0, 0
88300, 4104, 0, 0, 0
88400, 4145, 0, 0, 0
88500, 3904, 0, 0, 0
88600, 4306, 0, 0, 0
88701, 3592, 0, 0, 0
88800, 3836, 0, 0, 0
88900, 3903, 0, 0, 0
89000, 3812, 0, 0, 0
89100, 4232, 0, 0, 0
89200, 4087, 0, 0, 0
89300, 3990, 0, 0, 0
89400, 3640, 0, 0, 0
89500, 4078, 0, 0, 0
89600, 3730, 0, 0, 0
89700, 3700, 0, 0, 0
89800, 3574, 0, 0, 0
89902, 3660, 0, 0, 0
90001, 3762, 0, 0, 0
