101, 16891593, 0, 0, 0
215, 18889367, 0, 0, 0
303, 17452581, 0, 0, 0
400, 15235140, 0, 0, 0
505, 16136178, 0, 0, 0
600, 18078026, 0, 0, 0
708, 21491768, 0, 0, 0
803, 13043739, 0, 0, 0
908, 14790078, 0, 0, 0
1002, 13875429, 0, 0, 0
1104, 19014619, 0, 0, 0
1208, 16024136, 0, 0, 0
1309, 20903962, 0, 0, 0
1402, 15535532, 0, 0, 0
1503, 16002118, 0, 0, 0
1603, 19247320, 0, 0, 0
1701, 16915077, 0, 0, 0
1801, 18608826, 0, 0, 0
1902, 16587694, 0, 0, 0
2003, 15148367, 0, 0, 0
2100, 14494343, 0, 0, 0
2205, 14522605, 0, 0, 0
2307, 16937587, 0, 0, 0
2409, 18211176, 0, 0, 0
2501, 16838801, 0, 0, 0
2603, 17049433, 0, 0, 0
2707, 14437212, 0, 0, 0
2808, 16521482, 0, 0, 0
2907, 16381588, 0, 0, 0
3000, 15681050, 0, 0, 0
3101, 16632892, 0, 0, 0
3201, 17984594, 0, 0, 0
3301, 15974531, 0, 0, 0
3408, 15612530, 0, 0, 0
3505, 13954941, 0, 0, 0
3602, 22631159, 0, 0, 0
3701, 15298383, 0, 0, 0
3800, 17125576, 0, 0, 0
3903, 15017602, 0, 0, 0
4000, 18778746, 0, 0, 0
4101, 17215620, 0, 0, 0
4207, 19350281, 0, 0, 0
4302, 13449646, 0, 0, 0
4401, 15081929, 0, 0, 0
4509, 15014855, 0, 0, 0
4603, 14046687, 0, 0, 0
4700, 19792237, 0, 0, 0
4809, 11881079, 0, 0, 0
4901, 13690875, 0, 0, 0
5001, 16002207, 0, 0, 0
5101, 17460160, 0, 0, 0
5201, 14352646, 0, 0, 0
5305, 15738584, 0, 0, 0
5406, 16400057, 0, 0, 0
5511, 14075218, 0, 0, 0
5605, 17026011, 0, 0, 0
5704, 17063871, 0, 0, 0
5807, 14762885, 0, 0, 0
5903, 17670288, 0, 0, 0
6001, 12817228, 0, 0, 0
6101, 14571424, 0, 0, 0
6207, 15179802, 0, 0, 0
6302, 15291562, 0, 0, 0
6408, 17207559, 0, 0, 0
6503, 15804292, 0, 0, 0
6600, 18292628, 0, 0, 0
6700, 20536669, 0, 0, 0
6800, 18576471, 0, 0, 0
6902, 18519495, 0, 0, 0
7004, 18258342, 0, 0, 0
7100, 19342593, 0, 0, 0
7204, 17679782, 0, 0, 0
7300, 18452464, 0, 0, 0
7403, 16044046, 0, 0, 0
7504, 14455571, 0, 0, 0
7600, 14459152, 0, 0, 0
7706, 18752835, 0, 0, 0
7804, 19404882, 0, 0, 0
7901, 15341720, 0, 0, 0
8003, 14648638, 0, 0, 0
8104, 17190685, 0, 0, 0
8200, 17141815, 0, 0, 0
8304, 13652510, 0, 0, 0
8402, 19173326, 0, 0, 0
8507, 17002687, 0, 0, 0
8603, 21527400, 0, 0, 0
8704, 15444584, 0, 0, 0
8806, 15336203, 0, 0, 0
8913, 17365425, 0, 0, 0
9002, 14482314, 0, 0, 0
9103, 14490669, 0, 0, 0
9205, 14740682, 0, 0, 0
9309, 13906059, 0, 0, 0
9409, 18385701, 0, 0, 0
9507, 18645275, 0, 0, 0
9600, 14660158, 0, 0, 0
9702, 14872597, 0, 0, 0
9804, 13714233, 0, 0, 0
9901, 14804981, 0, 0, 0
10004, 16552235, 0, 0, 0
10100, 14372169, 0, 0, 0
10202, 15321615, 0, 0, 0
10303, 18022322, 0, 0, 0
10400, 13630557, 0, 0, 0
10501, 12164861, 0, 0, 0
10609, 20261213, 0, 0, 0
10706, 12880878, 0, 0, 0
10801, 14666844, 0, 0, 0
10900, 22288274, 0, 0, 0
11002, 16282830, 0, 0, 0
11107, 16248259, 0, 0, 0
11202, 15879926, 0, 0, 0
11300, 17803524, 0, 0, 0
11403, 17904981, 0, 0, 0
11501, 21706575, 0, 0, 0
11604, 14214231, 0, 0, 0
11706, 16311911, 0, 0, 0
11804, 14833579, 0, 0, 0
11900, 15431161, 0, 0, 0
12002, 17752901, 0, 0, 0
12101, 13595123, 0, 0, 0
12201, 18386658, 0, 0, 0
12303, 12705686, 0, 0, 0
12402, 15409294, 0, 0, 0
12501, 17328530, 0, 0, 0
12601, 19950682, 0, 0, 0
12700, 21203512, 0, 0, 0
12800, 18482246, 0, 0, 0
12901, 12658872, 0, 0, 0
13001, 16298809, 0, 0, 0
13101, 12743966, 0, 0, 0
13201, 14903477, 0, 0, 0
13303, 16124813, 0, 0, 0
13403, 22024226, 0, 0, 0
13503, 14768091, 0, 0, 0
13602, 14748983, 0, 0, 0
13700, 13724304, 0, 0, 0
13803, 16830795, 0, 0, 0
13901, 16248911, 0, 0, 0
14002, 17626254, 0, 0, 0
14111, 14947034, 0, 0, 0
14208, 15793624, 0, 0, 0
14301, 24275472, 0, 0, 0
14403, 12680349, 0, 0, 0
14505, 14786829, 0, 0, 0
14613, 12868648, 0, 0, 0
14704, 11579273, 0, 0, 0
14808, 13594808, 0, 0, 0
14903, 17566554, 0, 0, 0
15008, 16802631, 0, 0, 0
15107, 14483757, 0, 0, 0
15208, 12541645, 0, 0, 0
15305, 11729660, 0, 0, 0
15402, 14740857, 0, 0, 0
15500, 15732089, 0, 0, 0
15602, 14591513, 0, 0, 0
15703, 16764253, 0, 0, 0
15801, 18564438, 0, 0, 0
15906, 16450874, 0, 0, 0
16003, 14338145, 0, 0, 0
16105, 13601839, 0, 0, 0
16203, 15089124, 0, 0, 0
16300, 12472255, 0, 0, 0
16400, 24170977, 0, 0, 0
16508, 13072305, 0, 0, 0
16601, 17532420, 0, 0, 0
16710, 16508081, 0, 0, 0
16803, 15686311, 0, 0, 0
16900, 13734182, 0, 0, 0
17000, 17559779, 0, 0, 0
17107, 16501747, 0, 0, 0
17203, 17915514, 0, 0, 0
17307, 16863205, 0, 0, 0
17400, 13927940, 0, 0, 0
17506, 14895133, 0, 0, 0
17614, 17748347, 0, 0, 0
17702, 17309003, 0, 0, 0
17801, 14459042, 0, 0, 0
17908, 15405308, 0, 0, 0
18001, 14015334, 0, 0, 0
18100, 11417719, 0, 0, 0
18217, 14241905, 0, 0, 0
18314, 14914654, 0, 0, 0
18405, 13541743, 0, 0, 0
18504, 16417556, 0, 0, 0
18603, 11958874, 0, 0, 0
18701, 18066393, 0, 0, 0
18809, 14573892, 0, 0, 0
18902, 13732672, 0, 0, 0
19016, 16019281, 0, 0, 0
19101, 13803286, 0, 0, 0
19205, 14288550, 0, 0, 0
19302, 13717331, 0, 0, 0
19404, 13880342, 0, 0, 0
19500, 17742569, 0, 0, 0
19601, 13566134, 0, 0, 0
19701, 14948204, 0, 0, 0
19805, 15230657, 0, 0, 0
19908, 15762418, 0, 0, 0
20002, 15322889, 0, 0, 0
20102, 14339465, 0, 0, 0
20203, 14653074, 0, 0, 0
20300, 13613146, 0, 0, 0
20403, 18504140, 0, 0, 0
20501, 15846306, 0, 0, 0
20601, 18839333, 0, 0, 0
20702, 14417368, 0, 0, 0
20810, 17506892, 0, 0, 0
20907, 15585547, 0, 0, 0
21000, 14869172, 0, 0, 0
21101, 14828269, 0, 0, 0
21201, 16595862, 0, 0, 0
21304, 13123025, 0, 0, 0
21407, 15852514, 0, 0, 0
21510, 18781200, 0, 0, 0
21605, 18624789, 0, 0, 0
21703, 14227498, 0, 0, 0
21813, 18702390, 0, 0, 0
21907, 15421969, 0, 0, 0
22002, 15800903, 0, 0, 0
22100, 20685028, 0, 0, 0
22202, 14238911, 0, 0, 0
22302, 21710270, 0, 0, 0
22403, 17906705, 0, 0, 0
22502, 12882621, 0, 0, 0
22608, 17889579, 0, 0, 0
22701, 12264939, 0, 0, 0
22804, 19718689, 0, 0, 0
22900, 16279339, 0, 0, 0
23002, 16586745, 0, 0, 0
23105, 15969643, 0, 0, 0
23200, 12680038, 0, 0, 0
23301, 17127018, 0, 0, 0
23409, 19349634, 0, 0, 0
23501, 17462617, 0, 0, 0
23602, 15089550, 0, 0, 0
23707, 14424185, 0, 0, 0
23806, 16664143, 0, 0, 0
23905, 18732114, 0, 0, 0
24002, 17474212, 0, 0, 0
24101, 14654550, 0, 0, 0
24207, 12849271, 0, 0, 0
24311, 18800578, 0, 0, 0
24400, 16966366, 0, 0, 0
24502, 15801125, 0, 0, 0
24605, 13232377, 0, 0, 0
24703, 17010516, 0, 0, 0
24802, 18901139, 0, 0, 0
24906, 15021894, 0, 0, 0
25002, 18783188, 0, 0, 0
25100, 14207637, 0, 0, 0
25205, 14393727, 0, 0, 0
25304, 17150842, 0, 0, 0
25402, 16775940, 0, 0, 0
25506, 17659526, 0, 0, 0
25601, 16783723, 0, 0, 0
25700, 18196552, 0, 0, 0
25801, 15683208, 0, 0, 0
25916, 18132616, 0, 0, 0
26008, 17369953, 0, 0, 0
26105, 13218380, 0, 0, 0
26203, 14031505, 0, 0, 0
26301, 18288086, 0, 0, 0
26408, 16021577, 0, 0, 0
26504, 15048342, 0, 0, 0
26603, 14265808, 0, 0, 0
26708, 13621091, 0, 0, 0
26802, 14519754, 0, 0, 0
26904, 14922827, 0, 0, 0
27003, 20862998, 0, 0, 0
27113, 14836407, 0, 0, 0
27204, 18019939, 0, 0, 0
27315, 15126288, 0, 0, 0
27402, 14543476, 0, 0, 0
27500, 17700935, 0, 0, 0
27610, 14467432, 0, 0, 0
27711, 13919342, 0, 0, 0
27800, 19056782, 0, 0, 0
27903, 15506318, 0, 0, 0
28001, 16039105, 0, 0, 0
28104, 14992138, 0, 0, 0
28202, 16889638, 0, 0, 0
28307, 20029206, 0, 0, 0
28404, 22278614, 0, 0, 0
28505, 13064087, 0, 0, 0
28600, 18507787, 0, 0, 0
28700, 19559001, 0, 0, 0
28804, 14833228, 0, 0, 0
28900, 18358355, 0, 0, 0
29004, 12901793, 0, 0, 0
29109, 15108556, 0, 0, 0
29213, 16230556, 0, 0, 0
29302, 20534263, 0, 0, 0
29401, 18427689, 0, 0, 0
29500, 14741864, 0, 0, 0
29605, 15411303, 0, 0, 0
29704, 18332001, 0, 0, 0
29802, 15228268, 0, 0, 0
29906, 17819385, 0, 0, 0
30004, 16224407, 0, 0, 0
30104, 15152587, 0, 0, 0
30211, 19445643, 0, 0, 0
30305, 27883627, 0, 0, 0
30404, 14601126, 0, 0, 0
30500, 14250619, 0, 0, 0
30600, 21784069, 0, 0, 0
30706, 12028658, 0, 0, 0
30800, 23380302, 0, 0, 0
30902, 15159796, 0, 0, 0
31007, 15913938, 0, 0, 0
31100, 14967618, 0, 0, 0
31200, 14635458, 0, 0, 0
31308, 16066485, 0, 0, 0
31400, 13016180, 0, 0, 0
31500, 14100190, 0, 0, 0
31606, 14118707, 0, 0, 0
31700, 12932679, 0, 0, 0
31800, 13991592, 0, 0, 0
31903, 15778149, 0, 0, 0
32001, 16199561, 0, 0, 0
32105, 15518930, 0, 0, 0
32207, 17307019, 0, 0, 0
32301, 18557725, 0, 0, 0
32400, 15399327, 0, 0, 0
32503, 22982697, 0, 0, 0
32609, 17653387, 0, 0, 0
32703, 14939968, 0, 0, 0
32804, 18259176, 0, 0, 0
32900, 23155116, 0, 0, 0
33005, 13973319, 0, 0, 0
33102, 11974580, 0, 0, 0
33204, 15350046, 0, 0, 0
33312, 16190736, 0, 0, 0
33400, 16740561, 0, 0, 0
33501, 13895579, 0, 0, 0
33600, 18094512, 0, 0, 0
33709, 13544178, 0, 0, 0
33804, 15930461, 0, 0, 0
33901, 18353919, 0, 0, 0
34002, 17223490, 0, 0, 0
34103, 16572035, 0, 0, 0
34200, 14853222, 0, 0, 0
34304, 17697556, 0, 0, 0
34405, 18864892, 0, 0, 0
34500, 18041120, 0, 0, 0
34602, 14317870, 0, 0, 0
34704, 14323820, 0, 0, 0
34803, 14107011, 0, 0, 0
34915, 14630303, 0, 0, 0
35006, 10844497, 0, 0, 0
35101, 12933843, 0, 0, 0
35202, 16266323, 0, 0, 0
35310, 15104550, 0, 0, 0
35402, 15426561, 0, 0, 0
35508, 16573297, 0, 0, 0
35601, 17886878, 0, 0, 0
35704, 16482787, 0, 0, 0
35807, 17123334, 0, 0, 0
35902, 13679009, 0, 0, 0
36005, 17828751, 0, 0, 0
36101, 11605998, 0, 0, 0
36200, 23707631, 0, 0, 0
36307, 15706571, 0, 0, 0
36401, 21428581, 0, 0, 0
36509, 17824526, 0, 0, 0
36604, 14447289, 0, 0, 0
36709, 13011564, 0, 0, 0
36807, 28424552, 0, 0, 0
36900, 25924290, 0, 0, 0
37001, 19417473, 0, 0, 0
37103, 15825753, 0, 0, 0
37202, 13381521, 0, 0, 0
37300, 15335997, 0, 0, 0
37400, 18196205, 0, 0, 0
37500, 11515607, 0, 0, 0
37608, 16019710, 0, 0, 0
37701, 19791474, 0, 0, 0
37800, 17504437, 0, 0, 0
37907, 15671634, 0, 0, 0
38004, 15507723, 0, 0, 0
38111, 15605587, 0, 0, 0
38204, 13534341, 0, 0, 0
38304, 23803939, 0, 0, 0
38402, 15576516, 0, 0, 0
38501, 13673733, 0, 0, 0
38601, 19307693, 0, 0, 0
38706, 16829425, 0, 0, 0
38801, 17066988, 0, 0, 0
38906, 16099773, 0, 0, 0
39010, 15703202, 0, 0, 0
39100, 14214518, 0, 0, 0
39201, 15245039, 0, 0, 0
39301, 17638934, 0, 0, 0
39401, 19252411, 0, 0, 0
39503, 14641215, 0, 0, 0
39611, 17043472, 0, 0, 0
39702, 13788388, 0, 0, 0
39801, 21633346, 0, 0, 0
39901, 18612512, 0, 0, 0
40004, 15751884, 0, 0, 0
40102, 18972661, 0, 0, 0
40202, 15955531, 0, 0, 0
40303, 11982449, 0, 0, 0
40402, 19192292, 0, 0, 0
40500, 14528444, 0, 0, 0
40602, 11147104, 0, 0, 0
40702, 17781054, 0, 0, 0
40800, 17874068, 0, 0, 0
40901, 16503823, 0, 0, 0
41005, 15551920, 0, 0, 0
41102, 16337494, 0, 0, 0
41202, 16148842, 0, 0, 0
41301, 13688706, 0, 0, 0
41408, 13204444, 0, 0, 0
41502, 14604351, 0, 0, 0
41604, 17206073, 0, 0, 0
41700, 15503458, 0, 0, 0
41801, 16208214, 0, 0, 0
41900, 15932717, 0, 0, 0
42000, 15633166, 0, 0, 0
42107, 16403069, 0, 0, 0
42201, 13497045, 0, 0, 0
42309, 17342740, 0, 0, 0
42400, 15253140, 0, 0, 0
42501, 10868747, 0, 0, 0
42601, 14778466, 0, 0, 0
42701, 19241016, 0, 0, 0
42800, 16351305, 0, 0, 0
42905, 16986588, 0, 0, 0
43010, 16655362, 0, 0, 0
43100, 17461394, 0, 0, 0
43214, 17005184, 0, 0, 0
43304, 14022387, 0, 0, 0
43403, 16761089, 0, 0, 0
43504, 13316470, 0, 0, 0
43607, 17266393, 0, 0, 0
43702, 14494621, 0, 0, 0
43810, 14236832, 0, 0, 0
43900, 18073210, 0, 0, 0
44001, 17033990, 0, 0, 0
44104, 18157910, 0, 0, 0
44201, 15351507, 0, 0, 0
44309, 13618259, 0, 0, 0
44403, 15263144, 0, 0, 0
44507, 13592477, 0, 0, 0
44602, 17687248, 0, 0, 0
44701, 14939975, 0, 0, 0
44800, 16321232, 0, 0, 0
44900, 13655719, 0, 0, 0
45003, 12811630, 0, 0, 0
45104, 17081796, 0, 0, 0
45202, 18028075, 0, 0, 0
45300, 14604510, 0, 0, 0
45401, 15287249, 0, 0, 0
45506, 17430161, 0, 0, 0
45602, 17093133, 0, 0, 0
45703, 15283613, 0, 0, 0
45801, 22636622, 0, 0, 0
45906, 15431853, 0, 0, 0
46001, 12469435, 0, 0, 0
46102, 15465905, 0, 0, 0
46200, 14907806, 0, 0, 0
46303, 13346811, 0, 0, 0
46401, 14135066, 0, 0, 0
46502, 13237161, 0, 0, 0
46601, 13203080, 0, 0, 0
46702, 17282835, 0, 0, 0
46812, 21705625, 0, 0, 0
46907, 16973235, 0, 0, 0
47004, 13581746, 0, 0, 0
47101, 16338786, 0, 0, 0
47202, 16479834, 0, 0, 0
47304, 14815417, 0, 0, 0
47400, 20316270, 0, 0, 0
47510, 17228334, 0, 0, 0
47613, 18986454, 0, 0, 0
47700, 14670621, 0, 0, 0
47800, 18191843, 0, 0, 0
47901, 17633214, 0, 0, 0
48001, 14254096, 0, 0, 0
48102, 18920764, 0, 0, 0
48204, 20993760, 0, 0, 0
48303, 17850070, 0, 0, 0
48408, 23068248, 0, 0, 0
48511, 17448360, 0, 0, 0
48602, 17571618, 0, 0, 0
48703, 13575099, 0, 0, 0
48803, 16297708, 0, 0, 0
48900, 17132495, 0, 0, 0
49011, 14793844, 0, 0, 0
49111, 12729945, 0, 0, 0
49202, 14839153, 0, 0, 0
49302, 14305360, 0, 0, 0
49402, 13837849, 0, 0, 0
49500, 15794518, 0, 0, 0
49603, 16016056, 0, 0, 0
49705, 13374777, 0, 0, 0
49800, 16026796, 0, 0, 0
49905, 16432063, 0, 0, 0
50004, 15445818, 0, 0, 0
50108, 16129347, 0, 0, 0
50204, 18908408, 0, 0, 0
50301, 12662472, 0, 0, 0
50406, 16024026, 0, 0, 0
50501, 19243765, 0, 0, 0
50602, 15733842, 0, 0, 0
50706, 15923568, 0, 0, 0
50800, 13985450, 0, 0, 0
50901, 14984097, 0, 0, 0
51008, 16572358, 0, 0, 0
51105, 15621750, 0, 0, 0
51204, 12996452, 0, 0, 0
51300, 18897158, 0, 0, 0
51400, 19562888, 0, 0, 0
51500, 15174392, 0, 0, 0
51606, 14908681, 0, 0, 0
51714, 13489343, 0, 0, 0
51800, 18802363, 0, 0, 0
51908, 17834972, 0, 0, 0
52005, 16120932, 0, 0, 0
52100, 19292693, 0, 0, 0
52203, 12979393, 0, 0, 0
52303, 11923887, 0, 0, 0
52401, 19599172, 0, 0, 0
52503, 13236823, 0, 0, 0
52603, 22544153, 0, 0, 0
52703, 16829026, 0, 0, 0
52803, 15878362, 0, 0, 0
52902, 17323773, 0, 0, 0
53000, 12514893, 0, 0, 0
53100, 14703395, 0, 0, 0
53206, 13555071, 0, 0, 0
53300, 24501531, 0, 0, 0
53405, 19343209, 0, 0, 0
53508, 19455302, 0, 0, 0
53613, 14152521, 0, 0, 0
53709, 19017729, 0, 0, 0
53801, 13235437, 0, 0, 0
53900, 15157967, 0, 0, 0
54004, 13322923, 0, 0, 0
54113, 13421583, 0, 0, 0
54201, 26259967, 0, 0, 0
54301, 17875545, 0, 0, 0
54404, 15127324, 0, 0, 0
54501, 11990836, 0, 0, 0
54601, 18640177, 0, 0, 0
54708, 17034508, 0, 0, 0
54801, 20609595, 0, 0, 0
54903, 16239766, 0, 0, 0
55004, 19321168, 0, 0, 0
55107, 18844375, 0, 0, 0
55204, 14089948, 0, 0, 0
55303, 17695564, 0, 0, 0
55401, 16176939, 0, 0, 0
55500, 16060524, 0, 0, 0
55612, 14836284, 0, 0, 0
55700, 23247583, 0, 0, 0
55800, 15427514, 0, 0, 0
55902, 18975450, 0, 0, 0
56021, 20757232, 0, 0, 0
56103, 15513426, 0, 0, 0
56201, 15890647, 0, 0, 0
56302, 12764405, 0, 0, 0
56400, 15051476, 0, 0, 0
56505, 18397255, 0, 0, 0
56605, 19740576, 0, 0, 0
56706, 18583230, 0, 0, 0
56807, 18675006, 0, 0, 0
56903, 15805989, 0, 0, 0
57014, 14928946, 0, 0, 0
57106, 13054799, 0, 0, 0
57201, 15161394, 0, 0, 0
57302, 16959347, 0, 0, 0
57401, 12047608, 0, 0, 0
57505, 21208279, 0, 0, 0
57601, 13645849, 0, 0, 0
57702, 17263587, 0, 0, 0
57800, 21417879, 0, 0, 0
57910, 14153527, 0, 0, 0
58003, 16186289, 0, 0, 0
58107, 13909425, 0, 0, 0
58201, 19958792, 0, 0, 0
58303, 18269388, 0, 0, 0
58406, 15416021, 0, 0, 0
58500, 18890064, 0, 0, 0
58602, 15215992, 0, 0, 0
58702, 14893691, 0, 0, 0
58801, 19619071, 0, 0, 0
58902, 16397584, 0, 0, 0
59000, 15547334, 0, 0, 0
59102, 16703775, 0, 0, 0
59200, 15781065, 0, 0, 0
59303, 13983117, 0, 0, 0
59404, 17143143, 0, 0, 0
59501, 15867162, 0, 0, 0
59607, 17815929, 0, 0, 0
59706, 16136233, 0, 0, 0
59801, 18112482, 0, 0, 0
59902, 15361083, 0, 0, 0
60004, 12847184, 0, 0, 0
60008, 8564207, 0, 0, 0
