250, 51712, 0, 0, 0
350, 56640, 0, 0, 0
450, 58880, 0, 0, 0
550, 59520, 0, 0, 0
650, 55200, 0, 0, 0
750, 57212, 0, 0, 0
850, 48800, 0, 0, 0
951, 47040, 0, 0, 0
1051, 53600, 0, 0, 0
1151, 56480, 0, 0, 0
1251, 56640, 0, 0, 0
1352, 56960, 0, 0, 0
1452, 37440, 0, 0, 0
1552, 55520, 0, 0, 0
1653, 57280, 0, 0, 0
1753, 56160, 0, 0, 0
1854, 53920, 0, 0, 0
1954, 51840, 0, 0, 0
2055, 51009, 0, 0, 0
2156, 56480, 0, 0, 0
2257, 50534, 0, 0, 0
2358, 51360, 0, 0, 0
2461, 44705, 0, 0, 0
2561, 56000, 0, 0, 0
2661, 58240, 0, 0, 0
2762, 54880, 0, 0, 0
2862, 53280, 0, 0, 0
2962, 52320, 0, 0, 0
3062, 52320, 0, 0, 0
3164, 60990, 0, 0, 0
3265, 51360, 0, 0, 0
3365, 61760, 0, 0, 0
3465, 51680, 0, 0, 0
3566, 55840, 0, 0, 0
3666, 53600, 0, 0, 0
3767, 48000, 0, 0, 0
3867, 53600, 0, 0, 0
3967, 60320, 0, 0, 0
4068, 57760, 0, 0, 0
4168, 55360, 0, 0, 0
4268, 57440, 0, 0, 0
4368, 56960, 0, 0, 0
4470, 60831, 0, 0, 0
4570, 55680, 0, 0, 0
4671, 56160, 0, 0, 0
4772, 58880, 0, 0, 0
4872, 56480, 0, 0, 0
4972, 57120, 0, 0, 0
5072, 52960, 0, 0, 0
5173, 50720, 0, 0, 0
5273, 54720, 0, 0, 0
5373, 59360, 0, 0, 0
5474, 56960, 0, 0, 0
5574, 56320, 0, 0, 0
5674, 50240, 0, 0, 0
5774, 60960, 0, 0, 0
5874, 49280, 0, 0, 0
5975, 59040, 0, 0, 0
6075, 54240, 0, 0, 0
6175, 52960, 0, 0, 0
6276, 54720, 0, 0, 0
6376, 58080, 0, 0, 0
6476, 54880, 0, 0, 0
6577, 54720, 0, 0, 0
6677, 54240, 0, 0, 0
6778, 52800, 0, 0, 0
6878, 58880, 0, 0, 0
6978, 58720, 0, 0, 0
7078, 59840, 0, 0, 0
7179, 56640, 0, 0, 0
7279, 53600, 0, 0, 0
7379, 58880, 0, 0, 0
7479, 49440, 0, 0, 0
7580, 61600, 0, 0, 0
7680, 50560, 0, 0, 0
7780, 51360, 0, 0, 0
7880, 52320, 0, 0, 0
7981, 51840, 0, 0, 0
8083, 55529, 0, 0, 0
8184, 59405, 0, 0, 0
8285, 51840, 0, 0, 0
8385, 61920, 0, 0, 0
8485, 55840, 0, 0, 0
8586, 53760, 0, 0, 0
8686, 53120, 0, 0, 0
8787, 59200, 0, 0, 0
8887, 58400, 0, 0, 0
8988, 57120, 0, 0, 0
9088, 57280, 0, 0, 0
9188, 53600, 0, 0, 0
9288, 53280, 0, 0, 0
9389, 54080, 0, 0, 0
9489, 48160, 0, 0, 0
9589, 60960, 0, 0, 0
9689, 58560, 0, 0, 0
9790, 57920, 0, 0, 0
9890, 53600, 0, 0, 0
9990, 55360, 0, 0, 0
10090, 55840, 0, 0, 0
10191, 52640, 0, 0, 0
10291, 49440, 0, 0, 0
10391, 53280, 0, 0, 0
10492, 57760, 0, 0, 0
10592, 51200, 0, 0, 0
10693, 53600, 0, 0, 0
10793, 50240, 0, 0, 0
10894, 44320, 0, 0, 0
10994, 50400, 0, 0, 0
11094, 50400, 0, 0, 0
11196, 49725, 0, 0, 0
11296, 52480, 0, 0, 0
11396, 42240, 0, 0, 0
11496, 48160, 0, 0, 0
11596, 51840, 0, 0, 0
11697, 52960, 0, 0, 0
11797, 50880, 0, 0, 0
11897, 49440, 0, 0, 0
11997, 44960, 0, 0, 0
12097, 52480, 0, 0, 0
12198, 50880, 0, 0, 0
12298, 42880, 0, 0, 0
12398, 48640, 0, 0, 0
12498, 46240, 0, 0, 0
12598, 54560, 0, 0, 0
12699, 45920, 0, 0, 0
12800, 52594, 0, 0, 0
12900, 55200, 0, 0, 0
13000, 47200, 0, 0, 0
13100, 40640, 0, 0, 0
13200, 49760, 0, 0, 0
13300, 49777, 0, 0, 0
13400, 48320, 0, 0, 0
13500, 42240, 0, 0, 0
13600, 49920, 0, 0, 0
13700, 47840, 0, 0, 0
13800, 51360, 0, 0, 0
13900, 52160, 0, 0, 0
14000, 43680, 0, 0, 0
14100, 54400, 0, 0, 0
14201, 46880, 0, 0, 0
14300, 50101, 0, 0, 0
14400, 44960, 0, 0, 0
14500, 39200, 0, 0, 0
14600, 49280, 0, 0, 0
14702, 47529, 0, 0, 0
14805, 48941, 0, 0, 0
14905, 48480, 0, 0, 0
15005, 44640, 0, 0, 0
15106, 51326, 0, 0, 0
15206, 48800, 0, 0, 0
15306, 44320, 0, 0, 0
15406, 45760, 0, 0, 0
15506, 42880, 0, 0, 0
15607, 48800, 0, 0, 0
15707, 50560, 0, 0, 0
15808, 50059, 0, 0, 0
15911, 49568, 0, 0, 0
16011, 51840, 0, 0, 0
16112, 52320, 0, 0, 0
16212, 49920, 0, 0, 0
16312, 48640, 0, 0, 0
16412, 50240, 0, 0, 0
16513, 55520, 0, 0, 0
16613, 40320, 0, 0, 0
16713, 47840, 0, 0, 0
16814, 46240, 0, 0, 0
16914, 52480, 0, 0, 0
17014, 46720, 0, 0, 0
17115, 43881, 0, 0, 0
17217, 52594, 0, 0, 0
17318, 46240, 0, 0, 0
17418, 40480, 0, 0, 0
17518, 50080, 0, 0, 0
17619, 44320, 0, 0, 0
17719, 47040, 0, 0, 0
17819, 44640, 0, 0, 0
17920, 49120, 0, 0, 0
18020, 49600, 0, 0, 0
18120, 53760, 0, 0, 0
18220, 49280, 0, 0, 0
18320, 46720, 0, 0, 0
18421, 52910, 0, 0, 0
18522, 52320, 0, 0, 0
18622, 42560, 0, 0, 0
18722, 48800, 0, 0, 0
18823, 42880, 0, 0, 0
18923, 43840, 0, 0, 0
19024, 42240, 0, 0, 0
19124, 49600, 0, 0, 0
19225, 46240, 0, 0, 0
19326, 35200, 0, 0, 0
19426, 34880, 0, 0, 0
19527, 50080, 0, 0, 0
19627, 46560, 0, 0, 0
19728, 41280, 0, 0, 0
19828, 46080, 0, 0, 0
19928, 45440, 0, 0, 0
20028, 42400, 0, 0, 0
20128, 55680, 0, 0, 0
20228, 48960, 0, 0, 0
20329, 42720, 0, 0, 0
20429, 46400, 0, 0, 0
20529, 46720, 0, 0, 0
20630, 53600, 0, 0, 0
20732, 46732, 0, 0, 0
20832, 48480, 0, 0, 0
20932, 42240, 0, 0, 0
21032, 52480, 0, 0, 0
21133, 50240, 0, 0, 0
21233, 51200, 0, 0, 0
21334, 52320, 0, 0, 0
21434, 53600, 0, 0, 0
21534, 47520, 0, 0, 0
21637, 48313, 0, 0, 0
21737, 48320, 0, 0, 0
21838, 55520, 0, 0, 0
21938, 52480, 0, 0, 0
22038, 52160, 0, 0, 0
22138, 45600, 0, 0, 0
22238, 43040, 0, 0, 0
22339, 48960, 0, 0, 0
22439, 46400, 0, 0, 0
22540, 50720, 0, 0, 0
22640, 55680, 0, 0, 0
22741, 51520, 0, 0, 0
22841, 50880, 0, 0, 0
22941, 50720, 0, 0, 0
23042, 44000, 0, 0, 0
23143, 51520, 0, 0, 0
23243, 55200, 0, 0, 0
23343, 47520, 0, 0, 0
23443, 38560, 0, 0, 0
23545, 44673, 0, 0, 0
23645, 52960, 0, 0, 0
23745, 51680, 0, 0, 0
23846, 39040, 0, 0, 0
23946, 45280, 0, 0, 0
24047, 47683, 0, 0, 0
24149, 49425, 0, 0, 0
24250, 52800, 0, 0, 0
24350, 49920, 0, 0, 0
24450, 50560, 0, 0, 0
24550, 52960, 0, 0, 0
24651, 49440, 0, 0, 0
24751, 53280, 0, 0, 0
24851, 48960, 0, 0, 0
24952, 49920, 0, 0, 0
25052, 51040, 0, 0, 0
25153, 49920, 0, 0, 0
25253, 46868, 0, 0, 0
25353, 52000, 0, 0, 0
25453, 46720, 0, 0, 0
25553, 53760, 0, 0, 0
25653, 48160, 0, 0, 0
25754, 51360, 0, 0, 0
25854, 48800, 0, 0, 0
25954, 45440, 0, 0, 0
26054, 53280, 0, 0, 0
26154, 48000, 0, 0, 0
26255, 46560, 0, 0, 0
26356, 36960, 0, 0, 0
26456, 49280, 0, 0, 0
26557, 53760, 0, 0, 0
26657, 50720, 0, 0, 0
26757, 42880, 0, 0, 0
26858, 48640, 0, 0, 0
26958, 55040, 0, 0, 0
27059, 46880, 0, 0, 0
27159, 50880, 0, 0, 0
27260, 52160, 0, 0, 0
27360, 43200, 0, 0, 0
27460, 47200, 0, 0, 0
27560, 44640, 0, 0, 0
27661, 44320, 0, 0, 0
27761, 47840, 0, 0, 0
27861, 48160, 0, 0, 0
27961, 49920, 0, 0, 0
28062, 48320, 0, 0, 0
28162, 48480, 0, 0, 0
28262, 43040, 0, 0, 0
28362, 46880, 0, 0, 0
28463, 50560, 0, 0, 0
28563, 42240, 0, 0, 0
28663, 49280, 0, 0, 0
28764, 50720, 0, 0, 0
28865, 51840, 0, 0, 0
28965, 48960, 0, 0, 0
29066, 54495, 0, 0, 0
29166, 50240, 0, 0, 0
29267, 51040, 0, 0, 0
29367, 47680, 0, 0, 0
29467, 49120, 0, 0, 0
29568, 44640, 0, 0, 0
29668, 49440, 0, 0, 0
29768, 50560, 0, 0, 0
29868, 49120, 0, 0, 0
29968, 42240, 0, 0, 0
30069, 42880, 0, 0, 0
30170, 43200, 0, 0, 0
30271, 44640, 0, 0, 0
30371, 43360, 0, 0, 0
30471, 44800, 0, 0, 0
30571, 48160, 0, 0, 0
30671, 44640, 0, 0, 0
30771, 43360, 0, 0, 0
30872, 48320, 0, 0, 0
30972, 44320, 0, 0, 0
31073, 48480, 0, 0, 0
31173, 36960, 0, 0, 0
31274, 46240, 0, 0, 0
31374, 50880, 0, 0, 0
31474, 52480, 0, 0, 0
31574, 48640, 0, 0, 0
31674, 50560, 0, 0, 0
31775, 47841, 0, 0, 0
31875, 49280, 0, 0, 0
31976, 42240, 0, 0, 0
32076, 49600, 0, 0, 0
32178, 48158, 0, 0, 0
32278, 49760, 0, 0, 0
32378, 50880, 0, 0, 0
32478, 44800, 0, 0, 0
32578, 51680, 0, 0, 0
32679, 45760, 0, 0, 0
32780, 48000, 0, 0, 0
32880, 48640, 0, 0, 0
32980, 40480, 0, 0, 0
33081, 47520, 0, 0, 0
33181, 44480, 0, 0, 0
33281, 52640, 0, 0, 0
33381, 50400, 0, 0, 0
33482, 49280, 0, 0, 0
33582, 48960, 0, 0, 0
33683, 47680, 0, 0, 0
33784, 49742, 0, 0, 0
33885, 50240, 0, 0, 0
33985, 50560, 0, 0, 0
34085, 50560, 0, 0, 0
34185, 42080, 0, 0, 0
34285, 52000, 0, 0, 0
34386, 42720, 0, 0, 0
34487, 42080, 0, 0, 0
34588, 46880, 0, 0, 0
34688, 39360, 0, 0, 0
34789, 48160, 0, 0, 0
34889, 42880, 0, 0, 0
34989, 50080, 0, 0, 0
35089, 49760, 0, 0, 0
35190, 52000, 0, 0, 0
35290, 46240, 0, 0, 0
35390, 50560, 0, 0, 0
35490, 46400, 0, 0, 0
35590, 47360, 0, 0, 0
35691, 48800, 0, 0, 0
35791, 45440, 0, 0, 0
35892, 49120, 0, 0, 0
35992, 44160, 0, 0, 0
36092, 51840, 0, 0, 0
36192, 50240, 0, 0, 0
36292, 47680, 0, 0, 0
36393, 47680, 0, 0, 0
36493, 46080, 0, 0, 0
36593, 48320, 0, 0, 0
36694, 41980, 0, 0, 0
36795, 46080, 0, 0, 0
36895, 50240, 0, 0, 0
36995, 49440, 0, 0, 0
37095, 52480, 0, 0, 0
37195, 48000, 0, 0, 0
37296, 48160, 0, 0, 0
37396, 52320, 0, 0, 0
37496, 49760, 0, 0, 0
37596, 37440, 0, 0, 0
37696, 40000, 0, 0, 0
37797, 48480, 0, 0, 0
37897, 45280, 0, 0, 0
37997, 43200, 0, 0, 0
38098, 48800, 0, 0, 0
38198, 47360, 0, 0, 0
38298, 47520, 0, 0, 0
38398, 44480, 0, 0, 0
38498, 49120, 0, 0, 0
38600, 46574, 0, 0, 0
38700, 47520, 0, 0, 0
38800, 50400, 0, 0, 0
38901, 47360, 0, 0, 0
39000, 50262, 0, 0, 0
39100, 44960, 0, 0, 0
39200, 49120, 0, 0, 0
39300, 53920, 0, 0, 0
39400, 45600, 0, 0, 0
39500, 49760, 0, 0, 0
39600, 47200, 0, 0, 0
39701, 48160, 0, 0, 0
39800, 48484, 0, 0, 0
39900, 48160, 0, 0, 0
40000, 46560, 0, 0, 0
40100, 49440, 0, 0, 0
40201, 48160, 0, 0, 0
40300, 54626, 0, 0, 0
40400, 46880, 0, 0, 0
40500, 42880, 0, 0, 0
40600, 50240, 0, 0, 0
40702, 46257, 0, 0, 0
40802, 52800, 0, 0, 0
40902, 44000, 0, 0, 0
41002, 44320, 0, 0, 0
41102, 51840, 0, 0, 0
41202, 46720, 0, 0, 0
41303, 46080, 0, 0, 0
41404, 46080, 0, 0, 0
41505, 41188, 0, 0, 0
41605, 50240, 0, 0, 0
41705, 48960, 0, 0, 0
41806, 48480, 0, 0, 0
41906, 48800, 0, 0, 0
42007, 44000, 0, 0, 0
42107, 51680, 0, 0, 0
42207, 50720, 0, 0, 0
42308, 50240, 0, 0, 0
42408, 48960, 0, 0, 0
42508, 39040, 0, 0, 0
42609, 38720, 0, 0, 0
42709, 38720, 0, 0, 0
42810, 58240, 0, 0, 0
42910, 49440, 0, 0, 0
43010, 36960, 0, 0, 0
43110, 44000, 0, 0, 0
43211, 41600, 0, 0, 0
43312, 51840, 0, 0, 0
43413, 47049, 0, 0, 0
43515, 47683, 0, 0, 0
43616, 52480, 0, 0, 0
43716, 49600, 0, 0, 0
43816, 50240, 0, 0, 0
43917, 43520, 0, 0, 0
44018, 47680, 0, 0, 0
44118, 44960, 0, 0, 0
44218, 48640, 0, 0, 0
44318, 46720, 0, 0, 0
44421, 49411, 0, 0, 0
44521, 39680, 0, 0, 0
44622, 51040, 0, 0, 0
44722, 48960, 0, 0, 0
44823, 46099, 0, 0, 0
44923, 42240, 0, 0, 0
45024, 48800, 0, 0, 0
45124, 44000, 0, 0, 0
45224, 50880, 0, 0, 0
45325, 37280, 0, 0, 0
45425, 51840, 0, 0, 0
45526, 47520, 0, 0, 0
45627, 48792, 0, 0, 0
45727, 50240, 0, 0, 0
45828, 49440, 0, 0, 0
45928, 50880, 0, 0, 0
46029, 52000, 0, 0, 0
46129, 52960, 0, 0, 0
46230, 47200, 0, 0, 0
46330, 48640, 0, 0, 0
46430, 48640, 0, 0, 0
46531, 44480, 0, 0, 0
46632, 45440, 0, 0, 0
46732, 47840, 0, 0, 0
46833, 52000, 0, 0, 0
46933, 47680, 0, 0, 0
47034, 26080, 0, 0, 0
47136, 39215, 0, 0, 0
47236, 50080, 0, 0, 0
47338, 50059, 0, 0, 0
47438, 40160, 0, 0, 0
47538, 49600, 0, 0, 0
47639, 47040, 0, 0, 0
47739, 44960, 0, 0, 0
47839, 40960, 0, 0, 0
47940, 49120, 0, 0, 0
48040, 54560, 0, 0, 0
48140, 46560, 0, 0, 0
48241, 39680, 0, 0, 0
48341, 48800, 0, 0, 0
48441, 50560, 0, 0, 0
48542, 53120, 0, 0, 0
48642, 48000, 0, 0, 0
48742, 41440, 0, 0, 0
48842, 38400, 0, 0, 0
48942, 52480, 0, 0, 0
49043, 35360, 0, 0, 0
49143, 50720, 0, 0, 0
49243, 45600, 0, 0, 0
49344, 51360, 0, 0, 0
49444, 52800, 0, 0, 0
49544, 43200, 0, 0, 0
49644, 46400, 0, 0, 0
49745, 46400, 0, 0, 0
49847, 41411, 0, 0, 0
49948, 48480, 0, 0, 0
50048, 46880, 0, 0, 0
50148, 49920, 0, 0, 0
50249, 51200, 0, 0, 0
50350, 50400, 0, 0, 0
50450, 46880, 0, 0, 0
50550, 46240, 0, 0, 0
50651, 47520, 0, 0, 0
50751, 44800, 0, 0, 0
50851, 45760, 0, 0, 0
50952, 51360, 0, 0, 0
51052, 49280, 0, 0, 0
51155, 55529, 0, 0, 0
51255, 55360, 0, 0, 0
51356, 51168, 0, 0, 0
51463, 51924, 0, 0, 0
51563, 49760, 0, 0, 0
51663, 45440, 0, 0, 0
51764, 50720, 0, 0, 0
51864, 52960, 0, 0, 0
51965, 51040, 0, 0, 0
52065, 41280, 0, 0, 0
52165, 52320, 0, 0, 0
52266, 53280, 0, 0, 0
52366, 58240, 0, 0, 0
52466, 45440, 0, 0, 0
52566, 50880, 0, 0, 0
52668, 48941, 0, 0, 0
52769, 52320, 0, 0, 0
52869, 48480, 0, 0, 0
52970, 51168, 0, 0, 0
53071, 49600, 0, 0, 0
53171, 47200, 0, 0, 0
53271, 47840, 0, 0, 0
53372, 42560, 0, 0, 0
53472, 43840, 0, 0, 0
53572, 47840, 0, 0, 0
53673, 45120, 0, 0, 0
53773, 50240, 0, 0, 0
53873, 49440, 0, 0, 0
53976, 50666, 0, 0, 0
54077, 44960, 0, 0, 0
54177, 41920, 0, 0, 0
54277, 52800, 0, 0, 0
54377, 48640, 0, 0, 0
54477, 44160, 0, 0, 0
54578, 49600, 0, 0, 0
54678, 38880, 0, 0, 0
54778, 51520, 0, 0, 0
54878, 51840, 0, 0, 0
54979, 47200, 0, 0, 0
55079, 50400, 0, 0, 0
55179, 48960, 0, 0, 0
55280, 53069, 0, 0, 0
55380, 52640, 0, 0, 0
55481, 43520, 0, 0, 0
55582, 53760, 0, 0, 0
55682, 43680, 0, 0, 0
55782, 39520, 0, 0, 0
55883, 52320, 0, 0, 0
55983, 39360, 0, 0, 0
56084, 48320, 0, 0, 0
56185, 50400, 0, 0, 0
56285, 48480, 0, 0, 0
56385, 49600, 0, 0, 0
56485, 50080, 0, 0, 0
56586, 43520, 0, 0, 0
56687, 49440, 0, 0, 0
56787, 50560, 0, 0, 0
56888, 51520, 0, 0, 0
56988, 47040, 0, 0, 0
57089, 48000, 0, 0, 0
57189, 51040, 0, 0, 0
57289, 48000, 0, 0, 0
57390, 51040, 0, 0, 0
57491, 40160, 0, 0, 0
57593, 47843, 0, 0, 0
57693, 49440, 0, 0, 0
57794, 49600, 0, 0, 0
57894, 47200, 0, 0, 0
57995, 37280, 0, 0, 0
58095, 50560, 0, 0, 0
58195, 47040, 0, 0, 0
58296, 44000, 0, 0, 0
58396, 47840, 0, 0, 0
58496, 51200, 0, 0, 0
58596, 41760, 0, 0, 0
58696, 52320, 0, 0, 0
58797, 46240, 0, 0, 0
58897, 54560, 0, 0, 0
58998, 48960, 0, 0, 0
59099, 45440, 0, 0, 0
59199, 44480, 0, 0, 0
59300, 48640, 0, 0, 0
59400, 44160, 0, 0, 0
59500, 46880, 0, 0, 0
59600, 36960, 0, 0, 0
59700, 43680, 0, 0, 0
59800, 40960, 0, 0, 0
59900, 41440, 0, 0, 0
60001, 54880, 0, 0, 0
60100, 51878, 0, 0, 0
60200, 53600, 0, 0, 0
60301, 56000, 0, 0, 0
60400, 49777, 0, 0, 0
60500, 45920, 0, 0, 0
60600, 45440, 0, 0, 0
60700, 46560, 0, 0, 0
60801, 50400, 0, 0, 0
60900, 48161, 0, 0, 0
61000, 52480, 0, 0, 0
61100, 50424, 0, 0, 0
61200, 47040, 0, 0, 0
61300, 48160, 0, 0, 0
61400, 49120, 0, 0, 0
61500, 46560, 0, 0, 0
61600, 48160, 0, 0, 0
61700, 48640, 0, 0, 0
61800, 40727, 0, 0, 0
61900, 50560, 0, 0, 0
62000, 54560, 0, 0, 0
62100, 42343, 0, 0, 0
62200, 50080, 0, 0, 0
62300, 43680, 0, 0, 0
62400, 52160, 0, 0, 0
62500, 34240, 0, 0, 0
62600, 45440, 0, 0, 0
62700, 50240, 0, 0, 0
62800, 49131, 0, 0, 0
62900, 51520, 0, 0, 0
63000, 48640, 0, 0, 0
63100, 47520, 0, 0, 0
63200, 44800, 0, 0, 0
63301, 30560, 0, 0, 0
63400, 50101, 0, 0, 0
63500, 50560, 0, 0, 0
63601, 41760, 0, 0, 0
63700, 46222, 0, 0, 0
63800, 40480, 0, 0, 0
63900, 40960, 0, 0, 0
64000, 49120, 0, 0, 0
64100, 48323, 0, 0, 0
64200, 46720, 0, 0, 0
64300, 53120, 0, 0, 0
64400, 47520, 0, 0, 0
64503, 50039, 0, 0, 0
64603, 50880, 0, 0, 0
64704, 50880, 0, 0, 0
64804, 37440, 0, 0, 0
64904, 51520, 0, 0, 0
65006, 46415, 0, 0, 0
65106, 41760, 0, 0, 0
65206, 53920, 0, 0, 0
65306, 47520, 0, 0, 0
65406, 45280, 0, 0, 0
65507, 47360, 0, 0, 0
65607, 45440, 0, 0, 0
65707, 49280, 0, 0, 0
65808, 45920, 0, 0, 0
65908, 51040, 0, 0, 0
66008, 46720, 0, 0, 0
66108, 47360, 0, 0, 0
66209, 46400, 0, 0, 0
66310, 51520, 0, 0, 0
66410, 49440, 0, 0, 0
66511, 50720, 0, 0, 0
66611, 37440, 0, 0, 0
66712, 46560, 0, 0, 0
66812, 40640, 0, 0, 0
66912, 51520, 0, 0, 0
67013, 46240, 0, 0, 0
67114, 50080, 0, 0, 0
67214, 45440, 0, 0, 0
67314, 50720, 0, 0, 0
67414, 48000, 0, 0, 0
67514, 47520, 0, 0, 0
67615, 46400, 0, 0, 0
67715, 48960, 0, 0, 0
67816, 42880, 0, 0, 0
67916, 51520, 0, 0, 0
68016, 47360, 0, 0, 0
68116, 52000, 0, 0, 0
68217, 50400, 0, 0, 0
68317, 45280, 0, 0, 0
68417, 48320, 0, 0, 0
68519, 49411, 0, 0, 0
68620, 44356, 0, 0, 0
68721, 47520, 0, 0, 0
68821, 49280, 0, 0, 0
68921, 50080, 0, 0, 0
69022, 44960, 0, 0, 0
69122, 50720, 0, 0, 0
69222, 46080, 0, 0, 0
69323, 39445, 0, 0, 0
69423, 51680, 0, 0, 0
69524, 44320, 0, 0, 0
69624, 50720, 0, 0, 0
69725, 49900, 0, 0, 0
69826, 52160, 0, 0, 0
69926, 46240, 0, 0, 0
70026, 43040, 0, 0, 0
70127, 45440, 0, 0, 0
70227, 48640, 0, 0, 0
70328, 52960, 0, 0, 0
70428, 40640, 0, 0, 0
70529, 47360, 0, 0, 0
70629, 44800, 0, 0, 0
70729, 48320, 0, 0, 0
70829, 43360, 0, 0, 0
70929, 47520, 0, 0, 0
71030, 49760, 0, 0, 0
71131, 52320, 0, 0, 0
71231, 51840, 0, 0, 0
71331, 52320, 0, 0, 0
71431, 43040, 0, 0, 0
71532, 48160, 0, 0, 0
71632, 42400, 0, 0, 0
71732, 50560, 0, 0, 0
71832, 51840, 0, 0, 0
71933, 39680, 0, 0, 0
72034, 46560, 0, 0, 0
72134, 49760, 0, 0, 0
72237, 52862, 0, 0, 0
72337, 43840, 0, 0, 0
72437, 55680, 0, 0, 0
72538, 45120, 0, 0, 0
72638, 56320, 0, 0, 0
72738, 50240, 0, 0, 0
72839, 51485, 0, 0, 0
72939, 49600, 0, 0, 0
73040, 54880, 0, 0, 0
73140, 47520, 0, 0, 0
73241, 50240, 0, 0, 0
73341, 52160, 0, 0, 0
73441, 47360, 0, 0, 0
73541, 42240, 0, 0, 0
73641, 51520, 0, 0, 0
73742, 58080, 0, 0, 0
73842, 54080, 0, 0, 0
73942, 38880, 0, 0, 0
74042, 51360, 0, 0, 0
74143, 54080, 0, 0, 0
74243, 46240, 0, 0, 0
74343, 46400, 0, 0, 0
74444, 47683, 0, 0, 0
74544, 50720, 0, 0, 0
74645, 53920, 0, 0, 0
74745, 49120, 0, 0, 0
74845, 46880, 0, 0, 0
74945, 51040, 0, 0, 0
75046, 48160, 0, 0, 0
75146, 45600, 0, 0, 0
75246, 50880, 0, 0, 0
75347, 52160, 0, 0, 0
75448, 46080, 0, 0, 0
75548, 45600, 0, 0, 0
75649, 31524, 0, 0, 0
75749, 49440, 0, 0, 0
75850, 47360, 0, 0, 0
75951, 52480, 0, 0, 0
76051, 50560, 0, 0, 0
76151, 54560, 0, 0, 0
76251, 52000, 0, 0, 0
76352, 51680, 0, 0, 0
76452, 52640, 0, 0, 0
76554, 49425, 0, 0, 0
76654, 53760, 0, 0, 0
76755, 47366, 0, 0, 0
76856, 49760, 0, 0, 0
76956, 49120, 0, 0, 0
77057, 49584, 0, 0, 0
77157, 49600, 0, 0, 0
77258, 56480, 0, 0, 0
77358, 45920, 0, 0, 0
77458, 42560, 0, 0, 0
77559, 47680, 0, 0, 0
77660, 54560, 0, 0, 0
77760, 49600, 0, 0, 0
77860, 46880, 0, 0, 0
77960, 50400, 0, 0, 0
78061, 47360, 0, 0, 0
78162, 48633, 0, 0, 0
78262, 49600, 0, 0, 0
78362, 50720, 0, 0, 0
78462, 44160, 0, 0, 0
78563, 51520, 0, 0, 0
78663, 51360, 0, 0, 0
78764, 45120, 0, 0, 0
78864, 48800, 0, 0, 0
78965, 44000, 0, 0, 0
79065, 43840, 0, 0, 0
79165, 43040, 0, 0, 0
79265, 44000, 0, 0, 0
79365, 47360, 0, 0, 0
79466, 45600, 0, 0, 0
79566, 46240, 0, 0, 0
79666, 52320, 0, 0, 0
79766, 50240, 0, 0, 0
79867, 47040, 0, 0, 0
79967, 52160, 0, 0, 0
80067, 47680, 0, 0, 0
80167, 52640, 0, 0, 0
80268, 47040, 0, 0, 0
80368, 53440, 0, 0, 0
80468, 47200, 0, 0, 0
80569, 44480, 0, 0, 0
80669, 48640, 0, 0, 0
80770, 44640, 0, 0, 0
80870, 47360, 0, 0, 0
80971, 52800, 0, 0, 0
81072, 45465, 0, 0, 0
81172, 52000, 0, 0, 0
81273, 41120, 0, 0, 0
81373, 41600, 0, 0, 0
81474, 50400, 0, 0, 0
81574, 49280, 0, 0, 0
81674, 40800, 0, 0, 0
81774, 47040, 0, 0, 0
81875, 47040, 0, 0, 0
81975, 48800, 0, 0, 0
82076, 41920, 0, 0, 0
82176, 46560, 0, 0, 0
82276, 47040, 0, 0, 0
82377, 48320, 0, 0, 0
82477, 47680, 0, 0, 0
82577, 47680, 0, 0, 0
82677, 49120, 0, 0, 0
82778, 42080, 0, 0, 0
82878, 40800, 0, 0, 0
82978, 45920, 0, 0, 0
83079, 51326, 0, 0, 0
83179, 53280, 0, 0, 0
83280, 47840, 0, 0, 0
83380, 47840, 0, 0, 0
83481, 43405, 0, 0, 0
83582, 41120, 0, 0, 0
83682, 46240, 0, 0, 0
83783, 49440, 0, 0, 0
83883, 50240, 0, 0, 0
83983, 47040, 0, 0, 0
84083, 44960, 0, 0, 0
84184, 44480, 0, 0, 0
84285, 48158, 0, 0, 0
84385, 47680, 0, 0, 0
84485, 50560, 0, 0, 0
84586, 48320, 0, 0, 0
84687, 44831, 0, 0, 0
84788, 48320, 0, 0, 0
84888, 51520, 0, 0, 0
84989, 47520, 0, 0, 0
85089, 45760, 0, 0, 0
85189, 44960, 0, 0, 0
85290, 52160, 0, 0, 0
85390, 49120, 0, 0, 0
85490, 48320, 0, 0, 0
85591, 46400, 0, 0, 0
85691, 52800, 0, 0, 0
85792, 48000, 0, 0, 0
85893, 45440, 0, 0, 0
85993, 47360, 0, 0, 0
86093, 52800, 0, 0, 0
86195, 50534, 0, 0, 0
86295, 49600, 0, 0, 0
86395, 46720, 0, 0, 0
86496, 45280, 0, 0, 0
86596, 45920, 0, 0, 0
86696, 43200, 0, 0, 0
86797, 45440, 0, 0, 0
86897, 41760, 0, 0, 0
86997, 43840, 0, 0, 0
87098, 40800, 0, 0, 0
87199, 38495, 0, 0, 0
87299, 44800, 0, 0, 0
87400, 45920, 0, 0, 0
87500, 48320, 0, 0, 0
87600, 43636, 0, 0, 0
87700, 46400, 0, 0, 0
87800, 51040, 0, 0, 0
87900, 46720, 0, 0, 0
88001, 46240, 0, 0, 0
88100, 50909, 0, 0, 0
88200, 48640, 0, 0, 0
88300, 48320, 0, 0, 0
88400, 37280, 0, 0, 0
88501, 49440, 0, 0, 0
88600, 47838, 0, 0, 0
88701, 51360, 0, 0, 0
88800, 44606, 0, 0, 0
88900, 48480, 0, 0, 0
89000, 45120, 0, 0, 0
89100, 44444, 0, 0, 0
89201, 50534, 0, 0, 0
89300, 51878, 0, 0, 0
89400, 50240, 0, 0, 0
89501, 46080, 0, 0, 0
89600, 46868, 0, 0, 0
89700, 47680, 0, 0, 0
89800, 47360, 0, 0, 0
89900, 40160, 0, 0, 0
90000, 48640, 0, 0, 0
