250, 272, 0, 0, 0
350, 220, 0, 0, 0
450, 220, 0, 0, 0
550, 220, 0, 0, 0
650, 200, 0, 0, 0
749, 232, 0, 0, 0
849, 210, 0, 0, 0
949, 160, 0, 0, 0
1049, 240, 0, 0, 0
1149, 240, 0, 0, 0
1249, 270, 0, 0, 0
1349, 180, 0, 0, 0
1449, 260, 0, 0, 0
1550, 200, 0, 0, 0
1650, 250, 0, 0, 0
1749, 242, 0, 0, 0
1849, 200, 0, 0, 0
1949, 220, 0, 0, 0
2049, 230, 0, 0, 0
2149, 260, 0, 0, 0
2249, 220, 0, 0, 0
2349, 210, 0, 0, 0
2449, 210, 0, 0, 0
2549, 260, 0, 0, 0
2649, 210, 0, 0, 0
2749, 230, 0, 0, 0
2849, 240, 0, 0, 0
2949, 200, 0, 0, 0
3050, 190, 0, 0, 0
3150, 250, 0, 0, 0
3249, 232, 0, 0, 0
3349, 170, 0, 0, 0
3449, 300, 0, 0, 0
3549, 290, 0, 0, 0
3649, 240, 0, 0, 0
3749, 330, 0, 0, 0
3849, 290, 0, 0, 0
3949, 270, 0, 0, 0
4049, 210, 0, 0, 0
4149, 200, 0, 0, 0
4250, 250, 0, 0, 0
4350, 230, 0, 0, 0
4450, 230, 0, 0, 0
4550, 220, 0, 0, 0
4650, 230, 0, 0, 0
4749, 202, 0, 0, 0
4849, 180, 0, 0, 0
4949, 260, 0, 0, 0
5049, 200, 0, 0, 0
5149, 210, 0, 0, 0
5250, 260, 0, 0, 0
5350, 200, 0, 0, 0
5450, 180, 0, 0, 0
5550, 260, 0, 0, 0
5650, 250, 0, 0, 0
5749, 232, 0, 0, 0
5849, 240, 0, 0, 0
5949, 250, 0, 0, 0
6049, 140, 0, 0, 0
6149, 260, 0, 0, 0
6250, 250, 0, 0, 0
6350, 220, 0, 0, 0
6450, 190, 0, 0, 0
6550, 200, 0, 0, 0
6650, 200, 0, 0, 0
6749, 212, 0, 0, 0
6849, 230, 0, 0, 0
6949, 250, 0, 0, 0
7049, 260, 0, 0, 0
7149, 250, 0, 0, 0
7249, 260, 0, 0, 0
7350, 200, 0, 0, 0
7450, 270, 0, 0, 0
7550, 190, 0, 0, 0
7650, 180, 0, 0, 0
7749, 202, 0, 0, 0
7849, 230, 0, 0, 0
7949, 240, 0, 0, 0
8049, 200, 0, 0, 0
8149, 160, 0, 0, 0
8249, 220, 0, 0, 0
8349, 260, 0, 0, 0
8450, 240, 0, 0, 0
8550, 210, 0, 0, 0
8650, 200, 0, 0, 0
8749, 272, 0, 0, 0
8849, 250, 0, 0, 0
8949, 190, 0, 0, 0
9049, 240, 0, 0, 0
9149, 210, 0, 0, 0
9249, 210, 0, 0, 0
9349, 290, 0, 0, 0
9449, 190, 0, 0, 0
9550, 230, 0, 0, 0
9650, 250, 0, 0, 0
9749, 191, 0, 0, 0
9849, 190, 0, 0, 0
9949, 320, 0, 0, 0
10049, 240, 0, 0, 0
10149, 190, 0, 0, 0
10249, 220, 0, 0, 0
10349, 180, 0, 0, 0
10450, 170, 0, 0, 0
10550, 250, 0, 0, 0
10650, 200, 0, 0, 0
10749, 222, 0, 0, 0
10849, 270, 0, 0, 0
10949, 220, 0, 0, 0
11049, 210, 0, 0, 0
11149, 210, 0, 0, 0
11250, 240, 0, 0, 0
11350, 240, 0, 0, 0
11450, 220, 0, 0, 0
11550, 240, 0, 0, 0
11650, 210, 0, 0, 0
11749, 171, 0, 0, 0
11849, 240, 0, 0, 0
11949, 210, 0, 0, 0
12049, 250, 0, 0, 0
12149, 190, 0, 0, 0
12250, 220, 0, 0, 0
12350, 170, 0, 0, 0
12450, 220, 0, 0, 0
12550, 220, 0, 0, 0
12650, 190, 0, 0, 0
12749, 252, 0, 0, 0
12849, 240, 0, 0, 0
12949, 270, 0, 0, 0
13049, 220, 0, 0, 0
13150, 280, 0, 0, 0
13249, 222, 0, 0, 0
13349, 240, 0, 0, 0
13449, 230, 0, 0, 0
13549, 200, 0, 0, 0
13649, 290, 0, 0, 0
13749, 260, 0, 0, 0
13849, 260, 0, 0, 0
13949, 230, 0, 0, 0
14050, 270, 0, 0, 0
14150, 220, 0, 0, 0
14249, 303, 0, 0, 0
14349, 230, 0, 0, 0
14449, 250, 0, 0, 0
14549, 220, 0, 0, 0
14649, 230, 0, 0, 0
14749, 250, 0, 0, 0
14849, 280, 0, 0, 0
14949, 280, 0, 0, 0
15049, 230, 0, 0, 0
15150, 160, 0, 0, 0
15249, 202, 0, 0, 0
15349, 240, 0, 0, 0
15449, 210, 0, 0, 0
15549, 210, 0, 0, 0
15649, 250, 0, 0, 0
15749, 250, 0, 0, 0
15849, 210, 0, 0, 0
15949, 200, 0, 0, 0
16050, 230, 0, 0, 0
16150, 210, 0, 0, 0
16249, 242, 0, 0, 0
16349, 190, 0, 0, 0
16449, 180, 0, 0, 0
16549, 200, 0, 0, 0
16649, 200, 0, 0, 0
16749, 190, 0, 0, 0
16849, 260, 0, 0, 0
16949, 130, 0, 0, 0
17050, 240, 0, 0, 0
17150, 250, 0, 0, 0
17249, 202, 0, 0, 0
17349, 190, 0, 0, 0
17449, 190, 0, 0, 0
17549, 230, 0, 0, 0
17649, 250, 0, 0, 0
17749, 210, 0, 0, 0
17849, 210, 0, 0, 0
17949, 260, 0, 0, 0
18050, 220, 0, 0, 0
18150, 240, 0, 0, 0
18249, 262, 0, 0, 0
18349, 190, 0, 0, 0
18449, 220, 0, 0, 0
18549, 200, 0, 0, 0
18649, 260, 0, 0, 0
18749, 200, 0, 0, 0
18849, 240, 0, 0, 0
18950, 210, 0, 0, 0
19050, 190, 0, 0, 0
19150, 230, 0, 0, 0
19249, 262, 0, 0, 0
19349, 220, 0, 0, 0
19449, 310, 0, 0, 0
19549, 210, 0, 0, 0
19649, 230, 0, 0, 0
19749, 290, 0, 0, 0
19849, 250, 0, 0, 0
19949, 240, 0, 0, 0
20050, 280, 0, 0, 0
20150, 210, 0, 0, 0
20249, 262, 0, 0, 0
20349, 260, 0, 0, 0
20449, 200, 0, 0, 0
20549, 250, 0, 0, 0
20649, 230, 0, 0, 0
20749, 250, 0, 0, 0
20849, 210, 0, 0, 0
20949, 270, 0, 0, 0
21049, 190, 0, 0, 0
21149, 220, 0, 0, 0
21249, 210, 0, 0, 0
21349, 270, 0, 0, 0
21449, 180, 0, 0, 0
21550, 260, 0, 0, 0
21650, 210, 0, 0, 0
21749, 373, 0, 0, 0
21849, 230, 0, 0, 0
21949, 250, 0, 0, 0
22049, 340, 0, 0, 0
22149, 180, 0, 0, 0
22249, 180, 0, 0, 0
22349, 290, 0, 0, 0
22449, 230, 0, 0, 0
22549, 240, 0, 0, 0
22649, 260, 0, 0, 0
22749, 200, 0, 0, 0
22849, 220, 0, 0, 0
22949, 280, 0, 0, 0
23050, 280, 0, 0, 0
23150, 210, 0, 0, 0
23249, 181, 0, 0, 0
23349, 220, 0, 0, 0
23449, 250, 0, 0, 0
23549, 210, 0, 0, 0
23649, 240, 0, 0, 0
23749, 250, 0, 0, 0
23849, 210, 0, 0, 0
23949, 290, 0, 0, 0
24049, 170, 0, 0, 0
24149, 190, 0, 0, 0
24249, 260, 0, 0, 0
24349, 310, 0, 0, 0
24449, 180, 0, 0, 0
24549, 250, 0, 0, 0
24650, 180, 0, 0, 0
24749, 191, 0, 0, 0
24849, 240, 0, 0, 0
24949, 200, 0, 0, 0
25049, 240, 0, 0, 0
25149, 240, 0, 0, 0
25249, 300, 0, 0, 0
25349, 220, 0, 0, 0
25449, 250, 0, 0, 0
25549, 190, 0, 0, 0
25649, 180, 0, 0, 0
25749, 240, 0, 0, 0
25849, 250, 0, 0, 0
25949, 260, 0, 0, 0
26049, 220, 0, 0, 0
26149, 340, 0, 0, 0
26250, 200, 0, 0, 0
26350, 280, 0, 0, 0
26450, 230, 0, 0, 0
26550, 270, 0, 0, 0
26650, 370, 0, 0, 0
26749, 282, 0, 0, 0
26849, 280, 0, 0, 0
26949, 250, 0, 0, 0
27049, 190, 0, 0, 0
27149, 220, 0, 0, 0
27249, 220, 0, 0, 0
27349, 290, 0, 0, 0
27449, 190, 0, 0, 0
27549, 260, 0, 0, 0
27649, 200, 0, 0, 0
27750, 230, 0, 0, 0
27850, 210, 0, 0, 0
27950, 280, 0, 0, 0
28050, 320, 0, 0, 0
28150, 260, 0, 0, 0
28249, 282, 0, 0, 0
28349, 270, 0, 0, 0
28449, 230, 0, 0, 0
28549, 230, 0, 0, 0
28649, 250, 0, 0, 0
28749, 130, 0, 0, 0
28849, 210, 0, 0, 0
28949, 220, 0, 0, 0
29049, 250, 0, 0, 0
29149, 240, 0, 0, 0
29249, 230, 0, 0, 0
29349, 210, 0, 0, 0
29449, 210, 0, 0, 0
29550, 250, 0, 0, 0
29650, 240, 0, 0, 0
29749, 202, 0, 0, 0
29849, 200, 0, 0, 0
29949, 280, 0, 0, 0
30049, 360, 0, 0, 0
30149, 200, 0, 0, 0
30249, 190, 0, 0, 0
30349, 370, 0, 0, 0
30449, 260, 0, 0, 0
30549, 220, 0, 0, 0
30649, 200, 0, 0, 0
30749, 340, 0, 0, 0
30849, 350, 0, 0, 0
30949, 270, 0, 0, 0
31050, 280, 0, 0, 0
31150, 250, 0, 0, 0
31249, 242, 0, 0, 0
31349, 230, 0, 0, 0
31449, 270, 0, 0, 0
31549, 250, 0, 0, 0
31649, 210, 0, 0, 0
31749, 200, 0, 0, 0
31849, 180, 0, 0, 0
31949, 270, 0, 0, 0
32049, 240, 0, 0, 0
32149, 170, 0, 0, 0
32249, 260, 0, 0, 0
32349, 230, 0, 0, 0
32449, 200, 0, 0, 0
32550, 240, 0, 0, 0
32650, 160, 0, 0, 0
32749, 161, 0, 0, 0
32849, 270, 0, 0, 0
32949, 250, 0, 0, 0
33049, 220, 0, 0, 0
33149, 200, 0, 0, 0
33249, 280, 0, 0, 0
33349, 240, 0, 0, 0
33449, 280, 0, 0, 0
33549, 300, 0, 0, 0
33649, 240, 0, 0, 0
33749, 220, 0, 0, 0
33849, 200, 0, 0, 0
33949, 270, 0, 0, 0
34049, 290, 0, 0, 0
34150, 210, 0, 0, 0
34250, 290, 0, 0, 0
34350, 270, 0, 0, 0
34450, 290, 0, 0, 0
34550, 230, 0, 0, 0
34650, 220, 0, 0, 0
34749, 191, 0, 0, 0
34849, 310, 0, 0, 0
34949, 320, 0, 0, 0
35049, 190, 0, 0, 0
35149, 280, 0, 0, 0
35249, 260, 0, 0, 0
35349, 210, 0, 0, 0
35449, 180, 0, 0, 0
35549, 260, 0, 0, 0
35649, 240, 0, 0, 0
35750, 210, 0, 0, 0
35850, 260, 0, 0, 0
35950, 210, 0, 0, 0
36050, 210, 0, 0, 0
36150, 210, 0, 0, 0
36249, 191, 0, 0, 0
36349, 270, 0, 0, 0
36449, 200, 0, 0, 0
36549, 210, 0, 0, 0
36649, 220, 0, 0, 0
36749, 270, 0, 0, 0
36849, 220, 0, 0, 0
36949, 220, 0, 0, 0
37049, 240, 0, 0, 0
37150, 250, 0, 0, 0
37250, 240, 0, 0, 0
37350, 200, 0, 0, 0
37450, 310, 0, 0, 0
37550, 190, 0, 0, 0
37650, 280, 0, 0, 0
37749, 262, 0, 0, 0
37849, 320, 0, 0, 0
37949, 170, 0, 0, 0
38049, 340, 0, 0, 0
38149, 210, 0, 0, 0
38249, 200, 0, 0, 0
38349, 230, 0, 0, 0
38449, 210, 0, 0, 0
38549, 200, 0, 0, 0
38649, 200, 0, 0, 0
38750, 220, 0, 0, 0
38850, 290, 0, 0, 0
38950, 280, 0, 0, 0
39050, 250, 0, 0, 0
39150, 280, 0, 0, 0
39249, 242, 0, 0, 0
39349, 250, 0, 0, 0
39449, 210, 0, 0, 0
39549, 280, 0, 0, 0
39649, 240, 0, 0, 0
39749, 170, 0, 0, 0
39849, 250, 0, 0, 0
39949, 300, 0, 0, 0
40049, 180, 0, 0, 0
40149, 260, 0, 0, 0
40250, 200, 0, 0, 0
40350, 220, 0, 0, 0
40450, 160, 0, 0, 0
40550, 190, 0, 0, 0
40650, 240, 0, 0, 0
40749, 232, 0, 0, 0
40849, 230, 0, 0, 0
40949, 210, 0, 0, 0
41049, 240, 0, 0, 0
41149, 270, 0, 0, 0
41249, 250, 0, 0, 0
41349, 200, 0, 0, 0
41449, 310, 0, 0, 0
41549, 220, 0, 0, 0
41649, 270, 0, 0, 0
41749, 230, 0, 0, 0
41849, 210, 0, 0, 0
41950, 250, 0, 0, 0
42050, 230, 0, 0, 0
42150, 290, 0, 0, 0
42249, 242, 0, 0, 0
42349, 290, 0, 0, 0
42449, 220, 0, 0, 0
42549, 230, 0, 0, 0
42649, 220, 0, 0, 0
42749, 290, 0, 0, 0
42849, 290, 0, 0, 0
42949, 330, 0, 0, 0
43049, 250, 0, 0, 0
43149, 310, 0, 0, 0
43249, 250, 0, 0, 0
43349, 200, 0, 0, 0
43449, 190, 0, 0, 0
43550, 200, 0, 0, 0
43650, 330, 0, 0, 0
43749, 353, 0, 0, 0
43849, 240, 0, 0, 0
43949, 230, 0, 0, 0
44049, 260, 0, 0, 0
44149, 250, 0, 0, 0
44249, 250, 0, 0, 0
44349, 190, 0, 0, 0
44449, 230, 0, 0, 0
44549, 190, 0, 0, 0
44649, 210, 0, 0, 0
44749, 210, 0, 0, 0
44849, 230, 0, 0, 0
44949, 200, 0, 0, 0
45049, 220, 0, 0, 0
45150, 320, 0, 0, 0
45250, 300, 0, 0, 0
45350, 290, 0, 0, 0
45450, 220, 0, 0, 0
45550, 260, 0, 0, 0
45650, 270, 0, 0, 0
45749, 222, 0, 0, 0
45849, 190, 0, 0, 0
45949, 240, 0, 0, 0
46049, 270, 0, 0, 0
46149, 210, 0, 0, 0
46249, 290, 0, 0, 0
46349, 170, 0, 0, 0
46449, 260, 0, 0, 0
46550, 220, 0, 0, 0
46650, 220, 0, 0, 0
46749, 303, 0, 0, 0
46849, 180, 0, 0, 0
46949, 210, 0, 0, 0
47049, 260, 0, 0, 0
47149, 190, 0, 0, 0
47249, 280, 0, 0, 0
47349, 270, 0, 0, 0
47449, 280, 0, 0, 0
47549, 250, 0, 0, 0
47649, 230, 0, 0, 0
47749, 230, 0, 0, 0
47849, 180, 0, 0, 0
47949, 270, 0, 0, 0
48050, 260, 0, 0, 0
48150, 230, 0, 0, 0
48249, 191, 0, 0, 0
48349, 200, 0, 0, 0
48449, 170, 0, 0, 0
48549, 240, 0, 0, 0
48649, 230, 0, 0, 0
48749, 220, 0, 0, 0
48849, 190, 0, 0, 0
48949, 220, 0, 0, 0
49049, 250, 0, 0, 0
49149, 230, 0, 0, 0
49249, 260, 0, 0, 0
49349, 220, 0, 0, 0
49449, 290, 0, 0, 0
49549, 240, 0, 0, 0
49650, 220, 0, 0, 0
49750, 240, 0, 0, 0
49850, 230, 0, 0, 0
49950, 210, 0, 0, 0
50050, 160, 0, 0, 0
50150, 180, 0, 0, 0
50249, 212, 0, 0, 0
50349, 140, 0, 0, 0
50449, 180, 0, 0, 0
50549, 260, 0, 0, 0
50649, 220, 0, 0, 0
50749, 290, 0, 0, 0
50849, 220, 0, 0, 0
50949, 200, 0, 0, 0
51050, 190, 0, 0, 0
51150, 220, 0, 0, 0
51249, 242, 0, 0, 0
51349, 190, 0, 0, 0
51449, 250, 0, 0, 0
51549, 230, 0, 0, 0
51649, 230, 0, 0, 0
51749, 220, 0, 0, 0
51849, 230, 0, 0, 0
51949, 210, 0, 0, 0
52049, 230, 0, 0, 0
52149, 210, 0, 0, 0
52249, 220, 0, 0, 0
52349, 190, 0, 0, 0
52449, 260, 0, 0, 0
52550, 260, 0, 0, 0
52650, 200, 0, 0, 0
52749, 161, 0, 0, 0
52849, 180, 0, 0, 0
52949, 270, 0, 0, 0
53049, 190, 0, 0, 0
53149, 230, 0, 0, 0
53249, 180, 0, 0, 0
53349, 180, 0, 0, 0
53449, 200, 0, 0, 0
53549, 190, 0, 0, 0
53649, 200, 0, 0, 0
53749, 210, 0, 0, 0
53850, 220, 0, 0, 0
53950, 310, 0, 0, 0
54050, 240, 0, 0, 0
54150, 210, 0, 0, 0
54249, 333, 0, 0, 0
54349, 250, 0, 0, 0
54449, 330, 0, 0, 0
54549, 230, 0, 0, 0
54649, 190, 0, 0, 0
54749, 260, 0, 0, 0
54849, 230, 0, 0, 0
54949, 230, 0, 0, 0
55049, 260, 0, 0, 0
55149, 200, 0, 0, 0
55249, 210, 0, 0, 0
55349, 250, 0, 0, 0
55450, 190, 0, 0, 0
55550, 230, 0, 0, 0
55650, 210, 0, 0, 0
55749, 252, 0, 0, 0
55849, 230, 0, 0, 0
55949, 220, 0, 0, 0
56049, 220, 0, 0, 0
56149, 230, 0, 0, 0
56249, 200, 0, 0, 0
56349, 150, 0, 0, 0
56449, 170, 0, 0, 0
56549, 250, 0, 0, 0
56649, 250, 0, 0, 0
56749, 200, 0, 0, 0
56849, 220, 0, 0, 0
56949, 190, 0, 0, 0
57050, 210, 0, 0, 0
57150, 190, 0, 0, 0
57249, 212, 0, 0, 0
57349, 200, 0, 0, 0
57449, 220, 0, 0, 0
57549, 280, 0, 0, 0
57649, 210, 0, 0, 0
57749, 200, 0, 0, 0
57849, 200, 0, 0, 0
57949, 190, 0, 0, 0
58049, 220, 0, 0, 0
58149, 190, 0, 0, 0
58249, 230, 0, 0, 0
58349, 230, 0, 0, 0
58449, 190, 0, 0, 0
58550, 260, 0, 0, 0
58650, 220, 0, 0, 0
58749, 191, 0, 0, 0
58849, 190, 0, 0, 0
58949, 200, 0, 0, 0
59049, 290, 0, 0, 0
59149, 220, 0, 0, 0
59249, 180, 0, 0, 0
59349, 290, 0, 0, 0
59449, 290, 0, 0, 0
59549, 310, 0, 0, 0
59649, 210, 0, 0, 0
59749, 210, 0, 0, 0
59849, 180, 0, 0, 0
59949, 210, 0, 0, 0
