116, 10551348, 0, 0, 0
215, 9012895, 0, 0, 0
309, 6247460, 0, 0, 0
413, 9457356, 0, 0, 0
504, 9115107, 0, 0, 0
605, 7769969, 0, 0, 0
707, 11368606, 0, 0, 0
809, 8495130, 0, 0, 0
902, 10279334, 0, 0, 0
1006, 9463625, 0, 0, 0
1103, 6911984, 0, 0, 0
1210, 9740083, 0, 0, 0
1301, 8278593, 0, 0, 0
1406, 8755377, 0, 0, 0
1506, 7646438, 0, 0, 0
1606, 8368432, 0, 0, 0
1704, 12170343, 0, 0, 0
1805, 10163644, 0, 0, 0
1906, 6260361, 0, 0, 0
2008, 9255015, 0, 0, 0
2108, 11200371, 0, 0, 0
2210, 9260035, 0, 0, 0
2309, 7612698, 0, 0, 0
2401, 9130943, 0, 0, 0
2500, 7644398, 0, 0, 0
2614, 8786401, 0, 0, 0
2707, 9290389, 0, 0, 0
2800, 7740662, 0, 0, 0
2903, 9354465, 0, 0, 0
3006, 10287264, 0, 0, 0
3101, 6741875, 0, 0, 0
3200, 8996835, 0, 0, 0
3306, 9681006, 0, 0, 0
3401, 8610189, 0, 0, 0
3501, 7690119, 0, 0, 0
3611, 8488592, 0, 0, 0
3702, 9083969, 0, 0, 0
3804, 7862706, 0, 0, 0
3904, 7115633, 0, 0, 0
4006, 7284512, 0, 0, 0
4101, 7856994, 0, 0, 0
4201, 12601433, 0, 0, 0
4301, 9087736, 0, 0, 0
4401, 8314742, 0, 0, 0
4507, 9586694, 0, 0, 0
4608, 9219256, 0, 0, 0
4707, 10980902, 0, 0, 0
4813, 7582636, 0, 0, 0
4900, 6193774, 0, 0, 0
5005, 8043776, 0, 0, 0
5115, 8510731, 0, 0, 0
5200, 8512106, 0, 0, 0
5305, 10483311, 0, 0, 0
5408, 11386037, 0, 0, 0
5519, 11062700, 0, 0, 0
5606, 9713018, 0, 0, 0
5711, 8709034, 0, 0, 0
5803, 5131555, 0, 0, 0
5905, 8486301, 0, 0, 0
6006, 9198749, 0, 0, 0
6111, 8087395, 0, 0, 0
6205, 7793481, 0, 0, 0
6303, 8895349, 0, 0, 0
6400, 6909997, 0, 0, 0
6505, 9597515, 0, 0, 0
6604, 8980641, 0, 0, 0
6702, 10888797, 0, 0, 0
6805, 9336047, 0, 0, 0
6901, 9594269, 0, 0, 0
7002, 9172445, 0, 0, 0
7108, 9637067, 0, 0, 0
7208, 9062055, 0, 0, 0
7302, 10533203, 0, 0, 0
7404, 10186387, 0, 0, 0
7509, 9519035, 0, 0, 0
7603, 7213651, 0, 0, 0
7706, 7890541, 0, 0, 0
7804, 8945330, 0, 0, 0
7909, 8718155, 0, 0, 0
8015, 13258073, 0, 0, 0
8105, 7535229, 0, 0, 0
8214, 12063238, 0, 0, 0
8301, 9703961, 0, 0, 0
8407, 9574879, 0, 0, 0
8508, 9171783, 0, 0, 0
8604, 10732649, 0, 0, 0
8709, 9526150, 0, 0, 0
8809, 8302675, 0, 0, 0
8909, 9059722, 0, 0, 0
9013, 9510312, 0, 0, 0
9103, 8939327, 0, 0, 0
9207, 8667601, 0, 0, 0
9307, 9967537, 0, 0, 0
9412, 7039292, 0, 0, 0
9506, 7830703, 0, 0, 0
9607, 9114553, 0, 0, 0
9703, 8781215, 0, 0, 0
9803, 9062548, 0, 0, 0
9903, 6663079, 0, 0, 0
10001, 10877830, 0, 0, 0
10100, 8219244, 0, 0, 0
10202, 6785894, 0, 0, 0
10302, 8363311, 0, 0, 0
10404, 6766709, 0, 0, 0
10504, 9109709, 0, 0, 0
10600, 9588135, 0, 0, 0
10708, 12037727, 0, 0, 0
10810, 9243680, 0, 0, 0
10905, 5951964, 0, 0, 0
11010, 10464612, 0, 0, 0
11108, 8198492, 0, 0, 0
11206, 8909736, 0, 0, 0
11305, 10930743, 0, 0, 0
11405, 11077824, 0, 0, 0
11505, 8386213, 0, 0, 0
11605, 6227164, 0, 0, 0
11711, 8191393, 0, 0, 0
11802, 9029310, 0, 0, 0
11910, 10799490, 0, 0, 0
12002, 8394943, 0, 0, 0
12104, 8487267, 0, 0, 0
12208, 9422321, 0, 0, 0
12307, 7654023, 0, 0, 0
12403, 8664525, 0, 0, 0
12509, 7565985, 0, 0, 0
12610, 10124225, 0, 0, 0
12704, 7823554, 0, 0, 0
12802, 8147289, 0, 0, 0
12912, 9170196, 0, 0, 0
13012, 9992254, 0, 0, 0
13104, 8384696, 0, 0, 0
13206, 9266617, 0, 0, 0
13307, 7797089, 0, 0, 0
13405, 8875340, 0, 0, 0
13508, 8538172, 0, 0, 0
13604, 8060120, 0, 0, 0
13704, 9040989, 0, 0, 0
13800, 8717438, 0, 0, 0
13910, 7850070, 0, 0, 0
14002, 7098276, 0, 0, 0
14106, 8665599, 0, 0, 0
14206, 8313469, 0, 0, 0
14307, 10077273, 0, 0, 0
14400, 10368944, 0, 0, 0
14517, 7779378, 0, 0, 0
14600, 7498133, 0, 0, 0
14709, 10938085, 0, 0, 0
14813, 8633785, 0, 0, 0
14911, 10897464, 0, 0, 0
15007, 8742729, 0, 0, 0
15103, 8692004, 0, 0, 0
15215, 9381246, 0, 0, 0
15301, 8582571, 0, 0, 0
15406, 8707822, 0, 0, 0
15509, 10366730, 0, 0, 0
15604, 8595343, 0, 0, 0
15704, 8349100, 0, 0, 0
15803, 8956753, 0, 0, 0
15905, 6809817, 0, 0, 0
16001, 7994945, 0, 0, 0
16100, 8291630, 0, 0, 0
16203, 8572683, 0, 0, 0
16302, 10949681, 0, 0, 0
16402, 8304217, 0, 0, 0
16509, 8905698, 0, 0, 0
16600, 10131232, 0, 0, 0
16702, 8516752, 0, 0, 0
16801, 6604328, 0, 0, 0
16907, 8161968, 0, 0, 0
17001, 8504812, 0, 0, 0
17109, 9009218, 0, 0, 0
17203, 8569840, 0, 0, 0
17307, 9374332, 0, 0, 0
17401, 7266644, 0, 0, 0
17500, 11008986, 0, 0, 0
17605, 6561540, 0, 0, 0
17700, 7868991, 0, 0, 0
17800, 10002266, 0, 0, 0
17901, 7769731, 0, 0, 0
18002, 10086742, 0, 0, 0
18109, 8240965, 0, 0, 0
18202, 7714276, 0, 0, 0
18303, 6786722, 0, 0, 0
18403, 8262677, 0, 0, 0
18512, 7837394, 0, 0, 0
18600, 5448464, 0, 0, 0
18707, 8907383, 0, 0, 0
18800, 9345553, 0, 0, 0
18905, 9559757, 0, 0, 0
19006, 9178118, 0, 0, 0
19102, 10628674, 0, 0, 0
19204, 10220564, 0, 0, 0
19304, 9983933, 0, 0, 0
19400, 8703657, 0, 0, 0
19501, 7760557, 0, 0, 0
19606, 6180780, 0, 0, 0
19707, 10080494, 0, 0, 0
19810, 8601541, 0, 0, 0
19901, 10073171, 0, 0, 0
20011, 9150730, 0, 0, 0
20100, 8082183, 0, 0, 0
20211, 8570982, 0, 0, 0
20304, 8461138, 0, 0, 0
20404, 8289261, 0, 0, 0
20502, 8915725, 0, 0, 0
20603, 10066044, 0, 0, 0
20702, 9052386, 0, 0, 0
20812, 9142433, 0, 0, 0
20902, 6900556, 0, 0, 0
21009, 8900647, 0, 0, 0
21106, 9690006, 0, 0, 0
21212, 11860577, 0, 0, 0
21307, 11771193, 0, 0, 0
21411, 9465495, 0, 0, 0
21505, 7873078, 0, 0, 0
21605, 9053264, 0, 0, 0
21707, 10171676, 0, 0, 0
21800, 9304673, 0, 0, 0
21900, 8336682, 0, 0, 0
22005, 9595381, 0, 0, 0
22105, 11032559, 0, 0, 0
22207, 8526014, 0, 0, 0
22309, 10144525, 0, 0, 0
22404, 8670560, 0, 0, 0
22506, 11383847, 0, 0, 0
22602, 8728368, 0, 0, 0
22708, 11674053, 0, 0, 0
22810, 14691150, 0, 0, 0
22904, 9374661, 0, 0, 0
23007, 7312500, 0, 0, 0
23106, 7666379, 0, 0, 0
23200, 11732784, 0, 0, 0
23304, 11505745, 0, 0, 0
23404, 11128316, 0, 0, 0
23503, 14114154, 0, 0, 0
23611, 10836495, 0, 0, 0
23705, 9405223, 0, 0, 0
23806, 7206119, 0, 0, 0
23914, 10780131, 0, 0, 0
24000, 7805037, 0, 0, 0
24109, 6382998, 0, 0, 0
24205, 10703331, 0, 0, 0
24309, 11494321, 0, 0, 0
24407, 10931833, 0, 0, 0
24502, 9454121, 0, 0, 0
24603, 11308229, 0, 0, 0
24713, 9108800, 0, 0, 0
24805, 11576108, 0, 0, 0
24901, 11974633, 0, 0, 0
25002, 7195681, 0, 0, 0
25103, 11161689, 0, 0, 0
25207, 9534355, 0, 0, 0
25310, 8530017, 0, 0, 0
25404, 11766375, 0, 0, 0
25503, 10998142, 0, 0, 0
25608, 8770519, 0, 0, 0
25706, 8129938, 0, 0, 0
25805, 7606191, 0, 0, 0
25902, 6916414, 0, 0, 0
26002, 11087341, 0, 0, 0
26104, 8492234, 0, 0, 0
26201, 8849280, 0, 0, 0
26309, 10786999, 0, 0, 0
26406, 10836891, 0, 0, 0
26500, 10402642, 0, 0, 0
26605, 8098593, 0, 0, 0
26708, 7311001, 0, 0, 0
26806, 12236687, 0, 0, 0
26905, 8996229, 0, 0, 0
27014, 13693786, 0, 0, 0
27109, 10494389, 0, 0, 0
27209, 11098188, 0, 0, 0
27300, 9138211, 0, 0, 0
27402, 8440943, 0, 0, 0
27504, 9268772, 0, 0, 0
27602, 8196244, 0, 0, 0
27701, 9041938, 0, 0, 0
27804, 9275610, 0, 0, 0
27904, 8349087, 0, 0, 0
28002, 8199940, 0, 0, 0
28105, 10242740, 0, 0, 0
28201, 8769252, 0, 0, 0
28303, 9262911, 0, 0, 0
28407, 8686210, 0, 0, 0
28504, 9663854, 0, 0, 0
28606, 10148868, 0, 0, 0
28707, 9208277, 0, 0, 0
28800, 8493319, 0, 0, 0
28904, 9425522, 0, 0, 0
29009, 9495084, 0, 0, 0
29102, 6661722, 0, 0, 0
29210, 8998196, 0, 0, 0
29305, 9459322, 0, 0, 0
29408, 9346078, 0, 0, 0
29507, 10993668, 0, 0, 0
29612, 8752551, 0, 0, 0
29707, 8622422, 0, 0, 0
29803, 10668303, 0, 0, 0
29911, 7239426, 0, 0, 0
30006, 8651780, 0, 0, 0
30102, 6841472, 0, 0, 0
30202, 9051912, 0, 0, 0
30300, 7572606, 0, 0, 0
30402, 10102144, 0, 0, 0
30508, 9636652, 0, 0, 0
30614, 8829194, 0, 0, 0
30702, 11098978, 0, 0, 0
30804, 8439746, 0, 0, 0
30901, 8875395, 0, 0, 0
31004, 11434820, 0, 0, 0
31101, 9693109, 0, 0, 0
31205, 9380295, 0, 0, 0
31315, 12208829, 0, 0, 0
31402, 8788841, 0, 0, 0
31503, 10012800, 0, 0, 0
31609, 10645481, 0, 0, 0
31707, 12229851, 0, 0, 0
31815, 10822361, 0, 0, 0
31905, 9930432, 0, 0, 0
32000, 8679898, 0, 0, 0
32100, 7131740, 0, 0, 0
32203, 9390779, 0, 0, 0
32303, 8311204, 0, 0, 0
32401, 7554999, 0, 0, 0
32502, 8349765, 0, 0, 0
32602, 8378447, 0, 0, 0
32707, 9473536, 0, 0, 0
32811, 11617788, 0, 0, 0
32908, 9690821, 0, 0, 0
33014, 9597371, 0, 0, 0
33104, 10021058, 0, 0, 0
33201, 8097541, 0, 0, 0
33304, 11382849, 0, 0, 0
33414, 7885063, 0, 0, 0
33504, 10028458, 0, 0, 0
33606, 11331943, 0, 0, 0
33702, 7321009, 0, 0, 0
33804, 10205692, 0, 0, 0
33904, 10016818, 0, 0, 0
34003, 9907939, 0, 0, 0
34100, 10745214, 0, 0, 0
34200, 11125812, 0, 0, 0
34304, 10400005, 0, 0, 0
34402, 14000299, 0, 0, 0
34500, 8919459, 0, 0, 0
34600, 9932080, 0, 0, 0
34714, 8769813, 0, 0, 0
34806, 15317665, 0, 0, 0
34904, 9883061, 0, 0, 0
35008, 11462983, 0, 0, 0
35113, 11716513, 0, 0, 0
35204, 9096711, 0, 0, 0
35307, 9396925, 0, 0, 0
35411, 10295615, 0, 0, 0
35502, 7050541, 0, 0, 0
35606, 12915022, 0, 0, 0
35712, 8850694, 0, 0, 0
35803, 10106307, 0, 0, 0
35901, 9850920, 0, 0, 0
36003, 9270831, 0, 0, 0
36100, 8730601, 0, 0, 0
36205, 9549250, 0, 0, 0
36303, 9874356, 0, 0, 0
36404, 12589936, 0, 0, 0
36501, 9704115, 0, 0, 0
36607, 9574650, 0, 0, 0
36709, 9337257, 0, 0, 0
36813, 10309919, 0, 0, 0
36902, 8912517, 0, 0, 0
37011, 9969140, 0, 0, 0
37108, 10715598, 0, 0, 0
37202, 9442182, 0, 0, 0
37306, 7424217, 0, 0, 0
37402, 7958540, 0, 0, 0
37510, 9789617, 0, 0, 0
37602, 7083807, 0, 0, 0
37710, 9001178, 0, 0, 0
37802, 7672320, 0, 0, 0
37911, 9060693, 0, 0, 0
38006, 10606778, 0, 0, 0
38108, 11248251, 0, 0, 0
38215, 10777597, 0, 0, 0
38304, 8872370, 0, 0, 0
38402, 8846948, 0, 0, 0
38500, 7589856, 0, 0, 0
38601, 10097199, 0, 0, 0
38706, 8017030, 0, 0, 0
38810, 11631652, 0, 0, 0
38912, 11320115, 0, 0, 0
39011, 10987450, 0, 0, 0
39100, 7352728, 0, 0, 0
39201, 10089944, 0, 0, 0
39311, 9225357, 0, 0, 0
39400, 9893589, 0, 0, 0
39505, 6556329, 0, 0, 0
39606, 11145005, 0, 0, 0
39702, 12073754, 0, 0, 0
39803, 9143214, 0, 0, 0
39911, 7686402, 0, 0, 0
40009, 8913220, 0, 0, 0
40106, 8829399, 0, 0, 0
40204, 7520183, 0, 0, 0
40307, 12944349, 0, 0, 0
40402, 8601789, 0, 0, 0
40500, 8889688, 0, 0, 0
40602, 11317844, 0, 0, 0
40708, 7578838, 0, 0, 0
40801, 11692848, 0, 0, 0
40904, 10284023, 0, 0, 0
41004, 8285348, 0, 0, 0
41108, 9479496, 0, 0, 0
41200, 9149627, 0, 0, 0
41311, 9243219, 0, 0, 0
41400, 8158338, 0, 0, 0
41508, 10733652, 0, 0, 0
41603, 7948928, 0, 0, 0
41708, 10466748, 0, 0, 0
41801, 8469505, 0, 0, 0
41902, 8438007, 0, 0, 0
42001, 10932237, 0, 0, 0
42103, 11354441, 0, 0, 0
42205, 9233478, 0, 0, 0
42306, 7218314, 0, 0, 0
42401, 7952230, 0, 0, 0
42503, 8501123, 0, 0, 0
42609, 8137933, 0, 0, 0
42707, 9831187, 0, 0, 0
42804, 10752290, 0, 0, 0
42900, 10682053, 0, 0, 0
43009, 10897454, 0, 0, 0
43103, 10395679, 0, 0, 0
43204, 10137587, 0, 0, 0
43306, 7780169, 0, 0, 0
43400, 13512704, 0, 0, 0
43500, 7681172, 0, 0, 0
43603, 8594769, 0, 0, 0
43710, 8185685, 0, 0, 0
43805, 10569143, 0, 0, 0
43909, 8006222, 0, 0, 0
44002, 9250448, 0, 0, 0
44101, 9942845, 0, 0, 0
44200, 10999169, 0, 0, 0
44300, 9937637, 0, 0, 0
44408, 9064690, 0, 0, 0
44506, 8895143, 0, 0, 0
44601, 8607349, 0, 0, 0
44709, 9017300, 0, 0, 0
44806, 10732634, 0, 0, 0
44908, 7882651, 0, 0, 0
45008, 8285427, 0, 0, 0
45117, 7799017, 0, 0, 0
45205, 12524930, 0, 0, 0
45309, 10397089, 0, 0, 0
45404, 7884059, 0, 0, 0
45500, 8756143, 0, 0, 0
45600, 8306292, 0, 0, 0
45712, 10241322, 0, 0, 0
45800, 10949380, 0, 0, 0
45901, 9163247, 0, 0, 0
46013, 11167929, 0, 0, 0
46100, 7297794, 0, 0, 0
46204, 9454681, 0, 0, 0
46303, 8983152, 0, 0, 0
46415, 11167265, 0, 0, 0
46510, 7296053, 0, 0, 0
46602, 11569189, 0, 0, 0
46705, 9317235, 0, 0, 0
46808, 8569299, 0, 0, 0
46902, 8589632, 0, 0, 0
47006, 5785964, 0, 0, 0
47108, 11261290, 0, 0, 0
47208, 7694127, 0, 0, 0
47307, 8286345, 0, 0, 0
47401, 7827603, 0, 0, 0
47500, 8182882, 0, 0, 0
47605, 9613440, 0, 0, 0
47701, 10579411, 0, 0, 0
47806, 7543307, 0, 0, 0
47912, 8114728, 0, 0, 0
48013, 11279707, 0, 0, 0
48106, 8418314, 0, 0, 0
48208, 7842160, 0, 0, 0
48310, 8469739, 0, 0, 0
48407, 10756098, 0, 0, 0
48501, 7879846, 0, 0, 0
48606, 9553948, 0, 0, 0
48700, 10422709, 0, 0, 0
48819, 9896973, 0, 0, 0
48907, 8788659, 0, 0, 0
49004, 10778819, 0, 0, 0
49105, 7733437, 0, 0, 0
49213, 9823264, 0, 0, 0
49303, 11355188, 0, 0, 0
49408, 11623738, 0, 0, 0
49505, 9729305, 0, 0, 0
49615, 12133568, 0, 0, 0
49703, 12584934, 0, 0, 0
49802, 9925386, 0, 0, 0
49902, 11085278, 0, 0, 0
50000, 8938145, 0, 0, 0
50103, 9362042, 0, 0, 0
50207, 11489134, 0, 0, 0
50303, 9607250, 0, 0, 0
50403, 11096027, 0, 0, 0
50501, 8144738, 0, 0, 0
50602, 8446497, 0, 0, 0
50704, 10192947, 0, 0, 0
50801, 10792903, 0, 0, 0
50900, 10982537, 0, 0, 0
51005, 10483006, 0, 0, 0
51103, 7009521, 0, 0, 0
51206, 11435073, 0, 0, 0
51301, 8656246, 0, 0, 0
51405, 10331128, 0, 0, 0
51503, 8942505, 0, 0, 0
51616, 10257084, 0, 0, 0
51713, 12069666, 0, 0, 0
51800, 10892604, 0, 0, 0
51903, 11496250, 0, 0, 0
52007, 10370152, 0, 0, 0
52104, 8783972, 0, 0, 0
52202, 10958029, 0, 0, 0
52304, 11311336, 0, 0, 0
52402, 9778608, 0, 0, 0
52500, 8172175, 0, 0, 0
52602, 8484409, 0, 0, 0
52701, 8981775, 0, 0, 0
52804, 11466076, 0, 0, 0
52903, 11003077, 0, 0, 0
53013, 8431302, 0, 0, 0
53103, 11248521, 0, 0, 0
53204, 8419448, 0, 0, 0
53310, 8184316, 0, 0, 0
53400, 8982932, 0, 0, 0
53505, 8041449, 0, 0, 0
53610, 8067036, 0, 0, 0
53708, 9876800, 0, 0, 0
53807, 10905679, 0, 0, 0
53902, 8619744, 0, 0, 0
54001, 9955611, 0, 0, 0
54100, 12346581, 0, 0, 0
54202, 9254042, 0, 0, 0
54308, 10658136, 0, 0, 0
54402, 15588114, 0, 0, 0
54511, 9120091, 0, 0, 0
54600, 8851564, 0, 0, 0
54702, 11324427, 0, 0, 0
54801, 11047406, 0, 0, 0
54901, 8315632, 0, 0, 0
55000, 8255812, 0, 0, 0
55109, 6039937, 0, 0, 0
55206, 8828840, 0, 0, 0
55316, 10991097, 0, 0, 0
55402, 9483703, 0, 0, 0
55500, 8935916, 0, 0, 0
55613, 11278101, 0, 0, 0
55702, 8880247, 0, 0, 0
55805, 8582329, 0, 0, 0
55908, 9400542, 0, 0, 0
56004, 8736303, 0, 0, 0
56110, 8131421, 0, 0, 0
56203, 9326004, 0, 0, 0
56314, 10076645, 0, 0, 0
56412, 9768028, 0, 0, 0
56503, 8287703, 0, 0, 0
56604, 9159238, 0, 0, 0
56705, 6743096, 0, 0, 0
56802, 9672971, 0, 0, 0
56911, 10934815, 0, 0, 0
57002, 9026945, 0, 0, 0
57106, 8685106, 0, 0, 0
57201, 9476009, 0, 0, 0
57307, 11847487, 0, 0, 0
57406, 8943199, 0, 0, 0
57504, 12240353, 0, 0, 0
57600, 8742187, 0, 0, 0
57707, 7153809, 0, 0, 0
57804, 10721779, 0, 0, 0
57915, 11085035, 0, 0, 0
58005, 11224488, 0, 0, 0
58107, 11331652, 0, 0, 0
58202, 8709058, 0, 0, 0
58310, 11920138, 0, 0, 0
58402, 7674811, 0, 0, 0
58500, 8210304, 0, 0, 0
58606, 10576789, 0, 0, 0
58701, 7289393, 0, 0, 0
58804, 8602878, 0, 0, 0
58902, 10875673, 0, 0, 0
59006, 8631474, 0, 0, 0
59101, 9514559, 0, 0, 0
59204, 10305729, 0, 0, 0
59304, 9048937, 0, 0, 0
59409, 11667281, 0, 0, 0
59510, 10164228, 0, 0, 0
59605, 7873266, 0, 0, 0
59700, 8674559, 0, 0, 0
59805, 10440089, 0, 0, 0
59901, 9644188, 0, 0, 0
60001, 6623126, 0, 0, 0
