100, 11541719, 0, 0, 0
200, 11353344, 0, 0, 0
301, 7785351, 0, 0, 0
401, 8448491, 0, 0, 0
500, 9205173, 0, 0, 0
600, 6605060, 0, 0, 0
700, 10330130, 0, 0, 0
800, 14167199, 0, 0, 0
900, 15923994, 0, 0, 0
1000, 10503320, 0, 0, 0
1100, 7064217, 0, 0, 0
1201, 11723582, 0, 0, 0
1300, 13463296, 0, 0, 0
1400, 12428696, 0, 0, 0
1500, 8897022, 0, 0, 0
1600, 8193733, 0, 0, 0
1700, 13820284, 0, 0, 0
1800, 10642397, 0, 0, 0
1900, 5015068, 0, 0, 0
2000, 16427005, 0, 0, 0
2100, 13827707, 0, 0, 0
2200, 9836288, 0, 0, 0
2300, 9129842, 0, 0, 0
2400, 9680146, 0, 0, 0
2500, 8178338, 0, 0, 0
2600, 7410342, 0, 0, 0
2700, 9026915, 0, 0, 0
2800, 8169193, 0, 0, 0
2901, 5480945, 0, 0, 0
3000, 11490105, 0, 0, 0
3100, 12814241, 0, 0, 0
3200, 8357363, 0, 0, 0
3300, 12179406, 0, 0, 0
3400, 7115363, 0, 0, 0
3500, 11888358, 0, 0, 0
3600, 6867325, 0, 0, 0
3700, 9790691, 0, 0, 0
3800, 10687035, 0, 0, 0
3902, 10126659, 0, 0, 0
4000, 11439498, 0, 0, 0
4100, 16883930, 0, 0, 0
4200, 8140192, 0, 0, 0
4300, 11106511, 0, 0, 0
4400, 6811057, 0, 0, 0
4500, 8052201, 0, 0, 0
4600, 14344763, 0, 0, 0
4700, 22588429, 0, 0, 0
4800, 7700789, 0, 0, 0
4900, 8490377, 0, 0, 0
5000, 10290630, 0, 0, 0
5100, 5238181, 0, 0, 0
5200, 11282911, 0, 0, 0
5300, 12544855, 0, 0, 0
5400, 7680339, 0, 0, 0
5500, 15544267, 0, 0, 0
5600, 11329751, 0, 0, 0
5700, 6832168, 0, 0, 0
5800, 8296103, 0, 0, 0
5900, 5815182, 0, 0, 0
6000, 15573709, 0, 0, 0
6100, 8513095, 0, 0, 0
6200, 11906450, 0, 0, 0
6300, 12006629, 0, 0, 0
6400, 9036687, 0, 0, 0
6500, 10120576, 0, 0, 0
6600, 10989172, 0, 0, 0
6700, 16400770, 0, 0, 0
6800, 9235442, 0, 0, 0
6900, 16356747, 0, 0, 0
7000, 9085671, 0, 0, 0
7100, 7821448, 0, 0, 0
7200, 10132651, 0, 0, 0
7300, 11761519, 0, 0, 0
7400, 6353329, 0, 0, 0
7501, 10483820, 0, 0, 0
7600, 12901611, 0, 0, 0
7700, 8619582, 0, 0, 0
7800, 8832851, 0, 0, 0
7900, 15868080, 0, 0, 0
8000, 10203892, 0, 0, 0
8100, 7058225, 0, 0, 0
8200, 7271390, 0, 0, 0
8300, 13346704, 0, 0, 0
8400, 14374324, 0, 0, 0
8500, 10968497, 0, 0, 0
8601, 10877921, 0, 0, 0
8700, 15158487, 0, 0, 0
8800, 11883494, 0, 0, 0
8902, 10935084, 0, 0, 0
9000, 12269562, 0, 0, 0
9100, 15552936, 0, 0, 0
9200, 6180838, 0, 0, 0
9301, 11661971, 0, 0, 0
9400, 9318182, 0, 0, 0
9500, 7768002, 0, 0, 0
9600, 12017982, 0, 0, 0
9700, 5746603, 0, 0, 0
9800, 12974780, 0, 0, 0
9900, 7467762, 0, 0, 0
10002, 9121402, 0, 0, 0
10101, 19279568, 0, 0, 0
10200, 14102593, 0, 0, 0
10300, 12470221, 0, 0, 0
10400, 13424867, 0, 0, 0
10500, 7289283, 0, 0, 0
10600, 14078321, 0, 0, 0
10700, 6740262, 0, 0, 0
10800, 10355152, 0, 0, 0
10901, 17378902, 0, 0, 0
11000, 8490031, 0, 0, 0
11100, 11853715, 0, 0, 0
11200, 13215190, 0, 0, 0
11300, 8832383, 0, 0, 0
11401, 10195043, 0, 0, 0
11501, 8793028, 0, 0, 0
11601, 12393924, 0, 0, 0
11701, 13826502, 0, 0, 0
11800, 11675985, 0, 0, 0
11900, 9127475, 0, 0, 0
12000, 9901477, 0, 0, 0
12100, 7738888, 0, 0, 0
12200, 13983539, 0, 0, 0
12300, 16517227, 0, 0, 0
12401, 11288989, 0, 0, 0
12500, 9089439, 0, 0, 0
12600, 9580927, 0, 0, 0
12700, 13453655, 0, 0, 0
12800, 12692619, 0, 0, 0
12900, 9399114, 0, 0, 0
13000, 10483327, 0, 0, 0
13100, 11595693, 0, 0, 0
13200, 10538730, 0, 0, 0
13300, 9067395, 0, 0, 0
13400, 11444985, 0, 0, 0
13503, 15492357, 0, 0, 0
13600, 13787355, 0, 0, 0
13700, 10080826, 0, 0, 0
13800, 14811412, 0, 0, 0
13900, 14573642, 0, 0, 0
14000, 11000481, 0, 0, 0
14100, 13881000, 0, 0, 0
14200, 13594220, 0, 0, 0
14300, 9160054, 0, 0, 0
14400, 6881318, 0, 0, 0
14504, 11607666, 0, 0, 0
14600, 15943816, 0, 0, 0
14702, 13560052, 0, 0, 0
14800, 8232174, 0, 0, 0
14900, 12876318, 0, 0, 0
15000, 15221197, 0, 0, 0
15101, 13650793, 0, 0, 0
15200, 6934687, 0, 0, 0
15300, 12127865, 0, 0, 0
15400, 9750203, 0, 0, 0
15500, 12126392, 0, 0, 0
15600, 8959019, 0, 0, 0
15702, 8824752, 0, 0, 0
15800, 11129032, 0, 0, 0
15900, 14836337, 0, 0, 0
16000, 13365213, 0, 0, 0
16100, 9449035, 0, 0, 0
16200, 9410363, 0, 0, 0
16300, 6320854, 0, 0, 0
16401, 10373040, 0, 0, 0
16500, 13828936, 0, 0, 0
16600, 12413020, 0, 0, 0
16701, 12352729, 0, 0, 0
16800, 8280677, 0, 0, 0
16901, 7254286, 0, 0, 0
17000, 8243691, 0, 0, 0
17101, 10099038, 0, 0, 0
17200, 8842459, 0, 0, 0
17302, 13574716, 0, 0, 0
17400, 13492916, 0, 0, 0
17500, 10352712, 0, 0, 0
17600, 9654210, 0, 0, 0
17702, 11337101, 0, 0, 0
17800, 10186153, 0, 0, 0
17900, 15888192, 0, 0, 0
18001, 12065410, 0, 0, 0
18100, 11269957, 0, 0, 0
18200, 10541896, 0, 0, 0
18300, 11116051, 0, 0, 0
18400, 13719264, 0, 0, 0
18500, 6525782, 0, 0, 0
18600, 8579623, 0, 0, 0
18700, 12898533, 0, 0, 0
18800, 10099235, 0, 0, 0
18900, 7767693, 0, 0, 0
19000, 16635718, 0, 0, 0
19100, 12110542, 0, 0, 0
19200, 12145696, 0, 0, 0
19300, 8985419, 0, 0, 0
19401, 10646376, 0, 0, 0
19500, 9383977, 0, 0, 0
19600, 13556407, 0, 0, 0
19700, 11104543, 0, 0, 0
19800, 8546429, 0, 0, 0
19900, 14248016, 0, 0, 0
20001, 10083767, 0, 0, 0
20100, 14069353, 0, 0, 0
20200, 16732945, 0, 0, 0
20301, 10900593, 0, 0, 0
20400, 10891652, 0, 0, 0
20500, 16676457, 0, 0, 0
20600, 16284016, 0, 0, 0
20703, 12653942, 0, 0, 0
20800, 13172149, 0, 0, 0
20900, 10178668, 0, 0, 0
21000, 13910123, 0, 0, 0
21100, 11997118, 0, 0, 0
21200, 9218641, 0, 0, 0
21300, 15279032, 0, 0, 0
21400, 17721054, 0, 0, 0
21501, 8976000, 0, 0, 0
21600, 11949023, 0, 0, 0
21700, 18922520, 0, 0, 0
21801, 9259094, 0, 0, 0
21900, 13885878, 0, 0, 0
22000, 18657324, 0, 0, 0
22100, 12226407, 0, 0, 0
22200, 9662999, 0, 0, 0
22300, 10648583, 0, 0, 0
22400, 8080182, 0, 0, 0
22500, 10038096, 0, 0, 0
22600, 13784534, 0, 0, 0
22700, 12893787, 0, 0, 0
22800, 10077457, 0, 0, 0
22900, 13676646, 0, 0, 0
23001, 14775637, 0, 0, 0
23101, 7339800, 0, 0, 0
23200, 12236627, 0, 0, 0
23301, 13887481, 0, 0, 0
23402, 25510764, 0, 0, 0
23501, 14915094, 0, 0, 0
23602, 9066698, 0, 0, 0
23700, 19513399, 0, 0, 0
23800, 14655845, 0, 0, 0
23900, 16711664, 0, 0, 0
24000, 11981603, 0, 0, 0
24100, 9936281, 0, 0, 0
24200, 12021330, 0, 0, 0
24300, 15082446, 0, 0, 0
24400, 12807746, 0, 0, 0
24500, 15480091, 0, 0, 0
24600, 11975832, 0, 0, 0
24700, 9455158, 0, 0, 0
24800, 11816730, 0, 0, 0
24900, 14415068, 0, 0, 0
25000, 6590916, 0, 0, 0
25100, 9567160, 0, 0, 0
25200, 12925985, 0, 0, 0
25300, 8759067, 0, 0, 0
25400, 10671581, 0, 0, 0
25500, 11469336, 0, 0, 0
25600, 9769398, 0, 0, 0
25700, 9615379, 0, 0, 0
25800, 10515679, 0, 0, 0
25900, 15951879, 0, 0, 0
26000, 12912294, 0, 0, 0
26100, 11319179, 0, 0, 0
26200, 12863455, 0, 0, 0
26300, 14704648, 0, 0, 0
26400, 11522794, 0, 0, 0
26501, 10225064, 0, 0, 0
26600, 12063612, 0, 0, 0
26700, 8582877, 0, 0, 0
26801, 11378732, 0, 0, 0
26900, 11302797, 0, 0, 0
27000, 12195433, 0, 0, 0
27100, 10735039, 0, 0, 0
27200, 9918521, 0, 0, 0
27300, 13750583, 0, 0, 0
27400, 15974388, 0, 0, 0
27501, 11965383, 0, 0, 0
27600, 13326195, 0, 0, 0
27700, 11084115, 0, 0, 0
27803, 14389734, 0, 0, 0
27900, 9479110, 0, 0, 0
28000, 13700770, 0, 0, 0
28101, 9885621, 0, 0, 0
28200, 11387430, 0, 0, 0
28300, 14198174, 0, 0, 0
28400, 12835045, 0, 0, 0
28500, 12357386, 0, 0, 0
28601, 9407192, 0, 0, 0
28700, 11393627, 0, 0, 0
28800, 19346084, 0, 0, 0
28900, 13556891, 0, 0, 0
29002, 12746193, 0, 0, 0
29100, 15108713, 0, 0, 0
29202, 10709971, 0, 0, 0
29300, 11676613, 0, 0, 0
29400, 11913876, 0, 0, 0
29500, 8638657, 0, 0, 0
29601, 10744936, 0, 0, 0
29700, 9180376, 0, 0, 0
29800, 9683026, 0, 0, 0
29900, 12536984, 0, 0, 0
30000, 14483725, 0, 0, 0
30100, 10544127, 0, 0, 0
30201, 9093039, 0, 0, 0
30300, 13850943, 0, 0, 0
30400, 10809172, 0, 0, 0
30500, 20059967, 0, 0, 0
30600, 17566721, 0, 0, 0
30700, 12025840, 0, 0, 0
30801, 14547375, 0, 0, 0
30900, 12543217, 0, 0, 0
31000, 10617258, 0, 0, 0
31100, 12186395, 0, 0, 0
31200, 16357868, 0, 0, 0
31300, 11062966, 0, 0, 0
31401, 10424841, 0, 0, 0
31500, 13262425, 0, 0, 0
31600, 11536443, 0, 0, 0
31700, 9890563, 0, 0, 0
31800, 12668579, 0, 0, 0
31900, 11938390, 0, 0, 0
32000, 15180954, 0, 0, 0
32100, 11234720, 0, 0, 0
32201, 17549087, 0, 0, 0
32300, 12942818, 0, 0, 0
32401, 16338996, 0, 0, 0
32500, 15557716, 0, 0, 0
32601, 17629700, 0, 0, 0
32700, 10351516, 0, 0, 0
32801, 11167089, 0, 0, 0
32900, 11555014, 0, 0, 0
33000, 12041865, 0, 0, 0
33100, 15342404, 0, 0, 0
33200, 10825144, 0, 0, 0
33300, 13614309, 0, 0, 0
33400, 10315388, 0, 0, 0
33500, 13802320, 0, 0, 0
33600, 9008752, 0, 0, 0
33700, 12017155, 0, 0, 0
33800, 13952148, 0, 0, 0
33900, 15759512, 0, 0, 0
34000, 12488165, 0, 0, 0
34100, 9145428, 0, 0, 0
34200, 9677670, 0, 0, 0
34300, 9739135, 0, 0, 0
34401, 16154476, 0, 0, 0
34501, 16658612, 0, 0, 0
34600, 19893769, 0, 0, 0
34700, 10909573, 0, 0, 0
34800, 10551015, 0, 0, 0
34900, 9958092, 0, 0, 0
35000, 6447933, 0, 0, 0
35100, 11880511, 0, 0, 0
35200, 13848899, 0, 0, 0
35300, 9957575, 0, 0, 0
35400, 19054638, 0, 0, 0
35500, 9663577, 0, 0, 0
35600, 10115692, 0, 0, 0
35700, 15524665, 0, 0, 0
35800, 6503178, 0, 0, 0
35900, 12017298, 0, 0, 0
36000, 13985672, 0, 0, 0
36100, 10775757, 0, 0, 0
36200, 13992397, 0, 0, 0
36300, 8843704, 0, 0, 0
36400, 7936065, 0, 0, 0
36500, 11818541, 0, 0, 0
36601, 9587872, 0, 0, 0
36700, 15769370, 0, 0, 0
36800, 10545531, 0, 0, 0
36900, 11059924, 0, 0, 0
37000, 14515692, 0, 0, 0
37100, 17630601, 0, 0, 0
37200, 8947040, 0, 0, 0
37301, 7334768, 0, 0, 0
37400, 9359093, 0, 0, 0
37500, 18882208, 0, 0, 0
37600, 15483076, 0, 0, 0
37700, 12725930, 0, 0, 0
37800, 12831659, 0, 0, 0
37901, 11834322, 0, 0, 0
38000, 9570729, 0, 0, 0
38100, 12591777, 0, 0, 0
38200, 9111966, 0, 0, 0
38300, 10948500, 0, 0, 0
38400, 10795672, 0, 0, 0
38500, 18629365, 0, 0, 0
38600, 11126047, 0, 0, 0
38701, 11303913, 0, 0, 0
38801, 15332990, 0, 0, 0
38900, 16413216, 0, 0, 0
39002, 7480611, 0, 0, 0
39100, 15342502, 0, 0, 0
39200, 13486966, 0, 0, 0
39300, 10090796, 0, 0, 0
39400, 12095335, 0, 0, 0
39501, 13241548, 0, 0, 0
39600, 14132697, 0, 0, 0
39700, 18269702, 0, 0, 0
39800, 10738664, 0, 0, 0
39900, 22508545, 0, 0, 0
40000, 14227103, 0, 0, 0
40101, 13218506, 0, 0, 0
40200, 14332596, 0, 0, 0
40300, 10715239, 0, 0, 0
40402, 12094200, 0, 0, 0
40501, 12568167, 0, 0, 0
40600, 13467154, 0, 0, 0
40700, 16389053, 0, 0, 0
40800, 9347089, 0, 0, 0
40900, 15005770, 0, 0, 0
41000, 10727967, 0, 0, 0
41100, 11812681, 0, 0, 0
41200, 7148620, 0, 0, 0
41300, 16287379, 0, 0, 0
41400, 10034377, 0, 0, 0
41500, 8748898, 0, 0, 0
41600, 15218240, 0, 0, 0
41700, 17629669, 0, 0, 0
41800, 11528738, 0, 0, 0
41900, 15851139, 0, 0, 0
42000, 12258761, 0, 0, 0
42100, 10760211, 0, 0, 0
42200, 14753046, 0, 0, 0
42300, 10855548, 0, 0, 0
42401, 14537065, 0, 0, 0
42500, 17618041, 0, 0, 0
42600, 11138471, 0, 0, 0
42700, 16207042, 0, 0, 0
42800, 8864881, 0, 0, 0
42900, 12471453, 0, 0, 0
43000, 8997265, 0, 0, 0
43100, 9813560, 0, 0, 0
43201, 6478963, 0, 0, 0
43300, 16469787, 0, 0, 0
43400, 13583518, 0, 0, 0
43500, 16722166, 0, 0, 0
43600, 7605678, 0, 0, 0
43700, 17047342, 0, 0, 0
43800, 13857367, 0, 0, 0
43900, 8222097, 0, 0, 0
44000, 5551357, 0, 0, 0
44100, 20470033, 0, 0, 0
44201, 7808796, 0, 0, 0
44300, 13884152, 0, 0, 0
44400, 9711146, 0, 0, 0
44500, 6536322, 0, 0, 0
44600, 15280667, 0, 0, 0
44701, 8324199, 0, 0, 0
44800, 11851841, 0, 0, 0
44900, 15516720, 0, 0, 0
45000, 9883447, 0, 0, 0
45101, 15779779, 0, 0, 0
45200, 16043894, 0, 0, 0
45303, 13804519, 0, 0, 0
45400, 13242928, 0, 0, 0
45500, 10813948, 0, 0, 0
45600, 12703630, 0, 0, 0
45700, 8231207, 0, 0, 0
45800, 9498118, 0, 0, 0
45900, 11076605, 0, 0, 0
46002, 13845885, 0, 0, 0
46100, 18068122, 0, 0, 0
46200, 10646847, 0, 0, 0
46300, 14501892, 0, 0, 0
46400, 9084835, 0, 0, 0
46501, 12320309, 0, 0, 0
46600, 12669742, 0, 0, 0
46701, 17454982, 0, 0, 0
46800, 9786031, 0, 0, 0
46902, 20658878, 0, 0, 0
47000, 15114109, 0, 0, 0
47100, 14135999, 0, 0, 0
47200, 8474709, 0, 0, 0
47300, 11419447, 0, 0, 0
47400, 18132418, 0, 0, 0
47501, 11022434, 0, 0, 0
47600, 11893819, 0, 0, 0
47700, 13874293, 0, 0, 0
47800, 10159253, 0, 0, 0
47901, 7420893, 0, 0, 0
48000, 28508996, 0, 0, 0
48100, 17212164, 0, 0, 0
48200, 11795850, 0, 0, 0
48300, 18260069, 0, 0, 0
48400, 10576859, 0, 0, 0
48501, 10743617, 0, 0, 0
48600, 14197112, 0, 0, 0
48700, 11791907, 0, 0, 0
48800, 12708370, 0, 0, 0
48900, 11416372, 0, 0, 0
49000, 13993907, 0, 0, 0
49100, 13540679, 0, 0, 0
49201, 13166334, 0, 0, 0
49300, 13146388, 0, 0, 0
49400, 15865559, 0, 0, 0
49500, 11543919, 0, 0, 0
49600, 10927450, 0, 0, 0
49700, 13670388, 0, 0, 0
49800, 12635923, 0, 0, 0
49901, 11158966, 0, 0, 0
50001, 8841008, 0, 0, 0
50101, 13355847, 0, 0, 0
50200, 16019633, 0, 0, 0
50300, 11750750, 0, 0, 0
50400, 17473023, 0, 0, 0
50500, 11852300, 0, 0, 0
50600, 11710633, 0, 0, 0
50700, 9517573, 0, 0, 0
50800, 10774856, 0, 0, 0
50900, 11969061, 0, 0, 0
51000, 12084829, 0, 0, 0
51100, 12082571, 0, 0, 0
51200, 12074689, 0, 0, 0
51300, 10064060, 0, 0, 0
51400, 17073126, 0, 0, 0
51500, 17693850, 0, 0, 0
51600, 13807684, 0, 0, 0
51700, 16552194, 0, 0, 0
51800, 15202927, 0, 0, 0
51900, 13779156, 0, 0, 0
52000, 12238319, 0, 0, 0
52101, 11714933, 0, 0, 0
52200, 14789344, 0, 0, 0
52301, 15461678, 0, 0, 0
52400, 13352911, 0, 0, 0
52500, 9748829, 0, 0, 0
52601, 11548939, 0, 0, 0
52700, 12223811, 0, 0, 0
52800, 13238824, 0, 0, 0
52900, 11868064, 0, 0, 0
53000, 10566212, 0, 0, 0
53100, 11409671, 0, 0, 0
53200, 14094976, 0, 0, 0
53300, 9933890, 0, 0, 0
53400, 15194146, 0, 0, 0
53500, 13831946, 0, 0, 0
53600, 12897565, 0, 0, 0
53700, 16621493, 0, 0, 0
53800, 10272648, 0, 0, 0
53900, 10184396, 0, 0, 0
54000, 10906159, 0, 0, 0
54100, 11395475, 0, 0, 0
54201, 18223242, 0, 0, 0
54300, 15467842, 0, 0, 0
54400, 12283183, 0, 0, 0
54500, 16633415, 0, 0, 0
54600, 11565164, 0, 0, 0
54700, 11931709, 0, 0, 0
54800, 12131185, 0, 0, 0
54900, 12157209, 0, 0, 0
55000, 14948427, 0, 0, 0
55100, 10453201, 0, 0, 0
55200, 13549101, 0, 0, 0
55300, 11993190, 0, 0, 0
55401, 12351811, 0, 0, 0
55500, 11923490, 0, 0, 0
55600, 17895028, 0, 0, 0
55700, 13778923, 0, 0, 0
55800, 13424628, 0, 0, 0
55900, 11372963, 0, 0, 0
56000, 13566049, 0, 0, 0
56101, 16400784, 0, 0, 0
56200, 14318460, 0, 0, 0
56300, 11686351, 0, 0, 0
56400, 13770250, 0, 0, 0
56501, 15394960, 0, 0, 0
56600, 13025163, 0, 0, 0
56700, 10797486, 0, 0, 0
56800, 10007252, 0, 0, 0
56901, 13066621, 0, 0, 0
57000, 17175470, 0, 0, 0
57100, 16297986, 0, 0, 0
57200, 16400125, 0, 0, 0
57300, 12981572, 0, 0, 0
57400, 10830200, 0, 0, 0
57500, 12133702, 0, 0, 0
57600, 14976696, 0, 0, 0
57701, 13959851, 0, 0, 0
57800, 11177516, 0, 0, 0
57900, 12733839, 0, 0, 0
58000, 23152479, 0, 0, 0
58101, 12032570, 0, 0, 0
58202, 13067300, 0, 0, 0
58300, 15137338, 0, 0, 0
58400, 17213481, 0, 0, 0
58500, 9559300, 0, 0, 0
58600, 8357665, 0, 0, 0
58700, 17410181, 0, 0, 0
58800, 10467748, 0, 0, 0
58900, 10593887, 0, 0, 0
59000, 16118118, 0, 0, 0
59100, 9890013, 0, 0, 0
59202, 7746905, 0, 0, 0
59300, 20181094, 0, 0, 0
59400, 15998350, 0, 0, 0
59500, 15360230, 0, 0, 0
59601, 10171957, 0, 0, 0
59700, 13571220, 0, 0, 0
59801, 17658149, 0, 0, 0
59901, 11616157, 0, 0, 0
60001, 7079692, 0, 0, 0
60060, 164320827, 0, 0, 0
