100, 330587, 0, 0, 0
200, 332640, 0, 0, 0
300, 334531, 0, 0, 0
400, 335715, 0, 0, 0
500, 336317, 0, 0, 0
600, 342398, 0, 0, 0
700, 350614, 0, 0, 0
800, 343650, 0, 0, 0
900, 333517, 0, 0, 0
1000, 349235, 0, 0, 0
1100, 336227, 0, 0, 0
1200, 344209, 0, 0, 0
1300, 336967, 0, 0, 0
1400, 348874, 0, 0, 0
1500, 342004, 0, 0, 0
1600, 348958, 0, 0, 0
1700, 332202, 0, 0, 0
1800, 326102, 0, 0, 0
1900, 323326, 0, 0, 0
2000, 343322, 0, 0, 0
2100, 335941, 0, 0, 0
2200, 344337, 0, 0, 0
2300, 351470, 0, 0, 0
2400, 341251, 0, 0, 0
2500, 340946, 0, 0, 0
2600, 322620, 0, 0, 0
2700, 338528, 0, 0, 0
2800, 326507, 0, 0, 0
2900, 320370, 0, 0, 0
3000, 329149, 0, 0, 0
3100, 332242, 0, 0, 0
3200, 323951, 0, 0, 0
3300, 321922, 0, 0, 0
3400, 326941, 0, 0, 0
3500, 329652, 0, 0, 0
3600, 344016, 0, 0, 0
3700, 326936, 0, 0, 0
3800, 336993, 0, 0, 0
3900, 324128, 0, 0, 0
4000, 325724, 0, 0, 0
4100, 343518, 0, 0, 0
4200, 325213, 0, 0, 0
4300, 321683, 0, 0, 0
4400, 317844, 0, 0, 0
4500, 341915, 0, 0, 0
4600, 329823, 0, 0, 0
4700, 329765, 0, 0, 0
4800, 326813, 0, 0, 0
4900, 328742, 0, 0, 0
5000, 323085, 0, 0, 0
5100, 326609, 0, 0, 0
5200, 343659, 0, 0, 0
5300, 333043, 0, 0, 0
5400, 328619, 0, 0, 0
5500, 311961, 0, 0, 0
5600, 320505, 0, 0, 0
5700, 322941, 0, 0, 0
5800, 317342, 0, 0, 0
5900, 323639, 0, 0, 0
6000, 324342, 0, 0, 0
6100, 328309, 0, 0, 0
6200, 323366, 0, 0, 0
6300, 324736, 0, 0, 0
6400, 328323, 0, 0, 0
6500, 331875, 0, 0, 0
6600, 334238, 0, 0, 0
6700, 327344, 0, 0, 0
6800, 331326, 0, 0, 0
6900, 339447, 0, 0, 0
7000, 333462, 0, 0, 0
7100, 342550, 0, 0, 0
7200, 350668, 0, 0, 0
7300, 342932, 0, 0, 0
7400, 339024, 0, 0, 0
7500, 324665, 0, 0, 0
7600, 339621, 0, 0, 0
7700, 323690, 0, 0, 0
7800, 333574, 0, 0, 0
7900, 330091, 0, 0, 0
8000, 328907, 0, 0, 0
8100, 328743, 0, 0, 0
8200, 337131, 0, 0, 0
8300, 333221, 0, 0, 0
8400, 340589, 0, 0, 0
8500, 344656, 0, 0, 0
8600, 350662, 0, 0, 0
8700, 333659, 0, 0, 0
8800, 324657, 0, 0, 0
8900, 333376, 0, 0, 0
9000, 325829, 0, 0, 0
9100, 324913, 0, 0, 0
9200, 326415, 0, 0, 0
9300, 331962, 0, 0, 0
9400, 334258, 0, 0, 0
9500, 327516, 0, 0, 0
9600, 312528, 0, 0, 0
9700, 333977, 0, 0, 0
9800, 343423, 0, 0, 0
9900, 341158, 0, 0, 0
10000, 332250, 0, 0, 0
10100, 329362, 0, 0, 0
10200, 339126, 0, 0, 0
10300, 320502, 0, 0, 0
10400, 326373, 0, 0, 0
10500, 317940, 0, 0, 0
10600, 326849, 0, 0, 0
10700, 323494, 0, 0, 0
10800, 338839, 0, 0, 0
10900, 327582, 0, 0, 0
11000, 346181, 0, 0, 0
11100, 318357, 0, 0, 0
11200, 327049, 0, 0, 0
11300, 313850, 0, 0, 0
11400, 317206, 0, 0, 0
11500, 320457, 0, 0, 0
11600, 334259, 0, 0, 0
11700, 325881, 0, 0, 0
11800, 318344, 0, 0, 0
11900, 310226, 0, 0, 0
12000, 333453, 0, 0, 0
12100, 332988, 0, 0, 0
12200, 322649, 0, 0, 0
12300, 326246, 0, 0, 0
12400, 324930, 0, 0, 0
12500, 334844, 0, 0, 0
12600, 323604, 0, 0, 0
12700, 317852, 0, 0, 0
12800, 332714, 0, 0, 0
12900, 329959, 0, 0, 0
13000, 322172, 0, 0, 0
13100, 321294, 0, 0, 0
13200, 331907, 0, 0, 0
13300, 334771, 0, 0, 0
13400, 340056, 0, 0, 0
13500, 346207, 0, 0, 0
13600, 333726, 0, 0, 0
13700, 323697, 0, 0, 0
13800, 344208, 0, 0, 0
13900, 357060, 0, 0, 0
14000, 329115, 0, 0, 0
14100, 330490, 0, 0, 0
14200, 328901, 0, 0, 0
14300, 330469, 0, 0, 0
14400, 337206, 0, 0, 0
14500, 329089, 0, 0, 0
14600, 336616, 0, 0, 0
14700, 328239, 0, 0, 0
14800, 332799, 0, 0, 0
14900, 341906, 0, 0, 0
15000, 327060, 0, 0, 0
15100, 319793, 0, 0, 0
15200, 334607, 0, 0, 0
15300, 330421, 0, 0, 0
15400, 332690, 0, 0, 0
15500, 330050, 0, 0, 0
15600, 329602, 0, 0, 0
15700, 336590, 0, 0, 0
15800, 325822, 0, 0, 0
15900, 335520, 0, 0, 0
16000, 327307, 0, 0, 0
16100, 328332, 0, 0, 0
16200, 330837, 0, 0, 0
16300, 322872, 0, 0, 0
16400, 350561, 0, 0, 0
16500, 340494, 0, 0, 0
16600, 325474, 0, 0, 0
16700, 340823, 0, 0, 0
16800, 334218, 0, 0, 0
16900, 322193, 0, 0, 0
17000, 326033, 0, 0, 0
17100, 319700, 0, 0, 0
17200, 327818, 0, 0, 0
17300, 329047, 0, 0, 0
17400, 346577, 0, 0, 0
17500, 336481, 0, 0, 0
17600, 332960, 0, 0, 0
17700, 325873, 0, 0, 0
17800, 339049, 0, 0, 0
17900, 328008, 0, 0, 0
18000, 336094, 0, 0, 0
18100, 329742, 0, 0, 0
18200, 323030, 0, 0, 0
18300, 320079, 0, 0, 0
18400, 345727, 0, 0, 0
18500, 336802, 0, 0, 0
18600, 325760, 0, 0, 0
18700, 329587, 0, 0, 0
18800, 316541, 0, 0, 0
18900, 318524, 0, 0, 0
19000, 330946, 0, 0, 0
19100, 373844, 0, 0, 0
19200, 321480, 0, 0, 0
19300, 334291, 0, 0, 0
19400, 318717, 0, 0, 0
19500, 331802, 0, 0, 0
19600, 334987, 0, 0, 0
19700, 333181, 0, 0, 0
19800, 339057, 0, 0, 0
19900, 336391, 0, 0, 0
20000, 341941, 0, 0, 0
20100, 330795, 0, 0, 0
20200, 345299, 0, 0, 0
20300, 326126, 0, 0, 0
20400, 327019, 0, 0, 0
20500, 334313, 0, 0, 0
20600, 331541, 0, 0, 0
20700, 329538, 0, 0, 0
20800, 329278, 0, 0, 0
20900, 328849, 0, 0, 0
21000, 336594, 0, 0, 0
21100, 320584, 0, 0, 0
21200, 328407, 0, 0, 0
21300, 324316, 0, 0, 0
21400, 331185, 0, 0, 0
21500, 327256, 0, 0, 0
21600, 326155, 0, 0, 0
21700, 324066, 0, 0, 0
21800, 332920, 0, 0, 0
21900, 338959, 0, 0, 0
22000, 333766, 0, 0, 0
22100, 331825, 0, 0, 0
22200, 331284, 0, 0, 0
22300, 323816, 0, 0, 0
22400, 325885, 0, 0, 0
22500, 318186, 0, 0, 0
22600, 322852, 0, 0, 0
22700, 329843, 0, 0, 0
22800, 325592, 0, 0, 0
22900, 326342, 0, 0, 0
23000, 324282, 0, 0, 0
23100, 321243, 0, 0, 0
23200, 326463, 0, 0, 0
23300, 325240, 0, 0, 0
23400, 333127, 0, 0, 0
23500, 326083, 0, 0, 0
23600, 340798, 0, 0, 0
23700, 330791, 0, 0, 0
23800, 342931, 0, 0, 0
23900, 341233, 0, 0, 0
24000, 332419, 0, 0, 0
24100, 327193, 0, 0, 0
24200, 331043, 0, 0, 0
24300, 333889, 0, 0, 0
24400, 320313, 0, 0, 0
24500, 313419, 0, 0, 0
24600, 323266, 0, 0, 0
24700, 331472, 0, 0, 0
24800, 336098, 0, 0, 0
24900, 330953, 0, 0, 0
25000, 322888, 0, 0, 0
25100, 341585, 0, 0, 0
25200, 333134, 0, 0, 0
25300, 326323, 0, 0, 0
25400, 332968, 0, 0, 0
25500, 330462, 0, 0, 0
25600, 336201, 0, 0, 0
25700, 331229, 0, 0, 0
25800, 334522, 0, 0, 0
25900, 320487, 0, 0, 0
26000, 344936, 0, 0, 0
26100, 341853, 0, 0, 0
26200, 346489, 0, 0, 0
26300, 337839, 0, 0, 0
26400, 330042, 0, 0, 0
26500, 327705, 0, 0, 0
26600, 347153, 0, 0, 0
26700, 328032, 0, 0, 0
26800, 333191, 0, 0, 0
26900, 340326, 0, 0, 0
27000, 340419, 0, 0, 0
27100, 335720, 0, 0, 0
27200, 328065, 0, 0, 0
27300, 321778, 0, 0, 0
27400, 332156, 0, 0, 0
27500, 333992, 0, 0, 0
27600, 336912, 0, 0, 0
27700, 321680, 0, 0, 0
27800, 336569, 0, 0, 0
27900, 340537, 0, 0, 0
28000, 333348, 0, 0, 0
28100, 327302, 0, 0, 0
28200, 334479, 0, 0, 0
28300, 339987, 0, 0, 0
28400, 326106, 0, 0, 0
28500, 333506, 0, 0, 0
28600, 330153, 0, 0, 0
28700, 318466, 0, 0, 0
28800, 326141, 0, 0, 0
28900, 327976, 0, 0, 0
29000, 334029, 0, 0, 0
29100, 331008, 0, 0, 0
29200, 352400, 0, 0, 0
29300, 337296, 0, 0, 0
29400, 327945, 0, 0, 0
29500, 333604, 0, 0, 0
29600, 326176, 0, 0, 0
29700, 331190, 0, 0, 0
29800, 328744, 0, 0, 0
29900, 327329, 0, 0, 0
30000, 330093, 0, 0, 0
30100, 339244, 0, 0, 0
30200, 342472, 0, 0, 0
30300, 333945, 0, 0, 0
30400, 332413, 0, 0, 0
30500, 332166, 0, 0, 0
30600, 333420, 0, 0, 0
30700, 339829, 0, 0, 0
30800, 316511, 0, 0, 0
30900, 332887, 0, 0, 0
31000, 314728, 0, 0, 0
31100, 335243, 0, 0, 0
31200, 323772, 0, 0, 0
31300, 323681, 0, 0, 0
31400, 313871, 0, 0, 0
31500, 326156, 0, 0, 0
31600, 319891, 0, 0, 0
31700, 332214, 0, 0, 0
31800, 322303, 0, 0, 0
31900, 357111, 0, 0, 0
32000, 336759, 0, 0, 0
32100, 342268, 0, 0, 0
32200, 334279, 0, 0, 0
32300, 330791, 0, 0, 0
32400, 334406, 0, 0, 0
32500, 334396, 0, 0, 0
32600, 353071, 0, 0, 0
32700, 339425, 0, 0, 0
32800, 340604, 0, 0, 0
32900, 349500, 0, 0, 0
33000, 332691, 0, 0, 0
33100, 329701, 0, 0, 0
33200, 339816, 0, 0, 0
33300, 347701, 0, 0, 0
33400, 345993, 0, 0, 0
33500, 320743, 0, 0, 0
33600, 322113, 0, 0, 0
33700, 334470, 0, 0, 0
33800, 324911, 0, 0, 0
33900, 341069, 0, 0, 0
34000, 331454, 0, 0, 0
34100, 330290, 0, 0, 0
34200, 331166, 0, 0, 0
34300, 334005, 0, 0, 0
34400, 333893, 0, 0, 0
34500, 336295, 0, 0, 0
34600, 333044, 0, 0, 0
34700, 337195, 0, 0, 0
34800, 351389, 0, 0, 0
34900, 322709, 0, 0, 0
35000, 340602, 0, 0, 0
35100, 367819, 0, 0, 0
35200, 330336, 0, 0, 0
35300, 334125, 0, 0, 0
35400, 345389, 0, 0, 0
35500, 347847, 0, 0, 0
35600, 321459, 0, 0, 0
35700, 333654, 0, 0, 0
35800, 330696, 0, 0, 0
35900, 332305, 0, 0, 0
36000, 340585, 0, 0, 0
36100, 338944, 0, 0, 0
36200, 343660, 0, 0, 0
36300, 338083, 0, 0, 0
36400, 335094, 0, 0, 0
36500, 333461, 0, 0, 0
36600, 330480, 0, 0, 0
36700, 328043, 0, 0, 0
36800, 334711, 0, 0, 0
36900, 339102, 0, 0, 0
37000, 336176, 0, 0, 0
37100, 339917, 0, 0, 0
37200, 328644, 0, 0, 0
37300, 324906, 0, 0, 0
37400, 323109, 0, 0, 0
37500, 329366, 0, 0, 0
37600, 330820, 0, 0, 0
37700, 341351, 0, 0, 0
37800, 328171, 0, 0, 0
37900, 346629, 0, 0, 0
38000, 345356, 0, 0, 0
38100, 333520, 0, 0, 0
38200, 330979, 0, 0, 0
38300, 330076, 0, 0, 0
38400, 320389, 0, 0, 0
38500, 324754, 0, 0, 0
38600, 319788, 0, 0, 0
38700, 332286, 0, 0, 0
38800, 332773, 0, 0, 0
38900, 325275, 0, 0, 0
39000, 314867, 0, 0, 0
39100, 328654, 0, 0, 0
39200, 324178, 0, 0, 0
39300, 337744, 0, 0, 0
39400, 326133, 0, 0, 0
39500, 329483, 0, 0, 0
39600, 338366, 0, 0, 0
39700, 329431, 0, 0, 0
39800, 333110, 0, 0, 0
39900, 341210, 0, 0, 0
40000, 352974, 0, 0, 0
40100, 327548, 0, 0, 0
40200, 331382, 0, 0, 0
40300, 349928, 0, 0, 0
40400, 323683, 0, 0, 0
40500, 335375, 0, 0, 0
40600, 323398, 0, 0, 0
40700, 323892, 0, 0, 0
40800, 330546, 0, 0, 0
40900, 348568, 0, 0, 0
41000, 346464, 0, 0, 0
41100, 337811, 0, 0, 0
41200, 324547, 0, 0, 0
41300, 321344, 0, 0, 0
41400, 315129, 0, 0, 0
41500, 337301, 0, 0, 0
41600, 322265, 0, 0, 0
41700, 322310, 0, 0, 0
41800, 326940, 0, 0, 0
41900, 331322, 0, 0, 0
42000, 337148, 0, 0, 0
42100, 326645, 0, 0, 0
42200, 325154, 0, 0, 0
42300, 321248, 0, 0, 0
42400, 323055, 0, 0, 0
42500, 322085, 0, 0, 0
42600, 333497, 0, 0, 0
42700, 345383, 0, 0, 0
42800, 342555, 0, 0, 0
42900, 345166, 0, 0, 0
43000, 325741, 0, 0, 0
43100, 326812, 0, 0, 0
43200, 335438, 0, 0, 0
43300, 322351, 0, 0, 0
43400, 323376, 0, 0, 0
43500, 328658, 0, 0, 0
43600, 328115, 0, 0, 0
43700, 327389, 0, 0, 0
43800, 330779, 0, 0, 0
43900, 336166, 0, 0, 0
44000, 333588, 0, 0, 0
44100, 335736, 0, 0, 0
44200, 323788, 0, 0, 0
44300, 311005, 0, 0, 0
44400, 321657, 0, 0, 0
44500, 322072, 0, 0, 0
44600, 332839, 0, 0, 0
44700, 336398, 0, 0, 0
44800, 329615, 0, 0, 0
44900, 344277, 0, 0, 0
45000, 332920, 0, 0, 0
45100, 334687, 0, 0, 0
45200, 335754, 0, 0, 0
45300, 327125, 0, 0, 0
45400, 322505, 0, 0, 0
45500, 333089, 0, 0, 0
45600, 315371, 0, 0, 0
45700, 321401, 0, 0, 0
45800, 322245, 0, 0, 0
45900, 333909, 0, 0, 0
46000, 330107, 0, 0, 0
46100, 325426, 0, 0, 0
46200, 304195, 0, 0, 0
46300, 307947, 0, 0, 0
46400, 315067, 0, 0, 0
46500, 328039, 0, 0, 0
46600, 323258, 0, 0, 0
46700, 322243, 0, 0, 0
46800, 335120, 0, 0, 0
46900, 336477, 0, 0, 0
47000, 333186, 0, 0, 0
47100, 332307, 0, 0, 0
47200, 368050, 0, 0, 0
47300, 335546, 0, 0, 0
47400, 343514, 0, 0, 0
47500, 332755, 0, 0, 0
47600, 323883, 0, 0, 0
47700, 329985, 0, 0, 0
47800, 331533, 0, 0, 0
47900, 332969, 0, 0, 0
48000, 338052, 0, 0, 0
48100, 341079, 0, 0, 0
48200, 334638, 0, 0, 0
48300, 322588, 0, 0, 0
48400, 321417, 0, 0, 0
48500, 322248, 0, 0, 0
48600, 324346, 0, 0, 0
48700, 334206, 0, 0, 0
48800, 349150, 0, 0, 0
48900, 323726, 0, 0, 0
49000, 322420, 0, 0, 0
49100, 323392, 0, 0, 0
49200, 326835, 0, 0, 0
49300, 345853, 0, 0, 0
49400, 329563, 0, 0, 0
49500, 340607, 0, 0, 0
49600, 325688, 0, 0, 0
49700, 326098, 0, 0, 0
49800, 331848, 0, 0, 0
49900, 326167, 0, 0, 0
50000, 325129, 0, 0, 0
50100, 317651, 0, 0, 0
50200, 331969, 0, 0, 0
50300, 335703, 0, 0, 0
50400, 322414, 0, 0, 0
50500, 333206, 0, 0, 0
50600, 343138, 0, 0, 0
50700, 338567, 0, 0, 0
50800, 332963, 0, 0, 0
50900, 334586, 0, 0, 0
51000, 329759, 0, 0, 0
51100, 345187, 0, 0, 0
51200, 339350, 0, 0, 0
51300, 314789, 0, 0, 0
51400, 316070, 0, 0, 0
51500, 340181, 0, 0, 0
51600, 332472, 0, 0, 0
51700, 339444, 0, 0, 0
51800, 343346, 0, 0, 0
51900, 330171, 0, 0, 0
52000, 328772, 0, 0, 0
52100, 341284, 0, 0, 0
52200, 325757, 0, 0, 0
52300, 322487, 0, 0, 0
52400, 318211, 0, 0, 0
52500, 317722, 0, 0, 0
52600, 330851, 0, 0, 0
52700, 328804, 0, 0, 0
52800, 341527, 0, 0, 0
52900, 348570, 0, 0, 0
53000, 345067, 0, 0, 0
53100, 342161, 0, 0, 0
53200, 326769, 0, 0, 0
53300, 339241, 0, 0, 0
53400, 319540, 0, 0, 0
53500, 325377, 0, 0, 0
53600, 317956, 0, 0, 0
53700, 342668, 0, 0, 0
53800, 327907, 0, 0, 0
53900, 352769, 0, 0, 0
54000, 343624, 0, 0, 0
54100, 340763, 0, 0, 0
54200, 341317, 0, 0, 0
54300, 336832, 0, 0, 0
54400, 345198, 0, 0, 0
54500, 327547, 0, 0, 0
54600, 326178, 0, 0, 0
54700, 339911, 0, 0, 0
54800, 342876, 0, 0, 0
54900, 339339, 0, 0, 0
55000, 352353, 0, 0, 0
55100, 320126, 0, 0, 0
55200, 326589, 0, 0, 0
55300, 340237, 0, 0, 0
55400, 333665, 0, 0, 0
55500, 332468, 0, 0, 0
55600, 340415, 0, 0, 0
55700, 320962, 0, 0, 0
55800, 335272, 0, 0, 0
55900, 327093, 0, 0, 0
56000, 325917, 0, 0, 0
56100, 317992, 0, 0, 0
56200, 323911, 0, 0, 0
56300, 325566, 0, 0, 0
56400, 323879, 0, 0, 0
56500, 317849, 0, 0, 0
56600, 319195, 0, 0, 0
56700, 336455, 0, 0, 0
56800, 339373, 0, 0, 0
56900, 329968, 0, 0, 0
57000, 326790, 0, 0, 0
57100, 332649, 0, 0, 0
57200, 328863, 0, 0, 0
57300, 315757, 0, 0, 0
57400, 330171, 0, 0, 0
57500, 325008, 0, 0, 0
57600, 329177, 0, 0, 0
57700, 334160, 0, 0, 0
57800, 323242, 0, 0, 0
57900, 331224, 0, 0, 0
58000, 311892, 0, 0, 0
58100, 355765, 0, 0, 0
58200, 325456, 0, 0, 0
58300, 348960, 0, 0, 0
58400, 331999, 0, 0, 0
58500, 348651, 0, 0, 0
58600, 338712, 0, 0, 0
58700, 339529, 0, 0, 0
58800, 328197, 0, 0, 0
58900, 335446, 0, 0, 0
59000, 337264, 0, 0, 0
59100, 330551, 0, 0, 0
59200, 318287, 0, 0, 0
59300, 331001, 0, 0, 0
59400, 330994, 0, 0, 0
59500, 324516, 0, 0, 0
59600, 325776, 0, 0, 0
59700, 325940, 0, 0, 0
59800, 338345, 0, 0, 0
59900, 333170, 0, 0, 0
60000, 333835, 0, 0, 0
60100, 337423, 0, 0, 0
60200, 328559, 0, 0, 0
60300, 319565, 0, 0, 0
60400, 324964, 0, 0, 0
60500, 350347, 0, 0, 0
60600, 328225, 0, 0, 0
60700, 338181, 0, 0, 0
60800, 327214, 0, 0, 0
60900, 328520, 0, 0, 0
61000, 323070, 0, 0, 0
61100, 315665, 0, 0, 0
61200, 333091, 0, 0, 0
61300, 345779, 0, 0, 0
61400, 327431, 0, 0, 0
61500, 326077, 0, 0, 0
61600, 323744, 0, 0, 0
61700, 322371, 0, 0, 0
61800, 330774, 0, 0, 0
61900, 329198, 0, 0, 0
62000, 337349, 0, 0, 0
62100, 324949, 0, 0, 0
62200, 342852, 0, 0, 0
62300, 335456, 0, 0, 0
62400, 344327, 0, 0, 0
62500, 330275, 0, 0, 0
62600, 333588, 0, 0, 0
62700, 316563, 0, 0, 0
62800, 313136, 0, 0, 0
62900, 348297, 0, 0, 0
63000, 334633, 0, 0, 0
63100, 324490, 0, 0, 0
63200, 329031, 0, 0, 0
63300, 322618, 0, 0, 0
63400, 326696, 0, 0, 0
63500, 329988, 0, 0, 0
63600, 333333, 0, 0, 0
63700, 334870, 0, 0, 0
63800, 332496, 0, 0, 0
63900, 325587, 0, 0, 0
64000, 331897, 0, 0, 0
64100, 342178, 0, 0, 0
64200, 327177, 0, 0, 0
64300, 343803, 0, 0, 0
64400, 333497, 0, 0, 0
64500, 329159, 0, 0, 0
64600, 324223, 0, 0, 0
64700, 330290, 0, 0, 0
64800, 322111, 0, 0, 0
64900, 333069, 0, 0, 0
65000, 330548, 0, 0, 0
65100, 332128, 0, 0, 0
65200, 327916, 0, 0, 0
65300, 326982, 0, 0, 0
65400, 330291, 0, 0, 0
65500, 327018, 0, 0, 0
65600, 337212, 0, 0, 0
65700, 345470, 0, 0, 0
65800, 342341, 0, 0, 0
65900, 331349, 0, 0, 0
66000, 314098, 0, 0, 0
66100, 307390, 0, 0, 0
66200, 336026, 0, 0, 0
66300, 328389, 0, 0, 0
66400, 316621, 0, 0, 0
66500, 337939, 0, 0, 0
66600, 331843, 0, 0, 0
66700, 316595, 0, 0, 0
66800, 314231, 0, 0, 0
66900, 316713, 0, 0, 0
67000, 311782, 0, 0, 0
67100, 333799, 0, 0, 0
67200, 337468, 0, 0, 0
67300, 320784, 0, 0, 0
67400, 325301, 0, 0, 0
67500, 335414, 0, 0, 0
67600, 335946, 0, 0, 0
67700, 326032, 0, 0, 0
67800, 322763, 0, 0, 0
67900, 311449, 0, 0, 0
68000, 310554, 0, 0, 0
68100, 326116, 0, 0, 0
68200, 326349, 0, 0, 0
68300, 330055, 0, 0, 0
68400, 330949, 0, 0, 0
68500, 324079, 0, 0, 0
68600, 321915, 0, 0, 0
68700, 322732, 0, 0, 0
68800, 340517, 0, 0, 0
68900, 337649, 0, 0, 0
69000, 342202, 0, 0, 0
69100, 318492, 0, 0, 0
69200, 335039, 0, 0, 0
69300, 347904, 0, 0, 0
69400, 350405, 0, 0, 0
69500, 327302, 0, 0, 0
69600, 327643, 0, 0, 0
69700, 336876, 0, 0, 0
69800, 340376, 0, 0, 0
69900, 332496, 0, 0, 0
70000, 318522, 0, 0, 0
70100, 327871, 0, 0, 0
70200, 332231, 0, 0, 0
70300, 331856, 0, 0, 0
70400, 324050, 0, 0, 0
70500, 320640, 0, 0, 0
70600, 328028, 0, 0, 0
70700, 339258, 0, 0, 0
70800, 341575, 0, 0, 0
70900, 332619, 0, 0, 0
71000, 330266, 0, 0, 0
71100, 342040, 0, 0, 0
71200, 333369, 0, 0, 0
71300, 331600, 0, 0, 0
71400, 315508, 0, 0, 0
71500, 323557, 0, 0, 0
71600, 324232, 0, 0, 0
71700, 328701, 0, 0, 0
71800, 332377, 0, 0, 0
71900, 334908, 0, 0, 0
72000, 333430, 0, 0, 0
72100, 340658, 0, 0, 0
72200, 333705, 0, 0, 0
72300, 335470, 0, 0, 0
72400, 332460, 0, 0, 0
72500, 341104, 0, 0, 0
72600, 317813, 0, 0, 0
72700, 328773, 0, 0, 0
72800, 330648, 0, 0, 0
72900, 331648, 0, 0, 0
73000, 331467, 0, 0, 0
73100, 328736, 0, 0, 0
73200, 341902, 0, 0, 0
73300, 335660, 0, 0, 0
73400, 340411, 0, 0, 0
73500, 336658, 0, 0, 0
73600, 335499, 0, 0, 0
73700, 340105, 0, 0, 0
73800, 329168, 0, 0, 0
73900, 330383, 0, 0, 0
74000, 330128, 0, 0, 0
74100, 334260, 0, 0, 0
74200, 354334, 0, 0, 0
74300, 326945, 0, 0, 0
74400, 339020, 0, 0, 0
74500, 343886, 0, 0, 0
74600, 340704, 0, 0, 0
74700, 331054, 0, 0, 0
74800, 327494, 0, 0, 0
74900, 335455, 0, 0, 0
75000, 336697, 0, 0, 0
75100, 333139, 0, 0, 0
75200, 328039, 0, 0, 0
75300, 320467, 0, 0, 0
75400, 333773, 0, 0, 0
75500, 329163, 0, 0, 0
75600, 341174, 0, 0, 0
75700, 347923, 0, 0, 0
75800, 329668, 0, 0, 0
75900, 326400, 0, 0, 0
76000, 329568, 0, 0, 0
76100, 332528, 0, 0, 0
76200, 318359, 0, 0, 0
76300, 319694, 0, 0, 0
76400, 332020, 0, 0, 0
76500, 314981, 0, 0, 0
76600, 335741, 0, 0, 0
76700, 328348, 0, 0, 0
76800, 340051, 0, 0, 0
76900, 327187, 0, 0, 0
77000, 337371, 0, 0, 0
77100, 325793, 0, 0, 0
77200, 325376, 0, 0, 0
77300, 320388, 0, 0, 0
77400, 326032, 0, 0, 0
77500, 314281, 0, 0, 0
77600, 316171, 0, 0, 0
77700, 326348, 0, 0, 0
77800, 326397, 0, 0, 0
77900, 320986, 0, 0, 0
78000, 328333, 0, 0, 0
78100, 330973, 0, 0, 0
78200, 328365, 0, 0, 0
78300, 326963, 0, 0, 0
78400, 317745, 0, 0, 0
78500, 318374, 0, 0, 0
78600, 330116, 0, 0, 0
78700, 332990, 0, 0, 0
78800, 314992, 0, 0, 0
78900, 333725, 0, 0, 0
79000, 329211, 0, 0, 0
79100, 325981, 0, 0, 0
79200, 338936, 0, 0, 0
79300, 344399, 0, 0, 0
79400, 331954, 0, 0, 0
79500, 326577, 0, 0, 0
79600, 324056, 0, 0, 0
79700, 326933, 0, 0, 0
79800, 322094, 0, 0, 0
79900, 332995, 0, 0, 0
80000, 329655, 0, 0, 0
80100, 334776, 0, 0, 0
80200, 344724, 0, 0, 0
80300, 340302, 0, 0, 0
80400, 337032, 0, 0, 0
80500, 342908, 0, 0, 0
80600, 333940, 0, 0, 0
80700, 332743, 0, 0, 0
80800, 320511, 0, 0, 0
80900, 325129, 0, 0, 0
81000, 324839, 0, 0, 0
81100, 325469, 0, 0, 0
81200, 350578, 0, 0, 0
81300, 334937, 0, 0, 0
81400, 322788, 0, 0, 0
81500, 335924, 0, 0, 0
81600, 348972, 0, 0, 0
81700, 323039, 0, 0, 0
81800, 334400, 0, 0, 0
81900, 331980, 0, 0, 0
82000, 326524, 0, 0, 0
82100, 333246, 0, 0, 0
82200, 330707, 0, 0, 0
82300, 328002, 0, 0, 0
82400, 322880, 0, 0, 0
82500, 338095, 0, 0, 0
82600, 320933, 0, 0, 0
82700, 321687, 0, 0, 0
82800, 331788, 0, 0, 0
82900, 326079, 0, 0, 0
83000, 320920, 0, 0, 0
83100, 325750, 0, 0, 0
83200, 337654, 0, 0, 0
83300, 336993, 0, 0, 0
83400, 335414, 0, 0, 0
83500, 341333, 0, 0, 0
83600, 338259, 0, 0, 0
83700, 334811, 0, 0, 0
83800, 336248, 0, 0, 0
83900, 324615, 0, 0, 0
84000, 335766, 0, 0, 0
84100, 322082, 0, 0, 0
84200, 329421, 0, 0, 0
84300, 340474, 0, 0, 0
84400, 330285, 0, 0, 0
84500, 333010, 0, 0, 0
84600, 338963, 0, 0, 0
84700, 348358, 0, 0, 0
84800, 346656, 0, 0, 0
84900, 321935, 0, 0, 0
85000, 334050, 0, 0, 0
85100, 320795, 0, 0, 0
85200, 326425, 0, 0, 0
85300, 327990, 0, 0, 0
85400, 336623, 0, 0, 0
85500, 330859, 0, 0, 0
85600, 327299, 0, 0, 0
85700, 323600, 0, 0, 0
85800, 318540, 0, 0, 0
85900, 340370, 0, 0, 0
86000, 321393, 0, 0, 0
86100, 348064, 0, 0, 0
86200, 336514, 0, 0, 0
86300, 337751, 0, 0, 0
86400, 335859, 0, 0, 0
86500, 329665, 0, 0, 0
86600, 350613, 0, 0, 0
86700, 332998, 0, 0, 0
86800, 331531, 0, 0, 0
86900, 332177, 0, 0, 0
87000, 337309, 0, 0, 0
87100, 333096, 0, 0, 0
87200, 346980, 0, 0, 0
87300, 333282, 0, 0, 0
87400, 331066, 0, 0, 0
87500, 324002, 0, 0, 0
87600, 342062, 0, 0, 0
87700, 328054, 0, 0, 0
87800, 338263, 0, 0, 0
87900, 342004, 0, 0, 0
88000, 336109, 0, 0, 0
88100, 331810, 0, 0, 0
88200, 323489, 0, 0, 0
88300, 333285, 0, 0, 0
88400, 331631, 0, 0, 0
88500, 329013, 0, 0, 0
88600, 324652, 0, 0, 0
88700, 326826, 0, 0, 0
88800, 373666, 0, 0, 0
88900, 331262, 0, 0, 0
89000, 330643, 0, 0, 0
89100, 330909, 0, 0, 0
89200, 352621, 0, 0, 0
89300, 329809, 0, 0, 0
89400, 334658, 0, 0, 0
89500, 347086, 0, 0, 0
89600, 337643, 0, 0, 0
89700, 330056, 0, 0, 0
89800, 335699, 0, 0, 0
89900, 344144, 0, 0, 0
90000, 336715, 0, 0, 0
