173, 4276762, 0, 0, 0
200, 31331230, 0, 0, 0
300, 9837154, 0, 0, 0
400, 5946338, 0, 0, 0
500, 5776221, 0, 0, 0
600, 5427442, 0, 0, 0
700, 5580767, 0, 0, 0
800, 6256864, 0, 0, 0
969, 5013780, 0, 0, 0
1000, 20661087, 0, 0, 0
1100, 6117853, 0, 0, 0
1200, 4785181, 0, 0, 0
1300, 5591337, 0, 0, 0
1400, 5072488, 0, 0, 0
1500, 5001070, 0, 0, 0
1602, 5842811, 0, 0, 0
1700, 6055717, 0, 0, 0
1801, 6363202, 0, 0, 0
1900, 5762159, 0, 0, 0
2038, 5215682, 0, 0, 0
2100, 19776421, 0, 0, 0
2200, 7130631, 0, 0, 0
2300, 5261694, 0, 0, 0
2400, 5579753, 0, 0, 0
2500, 5577392, 0, 0, 0
2600, 5567245, 0, 0, 0
2700, 5253255, 0, 0, 0
2800, 5111916, 0, 0, 0
2900, 5332921, 0, 0, 0
3051, 6646127, 0, 0, 0
3100, 22029416, 0, 0, 0
3200, 5640847, 0, 0, 0
3300, 5428259, 0, 0, 0
3400, 5841955, 0, 0, 0
3500, 5166467, 0, 0, 0
3600, 5710949, 0, 0, 0
3700, 6168504, 0, 0, 0
3801, 6126606, 0, 0, 0
3900, 6044730, 0, 0, 0
4000, 4136899, 0, 0, 0
4117, 12930742, 0, 0, 0
4200, 16879123, 0, 0, 0
4300, 5246962, 0, 0, 0
4400, 5721797, 0, 0, 0
4501, 5180354, 0, 0, 0
4601, 5932740, 0, 0, 0
4700, 5426774, 0, 0, 0
4800, 7114666, 0, 0, 0
4900, 5178827, 0, 0, 0
5018, 8867547, 0, 0, 0
5101, 10406286, 0, 0, 0
5200, 5063926, 0, 0, 0
5300, 6864133, 0, 0, 0
5401, 5667530, 0, 0, 0
5500, 4857523, 0, 0, 0
5600, 5472474, 0, 0, 0
5700, 5543538, 0, 0, 0
5800, 5603888, 0, 0, 0
5900, 5771818, 0, 0, 0
6000, 4296821, 0, 0, 0
6122, 10760131, 0, 0, 0
6201, 12714665, 0, 0, 0
6300, 5168393, 0, 0, 0
6400, 4359881, 0, 0, 0
6500, 5322829, 0, 0, 0
6600, 4717268, 0, 0, 0
6700, 6975423, 0, 0, 0
6800, 5088909, 0, 0, 0
6900, 4114529, 0, 0, 0
7000, 5577255, 0, 0, 0
7151, 8202161, 0, 0, 0
7207, 26604979, 0, 0, 0
7300, 5589375, 0, 0, 0
7400, 6490496, 0, 0, 0
7500, 5315806, 0, 0, 0
7600, 4247770, 0, 0, 0
7700, 5295865, 0, 0, 0
7800, 6342982, 0, 0, 0
7900, 5253588, 0, 0, 0
8000, 6776701, 0, 0, 0
8196, 6477832, 0, 0, 0
8201, 1611788, 0, 0, 0
8300, 14916176, 0, 0, 0
8400, 5882557, 0, 0, 0
8500, 5303220, 0, 0, 0
8600, 5162449, 0, 0, 0
8700, 5965076, 0, 0, 0
8800, 5670684, 0, 0, 0
8900, 5558201, 0, 0, 0
9000, 4976509, 0, 0, 0
9142, 6897205, 0, 0, 0
9200, 16983237, 0, 0, 0
9300, 5341043, 0, 0, 0
9400, 5354546, 0, 0, 0
9500, 5537268, 0, 0, 0
9600, 5265454, 0, 0, 0
9700, 5135787, 0, 0, 0
9800, 4664502, 0, 0, 0
9900, 5285883, 0, 0, 0
10000, 4956790, 0, 0, 0
10100, 5975566, 0, 0, 0
10200, 5131648, 0, 0, 0
10403, 5617364, 0, 0, 0
10500, 10399587, 0, 0, 0
10600, 6580359, 0, 0, 0
10703, 5247547, 0, 0, 0
10800, 5176378, 0, 0, 0
10901, 5419484, 0, 0, 0
11000, 5252435, 0, 0, 0
11102, 6637413, 0, 0, 0
11201, 6400852, 0, 0, 0
11347, 3667679, 0, 0, 0
11400, 18233264, 0, 0, 0
11500, 4191618, 0, 0, 0
11600, 6024723, 0, 0, 0
11700, 5291997, 0, 0, 0
11800, 5989147, 0, 0, 0
11900, 4957572, 0, 0, 0
12000, 5565520, 0, 0, 0
12100, 5305858, 0, 0, 0
12200, 5112986, 0, 0, 0
12301, 5499685, 0, 0, 0
12400, 6479316, 0, 0, 0
12500, 5415102, 0, 0, 0
12600, 6895198, 0, 0, 0
12701, 5604028, 0, 0, 0
12800, 5466028, 0, 0, 0
12900, 5435516, 0, 0, 0
13000, 6058030, 0, 0, 0
13100, 5666250, 0, 0, 0
13200, 5432026, 0, 0, 0
13300, 6062950, 0, 0, 0
13400, 5452793, 0, 0, 0
13501, 6153044, 0, 0, 0
13603, 5285978, 0, 0, 0
13700, 6053176, 0, 0, 0
13800, 5973309, 0, 0, 0
13900, 6107783, 0, 0, 0
14001, 5445263, 0, 0, 0
14100, 6332472, 0, 0, 0
14200, 5361576, 0, 0, 0
14300, 4927124, 0, 0, 0
14402, 5530239, 0, 0, 0
14500, 6098750, 0, 0, 0
14600, 5592881, 0, 0, 0
14700, 5436136, 0, 0, 0
14800, 5753153, 0, 0, 0
14900, 5336003, 0, 0, 0
15000, 5147561, 0, 0, 0
15100, 5307693, 0, 0, 0
15200, 5003232, 0, 0, 0
15301, 5680906, 0, 0, 0
15400, 6200484, 0, 0, 0
15500, 5795370, 0, 0, 0
15600, 5900071, 0, 0, 0
15700, 6005817, 0, 0, 0
15800, 6279661, 0, 0, 0
15900, 6526755, 0, 0, 0
16000, 5765048, 0, 0, 0
16100, 5821346, 0, 0, 0
16200, 6089620, 0, 0, 0
16301, 6357851, 0, 0, 0
16400, 6648093, 0, 0, 0
16500, 5685820, 0, 0, 0
16600, 5303393, 0, 0, 0
16700, 6408306, 0, 0, 0
16800, 6199743, 0, 0, 0
16900, 5221067, 0, 0, 0
17001, 5932384, 0, 0, 0
17101, 5364520, 0, 0, 0
17200, 6097261, 0, 0, 0
17300, 6029211, 0, 0, 0
17400, 5370682, 0, 0, 0
17500, 5861507, 0, 0, 0
17600, 5048794, 0, 0, 0
17700, 5112092, 0, 0, 0
17801, 5952639, 0, 0, 0
17900, 5969099, 0, 0, 0
18001, 4621216, 0, 0, 0
18100, 4801930, 0, 0, 0
18200, 5888442, 0, 0, 0
18300, 5245506, 0, 0, 0
18400, 5320407, 0, 0, 0
18501, 7290857, 0, 0, 0
18600, 6382363, 0, 0, 0
18700, 5669554, 0, 0, 0
18801, 5056711, 0, 0, 0
18900, 5295696, 0, 0, 0
19000, 5418273, 0, 0, 0
19100, 6490486, 0, 0, 0
19200, 5864233, 0, 0, 0
19300, 5632070, 0, 0, 0
19401, 5716611, 0, 0, 0
19500, 5517588, 0, 0, 0
19600, 5293373, 0, 0, 0
19700, 5277985, 0, 0, 0
19800, 5854569, 0, 0, 0
19900, 6381986, 0, 0, 0
20000, 6096287, 0, 0, 0
20100, 6278418, 0, 0, 0
20201, 5084325, 0, 0, 0
20300, 5455203, 0, 0, 0
20400, 4993274, 0, 0, 0
20500, 4931358, 0, 0, 0
20600, 5501792, 0, 0, 0
20700, 4773121, 0, 0, 0
20800, 5572176, 0, 0, 0
20900, 5539906, 0, 0, 0
21001, 6058977, 0, 0, 0
21100, 5771460, 0, 0, 0
21200, 6417867, 0, 0, 0
21300, 5909867, 0, 0, 0
21400, 5805721, 0, 0, 0
21500, 6331031, 0, 0, 0
21600, 5662205, 0, 0, 0
21700, 5428255, 0, 0, 0
21800, 5358663, 0, 0, 0
21901, 5216371, 0, 0, 0
22000, 5748475, 0, 0, 0
22100, 4973340, 0, 0, 0
22200, 5065984, 0, 0, 0
22301, 4804217, 0, 0, 0
22401, 5092790, 0, 0, 0
22500, 5700559, 0, 0, 0
22600, 4370834, 0, 0, 0
22700, 5188389, 0, 0, 0
22800, 5365360, 0, 0, 0
22900, 6375152, 0, 0, 0
23000, 5205929, 0, 0, 0
23100, 5950604, 0, 0, 0
23200, 5827829, 0, 0, 0
23300, 5751600, 0, 0, 0
23400, 5774414, 0, 0, 0
23500, 5985587, 0, 0, 0
23600, 5188202, 0, 0, 0
23700, 4771335, 0, 0, 0
23800, 5668569, 0, 0, 0
23900, 5812466, 0, 0, 0
24000, 5500314, 0, 0, 0
24100, 5302590, 0, 0, 0
24200, 5416859, 0, 0, 0
24300, 5860024, 0, 0, 0
24401, 5734911, 0, 0, 0
24501, 6215393, 0, 0, 0
24600, 6430605, 0, 0, 0
24701, 5888197, 0, 0, 0
24801, 7288478, 0, 0, 0
24900, 7211351, 0, 0, 0
25000, 5836421, 0, 0, 0
25100, 5470146, 0, 0, 0
25200, 5731004, 0, 0, 0
25300, 5879915, 0, 0, 0
25400, 5596750, 0, 0, 0
25501, 5135292, 0, 0, 0
25600, 4917301, 0, 0, 0
25700, 5967669, 0, 0, 0
25800, 5214864, 0, 0, 0
25900, 5239392, 0, 0, 0
26000, 4986393, 0, 0, 0
26100, 5517121, 0, 0, 0
26200, 5391179, 0, 0, 0
26300, 5503540, 0, 0, 0
26400, 5282050, 0, 0, 0
26501, 4992611, 0, 0, 0
26600, 6258999, 0, 0, 0
26700, 5207783, 0, 0, 0
26800, 4984603, 0, 0, 0
26900, 5472279, 0, 0, 0
27000, 5907534, 0, 0, 0
27100, 5540637, 0, 0, 0
27200, 6116542, 0, 0, 0
27300, 5536931, 0, 0, 0
27400, 5423471, 0, 0, 0
27500, 5089682, 0, 0, 0
27600, 6349052, 0, 0, 0
27700, 5321984, 0, 0, 0
27800, 5300928, 0, 0, 0
27900, 6075117, 0, 0, 0
28000, 6103241, 0, 0, 0
28101, 5585607, 0, 0, 0
28200, 5433001, 0, 0, 0
28300, 5411183, 0, 0, 0
28400, 5924482, 0, 0, 0
28500, 6156747, 0, 0, 0
28600, 5316796, 0, 0, 0
28700, 5200702, 0, 0, 0
28801, 6461845, 0, 0, 0
28902, 4851457, 0, 0, 0
29000, 5767303, 0, 0, 0
29100, 5041050, 0, 0, 0
29200, 4912556, 0, 0, 0
29301, 5136016, 0, 0, 0
29400, 5745868, 0, 0, 0
29500, 4678872, 0, 0, 0
29600, 5101107, 0, 0, 0
29700, 5149338, 0, 0, 0
29800, 5894151, 0, 0, 0
29900, 5370269, 0, 0, 0
30000, 5744425, 0, 0, 0
30100, 5159930, 0, 0, 0
30200, 7041488, 0, 0, 0
30300, 5316330, 0, 0, 0
30400, 5404787, 0, 0, 0
30500, 5812267, 0, 0, 0
30600, 6543284, 0, 0, 0
30701, 5594359, 0, 0, 0
30800, 5632544, 0, 0, 0
30900, 5646992, 0, 0, 0
31001, 5809184, 0, 0, 0
31101, 5838436, 0, 0, 0
31200, 5807067, 0, 0, 0
31300, 6271696, 0, 0, 0
31400, 5754228, 0, 0, 0
31503, 5794492, 0, 0, 0
31600, 5496070, 0, 0, 0
31700, 5205654, 0, 0, 0
31800, 4906844, 0, 0, 0
31900, 5681033, 0, 0, 0
32000, 6395292, 0, 0, 0
32101, 5661020, 0, 0, 0
32200, 4264103, 0, 0, 0
32302, 5448834, 0, 0, 0
32400, 5554940, 0, 0, 0
32500, 6196248, 0, 0, 0
32601, 6043136, 0, 0, 0
32700, 5650331, 0, 0, 0
32800, 5722844, 0, 0, 0
32900, 5677024, 0, 0, 0
33000, 5178396, 0, 0, 0
33100, 5334393, 0, 0, 0
33201, 5605366, 0, 0, 0
33300, 5362339, 0, 0, 0
33401, 5907344, 0, 0, 0
33500, 5510505, 0, 0, 0
33602, 5484342, 0, 0, 0
33700, 6071610, 0, 0, 0
33801, 6273501, 0, 0, 0
33900, 7584623, 0, 0, 0
34000, 6535609, 0, 0, 0
34100, 5032874, 0, 0, 0
34200, 5655432, 0, 0, 0
34300, 6569596, 0, 0, 0
34400, 5053616, 0, 0, 0
34500, 5157712, 0, 0, 0
34601, 5474318, 0, 0, 0
34700, 5186788, 0, 0, 0
34800, 5639766, 0, 0, 0
34900, 5876047, 0, 0, 0
35001, 5482494, 0, 0, 0
35100, 6660710, 0, 0, 0
35200, 5632929, 0, 0, 0
35300, 5676177, 0, 0, 0
35400, 6296396, 0, 0, 0
35500, 5843880, 0, 0, 0
35600, 6665273, 0, 0, 0
35700, 5524342, 0, 0, 0
35800, 5052851, 0, 0, 0
35900, 4596374, 0, 0, 0
36000, 5537683, 0, 0, 0
36100, 5438986, 0, 0, 0
36200, 5298479, 0, 0, 0
36301, 5059464, 0, 0, 0
36400, 6257376, 0, 0, 0
36500, 5469212, 0, 0, 0
36600, 5665696, 0, 0, 0
36700, 6520040, 0, 0, 0
36800, 5609893, 0, 0, 0
36901, 6037856, 0, 0, 0
37000, 6027780, 0, 0, 0
37100, 5374208, 0, 0, 0
37200, 5317820, 0, 0, 0
37301, 5171224, 0, 0, 0
37401, 5684011, 0, 0, 0
37500, 6934983, 0, 0, 0
37600, 5201749, 0, 0, 0
37700, 5452130, 0, 0, 0
37801, 5016299, 0, 0, 0
37900, 6005983, 0, 0, 0
38000, 6486903, 0, 0, 0
38100, 5942954, 0, 0, 0
38200, 6108070, 0, 0, 0
38300, 5694519, 0, 0, 0
38400, 6416627, 0, 0, 0
38500, 5687435, 0, 0, 0
38600, 6108098, 0, 0, 0
38702, 5402050, 0, 0, 0
38800, 5446538, 0, 0, 0
38900, 5153135, 0, 0, 0
39000, 7328223, 0, 0, 0
39101, 7543627, 0, 0, 0
39200, 5266171, 0, 0, 0
39300, 4462558, 0, 0, 0
39401, 4684296, 0, 0, 0
39501, 5359679, 0, 0, 0
39601, 5219970, 0, 0, 0
39700, 5513905, 0, 0, 0
39800, 5298364, 0, 0, 0
39902, 6267879, 0, 0, 0
40001, 7136679, 0, 0, 0
40100, 5586907, 0, 0, 0
40200, 4668271, 0, 0, 0
40300, 5235119, 0, 0, 0
40400, 4915083, 0, 0, 0
40500, 5472978, 0, 0, 0
40600, 6078570, 0, 0, 0
40700, 4965686, 0, 0, 0
40800, 5354972, 0, 0, 0
40900, 6118045, 0, 0, 0
41000, 5721312, 0, 0, 0
41100, 5772173, 0, 0, 0
41200, 5161328, 0, 0, 0
41300, 6039439, 0, 0, 0
41400, 4881174, 0, 0, 0
41500, 5409053, 0, 0, 0
41600, 5614435, 0, 0, 0
41700, 5862818, 0, 0, 0
41800, 5634617, 0, 0, 0
41900, 6532640, 0, 0, 0
42000, 6576997, 0, 0, 0
42100, 5633117, 0, 0, 0
42200, 5383108, 0, 0, 0
42300, 5781177, 0, 0, 0
42401, 5670749, 0, 0, 0
42500, 5477202, 0, 0, 0
42600, 5617222, 0, 0, 0
42700, 6770490, 0, 0, 0
42800, 5835775, 0, 0, 0
42900, 5931293, 0, 0, 0
43000, 6031749, 0, 0, 0
43100, 5907830, 0, 0, 0
43200, 6190724, 0, 0, 0
43300, 6123718, 0, 0, 0
43400, 5459443, 0, 0, 0
43500, 5093052, 0, 0, 0
43600, 5305318, 0, 0, 0
43700, 5529886, 0, 0, 0
43802, 5742321, 0, 0, 0
43900, 5914617, 0, 0, 0
44000, 6094830, 0, 0, 0
44100, 5707470, 0, 0, 0
44201, 5439923, 0, 0, 0
44300, 5023053, 0, 0, 0
44400, 5303368, 0, 0, 0
44500, 5387110, 0, 0, 0
44600, 6068552, 0, 0, 0
44702, 5801835, 0, 0, 0
44800, 6148200, 0, 0, 0
44900, 5430537, 0, 0, 0
45000, 4859527, 0, 0, 0
45100, 5880426, 0, 0, 0
45200, 6109208, 0, 0, 0
45301, 6090220, 0, 0, 0
45400, 6988885, 0, 0, 0
45501, 5666064, 0, 0, 0
45600, 5451116, 0, 0, 0
45700, 5376666, 0, 0, 0
45800, 5337100, 0, 0, 0
45900, 5242377, 0, 0, 0
46000, 5645658, 0, 0, 0
46100, 6675495, 0, 0, 0
46200, 5692585, 0, 0, 0
46300, 4844361, 0, 0, 0
46400, 6052525, 0, 0, 0
46500, 6272960, 0, 0, 0
46600, 5353706, 0, 0, 0
46700, 5689336, 0, 0, 0
46801, 5820742, 0, 0, 0
46900, 5941036, 0, 0, 0
47000, 6507018, 0, 0, 0
47100, 5771122, 0, 0, 0
47200, 6292959, 0, 0, 0
47300, 5858839, 0, 0, 0
47400, 5517999, 0, 0, 0
47500, 6245506, 0, 0, 0
47600, 5788822, 0, 0, 0
47700, 5233797, 0, 0, 0
47802, 5181271, 0, 0, 0
47900, 5679379, 0, 0, 0
48001, 5385100, 0, 0, 0
48100, 6822236, 0, 0, 0
48200, 6072069, 0, 0, 0
48300, 4847522, 0, 0, 0
48400, 6221172, 0, 0, 0
48500, 5113489, 0, 0, 0
48601, 5540416, 0, 0, 0
48700, 4999068, 0, 0, 0
48801, 5546941, 0, 0, 0
48900, 5246129, 0, 0, 0
49000, 5929692, 0, 0, 0
49100, 5804059, 0, 0, 0
49200, 5601082, 0, 0, 0
49300, 4436342, 0, 0, 0
49400, 5571135, 0, 0, 0
49500, 6283536, 0, 0, 0
49600, 5558089, 0, 0, 0
49700, 5908957, 0, 0, 0
49800, 5664794, 0, 0, 0
49901, 6235410, 0, 0, 0
50000, 5205038, 0, 0, 0
50100, 5568376, 0, 0, 0
50200, 5606222, 0, 0, 0
50300, 5064393, 0, 0, 0
50400, 5161505, 0, 0, 0
50500, 5052180, 0, 0, 0
50600, 4904560, 0, 0, 0
50700, 5663492, 0, 0, 0
50800, 5883230, 0, 0, 0
50901, 6275175, 0, 0, 0
51000, 5601180, 0, 0, 0
51100, 5350780, 0, 0, 0
51200, 5072664, 0, 0, 0
51300, 5558279, 0, 0, 0
51400, 5254318, 0, 0, 0
51500, 5967543, 0, 0, 0
51600, 6230415, 0, 0, 0
51700, 5751687, 0, 0, 0
51801, 6009869, 0, 0, 0
51900, 5692326, 0, 0, 0
52000, 5783022, 0, 0, 0
52100, 6383382, 0, 0, 0
52200, 5841624, 0, 0, 0
52300, 5427781, 0, 0, 0
52400, 5974321, 0, 0, 0
52500, 5217657, 0, 0, 0
52600, 5394586, 0, 0, 0
52700, 4476080, 0, 0, 0
52801, 5060531, 0, 0, 0
52900, 5118177, 0, 0, 0
53000, 5168543, 0, 0, 0
53100, 5430687, 0, 0, 0
53201, 5605758, 0, 0, 0
53301, 6059801, 0, 0, 0
53400, 5055030, 0, 0, 0
53500, 4767264, 0, 0, 0
53600, 5130016, 0, 0, 0
53700, 5150955, 0, 0, 0
53801, 5717703, 0, 0, 0
53900, 5491212, 0, 0, 0
54000, 5598526, 0, 0, 0
54100, 5757831, 0, 0, 0
54200, 5417198, 0, 0, 0
54301, 5754565, 0, 0, 0
54400, 5515954, 0, 0, 0
54500, 4679696, 0, 0, 0
54600, 5314674, 0, 0, 0
54700, 5028168, 0, 0, 0
54801, 5361904, 0, 0, 0
54900, 5437478, 0, 0, 0
55000, 5569231, 0, 0, 0
55100, 5348271, 0, 0, 0
55200, 6921089, 0, 0, 0
55300, 6093741, 0, 0, 0
55401, 5588284, 0, 0, 0
55500, 5744615, 0, 0, 0
55600, 5093229, 0, 0, 0
55700, 5729623, 0, 0, 0
55800, 5512422, 0, 0, 0
55900, 5168154, 0, 0, 0
56000, 5221854, 0, 0, 0
56100, 5213431, 0, 0, 0
56200, 5436723, 0, 0, 0
56300, 5912384, 0, 0, 0
56400, 5416345, 0, 0, 0
56502, 5835564, 0, 0, 0
56600, 5925633, 0, 0, 0
56700, 5843110, 0, 0, 0
56800, 4744603, 0, 0, 0
56900, 5226559, 0, 0, 0
57000, 4568888, 0, 0, 0
57100, 6030564, 0, 0, 0
57200, 5369652, 0, 0, 0
57300, 5166813, 0, 0, 0
57400, 5279606, 0, 0, 0
57500, 7041718, 0, 0, 0
57600, 6143615, 0, 0, 0
57700, 5508490, 0, 0, 0
57800, 5035024, 0, 0, 0
57900, 4285045, 0, 0, 0
58000, 5127284, 0, 0, 0
58100, 4929894, 0, 0, 0
58200, 5207159, 0, 0, 0
58300, 5154019, 0, 0, 0
58400, 4967500, 0, 0, 0
58500, 5655274, 0, 0, 0
58600, 4343862, 0, 0, 0
58700, 5524766, 0, 0, 0
58800, 5705104, 0, 0, 0
58900, 5289284, 0, 0, 0
59000, 5105486, 0, 0, 0
59100, 5703590, 0, 0, 0
59200, 5551721, 0, 0, 0
59300, 5930714, 0, 0, 0
59400, 5564934, 0, 0, 0
59500, 5652341, 0, 0, 0
59600, 5508780, 0, 0, 0
59701, 5505932, 0, 0, 0
59800, 6129437, 0, 0, 0
59901, 6160912, 0, 0, 0
60000, 6973191, 0, 0, 0
60100, 5361024, 0, 0, 0
60201, 6302354, 0, 0, 0
60300, 6199843, 0, 0, 0
60400, 5294454, 0, 0, 0
60500, 5284912, 0, 0, 0
60600, 5849476, 0, 0, 0
60700, 5083157, 0, 0, 0
60800, 5666762, 0, 0, 0
60900, 6060451, 0, 0, 0
61000, 5755671, 0, 0, 0
61100, 5841164, 0, 0, 0
61200, 5907232, 0, 0, 0
61300, 5848327, 0, 0, 0
61400, 5224670, 0, 0, 0
61501, 5115747, 0, 0, 0
61600, 5585812, 0, 0, 0
61700, 5567663, 0, 0, 0
61800, 4628304, 0, 0, 0
61900, 5343894, 0, 0, 0
62000, 5361162, 0, 0, 0
62100, 5526730, 0, 0, 0
62200, 5759700, 0, 0, 0
62300, 5891646, 0, 0, 0
62400, 6434167, 0, 0, 0
62500, 5131619, 0, 0, 0
62600, 5330923, 0, 0, 0
62700, 5650785, 0, 0, 0
62800, 5728679, 0, 0, 0
62902, 5372424, 0, 0, 0
63000, 5853313, 0, 0, 0
63100, 5700467, 0, 0, 0
63200, 5895169, 0, 0, 0
63300, 5840199, 0, 0, 0
63400, 5906028, 0, 0, 0
63500, 5196145, 0, 0, 0
63600, 5481651, 0, 0, 0
63700, 5567411, 0, 0, 0
63800, 5292750, 0, 0, 0
63900, 5211844, 0, 0, 0
64000, 5697378, 0, 0, 0
64100, 5246180, 0, 0, 0
64201, 5605227, 0, 0, 0
64300, 5763318, 0, 0, 0
64400, 5702724, 0, 0, 0
64500, 5746808, 0, 0, 0
64601, 4814954, 0, 0, 0
64701, 4838344, 0, 0, 0
64800, 6491866, 0, 0, 0
64900, 6837622, 0, 0, 0
65000, 6094068, 0, 0, 0
65100, 5268500, 0, 0, 0
65200, 5723748, 0, 0, 0
65300, 5892763, 0, 0, 0
65400, 5465534, 0, 0, 0
65500, 5323090, 0, 0, 0
65600, 5211908, 0, 0, 0
65700, 5940970, 0, 0, 0
65800, 5007317, 0, 0, 0
65900, 5431119, 0, 0, 0
66000, 6113624, 0, 0, 0
66100, 6337607, 0, 0, 0
66200, 5268660, 0, 0, 0
66300, 5724491, 0, 0, 0
66400, 5851913, 0, 0, 0
66500, 5522594, 0, 0, 0
66601, 6307064, 0, 0, 0
66700, 5433953, 0, 0, 0
66800, 6168958, 0, 0, 0
66900, 5880315, 0, 0, 0
67001, 5648027, 0, 0, 0
67100, 6328229, 0, 0, 0
67200, 5386148, 0, 0, 0
67300, 5662326, 0, 0, 0
67400, 5336121, 0, 0, 0
67500, 5679083, 0, 0, 0
67600, 4521938, 0, 0, 0
67700, 4673853, 0, 0, 0
67800, 4817620, 0, 0, 0
67900, 5286486, 0, 0, 0
68000, 5245128, 0, 0, 0
68100, 6171408, 0, 0, 0
68200, 6036108, 0, 0, 0
68300, 5447817, 0, 0, 0
68400, 4969259, 0, 0, 0
68500, 4718919, 0, 0, 0
68601, 5303260, 0, 0, 0
68700, 5245224, 0, 0, 0
68800, 5993349, 0, 0, 0
68900, 5720424, 0, 0, 0
69000, 7504344, 0, 0, 0
69100, 6085597, 0, 0, 0
69201, 5005565, 0, 0, 0
69300, 4531257, 0, 0, 0
69400, 4536832, 0, 0, 0
69500, 5256771, 0, 0, 0
69600, 5687892, 0, 0, 0
69701, 5078405, 0, 0, 0
69800, 5101418, 0, 0, 0
69900, 5747994, 0, 0, 0
70000, 5556811, 0, 0, 0
70100, 5774093, 0, 0, 0
70201, 6044438, 0, 0, 0
70300, 6224747, 0, 0, 0
70401, 5639114, 0, 0, 0
70500, 5759944, 0, 0, 0
70600, 5468367, 0, 0, 0
70700, 4655598, 0, 0, 0
70801, 5188215, 0, 0, 0
70900, 5138130, 0, 0, 0
71001, 5695326, 0, 0, 0
71100, 5409777, 0, 0, 0
71200, 5260663, 0, 0, 0
71300, 5234915, 0, 0, 0
71400, 5247011, 0, 0, 0
71500, 5637006, 0, 0, 0
71600, 5491192, 0, 0, 0
71700, 5412625, 0, 0, 0
71800, 4769413, 0, 0, 0
71900, 5127586, 0, 0, 0
72000, 6710895, 0, 0, 0
72101, 5862111, 0, 0, 0
72201, 5306947, 0, 0, 0
72300, 5529210, 0, 0, 0
72400, 4904339, 0, 0, 0
72500, 5790285, 0, 0, 0
72600, 6089102, 0, 0, 0
72700, 5346941, 0, 0, 0
72800, 6225085, 0, 0, 0
72900, 6667593, 0, 0, 0
73000, 6029582, 0, 0, 0
73100, 5326541, 0, 0, 0
73200, 5848216, 0, 0, 0
73300, 5101686, 0, 0, 0
73400, 5231784, 0, 0, 0
73501, 5271561, 0, 0, 0
73600, 6274974, 0, 0, 0
73701, 5343289, 0, 0, 0
73801, 5245384, 0, 0, 0
73900, 6148572, 0, 0, 0
74000, 5944941, 0, 0, 0
74100, 5628771, 0, 0, 0
74200, 5711616, 0, 0, 0
74300, 5476019, 0, 0, 0
74400, 6792694, 0, 0, 0
74500, 6183623, 0, 0, 0
74600, 5564877, 0, 0, 0
74701, 6182363, 0, 0, 0
74800, 6315972, 0, 0, 0
74900, 5618168, 0, 0, 0
75001, 6393602, 0, 0, 0
75101, 5611299, 0, 0, 0
75200, 5928303, 0, 0, 0
75300, 5459553, 0, 0, 0
75402, 5927575, 0, 0, 0
75500, 6174115, 0, 0, 0
75600, 6335382, 0, 0, 0
75701, 5832339, 0, 0, 0
75800, 6672579, 0, 0, 0
75900, 5277474, 0, 0, 0
76000, 5361625, 0, 0, 0
76100, 5195067, 0, 0, 0
76200, 5065618, 0, 0, 0
76300, 4983200, 0, 0, 0
76401, 5691483, 0, 0, 0
76501, 4482136, 0, 0, 0
76600, 4939625, 0, 0, 0
76700, 5175083, 0, 0, 0
76800, 5678689, 0, 0, 0
76900, 5891052, 0, 0, 0
77000, 5658978, 0, 0, 0
77100, 5639517, 0, 0, 0
77200, 5001882, 0, 0, 0
77300, 5897730, 0, 0, 0
77400, 6087636, 0, 0, 0
77500, 5245670, 0, 0, 0
77601, 5472741, 0, 0, 0
77700, 5690683, 0, 0, 0
77800, 5452529, 0, 0, 0
77900, 5496848, 0, 0, 0
78000, 5177044, 0, 0, 0
78100, 5649621, 0, 0, 0
78200, 5761878, 0, 0, 0
78300, 5566728, 0, 0, 0
78400, 5008937, 0, 0, 0
78500, 5419741, 0, 0, 0
78600, 5336180, 0, 0, 0
78700, 5769258, 0, 0, 0
78800, 6266358, 0, 0, 0
78900, 5643219, 0, 0, 0
79000, 5349423, 0, 0, 0
79100, 5960003, 0, 0, 0
79200, 5049321, 0, 0, 0
79300, 5906178, 0, 0, 0
79401, 5298214, 0, 0, 0
79500, 5366967, 0, 0, 0
79600, 5912833, 0, 0, 0
79700, 5409491, 0, 0, 0
79800, 5929354, 0, 0, 0
79900, 5568722, 0, 0, 0
80000, 5342036, 0, 0, 0
80101, 5928949, 0, 0, 0
80200, 5654375, 0, 0, 0
80300, 5035212, 0, 0, 0
80400, 5272540, 0, 0, 0
80500, 5706102, 0, 0, 0
80600, 5090037, 0, 0, 0
80700, 4967873, 0, 0, 0
80800, 5464031, 0, 0, 0
80900, 5048324, 0, 0, 0
81000, 5505587, 0, 0, 0
81100, 5539745, 0, 0, 0
81200, 6187768, 0, 0, 0
81300, 5729220, 0, 0, 0
81400, 5521992, 0, 0, 0
81500, 4846736, 0, 0, 0
81601, 5338071, 0, 0, 0
81700, 5457389, 0, 0, 0
81800, 5207436, 0, 0, 0
81900, 5706355, 0, 0, 0
82000, 5514429, 0, 0, 0
82100, 4682060, 0, 0, 0
82200, 6053688, 0, 0, 0
82300, 5992910, 0, 0, 0
82400, 5841025, 0, 0, 0
82500, 5060409, 0, 0, 0
82600, 4881977, 0, 0, 0
82700, 5628109, 0, 0, 0
82803, 5205277, 0, 0, 0
82900, 5641783, 0, 0, 0
83000, 6251616, 0, 0, 0
83100, 5374821, 0, 0, 0
83200, 6161934, 0, 0, 0
83300, 5517355, 0, 0, 0
83400, 5201782, 0, 0, 0
83501, 5354405, 0, 0, 0
83600, 5862765, 0, 0, 0
83700, 5225785, 0, 0, 0
83800, 4940526, 0, 0, 0
83900, 4987227, 0, 0, 0
84000, 4840506, 0, 0, 0
84100, 5626303, 0, 0, 0
84201, 6374375, 0, 0, 0
84301, 5767047, 0, 0, 0
84400, 5601144, 0, 0, 0
84500, 6912343, 0, 0, 0
84600, 7311712, 0, 0, 0
84700, 5304775, 0, 0, 0
84800, 5885898, 0, 0, 0
84900, 6817473, 0, 0, 0
85000, 6001744, 0, 0, 0
85100, 5384099, 0, 0, 0
85201, 4937942, 0, 0, 0
85300, 5783300, 0, 0, 0
85400, 5671702, 0, 0, 0
85500, 5736074, 0, 0, 0
85601, 6472377, 0, 0, 0
85700, 5080496, 0, 0, 0
85800, 5047355, 0, 0, 0
85900, 4673037, 0, 0, 0
86001, 4874203, 0, 0, 0
86100, 5242836, 0, 0, 0
86200, 5463096, 0, 0, 0
86300, 5405635, 0, 0, 0
86401, 5698978, 0, 0, 0
86500, 6298820, 0, 0, 0
86601, 5389577, 0, 0, 0
86700, 6127741, 0, 0, 0
86800, 5082652, 0, 0, 0
86901, 5084285, 0, 0, 0
87000, 4715726, 0, 0, 0
87100, 5642653, 0, 0, 0
87200, 5874328, 0, 0, 0
87300, 5271245, 0, 0, 0
87400, 5314369, 0, 0, 0
87500, 5787732, 0, 0, 0
87600, 5181679, 0, 0, 0
87700, 4716563, 0, 0, 0
87800, 5545072, 0, 0, 0
87900, 5131929, 0, 0, 0
88000, 5222284, 0, 0, 0
88102, 5823949, 0, 0, 0
88202, 5700522, 0, 0, 0
88300, 5331463, 0, 0, 0
88400, 5997015, 0, 0, 0
88500, 6495354, 0, 0, 0
88600, 6253363, 0, 0, 0
88700, 5493678, 0, 0, 0
88800, 6112551, 0, 0, 0
88900, 5111540, 0, 0, 0
89000, 5095608, 0, 0, 0
89100, 5730533, 0, 0, 0
89200, 5889292, 0, 0, 0
89300, 6337937, 0, 0, 0
89400, 5533335, 0, 0, 0
89500, 5273369, 0, 0, 0
89600, 5064699, 0, 0, 0
89700, 5341745, 0, 0, 0
89800, 5206159, 0, 0, 0
89900, 6022597, 0, 0, 0
90000, 5800009, 0, 0, 0
90005, 8200637, 0, 0, 0
