102, 19285082, 0, 0, 0
204, 23617420, 0, 0, 0
306, 17577588, 0, 0, 0
401, 15515865, 0, 0, 0
506, 25876177, 0, 0, 0
603, 21789659, 0, 0, 0
710, 21857168, 0, 0, 0
801, 14573376, 0, 0, 0
916, 14954020, 0, 0, 0
1003, 33848520, 0, 0, 0
1106, 44496621, 0, 0, 0
1206, 14147762, 0, 0, 0
1305, 29201460, 0, 0, 0
1405, 30561713, 0, 0, 0
1504, 17449492, 0, 0, 0
1605, 20532826, 0, 0, 0
1700, 25912866, 0, 0, 0
1801, 14151347, 0, 0, 0
1902, 15153294, 0, 0, 0
2003, 16850049, 0, 0, 0
2106, 16318947, 0, 0, 0
2205, 24819314, 0, 0, 0
2300, 18144035, 0, 0, 0
2404, 17379232, 0, 0, 0
2511, 20340511, 0, 0, 0
2603, 24546155, 0, 0, 0
2700, 17294380, 0, 0, 0
2801, 20297233, 0, 0, 0
2900, 15009855, 0, 0, 0
3000, 17608637, 0, 0, 0
3105, 17867210, 0, 0, 0
3200, 16171519, 0, 0, 0
3301, 13286966, 0, 0, 0
3408, 15551875, 0, 0, 0
3504, 16086051, 0, 0, 0
3600, 18507330, 0, 0, 0
3700, 22013695, 0, 0, 0
3805, 21079659, 0, 0, 0
3903, 15181543, 0, 0, 0
4000, 13650607, 0, 0, 0
4100, 16682691, 0, 0, 0
4200, 18346363, 0, 0, 0
4308, 19120735, 0, 0, 0
4405, 14303863, 0, 0, 0
4508, 23873848, 0, 0, 0
4603, 14316982, 0, 0, 0
4702, 17320967, 0, 0, 0
4802, 14707489, 0, 0, 0
4900, 16471804, 0, 0, 0
5003, 23980721, 0, 0, 0
5100, 18167040, 0, 0, 0
5206, 15193895, 0, 0, 0
5306, 17563542, 0, 0, 0
5403, 18221988, 0, 0, 0
5500, 18864829, 0, 0, 0
5602, 20726842, 0, 0, 0
5701, 12670116, 0, 0, 0
5801, 17871210, 0, 0, 0
5907, 15293647, 0, 0, 0
6003, 17051875, 0, 0, 0
6102, 17718313, 0, 0, 0
6206, 10607283, 0, 0, 0
6305, 17486409, 0, 0, 0
6400, 19117997, 0, 0, 0
6500, 15844571, 0, 0, 0
6600, 14307396, 0, 0, 0
6705, 14151858, 0, 0, 0
6801, 14245380, 0, 0, 0
6902, 22039643, 0, 0, 0
7008, 12616787, 0, 0, 0
7104, 15438621, 0, 0, 0
7205, 11419145, 0, 0, 0
7315, 19216043, 0, 0, 0
7401, 15138953, 0, 0, 0
7500, 14041496, 0, 0, 0
7600, 17277502, 0, 0, 0
7708, 15313048, 0, 0, 0
7803, 24635436, 0, 0, 0
7909, 20596244, 0, 0, 0
8002, 20739289, 0, 0, 0
8101, 12628982, 0, 0, 0
8200, 13673347, 0, 0, 0
8307, 15525779, 0, 0, 0
8403, 21153468, 0, 0, 0
8502, 19248772, 0, 0, 0
8600, 17913834, 0, 0, 0
8707, 15278995, 0, 0, 0
8803, 18401901, 0, 0, 0
8904, 19654538, 0, 0, 0
9011, 17655973, 0, 0, 0
9104, 9876554, 0, 0, 0
9202, 14933501, 0, 0, 0
9309, 11001349, 0, 0, 0
9401, 15019712, 0, 0, 0
9501, 16639221, 0, 0, 0
9602, 14289490, 0, 0, 0
9705, 16206353, 0, 0, 0
9803, 11586728, 0, 0, 0
9900, 14729151, 0, 0, 0
10001, 14811973, 0, 0, 0
10104, 10992883, 0, 0, 0
10206, 17065375, 0, 0, 0
10300, 16247012, 0, 0, 0
10402, 15376988, 0, 0, 0
10507, 22332395, 0, 0, 0
10601, 23759273, 0, 0, 0
10701, 14550115, 0, 0, 0
10803, 13999434, 0, 0, 0
10903, 21363537, 0, 0, 0
11006, 16082396, 0, 0, 0
11100, 17878976, 0, 0, 0
11216, 16894945, 0, 0, 0
11303, 17364296, 0, 0, 0
11401, 35422554, 0, 0, 0
11500, 15279137, 0, 0, 0
11600, 17502707, 0, 0, 0
11707, 22186068, 0, 0, 0
11807, 15568509, 0, 0, 0
11901, 17143694, 0, 0, 0
12002, 17007677, 0, 0, 0
12100, 16716632, 0, 0, 0
12204, 16054095, 0, 0, 0
12300, 16446616, 0, 0, 0
12402, 19702764, 0, 0, 0
12500, 17039580, 0, 0, 0
12600, 14455033, 0, 0, 0
12710, 25292978, 0, 0, 0
12813, 16408755, 0, 0, 0
12900, 24857834, 0, 0, 0
13002, 13782271, 0, 0, 0
13104, 15302442, 0, 0, 0
13202, 25907296, 0, 0, 0
13301, 16702206, 0, 0, 0
13403, 14762536, 0, 0, 0
13500, 14692868, 0, 0, 0
13601, 27451713, 0, 0, 0
13700, 18519582, 0, 0, 0
13812, 15509362, 0, 0, 0
13901, 18269229, 0, 0, 0
14002, 10911277, 0, 0, 0
14106, 21289134, 0, 0, 0
14214, 15723870, 0, 0, 0
14308, 19356124, 0, 0, 0
14401, 18681739, 0, 0, 0
14502, 13993969, 0, 0, 0
14600, 16430495, 0, 0, 0
14708, 18145196, 0, 0, 0
14801, 14560850, 0, 0, 0
14908, 21700661, 0, 0, 0
15001, 16882130, 0, 0, 0
15102, 23118931, 0, 0, 0
15203, 17732023, 0, 0, 0
15301, 12813487, 0, 0, 0
15401, 14687323, 0, 0, 0
15500, 15757426, 0, 0, 0
15600, 16385581, 0, 0, 0
15705, 14239410, 0, 0, 0
15800, 21791102, 0, 0, 0
15902, 12850288, 0, 0, 0
16008, 17911105, 0, 0, 0
16103, 19507193, 0, 0, 0
16201, 20911975, 0, 0, 0
16303, 16276799, 0, 0, 0
16409, 15974822, 0, 0, 0
16503, 17897762, 0, 0, 0
16603, 17020371, 0, 0, 0
16705, 20019419, 0, 0, 0
16800, 18608390, 0, 0, 0
16904, 15594588, 0, 0, 0
17002, 16412198, 0, 0, 0
17103, 16979578, 0, 0, 0
17209, 14652947, 0, 0, 0
17302, 18300569, 0, 0, 0
17403, 18525337, 0, 0, 0
17503, 21662475, 0, 0, 0
17601, 12634280, 0, 0, 0
17714, 17746693, 0, 0, 0
17800, 24376439, 0, 0, 0
17904, 18736815, 0, 0, 0
18002, 14259327, 0, 0, 0
18101, 14382520, 0, 0, 0
18201, 10742216, 0, 0, 0
18304, 11098652, 0, 0, 0
18400, 15771737, 0, 0, 0
18503, 17803692, 0, 0, 0
18603, 15314012, 0, 0, 0
18707, 14930155, 0, 0, 0
18801, 16556671, 0, 0, 0
18903, 24411065, 0, 0, 0
19000, 17209202, 0, 0, 0
19100, 22342517, 0, 0, 0
19202, 15541576, 0, 0, 0
19302, 16361290, 0, 0, 0
19400, 16569405, 0, 0, 0
19506, 15183634, 0, 0, 0
19601, 16098158, 0, 0, 0
19705, 12496831, 0, 0, 0
19805, 14935916, 0, 0, 0
19902, 14999901, 0, 0, 0
20005, 9178379, 0, 0, 0
20100, 17846676, 0, 0, 0
20202, 17238118, 0, 0, 0
20300, 15300024, 0, 0, 0
20403, 16241936, 0, 0, 0
20503, 17870992, 0, 0, 0
20606, 16407607, 0, 0, 0
20703, 17754952, 0, 0, 0
20801, 13629129, 0, 0, 0
20900, 19038752, 0, 0, 0
21002, 13239920, 0, 0, 0
21100, 11480662, 0, 0, 0
21203, 13701804, 0, 0, 0
21306, 19522930, 0, 0, 0
21404, 15237946, 0, 0, 0
21501, 12743249, 0, 0, 0
21600, 19681433, 0, 0, 0
21710, 14508801, 0, 0, 0
21802, 21118642, 0, 0, 0
21900, 19177757, 0, 0, 0
22011, 20171440, 0, 0, 0
22108, 17176467, 0, 0, 0
22207, 16244768, 0, 0, 0
22304, 15269781, 0, 0, 0
22409, 18400773, 0, 0, 0
22503, 21167813, 0, 0, 0
22603, 14904716, 0, 0, 0
22700, 12153434, 0, 0, 0
22804, 16669437, 0, 0, 0
22902, 20558286, 0, 0, 0
23002, 17585756, 0, 0, 0
23103, 13980151, 0, 0, 0
23200, 14352855, 0, 0, 0
23300, 10112894, 0, 0, 0
23404, 21727981, 0, 0, 0
23529, 16849473, 0, 0, 0
23606, 15944038, 0, 0, 0
23702, 13378365, 0, 0, 0
23803, 21073941, 0, 0, 0
23901, 13064820, 0, 0, 0
24013, 12746404, 0, 0, 0
24102, 13681501, 0, 0, 0
24201, 11044625, 0, 0, 0
24318, 11565544, 0, 0, 0
24403, 18107396, 0, 0, 0
24500, 12071676, 0, 0, 0
24604, 13412167, 0, 0, 0
24700, 23953435, 0, 0, 0
24806, 21462404, 0, 0, 0
24905, 17702085, 0, 0, 0
25001, 14637805, 0, 0, 0
25109, 12029840, 0, 0, 0
25202, 22399472, 0, 0, 0
25303, 12622516, 0, 0, 0
25403, 13504122, 0, 0, 0
25502, 15573543, 0, 0, 0
25601, 13798378, 0, 0, 0
25702, 10757241, 0, 0, 0
25806, 17951389, 0, 0, 0
25900, 16169040, 0, 0, 0
26001, 18496417, 0, 0, 0
26119, 22311479, 0, 0, 0
26203, 18435713, 0, 0, 0
26301, 15088125, 0, 0, 0
26410, 16157682, 0, 0, 0
26501, 16927275, 0, 0, 0
26602, 15970995, 0, 0, 0
26700, 21532241, 0, 0, 0
26802, 15376195, 0, 0, 0
26900, 11578053, 0, 0, 0
27002, 14908352, 0, 0, 0
27100, 18487070, 0, 0, 0
27202, 14901609, 0, 0, 0
27300, 11647243, 0, 0, 0
27405, 16136780, 0, 0, 0
27501, 18849765, 0, 0, 0
27602, 11976807, 0, 0, 0
27706, 19199657, 0, 0, 0
27813, 17177466, 0, 0, 0
27900, 16716449, 0, 0, 0
28003, 21886757, 0, 0, 0
28105, 36170686, 0, 0, 0
28206, 16644574, 0, 0, 0
28305, 18019512, 0, 0, 0
28401, 19038280, 0, 0, 0
28506, 22651911, 0, 0, 0
28605, 27341110, 0, 0, 0
28703, 17560746, 0, 0, 0
28803, 12400905, 0, 0, 0
28900, 14260351, 0, 0, 0
29000, 18081553, 0, 0, 0
29101, 13121400, 0, 0, 0
29200, 15575368, 0, 0, 0
29300, 11462518, 0, 0, 0
29402, 17517336, 0, 0, 0
29505, 18219633, 0, 0, 0
29602, 18361824, 0, 0, 0
29704, 11401156, 0, 0, 0
29804, 13286510, 0, 0, 0
29902, 18258532, 0, 0, 0
30001, 26110148, 0, 0, 0
30105, 21678468, 0, 0, 0
30205, 29588851, 0, 0, 0
30321, 21321805, 0, 0, 0
30401, 21593524, 0, 0, 0
30505, 23586284, 0, 0, 0
30602, 11218932, 0, 0, 0
30709, 18748357, 0, 0, 0
30804, 20119066, 0, 0, 0
30903, 14523972, 0, 0, 0
31004, 12123913, 0, 0, 0
31106, 17501698, 0, 0, 0
31202, 17541045, 0, 0, 0
31300, 12374449, 0, 0, 0
31402, 17991532, 0, 0, 0
31500, 14928587, 0, 0, 0
31604, 17790593, 0, 0, 0
31702, 12233007, 0, 0, 0
31809, 23297964, 0, 0, 0
31901, 21826257, 0, 0, 0
32001, 15891233, 0, 0, 0
32110, 14521095, 0, 0, 0
32201, 17284321, 0, 0, 0
32302, 22956485, 0, 0, 0
32400, 21259409, 0, 0, 0
32512, 24836984, 0, 0, 0
32607, 15566663, 0, 0, 0
32700, 23143107, 0, 0, 0
32808, 25999694, 0, 0, 0
32904, 15240123, 0, 0, 0
33001, 14251973, 0, 0, 0
33110, 14902798, 0, 0, 0
33201, 20266961, 0, 0, 0
33303, 14310618, 0, 0, 0
33403, 14798537, 0, 0, 0
33518, 19702590, 0, 0, 0
33603, 17613113, 0, 0, 0
33706, 21242389, 0, 0, 0
33804, 15753798, 0, 0, 0
33905, 16558117, 0, 0, 0
34002, 18214126, 0, 0, 0
34102, 17965843, 0, 0, 0
34204, 14730466, 0, 0, 0
34303, 18518047, 0, 0, 0
34406, 18958596, 0, 0, 0
34502, 12430727, 0, 0, 0
34602, 17954725, 0, 0, 0
34707, 16042656, 0, 0, 0
34800, 23589164, 0, 0, 0
34910, 22198712, 0, 0, 0
35000, 23465751, 0, 0, 0
35100, 18142251, 0, 0, 0
35200, 12876427, 0, 0, 0
35309, 18888250, 0, 0, 0
35404, 12586843, 0, 0, 0
35507, 12948600, 0, 0, 0
35615, 20190342, 0, 0, 0
35701, 28426262, 0, 0, 0
35802, 21986010, 0, 0, 0
35901, 16653720, 0, 0, 0
36001, 14135429, 0, 0, 0
36101, 14485420, 0, 0, 0
36202, 16904237, 0, 0, 0
36306, 16253213, 0, 0, 0
36402, 23021284, 0, 0, 0
36500, 16333721, 0, 0, 0
36601, 16014555, 0, 0, 0
36702, 21371228, 0, 0, 0
36830, 13353450, 0, 0, 0
36900, 19457553, 0, 0, 0
37000, 22037298, 0, 0, 0
37100, 20988497, 0, 0, 0
37204, 18548730, 0, 0, 0
37309, 13090662, 0, 0, 0
37401, 13796038, 0, 0, 0
37500, 16132824, 0, 0, 0
37600, 11936286, 0, 0, 0
37700, 11301939, 0, 0, 0
37802, 18148384, 0, 0, 0
37901, 15367620, 0, 0, 0
38004, 12090317, 0, 0, 0
38105, 29360782, 0, 0, 0
38203, 19150587, 0, 0, 0
38302, 16422351, 0, 0, 0
38412, 17207991, 0, 0, 0
38502, 24292891, 0, 0, 0
38600, 13650677, 0, 0, 0
38706, 15464992, 0, 0, 0
38801, 14532627, 0, 0, 0
38901, 15190258, 0, 0, 0
39000, 10913629, 0, 0, 0
39102, 15386808, 0, 0, 0
39201, 17275841, 0, 0, 0
39305, 12732842, 0, 0, 0
39403, 12063349, 0, 0, 0
39505, 15974697, 0, 0, 0
39602, 11323999, 0, 0, 0
39700, 12251679, 0, 0, 0
39815, 16239140, 0, 0, 0
39902, 17753196, 0, 0, 0
40004, 17474626, 0, 0, 0
40108, 14837747, 0, 0, 0
40200, 14362854, 0, 0, 0
40300, 11095552, 0, 0, 0
40405, 15788151, 0, 0, 0
40500, 34229229, 0, 0, 0
40600, 14433786, 0, 0, 0
40722, 16671864, 0, 0, 0
40804, 22412806, 0, 0, 0
40912, 18326967, 0, 0, 0
41010, 23231393, 0, 0, 0
41105, 18385896, 0, 0, 0
41212, 16292366, 0, 0, 0
41300, 15270075, 0, 0, 0
41400, 13414398, 0, 0, 0
41506, 13663107, 0, 0, 0
41603, 18683339, 0, 0, 0
41706, 15734323, 0, 0, 0
41806, 15276636, 0, 0, 0
41906, 12032386, 0, 0, 0
42003, 20700598, 0, 0, 0
42100, 12171815, 0, 0, 0
42201, 9759638, 0, 0, 0
42301, 15046742, 0, 0, 0
42400, 16513990, 0, 0, 0
42506, 16497779, 0, 0, 0
42603, 17185269, 0, 0, 0
42701, 22594120, 0, 0, 0
42801, 13123505, 0, 0, 0
42902, 18749268, 0, 0, 0
43008, 20497821, 0, 0, 0
43103, 18002822, 0, 0, 0
43210, 14555081, 0, 0, 0
43301, 16850916, 0, 0, 0
43407, 17791551, 0, 0, 0
43501, 15624285, 0, 0, 0
43609, 15663736, 0, 0, 0
43705, 12339844, 0, 0, 0
43800, 17135725, 0, 0, 0
43901, 23631403, 0, 0, 0
44002, 17265492, 0, 0, 0
44101, 20359625, 0, 0, 0
44203, 11681293, 0, 0, 0
44309, 17964904, 0, 0, 0
44402, 16352167, 0, 0, 0
44512, 19631069, 0, 0, 0
44604, 16354557, 0, 0, 0
44700, 13510843, 0, 0, 0
44803, 20509771, 0, 0, 0
44904, 21954815, 0, 0, 0
45003, 15944093, 0, 0, 0
45110, 14615406, 0, 0, 0
45203, 19644374, 0, 0, 0
45301, 22561037, 0, 0, 0
45403, 14581155, 0, 0, 0
45503, 17378944, 0, 0, 0
45607, 15113391, 0, 0, 0
45704, 22613243, 0, 0, 0
45801, 16799676, 0, 0, 0
45900, 12616158, 0, 0, 0
46005, 19788214, 0, 0, 0
46100, 19279874, 0, 0, 0
46202, 15052742, 0, 0, 0
46300, 24018791, 0, 0, 0
46414, 25526312, 0, 0, 0
46510, 17340497, 0, 0, 0
46602, 17254726, 0, 0, 0
46701, 19486626, 0, 0, 0
46804, 15414509, 0, 0, 0
46905, 20124926, 0, 0, 0
47001, 17074542, 0, 0, 0
47100, 16846777, 0, 0, 0
47202, 16962836, 0, 0, 0
47300, 14972713, 0, 0, 0
47403, 20020505, 0, 0, 0
47509, 15169109, 0, 0, 0
47601, 12541089, 0, 0, 0
47716, 17040708, 0, 0, 0
47800, 21864668, 0, 0, 0
47906, 20133294, 0, 0, 0
48004, 23448249, 0, 0, 0
48100, 18451368, 0, 0, 0
48203, 16544098, 0, 0, 0
48300, 17379893, 0, 0, 0
48407, 18611803, 0, 0, 0
48500, 15244336, 0, 0, 0
48600, 23149520, 0, 0, 0
48700, 15553881, 0, 0, 0
48803, 22204220, 0, 0, 0
48902, 18258402, 0, 0, 0
49001, 15538991, 0, 0, 0
49115, 14909057, 0, 0, 0
49200, 26248652, 0, 0, 0
49329, 17082300, 0, 0, 0
49405, 32004462, 0, 0, 0
49502, 15949585, 0, 0, 0
49604, 20386441, 0, 0, 0
49701, 15443565, 0, 0, 0
49801, 12917255, 0, 0, 0
49904, 18784998, 0, 0, 0
50013, 18655817, 0, 0, 0
50110, 18148165, 0, 0, 0
50202, 17436570, 0, 0, 0
50315, 16901016, 0, 0, 0
50403, 30406953, 0, 0, 0
50500, 14391776, 0, 0, 0
50606, 29055384, 0, 0, 0
50700, 15676302, 0, 0, 0
50800, 20088924, 0, 0, 0
50904, 17449816, 0, 0, 0
51002, 12968166, 0, 0, 0
51100, 14006580, 0, 0, 0
51201, 22478122, 0, 0, 0
51307, 17379872, 0, 0, 0
51404, 15769191, 0, 0, 0
51500, 16731461, 0, 0, 0
51603, 18951994, 0, 0, 0
51707, 15936947, 0, 0, 0
51802, 17521975, 0, 0, 0
51916, 18279597, 0, 0, 0
52000, 15477505, 0, 0, 0
52100, 15059246, 0, 0, 0
52204, 18430041, 0, 0, 0
52302, 25306027, 0, 0, 0
52402, 16278295, 0, 0, 0
52505, 16815808, 0, 0, 0
52605, 20753314, 0, 0, 0
52700, 14202989, 0, 0, 0
52800, 24664756, 0, 0, 0
52915, 14952316, 0, 0, 0
53002, 28870163, 0, 0, 0
53103, 17379368, 0, 0, 0
53200, 13825243, 0, 0, 0
53300, 20400200, 0, 0, 0
53400, 13783958, 0, 0, 0
53500, 20497440, 0, 0, 0
53604, 15328047, 0, 0, 0
53702, 22145420, 0, 0, 0
53812, 17679716, 0, 0, 0
53909, 20151391, 0, 0, 0
54004, 18721635, 0, 0, 0
54100, 26443215, 0, 0, 0
54201, 13357916, 0, 0, 0
54301, 18806266, 0, 0, 0
54417, 21651181, 0, 0, 0
54500, 17529632, 0, 0, 0
54600, 12060388, 0, 0, 0
54702, 16380075, 0, 0, 0
54805, 14114032, 0, 0, 0
54905, 17841513, 0, 0, 0
55000, 19369904, 0, 0, 0
55100, 13873864, 0, 0, 0
55202, 20839754, 0, 0, 0
55309, 22344572, 0, 0, 0
55402, 26185369, 0, 0, 0
55506, 17590216, 0, 0, 0
55601, 17790627, 0, 0, 0
55704, 12408129, 0, 0, 0
55802, 21120654, 0, 0, 0
55900, 16751452, 0, 0, 0
56003, 15972553, 0, 0, 0
56107, 17641500, 0, 0, 0
56206, 16950003, 0, 0, 0
56303, 19794902, 0, 0, 0
56405, 17138470, 0, 0, 0
56501, 17531310, 0, 0, 0
56600, 15794537, 0, 0, 0
56707, 21414264, 0, 0, 0
56807, 16672908, 0, 0, 0
56906, 16790582, 0, 0, 0
57005, 14986838, 0, 0, 0
57101, 23370896, 0, 0, 0
57200, 14904896, 0, 0, 0
57302, 16663984, 0, 0, 0
57400, 16705408, 0, 0, 0
57511, 17354487, 0, 0, 0
57600, 21782435, 0, 0, 0
57702, 14368609, 0, 0, 0
57800, 18395870, 0, 0, 0
57900, 12437644, 0, 0, 0
58005, 17960872, 0, 0, 0
58109, 16098666, 0, 0, 0
58205, 17080936, 0, 0, 0
58300, 14962892, 0, 0, 0
58414, 24929526, 0, 0, 0
58500, 15859250, 0, 0, 0
58603, 20215304, 0, 0, 0
58737, 18701486, 0, 0, 0
58800, 21738773, 0, 0, 0
58902, 11038724, 0, 0, 0
59001, 21374372, 0, 0, 0
59105, 12750457, 0, 0, 0
59207, 15857303, 0, 0, 0
59303, 38228851, 0, 0, 0
59400, 19913520, 0, 0, 0
59500, 12951054, 0, 0, 0
59600, 18911742, 0, 0, 0
59702, 17734845, 0, 0, 0
59807, 18466737, 0, 0, 0
59900, 15168671, 0, 0, 0
60000, 21013018, 0, 0, 0
60015, 30725756, 0, 0, 0
