103, 7339414, 0, 0, 0
202, 5828845, 0, 0, 0
302, 7669045, 0, 0, 0
402, 6702980, 0, 0, 0
505, 7292117, 0, 0, 0
601, 7983986, 0, 0, 0
700, 7080553, 0, 0, 0
801, 5952493, 0, 0, 0
905, 6901642, 0, 0, 0
1004, 7641408, 0, 0, 0
1109, 7431289, 0, 0, 0
1207, 6996664, 0, 0, 0
1307, 7677741, 0, 0, 0
1406, 8228444, 0, 0, 0
1508, 7318406, 0, 0, 0
1602, 5850560, 0, 0, 0
1707, 6567314, 0, 0, 0
1803, 6825345, 0, 0, 0
1900, 6415460, 0, 0, 0
2002, 7314023, 0, 0, 0
2100, 6999462, 0, 0, 0
2203, 8565183, 0, 0, 0
2307, 7364325, 0, 0, 0
2403, 5671028, 0, 0, 0
2503, 6627130, 0, 0, 0
2601, 7513542, 0, 0, 0
2700, 7668800, 0, 0, 0
2802, 7242561, 0, 0, 0
2908, 6588788, 0, 0, 0
3010, 7856534, 0, 0, 0
3107, 6465188, 0, 0, 0
3202, 6759525, 0, 0, 0
3308, 7043294, 0, 0, 0
3403, 6784436, 0, 0, 0
3502, 6205930, 0, 0, 0
3602, 6610192, 0, 0, 0
3703, 5916003, 0, 0, 0
3803, 7147781, 0, 0, 0
3902, 6209789, 0, 0, 0
4008, 5563484, 0, 0, 0
4106, 6962167, 0, 0, 0
4202, 5981473, 0, 0, 0
4307, 7523148, 0, 0, 0
4400, 7691008, 0, 0, 0
4507, 6708531, 0, 0, 0
4601, 7829547, 0, 0, 0
4710, 7254599, 0, 0, 0
4804, 6221043, 0, 0, 0
4906, 7298082, 0, 0, 0
5011, 6513758, 0, 0, 0
5107, 6896730, 0, 0, 0
5200, 6155353, 0, 0, 0
5307, 6268725, 0, 0, 0
5404, 8132214, 0, 0, 0
5500, 6834136, 0, 0, 0
5604, 6481057, 0, 0, 0
5702, 6520147, 0, 0, 0
5804, 7255829, 0, 0, 0
5901, 6941339, 0, 0, 0
6001, 6251543, 0, 0, 0
6106, 8068939, 0, 0, 0
6204, 6460974, 0, 0, 0
6305, 6765755, 0, 0, 0
6405, 7146056, 0, 0, 0
6503, 5735772, 0, 0, 0
6601, 7537291, 0, 0, 0
6704, 7888419, 0, 0, 0
6803, 6615916, 0, 0, 0
6902, 6569335, 0, 0, 0
7002, 6200821, 0, 0, 0
7101, 7654915, 0, 0, 0
7206, 6949510, 0, 0, 0
7301, 6766894, 0, 0, 0
7405, 6958259, 0, 0, 0
7500, 6768969, 0, 0, 0
7605, 6955159, 0, 0, 0
7703, 7543797, 0, 0, 0
7804, 5608302, 0, 0, 0
7900, 7328481, 0, 0, 0
8001, 7249590, 0, 0, 0
8101, 6626667, 0, 0, 0
8200, 6618641, 0, 0, 0
8304, 6892688, 0, 0, 0
8402, 7000462, 0, 0, 0
8504, 8449172, 0, 0, 0
8608, 6954655, 0, 0, 0
8706, 6483621, 0, 0, 0
8802, 6853238, 0, 0, 0
8900, 6516426, 0, 0, 0
9004, 8037775, 0, 0, 0
9104, 7631904, 0, 0, 0
9202, 6970500, 0, 0, 0
9306, 8028975, 0, 0, 0
9400, 7220900, 0, 0, 0
9502, 6370095, 0, 0, 0
9603, 7156942, 0, 0, 0
9703, 5904412, 0, 0, 0
9801, 5751522, 0, 0, 0
9900, 7075398, 0, 0, 0
10004, 6076757, 0, 0, 0
10107, 6411261, 0, 0, 0
10205, 6975673, 0, 0, 0
10307, 5983172, 0, 0, 0
10400, 7188812, 0, 0, 0
10507, 7135369, 0, 0, 0
10602, 8560516, 0, 0, 0
10709, 5928455, 0, 0, 0
10804, 5268202, 0, 0, 0
10903, 6218919, 0, 0, 0
11002, 6143794, 0, 0, 0
11102, 5256830, 0, 0, 0
11208, 8147712, 0, 0, 0
11304, 5622731, 0, 0, 0
11408, 6507063, 0, 0, 0
11508, 7090596, 0, 0, 0
11601, 6635011, 0, 0, 0
11701, 6656012, 0, 0, 0
11800, 7108027, 0, 0, 0
11901, 7194980, 0, 0, 0
12002, 7220908, 0, 0, 0
12101, 8208860, 0, 0, 0
12207, 7580019, 0, 0, 0
12304, 6451429, 0, 0, 0
12401, 6868961, 0, 0, 0
12503, 7262939, 0, 0, 0
12603, 6240296, 0, 0, 0
12701, 5446036, 0, 0, 0
12803, 7251349, 0, 0, 0
12900, 5406191, 0, 0, 0
13001, 6711971, 0, 0, 0
13100, 6596355, 0, 0, 0
13205, 6163967, 0, 0, 0
13303, 6966542, 0, 0, 0
13405, 6787683, 0, 0, 0
13502, 7502417, 0, 0, 0
13611, 6027810, 0, 0, 0
13700, 5886855, 0, 0, 0
13802, 6847903, 0, 0, 0
13903, 5882016, 0, 0, 0
14005, 6363868, 0, 0, 0
14102, 8085829, 0, 0, 0
14202, 7664348, 0, 0, 0
14301, 5814520, 0, 0, 0
14402, 7796517, 0, 0, 0
14507, 7453239, 0, 0, 0
14604, 6972740, 0, 0, 0
14703, 7011407, 0, 0, 0
14804, 7796718, 0, 0, 0
14907, 7295735, 0, 0, 0
15002, 7286510, 0, 0, 0
15101, 7126587, 0, 0, 0
15202, 7164956, 0, 0, 0
15303, 7798471, 0, 0, 0
15401, 5428247, 0, 0, 0
15504, 7284223, 0, 0, 0
15606, 6415797, 0, 0, 0
15705, 7560369, 0, 0, 0
15803, 8195748, 0, 0, 0
15906, 7853486, 0, 0, 0
16005, 6169983, 0, 0, 0
16101, 6403077, 0, 0, 0
16201, 7141257, 0, 0, 0
16308, 7611899, 0, 0, 0
16400, 7107896, 0, 0, 0
16500, 5845073, 0, 0, 0
16601, 7788512, 0, 0, 0
16700, 7032388, 0, 0, 0
16800, 6639543, 0, 0, 0
16906, 5925903, 0, 0, 0
17001, 7243543, 0, 0, 0
17107, 7566004, 0, 0, 0
17209, 6773530, 0, 0, 0
17301, 6564736, 0, 0, 0
17401, 7123080, 0, 0, 0
17506, 7500905, 0, 0, 0
17606, 7142613, 0, 0, 0
17701, 6792218, 0, 0, 0
17804, 6387594, 0, 0, 0
17901, 6483838, 0, 0, 0
18003, 6809875, 0, 0, 0
18101, 6985461, 0, 0, 0
18208, 7121212, 0, 0, 0
18313, 7466290, 0, 0, 0
18406, 8395665, 0, 0, 0
18506, 6261909, 0, 0, 0
18604, 7491089, 0, 0, 0
18701, 6080413, 0, 0, 0
18801, 6228999, 0, 0, 0
18901, 6656850, 0, 0, 0
19007, 7546896, 0, 0, 0
19102, 5933845, 0, 0, 0
19204, 7294988, 0, 0, 0
19302, 7508846, 0, 0, 0
19400, 6532124, 0, 0, 0
19503, 6830777, 0, 0, 0
19600, 7432597, 0, 0, 0
19702, 5979783, 0, 0, 0
19810, 5703070, 0, 0, 0
19908, 7012751, 0, 0, 0
20001, 6562421, 0, 0, 0
20102, 5935459, 0, 0, 0
20203, 5931473, 0, 0, 0
20300, 6468188, 0, 0, 0
20401, 7202879, 0, 0, 0
20504, 6873733, 0, 0, 0
20601, 6870285, 0, 0, 0
20706, 6212034, 0, 0, 0
20803, 7438791, 0, 0, 0
20902, 6134396, 0, 0, 0
21007, 6207089, 0, 0, 0
21100, 7070185, 0, 0, 0
21205, 7512198, 0, 0, 0
21303, 6562623, 0, 0, 0
21405, 7224825, 0, 0, 0
21509, 6956930, 0, 0, 0
21604, 6728734, 0, 0, 0
21700, 6404355, 0, 0, 0
21803, 6054182, 0, 0, 0
21904, 6744110, 0, 0, 0
22005, 7202515, 0, 0, 0
22101, 5970548, 0, 0, 0
22205, 7396264, 0, 0, 0
22310, 8781357, 0, 0, 0
22405, 7274609, 0, 0, 0
22501, 6830930, 0, 0, 0
22601, 7144487, 0, 0, 0
22707, 7023951, 0, 0, 0
22803, 6848226, 0, 0, 0
22900, 6974551, 0, 0, 0
23001, 6298964, 0, 0, 0
23103, 6305581, 0, 0, 0
23201, 6547456, 0, 0, 0
23307, 9649152, 0, 0, 0
23404, 8048249, 0, 0, 0
23503, 7070597, 0, 0, 0
23604, 7188473, 0, 0, 0
23701, 6022829, 0, 0, 0
23804, 6448984, 0, 0, 0
23903, 5828168, 0, 0, 0
24004, 6713675, 0, 0, 0
24107, 7363628, 0, 0, 0
24209, 5941527, 0, 0, 0
24303, 7264296, 0, 0, 0
24405, 5654021, 0, 0, 0
24503, 6972829, 0, 0, 0
24602, 7061266, 0, 0, 0
24706, 6907062, 0, 0, 0
24802, 6844882, 0, 0, 0
24902, 7164566, 0, 0, 0
25001, 5807125, 0, 0, 0
25101, 7092762, 0, 0, 0
25204, 6471284, 0, 0, 0
25301, 6041113, 0, 0, 0
25403, 5984933, 0, 0, 0
25506, 6394512, 0, 0, 0
25612, 7111033, 0, 0, 0
25704, 6537247, 0, 0, 0
25803, 6153176, 0, 0, 0
25903, 6701177, 0, 0, 0
26000, 6447451, 0, 0, 0
26105, 6974153, 0, 0, 0
26201, 5979932, 0, 0, 0
26300, 7598371, 0, 0, 0
26401, 6698358, 0, 0, 0
26500, 7067747, 0, 0, 0
26602, 6026329, 0, 0, 0
26704, 6777869, 0, 0, 0
26800, 6856848, 0, 0, 0
26902, 6767873, 0, 0, 0
27002, 6639658, 0, 0, 0
27101, 7068089, 0, 0, 0
27200, 7054253, 0, 0, 0
27309, 7253462, 0, 0, 0
27406, 7467640, 0, 0, 0
27503, 6460006, 0, 0, 0
27601, 8164680, 0, 0, 0
27704, 6387008, 0, 0, 0
27804, 7685434, 0, 0, 0
27904, 7709056, 0, 0, 0
28000, 7352167, 0, 0, 0
28102, 7249729, 0, 0, 0
28206, 6497937, 0, 0, 0
28307, 7758866, 0, 0, 0
28400, 6176979, 0, 0, 0
28505, 5851180, 0, 0, 0
28600, 9504622, 0, 0, 0
28700, 8308341, 0, 0, 0
28800, 5865260, 0, 0, 0
28903, 7340182, 0, 0, 0
29005, 7243151, 0, 0, 0
29101, 5973213, 0, 0, 0
29204, 6477651, 0, 0, 0
29304, 6223069, 0, 0, 0
29407, 6413433, 0, 0, 0
29508, 6287325, 0, 0, 0
29600, 6584090, 0, 0, 0
29700, 5857666, 0, 0, 0
29801, 5915677, 0, 0, 0
29901, 5912732, 0, 0, 0
30006, 7472984, 0, 0, 0
30102, 5645137, 0, 0, 0
30202, 6659803, 0, 0, 0
30302, 6643974, 0, 0, 0
30402, 5879597, 0, 0, 0
30504, 7253212, 0, 0, 0
30603, 7571846, 0, 0, 0
30703, 7127184, 0, 0, 0
30808, 6539426, 0, 0, 0
30902, 6314291, 0, 0, 0
31011, 6750130, 0, 0, 0
31104, 7206949, 0, 0, 0
31206, 6770973, 0, 0, 0
31308, 6807106, 0, 0, 0
31402, 7185225, 0, 0, 0
31501, 6600237, 0, 0, 0
31605, 7977919, 0, 0, 0
31705, 6254483, 0, 0, 0
31805, 7072984, 0, 0, 0
31904, 7109900, 0, 0, 0
32004, 6637543, 0, 0, 0
32103, 7039140, 0, 0, 0
32200, 6913431, 0, 0, 0
32300, 5573155, 0, 0, 0
32402, 6752509, 0, 0, 0
32506, 6968733, 0, 0, 0
32601, 6768741, 0, 0, 0
32705, 6461745, 0, 0, 0
32808, 6834030, 0, 0, 0
32900, 7105455, 0, 0, 0
33000, 5876368, 0, 0, 0
33100, 5835020, 0, 0, 0
33201, 6735932, 0, 0, 0
33306, 6981091, 0, 0, 0
33405, 6564688, 0, 0, 0
33510, 5541367, 0, 0, 0
33602, 6568573, 0, 0, 0
33707, 5238798, 0, 0, 0
33800, 6619824, 0, 0, 0
33907, 7600960, 0, 0, 0
34005, 7533732, 0, 0, 0
34109, 6941788, 0, 0, 0
34201, 5742569, 0, 0, 0
34305, 6916699, 0, 0, 0
34404, 7582044, 0, 0, 0
34507, 7328907, 0, 0, 0
34601, 6737748, 0, 0, 0
34702, 7180404, 0, 0, 0
34801, 4693740, 0, 0, 0
34900, 7085834, 0, 0, 0
35007, 6657992, 0, 0, 0
35100, 6672068, 0, 0, 0
35201, 5917565, 0, 0, 0
35301, 7645169, 0, 0, 0
35400, 7641420, 0, 0, 0
35503, 6025932, 0, 0, 0
35604, 5623584, 0, 0, 0
35706, 6354295, 0, 0, 0
35803, 8014698, 0, 0, 0
35903, 6288584, 0, 0, 0
36002, 6559008, 0, 0, 0
36104, 6775252, 0, 0, 0
36204, 6223207, 0, 0, 0
36304, 6664620, 0, 0, 0
36401, 6916135, 0, 0, 0
36503, 6411101, 0, 0, 0
36600, 6878861, 0, 0, 0
36706, 8151784, 0, 0, 0
36800, 7186186, 0, 0, 0
36901, 5943487, 0, 0, 0
37003, 7296533, 0, 0, 0
37101, 7007145, 0, 0, 0
37211, 7803030, 0, 0, 0
37303, 7668052, 0, 0, 0
37409, 6235320, 0, 0, 0
37502, 7707774, 0, 0, 0
37602, 6672758, 0, 0, 0
37702, 5878618, 0, 0, 0
37801, 7070833, 0, 0, 0
37900, 6549745, 0, 0, 0
38002, 6814161, 0, 0, 0
38103, 6681320, 0, 0, 0
38201, 6162017, 0, 0, 0
38306, 6933753, 0, 0, 0
38400, 7834316, 0, 0, 0
38504, 6910180, 0, 0, 0
38611, 6730949, 0, 0, 0
38703, 6089503, 0, 0, 0
38801, 6971148, 0, 0, 0
38905, 5787899, 0, 0, 0
39004, 7605892, 0, 0, 0
39109, 8715909, 0, 0, 0
39207, 6971737, 0, 0, 0
39304, 6912837, 0, 0, 0
39403, 6164085, 0, 0, 0
39505, 7835452, 0, 0, 0
39600, 6321665, 0, 0, 0
39703, 6895329, 0, 0, 0
39802, 6567224, 0, 0, 0
39903, 6732682, 0, 0, 0
40002, 9030381, 0, 0, 0
40104, 6334639, 0, 0, 0
40210, 7061430, 0, 0, 0
40303, 6175426, 0, 0, 0
40408, 6983040, 0, 0, 0
40503, 6782163, 0, 0, 0
40603, 5875345, 0, 0, 0
40700, 7414010, 0, 0, 0
40806, 7557835, 0, 0, 0
40905, 6631531, 0, 0, 0
41006, 7146645, 0, 0, 0
41100, 6741241, 0, 0, 0
41210, 6860120, 0, 0, 0
41302, 8333041, 0, 0, 0
41404, 6366803, 0, 0, 0
41508, 6468854, 0, 0, 0
41607, 5856164, 0, 0, 0
41704, 8022446, 0, 0, 0
41805, 7738286, 0, 0, 0
41903, 7580524, 0, 0, 0
42004, 7710580, 0, 0, 0
42108, 8697660, 0, 0, 0
42203, 7248969, 0, 0, 0
42306, 6466224, 0, 0, 0
42406, 6247546, 0, 0, 0
42502, 5973157, 0, 0, 0
42605, 7366876, 0, 0, 0
42704, 7041538, 0, 0, 0
42802, 6089530, 0, 0, 0
42905, 6851742, 0, 0, 0
43000, 7344000, 0, 0, 0
43104, 6920475, 0, 0, 0
43204, 5244143, 0, 0, 0
43302, 6095897, 0, 0, 0
43404, 6358052, 0, 0, 0
43501, 6063495, 0, 0, 0
43605, 6448406, 0, 0, 0
43702, 6479356, 0, 0, 0
43806, 6503470, 0, 0, 0
43905, 7628348, 0, 0, 0
44001, 6389102, 0, 0, 0
44105, 6449183, 0, 0, 0
44210, 5812926, 0, 0, 0
44300, 6425921, 0, 0, 0
44402, 6398414, 0, 0, 0
44501, 6538050, 0, 0, 0
44606, 6183125, 0, 0, 0
44705, 8278623, 0, 0, 0
44806, 5905243, 0, 0, 0
44904, 6089229, 0, 0, 0
45004, 8321550, 0, 0, 0
45100, 7385516, 0, 0, 0
45201, 5915929, 0, 0, 0
45303, 6838322, 0, 0, 0
45400, 6888280, 0, 0, 0
45500, 6625619, 0, 0, 0
45602, 6394021, 0, 0, 0
45705, 7310750, 0, 0, 0
45805, 6654313, 0, 0, 0
45901, 6858284, 0, 0, 0
46000, 6604471, 0, 0, 0
46104, 6122405, 0, 0, 0
46206, 6762880, 0, 0, 0
46305, 6199089, 0, 0, 0
46405, 7621958, 0, 0, 0
46503, 6504305, 0, 0, 0
46603, 5922518, 0, 0, 0
46703, 6613229, 0, 0, 0
46803, 7164955, 0, 0, 0
46905, 6737482, 0, 0, 0
47004, 6616025, 0, 0, 0
47106, 6809709, 0, 0, 0
47209, 6416807, 0, 0, 0
47304, 5920876, 0, 0, 0
47404, 6197480, 0, 0, 0
47502, 6542983, 0, 0, 0
47601, 6566665, 0, 0, 0
47706, 7497130, 0, 0, 0
47800, 5846115, 0, 0, 0
47905, 6559835, 0, 0, 0
48002, 6067521, 0, 0, 0
48109, 7122140, 0, 0, 0
48208, 7032842, 0, 0, 0
48303, 6323807, 0, 0, 0
48400, 7429910, 0, 0, 0
48500, 8378566, 0, 0, 0
48602, 5937677, 0, 0, 0
48704, 8483038, 0, 0, 0
48802, 8201823, 0, 0, 0
48903, 7171645, 0, 0, 0
49006, 7903987, 0, 0, 0
49104, 7042560, 0, 0, 0
49206, 6754249, 0, 0, 0
49301, 7276474, 0, 0, 0
49402, 6287416, 0, 0, 0
49507, 7494395, 0, 0, 0
49602, 6312998, 0, 0, 0
49701, 6640639, 0, 0, 0
49802, 6666338, 0, 0, 0
49900, 6524386, 0, 0, 0
50002, 7891787, 0, 0, 0
50102, 6200567, 0, 0, 0
50201, 7604062, 0, 0, 0
50305, 6126050, 0, 0, 0
50405, 5827497, 0, 0, 0
50502, 7466710, 0, 0, 0
50604, 7861191, 0, 0, 0
50704, 6631362, 0, 0, 0
50800, 6850011, 0, 0, 0
50900, 6265949, 0, 0, 0
51003, 6841652, 0, 0, 0
51103, 7676223, 0, 0, 0
51204, 6717059, 0, 0, 0
51303, 6602452, 0, 0, 0
51406, 5377526, 0, 0, 0
51505, 5511347, 0, 0, 0
51603, 9788804, 0, 0, 0
51702, 7042626, 0, 0, 0
51802, 6229467, 0, 0, 0
51901, 6155971, 0, 0, 0
52012, 8536496, 0, 0, 0
52101, 6880395, 0, 0, 0
52207, 8108474, 0, 0, 0
52300, 6618964, 0, 0, 0
52403, 7335591, 0, 0, 0
52502, 6597916, 0, 0, 0
52607, 6134754, 0, 0, 0
52700, 6218534, 0, 0, 0
52806, 8169849, 0, 0, 0
52901, 7266111, 0, 0, 0
53000, 7587619, 0, 0, 0
53100, 9121974, 0, 0, 0
53203, 6047663, 0, 0, 0
53300, 6405585, 0, 0, 0
53401, 7197579, 0, 0, 0
53501, 6714375, 0, 0, 0
53610, 7241788, 0, 0, 0
53701, 6444860, 0, 0, 0
53810, 7776717, 0, 0, 0
53900, 6952517, 0, 0, 0
54004, 8614023, 0, 0, 0
54110, 7092792, 0, 0, 0
54208, 6117639, 0, 0, 0
54301, 7090287, 0, 0, 0
54403, 6807687, 0, 0, 0
54501, 7010460, 0, 0, 0
54600, 7558722, 0, 0, 0
54703, 6870659, 0, 0, 0
54807, 6911265, 0, 0, 0
54900, 8435196, 0, 0, 0
55003, 7329289, 0, 0, 0
55108, 7536799, 0, 0, 0
55205, 6926355, 0, 0, 0
55309, 7931925, 0, 0, 0
55400, 7563055, 0, 0, 0
55503, 7400752, 0, 0, 0
55605, 5981949, 0, 0, 0
55703, 6121626, 0, 0, 0
55804, 6247264, 0, 0, 0
55902, 7553478, 0, 0, 0
56007, 7014713, 0, 0, 0
56101, 7202880, 0, 0, 0
56201, 6671768, 0, 0, 0
56300, 7061097, 0, 0, 0
56406, 7021150, 0, 0, 0
56500, 6723439, 0, 0, 0
56607, 7082741, 0, 0, 0
56704, 6092797, 0, 0, 0
56809, 6537725, 0, 0, 0
56904, 5583567, 0, 0, 0
57002, 7484484, 0, 0, 0
57102, 5864397, 0, 0, 0
57203, 8469549, 0, 0, 0
57302, 6594569, 0, 0, 0
57403, 6713832, 0, 0, 0
57503, 6188132, 0, 0, 0
57603, 6250498, 0, 0, 0
57707, 5755628, 0, 0, 0
57803, 7395082, 0, 0, 0
57907, 6508767, 0, 0, 0
58003, 7324891, 0, 0, 0
58105, 5659375, 0, 0, 0
58200, 7347307, 0, 0, 0
58303, 6396278, 0, 0, 0
58400, 6903056, 0, 0, 0
58501, 7764487, 0, 0, 0
58601, 5874377, 0, 0, 0
58704, 6053328, 0, 0, 0
58804, 6655182, 0, 0, 0
58906, 8464034, 0, 0, 0
59001, 6351347, 0, 0, 0
59106, 6156698, 0, 0, 0
59202, 7401202, 0, 0, 0
59300, 6937437, 0, 0, 0
59403, 6063825, 0, 0, 0
59505, 6018987, 0, 0, 0
59602, 6877640, 0, 0, 0
59702, 6663774, 0, 0, 0
59809, 7649123, 0, 0, 0
59902, 7107213, 0, 0, 0
60009, 6693170, 0, 0, 0
60109, 6631304, 0, 0, 0
60208, 8273741, 0, 0, 0
60301, 8423990, 0, 0, 0
60400, 7045433, 0, 0, 0
60503, 7938134, 0, 0, 0
60608, 6531411, 0, 0, 0
60700, 6137602, 0, 0, 0
60804, 6926894, 0, 0, 0
60905, 8403510, 0, 0, 0
61007, 7245909, 0, 0, 0
61103, 6862127, 0, 0, 0
61204, 5321926, 0, 0, 0
61300, 5285044, 0, 0, 0
61402, 7327741, 0, 0, 0
61504, 6775533, 0, 0, 0
61605, 6743995, 0, 0, 0
61706, 5600100, 0, 0, 0
61800, 5485396, 0, 0, 0
61902, 6785878, 0, 0, 0
62000, 6966473, 0, 0, 0
62100, 6649795, 0, 0, 0
62207, 7687672, 0, 0, 0
62307, 6635548, 0, 0, 0
62405, 6996111, 0, 0, 0
62501, 7984123, 0, 0, 0
62607, 7069798, 0, 0, 0
62704, 7417731, 0, 0, 0
62800, 7357919, 0, 0, 0
62900, 7143283, 0, 0, 0
63002, 7802275, 0, 0, 0
63103, 7222044, 0, 0, 0
63206, 6426974, 0, 0, 0
63304, 6546818, 0, 0, 0
63409, 5811587, 0, 0, 0
63503, 7198152, 0, 0, 0
63607, 6495056, 0, 0, 0
63703, 7358656, 0, 0, 0
63806, 6865853, 0, 0, 0
63908, 7867340, 0, 0, 0
64000, 7027512, 0, 0, 0
64105, 8096252, 0, 0, 0
64204, 6145191, 0, 0, 0
64307, 6421792, 0, 0, 0
64404, 7445250, 0, 0, 0
64502, 7038810, 0, 0, 0
64603, 5889124, 0, 0, 0
64700, 7499843, 0, 0, 0
64802, 8475068, 0, 0, 0
64901, 7592459, 0, 0, 0
65002, 7212636, 0, 0, 0
65107, 6516480, 0, 0, 0
65204, 5708578, 0, 0, 0
65302, 7495427, 0, 0, 0
65404, 7323092, 0, 0, 0
65505, 7188295, 0, 0, 0
65612, 7596887, 0, 0, 0
65707, 6825233, 0, 0, 0
65807, 7070808, 0, 0, 0
65907, 8388520, 0, 0, 0
66001, 6213292, 0, 0, 0
66103, 6830259, 0, 0, 0
66206, 6832196, 0, 0, 0
66304, 7539953, 0, 0, 0
66405, 6671468, 0, 0, 0
66500, 6821337, 0, 0, 0
66600, 8335834, 0, 0, 0
66702, 6746240, 0, 0, 0
66800, 7008587, 0, 0, 0
66903, 6425792, 0, 0, 0
67000, 6942849, 0, 0, 0
67106, 5861710, 0, 0, 0
67203, 8055056, 0, 0, 0
67300, 6475345, 0, 0, 0
67407, 7076327, 0, 0, 0
67500, 8453401, 0, 0, 0
67600, 6644111, 0, 0, 0
67704, 6971428, 0, 0, 0
67801, 7451046, 0, 0, 0
67902, 6724426, 0, 0, 0
68000, 6503693, 0, 0, 0
68101, 6294214, 0, 0, 0
68203, 5957305, 0, 0, 0
68301, 7023431, 0, 0, 0
68402, 6313217, 0, 0, 0
68502, 7111314, 0, 0, 0
68605, 7324815, 0, 0, 0
68704, 6598356, 0, 0, 0
68802, 6142897, 0, 0, 0
68900, 7514203, 0, 0, 0
69003, 7890124, 0, 0, 0
69104, 6335989, 0, 0, 0
69205, 6238743, 0, 0, 0
69302, 6919953, 0, 0, 0
69401, 6592870, 0, 0, 0
69506, 6543278, 0, 0, 0
69604, 8174148, 0, 0, 0
69705, 6712894, 0, 0, 0
69800, 6339374, 0, 0, 0
69913, 6240282, 0, 0, 0
70003, 7549504, 0, 0, 0
70100, 6907860, 0, 0, 0
70204, 5757258, 0, 0, 0
70305, 6307952, 0, 0, 0
70407, 7248592, 0, 0, 0
70506, 6175468, 0, 0, 0
70605, 8263790, 0, 0, 0
70703, 7514155, 0, 0, 0
70802, 6555695, 0, 0, 0
70902, 6660008, 0, 0, 0
71006, 6113133, 0, 0, 0
71105, 7049074, 0, 0, 0
71202, 5726380, 0, 0, 0
71302, 7150529, 0, 0, 0
71406, 6071492, 0, 0, 0
71500, 5546702, 0, 0, 0
71601, 6303600, 0, 0, 0
71703, 7836667, 0, 0, 0
71802, 7569746, 0, 0, 0
71900, 6485892, 0, 0, 0
72004, 7449048, 0, 0, 0
72106, 7798500, 0, 0, 0
72203, 5728739, 0, 0, 0
72309, 6577356, 0, 0, 0
72406, 6957082, 0, 0, 0
72507, 6278414, 0, 0, 0
72604, 6936810, 0, 0, 0
72704, 7134359, 0, 0, 0
72802, 6078811, 0, 0, 0
72902, 6637672, 0, 0, 0
73003, 7769501, 0, 0, 0
73103, 6246907, 0, 0, 0
73200, 6045159, 0, 0, 0
73301, 8425751, 0, 0, 0
73406, 7484873, 0, 0, 0
73502, 7347307, 0, 0, 0
73604, 6380664, 0, 0, 0
73706, 6378652, 0, 0, 0
73800, 7783941, 0, 0, 0
73900, 7117671, 0, 0, 0
74002, 5104595, 0, 0, 0
74103, 6287927, 0, 0, 0
74200, 6887551, 0, 0, 0
74300, 7726190, 0, 0, 0
74400, 8326903, 0, 0, 0
74504, 6502091, 0, 0, 0
74605, 8324953, 0, 0, 0
74709, 6935295, 0, 0, 0
74808, 7069111, 0, 0, 0
74900, 8402806, 0, 0, 0
75007, 7615562, 0, 0, 0
75104, 6408711, 0, 0, 0
75206, 6806847, 0, 0, 0
75303, 6084522, 0, 0, 0
75406, 6024574, 0, 0, 0
75509, 6062226, 0, 0, 0
75606, 7468507, 0, 0, 0
75700, 6697916, 0, 0, 0
75801, 6677365, 0, 0, 0
75900, 6594879, 0, 0, 0
76000, 6669272, 0, 0, 0
76100, 7109950, 0, 0, 0
76201, 7230984, 0, 0, 0
76306, 6554810, 0, 0, 0
76401, 6777659, 0, 0, 0
76505, 6449525, 0, 0, 0
76603, 6527152, 0, 0, 0
76703, 7687987, 0, 0, 0
76800, 9663519, 0, 0, 0
76905, 6569689, 0, 0, 0
77007, 6368149, 0, 0, 0
77101, 6724049, 0, 0, 0
77201, 7665531, 0, 0, 0
77304, 6826073, 0, 0, 0
77400, 8008486, 0, 0, 0
77503, 5688851, 0, 0, 0
77601, 6165083, 0, 0, 0
77702, 6252307, 0, 0, 0
77802, 7677986, 0, 0, 0
77911, 7304308, 0, 0, 0
78000, 6786011, 0, 0, 0
78102, 7847340, 0, 0, 0
78201, 6618498, 0, 0, 0
78305, 7397241, 0, 0, 0
78403, 5772954, 0, 0, 0
78503, 6642506, 0, 0, 0
78604, 5265109, 0, 0, 0
78700, 5984820, 0, 0, 0
78801, 6339380, 0, 0, 0
78903, 5967811, 0, 0, 0
79006, 5714497, 0, 0, 0
79102, 7369037, 0, 0, 0
79208, 5898088, 0, 0, 0
79303, 6300811, 0, 0, 0
79401, 8156541, 0, 0, 0
79503, 7846676, 0, 0, 0
79601, 6993522, 0, 0, 0
79704, 7908669, 0, 0, 0
79801, 6045532, 0, 0, 0
79901, 8344436, 0, 0, 0
80002, 6718928, 0, 0, 0
80103, 7201954, 0, 0, 0
80201, 6975341, 0, 0, 0
80302, 6729092, 0, 0, 0
80400, 6950783, 0, 0, 0
80500, 6676050, 0, 0, 0
80605, 6988646, 0, 0, 0
80706, 6302817, 0, 0, 0
80805, 7569799, 0, 0, 0
80906, 6725686, 0, 0, 0
81008, 6391938, 0, 0, 0
81105, 6007457, 0, 0, 0
81201, 6033645, 0, 0, 0
81306, 6511078, 0, 0, 0
81401, 5565249, 0, 0, 0
81506, 8117614, 0, 0, 0
81602, 7986161, 0, 0, 0
81702, 7634004, 0, 0, 0
81801, 5833106, 0, 0, 0
81900, 6598502, 0, 0, 0
82000, 7660141, 0, 0, 0
82107, 7146012, 0, 0, 0
82204, 8800728, 0, 0, 0
82303, 7607927, 0, 0, 0
82403, 6631012, 0, 0, 0
82507, 6505365, 0, 0, 0
82601, 6255790, 0, 0, 0
82701, 6621465, 0, 0, 0
82802, 6314758, 0, 0, 0
82908, 6606270, 0, 0, 0
83004, 5622357, 0, 0, 0
83103, 6219855, 0, 0, 0
83201, 6972338, 0, 0, 0
83301, 7108759, 0, 0, 0
83405, 7447731, 0, 0, 0
83504, 6593241, 0, 0, 0
83604, 6186452, 0, 0, 0
83702, 6160086, 0, 0, 0
83806, 6928534, 0, 0, 0
83904, 7461912, 0, 0, 0
84012, 6373324, 0, 0, 0
84102, 8180377, 0, 0, 0
84205, 8519018, 0, 0, 0
84308, 6852000, 0, 0, 0
84406, 6136610, 0, 0, 0
84504, 7557192, 0, 0, 0
84605, 6680342, 0, 0, 0
84700, 5946780, 0, 0, 0
84807, 6252356, 0, 0, 0
84906, 7076032, 0, 0, 0
85002, 7381121, 0, 0, 0
85110, 7705114, 0, 0, 0
85205, 6726396, 0, 0, 0
85306, 6321256, 0, 0, 0
85401, 6746084, 0, 0, 0
85502, 7251856, 0, 0, 0
85608, 6576189, 0, 0, 0
85703, 5944056, 0, 0, 0
85803, 7157273, 0, 0, 0
85905, 7272731, 0, 0, 0
86007, 7223013, 0, 0, 0
86104, 6932844, 0, 0, 0
86201, 6888163, 0, 0, 0
86301, 6711281, 0, 0, 0
86401, 6241484, 0, 0, 0
86509, 7170976, 0, 0, 0
86601, 6544954, 0, 0, 0
86706, 7475768, 0, 0, 0
86807, 7797384, 0, 0, 0
86903, 6359034, 0, 0, 0
87000, 6915932, 0, 0, 0
87100, 5889454, 0, 0, 0
87200, 7081885, 0, 0, 0
87304, 6150691, 0, 0, 0
87400, 7927232, 0, 0, 0
87505, 6559782, 0, 0, 0
87602, 6473914, 0, 0, 0
87700, 6139457, 0, 0, 0
87803, 7322600, 0, 0, 0
87902, 5772039, 0, 0, 0
88005, 7363138, 0, 0, 0
88104, 6179191, 0, 0, 0
88201, 6946274, 0, 0, 0
88300, 5483081, 0, 0, 0
88400, 6673790, 0, 0, 0
88504, 6443069, 0, 0, 0
88602, 6134189, 0, 0, 0
88705, 8595528, 0, 0, 0
88802, 6440595, 0, 0, 0
88905, 6420150, 0, 0, 0
89009, 6456807, 0, 0, 0
89104, 5920087, 0, 0, 0
89206, 6380406, 0, 0, 0
89300, 7212541, 0, 0, 0
89408, 7684387, 0, 0, 0
89504, 6417394, 0, 0, 0
89602, 8157958, 0, 0, 0
89700, 6105906, 0, 0, 0
89801, 6326704, 0, 0, 0
89908, 7104583, 0, 0, 0
90003, 7316673, 0, 0, 0
90102, 7563452, 0, 0, 0
90202, 5531103, 0, 0, 0
90303, 7770702, 0, 0, 0
90404, 6754265, 0, 0, 0
90503, 7034909, 0, 0, 0
90601, 6113113, 0, 0, 0
90706, 6977539, 0, 0, 0
90802, 5344661, 0, 0, 0
90904, 5971302, 0, 0, 0
91004, 7159805, 0, 0, 0
91103, 6554488, 0, 0, 0
91208, 6571233, 0, 0, 0
91303, 6771668, 0, 0, 0
91404, 7172291, 0, 0, 0
91507, 9340821, 0, 0, 0
91604, 5723388, 0, 0, 0
91702, 6512622, 0, 0, 0
91805, 6838711, 0, 0, 0
91912, 6304388, 0, 0, 0
92004, 7676510, 0, 0, 0
92106, 6773030, 0, 0, 0
92201, 7254226, 0, 0, 0
92303, 6364489, 0, 0, 0
92412, 6440933, 0, 0, 0
92501, 6825167, 0, 0, 0
92602, 6286381, 0, 0, 0
92701, 6557833, 0, 0, 0
92804, 7351908, 0, 0, 0
92901, 6924610, 0, 0, 0
93002, 6711948, 0, 0, 0
93101, 7043622, 0, 0, 0
93203, 7293996, 0, 0, 0
93302, 7589959, 0, 0, 0
93404, 7284512, 0, 0, 0
93505, 7224932, 0, 0, 0
93601, 7932989, 0, 0, 0
93704, 7351822, 0, 0, 0
93806, 6358991, 0, 0, 0
93901, 6334614, 0, 0, 0
94003, 7878367, 0, 0, 0
94105, 6753929, 0, 0, 0
94204, 7096169, 0, 0, 0
94301, 6008784, 0, 0, 0
94401, 7165998, 0, 0, 0
94505, 6452166, 0, 0, 0
94601, 5653842, 0, 0, 0
94703, 6828476, 0, 0, 0
94809, 7050513, 0, 0, 0
94901, 6534809, 0, 0, 0
95003, 6373515, 0, 0, 0
95103, 7639610, 0, 0, 0
95202, 8291422, 0, 0, 0
95300, 6113971, 0, 0, 0
95403, 6010613, 0, 0, 0
95503, 6635578, 0, 0, 0
95602, 7062957, 0, 0, 0
95705, 7402329, 0, 0, 0
95806, 6284558, 0, 0, 0
95903, 6044449, 0, 0, 0
96003, 5873956, 0, 0, 0
96111, 6758858, 0, 0, 0
96204, 7087562, 0, 0, 0
96301, 5723505, 0, 0, 0
96405, 6115630, 0, 0, 0
96502, 6422048, 0, 0, 0
96605, 6425046, 0, 0, 0
96700, 6340119, 0, 0, 0
96800, 6643606, 0, 0, 0
96900, 6243022, 0, 0, 0
97000, 6642767, 0, 0, 0
97105, 6188778, 0, 0, 0
97211, 7525044, 0, 0, 0
97302, 6507196, 0, 0, 0
97405, 7346443, 0, 0, 0
97501, 6353437, 0, 0, 0
97602, 7802362, 0, 0, 0
97704, 7802664, 0, 0, 0
97805, 6291106, 0, 0, 0
97902, 6079519, 0, 0, 0
98002, 7641450, 0, 0, 0
98101, 6196121, 0, 0, 0
98201, 6211752, 0, 0, 0
98304, 6076255, 0, 0, 0
98401, 6017087, 0, 0, 0
98501, 6710410, 0, 0, 0
98603, 6335444, 0, 0, 0
98705, 7262392, 0, 0, 0
98804, 7047963, 0, 0, 0
98902, 7014827, 0, 0, 0
99011, 6371353, 0, 0, 0
99103, 5753927, 0, 0, 0
99205, 5978799, 0, 0, 0
99305, 6233172, 0, 0, 0
99402, 7473853, 0, 0, 0
99504, 6353133, 0, 0, 0
99602, 6571708, 0, 0, 0
99700, 6922002, 0, 0, 0
99804, 6522235, 0, 0, 0
99901, 5712369, 0, 0, 0
100000, 5809534, 0, 0, 0
100104, 6088892, 0, 0, 0
100201, 6472446, 0, 0, 0
100305, 6477034, 0, 0, 0
100407, 5987054, 0, 0, 0
100505, 7497875, 0, 0, 0
100601, 6890378, 0, 0, 0
100700, 6531458, 0, 0, 0
100803, 6864306, 0, 0, 0
100901, 6125600, 0, 0, 0
101000, 7066693, 0, 0, 0
101104, 6484909, 0, 0, 0
101207, 7369715, 0, 0, 0
101301, 6235333, 0, 0, 0
101401, 6659547, 0, 0, 0
101502, 5576274, 0, 0, 0
101603, 5928367, 0, 0, 0
101701, 6562186, 0, 0, 0
101800, 6145887, 0, 0, 0
101905, 6576910, 0, 0, 0
102005, 6252046, 0, 0, 0
102103, 6478230, 0, 0, 0
102205, 6814080, 0, 0, 0
102301, 7347975, 0, 0, 0
102404, 6456839, 0, 0, 0
102501, 8049216, 0, 0, 0
102606, 7008302, 0, 0, 0
102702, 5983676, 0, 0, 0
102805, 6417158, 0, 0, 0
102905, 7683191, 0, 0, 0
103000, 7257544, 0, 0, 0
103103, 8548314, 0, 0, 0
103202, 8290097, 0, 0, 0
103301, 7066875, 0, 0, 0
103406, 8671297, 0, 0, 0
103505, 7112326, 0, 0, 0
103601, 6340913, 0, 0, 0
103704, 7387881, 0, 0, 0
103809, 6524974, 0, 0, 0
103900, 6084533, 0, 0, 0
104005, 7003992, 0, 0, 0
104102, 6433040, 0, 0, 0
104205, 6031640, 0, 0, 0
104301, 6826914, 0, 0, 0
104402, 6345968, 0, 0, 0
104508, 7038551, 0, 0, 0
104603, 6323730, 0, 0, 0
104702, 8206823, 0, 0, 0
104806, 7436731, 0, 0, 0
104908, 6814296, 0, 0, 0
105003, 5566906, 0, 0, 0
105100, 5664329, 0, 0, 0
105209, 6840374, 0, 0, 0
105306, 6426347, 0, 0, 0
105406, 7128219, 0, 0, 0
105506, 6229203, 0, 0, 0
105601, 6308605, 0, 0, 0
105700, 6650557, 0, 0, 0
105804, 6437981, 0, 0, 0
105902, 6518426, 0, 0, 0
106004, 7895494, 0, 0, 0
106106, 6731035, 0, 0, 0
106203, 5693339, 0, 0, 0
106305, 6392276, 0, 0, 0
106400, 5906897, 0, 0, 0
106504, 6522430, 0, 0, 0
106605, 6274354, 0, 0, 0
106701, 5333349, 0, 0, 0
106800, 5169631, 0, 0, 0
106902, 6839342, 0, 0, 0
107000, 6943377, 0, 0, 0
107100, 7177479, 0, 0, 0
107202, 6325548, 0, 0, 0
107306, 5451589, 0, 0, 0
107405, 7093858, 0, 0, 0
107503, 6970570, 0, 0, 0
107607, 7432426, 0, 0, 0
107700, 7162907, 0, 0, 0
107805, 6129370, 0, 0, 0
107907, 6793518, 0, 0, 0
108000, 6176782, 0, 0, 0
108103, 7378994, 0, 0, 0
108201, 7519887, 0, 0, 0
108302, 6710107, 0, 0, 0
108403, 7180400, 0, 0, 0
108504, 6311506, 0, 0, 0
108606, 7808978, 0, 0, 0
108702, 7385684, 0, 0, 0
108807, 6578424, 0, 0, 0
108904, 5692667, 0, 0, 0
109000, 5976634, 0, 0, 0
109103, 6817414, 0, 0, 0
109206, 6862386, 0, 0, 0
109303, 8117985, 0, 0, 0
109406, 6015404, 0, 0, 0
109501, 7332187, 0, 0, 0
109602, 8384071, 0, 0, 0
109704, 6788538, 0, 0, 0
109805, 6744945, 0, 0, 0
109900, 7303888, 0, 0, 0
110006, 7019752, 0, 0, 0
110100, 7207277, 0, 0, 0
110210, 8466337, 0, 0, 0
110302, 6519596, 0, 0, 0
110401, 6188262, 0, 0, 0
110503, 8491373, 0, 0, 0
110605, 6810534, 0, 0, 0
110700, 6767024, 0, 0, 0
110807, 6295581, 0, 0, 0
110900, 7132443, 0, 0, 0
111001, 7178447, 0, 0, 0
111103, 6770450, 0, 0, 0
111203, 7188943, 0, 0, 0
111303, 6652157, 0, 0, 0
111402, 7022812, 0, 0, 0
111507, 6584575, 0, 0, 0
111602, 6732442, 0, 0, 0
111703, 7179487, 0, 0, 0
111814, 7403115, 0, 0, 0
111901, 6220146, 0, 0, 0
112008, 6652428, 0, 0, 0
112103, 6770237, 0, 0, 0
112202, 5824724, 0, 0, 0
112303, 6703650, 0, 0, 0
112401, 6529474, 0, 0, 0
112503, 7830494, 0, 0, 0
112601, 8149167, 0, 0, 0
112701, 6667248, 0, 0, 0
112802, 6729082, 0, 0, 0
112907, 8766111, 0, 0, 0
113002, 6286186, 0, 0, 0
113101, 8234931, 0, 0, 0
113201, 6696499, 0, 0, 0
113300, 6529832, 0, 0, 0
113409, 7257739, 0, 0, 0
113502, 7147072, 0, 0, 0
113604, 6411907, 0, 0, 0
113703, 6588579, 0, 0, 0
113804, 7191665, 0, 0, 0
113905, 5294790, 0, 0, 0
114003, 6974828, 0, 0, 0
114108, 6985440, 0, 0, 0
114204, 5638744, 0, 0, 0
114300, 6867916, 0, 0, 0
114406, 6585407, 0, 0, 0
114500, 6710920, 0, 0, 0
114604, 6896693, 0, 0, 0
114707, 6436369, 0, 0, 0
114806, 7115762, 0, 0, 0
114902, 6339976, 0, 0, 0
115001, 5816670, 0, 0, 0
115105, 5768933, 0, 0, 0
115203, 5746683, 0, 0, 0
115301, 5751522, 0, 0, 0
115402, 6325677, 0, 0, 0
115501, 5838199, 0, 0, 0
115601, 8315151, 0, 0, 0
115704, 6373688, 0, 0, 0
115802, 5793191, 0, 0, 0
115900, 6068750, 0, 0, 0
116005, 7555208, 0, 0, 0
116106, 5916738, 0, 0, 0
116201, 7908607, 0, 0, 0
116302, 5931431, 0, 0, 0
116402, 6220326, 0, 0, 0
116501, 6581581, 0, 0, 0
116600, 7049876, 0, 0, 0
116705, 6159910, 0, 0, 0
116804, 7609824, 0, 0, 0
116905, 6317123, 0, 0, 0
117004, 7597955, 0, 0, 0
117105, 5919369, 0, 0, 0
117201, 6379946, 0, 0, 0
117300, 7031192, 0, 0, 0
117404, 6119584, 0, 0, 0
117500, 6881849, 0, 0, 0
117605, 7439022, 0, 0, 0
117701, 6854773, 0, 0, 0
117805, 7439750, 0, 0, 0
117902, 7467469, 0, 0, 0
118003, 7142913, 0, 0, 0
118105, 6831924, 0, 0, 0
118205, 6208191, 0, 0, 0
118301, 8000172, 0, 0, 0
118401, 6650862, 0, 0, 0
118503, 6831945, 0, 0, 0
118606, 7882472, 0, 0, 0
118703, 6439885, 0, 0, 0
118802, 6625884, 0, 0, 0
118902, 6661947, 0, 0, 0
119001, 7025327, 0, 0, 0
119100, 7074027, 0, 0, 0
119207, 6663143, 0, 0, 0
119300, 7702850, 0, 0, 0
119405, 6568960, 0, 0, 0
119500, 6807890, 0, 0, 0
119600, 6205336, 0, 0, 0
119704, 6533279, 0, 0, 0
119809, 6980997, 0, 0, 0
119909, 6611500, 0, 0, 0
120001, 7096840, 0, 0, 0
120105, 7432249, 0, 0, 0
120202, 6919282, 0, 0, 0
120307, 7427550, 0, 0, 0
120407, 6708892, 0, 0, 0
120501, 8483998, 0, 0, 0
120601, 6219252, 0, 0, 0
120702, 7239615, 0, 0, 0
120807, 6570979, 0, 0, 0
120904, 6019571, 0, 0, 0
121003, 7048882, 0, 0, 0
121106, 6873748, 0, 0, 0
121208, 5992300, 0, 0, 0
121308, 6236743, 0, 0, 0
121402, 5827140, 0, 0, 0
121503, 6353176, 0, 0, 0
121607, 7917704, 0, 0, 0
121706, 7119388, 0, 0, 0
121804, 8096066, 0, 0, 0
121901, 7476757, 0, 0, 0
122001, 8276808, 0, 0, 0
122105, 8020862, 0, 0, 0
122205, 6676745, 0, 0, 0
122305, 6647552, 0, 0, 0
122404, 6547815, 0, 0, 0
122506, 7276972, 0, 0, 0
122600, 6709271, 0, 0, 0
122700, 6648001, 0, 0, 0
122802, 5991049, 0, 0, 0
122900, 7023108, 0, 0, 0
123001, 5893926, 0, 0, 0
123101, 6683272, 0, 0, 0
123205, 8625594, 0, 0, 0
123302, 6908156, 0, 0, 0
123401, 6187158, 0, 0, 0
123510, 7224243, 0, 0, 0
123609, 9045678, 0, 0, 0
123702, 7143774, 0, 0, 0
123806, 7384322, 0, 0, 0
123904, 7006699, 0, 0, 0
124002, 6486632, 0, 0, 0
124102, 6670955, 0, 0, 0
124206, 8029408, 0, 0, 0
124302, 7351097, 0, 0, 0
124403, 6291447, 0, 0, 0
124502, 6593427, 0, 0, 0
124600, 6506372, 0, 0, 0
124703, 6054039, 0, 0, 0
124801, 6525150, 0, 0, 0
124901, 8368118, 0, 0, 0
125019, 6499245, 0, 0, 0
125102, 6422648, 0, 0, 0
125205, 6861436, 0, 0, 0
125300, 6304425, 0, 0, 0
125400, 6621001, 0, 0, 0
125508, 6343454, 0, 0, 0
125602, 6727186, 0, 0, 0
125710, 7164477, 0, 0, 0
125802, 5785289, 0, 0, 0
125900, 6479914, 0, 0, 0
126000, 6667905, 0, 0, 0
126104, 7952964, 0, 0, 0
126203, 6644012, 0, 0, 0
126304, 6268872, 0, 0, 0
126406, 7271047, 0, 0, 0
126507, 9197530, 0, 0, 0
126609, 7294016, 0, 0, 0
126701, 7052421, 0, 0, 0
126806, 6995761, 0, 0, 0
126900, 6688167, 0, 0, 0
127001, 7209478, 0, 0, 0
127108, 5623740, 0, 0, 0
127201, 6147792, 0, 0, 0
127303, 6382378, 0, 0, 0
127404, 6685397, 0, 0, 0
127505, 6749238, 0, 0, 0
127602, 6904322, 0, 0, 0
127704, 6015227, 0, 0, 0
127804, 5850814, 0, 0, 0
127903, 6202131, 0, 0, 0
128007, 7940722, 0, 0, 0
128104, 7433887, 0, 0, 0
128203, 6200823, 0, 0, 0
128305, 6805308, 0, 0, 0
128406, 6704251, 0, 0, 0
128502, 6375906, 0, 0, 0
128601, 6619338, 0, 0, 0
128701, 7633481, 0, 0, 0
128804, 8572927, 0, 0, 0
128902, 7010691, 0, 0, 0
129007, 6970025, 0, 0, 0
129105, 7532137, 0, 0, 0
129202, 6954483, 0, 0, 0
129300, 6951243, 0, 0, 0
129402, 7825924, 0, 0, 0
129507, 7496635, 0, 0, 0
129601, 6276984, 0, 0, 0
129701, 6672737, 0, 0, 0
129804, 6817833, 0, 0, 0
129904, 8349078, 0, 0, 0
130004, 7666935, 0, 0, 0
130107, 7331000, 0, 0, 0
130204, 6069908, 0, 0, 0
130300, 6401000, 0, 0, 0
130402, 5956771, 0, 0, 0
130503, 8444768, 0, 0, 0
130603, 6235319, 0, 0, 0
130702, 6167306, 0, 0, 0
130807, 7486758, 0, 0, 0
130904, 7427394, 0, 0, 0
131006, 6346956, 0, 0, 0
131101, 8671308, 0, 0, 0
131202, 6700492, 0, 0, 0
131305, 6418769, 0, 0, 0
131408, 6436863, 0, 0, 0
131509, 7200840, 0, 0, 0
131603, 6700748, 0, 0, 0
131704, 6729554, 0, 0, 0
131807, 6060120, 0, 0, 0
131904, 6035890, 0, 0, 0
132002, 6977042, 0, 0, 0
132103, 6330323, 0, 0, 0
132202, 6539760, 0, 0, 0
132308, 6237149, 0, 0, 0
132402, 6254186, 0, 0, 0
132501, 6203747, 0, 0, 0
132609, 8260476, 0, 0, 0
132704, 5943493, 0, 0, 0
132803, 7073029, 0, 0, 0
132904, 6293129, 0, 0, 0
133000, 6793188, 0, 0, 0
133107, 7659804, 0, 0, 0
133201, 6686478, 0, 0, 0
133300, 6589864, 0, 0, 0
133403, 6445698, 0, 0, 0
133510, 6695964, 0, 0, 0
133604, 6667816, 0, 0, 0
133712, 6747675, 0, 0, 0
133803, 6986092, 0, 0, 0
133908, 8080658, 0, 0, 0
134004, 6344159, 0, 0, 0
134104, 6647690, 0, 0, 0
134209, 6992908, 0, 0, 0
134300, 5350157, 0, 0, 0
134402, 5660394, 0, 0, 0
134500, 6986014, 0, 0, 0
134602, 6798695, 0, 0, 0
134701, 6202379, 0, 0, 0
134807, 7565530, 0, 0, 0
134908, 7176337, 0, 0, 0
135004, 6410266, 0, 0, 0
135100, 5591018, 0, 0, 0
135201, 6758061, 0, 0, 0
135303, 6358124, 0, 0, 0
135401, 8143029, 0, 0, 0
135500, 6583675, 0, 0, 0
135604, 8027090, 0, 0, 0
135700, 6368409, 0, 0, 0
135805, 6947668, 0, 0, 0
135900, 6348936, 0, 0, 0
136000, 6662027, 0, 0, 0
136106, 5538882, 0, 0, 0
136200, 6754670, 0, 0, 0
136301, 7718114, 0, 0, 0
136407, 6619993, 0, 0, 0
136500, 6666254, 0, 0, 0
136608, 6308692, 0, 0, 0
136707, 7593879, 0, 0, 0
136802, 6318373, 0, 0, 0
136901, 6608509, 0, 0, 0
137009, 6334228, 0, 0, 0
137107, 6121802, 0, 0, 0
137205, 6134658, 0, 0, 0
137300, 5926141, 0, 0, 0
137403, 7290965, 0, 0, 0
137505, 6371355, 0, 0, 0
137600, 7354782, 0, 0, 0
137704, 6863712, 0, 0, 0
137803, 6590413, 0, 0, 0
137907, 7420559, 0, 0, 0
138005, 7045347, 0, 0, 0
138100, 7273239, 0, 0, 0
138202, 7237029, 0, 0, 0
138303, 7241043, 0, 0, 0
138401, 7010998, 0, 0, 0
138501, 6205100, 0, 0, 0
138600, 6571453, 0, 0, 0
138701, 7244313, 0, 0, 0
138801, 6199613, 0, 0, 0
138902, 6311544, 0, 0, 0
139003, 6291217, 0, 0, 0
139103, 8300228, 0, 0, 0
139205, 6838853, 0, 0, 0
139305, 7682490, 0, 0, 0
139401, 9553614, 0, 0, 0
139503, 6799004, 0, 0, 0
139608, 6519110, 0, 0, 0
139700, 7110136, 0, 0, 0
139801, 7189146, 0, 0, 0
139907, 7518245, 0, 0, 0
140006, 6619846, 0, 0, 0
140108, 7278696, 0, 0, 0
140201, 6601369, 0, 0, 0
140302, 7230736, 0, 0, 0
140406, 8615672, 0, 0, 0
140504, 8220850, 0, 0, 0
140602, 5703716, 0, 0, 0
140704, 7834161, 0, 0, 0
140800, 7369671, 0, 0, 0
140905, 6982902, 0, 0, 0
141000, 6783929, 0, 0, 0
141102, 7285781, 0, 0, 0
141200, 7534592, 0, 0, 0
141302, 6757824, 0, 0, 0
141401, 7065008, 0, 0, 0
141501, 6659427, 0, 0, 0
141602, 7193075, 0, 0, 0
141702, 7187314, 0, 0, 0
141801, 7579016, 0, 0, 0
141905, 7441774, 0, 0, 0
142001, 6830030, 0, 0, 0
142103, 6786088, 0, 0, 0
142203, 6661220, 0, 0, 0
142304, 6287845, 0, 0, 0
142401, 5348492, 0, 0, 0
142501, 7147262, 0, 0, 0
142600, 7078494, 0, 0, 0
142707, 6294953, 0, 0, 0
142805, 6070552, 0, 0, 0
142903, 6572018, 0, 0, 0
143002, 6173478, 0, 0, 0
143104, 8463944, 0, 0, 0
143203, 8204031, 0, 0, 0
143306, 7959736, 0, 0, 0
143401, 6764360, 0, 0, 0
143504, 6852654, 0, 0, 0
143608, 7389609, 0, 0, 0
143705, 7491343, 0, 0, 0
143802, 6883497, 0, 0, 0
143905, 7382550, 0, 0, 0
144003, 5752210, 0, 0, 0
144104, 7719428, 0, 0, 0
144201, 6959578, 0, 0, 0
144300, 6585646, 0, 0, 0
144403, 6857280, 0, 0, 0
144511, 8287392, 0, 0, 0
144602, 6927022, 0, 0, 0
144705, 7380125, 0, 0, 0
144802, 6426930, 0, 0, 0
144901, 6631468, 0, 0, 0
145001, 9973268, 0, 0, 0
145103, 7243589, 0, 0, 0
145201, 7537161, 0, 0, 0
145303, 5972731, 0, 0, 0
145401, 6547654, 0, 0, 0
145502, 5582247, 0, 0, 0
145602, 6674873, 0, 0, 0
145703, 7175037, 0, 0, 0
145804, 6292762, 0, 0, 0
145907, 6460659, 0, 0, 0
146001, 7205741, 0, 0, 0
146101, 6255917, 0, 0, 0
146205, 7934666, 0, 0, 0
146302, 5704276, 0, 0, 0
146402, 7721395, 0, 0, 0
146503, 7162658, 0, 0, 0
146602, 6603392, 0, 0, 0
146704, 6017371, 0, 0, 0
146807, 6850017, 0, 0, 0
146907, 7099888, 0, 0, 0
147006, 7615453, 0, 0, 0
147107, 7152847, 0, 0, 0
147200, 6244644, 0, 0, 0
147300, 7108558, 0, 0, 0
147403, 6831326, 0, 0, 0
147504, 6757579, 0, 0, 0
147601, 7392690, 0, 0, 0
147700, 7091430, 0, 0, 0
147803, 7372321, 0, 0, 0
147904, 7754614, 0, 0, 0
148008, 6060391, 0, 0, 0
148100, 6167250, 0, 0, 0
148203, 7890508, 0, 0, 0
148307, 7413992, 0, 0, 0
148407, 6659542, 0, 0, 0
148500, 7145914, 0, 0, 0
148601, 7170651, 0, 0, 0
148700, 5806546, 0, 0, 0
148800, 6226111, 0, 0, 0
148904, 6148455, 0, 0, 0
149002, 6996003, 0, 0, 0
149104, 6756197, 0, 0, 0
149204, 6213668, 0, 0, 0
149300, 6003209, 0, 0, 0
149403, 7919413, 0, 0, 0
149500, 8090414, 0, 0, 0
149605, 6985381, 0, 0, 0
149704, 7016163, 0, 0, 0
149801, 6467700, 0, 0, 0
149902, 6281881, 0, 0, 0
150004, 6400915, 0, 0, 0
150100, 6382630, 0, 0, 0
150204, 5749713, 0, 0, 0
150310, 6209598, 0, 0, 0
150404, 6270423, 0, 0, 0
150507, 7935116, 0, 0, 0
150601, 6271488, 0, 0, 0
150706, 7433785, 0, 0, 0
150800, 6276157, 0, 0, 0
150901, 6301657, 0, 0, 0
151001, 6678136, 0, 0, 0
151104, 6389353, 0, 0, 0
151201, 6052029, 0, 0, 0
151302, 7248117, 0, 0, 0
151402, 7095270, 0, 0, 0
151504, 6780749, 0, 0, 0
151606, 6823680, 0, 0, 0
151700, 7230085, 0, 0, 0
151807, 6657838, 0, 0, 0
151902, 5903800, 0, 0, 0
152001, 7624119, 0, 0, 0
152104, 5684773, 0, 0, 0
152205, 7749535, 0, 0, 0
152306, 5958101, 0, 0, 0
152401, 7868099, 0, 0, 0
152505, 6961858, 0, 0, 0
152603, 8091073, 0, 0, 0
152701, 6553235, 0, 0, 0
152806, 5788970, 0, 0, 0
152905, 7086985, 0, 0, 0
153004, 5830014, 0, 0, 0
153104, 6609044, 0, 0, 0
153209, 7495454, 0, 0, 0
153306, 6907245, 0, 0, 0
153406, 6687660, 0, 0, 0
153501, 6331661, 0, 0, 0
153603, 6358870, 0, 0, 0
153711, 8244769, 0, 0, 0
153802, 7611605, 0, 0, 0
153904, 6815360, 0, 0, 0
154000, 6330231, 0, 0, 0
154103, 7389538, 0, 0, 0
154201, 5752233, 0, 0, 0
154300, 5464689, 0, 0, 0
154402, 7818356, 0, 0, 0
154508, 7089508, 0, 0, 0
154603, 7294639, 0, 0, 0
154701, 6480827, 0, 0, 0
154801, 7154790, 0, 0, 0
154903, 7268543, 0, 0, 0
155008, 6157894, 0, 0, 0
155110, 7269759, 0, 0, 0
155203, 5843299, 0, 0, 0
155305, 6790905, 0, 0, 0
155403, 6514300, 0, 0, 0
155503, 6605966, 0, 0, 0
155605, 6812885, 0, 0, 0
155700, 5911470, 0, 0, 0
155804, 8009308, 0, 0, 0
155902, 6078437, 0, 0, 0
156006, 6975266, 0, 0, 0
156101, 7296249, 0, 0, 0
156206, 6947283, 0, 0, 0
156301, 5949157, 0, 0, 0
156406, 7479812, 0, 0, 0
156503, 8088193, 0, 0, 0
156600, 6049217, 0, 0, 0
156707, 8200805, 0, 0, 0
156808, 7756917, 0, 0, 0
156905, 6015342, 0, 0, 0
157001, 6027665, 0, 0, 0
157101, 7104458, 0, 0, 0
157205, 6505762, 0, 0, 0
157300, 5238599, 0, 0, 0
157412, 8013838, 0, 0, 0
157501, 7422122, 0, 0, 0
157603, 7795375, 0, 0, 0
157703, 7714564, 0, 0, 0
157801, 6973258, 0, 0, 0
157904, 7895883, 0, 0, 0
158002, 7542054, 0, 0, 0
158108, 6583156, 0, 0, 0
158212, 7476420, 0, 0, 0
158302, 6863519, 0, 0, 0
158401, 7645636, 0, 0, 0
158503, 6338586, 0, 0, 0
158601, 6083514, 0, 0, 0
158700, 7079074, 0, 0, 0
158805, 6549649, 0, 0, 0
158905, 7726572, 0, 0, 0
159002, 8050048, 0, 0, 0
159101, 7577179, 0, 0, 0
159200, 6605832, 0, 0, 0
159303, 7296208, 0, 0, 0
159404, 6331249, 0, 0, 0
159508, 7383694, 0, 0, 0
159604, 9587542, 0, 0, 0
159701, 6073518, 0, 0, 0
159800, 6172603, 0, 0, 0
159909, 6822159, 0, 0, 0
160016, 7589749, 0, 0, 0
160102, 7180765, 0, 0, 0
160200, 6974968, 0, 0, 0
160300, 6679386, 0, 0, 0
160401, 7227030, 0, 0, 0
160500, 6534068, 0, 0, 0
160600, 6284903, 0, 0, 0
160701, 6675046, 0, 0, 0
160802, 6722173, 0, 0, 0
160904, 7281681, 0, 0, 0
161003, 7036413, 0, 0, 0
161109, 6664414, 0, 0, 0
161205, 6327355, 0, 0, 0
161305, 6710537, 0, 0, 0
161404, 8193771, 0, 0, 0
161503, 6173168, 0, 0, 0
161601, 6993255, 0, 0, 0
161701, 5879230, 0, 0, 0
161800, 7026802, 0, 0, 0
161902, 6832067, 0, 0, 0
162007, 6537839, 0, 0, 0
162101, 5887467, 0, 0, 0
162204, 6847731, 0, 0, 0
162301, 7427036, 0, 0, 0
162406, 5830256, 0, 0, 0
162506, 8310010, 0, 0, 0
162602, 7394797, 0, 0, 0
162700, 6097786, 0, 0, 0
162801, 7234490, 0, 0, 0
162901, 7102096, 0, 0, 0
163000, 5780782, 0, 0, 0
163101, 5969907, 0, 0, 0
163206, 6973588, 0, 0, 0
163305, 7064877, 0, 0, 0
163409, 6882085, 0, 0, 0
163506, 6956911, 0, 0, 0
163601, 6783185, 0, 0, 0
163709, 6689474, 0, 0, 0
163809, 7700543, 0, 0, 0
163904, 6333283, 0, 0, 0
164004, 6649919, 0, 0, 0
164100, 6411430, 0, 0, 0
164202, 6335632, 0, 0, 0
164304, 6372498, 0, 0, 0
164406, 6804626, 0, 0, 0
164502, 7324641, 0, 0, 0
164600, 7040600, 0, 0, 0
164701, 5922614, 0, 0, 0
164805, 6107411, 0, 0, 0
164901, 7331812, 0, 0, 0
165000, 5492633, 0, 0, 0
165102, 7241652, 0, 0, 0
165205, 6912610, 0, 0, 0
165302, 7396818, 0, 0, 0
165404, 6775032, 0, 0, 0
165502, 5445403, 0, 0, 0
165606, 6091272, 0, 0, 0
165707, 7213199, 0, 0, 0
165801, 6277923, 0, 0, 0
165906, 8074512, 0, 0, 0
166000, 6708731, 0, 0, 0
166102, 6760809, 0, 0, 0
166205, 6856605, 0, 0, 0
166306, 6731254, 0, 0, 0
166403, 4846457, 0, 0, 0
166502, 6170026, 0, 0, 0
166600, 6517030, 0, 0, 0
166703, 6432900, 0, 0, 0
166806, 7858701, 0, 0, 0
166905, 7079631, 0, 0, 0
167004, 7591491, 0, 0, 0
167103, 6183499, 0, 0, 0
167205, 6369445, 0, 0, 0
167307, 8534669, 0, 0, 0
167403, 7340254, 0, 0, 0
167500, 5688375, 0, 0, 0
167601, 7185394, 0, 0, 0
167701, 5587920, 0, 0, 0
167801, 6637038, 0, 0, 0
167900, 6575417, 0, 0, 0
168002, 6786778, 0, 0, 0
168108, 6620529, 0, 0, 0
168202, 6708369, 0, 0, 0
168301, 8259371, 0, 0, 0
168401, 7085801, 0, 0, 0
168507, 7085900, 0, 0, 0
168604, 9686133, 0, 0, 0
168703, 6574723, 0, 0, 0
168802, 7071056, 0, 0, 0
168905, 8528878, 0, 0, 0
169005, 8377939, 0, 0, 0
169105, 7105036, 0, 0, 0
169204, 5811202, 0, 0, 0
169303, 7035452, 0, 0, 0
169402, 6204442, 0, 0, 0
169507, 7480303, 0, 0, 0
169601, 6239160, 0, 0, 0
169701, 7135860, 0, 0, 0
169803, 7813356, 0, 0, 0
169911, 7235500, 0, 0, 0
170000, 6780881, 0, 0, 0
170100, 7160010, 0, 0, 0
170205, 6139117, 0, 0, 0
170305, 6649234, 0, 0, 0
170414, 6440757, 0, 0, 0
170505, 6475888, 0, 0, 0
170604, 5212308, 0, 0, 0
170704, 7122475, 0, 0, 0
170801, 6055824, 0, 0, 0
170911, 6871322, 0, 0, 0
171009, 6503803, 0, 0, 0
171102, 7733797, 0, 0, 0
171200, 7000007, 0, 0, 0
171304, 6907026, 0, 0, 0
171402, 6533408, 0, 0, 0
171510, 7129760, 0, 0, 0
171602, 6600537, 0, 0, 0
171711, 6357164, 0, 0, 0
171802, 5060127, 0, 0, 0
171902, 8328470, 0, 0, 0
172009, 8935113, 0, 0, 0
172104, 6312916, 0, 0, 0
172202, 6996551, 0, 0, 0
172301, 7597229, 0, 0, 0
172402, 7214727, 0, 0, 0
172500, 6469447, 0, 0, 0
172603, 6471426, 0, 0, 0
172702, 7042542, 0, 0, 0
172803, 7712993, 0, 0, 0
172906, 7384310, 0, 0, 0
173000, 5486986, 0, 0, 0
173104, 6508972, 0, 0, 0
173205, 6724278, 0, 0, 0
173301, 7359952, 0, 0, 0
173401, 7130415, 0, 0, 0
173501, 7169741, 0, 0, 0
173602, 6689597, 0, 0, 0
173702, 7679245, 0, 0, 0
173802, 7129444, 0, 0, 0
173906, 4947187, 0, 0, 0
174003, 7480065, 0, 0, 0
174100, 6409286, 0, 0, 0
174204, 7462697, 0, 0, 0
174306, 6339390, 0, 0, 0
174402, 6843222, 0, 0, 0
174509, 7631772, 0, 0, 0
174611, 7228691, 0, 0, 0
174700, 5938619, 0, 0, 0
174804, 6915119, 0, 0, 0
174902, 6141718, 0, 0, 0
175004, 7245325, 0, 0, 0
175101, 8083686, 0, 0, 0
175202, 7227903, 0, 0, 0
175310, 7654127, 0, 0, 0
175405, 7967483, 0, 0, 0
175504, 8175804, 0, 0, 0
175604, 7119750, 0, 0, 0
175702, 6135784, 0, 0, 0
175801, 6155721, 0, 0, 0
175907, 7102810, 0, 0, 0
176009, 7242974, 0, 0, 0
176108, 7625488, 0, 0, 0
176204, 7392079, 0, 0, 0
176300, 6845596, 0, 0, 0
176402, 7760494, 0, 0, 0
176502, 5918471, 0, 0, 0
176610, 5972982, 0, 0, 0
176700, 6936010, 0, 0, 0
176800, 6651470, 0, 0, 0
176902, 5638894, 0, 0, 0
177006, 7395998, 0, 0, 0
177100, 7854727, 0, 0, 0
177204, 6908328, 0, 0, 0
177300, 6877264, 0, 0, 0
177400, 6233450, 0, 0, 0
177501, 6690681, 0, 0, 0
177608, 8910334, 0, 0, 0
177706, 6987217, 0, 0, 0
177801, 7276696, 0, 0, 0
177904, 7900122, 0, 0, 0
178000, 6872788, 0, 0, 0
178101, 7217229, 0, 0, 0
178202, 7160699, 0, 0, 0
178305, 8553594, 0, 0, 0
178401, 6880755, 0, 0, 0
178509, 8986251, 0, 0, 0
178604, 7275535, 0, 0, 0
178700, 7410662, 0, 0, 0
178801, 6731185, 0, 0, 0
178903, 7772405, 0, 0, 0
179004, 6777395, 0, 0, 0
179104, 7641793, 0, 0, 0
179202, 6532540, 0, 0, 0
179303, 6288925, 0, 0, 0
179402, 7609646, 0, 0, 0
179502, 5892260, 0, 0, 0
179602, 6625558, 0, 0, 0
179700, 7511703, 0, 0, 0
179803, 6087388, 0, 0, 0
179904, 7150150, 0, 0, 0
180000, 5977762, 0, 0, 0
