100, 243200, 0, 0, 0
200, 243200, 0, 0, 0
300, 281600, 0, 0, 0
400, 192000, 0, 0, 0
499, 181010, 0, 0, 0
599, 256000, 0, 0, 0
699, 243200, 0, 0, 0
799, 256000, 0, 0, 0
899, 217600, 0, 0, 0
999, 256000, 0, 0, 0
1099, 281600, 0, 0, 0
1199, 217600, 0, 0, 0
1299, 294400, 0, 0, 0
1400, 268800, 0, 0, 0
1500, 217600, 0, 0, 0
1600, 332800, 0, 0, 0
1700, 256000, 0, 0, 0
1800, 243200, 0, 0, 0
1900, 230400, 0, 0, 0
1999, 181010, 0, 0, 0
2099, 230400, 0, 0, 0
2199, 256000, 0, 0, 0
2299, 268800, 0, 0, 0
2399, 230400, 0, 0, 0
2499, 243200, 0, 0, 0
2599, 192000, 0, 0, 0
2699, 256000, 0, 0, 0
2800, 268800, 0, 0, 0
2900, 243200, 0, 0, 0
3000, 192000, 0, 0, 0
3100, 256000, 0, 0, 0
3200, 256000, 0, 0, 0
3300, 256000, 0, 0, 0
3400, 230400, 0, 0, 0
3499, 245656, 0, 0, 0
3599, 217600, 0, 0, 0
3699, 294400, 0, 0, 0
3799, 268800, 0, 0, 0
3899, 243200, 0, 0, 0
3999, 217600, 0, 0, 0
4099, 256000, 0, 0, 0
4199, 230400, 0, 0, 0
4300, 243200, 0, 0, 0
4400, 217600, 0, 0, 0
4499, 258585, 0, 0, 0
4599, 307200, 0, 0, 0
4699, 230400, 0, 0, 0
4799, 217600, 0, 0, 0
4899, 294400, 0, 0, 0
4999, 243200, 0, 0, 0
5099, 268800, 0, 0, 0
5199, 230400, 0, 0, 0
5299, 243200, 0, 0, 0
5399, 256000, 0, 0, 0
5499, 243200, 0, 0, 0
5599, 230400, 0, 0, 0
5699, 268800, 0, 0, 0
5800, 268800, 0, 0, 0
5900, 243200, 0, 0, 0
5999, 232727, 0, 0, 0
6099, 294400, 0, 0, 0
6199, 204800, 0, 0, 0
6299, 243200, 0, 0, 0
6399, 256000, 0, 0, 0
6499, 204800, 0, 0, 0
6599, 204800, 0, 0, 0
6699, 217600, 0, 0, 0
6799, 256000, 0, 0, 0
6899, 256000, 0, 0, 0
6999, 230400, 0, 0, 0
7100, 230400, 0, 0, 0
7200, 243200, 0, 0, 0
7300, 294400, 0, 0, 0
7400, 230400, 0, 0, 0
7499, 284444, 0, 0, 0
7599, 268800, 0, 0, 0
7699, 217600, 0, 0, 0
7799, 243200, 0, 0, 0
7899, 256000, 0, 0, 0
7999, 230400, 0, 0, 0
8099, 268800, 0, 0, 0
8199, 204800, 0, 0, 0
8299, 281600, 0, 0, 0
8399, 204800, 0, 0, 0
8500, 256000, 0, 0, 0
8600, 294400, 0, 0, 0
8700, 204800, 0, 0, 0
8800, 256000, 0, 0, 0
8900, 281600, 0, 0, 0
8999, 258585, 0, 0, 0
9099, 243200, 0, 0, 0
9199, 256000, 0, 0, 0
9299, 307200, 0, 0, 0
9399, 230400, 0, 0, 0
9499, 230400, 0, 0, 0
9599, 268800, 0, 0, 0
9699, 281600, 0, 0, 0
9799, 243200, 0, 0, 0
9900, 217600, 0, 0, 0
10000, 230400, 0, 0, 0
10100, 230400, 0, 0, 0
10200, 268800, 0, 0, 0
10300, 294400, 0, 0, 0
10400, 217600, 0, 0, 0
10499, 181010, 0, 0, 0
10599, 256000, 0, 0, 0
10699, 268800, 0, 0, 0
10799, 256000, 0, 0, 0
10899, 243200, 0, 0, 0
10999, 204800, 0, 0, 0
11099, 230400, 0, 0, 0
11199, 243200, 0, 0, 0
11300, 217600, 0, 0, 0
11400, 217600, 0, 0, 0
11500, 243200, 0, 0, 0
11600, 192000, 0, 0, 0
11700, 256000, 0, 0, 0
11800, 217600, 0, 0, 0
11900, 268800, 0, 0, 0
11999, 271515, 0, 0, 0
12099, 204800, 0, 0, 0
12199, 281600, 0, 0, 0
12299, 256000, 0, 0, 0
12399, 204800, 0, 0, 0
12499, 281600, 0, 0, 0
12599, 268800, 0, 0, 0
12699, 243200, 0, 0, 0
12799, 217600, 0, 0, 0
12900, 192000, 0, 0, 0
13000, 230400, 0, 0, 0
13100, 230400, 0, 0, 0
13200, 243200, 0, 0, 0
13300, 230400, 0, 0, 0
13400, 268800, 0, 0, 0
13499, 193939, 0, 0, 0
13599, 243200, 0, 0, 0
13699, 256000, 0, 0, 0
13799, 217600, 0, 0, 0
13899, 256000, 0, 0, 0
13999, 230400, 0, 0, 0
14099, 256000, 0, 0, 0
14199, 230400, 0, 0, 0
14300, 217600, 0, 0, 0
14400, 268800, 0, 0, 0
14499, 271515, 0, 0, 0
14599, 256000, 0, 0, 0
14699, 204800, 0, 0, 0
14799, 294400, 0, 0, 0
14899, 230400, 0, 0, 0
14999, 179200, 0, 0, 0
15099, 217600, 0, 0, 0
15199, 243200, 0, 0, 0
15299, 217600, 0, 0, 0
15399, 179200, 0, 0, 0
15500, 256000, 0, 0, 0
15600, 217600, 0, 0, 0
15700, 256000, 0, 0, 0
15800, 243200, 0, 0, 0
15900, 217600, 0, 0, 0
15999, 219797, 0, 0, 0
16099, 256000, 0, 0, 0
16199, 179200, 0, 0, 0
16299, 281600, 0, 0, 0
16399, 243200, 0, 0, 0
16499, 281600, 0, 0, 0
16599, 256000, 0, 0, 0
16699, 217600, 0, 0, 0
16799, 268800, 0, 0, 0
16899, 204800, 0, 0, 0
17000, 217600, 0, 0, 0
17100, 256000, 0, 0, 0
17200, 256000, 0, 0, 0
17300, 243200, 0, 0, 0
17400, 217600, 0, 0, 0
17499, 297373, 0, 0, 0
17599, 192000, 0, 0, 0
17699, 243200, 0, 0, 0
17799, 230400, 0, 0, 0
17899, 217600, 0, 0, 0
17999, 268800, 0, 0, 0
18099, 243200, 0, 0, 0
18199, 217600, 0, 0, 0
18300, 243200, 0, 0, 0
18400, 332800, 0, 0, 0
18499, 232727, 0, 0, 0
18599, 230400, 0, 0, 0
18699, 256000, 0, 0, 0
18799, 179200, 0, 0, 0
18899, 243200, 0, 0, 0
18999, 243200, 0, 0, 0
19099, 256000, 0, 0, 0
19199, 179200, 0, 0, 0
19299, 243200, 0, 0, 0
19399, 230400, 0, 0, 0
19500, 281600, 0, 0, 0
19600, 243200, 0, 0, 0
19700, 217600, 0, 0, 0
19800, 230400, 0, 0, 0
19900, 268800, 0, 0, 0
19999, 219797, 0, 0, 0
20099, 230400, 0, 0, 0
20199, 307200, 0, 0, 0
20299, 204800, 0, 0, 0
20399, 230400, 0, 0, 0
20499, 217600, 0, 0, 0
20599, 243200, 0, 0, 0
20699, 256000, 0, 0, 0
20799, 204800, 0, 0, 0
20899, 256000, 0, 0, 0
21000, 243200, 0, 0, 0
21100, 243200, 0, 0, 0
21200, 204800, 0, 0, 0
21300, 243200, 0, 0, 0
21400, 230400, 0, 0, 0
21499, 219797, 0, 0, 0
21599, 256000, 0, 0, 0
21699, 268800, 0, 0, 0
21799, 217600, 0, 0, 0
21899, 243200, 0, 0, 0
21999, 243200, 0, 0, 0
22099, 243200, 0, 0, 0
22199, 217600, 0, 0, 0
22300, 294400, 0, 0, 0
22400, 217600, 0, 0, 0
22500, 307200, 0, 0, 0
22600, 281600, 0, 0, 0
22700, 243200, 0, 0, 0
22800, 230400, 0, 0, 0
22900, 243200, 0, 0, 0
22999, 284444, 0, 0, 0
23099, 256000, 0, 0, 0
23199, 268800, 0, 0, 0
23299, 230400, 0, 0, 0
23399, 230400, 0, 0, 0
23499, 243200, 0, 0, 0
23599, 256000, 0, 0, 0
23699, 243200, 0, 0, 0
23800, 243200, 0, 0, 0
23900, 217600, 0, 0, 0
24000, 230400, 0, 0, 0
24100, 217600, 0, 0, 0
24200, 204800, 0, 0, 0
24300, 217600, 0, 0, 0
24400, 256000, 0, 0, 0
24499, 284444, 0, 0, 0
24599, 256000, 0, 0, 0
24699, 268800, 0, 0, 0
24799, 243200, 0, 0, 0
24899, 140800, 0, 0, 0
24999, 281600, 0, 0, 0
25099, 230400, 0, 0, 0
25199, 230400, 0, 0, 0
25300, 243200, 0, 0, 0
25400, 217600, 0, 0, 0
25500, 243200, 0, 0, 0
25600, 204800, 0, 0, 0
25700, 204800, 0, 0, 0
25800, 256000, 0, 0, 0
25900, 243200, 0, 0, 0
25999, 271515, 0, 0, 0
26099, 256000, 0, 0, 0
26199, 256000, 0, 0, 0
26299, 268800, 0, 0, 0
26399, 256000, 0, 0, 0
26499, 230400, 0, 0, 0
26599, 256000, 0, 0, 0
26699, 217600, 0, 0, 0
26800, 230400, 0, 0, 0
26900, 243200, 0, 0, 0
27000, 192000, 0, 0, 0
27100, 230400, 0, 0, 0
27200, 179200, 0, 0, 0
27300, 217600, 0, 0, 0
27400, 230400, 0, 0, 0
27499, 206868, 0, 0, 0
27599, 204800, 0, 0, 0
27699, 204800, 0, 0, 0
27799, 268800, 0, 0, 0
27899, 268800, 0, 0, 0
27999, 294400, 0, 0, 0
28099, 179200, 0, 0, 0
28199, 204800, 0, 0, 0
28300, 243200, 0, 0, 0
28400, 230400, 0, 0, 0
28500, 230400, 0, 0, 0
28600, 256000, 0, 0, 0
28700, 281600, 0, 0, 0
28800, 217600, 0, 0, 0
28900, 256000, 0, 0, 0
28999, 206868, 0, 0, 0
29099, 204800, 0, 0, 0
29199, 268800, 0, 0, 0
29299, 230400, 0, 0, 0
29399, 281600, 0, 0, 0
29499, 256000, 0, 0, 0
29599, 243200, 0, 0, 0
29699, 192000, 0, 0, 0
29800, 268800, 0, 0, 0
29900, 256000, 0, 0, 0
29999, 232727, 0, 0, 0
30099, 179200, 0, 0, 0
30199, 256000, 0, 0, 0
30299, 217600, 0, 0, 0
30399, 217600, 0, 0, 0
30499, 256000, 0, 0, 0
30599, 268800, 0, 0, 0
30699, 204800, 0, 0, 0
30799, 294400, 0, 0, 0
30899, 230400, 0, 0, 0
30999, 243200, 0, 0, 0
31099, 217600, 0, 0, 0
31200, 230400, 0, 0, 0
31300, 307200, 0, 0, 0
31400, 243200, 0, 0, 0
31499, 297373, 0, 0, 0
31599, 256000, 0, 0, 0
31699, 243200, 0, 0, 0
31799, 243200, 0, 0, 0
31899, 294400, 0, 0, 0
31999, 256000, 0, 0, 0
32099, 204800, 0, 0, 0
32199, 256000, 0, 0, 0
32299, 243200, 0, 0, 0
32399, 243200, 0, 0, 0
32500, 230400, 0, 0, 0
32600, 230400, 0, 0, 0
32700, 230400, 0, 0, 0
32800, 192000, 0, 0, 0
32900, 204800, 0, 0, 0
32999, 245656, 0, 0, 0
33099, 230400, 0, 0, 0
33199, 256000, 0, 0, 0
33299, 204800, 0, 0, 0
33399, 230400, 0, 0, 0
33499, 256000, 0, 0, 0
33599, 217600, 0, 0, 0
33699, 230400, 0, 0, 0
33800, 204800, 0, 0, 0
33900, 256000, 0, 0, 0
33999, 181010, 0, 0, 0
34099, 192000, 0, 0, 0
34199, 217600, 0, 0, 0
34299, 140800, 0, 0, 0
34399, 217600, 0, 0, 0
34499, 230400, 0, 0, 0
34599, 230400, 0, 0, 0
34699, 243200, 0, 0, 0
34799, 294400, 0, 0, 0
34899, 204800, 0, 0, 0
35000, 204800, 0, 0, 0
35100, 243200, 0, 0, 0
35200, 217600, 0, 0, 0
35300, 230400, 0, 0, 0
35400, 243200, 0, 0, 0
35499, 271515, 0, 0, 0
35599, 281600, 0, 0, 0
35699, 243200, 0, 0, 0
35799, 217600, 0, 0, 0
35899, 204800, 0, 0, 0
35999, 230400, 0, 0, 0
36099, 243200, 0, 0, 0
36199, 230400, 0, 0, 0
36299, 192000, 0, 0, 0
36400, 230400, 0, 0, 0
36500, 256000, 0, 0, 0
36600, 243200, 0, 0, 0
36700, 243200, 0, 0, 0
36800, 230400, 0, 0, 0
36900, 204800, 0, 0, 0
36999, 258585, 0, 0, 0
37099, 217600, 0, 0, 0
37199, 230400, 0, 0, 0
37299, 217600, 0, 0, 0
37399, 256000, 0, 0, 0
37499, 230400, 0, 0, 0
37599, 204800, 0, 0, 0
37699, 179200, 0, 0, 0
37800, 243200, 0, 0, 0
37900, 192000, 0, 0, 0
37999, 206868, 0, 0, 0
38099, 243200, 0, 0, 0
38199, 204800, 0, 0, 0
38299, 230400, 0, 0, 0
38399, 256000, 0, 0, 0
38499, 256000, 0, 0, 0
38599, 243200, 0, 0, 0
38699, 256000, 0, 0, 0
38799, 281600, 0, 0, 0
38899, 217600, 0, 0, 0
39000, 166400, 0, 0, 0
39100, 217600, 0, 0, 0
39200, 217600, 0, 0, 0
39300, 243200, 0, 0, 0
39400, 243200, 0, 0, 0
39499, 206868, 0, 0, 0
39599, 268800, 0, 0, 0
39699, 230400, 0, 0, 0
39799, 268800, 0, 0, 0
39899, 217600, 0, 0, 0
39999, 230400, 0, 0, 0
40099, 230400, 0, 0, 0
40199, 217600, 0, 0, 0
40299, 268800, 0, 0, 0
40399, 243200, 0, 0, 0
40500, 192000, 0, 0, 0
40600, 192000, 0, 0, 0
40700, 217600, 0, 0, 0
40800, 230400, 0, 0, 0
40900, 243200, 0, 0, 0
40999, 245656, 0, 0, 0
41099, 204800, 0, 0, 0
41199, 243200, 0, 0, 0
41299, 243200, 0, 0, 0
41399, 256000, 0, 0, 0
41499, 204800, 0, 0, 0
41599, 243200, 0, 0, 0
41699, 204800, 0, 0, 0
41799, 217600, 0, 0, 0
41900, 217600, 0, 0, 0
42000, 243200, 0, 0, 0
42100, 256000, 0, 0, 0
42200, 230400, 0, 0, 0
42300, 294400, 0, 0, 0
42400, 230400, 0, 0, 0
42499, 181010, 0, 0, 0
42599, 217600, 0, 0, 0
42699, 230400, 0, 0, 0
42799, 204800, 0, 0, 0
42899, 217600, 0, 0, 0
42999, 256000, 0, 0, 0
43099, 204800, 0, 0, 0
43199, 230400, 0, 0, 0
43299, 179200, 0, 0, 0
43399, 268800, 0, 0, 0
43500, 268800, 0, 0, 0
43600, 243200, 0, 0, 0
43700, 179200, 0, 0, 0
43800, 256000, 0, 0, 0
43900, 166400, 0, 0, 0
43999, 284444, 0, 0, 0
44099, 230400, 0, 0, 0
44199, 268800, 0, 0, 0
44299, 204800, 0, 0, 0
44399, 217600, 0, 0, 0
44499, 243200, 0, 0, 0
44599, 281600, 0, 0, 0
44699, 268800, 0, 0, 0
44800, 243200, 0, 0, 0
44900, 268800, 0, 0, 0
44999, 258585, 0, 0, 0
45099, 217600, 0, 0, 0
45199, 230400, 0, 0, 0
45299, 230400, 0, 0, 0
45399, 204800, 0, 0, 0
45499, 256000, 0, 0, 0
45599, 217600, 0, 0, 0
45699, 217600, 0, 0, 0
45799, 281600, 0, 0, 0
45899, 243200, 0, 0, 0
45999, 281600, 0, 0, 0
46099, 230400, 0, 0, 0
46199, 243200, 0, 0, 0
46300, 243200, 0, 0, 0
46400, 294400, 0, 0, 0
46499, 245656, 0, 0, 0
46599, 217600, 0, 0, 0
46699, 243200, 0, 0, 0
46799, 217600, 0, 0, 0
46899, 256000, 0, 0, 0
46999, 217600, 0, 0, 0
47099, 268800, 0, 0, 0
47199, 243200, 0, 0, 0
47299, 256000, 0, 0, 0
47399, 179200, 0, 0, 0
47499, 217600, 0, 0, 0
47599, 230400, 0, 0, 0
47699, 217600, 0, 0, 0
47800, 230400, 0, 0, 0
47900, 256000, 0, 0, 0
47999, 232727, 0, 0, 0
48099, 230400, 0, 0, 0
48199, 230400, 0, 0, 0
48299, 217600, 0, 0, 0
48399, 230400, 0, 0, 0
48499, 256000, 0, 0, 0
48599, 281600, 0, 0, 0
48699, 230400, 0, 0, 0
48799, 192000, 0, 0, 0
48899, 256000, 0, 0, 0
48999, 256000, 0, 0, 0
49100, 230400, 0, 0, 0
49200, 256000, 0, 0, 0
49300, 217600, 0, 0, 0
49400, 256000, 0, 0, 0
49499, 206868, 0, 0, 0
49599, 230400, 0, 0, 0
49699, 243200, 0, 0, 0
49799, 204800, 0, 0, 0
49899, 256000, 0, 0, 0
49999, 204800, 0, 0, 0
50099, 243200, 0, 0, 0
50199, 192000, 0, 0, 0
50299, 217600, 0, 0, 0
50399, 204800, 0, 0, 0
50499, 192000, 0, 0, 0
50600, 230400, 0, 0, 0
50700, 243200, 0, 0, 0
50800, 204800, 0, 0, 0
50900, 217600, 0, 0, 0
50999, 271515, 0, 0, 0
51099, 256000, 0, 0, 0
51199, 192000, 0, 0, 0
51299, 243200, 0, 0, 0
51399, 230400, 0, 0, 0
51499, 281600, 0, 0, 0
51599, 192000, 0, 0, 0
51699, 217600, 0, 0, 0
51799, 166400, 0, 0, 0
51899, 217600, 0, 0, 0
52000, 268800, 0, 0, 0
52100, 217600, 0, 0, 0
52200, 243200, 0, 0, 0
52300, 230400, 0, 0, 0
52400, 230400, 0, 0, 0
52499, 219797, 0, 0, 0
52599, 217600, 0, 0, 0
52699, 256000, 0, 0, 0
52799, 192000, 0, 0, 0
52899, 230400, 0, 0, 0
52999, 230400, 0, 0, 0
53099, 230400, 0, 0, 0
53199, 243200, 0, 0, 0
53299, 217600, 0, 0, 0
53399, 217600, 0, 0, 0
53500, 268800, 0, 0, 0
53600, 256000, 0, 0, 0
53700, 217600, 0, 0, 0
53800, 243200, 0, 0, 0
53900, 166400, 0, 0, 0
53999, 258585, 0, 0, 0
54099, 230400, 0, 0, 0
54199, 217600, 0, 0, 0
54299, 192000, 0, 0, 0
54399, 217600, 0, 0, 0
54499, 256000, 0, 0, 0
54599, 243200, 0, 0, 0
54699, 217600, 0, 0, 0
54799, 204800, 0, 0, 0
54900, 243200, 0, 0, 0
55000, 230400, 0, 0, 0
55100, 179200, 0, 0, 0
55200, 243200, 0, 0, 0
55300, 230400, 0, 0, 0
55400, 217600, 0, 0, 0
55499, 206868, 0, 0, 0
55599, 166400, 0, 0, 0
55699, 256000, 0, 0, 0
55799, 204800, 0, 0, 0
55899, 230400, 0, 0, 0
55999, 243200, 0, 0, 0
56099, 243200, 0, 0, 0
56199, 230400, 0, 0, 0
56299, 243200, 0, 0, 0
56400, 204800, 0, 0, 0
56500, 204800, 0, 0, 0
56600, 230400, 0, 0, 0
56700, 204800, 0, 0, 0
56800, 268800, 0, 0, 0
56900, 192000, 0, 0, 0
56999, 219797, 0, 0, 0
57099, 204800, 0, 0, 0
57199, 204800, 0, 0, 0
57299, 230400, 0, 0, 0
57399, 179200, 0, 0, 0
57499, 204800, 0, 0, 0
57599, 204800, 0, 0, 0
57699, 192000, 0, 0, 0
57799, 217600, 0, 0, 0
57899, 281600, 0, 0, 0
58000, 204800, 0, 0, 0
58100, 230400, 0, 0, 0
58200, 217600, 0, 0, 0
58300, 217600, 0, 0, 0
58400, 204800, 0, 0, 0
58499, 245656, 0, 0, 0
58599, 192000, 0, 0, 0
58699, 204800, 0, 0, 0
58799, 192000, 0, 0, 0
58899, 243200, 0, 0, 0
58999, 230400, 0, 0, 0
59099, 217600, 0, 0, 0
59199, 217600, 0, 0, 0
59300, 230400, 0, 0, 0
59400, 153600, 0, 0, 0
59499, 219797, 0, 0, 0
59599, 217600, 0, 0, 0
59699, 192000, 0, 0, 0
59799, 217600, 0, 0, 0
59899, 204800, 0, 0, 0
59999, 486400, 0, 0, 0
