102, 2316538, 0, 0, 0
202, 2686223, 0, 0, 0
300, 2570851, 0, 0, 0
400, 2507776, 0, 0, 0
502, 2201736, 0, 0, 0
601, 2360398, 0, 0, 0
703, 2470934, 0, 0, 0
801, 2436786, 0, 0, 0
902, 2527063, 0, 0, 0
1000, 2430278, 0, 0, 0
1102, 2430521, 0, 0, 0
1201, 2404364, 0, 0, 0
1301, 2613669, 0, 0, 0
1401, 2322902, 0, 0, 0
1501, 2436980, 0, 0, 0
1602, 2644575, 0, 0, 0
1702, 2501802, 0, 0, 0
1802, 2366948, 0, 0, 0
1901, 2343009, 0, 0, 0
2001, 2697143, 0, 0, 0
2101, 2438854, 0, 0, 0
2201, 2254729, 0, 0, 0
2302, 2336299, 0, 0, 0
2402, 2429338, 0, 0, 0
2500, 2402519, 0, 0, 0
2600, 2766488, 0, 0, 0
2700, 2268397, 0, 0, 0
2802, 2414872, 0, 0, 0
2901, 2467302, 0, 0, 0
3001, 2375216, 0, 0, 0
3101, 2477201, 0, 0, 0
3201, 2426773, 0, 0, 0
3301, 2442312, 0, 0, 0
3401, 2553472, 0, 0, 0
3502, 2383422, 0, 0, 0
3602, 2574813, 0, 0, 0
3701, 2515999, 0, 0, 0
3801, 2443968, 0, 0, 0
3903, 2468501, 0, 0, 0
4002, 2408461, 0, 0, 0
4102, 2497653, 0, 0, 0
4201, 2296050, 0, 0, 0
4301, 2302590, 0, 0, 0
4401, 2373021, 0, 0, 0
4500, 2477591, 0, 0, 0
4602, 2470022, 0, 0, 0
4701, 2362933, 0, 0, 0
4800, 2330546, 0, 0, 0
4901, 2586016, 0, 0, 0
5000, 2396054, 0, 0, 0
5102, 2419321, 0, 0, 0
5201, 2307193, 0, 0, 0
5301, 2361002, 0, 0, 0
5401, 2393389, 0, 0, 0
5502, 2566058, 0, 0, 0
5600, 2504036, 0, 0, 0
5700, 2365912, 0, 0, 0
5800, 2502934, 0, 0, 0
5900, 2501686, 0, 0, 0
6001, 2632740, 0, 0, 0
6101, 2222370, 0, 0, 0
6202, 2517421, 0, 0, 0
6300, 2435354, 0, 0, 0
6400, 2311387, 0, 0, 0
6500, 2318193, 0, 0, 0
6601, 2358582, 0, 0, 0
6701, 2353990, 0, 0, 0
6801, 2497171, 0, 0, 0
6900, 2466846, 0, 0, 0
7001, 2339882, 0, 0, 0
7100, 2343347, 0, 0, 0
7200, 2564142, 0, 0, 0
7300, 2439742, 0, 0, 0
7400, 2309183, 0, 0, 0
7502, 2424461, 0, 0, 0
7601, 2413526, 0, 0, 0
7702, 2502265, 0, 0, 0
7801, 2344936, 0, 0, 0
7902, 2462841, 0, 0, 0
8000, 2376083, 0, 0, 0
8100, 2440664, 0, 0, 0
8200, 2359075, 0, 0, 0
8301, 2292475, 0, 0, 0
8400, 2542216, 0, 0, 0
8500, 2557440, 0, 0, 0
8602, 2457020, 0, 0, 0
8702, 2284052, 0, 0, 0
8801, 2464440, 0, 0, 0
8901, 2432537, 0, 0, 0
9000, 2350040, 0, 0, 0
9100, 2538349, 0, 0, 0
9202, 2429791, 0, 0, 0
9302, 2433351, 0, 0, 0
9401, 2595551, 0, 0, 0
9500, 2530164, 0, 0, 0
9601, 2581722, 0, 0, 0
9700, 2404065, 0, 0, 0
9802, 2610779, 0, 0, 0
9901, 2449472, 0, 0, 0
10001, 2503060, 0, 0, 0
10101, 2428179, 0, 0, 0
10200, 2480346, 0, 0, 0
10300, 2412483, 0, 0, 0
10400, 2383831, 0, 0, 0
10501, 2335864, 0, 0, 0
10601, 2635224, 0, 0, 0
10701, 2477182, 0, 0, 0
10800, 2473329, 0, 0, 0
10902, 2353439, 0, 0, 0
11002, 2438224, 0, 0, 0
11101, 2519216, 0, 0, 0
11201, 2432112, 0, 0, 0
11302, 2347723, 0, 0, 0
11400, 2385352, 0, 0, 0
11501, 2332593, 0, 0, 0
11600, 2358943, 0, 0, 0
11700, 2371852, 0, 0, 0
11801, 2465600, 0, 0, 0
11901, 2545944, 0, 0, 0
12002, 2505883, 0, 0, 0
12100, 2396556, 0, 0, 0
12201, 2504501, 0, 0, 0
12301, 2264761, 0, 0, 0
12402, 2470261, 0, 0, 0
12500, 2269289, 0, 0, 0
12602, 2534749, 0, 0, 0
12700, 2508555, 0, 0, 0
12800, 2613600, 0, 0, 0
12900, 2278992, 0, 0, 0
13000, 2266847, 0, 0, 0
13101, 2236054, 0, 0, 0
13200, 2581689, 0, 0, 0
13301, 2522639, 0, 0, 0
13402, 2577392, 0, 0, 0
13500, 2380867, 0, 0, 0
13600, 2317824, 0, 0, 0
13700, 2334644, 0, 0, 0
13802, 2199821, 0, 0, 0
13902, 2221201, 0, 0, 0
14001, 2455589, 0, 0, 0
14100, 2535103, 0, 0, 0
14202, 2361578, 0, 0, 0
14300, 2574599, 0, 0, 0
14400, 2361498, 0, 0, 0
14500, 2443760, 0, 0, 0
14603, 2492250, 0, 0, 0
14701, 2517154, 0, 0, 0
14800, 2535252, 0, 0, 0
14901, 2333417, 0, 0, 0
15001, 2564284, 0, 0, 0
15101, 2416311, 0, 0, 0
15200, 2680061, 0, 0, 0
15300, 2478945, 0, 0, 0
15402, 2491066, 0, 0, 0
15500, 2494003, 0, 0, 0
15600, 2366258, 0, 0, 0
15701, 2529567, 0, 0, 0
15800, 2351770, 0, 0, 0
15900, 2355257, 0, 0, 0
16000, 2574700, 0, 0, 0
16101, 2447457, 0, 0, 0
16200, 2407943, 0, 0, 0
16300, 2696910, 0, 0, 0
16401, 2395196, 0, 0, 0
16501, 2256888, 0, 0, 0
16601, 2324300, 0, 0, 0
16700, 2411627, 0, 0, 0
16801, 2561795, 0, 0, 0
16901, 2435138, 0, 0, 0
17000, 2416011, 0, 0, 0
17101, 2443873, 0, 0, 0
17201, 2425524, 0, 0, 0
17301, 2447489, 0, 0, 0
17400, 2464666, 0, 0, 0
17504, 2409754, 0, 0, 0
17600, 2395663, 0, 0, 0
17700, 2560620, 0, 0, 0
17801, 2329826, 0, 0, 0
17902, 2390602, 0, 0, 0
18000, 2456115, 0, 0, 0
18100, 2266855, 0, 0, 0
18200, 2421730, 0, 0, 0
18301, 2515995, 0, 0, 0
18400, 2525572, 0, 0, 0
18502, 2312022, 0, 0, 0
18600, 2390527, 0, 0, 0
18700, 2558375, 0, 0, 0
18801, 2325384, 0, 0, 0
18900, 2466132, 0, 0, 0
19000, 2372041, 0, 0, 0
19102, 2478721, 0, 0, 0
19200, 2661327, 0, 0, 0
19302, 2668337, 0, 0, 0
19402, 2549648, 0, 0, 0
19500, 2515449, 0, 0, 0
19603, 2366601, 0, 0, 0
19701, 2447800, 0, 0, 0
19800, 2350012, 0, 0, 0
19900, 2506458, 0, 0, 0
20001, 2699145, 0, 0, 0
20102, 2396567, 0, 0, 0
20200, 2384209, 0, 0, 0
20301, 2530544, 0, 0, 0
20400, 2399492, 0, 0, 0
20501, 2450395, 0, 0, 0
20600, 2467775, 0, 0, 0
20701, 2526615, 0, 0, 0
20801, 2427387, 0, 0, 0
20901, 2472485, 0, 0, 0
21001, 2572862, 0, 0, 0
21100, 2603395, 0, 0, 0
21200, 2539104, 0, 0, 0
21301, 2574261, 0, 0, 0
21401, 2566664, 0, 0, 0
21500, 2355921, 0, 0, 0
21600, 2553678, 0, 0, 0
21702, 2363525, 0, 0, 0
21802, 2257500, 0, 0, 0
21900, 2561314, 0, 0, 0
22000, 2555218, 0, 0, 0
22101, 2463689, 0, 0, 0
22200, 2600584, 0, 0, 0
22302, 2415066, 0, 0, 0
22400, 2649875, 0, 0, 0
22502, 2425348, 0, 0, 0
22602, 2362446, 0, 0, 0
22702, 2568212, 0, 0, 0
22802, 2244385, 0, 0, 0
22902, 2233738, 0, 0, 0
23000, 2629134, 0, 0, 0
23101, 2225953, 0, 0, 0
23201, 2329348, 0, 0, 0
23301, 2375557, 0, 0, 0
23402, 2584841, 0, 0, 0
23502, 2609196, 0, 0, 0
23601, 2542021, 0, 0, 0
23702, 2383905, 0, 0, 0
23802, 2439611, 0, 0, 0
23901, 2299777, 0, 0, 0
24004, 2320738, 0, 0, 0
24100, 2461906, 0, 0, 0
24201, 2450756, 0, 0, 0
24300, 2599630, 0, 0, 0
24400, 2494226, 0, 0, 0
24501, 2566868, 0, 0, 0
24600, 2357213, 0, 0, 0
24701, 2452646, 0, 0, 0
24801, 2556233, 0, 0, 0
24901, 2425225, 0, 0, 0
25000, 2416675, 0, 0, 0
25101, 2387851, 0, 0, 0
25200, 2253465, 0, 0, 0
25302, 2404444, 0, 0, 0
25400, 2508022, 0, 0, 0
25502, 2625569, 0, 0, 0
25600, 2325725, 0, 0, 0
25701, 2377396, 0, 0, 0
25803, 2308861, 0, 0, 0
25902, 2295029, 0, 0, 0
26002, 2380280, 0, 0, 0
26102, 2424588, 0, 0, 0
26200, 2654526, 0, 0, 0
26302, 2246350, 0, 0, 0
26401, 2469292, 0, 0, 0
26502, 2283188, 0, 0, 0
26601, 2485952, 0, 0, 0
26702, 2434854, 0, 0, 0
26801, 2553809, 0, 0, 0
26901, 2309856, 0, 0, 0
27001, 2253437, 0, 0, 0
27101, 2382143, 0, 0, 0
27200, 2477280, 0, 0, 0
27300, 2597969, 0, 0, 0
27401, 2241368, 0, 0, 0
27501, 2557750, 0, 0, 0
27600, 2419477, 0, 0, 0
27701, 2641892, 0, 0, 0
27802, 2342741, 0, 0, 0
27900, 2436579, 0, 0, 0
28000, 2436032, 0, 0, 0
28100, 2616085, 0, 0, 0
28201, 2394088, 0, 0, 0
28301, 2553138, 0, 0, 0
28400, 2530304, 0, 0, 0
28500, 2486094, 0, 0, 0
28600, 2373358, 0, 0, 0
28702, 2366235, 0, 0, 0
28800, 2500815, 0, 0, 0
28901, 2460210, 0, 0, 0
29001, 2371006, 0, 0, 0
29101, 2370722, 0, 0, 0
29200, 2402876, 0, 0, 0
29303, 2446295, 0, 0, 0
29401, 2341800, 0, 0, 0
29502, 2337060, 0, 0, 0
29602, 2413336, 0, 0, 0
29703, 2401769, 0, 0, 0
29802, 2241985, 0, 0, 0
29901, 2408100, 0, 0, 0
30000, 2347693, 0, 0, 0
30102, 2305012, 0, 0, 0
30201, 2679335, 0, 0, 0
30301, 2366997, 0, 0, 0
30401, 2697313, 0, 0, 0
30501, 2561740, 0, 0, 0
30602, 2190914, 0, 0, 0
30703, 2509538, 0, 0, 0
30800, 2410186, 0, 0, 0
30900, 2503090, 0, 0, 0
31001, 2338135, 0, 0, 0
31101, 2371341, 0, 0, 0
31201, 2494274, 0, 0, 0
31300, 2394902, 0, 0, 0
31402, 2423678, 0, 0, 0
31501, 2108272, 0, 0, 0
31600, 2530127, 0, 0, 0
31702, 2474296, 0, 0, 0
31800, 2262883, 0, 0, 0
31903, 2276324, 0, 0, 0
32001, 2230127, 0, 0, 0
32102, 2583282, 0, 0, 0
32201, 2410707, 0, 0, 0
32301, 2365591, 0, 0, 0
32400, 2413461, 0, 0, 0
32500, 2545703, 0, 0, 0
32600, 2494413, 0, 0, 0
32700, 2707065, 0, 0, 0
32800, 2371962, 0, 0, 0
32900, 2608356, 0, 0, 0
33002, 2599200, 0, 0, 0
33100, 2510407, 0, 0, 0
33200, 2426889, 0, 0, 0
33301, 2521113, 0, 0, 0
33401, 2564211, 0, 0, 0
33501, 2425636, 0, 0, 0
33600, 2234571, 0, 0, 0
33702, 2547460, 0, 0, 0
33800, 2380739, 0, 0, 0
33900, 2434177, 0, 0, 0
34003, 2381259, 0, 0, 0
34100, 2259110, 0, 0, 0
34200, 2160470, 0, 0, 0
34301, 2576385, 0, 0, 0
34401, 2566940, 0, 0, 0
34500, 2350833, 0, 0, 0
34602, 2420744, 0, 0, 0
34701, 2462004, 0, 0, 0
34800, 2396347, 0, 0, 0
34901, 2514032, 0, 0, 0
35000, 2411088, 0, 0, 0
35101, 2511749, 0, 0, 0
35202, 2345836, 0, 0, 0
35300, 2392827, 0, 0, 0
35401, 2385458, 0, 0, 0
35500, 2527663, 0, 0, 0
35602, 2534919, 0, 0, 0
35702, 2505662, 0, 0, 0
35803, 2389332, 0, 0, 0
35901, 2390586, 0, 0, 0
36001, 2357825, 0, 0, 0
36101, 2430528, 0, 0, 0
36200, 2474024, 0, 0, 0
36300, 2480513, 0, 0, 0
36401, 2405171, 0, 0, 0
36503, 2432828, 0, 0, 0
36600, 2456088, 0, 0, 0
36702, 2483819, 0, 0, 0
36801, 2607321, 0, 0, 0
36900, 2338628, 0, 0, 0
37001, 2284996, 0, 0, 0
37100, 2349591, 0, 0, 0
37201, 2528923, 0, 0, 0
37300, 2451369, 0, 0, 0
37400, 2562947, 0, 0, 0
37500, 2422844, 0, 0, 0
37602, 2312618, 0, 0, 0
37700, 2567482, 0, 0, 0
37801, 2596249, 0, 0, 0
37901, 2539461, 0, 0, 0
38003, 2371859, 0, 0, 0
38101, 2559407, 0, 0, 0
38202, 2396507, 0, 0, 0
38300, 2517971, 0, 0, 0
38401, 2394062, 0, 0, 0
38502, 2335643, 0, 0, 0
38603, 2512637, 0, 0, 0
38701, 2590325, 0, 0, 0
38801, 2620971, 0, 0, 0
38900, 2297168, 0, 0, 0
39000, 2260680, 0, 0, 0
39100, 2489340, 0, 0, 0
39201, 2398175, 0, 0, 0
39300, 2406083, 0, 0, 0
39401, 2450003, 0, 0, 0
39501, 2697564, 0, 0, 0
39603, 2601352, 0, 0, 0
39701, 2124481, 0, 0, 0
39803, 2359917, 0, 0, 0
39900, 2479525, 0, 0, 0
40000, 2633532, 0, 0, 0
40100, 2552912, 0, 0, 0
40203, 2446490, 0, 0, 0
40302, 2395804, 0, 0, 0
40400, 2385745, 0, 0, 0
40500, 2496846, 0, 0, 0
40600, 2629208, 0, 0, 0
40701, 2391970, 0, 0, 0
40801, 2302357, 0, 0, 0
40900, 2352641, 0, 0, 0
41002, 2681167, 0, 0, 0
41100, 2230897, 0, 0, 0
41201, 2454122, 0, 0, 0
41300, 2403068, 0, 0, 0
41400, 2315958, 0, 0, 0
41500, 2543615, 0, 0, 0
41601, 2347301, 0, 0, 0
41701, 2315970, 0, 0, 0
41802, 2333484, 0, 0, 0
41901, 2541472, 0, 0, 0
42000, 2518619, 0, 0, 0
42101, 2591580, 0, 0, 0
42203, 2476219, 0, 0, 0
42302, 2350145, 0, 0, 0
42401, 2406336, 0, 0, 0
42500, 2203434, 0, 0, 0
42600, 2537126, 0, 0, 0
42701, 2348412, 0, 0, 0
42801, 2310287, 0, 0, 0
42900, 2546010, 0, 0, 0
43001, 2385441, 0, 0, 0
43102, 2240326, 0, 0, 0
43203, 2334606, 0, 0, 0
43301, 2435032, 0, 0, 0
43402, 2303377, 0, 0, 0
43502, 2555796, 0, 0, 0
43600, 2644887, 0, 0, 0
43701, 2456335, 0, 0, 0
43801, 2489533, 0, 0, 0
43900, 2341054, 0, 0, 0
44001, 2346100, 0, 0, 0
44100, 2342105, 0, 0, 0
44200, 2625590, 0, 0, 0
44303, 2443641, 0, 0, 0
44402, 2282155, 0, 0, 0
44503, 2353157, 0, 0, 0
44601, 2445638, 0, 0, 0
44700, 2341847, 0, 0, 0
44802, 2476471, 0, 0, 0
44902, 2377186, 0, 0, 0
45000, 2778574, 0, 0, 0
45100, 2321946, 0, 0, 0
45202, 2489451, 0, 0, 0
45300, 2376343, 0, 0, 0
45400, 2315955, 0, 0, 0
45501, 2342565, 0, 0, 0
45604, 2625980, 0, 0, 0
45700, 2513156, 0, 0, 0
45802, 2484104, 0, 0, 0
45900, 2437512, 0, 0, 0
46000, 2635710, 0, 0, 0
46100, 2326885, 0, 0, 0
46201, 2495051, 0, 0, 0
46301, 2553691, 0, 0, 0
46401, 2625172, 0, 0, 0
46502, 2462190, 0, 0, 0
46601, 2419671, 0, 0, 0
46700, 2387306, 0, 0, 0
46800, 2166352, 0, 0, 0
46901, 2412196, 0, 0, 0
47000, 2460671, 0, 0, 0
47101, 2441209, 0, 0, 0
47200, 2463758, 0, 0, 0
47303, 2524186, 0, 0, 0
47401, 2439659, 0, 0, 0
47500, 2408035, 0, 0, 0
47600, 2539600, 0, 0, 0
47701, 2349508, 0, 0, 0
47800, 2521279, 0, 0, 0
47902, 2476343, 0, 0, 0
48000, 2382289, 0, 0, 0
48101, 2237936, 0, 0, 0
48200, 2406130, 0, 0, 0
48302, 2358451, 0, 0, 0
48400, 2377751, 0, 0, 0
48502, 2487285, 0, 0, 0
48600, 2567301, 0, 0, 0
48701, 2404278, 0, 0, 0
48800, 2453626, 0, 0, 0
48901, 2726858, 0, 0, 0
49000, 2526657, 0, 0, 0
49101, 2457343, 0, 0, 0
49200, 2362343, 0, 0, 0
49301, 2459270, 0, 0, 0
49401, 2548466, 0, 0, 0
49502, 2449257, 0, 0, 0
49600, 2507480, 0, 0, 0
49701, 2341660, 0, 0, 0
49802, 2463232, 0, 0, 0
49900, 2440974, 0, 0, 0
50001, 2444316, 0, 0, 0
50101, 2444482, 0, 0, 0
50200, 2466545, 0, 0, 0
50303, 2773325, 0, 0, 0
50402, 2353046, 0, 0, 0
50501, 2453911, 0, 0, 0
50602, 2180357, 0, 0, 0
50701, 2477544, 0, 0, 0
50801, 2494040, 0, 0, 0
50901, 2256457, 0, 0, 0
51001, 2512355, 0, 0, 0
51100, 2581878, 0, 0, 0
51200, 2485579, 0, 0, 0
51304, 2591320, 0, 0, 0
51401, 2361810, 0, 0, 0
51501, 2502599, 0, 0, 0
51600, 2581912, 0, 0, 0
51701, 2409548, 0, 0, 0
51800, 2338846, 0, 0, 0
51901, 2404204, 0, 0, 0
52000, 2296403, 0, 0, 0
52100, 2620741, 0, 0, 0
52200, 2429561, 0, 0, 0
52302, 2469495, 0, 0, 0
52401, 2411873, 0, 0, 0
52501, 2568336, 0, 0, 0
52602, 2565362, 0, 0, 0
52700, 2565501, 0, 0, 0
52802, 2425377, 0, 0, 0
52900, 2455253, 0, 0, 0
53000, 2409623, 0, 0, 0
53101, 2470522, 0, 0, 0
53200, 2523189, 0, 0, 0
53300, 2506677, 0, 0, 0
53400, 2421399, 0, 0, 0
53500, 2556225, 0, 0, 0
53601, 2515201, 0, 0, 0
53700, 2350835, 0, 0, 0
53800, 2764301, 0, 0, 0
53901, 2527510, 0, 0, 0
54001, 2366310, 0, 0, 0
54102, 2656337, 0, 0, 0
54201, 2274529, 0, 0, 0
54302, 2525047, 0, 0, 0
54400, 2643672, 0, 0, 0
54501, 2577723, 0, 0, 0
54602, 2454797, 0, 0, 0
54701, 2478122, 0, 0, 0
54800, 2671812, 0, 0, 0
54901, 2385173, 0, 0, 0
55000, 2525064, 0, 0, 0
55103, 2636139, 0, 0, 0
55201, 2452359, 0, 0, 0
55300, 2293763, 0, 0, 0
55401, 2332574, 0, 0, 0
55500, 2290693, 0, 0, 0
55601, 2461742, 0, 0, 0
55702, 2274804, 0, 0, 0
55800, 2396615, 0, 0, 0
55900, 2371550, 0, 0, 0
56000, 2620997, 0, 0, 0
56101, 2520386, 0, 0, 0
56202, 2454556, 0, 0, 0
56301, 2339149, 0, 0, 0
56400, 2465680, 0, 0, 0
56501, 2464813, 0, 0, 0
56601, 2765339, 0, 0, 0
56701, 2366860, 0, 0, 0
56801, 2445496, 0, 0, 0
56900, 2397241, 0, 0, 0
57000, 2623901, 0, 0, 0
57100, 2421211, 0, 0, 0
57201, 2406473, 0, 0, 0
57301, 2425055, 0, 0, 0
57400, 2308665, 0, 0, 0
57501, 2720824, 0, 0, 0
57600, 2523051, 0, 0, 0
57700, 2436959, 0, 0, 0
57801, 2643288, 0, 0, 0
57902, 2287402, 0, 0, 0
58000, 2439952, 0, 0, 0
58100, 2564201, 0, 0, 0
58200, 2215518, 0, 0, 0
58301, 2564904, 0, 0, 0
58402, 2529993, 0, 0, 0
58501, 2455790, 0, 0, 0
58601, 2375934, 0, 0, 0
58700, 2236119, 0, 0, 0
58800, 2629613, 0, 0, 0
58902, 2532216, 0, 0, 0
59000, 2342798, 0, 0, 0
59101, 2384522, 0, 0, 0
59202, 2463954, 0, 0, 0
59301, 2451516, 0, 0, 0
59401, 2379082, 0, 0, 0
59503, 2311097, 0, 0, 0
59600, 2411418, 0, 0, 0
59700, 2570587, 0, 0, 0
59801, 2324783, 0, 0, 0
59900, 2354906, 0, 0, 0
60002, 2405440, 0, 0, 0
