100, 9112853, 0, 0, 0
203, 10303838, 0, 0, 0
303, 14782048, 0, 0, 0
400, 10514233, 0, 0, 0
500, 11802147, 0, 0, 0
602, 8433389, 0, 0, 0
700, 8972132, 0, 0, 0
801, 9335509, 0, 0, 0
903, 11496568, 0, 0, 0
1006, 10598266, 0, 0, 0
1100, 11619754, 0, 0, 0
1208, 11400111, 0, 0, 0
1303, 9273593, 0, 0, 0
1400, 8177540, 0, 0, 0
1506, 11094070, 0, 0, 0
1603, 10504461, 0, 0, 0
1700, 10607689, 0, 0, 0
1801, 10204002, 0, 0, 0
1904, 12227560, 0, 0, 0
2002, 11976821, 0, 0, 0
2106, 8587154, 0, 0, 0
2201, 9665194, 0, 0, 0
2304, 10257635, 0, 0, 0
2401, 9735842, 0, 0, 0
2502, 7786225, 0, 0, 0
2600, 8996317, 0, 0, 0
2702, 11854606, 0, 0, 0
2801, 6955421, 0, 0, 0
2907, 12157298, 0, 0, 0
3000, 6992627, 0, 0, 0
3108, 11535699, 0, 0, 0
3206, 13290276, 0, 0, 0
3300, 10531431, 0, 0, 0
3404, 10424067, 0, 0, 0
3509, 9754453, 0, 0, 0
3600, 10286599, 0, 0, 0
3701, 9027096, 0, 0, 0
3808, 9712664, 0, 0, 0
3900, 8826191, 0, 0, 0
4001, 11289976, 0, 0, 0
4100, 9459898, 0, 0, 0
4205, 11339494, 0, 0, 0
4307, 11788737, 0, 0, 0
4408, 11084922, 0, 0, 0
4504, 12586253, 0, 0, 0
4604, 11558021, 0, 0, 0
4701, 9108871, 0, 0, 0
4813, 10083555, 0, 0, 0
4901, 12353033, 0, 0, 0
5000, 9350236, 0, 0, 0
5108, 9229399, 0, 0, 0
5204, 8714881, 0, 0, 0
5301, 11319615, 0, 0, 0
5407, 11925815, 0, 0, 0
5500, 6740959, 0, 0, 0
5610, 9553071, 0, 0, 0
5711, 8764676, 0, 0, 0
5801, 12217753, 0, 0, 0
5911, 12054154, 0, 0, 0
6004, 12020280, 0, 0, 0
6103, 11052577, 0, 0, 0
6202, 11759435, 0, 0, 0
6308, 12136392, 0, 0, 0
6402, 11824236, 0, 0, 0
6500, 12547428, 0, 0, 0
6603, 11256249, 0, 0, 0
6701, 11416359, 0, 0, 0
6801, 9309755, 0, 0, 0
6904, 10616687, 0, 0, 0
7001, 12738502, 0, 0, 0
7100, 13618843, 0, 0, 0
7200, 12589616, 0, 0, 0
7311, 10311606, 0, 0, 0
7406, 12250433, 0, 0, 0
7500, 10421673, 0, 0, 0
7601, 10735657, 0, 0, 0
7704, 10400064, 0, 0, 0
7802, 11025751, 0, 0, 0
7904, 11415405, 0, 0, 0
8001, 11126948, 0, 0, 0
8107, 11128200, 0, 0, 0
8200, 11161923, 0, 0, 0
8301, 10199970, 0, 0, 0
8408, 9810577, 0, 0, 0
8504, 11526038, 0, 0, 0
8601, 11050955, 0, 0, 0
8701, 9078749, 0, 0, 0
8800, 9050246, 0, 0, 0
8905, 9457454, 0, 0, 0
9008, 9742500, 0, 0, 0
9100, 12782802, 0, 0, 0
9205, 12842436, 0, 0, 0
9302, 9590800, 0, 0, 0
9402, 9086662, 0, 0, 0
9505, 11055731, 0, 0, 0
9600, 9635218, 0, 0, 0
9709, 8823453, 0, 0, 0
9803, 11885745, 0, 0, 0
9914, 7991684, 0, 0, 0
10000, 8338209, 0, 0, 0
10104, 9918877, 0, 0, 0
10201, 9903291, 0, 0, 0
10303, 8276742, 0, 0, 0
10405, 8483289, 0, 0, 0
10503, 8297827, 0, 0, 0
10609, 9967887, 0, 0, 0
10702, 10990014, 0, 0, 0
10801, 8526354, 0, 0, 0
10902, 10640989, 0, 0, 0
11002, 12432904, 0, 0, 0
11100, 8554011, 0, 0, 0
11209, 9622499, 0, 0, 0
11302, 9933625, 0, 0, 0
11404, 12631479, 0, 0, 0
11502, 10103658, 0, 0, 0
11606, 11342147, 0, 0, 0
11709, 10710929, 0, 0, 0
11802, 13190177, 0, 0, 0
11904, 10595971, 0, 0, 0
12006, 8802447, 0, 0, 0
12111, 13240471, 0, 0, 0
12201, 15215215, 0, 0, 0
12301, 11737870, 0, 0, 0
12402, 13123679, 0, 0, 0
12501, 10083878, 0, 0, 0
12603, 14106706, 0, 0, 0
12701, 9946005, 0, 0, 0
12803, 10679950, 0, 0, 0
12912, 10967691, 0, 0, 0
13001, 11490620, 0, 0, 0
13104, 9492041, 0, 0, 0
13207, 10078743, 0, 0, 0
13306, 9971321, 0, 0, 0
13402, 9912412, 0, 0, 0
13502, 9550248, 0, 0, 0
13602, 12064385, 0, 0, 0
13701, 9718342, 0, 0, 0
13802, 9024251, 0, 0, 0
13902, 11430831, 0, 0, 0
14000, 14352044, 0, 0, 0
14106, 9096452, 0, 0, 0
14201, 12619399, 0, 0, 0
14300, 8367574, 0, 0, 0
14402, 13349103, 0, 0, 0
14512, 11915027, 0, 0, 0
14603, 9397782, 0, 0, 0
14707, 11786637, 0, 0, 0
14801, 10309835, 0, 0, 0
14908, 7672823, 0, 0, 0
15001, 10667793, 0, 0, 0
15108, 7375259, 0, 0, 0
15200, 11059015, 0, 0, 0
15306, 10269378, 0, 0, 0
15405, 10736440, 0, 0, 0
15505, 10083306, 0, 0, 0
15600, 10243739, 0, 0, 0
15700, 8130465, 0, 0, 0
15801, 7145531, 0, 0, 0
15901, 12488135, 0, 0, 0
16004, 11277235, 0, 0, 0
16100, 10729877, 0, 0, 0
16207, 9589065, 0, 0, 0
16302, 11867199, 0, 0, 0
16401, 12688372, 0, 0, 0
16503, 9502046, 0, 0, 0
16600, 9498923, 0, 0, 0
16703, 11171667, 0, 0, 0
16803, 10837602, 0, 0, 0
16900, 9902840, 0, 0, 0
17009, 9215842, 0, 0, 0
17101, 11628339, 0, 0, 0
17201, 15684777, 0, 0, 0
17306, 9117033, 0, 0, 0
17402, 7939554, 0, 0, 0
17505, 10594277, 0, 0, 0
17607, 9769181, 0, 0, 0
17707, 11296779, 0, 0, 0
17802, 11401094, 0, 0, 0
17900, 9559367, 0, 0, 0
18012, 8337730, 0, 0, 0
18102, 8525334, 0, 0, 0
18204, 10648388, 0, 0, 0
18310, 12205100, 0, 0, 0
18400, 8535646, 0, 0, 0
18502, 14891438, 0, 0, 0
18613, 12648963, 0, 0, 0
18700, 11154433, 0, 0, 0
18808, 11559718, 0, 0, 0
18903, 14068751, 0, 0, 0
19001, 8660124, 0, 0, 0
19101, 8554132, 0, 0, 0
19201, 8759804, 0, 0, 0
19306, 8268441, 0, 0, 0
19401, 10491531, 0, 0, 0
19501, 10398107, 0, 0, 0
19603, 10934304, 0, 0, 0
19701, 11201926, 0, 0, 0
19805, 11145582, 0, 0, 0
19905, 9898240, 0, 0, 0
20000, 9684438, 0, 0, 0
20100, 11035570, 0, 0, 0
20213, 12519598, 0, 0, 0
20301, 10027905, 0, 0, 0
20407, 11715761, 0, 0, 0
20502, 11046531, 0, 0, 0
20609, 10975608, 0, 0, 0
20703, 8985048, 0, 0, 0
20806, 10349812, 0, 0, 0
20909, 9792684, 0, 0, 0
21004, 11361925, 0, 0, 0
21106, 10063113, 0, 0, 0
21202, 10271051, 0, 0, 0
21305, 9380519, 0, 0, 0
21404, 9515555, 0, 0, 0
21502, 9884551, 0, 0, 0
21602, 14309791, 0, 0, 0
21702, 9231072, 0, 0, 0
21801, 12953852, 0, 0, 0
21905, 10981839, 0, 0, 0
22003, 11332053, 0, 0, 0
22101, 8641006, 0, 0, 0
22202, 11642780, 0, 0, 0
22304, 8847582, 0, 0, 0
22403, 8713738, 0, 0, 0
22503, 10047244, 0, 0, 0
22601, 14350523, 0, 0, 0
22700, 10481880, 0, 0, 0
22806, 10218993, 0, 0, 0
22902, 8744671, 0, 0, 0
23002, 8619890, 0, 0, 0
23104, 10128967, 0, 0, 0
23200, 10275243, 0, 0, 0
23300, 9775699, 0, 0, 0
23406, 10075366, 0, 0, 0
23500, 12202276, 0, 0, 0
23604, 9483334, 0, 0, 0
23700, 7506470, 0, 0, 0
23801, 9324097, 0, 0, 0
23904, 8685791, 0, 0, 0
24005, 11413532, 0, 0, 0
24102, 8117429, 0, 0, 0
24201, 12204202, 0, 0, 0
24310, 10647822, 0, 0, 0
24403, 11831697, 0, 0, 0
24505, 10280251, 0, 0, 0
24600, 8909773, 0, 0, 0
24700, 9391900, 0, 0, 0
24801, 11142206, 0, 0, 0
24911, 8699815, 0, 0, 0
25004, 8932010, 0, 0, 0
25102, 10956425, 0, 0, 0
25200, 10242612, 0, 0, 0
25309, 10469472, 0, 0, 0
25407, 11678210, 0, 0, 0
25507, 10938517, 0, 0, 0
25606, 10049874, 0, 0, 0
25700, 12942524, 0, 0, 0
25805, 9733301, 0, 0, 0
25911, 8453613, 0, 0, 0
26001, 11322229, 0, 0, 0
26100, 7674580, 0, 0, 0
26205, 10092522, 0, 0, 0
26313, 10036871, 0, 0, 0
26406, 9147118, 0, 0, 0
26507, 11406072, 0, 0, 0
26602, 9846875, 0, 0, 0
26708, 7922229, 0, 0, 0
26807, 9216222, 0, 0, 0
26902, 9270979, 0, 0, 0
27001, 10052522, 0, 0, 0
27100, 8615124, 0, 0, 0
27204, 11598366, 0, 0, 0
27306, 8417460, 0, 0, 0
27405, 10223546, 0, 0, 0
27503, 8207511, 0, 0, 0
27600, 9482428, 0, 0, 0
27710, 13299688, 0, 0, 0
27800, 8579457, 0, 0, 0
27902, 9210653, 0, 0, 0
28006, 10140860, 0, 0, 0
28105, 8853296, 0, 0, 0
28209, 7996152, 0, 0, 0
28301, 9351800, 0, 0, 0
28400, 7991573, 0, 0, 0
28505, 9335229, 0, 0, 0
28609, 11271297, 0, 0, 0
28705, 9787167, 0, 0, 0
28802, 8964066, 0, 0, 0
28906, 9979934, 0, 0, 0
29001, 7765826, 0, 0, 0
29100, 9351678, 0, 0, 0
29204, 9791013, 0, 0, 0
29310, 10828626, 0, 0, 0
29407, 7187400, 0, 0, 0
29504, 9628613, 0, 0, 0
29606, 9780774, 0, 0, 0
29704, 10856373, 0, 0, 0
29800, 11625848, 0, 0, 0
29908, 8372903, 0, 0, 0
30000, 8964519, 0, 0, 0
30103, 10966556, 0, 0, 0
30203, 9725167, 0, 0, 0
30302, 12961239, 0, 0, 0
30402, 11634422, 0, 0, 0
30504, 9371554, 0, 0, 0
30601, 8343024, 0, 0, 0
30700, 10446607, 0, 0, 0
30803, 9412675, 0, 0, 0
30906, 11479106, 0, 0, 0
31002, 9521274, 0, 0, 0
31103, 11113079, 0, 0, 0
31202, 9045776, 0, 0, 0
31304, 10910119, 0, 0, 0
31402, 9687417, 0, 0, 0
31502, 10045175, 0, 0, 0
31602, 10611454, 0, 0, 0
31705, 11302714, 0, 0, 0
31801, 18077955, 0, 0, 0
31905, 12172815, 0, 0, 0
32003, 11681183, 0, 0, 0
32104, 9239480, 0, 0, 0
32202, 10255573, 0, 0, 0
32302, 11973240, 0, 0, 0
32400, 11001634, 0, 0, 0
32503, 8381462, 0, 0, 0
32603, 10078298, 0, 0, 0
32702, 10730465, 0, 0, 0
32806, 11524312, 0, 0, 0
32902, 12164880, 0, 0, 0
33005, 10293160, 0, 0, 0
33105, 9110140, 0, 0, 0
33209, 13352378, 0, 0, 0
33301, 9408442, 0, 0, 0
33403, 10018608, 0, 0, 0
33500, 9093194, 0, 0, 0
33603, 11616966, 0, 0, 0
33705, 11986818, 0, 0, 0
33807, 11233840, 0, 0, 0
33902, 12509047, 0, 0, 0
34008, 9676493, 0, 0, 0
34100, 12283382, 0, 0, 0
34203, 11895528, 0, 0, 0
34302, 9853545, 0, 0, 0
34401, 9596376, 0, 0, 0
34502, 16335626, 0, 0, 0
34601, 10974988, 0, 0, 0
34707, 13837625, 0, 0, 0
34801, 10354337, 0, 0, 0
34907, 7564605, 0, 0, 0
35000, 13847272, 0, 0, 0
35103, 8760716, 0, 0, 0
35202, 9768537, 0, 0, 0
35303, 9282888, 0, 0, 0
35400, 11283300, 0, 0, 0
35504, 12939377, 0, 0, 0
35608, 10703248, 0, 0, 0
35705, 13174006, 0, 0, 0
35801, 9441346, 0, 0, 0
35902, 8667843, 0, 0, 0
36000, 7734555, 0, 0, 0
36106, 10952857, 0, 0, 0
36202, 13093223, 0, 0, 0
36304, 12262597, 0, 0, 0
36411, 15215330, 0, 0, 0
36500, 11885248, 0, 0, 0
36602, 11117513, 0, 0, 0
36704, 8012102, 0, 0, 0
36806, 7957102, 0, 0, 0
36903, 11534581, 0, 0, 0
37002, 9227567, 0, 0, 0
37104, 10131994, 0, 0, 0
37212, 9489827, 0, 0, 0
37301, 9628794, 0, 0, 0
37400, 10126817, 0, 0, 0
37508, 10397794, 0, 0, 0
37600, 9862534, 0, 0, 0
37707, 11442454, 0, 0, 0
37801, 11442712, 0, 0, 0
37912, 10373132, 0, 0, 0
38000, 11286429, 0, 0, 0
38108, 8728250, 0, 0, 0
38203, 16425609, 0, 0, 0
38302, 12395240, 0, 0, 0
38409, 10985721, 0, 0, 0
38503, 11691637, 0, 0, 0
38601, 9383057, 0, 0, 0
38703, 11777576, 0, 0, 0
38804, 11852463, 0, 0, 0
38900, 8911295, 0, 0, 0
39006, 8801844, 0, 0, 0
39103, 12092578, 0, 0, 0
39215, 9773647, 0, 0, 0
39300, 8350622, 0, 0, 0
39408, 9246656, 0, 0, 0
39506, 12433181, 0, 0, 0
39604, 11410523, 0, 0, 0
39703, 10009195, 0, 0, 0
39814, 11912533, 0, 0, 0
39905, 9944046, 0, 0, 0
40000, 8937220, 0, 0, 0
40104, 9087305, 0, 0, 0
40205, 10141122, 0, 0, 0
40300, 8559415, 0, 0, 0
40402, 10814201, 0, 0, 0
40500, 10906753, 0, 0, 0
40602, 6798962, 0, 0, 0
40702, 11700096, 0, 0, 0
40806, 10047452, 0, 0, 0
40903, 13795057, 0, 0, 0
41000, 10110720, 0, 0, 0
41103, 11368530, 0, 0, 0
41209, 8066714, 0, 0, 0
41300, 11944544, 0, 0, 0
41401, 11899431, 0, 0, 0
41501, 12077898, 0, 0, 0
41603, 11271214, 0, 0, 0
41700, 9723704, 0, 0, 0
41802, 11146504, 0, 0, 0
41900, 10283060, 0, 0, 0
42002, 10040120, 0, 0, 0
42105, 9616225, 0, 0, 0
42204, 10692805, 0, 0, 0
42300, 8039636, 0, 0, 0
42401, 12062780, 0, 0, 0
42509, 10497097, 0, 0, 0
42603, 10245082, 0, 0, 0
42710, 11411641, 0, 0, 0
42800, 11415134, 0, 0, 0
42905, 10132698, 0, 0, 0
43005, 10871446, 0, 0, 0
43105, 9376290, 0, 0, 0
43202, 12725634, 0, 0, 0
43300, 10839724, 0, 0, 0
43408, 10031596, 0, 0, 0
43502, 10209388, 0, 0, 0
43601, 10997377, 0, 0, 0
43705, 10222637, 0, 0, 0
43801, 9553228, 0, 0, 0
43904, 8471009, 0, 0, 0
44006, 10885542, 0, 0, 0
44100, 10145475, 0, 0, 0
44207, 11253838, 0, 0, 0
44306, 12267789, 0, 0, 0
44407, 10922883, 0, 0, 0
44506, 10943658, 0, 0, 0
44605, 9442165, 0, 0, 0
44702, 11164784, 0, 0, 0
44807, 9258017, 0, 0, 0
44908, 9930855, 0, 0, 0
45001, 9269115, 0, 0, 0
45107, 9378837, 0, 0, 0
45207, 11012621, 0, 0, 0
45301, 12082395, 0, 0, 0
45401, 9898485, 0, 0, 0
45504, 9349565, 0, 0, 0
45601, 11020953, 0, 0, 0
45701, 13051515, 0, 0, 0
45800, 13193995, 0, 0, 0
45904, 8125947, 0, 0, 0
46009, 11256870, 0, 0, 0
46101, 10861929, 0, 0, 0
46207, 12865236, 0, 0, 0
46301, 12035530, 0, 0, 0
46403, 11411085, 0, 0, 0
46500, 9485693, 0, 0, 0
46602, 11378344, 0, 0, 0
46704, 11028474, 0, 0, 0
46801, 10937237, 0, 0, 0
46902, 11139063, 0, 0, 0
47003, 9363075, 0, 0, 0
47115, 13513158, 0, 0, 0
47208, 12178128, 0, 0, 0
47305, 13654636, 0, 0, 0
47401, 13534894, 0, 0, 0
47508, 11473833, 0, 0, 0
47601, 14213453, 0, 0, 0
47701, 11018728, 0, 0, 0
47804, 11791399, 0, 0, 0
47910, 10913229, 0, 0, 0
48004, 10218178, 0, 0, 0
48100, 11046931, 0, 0, 0
48201, 10954734, 0, 0, 0
48311, 12183445, 0, 0, 0
48406, 11280440, 0, 0, 0
48503, 12012317, 0, 0, 0
48600, 9634091, 0, 0, 0
48719, 11690332, 0, 0, 0
48800, 12203540, 0, 0, 0
48907, 8281430, 0, 0, 0
49001, 11855179, 0, 0, 0
49103, 10512397, 0, 0, 0
49200, 11188554, 0, 0, 0
49310, 9858166, 0, 0, 0
49402, 11840372, 0, 0, 0
49508, 12890214, 0, 0, 0
49601, 11005670, 0, 0, 0
49700, 9439913, 0, 0, 0
49808, 10576060, 0, 0, 0
49903, 8892089, 0, 0, 0
50001, 12193791, 0, 0, 0
50110, 11724788, 0, 0, 0
50201, 11802390, 0, 0, 0
50300, 15832479, 0, 0, 0
50416, 11405423, 0, 0, 0
50500, 9728777, 0, 0, 0
50605, 10603446, 0, 0, 0
50700, 11606148, 0, 0, 0
50803, 10776582, 0, 0, 0
50908, 12844110, 0, 0, 0
51004, 11229051, 0, 0, 0
51100, 10963455, 0, 0, 0
51201, 10016916, 0, 0, 0
51302, 10357386, 0, 0, 0
51402, 13437204, 0, 0, 0
51505, 11232000, 0, 0, 0
51600, 11239245, 0, 0, 0
51709, 10602895, 0, 0, 0
51800, 9160000, 0, 0, 0
51913, 15873131, 0, 0, 0
52004, 13768896, 0, 0, 0
52112, 9172546, 0, 0, 0
52200, 8667813, 0, 0, 0
52305, 9271346, 0, 0, 0
52404, 13728105, 0, 0, 0
52502, 15333326, 0, 0, 0
52608, 9676356, 0, 0, 0
52711, 11679345, 0, 0, 0
52815, 15639808, 0, 0, 0
52903, 12565630, 0, 0, 0
53001, 12257047, 0, 0, 0
53103, 9471592, 0, 0, 0
53209, 10806674, 0, 0, 0
53303, 12558792, 0, 0, 0
53400, 10401614, 0, 0, 0
53505, 10611961, 0, 0, 0
53616, 11057609, 0, 0, 0
53700, 10175573, 0, 0, 0
53804, 10948533, 0, 0, 0
53903, 13531894, 0, 0, 0
54000, 7505677, 0, 0, 0
54108, 9738782, 0, 0, 0
54201, 13280872, 0, 0, 0
54303, 10600143, 0, 0, 0
54401, 11495660, 0, 0, 0
54507, 10379853, 0, 0, 0
54602, 10613225, 0, 0, 0
54702, 10578474, 0, 0, 0
54800, 10526531, 0, 0, 0
54907, 10953533, 0, 0, 0
55007, 12738295, 0, 0, 0
55103, 10497862, 0, 0, 0
55204, 12336397, 0, 0, 0
55304, 10338694, 0, 0, 0
55402, 10149098, 0, 0, 0
55505, 13797636, 0, 0, 0
55602, 10407675, 0, 0, 0
55703, 12579820, 0, 0, 0
55804, 13112505, 0, 0, 0
55901, 8035187, 0, 0, 0
56005, 8910035, 0, 0, 0
56100, 9822428, 0, 0, 0
56206, 9673126, 0, 0, 0
56302, 12080465, 0, 0, 0
56402, 10411651, 0, 0, 0
56503, 9181238, 0, 0, 0
56604, 10739504, 0, 0, 0
56702, 12289154, 0, 0, 0
56804, 8743628, 0, 0, 0
56909, 13749397, 0, 0, 0
57005, 8070054, 0, 0, 0
57101, 10910719, 0, 0, 0
57201, 10462248, 0, 0, 0
57300, 8772206, 0, 0, 0
57409, 10955768, 0, 0, 0
57503, 10799843, 0, 0, 0
57605, 9603892, 0, 0, 0
57701, 12525618, 0, 0, 0
57801, 9669531, 0, 0, 0
57901, 8313428, 0, 0, 0
58001, 12473935, 0, 0, 0
58104, 9280467, 0, 0, 0
58204, 12545234, 0, 0, 0
58304, 9017542, 0, 0, 0
58404, 10657199, 0, 0, 0
58508, 11486714, 0, 0, 0
58602, 12107207, 0, 0, 0
58707, 12487050, 0, 0, 0
58803, 9155618, 0, 0, 0
58901, 8146745, 0, 0, 0
59003, 9638429, 0, 0, 0
59103, 9504731, 0, 0, 0
59201, 11009641, 0, 0, 0
59302, 12330855, 0, 0, 0
59401, 9319635, 0, 0, 0
59510, 10764243, 0, 0, 0
59609, 9646681, 0, 0, 0
59706, 11965264, 0, 0, 0
59803, 11229495, 0, 0, 0
59900, 12269828, 0, 0, 0
60005, 12396101, 0, 0, 0
60005, 13202219, 0, 0, 0
