250, 1804, 0, 0, 0
350, 1690, 0, 0, 0
450, 1820, 0, 0, 0
550, 1680, 0, 0, 0
650, 1880, 0, 0, 0
749, 1606, 0, 0, 0
849, 1950, 0, 0, 0
949, 1660, 0, 0, 0
1049, 1870, 0, 0, 0
1149, 1780, 0, 0, 0
1249, 1770, 0, 0, 0
1349, 1890, 0, 0, 0
1449, 1730, 0, 0, 0
1550, 1690, 0, 0, 0
1650, 1650, 0, 0, 0
1749, 1808, 0, 0, 0
1850, 1940, 0, 0, 0
1950, 1780, 0, 0, 0
2050, 1690, 0, 0, 0
2150, 1780, 0, 0, 0
2249, 1606, 0, 0, 0
2349, 1660, 0, 0, 0
2449, 1800, 0, 0, 0
2549, 1930, 0, 0, 0
2649, 1820, 0, 0, 0
2749, 1650, 0, 0, 0
2849, 1930, 0, 0, 0
2950, 1830, 0, 0, 0
3050, 1770, 0, 0, 0
3150, 1920, 0, 0, 0
3249, 1636, 0, 0, 0
3349, 1810, 0, 0, 0
3449, 1800, 0, 0, 0
3549, 1820, 0, 0, 0
3649, 1840, 0, 0, 0
3749, 1680, 0, 0, 0
3849, 1760, 0, 0, 0
3949, 1750, 0, 0, 0
4050, 1760, 0, 0, 0
4150, 1840, 0, 0, 0
4249, 1777, 0, 0, 0
4349, 1810, 0, 0, 0
4449, 1680, 0, 0, 0
4549, 1810, 0, 0, 0
4649, 1880, 0, 0, 0
4749, 1850, 0, 0, 0
4849, 1780, 0, 0, 0
4949, 1720, 0, 0, 0
5050, 1790, 0, 0, 0
5150, 1830, 0, 0, 0
5249, 1747, 0, 0, 0
5349, 1790, 0, 0, 0
5449, 1850, 0, 0, 0
5549, 1690, 0, 0, 0
5649, 1880, 0, 0, 0
5749, 1760, 0, 0, 0
5849, 1700, 0, 0, 0
5949, 1770, 0, 0, 0
6050, 1830, 0, 0, 0
6150, 1800, 0, 0, 0
6249, 1858, 0, 0, 0
6349, 1740, 0, 0, 0
6449, 1710, 0, 0, 0
6549, 1870, 0, 0, 0
6649, 1820, 0, 0, 0
6749, 1700, 0, 0, 0
6849, 1720, 0, 0, 0
6949, 1800, 0, 0, 0
7050, 1660, 0, 0, 0
7150, 1810, 0, 0, 0
7249, 1818, 0, 0, 0
7349, 1850, 0, 0, 0
7449, 1930, 0, 0, 0
7549, 1830, 0, 0, 0
7649, 1850, 0, 0, 0
7749, 1670, 0, 0, 0
7849, 1780, 0, 0, 0
7950, 1710, 0, 0, 0
8050, 1870, 0, 0, 0
8150, 1820, 0, 0, 0
8249, 1888, 0, 0, 0
8349, 1800, 0, 0, 0
8449, 1840, 0, 0, 0
8549, 1820, 0, 0, 0
8649, 1760, 0, 0, 0
8749, 1830, 0, 0, 0
8849, 1800, 0, 0, 0
8949, 1890, 0, 0, 0
9050, 1740, 0, 0, 0
9150, 1840, 0, 0, 0
9249, 1868, 0, 0, 0
9349, 1790, 0, 0, 0
9449, 1670, 0, 0, 0
9549, 1860, 0, 0, 0
9649, 1650, 0, 0, 0
9749, 1840, 0, 0, 0
9849, 1790, 0, 0, 0
9949, 1730, 0, 0, 0
10050, 1790, 0, 0, 0
10150, 1860, 0, 0, 0
10249, 1757, 0, 0, 0
10349, 1950, 0, 0, 0
10449, 1800, 0, 0, 0
10549, 1800, 0, 0, 0
10649, 1700, 0, 0, 0
10749, 1920, 0, 0, 0
10849, 1770, 0, 0, 0
10949, 1770, 0, 0, 0
11049, 1830, 0, 0, 0
11149, 1850, 0, 0, 0
11250, 1870, 0, 0, 0
11350, 1840, 0, 0, 0
11450, 1740, 0, 0, 0
11550, 1730, 0, 0, 0
11650, 1610, 0, 0, 0
11749, 1919, 0, 0, 0
11849, 1800, 0, 0, 0
11949, 1810, 0, 0, 0
12049, 1980, 0, 0, 0
12149, 1820, 0, 0, 0
12250, 1920, 0, 0, 0
12350, 1930, 0, 0, 0
12450, 1700, 0, 0, 0
12550, 1900, 0, 0, 0
12650, 1880, 0, 0, 0
12749, 1868, 0, 0, 0
12849, 1900, 0, 0, 0
12949, 1830, 0, 0, 0
13049, 1940, 0, 0, 0
13149, 1840, 0, 0, 0
13249, 1830, 0, 0, 0
13349, 1900, 0, 0, 0
13450, 1990, 0, 0, 0
13550, 2160, 0, 0, 0
13650, 1860, 0, 0, 0
13749, 2070, 0, 0, 0
13849, 1720, 0, 0, 0
13949, 1900, 0, 0, 0
14049, 1960, 0, 0, 0
14149, 2150, 0, 0, 0
14249, 1750, 0, 0, 0
14349, 1740, 0, 0, 0
14449, 1810, 0, 0, 0
14550, 1810, 0, 0, 0
14650, 1860, 0, 0, 0
14749, 1858, 0, 0, 0
14849, 1840, 0, 0, 0
14949, 1930, 0, 0, 0
15049, 1770, 0, 0, 0
15149, 1650, 0, 0, 0
15249, 1820, 0, 0, 0
15349, 1650, 0, 0, 0
15449, 1850, 0, 0, 0
15550, 1950, 0, 0, 0
15650, 2060, 0, 0, 0
15749, 1919, 0, 0, 0
15849, 1630, 0, 0, 0
15949, 1780, 0, 0, 0
16049, 1950, 0, 0, 0
16149, 1890, 0, 0, 0
16249, 2030, 0, 0, 0
16349, 2060, 0, 0, 0
16449, 1840, 0, 0, 0
16550, 1760, 0, 0, 0
16650, 1850, 0, 0, 0
16749, 1989, 0, 0, 0
16849, 2040, 0, 0, 0
16949, 1940, 0, 0, 0
17049, 2050, 0, 0, 0
17149, 1880, 0, 0, 0
17249, 2030, 0, 0, 0
17349, 1870, 0, 0, 0
17449, 1870, 0, 0, 0
17550, 1790, 0, 0, 0
17650, 1910, 0, 0, 0
17749, 1848, 0, 0, 0
17849, 1970, 0, 0, 0
17949, 2040, 0, 0, 0
18049, 1810, 0, 0, 0
18149, 1840, 0, 0, 0
18249, 2050, 0, 0, 0
18349, 1880, 0, 0, 0
18449, 1820, 0, 0, 0
18550, 1820, 0, 0, 0
18650, 1830, 0, 0, 0
18749, 1767, 0, 0, 0
18849, 1860, 0, 0, 0
18949, 1990, 0, 0, 0
19049, 1840, 0, 0, 0
19149, 1830, 0, 0, 0
19249, 1950, 0, 0, 0
19349, 1890, 0, 0, 0
19449, 1960, 0, 0, 0
19550, 1860, 0, 0, 0
19650, 1970, 0, 0, 0
19749, 1989, 0, 0, 0
19849, 1890, 0, 0, 0
19949, 1980, 0, 0, 0
20049, 1990, 0, 0, 0
20149, 1920, 0, 0, 0
20249, 1940, 0, 0, 0
20349, 1900, 0, 0, 0
20449, 1830, 0, 0, 0
20550, 1980, 0, 0, 0
20650, 1690, 0, 0, 0
20749, 1717, 0, 0, 0
20849, 1830, 0, 0, 0
20949, 2070, 0, 0, 0
21049, 1990, 0, 0, 0
21149, 1910, 0, 0, 0
21249, 2020, 0, 0, 0
21349, 1820, 0, 0, 0
21449, 1870, 0, 0, 0
21549, 1850, 0, 0, 0
21650, 1630, 0, 0, 0
21750, 1750, 0, 0, 0
21850, 1700, 0, 0, 0
21950, 1960, 0, 0, 0
22050, 1920, 0, 0, 0
22150, 1820, 0, 0, 0
22249, 1878, 0, 0, 0
22349, 1800, 0, 0, 0
22449, 2000, 0, 0, 0
22549, 1820, 0, 0, 0
22649, 1900, 0, 0, 0
22750, 1880, 0, 0, 0
22850, 1820, 0, 0, 0
22950, 1770, 0, 0, 0
23050, 1880, 0, 0, 0
23150, 1920, 0, 0, 0
23249, 1787, 0, 0, 0
23349, 1960, 0, 0, 0
23449, 1880, 0, 0, 0
23549, 1980, 0, 0, 0
23649, 1970, 0, 0, 0
23750, 1870, 0, 0, 0
23850, 1860, 0, 0, 0
23950, 2040, 0, 0, 0
24050, 1910, 0, 0, 0
24150, 1790, 0, 0, 0
24249, 1929, 0, 0, 0
24349, 2040, 0, 0, 0
24449, 1780, 0, 0, 0
24549, 1960, 0, 0, 0
24649, 1900, 0, 0, 0
24750, 1870, 0, 0, 0
24850, 1940, 0, 0, 0
24950, 2090, 0, 0, 0
25050, 1850, 0, 0, 0
25150, 1800, 0, 0, 0
25249, 1959, 0, 0, 0
25349, 1810, 0, 0, 0
25449, 1890, 0, 0, 0
25549, 2050, 0, 0, 0
25649, 1900, 0, 0, 0
25749, 1860, 0, 0, 0
25850, 1770, 0, 0, 0
25950, 1860, 0, 0, 0
26050, 1830, 0, 0, 0
26150, 1810, 0, 0, 0
26249, 2000, 0, 0, 0
26349, 1960, 0, 0, 0
26449, 1790, 0, 0, 0
26549, 1820, 0, 0, 0
26649, 1620, 0, 0, 0
26749, 1730, 0, 0, 0
26850, 1910, 0, 0, 0
26950, 1590, 0, 0, 0
27050, 1800, 0, 0, 0
27150, 1700, 0, 0, 0
27249, 1818, 0, 0, 0
27349, 1700, 0, 0, 0
27449, 1690, 0, 0, 0
27549, 1770, 0, 0, 0
27649, 1710, 0, 0, 0
27749, 1700, 0, 0, 0
27850, 1670, 0, 0, 0
27950, 1810, 0, 0, 0
28050, 1770, 0, 0, 0
28150, 1700, 0, 0, 0
28249, 1878, 0, 0, 0
28349, 1790, 0, 0, 0
28449, 1530, 0, 0, 0
28549, 1740, 0, 0, 0
28649, 1800, 0, 0, 0
28749, 1830, 0, 0, 0
28850, 1680, 0, 0, 0
28950, 1660, 0, 0, 0
29050, 1750, 0, 0, 0
29150, 1860, 0, 0, 0
29249, 1727, 0, 0, 0
29349, 1730, 0, 0, 0
29449, 1740, 0, 0, 0
29549, 1770, 0, 0, 0
29649, 1870, 0, 0, 0
29750, 1880, 0, 0, 0
29850, 1920, 0, 0, 0
29950, 1810, 0, 0, 0
30050, 1880, 0, 0, 0
30150, 1770, 0, 0, 0
30249, 1747, 0, 0, 0
30349, 1890, 0, 0, 0
30449, 1800, 0, 0, 0
30549, 1750, 0, 0, 0
30649, 1780, 0, 0, 0
30750, 1800, 0, 0, 0
30850, 1720, 0, 0, 0
30950, 1850, 0, 0, 0
31050, 1810, 0, 0, 0
31150, 1740, 0, 0, 0
31249, 1898, 0, 0, 0
31349, 1680, 0, 0, 0
31449, 1970, 0, 0, 0
31549, 1880, 0, 0, 0
31649, 1720, 0, 0, 0
31749, 1680, 0, 0, 0
31850, 1770, 0, 0, 0
31950, 1870, 0, 0, 0
32050, 1750, 0, 0, 0
32150, 1740, 0, 0, 0
32249, 1868, 0, 0, 0
32349, 1680, 0, 0, 0
32449, 1710, 0, 0, 0
32549, 1760, 0, 0, 0
32649, 1630, 0, 0, 0
32750, 1750, 0, 0, 0
32850, 1860, 0, 0, 0
32950, 1770, 0, 0, 0
33050, 1830, 0, 0, 0
33150, 1870, 0, 0, 0
33249, 1787, 0, 0, 0
33349, 1730, 0, 0, 0
33449, 1760, 0, 0, 0
33549, 1810, 0, 0, 0
33649, 1750, 0, 0, 0
33749, 1970, 0, 0, 0
33850, 1570, 0, 0, 0
33950, 1820, 0, 0, 0
34050, 1810, 0, 0, 0
34150, 1860, 0, 0, 0
34249, 1757, 0, 0, 0
34349, 1740, 0, 0, 0
34449, 1620, 0, 0, 0
34549, 1600, 0, 0, 0
34649, 1540, 0, 0, 0
34749, 1820, 0, 0, 0
34849, 1880, 0, 0, 0
34950, 1790, 0, 0, 0
35050, 1660, 0, 0, 0
35150, 1770, 0, 0, 0
35249, 1696, 0, 0, 0
35349, 1750, 0, 0, 0
35449, 1640, 0, 0, 0
35549, 1740, 0, 0, 0
35649, 1720, 0, 0, 0
35749, 1860, 0, 0, 0
35849, 1870, 0, 0, 0
35949, 1610, 0, 0, 0
36050, 1810, 0, 0, 0
36150, 1850, 0, 0, 0
36249, 1767, 0, 0, 0
36349, 1730, 0, 0, 0
36449, 1730, 0, 0, 0
36549, 1840, 0, 0, 0
36649, 1650, 0, 0, 0
36749, 1560, 0, 0, 0
36849, 1790, 0, 0, 0
36949, 1600, 0, 0, 0
37050, 1540, 0, 0, 0
37150, 1650, 0, 0, 0
37249, 1838, 0, 0, 0
37349, 1820, 0, 0, 0
37449, 1720, 0, 0, 0
37549, 1680, 0, 0, 0
37649, 1840, 0, 0, 0
37749, 1610, 0, 0, 0
37849, 1700, 0, 0, 0
37949, 1780, 0, 0, 0
38050, 1660, 0, 0, 0
38150, 1770, 0, 0, 0
38249, 1787, 0, 0, 0
38349, 1800, 0, 0, 0
38449, 1700, 0, 0, 0
38549, 1680, 0, 0, 0
38649, 1640, 0, 0, 0
38749, 1770, 0, 0, 0
38849, 1750, 0, 0, 0
38949, 1710, 0, 0, 0
39049, 1670, 0, 0, 0
39150, 1490, 0, 0, 0
39249, 1626, 0, 0, 0
39349, 1740, 0, 0, 0
39449, 1770, 0, 0, 0
39549, 1800, 0, 0, 0
39649, 1640, 0, 0, 0
39749, 1770, 0, 0, 0
39849, 1600, 0, 0, 0
39949, 1750, 0, 0, 0
40049, 1660, 0, 0, 0
40149, 1630, 0, 0, 0
40250, 1670, 0, 0, 0
40350, 1650, 0, 0, 0
40450, 1470, 0, 0, 0
40550, 1470, 0, 0, 0
40650, 1750, 0, 0, 0
40749, 1757, 0, 0, 0
40849, 1570, 0, 0, 0
40949, 1700, 0, 0, 0
41049, 1690, 0, 0, 0
41149, 1910, 0, 0, 0
41249, 1750, 0, 0, 0
41349, 1650, 0, 0, 0
41450, 1590, 0, 0, 0
41550, 1710, 0, 0, 0
41650, 1620, 0, 0, 0
41749, 1828, 0, 0, 0
41849, 1750, 0, 0, 0
41949, 1760, 0, 0, 0
42049, 1690, 0, 0, 0
42149, 1760, 0, 0, 0
42249, 1710, 0, 0, 0
42349, 1670, 0, 0, 0
42449, 1870, 0, 0, 0
42550, 1710, 0, 0, 0
42650, 1810, 0, 0, 0
42749, 1808, 0, 0, 0
42849, 1520, 0, 0, 0
42949, 1720, 0, 0, 0
43049, 1840, 0, 0, 0
43149, 1830, 0, 0, 0
43249, 1800, 0, 0, 0
43349, 1800, 0, 0, 0
43449, 1690, 0, 0, 0
43549, 1550, 0, 0, 0
43650, 1770, 0, 0, 0
43749, 1505, 0, 0, 0
43849, 1640, 0, 0, 0
43949, 1880, 0, 0, 0
44049, 1560, 0, 0, 0
44149, 1620, 0, 0, 0
44249, 1610, 0, 0, 0
44349, 1660, 0, 0, 0
44449, 1660, 0, 0, 0
44549, 1710, 0, 0, 0
44649, 1680, 0, 0, 0
44749, 1650, 0, 0, 0
44849, 1510, 0, 0, 0
44949, 1660, 0, 0, 0
45050, 1550, 0, 0, 0
45150, 1710, 0, 0, 0
45249, 1676, 0, 0, 0
45349, 1590, 0, 0, 0
45449, 1680, 0, 0, 0
45549, 1630, 0, 0, 0
45649, 1700, 0, 0, 0
45749, 1630, 0, 0, 0
45849, 1520, 0, 0, 0
45949, 1990, 0, 0, 0
46049, 1480, 0, 0, 0
46149, 1690, 0, 0, 0
46249, 1930, 0, 0, 0
46349, 1790, 0, 0, 0
46449, 1650, 0, 0, 0
46550, 1620, 0, 0, 0
46650, 1720, 0, 0, 0
46749, 1717, 0, 0, 0
46849, 1740, 0, 0, 0
46949, 1660, 0, 0, 0
47049, 1740, 0, 0, 0
47149, 1680, 0, 0, 0
47249, 1690, 0, 0, 0
47349, 1610, 0, 0, 0
47449, 1740, 0, 0, 0
47549, 1660, 0, 0, 0
47649, 1840, 0, 0, 0
47749, 1760, 0, 0, 0
47849, 1620, 0, 0, 0
47949, 1700, 0, 0, 0
48050, 1760, 0, 0, 0
48150, 1600, 0, 0, 0
48249, 1797, 0, 0, 0
48349, 1800, 0, 0, 0
48449, 1670, 0, 0, 0
48549, 1730, 0, 0, 0
48649, 1770, 0, 0, 0
48749, 1710, 0, 0, 0
48849, 1740, 0, 0, 0
48949, 1760, 0, 0, 0
49049, 1640, 0, 0, 0
49149, 1790, 0, 0, 0
49249, 1710, 0, 0, 0
49349, 1670, 0, 0, 0
49450, 1710, 0, 0, 0
49550, 1750, 0, 0, 0
49650, 1680, 0, 0, 0
49749, 1828, 0, 0, 0
49849, 1740, 0, 0, 0
49949, 1670, 0, 0, 0
50049, 1690, 0, 0, 0
50149, 1540, 0, 0, 0
50249, 1760, 0, 0, 0
50349, 1650, 0, 0, 0
50449, 1610, 0, 0, 0
50549, 1840, 0, 0, 0
50649, 1650, 0, 0, 0
50750, 1680, 0, 0, 0
50850, 1700, 0, 0, 0
50950, 1630, 0, 0, 0
51050, 1810, 0, 0, 0
51150, 1830, 0, 0, 0
51249, 1888, 0, 0, 0
51349, 1680, 0, 0, 0
51449, 1720, 0, 0, 0
51549, 1620, 0, 0, 0
51649, 1700, 0, 0, 0
51749, 1900, 0, 0, 0
51849, 1560, 0, 0, 0
51949, 1740, 0, 0, 0
52049, 1690, 0, 0, 0
52149, 1700, 0, 0, 0
52250, 1860, 0, 0, 0
52350, 1790, 0, 0, 0
52450, 1510, 0, 0, 0
52550, 1660, 0, 0, 0
52650, 1700, 0, 0, 0
52749, 1676, 0, 0, 0
52849, 1630, 0, 0, 0
52949, 1620, 0, 0, 0
53049, 1780, 0, 0, 0
53149, 1610, 0, 0, 0
53249, 1800, 0, 0, 0
53349, 1780, 0, 0, 0
53449, 1610, 0, 0, 0
53550, 1700, 0, 0, 0
53650, 1570, 0, 0, 0
53749, 1646, 0, 0, 0
53849, 1780, 0, 0, 0
53949, 1760, 0, 0, 0
54049, 1730, 0, 0, 0
54149, 1660, 0, 0, 0
54249, 1800, 0, 0, 0
54349, 1570, 0, 0, 0
54449, 1840, 0, 0, 0
54549, 1700, 0, 0, 0
54649, 1820, 0, 0, 0
54749, 1790, 0, 0, 0
54849, 1630, 0, 0, 0
54950, 1750, 0, 0, 0
55050, 1740, 0, 0, 0
55150, 1700, 0, 0, 0
55249, 1555, 0, 0, 0
55349, 1580, 0, 0, 0
55449, 1740, 0, 0, 0
55549, 1820, 0, 0, 0
55650, 1633, 0, 0, 0
55749, 1777, 0, 0, 0
55849, 1670, 0, 0, 0
55949, 1810, 0, 0, 0
56049, 1770, 0, 0, 0
56149, 1640, 0, 0, 0
56250, 1650, 0, 0, 0
56350, 1690, 0, 0, 0
56450, 1840, 0, 0, 0
56550, 1740, 0, 0, 0
56650, 1740, 0, 0, 0
56749, 1666, 0, 0, 0
56849, 1580, 0, 0, 0
56949, 1550, 0, 0, 0
57049, 1800, 0, 0, 0
57149, 1550, 0, 0, 0
57250, 1760, 0, 0, 0
57350, 1610, 0, 0, 0
57450, 1730, 0, 0, 0
57550, 1700, 0, 0, 0
57650, 1720, 0, 0, 0
57749, 1606, 0, 0, 0
57849, 1690, 0, 0, 0
57949, 1830, 0, 0, 0
58049, 1700, 0, 0, 0
58149, 1790, 0, 0, 0
58249, 1980, 0, 0, 0
58349, 1760, 0, 0, 0
58449, 1700, 0, 0, 0
58550, 1770, 0, 0, 0
58650, 1740, 0, 0, 0
58749, 1717, 0, 0, 0
58849, 1650, 0, 0, 0
58949, 1710, 0, 0, 0
59049, 1510, 0, 0, 0
59149, 1640, 0, 0, 0
59249, 1540, 0, 0, 0
59349, 1670, 0, 0, 0
59449, 1740, 0, 0, 0
59549, 1660, 0, 0, 0
59649, 1550, 0, 0, 0
59749, 1720, 0, 0, 0
59849, 1690, 0, 0, 0
59950, 1630, 0, 0, 0
