250, 1136, 0, 0, 0
350, 1100, 0, 0, 0
450, 1160, 0, 0, 0
550, 1320, 0, 0, 0
650, 1020, 0, 0, 0
749, 1515, 0, 0, 0
849, 1300, 0, 0, 0
949, 1310, 0, 0, 0
1049, 1110, 0, 0, 0
1149, 1230, 0, 0, 0
1250, 1170, 0, 0, 0
1350, 1330, 0, 0, 0
1450, 1150, 0, 0, 0
1550, 1200, 0, 0, 0
1650, 1320, 0, 0, 0
1749, 1242, 0, 0, 0
1849, 1190, 0, 0, 0
1949, 1260, 0, 0, 0
2049, 1170, 0, 0, 0
2149, 1250, 0, 0, 0
2249, 1210, 0, 0, 0
2349, 1170, 0, 0, 0
2450, 1550, 0, 0, 0
2550, 1290, 0, 0, 0
2650, 1320, 0, 0, 0
2749, 1020, 0, 0, 0
2849, 1180, 0, 0, 0
2949, 1210, 0, 0, 0
3049, 1220, 0, 0, 0
3149, 1210, 0, 0, 0
3249, 1220, 0, 0, 0
3349, 1610, 0, 0, 0
3449, 1170, 0, 0, 0
3550, 1260, 0, 0, 0
3650, 1230, 0, 0, 0
3749, 1232, 0, 0, 0
3849, 1160, 0, 0, 0
3949, 1200, 0, 0, 0
4049, 1160, 0, 0, 0
4149, 1280, 0, 0, 0
4249, 1170, 0, 0, 0
4349, 1150, 0, 0, 0
4449, 1240, 0, 0, 0
4550, 1420, 0, 0, 0
4650, 1210, 0, 0, 0
4749, 1292, 0, 0, 0
4849, 1170, 0, 0, 0
4949, 1380, 0, 0, 0
5049, 1160, 0, 0, 0
5149, 1230, 0, 0, 0
5249, 1430, 0, 0, 0
5349, 1400, 0, 0, 0
5449, 1310, 0, 0, 0
5549, 1230, 0, 0, 0
5650, 1150, 0, 0, 0
5749, 1191, 0, 0, 0
5849, 1300, 0, 0, 0
5949, 1290, 0, 0, 0
6049, 1050, 0, 0, 0
6149, 1360, 0, 0, 0
6249, 1450, 0, 0, 0
6349, 1150, 0, 0, 0
6449, 1250, 0, 0, 0
6549, 1190, 0, 0, 0
6650, 1180, 0, 0, 0
6749, 1242, 0, 0, 0
6849, 1260, 0, 0, 0
6949, 1170, 0, 0, 0
7049, 1260, 0, 0, 0
7149, 1140, 0, 0, 0
7249, 1220, 0, 0, 0
7349, 1230, 0, 0, 0
7449, 1280, 0, 0, 0
7549, 1010, 0, 0, 0
7649, 1110, 0, 0, 0
7750, 1360, 0, 0, 0
7850, 1260, 0, 0, 0
7950, 1140, 0, 0, 0
8050, 1310, 0, 0, 0
8150, 1270, 0, 0, 0
8249, 1242, 0, 0, 0
8349, 1220, 0, 0, 0
8449, 1140, 0, 0, 0
8549, 1110, 0, 0, 0
8649, 1180, 0, 0, 0
8749, 1130, 0, 0, 0
8850, 1210, 0, 0, 0
8950, 1250, 0, 0, 0
9050, 1320, 0, 0, 0
9150, 1240, 0, 0, 0
9249, 1101, 0, 0, 0
9349, 980, 0, 0, 0
9449, 1600, 0, 0, 0
9549, 1360, 0, 0, 0
9649, 1160, 0, 0, 0
9749, 1260, 0, 0, 0
9849, 1270, 0, 0, 0
9949, 1270, 0, 0, 0
10050, 1230, 0, 0, 0
10150, 1330, 0, 0, 0
10249, 1363, 0, 0, 0
10349, 1530, 0, 0, 0
10449, 1470, 0, 0, 0
10549, 1390, 0, 0, 0
10649, 1160, 0, 0, 0
10749, 1120, 0, 0, 0
10849, 1300, 0, 0, 0
10949, 1170, 0, 0, 0
11050, 1220, 0, 0, 0
11150, 1170, 0, 0, 0
11249, 1434, 0, 0, 0
11349, 1190, 0, 0, 0
11449, 1290, 0, 0, 0
11549, 1270, 0, 0, 0
11649, 1110, 0, 0, 0
11749, 1170, 0, 0, 0
11849, 1130, 0, 0, 0
11949, 1270, 0, 0, 0
12049, 1120, 0, 0, 0
12149, 1110, 0, 0, 0
12250, 1160, 0, 0, 0
12350, 1280, 0, 0, 0
12450, 1310, 0, 0, 0
12550, 1290, 0, 0, 0
12650, 1230, 0, 0, 0
12749, 1282, 0, 0, 0
12849, 1170, 0, 0, 0
12949, 1220, 0, 0, 0
13049, 1290, 0, 0, 0
13149, 1290, 0, 0, 0
13250, 1220, 0, 0, 0
13350, 1410, 0, 0, 0
13450, 1280, 0, 0, 0
13550, 1260, 0, 0, 0
13650, 1440, 0, 0, 0
13749, 1282, 0, 0, 0
13849, 1170, 0, 0, 0
13949, 1350, 0, 0, 0
14049, 1190, 0, 0, 0
14149, 1240, 0, 0, 0
14249, 1290, 0, 0, 0
14350, 1260, 0, 0, 0
14450, 1300, 0, 0, 0
14550, 1310, 0, 0, 0
14650, 1350, 0, 0, 0
14749, 1010, 0, 0, 0
14849, 1480, 0, 0, 0
14949, 1120, 0, 0, 0
15049, 1290, 0, 0, 0
15149, 1280, 0, 0, 0
15249, 900, 0, 0, 0
15349, 1250, 0, 0, 0
15449, 1040, 0, 0, 0
15550, 1340, 0, 0, 0
15650, 1380, 0, 0, 0
15749, 1373, 0, 0, 0
15850, 1227, 0, 0, 0
15950, 1260, 0, 0, 0
16051, 1260, 0, 0, 0
16151, 1270, 0, 0, 0
16251, 1260, 0, 0, 0
16351, 1260, 0, 0, 0
16451, 1080, 0, 0, 0
16551, 1270, 0, 0, 0
16651, 1340, 0, 0, 0
16751, 1290, 0, 0, 0
16851, 920, 0, 0, 0
16951, 1400, 0, 0, 0
17051, 1200, 0, 0, 0
17151, 1070, 0, 0, 0
17252, 1240, 0, 0, 0
17352, 1170, 0, 0, 0
17452, 1210, 0, 0, 0
17552, 1260, 0, 0, 0
17652, 1020, 0, 0, 0
17752, 1240, 0, 0, 0
17852, 1230, 0, 0, 0
17952, 1160, 0, 0, 0
18052, 1230, 0, 0, 0
18152, 1090, 0, 0, 0
18253, 1250, 0, 0, 0
18353, 1400, 0, 0, 0
18453, 1120, 0, 0, 0
18553, 1300, 0, 0, 0
18653, 1090, 0, 0, 0
18753, 1300, 0, 0, 0
18853, 1240, 0, 0, 0
18953, 1200, 0, 0, 0
19053, 1450, 0, 0, 0
19153, 1280, 0, 0, 0
19253, 1300, 0, 0, 0
19353, 1280, 0, 0, 0
19454, 1000, 0, 0, 0
19554, 1140, 0, 0, 0
19654, 1330, 0, 0, 0
19754, 1330, 0, 0, 0
19854, 1020, 0, 0, 0
19954, 1290, 0, 0, 0
20054, 920, 0, 0, 0
20154, 1220, 0, 0, 0
20254, 1430, 0, 0, 0
20354, 1060, 0, 0, 0
20454, 1420, 0, 0, 0
20555, 1090, 0, 0, 0
20655, 1060, 0, 0, 0
20755, 1230, 0, 0, 0
20855, 930, 0, 0, 0
20955, 1120, 0, 0, 0
21055, 1240, 0, 0, 0
21155, 1280, 0, 0, 0
21255, 1180, 0, 0, 0
21355, 1210, 0, 0, 0
21455, 1170, 0, 0, 0
21555, 1190, 0, 0, 0
21656, 1100, 0, 0, 0
21756, 1190, 0, 0, 0
21856, 1110, 0, 0, 0
21956, 1010, 0, 0, 0
22056, 1410, 0, 0, 0
22156, 1170, 0, 0, 0
22256, 1180, 0, 0, 0
22356, 1070, 0, 0, 0
22456, 1040, 0, 0, 0
22556, 1060, 0, 0, 0
22656, 1210, 0, 0, 0
22756, 1340, 0, 0, 0
22857, 1150, 0, 0, 0
22957, 1260, 0, 0, 0
23057, 1360, 0, 0, 0
23157, 1120, 0, 0, 0
23257, 1090, 0, 0, 0
23357, 1250, 0, 0, 0
23457, 1510, 0, 0, 0
23557, 1440, 0, 0, 0
23657, 1250, 0, 0, 0
23757, 1190, 0, 0, 0
23857, 1270, 0, 0, 0
23957, 1210, 0, 0, 0
24058, 1150, 0, 0, 0
24158, 1330, 0, 0, 0
24258, 1120, 0, 0, 0
24358, 1220, 0, 0, 0
24458, 1190, 0, 0, 0
24558, 1010, 0, 0, 0
24658, 1160, 0, 0, 0
24758, 1080, 0, 0, 0
24858, 1230, 0, 0, 0
24958, 1210, 0, 0, 0
25059, 1230, 0, 0, 0
25159, 1320, 0, 0, 0
25259, 1210, 0, 0, 0
25359, 1070, 0, 0, 0
25459, 1120, 0, 0, 0
25559, 1260, 0, 0, 0
25659, 1110, 0, 0, 0
25759, 1070, 0, 0, 0
25859, 970, 0, 0, 0
25959, 1160, 0, 0, 0
26059, 1300, 0, 0, 0
26159, 1120, 0, 0, 0
26260, 980, 0, 0, 0
26360, 1060, 0, 0, 0
26460, 1060, 0, 0, 0
26560, 1330, 0, 0, 0
26660, 1120, 0, 0, 0
26760, 1180, 0, 0, 0
26860, 1110, 0, 0, 0
26960, 1230, 0, 0, 0
27060, 1070, 0, 0, 0
27160, 1190, 0, 0, 0
27261, 1290, 0, 0, 0
27361, 1200, 0, 0, 0
27461, 1290, 0, 0, 0
27561, 1270, 0, 0, 0
27661, 1200, 0, 0, 0
27761, 1080, 0, 0, 0
27861, 1240, 0, 0, 0
27961, 1030, 0, 0, 0
28061, 1330, 0, 0, 0
28161, 1230, 0, 0, 0
28261, 1080, 0, 0, 0
28362, 1100, 0, 0, 0
28462, 1050, 0, 0, 0
28562, 1130, 0, 0, 0
28662, 1210, 0, 0, 0
28762, 1230, 0, 0, 0
28862, 1190, 0, 0, 0
28962, 1140, 0, 0, 0
29062, 1170, 0, 0, 0
29162, 1210, 0, 0, 0
29262, 1120, 0, 0, 0
29362, 1240, 0, 0, 0
29462, 1090, 0, 0, 0
29563, 1130, 0, 0, 0
29663, 990, 0, 0, 0
29763, 1150, 0, 0, 0
29863, 1270, 0, 0, 0
29963, 1200, 0, 0, 0
30063, 1170, 0, 0, 0
30163, 1140, 0, 0, 0
30263, 1110, 0, 0, 0
30363, 1250, 0, 0, 0
30463, 1320, 0, 0, 0
30564, 1100, 0, 0, 0
30664, 1140, 0, 0, 0
30764, 1040, 0, 0, 0
30864, 1100, 0, 0, 0
30964, 1140, 0, 0, 0
31064, 1060, 0, 0, 0
31164, 1140, 0, 0, 0
31264, 1360, 0, 0, 0
31364, 1260, 0, 0, 0
31464, 1110, 0, 0, 0
31564, 1210, 0, 0, 0
31665, 1210, 0, 0, 0
31765, 1340, 0, 0, 0
31865, 1220, 0, 0, 0
31965, 1080, 0, 0, 0
32065, 1070, 0, 0, 0
32165, 1310, 0, 0, 0
32265, 1290, 0, 0, 0
32365, 1110, 0, 0, 0
32465, 1200, 0, 0, 0
32565, 1060, 0, 0, 0
32665, 1120, 0, 0, 0
32766, 1270, 0, 0, 0
32866, 1080, 0, 0, 0
32966, 1160, 0, 0, 0
33066, 980, 0, 0, 0
33166, 1110, 0, 0, 0
33266, 1080, 0, 0, 0
33366, 1140, 0, 0, 0
33466, 1180, 0, 0, 0
33566, 1120, 0, 0, 0
33666, 950, 0, 0, 0
33767, 1260, 0, 0, 0
33867, 1130, 0, 0, 0
33967, 1090, 0, 0, 0
34067, 1230, 0, 0, 0
34167, 1210, 0, 0, 0
34267, 1050, 0, 0, 0
34367, 1040, 0, 0, 0
34467, 1230, 0, 0, 0
34567, 1270, 0, 0, 0
34667, 1090, 0, 0, 0
34768, 1140, 0, 0, 0
34868, 1100, 0, 0, 0
34968, 1000, 0, 0, 0
35068, 1110, 0, 0, 0
35168, 1240, 0, 0, 0
35268, 1200, 0, 0, 0
35368, 1360, 0, 0, 0
35468, 1250, 0, 0, 0
35568, 1240, 0, 0, 0
35668, 1100, 0, 0, 0
35769, 1030, 0, 0, 0
35869, 1140, 0, 0, 0
35969, 1150, 0, 0, 0
36069, 1150, 0, 0, 0
36169, 1270, 0, 0, 0
36269, 1070, 0, 0, 0
36369, 1150, 0, 0, 0
36469, 1290, 0, 0, 0
36569, 1230, 0, 0, 0
36669, 1020, 0, 0, 0
36770, 1110, 0, 0, 0
36870, 1060, 0, 0, 0
36970, 1330, 0, 0, 0
37070, 1230, 0, 0, 0
37170, 1140, 0, 0, 0
37270, 1150, 0, 0, 0
37370, 1270, 0, 0, 0
37470, 990, 0, 0, 0
37570, 1230, 0, 0, 0
37670, 960, 0, 0, 0
37770, 1270, 0, 0, 0
37870, 1170, 0, 0, 0
37970, 1050, 0, 0, 0
38071, 1010, 0, 0, 0
38171, 1140, 0, 0, 0
38271, 1370, 0, 0, 0
38371, 1190, 0, 0, 0
38471, 1230, 0, 0, 0
38571, 1070, 0, 0, 0
38671, 950, 0, 0, 0
38771, 1180, 0, 0, 0
38871, 1190, 0, 0, 0
38971, 1130, 0, 0, 0
39072, 1340, 0, 0, 0
39172, 1250, 0, 0, 0
39272, 1160, 0, 0, 0
39372, 1200, 0, 0, 0
39472, 1230, 0, 0, 0
39572, 1450, 0, 0, 0
39672, 1090, 0, 0, 0
39772, 1240, 0, 0, 0
39872, 1100, 0, 0, 0
39972, 1380, 0, 0, 0
40072, 1050, 0, 0, 0
40172, 1310, 0, 0, 0
40273, 930, 0, 0, 0
40373, 1320, 0, 0, 0
40473, 990, 0, 0, 0
40573, 1130, 0, 0, 0
40673, 1100, 0, 0, 0
40773, 1070, 0, 0, 0
40873, 950, 0, 0, 0
40973, 1090, 0, 0, 0
41073, 1020, 0, 0, 0
41173, 1080, 0, 0, 0
41273, 1290, 0, 0, 0
41373, 1270, 0, 0, 0
41474, 1190, 0, 0, 0
41574, 1170, 0, 0, 0
41674, 1200, 0, 0, 0
41774, 1310, 0, 0, 0
41874, 1130, 0, 0, 0
41974, 960, 0, 0, 0
42074, 980, 0, 0, 0
42174, 1180, 0, 0, 0
42274, 960, 0, 0, 0
42374, 880, 0, 0, 0
42474, 1010, 0, 0, 0
42574, 1030, 0, 0, 0
42675, 980, 0, 0, 0
42775, 1110, 0, 0, 0
42875, 980, 0, 0, 0
42975, 1080, 0, 0, 0
43075, 1030, 0, 0, 0
43175, 1040, 0, 0, 0
43275, 1140, 0, 0, 0
43375, 1150, 0, 0, 0
43475, 1110, 0, 0, 0
43575, 1220, 0, 0, 0
43675, 1000, 0, 0, 0
43776, 1080, 0, 0, 0
43876, 1000, 0, 0, 0
43976, 1100, 0, 0, 0
44076, 1120, 0, 0, 0
44176, 1040, 0, 0, 0
44276, 1110, 0, 0, 0
44376, 1070, 0, 0, 0
44476, 1340, 0, 0, 0
44576, 970, 0, 0, 0
44676, 1270, 0, 0, 0
44776, 1220, 0, 0, 0
44877, 1020, 0, 0, 0
44977, 1230, 0, 0, 0
45077, 1100, 0, 0, 0
45177, 950, 0, 0, 0
45277, 1180, 0, 0, 0
45377, 1190, 0, 0, 0
45477, 1170, 0, 0, 0
45577, 1000, 0, 0, 0
45677, 1080, 0, 0, 0
45777, 1000, 0, 0, 0
45877, 1090, 0, 0, 0
45977, 1050, 0, 0, 0
46078, 1100, 0, 0, 0
46178, 1100, 0, 0, 0
46278, 1070, 0, 0, 0
46378, 1090, 0, 0, 0
46478, 1150, 0, 0, 0
46578, 850, 0, 0, 0
46678, 1100, 0, 0, 0
46778, 1140, 0, 0, 0
46878, 1090, 0, 0, 0
46978, 1090, 0, 0, 0
47079, 1110, 0, 0, 0
47179, 1010, 0, 0, 0
47279, 1040, 0, 0, 0
47379, 1220, 0, 0, 0
47479, 1000, 0, 0, 0
47579, 1100, 0, 0, 0
47679, 1070, 0, 0, 0
47779, 1200, 0, 0, 0
47879, 1040, 0, 0, 0
47979, 970, 0, 0, 0
48079, 1020, 0, 0, 0
48179, 1130, 0, 0, 0
48280, 980, 0, 0, 0
48380, 980, 0, 0, 0
48480, 990, 0, 0, 0
48580, 1000, 0, 0, 0
48680, 930, 0, 0, 0
48780, 990, 0, 0, 0
48880, 980, 0, 0, 0
48980, 950, 0, 0, 0
49080, 970, 0, 0, 0
49180, 1030, 0, 0, 0
49281, 1100, 0, 0, 0
49381, 960, 0, 0, 0
49481, 1150, 0, 0, 0
49581, 1230, 0, 0, 0
49681, 1130, 0, 0, 0
49781, 1060, 0, 0, 0
49881, 830, 0, 0, 0
49981, 980, 0, 0, 0
50081, 880, 0, 0, 0
50181, 780, 0, 0, 0
50281, 880, 0, 0, 0
50381, 1170, 0, 0, 0
50482, 810, 0, 0, 0
50582, 1020, 0, 0, 0
50682, 940, 0, 0, 0
50782, 880, 0, 0, 0
50882, 990, 0, 0, 0
50982, 920, 0, 0, 0
51082, 900, 0, 0, 0
51182, 780, 0, 0, 0
51282, 1180, 0, 0, 0
51382, 1040, 0, 0, 0
51482, 1020, 0, 0, 0
51583, 1070, 0, 0, 0
51683, 980, 0, 0, 0
51783, 880, 0, 0, 0
51883, 1150, 0, 0, 0
51983, 910, 0, 0, 0
52083, 1030, 0, 0, 0
52183, 890, 0, 0, 0
52283, 860, 0, 0, 0
52383, 1010, 0, 0, 0
52483, 1140, 0, 0, 0
52583, 970, 0, 0, 0
52683, 1280, 0, 0, 0
52784, 1030, 0, 0, 0
52884, 990, 0, 0, 0
52984, 710, 0, 0, 0
53084, 990, 0, 0, 0
53184, 980, 0, 0, 0
53284, 1150, 0, 0, 0
53384, 830, 0, 0, 0
53484, 770, 0, 0, 0
53584, 1100, 0, 0, 0
53684, 1020, 0, 0, 0
53784, 920, 0, 0, 0
53884, 1040, 0, 0, 0
53984, 950, 0, 0, 0
54085, 970, 0, 0, 0
54185, 940, 0, 0, 0
54285, 1000, 0, 0, 0
54385, 760, 0, 0, 0
54485, 1120, 0, 0, 0
54585, 890, 0, 0, 0
54685, 980, 0, 0, 0
54785, 970, 0, 0, 0
54885, 800, 0, 0, 0
54985, 1050, 0, 0, 0
55086, 1270, 0, 0, 0
55186, 1080, 0, 0, 0
55286, 1110, 0, 0, 0
55386, 1040, 0, 0, 0
55486, 850, 0, 0, 0
55586, 950, 0, 0, 0
55686, 890, 0, 0, 0
55786, 1000, 0, 0, 0
55886, 860, 0, 0, 0
55986, 1000, 0, 0, 0
56086, 910, 0, 0, 0
56186, 1020, 0, 0, 0
56287, 1090, 0, 0, 0
56387, 930, 0, 0, 0
56487, 1160, 0, 0, 0
56587, 930, 0, 0, 0
56687, 910, 0, 0, 0
56787, 1100, 0, 0, 0
56887, 950, 0, 0, 0
56987, 850, 0, 0, 0
57087, 1000, 0, 0, 0
57187, 920, 0, 0, 0
57288, 920, 0, 0, 0
57388, 900, 0, 0, 0
57488, 910, 0, 0, 0
57588, 1040, 0, 0, 0
57688, 1010, 0, 0, 0
57788, 930, 0, 0, 0
57888, 980, 0, 0, 0
57988, 950, 0, 0, 0
58088, 890, 0, 0, 0
58188, 1060, 0, 0, 0
58288, 1040, 0, 0, 0
58388, 1060, 0, 0, 0
58489, 990, 0, 0, 0
58589, 940, 0, 0, 0
58689, 980, 0, 0, 0
58789, 960, 0, 0, 0
58889, 870, 0, 0, 0
58989, 990, 0, 0, 0
59089, 970, 0, 0, 0
59189, 910, 0, 0, 0
59289, 970, 0, 0, 0
59389, 1110, 0, 0, 0
59489, 1010, 0, 0, 0
59590, 800, 0, 0, 0
59690, 980, 0, 0, 0
59790, 970, 0, 0, 0
59890, 890, 0, 0, 0
59990, 1090, 0, 0, 0
