100, 14538135, 0, 0, 0
200, 12303909, 0, 0, 0
302, 19901608, 0, 0, 0
401, 14287378, 0, 0, 0
504, 14804582, 0, 0, 0
600, 17212668, 0, 0, 0
705, 16907912, 0, 0, 0
801, 10889541, 0, 0, 0
901, 14387155, 0, 0, 0
1003, 11481400, 0, 0, 0
1104, 24898402, 0, 0, 0
1203, 15822462, 0, 0, 0
1306, 17663420, 0, 0, 0
1408, 22352118, 0, 0, 0
1500, 15946078, 0, 0, 0
1605, 16194336, 0, 0, 0
1707, 14206174, 0, 0, 0
1805, 18474837, 0, 0, 0
1900, 14105329, 0, 0, 0
2000, 19392258, 0, 0, 0
2101, 14470503, 0, 0, 0
2200, 16523726, 0, 0, 0
2302, 15240529, 0, 0, 0
2405, 26007954, 0, 0, 0
2505, 15483944, 0, 0, 0
2600, 12865316, 0, 0, 0
2704, 13236656, 0, 0, 0
2802, 15597848, 0, 0, 0
2903, 18688979, 0, 0, 0
3010, 13062471, 0, 0, 0
3102, 16050131, 0, 0, 0
3202, 16687115, 0, 0, 0
3302, 26633867, 0, 0, 0
3404, 16737671, 0, 0, 0
3500, 17372486, 0, 0, 0
3604, 14705384, 0, 0, 0
3700, 15429574, 0, 0, 0
3802, 17694170, 0, 0, 0
3900, 14860214, 0, 0, 0
4002, 19800833, 0, 0, 0
4104, 16006279, 0, 0, 0
4201, 15352953, 0, 0, 0
4305, 19722774, 0, 0, 0
4403, 18356471, 0, 0, 0
4502, 26835955, 0, 0, 0
4600, 14552924, 0, 0, 0
4704, 22597015, 0, 0, 0
4800, 16901723, 0, 0, 0
4902, 16106111, 0, 0, 0
5003, 17002977, 0, 0, 0
5105, 18174747, 0, 0, 0
5202, 17027152, 0, 0, 0
5304, 15883898, 0, 0, 0
5408, 15468574, 0, 0, 0
5500, 23520921, 0, 0, 0
5603, 21735027, 0, 0, 0
5702, 15826670, 0, 0, 0
5801, 17993422, 0, 0, 0
5900, 17436119, 0, 0, 0
6000, 15808685, 0, 0, 0
6100, 16074982, 0, 0, 0
6207, 21086278, 0, 0, 0
6306, 16300666, 0, 0, 0
6402, 13085016, 0, 0, 0
6501, 15277978, 0, 0, 0
6607, 16534253, 0, 0, 0
6702, 14932850, 0, 0, 0
6809, 13238122, 0, 0, 0
6903, 21814627, 0, 0, 0
7004, 10751128, 0, 0, 0
7100, 11558588, 0, 0, 0
7205, 17975001, 0, 0, 0
7301, 14254382, 0, 0, 0
7401, 15982941, 0, 0, 0
7504, 21371323, 0, 0, 0
7600, 20700705, 0, 0, 0
7700, 17585944, 0, 0, 0
7803, 16672867, 0, 0, 0
7904, 15349775, 0, 0, 0
8000, 17177564, 0, 0, 0
8101, 12701161, 0, 0, 0
8202, 20243452, 0, 0, 0
8304, 19082914, 0, 0, 0
8404, 15311642, 0, 0, 0
8503, 19781988, 0, 0, 0
8600, 20922304, 0, 0, 0
8702, 15964419, 0, 0, 0
8801, 15060031, 0, 0, 0
8901, 18608966, 0, 0, 0
9002, 15105505, 0, 0, 0
9105, 15147082, 0, 0, 0
9206, 14295127, 0, 0, 0
9301, 13527475, 0, 0, 0
9403, 14908454, 0, 0, 0
9504, 23646706, 0, 0, 0
9602, 18197122, 0, 0, 0
9700, 13658949, 0, 0, 0
9805, 16471744, 0, 0, 0
9902, 19689265, 0, 0, 0
10004, 14335303, 0, 0, 0
10102, 19956690, 0, 0, 0
10209, 14463887, 0, 0, 0
10304, 19727359, 0, 0, 0
10401, 14944065, 0, 0, 0
10504, 19769242, 0, 0, 0
10601, 12594166, 0, 0, 0
10701, 19707695, 0, 0, 0
10801, 15425495, 0, 0, 0
10900, 23295303, 0, 0, 0
11000, 14772565, 0, 0, 0
11100, 19881867, 0, 0, 0
11202, 13588483, 0, 0, 0
11308, 15387980, 0, 0, 0
11415, 16726226, 0, 0, 0
11505, 14899006, 0, 0, 0
11603, 16697676, 0, 0, 0
11720, 19154957, 0, 0, 0
11802, 16287146, 0, 0, 0
11901, 10685669, 0, 0, 0
12002, 12364146, 0, 0, 0
12105, 16147959, 0, 0, 0
12204, 17625021, 0, 0, 0
12303, 17428689, 0, 0, 0
12401, 16444849, 0, 0, 0
12511, 15762378, 0, 0, 0
12601, 22563897, 0, 0, 0
12703, 21629687, 0, 0, 0
12815, 16628542, 0, 0, 0
12901, 21007538, 0, 0, 0
13007, 16744493, 0, 0, 0
13101, 17337611, 0, 0, 0
13200, 16515525, 0, 0, 0
13302, 14753315, 0, 0, 0
13403, 15533192, 0, 0, 0
13507, 15164763, 0, 0, 0
13603, 12606575, 0, 0, 0
13700, 23769638, 0, 0, 0
13806, 14535235, 0, 0, 0
13902, 24385667, 0, 0, 0
14001, 22459021, 0, 0, 0
14100, 20730977, 0, 0, 0
14203, 20954822, 0, 0, 0
14303, 10270373, 0, 0, 0
14410, 23656031, 0, 0, 0
14500, 15156781, 0, 0, 0
14605, 14244619, 0, 0, 0
14703, 13287944, 0, 0, 0
14807, 17066204, 0, 0, 0
14900, 16700975, 0, 0, 0
15001, 14059866, 0, 0, 0
15100, 11211241, 0, 0, 0
15205, 14475961, 0, 0, 0
15303, 18602429, 0, 0, 0
15400, 11748044, 0, 0, 0
15503, 16612599, 0, 0, 0
15601, 16167138, 0, 0, 0
15700, 20080953, 0, 0, 0
15806, 12516124, 0, 0, 0
15905, 22710934, 0, 0, 0
16006, 18340011, 0, 0, 0
16102, 12847273, 0, 0, 0
16200, 16244667, 0, 0, 0
16302, 22914225, 0, 0, 0
16400, 16939480, 0, 0, 0
16507, 13027373, 0, 0, 0
16600, 16373193, 0, 0, 0
16701, 16677493, 0, 0, 0
16803, 11966838, 0, 0, 0
16905, 14980836, 0, 0, 0
17001, 19074088, 0, 0, 0
17101, 18168704, 0, 0, 0
17200, 16059550, 0, 0, 0
17304, 15137947, 0, 0, 0
17402, 17730131, 0, 0, 0
17501, 12394793, 0, 0, 0
17600, 14193628, 0, 0, 0
17700, 15607461, 0, 0, 0
17802, 14111563, 0, 0, 0
17901, 15149029, 0, 0, 0
18001, 18331823, 0, 0, 0
18103, 24821061, 0, 0, 0
18210, 13283508, 0, 0, 0
18303, 13701851, 0, 0, 0
18406, 13597877, 0, 0, 0
18501, 13263156, 0, 0, 0
18600, 16528307, 0, 0, 0
18704, 14456169, 0, 0, 0
18803, 12999638, 0, 0, 0
18901, 23129388, 0, 0, 0
19000, 15508369, 0, 0, 0
19100, 15651525, 0, 0, 0
19206, 14271599, 0, 0, 0
19300, 24164175, 0, 0, 0
19408, 20432584, 0, 0, 0
19500, 15029032, 0, 0, 0
19605, 18677133, 0, 0, 0
19702, 17273773, 0, 0, 0
19800, 13067546, 0, 0, 0
19902, 18274467, 0, 0, 0
20009, 13479322, 0, 0, 0
20116, 15840221, 0, 0, 0
20205, 18282449, 0, 0, 0
20300, 20285696, 0, 0, 0
20400, 17467026, 0, 0, 0
20500, 14000327, 0, 0, 0
20602, 12682700, 0, 0, 0
20717, 17272973, 0, 0, 0
20800, 20861437, 0, 0, 0
20902, 19025698, 0, 0, 0
21002, 14911097, 0, 0, 0
21102, 17224022, 0, 0, 0
21200, 17140704, 0, 0, 0
21300, 16711402, 0, 0, 0
21400, 17044095, 0, 0, 0
21521, 13744228, 0, 0, 0
21609, 24981215, 0, 0, 0
21705, 21612122, 0, 0, 0
21809, 19196867, 0, 0, 0
21902, 15087055, 0, 0, 0
22000, 17744656, 0, 0, 0
22100, 12663936, 0, 0, 0
22200, 14921419, 0, 0, 0
22305, 16884579, 0, 0, 0
22400, 18071531, 0, 0, 0
22501, 15877824, 0, 0, 0
22601, 19896892, 0, 0, 0
22700, 22955667, 0, 0, 0
22801, 16310701, 0, 0, 0
22904, 16578609, 0, 0, 0
23011, 16654642, 0, 0, 0
23104, 13741472, 0, 0, 0
23200, 14725434, 0, 0, 0
23300, 14694263, 0, 0, 0
23401, 11091865, 0, 0, 0
23501, 20889654, 0, 0, 0
23601, 13434222, 0, 0, 0
23709, 20112605, 0, 0, 0
23810, 14614912, 0, 0, 0
23911, 22337406, 0, 0, 0
24006, 15080315, 0, 0, 0
24101, 17335134, 0, 0, 0
24202, 18758082, 0, 0, 0
24303, 14479895, 0, 0, 0
24401, 12163606, 0, 0, 0
24500, 19563245, 0, 0, 0
24602, 15943962, 0, 0, 0
24703, 15831235, 0, 0, 0
24802, 20816569, 0, 0, 0
24905, 19354203, 0, 0, 0
25003, 15538208, 0, 0, 0
25103, 17031359, 0, 0, 0
25201, 12745774, 0, 0, 0
25302, 15663065, 0, 0, 0
25401, 17810459, 0, 0, 0
25503, 17939379, 0, 0, 0
25603, 16108436, 0, 0, 0
25707, 15870428, 0, 0, 0
25808, 17454026, 0, 0, 0
25901, 17374955, 0, 0, 0
26000, 19915146, 0, 0, 0
26101, 12384441, 0, 0, 0
26205, 13584283, 0, 0, 0
26306, 16922418, 0, 0, 0
26403, 15985849, 0, 0, 0
26505, 17024628, 0, 0, 0
26609, 14449460, 0, 0, 0
26703, 15740246, 0, 0, 0
26801, 14161588, 0, 0, 0
26900, 9576247, 0, 0, 0
27008, 15885361, 0, 0, 0
27102, 14787604, 0, 0, 0
27214, 16124698, 0, 0, 0
27300, 26274133, 0, 0, 0
27436, 15752032, 0, 0, 0
27504, 24286251, 0, 0, 0
27605, 12773802, 0, 0, 0
27702, 22407440, 0, 0, 0
27801, 19374634, 0, 0, 0
27907, 16907047, 0, 0, 0
28003, 14422711, 0, 0, 0
28103, 14877576, 0, 0, 0
28203, 18218333, 0, 0, 0
28300, 21614719, 0, 0, 0
28401, 16381210, 0, 0, 0
28517, 14102758, 0, 0, 0
28602, 16101228, 0, 0, 0
28702, 19349978, 0, 0, 0
28801, 16575704, 0, 0, 0
28900, 20600112, 0, 0, 0
29001, 12801159, 0, 0, 0
29100, 20211847, 0, 0, 0
29206, 12744133, 0, 0, 0
29300, 28973389, 0, 0, 0
29400, 16006408, 0, 0, 0
29511, 17277831, 0, 0, 0
29600, 13664404, 0, 0, 0
29701, 14808596, 0, 0, 0
29801, 12005905, 0, 0, 0
29900, 12956599, 0, 0, 0
30002, 18216561, 0, 0, 0
30109, 13576076, 0, 0, 0
30202, 22421700, 0, 0, 0
30301, 12428816, 0, 0, 0
30412, 15466279, 0, 0, 0
30507, 14890924, 0, 0, 0
30600, 16121111, 0, 0, 0
30702, 12952294, 0, 0, 0
30804, 17304017, 0, 0, 0
30900, 24758218, 0, 0, 0
31006, 18203395, 0, 0, 0
31101, 14427557, 0, 0, 0
31201, 17162119, 0, 0, 0
31300, 13723553, 0, 0, 0
31400, 12423465, 0, 0, 0
31502, 16997732, 0, 0, 0
31607, 12758212, 0, 0, 0
31711, 14956077, 0, 0, 0
31806, 13652831, 0, 0, 0
31901, 16513100, 0, 0, 0
32001, 16634002, 0, 0, 0
32100, 18849901, 0, 0, 0
32202, 14842960, 0, 0, 0
32304, 20223149, 0, 0, 0
32403, 21011718, 0, 0, 0
32501, 15519800, 0, 0, 0
32600, 18336403, 0, 0, 0
32703, 14896519, 0, 0, 0
32801, 13111480, 0, 0, 0
32900, 13719520, 0, 0, 0
33001, 16641747, 0, 0, 0
33106, 15879964, 0, 0, 0
33200, 19990058, 0, 0, 0
33303, 19933343, 0, 0, 0
33401, 15334564, 0, 0, 0
33501, 18646970, 0, 0, 0
33600, 19906853, 0, 0, 0
33701, 15617248, 0, 0, 0
33800, 24604602, 0, 0, 0
33900, 14301404, 0, 0, 0
34002, 14355325, 0, 0, 0
34106, 22996163, 0, 0, 0
34204, 15016084, 0, 0, 0
34303, 17285666, 0, 0, 0
34402, 16962211, 0, 0, 0
34506, 10819198, 0, 0, 0
34605, 21785780, 0, 0, 0
34704, 11531309, 0, 0, 0
34801, 15091536, 0, 0, 0
34900, 14688799, 0, 0, 0
35008, 13409730, 0, 0, 0
35102, 16412300, 0, 0, 0
35200, 24427318, 0, 0, 0
35302, 15873606, 0, 0, 0
35400, 19669722, 0, 0, 0
35505, 21360424, 0, 0, 0
35607, 16172523, 0, 0, 0
35703, 15829815, 0, 0, 0
35800, 20012605, 0, 0, 0
35906, 18248960, 0, 0, 0
36000, 16826001, 0, 0, 0
36110, 22540618, 0, 0, 0
36203, 18230953, 0, 0, 0
36310, 15823216, 0, 0, 0
36408, 15146775, 0, 0, 0
36504, 16975269, 0, 0, 0
36600, 19406075, 0, 0, 0
36703, 14704980, 0, 0, 0
36801, 15047090, 0, 0, 0
36902, 14588476, 0, 0, 0
37006, 19204511, 0, 0, 0
37106, 15986031, 0, 0, 0
37206, 13682334, 0, 0, 0
37302, 19184485, 0, 0, 0
37401, 18301024, 0, 0, 0
37500, 12361030, 0, 0, 0
37600, 18144623, 0, 0, 0
37707, 14520769, 0, 0, 0
37800, 15556799, 0, 0, 0
37900, 14612041, 0, 0, 0
38003, 14144755, 0, 0, 0
38103, 11290127, 0, 0, 0
38200, 18523508, 0, 0, 0
38305, 16203729, 0, 0, 0
38402, 20129156, 0, 0, 0
38502, 16315924, 0, 0, 0
38602, 14356116, 0, 0, 0
38705, 17745701, 0, 0, 0
38802, 16228583, 0, 0, 0
38900, 22177757, 0, 0, 0
39003, 14087340, 0, 0, 0
39106, 13473296, 0, 0, 0
39200, 15126995, 0, 0, 0
39300, 15067930, 0, 0, 0
39406, 13760771, 0, 0, 0
39503, 21764544, 0, 0, 0
39600, 16263969, 0, 0, 0
39700, 14872068, 0, 0, 0
39809, 18854620, 0, 0, 0
39903, 16773394, 0, 0, 0
40002, 23931340, 0, 0, 0
40104, 18744154, 0, 0, 0
40202, 12565710, 0, 0, 0
40307, 9940909, 0, 0, 0
40404, 20854633, 0, 0, 0
40500, 16197330, 0, 0, 0
40601, 18461609, 0, 0, 0
40707, 16547009, 0, 0, 0
40801, 13429407, 0, 0, 0
40906, 10836000, 0, 0, 0
41003, 19544341, 0, 0, 0
41100, 19969541, 0, 0, 0
41208, 18095542, 0, 0, 0
41306, 19679137, 0, 0, 0
41404, 14556516, 0, 0, 0
41531, 19116068, 0, 0, 0
41602, 20178750, 0, 0, 0
41709, 16134932, 0, 0, 0
41803, 16020861, 0, 0, 0
41903, 14668137, 0, 0, 0
42003, 14493497, 0, 0, 0
42102, 18341889, 0, 0, 0
42200, 12593200, 0, 0, 0
42302, 18755969, 0, 0, 0
42400, 26530320, 0, 0, 0
42504, 18224062, 0, 0, 0
42600, 16264273, 0, 0, 0
42702, 17012608, 0, 0, 0
42802, 18782366, 0, 0, 0
42901, 13075568, 0, 0, 0
43004, 18530721, 0, 0, 0
43100, 14063974, 0, 0, 0
43205, 14469236, 0, 0, 0
43304, 22441266, 0, 0, 0
43401, 15223057, 0, 0, 0
43501, 13214462, 0, 0, 0
43604, 16540433, 0, 0, 0
43705, 15295985, 0, 0, 0
43804, 23542402, 0, 0, 0
43901, 18880944, 0, 0, 0
44006, 20956978, 0, 0, 0
44103, 16946108, 0, 0, 0
44202, 20692368, 0, 0, 0
44307, 16346928, 0, 0, 0
44406, 18579104, 0, 0, 0
44502, 15293668, 0, 0, 0
44608, 19214415, 0, 0, 0
44706, 14772584, 0, 0, 0
44801, 14951531, 0, 0, 0
44901, 16183789, 0, 0, 0
45019, 13121434, 0, 0, 0
45105, 17143260, 0, 0, 0
45203, 16661201, 0, 0, 0
45302, 17661574, 0, 0, 0
45404, 16063661, 0, 0, 0
45500, 16332378, 0, 0, 0
45606, 16343948, 0, 0, 0
45704, 14264966, 0, 0, 0
45801, 20893159, 0, 0, 0
45900, 16851956, 0, 0, 0
46001, 22174588, 0, 0, 0
46100, 17043806, 0, 0, 0
46200, 17380179, 0, 0, 0
46300, 18908028, 0, 0, 0
46400, 25989768, 0, 0, 0
46501, 22265428, 0, 0, 0
46601, 16655728, 0, 0, 0
46702, 11930125, 0, 0, 0
46803, 16027360, 0, 0, 0
46910, 21120389, 0, 0, 0
47004, 15053428, 0, 0, 0
47100, 13951057, 0, 0, 0
47206, 17703589, 0, 0, 0
47301, 21569728, 0, 0, 0
47400, 19475461, 0, 0, 0
47500, 13234380, 0, 0, 0
47600, 11179766, 0, 0, 0
47701, 21460446, 0, 0, 0
47802, 22125386, 0, 0, 0
47906, 18991048, 0, 0, 0
48003, 13095618, 0, 0, 0
48100, 15524299, 0, 0, 0
48200, 20320926, 0, 0, 0
48303, 16360318, 0, 0, 0
48404, 14758255, 0, 0, 0
48504, 14443464, 0, 0, 0
48603, 14649082, 0, 0, 0
48703, 14595885, 0, 0, 0
48807, 13745197, 0, 0, 0
48908, 13945865, 0, 0, 0
49002, 19266422, 0, 0, 0
49101, 22203155, 0, 0, 0
49204, 14711267, 0, 0, 0
49302, 19956593, 0, 0, 0
49405, 16552402, 0, 0, 0
49505, 15487512, 0, 0, 0
49603, 19455281, 0, 0, 0
49705, 17548661, 0, 0, 0
49803, 23552344, 0, 0, 0
49902, 16847729, 0, 0, 0
50006, 16355271, 0, 0, 0
50101, 22558537, 0, 0, 0
50204, 14142542, 0, 0, 0
50305, 14365271, 0, 0, 0
50400, 22698671, 0, 0, 0
50504, 14464823, 0, 0, 0
50602, 21722649, 0, 0, 0
50713, 52041959, 0, 0, 0
50801, 22891648, 0, 0, 0
50902, 17623861, 0, 0, 0
51001, 23173364, 0, 0, 0
51106, 21023232, 0, 0, 0
51202, 12438412, 0, 0, 0
51303, 15296198, 0, 0, 0
51403, 17290739, 0, 0, 0
51507, 18305037, 0, 0, 0
51601, 13291443, 0, 0, 0
51705, 19517388, 0, 0, 0
51807, 20452478, 0, 0, 0
51901, 12692840, 0, 0, 0
52041, 14553074, 0, 0, 0
52101, 21440616, 0, 0, 0
52202, 12452947, 0, 0, 0
52301, 11610636, 0, 0, 0
52402, 16685601, 0, 0, 0
52505, 21869502, 0, 0, 0
52600, 19195639, 0, 0, 0
52700, 14923330, 0, 0, 0
52804, 19852123, 0, 0, 0
52901, 12440135, 0, 0, 0
53007, 15663909, 0, 0, 0
53105, 15840792, 0, 0, 0
53202, 17916107, 0, 0, 0
53301, 15138859, 0, 0, 0
53401, 11761467, 0, 0, 0
53505, 14357371, 0, 0, 0
53607, 16939062, 0, 0, 0
53703, 18514925, 0, 0, 0
53805, 16431297, 0, 0, 0
53900, 18164771, 0, 0, 0
54000, 15552957, 0, 0, 0
54100, 13997600, 0, 0, 0
54202, 15027631, 0, 0, 0
54302, 17995881, 0, 0, 0
54402, 13710234, 0, 0, 0
54509, 14948731, 0, 0, 0
54602, 17379522, 0, 0, 0
54704, 25293185, 0, 0, 0
54800, 15101822, 0, 0, 0
54907, 18667457, 0, 0, 0
55004, 11911005, 0, 0, 0
55105, 19992557, 0, 0, 0
55200, 19879994, 0, 0, 0
55301, 14248594, 0, 0, 0
55402, 13861608, 0, 0, 0
55500, 14166097, 0, 0, 0
55600, 12921666, 0, 0, 0
55700, 23196917, 0, 0, 0
55802, 15698361, 0, 0, 0
55900, 13944928, 0, 0, 0
56003, 12867735, 0, 0, 0
56100, 21495454, 0, 0, 0
56200, 19019410, 0, 0, 0
56309, 13780622, 0, 0, 0
56407, 14894409, 0, 0, 0
56504, 15295516, 0, 0, 0
56604, 10976962, 0, 0, 0
56707, 15337308, 0, 0, 0
56800, 17143259, 0, 0, 0
56902, 17355552, 0, 0, 0
57002, 15656489, 0, 0, 0
57106, 17351325, 0, 0, 0
57201, 17453444, 0, 0, 0
57300, 14816019, 0, 0, 0
57404, 14439130, 0, 0, 0
57500, 17631039, 0, 0, 0
57602, 17726755, 0, 0, 0
57706, 12703174, 0, 0, 0
57800, 13583050, 0, 0, 0
57901, 14151710, 0, 0, 0
58001, 13123680, 0, 0, 0
58102, 20692186, 0, 0, 0
58200, 14702203, 0, 0, 0
58302, 13132079, 0, 0, 0
58405, 12677412, 0, 0, 0
58502, 13640979, 0, 0, 0
58602, 17599568, 0, 0, 0
58700, 14818789, 0, 0, 0
58809, 21505811, 0, 0, 0
58905, 16160009, 0, 0, 0
59011, 17602461, 0, 0, 0
59104, 18864466, 0, 0, 0
59207, 20202513, 0, 0, 0
59303, 22540418, 0, 0, 0
59402, 19272437, 0, 0, 0
59501, 12860811, 0, 0, 0
59604, 13378839, 0, 0, 0
59703, 15326237, 0, 0, 0
59803, 18246062, 0, 0, 0
59906, 12442692, 0, 0, 0
60000, 11810848, 0, 0, 0
60103, 16522893, 0, 0, 0
60208, 16960221, 0, 0, 0
60301, 14655067, 0, 0, 0
60402, 15972367, 0, 0, 0
60502, 15323660, 0, 0, 0
60601, 13364106, 0, 0, 0
60700, 12246349, 0, 0, 0
60809, 15695813, 0, 0, 0
60901, 21227865, 0, 0, 0
61008, 21542265, 0, 0, 0
61101, 17534761, 0, 0, 0
61201, 17171258, 0, 0, 0
61303, 11068387, 0, 0, 0
61402, 15003908, 0, 0, 0
61500, 23308856, 0, 0, 0
61601, 16649040, 0, 0, 0
61700, 14394620, 0, 0, 0
61800, 12725047, 0, 0, 0
61900, 14371390, 0, 0, 0
62004, 19286178, 0, 0, 0
62103, 26086537, 0, 0, 0
62200, 18241933, 0, 0, 0
62302, 14208724, 0, 0, 0
62402, 16762541, 0, 0, 0
62500, 10906294, 0, 0, 0
62607, 16761660, 0, 0, 0
62701, 19633188, 0, 0, 0
62801, 16009636, 0, 0, 0
62902, 10896979, 0, 0, 0
63000, 12362735, 0, 0, 0
63110, 20231759, 0, 0, 0
63200, 14516923, 0, 0, 0
63301, 11579465, 0, 0, 0
63403, 17245582, 0, 0, 0
63503, 22326251, 0, 0, 0
63603, 19733370, 0, 0, 0
63702, 12651245, 0, 0, 0
63805, 19560995, 0, 0, 0
63902, 15489054, 0, 0, 0
64006, 18087190, 0, 0, 0
64100, 12921251, 0, 0, 0
64207, 12883762, 0, 0, 0
64300, 14021883, 0, 0, 0
64402, 11582549, 0, 0, 0
64504, 14904918, 0, 0, 0
64603, 23153570, 0, 0, 0
64701, 13431371, 0, 0, 0
64800, 12652730, 0, 0, 0
64900, 16374064, 0, 0, 0
65005, 16628640, 0, 0, 0
65100, 15484714, 0, 0, 0
65203, 13112237, 0, 0, 0
65304, 15599876, 0, 0, 0
65409, 17797085, 0, 0, 0
65506, 14962911, 0, 0, 0
65602, 19735398, 0, 0, 0
65700, 17279469, 0, 0, 0
65803, 17295712, 0, 0, 0
65900, 12295148, 0, 0, 0
66002, 13664221, 0, 0, 0
66105, 14520150, 0, 0, 0
66214, 18944877, 0, 0, 0
66304, 18136072, 0, 0, 0
66401, 13964766, 0, 0, 0
66500, 21086841, 0, 0, 0
66600, 13690162, 0, 0, 0
66705, 13669311, 0, 0, 0
66800, 16077382, 0, 0, 0
66900, 17007798, 0, 0, 0
67007, 17518576, 0, 0, 0
67102, 20762828, 0, 0, 0
67204, 14314552, 0, 0, 0
67305, 17635766, 0, 0, 0
67418, 14947098, 0, 0, 0
67500, 14718505, 0, 0, 0
67604, 22495142, 0, 0, 0
67702, 21485833, 0, 0, 0
67802, 16008044, 0, 0, 0
67913, 17790939, 0, 0, 0
68001, 17327247, 0, 0, 0
68102, 13145430, 0, 0, 0
68202, 10209689, 0, 0, 0
68300, 18285194, 0, 0, 0
68403, 15222020, 0, 0, 0
68513, 20283392, 0, 0, 0
68600, 21432973, 0, 0, 0
68703, 15414984, 0, 0, 0
68800, 15462843, 0, 0, 0
68900, 17574735, 0, 0, 0
69000, 14594349, 0, 0, 0
69101, 16067158, 0, 0, 0
69200, 19737461, 0, 0, 0
69301, 13869437, 0, 0, 0
69400, 17780585, 0, 0, 0
69500, 17136825, 0, 0, 0
69605, 12560177, 0, 0, 0
69710, 17624946, 0, 0, 0
69800, 18011594, 0, 0, 0
69901, 15862616, 0, 0, 0
70000, 16412473, 0, 0, 0
70101, 17597916, 0, 0, 0
70202, 17217563, 0, 0, 0
70304, 21547065, 0, 0, 0
70408, 19144763, 0, 0, 0
70500, 17707777, 0, 0, 0
70623, 21954076, 0, 0, 0
70704, 18832286, 0, 0, 0
70800, 20216102, 0, 0, 0
70906, 16449083, 0, 0, 0
71004, 15784046, 0, 0, 0
71102, 15203870, 0, 0, 0
71200, 17754639, 0, 0, 0
71310, 13916567, 0, 0, 0
71401, 22242821, 0, 0, 0
71500, 15141165, 0, 0, 0
71600, 11417479, 0, 0, 0
71700, 17444916, 0, 0, 0
71800, 13049915, 0, 0, 0
71900, 13172662, 0, 0, 0
72001, 11652240, 0, 0, 0
72105, 14936573, 0, 0, 0
72203, 20962635, 0, 0, 0
72301, 17146675, 0, 0, 0
72401, 13524387, 0, 0, 0
72500, 16982279, 0, 0, 0
72600, 16518020, 0, 0, 0
72704, 14403992, 0, 0, 0
72805, 15242081, 0, 0, 0
72903, 12993262, 0, 0, 0
73001, 13385299, 0, 0, 0
73112, 14087768, 0, 0, 0
73203, 20839876, 0, 0, 0
73304, 16041158, 0, 0, 0
73400, 12688840, 0, 0, 0
73508, 18638438, 0, 0, 0
73601, 16910269, 0, 0, 0
73706, 12272513, 0, 0, 0
73800, 13894028, 0, 0, 0
73902, 18199113, 0, 0, 0
74000, 15232843, 0, 0, 0
74104, 15717821, 0, 0, 0
74203, 14022129, 0, 0, 0
74300, 15005311, 0, 0, 0
74401, 13706727, 0, 0, 0
74500, 14152209, 0, 0, 0
74606, 18219239, 0, 0, 0
74706, 17820398, 0, 0, 0
74802, 16639783, 0, 0, 0
74907, 15022680, 0, 0, 0
75000, 14115454, 0, 0, 0
75104, 23396582, 0, 0, 0
75204, 15125531, 0, 0, 0
75308, 17878572, 0, 0, 0
75409, 13434573, 0, 0, 0
75508, 17777243, 0, 0, 0
75600, 19457079, 0, 0, 0
75717, 17363731, 0, 0, 0
75801, 15060909, 0, 0, 0
75907, 19802659, 0, 0, 0
76003, 14297255, 0, 0, 0
76104, 16300127, 0, 0, 0
76202, 24712044, 0, 0, 0
76303, 23158339, 0, 0, 0
76400, 13796219, 0, 0, 0
76509, 14885978, 0, 0, 0
76615, 20464399, 0, 0, 0
76713, 16328455, 0, 0, 0
76802, 17739155, 0, 0, 0
76904, 16044444, 0, 0, 0
77002, 15470679, 0, 0, 0
77113, 13044548, 0, 0, 0
77210, 21208051, 0, 0, 0
77302, 17056147, 0, 0, 0
77403, 18171710, 0, 0, 0
77501, 13605554, 0, 0, 0
77606, 11869075, 0, 0, 0
77701, 20625140, 0, 0, 0
77803, 15599321, 0, 0, 0
77901, 16029392, 0, 0, 0
78000, 22126921, 0, 0, 0
78102, 15281173, 0, 0, 0
78204, 17413587, 0, 0, 0
78301, 13471971, 0, 0, 0
78411, 19161157, 0, 0, 0
78504, 22832328, 0, 0, 0
78600, 13507502, 0, 0, 0
78701, 16940385, 0, 0, 0
78800, 14432788, 0, 0, 0
78907, 12106265, 0, 0, 0
79000, 23413377, 0, 0, 0
79102, 16960480, 0, 0, 0
79202, 14295871, 0, 0, 0
79309, 17430709, 0, 0, 0
79401, 16490888, 0, 0, 0
79500, 15409906, 0, 0, 0
79605, 10890592, 0, 0, 0
79703, 17339490, 0, 0, 0
79805, 21049909, 0, 0, 0
79903, 21040397, 0, 0, 0
80003, 14548016, 0, 0, 0
80110, 16398843, 0, 0, 0
80208, 16416504, 0, 0, 0
80305, 18896299, 0, 0, 0
80400, 14586665, 0, 0, 0
80509, 11900570, 0, 0, 0
80604, 15115078, 0, 0, 0
80701, 11569777, 0, 0, 0
80814, 16649030, 0, 0, 0
80911, 19413332, 0, 0, 0
81003, 17951163, 0, 0, 0
81101, 14659816, 0, 0, 0
81204, 16898734, 0, 0, 0
81301, 17556978, 0, 0, 0
81402, 15158933, 0, 0, 0
81502, 20586179, 0, 0, 0
81602, 15345975, 0, 0, 0
81702, 12694277, 0, 0, 0
81800, 12987913, 0, 0, 0
81902, 17682987, 0, 0, 0
82000, 18318332, 0, 0, 0
82101, 15057552, 0, 0, 0
82203, 20156241, 0, 0, 0
82300, 12757084, 0, 0, 0
82403, 14497854, 0, 0, 0
82501, 18259260, 0, 0, 0
82600, 13511926, 0, 0, 0
82700, 21568472, 0, 0, 0
82800, 15976686, 0, 0, 0
82900, 14243978, 0, 0, 0
83004, 16733488, 0, 0, 0
83103, 17168649, 0, 0, 0
83202, 19324399, 0, 0, 0
83304, 17920742, 0, 0, 0
83400, 18142946, 0, 0, 0
83502, 13751523, 0, 0, 0
83600, 22160149, 0, 0, 0
83704, 16673098, 0, 0, 0
83800, 16408322, 0, 0, 0
83903, 17633083, 0, 0, 0
84001, 18162767, 0, 0, 0
84101, 14834319, 0, 0, 0
84212, 16352734, 0, 0, 0
84302, 16162870, 0, 0, 0
84401, 14620483, 0, 0, 0
84500, 14432709, 0, 0, 0
84605, 15199519, 0, 0, 0
84703, 17234270, 0, 0, 0
84807, 15164716, 0, 0, 0
84902, 15436002, 0, 0, 0
85001, 13802422, 0, 0, 0
85106, 18212001, 0, 0, 0
85201, 11467111, 0, 0, 0
85309, 15593337, 0, 0, 0
85421, 20478942, 0, 0, 0
85500, 12258384, 0, 0, 0
85623, 14531495, 0, 0, 0
85701, 20585355, 0, 0, 0
85806, 17340053, 0, 0, 0
85903, 16055046, 0, 0, 0
86003, 12474169, 0, 0, 0
86103, 17911342, 0, 0, 0
86201, 21595722, 0, 0, 0
86300, 12978076, 0, 0, 0
86401, 13164985, 0, 0, 0
86503, 12986019, 0, 0, 0
86600, 17915303, 0, 0, 0
86701, 16210729, 0, 0, 0
86803, 15053149, 0, 0, 0
86900, 15084206, 0, 0, 0
87001, 13948337, 0, 0, 0
87108, 15959819, 0, 0, 0
87203, 18330996, 0, 0, 0
87306, 18226567, 0, 0, 0
87400, 14411142, 0, 0, 0
87501, 14911695, 0, 0, 0
87605, 19217123, 0, 0, 0
87710, 16069861, 0, 0, 0
87805, 15861470, 0, 0, 0
87902, 26492151, 0, 0, 0
88002, 17432762, 0, 0, 0
88102, 16187563, 0, 0, 0
88202, 14908984, 0, 0, 0
88301, 15654595, 0, 0, 0
88400, 15884315, 0, 0, 0
88508, 16892311, 0, 0, 0
88603, 19468924, 0, 0, 0
88700, 11208598, 0, 0, 0
88809, 20244107, 0, 0, 0
88902, 15330973, 0, 0, 0
89004, 16185909, 0, 0, 0
89100, 14931425, 0, 0, 0
89203, 15040728, 0, 0, 0
89301, 12610176, 0, 0, 0
89401, 30497182, 0, 0, 0
89502, 14881574, 0, 0, 0
89600, 16121424, 0, 0, 0
89700, 14119440, 0, 0, 0
89802, 14063867, 0, 0, 0
89906, 18093350, 0, 0, 0
90000, 17943183, 0, 0, 0
90103, 12738286, 0, 0, 0
90200, 17792513, 0, 0, 0
90301, 20901242, 0, 0, 0
90402, 15242177, 0, 0, 0
90503, 18329118, 0, 0, 0
90611, 12623803, 0, 0, 0
90707, 14492597, 0, 0, 0
90801, 12824304, 0, 0, 0
90905, 15795090, 0, 0, 0
91000, 25996044, 0, 0, 0
91107, 16583335, 0, 0, 0
91202, 18493265, 0, 0, 0
91300, 12761885, 0, 0, 0
91401, 12763399, 0, 0, 0
91500, 13607317, 0, 0, 0
91604, 20685086, 0, 0, 0
91708, 15851854, 0, 0, 0
91812, 13244616, 0, 0, 0
91904, 16879669, 0, 0, 0
92004, 16826883, 0, 0, 0
92105, 21553534, 0, 0, 0
92205, 15181363, 0, 0, 0
92300, 17521686, 0, 0, 0
92401, 15055404, 0, 0, 0
92501, 11352236, 0, 0, 0
92600, 20231346, 0, 0, 0
92704, 11871371, 0, 0, 0
92804, 19621747, 0, 0, 0
92908, 17212448, 0, 0, 0
93002, 17676479, 0, 0, 0
93103, 17535345, 0, 0, 0
93203, 19369046, 0, 0, 0
93301, 17433218, 0, 0, 0
93401, 14042453, 0, 0, 0
93506, 13640538, 0, 0, 0
93605, 17390742, 0, 0, 0
93700, 16938165, 0, 0, 0
93800, 14844788, 0, 0, 0
93900, 18354426, 0, 0, 0
94004, 15719488, 0, 0, 0
94102, 17884777, 0, 0, 0
94208, 19703615, 0, 0, 0
94302, 11543721, 0, 0, 0
94404, 16188982, 0, 0, 0
94500, 16076986, 0, 0, 0
94604, 15231167, 0, 0, 0
94700, 18987061, 0, 0, 0
94802, 15999164, 0, 0, 0
94905, 12189292, 0, 0, 0
95030, 16752810, 0, 0, 0
95107, 17276536, 0, 0, 0
95206, 20187815, 0, 0, 0
95304, 14982324, 0, 0, 0
95401, 16721765, 0, 0, 0
95502, 22085255, 0, 0, 0
95600, 20639396, 0, 0, 0
95700, 12889569, 0, 0, 0
95802, 18227856, 0, 0, 0
95900, 15532802, 0, 0, 0
96000, 15608954, 0, 0, 0
96100, 16441702, 0, 0, 0
96209, 12783710, 0, 0, 0
96301, 19632280, 0, 0, 0
96401, 15616254, 0, 0, 0
96503, 15525457, 0, 0, 0
96601, 10147226, 0, 0, 0
96700, 42300095, 0, 0, 0
96804, 14974633, 0, 0, 0
96908, 18069248, 0, 0, 0
97002, 11569444, 0, 0, 0
97107, 24163174, 0, 0, 0
97200, 21645033, 0, 0, 0
97300, 14559908, 0, 0, 0
97412, 17650545, 0, 0, 0
97500, 17268396, 0, 0, 0
97600, 20032266, 0, 0, 0
97702, 22267190, 0, 0, 0
97819, 15733021, 0, 0, 0
97902, 16337661, 0, 0, 0
98009, 21227290, 0, 0, 0
98104, 21871585, 0, 0, 0
98206, 20737191, 0, 0, 0
98300, 22450853, 0, 0, 0
98402, 11455600, 0, 0, 0
98500, 19501065, 0, 0, 0
98604, 17017106, 0, 0, 0
98720, 15868987, 0, 0, 0
98803, 17384105, 0, 0, 0
98902, 15670249, 0, 0, 0
99009, 15538420, 0, 0, 0
99102, 12562492, 0, 0, 0
99204, 15342688, 0, 0, 0
99303, 18878994, 0, 0, 0
99402, 12253408, 0, 0, 0
99500, 15962778, 0, 0, 0
99601, 15141206, 0, 0, 0
99707, 18851224, 0, 0, 0
99803, 17185224, 0, 0, 0
99908, 15543309, 0, 0, 0
100000, 21730091, 0, 0, 0
100101, 25037932, 0, 0, 0
100203, 15956051, 0, 0, 0
100306, 15978128, 0, 0, 0
100400, 17326735, 0, 0, 0
100506, 22714719, 0, 0, 0
100602, 15010783, 0, 0, 0
100700, 19517841, 0, 0, 0
100801, 13075223, 0, 0, 0
100911, 22070011, 0, 0, 0
101012, 25887311, 0, 0, 0
101100, 25855822, 0, 0, 0
101202, 11716182, 0, 0, 0
101308, 12333388, 0, 0, 0
101422, 17848366, 0, 0, 0
101505, 19346331, 0, 0, 0
101600, 15242262, 0, 0, 0
101703, 13356812, 0, 0, 0
101800, 11297778, 0, 0, 0
101903, 15526824, 0, 0, 0
102005, 13911387, 0, 0, 0
102104, 15916075, 0, 0, 0
102203, 14058540, 0, 0, 0
102304, 15216395, 0, 0, 0
102400, 17066672, 0, 0, 0
102503, 15761623, 0, 0, 0
102601, 16004352, 0, 0, 0
102706, 14030485, 0, 0, 0
102803, 23883455, 0, 0, 0
102904, 15046881, 0, 0, 0
103000, 16508554, 0, 0, 0
103100, 14240597, 0, 0, 0
103207, 13982506, 0, 0, 0
103309, 11162985, 0, 0, 0
103402, 15898541, 0, 0, 0
103504, 15055171, 0, 0, 0
103603, 17264825, 0, 0, 0
103700, 20676545, 0, 0, 0
103801, 20575338, 0, 0, 0
103901, 17171692, 0, 0, 0
104004, 17438273, 0, 0, 0
104102, 14021800, 0, 0, 0
104201, 14304481, 0, 0, 0
104306, 18416463, 0, 0, 0
104405, 17129410, 0, 0, 0
104501, 23385400, 0, 0, 0
104604, 19363561, 0, 0, 0
104702, 20880728, 0, 0, 0
104802, 15613427, 0, 0, 0
104903, 18755687, 0, 0, 0
105006, 12808753, 0, 0, 0
105105, 15896557, 0, 0, 0
105209, 17271379, 0, 0, 0
105302, 18178558, 0, 0, 0
105405, 20070962, 0, 0, 0
105514, 14067449, 0, 0, 0
105601, 16369484, 0, 0, 0
105701, 13624773, 0, 0, 0
105801, 19260289, 0, 0, 0
105901, 15807944, 0, 0, 0
106005, 17918503, 0, 0, 0
106107, 15117518, 0, 0, 0
106204, 16251389, 0, 0, 0
106302, 16030269, 0, 0, 0
106400, 14298431, 0, 0, 0
106500, 13689745, 0, 0, 0
106600, 15637686, 0, 0, 0
106700, 15855366, 0, 0, 0
106802, 19823517, 0, 0, 0
106906, 19880824, 0, 0, 0
107004, 14570355, 0, 0, 0
107101, 13885272, 0, 0, 0
107213, 23950754, 0, 0, 0
107302, 17194506, 0, 0, 0
107400, 20241436, 0, 0, 0
107505, 13063532, 0, 0, 0
107606, 18833193, 0, 0, 0
107700, 18372498, 0, 0, 0
107804, 14470166, 0, 0, 0
107900, 23529376, 0, 0, 0
108002, 19386009, 0, 0, 0
108101, 14631801, 0, 0, 0
108201, 16079354, 0, 0, 0
108300, 30038166, 0, 0, 0
108402, 15697401, 0, 0, 0
108501, 16011766, 0, 0, 0
108600, 17134790, 0, 0, 0
108706, 26618475, 0, 0, 0
108805, 20804073, 0, 0, 0
108901, 16091364, 0, 0, 0
109002, 22062010, 0, 0, 0
109101, 15847969, 0, 0, 0
109204, 21009881, 0, 0, 0
109303, 17571469, 0, 0, 0
109405, 25751712, 0, 0, 0
109508, 21017603, 0, 0, 0
109600, 21708224, 0, 0, 0
109701, 14919064, 0, 0, 0
109808, 18715929, 0, 0, 0
109900, 21322752, 0, 0, 0
110005, 15294808, 0, 0, 0
110100, 20573553, 0, 0, 0
110203, 20063434, 0, 0, 0
110301, 17869993, 0, 0, 0
110405, 10573408, 0, 0, 0
110500, 31693449, 0, 0, 0
110603, 23219952, 0, 0, 0
110701, 17584309, 0, 0, 0
110801, 14659130, 0, 0, 0
110904, 15857838, 0, 0, 0
111005, 14538386, 0, 0, 0
111101, 17328696, 0, 0, 0
111200, 11627631, 0, 0, 0
111304, 13362815, 0, 0, 0
111403, 22547789, 0, 0, 0
111500, 15948456, 0, 0, 0
111602, 17771442, 0, 0, 0
111701, 20357010, 0, 0, 0
111802, 14657755, 0, 0, 0
111900, 14214002, 0, 0, 0
112004, 14707723, 0, 0, 0
112106, 18835439, 0, 0, 0
112203, 13196056, 0, 0, 0
112300, 15512203, 0, 0, 0
112403, 13417181, 0, 0, 0
112505, 16287555, 0, 0, 0
112604, 20669568, 0, 0, 0
112700, 15755854, 0, 0, 0
112807, 22984179, 0, 0, 0
112918, 13110718, 0, 0, 0
113005, 15090501, 0, 0, 0
113106, 27870959, 0, 0, 0
113203, 15473266, 0, 0, 0
113301, 14013865, 0, 0, 0
113401, 19406243, 0, 0, 0
113503, 17831673, 0, 0, 0
113600, 14402116, 0, 0, 0
113704, 16621315, 0, 0, 0
113801, 15748162, 0, 0, 0
113900, 10939310, 0, 0, 0
114002, 14786658, 0, 0, 0
114103, 12562810, 0, 0, 0
114202, 19057300, 0, 0, 0
114302, 14066669, 0, 0, 0
114404, 22325416, 0, 0, 0
114504, 17545848, 0, 0, 0
114604, 17973664, 0, 0, 0
114705, 20022718, 0, 0, 0
114803, 17037255, 0, 0, 0
114902, 15811618, 0, 0, 0
115005, 17607004, 0, 0, 0
115100, 20927169, 0, 0, 0
115201, 14809459, 0, 0, 0
115303, 17113039, 0, 0, 0
115406, 17336479, 0, 0, 0
115506, 27064866, 0, 0, 0
115600, 17482824, 0, 0, 0
115700, 17840326, 0, 0, 0
115800, 19445716, 0, 0, 0
115902, 14936089, 0, 0, 0
116001, 17353791, 0, 0, 0
116103, 17004263, 0, 0, 0
116200, 19943184, 0, 0, 0
116300, 13897036, 0, 0, 0
116405, 18887171, 0, 0, 0
116513, 17865016, 0, 0, 0
116600, 21124573, 0, 0, 0
116701, 13011957, 0, 0, 0
116813, 13870765, 0, 0, 0
116901, 19408316, 0, 0, 0
117002, 21802928, 0, 0, 0
117101, 14406155, 0, 0, 0
117202, 15957059, 0, 0, 0
117300, 16930453, 0, 0, 0
117402, 16634148, 0, 0, 0
117503, 16259498, 0, 0, 0
117608, 22805290, 0, 0, 0
117700, 19192191, 0, 0, 0
117825, 20319761, 0, 0, 0
117900, 13893280, 0, 0, 0
118001, 12107044, 0, 0, 0
118101, 15922487, 0, 0, 0
118203, 16372404, 0, 0, 0
118300, 14681821, 0, 0, 0
118402, 13221273, 0, 0, 0
118502, 23873146, 0, 0, 0
118602, 18526289, 0, 0, 0
118709, 13861863, 0, 0, 0
118810, 21980907, 0, 0, 0
118902, 21537157, 0, 0, 0
119000, 15863255, 0, 0, 0
119101, 13861829, 0, 0, 0
119210, 15048040, 0, 0, 0
119307, 14674360, 0, 0, 0
119403, 13620487, 0, 0, 0
119503, 13016386, 0, 0, 0
119602, 13573796, 0, 0, 0
119704, 15386832, 0, 0, 0
119803, 19593149, 0, 0, 0
119901, 22511667, 0, 0, 0
120002, 10461469, 0, 0, 0
120017, 58337719, 0, 0, 0
