101, 6499, 0, 0, 0
200, 6819, 0, 0, 0
300, 7128, 0, 0, 0
401, 6521, 0, 0, 0
504, 6473, 0, 0, 0
600, 7226, 0, 0, 0
702, 5806, 0, 0, 0
800, 6258, 0, 0, 0
902, 5869, 0, 0, 0
1002, 5735, 0, 0, 0
1100, 5222, 0, 0, 0
1200, 5603, 0, 0, 0
1300, 5568, 0, 0, 0
1401, 5782, 0, 0, 0
1504, 6120, 0, 0, 0
1605, 6342, 0, 0, 0
1701, 5507, 0, 0, 0
1801, 5960, 0, 0, 0
1900, 6466, 0, 0, 0
2000, 6947, 0, 0, 0
2100, 6657, 0, 0, 0
2201, 5870, 0, 0, 0
2301, 6462, 0, 0, 0
2400, 6293, 0, 0, 0
2500, 6387, 0, 0, 0
2600, 5894, 0, 0, 0
2701, 6867, 0, 0, 0
2800, 5835, 0, 0, 0
2903, 6379, 0, 0, 0
3000, 5750, 0, 0, 0
3102, 6300, 0, 0, 0
3202, 6149, 0, 0, 0
3300, 6105, 0, 0, 0
3403, 6479, 0, 0, 0
3502, 6257, 0, 0, 0
3605, 6352, 0, 0, 0
3700, 6327, 0, 0, 0
3800, 6607, 0, 0, 0
3900, 6193, 0, 0, 0
4000, 5764, 0, 0, 0
4100, 5926, 0, 0, 0
4200, 5477, 0, 0, 0
4301, 5512, 0, 0, 0
4404, 6270, 0, 0, 0
4500, 5712, 0, 0, 0
4600, 6045, 0, 0, 0
4702, 5977, 0, 0, 0
4801, 5208, 0, 0, 0
4902, 6103, 0, 0, 0
5000, 6070, 0, 0, 0
5100, 6801, 0, 0, 0
5203, 5930, 0, 0, 0
5300, 6003, 0, 0, 0
5400, 5744, 0, 0, 0
5503, 5755, 0, 0, 0
5600, 5380, 0, 0, 0
5700, 5275, 0, 0, 0
5801, 5787, 0, 0, 0
5902, 5768, 0, 0, 0
6002, 5803, 0, 0, 0
6100, 5830, 0, 0, 0
6201, 5291, 0, 0, 0
6304, 6196, 0, 0, 0
6407, 5894, 0, 0, 0
6500, 6199, 0, 0, 0
6603, 5992, 0, 0, 0
6702, 4733, 0, 0, 0
6800, 5343, 0, 0, 0
6902, 5579, 0, 0, 0
7000, 5967, 0, 0, 0
7100, 6187, 0, 0, 0
7201, 5869, 0, 0, 0
7300, 5565, 0, 0, 0
7400, 5963, 0, 0, 0
7501, 5171, 0, 0, 0
7602, 5334, 0, 0, 0
7702, 5589, 0, 0, 0
7800, 5071, 0, 0, 0
7900, 4931, 0, 0, 0
8000, 5568, 0, 0, 0
8100, 5427, 0, 0, 0
8203, 5872, 0, 0, 0
8302, 5486, 0, 0, 0
8400, 5418, 0, 0, 0
8501, 5305, 0, 0, 0
8600, 6388, 0, 0, 0
8702, 5956, 0, 0, 0
8800, 5450, 0, 0, 0
8900, 5507, 0, 0, 0
9000, 5820, 0, 0, 0
9103, 5331, 0, 0, 0
9203, 5970, 0, 0, 0
9303, 6218, 0, 0, 0
9400, 5449, 0, 0, 0
9504, 5828, 0, 0, 0
9608, 5734, 0, 0, 0
9704, 5822, 0, 0, 0
9802, 5675, 0, 0, 0
9900, 5732, 0, 0, 0
10007, 5831, 0, 0, 0
10102, 6053, 0, 0, 0
10200, 5107, 0, 0, 0
10303, 5406, 0, 0, 0
10400, 5556, 0, 0, 0
10500, 5871, 0, 0, 0
10606, 5004, 0, 0, 0
10701, 5550, 0, 0, 0
10802, 5112, 0, 0, 0
10904, 5428, 0, 0, 0
11006, 5785, 0, 0, 0
11100, 6240, 0, 0, 0
11200, 5383, 0, 0, 0
11300, 5280, 0, 0, 0
11404, 5809, 0, 0, 0
11500, 6133, 0, 0, 0
11600, 5669, 0, 0, 0
11702, 5653, 0, 0, 0
11800, 5586, 0, 0, 0
11900, 6447, 0, 0, 0
12002, 5982, 0, 0, 0
12101, 5541, 0, 0, 0
12201, 6049, 0, 0, 0
12305, 5897, 0, 0, 0
12401, 6187, 0, 0, 0
12500, 6376, 0, 0, 0
12601, 5928, 0, 0, 0
12701, 5570, 0, 0, 0
12800, 6175, 0, 0, 0
12901, 6307, 0, 0, 0
13004, 5322, 0, 0, 0
13100, 5840, 0, 0, 0
13200, 5560, 0, 0, 0
13300, 5788, 0, 0, 0
13401, 6434, 0, 0, 0
13503, 5849, 0, 0, 0
13603, 5606, 0, 0, 0
13702, 5986, 0, 0, 0
13803, 5526, 0, 0, 0
13900, 5295, 0, 0, 0
14002, 5270, 0, 0, 0
14101, 6081, 0, 0, 0
14200, 5723, 0, 0, 0
14300, 5630, 0, 0, 0
14400, 5975, 0, 0, 0
14500, 5399, 0, 0, 0
14601, 5273, 0, 0, 0
14701, 5645, 0, 0, 0
14801, 5945, 0, 0, 0
14900, 5596, 0, 0, 0
15001, 6240, 0, 0, 0
15101, 5707, 0, 0, 0
15206, 5748, 0, 0, 0
15300, 6310, 0, 0, 0
15401, 6272, 0, 0, 0
15501, 5656, 0, 0, 0
15605, 5250, 0, 0, 0
15703, 5695, 0, 0, 0
15801, 5603, 0, 0, 0
15900, 5546, 0, 0, 0
16000, 5398, 0, 0, 0
16101, 5368, 0, 0, 0
16200, 5079, 0, 0, 0
16301, 5371, 0, 0, 0
16400, 5529, 0, 0, 0
16502, 5394, 0, 0, 0
16600, 5412, 0, 0, 0
16702, 4892, 0, 0, 0
16800, 5804, 0, 0, 0
16900, 5429, 0, 0, 0
17001, 5950, 0, 0, 0
17103, 5857, 0, 0, 0
17200, 5631, 0, 0, 0
17304, 5828, 0, 0, 0
17404, 5985, 0, 0, 0
17501, 6102, 0, 0, 0
17602, 5662, 0, 0, 0
17700, 5378, 0, 0, 0
17800, 5369, 0, 0, 0
17900, 5683, 0, 0, 0
18000, 5901, 0, 0, 0
18106, 4973, 0, 0, 0
18200, 5637, 0, 0, 0
18302, 6037, 0, 0, 0
18400, 5386, 0, 0, 0
18500, 5703, 0, 0, 0
18605, 5780, 0, 0, 0
18702, 5544, 0, 0, 0
18801, 5274, 0, 0, 0
18900, 5957, 0, 0, 0
19003, 5509, 0, 0, 0
19105, 5616, 0, 0, 0
19200, 5410, 0, 0, 0
19300, 5116, 0, 0, 0
19402, 5819, 0, 0, 0
19500, 5825, 0, 0, 0
19607, 5595, 0, 0, 0
19702, 5572, 0, 0, 0
19802, 5764, 0, 0, 0
19900, 5926, 0, 0, 0
20001, 5500, 0, 0, 0
20100, 5574, 0, 0, 0
20200, 5439, 0, 0, 0
20301, 5552, 0, 0, 0
20401, 5451, 0, 0, 0
20501, 5061, 0, 0, 0
20602, 5770, 0, 0, 0
20704, 5626, 0, 0, 0
20802, 5569, 0, 0, 0
20901, 5645, 0, 0, 0
21002, 4910, 0, 0, 0
21104, 5842, 0, 0, 0
21201, 5582, 0, 0, 0
21301, 5486, 0, 0, 0
21400, 6071, 0, 0, 0
21503, 5360, 0, 0, 0
21600, 5418, 0, 0, 0
21701, 5999, 0, 0, 0
21801, 5677, 0, 0, 0
21900, 5984, 0, 0, 0
22000, 5938, 0, 0, 0
22101, 5713, 0, 0, 0
22200, 5798, 0, 0, 0
22300, 5505, 0, 0, 0
22400, 5481, 0, 0, 0
22501, 5565, 0, 0, 0
22602, 5828, 0, 0, 0
22703, 5813, 0, 0, 0
22801, 5783, 0, 0, 0
22903, 5276, 0, 0, 0
23006, 5291, 0, 0, 0
23100, 5547, 0, 0, 0
23200, 5070, 0, 0, 0
23303, 5951, 0, 0, 0
23401, 5693, 0, 0, 0
23500, 5648, 0, 0, 0
23605, 5926, 0, 0, 0
23702, 6269, 0, 0, 0
23803, 6433, 0, 0, 0
23900, 5143, 0, 0, 0
24000, 5468, 0, 0, 0
24101, 5658, 0, 0, 0
24201, 5529, 0, 0, 0
24302, 5491, 0, 0, 0
24400, 5703, 0, 0, 0
24504, 5466, 0, 0, 0
24600, 6244, 0, 0, 0
24700, 6211, 0, 0, 0
24800, 5136, 0, 0, 0
24903, 5432, 0, 0, 0
25000, 5667, 0, 0, 0
25102, 5392, 0, 0, 0
25200, 7071, 0, 0, 0
25302, 5501, 0, 0, 0
25401, 5709, 0, 0, 0
25510, 5342, 0, 0, 0
25600, 5923, 0, 0, 0
25700, 5545, 0, 0, 0
25800, 5326, 0, 0, 0
25905, 5505, 0, 0, 0
26002, 5449, 0, 0, 0
26100, 5731, 0, 0, 0
26201, 5559, 0, 0, 0
26301, 5613, 0, 0, 0
26400, 4976, 0, 0, 0
26501, 5220, 0, 0, 0
26603, 5602, 0, 0, 0
26702, 6324, 0, 0, 0
26801, 5413, 0, 0, 0
26900, 6447, 0, 0, 0
27002, 5101, 0, 0, 0
27103, 5398, 0, 0, 0
27200, 5574, 0, 0, 0
27300, 5521, 0, 0, 0
27401, 4914, 0, 0, 0
27505, 5554, 0, 0, 0
27601, 5611, 0, 0, 0
27700, 5163, 0, 0, 0
27800, 5735, 0, 0, 0
27902, 5632, 0, 0, 0
28001, 6348, 0, 0, 0
28100, 5694, 0, 0, 0
28200, 5361, 0, 0, 0
28300, 5515, 0, 0, 0
28400, 5219, 0, 0, 0
28502, 5996, 0, 0, 0
28600, 6238, 0, 0, 0
28701, 5998, 0, 0, 0
28800, 5951, 0, 0, 0
28901, 5618, 0, 0, 0
29000, 5673, 0, 0, 0
29102, 5995, 0, 0, 0
29200, 6224, 0, 0, 0
29302, 5181, 0, 0, 0
29400, 5721, 0, 0, 0
29500, 5941, 0, 0, 0
29601, 6020, 0, 0, 0
29701, 5112, 0, 0, 0
29802, 5917, 0, 0, 0
29903, 5975, 0, 0, 0
30006, 5342, 0, 0, 0
30100, 5360, 0, 0, 0
30200, 5620, 0, 0, 0
30300, 5524, 0, 0, 0
30401, 6221, 0, 0, 0
30500, 6508, 0, 0, 0
30600, 5748, 0, 0, 0
30700, 6058, 0, 0, 0
30802, 5345, 0, 0, 0
30903, 5409, 0, 0, 0
31000, 5445, 0, 0, 0
31101, 5290, 0, 0, 0
31202, 5541, 0, 0, 0
31300, 5531, 0, 0, 0
31400, 5376, 0, 0, 0
31502, 5526, 0, 0, 0
31603, 5374, 0, 0, 0
31701, 5558, 0, 0, 0
31805, 6025, 0, 0, 0
31900, 5210, 0, 0, 0
32000, 6341, 0, 0, 0
32101, 6031, 0, 0, 0
32200, 5511, 0, 0, 0
32300, 5325, 0, 0, 0
32405, 5369, 0, 0, 0
32500, 5490, 0, 0, 0
32602, 5414, 0, 0, 0
32700, 6014, 0, 0, 0
32800, 5720, 0, 0, 0
32900, 5564, 0, 0, 0
33000, 5457, 0, 0, 0
33100, 5676, 0, 0, 0
33200, 5510, 0, 0, 0
33301, 5309, 0, 0, 0
33400, 5779, 0, 0, 0
33500, 5263, 0, 0, 0
33600, 5675, 0, 0, 0
33701, 5764, 0, 0, 0
33800, 5495, 0, 0, 0
33901, 6119, 0, 0, 0
34000, 5709, 0, 0, 0
34101, 5489, 0, 0, 0
34200, 5486, 0, 0, 0
34300, 5652, 0, 0, 0
34405, 5945, 0, 0, 0
34500, 6176, 0, 0, 0
34602, 5819, 0, 0, 0
34703, 6411, 0, 0, 0
34800, 5483, 0, 0, 0
34901, 5548, 0, 0, 0
35000, 5486, 0, 0, 0
35100, 5393, 0, 0, 0
35204, 5271, 0, 0, 0
35302, 5538, 0, 0, 0
35401, 5805, 0, 0, 0
35500, 5182, 0, 0, 0
35601, 5221, 0, 0, 0
35701, 5483, 0, 0, 0
35802, 6137, 0, 0, 0
35901, 5764, 0, 0, 0
36002, 5682, 0, 0, 0
36102, 5403, 0, 0, 0
36202, 5758, 0, 0, 0
36302, 5957, 0, 0, 0
36404, 6064, 0, 0, 0
36500, 5862, 0, 0, 0
36602, 5646, 0, 0, 0
36701, 5698, 0, 0, 0
36801, 6068, 0, 0, 0
36900, 6251, 0, 0, 0
37001, 5830, 0, 0, 0
37100, 4997, 0, 0, 0
37200, 5323, 0, 0, 0
37300, 5449, 0, 0, 0
37404, 5535, 0, 0, 0
37500, 5618, 0, 0, 0
37600, 5380, 0, 0, 0
37702, 5670, 0, 0, 0
37803, 5705, 0, 0, 0
37900, 5251, 0, 0, 0
38000, 5402, 0, 0, 0
38100, 5336, 0, 0, 0
38200, 5696, 0, 0, 0
38303, 6074, 0, 0, 0
38400, 5937, 0, 0, 0
38501, 6042, 0, 0, 0
38601, 5525, 0, 0, 0
38702, 5958, 0, 0, 0
38800, 5880, 0, 0, 0
38900, 5634, 0, 0, 0
39000, 5897, 0, 0, 0
39106, 5880, 0, 0, 0
39200, 5464, 0, 0, 0
39300, 5336, 0, 0, 0
39401, 6327, 0, 0, 0
39500, 5350, 0, 0, 0
39600, 5521, 0, 0, 0
39702, 5270, 0, 0, 0
39800, 5786, 0, 0, 0
39905, 5286, 0, 0, 0
40000, 5614, 0, 0, 0
40100, 5468, 0, 0, 0
40202, 5692, 0, 0, 0
40302, 5791, 0, 0, 0
40400, 5479, 0, 0, 0
40501, 5556, 0, 0, 0
40600, 5308, 0, 0, 0
40700, 5609, 0, 0, 0
40801, 6704, 0, 0, 0
40901, 5265, 0, 0, 0
41001, 5979, 0, 0, 0
41101, 5750, 0, 0, 0
41201, 5619, 0, 0, 0
41301, 5759, 0, 0, 0
41401, 5327, 0, 0, 0
41503, 6352, 0, 0, 0
41600, 5590, 0, 0, 0
41701, 5742, 0, 0, 0
41802, 5406, 0, 0, 0
41904, 5812, 0, 0, 0
42000, 5131, 0, 0, 0
42100, 5928, 0, 0, 0
42203, 5330, 0, 0, 0
42300, 5868, 0, 0, 0
42400, 5391, 0, 0, 0
42500, 6131, 0, 0, 0
42601, 5440, 0, 0, 0
42700, 5383, 0, 0, 0
42802, 5497, 0, 0, 0
42903, 5995, 0, 0, 0
43000, 5699, 0, 0, 0
43101, 5438, 0, 0, 0
43200, 5446, 0, 0, 0
43300, 5475, 0, 0, 0
43400, 5651, 0, 0, 0
43505, 5641, 0, 0, 0
43601, 5268, 0, 0, 0
43700, 5080, 0, 0, 0
43801, 5324, 0, 0, 0
43900, 5246, 0, 0, 0
44006, 5499, 0, 0, 0
44101, 5851, 0, 0, 0
44200, 5473, 0, 0, 0
44301, 6241, 0, 0, 0
44402, 5630, 0, 0, 0
44502, 6410, 0, 0, 0
44600, 6429, 0, 0, 0
44700, 5045, 0, 0, 0
44801, 5133, 0, 0, 0
44902, 5779, 0, 0, 0
45000, 5607, 0, 0, 0
45100, 5991, 0, 0, 0
45205, 6220, 0, 0, 0
45300, 6307, 0, 0, 0
45401, 5523, 0, 0, 0
45500, 5840, 0, 0, 0
45604, 5777, 0, 0, 0
45700, 5375, 0, 0, 0
45801, 5276, 0, 0, 0
45901, 5464, 0, 0, 0
46001, 5184, 0, 0, 0
46105, 5946, 0, 0, 0
46202, 5750, 0, 0, 0
46302, 5753, 0, 0, 0
46401, 5839, 0, 0, 0
46502, 5693, 0, 0, 0
46601, 5565, 0, 0, 0
46703, 5841, 0, 0, 0
46800, 5644, 0, 0, 0
46900, 5875, 0, 0, 0
47000, 5750, 0, 0, 0
47100, 5737, 0, 0, 0
47202, 6236, 0, 0, 0
47303, 5871, 0, 0, 0
47401, 5913, 0, 0, 0
47501, 5626, 0, 0, 0
47602, 5810, 0, 0, 0
47700, 6283, 0, 0, 0
47809, 5515, 0, 0, 0
47902, 5325, 0, 0, 0
48000, 5930, 0, 0, 0
48103, 6777, 0, 0, 0
48205, 6645, 0, 0, 0
48300, 6238, 0, 0, 0
48400, 5047, 0, 0, 0
48500, 5488, 0, 0, 0
48601, 5552, 0, 0, 0
48701, 5595, 0, 0, 0
48802, 6050, 0, 0, 0
48902, 5523, 0, 0, 0
49000, 6279, 0, 0, 0
49100, 5333, 0, 0, 0
49202, 5369, 0, 0, 0
49300, 5670, 0, 0, 0
49400, 6134, 0, 0, 0
49501, 5666, 0, 0, 0
49602, 5768, 0, 0, 0
49700, 5833, 0, 0, 0
49800, 5771, 0, 0, 0
49903, 6380, 0, 0, 0
50001, 6018, 0, 0, 0
50104, 6171, 0, 0, 0
50203, 5484, 0, 0, 0
50304, 5579, 0, 0, 0
50400, 5460, 0, 0, 0
50500, 5262, 0, 0, 0
50600, 5708, 0, 0, 0
50700, 5327, 0, 0, 0
50804, 7589, 0, 0, 0
50900, 5205, 0, 0, 0
51002, 5543, 0, 0, 0
51103, 5735, 0, 0, 0
51200, 5709, 0, 0, 0
51300, 5532, 0, 0, 0
51400, 5850, 0, 0, 0
51502, 6084, 0, 0, 0
51600, 5335, 0, 0, 0
51701, 6547, 0, 0, 0
51800, 5566, 0, 0, 0
51900, 4941, 0, 0, 0
52001, 5294, 0, 0, 0
52101, 5838, 0, 0, 0
52200, 6148, 0, 0, 0
52301, 6521, 0, 0, 0
52401, 6460, 0, 0, 0
52501, 5459, 0, 0, 0
52602, 5678, 0, 0, 0
52701, 6093, 0, 0, 0
52802, 5745, 0, 0, 0
52903, 5600, 0, 0, 0
53001, 5761, 0, 0, 0
53100, 6293, 0, 0, 0
53200, 5524, 0, 0, 0
53302, 5809, 0, 0, 0
53400, 6501, 0, 0, 0
53500, 6243, 0, 0, 0
53601, 6213, 0, 0, 0
53703, 5584, 0, 0, 0
53802, 5787, 0, 0, 0
53900, 5991, 0, 0, 0
54005, 5933, 0, 0, 0
54108, 5758, 0, 0, 0
54205, 6676, 0, 0, 0
54308, 5914, 0, 0, 0
54401, 5511, 0, 0, 0
54502, 6453, 0, 0, 0
54603, 6032, 0, 0, 0
54700, 6615, 0, 0, 0
54802, 5870, 0, 0, 0
54901, 5946, 0, 0, 0
55001, 5983, 0, 0, 0
55107, 6170, 0, 0, 0
55202, 6219, 0, 0, 0
55302, 5963, 0, 0, 0
55402, 5588, 0, 0, 0
55500, 5750, 0, 0, 0
55600, 5588, 0, 0, 0
55706, 6722, 0, 0, 0
55802, 6215, 0, 0, 0
55901, 5690, 0, 0, 0
56001, 5797, 0, 0, 0
56102, 5836, 0, 0, 0
56202, 5956, 0, 0, 0
56303, 5987, 0, 0, 0
56400, 5516, 0, 0, 0
56500, 5510, 0, 0, 0
56601, 6237, 0, 0, 0
56701, 6292, 0, 0, 0
56801, 5907, 0, 0, 0
56900, 6434, 0, 0, 0
57000, 5671, 0, 0, 0
57100, 6570, 0, 0, 0
57200, 5911, 0, 0, 0
57302, 6363, 0, 0, 0
57402, 6034, 0, 0, 0
57500, 5727, 0, 0, 0
57602, 6302, 0, 0, 0
57700, 5774, 0, 0, 0
57805, 5599, 0, 0, 0
57900, 6748, 0, 0, 0
58002, 5923, 0, 0, 0
58103, 5902, 0, 0, 0
58204, 6170, 0, 0, 0
58300, 5933, 0, 0, 0
58400, 5211, 0, 0, 0
58500, 6221, 0, 0, 0
58600, 6036, 0, 0, 0
58702, 6437, 0, 0, 0
58805, 5877, 0, 0, 0
58900, 5655, 0, 0, 0
59000, 5232, 0, 0, 0
59100, 5478, 0, 0, 0
59201, 6194, 0, 0, 0
59300, 6093, 0, 0, 0
59400, 6052, 0, 0, 0
59504, 5495, 0, 0, 0
59600, 5453, 0, 0, 0
59700, 5817, 0, 0, 0
59800, 6316, 0, 0, 0
59900, 6296, 0, 0, 0
60019, 5971, 0, 0, 0
