100, 22791052, 0, 0, 0
211, 19233522, 0, 0, 0
309, 19759528, 0, 0, 0
407, 22640805, 0, 0, 0
509, 15330685, 0, 0, 0
614, 18875439, 0, 0, 0
700, 16600481, 0, 0, 0
805, 26105788, 0, 0, 0
902, 29258450, 0, 0, 0
1003, 21040025, 0, 0, 0
1105, 19771156, 0, 0, 0
1204, 22532623, 0, 0, 0
1305, 22068019, 0, 0, 0
1402, 11808851, 0, 0, 0
1501, 20433102, 0, 0, 0
1602, 24513463, 0, 0, 0
1701, 20980449, 0, 0, 0
1807, 23549777, 0, 0, 0
1904, 21602607, 0, 0, 0
2009, 23374128, 0, 0, 0
2100, 23510951, 0, 0, 0
2208, 18598988, 0, 0, 0
2305, 30170525, 0, 0, 0
2406, 23784752, 0, 0, 0
2501, 19300838, 0, 0, 0
2603, 19400304, 0, 0, 0
2713, 18322871, 0, 0, 0
2807, 20670635, 0, 0, 0
2904, 21776458, 0, 0, 0
3007, 24214065, 0, 0, 0
3115, 17984973, 0, 0, 0
3201, 13991048, 0, 0, 0
3313, 29012549, 0, 0, 0
3401, 19280967, 0, 0, 0
3502, 21177593, 0, 0, 0
3607, 16219215, 0, 0, 0
3704, 17114559, 0, 0, 0
3809, 25528759, 0, 0, 0
3903, 28322316, 0, 0, 0
4002, 24867587, 0, 0, 0
4109, 17094088, 0, 0, 0
4200, 20168908, 0, 0, 0
4307, 18132390, 0, 0, 0
4400, 17418771, 0, 0, 0
4501, 17236044, 0, 0, 0
4610, 23483444, 0, 0, 0
4702, 20734087, 0, 0, 0
4800, 26449812, 0, 0, 0
4904, 26456632, 0, 0, 0
5000, 21093878, 0, 0, 0
5101, 15789865, 0, 0, 0
5213, 20084223, 0, 0, 0
5303, 18111246, 0, 0, 0
5403, 24843692, 0, 0, 0
5504, 19090310, 0, 0, 0
5603, 19713264, 0, 0, 0
5705, 19391362, 0, 0, 0
5805, 25161400, 0, 0, 0
5906, 16301800, 0, 0, 0
6006, 22462587, 0, 0, 0
6101, 21308948, 0, 0, 0
6203, 21539271, 0, 0, 0
6304, 25898022, 0, 0, 0
6410, 20599378, 0, 0, 0
6511, 18883205, 0, 0, 0
6605, 26894810, 0, 0, 0
6701, 17184237, 0, 0, 0
6803, 23465213, 0, 0, 0
6906, 20748240, 0, 0, 0
7008, 16612641, 0, 0, 0
7100, 16343422, 0, 0, 0
7200, 23378334, 0, 0, 0
7300, 15671420, 0, 0, 0
7402, 21008380, 0, 0, 0
7503, 20152250, 0, 0, 0
7609, 16135660, 0, 0, 0
7707, 20620032, 0, 0, 0
7806, 23959280, 0, 0, 0
7916, 23463188, 0, 0, 0
8002, 25073350, 0, 0, 0
8103, 23844820, 0, 0, 0
8203, 16512004, 0, 0, 0
8313, 16844532, 0, 0, 0
8411, 22984019, 0, 0, 0
8501, 23310888, 0, 0, 0
8601, 20328703, 0, 0, 0
8700, 21780839, 0, 0, 0
8800, 19085129, 0, 0, 0
8901, 22897378, 0, 0, 0
9004, 23349560, 0, 0, 0
9109, 25189669, 0, 0, 0
9203, 20093187, 0, 0, 0
9311, 15136559, 0, 0, 0
9416, 26889003, 0, 0, 0
9504, 21261298, 0, 0, 0
9609, 23859831, 0, 0, 0
9703, 18062998, 0, 0, 0
9806, 18685777, 0, 0, 0
9900, 26144139, 0, 0, 0
10003, 16569059, 0, 0, 0
10108, 21859886, 0, 0, 0
10211, 20049701, 0, 0, 0
10304, 18938020, 0, 0, 0
10401, 18039505, 0, 0, 0
10510, 19393226, 0, 0, 0
10607, 16858849, 0, 0, 0
10701, 22319127, 0, 0, 0
10812, 19500321, 0, 0, 0
10900, 20423593, 0, 0, 0
11003, 24021709, 0, 0, 0
11103, 19805646, 0, 0, 0
11202, 18024900, 0, 0, 0
11302, 19045453, 0, 0, 0
11402, 15708289, 0, 0, 0
11503, 19157508, 0, 0, 0
11607, 24893023, 0, 0, 0
11712, 19543572, 0, 0, 0
11800, 20303083, 0, 0, 0
11904, 20165636, 0, 0, 0
12010, 19291136, 0, 0, 0
12109, 27281404, 0, 0, 0
12205, 21234556, 0, 0, 0
12307, 24452189, 0, 0, 0
12401, 31194691, 0, 0, 0
12500, 20469539, 0, 0, 0
12608, 26856019, 0, 0, 0
12704, 25120020, 0, 0, 0
12806, 25192800, 0, 0, 0
12912, 16092545, 0, 0, 0
13004, 24925155, 0, 0, 0
13103, 14642765, 0, 0, 0
13201, 18437673, 0, 0, 0
13300, 20441925, 0, 0, 0
13400, 20924425, 0, 0, 0
13505, 23963687, 0, 0, 0
13611, 22897951, 0, 0, 0
13701, 16670895, 0, 0, 0
13809, 25822898, 0, 0, 0
13902, 19373511, 0, 0, 0
14006, 19300702, 0, 0, 0
14101, 22369652, 0, 0, 0
14214, 20456333, 0, 0, 0
14302, 22654106, 0, 0, 0
14410, 21977704, 0, 0, 0
14502, 21399699, 0, 0, 0
14608, 22510835, 0, 0, 0
14701, 20020990, 0, 0, 0
14802, 17762868, 0, 0, 0
14907, 21490876, 0, 0, 0
15001, 21595105, 0, 0, 0
15101, 31781413, 0, 0, 0
15200, 18869299, 0, 0, 0
15305, 22907807, 0, 0, 0
15401, 26524632, 0, 0, 0
15508, 16626459, 0, 0, 0
15601, 22265550, 0, 0, 0
15706, 24683817, 0, 0, 0
15803, 20704445, 0, 0, 0
15903, 20033674, 0, 0, 0
16000, 24321213, 0, 0, 0
16101, 17911546, 0, 0, 0
16202, 21596027, 0, 0, 0
16311, 22409162, 0, 0, 0
16418, 23216451, 0, 0, 0
16505, 31047667, 0, 0, 0
16605, 21381526, 0, 0, 0
16703, 25476309, 0, 0, 0
16809, 20008793, 0, 0, 0
16915, 23249380, 0, 0, 0
17005, 25737590, 0, 0, 0
17103, 25665593, 0, 0, 0
17201, 25473459, 0, 0, 0
17306, 21468534, 0, 0, 0
17400, 29440565, 0, 0, 0
17502, 25095193, 0, 0, 0
17603, 20923744, 0, 0, 0
17704, 17894160, 0, 0, 0
17803, 14393624, 0, 0, 0
17909, 31490606, 0, 0, 0
18005, 18308108, 0, 0, 0
18105, 22114205, 0, 0, 0
18209, 20228821, 0, 0, 0
18306, 21798624, 0, 0, 0
18412, 22534166, 0, 0, 0
18504, 21767391, 0, 0, 0
18609, 14960114, 0, 0, 0
18712, 19669675, 0, 0, 0
18808, 19372862, 0, 0, 0
18906, 26834479, 0, 0, 0
19007, 15241517, 0, 0, 0
19100, 27005224, 0, 0, 0
19203, 19277656, 0, 0, 0
19301, 17204433, 0, 0, 0
19400, 20502291, 0, 0, 0
19506, 15906001, 0, 0, 0
19604, 23477227, 0, 0, 0
19701, 16093547, 0, 0, 0
19800, 19050504, 0, 0, 0
19902, 19252914, 0, 0, 0
20004, 18075649, 0, 0, 0
20110, 23480342, 0, 0, 0
20204, 21291153, 0, 0, 0
20308, 21319822, 0, 0, 0
20403, 22435869, 0, 0, 0
20520, 21822970, 0, 0, 0
20612, 29119402, 0, 0, 0
20702, 18357096, 0, 0, 0
20806, 23407399, 0, 0, 0
20902, 23494464, 0, 0, 0
21002, 24749042, 0, 0, 0
21101, 19288791, 0, 0, 0
21201, 18402047, 0, 0, 0
21304, 22661057, 0, 0, 0
21401, 17923060, 0, 0, 0
21508, 20699266, 0, 0, 0
21606, 26336634, 0, 0, 0
21702, 18459957, 0, 0, 0
21805, 14529525, 0, 0, 0
21901, 27625615, 0, 0, 0
22004, 22924359, 0, 0, 0
22101, 18528353, 0, 0, 0
22214, 17848897, 0, 0, 0
22300, 17618386, 0, 0, 0
22400, 21743082, 0, 0, 0
22509, 21187230, 0, 0, 0
22622, 20616831, 0, 0, 0
22702, 18764847, 0, 0, 0
22814, 20728365, 0, 0, 0
22903, 20588790, 0, 0, 0
23005, 28614692, 0, 0, 0
23102, 23825230, 0, 0, 0
23206, 22306140, 0, 0, 0
23302, 18857984, 0, 0, 0
23400, 33407123, 0, 0, 0
23503, 22262372, 0, 0, 0
23605, 26989982, 0, 0, 0
23703, 24438723, 0, 0, 0
23809, 25017536, 0, 0, 0
23900, 29334869, 0, 0, 0
24007, 28343139, 0, 0, 0
24104, 25332187, 0, 0, 0
24203, 22423753, 0, 0, 0
24300, 17280885, 0, 0, 0
24403, 22864548, 0, 0, 0
24510, 19421695, 0, 0, 0
24604, 17190280, 0, 0, 0
24702, 16102818, 0, 0, 0
24800, 28180119, 0, 0, 0
24915, 11766208, 0, 0, 0
25000, 16771925, 0, 0, 0
25103, 22702936, 0, 0, 0
25206, 22969865, 0, 0, 0
25309, 26270432, 0, 0, 0
25408, 18917170, 0, 0, 0
25503, 16010021, 0, 0, 0
25603, 21037809, 0, 0, 0
25704, 17583058, 0, 0, 0
25805, 22425552, 0, 0, 0
25901, 21116120, 0, 0, 0
26012, 19886381, 0, 0, 0
26106, 19840864, 0, 0, 0
26207, 16794421, 0, 0, 0
26301, 16971619, 0, 0, 0
26420, 30160745, 0, 0, 0
26506, 20457314, 0, 0, 0
26602, 19295003, 0, 0, 0
26705, 23270468, 0, 0, 0
26801, 24069396, 0, 0, 0
26900, 18388519, 0, 0, 0
27006, 18756446, 0, 0, 0
27111, 20845897, 0, 0, 0
27206, 18557865, 0, 0, 0
27305, 26918510, 0, 0, 0
27406, 20393907, 0, 0, 0
27509, 20614075, 0, 0, 0
27606, 28171074, 0, 0, 0
27701, 21095016, 0, 0, 0
27802, 20201621, 0, 0, 0
27909, 24743415, 0, 0, 0
28000, 18939721, 0, 0, 0
28101, 27583774, 0, 0, 0
28208, 19823811, 0, 0, 0
28304, 20853360, 0, 0, 0
28421, 24806654, 0, 0, 0
28501, 20825137, 0, 0, 0
28602, 18838144, 0, 0, 0
28701, 21589559, 0, 0, 0
28809, 19305535, 0, 0, 0
28905, 17981491, 0, 0, 0
29006, 24026251, 0, 0, 0
29100, 24488224, 0, 0, 0
29205, 17643314, 0, 0, 0
29300, 17433375, 0, 0, 0
29406, 22140674, 0, 0, 0
29502, 23663832, 0, 0, 0
29605, 17235683, 0, 0, 0
29700, 15413669, 0, 0, 0
29800, 17487233, 0, 0, 0
29902, 29832667, 0, 0, 0
30009, 20402421, 0, 0, 0
30103, 16194963, 0, 0, 0
30201, 13066898, 0, 0, 0
30318, 16662306, 0, 0, 0
30407, 35236427, 0, 0, 0
30502, 11068444, 0, 0, 0
30609, 17380786, 0, 0, 0
30700, 17020856, 0, 0, 0
30808, 19111970, 0, 0, 0
30903, 17999817, 0, 0, 0
31028, 15647582, 0, 0, 0
31100, 26939599, 0, 0, 0
31202, 20954754, 0, 0, 0
31305, 22811749, 0, 0, 0
31405, 24822670, 0, 0, 0
31500, 25027127, 0, 0, 0
31605, 21034172, 0, 0, 0
31702, 23607634, 0, 0, 0
31808, 31446036, 0, 0, 0
31900, 19670274, 0, 0, 0
32003, 18013021, 0, 0, 0
32106, 18235408, 0, 0, 0
32207, 18999344, 0, 0, 0
32317, 21481037, 0, 0, 0
32402, 26165766, 0, 0, 0
32506, 24536921, 0, 0, 0
32600, 18978094, 0, 0, 0
32701, 23404315, 0, 0, 0
32814, 18665035, 0, 0, 0
32903, 22510522, 0, 0, 0
33007, 20859296, 0, 0, 0
33106, 22877185, 0, 0, 0
33216, 17943327, 0, 0, 0
33323, 22935838, 0, 0, 0
33421, 25528211, 0, 0, 0
33503, 13710477, 0, 0, 0
33604, 33233409, 0, 0, 0
33700, 25202155, 0, 0, 0
33800, 17149932, 0, 0, 0
33905, 20809309, 0, 0, 0
34007, 22313989, 0, 0, 0
34103, 15480461, 0, 0, 0
34206, 27387322, 0, 0, 0
34306, 17981821, 0, 0, 0
34400, 29271064, 0, 0, 0
34504, 18026636, 0, 0, 0
34601, 24671789, 0, 0, 0
34706, 28509224, 0, 0, 0
34801, 26499546, 0, 0, 0
34901, 18057740, 0, 0, 0
35000, 23221667, 0, 0, 0
35112, 20576716, 0, 0, 0
35200, 30956473, 0, 0, 0
35302, 23290383, 0, 0, 0
35407, 23464011, 0, 0, 0
35502, 26875424, 0, 0, 0
35613, 16663403, 0, 0, 0
35704, 30545911, 0, 0, 0
35802, 21170349, 0, 0, 0
35903, 19485843, 0, 0, 0
36000, 21168920, 0, 0, 0
36105, 18213702, 0, 0, 0
36200, 19583281, 0, 0, 0
36311, 12823289, 0, 0, 0
36401, 24902053, 0, 0, 0
36501, 21082689, 0, 0, 0
36601, 21788869, 0, 0, 0
36714, 16848402, 0, 0, 0
36808, 20675951, 0, 0, 0
36903, 17349237, 0, 0, 0
37010, 20923001, 0, 0, 0
37104, 23531999, 0, 0, 0
37200, 18953735, 0, 0, 0
37303, 21280691, 0, 0, 0
37408, 17833774, 0, 0, 0
37513, 22896176, 0, 0, 0
37600, 21577429, 0, 0, 0
37709, 15670016, 0, 0, 0
37803, 14615335, 0, 0, 0
37907, 22672946, 0, 0, 0
38006, 21876043, 0, 0, 0
38118, 18673223, 0, 0, 0
38201, 20783845, 0, 0, 0
38305, 21667692, 0, 0, 0
38410, 33495398, 0, 0, 0
38509, 23623432, 0, 0, 0
38614, 18382318, 0, 0, 0
38716, 21801662, 0, 0, 0
38803, 19115002, 0, 0, 0
38902, 21029093, 0, 0, 0
39011, 12156220, 0, 0, 0
39106, 21428930, 0, 0, 0
39208, 13976174, 0, 0, 0
39304, 17376885, 0, 0, 0
39406, 25479306, 0, 0, 0
39510, 18630901, 0, 0, 0
39600, 17744275, 0, 0, 0
39712, 21269828, 0, 0, 0
39808, 22150289, 0, 0, 0
39908, 23059543, 0, 0, 0
40003, 18530832, 0, 0, 0
40107, 22286110, 0, 0, 0
40202, 19452710, 0, 0, 0
40306, 22107022, 0, 0, 0
40408, 26494522, 0, 0, 0
40507, 22680487, 0, 0, 0
40611, 27692971, 0, 0, 0
40713, 19919493, 0, 0, 0
40804, 24428128, 0, 0, 0
40900, 19177769, 0, 0, 0
41004, 24132722, 0, 0, 0
41100, 20549568, 0, 0, 0
41204, 20423035, 0, 0, 0
41302, 21737865, 0, 0, 0
41402, 20535794, 0, 0, 0
41501, 15834799, 0, 0, 0
41604, 22318817, 0, 0, 0
41700, 14747502, 0, 0, 0
41811, 13840938, 0, 0, 0
41907, 21024673, 0, 0, 0
42008, 24641870, 0, 0, 0
42104, 18543390, 0, 0, 0
42204, 19578839, 0, 0, 0
42303, 17446324, 0, 0, 0
42405, 15854034, 0, 0, 0
42508, 20010400, 0, 0, 0
42609, 20876793, 0, 0, 0
42703, 20269341, 0, 0, 0
42810, 23150106, 0, 0, 0
42901, 16431933, 0, 0, 0
43012, 22871381, 0, 0, 0
43108, 24966639, 0, 0, 0
43207, 26272078, 0, 0, 0
43301, 18061247, 0, 0, 0
43403, 19582842, 0, 0, 0
43507, 20022400, 0, 0, 0
43610, 18260200, 0, 0, 0
43710, 24963000, 0, 0, 0
43800, 24389861, 0, 0, 0
43900, 18666735, 0, 0, 0
44000, 19889542, 0, 0, 0
44114, 24361328, 0, 0, 0
44209, 26443475, 0, 0, 0
44301, 19228669, 0, 0, 0
44404, 26683141, 0, 0, 0
44519, 24066335, 0, 0, 0
44600, 23272003, 0, 0, 0
44710, 12715266, 0, 0, 0
44803, 16787468, 0, 0, 0
44903, 16461603, 0, 0, 0
45011, 18899812, 0, 0, 0
45110, 21348341, 0, 0, 0
45201, 17561022, 0, 0, 0
45304, 23318315, 0, 0, 0
45403, 22167744, 0, 0, 0
45516, 19426129, 0, 0, 0
45604, 26464757, 0, 0, 0
45703, 21069732, 0, 0, 0
45802, 22387155, 0, 0, 0
45900, 20078805, 0, 0, 0
46008, 20560296, 0, 0, 0
46101, 34483384, 0, 0, 0
46201, 19984363, 0, 0, 0
46301, 26394073, 0, 0, 0
46400, 20748475, 0, 0, 0
46503, 22964643, 0, 0, 0
46601, 22494417, 0, 0, 0
46701, 19014827, 0, 0, 0
46811, 25395298, 0, 0, 0
46931, 24475151, 0, 0, 0
47020, 24783134, 0, 0, 0
47100, 25413202, 0, 0, 0
47201, 18129765, 0, 0, 0
47302, 26337794, 0, 0, 0
47400, 20853015, 0, 0, 0
47504, 19038391, 0, 0, 0
47603, 23033400, 0, 0, 0
47714, 20482394, 0, 0, 0
47805, 24889604, 0, 0, 0
47909, 26745541, 0, 0, 0
48006, 13686622, 0, 0, 0
48112, 21951142, 0, 0, 0
48212, 18875842, 0, 0, 0
48310, 23651362, 0, 0, 0
48402, 26678460, 0, 0, 0
48500, 25645243, 0, 0, 0
48606, 23683564, 0, 0, 0
48707, 29285903, 0, 0, 0
48816, 20018061, 0, 0, 0
48900, 15835672, 0, 0, 0
49001, 33869496, 0, 0, 0
49102, 19993256, 0, 0, 0
49204, 15516142, 0, 0, 0
49311, 36245771, 0, 0, 0
49403, 19029147, 0, 0, 0
49513, 23818727, 0, 0, 0
49606, 16990849, 0, 0, 0
49722, 24515225, 0, 0, 0
49800, 26142694, 0, 0, 0
49900, 25217037, 0, 0, 0
50002, 15853959, 0, 0, 0
50100, 17161674, 0, 0, 0
50203, 20721954, 0, 0, 0
50302, 26723152, 0, 0, 0
50401, 23032322, 0, 0, 0
50509, 22620397, 0, 0, 0
50621, 18371851, 0, 0, 0
50703, 16666879, 0, 0, 0
50806, 22709154, 0, 0, 0
50908, 17158408, 0, 0, 0
51020, 24518727, 0, 0, 0
51111, 18959636, 0, 0, 0
51212, 26632359, 0, 0, 0
51309, 19468434, 0, 0, 0
51409, 19976623, 0, 0, 0
51511, 19245030, 0, 0, 0
51601, 18312445, 0, 0, 0
51707, 23530248, 0, 0, 0
51804, 27440894, 0, 0, 0
51905, 15969906, 0, 0, 0
52008, 17020213, 0, 0, 0
52102, 27355147, 0, 0, 0
52203, 22238016, 0, 0, 0
52302, 22458482, 0, 0, 0
52402, 23016768, 0, 0, 0
52505, 30648280, 0, 0, 0
52622, 19776111, 0, 0, 0
52710, 16394602, 0, 0, 0
52804, 22841324, 0, 0, 0
52907, 25093373, 0, 0, 0
53010, 19332326, 0, 0, 0
53102, 21768497, 0, 0, 0
53211, 18672769, 0, 0, 0
53307, 25519778, 0, 0, 0
53401, 16064057, 0, 0, 0
53500, 21580926, 0, 0, 0
53600, 22625560, 0, 0, 0
53711, 27582771, 0, 0, 0
53806, 19011189, 0, 0, 0
53906, 23432923, 0, 0, 0
54004, 22196419, 0, 0, 0
54101, 18027538, 0, 0, 0
54208, 21097725, 0, 0, 0
54303, 19118382, 0, 0, 0
54408, 17244878, 0, 0, 0
54510, 15068400, 0, 0, 0
54619, 25978629, 0, 0, 0
54701, 24596875, 0, 0, 0
54805, 15732827, 0, 0, 0
54903, 27409567, 0, 0, 0
55003, 18078686, 0, 0, 0
55109, 21711480, 0, 0, 0
55207, 19765030, 0, 0, 0
55307, 24012629, 0, 0, 0
55400, 23705259, 0, 0, 0
55501, 23054582, 0, 0, 0
55608, 18683188, 0, 0, 0
55705, 32314405, 0, 0, 0
55813, 25721519, 0, 0, 0
55904, 27188043, 0, 0, 0
56009, 21478943, 0, 0, 0
56116, 25556445, 0, 0, 0
56202, 24778573, 0, 0, 0
56304, 20569065, 0, 0, 0
56402, 34736006, 0, 0, 0
56504, 17746174, 0, 0, 0
56601, 30814735, 0, 0, 0
56700, 17691174, 0, 0, 0
56802, 24697852, 0, 0, 0
56912, 25704203, 0, 0, 0
57003, 19697249, 0, 0, 0
57116, 21272742, 0, 0, 0
57229, 19837726, 0, 0, 0
57303, 24433335, 0, 0, 0
57403, 25788960, 0, 0, 0
57509, 23491964, 0, 0, 0
57605, 23557880, 0, 0, 0
57700, 21757002, 0, 0, 0
57802, 30894369, 0, 0, 0
57918, 17742951, 0, 0, 0
58001, 29643646, 0, 0, 0
58109, 24967847, 0, 0, 0
58209, 18573994, 0, 0, 0
58311, 25335876, 0, 0, 0
58425, 27006285, 0, 0, 0
58509, 27942628, 0, 0, 0
58606, 33231646, 0, 0, 0
58700, 21830120, 0, 0, 0
58803, 18027311, 0, 0, 0
58900, 23769085, 0, 0, 0
59011, 23829384, 0, 0, 0
59108, 24162608, 0, 0, 0
59202, 23095220, 0, 0, 0
59302, 21114886, 0, 0, 0
59411, 21982828, 0, 0, 0
59505, 22593704, 0, 0, 0
59609, 21659860, 0, 0, 0
59703, 29300465, 0, 0, 0
59802, 24765703, 0, 0, 0
59914, 33165450, 0, 0, 0
60001, 22418445, 0, 0, 0
60008, 18030258, 0, 0, 0
