100, 11409, 0, 0, 0
207, 12823, 0, 0, 0
300, 11642, 0, 0, 0
405, 11146, 0, 0, 0
506, 10560, 0, 0, 0
608, 11087, 0, 0, 0
702, 10871, 0, 0, 0
812, 11428, 0, 0, 0
900, 11261, 0, 0, 0
1002, 11525, 0, 0, 0
1105, 15213, 0, 0, 0
1201, 11642, 0, 0, 0
1313, 12832, 0, 0, 0
1401, 9527, 0, 0, 0
1503, 10746, 0, 0, 0
1610, 10214, 0, 0, 0
1701, 11725, 0, 0, 0
1811, 12902, 0, 0, 0
1900, 9921, 0, 0, 0
2002, 12880, 0, 0, 0
2101, 15877, 0, 0, 0
2210, 11693, 0, 0, 0
2303, 9466, 0, 0, 0
2409, 9962, 0, 0, 0
2505, 11602, 0, 0, 0
2611, 10637, 0, 0, 0
2703, 10560, 0, 0, 0
2803, 10254, 0, 0, 0
2901, 10498, 0, 0, 0
3010, 10887, 0, 0, 0
3102, 10382, 0, 0, 0
3227, 11339, 0, 0, 0
3314, 10619, 0, 0, 0
3401, 11514, 0, 0, 0
3502, 9852, 0, 0, 0
3605, 11234, 0, 0, 0
3704, 9987, 0, 0, 0
3806, 11461, 0, 0, 0
3900, 8520, 0, 0, 0
4005, 8851, 0, 0, 0
4107, 9092, 0, 0, 0
4206, 9604, 0, 0, 0
4303, 11618, 0, 0, 0
4401, 10906, 0, 0, 0
4503, 11749, 0, 0, 0
4608, 9446, 0, 0, 0
4705, 10609, 0, 0, 0
4814, 10215, 0, 0, 0
4901, 11041, 0, 0, 0
5001, 11748, 0, 0, 0
5112, 11110, 0, 0, 0
5210, 9824, 0, 0, 0
5301, 11254, 0, 0, 0
5406, 11014, 0, 0, 0
5502, 9391, 0, 0, 0
5610, 11390, 0, 0, 0
5716, 10380, 0, 0, 0
5809, 9131, 0, 0, 0
5900, 10985, 0, 0, 0
6008, 8768, 0, 0, 0
6105, 9734, 0, 0, 0
6200, 9548, 0, 0, 0
6305, 10201, 0, 0, 0
6407, 8655, 0, 0, 0
6508, 10421, 0, 0, 0
6604, 10138, 0, 0, 0
6710, 9833, 0, 0, 0
6804, 9878, 0, 0, 0
6907, 9445, 0, 0, 0
7012, 8637, 0, 0, 0
7105, 9207, 0, 0, 0
7204, 8706, 0, 0, 0
7309, 10481, 0, 0, 0
7402, 9470, 0, 0, 0
7501, 11013, 0, 0, 0
7608, 9700, 0, 0, 0
7701, 11127, 0, 0, 0
7801, 9047, 0, 0, 0
7905, 9558, 0, 0, 0
8007, 9895, 0, 0, 0
8118, 10959, 0, 0, 0
8205, 10971, 0, 0, 0
8307, 10798, 0, 0, 0
8402, 10784, 0, 0, 0
8505, 10679, 0, 0, 0
8608, 10379, 0, 0, 0
8708, 11177, 0, 0, 0
8809, 10962, 0, 0, 0
8900, 10074, 0, 0, 0
9001, 10631, 0, 0, 0
9103, 12592, 0, 0, 0
9217, 10653, 0, 0, 0
9311, 9688, 0, 0, 0
9403, 12177, 0, 0, 0
9504, 11279, 0, 0, 0
9602, 11880, 0, 0, 0
9705, 10024, 0, 0, 0
9802, 10466, 0, 0, 0
9901, 10756, 0, 0, 0
10010, 9501, 0, 0, 0
10102, 11088, 0, 0, 0
10204, 12931, 0, 0, 0
10300, 10293, 0, 0, 0
10404, 11254, 0, 0, 0
10502, 10698, 0, 0, 0
10605, 10762, 0, 0, 0
10705, 10898, 0, 0, 0
10803, 11980, 0, 0, 0
10902, 11686, 0, 0, 0
11004, 11360, 0, 0, 0
11103, 10595, 0, 0, 0
11208, 10266, 0, 0, 0
11302, 11504, 0, 0, 0
11431, 11201, 0, 0, 0
11500, 14092, 0, 0, 0
11600, 11123, 0, 0, 0
11706, 10653, 0, 0, 0
11800, 11241, 0, 0, 0
11906, 11982, 0, 0, 0
12000, 11791, 0, 0, 0
12105, 11468, 0, 0, 0
12203, 10394, 0, 0, 0
12303, 12089, 0, 0, 0
12404, 10594, 0, 0, 0
12510, 11294, 0, 0, 0
12603, 12148, 0, 0, 0
12701, 10178, 0, 0, 0
12801, 11998, 0, 0, 0
12900, 11174, 0, 0, 0
13005, 10901, 0, 0, 0
13104, 11785, 0, 0, 0
13200, 12787, 0, 0, 0
13300, 11778, 0, 0, 0
13415, 10799, 0, 0, 0
13506, 10630, 0, 0, 0
13604, 8998, 0, 0, 0
13706, 9623, 0, 0, 0
13800, 9837, 0, 0, 0
13912, 11946, 0, 0, 0
14001, 10383, 0, 0, 0
14110, 9735, 0, 0, 0
14209, 10790, 0, 0, 0
14319, 9515, 0, 0, 0
14411, 10599, 0, 0, 0
14500, 10505, 0, 0, 0
14605, 8707, 0, 0, 0
14716, 10340, 0, 0, 0
14801, 9777, 0, 0, 0
14911, 8874, 0, 0, 0
15008, 10168, 0, 0, 0
15103, 10799, 0, 0, 0
15218, 9912, 0, 0, 0
15300, 10074, 0, 0, 0
15404, 10488, 0, 0, 0
15501, 11343, 0, 0, 0
15601, 11078, 0, 0, 0
15701, 10241, 0, 0, 0
15802, 9640, 0, 0, 0
15926, 10077, 0, 0, 0
16003, 11466, 0, 0, 0
16106, 10475, 0, 0, 0
16200, 9498, 0, 0, 0
16311, 12836, 0, 0, 0
16404, 9320, 0, 0, 0
16507, 9992, 0, 0, 0
16604, 11694, 0, 0, 0
16706, 11328, 0, 0, 0
16803, 11186, 0, 0, 0
16911, 12279, 0, 0, 0
17003, 10078, 0, 0, 0
17100, 10451, 0, 0, 0
17210, 10916, 0, 0, 0
17301, 10169, 0, 0, 0
17410, 11950, 0, 0, 0
17503, 12282, 0, 0, 0
17607, 9394, 0, 0, 0
17701, 12654, 0, 0, 0
17804, 11043, 0, 0, 0
17903, 14844, 0, 0, 0
18012, 13026, 0, 0, 0
18103, 11883, 0, 0, 0
18203, 9771, 0, 0, 0
18302, 10644, 0, 0, 0
18405, 10510, 0, 0, 0
18501, 11671, 0, 0, 0
18612, 10311, 0, 0, 0
18709, 11220, 0, 0, 0
18804, 10257, 0, 0, 0
18903, 9826, 0, 0, 0
19009, 10502, 0, 0, 0
19109, 10923, 0, 0, 0
19201, 10762, 0, 0, 0
19301, 11028, 0, 0, 0
19401, 10904, 0, 0, 0
19501, 10018, 0, 0, 0
19615, 12629, 0, 0, 0
19706, 13045, 0, 0, 0
19802, 11209, 0, 0, 0
19900, 9056, 0, 0, 0
20007, 10228, 0, 0, 0
20117, 10989, 0, 0, 0
20209, 12200, 0, 0, 0
20300, 11165, 0, 0, 0
20400, 11023, 0, 0, 0
20500, 8707, 0, 0, 0
20601, 9263, 0, 0, 0
20700, 10336, 0, 0, 0
20823, 9068, 0, 0, 0
20902, 8830, 0, 0, 0
21004, 11157, 0, 0, 0
21109, 9897, 0, 0, 0
21206, 10329, 0, 0, 0
21305, 10449, 0, 0, 0
21402, 11824, 0, 0, 0
21506, 10700, 0, 0, 0
21602, 11310, 0, 0, 0
21702, 11005, 0, 0, 0
21803, 11940, 0, 0, 0
21909, 8521, 0, 0, 0
22000, 10712, 0, 0, 0
22108, 9446, 0, 0, 0
22214, 9959, 0, 0, 0
22300, 9536, 0, 0, 0
22408, 10287, 0, 0, 0
22505, 10007, 0, 0, 0
22602, 9857, 0, 0, 0
22712, 9771, 0, 0, 0
22803, 10117, 0, 0, 0
22904, 10472, 0, 0, 0
23009, 10773, 0, 0, 0
23100, 9560, 0, 0, 0
23203, 10944, 0, 0, 0
23300, 10762, 0, 0, 0
23400, 10894, 0, 0, 0
23512, 12104, 0, 0, 0
23616, 11073, 0, 0, 0
23714, 12040, 0, 0, 0
23810, 10638, 0, 0, 0
23900, 11104, 0, 0, 0
24000, 11817, 0, 0, 0
24104, 11101, 0, 0, 0
24202, 10705, 0, 0, 0
24309, 11362, 0, 0, 0
24405, 12118, 0, 0, 0
24503, 12005, 0, 0, 0
24601, 10121, 0, 0, 0
24700, 9989, 0, 0, 0
24800, 9348, 0, 0, 0
24905, 10738, 0, 0, 0
25005, 9398, 0, 0, 0
25113, 10544, 0, 0, 0
25207, 9412, 0, 0, 0
25303, 11382, 0, 0, 0
25405, 10707, 0, 0, 0
25503, 11958, 0, 0, 0
25603, 12042, 0, 0, 0
25710, 10394, 0, 0, 0
25803, 10355, 0, 0, 0
25901, 9796, 0, 0, 0
26001, 11921, 0, 0, 0
26106, 10560, 0, 0, 0
26200, 11863, 0, 0, 0
26310, 11404, 0, 0, 0
26418, 9310, 0, 0, 0
26501, 10286, 0, 0, 0
26601, 10496, 0, 0, 0
26705, 11887, 0, 0, 0
26800, 10458, 0, 0, 0
26902, 12157, 0, 0, 0
27001, 12144, 0, 0, 0
27100, 12818, 0, 0, 0
27215, 11509, 0, 0, 0
27300, 13160, 0, 0, 0
27406, 12969, 0, 0, 0
27505, 13401, 0, 0, 0
27603, 11403, 0, 0, 0
27703, 11571, 0, 0, 0
27801, 12109, 0, 0, 0
27902, 11111, 0, 0, 0
28000, 10792, 0, 0, 0
28105, 14010, 0, 0, 0
28202, 10735, 0, 0, 0
28300, 12206, 0, 0, 0
28410, 12410, 0, 0, 0
28504, 8814, 0, 0, 0
28610, 9111, 0, 0, 0
28701, 8853, 0, 0, 0
28801, 8929, 0, 0, 0
28906, 9915, 0, 0, 0
29010, 9970, 0, 0, 0
29108, 15169, 0, 0, 0
29203, 13275, 0, 0, 0
29300, 12961, 0, 0, 0
29409, 12935, 0, 0, 0
29500, 10291, 0, 0, 0
29600, 9612, 0, 0, 0
29700, 10182, 0, 0, 0
29805, 9121, 0, 0, 0
29910, 9960, 0, 0, 0
30001, 11181, 0, 0, 0
30100, 10195, 0, 0, 0
30203, 9949, 0, 0, 0
30304, 10839, 0, 0, 0
30400, 10775, 0, 0, 0
30502, 9964, 0, 0, 0
30601, 10429, 0, 0, 0
30703, 12439, 0, 0, 0
30802, 14045, 0, 0, 0
30917, 11925, 0, 0, 0
31004, 11132, 0, 0, 0
31105, 9370, 0, 0, 0
31200, 9912, 0, 0, 0
31304, 9447, 0, 0, 0
31401, 10692, 0, 0, 0
31511, 10509, 0, 0, 0
31613, 10546, 0, 0, 0
31700, 9912, 0, 0, 0
31801, 8566, 0, 0, 0
31926, 10548, 0, 0, 0
32009, 12892, 0, 0, 0
32102, 11145, 0, 0, 0
32202, 9668, 0, 0, 0
32300, 9913, 0, 0, 0
32400, 11060, 0, 0, 0
32500, 10183, 0, 0, 0
32603, 12574, 0, 0, 0
32709, 11751, 0, 0, 0
32803, 11090, 0, 0, 0
32900, 12025, 0, 0, 0
33012, 13096, 0, 0, 0
33105, 10633, 0, 0, 0
33206, 9474, 0, 0, 0
33304, 10718, 0, 0, 0
33411, 10542, 0, 0, 0
33501, 9264, 0, 0, 0
33606, 12088, 0, 0, 0
33708, 9212, 0, 0, 0
33805, 14969, 0, 0, 0
33926, 11058, 0, 0, 0
34002, 9563, 0, 0, 0
34103, 9256, 0, 0, 0
34203, 9686, 0, 0, 0
34302, 10068, 0, 0, 0
34407, 10090, 0, 0, 0
34501, 9893, 0, 0, 0
34600, 13500, 0, 0, 0
34705, 9005, 0, 0, 0
34807, 8593, 0, 0, 0
34919, 8937, 0, 0, 0
35000, 11192, 0, 0, 0
35100, 13458, 0, 0, 0
35209, 10881, 0, 0, 0
35300, 11298, 0, 0, 0
35402, 10091, 0, 0, 0
35501, 10231, 0, 0, 0
35600, 9753, 0, 0, 0
35705, 9698, 0, 0, 0
35802, 10859, 0, 0, 0
35909, 11066, 0, 0, 0
36001, 11536, 0, 0, 0
36100, 9706, 0, 0, 0
36200, 12272, 0, 0, 0
36315, 10685, 0, 0, 0
36403, 8593, 0, 0, 0
36514, 13601, 0, 0, 0
36600, 13404, 0, 0, 0
36700, 10797, 0, 0, 0
36807, 12873, 0, 0, 0
36904, 10145, 0, 0, 0
37008, 9951, 0, 0, 0
37103, 11474, 0, 0, 0
37203, 9615, 0, 0, 0
37314, 10580, 0, 0, 0
37407, 11181, 0, 0, 0
37501, 10809, 0, 0, 0
37601, 12911, 0, 0, 0
37701, 10709, 0, 0, 0
37810, 11063, 0, 0, 0
37901, 11781, 0, 0, 0
38003, 11669, 0, 0, 0
38105, 10177, 0, 0, 0
38205, 10307, 0, 0, 0
38300, 10799, 0, 0, 0
38401, 11951, 0, 0, 0
38509, 9807, 0, 0, 0
38601, 9685, 0, 0, 0
38705, 9537, 0, 0, 0
38804, 9964, 0, 0, 0
38906, 11547, 0, 0, 0
39002, 9674, 0, 0, 0
39112, 9835, 0, 0, 0
39208, 9779, 0, 0, 0
39305, 9396, 0, 0, 0
39405, 9336, 0, 0, 0
39501, 10233, 0, 0, 0
39608, 10365, 0, 0, 0
39701, 11348, 0, 0, 0
39805, 11787, 0, 0, 0
39901, 11238, 0, 0, 0
40001, 11326, 0, 0, 0
40119, 10899, 0, 0, 0
40200, 11489, 0, 0, 0
40303, 11804, 0, 0, 0
40400, 11581, 0, 0, 0
40516, 11658, 0, 0, 0
40601, 10482, 0, 0, 0
40702, 12427, 0, 0, 0
40803, 9942, 0, 0, 0
40900, 11636, 0, 0, 0
41002, 9471, 0, 0, 0
41107, 12268, 0, 0, 0
41211, 12351, 0, 0, 0
41300, 13681, 0, 0, 0
41400, 12824, 0, 0, 0
41508, 12511, 0, 0, 0
41601, 10525, 0, 0, 0
41706, 11888, 0, 0, 0
41806, 10316, 0, 0, 0
41911, 10982, 0, 0, 0
42008, 11234, 0, 0, 0
42104, 11601, 0, 0, 0
42203, 9657, 0, 0, 0
42301, 10364, 0, 0, 0
42401, 10417, 0, 0, 0
42505, 10520, 0, 0, 0
42602, 10593, 0, 0, 0
42700, 10024, 0, 0, 0
42806, 12711, 0, 0, 0
42910, 10915, 0, 0, 0
43002, 11744, 0, 0, 0
43122, 9840, 0, 0, 0
43201, 12197, 0, 0, 0
43309, 11905, 0, 0, 0
43401, 10411, 0, 0, 0
43500, 10132, 0, 0, 0
43606, 11759, 0, 0, 0
43705, 9629, 0, 0, 0
43806, 11614, 0, 0, 0
43906, 11411, 0, 0, 0
44000, 11575, 0, 0, 0
44110, 10661, 0, 0, 0
44212, 9816, 0, 0, 0
44300, 11252, 0, 0, 0
44400, 9898, 0, 0, 0
44514, 9561, 0, 0, 0
44602, 12123, 0, 0, 0
44749, 11910, 0, 0, 0
44812, 9809, 0, 0, 0
44904, 10796, 0, 0, 0
45001, 10269, 0, 0, 0
45103, 9712, 0, 0, 0
45202, 10568, 0, 0, 0
45307, 9346, 0, 0, 0
45410, 11380, 0, 0, 0
45510, 11232, 0, 0, 0
45606, 13921, 0, 0, 0
45706, 10446, 0, 0, 0
45801, 12989, 0, 0, 0
45905, 12373, 0, 0, 0
46001, 11419, 0, 0, 0
46107, 11056, 0, 0, 0
46204, 10775, 0, 0, 0
46310, 11155, 0, 0, 0
46415, 11401, 0, 0, 0
46511, 12807, 0, 0, 0
46638, 11664, 0, 0, 0
46701, 11266, 0, 0, 0
46807, 10120, 0, 0, 0
46902, 8926, 0, 0, 0
47003, 9297, 0, 0, 0
47103, 9384, 0, 0, 0
47208, 10652, 0, 0, 0
47336, 9385, 0, 0, 0
47400, 9556, 0, 0, 0
47509, 10958, 0, 0, 0
47609, 9148, 0, 0, 0
47711, 10475, 0, 0, 0
47801, 8461, 0, 0, 0
47903, 11478, 0, 0, 0
48000, 9494, 0, 0, 0
48101, 9645, 0, 0, 0
48210, 9215, 0, 0, 0
48301, 10346, 0, 0, 0
48406, 10347, 0, 0, 0
48500, 10149, 0, 0, 0
48608, 14064, 0, 0, 0
48701, 11984, 0, 0, 0
48805, 11949, 0, 0, 0
48900, 10949, 0, 0, 0
49009, 9554, 0, 0, 0
49107, 10036, 0, 0, 0
49207, 12103, 0, 0, 0
49304, 10193, 0, 0, 0
49405, 10540, 0, 0, 0
49515, 10933, 0, 0, 0
49600, 12224, 0, 0, 0
49702, 10839, 0, 0, 0
49801, 12526, 0, 0, 0
49903, 10260, 0, 0, 0
50004, 10036, 0, 0, 0
50101, 9665, 0, 0, 0
50201, 9955, 0, 0, 0
50302, 9915, 0, 0, 0
50400, 11060, 0, 0, 0
50503, 9466, 0, 0, 0
50606, 10976, 0, 0, 0
50703, 10930, 0, 0, 0
50802, 10059, 0, 0, 0
50911, 11389, 0, 0, 0
51005, 9542, 0, 0, 0
51108, 10319, 0, 0, 0
51205, 9681, 0, 0, 0
51308, 9721, 0, 0, 0
51404, 8695, 0, 0, 0
51505, 9416, 0, 0, 0
51611, 11037, 0, 0, 0
51700, 9868, 0, 0, 0
51800, 10709, 0, 0, 0
51903, 10086, 0, 0, 0
52004, 9527, 0, 0, 0
52102, 9087, 0, 0, 0
52200, 9912, 0, 0, 0
52307, 9171, 0, 0, 0
52400, 8900, 0, 0, 0
52508, 10416, 0, 0, 0
52601, 8549, 0, 0, 0
52701, 10412, 0, 0, 0
52802, 10260, 0, 0, 0
52905, 10109, 0, 0, 0
53014, 9895, 0, 0, 0
53101, 13145, 0, 0, 0
53202, 11513, 0, 0, 0
53308, 12648, 0, 0, 0
53407, 10746, 0, 0, 0
53503, 10268, 0, 0, 0
53628, 9333, 0, 0, 0
53706, 9829, 0, 0, 0
53815, 9500, 0, 0, 0
53905, 9175, 0, 0, 0
54001, 10892, 0, 0, 0
54105, 10102, 0, 0, 0
54204, 11026, 0, 0, 0
54307, 10374, 0, 0, 0
54409, 10050, 0, 0, 0
54510, 10290, 0, 0, 0
54604, 9918, 0, 0, 0
54704, 10008, 0, 0, 0
54804, 11682, 0, 0, 0
54900, 8905, 0, 0, 0
55014, 10937, 0, 0, 0
55115, 9940, 0, 0, 0
55219, 11996, 0, 0, 0
55306, 11720, 0, 0, 0
55400, 11905, 0, 0, 0
55520, 9479, 0, 0, 0
55608, 9707, 0, 0, 0
55711, 11298, 0, 0, 0
55801, 9914, 0, 0, 0
55906, 10714, 0, 0, 0
56003, 8158, 0, 0, 0
56118, 10929, 0, 0, 0
56208, 9849, 0, 0, 0
56301, 10454, 0, 0, 0
56420, 10292, 0, 0, 0
56508, 10278, 0, 0, 0
56602, 10042, 0, 0, 0
56706, 10544, 0, 0, 0
56804, 9367, 0, 0, 0
56903, 10859, 0, 0, 0
57000, 11023, 0, 0, 0
57117, 12865, 0, 0, 0
57209, 10145, 0, 0, 0
57309, 11766, 0, 0, 0
57402, 10995, 0, 0, 0
57505, 10756, 0, 0, 0
57602, 10187, 0, 0, 0
57717, 9089, 0, 0, 0
57800, 9746, 0, 0, 0
57903, 8989, 0, 0, 0
58009, 8752, 0, 0, 0
58101, 10148, 0, 0, 0
58209, 9598, 0, 0, 0
58309, 9587, 0, 0, 0
58403, 9894, 0, 0, 0
58501, 10929, 0, 0, 0
58600, 10451, 0, 0, 0
58701, 9313, 0, 0, 0
58811, 10185, 0, 0, 0
58900, 12194, 0, 0, 0
59007, 11051, 0, 0, 0
59106, 12109, 0, 0, 0
59203, 10407, 0, 0, 0
59310, 8929, 0, 0, 0
59400, 11360, 0, 0, 0
59502, 10573, 0, 0, 0
59613, 10812, 0, 0, 0
59729, 11245, 0, 0, 0
59802, 10810, 0, 0, 0
59907, 9718, 0, 0, 0
60016, 9598, 0, 0, 0
