100, 7455, 0, 0, 0
203, 7848, 0, 0, 0
302, 7468, 0, 0, 0
404, 7623, 0, 0, 0
500, 6767, 0, 0, 0
602, 7222, 0, 0, 0
702, 7437, 0, 0, 0
800, 7966, 0, 0, 0
901, 7170, 0, 0, 0
1003, 7528, 0, 0, 0
1101, 7119, 0, 0, 0
1200, 7106, 0, 0, 0
1300, 7734, 0, 0, 0
1402, 7656, 0, 0, 0
1501, 8020, 0, 0, 0
1600, 7086, 0, 0, 0
1701, 6963, 0, 0, 0
1803, 7421, 0, 0, 0
1900, 7390, 0, 0, 0
2001, 8279, 0, 0, 0
2100, 6838, 0, 0, 0
2204, 8287, 0, 0, 0
2304, 7244, 0, 0, 0
2401, 7421, 0, 0, 0
2501, 5969, 0, 0, 0
2604, 6007, 0, 0, 0
2701, 6975, 0, 0, 0
2802, 6842, 0, 0, 0
2900, 6605, 0, 0, 0
3002, 6767, 0, 0, 0
3100, 7173, 0, 0, 0
3203, 7148, 0, 0, 0
3301, 6765, 0, 0, 0
3400, 7947, 0, 0, 0
3500, 7299, 0, 0, 0
3603, 7272, 0, 0, 0
3700, 8514, 0, 0, 0
3804, 7180, 0, 0, 0
3901, 6841, 0, 0, 0
4000, 6870, 0, 0, 0
4102, 8223, 0, 0, 0
4200, 7103, 0, 0, 0
4301, 7076, 0, 0, 0
4402, 6460, 0, 0, 0
4501, 6365, 0, 0, 0
4601, 7222, 0, 0, 0
4701, 6527, 0, 0, 0
4808, 6817, 0, 0, 0
4901, 6747, 0, 0, 0
5002, 7289, 0, 0, 0
5102, 7351, 0, 0, 0
5201, 7727, 0, 0, 0
5306, 6813, 0, 0, 0
5402, 7303, 0, 0, 0
5500, 7728, 0, 0, 0
5601, 7559, 0, 0, 0
5703, 6939, 0, 0, 0
5800, 7780, 0, 0, 0
5900, 7197, 0, 0, 0
6000, 7375, 0, 0, 0
6103, 7045, 0, 0, 0
6200, 7179, 0, 0, 0
6300, 7287, 0, 0, 0
6401, 8353, 0, 0, 0
6501, 7643, 0, 0, 0
6603, 7267, 0, 0, 0
6700, 7855, 0, 0, 0
6803, 7504, 0, 0, 0
6901, 6844, 0, 0, 0
7001, 7703, 0, 0, 0
7103, 8680, 0, 0, 0
7204, 7370, 0, 0, 0
7300, 6550, 0, 0, 0
7402, 7060, 0, 0, 0
7501, 6519, 0, 0, 0
7603, 6558, 0, 0, 0
7703, 7116, 0, 0, 0
7801, 6797, 0, 0, 0
7900, 6702, 0, 0, 0
8000, 6991, 0, 0, 0
8101, 7107, 0, 0, 0
8200, 7630, 0, 0, 0
8310, 7707, 0, 0, 0
8400, 7861, 0, 0, 0
8500, 6971, 0, 0, 0
8602, 7503, 0, 0, 0
8701, 7344, 0, 0, 0
8802, 7318, 0, 0, 0
8903, 7642, 0, 0, 0
9000, 8651, 0, 0, 0
9100, 6804, 0, 0, 0
9203, 7711, 0, 0, 0
9301, 7262, 0, 0, 0
9401, 7951, 0, 0, 0
9500, 7789, 0, 0, 0
9600, 6773, 0, 0, 0
9700, 6570, 0, 0, 0
9803, 7080, 0, 0, 0
9901, 7076, 0, 0, 0
10002, 6587, 0, 0, 0
10100, 6638, 0, 0, 0
10202, 6743, 0, 0, 0
10303, 6724, 0, 0, 0
10405, 6770, 0, 0, 0
10502, 7208, 0, 0, 0
10601, 6684, 0, 0, 0
10702, 6669, 0, 0, 0
10800, 6834, 0, 0, 0
10909, 7177, 0, 0, 0
11000, 6421, 0, 0, 0
11100, 6252, 0, 0, 0
11201, 6625, 0, 0, 0
11304, 6634, 0, 0, 0
11401, 6401, 0, 0, 0
11500, 6741, 0, 0, 0
11603, 6431, 0, 0, 0
11702, 6986, 0, 0, 0
11802, 6848, 0, 0, 0
11900, 6920, 0, 0, 0
12000, 6842, 0, 0, 0
12107, 7117, 0, 0, 0
12200, 7105, 0, 0, 0
12300, 6819, 0, 0, 0
12401, 7206, 0, 0, 0
12503, 7138, 0, 0, 0
12601, 6876, 0, 0, 0
12702, 7190, 0, 0, 0
12802, 7453, 0, 0, 0
12902, 7001, 0, 0, 0
13002, 6816, 0, 0, 0
13101, 7597, 0, 0, 0
13200, 7291, 0, 0, 0
13301, 6885, 0, 0, 0
13401, 6631, 0, 0, 0
13501, 6832, 0, 0, 0
13602, 6898, 0, 0, 0
13701, 7195, 0, 0, 0
13800, 7285, 0, 0, 0
13900, 7122, 0, 0, 0
14002, 7031, 0, 0, 0
14100, 6595, 0, 0, 0
14201, 7520, 0, 0, 0
14301, 6813, 0, 0, 0
14403, 6954, 0, 0, 0
14504, 6682, 0, 0, 0
14602, 6915, 0, 0, 0
14700, 6678, 0, 0, 0
14800, 7182, 0, 0, 0
14901, 7571, 0, 0, 0
15001, 7442, 0, 0, 0
15103, 7642, 0, 0, 0
15200, 6656, 0, 0, 0
15300, 7225, 0, 0, 0
15400, 9266, 0, 0, 0
15504, 6849, 0, 0, 0
15601, 7473, 0, 0, 0
15701, 7459, 0, 0, 0
15801, 7669, 0, 0, 0
15900, 6853, 0, 0, 0
16001, 7012, 0, 0, 0
16102, 7482, 0, 0, 0
16204, 7437, 0, 0, 0
16300, 7026, 0, 0, 0
16401, 7155, 0, 0, 0
16501, 6703, 0, 0, 0
16602, 6907, 0, 0, 0
16703, 7327, 0, 0, 0
16802, 7418, 0, 0, 0
16904, 6431, 0, 0, 0
17001, 7165, 0, 0, 0
17100, 7152, 0, 0, 0
17200, 7260, 0, 0, 0
17307, 7400, 0, 0, 0
17400, 7843, 0, 0, 0
17501, 7020, 0, 0, 0
17600, 6949, 0, 0, 0
17701, 6908, 0, 0, 0
17803, 6778, 0, 0, 0
17901, 6748, 0, 0, 0
18001, 6995, 0, 0, 0
18100, 6946, 0, 0, 0
18200, 6790, 0, 0, 0
18301, 6881, 0, 0, 0
18403, 7671, 0, 0, 0
18503, 6973, 0, 0, 0
18600, 7304, 0, 0, 0
18704, 6986, 0, 0, 0
18800, 6991, 0, 0, 0
18902, 6988, 0, 0, 0
19001, 6872, 0, 0, 0
19100, 7209, 0, 0, 0
19203, 7033, 0, 0, 0
19302, 7812, 0, 0, 0
19400, 6799, 0, 0, 0
19503, 7116, 0, 0, 0
19600, 8261, 0, 0, 0
19701, 7037, 0, 0, 0
19802, 6898, 0, 0, 0
19900, 7369, 0, 0, 0
20000, 7301, 0, 0, 0
20100, 6687, 0, 0, 0
20200, 6268, 0, 0, 0
20303, 6940, 0, 0, 0
20401, 6762, 0, 0, 0
20502, 6983, 0, 0, 0
20602, 6942, 0, 0, 0
20701, 6873, 0, 0, 0
20801, 6830, 0, 0, 0
20903, 7187, 0, 0, 0
21000, 7941, 0, 0, 0
21101, 6752, 0, 0, 0
21200, 8342, 0, 0, 0
21300, 6994, 0, 0, 0
21400, 7306, 0, 0, 0
21503, 6554, 0, 0, 0
21601, 6727, 0, 0, 0
21701, 6839, 0, 0, 0
21803, 7230, 0, 0, 0
21901, 6977, 0, 0, 0
22003, 6853, 0, 0, 0
22100, 6971, 0, 0, 0
22200, 7159, 0, 0, 0
22301, 7689, 0, 0, 0
22401, 7242, 0, 0, 0
22501, 8212, 0, 0, 0
22601, 8426, 0, 0, 0
22708, 7779, 0, 0, 0
22800, 7254, 0, 0, 0
22902, 7021, 0, 0, 0
23000, 7483, 0, 0, 0
23101, 7609, 0, 0, 0
23201, 7558, 0, 0, 0
23301, 8016, 0, 0, 0
23400, 7197, 0, 0, 0
23500, 6977, 0, 0, 0
23606, 6644, 0, 0, 0
23700, 6627, 0, 0, 0
23801, 6785, 0, 0, 0
23900, 6748, 0, 0, 0
24002, 6981, 0, 0, 0
24100, 6921, 0, 0, 0
24200, 7003, 0, 0, 0
24301, 7002, 0, 0, 0
24400, 7328, 0, 0, 0
24500, 7307, 0, 0, 0
24602, 7286, 0, 0, 0
24700, 7014, 0, 0, 0
24801, 7219, 0, 0, 0
24901, 7324, 0, 0, 0
25002, 7558, 0, 0, 0
25100, 7623, 0, 0, 0
25201, 7948, 0, 0, 0
25300, 7102, 0, 0, 0
25401, 7339, 0, 0, 0
25500, 7073, 0, 0, 0
25603, 7045, 0, 0, 0
25701, 6538, 0, 0, 0
25802, 7905, 0, 0, 0
25900, 7212, 0, 0, 0
26000, 7207, 0, 0, 0
26100, 6787, 0, 0, 0
26201, 7069, 0, 0, 0
26304, 7432, 0, 0, 0
26405, 7442, 0, 0, 0
26501, 7092, 0, 0, 0
26600, 7290, 0, 0, 0
26700, 7306, 0, 0, 0
26805, 6875, 0, 0, 0
26902, 6888, 0, 0, 0
27001, 7279, 0, 0, 0
27102, 7827, 0, 0, 0
27201, 6685, 0, 0, 0
27300, 8272, 0, 0, 0
27401, 7486, 0, 0, 0
27501, 7584, 0, 0, 0
27600, 7131, 0, 0, 0
27700, 7389, 0, 0, 0
27801, 7332, 0, 0, 0
27901, 7238, 0, 0, 0
28003, 6389, 0, 0, 0
28100, 7447, 0, 0, 0
28201, 8318, 0, 0, 0
28300, 6372, 0, 0, 0
28400, 6334, 0, 0, 0
28504, 6984, 0, 0, 0
28605, 7545, 0, 0, 0
28700, 7503, 0, 0, 0
28802, 7404, 0, 0, 0
28903, 7585, 0, 0, 0
29001, 7276, 0, 0, 0
29101, 7076, 0, 0, 0
29201, 7528, 0, 0, 0
29302, 7287, 0, 0, 0
29403, 7566, 0, 0, 0
29502, 6925, 0, 0, 0
29602, 7356, 0, 0, 0
29700, 7981, 0, 0, 0
29804, 8170, 0, 0, 0
29902, 7767, 0, 0, 0
30001, 7164, 0, 0, 0
30100, 6788, 0, 0, 0
30201, 6960, 0, 0, 0
30300, 7238, 0, 0, 0
30401, 7668, 0, 0, 0
30500, 7129, 0, 0, 0
30604, 7262, 0, 0, 0
30700, 6858, 0, 0, 0
30802, 7728, 0, 0, 0
30901, 7046, 0, 0, 0
31001, 7025, 0, 0, 0
31103, 7402, 0, 0, 0
31200, 7846, 0, 0, 0
31301, 7149, 0, 0, 0
31400, 6988, 0, 0, 0
31500, 6966, 0, 0, 0
31603, 7389, 0, 0, 0
31701, 7552, 0, 0, 0
31800, 7261, 0, 0, 0
31900, 7351, 0, 0, 0
32006, 7366, 0, 0, 0
32100, 6781, 0, 0, 0
32200, 7221, 0, 0, 0
32301, 7493, 0, 0, 0
32400, 7347, 0, 0, 0
32501, 8137, 0, 0, 0
32601, 7771, 0, 0, 0
32702, 8257, 0, 0, 0
32800, 6979, 0, 0, 0
32902, 7308, 0, 0, 0
33002, 7329, 0, 0, 0
33101, 6853, 0, 0, 0
33202, 6833, 0, 0, 0
33311, 8031, 0, 0, 0
33409, 7813, 0, 0, 0
33501, 7243, 0, 0, 0
33600, 6901, 0, 0, 0
33701, 7063, 0, 0, 0
33800, 6871, 0, 0, 0
33900, 7652, 0, 0, 0
34002, 7179, 0, 0, 0
34104, 7593, 0, 0, 0
34200, 7011, 0, 0, 0
34302, 7561, 0, 0, 0
34402, 7257, 0, 0, 0
34501, 7345, 0, 0, 0
34600, 7255, 0, 0, 0
34703, 7202, 0, 0, 0
34804, 7166, 0, 0, 0
34902, 7354, 0, 0, 0
35000, 6814, 0, 0, 0
35100, 7530, 0, 0, 0
35200, 7616, 0, 0, 0
35302, 7888, 0, 0, 0
35404, 6749, 0, 0, 0
35501, 7033, 0, 0, 0
35601, 6877, 0, 0, 0
35701, 7139, 0, 0, 0
35801, 7614, 0, 0, 0
35900, 7657, 0, 0, 0
36000, 7540, 0, 0, 0
36100, 7176, 0, 0, 0
36201, 6738, 0, 0, 0
36301, 6927, 0, 0, 0
36400, 7417, 0, 0, 0
36501, 7728, 0, 0, 0
36600, 5869, 0, 0, 0
36700, 6647, 0, 0, 0
36801, 6497, 0, 0, 0
36902, 7056, 0, 0, 0
37000, 7271, 0, 0, 0
37102, 7059, 0, 0, 0
37200, 6980, 0, 0, 0
37300, 7314, 0, 0, 0
37401, 7246, 0, 0, 0
37501, 7069, 0, 0, 0
37603, 7003, 0, 0, 0
37700, 6922, 0, 0, 0
37800, 7647, 0, 0, 0
37900, 7544, 0, 0, 0
38000, 7113, 0, 0, 0
38100, 6953, 0, 0, 0
38200, 6887, 0, 0, 0
38301, 6779, 0, 0, 0
38400, 7377, 0, 0, 0
38500, 7124, 0, 0, 0
38601, 7455, 0, 0, 0
38700, 6778, 0, 0, 0
38801, 6941, 0, 0, 0
38902, 7220, 0, 0, 0
39002, 6818, 0, 0, 0
39103, 6516, 0, 0, 0
39200, 7902, 0, 0, 0
39301, 7046, 0, 0, 0
39401, 6929, 0, 0, 0
39504, 6841, 0, 0, 0
39602, 7104, 0, 0, 0
39700, 7016, 0, 0, 0
39801, 7207, 0, 0, 0
39902, 8078, 0, 0, 0
40000, 6392, 0, 0, 0
40101, 6550, 0, 0, 0
40200, 6929, 0, 0, 0
40300, 6730, 0, 0, 0
40400, 7104, 0, 0, 0
40502, 7401, 0, 0, 0
40600, 7052, 0, 0, 0
40701, 6672, 0, 0, 0
40803, 6978, 0, 0, 0
40903, 6716, 0, 0, 0
41002, 7004, 0, 0, 0
41103, 6664, 0, 0, 0
41206, 8700, 0, 0, 0
41303, 7610, 0, 0, 0
41404, 8311, 0, 0, 0
41500, 6963, 0, 0, 0
41600, 7307, 0, 0, 0
41704, 7238, 0, 0, 0
41801, 7363, 0, 0, 0
41908, 7114, 0, 0, 0
42000, 6977, 0, 0, 0
42101, 6963, 0, 0, 0
42200, 7619, 0, 0, 0
42301, 6920, 0, 0, 0
42401, 7465, 0, 0, 0
42500, 7673, 0, 0, 0
42600, 8269, 0, 0, 0
42704, 7037, 0, 0, 0
42802, 6748, 0, 0, 0
42900, 7088, 0, 0, 0
43002, 7819, 0, 0, 0
43100, 7999, 0, 0, 0
43205, 7701, 0, 0, 0
43305, 6912, 0, 0, 0
43400, 7262, 0, 0, 0
43500, 7418, 0, 0, 0
43601, 7511, 0, 0, 0
43704, 7698, 0, 0, 0
43802, 7120, 0, 0, 0
43901, 7502, 0, 0, 0
44002, 6984, 0, 0, 0
44103, 7413, 0, 0, 0
44201, 7008, 0, 0, 0
44300, 7175, 0, 0, 0
44400, 7230, 0, 0, 0
44503, 6952, 0, 0, 0
44600, 6662, 0, 0, 0
44701, 6834, 0, 0, 0
44801, 7740, 0, 0, 0
44911, 6941, 0, 0, 0
45000, 7106, 0, 0, 0
45100, 7633, 0, 0, 0
45200, 7451, 0, 0, 0
45301, 8024, 0, 0, 0
45400, 7038, 0, 0, 0
45503, 7630, 0, 0, 0
45600, 7205, 0, 0, 0
45704, 7017, 0, 0, 0
45800, 7104, 0, 0, 0
45902, 7228, 0, 0, 0
46000, 7502, 0, 0, 0
46101, 7062, 0, 0, 0
46200, 7062, 0, 0, 0
46300, 6967, 0, 0, 0
46402, 7771, 0, 0, 0
46500, 7890, 0, 0, 0
46601, 7027, 0, 0, 0
46700, 7117, 0, 0, 0
46800, 8031, 0, 0, 0
46902, 7880, 0, 0, 0
47002, 7341, 0, 0, 0
47101, 7114, 0, 0, 0
47201, 7221, 0, 0, 0
47302, 7241, 0, 0, 0
47400, 7345, 0, 0, 0
47501, 7090, 0, 0, 0
47603, 7628, 0, 0, 0
47701, 7241, 0, 0, 0
47800, 6994, 0, 0, 0
47901, 7028, 0, 0, 0
48000, 7730, 0, 0, 0
48100, 7477, 0, 0, 0
48200, 7531, 0, 0, 0
48300, 7062, 0, 0, 0
48404, 7085, 0, 0, 0
48503, 7053, 0, 0, 0
48602, 6833, 0, 0, 0
48701, 7079, 0, 0, 0
48802, 7556, 0, 0, 0
48901, 6995, 0, 0, 0
49000, 7632, 0, 0, 0
49103, 7389, 0, 0, 0
49200, 8224, 0, 0, 0
49300, 6457, 0, 0, 0
49403, 8382, 0, 0, 0
49500, 7280, 0, 0, 0
49601, 6906, 0, 0, 0
49703, 7144, 0, 0, 0
49806, 7150, 0, 0, 0
49900, 7960, 0, 0, 0
50002, 6647, 0, 0, 0
50102, 6342, 0, 0, 0
50201, 7617, 0, 0, 0
50300, 6513, 0, 0, 0
50403, 7171, 0, 0, 0
50500, 7691, 0, 0, 0
50606, 8035, 0, 0, 0
50703, 8861, 0, 0, 0
50800, 7668, 0, 0, 0
50904, 8223, 0, 0, 0
51000, 7248, 0, 0, 0
51100, 7726, 0, 0, 0
51201, 7866, 0, 0, 0
51303, 7066, 0, 0, 0
51401, 7456, 0, 0, 0
51501, 7077, 0, 0, 0
51600, 6919, 0, 0, 0
51700, 6886, 0, 0, 0
51801, 7038, 0, 0, 0
51901, 7621, 0, 0, 0
52000, 6863, 0, 0, 0
52101, 6855, 0, 0, 0
52201, 7667, 0, 0, 0
52301, 8163, 0, 0, 0
52403, 7241, 0, 0, 0
52500, 6736, 0, 0, 0
52600, 6283, 0, 0, 0
52700, 6760, 0, 0, 0
52802, 6501, 0, 0, 0
52900, 6601, 0, 0, 0
53001, 6540, 0, 0, 0
53102, 6560, 0, 0, 0
53201, 5854, 0, 0, 0
53301, 5880, 0, 0, 0
53400, 6318, 0, 0, 0
53502, 6659, 0, 0, 0
53610, 6891, 0, 0, 0
53701, 6089, 0, 0, 0
53801, 7042, 0, 0, 0
53901, 7736, 0, 0, 0
54002, 7451, 0, 0, 0
54105, 7589, 0, 0, 0
54200, 7776, 0, 0, 0
54301, 7634, 0, 0, 0
54407, 7499, 0, 0, 0
54500, 7223, 0, 0, 0
54600, 7273, 0, 0, 0
54700, 7620, 0, 0, 0
54804, 7735, 0, 0, 0
54902, 7923, 0, 0, 0
55001, 7771, 0, 0, 0
55101, 7064, 0, 0, 0
55203, 7162, 0, 0, 0
55302, 7029, 0, 0, 0
55403, 7377, 0, 0, 0
55500, 8084, 0, 0, 0
55601, 7561, 0, 0, 0
55700, 7654, 0, 0, 0
55800, 7124, 0, 0, 0
55900, 7699, 0, 0, 0
56000, 7343, 0, 0, 0
56100, 7434, 0, 0, 0
56206, 7528, 0, 0, 0
56300, 7216, 0, 0, 0
56401, 6517, 0, 0, 0
56503, 7368, 0, 0, 0
56604, 7603, 0, 0, 0
56700, 6874, 0, 0, 0
56801, 6875, 0, 0, 0
56901, 7057, 0, 0, 0
57001, 7129, 0, 0, 0
57102, 8097, 0, 0, 0
57200, 7745, 0, 0, 0
57300, 7191, 0, 0, 0
57403, 7598, 0, 0, 0
57501, 7007, 0, 0, 0
57603, 6827, 0, 0, 0
57702, 6787, 0, 0, 0
57802, 6679, 0, 0, 0
57902, 6904, 0, 0, 0
58003, 6874, 0, 0, 0
58100, 7445, 0, 0, 0
58204, 7269, 0, 0, 0
58301, 7324, 0, 0, 0
58401, 7312, 0, 0, 0
58501, 7295, 0, 0, 0
58600, 7395, 0, 0, 0
58702, 6963, 0, 0, 0
58802, 7106, 0, 0, 0
58900, 7121, 0, 0, 0
59000, 8143, 0, 0, 0
59101, 8325, 0, 0, 0
59201, 6941, 0, 0, 0
59302, 7324, 0, 0, 0
59400, 6614, 0, 0, 0
59502, 6432, 0, 0, 0
59604, 6860, 0, 0, 0
59700, 6712, 0, 0, 0
59802, 7208, 0, 0, 0
59903, 6955, 0, 0, 0
60009, 6959, 0, 0, 0
