250, 896, 0, 0, 0
350, 890, 0, 0, 0
450, 920, 0, 0, 0
550, 910, 0, 0, 0
650, 910, 0, 0, 0
749, 919, 0, 0, 0
849, 920, 0, 0, 0
949, 880, 0, 0, 0
1049, 900, 0, 0, 0
1149, 900, 0, 0, 0
1250, 920, 0, 0, 0
1350, 940, 0, 0, 0
1450, 880, 0, 0, 0
1550, 950, 0, 0, 0
1650, 900, 0, 0, 0
1749, 838, 0, 0, 0
1849, 910, 0, 0, 0
1949, 950, 0, 0, 0
2049, 870, 0, 0, 0
2149, 900, 0, 0, 0
2249, 910, 0, 0, 0
2349, 940, 0, 0, 0
2449, 890, 0, 0, 0
2550, 950, 0, 0, 0
2650, 880, 0, 0, 0
2749, 888, 0, 0, 0
2849, 840, 0, 0, 0
2949, 880, 0, 0, 0
3049, 900, 0, 0, 0
3149, 910, 0, 0, 0
3249, 890, 0, 0, 0
3349, 890, 0, 0, 0
3449, 900, 0, 0, 0
3550, 870, 0, 0, 0
3650, 910, 0, 0, 0
3749, 929, 0, 0, 0
3849, 930, 0, 0, 0
3949, 900, 0, 0, 0
4049, 910, 0, 0, 0
4149, 910, 0, 0, 0
4249, 940, 0, 0, 0
4349, 900, 0, 0, 0
4449, 930, 0, 0, 0
4549, 870, 0, 0, 0
4649, 930, 0, 0, 0
4749, 880, 0, 0, 0
4850, 930, 0, 0, 0
4950, 880, 0, 0, 0
5050, 960, 0, 0, 0
5150, 940, 0, 0, 0
5249, 909, 0, 0, 0
5349, 870, 0, 0, 0
5449, 900, 0, 0, 0
5549, 910, 0, 0, 0
5649, 870, 0, 0, 0
5749, 890, 0, 0, 0
5849, 850, 0, 0, 0
5949, 900, 0, 0, 0
6050, 920, 0, 0, 0
6150, 920, 0, 0, 0
6249, 929, 0, 0, 0
6349, 930, 0, 0, 0
6449, 910, 0, 0, 0
6549, 950, 0, 0, 0
6649, 940, 0, 0, 0
6749, 920, 0, 0, 0
6849, 910, 0, 0, 0
6949, 910, 0, 0, 0
7049, 940, 0, 0, 0
7149, 900, 0, 0, 0
7250, 890, 0, 0, 0
7350, 840, 0, 0, 0
7450, 900, 0, 0, 0
7550, 850, 0, 0, 0
7650, 930, 0, 0, 0
7749, 898, 0, 0, 0
7849, 950, 0, 0, 0
7949, 890, 0, 0, 0
8049, 930, 0, 0, 0
8149, 900, 0, 0, 0
8249, 900, 0, 0, 0
8349, 930, 0, 0, 0
8450, 910, 0, 0, 0
8550, 890, 0, 0, 0
8650, 920, 0, 0, 0
8749, 939, 0, 0, 0
8849, 890, 0, 0, 0
8949, 840, 0, 0, 0
9049, 900, 0, 0, 0
9149, 950, 0, 0, 0
9249, 850, 0, 0, 0
9349, 850, 0, 0, 0
9449, 850, 0, 0, 0
9550, 920, 0, 0, 0
9650, 890, 0, 0, 0
9749, 888, 0, 0, 0
9849, 930, 0, 0, 0
9949, 930, 0, 0, 0
10049, 900, 0, 0, 0
10149, 910, 0, 0, 0
10249, 920, 0, 0, 0
10349, 890, 0, 0, 0
10449, 920, 0, 0, 0
10549, 910, 0, 0, 0
10649, 850, 0, 0, 0
10750, 890, 0, 0, 0
10850, 910, 0, 0, 0
10950, 920, 0, 0, 0
11050, 860, 0, 0, 0
11150, 950, 0, 0, 0
11249, 898, 0, 0, 0
11349, 900, 0, 0, 0
11449, 910, 0, 0, 0
11549, 890, 0, 0, 0
11649, 890, 0, 0, 0
11749, 890, 0, 0, 0
11850, 920, 0, 0, 0
11950, 870, 0, 0, 0
12050, 840, 0, 0, 0
12150, 930, 0, 0, 0
12249, 878, 0, 0, 0
12349, 920, 0, 0, 0
12449, 870, 0, 0, 0
12549, 820, 0, 0, 0
12649, 880, 0, 0, 0
12749, 890, 0, 0, 0
12849, 860, 0, 0, 0
12949, 880, 0, 0, 0
13050, 890, 0, 0, 0
13150, 880, 0, 0, 0
13249, 878, 0, 0, 0
13349, 910, 0, 0, 0
13449, 920, 0, 0, 0
13549, 830, 0, 0, 0
13649, 890, 0, 0, 0
13749, 890, 0, 0, 0
13849, 900, 0, 0, 0
13949, 900, 0, 0, 0
14049, 870, 0, 0, 0
14150, 910, 0, 0, 0
14250, 910, 0, 0, 0
14350, 940, 0, 0, 0
14450, 920, 0, 0, 0
14550, 840, 0, 0, 0
14650, 880, 0, 0, 0
14749, 919, 0, 0, 0
14849, 900, 0, 0, 0
14949, 910, 0, 0, 0
15049, 930, 0, 0, 0
15149, 860, 0, 0, 0
15249, 870, 0, 0, 0
15350, 900, 0, 0, 0
15450, 910, 0, 0, 0
15550, 960, 0, 0, 0
15650, 900, 0, 0, 0
15749, 919, 0, 0, 0
15849, 900, 0, 0, 0
15949, 900, 0, 0, 0
16049, 920, 0, 0, 0
16149, 860, 0, 0, 0
16249, 970, 0, 0, 0
16349, 920, 0, 0, 0
16449, 930, 0, 0, 0
16550, 890, 0, 0, 0
16650, 880, 0, 0, 0
16749, 888, 0, 0, 0
16849, 820, 0, 0, 0
16949, 880, 0, 0, 0
17049, 910, 0, 0, 0
17149, 920, 0, 0, 0
17249, 910, 0, 0, 0
17349, 910, 0, 0, 0
17449, 910, 0, 0, 0
17550, 880, 0, 0, 0
17650, 810, 0, 0, 0
17749, 888, 0, 0, 0
17849, 950, 0, 0, 0
17949, 930, 0, 0, 0
18049, 890, 0, 0, 0
18149, 890, 0, 0, 0
18249, 970, 0, 0, 0
18349, 940, 0, 0, 0
18449, 900, 0, 0, 0
18549, 900, 0, 0, 0
18649, 940, 0, 0, 0
18750, 960, 0, 0, 0
18850, 900, 0, 0, 0
18950, 870, 0, 0, 0
19050, 910, 0, 0, 0
19150, 910, 0, 0, 0
19249, 939, 0, 0, 0
19349, 910, 0, 0, 0
19449, 950, 0, 0, 0
19549, 910, 0, 0, 0
19649, 890, 0, 0, 0
19749, 870, 0, 0, 0
19850, 900, 0, 0, 0
19950, 860, 0, 0, 0
20050, 960, 0, 0, 0
20150, 900, 0, 0, 0
20249, 929, 0, 0, 0
20349, 920, 0, 0, 0
20449, 890, 0, 0, 0
20549, 920, 0, 0, 0
20649, 930, 0, 0, 0
20749, 910, 0, 0, 0
20849, 880, 0, 0, 0
20949, 860, 0, 0, 0
21050, 920, 0, 0, 0
21150, 930, 0, 0, 0
21249, 939, 0, 0, 0
21349, 950, 0, 0, 0
21449, 860, 0, 0, 0
21549, 910, 0, 0, 0
21649, 910, 0, 0, 0
21749, 920, 0, 0, 0
21849, 900, 0, 0, 0
21949, 920, 0, 0, 0
22049, 820, 0, 0, 0
22149, 890, 0, 0, 0
22250, 890, 0, 0, 0
22350, 900, 0, 0, 0
22450, 900, 0, 0, 0
22550, 870, 0, 0, 0
22650, 910, 0, 0, 0
22749, 929, 0, 0, 0
22849, 900, 0, 0, 0
22949, 890, 0, 0, 0
23049, 880, 0, 0, 0
23149, 940, 0, 0, 0
23249, 900, 0, 0, 0
23349, 900, 0, 0, 0
23450, 880, 0, 0, 0
23550, 910, 0, 0, 0
23650, 880, 0, 0, 0
23749, 909, 0, 0, 0
23849, 900, 0, 0, 0
23949, 890, 0, 0, 0
24049, 850, 0, 0, 0
24149, 860, 0, 0, 0
24249, 930, 0, 0, 0
24349, 890, 0, 0, 0
24449, 910, 0, 0, 0
24550, 940, 0, 0, 0
24650, 910, 0, 0, 0
24749, 868, 0, 0, 0
24849, 830, 0, 0, 0
24949, 810, 0, 0, 0
25049, 890, 0, 0, 0
25149, 890, 0, 0, 0
25249, 900, 0, 0, 0
25349, 860, 0, 0, 0
25449, 860, 0, 0, 0
25549, 900, 0, 0, 0
25649, 880, 0, 0, 0
25750, 870, 0, 0, 0
25850, 880, 0, 0, 0
25950, 930, 0, 0, 0
26050, 910, 0, 0, 0
26150, 920, 0, 0, 0
26249, 868, 0, 0, 0
26349, 900, 0, 0, 0
26449, 880, 0, 0, 0
26549, 830, 0, 0, 0
26649, 830, 0, 0, 0
26749, 870, 0, 0, 0
26849, 940, 0, 0, 0
26949, 880, 0, 0, 0
27050, 840, 0, 0, 0
27150, 830, 0, 0, 0
27249, 919, 0, 0, 0
27349, 880, 0, 0, 0
27449, 900, 0, 0, 0
27549, 910, 0, 0, 0
27649, 860, 0, 0, 0
27749, 880, 0, 0, 0
27849, 910, 0, 0, 0
27949, 870, 0, 0, 0
28049, 840, 0, 0, 0
28149, 910, 0, 0, 0
28250, 860, 0, 0, 0
28350, 910, 0, 0, 0
28450, 870, 0, 0, 0
28550, 880, 0, 0, 0
28650, 900, 0, 0, 0
28749, 898, 0, 0, 0
28849, 860, 0, 0, 0
28949, 900, 0, 0, 0
29049, 830, 0, 0, 0
29149, 870, 0, 0, 0
29249, 920, 0, 0, 0
29350, 920, 0, 0, 0
29450, 880, 0, 0, 0
29550, 920, 0, 0, 0
29650, 910, 0, 0, 0
29749, 888, 0, 0, 0
29849, 880, 0, 0, 0
29949, 910, 0, 0, 0
30049, 810, 0, 0, 0
30149, 920, 0, 0, 0
30249, 920, 0, 0, 0
30349, 850, 0, 0, 0
30449, 870, 0, 0, 0
30550, 870, 0, 0, 0
30650, 880, 0, 0, 0
30749, 868, 0, 0, 0
30849, 910, 0, 0, 0
30949, 870, 0, 0, 0
31049, 870, 0, 0, 0
31149, 810, 0, 0, 0
31249, 820, 0, 0, 0
31349, 830, 0, 0, 0
31449, 880, 0, 0, 0
31549, 890, 0, 0, 0
31650, 850, 0, 0, 0
31750, 840, 0, 0, 0
31850, 870, 0, 0, 0
31950, 900, 0, 0, 0
32050, 890, 0, 0, 0
32150, 900, 0, 0, 0
32249, 888, 0, 0, 0
32349, 910, 0, 0, 0
32449, 900, 0, 0, 0
32549, 840, 0, 0, 0
32649, 910, 0, 0, 0
32750, 900, 0, 0, 0
32850, 890, 0, 0, 0
32950, 870, 0, 0, 0
33050, 920, 0, 0, 0
33150, 890, 0, 0, 0
33249, 848, 0, 0, 0
33349, 880, 0, 0, 0
33449, 880, 0, 0, 0
33549, 850, 0, 0, 0
33649, 860, 0, 0, 0
33749, 880, 0, 0, 0
33849, 880, 0, 0, 0
33949, 920, 0, 0, 0
34050, 860, 0, 0, 0
34150, 900, 0, 0, 0
34249, 919, 0, 0, 0
34349, 840, 0, 0, 0
34449, 900, 0, 0, 0
34549, 890, 0, 0, 0
34649, 910, 0, 0, 0
34749, 890, 0, 0, 0
34849, 860, 0, 0, 0
34949, 820, 0, 0, 0
35049, 830, 0, 0, 0
35149, 880, 0, 0, 0
35250, 860, 0, 0, 0
35350, 890, 0, 0, 0
35450, 870, 0, 0, 0
35550, 860, 0, 0, 0
35650, 890, 0, 0, 0
35749, 878, 0, 0, 0
35849, 910, 0, 0, 0
35949, 850, 0, 0, 0
36049, 890, 0, 0, 0
36149, 820, 0, 0, 0
36249, 910, 0, 0, 0
36350, 940, 0, 0, 0
36450, 880, 0, 0, 0
36550, 900, 0, 0, 0
36650, 830, 0, 0, 0
36749, 898, 0, 0, 0
36849, 840, 0, 0, 0
36949, 870, 0, 0, 0
37049, 820, 0, 0, 0
37149, 850, 0, 0, 0
37249, 870, 0, 0, 0
37349, 830, 0, 0, 0
37449, 920, 0, 0, 0
37550, 910, 0, 0, 0
37650, 860, 0, 0, 0
37749, 868, 0, 0, 0
37849, 850, 0, 0, 0
37949, 860, 0, 0, 0
38049, 840, 0, 0, 0
38149, 870, 0, 0, 0
38249, 860, 0, 0, 0
38349, 890, 0, 0, 0
38449, 950, 0, 0, 0
38549, 840, 0, 0, 0
38649, 870, 0, 0, 0
38750, 840, 0, 0, 0
38850, 890, 0, 0, 0
38950, 850, 0, 0, 0
39050, 870, 0, 0, 0
39150, 830, 0, 0, 0
39249, 848, 0, 0, 0
39349, 880, 0, 0, 0
39449, 870, 0, 0, 0
39549, 840, 0, 0, 0
39649, 850, 0, 0, 0
39749, 790, 0, 0, 0
39850, 850, 0, 0, 0
39950, 930, 0, 0, 0
40050, 880, 0, 0, 0
40150, 890, 0, 0, 0
40249, 909, 0, 0, 0
40349, 880, 0, 0, 0
40449, 890, 0, 0, 0
40549, 910, 0, 0, 0
40649, 880, 0, 0, 0
40749, 880, 0, 0, 0
40849, 870, 0, 0, 0
40949, 860, 0, 0, 0
41050, 880, 0, 0, 0
41150, 870, 0, 0, 0
41249, 848, 0, 0, 0
41349, 870, 0, 0, 0
41449, 860, 0, 0, 0
41549, 910, 0, 0, 0
41649, 830, 0, 0, 0
41749, 870, 0, 0, 0
41849, 870, 0, 0, 0
41949, 890, 0, 0, 0
42049, 890, 0, 0, 0
42149, 890, 0, 0, 0
42250, 910, 0, 0, 0
42350, 870, 0, 0, 0
42450, 860, 0, 0, 0
42550, 860, 0, 0, 0
42650, 920, 0, 0, 0
42749, 868, 0, 0, 0
42849, 890, 0, 0, 0
42949, 870, 0, 0, 0
43049, 830, 0, 0, 0
43149, 870, 0, 0, 0
43249, 860, 0, 0, 0
43349, 850, 0, 0, 0
43450, 850, 0, 0, 0
43550, 910, 0, 0, 0
43650, 880, 0, 0, 0
43749, 868, 0, 0, 0
43849, 900, 0, 0, 0
43949, 870, 0, 0, 0
44049, 850, 0, 0, 0
44149, 890, 0, 0, 0
44249, 840, 0, 0, 0
44349, 880, 0, 0, 0
44449, 880, 0, 0, 0
44550, 850, 0, 0, 0
44650, 870, 0, 0, 0
44749, 868, 0, 0, 0
44849, 870, 0, 0, 0
44949, 870, 0, 0, 0
45049, 880, 0, 0, 0
45149, 870, 0, 0, 0
45249, 880, 0, 0, 0
45349, 820, 0, 0, 0
45449, 830, 0, 0, 0
45549, 860, 0, 0, 0
45649, 860, 0, 0, 0
45750, 910, 0, 0, 0
45850, 860, 0, 0, 0
45950, 920, 0, 0, 0
46050, 840, 0, 0, 0
46150, 890, 0, 0, 0
46249, 898, 0, 0, 0
46349, 860, 0, 0, 0
46449, 880, 0, 0, 0
46549, 850, 0, 0, 0
46649, 850, 0, 0, 0
46749, 840, 0, 0, 0
46849, 850, 0, 0, 0
46949, 830, 0, 0, 0
47050, 860, 0, 0, 0
47150, 840, 0, 0, 0
47249, 828, 0, 0, 0
47349, 850, 0, 0, 0
47449, 860, 0, 0, 0
47549, 840, 0, 0, 0
47649, 790, 0, 0, 0
47749, 860, 0, 0, 0
47849, 900, 0, 0, 0
47949, 880, 0, 0, 0
48049, 880, 0, 0, 0
48150, 910, 0, 0, 0
48249, 868, 0, 0, 0
48349, 880, 0, 0, 0
48449, 870, 0, 0, 0
48549, 890, 0, 0, 0
48649, 830, 0, 0, 0
48749, 820, 0, 0, 0
48849, 830, 0, 0, 0
48949, 860, 0, 0, 0
49049, 850, 0, 0, 0
49149, 850, 0, 0, 0
49250, 870, 0, 0, 0
49350, 900, 0, 0, 0
49450, 910, 0, 0, 0
49550, 860, 0, 0, 0
49650, 890, 0, 0, 0
49749, 909, 0, 0, 0
49849, 870, 0, 0, 0
49949, 810, 0, 0, 0
50049, 840, 0, 0, 0
50149, 830, 0, 0, 0
50249, 890, 0, 0, 0
50349, 900, 0, 0, 0
50449, 900, 0, 0, 0
50550, 870, 0, 0, 0
50650, 830, 0, 0, 0
50749, 848, 0, 0, 0
50849, 840, 0, 0, 0
50949, 880, 0, 0, 0
51049, 890, 0, 0, 0
51149, 860, 0, 0, 0
51249, 870, 0, 0, 0
51349, 840, 0, 0, 0
51449, 820, 0, 0, 0
51549, 900, 0, 0, 0
51650, 850, 0, 0, 0
51750, 880, 0, 0, 0
51850, 870, 0, 0, 0
51950, 880, 0, 0, 0
52050, 890, 0, 0, 0
52150, 880, 0, 0, 0
52249, 909, 0, 0, 0
52349, 850, 0, 0, 0
52449, 890, 0, 0, 0
52549, 860, 0, 0, 0
52649, 890, 0, 0, 0
52750, 880, 0, 0, 0
52850, 880, 0, 0, 0
52950, 870, 0, 0, 0
53050, 840, 0, 0, 0
53150, 890, 0, 0, 0
53249, 868, 0, 0, 0
53349, 840, 0, 0, 0
53449, 810, 0, 0, 0
53549, 830, 0, 0, 0
53649, 860, 0, 0, 0
53749, 880, 0, 0, 0
53849, 940, 0, 0, 0
53949, 880, 0, 0, 0
54050, 930, 0, 0, 0
54150, 830, 0, 0, 0
54249, 787, 0, 0, 0
54349, 830, 0, 0, 0
54449, 860, 0, 0, 0
54549, 860, 0, 0, 0
54649, 900, 0, 0, 0
54749, 860, 0, 0, 0
54849, 860, 0, 0, 0
54949, 870, 0, 0, 0
55050, 900, 0, 0, 0
55150, 890, 0, 0, 0
55249, 838, 0, 0, 0
55349, 890, 0, 0, 0
55449, 860, 0, 0, 0
55549, 880, 0, 0, 0
55649, 880, 0, 0, 0
55749, 900, 0, 0, 0
55849, 850, 0, 0, 0
55949, 940, 0, 0, 0
56049, 840, 0, 0, 0
56149, 950, 0, 0, 0
56250, 870, 0, 0, 0
56350, 840, 0, 0, 0
56450, 900, 0, 0, 0
56550, 870, 0, 0, 0
56650, 900, 0, 0, 0
56749, 838, 0, 0, 0
56849, 880, 0, 0, 0
56949, 850, 0, 0, 0
57049, 890, 0, 0, 0
57149, 890, 0, 0, 0
57249, 900, 0, 0, 0
57349, 850, 0, 0, 0
57450, 880, 0, 0, 0
57550, 890, 0, 0, 0
57650, 900, 0, 0, 0
57749, 878, 0, 0, 0
57849, 880, 0, 0, 0
57949, 870, 0, 0, 0
58049, 890, 0, 0, 0
58149, 810, 0, 0, 0
58249, 830, 0, 0, 0
58349, 820, 0, 0, 0
58449, 880, 0, 0, 0
58550, 870, 0, 0, 0
58650, 890, 0, 0, 0
58749, 868, 0, 0, 0
58849, 870, 0, 0, 0
58949, 850, 0, 0, 0
59049, 800, 0, 0, 0
59149, 840, 0, 0, 0
59249, 860, 0, 0, 0
59349, 890, 0, 0, 0
59449, 920, 0, 0, 0
59549, 830, 0, 0, 0
59649, 880, 0, 0, 0
59750, 860, 0, 0, 0
59850, 920, 0, 0, 0
59950, 870, 0, 0, 0
60050, 890, 0, 0, 0
60150, 920, 0, 0, 0
60249, 878, 0, 0, 0
60349, 860, 0, 0, 0
60449, 880, 0, 0, 0
60549, 910, 0, 0, 0
60650, 850, 0, 0, 0
60749, 787, 0, 0, 0
60849, 830, 0, 0, 0
60949, 840, 0, 0, 0
61049, 930, 0, 0, 0
61149, 880, 0, 0, 0
61249, 860, 0, 0, 0
61349, 840, 0, 0, 0
61449, 870, 0, 0, 0
61549, 870, 0, 0, 0
61649, 860, 0, 0, 0
61750, 840, 0, 0, 0
61850, 860, 0, 0, 0
61950, 900, 0, 0, 0
62050, 900, 0, 0, 0
62150, 880, 0, 0, 0
62249, 878, 0, 0, 0
62349, 870, 0, 0, 0
62449, 860, 0, 0, 0
62549, 840, 0, 0, 0
62649, 880, 0, 0, 0
62749, 840, 0, 0, 0
62849, 910, 0, 0, 0
62950, 840, 0, 0, 0
63050, 840, 0, 0, 0
63150, 860, 0, 0, 0
63249, 868, 0, 0, 0
63349, 830, 0, 0, 0
63449, 860, 0, 0, 0
63549, 830, 0, 0, 0
63649, 860, 0, 0, 0
63749, 850, 0, 0, 0
63849, 890, 0, 0, 0
63949, 900, 0, 0, 0
64049, 870, 0, 0, 0
64150, 880, 0, 0, 0
64250, 870, 0, 0, 0
64350, 840, 0, 0, 0
64450, 820, 0, 0, 0
64550, 880, 0, 0, 0
64650, 890, 0, 0, 0
64749, 878, 0, 0, 0
64849, 870, 0, 0, 0
64949, 870, 0, 0, 0
65049, 910, 0, 0, 0
65149, 860, 0, 0, 0
65250, 800, 0, 0, 0
65350, 870, 0, 0, 0
65450, 830, 0, 0, 0
65550, 850, 0, 0, 0
65650, 860, 0, 0, 0
65749, 909, 0, 0, 0
65849, 870, 0, 0, 0
65949, 870, 0, 0, 0
66049, 860, 0, 0, 0
66149, 860, 0, 0, 0
66249, 870, 0, 0, 0
66349, 900, 0, 0, 0
66449, 870, 0, 0, 0
66550, 880, 0, 0, 0
66650, 890, 0, 0, 0
66749, 858, 0, 0, 0
66849, 890, 0, 0, 0
66949, 910, 0, 0, 0
67049, 880, 0, 0, 0
67149, 870, 0, 0, 0
67249, 890, 0, 0, 0
67349, 900, 0, 0, 0
67449, 890, 0, 0, 0
67549, 900, 0, 0, 0
67649, 900, 0, 0, 0
67750, 870, 0, 0, 0
67850, 920, 0, 0, 0
67950, 920, 0, 0, 0
68050, 910, 0, 0, 0
68150, 850, 0, 0, 0
68249, 878, 0, 0, 0
68349, 900, 0, 0, 0
68449, 830, 0, 0, 0
68549, 890, 0, 0, 0
68649, 850, 0, 0, 0
68749, 930, 0, 0, 0
68850, 880, 0, 0, 0
68950, 900, 0, 0, 0
69050, 920, 0, 0, 0
69150, 840, 0, 0, 0
69249, 919, 0, 0, 0
69349, 880, 0, 0, 0
69449, 880, 0, 0, 0
69549, 860, 0, 0, 0
69649, 900, 0, 0, 0
69749, 880, 0, 0, 0
69849, 860, 0, 0, 0
69949, 870, 0, 0, 0
70050, 840, 0, 0, 0
70150, 860, 0, 0, 0
70249, 838, 0, 0, 0
70349, 900, 0, 0, 0
70449, 890, 0, 0, 0
70549, 910, 0, 0, 0
70649, 860, 0, 0, 0
70749, 920, 0, 0, 0
70849, 850, 0, 0, 0
70949, 920, 0, 0, 0
71049, 830, 0, 0, 0
71149, 900, 0, 0, 0
71250, 840, 0, 0, 0
71350, 890, 0, 0, 0
71450, 840, 0, 0, 0
71550, 880, 0, 0, 0
71650, 920, 0, 0, 0
71749, 919, 0, 0, 0
71849, 890, 0, 0, 0
71949, 850, 0, 0, 0
72049, 860, 0, 0, 0
72149, 840, 0, 0, 0
72249, 870, 0, 0, 0
72350, 860, 0, 0, 0
72450, 850, 0, 0, 0
72550, 830, 0, 0, 0
72650, 900, 0, 0, 0
72749, 838, 0, 0, 0
72849, 860, 0, 0, 0
72949, 880, 0, 0, 0
73049, 890, 0, 0, 0
73149, 860, 0, 0, 0
73249, 890, 0, 0, 0
73350, 910, 0, 0, 0
73450, 920, 0, 0, 0
73550, 900, 0, 0, 0
73650, 850, 0, 0, 0
73749, 888, 0, 0, 0
73849, 890, 0, 0, 0
73949, 820, 0, 0, 0
74049, 910, 0, 0, 0
74149, 890, 0, 0, 0
74249, 840, 0, 0, 0
74349, 870, 0, 0, 0
74450, 860, 0, 0, 0
74550, 910, 0, 0, 0
74650, 860, 0, 0, 0
74749, 888, 0, 0, 0
74849, 850, 0, 0, 0
74949, 800, 0, 0, 0
75049, 840, 0, 0, 0
75149, 890, 0, 0, 0
75249, 840, 0, 0, 0
75349, 870, 0, 0, 0
75449, 920, 0, 0, 0
75550, 900, 0, 0, 0
75650, 900, 0, 0, 0
75749, 878, 0, 0, 0
75849, 890, 0, 0, 0
75949, 850, 0, 0, 0
76049, 950, 0, 0, 0
76149, 840, 0, 0, 0
76249, 920, 0, 0, 0
76349, 850, 0, 0, 0
76449, 840, 0, 0, 0
76550, 860, 0, 0, 0
76650, 860, 0, 0, 0
76749, 868, 0, 0, 0
76849, 860, 0, 0, 0
76949, 840, 0, 0, 0
77049, 870, 0, 0, 0
77149, 840, 0, 0, 0
77249, 850, 0, 0, 0
77349, 870, 0, 0, 0
77449, 890, 0, 0, 0
77549, 880, 0, 0, 0
77649, 880, 0, 0, 0
77750, 880, 0, 0, 0
77850, 840, 0, 0, 0
77950, 890, 0, 0, 0
78050, 870, 0, 0, 0
78150, 860, 0, 0, 0
78249, 848, 0, 0, 0
78349, 830, 0, 0, 0
78449, 900, 0, 0, 0
78549, 870, 0, 0, 0
78649, 810, 0, 0, 0
78750, 810, 0, 0, 0
78850, 850, 0, 0, 0
78950, 900, 0, 0, 0
79050, 870, 0, 0, 0
79150, 810, 0, 0, 0
79249, 878, 0, 0, 0
79349, 860, 0, 0, 0
79449, 820, 0, 0, 0
79549, 880, 0, 0, 0
79649, 880, 0, 0, 0
79749, 900, 0, 0, 0
79849, 860, 0, 0, 0
79950, 880, 0, 0, 0
80050, 830, 0, 0, 0
80150, 870, 0, 0, 0
80249, 848, 0, 0, 0
80349, 890, 0, 0, 0
80449, 880, 0, 0, 0
80549, 880, 0, 0, 0
80649, 900, 0, 0, 0
80749, 870, 0, 0, 0
80849, 860, 0, 0, 0
80949, 920, 0, 0, 0
81050, 880, 0, 0, 0
81150, 860, 0, 0, 0
81249, 858, 0, 0, 0
81349, 850, 0, 0, 0
81449, 900, 0, 0, 0
81549, 890, 0, 0, 0
81649, 810, 0, 0, 0
81749, 840, 0, 0, 0
81849, 820, 0, 0, 0
81949, 870, 0, 0, 0
82049, 880, 0, 0, 0
82149, 920, 0, 0, 0
82250, 900, 0, 0, 0
82350, 850, 0, 0, 0
82450, 850, 0, 0, 0
82550, 910, 0, 0, 0
82650, 910, 0, 0, 0
82749, 909, 0, 0, 0
82849, 880, 0, 0, 0
82949, 890, 0, 0, 0
83049, 850, 0, 0, 0
83149, 840, 0, 0, 0
83249, 900, 0, 0, 0
83349, 860, 0, 0, 0
83449, 830, 0, 0, 0
83550, 860, 0, 0, 0
83650, 910, 0, 0, 0
83749, 868, 0, 0, 0
83849, 870, 0, 0, 0
83949, 860, 0, 0, 0
84049, 880, 0, 0, 0
84149, 900, 0, 0, 0
84249, 870, 0, 0, 0
84349, 850, 0, 0, 0
84449, 870, 0, 0, 0
84549, 870, 0, 0, 0
84649, 870, 0, 0, 0
84750, 890, 0, 0, 0
84850, 860, 0, 0, 0
84950, 870, 0, 0, 0
85050, 870, 0, 0, 0
85150, 870, 0, 0, 0
85249, 878, 0, 0, 0
85349, 860, 0, 0, 0
85449, 900, 0, 0, 0
85549, 850, 0, 0, 0
85649, 870, 0, 0, 0
85749, 830, 0, 0, 0
85850, 840, 0, 0, 0
85950, 860, 0, 0, 0
86050, 870, 0, 0, 0
86150, 790, 0, 0, 0
86249, 868, 0, 0, 0
86349, 860, 0, 0, 0
86449, 870, 0, 0, 0
86549, 870, 0, 0, 0
86649, 890, 0, 0, 0
86749, 870, 0, 0, 0
86849, 840, 0, 0, 0
86949, 850, 0, 0, 0
87050, 910, 0, 0, 0
87150, 870, 0, 0, 0
87249, 858, 0, 0, 0
87349, 850, 0, 0, 0
87449, 840, 0, 0, 0
87549, 880, 0, 0, 0
87649, 860, 0, 0, 0
87749, 860, 0, 0, 0
87849, 830, 0, 0, 0
87949, 840, 0, 0, 0
88049, 830, 0, 0, 0
88150, 860, 0, 0, 0
88249, 878, 0, 0, 0
88349, 890, 0, 0, 0
88449, 840, 0, 0, 0
88549, 880, 0, 0, 0
88649, 870, 0, 0, 0
88749, 880, 0, 0, 0
88849, 870, 0, 0, 0
88949, 860, 0, 0, 0
89049, 850, 0, 0, 0
89149, 880, 0, 0, 0
89249, 880, 0, 0, 0
89350, 860, 0, 0, 0
89450, 870, 0, 0, 0
89550, 870, 0, 0, 0
89650, 860, 0, 0, 0
89749, 888, 0, 0, 0
89849, 860, 0, 0, 0
89949, 890, 0, 0, 0
