102, 8914195, 0, 0, 0
201, 9608152, 0, 0, 0
300, 8200260, 0, 0, 0
401, 8164960, 0, 0, 0
501, 8219275, 0, 0, 0
604, 9575765, 0, 0, 0
700, 8368394, 0, 0, 0
800, 8833608, 0, 0, 0
903, 7056186, 0, 0, 0
1001, 10622189, 0, 0, 0
1101, 9761702, 0, 0, 0
1200, 7721221, 0, 0, 0
1300, 6888647, 0, 0, 0
1401, 11366879, 0, 0, 0
1502, 9037309, 0, 0, 0
1601, 7241165, 0, 0, 0
1700, 7236066, 0, 0, 0
1800, 6487085, 0, 0, 0
1900, 7984368, 0, 0, 0
2001, 6644332, 0, 0, 0
2101, 6441018, 0, 0, 0
2200, 8306560, 0, 0, 0
2300, 6212219, 0, 0, 0
2400, 7564139, 0, 0, 0
2501, 6711983, 0, 0, 0
2600, 6057711, 0, 0, 0
2700, 7497851, 0, 0, 0
2800, 8498434, 0, 0, 0
2901, 7037943, 0, 0, 0
3007, 6771573, 0, 0, 0
3100, 6818939, 0, 0, 0
3200, 7345402, 0, 0, 0
3300, 9039661, 0, 0, 0
3400, 6012198, 0, 0, 0
3500, 5866289, 0, 0, 0
3603, 10966497, 0, 0, 0
3702, 6937809, 0, 0, 0
3800, 6674459, 0, 0, 0
3900, 7642350, 0, 0, 0
4001, 6711344, 0, 0, 0
4101, 7125225, 0, 0, 0
4200, 7312329, 0, 0, 0
4300, 9125637, 0, 0, 0
4401, 5558564, 0, 0, 0
4500, 9673591, 0, 0, 0
4601, 10821510, 0, 0, 0
4701, 9709061, 0, 0, 0
4801, 10714946, 0, 0, 0
4900, 8359709, 0, 0, 0
5000, 8730758, 0, 0, 0
5100, 7486230, 0, 0, 0
5200, 5361268, 0, 0, 0
5300, 7729285, 0, 0, 0
5401, 7223630, 0, 0, 0
5500, 7444218, 0, 0, 0
5601, 9955934, 0, 0, 0
5700, 11382200, 0, 0, 0
5800, 9548707, 0, 0, 0
5902, 7562389, 0, 0, 0
6000, 6753120, 0, 0, 0
6100, 9386176, 0, 0, 0
6201, 7621149, 0, 0, 0
6301, 9121455, 0, 0, 0
6400, 8724397, 0, 0, 0
6501, 7315851, 0, 0, 0
6601, 8966580, 0, 0, 0
6700, 8715729, 0, 0, 0
6818, 6719740, 0, 0, 0
6902, 11047163, 0, 0, 0
7000, 7395719, 0, 0, 0
7100, 8564433, 0, 0, 0
7202, 8355100, 0, 0, 0
7301, 8372675, 0, 0, 0
7400, 8991063, 0, 0, 0
7501, 11551189, 0, 0, 0
7600, 10675935, 0, 0, 0
7700, 8804033, 0, 0, 0
7801, 9986994, 0, 0, 0
7900, 7462782, 0, 0, 0
8000, 9594492, 0, 0, 0
8103, 7245479, 0, 0, 0
8200, 6714948, 0, 0, 0
8300, 7307272, 0, 0, 0
8403, 10080344, 0, 0, 0
8502, 8317900, 0, 0, 0
8600, 7330189, 0, 0, 0
8700, 6086624, 0, 0, 0
8801, 12287409, 0, 0, 0
8900, 6981935, 0, 0, 0
9001, 9246646, 0, 0, 0
9100, 16551683, 0, 0, 0
9200, 10166927, 0, 0, 0
9300, 8625451, 0, 0, 0
9400, 9555454, 0, 0, 0
9501, 9082455, 0, 0, 0
9601, 8735665, 0, 0, 0
9700, 9320810, 0, 0, 0
9801, 6854033, 0, 0, 0
9901, 8024756, 0, 0, 0
10001, 9599475, 0, 0, 0
10101, 6470947, 0, 0, 0
10200, 8620767, 0, 0, 0
10300, 7943626, 0, 0, 0
10400, 8166728, 0, 0, 0
10501, 8368047, 0, 0, 0
10600, 8384529, 0, 0, 0
10700, 7376558, 0, 0, 0
10802, 7364272, 0, 0, 0
10900, 11530018, 0, 0, 0
11000, 8512710, 0, 0, 0
11102, 8613625, 0, 0, 0
11200, 8530560, 0, 0, 0
11300, 6321274, 0, 0, 0
11400, 11339020, 0, 0, 0
11500, 7061106, 0, 0, 0
11601, 8955911, 0, 0, 0
11705, 8676508, 0, 0, 0
11800, 8017817, 0, 0, 0
11900, 7518186, 0, 0, 0
12000, 9387290, 0, 0, 0
12100, 8217224, 0, 0, 0
12200, 8431604, 0, 0, 0
12300, 7402230, 0, 0, 0
12400, 7320448, 0, 0, 0
12502, 8564233, 0, 0, 0
12601, 8856071, 0, 0, 0
12701, 7964975, 0, 0, 0
12800, 8082683, 0, 0, 0
12901, 9633445, 0, 0, 0
13000, 7858333, 0, 0, 0
13100, 6650378, 0, 0, 0
13200, 7621113, 0, 0, 0
13301, 7624813, 0, 0, 0
13401, 7351964, 0, 0, 0
13500, 6483608, 0, 0, 0
13601, 9132678, 0, 0, 0
13701, 9346075, 0, 0, 0
13801, 8871646, 0, 0, 0
13900, 11998775, 0, 0, 0
14000, 6877719, 0, 0, 0
14100, 14352585, 0, 0, 0
14201, 7273191, 0, 0, 0
14300, 8802616, 0, 0, 0
14400, 9397621, 0, 0, 0
14502, 6744011, 0, 0, 0
14600, 8878831, 0, 0, 0
14700, 8208741, 0, 0, 0
14804, 11621685, 0, 0, 0
14900, 11267337, 0, 0, 0
15002, 7567904, 0, 0, 0
15100, 11498081, 0, 0, 0
15200, 8539569, 0, 0, 0
15302, 8119195, 0, 0, 0
15400, 9599152, 0, 0, 0
15501, 8177799, 0, 0, 0
15600, 9090390, 0, 0, 0
15700, 8353737, 0, 0, 0
15802, 8026757, 0, 0, 0
15900, 8916079, 0, 0, 0
16003, 7380845, 0, 0, 0
16100, 6754123, 0, 0, 0
16200, 7030021, 0, 0, 0
16300, 9539681, 0, 0, 0
16401, 7042704, 0, 0, 0
16500, 8944662, 0, 0, 0
16603, 9470515, 0, 0, 0
16701, 8657909, 0, 0, 0
16801, 9888205, 0, 0, 0
16901, 7447511, 0, 0, 0
17002, 7961073, 0, 0, 0
17100, 10014722, 0, 0, 0
17200, 9686509, 0, 0, 0
17300, 8844363, 0, 0, 0
17401, 7895238, 0, 0, 0
17500, 9259687, 0, 0, 0
17600, 7821849, 0, 0, 0
17701, 6322025, 0, 0, 0
17804, 12208018, 0, 0, 0
17900, 9604393, 0, 0, 0
18001, 8175456, 0, 0, 0
18106, 9395803, 0, 0, 0
18201, 9204216, 0, 0, 0
18300, 12957232, 0, 0, 0
18405, 10883576, 0, 0, 0
18500, 9201959, 0, 0, 0
18601, 8050023, 0, 0, 0
18701, 10689047, 0, 0, 0
18801, 12193017, 0, 0, 0
18900, 11819725, 0, 0, 0
19000, 6676556, 0, 0, 0
19100, 7768589, 0, 0, 0
19201, 7954634, 0, 0, 0
19300, 8580658, 0, 0, 0
19400, 8733753, 0, 0, 0
19501, 8107651, 0, 0, 0
19601, 7757171, 0, 0, 0
19700, 7409154, 0, 0, 0
19800, 10098157, 0, 0, 0
19900, 9220282, 0, 0, 0
20001, 8018171, 0, 0, 0
20100, 7357269, 0, 0, 0
20201, 9310516, 0, 0, 0
20301, 10655295, 0, 0, 0
20402, 7611399, 0, 0, 0
20500, 7359725, 0, 0, 0
20600, 7647887, 0, 0, 0
20700, 8102975, 0, 0, 0
20802, 8009027, 0, 0, 0
20900, 9781791, 0, 0, 0
21000, 8385867, 0, 0, 0
21101, 7588802, 0, 0, 0
21201, 8238146, 0, 0, 0
21300, 8589252, 0, 0, 0
21400, 8031756, 0, 0, 0
21500, 7945228, 0, 0, 0
21601, 7431962, 0, 0, 0
21701, 8490024, 0, 0, 0
21800, 8642253, 0, 0, 0
21902, 5742762, 0, 0, 0
22001, 10767559, 0, 0, 0
22101, 9943785, 0, 0, 0
22200, 8057677, 0, 0, 0
22302, 8830281, 0, 0, 0
22400, 9935710, 0, 0, 0
22500, 8460229, 0, 0, 0
22600, 8469949, 0, 0, 0
22701, 6610087, 0, 0, 0
22800, 7636305, 0, 0, 0
22901, 6945297, 0, 0, 0
23002, 9587658, 0, 0, 0
23100, 8964695, 0, 0, 0
23200, 8896928, 0, 0, 0
23301, 8890122, 0, 0, 0
23401, 11751011, 0, 0, 0
23501, 10547756, 0, 0, 0
23600, 8463037, 0, 0, 0
23700, 9597776, 0, 0, 0
23802, 8788071, 0, 0, 0
23900, 10607199, 0, 0, 0
24001, 11267767, 0, 0, 0
24100, 10053114, 0, 0, 0
24203, 6815765, 0, 0, 0
24300, 7956829, 0, 0, 0
24400, 6922891, 0, 0, 0
24500, 11941920, 0, 0, 0
24600, 9156084, 0, 0, 0
24701, 14020620, 0, 0, 0
24800, 9422489, 0, 0, 0
24901, 9540458, 0, 0, 0
25001, 9412179, 0, 0, 0
25100, 10212923, 0, 0, 0
25201, 6348916, 0, 0, 0
25302, 9141087, 0, 0, 0
25401, 10646662, 0, 0, 0
25500, 8441536, 0, 0, 0
25600, 6313054, 0, 0, 0
25700, 8702647, 0, 0, 0
25801, 5594697, 0, 0, 0
25901, 10574076, 0, 0, 0
26000, 9548224, 0, 0, 0
26101, 10655909, 0, 0, 0
26200, 7459714, 0, 0, 0
26304, 11553670, 0, 0, 0
26405, 9718680, 0, 0, 0
26501, 8734954, 0, 0, 0
26602, 6136140, 0, 0, 0
26709, 8882690, 0, 0, 0
26811, 8358559, 0, 0, 0
26900, 14377846, 0, 0, 0
27001, 10574888, 0, 0, 0
27100, 7633505, 0, 0, 0
27201, 8380259, 0, 0, 0
27300, 8835297, 0, 0, 0
27400, 6743675, 0, 0, 0
27501, 7920351, 0, 0, 0
27605, 7026683, 0, 0, 0
27703, 12838012, 0, 0, 0
27800, 10361085, 0, 0, 0
27900, 10569673, 0, 0, 0
28000, 9963855, 0, 0, 0
28100, 6972176, 0, 0, 0
28202, 7748873, 0, 0, 0
28300, 10410056, 0, 0, 0
28401, 7544203, 0, 0, 0
28503, 8108366, 0, 0, 0
28601, 8626205, 0, 0, 0
28700, 9090398, 0, 0, 0
28801, 7500161, 0, 0, 0
28900, 11406451, 0, 0, 0
29003, 6991992, 0, 0, 0
29100, 9713951, 0, 0, 0
29201, 12564750, 0, 0, 0
29301, 7196901, 0, 0, 0
29400, 8303070, 0, 0, 0
29502, 10359630, 0, 0, 0
29603, 9860998, 0, 0, 0
29700, 7184110, 0, 0, 0
29800, 11533268, 0, 0, 0
29901, 7970261, 0, 0, 0
30000, 7676564, 0, 0, 0
30100, 7855583, 0, 0, 0
30201, 9145654, 0, 0, 0
30300, 9125659, 0, 0, 0
30400, 7997619, 0, 0, 0
30501, 9963074, 0, 0, 0
30601, 6369333, 0, 0, 0
30700, 8516753, 0, 0, 0
30800, 10916175, 0, 0, 0
30902, 7545190, 0, 0, 0
31000, 9635515, 0, 0, 0
31101, 12182612, 0, 0, 0
31200, 9633230, 0, 0, 0
31301, 8067626, 0, 0, 0
31400, 9084614, 0, 0, 0
31502, 7232735, 0, 0, 0
31600, 7614698, 0, 0, 0
31700, 7081386, 0, 0, 0
31800, 8267285, 0, 0, 0
31900, 8667348, 0, 0, 0
32004, 6851692, 0, 0, 0
32100, 12848700, 0, 0, 0
32200, 5526415, 0, 0, 0
32311, 21004945, 0, 0, 0
32400, 9754874, 0, 0, 0
32501, 7287548, 0, 0, 0
32600, 9191609, 0, 0, 0
32700, 10312390, 0, 0, 0
32802, 9361491, 0, 0, 0
32900, 9782631, 0, 0, 0
33000, 9919827, 0, 0, 0
33102, 7871612, 0, 0, 0
33203, 8871300, 0, 0, 0
33303, 10706034, 0, 0, 0
33401, 8025898, 0, 0, 0
33501, 10348300, 0, 0, 0
33601, 8685106, 0, 0, 0
33702, 7856799, 0, 0, 0
33801, 9636899, 0, 0, 0
33900, 8391333, 0, 0, 0
34000, 8426519, 0, 0, 0
34102, 7596898, 0, 0, 0
34200, 9974764, 0, 0, 0
34300, 9611163, 0, 0, 0
34401, 7629402, 0, 0, 0
34504, 7247613, 0, 0, 0
34600, 9272165, 0, 0, 0
34700, 8140819, 0, 0, 0
34800, 8263985, 0, 0, 0
34900, 8606962, 0, 0, 0
35000, 8770445, 0, 0, 0
35101, 7925311, 0, 0, 0
35200, 13666150, 0, 0, 0
35300, 6889580, 0, 0, 0
35400, 8894603, 0, 0, 0
35500, 9078050, 0, 0, 0
35600, 8570998, 0, 0, 0
35703, 7068388, 0, 0, 0
35800, 8575085, 0, 0, 0
35900, 6889793, 0, 0, 0
36001, 7473923, 0, 0, 0
36100, 8675680, 0, 0, 0
36203, 8917112, 0, 0, 0
36300, 9244993, 0, 0, 0
36400, 7233225, 0, 0, 0
36500, 9019691, 0, 0, 0
36600, 7801291, 0, 0, 0
36700, 8154296, 0, 0, 0
36800, 10102626, 0, 0, 0
36903, 10249206, 0, 0, 0
37000, 7931277, 0, 0, 0
37101, 7286087, 0, 0, 0
37201, 9574667, 0, 0, 0
37300, 8456484, 0, 0, 0
37401, 8044098, 0, 0, 0
37500, 8092075, 0, 0, 0
37600, 6734994, 0, 0, 0
37702, 10073128, 0, 0, 0
37800, 8010650, 0, 0, 0
37900, 8458800, 0, 0, 0
38001, 8350962, 0, 0, 0
38101, 6870800, 0, 0, 0
38200, 7109311, 0, 0, 0
38301, 7963624, 0, 0, 0
38406, 6957308, 0, 0, 0
38500, 6885550, 0, 0, 0
38605, 8595731, 0, 0, 0
38700, 13285674, 0, 0, 0
38801, 7174413, 0, 0, 0
38900, 6962952, 0, 0, 0
39001, 5892032, 0, 0, 0
39101, 9253072, 0, 0, 0
39202, 9489949, 0, 0, 0
39301, 11318807, 0, 0, 0
39400, 7645218, 0, 0, 0
39500, 6726960, 0, 0, 0
39601, 8658987, 0, 0, 0
39700, 9238625, 0, 0, 0
39800, 9007094, 0, 0, 0
39900, 6331025, 0, 0, 0
40002, 7532361, 0, 0, 0
40102, 7700747, 0, 0, 0
40201, 8885344, 0, 0, 0
40300, 8635474, 0, 0, 0
40403, 8670245, 0, 0, 0
40501, 7294888, 0, 0, 0
40600, 7648156, 0, 0, 0
40700, 9142551, 0, 0, 0
40800, 9027132, 0, 0, 0
40901, 8574896, 0, 0, 0
41000, 8624652, 0, 0, 0
41100, 10642367, 0, 0, 0
41200, 8310752, 0, 0, 0
41301, 8990959, 0, 0, 0
41400, 7698785, 0, 0, 0
41500, 11041218, 0, 0, 0
41601, 7545497, 0, 0, 0
41700, 8611762, 0, 0, 0
41802, 8980292, 0, 0, 0
41901, 6913860, 0, 0, 0
42000, 9627199, 0, 0, 0
42100, 7123724, 0, 0, 0
42200, 8927355, 0, 0, 0
42302, 8254940, 0, 0, 0
42400, 6887668, 0, 0, 0
42501, 7999865, 0, 0, 0
42601, 7970689, 0, 0, 0
42700, 8748223, 0, 0, 0
42800, 9090833, 0, 0, 0
42901, 7992833, 0, 0, 0
43001, 6826046, 0, 0, 0
43100, 7636260, 0, 0, 0
43200, 9788181, 0, 0, 0
43300, 7574018, 0, 0, 0
43401, 6596970, 0, 0, 0
43502, 7082630, 0, 0, 0
43600, 8585222, 0, 0, 0
43701, 9118175, 0, 0, 0
43800, 9116579, 0, 0, 0
43900, 6693516, 0, 0, 0
44000, 6489269, 0, 0, 0
44100, 11289995, 0, 0, 0
44203, 8083861, 0, 0, 0
44300, 8407502, 0, 0, 0
44400, 9797209, 0, 0, 0
44500, 6377424, 0, 0, 0
44603, 7220181, 0, 0, 0
44702, 8369060, 0, 0, 0
44800, 8433608, 0, 0, 0
44900, 6849818, 0, 0, 0
45001, 10032655, 0, 0, 0
45100, 8739730, 0, 0, 0
45201, 12421401, 0, 0, 0
45301, 6525944, 0, 0, 0
45400, 8645532, 0, 0, 0
45501, 6110911, 0, 0, 0
45600, 8850041, 0, 0, 0
45701, 8722194, 0, 0, 0
45801, 8212162, 0, 0, 0
45903, 8821773, 0, 0, 0
46002, 9377994, 0, 0, 0
46100, 8209777, 0, 0, 0
46201, 9242331, 0, 0, 0
46301, 7721285, 0, 0, 0
46400, 7104543, 0, 0, 0
46501, 11613886, 0, 0, 0
46600, 8356261, 0, 0, 0
46701, 9578114, 0, 0, 0
46800, 9798899, 0, 0, 0
46900, 8297173, 0, 0, 0
47000, 8901682, 0, 0, 0
47100, 7028541, 0, 0, 0
47200, 9542212, 0, 0, 0
47300, 9646104, 0, 0, 0
47400, 7893845, 0, 0, 0
47500, 8776872, 0, 0, 0
47600, 13605118, 0, 0, 0
47700, 8928661, 0, 0, 0
47800, 8778209, 0, 0, 0
47900, 8296306, 0, 0, 0
48000, 7472329, 0, 0, 0
48101, 8380354, 0, 0, 0
48200, 7195507, 0, 0, 0
48300, 8965600, 0, 0, 0
48400, 9020185, 0, 0, 0
48500, 9116806, 0, 0, 0
48600, 10932127, 0, 0, 0
48700, 9949576, 0, 0, 0
48800, 6632707, 0, 0, 0
48901, 9841802, 0, 0, 0
49004, 7666275, 0, 0, 0
49100, 9365826, 0, 0, 0
49200, 7718883, 0, 0, 0
49300, 8848454, 0, 0, 0
49401, 8830871, 0, 0, 0
49501, 6838645, 0, 0, 0
49600, 6787269, 0, 0, 0
49700, 9765570, 0, 0, 0
49801, 7841696, 0, 0, 0
49900, 11178256, 0, 0, 0
50000, 9736962, 0, 0, 0
50101, 7151145, 0, 0, 0
50202, 10599976, 0, 0, 0
50300, 8923724, 0, 0, 0
50400, 9008796, 0, 0, 0
50505, 9653224, 0, 0, 0
50600, 11379475, 0, 0, 0
50700, 7373629, 0, 0, 0
50800, 8120261, 0, 0, 0
50901, 10222904, 0, 0, 0
51000, 6358749, 0, 0, 0
51100, 7796409, 0, 0, 0
51203, 7927407, 0, 0, 0
51300, 10769878, 0, 0, 0
51401, 8742328, 0, 0, 0
51500, 7518564, 0, 0, 0
51601, 7982039, 0, 0, 0
51704, 8072710, 0, 0, 0
51800, 8926497, 0, 0, 0
51900, 7300609, 0, 0, 0
52000, 14154645, 0, 0, 0
52101, 9922518, 0, 0, 0
52201, 10364285, 0, 0, 0
52305, 7517301, 0, 0, 0
52401, 9064910, 0, 0, 0
52500, 10303088, 0, 0, 0
52601, 7599595, 0, 0, 0
52700, 10089943, 0, 0, 0
52800, 8859494, 0, 0, 0
52900, 8719363, 0, 0, 0
53001, 8836739, 0, 0, 0
53104, 8419110, 0, 0, 0
53201, 7875155, 0, 0, 0
53300, 9014666, 0, 0, 0
53400, 9635909, 0, 0, 0
53500, 9895092, 0, 0, 0
53601, 9103496, 0, 0, 0
53700, 10008772, 0, 0, 0
53800, 11551838, 0, 0, 0
53900, 8785272, 0, 0, 0
54002, 9271555, 0, 0, 0
54100, 12831567, 0, 0, 0
54200, 7902839, 0, 0, 0
54301, 7093993, 0, 0, 0
54400, 8905759, 0, 0, 0
54500, 6726822, 0, 0, 0
54600, 8948195, 0, 0, 0
54700, 10970647, 0, 0, 0
54807, 6715435, 0, 0, 0
54900, 7578180, 0, 0, 0
55000, 8829892, 0, 0, 0
55101, 8418278, 0, 0, 0
55201, 12889780, 0, 0, 0
55301, 10015541, 0, 0, 0
55400, 9887791, 0, 0, 0
55503, 9783792, 0, 0, 0
55600, 8635435, 0, 0, 0
55704, 8037209, 0, 0, 0
55800, 9786992, 0, 0, 0
55900, 7199963, 0, 0, 0
56000, 8027644, 0, 0, 0
56100, 9479894, 0, 0, 0
56200, 9203466, 0, 0, 0
56300, 10843728, 0, 0, 0
56401, 10492513, 0, 0, 0
56500, 8922372, 0, 0, 0
56603, 10779350, 0, 0, 0
56700, 10309232, 0, 0, 0
56800, 10791589, 0, 0, 0
56903, 9076971, 0, 0, 0
57002, 7787327, 0, 0, 0
57100, 11299968, 0, 0, 0
57200, 7827130, 0, 0, 0
57302, 6661799, 0, 0, 0
57400, 6992737, 0, 0, 0
57500, 8843820, 0, 0, 0
57603, 10674518, 0, 0, 0
57700, 10040105, 0, 0, 0
57800, 11282008, 0, 0, 0
57901, 9659999, 0, 0, 0
58000, 9596394, 0, 0, 0
58101, 8762549, 0, 0, 0
58200, 10786437, 0, 0, 0
58300, 10196902, 0, 0, 0
58400, 9163611, 0, 0, 0
58500, 8901657, 0, 0, 0
58600, 9435111, 0, 0, 0
58700, 8500085, 0, 0, 0
58800, 10227318, 0, 0, 0
58901, 14680235, 0, 0, 0
59000, 10979030, 0, 0, 0
59100, 11657189, 0, 0, 0
59201, 8864003, 0, 0, 0
59303, 9668225, 0, 0, 0
59400, 8960734, 0, 0, 0
59501, 7748175, 0, 0, 0
59601, 12295155, 0, 0, 0
59700, 9034047, 0, 0, 0
59800, 9754453, 0, 0, 0
59900, 8831192, 0, 0, 0
60004, 8928291, 0, 0, 0
60023, 52235215, 0, 0, 0
