250, 608256, 0, 0, 0
350, 583680, 0, 0, 0
450, 660480, 0, 0, 0
550, 675840, 0, 0, 0
650, 675840, 0, 0, 0
749, 620606, 0, 0, 0
849, 660480, 0, 0, 0
949, 691200, 0, 0, 0
1049, 614400, 0, 0, 0
1149, 568320, 0, 0, 0
1249, 660480, 0, 0, 0
1350, 660480, 0, 0, 0
1450, 599040, 0, 0, 0
1550, 614400, 0, 0, 0
1650, 737280, 0, 0, 0
1749, 667151, 0, 0, 0
1849, 614400, 0, 0, 0
1949, 614400, 0, 0, 0
2049, 599040, 0, 0, 0
2149, 552960, 0, 0, 0
2249, 706560, 0, 0, 0
2349, 599040, 0, 0, 0
2449, 599040, 0, 0, 0
2549, 691200, 0, 0, 0
2650, 599040, 0, 0, 0
2750, 721920, 0, 0, 0
2850, 568320, 0, 0, 0
2950, 599040, 0, 0, 0
3050, 522240, 0, 0, 0
3150, 629760, 0, 0, 0
3249, 574060, 0, 0, 0
3349, 691200, 0, 0, 0
3449, 599040, 0, 0, 0
3549, 583680, 0, 0, 0
3649, 583680, 0, 0, 0
3749, 583680, 0, 0, 0
3849, 660480, 0, 0, 0
3950, 568320, 0, 0, 0
4050, 599040, 0, 0, 0
4150, 614400, 0, 0, 0
4249, 636121, 0, 0, 0
4349, 568320, 0, 0, 0
4449, 599040, 0, 0, 0
4549, 629760, 0, 0, 0
4649, 568320, 0, 0, 0
4749, 629760, 0, 0, 0
4849, 660480, 0, 0, 0
4949, 629760, 0, 0, 0
5050, 660480, 0, 0, 0
5150, 645120, 0, 0, 0
5249, 574060, 0, 0, 0
5349, 614400, 0, 0, 0
5449, 583680, 0, 0, 0
5549, 675840, 0, 0, 0
5649, 599040, 0, 0, 0
5749, 522240, 0, 0, 0
5849, 583680, 0, 0, 0
5949, 660480, 0, 0, 0
6049, 675840, 0, 0, 0
6149, 675840, 0, 0, 0
6250, 583680, 0, 0, 0
6350, 629760, 0, 0, 0
6450, 706560, 0, 0, 0
6550, 599040, 0, 0, 0
6650, 660480, 0, 0, 0
6749, 605090, 0, 0, 0
6849, 614400, 0, 0, 0
6949, 583680, 0, 0, 0
7049, 599040, 0, 0, 0
7149, 614400, 0, 0, 0
7249, 629760, 0, 0, 0
7349, 599040, 0, 0, 0
7449, 599040, 0, 0, 0
7550, 629760, 0, 0, 0
7650, 552960, 0, 0, 0
7749, 667151, 0, 0, 0
7849, 552960, 0, 0, 0
7949, 599040, 0, 0, 0
8049, 675840, 0, 0, 0
8149, 614400, 0, 0, 0
8249, 691200, 0, 0, 0
8349, 629760, 0, 0, 0
8449, 599040, 0, 0, 0
8549, 645120, 0, 0, 0
8649, 706560, 0, 0, 0
8750, 645120, 0, 0, 0
8850, 660480, 0, 0, 0
8950, 675840, 0, 0, 0
9050, 614400, 0, 0, 0
9150, 599040, 0, 0, 0
9249, 620606, 0, 0, 0
9349, 660480, 0, 0, 0
9449, 599040, 0, 0, 0
9549, 614400, 0, 0, 0
9649, 583680, 0, 0, 0
9749, 629760, 0, 0, 0
9849, 645120, 0, 0, 0
9949, 645120, 0, 0, 0
10050, 645120, 0, 0, 0
10150, 629760, 0, 0, 0
10249, 620606, 0, 0, 0
10349, 629760, 0, 0, 0
10449, 568320, 0, 0, 0
10549, 583680, 0, 0, 0
10649, 614400, 0, 0, 0
10749, 660480, 0, 0, 0
10849, 583680, 0, 0, 0
10949, 614400, 0, 0, 0
11049, 568320, 0, 0, 0
11149, 614400, 0, 0, 0
11249, 645120, 0, 0, 0
11350, 629760, 0, 0, 0
11450, 629760, 0, 0, 0
11550, 629760, 0, 0, 0
11650, 583680, 0, 0, 0
11749, 667151, 0, 0, 0
11849, 629760, 0, 0, 0
11949, 537600, 0, 0, 0
12049, 660480, 0, 0, 0
12149, 568320, 0, 0, 0
12249, 660480, 0, 0, 0
12349, 614400, 0, 0, 0
12449, 660480, 0, 0, 0
12549, 599040, 0, 0, 0
12649, 645120, 0, 0, 0
12750, 614400, 0, 0, 0
12850, 552960, 0, 0, 0
12950, 552960, 0, 0, 0
13050, 629760, 0, 0, 0
13150, 614400, 0, 0, 0
13249, 605090, 0, 0, 0
13349, 568320, 0, 0, 0
13449, 675840, 0, 0, 0
13549, 629760, 0, 0, 0
13649, 568320, 0, 0, 0
13749, 629760, 0, 0, 0
13849, 599040, 0, 0, 0
13949, 645120, 0, 0, 0
14050, 599040, 0, 0, 0
14150, 660480, 0, 0, 0
14249, 558545, 0, 0, 0
14349, 660480, 0, 0, 0
14449, 629760, 0, 0, 0
14549, 645120, 0, 0, 0
14649, 629760, 0, 0, 0
14749, 675840, 0, 0, 0
14849, 599040, 0, 0, 0
14949, 599040, 0, 0, 0
15049, 629760, 0, 0, 0
15149, 645120, 0, 0, 0
15249, 506880, 0, 0, 0
15349, 660480, 0, 0, 0
15449, 614400, 0, 0, 0
15549, 599040, 0, 0, 0
15649, 599040, 0, 0, 0
15750, 552960, 0, 0, 0
15850, 583680, 0, 0, 0
15950, 675840, 0, 0, 0
16050, 629760, 0, 0, 0
16150, 645120, 0, 0, 0
16249, 636121, 0, 0, 0
16349, 583680, 0, 0, 0
16449, 629760, 0, 0, 0
16549, 691200, 0, 0, 0
16649, 614400, 0, 0, 0
16749, 537600, 0, 0, 0
16849, 599040, 0, 0, 0
16949, 629760, 0, 0, 0
17049, 675840, 0, 0, 0
17149, 675840, 0, 0, 0
17249, 614400, 0, 0, 0
17349, 660480, 0, 0, 0
17450, 568320, 0, 0, 0
17550, 614400, 0, 0, 0
17650, 614400, 0, 0, 0
17749, 620606, 0, 0, 0
17849, 552960, 0, 0, 0
17949, 522240, 0, 0, 0
18049, 583680, 0, 0, 0
18149, 629760, 0, 0, 0
18249, 660480, 0, 0, 0
18349, 583680, 0, 0, 0
18449, 629760, 0, 0, 0
18549, 614400, 0, 0, 0
18649, 599040, 0, 0, 0
18749, 599040, 0, 0, 0
18849, 660480, 0, 0, 0
18949, 583680, 0, 0, 0
19050, 599040, 0, 0, 0
19150, 706560, 0, 0, 0
19249, 620606, 0, 0, 0
19349, 614400, 0, 0, 0
19449, 614400, 0, 0, 0
19549, 691200, 0, 0, 0
19649, 583680, 0, 0, 0
19749, 583680, 0, 0, 0
19849, 583680, 0, 0, 0
19949, 629760, 0, 0, 0
20049, 583680, 0, 0, 0
20149, 629760, 0, 0, 0
20249, 675840, 0, 0, 0
20349, 629760, 0, 0, 0
20449, 614400, 0, 0, 0
20550, 599040, 0, 0, 0
20650, 614400, 0, 0, 0
20749, 636121, 0, 0, 0
20849, 583680, 0, 0, 0
20949, 599040, 0, 0, 0
21049, 583680, 0, 0, 0
21149, 552960, 0, 0, 0
21249, 583680, 0, 0, 0
21349, 583680, 0, 0, 0
21449, 614400, 0, 0, 0
21549, 583680, 0, 0, 0
21649, 583680, 0, 0, 0
21749, 537600, 0, 0, 0
21849, 629760, 0, 0, 0
21949, 614400, 0, 0, 0
22049, 614400, 0, 0, 0
22149, 614400, 0, 0, 0
22250, 706560, 0, 0, 0
22350, 629760, 0, 0, 0
22450, 660480, 0, 0, 0
22550, 522240, 0, 0, 0
22650, 629760, 0, 0, 0
22749, 527515, 0, 0, 0
22849, 537600, 0, 0, 0
22949, 583680, 0, 0, 0
23049, 599040, 0, 0, 0
23149, 614400, 0, 0, 0
23249, 599040, 0, 0, 0
23349, 583680, 0, 0, 0
23449, 675840, 0, 0, 0
23549, 537600, 0, 0, 0
23649, 599040, 0, 0, 0
23750, 645120, 0, 0, 0
23850, 614400, 0, 0, 0
23950, 660480, 0, 0, 0
24050, 614400, 0, 0, 0
24150, 629760, 0, 0, 0
24249, 667151, 0, 0, 0
24349, 552960, 0, 0, 0
24449, 614400, 0, 0, 0
24549, 629760, 0, 0, 0
24649, 583680, 0, 0, 0
24749, 660480, 0, 0, 0
24849, 583680, 0, 0, 0
24949, 568320, 0, 0, 0
25049, 599040, 0, 0, 0
25149, 645120, 0, 0, 0
25250, 675840, 0, 0, 0
25350, 599040, 0, 0, 0
25450, 537600, 0, 0, 0
25550, 614400, 0, 0, 0
25650, 629760, 0, 0, 0
25749, 589575, 0, 0, 0
25849, 599040, 0, 0, 0
25949, 645120, 0, 0, 0
26049, 599040, 0, 0, 0
26149, 645120, 0, 0, 0
26249, 568320, 0, 0, 0
26349, 629760, 0, 0, 0
26449, 645120, 0, 0, 0
26549, 614400, 0, 0, 0
26649, 691200, 0, 0, 0
26750, 706560, 0, 0, 0
26850, 675840, 0, 0, 0
26950, 660480, 0, 0, 0
27050, 568320, 0, 0, 0
27150, 599040, 0, 0, 0
27249, 605090, 0, 0, 0
27349, 614400, 0, 0, 0
27449, 629760, 0, 0, 0
27549, 599040, 0, 0, 0
27649, 645120, 0, 0, 0
27749, 599040, 0, 0, 0
27849, 645120, 0, 0, 0
27949, 599040, 0, 0, 0
28049, 599040, 0, 0, 0
28149, 629760, 0, 0, 0
28250, 614400, 0, 0, 0
28350, 583680, 0, 0, 0
28450, 583680, 0, 0, 0
28550, 568320, 0, 0, 0
28650, 599040, 0, 0, 0
28749, 589575, 0, 0, 0
28849, 583680, 0, 0, 0
28949, 614400, 0, 0, 0
29049, 645120, 0, 0, 0
29149, 629760, 0, 0, 0
29249, 629760, 0, 0, 0
29349, 599040, 0, 0, 0
29449, 645120, 0, 0, 0
29550, 599040, 0, 0, 0
29650, 675840, 0, 0, 0
29749, 651636, 0, 0, 0
29849, 737280, 0, 0, 0
29949, 568320, 0, 0, 0
30049, 645120, 0, 0, 0
30149, 660480, 0, 0, 0
30249, 614400, 0, 0, 0
30349, 583680, 0, 0, 0
30449, 568320, 0, 0, 0
30549, 614400, 0, 0, 0
30649, 568320, 0, 0, 0
30750, 568320, 0, 0, 0
30850, 583680, 0, 0, 0
30950, 645120, 0, 0, 0
31050, 583680, 0, 0, 0
31150, 629760, 0, 0, 0
31249, 682666, 0, 0, 0
31349, 614400, 0, 0, 0
31449, 614400, 0, 0, 0
31549, 599040, 0, 0, 0
31649, 599040, 0, 0, 0
31749, 629760, 0, 0, 0
31849, 599040, 0, 0, 0
31949, 645120, 0, 0, 0
32050, 629760, 0, 0, 0
32150, 599040, 0, 0, 0
32249, 636121, 0, 0, 0
32349, 614400, 0, 0, 0
32449, 660480, 0, 0, 0
32549, 599040, 0, 0, 0
32649, 614400, 0, 0, 0
32749, 583680, 0, 0, 0
32849, 583680, 0, 0, 0
32949, 675840, 0, 0, 0
33049, 629760, 0, 0, 0
33149, 599040, 0, 0, 0
33250, 614400, 0, 0, 0
33350, 599040, 0, 0, 0
33450, 629760, 0, 0, 0
33550, 629760, 0, 0, 0
33650, 552960, 0, 0, 0
33749, 636121, 0, 0, 0
33849, 614400, 0, 0, 0
33949, 675840, 0, 0, 0
34049, 629760, 0, 0, 0
34149, 583680, 0, 0, 0
34249, 583680, 0, 0, 0
34349, 660480, 0, 0, 0
34449, 614400, 0, 0, 0
34550, 660480, 0, 0, 0
34650, 568320, 0, 0, 0
34749, 636121, 0, 0, 0
34849, 599040, 0, 0, 0
34949, 599040, 0, 0, 0
35049, 675840, 0, 0, 0
35149, 599040, 0, 0, 0
35249, 552960, 0, 0, 0
35349, 614400, 0, 0, 0
35449, 660480, 0, 0, 0
35550, 629760, 0, 0, 0
35650, 629760, 0, 0, 0
35749, 589575, 0, 0, 0
35849, 599040, 0, 0, 0
35949, 568320, 0, 0, 0
36049, 614400, 0, 0, 0
36149, 629760, 0, 0, 0
36249, 629760, 0, 0, 0
36349, 660480, 0, 0, 0
36449, 645120, 0, 0, 0
36549, 660480, 0, 0, 0
36649, 660480, 0, 0, 0
36750, 583680, 0, 0, 0
36850, 614400, 0, 0, 0
36950, 660480, 0, 0, 0
37050, 629760, 0, 0, 0
37150, 614400, 0, 0, 0
37249, 651636, 0, 0, 0
37349, 614400, 0, 0, 0
37449, 599040, 0, 0, 0
37549, 552960, 0, 0, 0
37649, 645120, 0, 0, 0
37750, 645120, 0, 0, 0
37850, 599040, 0, 0, 0
37950, 568320, 0, 0, 0
38050, 568320, 0, 0, 0
38150, 599040, 0, 0, 0
38249, 636121, 0, 0, 0
38349, 629760, 0, 0, 0
38449, 660480, 0, 0, 0
38549, 645120, 0, 0, 0
38649, 614400, 0, 0, 0
38749, 645120, 0, 0, 0
38849, 645120, 0, 0, 0
38950, 629760, 0, 0, 0
39050, 614400, 0, 0, 0
39150, 675840, 0, 0, 0
39249, 620606, 0, 0, 0
39349, 614400, 0, 0, 0
39449, 737280, 0, 0, 0
39549, 583680, 0, 0, 0
39649, 660480, 0, 0, 0
39749, 645120, 0, 0, 0
39849, 552960, 0, 0, 0
39949, 629760, 0, 0, 0
40049, 583680, 0, 0, 0
40149, 629760, 0, 0, 0
40250, 660480, 0, 0, 0
40350, 660480, 0, 0, 0
40450, 599040, 0, 0, 0
40550, 660480, 0, 0, 0
40650, 583680, 0, 0, 0
40749, 589575, 0, 0, 0
40849, 614400, 0, 0, 0
40949, 583680, 0, 0, 0
41049, 552960, 0, 0, 0
41149, 629760, 0, 0, 0
41249, 629760, 0, 0, 0
41350, 568320, 0, 0, 0
41450, 568320, 0, 0, 0
41550, 645120, 0, 0, 0
41650, 537600, 0, 0, 0
41749, 605090, 0, 0, 0
41849, 568320, 0, 0, 0
41949, 552960, 0, 0, 0
42049, 568320, 0, 0, 0
42149, 629760, 0, 0, 0
42249, 583680, 0, 0, 0
42349, 614400, 0, 0, 0
42449, 614400, 0, 0, 0
42550, 599040, 0, 0, 0
42650, 599040, 0, 0, 0
42749, 605090, 0, 0, 0
42849, 599040, 0, 0, 0
42949, 660480, 0, 0, 0
43049, 552960, 0, 0, 0
43149, 614400, 0, 0, 0
43249, 614400, 0, 0, 0
43349, 629760, 0, 0, 0
43449, 675840, 0, 0, 0
43549, 599040, 0, 0, 0
43649, 614400, 0, 0, 0
43749, 645120, 0, 0, 0
43850, 629760, 0, 0, 0
43950, 583680, 0, 0, 0
44050, 568320, 0, 0, 0
44150, 691200, 0, 0, 0
44249, 605090, 0, 0, 0
44349, 583680, 0, 0, 0
44449, 614400, 0, 0, 0
44549, 583680, 0, 0, 0
44649, 614400, 0, 0, 0
44749, 629760, 0, 0, 0
44849, 568320, 0, 0, 0
44949, 552960, 0, 0, 0
45050, 583680, 0, 0, 0
45150, 629760, 0, 0, 0
45249, 636121, 0, 0, 0
45349, 660480, 0, 0, 0
45449, 614400, 0, 0, 0
45549, 568320, 0, 0, 0
45649, 614400, 0, 0, 0
45749, 583680, 0, 0, 0
45849, 552960, 0, 0, 0
45949, 599040, 0, 0, 0
46049, 568320, 0, 0, 0
46149, 599040, 0, 0, 0
46250, 629760, 0, 0, 0
46350, 568320, 0, 0, 0
46450, 583680, 0, 0, 0
46550, 583680, 0, 0, 0
46650, 675840, 0, 0, 0
46749, 574060, 0, 0, 0
46849, 706560, 0, 0, 0
46949, 583680, 0, 0, 0
47049, 583680, 0, 0, 0
47149, 645120, 0, 0, 0
47249, 629760, 0, 0, 0
47349, 660480, 0, 0, 0
47449, 675840, 0, 0, 0
47550, 614400, 0, 0, 0
47650, 645120, 0, 0, 0
47749, 605090, 0, 0, 0
47849, 568320, 0, 0, 0
47949, 599040, 0, 0, 0
48049, 583680, 0, 0, 0
48149, 629760, 0, 0, 0
48249, 614400, 0, 0, 0
48349, 660480, 0, 0, 0
48449, 691200, 0, 0, 0
48549, 568320, 0, 0, 0
48649, 629760, 0, 0, 0
48750, 629760, 0, 0, 0
48850, 568320, 0, 0, 0
48950, 599040, 0, 0, 0
49050, 583680, 0, 0, 0
49150, 629760, 0, 0, 0
49249, 620606, 0, 0, 0
49349, 614400, 0, 0, 0
49449, 660480, 0, 0, 0
49549, 614400, 0, 0, 0
49649, 660480, 0, 0, 0
49749, 660480, 0, 0, 0
49849, 645120, 0, 0, 0
49949, 675840, 0, 0, 0
50050, 629760, 0, 0, 0
50150, 660480, 0, 0, 0
50249, 605090, 0, 0, 0
50349, 568320, 0, 0, 0
50449, 660480, 0, 0, 0
50549, 583680, 0, 0, 0
50649, 552960, 0, 0, 0
50749, 568320, 0, 0, 0
50849, 629760, 0, 0, 0
50949, 568320, 0, 0, 0
51049, 583680, 0, 0, 0
51149, 614400, 0, 0, 0
51250, 706560, 0, 0, 0
51350, 629760, 0, 0, 0
51450, 614400, 0, 0, 0
51550, 629760, 0, 0, 0
51650, 568320, 0, 0, 0
51749, 605090, 0, 0, 0
51849, 552960, 0, 0, 0
51949, 691200, 0, 0, 0
52049, 645120, 0, 0, 0
52149, 599040, 0, 0, 0
52250, 583680, 0, 0, 0
52350, 599040, 0, 0, 0
52450, 629760, 0, 0, 0
52550, 660480, 0, 0, 0
52650, 599040, 0, 0, 0
52749, 574060, 0, 0, 0
52849, 568320, 0, 0, 0
52949, 583680, 0, 0, 0
53049, 568320, 0, 0, 0
53149, 660480, 0, 0, 0
53249, 614400, 0, 0, 0
53349, 599040, 0, 0, 0
53450, 629760, 0, 0, 0
53550, 645120, 0, 0, 0
53650, 599040, 0, 0, 0
53749, 636121, 0, 0, 0
53849, 675840, 0, 0, 0
53949, 583680, 0, 0, 0
54049, 645120, 0, 0, 0
54149, 629760, 0, 0, 0
54249, 522240, 0, 0, 0
54349, 660480, 0, 0, 0
54449, 568320, 0, 0, 0
54550, 583680, 0, 0, 0
54650, 506880, 0, 0, 0
54749, 605090, 0, 0, 0
54849, 614400, 0, 0, 0
54949, 629760, 0, 0, 0
55049, 660480, 0, 0, 0
55149, 629760, 0, 0, 0
55249, 552960, 0, 0, 0
55349, 583680, 0, 0, 0
55449, 645120, 0, 0, 0
55549, 660480, 0, 0, 0
55649, 614400, 0, 0, 0
55750, 614400, 0, 0, 0
55850, 645120, 0, 0, 0
55950, 599040, 0, 0, 0
56050, 645120, 0, 0, 0
56150, 645120, 0, 0, 0
56249, 636121, 0, 0, 0
56349, 675840, 0, 0, 0
56449, 660480, 0, 0, 0
56549, 583680, 0, 0, 0
56649, 614400, 0, 0, 0
56749, 583680, 0, 0, 0
56850, 614400, 0, 0, 0
56950, 629760, 0, 0, 0
57050, 675840, 0, 0, 0
57150, 614400, 0, 0, 0
57249, 605090, 0, 0, 0
57349, 599040, 0, 0, 0
57449, 599040, 0, 0, 0
57549, 660480, 0, 0, 0
57649, 583680, 0, 0, 0
57749, 629760, 0, 0, 0
57849, 660480, 0, 0, 0
57949, 691200, 0, 0, 0
58050, 645120, 0, 0, 0
58150, 568320, 0, 0, 0
58249, 667151, 0, 0, 0
58349, 629760, 0, 0, 0
58449, 568320, 0, 0, 0
58549, 645120, 0, 0, 0
58649, 614400, 0, 0, 0
58749, 568320, 0, 0, 0
58849, 614400, 0, 0, 0
58949, 614400, 0, 0, 0
59050, 660480, 0, 0, 0
59150, 660480, 0, 0, 0
59249, 682666, 0, 0, 0
59349, 614400, 0, 0, 0
59449, 568320, 0, 0, 0
59549, 568320, 0, 0, 0
59649, 645120, 0, 0, 0
59749, 583680, 0, 0, 0
59849, 614400, 0, 0, 0
59949, 583680, 0, 0, 0
