100, 9850129, 0, 0, 0
201, 9426643, 0, 0, 0
300, 10712233, 0, 0, 0
401, 9129544, 0, 0, 0
504, 10752884, 0, 0, 0
602, 9369737, 0, 0, 0
702, 10236434, 0, 0, 0
802, 11261164, 0, 0, 0
901, 9227229, 0, 0, 0
1004, 10725094, 0, 0, 0
1100, 11575813, 0, 0, 0
1200, 9504797, 0, 0, 0
1301, 10590373, 0, 0, 0
1401, 9618680, 0, 0, 0
1506, 9627585, 0, 0, 0
1600, 11660429, 0, 0, 0
1702, 12246362, 0, 0, 0
1800, 12917764, 0, 0, 0
1900, 11685430, 0, 0, 0
2001, 9852984, 0, 0, 0
2102, 14223834, 0, 0, 0
2201, 10535118, 0, 0, 0
2301, 10224590, 0, 0, 0
2403, 8294619, 0, 0, 0
2501, 11283292, 0, 0, 0
2600, 10433596, 0, 0, 0
2700, 10561121, 0, 0, 0
2801, 10016263, 0, 0, 0
2902, 12018488, 0, 0, 0
3001, 10934931, 0, 0, 0
3102, 11384233, 0, 0, 0
3200, 12341849, 0, 0, 0
3303, 10608716, 0, 0, 0
3401, 9203328, 0, 0, 0
3500, 12057661, 0, 0, 0
3601, 11624703, 0, 0, 0
3700, 12412743, 0, 0, 0
3800, 10771135, 0, 0, 0
3900, 10453641, 0, 0, 0
4009, 10384920, 0, 0, 0
4101, 10660740, 0, 0, 0
4200, 8915010, 0, 0, 0
4300, 10761039, 0, 0, 0
4400, 9317702, 0, 0, 0
4500, 10671937, 0, 0, 0
4600, 12060778, 0, 0, 0
4700, 9302264, 0, 0, 0
4801, 8703221, 0, 0, 0
4904, 8215135, 0, 0, 0
5001, 11837154, 0, 0, 0
5101, 14155393, 0, 0, 0
5201, 10069875, 0, 0, 0
5301, 8555307, 0, 0, 0
5402, 9783657, 0, 0, 0
5501, 10760684, 0, 0, 0
5600, 12156971, 0, 0, 0
5700, 8816754, 0, 0, 0
5800, 10822140, 0, 0, 0
5900, 12123479, 0, 0, 0
6000, 9059328, 0, 0, 0
6100, 10549214, 0, 0, 0
6200, 10549602, 0, 0, 0
6301, 10430133, 0, 0, 0
6401, 12421704, 0, 0, 0
6502, 10068719, 0, 0, 0
6600, 9770992, 0, 0, 0
6701, 16033094, 0, 0, 0
6801, 12517103, 0, 0, 0
6901, 10190691, 0, 0, 0
7000, 9181457, 0, 0, 0
7101, 10280649, 0, 0, 0
7201, 9941707, 0, 0, 0
7301, 12233526, 0, 0, 0
7402, 12404834, 0, 0, 0
7500, 12768185, 0, 0, 0
7603, 9246950, 0, 0, 0
7704, 11125293, 0, 0, 0
7801, 12672570, 0, 0, 0
7900, 9047331, 0, 0, 0
8001, 9184723, 0, 0, 0
8100, 10649996, 0, 0, 0
8200, 8799087, 0, 0, 0
8300, 10332863, 0, 0, 0
8401, 8686321, 0, 0, 0
8500, 9771851, 0, 0, 0
8601, 9586630, 0, 0, 0
8702, 12579074, 0, 0, 0
8800, 12320144, 0, 0, 0
8902, 13420570, 0, 0, 0
9001, 13852614, 0, 0, 0
9100, 8714966, 0, 0, 0
9200, 9124798, 0, 0, 0
9301, 10563358, 0, 0, 0
9400, 11843845, 0, 0, 0
9501, 9912603, 0, 0, 0
9608, 9914707, 0, 0, 0
9701, 12856122, 0, 0, 0
9805, 12752776, 0, 0, 0
9900, 11545638, 0, 0, 0
10000, 11754714, 0, 0, 0
10100, 10924558, 0, 0, 0
10201, 10274574, 0, 0, 0
10301, 9339481, 0, 0, 0
10406, 11137448, 0, 0, 0
10501, 8893250, 0, 0, 0
10600, 9024232, 0, 0, 0
10700, 11386114, 0, 0, 0
10801, 11323748, 0, 0, 0
10900, 9119338, 0, 0, 0
11000, 10132406, 0, 0, 0
11101, 9518705, 0, 0, 0
11201, 7072200, 0, 0, 0
11301, 9847393, 0, 0, 0
11403, 11767913, 0, 0, 0
11500, 10645169, 0, 0, 0
11600, 12155033, 0, 0, 0
11700, 10231649, 0, 0, 0
11800, 11685500, 0, 0, 0
11900, 9017967, 0, 0, 0
12002, 9486232, 0, 0, 0
12100, 12378691, 0, 0, 0
12201, 10910406, 0, 0, 0
12301, 8566211, 0, 0, 0
12403, 12565678, 0, 0, 0
12501, 11252726, 0, 0, 0
12602, 8999649, 0, 0, 0
12701, 12173821, 0, 0, 0
12807, 11828165, 0, 0, 0
12901, 8922304, 0, 0, 0
13000, 10189206, 0, 0, 0
13101, 10470153, 0, 0, 0
13200, 11740692, 0, 0, 0
13302, 10798247, 0, 0, 0
13400, 10636963, 0, 0, 0
13500, 8488772, 0, 0, 0
13600, 11853318, 0, 0, 0
13702, 9976694, 0, 0, 0
13800, 11199774, 0, 0, 0
13904, 9614695, 0, 0, 0
14000, 11845878, 0, 0, 0
14104, 10835984, 0, 0, 0
14200, 10244167, 0, 0, 0
14302, 12799441, 0, 0, 0
14401, 9154346, 0, 0, 0
14500, 12029421, 0, 0, 0
14600, 13446918, 0, 0, 0
14703, 11899741, 0, 0, 0
14800, 11160452, 0, 0, 0
14901, 8811383, 0, 0, 0
15002, 10811144, 0, 0, 0
15101, 10930240, 0, 0, 0
15204, 10505537, 0, 0, 0
15300, 10258754, 0, 0, 0
15401, 10724821, 0, 0, 0
15500, 12190408, 0, 0, 0
15601, 11549558, 0, 0, 0
15700, 9990758, 0, 0, 0
15800, 8283907, 0, 0, 0
15901, 9780979, 0, 0, 0
16002, 8726808, 0, 0, 0
16104, 8871499, 0, 0, 0
16200, 11084301, 0, 0, 0
16300, 8616191, 0, 0, 0
16400, 13534180, 0, 0, 0
16500, 9154092, 0, 0, 0
16602, 11384211, 0, 0, 0
16701, 8398921, 0, 0, 0
16801, 10556218, 0, 0, 0
16901, 12638222, 0, 0, 0
17002, 11696954, 0, 0, 0
17102, 10568562, 0, 0, 0
17201, 8751341, 0, 0, 0
17301, 8445497, 0, 0, 0
17400, 10578401, 0, 0, 0
17500, 12282493, 0, 0, 0
17601, 11114178, 0, 0, 0
17701, 13471591, 0, 0, 0
17800, 10858457, 0, 0, 0
17900, 10588375, 0, 0, 0
18001, 9578796, 0, 0, 0
18100, 10907889, 0, 0, 0
18200, 9706383, 0, 0, 0
18303, 9751468, 0, 0, 0
18401, 8912313, 0, 0, 0
18501, 10828663, 0, 0, 0
18600, 10685521, 0, 0, 0
18700, 12216395, 0, 0, 0
18800, 10824170, 0, 0, 0
18905, 8555242, 0, 0, 0
19004, 13117662, 0, 0, 0
19100, 9629972, 0, 0, 0
19200, 10874574, 0, 0, 0
19300, 10477203, 0, 0, 0
19403, 10261404, 0, 0, 0
19501, 12654981, 0, 0, 0
19601, 12359588, 0, 0, 0
19701, 11042711, 0, 0, 0
19800, 8224280, 0, 0, 0
19900, 9196212, 0, 0, 0
20001, 9497305, 0, 0, 0
20100, 8524999, 0, 0, 0
20201, 9380329, 0, 0, 0
20302, 10804613, 0, 0, 0
20401, 10683602, 0, 0, 0
20502, 13085518, 0, 0, 0
20604, 10531908, 0, 0, 0
20703, 10601850, 0, 0, 0
20801, 12207492, 0, 0, 0
20900, 12166253, 0, 0, 0
21002, 12548414, 0, 0, 0
21103, 11758796, 0, 0, 0
21203, 10840325, 0, 0, 0
21300, 11825131, 0, 0, 0
21403, 9525673, 0, 0, 0
21502, 8793720, 0, 0, 0
21600, 11280836, 0, 0, 0
21700, 11328535, 0, 0, 0
21800, 8858936, 0, 0, 0
21900, 7952958, 0, 0, 0
22002, 11793641, 0, 0, 0
22100, 10609118, 0, 0, 0
22200, 10602457, 0, 0, 0
22300, 9265010, 0, 0, 0
22402, 9228520, 0, 0, 0
22509, 9763277, 0, 0, 0
22604, 13277006, 0, 0, 0
22702, 10276792, 0, 0, 0
22801, 10186623, 0, 0, 0
22906, 8275901, 0, 0, 0
23000, 10507830, 0, 0, 0
23101, 10669802, 0, 0, 0
23200, 10158892, 0, 0, 0
23300, 11139022, 0, 0, 0
23401, 9160992, 0, 0, 0
23502, 10347214, 0, 0, 0
23600, 9800267, 0, 0, 0
23701, 9497812, 0, 0, 0
23800, 11625500, 0, 0, 0
23901, 10316176, 0, 0, 0
24001, 9905699, 0, 0, 0
24103, 10639396, 0, 0, 0
24202, 10058644, 0, 0, 0
24300, 9692334, 0, 0, 0
24400, 14681261, 0, 0, 0
24500, 9487278, 0, 0, 0
24600, 10680103, 0, 0, 0
24700, 9794461, 0, 0, 0
24802, 10434667, 0, 0, 0
24903, 12495678, 0, 0, 0
25001, 10235396, 0, 0, 0
25101, 10348510, 0, 0, 0
25204, 10806733, 0, 0, 0
25301, 14512576, 0, 0, 0
25401, 9817333, 0, 0, 0
25500, 8056936, 0, 0, 0
25605, 11362940, 0, 0, 0
25703, 10561098, 0, 0, 0
25803, 10023756, 0, 0, 0
25901, 10142821, 0, 0, 0
26000, 11205740, 0, 0, 0
26100, 7628461, 0, 0, 0
26200, 12580531, 0, 0, 0
26303, 11847345, 0, 0, 0
26400, 10689638, 0, 0, 0
26502, 10201072, 0, 0, 0
26600, 11265283, 0, 0, 0
26700, 10359464, 0, 0, 0
26800, 9623891, 0, 0, 0
26902, 8543593, 0, 0, 0
27001, 10940086, 0, 0, 0
27100, 10558384, 0, 0, 0
27201, 9889686, 0, 0, 0
27300, 9388790, 0, 0, 0
27403, 11276580, 0, 0, 0
27500, 10124727, 0, 0, 0
27601, 9056167, 0, 0, 0
27702, 11715870, 0, 0, 0
27801, 10586666, 0, 0, 0
27900, 10275489, 0, 0, 0
28001, 9162538, 0, 0, 0
28105, 11342196, 0, 0, 0
28202, 10583650, 0, 0, 0
28300, 11202815, 0, 0, 0
28400, 11027470, 0, 0, 0
28502, 11766070, 0, 0, 0
28601, 9256571, 0, 0, 0
28700, 11543791, 0, 0, 0
28800, 9571749, 0, 0, 0
28900, 13860997, 0, 0, 0
29000, 10002004, 0, 0, 0
29102, 11680001, 0, 0, 0
29202, 9159186, 0, 0, 0
29300, 10316661, 0, 0, 0
29403, 9970520, 0, 0, 0
29501, 12804576, 0, 0, 0
29600, 9177331, 0, 0, 0
29706, 9537868, 0, 0, 0
29805, 10855954, 0, 0, 0
29902, 10828872, 0, 0, 0
30000, 8811722, 0, 0, 0
30100, 10653700, 0, 0, 0
30201, 11302596, 0, 0, 0
30303, 8938272, 0, 0, 0
30401, 11436312, 0, 0, 0
30502, 10584571, 0, 0, 0
30600, 12783699, 0, 0, 0
30700, 10159000, 0, 0, 0
30801, 11161017, 0, 0, 0
30902, 14139033, 0, 0, 0
31000, 9272933, 0, 0, 0
31108, 12834862, 0, 0, 0
31201, 10341329, 0, 0, 0
31301, 9825596, 0, 0, 0
31409, 9365445, 0, 0, 0
31502, 12981914, 0, 0, 0
31604, 10403067, 0, 0, 0
31702, 10359406, 0, 0, 0
31802, 12488270, 0, 0, 0
31904, 10791422, 0, 0, 0
32000, 11973446, 0, 0, 0
32101, 10072386, 0, 0, 0
32200, 12026442, 0, 0, 0
32300, 11279172, 0, 0, 0
32400, 10544801, 0, 0, 0
32500, 11422291, 0, 0, 0
32601, 11415209, 0, 0, 0
32700, 10272593, 0, 0, 0
32802, 10702876, 0, 0, 0
32900, 11282203, 0, 0, 0
33002, 10650238, 0, 0, 0
33101, 11522814, 0, 0, 0
33200, 10604453, 0, 0, 0
33300, 10697458, 0, 0, 0
33400, 9380292, 0, 0, 0
33501, 10561605, 0, 0, 0
33602, 8987719, 0, 0, 0
33700, 13270914, 0, 0, 0
33802, 11404325, 0, 0, 0
33901, 9744492, 0, 0, 0
34001, 9604547, 0, 0, 0
34101, 10591257, 0, 0, 0
34203, 10698971, 0, 0, 0
34300, 9285424, 0, 0, 0
34400, 13509818, 0, 0, 0
34500, 12979258, 0, 0, 0
34601, 10343861, 0, 0, 0
34700, 10058200, 0, 0, 0
34801, 10601684, 0, 0, 0
34901, 10127140, 0, 0, 0
35001, 11016167, 0, 0, 0
35102, 11537228, 0, 0, 0
35206, 11061468, 0, 0, 0
35302, 8573081, 0, 0, 0
35401, 12144288, 0, 0, 0
35502, 10973436, 0, 0, 0
35600, 10213825, 0, 0, 0
35701, 12032724, 0, 0, 0
35801, 9787433, 0, 0, 0
35902, 11592072, 0, 0, 0
36003, 12319500, 0, 0, 0
36102, 10273096, 0, 0, 0
36201, 9643573, 0, 0, 0
36300, 11573661, 0, 0, 0
36400, 10712487, 0, 0, 0
36500, 9947755, 0, 0, 0
36600, 11232763, 0, 0, 0
36702, 11629924, 0, 0, 0
36802, 11134788, 0, 0, 0
36903, 11274967, 0, 0, 0
37001, 9821334, 0, 0, 0
37101, 11353866, 0, 0, 0
37202, 11034669, 0, 0, 0
37301, 13839226, 0, 0, 0
37402, 11417837, 0, 0, 0
37501, 10937488, 0, 0, 0
37601, 7606670, 0, 0, 0
37702, 10938853, 0, 0, 0
37800, 10443795, 0, 0, 0
37900, 11776956, 0, 0, 0
38000, 9918193, 0, 0, 0
38101, 10908962, 0, 0, 0
38202, 10674052, 0, 0, 0
38301, 9723510, 0, 0, 0
38400, 10881765, 0, 0, 0
38501, 9669250, 0, 0, 0
38603, 12546870, 0, 0, 0
38700, 10330627, 0, 0, 0
38800, 11600670, 0, 0, 0
38901, 9885284, 0, 0, 0
39000, 11918017, 0, 0, 0
39102, 10211888, 0, 0, 0
39202, 10052696, 0, 0, 0
39300, 9096090, 0, 0, 0
39400, 10260503, 0, 0, 0
39505, 10269088, 0, 0, 0
39601, 12491473, 0, 0, 0
39700, 10168272, 0, 0, 0
39800, 10673870, 0, 0, 0
39900, 9387714, 0, 0, 0
40000, 10592862, 0, 0, 0
40100, 9576580, 0, 0, 0
40202, 13056298, 0, 0, 0
40302, 12230814, 0, 0, 0
40401, 14283408, 0, 0, 0
40501, 11113555, 0, 0, 0
40601, 8981090, 0, 0, 0
40701, 9832874, 0, 0, 0
40800, 11599556, 0, 0, 0
40904, 11808946, 0, 0, 0
41000, 10653733, 0, 0, 0
41100, 10260182, 0, 0, 0
41201, 10552774, 0, 0, 0
41302, 9582625, 0, 0, 0
41401, 9647077, 0, 0, 0
41500, 12093927, 0, 0, 0
41600, 9968248, 0, 0, 0
41701, 10143042, 0, 0, 0
41803, 10748461, 0, 0, 0
41900, 11561420, 0, 0, 0
42000, 12279253, 0, 0, 0
42100, 8973881, 0, 0, 0
42202, 9147015, 0, 0, 0
42301, 12722262, 0, 0, 0
42400, 10479275, 0, 0, 0
42503, 11472908, 0, 0, 0
42601, 12902241, 0, 0, 0
42700, 9689643, 0, 0, 0
42801, 8854803, 0, 0, 0
42900, 9472672, 0, 0, 0
43004, 13112025, 0, 0, 0
43100, 9760485, 0, 0, 0
43203, 9679237, 0, 0, 0
43301, 10511577, 0, 0, 0
43400, 10698902, 0, 0, 0
43500, 9995201, 0, 0, 0
43604, 10978517, 0, 0, 0
43702, 13984045, 0, 0, 0
43800, 10807765, 0, 0, 0
43902, 9781142, 0, 0, 0
44003, 11917455, 0, 0, 0
44103, 10033665, 0, 0, 0
44200, 10985785, 0, 0, 0
44301, 9350263, 0, 0, 0
44402, 9781225, 0, 0, 0
44502, 8713623, 0, 0, 0
44601, 11265386, 0, 0, 0
44702, 9383233, 0, 0, 0
44805, 7945232, 0, 0, 0
44900, 10602729, 0, 0, 0
45001, 12406241, 0, 0, 0
45101, 7947003, 0, 0, 0
45202, 12417252, 0, 0, 0
45302, 15661772, 0, 0, 0
45401, 11729740, 0, 0, 0
45500, 10278327, 0, 0, 0
45601, 10087655, 0, 0, 0
45701, 10539687, 0, 0, 0
45801, 10519866, 0, 0, 0
45902, 9388627, 0, 0, 0
46001, 11099242, 0, 0, 0
46102, 10945880, 0, 0, 0
46201, 10588781, 0, 0, 0
46301, 8378643, 0, 0, 0
46401, 13155806, 0, 0, 0
46500, 10757114, 0, 0, 0
46600, 11232531, 0, 0, 0
46700, 9647200, 0, 0, 0
46803, 10901304, 0, 0, 0
46901, 9014405, 0, 0, 0
47000, 8838037, 0, 0, 0
47102, 9698968, 0, 0, 0
47200, 9436533, 0, 0, 0
47303, 11365134, 0, 0, 0
47400, 13369929, 0, 0, 0
47500, 10764046, 0, 0, 0
47601, 10042710, 0, 0, 0
47701, 10802376, 0, 0, 0
47800, 9727002, 0, 0, 0
47901, 10372254, 0, 0, 0
48000, 10952676, 0, 0, 0
48101, 11628572, 0, 0, 0
48203, 10244471, 0, 0, 0
48301, 12184644, 0, 0, 0
48403, 9343191, 0, 0, 0
48503, 10539893, 0, 0, 0
48600, 8966142, 0, 0, 0
48703, 11403755, 0, 0, 0
48800, 8517864, 0, 0, 0
48900, 9194602, 0, 0, 0
49001, 8872148, 0, 0, 0
49100, 11377679, 0, 0, 0
49200, 11284568, 0, 0, 0
49308, 9892968, 0, 0, 0
49401, 13708941, 0, 0, 0
49501, 9810095, 0, 0, 0
49600, 9638842, 0, 0, 0
49700, 10042966, 0, 0, 0
49800, 10879996, 0, 0, 0
49901, 11260075, 0, 0, 0
50001, 12649621, 0, 0, 0
50101, 11699393, 0, 0, 0
50202, 11993888, 0, 0, 0
50301, 9885921, 0, 0, 0
50401, 10351702, 0, 0, 0
50500, 10493190, 0, 0, 0
50601, 11168114, 0, 0, 0
50700, 11760017, 0, 0, 0
50801, 9201726, 0, 0, 0
50900, 11604690, 0, 0, 0
51000, 9150536, 0, 0, 0
51101, 9601963, 0, 0, 0
51203, 10989753, 0, 0, 0
51300, 9893150, 0, 0, 0
51400, 9681651, 0, 0, 0
51500, 11124012, 0, 0, 0
51600, 8811466, 0, 0, 0
51704, 10640447, 0, 0, 0
51801, 10225716, 0, 0, 0
51904, 10587341, 0, 0, 0
52002, 8782410, 0, 0, 0
52106, 10547536, 0, 0, 0
52201, 12301468, 0, 0, 0
52302, 11551931, 0, 0, 0
52401, 12358935, 0, 0, 0
52501, 11194012, 0, 0, 0
52601, 11924897, 0, 0, 0
52701, 10859234, 0, 0, 0
52800, 9908421, 0, 0, 0
52901, 10077215, 0, 0, 0
53000, 10836275, 0, 0, 0
53100, 8849504, 0, 0, 0
53200, 11074304, 0, 0, 0
53302, 11029907, 0, 0, 0
53401, 8718950, 0, 0, 0
53500, 10629430, 0, 0, 0
53603, 12385324, 0, 0, 0
53702, 11904700, 0, 0, 0
53801, 11305262, 0, 0, 0
53900, 10014110, 0, 0, 0
54000, 11198537, 0, 0, 0
54101, 11422697, 0, 0, 0
54202, 9258397, 0, 0, 0
54301, 9827141, 0, 0, 0
54402, 12607409, 0, 0, 0
54500, 10905785, 0, 0, 0
54601, 10151348, 0, 0, 0
54702, 9655446, 0, 0, 0
54801, 11609805, 0, 0, 0
54901, 12212911, 0, 0, 0
55001, 10710614, 0, 0, 0
55100, 10802242, 0, 0, 0
55201, 11459553, 0, 0, 0
55300, 13131790, 0, 0, 0
55400, 10431890, 0, 0, 0
55502, 9388039, 0, 0, 0
55601, 10703081, 0, 0, 0
55700, 9410176, 0, 0, 0
55801, 10589636, 0, 0, 0
55900, 9679023, 0, 0, 0
56001, 10374192, 0, 0, 0
56100, 9208923, 0, 0, 0
56200, 10574572, 0, 0, 0
56301, 9336613, 0, 0, 0
56400, 10730550, 0, 0, 0
56500, 11555375, 0, 0, 0
56603, 10209299, 0, 0, 0
56700, 9868781, 0, 0, 0
56802, 9922211, 0, 0, 0
56901, 11534342, 0, 0, 0
57000, 10509697, 0, 0, 0
57102, 11228875, 0, 0, 0
57200, 11479970, 0, 0, 0
57304, 10752472, 0, 0, 0
57407, 10737415, 0, 0, 0
57502, 10165168, 0, 0, 0
57600, 12656136, 0, 0, 0
57702, 10809221, 0, 0, 0
57800, 10236199, 0, 0, 0
57900, 8237204, 0, 0, 0
58000, 11026486, 0, 0, 0
58101, 11123988, 0, 0, 0
58203, 10949828, 0, 0, 0
58300, 8658477, 0, 0, 0
58400, 12908383, 0, 0, 0
58500, 12331523, 0, 0, 0
58600, 10120744, 0, 0, 0
58700, 10490859, 0, 0, 0
58803, 10349967, 0, 0, 0
58900, 10646959, 0, 0, 0
59001, 9047486, 0, 0, 0
59101, 13632776, 0, 0, 0
59200, 10977695, 0, 0, 0
59301, 9367364, 0, 0, 0
59402, 10730292, 0, 0, 0
59500, 11355834, 0, 0, 0
59600, 10457979, 0, 0, 0
59700, 15622789, 0, 0, 0
59800, 10700276, 0, 0, 0
59903, 13128053, 0, 0, 0
60000, 13090282, 0, 0, 0
60100, 11731863, 0, 0, 0
60203, 10502659, 0, 0, 0
60300, 10640983, 0, 0, 0
60404, 9968557, 0, 0, 0
60501, 17632477, 0, 0, 0
60604, 11712908, 0, 0, 0
60700, 9624787, 0, 0, 0
60801, 11764381, 0, 0, 0
60902, 11488408, 0, 0, 0
61000, 11052292, 0, 0, 0
61100, 8717853, 0, 0, 0
61201, 10864756, 0, 0, 0
61301, 14178462, 0, 0, 0
61400, 10214868, 0, 0, 0
61500, 10136140, 0, 0, 0
61600, 9531070, 0, 0, 0
61701, 16090194, 0, 0, 0
61801, 9579363, 0, 0, 0
61901, 8591113, 0, 0, 0
62003, 10515376, 0, 0, 0
62100, 9780651, 0, 0, 0
62200, 12432243, 0, 0, 0
62301, 9453954, 0, 0, 0
62404, 14488361, 0, 0, 0
62501, 10583508, 0, 0, 0
62600, 9687203, 0, 0, 0
62702, 8164892, 0, 0, 0
62803, 10117583, 0, 0, 0
62902, 12726254, 0, 0, 0
63001, 11354095, 0, 0, 0
63100, 9943903, 0, 0, 0
63201, 9985545, 0, 0, 0
63301, 10256539, 0, 0, 0
63401, 10918524, 0, 0, 0
63500, 9932185, 0, 0, 0
63600, 9567153, 0, 0, 0
63700, 11552003, 0, 0, 0
63800, 11252563, 0, 0, 0
63900, 8500623, 0, 0, 0
64001, 10090333, 0, 0, 0
64104, 10207936, 0, 0, 0
64202, 10381856, 0, 0, 0
64301, 14660446, 0, 0, 0
64402, 8767642, 0, 0, 0
64505, 14487869, 0, 0, 0
64600, 14444822, 0, 0, 0
64700, 10107517, 0, 0, 0
64801, 8725395, 0, 0, 0
64901, 12140523, 0, 0, 0
65001, 9604674, 0, 0, 0
65100, 8434077, 0, 0, 0
65201, 11391037, 0, 0, 0
65300, 10629121, 0, 0, 0
65400, 10248488, 0, 0, 0
65500, 10626181, 0, 0, 0
65600, 8716238, 0, 0, 0
65701, 11397727, 0, 0, 0
65800, 9372530, 0, 0, 0
65901, 10069286, 0, 0, 0
66003, 11583173, 0, 0, 0
66100, 10605785, 0, 0, 0
66200, 10997987, 0, 0, 0
66301, 9804298, 0, 0, 0
66401, 9875107, 0, 0, 0
66502, 10697132, 0, 0, 0
66603, 10853297, 0, 0, 0
66700, 10735598, 0, 0, 0
66800, 11430775, 0, 0, 0
66901, 9464387, 0, 0, 0
67000, 11080588, 0, 0, 0
67100, 12293954, 0, 0, 0
67200, 10780770, 0, 0, 0
67303, 10254240, 0, 0, 0
67404, 8700905, 0, 0, 0
67503, 10655771, 0, 0, 0
67602, 7997975, 0, 0, 0
67706, 11122559, 0, 0, 0
67800, 13159237, 0, 0, 0
67902, 11562392, 0, 0, 0
68002, 12085712, 0, 0, 0
68103, 10295673, 0, 0, 0
68200, 11120022, 0, 0, 0
68301, 15056515, 0, 0, 0
68401, 10809182, 0, 0, 0
68502, 11879717, 0, 0, 0
68600, 12332684, 0, 0, 0
68700, 10758051, 0, 0, 0
68801, 11718861, 0, 0, 0
68900, 11402091, 0, 0, 0
69000, 13390618, 0, 0, 0
69100, 11057498, 0, 0, 0
69200, 9671274, 0, 0, 0
69300, 10727492, 0, 0, 0
69400, 8076974, 0, 0, 0
69501, 10700367, 0, 0, 0
69600, 9802000, 0, 0, 0
69701, 9064386, 0, 0, 0
69800, 10258552, 0, 0, 0
69904, 9721940, 0, 0, 0
70000, 10292592, 0, 0, 0
70101, 13427152, 0, 0, 0
70200, 14326882, 0, 0, 0
70300, 10701736, 0, 0, 0
70403, 10975808, 0, 0, 0
70501, 11681092, 0, 0, 0
70601, 10822492, 0, 0, 0
70700, 12137982, 0, 0, 0
70801, 10562654, 0, 0, 0
70900, 9945277, 0, 0, 0
71003, 10568447, 0, 0, 0
71100, 10011159, 0, 0, 0
71200, 10822933, 0, 0, 0
71302, 10364870, 0, 0, 0
71400, 10664912, 0, 0, 0
71501, 9844563, 0, 0, 0
71600, 9525944, 0, 0, 0
71703, 9723991, 0, 0, 0
71800, 11588322, 0, 0, 0
71900, 9949083, 0, 0, 0
72000, 11144336, 0, 0, 0
72100, 10406441, 0, 0, 0
72201, 9132109, 0, 0, 0
72302, 8853017, 0, 0, 0
72400, 11109518, 0, 0, 0
72500, 9878287, 0, 0, 0
72600, 9320830, 0, 0, 0
72703, 10544881, 0, 0, 0
72801, 9519977, 0, 0, 0
72900, 10817896, 0, 0, 0
73002, 10732761, 0, 0, 0
73101, 9806394, 0, 0, 0
73201, 9840168, 0, 0, 0
73301, 11104861, 0, 0, 0
73400, 9593314, 0, 0, 0
73504, 8684321, 0, 0, 0
73600, 12613175, 0, 0, 0
73701, 11218123, 0, 0, 0
73801, 13071615, 0, 0, 0
73902, 11272206, 0, 0, 0
74003, 11211158, 0, 0, 0
74100, 12082275, 0, 0, 0
74200, 11647439, 0, 0, 0
74305, 10509922, 0, 0, 0
74401, 17990503, 0, 0, 0
74500, 10072670, 0, 0, 0
74601, 10269607, 0, 0, 0
74700, 10669979, 0, 0, 0
74801, 12278617, 0, 0, 0
74900, 12406801, 0, 0, 0
75001, 9530169, 0, 0, 0
75100, 16020170, 0, 0, 0
75200, 8803698, 0, 0, 0
75301, 10112374, 0, 0, 0
75404, 13134941, 0, 0, 0
75503, 11951148, 0, 0, 0
75600, 11471098, 0, 0, 0
75703, 10565078, 0, 0, 0
75803, 10016736, 0, 0, 0
75901, 12849063, 0, 0, 0
76001, 12768739, 0, 0, 0
76101, 10218374, 0, 0, 0
76202, 10992851, 0, 0, 0
76300, 13073793, 0, 0, 0
76402, 11574108, 0, 0, 0
76500, 9768771, 0, 0, 0
76601, 10904234, 0, 0, 0
76700, 11593142, 0, 0, 0
76800, 12715331, 0, 0, 0
76900, 9812448, 0, 0, 0
77000, 10187464, 0, 0, 0
77100, 8598929, 0, 0, 0
77201, 11621694, 0, 0, 0
77300, 9707830, 0, 0, 0
77400, 11127524, 0, 0, 0
77505, 8783757, 0, 0, 0
77601, 11022757, 0, 0, 0
77701, 10069388, 0, 0, 0
77802, 10583674, 0, 0, 0
77902, 12439445, 0, 0, 0
78000, 11503766, 0, 0, 0
78101, 8925068, 0, 0, 0
78201, 9876532, 0, 0, 0
78301, 11810977, 0, 0, 0
78400, 9847264, 0, 0, 0
78500, 7895177, 0, 0, 0
78600, 8866286, 0, 0, 0
78700, 10221600, 0, 0, 0
78800, 8859999, 0, 0, 0
78905, 11579000, 0, 0, 0
79000, 10609220, 0, 0, 0
79101, 10496567, 0, 0, 0
79200, 12297866, 0, 0, 0
79300, 10344655, 0, 0, 0
79400, 11786838, 0, 0, 0
79501, 11002391, 0, 0, 0
79601, 11419362, 0, 0, 0
79701, 9431426, 0, 0, 0
79800, 8743689, 0, 0, 0
79900, 11361383, 0, 0, 0
80000, 12671473, 0, 0, 0
80100, 8560888, 0, 0, 0
80202, 12260721, 0, 0, 0
80302, 12711537, 0, 0, 0
80401, 8828900, 0, 0, 0
80500, 14763670, 0, 0, 0
80601, 11158090, 0, 0, 0
80701, 10944124, 0, 0, 0
80801, 10617428, 0, 0, 0
80900, 9074628, 0, 0, 0
81000, 9037285, 0, 0, 0
81103, 8306584, 0, 0, 0
81200, 12667317, 0, 0, 0
81300, 9608976, 0, 0, 0
81400, 12863559, 0, 0, 0
81501, 11583454, 0, 0, 0
81601, 7295336, 0, 0, 0
81700, 9424697, 0, 0, 0
81800, 8248998, 0, 0, 0
81900, 8870106, 0, 0, 0
82001, 11542697, 0, 0, 0
82100, 12359451, 0, 0, 0
82200, 9147094, 0, 0, 0
82303, 11320744, 0, 0, 0
82401, 12022867, 0, 0, 0
82502, 12222505, 0, 0, 0
82600, 10508301, 0, 0, 0
82701, 11938837, 0, 0, 0
82801, 10983102, 0, 0, 0
82900, 10862158, 0, 0, 0
83002, 10591763, 0, 0, 0
83100, 11139077, 0, 0, 0
83206, 9417245, 0, 0, 0
83301, 11969527, 0, 0, 0
83401, 9549923, 0, 0, 0
83501, 11508786, 0, 0, 0
83602, 10056538, 0, 0, 0
83702, 10766776, 0, 0, 0
83800, 10226250, 0, 0, 0
83902, 12286997, 0, 0, 0
84002, 10111972, 0, 0, 0
84100, 12499199, 0, 0, 0
84205, 9753097, 0, 0, 0
84301, 11326767, 0, 0, 0
84400, 9158203, 0, 0, 0
84501, 9388851, 0, 0, 0
84603, 9470807, 0, 0, 0
84704, 12427386, 0, 0, 0
84800, 9389562, 0, 0, 0
84900, 10677517, 0, 0, 0
85000, 11927124, 0, 0, 0
85102, 9936080, 0, 0, 0
85201, 10507973, 0, 0, 0
85301, 9310542, 0, 0, 0
85403, 10710047, 0, 0, 0
85502, 12130560, 0, 0, 0
85600, 11590679, 0, 0, 0
85700, 10993425, 0, 0, 0
85801, 8808913, 0, 0, 0
85900, 11315972, 0, 0, 0
86001, 9563238, 0, 0, 0
86101, 9383866, 0, 0, 0
86204, 10363050, 0, 0, 0
86300, 10564152, 0, 0, 0
86400, 9241609, 0, 0, 0
86500, 9708064, 0, 0, 0
86600, 9183445, 0, 0, 0
86701, 9815169, 0, 0, 0
86800, 12925367, 0, 0, 0
86900, 10934075, 0, 0, 0
87001, 11791347, 0, 0, 0
87102, 9220400, 0, 0, 0
87202, 9213448, 0, 0, 0
87300, 10942765, 0, 0, 0
87400, 9255114, 0, 0, 0
87500, 9282863, 0, 0, 0
87602, 9255012, 0, 0, 0
87700, 10804462, 0, 0, 0
87802, 11658696, 0, 0, 0
87900, 10220881, 0, 0, 0
88000, 12184097, 0, 0, 0
88101, 11011252, 0, 0, 0
88200, 12233713, 0, 0, 0
88300, 9683052, 0, 0, 0
88400, 7293537, 0, 0, 0
88501, 12870507, 0, 0, 0
88601, 12904688, 0, 0, 0
88701, 9421518, 0, 0, 0
88800, 9150263, 0, 0, 0
88901, 11294879, 0, 0, 0
89001, 9889882, 0, 0, 0
89101, 9714454, 0, 0, 0
89202, 9301213, 0, 0, 0
89301, 10294786, 0, 0, 0
89400, 10267714, 0, 0, 0
89500, 11448537, 0, 0, 0
89601, 8835134, 0, 0, 0
89705, 10975206, 0, 0, 0
89800, 12042378, 0, 0, 0
89900, 9642847, 0, 0, 0
90001, 10260054, 0, 0, 0
90102, 9159795, 0, 0, 0
90201, 9478053, 0, 0, 0
90308, 12438552, 0, 0, 0
90400, 11584523, 0, 0, 0
90504, 9169163, 0, 0, 0
90601, 12692601, 0, 0, 0
90701, 10401935, 0, 0, 0
90800, 11376104, 0, 0, 0
90900, 8422729, 0, 0, 0
91000, 9919392, 0, 0, 0
91102, 11599085, 0, 0, 0
91200, 9935246, 0, 0, 0
91300, 11988740, 0, 0, 0
91402, 11055811, 0, 0, 0
91501, 8769728, 0, 0, 0
91600, 8790249, 0, 0, 0
91700, 11990729, 0, 0, 0
91802, 8661939, 0, 0, 0
91901, 10410122, 0, 0, 0
92002, 12161021, 0, 0, 0
92100, 11102507, 0, 0, 0
92200, 8996432, 0, 0, 0
92301, 10870208, 0, 0, 0
92400, 10015975, 0, 0, 0
92501, 8435872, 0, 0, 0
92600, 14049675, 0, 0, 0
92705, 9312767, 0, 0, 0
92800, 13708177, 0, 0, 0
92900, 10663779, 0, 0, 0
93000, 10661795, 0, 0, 0
93103, 11421540, 0, 0, 0
93202, 10631503, 0, 0, 0
93300, 11115179, 0, 0, 0
93402, 11812807, 0, 0, 0
93501, 11346065, 0, 0, 0
93602, 9609792, 0, 0, 0
93701, 12531007, 0, 0, 0
93800, 10486895, 0, 0, 0
93901, 12718987, 0, 0, 0
94001, 9496239, 0, 0, 0
94103, 11631549, 0, 0, 0
94201, 11862979, 0, 0, 0
94300, 10634120, 0, 0, 0
94400, 13080208, 0, 0, 0
94501, 10640252, 0, 0, 0
94601, 13139716, 0, 0, 0
94702, 10294585, 0, 0, 0
94801, 9983911, 0, 0, 0
94901, 9830354, 0, 0, 0
95000, 12267790, 0, 0, 0
95100, 11424433, 0, 0, 0
95200, 8934512, 0, 0, 0
95302, 9712635, 0, 0, 0
95402, 9865792, 0, 0, 0
95500, 10888535, 0, 0, 0
95600, 11597294, 0, 0, 0
95700, 12274523, 0, 0, 0
95801, 9807920, 0, 0, 0
95900, 9414385, 0, 0, 0
96000, 9194175, 0, 0, 0
96101, 8483065, 0, 0, 0
96200, 11153408, 0, 0, 0
96306, 11418573, 0, 0, 0
96401, 10195666, 0, 0, 0
96500, 9206698, 0, 0, 0
96600, 11854767, 0, 0, 0
96700, 9799621, 0, 0, 0
96800, 13304000, 0, 0, 0
96900, 10973089, 0, 0, 0
97001, 8573953, 0, 0, 0
97100, 9166333, 0, 0, 0
97201, 12470598, 0, 0, 0
97300, 13768776, 0, 0, 0
97400, 9249425, 0, 0, 0
97500, 11189277, 0, 0, 0
97600, 10421976, 0, 0, 0
97704, 9250486, 0, 0, 0
97802, 12158994, 0, 0, 0
97900, 10812332, 0, 0, 0
98002, 11446543, 0, 0, 0
98103, 11513337, 0, 0, 0
98200, 8678022, 0, 0, 0
98300, 8633344, 0, 0, 0
98400, 11158464, 0, 0, 0
98500, 10503941, 0, 0, 0
98600, 10993365, 0, 0, 0
98703, 10098429, 0, 0, 0
98803, 12141481, 0, 0, 0
98900, 9898632, 0, 0, 0
99000, 8896445, 0, 0, 0
99100, 10576485, 0, 0, 0
99202, 10306141, 0, 0, 0
99301, 9089054, 0, 0, 0
99400, 9834490, 0, 0, 0
99500, 10473342, 0, 0, 0
99602, 12431516, 0, 0, 0
99702, 9446049, 0, 0, 0
99800, 10453702, 0, 0, 0
99904, 8997334, 0, 0, 0
100003, 12466968, 0, 0, 0
100100, 11593369, 0, 0, 0
100201, 11271009, 0, 0, 0
100301, 11942535, 0, 0, 0
100400, 11027837, 0, 0, 0
100501, 8736873, 0, 0, 0
100600, 9483877, 0, 0, 0
100701, 10595943, 0, 0, 0
100800, 12443533, 0, 0, 0
100900, 10197221, 0, 0, 0
101000, 9128303, 0, 0, 0
101102, 11230254, 0, 0, 0
101200, 11647350, 0, 0, 0
101300, 9745793, 0, 0, 0
101402, 11119657, 0, 0, 0
101500, 13810304, 0, 0, 0
101600, 11139813, 0, 0, 0
101701, 11240774, 0, 0, 0
101802, 12938279, 0, 0, 0
101900, 9639355, 0, 0, 0
102001, 9655178, 0, 0, 0
102100, 9706242, 0, 0, 0
102208, 9850130, 0, 0, 0
102301, 12138475, 0, 0, 0
102403, 11554013, 0, 0, 0
102501, 10556974, 0, 0, 0
102601, 11576740, 0, 0, 0
102702, 10128646, 0, 0, 0
102800, 10154116, 0, 0, 0
102905, 10631173, 0, 0, 0
103002, 13533921, 0, 0, 0
103101, 11331097, 0, 0, 0
103202, 9809929, 0, 0, 0
103303, 10064526, 0, 0, 0
103400, 9806086, 0, 0, 0
103500, 12327937, 0, 0, 0
103601, 11216516, 0, 0, 0
103703, 8910762, 0, 0, 0
103801, 10897127, 0, 0, 0
103900, 9019731, 0, 0, 0
104001, 10692657, 0, 0, 0
104101, 9307643, 0, 0, 0
104201, 8678133, 0, 0, 0
104306, 12407423, 0, 0, 0
104402, 11211997, 0, 0, 0
104500, 10797010, 0, 0, 0
104601, 12943513, 0, 0, 0
104700, 10281264, 0, 0, 0
104800, 10558483, 0, 0, 0
104903, 9301142, 0, 0, 0
105001, 13212543, 0, 0, 0
105100, 8209678, 0, 0, 0
105202, 12070734, 0, 0, 0
105304, 10736059, 0, 0, 0
105401, 14243543, 0, 0, 0
105500, 9474296, 0, 0, 0
105600, 9754415, 0, 0, 0
105704, 8485855, 0, 0, 0
105802, 10116060, 0, 0, 0
105901, 9541589, 0, 0, 0
106003, 12280057, 0, 0, 0
106101, 12932560, 0, 0, 0
106202, 11113185, 0, 0, 0
106301, 10837060, 0, 0, 0
106400, 12414243, 0, 0, 0
106502, 12060265, 0, 0, 0
106600, 11047514, 0, 0, 0
106702, 10158172, 0, 0, 0
106801, 12559897, 0, 0, 0
106901, 11460196, 0, 0, 0
107002, 9631085, 0, 0, 0
107100, 9830148, 0, 0, 0
107200, 13460793, 0, 0, 0
107301, 9529635, 0, 0, 0
107400, 10884627, 0, 0, 0
107500, 11376157, 0, 0, 0
107604, 9278679, 0, 0, 0
107700, 10438205, 0, 0, 0
107802, 12200732, 0, 0, 0
107901, 10055853, 0, 0, 0
108000, 10680579, 0, 0, 0
108104, 13271017, 0, 0, 0
108201, 11225259, 0, 0, 0
108300, 9965518, 0, 0, 0
108401, 9551264, 0, 0, 0
108502, 9740815, 0, 0, 0
108601, 7851594, 0, 0, 0
108702, 11087084, 0, 0, 0
108801, 11520216, 0, 0, 0
108903, 12605791, 0, 0, 0
109005, 9822527, 0, 0, 0
109100, 8862044, 0, 0, 0
109203, 13520384, 0, 0, 0
109300, 11860554, 0, 0, 0
109400, 9362113, 0, 0, 0
109500, 9403327, 0, 0, 0
109601, 10594743, 0, 0, 0
109700, 8382878, 0, 0, 0
109800, 12041045, 0, 0, 0
109902, 9117693, 0, 0, 0
110000, 10930130, 0, 0, 0
110100, 9384970, 0, 0, 0
110202, 11826967, 0, 0, 0
110301, 7529354, 0, 0, 0
110404, 12932287, 0, 0, 0
110501, 11641874, 0, 0, 0
110601, 7816283, 0, 0, 0
110701, 10530099, 0, 0, 0
110800, 11037369, 0, 0, 0
110908, 9518399, 0, 0, 0
111006, 11978206, 0, 0, 0
111101, 11079130, 0, 0, 0
111200, 11691368, 0, 0, 0
111301, 10383044, 0, 0, 0
111400, 9924536, 0, 0, 0
111502, 8406877, 0, 0, 0
111600, 10944397, 0, 0, 0
111700, 11195994, 0, 0, 0
111801, 9037154, 0, 0, 0
111903, 13228385, 0, 0, 0
112000, 10246578, 0, 0, 0
112100, 9680205, 0, 0, 0
112201, 11665932, 0, 0, 0
112300, 9158254, 0, 0, 0
112400, 11055794, 0, 0, 0
112500, 8653101, 0, 0, 0
112600, 11121794, 0, 0, 0
112702, 7835479, 0, 0, 0
112800, 10028890, 0, 0, 0
112900, 12034532, 0, 0, 0
113000, 15264766, 0, 0, 0
113100, 8691792, 0, 0, 0
113204, 9092213, 0, 0, 0
113303, 10999439, 0, 0, 0
113403, 10201965, 0, 0, 0
113503, 11260347, 0, 0, 0
113604, 9533683, 0, 0, 0
113703, 14408187, 0, 0, 0
113802, 9225054, 0, 0, 0
113902, 7338209, 0, 0, 0
114002, 11059186, 0, 0, 0
114101, 9055792, 0, 0, 0
114201, 8673548, 0, 0, 0
114300, 12322580, 0, 0, 0
114400, 10788809, 0, 0, 0
114500, 8701063, 0, 0, 0
114600, 10446946, 0, 0, 0
114703, 8851375, 0, 0, 0
114800, 11980758, 0, 0, 0
114900, 9184836, 0, 0, 0
115001, 11374239, 0, 0, 0
115100, 12406697, 0, 0, 0
115204, 10294927, 0, 0, 0
115302, 12172163, 0, 0, 0
115401, 10813087, 0, 0, 0
115505, 10447934, 0, 0, 0
115600, 12796406, 0, 0, 0
115700, 11875152, 0, 0, 0
115800, 10284665, 0, 0, 0
115901, 9170728, 0, 0, 0
116000, 9949279, 0, 0, 0
116101, 10129364, 0, 0, 0
116203, 9917804, 0, 0, 0
116300, 11395378, 0, 0, 0
116403, 12746353, 0, 0, 0
116500, 13333541, 0, 0, 0
116603, 8024382, 0, 0, 0
116700, 11719555, 0, 0, 0
116800, 11605844, 0, 0, 0
116900, 10442860, 0, 0, 0
117003, 9229392, 0, 0, 0
117102, 12510275, 0, 0, 0
117200, 14430680, 0, 0, 0
117304, 10005931, 0, 0, 0
117402, 11001862, 0, 0, 0
117500, 11456092, 0, 0, 0
117602, 11026936, 0, 0, 0
117709, 10720153, 0, 0, 0
117804, 11557272, 0, 0, 0
117901, 10943307, 0, 0, 0
118003, 9545184, 0, 0, 0
118100, 10666193, 0, 0, 0
118200, 10635700, 0, 0, 0
118300, 9484180, 0, 0, 0
118402, 11483536, 0, 0, 0
118501, 11309552, 0, 0, 0
118601, 9056746, 0, 0, 0
118700, 10470371, 0, 0, 0
118800, 7954025, 0, 0, 0
118900, 9812553, 0, 0, 0
119005, 9554028, 0, 0, 0
119100, 11726135, 0, 0, 0
119200, 9562105, 0, 0, 0
119302, 7612747, 0, 0, 0
119400, 10152982, 0, 0, 0
119501, 10693144, 0, 0, 0
119602, 10404513, 0, 0, 0
119700, 11425065, 0, 0, 0
119800, 11969444, 0, 0, 0
119903, 8691024, 0, 0, 0
120002, 10765167, 0, 0, 0
120100, 9539453, 0, 0, 0
120204, 8872061, 0, 0, 0
120300, 10218202, 0, 0, 0
120400, 10169902, 0, 0, 0
120501, 12323081, 0, 0, 0
120600, 9418122, 0, 0, 0
120700, 8023976, 0, 0, 0
120801, 9796270, 0, 0, 0
120902, 8952311, 0, 0, 0
121000, 9449135, 0, 0, 0
121101, 12922534, 0, 0, 0
121201, 10392477, 0, 0, 0
121301, 16358271, 0, 0, 0
121401, 11159716, 0, 0, 0
121503, 13326254, 0, 0, 0
121600, 10414560, 0, 0, 0
121700, 11777648, 0, 0, 0
121803, 7472563, 0, 0, 0
121900, 17490491, 0, 0, 0
122000, 9281542, 0, 0, 0
122100, 13094116, 0, 0, 0
122200, 13698978, 0, 0, 0
122301, 15166718, 0, 0, 0
122402, 10061201, 0, 0, 0
122501, 10710789, 0, 0, 0
122600, 14791616, 0, 0, 0
122700, 10589290, 0, 0, 0
122801, 10776169, 0, 0, 0
122903, 10479564, 0, 0, 0
123001, 10254518, 0, 0, 0
123101, 9032788, 0, 0, 0
123203, 12367439, 0, 0, 0
123302, 9155907, 0, 0, 0
123401, 10841649, 0, 0, 0
123500, 12080587, 0, 0, 0
123604, 14938428, 0, 0, 0
123700, 13160027, 0, 0, 0
123802, 10181780, 0, 0, 0
123900, 9296746, 0, 0, 0
124001, 10500715, 0, 0, 0
124100, 11870442, 0, 0, 0
124202, 11660569, 0, 0, 0
124300, 9891585, 0, 0, 0
124401, 13033308, 0, 0, 0
124500, 13386620, 0, 0, 0
124600, 10007383, 0, 0, 0
124701, 9854328, 0, 0, 0
124809, 10650429, 0, 0, 0
124902, 16262207, 0, 0, 0
125000, 9183133, 0, 0, 0
125102, 9808402, 0, 0, 0
125200, 13117589, 0, 0, 0
125301, 11384336, 0, 0, 0
125402, 8943284, 0, 0, 0
125501, 9141221, 0, 0, 0
125604, 10875070, 0, 0, 0
125701, 10464757, 0, 0, 0
125802, 7911076, 0, 0, 0
125900, 10618769, 0, 0, 0
126001, 9783104, 0, 0, 0
126101, 10758194, 0, 0, 0
126202, 9349183, 0, 0, 0
126303, 9809656, 0, 0, 0
126400, 10695387, 0, 0, 0
126500, 9557359, 0, 0, 0
126600, 9400485, 0, 0, 0
126703, 12465694, 0, 0, 0
126801, 10567006, 0, 0, 0
126905, 10697658, 0, 0, 0
127000, 10155507, 0, 0, 0
127104, 10806649, 0, 0, 0
127200, 11082341, 0, 0, 0
127302, 11648272, 0, 0, 0
127400, 9894186, 0, 0, 0
127500, 14991182, 0, 0, 0
127601, 11549760, 0, 0, 0
127708, 10702178, 0, 0, 0
127800, 10124768, 0, 0, 0
127901, 10670883, 0, 0, 0
128000, 10203431, 0, 0, 0
128100, 8085096, 0, 0, 0
128200, 12348169, 0, 0, 0
128303, 9888846, 0, 0, 0
128400, 14420290, 0, 0, 0
128503, 10943064, 0, 0, 0
128601, 8846026, 0, 0, 0
128701, 9875108, 0, 0, 0
128804, 10564059, 0, 0, 0
128901, 12497551, 0, 0, 0
129001, 10092978, 0, 0, 0
129101, 12965172, 0, 0, 0
129202, 11233483, 0, 0, 0
129300, 10312099, 0, 0, 0
129400, 13109838, 0, 0, 0
129501, 9476223, 0, 0, 0
129600, 9759813, 0, 0, 0
129700, 10567424, 0, 0, 0
129800, 10213917, 0, 0, 0
129902, 9613487, 0, 0, 0
130002, 9902482, 0, 0, 0
130103, 10298644, 0, 0, 0
130201, 9000792, 0, 0, 0
130300, 9534557, 0, 0, 0
130400, 9584865, 0, 0, 0
130503, 12684873, 0, 0, 0
130602, 10971151, 0, 0, 0
130700, 9306299, 0, 0, 0
130800, 10967738, 0, 0, 0
130901, 9582071, 0, 0, 0
131000, 10620826, 0, 0, 0
131101, 9000916, 0, 0, 0
131200, 10660767, 0, 0, 0
131301, 14823403, 0, 0, 0
131400, 11504310, 0, 0, 0
131500, 10063886, 0, 0, 0
131601, 10758882, 0, 0, 0
131703, 11372320, 0, 0, 0
131801, 10149464, 0, 0, 0
131900, 10138841, 0, 0, 0
132000, 12672697, 0, 0, 0
132101, 9536874, 0, 0, 0
132201, 10820053, 0, 0, 0
132300, 9997556, 0, 0, 0
132400, 9090395, 0, 0, 0
132502, 9731443, 0, 0, 0
132600, 11516889, 0, 0, 0
132701, 9783939, 0, 0, 0
132801, 12528144, 0, 0, 0
132902, 11696635, 0, 0, 0
133000, 9636536, 0, 0, 0
133105, 11798471, 0, 0, 0
133200, 10385480, 0, 0, 0
133300, 11518158, 0, 0, 0
133401, 9593414, 0, 0, 0
133501, 10692767, 0, 0, 0
133600, 11575691, 0, 0, 0
133701, 9772952, 0, 0, 0
133800, 10324864, 0, 0, 0
133902, 10942792, 0, 0, 0
134001, 11611277, 0, 0, 0
134100, 11787853, 0, 0, 0
134206, 8560700, 0, 0, 0
134300, 13446290, 0, 0, 0
134400, 10181362, 0, 0, 0
134503, 11072341, 0, 0, 0
134600, 10483261, 0, 0, 0
134701, 11556755, 0, 0, 0
134801, 10450979, 0, 0, 0
134901, 10007816, 0, 0, 0
135000, 12310579, 0, 0, 0
135100, 12425835, 0, 0, 0
135203, 8763428, 0, 0, 0
135301, 8824221, 0, 0, 0
135400, 9370110, 0, 0, 0
135500, 8537330, 0, 0, 0
135601, 11859293, 0, 0, 0
135700, 10769270, 0, 0, 0
135801, 10309597, 0, 0, 0
135902, 12588575, 0, 0, 0
136001, 8508326, 0, 0, 0
136100, 14048149, 0, 0, 0
136200, 11851514, 0, 0, 0
136300, 9699587, 0, 0, 0
136401, 11603388, 0, 0, 0
136500, 11253605, 0, 0, 0
136601, 12050166, 0, 0, 0
136700, 9873082, 0, 0, 0
136800, 10121547, 0, 0, 0
136902, 10617549, 0, 0, 0
137005, 11562835, 0, 0, 0
137100, 10059802, 0, 0, 0
137201, 9671518, 0, 0, 0
137301, 9419771, 0, 0, 0
137402, 11327922, 0, 0, 0
137501, 10808272, 0, 0, 0
137605, 9803069, 0, 0, 0
137700, 9314310, 0, 0, 0
137801, 9449943, 0, 0, 0
137905, 9240024, 0, 0, 0
138002, 9964991, 0, 0, 0
138101, 10651686, 0, 0, 0
138200, 10892114, 0, 0, 0
138303, 8369933, 0, 0, 0
138402, 10163885, 0, 0, 0
138500, 8483882, 0, 0, 0
138600, 11482484, 0, 0, 0
138703, 9293950, 0, 0, 0
138801, 11923340, 0, 0, 0
138901, 10664490, 0, 0, 0
139001, 8876708, 0, 0, 0
139104, 10840458, 0, 0, 0
139202, 11842167, 0, 0, 0
139300, 10877819, 0, 0, 0
139400, 8546856, 0, 0, 0
139502, 9237155, 0, 0, 0
139600, 9650189, 0, 0, 0
139700, 10412102, 0, 0, 0
139800, 11603117, 0, 0, 0
139900, 10607950, 0, 0, 0
140001, 10257022, 0, 0, 0
140100, 9581815, 0, 0, 0
140201, 10602374, 0, 0, 0
140305, 8522635, 0, 0, 0
140400, 15490864, 0, 0, 0
140500, 9094247, 0, 0, 0
140602, 13430317, 0, 0, 0
140700, 10259738, 0, 0, 0
140801, 10329676, 0, 0, 0
140901, 9869051, 0, 0, 0
141000, 11223233, 0, 0, 0
141100, 11868391, 0, 0, 0
141201, 11555567, 0, 0, 0
141300, 11350625, 0, 0, 0
141400, 10014211, 0, 0, 0
141501, 10903914, 0, 0, 0
141607, 10351549, 0, 0, 0
141701, 11435466, 0, 0, 0
141800, 8155442, 0, 0, 0
141901, 9448685, 0, 0, 0
142006, 9840926, 0, 0, 0
142101, 12590794, 0, 0, 0
142202, 11022035, 0, 0, 0
142300, 11932161, 0, 0, 0
142400, 12179285, 0, 0, 0
142501, 9191309, 0, 0, 0
142601, 9010002, 0, 0, 0
142704, 8687917, 0, 0, 0
142801, 10930383, 0, 0, 0
142908, 10198566, 0, 0, 0
143001, 10241970, 0, 0, 0
143103, 8449311, 0, 0, 0
143201, 10324324, 0, 0, 0
143304, 10095609, 0, 0, 0
143400, 10996107, 0, 0, 0
143501, 9390358, 0, 0, 0
143600, 12646720, 0, 0, 0
143700, 9436150, 0, 0, 0
143802, 9480128, 0, 0, 0
143900, 13189524, 0, 0, 0
144001, 11093715, 0, 0, 0
144100, 9186714, 0, 0, 0
144202, 12835013, 0, 0, 0
144300, 9629226, 0, 0, 0
144402, 10799374, 0, 0, 0
144501, 9918757, 0, 0, 0
144605, 10056458, 0, 0, 0
144700, 13704094, 0, 0, 0
144800, 10234265, 0, 0, 0
144901, 12077652, 0, 0, 0
145000, 10424746, 0, 0, 0
145102, 8144211, 0, 0, 0
145200, 11295566, 0, 0, 0
145300, 9575366, 0, 0, 0
145400, 11675006, 0, 0, 0
145501, 13341279, 0, 0, 0
145602, 9836160, 0, 0, 0
145700, 11099041, 0, 0, 0
145806, 8983509, 0, 0, 0
145900, 8399431, 0, 0, 0
146002, 8514051, 0, 0, 0
146101, 13110997, 0, 0, 0
146200, 11097365, 0, 0, 0
146301, 11833593, 0, 0, 0
146401, 8264915, 0, 0, 0
146500, 10768613, 0, 0, 0
146600, 8583727, 0, 0, 0
146700, 11353452, 0, 0, 0
146801, 8353069, 0, 0, 0
146901, 11524285, 0, 0, 0
147000, 11763084, 0, 0, 0
147105, 11128299, 0, 0, 0
147200, 12729022, 0, 0, 0
147300, 10929093, 0, 0, 0
147400, 13850085, 0, 0, 0
147500, 8928073, 0, 0, 0
147601, 10627535, 0, 0, 0
147702, 12258877, 0, 0, 0
147800, 12941771, 0, 0, 0
147908, 10769744, 0, 0, 0
148002, 13058008, 0, 0, 0
148101, 10831538, 0, 0, 0
148201, 9486068, 0, 0, 0
148301, 8731437, 0, 0, 0
148403, 9612472, 0, 0, 0
148500, 10728205, 0, 0, 0
148601, 10037879, 0, 0, 0
148700, 8390127, 0, 0, 0
148800, 11469746, 0, 0, 0
148900, 9286360, 0, 0, 0
149001, 9473285, 0, 0, 0
149100, 8108491, 0, 0, 0
149200, 11351086, 0, 0, 0
149300, 12452852, 0, 0, 0
149402, 11533471, 0, 0, 0
149500, 13252497, 0, 0, 0
149601, 9445451, 0, 0, 0
149700, 11565691, 0, 0, 0
149800, 11764740, 0, 0, 0
149901, 12930015, 0, 0, 0
150001, 10500696, 0, 0, 0
150102, 10413053, 0, 0, 0
150200, 10470720, 0, 0, 0
150302, 11822188, 0, 0, 0
150400, 16919598, 0, 0, 0
150501, 8968418, 0, 0, 0
150600, 8932127, 0, 0, 0
150701, 10511972, 0, 0, 0
150800, 12491594, 0, 0, 0
150900, 10658892, 0, 0, 0
151000, 12425766, 0, 0, 0
151100, 9275455, 0, 0, 0
151201, 11186039, 0, 0, 0
151303, 10496928, 0, 0, 0
151400, 10903972, 0, 0, 0
151500, 11136365, 0, 0, 0
151603, 8913007, 0, 0, 0
151702, 12136718, 0, 0, 0
151802, 8765358, 0, 0, 0
151900, 13905601, 0, 0, 0
152002, 13788937, 0, 0, 0
152100, 10240860, 0, 0, 0
152200, 12066964, 0, 0, 0
152300, 10574074, 0, 0, 0
152401, 11513361, 0, 0, 0
152502, 8867001, 0, 0, 0
152600, 8994197, 0, 0, 0
152701, 10380422, 0, 0, 0
152801, 10352777, 0, 0, 0
152900, 11022933, 0, 0, 0
153003, 12301621, 0, 0, 0
153102, 11420177, 0, 0, 0
153200, 8243677, 0, 0, 0
153300, 11323004, 0, 0, 0
153400, 9840010, 0, 0, 0
153500, 10833443, 0, 0, 0
153600, 13487260, 0, 0, 0
153701, 9986449, 0, 0, 0
153803, 8844309, 0, 0, 0
153901, 19323497, 0, 0, 0
154000, 10341286, 0, 0, 0
154101, 9988648, 0, 0, 0
154200, 11169046, 0, 0, 0
154300, 8914722, 0, 0, 0
154400, 10975775, 0, 0, 0
154502, 9480431, 0, 0, 0
154601, 11587964, 0, 0, 0
154701, 14489137, 0, 0, 0
154803, 8607677, 0, 0, 0
154900, 8233209, 0, 0, 0
155002, 11942162, 0, 0, 0
155100, 11080549, 0, 0, 0
155200, 8354468, 0, 0, 0
155303, 14273288, 0, 0, 0
155400, 11292573, 0, 0, 0
155500, 7635007, 0, 0, 0
155607, 10767003, 0, 0, 0
155717, 10873027, 0, 0, 0
155800, 10320880, 0, 0, 0
155904, 12628016, 0, 0, 0
156000, 11000357, 0, 0, 0
156100, 14396352, 0, 0, 0
156200, 7983375, 0, 0, 0
156300, 11472143, 0, 0, 0
156402, 11498024, 0, 0, 0
156501, 9422256, 0, 0, 0
156601, 11657489, 0, 0, 0
156701, 11862462, 0, 0, 0
156800, 10889139, 0, 0, 0
156901, 11795088, 0, 0, 0
157000, 11018977, 0, 0, 0
157100, 11221568, 0, 0, 0
157200, 10435498, 0, 0, 0
157301, 10196538, 0, 0, 0
157408, 12600556, 0, 0, 0
157500, 10536506, 0, 0, 0
157601, 11599725, 0, 0, 0
157702, 12080621, 0, 0, 0
157801, 10548500, 0, 0, 0
157902, 9786471, 0, 0, 0
158000, 9325578, 0, 0, 0
158103, 9717354, 0, 0, 0
158200, 13536463, 0, 0, 0
158307, 15758597, 0, 0, 0
158400, 13774494, 0, 0, 0
158501, 9798515, 0, 0, 0
158600, 12423298, 0, 0, 0
158701, 11985652, 0, 0, 0
158801, 11429138, 0, 0, 0
158900, 9415167, 0, 0, 0
159001, 12143568, 0, 0, 0
159100, 11257407, 0, 0, 0
159202, 9138019, 0, 0, 0
159300, 10260687, 0, 0, 0
159401, 10145808, 0, 0, 0
159500, 10321046, 0, 0, 0
159601, 8913557, 0, 0, 0
159700, 9874093, 0, 0, 0
159801, 11146597, 0, 0, 0
159900, 10570710, 0, 0, 0
160000, 9777693, 0, 0, 0
160100, 13724903, 0, 0, 0
160200, 9883840, 0, 0, 0
160301, 9400514, 0, 0, 0
160400, 7712973, 0, 0, 0
160500, 13957458, 0, 0, 0
160600, 10096147, 0, 0, 0
160701, 11252663, 0, 0, 0
160801, 10926978, 0, 0, 0
160900, 10529182, 0, 0, 0
161000, 14791927, 0, 0, 0
161100, 12435512, 0, 0, 0
161201, 12343865, 0, 0, 0
161301, 13277709, 0, 0, 0
161401, 9104263, 0, 0, 0
161503, 11285926, 0, 0, 0
161602, 13544713, 0, 0, 0
161701, 9375003, 0, 0, 0
161801, 8443128, 0, 0, 0
161901, 12502321, 0, 0, 0
162001, 9266944, 0, 0, 0
162100, 11438282, 0, 0, 0
162202, 10327574, 0, 0, 0
162300, 12168833, 0, 0, 0
162402, 9359675, 0, 0, 0
162501, 12646882, 0, 0, 0
162601, 11197501, 0, 0, 0
162700, 10965848, 0, 0, 0
162804, 11134575, 0, 0, 0
162900, 8462943, 0, 0, 0
163001, 8819584, 0, 0, 0
163100, 12415257, 0, 0, 0
163200, 8284249, 0, 0, 0
163301, 12542616, 0, 0, 0
163400, 9778634, 0, 0, 0
163502, 10214569, 0, 0, 0
163601, 12854600, 0, 0, 0
163701, 9132688, 0, 0, 0
163801, 11836539, 0, 0, 0
163903, 10485499, 0, 0, 0
164001, 10717408, 0, 0, 0
164103, 9827122, 0, 0, 0
164201, 10851129, 0, 0, 0
164300, 12243000, 0, 0, 0
164401, 8915700, 0, 0, 0
164500, 10618237, 0, 0, 0
164601, 9992585, 0, 0, 0
164700, 9828232, 0, 0, 0
164801, 10429236, 0, 0, 0
164902, 10342770, 0, 0, 0
165000, 9067351, 0, 0, 0
165104, 12730683, 0, 0, 0
165201, 14401809, 0, 0, 0
165305, 10766208, 0, 0, 0
165405, 13856765, 0, 0, 0
165501, 13104220, 0, 0, 0
165603, 12864365, 0, 0, 0
165700, 10574294, 0, 0, 0
165800, 11347635, 0, 0, 0
165903, 10226879, 0, 0, 0
166001, 10988113, 0, 0, 0
166101, 10472844, 0, 0, 0
166202, 10264374, 0, 0, 0
166300, 10687973, 0, 0, 0
166402, 10542901, 0, 0, 0
166503, 11966573, 0, 0, 0
166603, 10299127, 0, 0, 0
166702, 11983948, 0, 0, 0
166800, 11040447, 0, 0, 0
166900, 9124486, 0, 0, 0
167000, 9158045, 0, 0, 0
167101, 9684193, 0, 0, 0
167200, 11406030, 0, 0, 0
167304, 8984936, 0, 0, 0
167401, 10564993, 0, 0, 0
167500, 12794251, 0, 0, 0
167603, 13079810, 0, 0, 0
167701, 12002111, 0, 0, 0
167801, 10857680, 0, 0, 0
167900, 12052945, 0, 0, 0
168001, 9829534, 0, 0, 0
168101, 11062531, 0, 0, 0
168205, 11238293, 0, 0, 0
168301, 11300357, 0, 0, 0
168400, 12731432, 0, 0, 0
168500, 8620977, 0, 0, 0
168600, 8273806, 0, 0, 0
168702, 11489157, 0, 0, 0
168800, 12319333, 0, 0, 0
168905, 10294913, 0, 0, 0
169000, 9819610, 0, 0, 0
169101, 11651715, 0, 0, 0
169202, 10576672, 0, 0, 0
169300, 11428718, 0, 0, 0
169401, 12344439, 0, 0, 0
169500, 13578721, 0, 0, 0
169600, 9908931, 0, 0, 0
169702, 10464308, 0, 0, 0
169800, 10663051, 0, 0, 0
169900, 9027809, 0, 0, 0
170001, 12944613, 0, 0, 0
170100, 9870661, 0, 0, 0
170200, 9250746, 0, 0, 0
170300, 9708990, 0, 0, 0
170401, 11110772, 0, 0, 0
170501, 9990872, 0, 0, 0
170601, 10826208, 0, 0, 0
170701, 13371121, 0, 0, 0
170800, 10048296, 0, 0, 0
170902, 12332607, 0, 0, 0
171001, 10544914, 0, 0, 0
171102, 8792244, 0, 0, 0
171201, 10306958, 0, 0, 0
171303, 12097738, 0, 0, 0
171400, 12293907, 0, 0, 0
171500, 11849709, 0, 0, 0
171601, 11971469, 0, 0, 0
171703, 11927354, 0, 0, 0
171801, 9827031, 0, 0, 0
171901, 10174836, 0, 0, 0
172001, 9956452, 0, 0, 0
172103, 9184579, 0, 0, 0
172204, 11026035, 0, 0, 0
172305, 11634189, 0, 0, 0
172400, 10381600, 0, 0, 0
172501, 9047047, 0, 0, 0
172603, 7318625, 0, 0, 0
172700, 12554531, 0, 0, 0
172800, 9542240, 0, 0, 0
172900, 9638695, 0, 0, 0
173003, 9617606, 0, 0, 0
173102, 10579689, 0, 0, 0
173200, 12110399, 0, 0, 0
173300, 12751197, 0, 0, 0
173401, 10422035, 0, 0, 0
173502, 11659389, 0, 0, 0
173600, 11834887, 0, 0, 0
173700, 8761025, 0, 0, 0
173803, 7970744, 0, 0, 0
173901, 11309418, 0, 0, 0
174000, 8523056, 0, 0, 0
174102, 12811732, 0, 0, 0
174200, 8863688, 0, 0, 0
174301, 9434917, 0, 0, 0
174400, 9855866, 0, 0, 0
174500, 12943614, 0, 0, 0
174603, 9425055, 0, 0, 0
174700, 10973691, 0, 0, 0
174802, 9509881, 0, 0, 0
174903, 9561754, 0, 0, 0
175000, 9378349, 0, 0, 0
175104, 9585405, 0, 0, 0
175201, 9821604, 0, 0, 0
175301, 12103769, 0, 0, 0
175401, 9816082, 0, 0, 0
175501, 11464364, 0, 0, 0
175602, 12511812, 0, 0, 0
175702, 11882199, 0, 0, 0
175800, 10097083, 0, 0, 0
175901, 11608998, 0, 0, 0
176000, 11688956, 0, 0, 0
176101, 10681980, 0, 0, 0
176200, 11531100, 0, 0, 0
176300, 10846249, 0, 0, 0
176408, 10022613, 0, 0, 0
176502, 13608286, 0, 0, 0
176600, 10490417, 0, 0, 0
176701, 10618376, 0, 0, 0
176800, 10135193, 0, 0, 0
176901, 10675862, 0, 0, 0
177000, 11357844, 0, 0, 0
177102, 10063318, 0, 0, 0
177200, 10760640, 0, 0, 0
177301, 9987059, 0, 0, 0
177401, 10900513, 0, 0, 0
177501, 10925971, 0, 0, 0
177600, 8860950, 0, 0, 0
177700, 9016323, 0, 0, 0
177801, 10331340, 0, 0, 0
177900, 11060848, 0, 0, 0
178001, 9400759, 0, 0, 0
178101, 11496390, 0, 0, 0
178201, 9580124, 0, 0, 0
178300, 14525251, 0, 0, 0
178402, 11026602, 0, 0, 0
178500, 10150415, 0, 0, 0
178602, 9216701, 0, 0, 0
178700, 10389801, 0, 0, 0
178801, 14236831, 0, 0, 0
178901, 12966364, 0, 0, 0
179000, 9398910, 0, 0, 0
179101, 10016274, 0, 0, 0
179202, 12019755, 0, 0, 0
179300, 9755781, 0, 0, 0
179401, 9647823, 0, 0, 0
179500, 10189688, 0, 0, 0
179601, 11731180, 0, 0, 0
179700, 10574553, 0, 0, 0
179800, 11786386, 0, 0, 0
179902, 13521390, 0, 0, 0
180000, 8797775, 0, 0, 0
180009, 14982164, 0, 0, 0
