250, 294912, 0, 0, 0
350, 184320, 0, 0, 0
450, 268800, 0, 0, 0
550, 268800, 0, 0, 0
650, 261120, 0, 0, 0
749, 294787, 0, 0, 0
849, 253440, 0, 0, 0
949, 276480, 0, 0, 0
1049, 291840, 0, 0, 0
1149, 268800, 0, 0, 0
1250, 268800, 0, 0, 0
1350, 261120, 0, 0, 0
1450, 314880, 0, 0, 0
1550, 253440, 0, 0, 0
1650, 222720, 0, 0, 0
1749, 217212, 0, 0, 0
1849, 299520, 0, 0, 0
1949, 345600, 0, 0, 0
2049, 307200, 0, 0, 0
2149, 276480, 0, 0, 0
2249, 261120, 0, 0, 0
2349, 238080, 0, 0, 0
2450, 276480, 0, 0, 0
2550, 215040, 0, 0, 0
2650, 253440, 0, 0, 0
2749, 263757, 0, 0, 0
2849, 261120, 0, 0, 0
2949, 284160, 0, 0, 0
3049, 253440, 0, 0, 0
3149, 368640, 0, 0, 0
3249, 322560, 0, 0, 0
3349, 284160, 0, 0, 0
3449, 261120, 0, 0, 0
3550, 199680, 0, 0, 0
3650, 299520, 0, 0, 0
3749, 310303, 0, 0, 0
3849, 299520, 0, 0, 0
3949, 222720, 0, 0, 0
4049, 253440, 0, 0, 0
4149, 238080, 0, 0, 0
4249, 176640, 0, 0, 0
4349, 307200, 0, 0, 0
4449, 268800, 0, 0, 0
4549, 253440, 0, 0, 0
4649, 284160, 0, 0, 0
4749, 284160, 0, 0, 0
4849, 245760, 0, 0, 0
4950, 222720, 0, 0, 0
5050, 268800, 0, 0, 0
5150, 199680, 0, 0, 0
5249, 279272, 0, 0, 0
5349, 199680, 0, 0, 0
5449, 345600, 0, 0, 0
5549, 261120, 0, 0, 0
5649, 284160, 0, 0, 0
5749, 230400, 0, 0, 0
5849, 284160, 0, 0, 0
5949, 261120, 0, 0, 0
6049, 261120, 0, 0, 0
6149, 299520, 0, 0, 0
6250, 253440, 0, 0, 0
6350, 268800, 0, 0, 0
6450, 368640, 0, 0, 0
6550, 192000, 0, 0, 0
6650, 291840, 0, 0, 0
6749, 287030, 0, 0, 0
6849, 322560, 0, 0, 0
6949, 245760, 0, 0, 0
7049, 299520, 0, 0, 0
7149, 299520, 0, 0, 0
7249, 238080, 0, 0, 0
7350, 299520, 0, 0, 0
7450, 284160, 0, 0, 0
7550, 253440, 0, 0, 0
7650, 222720, 0, 0, 0
7749, 294787, 0, 0, 0
7849, 330240, 0, 0, 0
7949, 291840, 0, 0, 0
8049, 238080, 0, 0, 0
8149, 222720, 0, 0, 0
8249, 314880, 0, 0, 0
8349, 268800, 0, 0, 0
8449, 176640, 0, 0, 0
8550, 330240, 0, 0, 0
8650, 291840, 0, 0, 0
8749, 256000, 0, 0, 0
8849, 276480, 0, 0, 0
8949, 284160, 0, 0, 0
9049, 299520, 0, 0, 0
9149, 245760, 0, 0, 0
9249, 268800, 0, 0, 0
9349, 268800, 0, 0, 0
9449, 245760, 0, 0, 0
9549, 222720, 0, 0, 0
9649, 261120, 0, 0, 0
9750, 376320, 0, 0, 0
9850, 261120, 0, 0, 0
9950, 391680, 0, 0, 0
10050, 245760, 0, 0, 0
10150, 261120, 0, 0, 0
10249, 240484, 0, 0, 0
10349, 199680, 0, 0, 0
10449, 291840, 0, 0, 0
10549, 291840, 0, 0, 0
10649, 238080, 0, 0, 0
10749, 284160, 0, 0, 0
10850, 322560, 0, 0, 0
10950, 222720, 0, 0, 0
11050, 176640, 0, 0, 0
11150, 199680, 0, 0, 0
11249, 271515, 0, 0, 0
11349, 268800, 0, 0, 0
11449, 222720, 0, 0, 0
11549, 245760, 0, 0, 0
11649, 245760, 0, 0, 0
11749, 222720, 0, 0, 0
11849, 261120, 0, 0, 0
11949, 276480, 0, 0, 0
12050, 207360, 0, 0, 0
12150, 222720, 0, 0, 0
12249, 201696, 0, 0, 0
12349, 222720, 0, 0, 0
12449, 245760, 0, 0, 0
12549, 276480, 0, 0, 0
12649, 291840, 0, 0, 0
12749, 238080, 0, 0, 0
12849, 291840, 0, 0, 0
12949, 268800, 0, 0, 0
13049, 391680, 0, 0, 0
13149, 184320, 0, 0, 0
13250, 245760, 0, 0, 0
13350, 199680, 0, 0, 0
13450, 276480, 0, 0, 0
13550, 215040, 0, 0, 0
13650, 245760, 0, 0, 0
13749, 248242, 0, 0, 0
13849, 230400, 0, 0, 0
13949, 238080, 0, 0, 0
14049, 291840, 0, 0, 0
14149, 230400, 0, 0, 0
14249, 230400, 0, 0, 0
14349, 253440, 0, 0, 0
14449, 238080, 0, 0, 0
14550, 307200, 0, 0, 0
14650, 276480, 0, 0, 0
14749, 224969, 0, 0, 0
14849, 276480, 0, 0, 0
14949, 291840, 0, 0, 0
15049, 253440, 0, 0, 0
15149, 261120, 0, 0, 0
15249, 238080, 0, 0, 0
15349, 291840, 0, 0, 0
15449, 291840, 0, 0, 0
15549, 199680, 0, 0, 0
15649, 253440, 0, 0, 0
15749, 253440, 0, 0, 0
15849, 276480, 0, 0, 0
15950, 261120, 0, 0, 0
16050, 284160, 0, 0, 0
16150, 261120, 0, 0, 0
16249, 224969, 0, 0, 0
16349, 268800, 0, 0, 0
16449, 268800, 0, 0, 0
16549, 215040, 0, 0, 0
16649, 199680, 0, 0, 0
16749, 276480, 0, 0, 0
16849, 276480, 0, 0, 0
16949, 215040, 0, 0, 0
17049, 176640, 0, 0, 0
17149, 261120, 0, 0, 0
17250, 291840, 0, 0, 0
17350, 222720, 0, 0, 0
17450, 238080, 0, 0, 0
17550, 230400, 0, 0, 0
17650, 153600, 0, 0, 0
17749, 256000, 0, 0, 0
17849, 253440, 0, 0, 0
17949, 253440, 0, 0, 0
18049, 253440, 0, 0, 0
18149, 207360, 0, 0, 0
18249, 238080, 0, 0, 0
18349, 284160, 0, 0, 0
18450, 192000, 0, 0, 0
18550, 238080, 0, 0, 0
18650, 238080, 0, 0, 0
18749, 232727, 0, 0, 0
18849, 238080, 0, 0, 0
18949, 268800, 0, 0, 0
19049, 184320, 0, 0, 0
19149, 222720, 0, 0, 0
19249, 230400, 0, 0, 0
19349, 230400, 0, 0, 0
19449, 276480, 0, 0, 0
19550, 207360, 0, 0, 0
19650, 238080, 0, 0, 0
19749, 271515, 0, 0, 0
19849, 276480, 0, 0, 0
19949, 215040, 0, 0, 0
20049, 207360, 0, 0, 0
20149, 253440, 0, 0, 0
20249, 199680, 0, 0, 0
20349, 253440, 0, 0, 0
20449, 299520, 0, 0, 0
20549, 261120, 0, 0, 0
20649, 192000, 0, 0, 0
20749, 261120, 0, 0, 0
20850, 284160, 0, 0, 0
20950, 215040, 0, 0, 0
21050, 245760, 0, 0, 0
21150, 192000, 0, 0, 0
21249, 232727, 0, 0, 0
21349, 238080, 0, 0, 0
21449, 245760, 0, 0, 0
21549, 253440, 0, 0, 0
21649, 230400, 0, 0, 0
21749, 215040, 0, 0, 0
21849, 268800, 0, 0, 0
21949, 245760, 0, 0, 0
22050, 161280, 0, 0, 0
22150, 314880, 0, 0, 0
22249, 232727, 0, 0, 0
22349, 253440, 0, 0, 0
22449, 207360, 0, 0, 0
22549, 299520, 0, 0, 0
22649, 238080, 0, 0, 0
22749, 215040, 0, 0, 0
22849, 245760, 0, 0, 0
22949, 307200, 0, 0, 0
23050, 261120, 0, 0, 0
23150, 215040, 0, 0, 0
23249, 248242, 0, 0, 0
23349, 261120, 0, 0, 0
23449, 276480, 0, 0, 0
23549, 261120, 0, 0, 0
23649, 215040, 0, 0, 0
23749, 245760, 0, 0, 0
23849, 199680, 0, 0, 0
23949, 330240, 0, 0, 0
24049, 207360, 0, 0, 0
24149, 291840, 0, 0, 0
24249, 230400, 0, 0, 0
24349, 215040, 0, 0, 0
24450, 199680, 0, 0, 0
24550, 261120, 0, 0, 0
24650, 261120, 0, 0, 0
24749, 224969, 0, 0, 0
24849, 253440, 0, 0, 0
24949, 230400, 0, 0, 0
25049, 299520, 0, 0, 0
25149, 215040, 0, 0, 0
25249, 245760, 0, 0, 0
25349, 330240, 0, 0, 0
25449, 238080, 0, 0, 0
25550, 253440, 0, 0, 0
25650, 299520, 0, 0, 0
25749, 271515, 0, 0, 0
25849, 284160, 0, 0, 0
25949, 353280, 0, 0, 0
26049, 253440, 0, 0, 0
26149, 353280, 0, 0, 0
26249, 207360, 0, 0, 0
26349, 276480, 0, 0, 0
26449, 245760, 0, 0, 0
26549, 276480, 0, 0, 0
26649, 230400, 0, 0, 0
26750, 168960, 0, 0, 0
26850, 299520, 0, 0, 0
26950, 222720, 0, 0, 0
27050, 261120, 0, 0, 0
27150, 268800, 0, 0, 0
27249, 287030, 0, 0, 0
27349, 261120, 0, 0, 0
27449, 238080, 0, 0, 0
27549, 207360, 0, 0, 0
27649, 322560, 0, 0, 0
27750, 353280, 0, 0, 0
27850, 199680, 0, 0, 0
27950, 215040, 0, 0, 0
28050, 215040, 0, 0, 0
28150, 322560, 0, 0, 0
28249, 232727, 0, 0, 0
28349, 322560, 0, 0, 0
28449, 284160, 0, 0, 0
28549, 199680, 0, 0, 0
28649, 199680, 0, 0, 0
28749, 299520, 0, 0, 0
28849, 437760, 0, 0, 0
28949, 222720, 0, 0, 0
29050, 222720, 0, 0, 0
29150, 245760, 0, 0, 0
29249, 310303, 0, 0, 0
29349, 268800, 0, 0, 0
29449, 238080, 0, 0, 0
29549, 261120, 0, 0, 0
29649, 284160, 0, 0, 0
29749, 261120, 0, 0, 0
29849, 284160, 0, 0, 0
29949, 268800, 0, 0, 0
30049, 245760, 0, 0, 0
30149, 238080, 0, 0, 0
30249, 345600, 0, 0, 0
30350, 261120, 0, 0, 0
30450, 245760, 0, 0, 0
30550, 238080, 0, 0, 0
30650, 215040, 0, 0, 0
30749, 318060, 0, 0, 0
30849, 199680, 0, 0, 0
30949, 230400, 0, 0, 0
31049, 207360, 0, 0, 0
31149, 253440, 0, 0, 0
31249, 199680, 0, 0, 0
31349, 215040, 0, 0, 0
31449, 291840, 0, 0, 0
31550, 245760, 0, 0, 0
31650, 299520, 0, 0, 0
31749, 224969, 0, 0, 0
31849, 245760, 0, 0, 0
31949, 299520, 0, 0, 0
32049, 230400, 0, 0, 0
32149, 261120, 0, 0, 0
32249, 215040, 0, 0, 0
32349, 207360, 0, 0, 0
32449, 238080, 0, 0, 0
32549, 192000, 0, 0, 0
32649, 238080, 0, 0, 0
32750, 253440, 0, 0, 0
32850, 245760, 0, 0, 0
32950, 268800, 0, 0, 0
33050, 222720, 0, 0, 0
33150, 184320, 0, 0, 0
33249, 248242, 0, 0, 0
33349, 322560, 0, 0, 0
33449, 230400, 0, 0, 0
33549, 238080, 0, 0, 0
33649, 261120, 0, 0, 0
33749, 161280, 0, 0, 0
33849, 238080, 0, 0, 0
33950, 261120, 0, 0, 0
34050, 207360, 0, 0, 0
34150, 268800, 0, 0, 0
34249, 287030, 0, 0, 0
34349, 268800, 0, 0, 0
34449, 238080, 0, 0, 0
34549, 230400, 0, 0, 0
34649, 253440, 0, 0, 0
34749, 276480, 0, 0, 0
34849, 284160, 0, 0, 0
34949, 215040, 0, 0, 0
35049, 299520, 0, 0, 0
35150, 253440, 0, 0, 0
35249, 271515, 0, 0, 0
35349, 268800, 0, 0, 0
35449, 268800, 0, 0, 0
35549, 222720, 0, 0, 0
35649, 291840, 0, 0, 0
35749, 222720, 0, 0, 0
35849, 207360, 0, 0, 0
35949, 268800, 0, 0, 0
36049, 199680, 0, 0, 0
36149, 222720, 0, 0, 0
36250, 253440, 0, 0, 0
36350, 184320, 0, 0, 0
36450, 291840, 0, 0, 0
36550, 276480, 0, 0, 0
36650, 268800, 0, 0, 0
36749, 193939, 0, 0, 0
36849, 276480, 0, 0, 0
36949, 253440, 0, 0, 0
37049, 245760, 0, 0, 0
37149, 230400, 0, 0, 0
37249, 299520, 0, 0, 0
37349, 245760, 0, 0, 0
37449, 299520, 0, 0, 0
37550, 199680, 0, 0, 0
37650, 184320, 0, 0, 0
37749, 271515, 0, 0, 0
37849, 238080, 0, 0, 0
37949, 222720, 0, 0, 0
38049, 199680, 0, 0, 0
38149, 261120, 0, 0, 0
38249, 215040, 0, 0, 0
38349, 199680, 0, 0, 0
38449, 314880, 0, 0, 0
38549, 230400, 0, 0, 0
38649, 268800, 0, 0, 0
38750, 207360, 0, 0, 0
38850, 215040, 0, 0, 0
38950, 337920, 0, 0, 0
39050, 268800, 0, 0, 0
39150, 230400, 0, 0, 0
39249, 240484, 0, 0, 0
39349, 276480, 0, 0, 0
39449, 238080, 0, 0, 0
39549, 284160, 0, 0, 0
39649, 314880, 0, 0, 0
39749, 176640, 0, 0, 0
39849, 168960, 0, 0, 0
39950, 276480, 0, 0, 0
40050, 230400, 0, 0, 0
40150, 245760, 0, 0, 0
40249, 294787, 0, 0, 0
40349, 245760, 0, 0, 0
40449, 245760, 0, 0, 0
40549, 192000, 0, 0, 0
40649, 314880, 0, 0, 0
40749, 261120, 0, 0, 0
40849, 222720, 0, 0, 0
40949, 230400, 0, 0, 0
41049, 238080, 0, 0, 0
41150, 168960, 0, 0, 0
41250, 199680, 0, 0, 0
41350, 230400, 0, 0, 0
41450, 222720, 0, 0, 0
41550, 222720, 0, 0, 0
41650, 284160, 0, 0, 0
41749, 294787, 0, 0, 0
41849, 253440, 0, 0, 0
41949, 253440, 0, 0, 0
42049, 261120, 0, 0, 0
42149, 261120, 0, 0, 0
42249, 261120, 0, 0, 0
42349, 222720, 0, 0, 0
42449, 215040, 0, 0, 0
42550, 261120, 0, 0, 0
42650, 215040, 0, 0, 0
42749, 263757, 0, 0, 0
42849, 261120, 0, 0, 0
42949, 176640, 0, 0, 0
43049, 184320, 0, 0, 0
43149, 230400, 0, 0, 0
43249, 215040, 0, 0, 0
43349, 230400, 0, 0, 0
43449, 238080, 0, 0, 0
43549, 307200, 0, 0, 0
43650, 307200, 0, 0, 0
43750, 238080, 0, 0, 0
43850, 268800, 0, 0, 0
43950, 230400, 0, 0, 0
44050, 276480, 0, 0, 0
44150, 261120, 0, 0, 0
44249, 294787, 0, 0, 0
44349, 238080, 0, 0, 0
44449, 268800, 0, 0, 0
44549, 207360, 0, 0, 0
44649, 222720, 0, 0, 0
44749, 199680, 0, 0, 0
44849, 268800, 0, 0, 0
44950, 245760, 0, 0, 0
45050, 253440, 0, 0, 0
45150, 192000, 0, 0, 0
45249, 271515, 0, 0, 0
45349, 176640, 0, 0, 0
45449, 184320, 0, 0, 0
45549, 238080, 0, 0, 0
45649, 276480, 0, 0, 0
45749, 291840, 0, 0, 0
45849, 291840, 0, 0, 0
45949, 215040, 0, 0, 0
46050, 222720, 0, 0, 0
46150, 253440, 0, 0, 0
46249, 193939, 0, 0, 0
46349, 276480, 0, 0, 0
46449, 245760, 0, 0, 0
46549, 192000, 0, 0, 0
46649, 199680, 0, 0, 0
46749, 284160, 0, 0, 0
46849, 215040, 0, 0, 0
46949, 207360, 0, 0, 0
47049, 199680, 0, 0, 0
47150, 245760, 0, 0, 0
47249, 186181, 0, 0, 0
47349, 192000, 0, 0, 0
47449, 253440, 0, 0, 0
47549, 238080, 0, 0, 0
47649, 268800, 0, 0, 0
47749, 253440, 0, 0, 0
47849, 253440, 0, 0, 0
47949, 261120, 0, 0, 0
48049, 245760, 0, 0, 0
48149, 253440, 0, 0, 0
48249, 245760, 0, 0, 0
48350, 230400, 0, 0, 0
48450, 276480, 0, 0, 0
48550, 222720, 0, 0, 0
48650, 192000, 0, 0, 0
48749, 217212, 0, 0, 0
48849, 215040, 0, 0, 0
48949, 215040, 0, 0, 0
49049, 238080, 0, 0, 0
49149, 230400, 0, 0, 0
49249, 253440, 0, 0, 0
49349, 253440, 0, 0, 0
49449, 222720, 0, 0, 0
49550, 245760, 0, 0, 0
49650, 238080, 0, 0, 0
49749, 248242, 0, 0, 0
49849, 238080, 0, 0, 0
49949, 245760, 0, 0, 0
50049, 215040, 0, 0, 0
50149, 299520, 0, 0, 0
50249, 222720, 0, 0, 0
50349, 268800, 0, 0, 0
50449, 192000, 0, 0, 0
50549, 222720, 0, 0, 0
50650, 284160, 0, 0, 0
50749, 201696, 0, 0, 0
50849, 222720, 0, 0, 0
50949, 222720, 0, 0, 0
51049, 245760, 0, 0, 0
51149, 161280, 0, 0, 0
51249, 199680, 0, 0, 0
51349, 261120, 0, 0, 0
51449, 245760, 0, 0, 0
51549, 207360, 0, 0, 0
51649, 299520, 0, 0, 0
51750, 199680, 0, 0, 0
51850, 230400, 0, 0, 0
51950, 268800, 0, 0, 0
52050, 245760, 0, 0, 0
52150, 276480, 0, 0, 0
52249, 294787, 0, 0, 0
52349, 130560, 0, 0, 0
52449, 222720, 0, 0, 0
52549, 238080, 0, 0, 0
52649, 253440, 0, 0, 0
52749, 245760, 0, 0, 0
52850, 268800, 0, 0, 0
52950, 207360, 0, 0, 0
53050, 153600, 0, 0, 0
53150, 207360, 0, 0, 0
53249, 209454, 0, 0, 0
53349, 207360, 0, 0, 0
53449, 215040, 0, 0, 0
53549, 253440, 0, 0, 0
53649, 253440, 0, 0, 0
53749, 245760, 0, 0, 0
53849, 230400, 0, 0, 0
53949, 238080, 0, 0, 0
54050, 284160, 0, 0, 0
54150, 230400, 0, 0, 0
54249, 217212, 0, 0, 0
54349, 161280, 0, 0, 0
54449, 291840, 0, 0, 0
54549, 238080, 0, 0, 0
54649, 253440, 0, 0, 0
54749, 291840, 0, 0, 0
54849, 245760, 0, 0, 0
54949, 230400, 0, 0, 0
55049, 222720, 0, 0, 0
55149, 291840, 0, 0, 0
55249, 337920, 0, 0, 0
55349, 245760, 0, 0, 0
55450, 268800, 0, 0, 0
55550, 222720, 0, 0, 0
55650, 215040, 0, 0, 0
55749, 256000, 0, 0, 0
55849, 299520, 0, 0, 0
55949, 145920, 0, 0, 0
56049, 230400, 0, 0, 0
56149, 307200, 0, 0, 0
56249, 284160, 0, 0, 0
56349, 230400, 0, 0, 0
56449, 199680, 0, 0, 0
56549, 222720, 0, 0, 0
56649, 238080, 0, 0, 0
56750, 199680, 0, 0, 0
56850, 238080, 0, 0, 0
56950, 330240, 0, 0, 0
57050, 222720, 0, 0, 0
57150, 284160, 0, 0, 0
57249, 271515, 0, 0, 0
57349, 222720, 0, 0, 0
57449, 307200, 0, 0, 0
57549, 192000, 0, 0, 0
57649, 222720, 0, 0, 0
57749, 314880, 0, 0, 0
57849, 176640, 0, 0, 0
57950, 307200, 0, 0, 0
58050, 215040, 0, 0, 0
58150, 291840, 0, 0, 0
58249, 240484, 0, 0, 0
58349, 199680, 0, 0, 0
58449, 222720, 0, 0, 0
58549, 268800, 0, 0, 0
58649, 253440, 0, 0, 0
58749, 192000, 0, 0, 0
58849, 207360, 0, 0, 0
58949, 199680, 0, 0, 0
59049, 199680, 0, 0, 0
59150, 215040, 0, 0, 0
59249, 217212, 0, 0, 0
59349, 107520, 0, 0, 0
59449, 245760, 0, 0, 0
59549, 238080, 0, 0, 0
59649, 207360, 0, 0, 0
59749, 161280, 0, 0, 0
59849, 176640, 0, 0, 0
59949, 245760, 0, 0, 0
