250, 286720, 0, 0, 0
350, 225280, 0, 0, 0
450, 245760, 0, 0, 0
550, 225280, 0, 0, 0
650, 245760, 0, 0, 0
749, 144808, 0, 0, 0
849, 245760, 0, 0, 0
949, 307200, 0, 0, 0
1049, 184320, 0, 0, 0
1149, 286720, 0, 0, 0
1249, 307200, 0, 0, 0
1349, 327680, 0, 0, 0
1450, 266240, 0, 0, 0
1550, 245760, 0, 0, 0
1650, 225280, 0, 0, 0
1749, 310303, 0, 0, 0
1849, 204800, 0, 0, 0
1949, 225280, 0, 0, 0
2049, 225280, 0, 0, 0
2149, 204800, 0, 0, 0
2249, 266240, 0, 0, 0
2349, 307200, 0, 0, 0
2449, 245760, 0, 0, 0
2549, 225280, 0, 0, 0
2649, 225280, 0, 0, 0
2750, 286720, 0, 0, 0
2850, 266240, 0, 0, 0
2950, 204800, 0, 0, 0
3050, 286720, 0, 0, 0
3150, 143360, 0, 0, 0
3249, 289616, 0, 0, 0
3349, 245760, 0, 0, 0
3449, 307200, 0, 0, 0
3549, 266240, 0, 0, 0
3649, 286720, 0, 0, 0
3749, 225280, 0, 0, 0
3850, 245760, 0, 0, 0
3950, 204800, 0, 0, 0
4050, 266240, 0, 0, 0
4150, 245760, 0, 0, 0
4249, 206868, 0, 0, 0
4349, 348160, 0, 0, 0
4449, 184320, 0, 0, 0
4549, 184320, 0, 0, 0
4649, 245760, 0, 0, 0
4749, 307200, 0, 0, 0
4849, 163840, 0, 0, 0
4949, 368640, 0, 0, 0
5050, 204800, 0, 0, 0
5150, 225280, 0, 0, 0
5249, 227555, 0, 0, 0
5349, 245760, 0, 0, 0
5449, 307200, 0, 0, 0
5549, 307200, 0, 0, 0
5649, 245760, 0, 0, 0
5749, 307200, 0, 0, 0
5849, 245760, 0, 0, 0
5949, 266240, 0, 0, 0
6049, 266240, 0, 0, 0
6149, 286720, 0, 0, 0
6249, 225280, 0, 0, 0
6350, 245760, 0, 0, 0
6450, 245760, 0, 0, 0
6550, 266240, 0, 0, 0
6650, 245760, 0, 0, 0
6749, 248242, 0, 0, 0
6849, 225280, 0, 0, 0
6949, 286720, 0, 0, 0
7049, 266240, 0, 0, 0
7149, 286720, 0, 0, 0
7249, 225280, 0, 0, 0
7349, 163840, 0, 0, 0
7449, 245760, 0, 0, 0
7549, 266240, 0, 0, 0
7650, 266240, 0, 0, 0
7750, 225280, 0, 0, 0
7850, 266240, 0, 0, 0
7950, 245760, 0, 0, 0
8050, 286720, 0, 0, 0
8150, 184320, 0, 0, 0
8249, 268929, 0, 0, 0
8349, 245760, 0, 0, 0
8449, 266240, 0, 0, 0
8549, 225280, 0, 0, 0
8649, 286720, 0, 0, 0
8750, 266240, 0, 0, 0
8850, 266240, 0, 0, 0
8950, 184320, 0, 0, 0
9050, 245760, 0, 0, 0
9150, 266240, 0, 0, 0
9249, 268929, 0, 0, 0
9349, 286720, 0, 0, 0
9449, 266240, 0, 0, 0
9549, 286720, 0, 0, 0
9649, 225280, 0, 0, 0
9749, 184320, 0, 0, 0
9849, 245760, 0, 0, 0
9949, 225280, 0, 0, 0
10050, 204800, 0, 0, 0
10150, 286720, 0, 0, 0
10249, 268929, 0, 0, 0
10349, 184320, 0, 0, 0
10449, 184320, 0, 0, 0
10549, 245760, 0, 0, 0
10649, 266240, 0, 0, 0
10749, 266240, 0, 0, 0
10849, 286720, 0, 0, 0
10949, 204800, 0, 0, 0
11049, 286720, 0, 0, 0
11149, 225280, 0, 0, 0
11249, 327680, 0, 0, 0
11350, 245760, 0, 0, 0
11450, 184320, 0, 0, 0
11550, 245760, 0, 0, 0
11650, 225280, 0, 0, 0
11749, 248242, 0, 0, 0
11849, 266240, 0, 0, 0
11949, 204800, 0, 0, 0
12049, 204800, 0, 0, 0
12149, 204800, 0, 0, 0
12249, 266240, 0, 0, 0
12349, 143360, 0, 0, 0
12449, 245760, 0, 0, 0
12550, 286720, 0, 0, 0
12650, 204800, 0, 0, 0
12749, 289616, 0, 0, 0
12849, 327680, 0, 0, 0
12949, 122880, 0, 0, 0
13049, 266240, 0, 0, 0
13149, 307200, 0, 0, 0
13249, 225280, 0, 0, 0
13349, 225280, 0, 0, 0
13449, 204800, 0, 0, 0
13549, 245760, 0, 0, 0
13649, 286720, 0, 0, 0
13750, 266240, 0, 0, 0
13850, 286720, 0, 0, 0
13950, 245760, 0, 0, 0
14050, 286720, 0, 0, 0
14150, 327680, 0, 0, 0
14249, 248242, 0, 0, 0
14349, 204800, 0, 0, 0
14449, 327680, 0, 0, 0
14549, 286720, 0, 0, 0
14649, 266240, 0, 0, 0
14749, 245760, 0, 0, 0
14850, 327680, 0, 0, 0
14950, 266240, 0, 0, 0
15050, 286720, 0, 0, 0
15150, 327680, 0, 0, 0
15249, 289616, 0, 0, 0
15349, 368640, 0, 0, 0
15449, 184320, 0, 0, 0
15549, 286720, 0, 0, 0
15649, 204800, 0, 0, 0
15749, 245760, 0, 0, 0
15849, 204800, 0, 0, 0
15949, 163840, 0, 0, 0
16050, 204800, 0, 0, 0
16150, 266240, 0, 0, 0
16249, 227555, 0, 0, 0
16349, 286720, 0, 0, 0
16449, 204800, 0, 0, 0
16549, 327680, 0, 0, 0
16649, 327680, 0, 0, 0
16749, 286720, 0, 0, 0
16849, 245760, 0, 0, 0
16949, 389120, 0, 0, 0
17049, 225280, 0, 0, 0
17149, 286720, 0, 0, 0
17250, 307200, 0, 0, 0
17350, 204800, 0, 0, 0
17450, 266240, 0, 0, 0
17550, 225280, 0, 0, 0
17650, 225280, 0, 0, 0
17749, 268929, 0, 0, 0
17849, 348160, 0, 0, 0
17949, 266240, 0, 0, 0
18049, 204800, 0, 0, 0
18149, 307200, 0, 0, 0
18249, 225280, 0, 0, 0
18349, 245760, 0, 0, 0
18449, 225280, 0, 0, 0
18550, 245760, 0, 0, 0
18650, 204800, 0, 0, 0
18749, 227555, 0, 0, 0
18849, 225280, 0, 0, 0
18949, 245760, 0, 0, 0
19049, 245760, 0, 0, 0
19149, 307200, 0, 0, 0
19249, 245760, 0, 0, 0
19349, 245760, 0, 0, 0
19449, 245760, 0, 0, 0
19549, 307200, 0, 0, 0
19649, 204800, 0, 0, 0
19750, 225280, 0, 0, 0
19850, 307200, 0, 0, 0
19950, 245760, 0, 0, 0
20050, 266240, 0, 0, 0
20150, 225280, 0, 0, 0
20249, 310303, 0, 0, 0
20349, 184320, 0, 0, 0
20449, 225280, 0, 0, 0
20549, 286720, 0, 0, 0
20649, 266240, 0, 0, 0
20749, 245760, 0, 0, 0
20849, 348160, 0, 0, 0
20949, 327680, 0, 0, 0
21050, 286720, 0, 0, 0
21150, 266240, 0, 0, 0
21249, 227555, 0, 0, 0
21349, 225280, 0, 0, 0
21449, 245760, 0, 0, 0
21549, 225280, 0, 0, 0
21649, 225280, 0, 0, 0
21749, 245760, 0, 0, 0
21849, 286720, 0, 0, 0
21949, 266240, 0, 0, 0
22049, 266240, 0, 0, 0
22149, 266240, 0, 0, 0
22249, 184320, 0, 0, 0
22350, 225280, 0, 0, 0
22450, 225280, 0, 0, 0
22550, 225280, 0, 0, 0
22650, 225280, 0, 0, 0
22749, 165494, 0, 0, 0
22849, 204800, 0, 0, 0
22949, 225280, 0, 0, 0
23049, 307200, 0, 0, 0
23149, 307200, 0, 0, 0
23249, 286720, 0, 0, 0
23349, 225280, 0, 0, 0
23449, 245760, 0, 0, 0
23549, 225280, 0, 0, 0
23650, 225280, 0, 0, 0
23750, 245760, 0, 0, 0
23850, 163840, 0, 0, 0
23950, 368640, 0, 0, 0
24050, 286720, 0, 0, 0
24150, 286720, 0, 0, 0
24249, 248242, 0, 0, 0
24349, 184320, 0, 0, 0
24449, 266240, 0, 0, 0
24549, 286720, 0, 0, 0
24649, 204800, 0, 0, 0
24749, 204800, 0, 0, 0
24849, 348160, 0, 0, 0
24950, 225280, 0, 0, 0
25050, 307200, 0, 0, 0
25150, 184320, 0, 0, 0
25249, 268929, 0, 0, 0
25349, 225280, 0, 0, 0
25449, 102400, 0, 0, 0
25549, 286720, 0, 0, 0
25649, 389120, 0, 0, 0
25749, 245760, 0, 0, 0
25849, 266240, 0, 0, 0
25949, 204800, 0, 0, 0
26049, 204800, 0, 0, 0
26149, 266240, 0, 0, 0
26250, 286720, 0, 0, 0
26350, 286720, 0, 0, 0
26450, 266240, 0, 0, 0
26550, 225280, 0, 0, 0
26650, 266240, 0, 0, 0
26749, 248242, 0, 0, 0
26849, 245760, 0, 0, 0
26949, 245760, 0, 0, 0
27049, 266240, 0, 0, 0
27149, 286720, 0, 0, 0
27249, 204800, 0, 0, 0
27349, 327680, 0, 0, 0
27449, 225280, 0, 0, 0
27550, 286720, 0, 0, 0
27650, 286720, 0, 0, 0
27749, 227555, 0, 0, 0
27849, 225280, 0, 0, 0
27949, 245760, 0, 0, 0
28049, 245760, 0, 0, 0
28149, 225280, 0, 0, 0
28249, 163840, 0, 0, 0
28349, 286720, 0, 0, 0
28449, 245760, 0, 0, 0
28549, 266240, 0, 0, 0
28649, 286720, 0, 0, 0
28750, 225280, 0, 0, 0
28850, 225280, 0, 0, 0
28950, 225280, 0, 0, 0
29050, 266240, 0, 0, 0
29150, 307200, 0, 0, 0
29249, 310303, 0, 0, 0
29349, 225280, 0, 0, 0
29449, 307200, 0, 0, 0
29549, 225280, 0, 0, 0
29649, 307200, 0, 0, 0
29749, 245760, 0, 0, 0
29850, 204800, 0, 0, 0
29950, 245760, 0, 0, 0
30050, 204800, 0, 0, 0
30150, 225280, 0, 0, 0
30249, 289616, 0, 0, 0
30349, 266240, 0, 0, 0
30449, 225280, 0, 0, 0
30549, 368640, 0, 0, 0
30649, 266240, 0, 0, 0
30749, 245760, 0, 0, 0
30849, 225280, 0, 0, 0
30949, 266240, 0, 0, 0
31050, 327680, 0, 0, 0
31150, 225280, 0, 0, 0
31249, 268929, 0, 0, 0
31349, 307200, 0, 0, 0
31449, 266240, 0, 0, 0
31549, 225280, 0, 0, 0
31649, 245760, 0, 0, 0
31749, 266240, 0, 0, 0
31849, 204800, 0, 0, 0
31949, 225280, 0, 0, 0
32049, 204800, 0, 0, 0
32149, 245760, 0, 0, 0
32250, 204800, 0, 0, 0
32350, 245760, 0, 0, 0
32450, 266240, 0, 0, 0
32550, 245760, 0, 0, 0
32650, 286720, 0, 0, 0
32749, 227555, 0, 0, 0
32849, 266240, 0, 0, 0
32949, 245760, 0, 0, 0
33049, 266240, 0, 0, 0
33149, 266240, 0, 0, 0
33249, 266240, 0, 0, 0
33349, 245760, 0, 0, 0
33449, 286720, 0, 0, 0
33550, 266240, 0, 0, 0
33650, 245760, 0, 0, 0
33749, 206868, 0, 0, 0
33849, 204800, 0, 0, 0
33949, 163840, 0, 0, 0
34049, 245760, 0, 0, 0
34149, 225280, 0, 0, 0
34249, 348160, 0, 0, 0
34349, 204800, 0, 0, 0
34449, 204800, 0, 0, 0
34549, 225280, 0, 0, 0
34650, 225280, 0, 0, 0
34750, 204800, 0, 0, 0
34850, 245760, 0, 0, 0
34950, 348160, 0, 0, 0
35050, 245760, 0, 0, 0
35150, 266240, 0, 0, 0
35249, 310303, 0, 0, 0
35349, 245760, 0, 0, 0
35449, 245760, 0, 0, 0
35549, 184320, 0, 0, 0
35649, 266240, 0, 0, 0
35750, 266240, 0, 0, 0
35850, 225280, 0, 0, 0
35950, 307200, 0, 0, 0
36050, 225280, 0, 0, 0
36150, 204800, 0, 0, 0
36249, 289616, 0, 0, 0
36349, 266240, 0, 0, 0
36449, 286720, 0, 0, 0
36549, 286720, 0, 0, 0
36649, 225280, 0, 0, 0
36749, 266240, 0, 0, 0
36849, 184320, 0, 0, 0
36950, 245760, 0, 0, 0
37050, 225280, 0, 0, 0
37150, 245760, 0, 0, 0
37249, 227555, 0, 0, 0
37349, 204800, 0, 0, 0
37449, 225280, 0, 0, 0
37549, 307200, 0, 0, 0
37649, 204800, 0, 0, 0
37749, 245760, 0, 0, 0
37849, 204800, 0, 0, 0
37949, 245760, 0, 0, 0
38049, 245760, 0, 0, 0
38150, 245760, 0, 0, 0
38249, 248242, 0, 0, 0
38349, 307200, 0, 0, 0
38449, 225280, 0, 0, 0
38549, 225280, 0, 0, 0
38649, 245760, 0, 0, 0
38749, 225280, 0, 0, 0
38849, 286720, 0, 0, 0
38949, 245760, 0, 0, 0
39049, 286720, 0, 0, 0
39149, 163840, 0, 0, 0
39250, 307200, 0, 0, 0
39350, 266240, 0, 0, 0
39450, 184320, 0, 0, 0
39550, 204800, 0, 0, 0
39650, 184320, 0, 0, 0
39749, 206868, 0, 0, 0
39849, 245760, 0, 0, 0
39949, 225280, 0, 0, 0
40049, 245760, 0, 0, 0
40149, 327680, 0, 0, 0
40249, 327680, 0, 0, 0
40349, 286720, 0, 0, 0
40449, 204800, 0, 0, 0
40550, 204800, 0, 0, 0
40650, 266240, 0, 0, 0
40749, 310303, 0, 0, 0
40849, 286720, 0, 0, 0
40949, 163840, 0, 0, 0
41049, 245760, 0, 0, 0
41149, 266240, 0, 0, 0
41249, 266240, 0, 0, 0
41349, 225280, 0, 0, 0
41449, 163840, 0, 0, 0
41549, 204800, 0, 0, 0
41650, 266240, 0, 0, 0
41750, 327680, 0, 0, 0
41850, 204800, 0, 0, 0
41950, 245760, 0, 0, 0
42050, 266240, 0, 0, 0
42150, 286720, 0, 0, 0
42249, 248242, 0, 0, 0
42349, 286720, 0, 0, 0
42449, 184320, 0, 0, 0
42549, 245760, 0, 0, 0
42649, 204800, 0, 0, 0
42749, 225280, 0, 0, 0
42849, 204800, 0, 0, 0
42950, 266240, 0, 0, 0
43050, 245760, 0, 0, 0
43150, 245760, 0, 0, 0
43249, 227555, 0, 0, 0
43349, 184320, 0, 0, 0
43449, 266240, 0, 0, 0
43549, 184320, 0, 0, 0
43649, 225280, 0, 0, 0
43749, 307200, 0, 0, 0
43850, 225280, 0, 0, 0
43950, 225280, 0, 0, 0
44050, 204800, 0, 0, 0
44150, 266240, 0, 0, 0
44249, 206868, 0, 0, 0
44349, 266240, 0, 0, 0
44449, 204800, 0, 0, 0
44549, 245760, 0, 0, 0
44649, 286720, 0, 0, 0
44749, 307200, 0, 0, 0
44849, 348160, 0, 0, 0
44950, 184320, 0, 0, 0
45050, 327680, 0, 0, 0
45150, 266240, 0, 0, 0
45249, 310303, 0, 0, 0
45349, 184320, 0, 0, 0
45449, 204800, 0, 0, 0
45549, 225280, 0, 0, 0
45649, 204800, 0, 0, 0
45749, 266240, 0, 0, 0
45849, 286720, 0, 0, 0
45949, 307200, 0, 0, 0
46050, 286720, 0, 0, 0
46150, 245760, 0, 0, 0
46249, 227555, 0, 0, 0
46349, 225280, 0, 0, 0
46449, 225280, 0, 0, 0
46549, 163840, 0, 0, 0
46649, 245760, 0, 0, 0
46749, 286720, 0, 0, 0
46849, 245760, 0, 0, 0
46949, 266240, 0, 0, 0
47049, 204800, 0, 0, 0
47150, 245760, 0, 0, 0
47250, 184320, 0, 0, 0
47350, 286720, 0, 0, 0
47450, 327680, 0, 0, 0
47550, 307200, 0, 0, 0
47650, 204800, 0, 0, 0
47749, 227555, 0, 0, 0
47849, 266240, 0, 0, 0
47949, 245760, 0, 0, 0
48049, 204800, 0, 0, 0
48149, 204800, 0, 0, 0
48249, 348160, 0, 0, 0
48349, 245760, 0, 0, 0
48449, 307200, 0, 0, 0
48550, 286720, 0, 0, 0
48650, 327680, 0, 0, 0
48749, 310303, 0, 0, 0
48849, 245760, 0, 0, 0
48949, 184320, 0, 0, 0
49049, 245760, 0, 0, 0
49149, 184320, 0, 0, 0
49249, 184320, 0, 0, 0
49349, 184320, 0, 0, 0
49449, 204800, 0, 0, 0
49549, 184320, 0, 0, 0
49649, 286720, 0, 0, 0
49750, 286720, 0, 0, 0
49850, 225280, 0, 0, 0
49950, 307200, 0, 0, 0
50050, 184320, 0, 0, 0
50150, 286720, 0, 0, 0
50249, 289616, 0, 0, 0
50349, 225280, 0, 0, 0
50449, 163840, 0, 0, 0
50549, 266240, 0, 0, 0
50649, 184320, 0, 0, 0
50749, 245760, 0, 0, 0
50849, 307200, 0, 0, 0
50950, 245760, 0, 0, 0
51050, 225280, 0, 0, 0
51150, 266240, 0, 0, 0
51249, 289616, 0, 0, 0
51349, 266240, 0, 0, 0
51449, 225280, 0, 0, 0
51549, 245760, 0, 0, 0
51649, 225280, 0, 0, 0
51749, 266240, 0, 0, 0
51849, 348160, 0, 0, 0
51949, 204800, 0, 0, 0
52049, 266240, 0, 0, 0
52150, 245760, 0, 0, 0
52250, 266240, 0, 0, 0
52350, 204800, 0, 0, 0
52450, 143360, 0, 0, 0
52550, 204800, 0, 0, 0
52650, 286720, 0, 0, 0
52749, 227555, 0, 0, 0
52849, 184320, 0, 0, 0
52949, 225280, 0, 0, 0
53049, 266240, 0, 0, 0
53149, 204800, 0, 0, 0
53249, 184320, 0, 0, 0
53350, 163840, 0, 0, 0
53450, 225280, 0, 0, 0
53550, 327680, 0, 0, 0
53650, 286720, 0, 0, 0
53749, 268929, 0, 0, 0
53849, 225280, 0, 0, 0
53949, 143360, 0, 0, 0
54049, 184320, 0, 0, 0
54149, 266240, 0, 0, 0
54249, 184320, 0, 0, 0
54349, 184320, 0, 0, 0
54449, 184320, 0, 0, 0
54550, 286720, 0, 0, 0
54650, 245760, 0, 0, 0
54749, 227555, 0, 0, 0
54849, 163840, 0, 0, 0
54949, 184320, 0, 0, 0
55049, 245760, 0, 0, 0
55149, 245760, 0, 0, 0
55249, 245760, 0, 0, 0
55349, 266240, 0, 0, 0
55449, 184320, 0, 0, 0
55549, 225280, 0, 0, 0
55649, 245760, 0, 0, 0
55749, 266240, 0, 0, 0
55849, 184320, 0, 0, 0
55950, 204800, 0, 0, 0
56050, 348160, 0, 0, 0
56150, 184320, 0, 0, 0
56249, 144808, 0, 0, 0
56349, 225280, 0, 0, 0
56449, 286720, 0, 0, 0
56549, 225280, 0, 0, 0
56649, 245760, 0, 0, 0
56749, 143360, 0, 0, 0
56849, 204800, 0, 0, 0
56949, 348160, 0, 0, 0
57049, 204800, 0, 0, 0
57149, 307200, 0, 0, 0
57250, 204800, 0, 0, 0
57350, 204800, 0, 0, 0
57450, 245760, 0, 0, 0
57550, 266240, 0, 0, 0
57650, 245760, 0, 0, 0
57749, 289616, 0, 0, 0
57849, 266240, 0, 0, 0
57949, 245760, 0, 0, 0
58049, 184320, 0, 0, 0
58149, 266240, 0, 0, 0
58249, 225280, 0, 0, 0
58349, 266240, 0, 0, 0
58449, 286720, 0, 0, 0
58549, 225280, 0, 0, 0
58650, 245760, 0, 0, 0
58750, 266240, 0, 0, 0
58850, 266240, 0, 0, 0
58950, 286720, 0, 0, 0
59050, 307200, 0, 0, 0
59150, 184320, 0, 0, 0
59249, 268929, 0, 0, 0
59349, 184320, 0, 0, 0
59449, 245760, 0, 0, 0
59549, 163840, 0, 0, 0
59649, 266240, 0, 0, 0
59749, 184320, 0, 0, 0
59849, 245760, 0, 0, 0
59950, 307200, 0, 0, 0
