100, 379470, 0, 0, 0
200, 385658, 0, 0, 0
300, 371374, 0, 0, 0
400, 377651, 0, 0, 0
500, 388641, 0, 0, 0
600, 388087, 0, 0, 0
700, 374529, 0, 0, 0
800, 374272, 0, 0, 0
900, 382691, 0, 0, 0
1000, 384485, 0, 0, 0
1100, 397935, 0, 0, 0
1200, 370338, 0, 0, 0
1300, 376792, 0, 0, 0
1400, 367737, 0, 0, 0
1500, 383276, 0, 0, 0
1600, 385788, 0, 0, 0
1700, 390977, 0, 0, 0
1800, 376678, 0, 0, 0
1900, 376337, 0, 0, 0
2000, 381867, 0, 0, 0
2100, 385259, 0, 0, 0
2200, 380817, 0, 0, 0
2300, 380668, 0, 0, 0
2400, 373703, 0, 0, 0
2500, 368833, 0, 0, 0
2600, 371847, 0, 0, 0
2700, 381628, 0, 0, 0
2800, 381267, 0, 0, 0
2900, 373414, 0, 0, 0
3000, 376911, 0, 0, 0
3100, 380939, 0, 0, 0
3200, 385027, 0, 0, 0
3300, 387129, 0, 0, 0
3400, 384606, 0, 0, 0
3500, 375493, 0, 0, 0
3600, 377631, 0, 0, 0
3700, 385637, 0, 0, 0
3800, 372236, 0, 0, 0
3900, 377926, 0, 0, 0
4000, 382677, 0, 0, 0
4100, 383120, 0, 0, 0
4200, 368402, 0, 0, 0
4300, 377967, 0, 0, 0
4400, 379487, 0, 0, 0
4500, 384629, 0, 0, 0
4600, 386722, 0, 0, 0
4700, 378743, 0, 0, 0
4800, 377167, 0, 0, 0
4900, 391411, 0, 0, 0
5000, 387114, 0, 0, 0
5100, 381564, 0, 0, 0
5200, 374282, 0, 0, 0
5300, 374763, 0, 0, 0
5400, 384805, 0, 0, 0
5500, 369649, 0, 0, 0
5600, 377237, 0, 0, 0
5700, 376512, 0, 0, 0
5800, 380030, 0, 0, 0
5900, 380089, 0, 0, 0
6000, 376535, 0, 0, 0
6100, 379988, 0, 0, 0
6200, 384424, 0, 0, 0
6300, 387004, 0, 0, 0
6400, 383004, 0, 0, 0
6500, 376455, 0, 0, 0
6600, 371272, 0, 0, 0
6700, 383525, 0, 0, 0
6800, 379561, 0, 0, 0
6900, 366189, 0, 0, 0
7000, 365753, 0, 0, 0
7100, 369718, 0, 0, 0
7200, 375323, 0, 0, 0
7300, 379879, 0, 0, 0
7400, 371809, 0, 0, 0
7500, 382855, 0, 0, 0
7600, 375038, 0, 0, 0
7700, 374508, 0, 0, 0
7800, 378336, 0, 0, 0
7900, 389708, 0, 0, 0
8000, 372039, 0, 0, 0
8100, 380854, 0, 0, 0
8200, 392127, 0, 0, 0
8300, 381285, 0, 0, 0
8400, 385197, 0, 0, 0
8500, 381163, 0, 0, 0
8600, 368485, 0, 0, 0
8700, 379494, 0, 0, 0
8800, 378513, 0, 0, 0
8900, 381626, 0, 0, 0
9000, 375498, 0, 0, 0
9100, 380880, 0, 0, 0
9200, 381418, 0, 0, 0
9300, 382656, 0, 0, 0
9400, 370867, 0, 0, 0
9500, 377531, 0, 0, 0
9600, 378735, 0, 0, 0
9700, 379160, 0, 0, 0
9800, 375272, 0, 0, 0
9900, 379716, 0, 0, 0
10000, 386400, 0, 0, 0
10100, 385926, 0, 0, 0
10200, 380904, 0, 0, 0
10300, 369288, 0, 0, 0
10400, 374447, 0, 0, 0
10500, 384530, 0, 0, 0
10600, 384775, 0, 0, 0
10700, 391958, 0, 0, 0
10800, 386553, 0, 0, 0
10900, 381187, 0, 0, 0
11000, 366991, 0, 0, 0
11100, 369641, 0, 0, 0
11200, 382746, 0, 0, 0
11300, 386199, 0, 0, 0
11400, 381886, 0, 0, 0
11500, 383454, 0, 0, 0
11600, 382016, 0, 0, 0
11700, 400249, 0, 0, 0
11800, 381106, 0, 0, 0
11900, 379205, 0, 0, 0
12000, 388216, 0, 0, 0
12100, 371866, 0, 0, 0
12200, 376044, 0, 0, 0
12300, 371296, 0, 0, 0
12400, 370940, 0, 0, 0
12500, 384512, 0, 0, 0
12600, 380669, 0, 0, 0
12700, 382789, 0, 0, 0
12800, 386402, 0, 0, 0
12900, 373318, 0, 0, 0
13000, 378562, 0, 0, 0
13100, 379602, 0, 0, 0
13200, 385769, 0, 0, 0
13300, 380311, 0, 0, 0
13400, 388600, 0, 0, 0
13500, 378461, 0, 0, 0
13600, 385795, 0, 0, 0
13700, 372215, 0, 0, 0
13800, 381796, 0, 0, 0
13900, 386424, 0, 0, 0
14000, 382907, 0, 0, 0
14100, 383192, 0, 0, 0
14200, 391444, 0, 0, 0
14300, 388985, 0, 0, 0
14400, 378002, 0, 0, 0
14500, 375829, 0, 0, 0
14600, 383234, 0, 0, 0
14700, 376910, 0, 0, 0
14800, 373464, 0, 0, 0
14900, 368875, 0, 0, 0
15000, 378506, 0, 0, 0
15100, 378778, 0, 0, 0
15200, 374235, 0, 0, 0
15300, 376445, 0, 0, 0
15400, 377294, 0, 0, 0
15500, 382159, 0, 0, 0
15600, 373246, 0, 0, 0
15700, 376543, 0, 0, 0
15800, 377688, 0, 0, 0
15900, 369818, 0, 0, 0
16000, 382703, 0, 0, 0
16100, 387302, 0, 0, 0
16200, 376846, 0, 0, 0
16300, 381546, 0, 0, 0
16400, 380367, 0, 0, 0
16500, 375601, 0, 0, 0
16600, 378176, 0, 0, 0
16700, 379851, 0, 0, 0
16800, 383699, 0, 0, 0
16900, 371597, 0, 0, 0
17000, 385088, 0, 0, 0
17100, 379310, 0, 0, 0
17200, 374671, 0, 0, 0
17300, 367586, 0, 0, 0
17400, 373164, 0, 0, 0
17500, 387275, 0, 0, 0
17600, 380346, 0, 0, 0
17700, 385831, 0, 0, 0
17800, 382259, 0, 0, 0
17900, 367880, 0, 0, 0
18000, 379353, 0, 0, 0
18100, 378377, 0, 0, 0
18200, 376916, 0, 0, 0
18300, 368328, 0, 0, 0
18400, 369769, 0, 0, 0
18500, 377198, 0, 0, 0
18600, 383538, 0, 0, 0
18700, 382437, 0, 0, 0
18800, 380328, 0, 0, 0
18900, 375446, 0, 0, 0
19000, 388207, 0, 0, 0
19100, 371488, 0, 0, 0
19200, 382705, 0, 0, 0
19300, 381853, 0, 0, 0
19400, 385679, 0, 0, 0
19500, 379452, 0, 0, 0
19600, 380982, 0, 0, 0
19700, 383317, 0, 0, 0
19800, 374696, 0, 0, 0
19900, 384911, 0, 0, 0
20000, 377238, 0, 0, 0
20100, 371454, 0, 0, 0
20200, 387154, 0, 0, 0
20300, 377027, 0, 0, 0
20400, 366815, 0, 0, 0
20500, 387570, 0, 0, 0
20600, 386078, 0, 0, 0
20700, 372772, 0, 0, 0
20800, 383592, 0, 0, 0
20900, 375258, 0, 0, 0
21000, 370649, 0, 0, 0
21100, 372707, 0, 0, 0
21200, 379061, 0, 0, 0
21300, 370408, 0, 0, 0
21400, 379436, 0, 0, 0
21500, 388827, 0, 0, 0
21600, 375758, 0, 0, 0
21700, 395331, 0, 0, 0
21800, 381594, 0, 0, 0
21900, 387671, 0, 0, 0
22000, 380693, 0, 0, 0
22100, 384842, 0, 0, 0
22200, 378497, 0, 0, 0
22300, 371814, 0, 0, 0
22400, 382370, 0, 0, 0
22500, 387547, 0, 0, 0
22600, 381190, 0, 0, 0
22700, 383833, 0, 0, 0
22800, 374525, 0, 0, 0
22900, 367531, 0, 0, 0
23000, 386837, 0, 0, 0
23100, 377242, 0, 0, 0
23200, 386435, 0, 0, 0
23300, 379265, 0, 0, 0
23400, 385532, 0, 0, 0
23500, 384698, 0, 0, 0
23600, 370506, 0, 0, 0
23700, 380136, 0, 0, 0
23800, 387259, 0, 0, 0
23900, 377462, 0, 0, 0
24000, 385064, 0, 0, 0
24100, 359623, 0, 0, 0
24200, 369288, 0, 0, 0
24300, 379420, 0, 0, 0
24400, 378593, 0, 0, 0
24500, 366195, 0, 0, 0
24600, 371844, 0, 0, 0
24700, 374807, 0, 0, 0
24800, 374096, 0, 0, 0
24900, 382138, 0, 0, 0
25000, 391592, 0, 0, 0
25100, 371674, 0, 0, 0
25200, 376311, 0, 0, 0
25300, 383221, 0, 0, 0
25400, 383121, 0, 0, 0
25500, 371088, 0, 0, 0
25600, 372469, 0, 0, 0
25700, 384527, 0, 0, 0
25800, 377112, 0, 0, 0
25900, 381427, 0, 0, 0
26000, 371860, 0, 0, 0
26100, 380621, 0, 0, 0
26200, 374256, 0, 0, 0
26300, 381340, 0, 0, 0
26400, 375129, 0, 0, 0
26500, 392736, 0, 0, 0
26600, 383493, 0, 0, 0
26700, 371502, 0, 0, 0
26800, 371823, 0, 0, 0
26900, 386176, 0, 0, 0
27000, 380594, 0, 0, 0
27100, 370866, 0, 0, 0
27200, 374378, 0, 0, 0
27300, 386748, 0, 0, 0
27400, 387251, 0, 0, 0
27500, 384619, 0, 0, 0
27600, 379474, 0, 0, 0
27700, 374485, 0, 0, 0
27800, 388256, 0, 0, 0
27900, 381732, 0, 0, 0
28000, 386894, 0, 0, 0
28100, 380800, 0, 0, 0
28200, 374758, 0, 0, 0
28300, 385198, 0, 0, 0
28400, 392035, 0, 0, 0
28500, 381293, 0, 0, 0
28600, 382674, 0, 0, 0
28700, 373873, 0, 0, 0
28800, 380543, 0, 0, 0
28900, 379050, 0, 0, 0
29000, 385070, 0, 0, 0
29100, 380674, 0, 0, 0
29200, 372796, 0, 0, 0
29300, 376001, 0, 0, 0
29400, 381294, 0, 0, 0
29500, 377513, 0, 0, 0
29600, 373397, 0, 0, 0
29700, 376542, 0, 0, 0
29800, 384467, 0, 0, 0
29900, 384215, 0, 0, 0
30000, 387927, 0, 0, 0
30100, 374861, 0, 0, 0
30200, 381230, 0, 0, 0
30300, 387229, 0, 0, 0
30400, 385262, 0, 0, 0
30500, 382609, 0, 0, 0
30600, 380321, 0, 0, 0
30700, 380452, 0, 0, 0
30800, 389777, 0, 0, 0
30900, 378414, 0, 0, 0
31000, 383224, 0, 0, 0
31100, 372064, 0, 0, 0
31200, 369529, 0, 0, 0
31300, 384688, 0, 0, 0
31400, 380583, 0, 0, 0
31500, 388924, 0, 0, 0
31600, 387081, 0, 0, 0
31700, 388394, 0, 0, 0
31800, 383227, 0, 0, 0
31900, 387723, 0, 0, 0
32000, 379033, 0, 0, 0
32100, 378074, 0, 0, 0
32200, 374036, 0, 0, 0
32300, 387008, 0, 0, 0
32400, 378061, 0, 0, 0
32500, 396017, 0, 0, 0
32600, 374309, 0, 0, 0
32700, 377516, 0, 0, 0
32800, 370474, 0, 0, 0
32900, 377304, 0, 0, 0
33000, 384654, 0, 0, 0
33100, 372016, 0, 0, 0
33200, 378723, 0, 0, 0
33300, 374595, 0, 0, 0
33400, 377749, 0, 0, 0
33500, 379130, 0, 0, 0
33600, 396543, 0, 0, 0
33700, 379515, 0, 0, 0
33800, 381312, 0, 0, 0
33900, 395390, 0, 0, 0
34000, 388156, 0, 0, 0
34100, 376289, 0, 0, 0
34200, 381647, 0, 0, 0
34300, 383118, 0, 0, 0
34400, 380311, 0, 0, 0
34500, 381890, 0, 0, 0
34600, 382840, 0, 0, 0
34700, 378629, 0, 0, 0
34800, 389351, 0, 0, 0
34900, 390234, 0, 0, 0
35000, 382000, 0, 0, 0
35100, 377150, 0, 0, 0
35200, 379991, 0, 0, 0
35300, 388628, 0, 0, 0
35400, 385390, 0, 0, 0
35500, 386882, 0, 0, 0
35600, 373456, 0, 0, 0
35700, 381644, 0, 0, 0
35800, 386659, 0, 0, 0
35900, 377827, 0, 0, 0
36000, 381909, 0, 0, 0
36100, 380126, 0, 0, 0
36200, 389585, 0, 0, 0
36300, 382930, 0, 0, 0
36400, 383901, 0, 0, 0
36500, 379649, 0, 0, 0
36600, 379680, 0, 0, 0
36700, 382145, 0, 0, 0
36800, 383763, 0, 0, 0
36900, 366495, 0, 0, 0
37000, 394402, 0, 0, 0
37100, 380612, 0, 0, 0
37200, 371541, 0, 0, 0
37300, 379720, 0, 0, 0
37400, 384848, 0, 0, 0
37500, 382714, 0, 0, 0
37600, 382416, 0, 0, 0
37700, 388854, 0, 0, 0
37800, 379571, 0, 0, 0
37900, 376922, 0, 0, 0
38000, 376739, 0, 0, 0
38100, 384486, 0, 0, 0
38200, 387391, 0, 0, 0
38300, 376033, 0, 0, 0
38400, 385918, 0, 0, 0
38500, 379832, 0, 0, 0
38600, 397025, 0, 0, 0
38700, 390880, 0, 0, 0
38800, 386127, 0, 0, 0
38900, 385270, 0, 0, 0
39000, 391555, 0, 0, 0
39100, 386239, 0, 0, 0
39200, 378908, 0, 0, 0
39300, 386644, 0, 0, 0
39400, 383845, 0, 0, 0
39500, 392768, 0, 0, 0
39600, 397315, 0, 0, 0
39700, 380477, 0, 0, 0
39800, 374289, 0, 0, 0
39900, 396739, 0, 0, 0
40000, 394244, 0, 0, 0
40100, 375066, 0, 0, 0
40200, 384558, 0, 0, 0
40300, 401203, 0, 0, 0
40400, 378543, 0, 0, 0
40500, 386243, 0, 0, 0
40600, 398761, 0, 0, 0
40700, 388924, 0, 0, 0
40800, 387064, 0, 0, 0
40900, 381471, 0, 0, 0
41000, 375688, 0, 0, 0
41100, 371752, 0, 0, 0
41200, 378006, 0, 0, 0
41300, 378255, 0, 0, 0
41400, 383022, 0, 0, 0
41500, 381850, 0, 0, 0
41600, 373173, 0, 0, 0
41700, 377724, 0, 0, 0
41800, 373078, 0, 0, 0
41900, 383630, 0, 0, 0
42000, 383116, 0, 0, 0
42100, 379434, 0, 0, 0
42200, 394199, 0, 0, 0
42300, 390064, 0, 0, 0
42400, 391663, 0, 0, 0
42500, 380019, 0, 0, 0
42600, 384300, 0, 0, 0
42700, 388951, 0, 0, 0
42800, 381717, 0, 0, 0
42900, 386439, 0, 0, 0
43000, 385035, 0, 0, 0
43100, 383519, 0, 0, 0
43200, 371427, 0, 0, 0
43300, 370686, 0, 0, 0
43400, 390724, 0, 0, 0
43500, 391848, 0, 0, 0
43600, 382945, 0, 0, 0
43700, 383832, 0, 0, 0
43800, 386930, 0, 0, 0
43900, 388582, 0, 0, 0
44000, 384968, 0, 0, 0
44100, 382431, 0, 0, 0
44200, 373133, 0, 0, 0
44300, 374553, 0, 0, 0
44400, 379912, 0, 0, 0
44500, 365348, 0, 0, 0
44600, 388981, 0, 0, 0
44700, 378256, 0, 0, 0
44800, 387258, 0, 0, 0
44900, 391456, 0, 0, 0
45000, 393690, 0, 0, 0
45100, 395684, 0, 0, 0
45200, 384345, 0, 0, 0
45300, 390418, 0, 0, 0
45400, 373825, 0, 0, 0
45500, 384587, 0, 0, 0
45600, 379069, 0, 0, 0
45700, 385799, 0, 0, 0
45800, 379705, 0, 0, 0
45900, 378085, 0, 0, 0
46000, 370102, 0, 0, 0
46100, 374587, 0, 0, 0
46200, 384222, 0, 0, 0
46300, 373352, 0, 0, 0
46400, 386963, 0, 0, 0
46500, 375462, 0, 0, 0
46600, 388138, 0, 0, 0
46700, 382365, 0, 0, 0
46800, 382661, 0, 0, 0
46900, 378671, 0, 0, 0
47000, 367233, 0, 0, 0
47100, 393991, 0, 0, 0
47200, 373389, 0, 0, 0
47300, 384424, 0, 0, 0
47400, 381975, 0, 0, 0
47500, 381449, 0, 0, 0
47600, 376719, 0, 0, 0
47700, 395525, 0, 0, 0
47800, 373106, 0, 0, 0
47900, 380585, 0, 0, 0
48000, 386875, 0, 0, 0
48100, 377485, 0, 0, 0
48200, 378552, 0, 0, 0
48300, 390448, 0, 0, 0
48400, 384911, 0, 0, 0
48500, 380396, 0, 0, 0
48600, 385224, 0, 0, 0
48700, 392079, 0, 0, 0
48800, 394717, 0, 0, 0
48900, 394270, 0, 0, 0
49000, 389148, 0, 0, 0
49100, 379768, 0, 0, 0
49200, 367796, 0, 0, 0
49300, 385912, 0, 0, 0
49400, 388750, 0, 0, 0
49500, 380761, 0, 0, 0
49600, 381947, 0, 0, 0
49700, 388770, 0, 0, 0
49800, 388383, 0, 0, 0
49900, 382600, 0, 0, 0
50000, 389848, 0, 0, 0
50100, 386317, 0, 0, 0
50200, 387255, 0, 0, 0
50300, 385365, 0, 0, 0
50400, 380237, 0, 0, 0
50500, 375051, 0, 0, 0
50600, 381659, 0, 0, 0
50700, 373455, 0, 0, 0
50800, 383959, 0, 0, 0
50900, 377021, 0, 0, 0
51000, 386643, 0, 0, 0
51100, 385295, 0, 0, 0
51200, 385629, 0, 0, 0
51300, 386991, 0, 0, 0
51400, 378028, 0, 0, 0
51500, 385168, 0, 0, 0
51600, 380914, 0, 0, 0
51700, 397065, 0, 0, 0
51800, 381856, 0, 0, 0
51900, 367893, 0, 0, 0
52000, 377283, 0, 0, 0
52100, 389924, 0, 0, 0
52200, 397109, 0, 0, 0
52300, 385410, 0, 0, 0
52400, 384528, 0, 0, 0
52500, 387389, 0, 0, 0
52600, 382976, 0, 0, 0
52700, 375178, 0, 0, 0
52800, 377300, 0, 0, 0
52900, 387872, 0, 0, 0
53000, 377023, 0, 0, 0
53100, 375592, 0, 0, 0
53200, 374017, 0, 0, 0
53300, 379417, 0, 0, 0
53400, 373986, 0, 0, 0
53500, 379563, 0, 0, 0
53600, 371919, 0, 0, 0
53700, 389092, 0, 0, 0
53800, 385197, 0, 0, 0
53900, 388467, 0, 0, 0
54000, 394859, 0, 0, 0
54100, 392249, 0, 0, 0
54200, 376262, 0, 0, 0
54300, 368493, 0, 0, 0
54400, 379957, 0, 0, 0
54500, 386842, 0, 0, 0
54600, 389100, 0, 0, 0
54700, 373511, 0, 0, 0
54800, 387238, 0, 0, 0
54900, 367245, 0, 0, 0
55000, 378651, 0, 0, 0
55100, 382784, 0, 0, 0
55200, 380590, 0, 0, 0
55300, 378895, 0, 0, 0
55400, 380667, 0, 0, 0
55500, 372978, 0, 0, 0
55600, 390337, 0, 0, 0
55700, 394303, 0, 0, 0
55800, 397253, 0, 0, 0
55900, 381269, 0, 0, 0
56000, 377573, 0, 0, 0
56100, 398108, 0, 0, 0
56200, 387898, 0, 0, 0
56300, 371447, 0, 0, 0
56400, 373963, 0, 0, 0
56500, 366640, 0, 0, 0
56600, 374365, 0, 0, 0
56700, 381318, 0, 0, 0
56800, 383767, 0, 0, 0
56900, 388861, 0, 0, 0
57000, 388123, 0, 0, 0
57100, 386900, 0, 0, 0
57200, 378692, 0, 0, 0
57300, 387834, 0, 0, 0
57400, 371261, 0, 0, 0
57500, 376290, 0, 0, 0
57600, 372587, 0, 0, 0
57700, 385644, 0, 0, 0
57800, 388293, 0, 0, 0
57900, 386545, 0, 0, 0
58000, 374448, 0, 0, 0
58100, 379368, 0, 0, 0
58200, 370578, 0, 0, 0
58300, 376416, 0, 0, 0
58400, 383029, 0, 0, 0
58500, 386133, 0, 0, 0
58600, 381117, 0, 0, 0
58700, 378858, 0, 0, 0
58800, 386909, 0, 0, 0
58900, 380481, 0, 0, 0
59000, 379251, 0, 0, 0
59100, 382292, 0, 0, 0
59200, 382945, 0, 0, 0
59300, 393108, 0, 0, 0
59400, 389402, 0, 0, 0
59500, 382587, 0, 0, 0
59600, 382468, 0, 0, 0
59700, 386384, 0, 0, 0
59800, 381220, 0, 0, 0
59900, 388700, 0, 0, 0
60000, 390638, 0, 0, 0
60100, 394691, 0, 0, 0
60200, 386880, 0, 0, 0
60300, 379291, 0, 0, 0
60400, 377062, 0, 0, 0
60500, 382799, 0, 0, 0
60600, 373879, 0, 0, 0
60700, 370626, 0, 0, 0
60800, 374782, 0, 0, 0
60900, 389772, 0, 0, 0
61000, 381284, 0, 0, 0
61100, 376980, 0, 0, 0
61200, 376085, 0, 0, 0
61300, 373755, 0, 0, 0
61400, 375133, 0, 0, 0
61500, 374792, 0, 0, 0
61600, 380425, 0, 0, 0
61700, 390556, 0, 0, 0
61800, 366733, 0, 0, 0
61900, 381258, 0, 0, 0
62000, 391524, 0, 0, 0
62100, 390506, 0, 0, 0
62200, 376620, 0, 0, 0
62300, 380110, 0, 0, 0
62400, 382843, 0, 0, 0
62500, 373167, 0, 0, 0
62600, 367156, 0, 0, 0
62700, 380707, 0, 0, 0
62800, 374078, 0, 0, 0
62900, 380279, 0, 0, 0
63000, 381925, 0, 0, 0
63100, 393606, 0, 0, 0
63200, 385193, 0, 0, 0
63300, 379451, 0, 0, 0
63400, 378432, 0, 0, 0
63500, 381109, 0, 0, 0
63600, 386725, 0, 0, 0
63700, 383402, 0, 0, 0
63800, 378385, 0, 0, 0
63900, 375959, 0, 0, 0
64000, 373183, 0, 0, 0
64100, 382432, 0, 0, 0
64200, 383304, 0, 0, 0
64300, 379527, 0, 0, 0
64400, 383312, 0, 0, 0
64500, 386980, 0, 0, 0
64600, 381228, 0, 0, 0
64700, 381927, 0, 0, 0
64800, 374606, 0, 0, 0
64900, 376654, 0, 0, 0
65000, 379052, 0, 0, 0
65100, 374105, 0, 0, 0
65200, 398956, 0, 0, 0
65300, 386363, 0, 0, 0
65400, 380806, 0, 0, 0
65500, 378644, 0, 0, 0
65600, 383644, 0, 0, 0
65700, 389244, 0, 0, 0
65800, 385059, 0, 0, 0
65900, 382701, 0, 0, 0
66000, 387865, 0, 0, 0
66100, 376138, 0, 0, 0
66200, 371113, 0, 0, 0
66300, 389024, 0, 0, 0
66400, 383915, 0, 0, 0
66500, 373946, 0, 0, 0
66600, 372913, 0, 0, 0
66700, 375826, 0, 0, 0
66800, 398132, 0, 0, 0
66900, 379239, 0, 0, 0
67000, 387817, 0, 0, 0
67100, 386814, 0, 0, 0
67200, 386926, 0, 0, 0
67300, 380854, 0, 0, 0
67400, 369843, 0, 0, 0
67500, 382090, 0, 0, 0
67600, 380442, 0, 0, 0
67700, 386015, 0, 0, 0
67800, 384053, 0, 0, 0
67900, 390533, 0, 0, 0
68000, 383230, 0, 0, 0
68100, 373085, 0, 0, 0
68200, 390319, 0, 0, 0
68300, 377812, 0, 0, 0
68400, 387310, 0, 0, 0
68500, 380727, 0, 0, 0
68600, 391526, 0, 0, 0
68700, 392544, 0, 0, 0
68800, 376620, 0, 0, 0
68900, 376289, 0, 0, 0
69000, 384469, 0, 0, 0
69100, 385421, 0, 0, 0
69200, 397512, 0, 0, 0
69300, 381587, 0, 0, 0
69400, 393725, 0, 0, 0
69500, 385650, 0, 0, 0
69600, 379635, 0, 0, 0
69700, 382768, 0, 0, 0
69800, 381133, 0, 0, 0
69900, 379184, 0, 0, 0
70000, 388651, 0, 0, 0
70100, 377462, 0, 0, 0
70200, 384512, 0, 0, 0
70300, 374061, 0, 0, 0
70400, 388436, 0, 0, 0
70500, 386444, 0, 0, 0
70600, 379251, 0, 0, 0
70700, 385032, 0, 0, 0
70800, 387837, 0, 0, 0
70900, 371027, 0, 0, 0
71000, 374297, 0, 0, 0
71100, 384857, 0, 0, 0
71200, 398374, 0, 0, 0
71300, 384888, 0, 0, 0
71400, 382074, 0, 0, 0
71500, 387248, 0, 0, 0
71600, 379223, 0, 0, 0
71700, 384439, 0, 0, 0
71800, 381610, 0, 0, 0
71900, 374440, 0, 0, 0
72000, 376224, 0, 0, 0
72100, 383073, 0, 0, 0
72200, 378231, 0, 0, 0
72300, 381505, 0, 0, 0
72400, 384822, 0, 0, 0
72500, 396540, 0, 0, 0
72600, 384707, 0, 0, 0
72700, 389875, 0, 0, 0
72800, 368515, 0, 0, 0
72900, 379579, 0, 0, 0
73000, 382752, 0, 0, 0
73100, 373045, 0, 0, 0
73200, 393008, 0, 0, 0
73300, 387532, 0, 0, 0
73400, 389649, 0, 0, 0
73500, 380925, 0, 0, 0
73600, 379563, 0, 0, 0
73700, 375809, 0, 0, 0
73800, 383727, 0, 0, 0
73900, 376341, 0, 0, 0
74000, 392027, 0, 0, 0
74100, 386619, 0, 0, 0
74200, 365726, 0, 0, 0
74300, 372743, 0, 0, 0
74400, 377047, 0, 0, 0
74500, 379404, 0, 0, 0
74600, 376150, 0, 0, 0
74700, 387723, 0, 0, 0
74800, 377691, 0, 0, 0
74900, 379952, 0, 0, 0
75000, 378995, 0, 0, 0
75100, 374799, 0, 0, 0
75200, 373861, 0, 0, 0
75300, 388577, 0, 0, 0
75400, 386940, 0, 0, 0
75500, 379674, 0, 0, 0
75600, 385135, 0, 0, 0
75700, 384604, 0, 0, 0
75800, 385148, 0, 0, 0
75900, 381355, 0, 0, 0
76000, 378911, 0, 0, 0
76100, 385080, 0, 0, 0
76200, 377008, 0, 0, 0
76300, 387230, 0, 0, 0
76400, 370336, 0, 0, 0
76500, 384181, 0, 0, 0
76600, 372024, 0, 0, 0
76700, 383078, 0, 0, 0
76800, 401973, 0, 0, 0
76900, 396491, 0, 0, 0
77000, 372558, 0, 0, 0
77100, 391832, 0, 0, 0
77200, 372790, 0, 0, 0
77300, 379055, 0, 0, 0
77400, 384727, 0, 0, 0
77500, 389489, 0, 0, 0
77600, 373052, 0, 0, 0
77700, 378328, 0, 0, 0
77800, 370075, 0, 0, 0
77900, 379856, 0, 0, 0
78000, 383801, 0, 0, 0
78100, 377114, 0, 0, 0
78200, 373116, 0, 0, 0
78300, 377558, 0, 0, 0
78400, 379877, 0, 0, 0
78500, 384941, 0, 0, 0
78600, 378693, 0, 0, 0
78700, 378069, 0, 0, 0
78800, 377426, 0, 0, 0
78900, 379143, 0, 0, 0
79000, 375482, 0, 0, 0
79100, 391940, 0, 0, 0
79200, 391153, 0, 0, 0
79300, 378207, 0, 0, 0
79400, 376796, 0, 0, 0
79500, 374424, 0, 0, 0
79600, 372498, 0, 0, 0
79700, 381838, 0, 0, 0
79800, 376651, 0, 0, 0
79900, 370115, 0, 0, 0
80000, 376928, 0, 0, 0
80100, 378524, 0, 0, 0
80200, 373449, 0, 0, 0
80300, 381728, 0, 0, 0
80400, 367688, 0, 0, 0
80500, 377377, 0, 0, 0
80600, 390789, 0, 0, 0
80700, 377568, 0, 0, 0
80800, 391708, 0, 0, 0
80900, 376978, 0, 0, 0
81000, 381714, 0, 0, 0
81100, 377021, 0, 0, 0
81200, 382144, 0, 0, 0
81300, 391571, 0, 0, 0
81400, 400331, 0, 0, 0
81500, 393505, 0, 0, 0
81600, 384827, 0, 0, 0
81700, 370312, 0, 0, 0
81800, 392539, 0, 0, 0
81900, 380160, 0, 0, 0
82000, 374076, 0, 0, 0
82100, 387428, 0, 0, 0
82200, 384401, 0, 0, 0
82300, 383621, 0, 0, 0
82400, 382309, 0, 0, 0
82500, 388452, 0, 0, 0
82600, 379271, 0, 0, 0
82700, 382636, 0, 0, 0
82800, 384638, 0, 0, 0
82900, 371832, 0, 0, 0
83000, 381412, 0, 0, 0
83100, 374527, 0, 0, 0
83200, 371481, 0, 0, 0
83300, 383486, 0, 0, 0
83400, 381140, 0, 0, 0
83500, 388541, 0, 0, 0
83600, 378062, 0, 0, 0
83700, 382196, 0, 0, 0
83800, 376744, 0, 0, 0
83900, 381631, 0, 0, 0
84000, 398826, 0, 0, 0
84100, 381958, 0, 0, 0
84200, 376607, 0, 0, 0
84300, 372004, 0, 0, 0
84400, 375722, 0, 0, 0
84500, 386820, 0, 0, 0
84600, 382830, 0, 0, 0
84700, 389258, 0, 0, 0
84800, 387801, 0, 0, 0
84900, 391151, 0, 0, 0
85000, 386637, 0, 0, 0
85100, 386971, 0, 0, 0
85200, 379720, 0, 0, 0
85300, 377729, 0, 0, 0
85400, 376763, 0, 0, 0
85500, 380399, 0, 0, 0
85600, 383812, 0, 0, 0
85700, 376692, 0, 0, 0
85800, 375859, 0, 0, 0
85900, 378371, 0, 0, 0
86000, 383921, 0, 0, 0
86100, 381567, 0, 0, 0
86200, 380633, 0, 0, 0
86300, 375744, 0, 0, 0
86400, 370406, 0, 0, 0
86500, 383297, 0, 0, 0
86600, 378870, 0, 0, 0
86700, 377028, 0, 0, 0
86800, 374085, 0, 0, 0
86900, 377050, 0, 0, 0
87000, 379983, 0, 0, 0
87100, 377842, 0, 0, 0
87200, 373091, 0, 0, 0
87300, 384607, 0, 0, 0
87400, 373141, 0, 0, 0
87500, 379226, 0, 0, 0
87600, 374018, 0, 0, 0
87700, 380457, 0, 0, 0
87800, 383641, 0, 0, 0
87900, 383079, 0, 0, 0
88000, 371993, 0, 0, 0
88100, 376913, 0, 0, 0
88200, 372029, 0, 0, 0
88300, 370278, 0, 0, 0
88400, 367956, 0, 0, 0
88500, 383841, 0, 0, 0
88600, 378552, 0, 0, 0
88700, 377825, 0, 0, 0
88800, 376952, 0, 0, 0
88900, 369063, 0, 0, 0
89000, 386472, 0, 0, 0
89100, 385723, 0, 0, 0
89200, 391654, 0, 0, 0
89300, 383565, 0, 0, 0
89400, 370830, 0, 0, 0
89500, 373207, 0, 0, 0
89600, 383783, 0, 0, 0
89700, 378783, 0, 0, 0
89800, 378956, 0, 0, 0
89900, 372720, 0, 0, 0
90000, 387916, 0, 0, 0
