100, 3722019, 0, 0, 0
202, 3781004, 0, 0, 0
303, 4211587, 0, 0, 0
400, 3852971, 0, 0, 0
501, 4196994, 0, 0, 0
602, 4606541, 0, 0, 0
700, 4073292, 0, 0, 0
801, 4048349, 0, 0, 0
904, 3810078, 0, 0, 0
1003, 3394977, 0, 0, 0
1101, 3941416, 0, 0, 0
1200, 3802451, 0, 0, 0
1303, 3528507, 0, 0, 0
1402, 3977158, 0, 0, 0
1501, 4130385, 0, 0, 0
1602, 4022226, 0, 0, 0
1702, 4185107, 0, 0, 0
1800, 3596512, 0, 0, 0
1900, 3596635, 0, 0, 0
2002, 4438553, 0, 0, 0
2101, 3947369, 0, 0, 0
2200, 3648458, 0, 0, 0
2308, 4493659, 0, 0, 0
2402, 3475222, 0, 0, 0
2503, 4237464, 0, 0, 0
2602, 4124001, 0, 0, 0
2702, 3688057, 0, 0, 0
2800, 3761772, 0, 0, 0
2902, 3909214, 0, 0, 0
3001, 4129084, 0, 0, 0
3100, 4127639, 0, 0, 0
3202, 4242249, 0, 0, 0
3305, 4312451, 0, 0, 0
3400, 3277882, 0, 0, 0
3502, 3396236, 0, 0, 0
3603, 3582487, 0, 0, 0
3703, 3995990, 0, 0, 0
3802, 3982084, 0, 0, 0
3901, 4303256, 0, 0, 0
4001, 4142094, 0, 0, 0
4100, 3977279, 0, 0, 0
4200, 3836578, 0, 0, 0
4306, 3764001, 0, 0, 0
4401, 4326862, 0, 0, 0
4500, 4519123, 0, 0, 0
4604, 3567344, 0, 0, 0
4702, 3917219, 0, 0, 0
4800, 3753524, 0, 0, 0
4901, 4046876, 0, 0, 0
5003, 3779723, 0, 0, 0
5103, 3589009, 0, 0, 0
5200, 3854821, 0, 0, 0
5300, 3852310, 0, 0, 0
5403, 3664201, 0, 0, 0
5503, 3562338, 0, 0, 0
5600, 3748935, 0, 0, 0
5701, 3610886, 0, 0, 0
5803, 3899740, 0, 0, 0
5902, 3966449, 0, 0, 0
6005, 4103973, 0, 0, 0
6100, 3956451, 0, 0, 0
6203, 3699685, 0, 0, 0
6304, 3736031, 0, 0, 0
6404, 3843938, 0, 0, 0
6500, 4539002, 0, 0, 0
6602, 3645860, 0, 0, 0
6703, 3762515, 0, 0, 0
6800, 4021495, 0, 0, 0
6901, 3478890, 0, 0, 0
7001, 3588994, 0, 0, 0
7102, 3334342, 0, 0, 0
7202, 3852667, 0, 0, 0
7302, 3718499, 0, 0, 0
7400, 3899919, 0, 0, 0
7503, 3831628, 0, 0, 0
7602, 3665237, 0, 0, 0
7701, 3636053, 0, 0, 0
7802, 3639646, 0, 0, 0
7901, 4108741, 0, 0, 0
8002, 3729933, 0, 0, 0
8104, 4234169, 0, 0, 0
8203, 3826956, 0, 0, 0
8301, 3763226, 0, 0, 0
8401, 3329246, 0, 0, 0
8500, 3965768, 0, 0, 0
8601, 3859216, 0, 0, 0
8703, 3770856, 0, 0, 0
8802, 3430858, 0, 0, 0
8900, 3904714, 0, 0, 0
9003, 4286666, 0, 0, 0
9101, 3930248, 0, 0, 0
9202, 3883547, 0, 0, 0
9300, 3634849, 0, 0, 0
9401, 4180636, 0, 0, 0
9501, 3348813, 0, 0, 0
9601, 3836807, 0, 0, 0
9701, 3687060, 0, 0, 0
9803, 3414096, 0, 0, 0
9902, 3780250, 0, 0, 0
10000, 3635662, 0, 0, 0
10102, 3908675, 0, 0, 0
10200, 3397483, 0, 0, 0
10303, 4451431, 0, 0, 0
10401, 3932036, 0, 0, 0
10503, 3921341, 0, 0, 0
10603, 4152054, 0, 0, 0
10702, 3824496, 0, 0, 0
10802, 3819935, 0, 0, 0
10902, 3473544, 0, 0, 0
11001, 3775049, 0, 0, 0
11103, 3801765, 0, 0, 0
11201, 3608800, 0, 0, 0
11303, 4246214, 0, 0, 0
11402, 3671077, 0, 0, 0
11504, 4091919, 0, 0, 0
11605, 4179119, 0, 0, 0
11703, 4079817, 0, 0, 0
11803, 3862400, 0, 0, 0
11905, 4077456, 0, 0, 0
12002, 3590591, 0, 0, 0
12100, 3615567, 0, 0, 0
12202, 3653097, 0, 0, 0
12303, 3868601, 0, 0, 0
12402, 3669037, 0, 0, 0
12500, 3766556, 0, 0, 0
12600, 3233036, 0, 0, 0
12701, 3886592, 0, 0, 0
12803, 3757330, 0, 0, 0
12901, 4101962, 0, 0, 0
13003, 3752973, 0, 0, 0
13100, 4061783, 0, 0, 0
13202, 3752158, 0, 0, 0
13301, 3972255, 0, 0, 0
13400, 3549624, 0, 0, 0
13503, 3954229, 0, 0, 0
13601, 4086095, 0, 0, 0
13701, 4304597, 0, 0, 0
13803, 4640228, 0, 0, 0
13900, 3900314, 0, 0, 0
14002, 4083973, 0, 0, 0
14103, 3350177, 0, 0, 0
14201, 3753000, 0, 0, 0
14302, 3385412, 0, 0, 0
14403, 3865284, 0, 0, 0
14502, 3690270, 0, 0, 0
14601, 3653938, 0, 0, 0
14702, 3372526, 0, 0, 0
14801, 4083525, 0, 0, 0
14903, 3926334, 0, 0, 0
15001, 4102078, 0, 0, 0
15100, 4110033, 0, 0, 0
15203, 3811846, 0, 0, 0
15302, 4717253, 0, 0, 0
15401, 3950728, 0, 0, 0
15504, 3975977, 0, 0, 0
15601, 3879542, 0, 0, 0
15702, 3714183, 0, 0, 0
15801, 3550529, 0, 0, 0
15901, 4557112, 0, 0, 0
16001, 3965222, 0, 0, 0
16100, 4339290, 0, 0, 0
16200, 3569887, 0, 0, 0
16301, 4379195, 0, 0, 0
16402, 4185032, 0, 0, 0
16503, 3733440, 0, 0, 0
16600, 4249866, 0, 0, 0
16700, 3832859, 0, 0, 0
16803, 3688949, 0, 0, 0
16903, 3834001, 0, 0, 0
17002, 3663342, 0, 0, 0
17101, 3419162, 0, 0, 0
17201, 3989193, 0, 0, 0
17300, 3961613, 0, 0, 0
17405, 4034940, 0, 0, 0
17500, 3144870, 0, 0, 0
17603, 3699777, 0, 0, 0
17704, 3483139, 0, 0, 0
17802, 4220870, 0, 0, 0
17900, 4465656, 0, 0, 0
18001, 3490516, 0, 0, 0
18102, 3723425, 0, 0, 0
18206, 3704597, 0, 0, 0
18303, 3466029, 0, 0, 0
18400, 3878768, 0, 0, 0
18501, 3906591, 0, 0, 0
18602, 3591251, 0, 0, 0
18701, 3794820, 0, 0, 0
18800, 4115723, 0, 0, 0
18902, 3784209, 0, 0, 0
19002, 4169135, 0, 0, 0
19100, 3784406, 0, 0, 0
19202, 4077349, 0, 0, 0
19300, 4042164, 0, 0, 0
19402, 3932387, 0, 0, 0
19501, 3810078, 0, 0, 0
19600, 4516697, 0, 0, 0
19705, 4753139, 0, 0, 0
19804, 3808204, 0, 0, 0
19900, 3824633, 0, 0, 0
20000, 3696528, 0, 0, 0
20101, 3911257, 0, 0, 0
20203, 4399484, 0, 0, 0
20301, 3624168, 0, 0, 0
20402, 3611777, 0, 0, 0
20500, 3518624, 0, 0, 0
20603, 3928365, 0, 0, 0
20704, 3888925, 0, 0, 0
20804, 3857693, 0, 0, 0
20901, 3448918, 0, 0, 0
21003, 3798522, 0, 0, 0
21101, 4241294, 0, 0, 0
21201, 3465714, 0, 0, 0
21301, 3690456, 0, 0, 0
21404, 4105064, 0, 0, 0
21503, 3296162, 0, 0, 0
21602, 4706512, 0, 0, 0
21700, 3778722, 0, 0, 0
21801, 4052723, 0, 0, 0
21902, 3227427, 0, 0, 0
22001, 3820913, 0, 0, 0
22101, 3717255, 0, 0, 0
22200, 3637105, 0, 0, 0
22305, 4041636, 0, 0, 0
22403, 3645750, 0, 0, 0
22503, 3988995, 0, 0, 0
22603, 4174018, 0, 0, 0
22700, 3704266, 0, 0, 0
22802, 3405141, 0, 0, 0
22903, 4028833, 0, 0, 0
23002, 3980407, 0, 0, 0
23101, 4304037, 0, 0, 0
23202, 4011609, 0, 0, 0
23302, 4160314, 0, 0, 0
23402, 3874268, 0, 0, 0
23503, 4366390, 0, 0, 0
23600, 3751232, 0, 0, 0
23703, 3219314, 0, 0, 0
23806, 4093160, 0, 0, 0
23902, 3552204, 0, 0, 0
24003, 3892580, 0, 0, 0
24105, 4251320, 0, 0, 0
24201, 3543600, 0, 0, 0
24304, 3823631, 0, 0, 0
24402, 3606120, 0, 0, 0
24504, 3634600, 0, 0, 0
24600, 3431049, 0, 0, 0
24701, 3759785, 0, 0, 0
24802, 4188736, 0, 0, 0
24900, 3639540, 0, 0, 0
25002, 4083824, 0, 0, 0
25105, 3646018, 0, 0, 0
25205, 3464438, 0, 0, 0
25305, 3833798, 0, 0, 0
25400, 4121189, 0, 0, 0
25500, 3875588, 0, 0, 0
25601, 3876750, 0, 0, 0
25703, 3387623, 0, 0, 0
25802, 3978523, 0, 0, 0
25900, 4252190, 0, 0, 0
26002, 3926427, 0, 0, 0
26105, 3654375, 0, 0, 0
26203, 3786076, 0, 0, 0
26302, 3952634, 0, 0, 0
26401, 3939476, 0, 0, 0
26501, 3847512, 0, 0, 0
26600, 4307890, 0, 0, 0
26703, 3687523, 0, 0, 0
26803, 3831370, 0, 0, 0
26902, 4313707, 0, 0, 0
27000, 4065043, 0, 0, 0
27103, 4293618, 0, 0, 0
27202, 3961991, 0, 0, 0
27300, 3893344, 0, 0, 0
27405, 4073629, 0, 0, 0
27500, 4298524, 0, 0, 0
27602, 3774588, 0, 0, 0
27702, 3840752, 0, 0, 0
27802, 4154641, 0, 0, 0
27902, 3718222, 0, 0, 0
28001, 3784757, 0, 0, 0
28103, 3803578, 0, 0, 0
28200, 3720805, 0, 0, 0
28301, 3734819, 0, 0, 0
28401, 3997302, 0, 0, 0
28502, 4188156, 0, 0, 0
28600, 3626786, 0, 0, 0
28703, 4108179, 0, 0, 0
28804, 3746828, 0, 0, 0
28900, 3846288, 0, 0, 0
29000, 3557405, 0, 0, 0
29100, 3706876, 0, 0, 0
29202, 3765478, 0, 0, 0
29301, 3677964, 0, 0, 0
29402, 3899312, 0, 0, 0
29500, 3753688, 0, 0, 0
29603, 4300985, 0, 0, 0
29704, 3604899, 0, 0, 0
29801, 4006476, 0, 0, 0
29902, 4413626, 0, 0, 0
30001, 3794940, 0, 0, 0
30104, 4120340, 0, 0, 0
30201, 4233554, 0, 0, 0
30303, 3766615, 0, 0, 0
30401, 4059099, 0, 0, 0
30500, 3695267, 0, 0, 0
30600, 3029718, 0, 0, 0
30705, 3850558, 0, 0, 0
30801, 3722050, 0, 0, 0
30900, 3800699, 0, 0, 0
31000, 4353505, 0, 0, 0
31103, 4450465, 0, 0, 0
31201, 3943988, 0, 0, 0
31301, 3958562, 0, 0, 0
31401, 4182169, 0, 0, 0
31502, 3475238, 0, 0, 0
31603, 3619704, 0, 0, 0
31702, 3801900, 0, 0, 0
31801, 4103825, 0, 0, 0
31900, 3304199, 0, 0, 0
32002, 3524343, 0, 0, 0
32103, 4564957, 0, 0, 0
32201, 3799182, 0, 0, 0
32300, 4116615, 0, 0, 0
32402, 4063130, 0, 0, 0
32504, 3778655, 0, 0, 0
32602, 3771988, 0, 0, 0
32703, 3473388, 0, 0, 0
32801, 4258778, 0, 0, 0
32902, 4566954, 0, 0, 0
33002, 4184552, 0, 0, 0
33105, 4099255, 0, 0, 0
33200, 3829033, 0, 0, 0
33301, 3883249, 0, 0, 0
33400, 3791819, 0, 0, 0
33500, 4169187, 0, 0, 0
33602, 3908552, 0, 0, 0
33702, 3689650, 0, 0, 0
33803, 3617181, 0, 0, 0
33903, 4153181, 0, 0, 0
34000, 3889938, 0, 0, 0
34104, 3728025, 0, 0, 0
34203, 4082317, 0, 0, 0
34303, 3724359, 0, 0, 0
34402, 3671906, 0, 0, 0
34501, 3955767, 0, 0, 0
34602, 4182259, 0, 0, 0
34700, 4075472, 0, 0, 0
34800, 3727459, 0, 0, 0
34900, 3543164, 0, 0, 0
35001, 3892411, 0, 0, 0
35100, 3975732, 0, 0, 0
35203, 3793204, 0, 0, 0
35302, 3802777, 0, 0, 0
35402, 3720952, 0, 0, 0
35500, 4058406, 0, 0, 0
35603, 3545170, 0, 0, 0
35700, 3611991, 0, 0, 0
35804, 3853464, 0, 0, 0
35900, 4353381, 0, 0, 0
36004, 3852297, 0, 0, 0
36101, 3579995, 0, 0, 0
36203, 3776054, 0, 0, 0
36302, 3798236, 0, 0, 0
36405, 4108014, 0, 0, 0
36502, 3728333, 0, 0, 0
36600, 3502926, 0, 0, 0
36704, 3867332, 0, 0, 0
36800, 4154263, 0, 0, 0
36900, 4162019, 0, 0, 0
37000, 3729528, 0, 0, 0
37100, 3679625, 0, 0, 0
37200, 4015795, 0, 0, 0
37303, 3939729, 0, 0, 0
37404, 4388283, 0, 0, 0
37500, 4014544, 0, 0, 0
37603, 3820999, 0, 0, 0
37703, 4500535, 0, 0, 0
37802, 4150416, 0, 0, 0
37905, 3934507, 0, 0, 0
38001, 3996174, 0, 0, 0
38103, 4259710, 0, 0, 0
38200, 4402528, 0, 0, 0
38302, 3940952, 0, 0, 0
38403, 3865354, 0, 0, 0
38502, 3654177, 0, 0, 0
38601, 4121245, 0, 0, 0
38702, 4068843, 0, 0, 0
38800, 3753382, 0, 0, 0
38900, 3434967, 0, 0, 0
39002, 3793510, 0, 0, 0
39103, 4012833, 0, 0, 0
39200, 4051986, 0, 0, 0
39301, 3604565, 0, 0, 0
39401, 3861522, 0, 0, 0
39502, 3454769, 0, 0, 0
39604, 4275279, 0, 0, 0
39701, 3875396, 0, 0, 0
39800, 4310779, 0, 0, 0
39903, 4093357, 0, 0, 0
40002, 3816908, 0, 0, 0
40103, 3728484, 0, 0, 0
40200, 4201032, 0, 0, 0
40301, 3751771, 0, 0, 0
40400, 3677182, 0, 0, 0
40502, 4083852, 0, 0, 0
40603, 3581575, 0, 0, 0
40701, 4280260, 0, 0, 0
40803, 4064008, 0, 0, 0
40900, 4844383, 0, 0, 0
41003, 4125139, 0, 0, 0
41103, 3852900, 0, 0, 0
41200, 3573123, 0, 0, 0
41301, 4043414, 0, 0, 0
41404, 3804180, 0, 0, 0
41500, 4029031, 0, 0, 0
41600, 4137456, 0, 0, 0
41700, 3560603, 0, 0, 0
41801, 4383911, 0, 0, 0
41900, 4529204, 0, 0, 0
42002, 3901967, 0, 0, 0
42102, 3993524, 0, 0, 0
42202, 3447530, 0, 0, 0
42304, 3773389, 0, 0, 0
42402, 3656877, 0, 0, 0
42501, 3789689, 0, 0, 0
42607, 3926479, 0, 0, 0
42701, 3612596, 0, 0, 0
42803, 4057823, 0, 0, 0
42900, 3908224, 0, 0, 0
43001, 4563243, 0, 0, 0
43100, 4307197, 0, 0, 0
43201, 3879194, 0, 0, 0
43300, 3817547, 0, 0, 0
43402, 4085333, 0, 0, 0
43500, 3758005, 0, 0, 0
43601, 3607590, 0, 0, 0
43705, 3996662, 0, 0, 0
43801, 4165338, 0, 0, 0
43903, 3496391, 0, 0, 0
44003, 4381195, 0, 0, 0
44101, 3888472, 0, 0, 0
44200, 4318064, 0, 0, 0
44301, 4028426, 0, 0, 0
44405, 3711001, 0, 0, 0
44500, 3412566, 0, 0, 0
44601, 4186562, 0, 0, 0
44702, 3728480, 0, 0, 0
44804, 3950274, 0, 0, 0
44900, 3992839, 0, 0, 0
45002, 3764894, 0, 0, 0
45101, 4130345, 0, 0, 0
45204, 4093555, 0, 0, 0
45302, 4092191, 0, 0, 0
45402, 3216809, 0, 0, 0
45505, 4142313, 0, 0, 0
45603, 3904439, 0, 0, 0
45701, 3515639, 0, 0, 0
45800, 3788638, 0, 0, 0
45901, 4033172, 0, 0, 0
46000, 4142759, 0, 0, 0
46101, 4189253, 0, 0, 0
46200, 3542089, 0, 0, 0
46302, 4229809, 0, 0, 0
46400, 3949116, 0, 0, 0
46500, 3981590, 0, 0, 0
46600, 4353568, 0, 0, 0
46704, 3830517, 0, 0, 0
46800, 4395894, 0, 0, 0
46904, 4503137, 0, 0, 0
47004, 3686521, 0, 0, 0
47103, 3431949, 0, 0, 0
47201, 3753078, 0, 0, 0
47300, 4323583, 0, 0, 0
47402, 4246688, 0, 0, 0
47502, 3995362, 0, 0, 0
47603, 4013260, 0, 0, 0
47700, 3756594, 0, 0, 0
47803, 3939933, 0, 0, 0
47903, 4346076, 0, 0, 0
48001, 4447669, 0, 0, 0
48102, 4212453, 0, 0, 0
48202, 3828484, 0, 0, 0
48301, 3962208, 0, 0, 0
48400, 4110051, 0, 0, 0
48501, 4215627, 0, 0, 0
48602, 4411399, 0, 0, 0
48700, 3612258, 0, 0, 0
48801, 3492159, 0, 0, 0
48901, 3997927, 0, 0, 0
49000, 3518337, 0, 0, 0
49100, 3853769, 0, 0, 0
49200, 3683925, 0, 0, 0
49308, 4176340, 0, 0, 0
49400, 4346971, 0, 0, 0
49500, 4006588, 0, 0, 0
49601, 3875956, 0, 0, 0
49702, 4055180, 0, 0, 0
49802, 4141044, 0, 0, 0
49900, 3941912, 0, 0, 0
50004, 3991551, 0, 0, 0
50101, 4407120, 0, 0, 0
50202, 4196810, 0, 0, 0
50302, 4179389, 0, 0, 0
50403, 3727055, 0, 0, 0
50502, 3971645, 0, 0, 0
50602, 4325528, 0, 0, 0
50704, 4631766, 0, 0, 0
50801, 3903332, 0, 0, 0
50900, 3632996, 0, 0, 0
51000, 3346539, 0, 0, 0
51100, 4763098, 0, 0, 0
51200, 4156420, 0, 0, 0
51303, 3962463, 0, 0, 0
51406, 3800908, 0, 0, 0
51502, 4198543, 0, 0, 0
51601, 4683224, 0, 0, 0
51700, 4122061, 0, 0, 0
51802, 3914831, 0, 0, 0
51901, 4301560, 0, 0, 0
52001, 4378832, 0, 0, 0
52102, 4390511, 0, 0, 0
52201, 4102746, 0, 0, 0
52300, 4124123, 0, 0, 0
52401, 4219883, 0, 0, 0
52500, 3777055, 0, 0, 0
52602, 3643262, 0, 0, 0
52703, 3487239, 0, 0, 0
52804, 3594789, 0, 0, 0
52905, 4069998, 0, 0, 0
53000, 4312282, 0, 0, 0
53102, 4406585, 0, 0, 0
53200, 4281035, 0, 0, 0
53302, 4050387, 0, 0, 0
53400, 3383328, 0, 0, 0
53502, 3916367, 0, 0, 0
53600, 3939721, 0, 0, 0
53700, 3993095, 0, 0, 0
53801, 4197918, 0, 0, 0
53901, 3559683, 0, 0, 0
54004, 5149261, 0, 0, 0
54105, 3740138, 0, 0, 0
54200, 3961034, 0, 0, 0
54302, 3764071, 0, 0, 0
54401, 3974213, 0, 0, 0
54500, 4131322, 0, 0, 0
54600, 4161037, 0, 0, 0
54701, 3878495, 0, 0, 0
54800, 3680534, 0, 0, 0
54901, 3599818, 0, 0, 0
55001, 4540935, 0, 0, 0
55102, 3740056, 0, 0, 0
55200, 3773775, 0, 0, 0
55301, 3592716, 0, 0, 0
55402, 4051572, 0, 0, 0
55504, 3895432, 0, 0, 0
55601, 3894665, 0, 0, 0
55700, 3955955, 0, 0, 0
55802, 3924236, 0, 0, 0
55902, 3678670, 0, 0, 0
56001, 3295602, 0, 0, 0
56101, 3475685, 0, 0, 0
56204, 4252655, 0, 0, 0
56300, 3577040, 0, 0, 0
56403, 4097491, 0, 0, 0
56503, 3995474, 0, 0, 0
56600, 3902779, 0, 0, 0
56707, 4084407, 0, 0, 0
56802, 3982015, 0, 0, 0
56903, 4190358, 0, 0, 0
57004, 4058375, 0, 0, 0
57101, 3729990, 0, 0, 0
57201, 3811312, 0, 0, 0
57300, 3684417, 0, 0, 0
57401, 3876133, 0, 0, 0
57500, 4317194, 0, 0, 0
57602, 3919489, 0, 0, 0
57701, 4290322, 0, 0, 0
57801, 3829896, 0, 0, 0
57901, 3856726, 0, 0, 0
58000, 3790713, 0, 0, 0
58100, 4015726, 0, 0, 0
58201, 4202300, 0, 0, 0
58300, 3978971, 0, 0, 0
58402, 3612440, 0, 0, 0
58502, 3359322, 0, 0, 0
58603, 4008365, 0, 0, 0
58702, 4135874, 0, 0, 0
58802, 3582586, 0, 0, 0
58902, 3824877, 0, 0, 0
59002, 4366554, 0, 0, 0
59103, 4022142, 0, 0, 0
59201, 3383521, 0, 0, 0
59300, 4307627, 0, 0, 0
59404, 3841131, 0, 0, 0
59500, 4360038, 0, 0, 0
59603, 3965192, 0, 0, 0
59702, 3810381, 0, 0, 0
59803, 3884939, 0, 0, 0
59900, 3872799, 0, 0, 0
60003, 3784117, 0, 0, 0
60101, 3940884, 0, 0, 0
60202, 4035727, 0, 0, 0
60304, 4055482, 0, 0, 0
60401, 3609134, 0, 0, 0
60500, 3807013, 0, 0, 0
60602, 3922011, 0, 0, 0
60702, 4166625, 0, 0, 0
60803, 4789080, 0, 0, 0
60904, 3900618, 0, 0, 0
61004, 3979565, 0, 0, 0
61102, 3627380, 0, 0, 0
61204, 3771759, 0, 0, 0
61302, 3268822, 0, 0, 0
61403, 4226532, 0, 0, 0
61502, 3667207, 0, 0, 0
61603, 4000360, 0, 0, 0
61700, 4227564, 0, 0, 0
61802, 3916055, 0, 0, 0
61901, 4118480, 0, 0, 0
62000, 3962440, 0, 0, 0
62106, 4243157, 0, 0, 0
62201, 3665258, 0, 0, 0
62302, 3874627, 0, 0, 0
62400, 4091663, 0, 0, 0
62501, 3727947, 0, 0, 0
62607, 4220628, 0, 0, 0
62700, 4232502, 0, 0, 0
62800, 4332630, 0, 0, 0
62904, 4340662, 0, 0, 0
63004, 4341972, 0, 0, 0
63100, 3701053, 0, 0, 0
63201, 4027307, 0, 0, 0
63303, 3774370, 0, 0, 0
63401, 3645869, 0, 0, 0
63502, 4363554, 0, 0, 0
63601, 3822753, 0, 0, 0
63702, 3885830, 0, 0, 0
63801, 4117928, 0, 0, 0
63900, 4283632, 0, 0, 0
64001, 4030400, 0, 0, 0
64103, 3920086, 0, 0, 0
64203, 3837106, 0, 0, 0
64303, 4027508, 0, 0, 0
64403, 4333643, 0, 0, 0
64502, 4286599, 0, 0, 0
64605, 3964826, 0, 0, 0
64704, 3969259, 0, 0, 0
64800, 4012571, 0, 0, 0
64903, 3655672, 0, 0, 0
65005, 4087221, 0, 0, 0
65101, 3541651, 0, 0, 0
65201, 3857682, 0, 0, 0
65300, 4107224, 0, 0, 0
65403, 3546318, 0, 0, 0
65501, 4079096, 0, 0, 0
65605, 4151633, 0, 0, 0
65704, 3957768, 0, 0, 0
65801, 4042059, 0, 0, 0
65906, 4208706, 0, 0, 0
66001, 4321122, 0, 0, 0
66101, 3987185, 0, 0, 0
66201, 3871388, 0, 0, 0
66300, 4086611, 0, 0, 0
66402, 3524399, 0, 0, 0
66503, 3740482, 0, 0, 0
66604, 3484127, 0, 0, 0
66704, 4333389, 0, 0, 0
66803, 3791651, 0, 0, 0
66902, 3986836, 0, 0, 0
67007, 4010346, 0, 0, 0
67103, 4174714, 0, 0, 0
67200, 3590931, 0, 0, 0
67301, 4063793, 0, 0, 0
67403, 4047440, 0, 0, 0
67502, 3563007, 0, 0, 0
67604, 4241520, 0, 0, 0
67704, 4326012, 0, 0, 0
67801, 3741202, 0, 0, 0
67900, 4113687, 0, 0, 0
68003, 4105343, 0, 0, 0
68104, 3600395, 0, 0, 0
68201, 3754897, 0, 0, 0
68305, 3977400, 0, 0, 0
68405, 4358031, 0, 0, 0
68500, 3780292, 0, 0, 0
68602, 4085517, 0, 0, 0
68700, 4098060, 0, 0, 0
68802, 3623891, 0, 0, 0
68904, 4428588, 0, 0, 0
69002, 3767887, 0, 0, 0
69101, 3807971, 0, 0, 0
69201, 4348931, 0, 0, 0
69302, 4192410, 0, 0, 0
69402, 3704485, 0, 0, 0
69502, 4347247, 0, 0, 0
69600, 3396143, 0, 0, 0
69703, 3935108, 0, 0, 0
69803, 4180521, 0, 0, 0
69903, 3831259, 0, 0, 0
70006, 3981899, 0, 0, 0
70100, 3469673, 0, 0, 0
70200, 3690903, 0, 0, 0
70301, 4213206, 0, 0, 0
70403, 3920317, 0, 0, 0
70503, 3851697, 0, 0, 0
70600, 3859120, 0, 0, 0
70700, 4186181, 0, 0, 0
70801, 4211687, 0, 0, 0
70902, 4036545, 0, 0, 0
71005, 4254864, 0, 0, 0
71102, 4446548, 0, 0, 0
71200, 3900925, 0, 0, 0
71302, 3622789, 0, 0, 0
71400, 3928184, 0, 0, 0
71502, 4075327, 0, 0, 0
71603, 4373927, 0, 0, 0
71701, 4080190, 0, 0, 0
71803, 4252928, 0, 0, 0
71903, 3998861, 0, 0, 0
72003, 4171328, 0, 0, 0
72103, 4021869, 0, 0, 0
72200, 4375368, 0, 0, 0
72301, 3267724, 0, 0, 0
72402, 3590286, 0, 0, 0
72504, 4075334, 0, 0, 0
72600, 3834666, 0, 0, 0
72702, 3935074, 0, 0, 0
72804, 3935470, 0, 0, 0
72900, 3825474, 0, 0, 0
73000, 4142566, 0, 0, 0
73101, 4062182, 0, 0, 0
73201, 4163581, 0, 0, 0
73302, 3719339, 0, 0, 0
73404, 3935463, 0, 0, 0
73500, 4800470, 0, 0, 0
73604, 3995674, 0, 0, 0
73700, 3689709, 0, 0, 0
73801, 3613609, 0, 0, 0
73900, 4304539, 0, 0, 0
74003, 3945012, 0, 0, 0
74108, 4542354, 0, 0, 0
74202, 3610306, 0, 0, 0
74305, 4472123, 0, 0, 0
74401, 3695756, 0, 0, 0
74503, 4265824, 0, 0, 0
74604, 4363809, 0, 0, 0
74705, 4064476, 0, 0, 0
74801, 3693502, 0, 0, 0
74901, 3985582, 0, 0, 0
75003, 3934040, 0, 0, 0
75101, 4054050, 0, 0, 0
75202, 3632406, 0, 0, 0
75300, 3902681, 0, 0, 0
75406, 4064037, 0, 0, 0
75502, 3707595, 0, 0, 0
75601, 4301728, 0, 0, 0
75700, 3637693, 0, 0, 0
75800, 4030844, 0, 0, 0
75902, 4398631, 0, 0, 0
76001, 3834229, 0, 0, 0
76101, 3320777, 0, 0, 0
76202, 3755545, 0, 0, 0
76303, 4013789, 0, 0, 0
76401, 4267948, 0, 0, 0
76502, 4371459, 0, 0, 0
76600, 3909191, 0, 0, 0
76700, 3871818, 0, 0, 0
76801, 3710938, 0, 0, 0
76900, 3687932, 0, 0, 0
77003, 3951566, 0, 0, 0
77105, 3763522, 0, 0, 0
77202, 3899440, 0, 0, 0
77303, 3460624, 0, 0, 0
77400, 4065336, 0, 0, 0
77506, 4211044, 0, 0, 0
77601, 4165252, 0, 0, 0
77703, 4054928, 0, 0, 0
77801, 3756269, 0, 0, 0
77900, 3808989, 0, 0, 0
78001, 3882252, 0, 0, 0
78102, 4402208, 0, 0, 0
78201, 4507865, 0, 0, 0
78302, 4364519, 0, 0, 0
78403, 4204844, 0, 0, 0
78503, 4004934, 0, 0, 0
78601, 3930040, 0, 0, 0
78702, 3850401, 0, 0, 0
78800, 3783997, 0, 0, 0
78900, 4179266, 0, 0, 0
79000, 3827904, 0, 0, 0
79104, 3582186, 0, 0, 0
79201, 4044108, 0, 0, 0
79302, 4033694, 0, 0, 0
79400, 3923933, 0, 0, 0
79500, 3700193, 0, 0, 0
79601, 3611635, 0, 0, 0
79700, 4284354, 0, 0, 0
79800, 3583386, 0, 0, 0
79901, 3858563, 0, 0, 0
80001, 4026722, 0, 0, 0
80101, 3555241, 0, 0, 0
80205, 4157044, 0, 0, 0
80302, 4024344, 0, 0, 0
80403, 3915991, 0, 0, 0
80502, 3514417, 0, 0, 0
80603, 3738872, 0, 0, 0
80701, 3935066, 0, 0, 0
80801, 3991981, 0, 0, 0
80902, 4207693, 0, 0, 0
81000, 3907115, 0, 0, 0
81100, 4000453, 0, 0, 0
81203, 3533868, 0, 0, 0
81303, 3725620, 0, 0, 0
81402, 4691853, 0, 0, 0
81502, 3999544, 0, 0, 0
81604, 3935047, 0, 0, 0
81702, 4434478, 0, 0, 0
81802, 4010096, 0, 0, 0
81901, 4489110, 0, 0, 0
82002, 4199802, 0, 0, 0
82100, 4447018, 0, 0, 0
82202, 3516610, 0, 0, 0
82300, 3898102, 0, 0, 0
82403, 4301986, 0, 0, 0
82505, 3925624, 0, 0, 0
82603, 4274860, 0, 0, 0
82702, 4265665, 0, 0, 0
82804, 3808605, 0, 0, 0
82901, 4570890, 0, 0, 0
83002, 3511424, 0, 0, 0
83103, 4023936, 0, 0, 0
83202, 3933712, 0, 0, 0
83300, 3952261, 0, 0, 0
83408, 4293259, 0, 0, 0
83502, 4260785, 0, 0, 0
83600, 4112572, 0, 0, 0
83700, 3830042, 0, 0, 0
83804, 3338052, 0, 0, 0
83901, 4077256, 0, 0, 0
84001, 4127810, 0, 0, 0
84100, 3989963, 0, 0, 0
84200, 3695226, 0, 0, 0
84300, 4157472, 0, 0, 0
84402, 4246180, 0, 0, 0
84500, 3750251, 0, 0, 0
84602, 4445225, 0, 0, 0
84701, 4122960, 0, 0, 0
84802, 4025426, 0, 0, 0
84902, 4011627, 0, 0, 0
85003, 3592205, 0, 0, 0
85104, 4231553, 0, 0, 0
85203, 3786166, 0, 0, 0
85301, 3928061, 0, 0, 0
85400, 4121777, 0, 0, 0
85500, 4363705, 0, 0, 0
85601, 4547151, 0, 0, 0
85700, 4145279, 0, 0, 0
85800, 3426099, 0, 0, 0
85903, 3990825, 0, 0, 0
86002, 4266717, 0, 0, 0
86100, 3931147, 0, 0, 0
86201, 4036716, 0, 0, 0
86301, 4171653, 0, 0, 0
86400, 3645258, 0, 0, 0
86501, 4055567, 0, 0, 0
86603, 3768046, 0, 0, 0
86702, 4313249, 0, 0, 0
86800, 4248947, 0, 0, 0
86901, 3886362, 0, 0, 0
87002, 4190409, 0, 0, 0
87102, 4191713, 0, 0, 0
87202, 3565259, 0, 0, 0
87303, 4360913, 0, 0, 0
87404, 4215005, 0, 0, 0
87504, 4001004, 0, 0, 0
87604, 4157691, 0, 0, 0
87700, 4015778, 0, 0, 0
87803, 4262839, 0, 0, 0
87900, 3621069, 0, 0, 0
88003, 3807548, 0, 0, 0
88102, 4120759, 0, 0, 0
88203, 4192073, 0, 0, 0
88302, 3541330, 0, 0, 0
88401, 3939911, 0, 0, 0
88502, 4207224, 0, 0, 0
88602, 4199705, 0, 0, 0
88702, 3692635, 0, 0, 0
88803, 4185157, 0, 0, 0
88905, 4852037, 0, 0, 0
89003, 4261140, 0, 0, 0
89101, 3788921, 0, 0, 0
89203, 4223329, 0, 0, 0
89304, 3893651, 0, 0, 0
89402, 4077609, 0, 0, 0
89503, 3864911, 0, 0, 0
89601, 4257665, 0, 0, 0
89701, 3999954, 0, 0, 0
89804, 4466162, 0, 0, 0
89901, 3732087, 0, 0, 0
90003, 4078071, 0, 0, 0
90103, 3871247, 0, 0, 0
90202, 3638097, 0, 0, 0
90303, 4592902, 0, 0, 0
90402, 4726485, 0, 0, 0
90500, 3897943, 0, 0, 0
90605, 4041092, 0, 0, 0
90703, 4693569, 0, 0, 0
90802, 4094670, 0, 0, 0
90900, 4107217, 0, 0, 0
91004, 4337969, 0, 0, 0
91102, 4055172, 0, 0, 0
91201, 3980067, 0, 0, 0
91301, 3966788, 0, 0, 0
91400, 3830498, 0, 0, 0
91500, 3824148, 0, 0, 0
91600, 4353091, 0, 0, 0
91705, 4047553, 0, 0, 0
91801, 3979822, 0, 0, 0
91900, 3545936, 0, 0, 0
92003, 3798116, 0, 0, 0
92101, 3947667, 0, 0, 0
92202, 4367282, 0, 0, 0
92302, 4003339, 0, 0, 0
92403, 4016945, 0, 0, 0
92500, 4071845, 0, 0, 0
92604, 3969180, 0, 0, 0
92704, 4018290, 0, 0, 0
92800, 4175403, 0, 0, 0
92901, 4373597, 0, 0, 0
93000, 4297623, 0, 0, 0
93103, 4125776, 0, 0, 0
93204, 4029637, 0, 0, 0
93306, 3916170, 0, 0, 0
93402, 3717157, 0, 0, 0
93504, 3926437, 0, 0, 0
93601, 3856916, 0, 0, 0
93700, 3658572, 0, 0, 0
93802, 3788536, 0, 0, 0
93902, 4351972, 0, 0, 0
94002, 3986509, 0, 0, 0
94102, 3977617, 0, 0, 0
94202, 4028403, 0, 0, 0
94303, 3714419, 0, 0, 0
94401, 3776114, 0, 0, 0
94506, 3754779, 0, 0, 0
94600, 4065890, 0, 0, 0
94700, 4005808, 0, 0, 0
94800, 4525230, 0, 0, 0
94904, 4009569, 0, 0, 0
95004, 3984143, 0, 0, 0
95100, 4361625, 0, 0, 0
95201, 4209814, 0, 0, 0
95302, 3881551, 0, 0, 0
95401, 3537153, 0, 0, 0
95503, 3651455, 0, 0, 0
95602, 3946993, 0, 0, 0
95700, 3914699, 0, 0, 0
95800, 3438606, 0, 0, 0
95904, 3865895, 0, 0, 0
96002, 4475338, 0, 0, 0
96105, 3787590, 0, 0, 0
96201, 3545015, 0, 0, 0
96302, 4425970, 0, 0, 0
96401, 3793014, 0, 0, 0
96501, 4541481, 0, 0, 0
96601, 3850929, 0, 0, 0
96705, 3974853, 0, 0, 0
96800, 3967882, 0, 0, 0
96901, 4025657, 0, 0, 0
97000, 3538577, 0, 0, 0
97100, 4355254, 0, 0, 0
97204, 4152638, 0, 0, 0
97304, 4185751, 0, 0, 0
97401, 4402221, 0, 0, 0
97501, 3973248, 0, 0, 0
97601, 4015700, 0, 0, 0
97703, 4421560, 0, 0, 0
97801, 4073769, 0, 0, 0
97900, 4144971, 0, 0, 0
98000, 3846367, 0, 0, 0
98103, 4687387, 0, 0, 0
98205, 4234243, 0, 0, 0
98301, 3678144, 0, 0, 0
98401, 4156187, 0, 0, 0
98500, 4142425, 0, 0, 0
98603, 4269603, 0, 0, 0
98706, 4313017, 0, 0, 0
98802, 3684130, 0, 0, 0
98903, 3726734, 0, 0, 0
99001, 4068838, 0, 0, 0
99101, 3851817, 0, 0, 0
99201, 4018167, 0, 0, 0
99301, 3987072, 0, 0, 0
99401, 4151955, 0, 0, 0
99500, 3982323, 0, 0, 0
99602, 3287168, 0, 0, 0
99700, 3263172, 0, 0, 0
99800, 4133531, 0, 0, 0
99903, 3978290, 0, 0, 0
100001, 4090056, 0, 0, 0
100101, 3993827, 0, 0, 0
100203, 3925016, 0, 0, 0
100305, 3893274, 0, 0, 0
100404, 3959975, 0, 0, 0
100502, 4080298, 0, 0, 0
100601, 4519518, 0, 0, 0
100700, 4095565, 0, 0, 0
100804, 4335836, 0, 0, 0
100902, 4473889, 0, 0, 0
101006, 3984179, 0, 0, 0
101102, 4023727, 0, 0, 0
101201, 4278211, 0, 0, 0
101303, 3924486, 0, 0, 0
101403, 4175949, 0, 0, 0
101502, 3653930, 0, 0, 0
101600, 4090679, 0, 0, 0
101701, 4568735, 0, 0, 0
101805, 4022457, 0, 0, 0
101903, 4052226, 0, 0, 0
102003, 3458076, 0, 0, 0
102100, 4425771, 0, 0, 0
102201, 3738263, 0, 0, 0
102304, 4286449, 0, 0, 0
102404, 3976492, 0, 0, 0
102502, 4077638, 0, 0, 0
102600, 4102903, 0, 0, 0
102705, 4020984, 0, 0, 0
102802, 4037886, 0, 0, 0
102900, 4260211, 0, 0, 0
103003, 3806439, 0, 0, 0
103101, 3768099, 0, 0, 0
103200, 3974456, 0, 0, 0
103301, 4040606, 0, 0, 0
103400, 4708282, 0, 0, 0
103504, 4001229, 0, 0, 0
103604, 4321588, 0, 0, 0
103704, 3846320, 0, 0, 0
103801, 3872977, 0, 0, 0
103900, 4129876, 0, 0, 0
104002, 3772516, 0, 0, 0
104101, 4137735, 0, 0, 0
104202, 4021746, 0, 0, 0
104304, 4273599, 0, 0, 0
104402, 4239030, 0, 0, 0
104501, 3824461, 0, 0, 0
104603, 3496648, 0, 0, 0
104703, 4183231, 0, 0, 0
104801, 4429092, 0, 0, 0
104901, 3836729, 0, 0, 0
105001, 3458209, 0, 0, 0
105102, 4198465, 0, 0, 0
105200, 4246880, 0, 0, 0
105303, 3809651, 0, 0, 0
105400, 4043687, 0, 0, 0
105502, 4079354, 0, 0, 0
105603, 4034679, 0, 0, 0
105702, 3833898, 0, 0, 0
105802, 3968895, 0, 0, 0
105900, 3939340, 0, 0, 0
106002, 3507432, 0, 0, 0
106105, 4656456, 0, 0, 0
106204, 4142360, 0, 0, 0
106302, 3499140, 0, 0, 0
106403, 4565903, 0, 0, 0
106500, 4403275, 0, 0, 0
106606, 4080467, 0, 0, 0
106701, 3948581, 0, 0, 0
106801, 3571711, 0, 0, 0
106902, 3912617, 0, 0, 0
107000, 3908626, 0, 0, 0
107105, 4174710, 0, 0, 0
107201, 4175421, 0, 0, 0
107300, 3831168, 0, 0, 0
107402, 4427166, 0, 0, 0
107505, 4115112, 0, 0, 0
107603, 3245403, 0, 0, 0
107700, 3725898, 0, 0, 0
107801, 3890686, 0, 0, 0
107901, 4162069, 0, 0, 0
108001, 4346958, 0, 0, 0
108102, 3620019, 0, 0, 0
108201, 4092310, 0, 0, 0
108302, 3893765, 0, 0, 0
108403, 3867501, 0, 0, 0
108503, 4582611, 0, 0, 0
108605, 4232771, 0, 0, 0
108701, 3565961, 0, 0, 0
108804, 4282716, 0, 0, 0
108902, 4084337, 0, 0, 0
109000, 4252127, 0, 0, 0
109102, 4440677, 0, 0, 0
109202, 3672059, 0, 0, 0
109303, 3879339, 0, 0, 0
109402, 3831796, 0, 0, 0
109500, 4055909, 0, 0, 0
109600, 4024420, 0, 0, 0
109704, 4001558, 0, 0, 0
109805, 3864243, 0, 0, 0
109902, 4025982, 0, 0, 0
110002, 4000831, 0, 0, 0
110103, 4218208, 0, 0, 0
110204, 4051167, 0, 0, 0
110303, 3795069, 0, 0, 0
110400, 3858579, 0, 0, 0
110501, 3750563, 0, 0, 0
110602, 4214262, 0, 0, 0
110705, 3965787, 0, 0, 0
110800, 4106501, 0, 0, 0
110902, 3775874, 0, 0, 0
111001, 4319549, 0, 0, 0
111101, 4748788, 0, 0, 0
111204, 3969345, 0, 0, 0
111305, 3886408, 0, 0, 0
111401, 4145842, 0, 0, 0
111502, 3756155, 0, 0, 0
111600, 3897817, 0, 0, 0
111703, 3986808, 0, 0, 0
111802, 4915784, 0, 0, 0
111902, 3692649, 0, 0, 0
112003, 3747734, 0, 0, 0
112100, 3593882, 0, 0, 0
112202, 4246713, 0, 0, 0
112301, 3686733, 0, 0, 0
112402, 4023421, 0, 0, 0
112501, 4128634, 0, 0, 0
112600, 3673480, 0, 0, 0
112700, 4314075, 0, 0, 0
112802, 3917526, 0, 0, 0
112904, 4635455, 0, 0, 0
113001, 3879200, 0, 0, 0
113100, 3987861, 0, 0, 0
113200, 3690819, 0, 0, 0
113303, 3948384, 0, 0, 0
113401, 3512540, 0, 0, 0
113501, 3966480, 0, 0, 0
113603, 4079372, 0, 0, 0
113700, 4217452, 0, 0, 0
113802, 4074852, 0, 0, 0
113903, 4398836, 0, 0, 0
114000, 3899071, 0, 0, 0
114101, 3719072, 0, 0, 0
114206, 4204008, 0, 0, 0
114302, 3416068, 0, 0, 0
114402, 4364698, 0, 0, 0
114500, 3896677, 0, 0, 0
114605, 3913171, 0, 0, 0
114700, 3950429, 0, 0, 0
114802, 4430017, 0, 0, 0
114906, 3834009, 0, 0, 0
115002, 4001975, 0, 0, 0
115100, 3492522, 0, 0, 0
115201, 3906330, 0, 0, 0
115300, 3927677, 0, 0, 0
115400, 3716104, 0, 0, 0
115501, 3724111, 0, 0, 0
115600, 4144194, 0, 0, 0
115702, 3924368, 0, 0, 0
115803, 4361519, 0, 0, 0
115901, 3777224, 0, 0, 0
116001, 3999641, 0, 0, 0
116102, 3742251, 0, 0, 0
116203, 4049887, 0, 0, 0
116304, 4010629, 0, 0, 0
116401, 3358753, 0, 0, 0
116502, 4182947, 0, 0, 0
116605, 4127630, 0, 0, 0
116702, 4032310, 0, 0, 0
116803, 3888140, 0, 0, 0
116904, 4614102, 0, 0, 0
117004, 4142124, 0, 0, 0
117102, 3759182, 0, 0, 0
117205, 4118041, 0, 0, 0
117301, 4017316, 0, 0, 0
117400, 3653522, 0, 0, 0
117502, 3656978, 0, 0, 0
117602, 3995493, 0, 0, 0
117705, 3953576, 0, 0, 0
117805, 3853813, 0, 0, 0
117902, 3862140, 0, 0, 0
118003, 4389373, 0, 0, 0
118100, 3729693, 0, 0, 0
118200, 4142230, 0, 0, 0
118300, 3858314, 0, 0, 0
118401, 4037972, 0, 0, 0
118502, 4219517, 0, 0, 0
118601, 4111543, 0, 0, 0
118704, 3801102, 0, 0, 0
118803, 3677684, 0, 0, 0
118905, 3787148, 0, 0, 0
119002, 4611491, 0, 0, 0
119102, 3560886, 0, 0, 0
119200, 4268260, 0, 0, 0
119306, 4053556, 0, 0, 0
119406, 3859840, 0, 0, 0
119500, 3888194, 0, 0, 0
119604, 3851853, 0, 0, 0
119701, 4447827, 0, 0, 0
119805, 3981326, 0, 0, 0
119902, 3869068, 0, 0, 0
120002, 3561119, 0, 0, 0
