103, 7535, 0, 0, 0
209, 7986, 0, 0, 0
301, 8486, 0, 0, 0
402, 7709, 0, 0, 0
504, 7388, 0, 0, 0
612, 7038, 0, 0, 0
706, 7198, 0, 0, 0
800, 7370, 0, 0, 0
904, 7072, 0, 0, 0
1000, 8329, 0, 0, 0
1100, 7133, 0, 0, 0
1201, 7824, 0, 0, 0
1300, 7769, 0, 0, 0
1400, 7325, 0, 0, 0
1504, 7612, 0, 0, 0
1601, 6990, 0, 0, 0
1703, 8075, 0, 0, 0
1802, 7581, 0, 0, 0
1902, 8486, 0, 0, 0
2001, 7333, 0, 0, 0
2101, 7064, 0, 0, 0
2205, 7490, 0, 0, 0
2301, 7725, 0, 0, 0
2401, 6971, 0, 0, 0
2507, 7758, 0, 0, 0
2605, 7718, 0, 0, 0
2702, 8433, 0, 0, 0
2804, 7454, 0, 0, 0
2905, 7609, 0, 0, 0
3000, 6978, 0, 0, 0
3107, 7532, 0, 0, 0
3210, 8952, 0, 0, 0
3308, 8342, 0, 0, 0
3402, 7346, 0, 0, 0
3509, 7284, 0, 0, 0
3600, 7557, 0, 0, 0
3700, 7503, 0, 0, 0
3801, 7507, 0, 0, 0
3903, 8069, 0, 0, 0
4006, 7063, 0, 0, 0
4103, 7198, 0, 0, 0
4202, 7492, 0, 0, 0
4304, 7450, 0, 0, 0
4401, 8148, 0, 0, 0
4506, 6811, 0, 0, 0
4600, 7856, 0, 0, 0
4701, 7552, 0, 0, 0
4800, 7118, 0, 0, 0
4910, 8190, 0, 0, 0
5001, 6877, 0, 0, 0
5101, 8866, 0, 0, 0
5202, 7986, 0, 0, 0
5300, 8226, 0, 0, 0
5401, 6980, 0, 0, 0
5502, 8032, 0, 0, 0
5600, 8493, 0, 0, 0
5700, 7255, 0, 0, 0
5800, 7750, 0, 0, 0
5904, 8452, 0, 0, 0
6000, 8533, 0, 0, 0
6103, 7679, 0, 0, 0
6205, 7444, 0, 0, 0
6300, 7166, 0, 0, 0
6404, 7365, 0, 0, 0
6504, 7086, 0, 0, 0
6601, 7652, 0, 0, 0
6701, 7255, 0, 0, 0
6800, 7495, 0, 0, 0
6900, 7072, 0, 0, 0
7003, 7687, 0, 0, 0
7104, 7498, 0, 0, 0
7202, 7055, 0, 0, 0
7303, 6583, 0, 0, 0
7401, 7030, 0, 0, 0
7512, 7565, 0, 0, 0
7601, 6529, 0, 0, 0
7700, 7607, 0, 0, 0
7802, 7683, 0, 0, 0
7902, 8183, 0, 0, 0
8000, 8114, 0, 0, 0
8102, 7772, 0, 0, 0
8200, 6854, 0, 0, 0
8300, 7307, 0, 0, 0
8414, 7475, 0, 0, 0
8502, 7812, 0, 0, 0
8601, 7019, 0, 0, 0
8701, 8231, 0, 0, 0
8803, 7004, 0, 0, 0
8901, 7266, 0, 0, 0
9004, 6773, 0, 0, 0
9102, 7293, 0, 0, 0
9200, 7388, 0, 0, 0
9304, 7257, 0, 0, 0
9402, 7644, 0, 0, 0
9502, 7632, 0, 0, 0
9602, 7778, 0, 0, 0
9705, 7245, 0, 0, 0
9802, 7708, 0, 0, 0
9901, 7286, 0, 0, 0
10002, 7882, 0, 0, 0
10103, 7237, 0, 0, 0
10201, 7728, 0, 0, 0
10301, 7365, 0, 0, 0
10401, 6821, 0, 0, 0
10509, 6897, 0, 0, 0
10605, 6946, 0, 0, 0
10703, 7075, 0, 0, 0
10812, 7992, 0, 0, 0
10907, 7354, 0, 0, 0
11009, 8067, 0, 0, 0
11101, 7696, 0, 0, 0
11202, 7536, 0, 0, 0
11300, 7801, 0, 0, 0
11402, 7519, 0, 0, 0
11503, 6995, 0, 0, 0
11601, 7597, 0, 0, 0
11700, 6962, 0, 0, 0
11801, 6765, 0, 0, 0
11901, 6694, 0, 0, 0
12000, 7079, 0, 0, 0
12100, 6926, 0, 0, 0
12206, 7379, 0, 0, 0
12300, 7096, 0, 0, 0
12400, 7881, 0, 0, 0
12502, 7853, 0, 0, 0
12600, 7309, 0, 0, 0
12700, 7406, 0, 0, 0
12802, 7133, 0, 0, 0
12905, 6738, 0, 0, 0
13000, 7362, 0, 0, 0
13104, 7712, 0, 0, 0
13201, 7452, 0, 0, 0
13307, 7297, 0, 0, 0
13403, 7434, 0, 0, 0
13500, 6912, 0, 0, 0
13601, 7208, 0, 0, 0
13701, 7648, 0, 0, 0
13801, 7412, 0, 0, 0
13900, 8323, 0, 0, 0
14000, 7638, 0, 0, 0
14102, 7757, 0, 0, 0
14201, 6904, 0, 0, 0
14300, 7662, 0, 0, 0
14402, 8222, 0, 0, 0
14501, 7515, 0, 0, 0
14621, 7238, 0, 0, 0
14702, 8160, 0, 0, 0
14801, 7088, 0, 0, 0
14902, 7766, 0, 0, 0
15001, 7772, 0, 0, 0
15102, 6765, 0, 0, 0
15204, 7232, 0, 0, 0
15302, 7930, 0, 0, 0
15410, 8002, 0, 0, 0
15500, 7400, 0, 0, 0
15600, 6708, 0, 0, 0
15702, 7220, 0, 0, 0
15800, 7249, 0, 0, 0
15905, 7516, 0, 0, 0
16000, 6933, 0, 0, 0
16100, 7122, 0, 0, 0
16203, 7498, 0, 0, 0
16301, 7686, 0, 0, 0
16401, 7604, 0, 0, 0
16500, 7926, 0, 0, 0
16600, 7876, 0, 0, 0
16706, 7755, 0, 0, 0
16801, 7968, 0, 0, 0
16900, 6827, 0, 0, 0
17001, 8927, 0, 0, 0
17104, 9413, 0, 0, 0
17216, 7431, 0, 0, 0
17300, 7212, 0, 0, 0
17401, 7287, 0, 0, 0
17501, 7127, 0, 0, 0
17609, 7155, 0, 0, 0
17701, 6693, 0, 0, 0
17802, 7943, 0, 0, 0
17904, 8107, 0, 0, 0
18004, 8236, 0, 0, 0
18102, 7521, 0, 0, 0
18202, 7046, 0, 0, 0
18304, 8336, 0, 0, 0
18403, 6838, 0, 0, 0
18500, 7068, 0, 0, 0
18602, 6985, 0, 0, 0
18700, 7145, 0, 0, 0
18803, 6695, 0, 0, 0
18909, 7609, 0, 0, 0
19001, 7722, 0, 0, 0
19100, 7342, 0, 0, 0
19203, 7739, 0, 0, 0
19300, 8215, 0, 0, 0
19400, 7167, 0, 0, 0
19502, 7437, 0, 0, 0
19601, 7773, 0, 0, 0
19701, 6904, 0, 0, 0
19805, 7771, 0, 0, 0
19900, 8432, 0, 0, 0
20006, 7616, 0, 0, 0
20106, 7522, 0, 0, 0
20205, 7508, 0, 0, 0
20313, 7306, 0, 0, 0
20400, 7190, 0, 0, 0
20504, 7145, 0, 0, 0
20601, 7334, 0, 0, 0
20700, 6818, 0, 0, 0
20801, 7438, 0, 0, 0
20900, 7328, 0, 0, 0
21003, 6910, 0, 0, 0
21100, 7019, 0, 0, 0
21203, 7665, 0, 0, 0
21303, 7448, 0, 0, 0
21401, 6684, 0, 0, 0
21506, 6913, 0, 0, 0
21601, 6805, 0, 0, 0
21706, 7427, 0, 0, 0
21802, 6774, 0, 0, 0
21902, 7637, 0, 0, 0
22002, 7875, 0, 0, 0
22102, 7758, 0, 0, 0
22205, 7222, 0, 0, 0
22303, 8829, 0, 0, 0
22400, 7059, 0, 0, 0
22501, 7508, 0, 0, 0
22601, 7562, 0, 0, 0
22701, 7812, 0, 0, 0
22800, 7780, 0, 0, 0
22900, 8577, 0, 0, 0
23006, 7796, 0, 0, 0
23101, 7690, 0, 0, 0
23206, 7568, 0, 0, 0
23305, 7561, 0, 0, 0
23400, 7907, 0, 0, 0
23508, 7819, 0, 0, 0
23603, 7783, 0, 0, 0
23705, 6893, 0, 0, 0
23803, 7288, 0, 0, 0
23900, 6920, 0, 0, 0
24002, 7324, 0, 0, 0
24101, 7847, 0, 0, 0
24203, 9359, 0, 0, 0
24300, 8114, 0, 0, 0
24400, 7938, 0, 0, 0
24505, 8230, 0, 0, 0
24601, 7993, 0, 0, 0
24703, 7852, 0, 0, 0
24800, 7027, 0, 0, 0
24902, 7091, 0, 0, 0
25008, 7670, 0, 0, 0
25102, 6904, 0, 0, 0
25200, 7792, 0, 0, 0
25300, 7592, 0, 0, 0
25403, 8914, 0, 0, 0
25508, 7971, 0, 0, 0
25602, 6899, 0, 0, 0
25701, 7474, 0, 0, 0
25800, 6885, 0, 0, 0
25907, 7228, 0, 0, 0
26001, 7265, 0, 0, 0
26102, 6991, 0, 0, 0
26201, 6719, 0, 0, 0
26300, 7068, 0, 0, 0
26403, 7251, 0, 0, 0
26501, 6900, 0, 0, 0
26603, 7021, 0, 0, 0
26700, 7209, 0, 0, 0
26804, 7013, 0, 0, 0
26905, 7901, 0, 0, 0
27003, 7829, 0, 0, 0
27106, 7624, 0, 0, 0
27200, 7827, 0, 0, 0
27300, 7571, 0, 0, 0
27401, 7353, 0, 0, 0
27500, 7445, 0, 0, 0
27600, 8230, 0, 0, 0
27700, 7427, 0, 0, 0
27804, 7770, 0, 0, 0
27900, 6942, 0, 0, 0
28001, 6784, 0, 0, 0
28110, 7641, 0, 0, 0
28208, 7711, 0, 0, 0
28300, 7651, 0, 0, 0
28401, 7075, 0, 0, 0
28502, 7833, 0, 0, 0
28602, 7150, 0, 0, 0
28704, 7578, 0, 0, 0
28800, 7889, 0, 0, 0
28900, 7363, 0, 0, 0
29006, 7007, 0, 0, 0
29100, 6992, 0, 0, 0
29204, 7377, 0, 0, 0
29301, 6677, 0, 0, 0
29401, 6944, 0, 0, 0
29522, 7363, 0, 0, 0
29604, 7390, 0, 0, 0
29703, 7505, 0, 0, 0
29812, 6708, 0, 0, 0
29902, 7003, 0, 0, 0
30001, 6955, 0, 0, 0
30106, 7479, 0, 0, 0
30205, 6489, 0, 0, 0
30301, 7014, 0, 0, 0
30400, 8036, 0, 0, 0
30501, 7109, 0, 0, 0
30603, 7055, 0, 0, 0
30704, 7809, 0, 0, 0
30804, 7463, 0, 0, 0
30902, 7849, 0, 0, 0
31003, 7681, 0, 0, 0
31101, 7542, 0, 0, 0
31202, 6937, 0, 0, 0
31301, 6949, 0, 0, 0
31402, 7348, 0, 0, 0
31502, 7311, 0, 0, 0
31602, 7162, 0, 0, 0
31700, 7309, 0, 0, 0
31801, 7045, 0, 0, 0
31901, 7378, 0, 0, 0
32002, 7693, 0, 0, 0
32101, 6973, 0, 0, 0
32206, 6505, 0, 0, 0
32301, 6942, 0, 0, 0
32405, 7258, 0, 0, 0
32500, 7562, 0, 0, 0
32603, 8099, 0, 0, 0
32700, 8226, 0, 0, 0
32802, 7712, 0, 0, 0
32901, 7370, 0, 0, 0
33002, 7788, 0, 0, 0
33101, 7473, 0, 0, 0
33200, 7791, 0, 0, 0
33304, 6928, 0, 0, 0
33414, 6820, 0, 0, 0
33501, 7367, 0, 0, 0
33606, 7823, 0, 0, 0
33708, 8259, 0, 0, 0
33800, 9280, 0, 0, 0
33903, 7223, 0, 0, 0
34006, 7097, 0, 0, 0
34101, 7659, 0, 0, 0
34206, 7048, 0, 0, 0
34300, 7007, 0, 0, 0
34401, 8167, 0, 0, 0
34505, 8274, 0, 0, 0
34604, 7499, 0, 0, 0
34700, 8211, 0, 0, 0
34804, 7973, 0, 0, 0
34903, 7457, 0, 0, 0
35001, 7159, 0, 0, 0
35102, 7615, 0, 0, 0
35200, 7236, 0, 0, 0
35302, 7598, 0, 0, 0
35406, 6746, 0, 0, 0
35505, 7041, 0, 0, 0
35600, 7314, 0, 0, 0
35710, 7648, 0, 0, 0
35801, 6909, 0, 0, 0
35900, 7824, 0, 0, 0
36006, 7895, 0, 0, 0
36100, 7364, 0, 0, 0
36201, 7163, 0, 0, 0
36300, 7178, 0, 0, 0
36405, 7486, 0, 0, 0
36505, 7171, 0, 0, 0
36605, 6560, 0, 0, 0
36704, 7612, 0, 0, 0
36801, 6911, 0, 0, 0
36910, 7403, 0, 0, 0
37000, 6922, 0, 0, 0
37105, 7313, 0, 0, 0
37209, 6830, 0, 0, 0
37301, 6653, 0, 0, 0
37402, 7282, 0, 0, 0
37509, 7508, 0, 0, 0
37600, 7157, 0, 0, 0
37714, 8343, 0, 0, 0
37802, 7027, 0, 0, 0
37901, 8240, 0, 0, 0
38000, 7738, 0, 0, 0
38109, 6985, 0, 0, 0
38201, 6894, 0, 0, 0
38300, 7956, 0, 0, 0
38404, 7070, 0, 0, 0
38505, 7326, 0, 0, 0
38603, 9030, 0, 0, 0
38701, 7779, 0, 0, 0
38803, 7602, 0, 0, 0
38902, 7515, 0, 0, 0
39001, 7843, 0, 0, 0
39101, 7933, 0, 0, 0
39204, 7255, 0, 0, 0
39300, 7452, 0, 0, 0
39400, 7422, 0, 0, 0
39500, 7594, 0, 0, 0
39601, 7666, 0, 0, 0
39701, 6986, 0, 0, 0
39800, 7364, 0, 0, 0
39900, 7065, 0, 0, 0
40005, 7700, 0, 0, 0
40100, 7361, 0, 0, 0
40204, 7118, 0, 0, 0
40316, 6863, 0, 0, 0
40401, 6926, 0, 0, 0
40502, 7871, 0, 0, 0
40601, 7604, 0, 0, 0
40700, 7881, 0, 0, 0
40803, 6860, 0, 0, 0
40902, 7021, 0, 0, 0
41007, 7588, 0, 0, 0
41107, 6728, 0, 0, 0
41200, 7243, 0, 0, 0
41306, 6966, 0, 0, 0
41400, 6851, 0, 0, 0
41502, 7185, 0, 0, 0
41601, 7797, 0, 0, 0
41703, 7412, 0, 0, 0
41802, 6858, 0, 0, 0
41903, 7609, 0, 0, 0
42012, 6694, 0, 0, 0
42103, 7282, 0, 0, 0
42200, 6966, 0, 0, 0
42301, 7711, 0, 0, 0
42415, 7274, 0, 0, 0
42500, 7862, 0, 0, 0
42601, 7071, 0, 0, 0
42700, 6788, 0, 0, 0
42800, 7447, 0, 0, 0
42901, 9143, 0, 0, 0
43000, 8099, 0, 0, 0
43100, 7512, 0, 0, 0
43207, 6810, 0, 0, 0
43302, 8319, 0, 0, 0
43406, 7597, 0, 0, 0
43507, 7194, 0, 0, 0
43604, 7240, 0, 0, 0
43704, 7471, 0, 0, 0
43801, 7762, 0, 0, 0
43906, 7909, 0, 0, 0
44002, 8392, 0, 0, 0
44106, 7700, 0, 0, 0
44205, 7517, 0, 0, 0
44303, 7175, 0, 0, 0
44405, 7392, 0, 0, 0
44506, 8168, 0, 0, 0
44603, 7368, 0, 0, 0
44700, 7555, 0, 0, 0
44804, 7819, 0, 0, 0
44900, 7745, 0, 0, 0
45000, 7378, 0, 0, 0
45101, 8646, 0, 0, 0
45202, 7620, 0, 0, 0
45303, 6468, 0, 0, 0
45401, 8037, 0, 0, 0
45502, 7303, 0, 0, 0
45603, 8113, 0, 0, 0
45703, 7727, 0, 0, 0
45800, 7531, 0, 0, 0
45904, 7875, 0, 0, 0
46002, 7120, 0, 0, 0
46101, 7649, 0, 0, 0
46200, 6834, 0, 0, 0
46301, 7597, 0, 0, 0
46410, 7015, 0, 0, 0
46502, 7296, 0, 0, 0
46601, 7544, 0, 0, 0
46702, 7548, 0, 0, 0
46800, 7695, 0, 0, 0
46907, 7286, 0, 0, 0
47001, 7026, 0, 0, 0
47103, 7776, 0, 0, 0
47208, 8102, 0, 0, 0
47304, 7109, 0, 0, 0
47401, 7385, 0, 0, 0
47500, 7594, 0, 0, 0
47602, 6870, 0, 0, 0
47700, 8121, 0, 0, 0
47802, 7026, 0, 0, 0
47901, 7302, 0, 0, 0
48004, 7240, 0, 0, 0
48100, 7121, 0, 0, 0
48202, 7355, 0, 0, 0
48300, 7153, 0, 0, 0
48401, 7109, 0, 0, 0
48501, 8835, 0, 0, 0
48604, 6830, 0, 0, 0
48700, 7275, 0, 0, 0
48805, 7753, 0, 0, 0
48900, 7344, 0, 0, 0
49007, 7782, 0, 0, 0
49100, 7972, 0, 0, 0
49200, 8068, 0, 0, 0
49300, 7538, 0, 0, 0
49408, 7682, 0, 0, 0
49503, 7717, 0, 0, 0
49601, 7556, 0, 0, 0
49703, 7756, 0, 0, 0
49803, 7762, 0, 0, 0
49903, 7446, 0, 0, 0
50012, 6981, 0, 0, 0
50103, 7864, 0, 0, 0
50202, 7726, 0, 0, 0
50301, 6902, 0, 0, 0
50401, 6897, 0, 0, 0
50502, 7314, 0, 0, 0
50604, 7580, 0, 0, 0
50705, 8519, 0, 0, 0
50800, 8979, 0, 0, 0
50910, 7021, 0, 0, 0
51005, 7510, 0, 0, 0
51101, 7584, 0, 0, 0
51203, 7322, 0, 0, 0
51300, 7128, 0, 0, 0
51404, 8028, 0, 0, 0
51503, 7198, 0, 0, 0
51600, 7166, 0, 0, 0
51703, 7164, 0, 0, 0
51800, 7183, 0, 0, 0
51903, 8112, 0, 0, 0
52004, 7811, 0, 0, 0
52101, 8012, 0, 0, 0
52200, 7740, 0, 0, 0
52300, 7974, 0, 0, 0
52403, 7776, 0, 0, 0
52503, 7239, 0, 0, 0
52603, 7369, 0, 0, 0
52700, 7722, 0, 0, 0
52800, 7153, 0, 0, 0
52900, 7652, 0, 0, 0
53001, 6999, 0, 0, 0
53100, 7678, 0, 0, 0
53202, 7542, 0, 0, 0
53300, 7098, 0, 0, 0
53400, 7376, 0, 0, 0
53502, 7591, 0, 0, 0
53601, 6987, 0, 0, 0
53704, 7471, 0, 0, 0
53803, 7912, 0, 0, 0
53902, 7604, 0, 0, 0
54000, 8664, 0, 0, 0
54106, 7939, 0, 0, 0
54200, 8162, 0, 0, 0
54305, 7970, 0, 0, 0
54400, 7363, 0, 0, 0
54501, 7742, 0, 0, 0
54603, 8885, 0, 0, 0
54703, 7333, 0, 0, 0
54800, 7424, 0, 0, 0
54908, 7481, 0, 0, 0
55007, 7561, 0, 0, 0
55100, 7374, 0, 0, 0
55207, 8032, 0, 0, 0
55307, 7556, 0, 0, 0
55400, 7794, 0, 0, 0
55500, 7305, 0, 0, 0
55601, 6974, 0, 0, 0
55702, 7715, 0, 0, 0
55801, 9189, 0, 0, 0
55902, 7406, 0, 0, 0
56006, 7489, 0, 0, 0
56101, 7642, 0, 0, 0
56203, 7934, 0, 0, 0
56303, 7410, 0, 0, 0
56404, 7251, 0, 0, 0
56501, 7198, 0, 0, 0
56600, 7439, 0, 0, 0
56703, 7141, 0, 0, 0
56801, 7073, 0, 0, 0
56901, 8034, 0, 0, 0
57000, 8067, 0, 0, 0
57114, 7093, 0, 0, 0
57200, 7651, 0, 0, 0
57301, 6964, 0, 0, 0
57400, 7508, 0, 0, 0
57503, 7517, 0, 0, 0
57602, 7742, 0, 0, 0
57708, 7532, 0, 0, 0
57808, 8012, 0, 0, 0
57902, 8718, 0, 0, 0
58000, 8085, 0, 0, 0
58100, 7352, 0, 0, 0
58202, 7820, 0, 0, 0
58300, 7127, 0, 0, 0
58404, 7355, 0, 0, 0
58501, 7522, 0, 0, 0
58600, 7334, 0, 0, 0
58705, 7060, 0, 0, 0
58811, 7403, 0, 0, 0
58902, 7183, 0, 0, 0
59007, 7370, 0, 0, 0
59102, 7754, 0, 0, 0
59200, 7317, 0, 0, 0
59304, 7145, 0, 0, 0
59400, 8543, 0, 0, 0
59502, 7530, 0, 0, 0
59600, 7040, 0, 0, 0
59708, 7397, 0, 0, 0
59801, 7612, 0, 0, 0
59904, 7240, 0, 0, 0
60007, 7350, 0, 0, 0
60107, 6954, 0, 0, 0
60203, 7137, 0, 0, 0
60301, 7454, 0, 0, 0
60400, 7422, 0, 0, 0
60501, 7765, 0, 0, 0
60601, 7748, 0, 0, 0
60700, 7386, 0, 0, 0
60802, 7071, 0, 0, 0
60901, 7573, 0, 0, 0
61006, 6742, 0, 0, 0
61100, 6737, 0, 0, 0
61202, 7437, 0, 0, 0
61301, 7993, 0, 0, 0
61400, 7358, 0, 0, 0
61502, 7546, 0, 0, 0
61608, 7013, 0, 0, 0
61703, 7111, 0, 0, 0
61800, 7207, 0, 0, 0
61900, 7177, 0, 0, 0
62002, 7380, 0, 0, 0
62105, 7040, 0, 0, 0
62200, 7423, 0, 0, 0
62302, 7380, 0, 0, 0
62400, 6986, 0, 0, 0
62502, 7032, 0, 0, 0
62601, 7440, 0, 0, 0
62705, 7594, 0, 0, 0
62806, 7677, 0, 0, 0
62900, 6861, 0, 0, 0
63000, 8359, 0, 0, 0
63100, 7297, 0, 0, 0
63200, 7167, 0, 0, 0
63305, 7787, 0, 0, 0
63404, 8206, 0, 0, 0
63502, 6900, 0, 0, 0
63608, 7930, 0, 0, 0
63700, 7150, 0, 0, 0
63804, 8438, 0, 0, 0
63903, 7347, 0, 0, 0
64001, 7303, 0, 0, 0
64100, 7490, 0, 0, 0
64206, 7562, 0, 0, 0
64302, 7252, 0, 0, 0
64400, 7416, 0, 0, 0
64500, 7567, 0, 0, 0
64603, 6992, 0, 0, 0
64703, 6418, 0, 0, 0
64801, 7092, 0, 0, 0
64901, 7557, 0, 0, 0
65004, 8311, 0, 0, 0
65102, 6815, 0, 0, 0
65201, 8179, 0, 0, 0
65308, 7667, 0, 0, 0
65402, 7517, 0, 0, 0
65502, 7904, 0, 0, 0
65601, 7362, 0, 0, 0
65709, 7996, 0, 0, 0
65801, 8211, 0, 0, 0
65900, 7761, 0, 0, 0
66005, 7211, 0, 0, 0
66100, 6806, 0, 0, 0
66210, 8990, 0, 0, 0
66302, 7312, 0, 0, 0
66401, 7400, 0, 0, 0
66503, 7441, 0, 0, 0
66605, 7947, 0, 0, 0
66700, 9183, 0, 0, 0
66801, 7834, 0, 0, 0
66901, 7297, 0, 0, 0
67001, 7628, 0, 0, 0
67100, 8411, 0, 0, 0
67202, 8147, 0, 0, 0
67300, 7383, 0, 0, 0
67404, 8002, 0, 0, 0
67502, 7881, 0, 0, 0
67602, 8120, 0, 0, 0
67702, 7057, 0, 0, 0
67801, 7117, 0, 0, 0
67903, 7559, 0, 0, 0
68000, 7267, 0, 0, 0
68101, 7096, 0, 0, 0
68200, 8491, 0, 0, 0
68304, 7769, 0, 0, 0
68404, 7428, 0, 0, 0
68501, 7376, 0, 0, 0
68601, 8118, 0, 0, 0
68700, 8342, 0, 0, 0
68801, 7626, 0, 0, 0
68902, 7336, 0, 0, 0
69002, 7993, 0, 0, 0
69100, 7314, 0, 0, 0
69204, 7690, 0, 0, 0
69301, 7344, 0, 0, 0
69405, 7565, 0, 0, 0
69500, 7152, 0, 0, 0
69608, 7099, 0, 0, 0
69715, 6923, 0, 0, 0
69800, 7149, 0, 0, 0
69903, 8122, 0, 0, 0
70000, 7207, 0, 0, 0
70106, 7433, 0, 0, 0
70201, 7774, 0, 0, 0
70301, 7068, 0, 0, 0
70404, 7462, 0, 0, 0
70509, 6931, 0, 0, 0
70600, 7780, 0, 0, 0
70703, 6944, 0, 0, 0
70802, 7969, 0, 0, 0
70900, 7600, 0, 0, 0
71000, 7295, 0, 0, 0
71105, 7834, 0, 0, 0
71201, 7249, 0, 0, 0
71300, 7228, 0, 0, 0
71400, 7674, 0, 0, 0
71501, 7573, 0, 0, 0
71600, 8176, 0, 0, 0
71700, 8338, 0, 0, 0
71801, 6779, 0, 0, 0
71904, 7554, 0, 0, 0
72004, 7357, 0, 0, 0
72101, 7502, 0, 0, 0
72204, 7677, 0, 0, 0
72300, 7008, 0, 0, 0
72404, 9005, 0, 0, 0
72503, 7646, 0, 0, 0
72605, 7257, 0, 0, 0
72700, 7023, 0, 0, 0
72803, 7111, 0, 0, 0
72904, 7348, 0, 0, 0
73003, 7422, 0, 0, 0
73101, 7445, 0, 0, 0
73210, 7467, 0, 0, 0
73301, 7133, 0, 0, 0
73401, 7034, 0, 0, 0
73502, 7850, 0, 0, 0
73600, 7588, 0, 0, 0
73705, 7987, 0, 0, 0
73800, 7534, 0, 0, 0
73901, 8604, 0, 0, 0
74008, 7219, 0, 0, 0
74101, 6863, 0, 0, 0
74203, 7707, 0, 0, 0
74303, 7459, 0, 0, 0
74400, 8350, 0, 0, 0
74500, 7778, 0, 0, 0
74600, 7243, 0, 0, 0
74701, 7900, 0, 0, 0
74802, 7862, 0, 0, 0
74903, 7801, 0, 0, 0
75002, 6826, 0, 0, 0
75105, 7345, 0, 0, 0
75205, 6854, 0, 0, 0
75301, 7763, 0, 0, 0
75401, 6944, 0, 0, 0
75508, 7536, 0, 0, 0
75601, 8330, 0, 0, 0
75707, 8094, 0, 0, 0
75804, 8599, 0, 0, 0
75904, 7484, 0, 0, 0
76000, 7574, 0, 0, 0
76102, 6795, 0, 0, 0
76205, 7408, 0, 0, 0
76301, 7167, 0, 0, 0
76401, 7294, 0, 0, 0
76502, 7578, 0, 0, 0
76613, 7774, 0, 0, 0
76701, 7876, 0, 0, 0
76800, 7726, 0, 0, 0
76901, 7586, 0, 0, 0
77008, 7078, 0, 0, 0
77108, 7154, 0, 0, 0
77200, 6959, 0, 0, 0
77300, 7058, 0, 0, 0
77405, 7105, 0, 0, 0
77509, 7517, 0, 0, 0
77602, 7726, 0, 0, 0
77700, 9428, 0, 0, 0
77800, 8013, 0, 0, 0
77905, 7731, 0, 0, 0
78000, 6901, 0, 0, 0
78100, 7322, 0, 0, 0
78200, 7310, 0, 0, 0
78301, 6843, 0, 0, 0
78401, 7542, 0, 0, 0
78500, 8483, 0, 0, 0
78609, 8605, 0, 0, 0
78709, 7332, 0, 0, 0
78802, 7683, 0, 0, 0
78902, 6877, 0, 0, 0
79001, 7860, 0, 0, 0
79101, 7013, 0, 0, 0
79200, 7071, 0, 0, 0
79306, 7079, 0, 0, 0
79400, 7786, 0, 0, 0
79500, 7842, 0, 0, 0
79614, 7983, 0, 0, 0
79700, 7468, 0, 0, 0
79805, 7867, 0, 0, 0
79900, 7415, 0, 0, 0
80004, 8619, 0, 0, 0
80106, 7453, 0, 0, 0
80206, 7133, 0, 0, 0
80309, 7442, 0, 0, 0
80400, 7319, 0, 0, 0
80500, 7505, 0, 0, 0
80602, 7765, 0, 0, 0
80700, 8449, 0, 0, 0
80801, 7515, 0, 0, 0
80900, 7372, 0, 0, 0
81003, 7783, 0, 0, 0
81101, 6904, 0, 0, 0
81202, 7857, 0, 0, 0
81306, 7053, 0, 0, 0
81403, 7406, 0, 0, 0
81500, 6589, 0, 0, 0
81600, 6965, 0, 0, 0
81708, 6998, 0, 0, 0
81800, 6897, 0, 0, 0
81900, 7931, 0, 0, 0
82008, 8115, 0, 0, 0
82104, 7067, 0, 0, 0
82200, 7461, 0, 0, 0
82301, 6612, 0, 0, 0
82404, 7965, 0, 0, 0
82503, 7526, 0, 0, 0
82601, 6692, 0, 0, 0
82703, 7093, 0, 0, 0
82801, 8657, 0, 0, 0
82907, 8697, 0, 0, 0
83006, 7014, 0, 0, 0
83108, 7288, 0, 0, 0
83202, 7231, 0, 0, 0
83302, 7563, 0, 0, 0
83407, 7330, 0, 0, 0
83501, 6919, 0, 0, 0
83600, 6999, 0, 0, 0
83703, 6543, 0, 0, 0
83800, 7084, 0, 0, 0
83901, 7361, 0, 0, 0
84002, 7113, 0, 0, 0
84109, 7268, 0, 0, 0
84203, 6834, 0, 0, 0
84305, 6848, 0, 0, 0
84402, 7420, 0, 0, 0
84506, 7275, 0, 0, 0
84601, 7692, 0, 0, 0
84702, 6989, 0, 0, 0
84803, 8122, 0, 0, 0
84900, 8189, 0, 0, 0
85001, 8312, 0, 0, 0
85102, 6870, 0, 0, 0
85201, 7433, 0, 0, 0
85300, 6655, 0, 0, 0
85400, 7912, 0, 0, 0
85500, 7448, 0, 0, 0
85605, 7241, 0, 0, 0
85701, 7619, 0, 0, 0
85803, 7811, 0, 0, 0
85900, 8016, 0, 0, 0
86001, 6454, 0, 0, 0
86102, 6839, 0, 0, 0
86201, 7252, 0, 0, 0
86304, 7393, 0, 0, 0
86401, 7602, 0, 0, 0
86504, 7118, 0, 0, 0
86600, 7358, 0, 0, 0
86700, 7010, 0, 0, 0
86808, 7043, 0, 0, 0
86901, 7534, 0, 0, 0
87000, 7621, 0, 0, 0
87100, 7120, 0, 0, 0
87202, 6896, 0, 0, 0
87300, 6538, 0, 0, 0
87401, 7303, 0, 0, 0
87501, 6515, 0, 0, 0
87602, 6515, 0, 0, 0
87701, 7505, 0, 0, 0
87803, 8532, 0, 0, 0
87904, 6977, 0, 0, 0
88000, 6963, 0, 0, 0
88100, 8094, 0, 0, 0
88204, 7735, 0, 0, 0
88300, 6293, 0, 0, 0
88401, 6641, 0, 0, 0
88500, 7202, 0, 0, 0
88601, 6987, 0, 0, 0
88702, 7217, 0, 0, 0
88803, 6783, 0, 0, 0
88901, 7155, 0, 0, 0
89001, 7046, 0, 0, 0
89100, 6895, 0, 0, 0
89205, 7416, 0, 0, 0
89300, 6975, 0, 0, 0
89400, 7284, 0, 0, 0
89509, 7158, 0, 0, 0
89607, 7481, 0, 0, 0
89713, 7398, 0, 0, 0
89801, 8398, 0, 0, 0
89900, 9046, 0, 0, 0
90000, 7679, 0, 0, 0
90102, 7359, 0, 0, 0
90201, 7923, 0, 0, 0
90303, 7322, 0, 0, 0
90400, 7028, 0, 0, 0
90501, 7386, 0, 0, 0
90602, 6850, 0, 0, 0
90702, 6659, 0, 0, 0
90805, 8120, 0, 0, 0
90901, 7345, 0, 0, 0
91000, 6956, 0, 0, 0
91101, 6876, 0, 0, 0
91204, 7577, 0, 0, 0
91306, 7566, 0, 0, 0
91402, 7574, 0, 0, 0
91500, 7075, 0, 0, 0
91601, 8159, 0, 0, 0
91703, 7104, 0, 0, 0
91805, 7791, 0, 0, 0
91905, 8002, 0, 0, 0
92000, 7922, 0, 0, 0
92100, 7266, 0, 0, 0
92201, 7006, 0, 0, 0
92300, 6298, 0, 0, 0
92408, 8314, 0, 0, 0
92500, 7388, 0, 0, 0
92603, 7007, 0, 0, 0
92713, 7647, 0, 0, 0
92800, 6680, 0, 0, 0
92901, 8162, 0, 0, 0
93001, 7285, 0, 0, 0
93104, 7464, 0, 0, 0
93202, 7328, 0, 0, 0
93302, 8438, 0, 0, 0
93400, 7816, 0, 0, 0
93500, 6791, 0, 0, 0
93603, 7639, 0, 0, 0
93702, 7430, 0, 0, 0
93800, 7263, 0, 0, 0
93903, 7763, 0, 0, 0
94002, 7768, 0, 0, 0
94101, 7292, 0, 0, 0
94206, 7533, 0, 0, 0
94304, 7791, 0, 0, 0
94407, 7768, 0, 0, 0
94504, 7322, 0, 0, 0
94600, 6531, 0, 0, 0
94703, 7381, 0, 0, 0
94800, 7219, 0, 0, 0
94902, 7820, 0, 0, 0
95002, 7675, 0, 0, 0
95101, 7378, 0, 0, 0
95201, 7240, 0, 0, 0
95303, 7544, 0, 0, 0
95400, 7617, 0, 0, 0
95502, 6969, 0, 0, 0
95604, 8106, 0, 0, 0
95705, 7615, 0, 0, 0
95801, 7763, 0, 0, 0
95901, 9020, 0, 0, 0
96003, 7020, 0, 0, 0
96106, 7497, 0, 0, 0
96202, 6587, 0, 0, 0
96304, 7125, 0, 0, 0
96406, 7032, 0, 0, 0
96502, 7312, 0, 0, 0
96600, 7947, 0, 0, 0
96700, 7713, 0, 0, 0
96801, 7917, 0, 0, 0
96902, 6632, 0, 0, 0
97001, 7483, 0, 0, 0
97100, 7856, 0, 0, 0
97202, 7514, 0, 0, 0
97301, 7177, 0, 0, 0
97404, 7053, 0, 0, 0
97516, 7104, 0, 0, 0
97602, 7650, 0, 0, 0
97701, 6929, 0, 0, 0
97802, 8701, 0, 0, 0
97900, 7659, 0, 0, 0
98003, 7585, 0, 0, 0
98100, 7088, 0, 0, 0
98201, 7562, 0, 0, 0
98302, 8067, 0, 0, 0
98401, 8441, 0, 0, 0
98503, 9989, 0, 0, 0
98606, 7097, 0, 0, 0
98700, 7219, 0, 0, 0
98807, 7760, 0, 0, 0
98900, 7732, 0, 0, 0
99004, 7709, 0, 0, 0
99103, 7763, 0, 0, 0
99200, 8482, 0, 0, 0
99300, 8148, 0, 0, 0
99406, 8640, 0, 0, 0
99501, 6995, 0, 0, 0
99600, 7313, 0, 0, 0
99701, 6940, 0, 0, 0
99806, 7153, 0, 0, 0
99900, 7994, 0, 0, 0
100000, 8106, 0, 0, 0
100101, 6939, 0, 0, 0
100204, 7705, 0, 0, 0
100302, 7522, 0, 0, 0
100403, 7288, 0, 0, 0
100501, 8476, 0, 0, 0
100604, 7674, 0, 0, 0
100702, 8010, 0, 0, 0
100801, 7585, 0, 0, 0
100906, 7494, 0, 0, 0
101002, 6804, 0, 0, 0
101102, 6975, 0, 0, 0
101200, 6965, 0, 0, 0
101301, 7560, 0, 0, 0
101400, 7351, 0, 0, 0
101504, 6913, 0, 0, 0
101603, 7374, 0, 0, 0
101710, 7193, 0, 0, 0
101800, 7242, 0, 0, 0
101900, 7027, 0, 0, 0
102000, 6916, 0, 0, 0
102107, 7125, 0, 0, 0
102200, 7652, 0, 0, 0
102302, 7831, 0, 0, 0
102401, 7300, 0, 0, 0
102502, 6974, 0, 0, 0
102600, 7382, 0, 0, 0
102706, 7215, 0, 0, 0
102800, 6812, 0, 0, 0
102919, 7839, 0, 0, 0
103002, 7316, 0, 0, 0
103101, 7433, 0, 0, 0
103202, 7613, 0, 0, 0
103303, 7466, 0, 0, 0
103400, 7120, 0, 0, 0
103500, 7366, 0, 0, 0
103602, 7705, 0, 0, 0
103701, 7498, 0, 0, 0
103802, 7053, 0, 0, 0
103909, 7061, 0, 0, 0
104000, 8685, 0, 0, 0
104100, 7579, 0, 0, 0
104200, 7667, 0, 0, 0
104303, 7566, 0, 0, 0
104402, 7302, 0, 0, 0
104504, 7129, 0, 0, 0
104605, 8143, 0, 0, 0
104708, 7559, 0, 0, 0
104800, 6918, 0, 0, 0
104901, 7931, 0, 0, 0
105005, 7135, 0, 0, 0
105104, 7906, 0, 0, 0
105222, 7708, 0, 0, 0
105304, 7838, 0, 0, 0
105402, 6871, 0, 0, 0
105500, 6874, 0, 0, 0
105601, 7780, 0, 0, 0
105700, 7199, 0, 0, 0
105801, 7780, 0, 0, 0
105901, 6655, 0, 0, 0
106000, 7566, 0, 0, 0
106113, 7693, 0, 0, 0
106204, 6951, 0, 0, 0
106301, 7363, 0, 0, 0
106401, 7773, 0, 0, 0
106500, 7245, 0, 0, 0
106611, 7796, 0, 0, 0
106705, 7355, 0, 0, 0
106803, 7539, 0, 0, 0
106902, 6712, 0, 0, 0
107005, 7453, 0, 0, 0
107100, 7118, 0, 0, 0
107201, 6825, 0, 0, 0
107300, 6886, 0, 0, 0
107412, 7223, 0, 0, 0
107505, 7131, 0, 0, 0
107603, 7543, 0, 0, 0
107705, 7840, 0, 0, 0
107800, 7203, 0, 0, 0
107908, 7333, 0, 0, 0
108000, 7784, 0, 0, 0
108106, 7032, 0, 0, 0
108202, 6885, 0, 0, 0
108305, 6823, 0, 0, 0
108403, 8962, 0, 0, 0
108500, 7509, 0, 0, 0
108600, 8763, 0, 0, 0
108703, 6791, 0, 0, 0
108800, 6878, 0, 0, 0
108903, 7657, 0, 0, 0
109000, 6934, 0, 0, 0
109101, 7086, 0, 0, 0
109205, 7560, 0, 0, 0
109306, 7452, 0, 0, 0
109401, 7544, 0, 0, 0
109502, 7666, 0, 0, 0
109601, 7759, 0, 0, 0
109703, 6998, 0, 0, 0
109801, 7870, 0, 0, 0
109902, 7474, 0, 0, 0
110012, 7577, 0, 0, 0
110101, 7448, 0, 0, 0
110200, 7520, 0, 0, 0
110308, 6923, 0, 0, 0
110401, 7155, 0, 0, 0
110500, 7362, 0, 0, 0
110600, 7452, 0, 0, 0
110702, 6570, 0, 0, 0
110803, 6921, 0, 0, 0
110902, 6815, 0, 0, 0
111000, 7237, 0, 0, 0
111102, 7541, 0, 0, 0
111202, 6750, 0, 0, 0
111301, 7202, 0, 0, 0
111402, 7060, 0, 0, 0
111502, 7806, 0, 0, 0
111601, 7372, 0, 0, 0
111701, 7143, 0, 0, 0
111800, 7595, 0, 0, 0
111903, 8247, 0, 0, 0
112002, 7216, 0, 0, 0
112101, 7455, 0, 0, 0
112200, 6483, 0, 0, 0
112304, 7614, 0, 0, 0
112400, 7596, 0, 0, 0
112504, 7271, 0, 0, 0
112600, 7564, 0, 0, 0
112704, 7557, 0, 0, 0
112800, 7871, 0, 0, 0
112901, 7044, 0, 0, 0
113000, 7350, 0, 0, 0
113107, 7549, 0, 0, 0
113205, 8124, 0, 0, 0
113302, 7697, 0, 0, 0
113402, 6873, 0, 0, 0
113500, 7534, 0, 0, 0
113600, 7321, 0, 0, 0
113700, 7689, 0, 0, 0
113800, 7411, 0, 0, 0
113901, 7708, 0, 0, 0
114003, 7842, 0, 0, 0
114100, 7443, 0, 0, 0
114202, 7767, 0, 0, 0
114301, 7420, 0, 0, 0
114403, 7274, 0, 0, 0
114500, 7026, 0, 0, 0
114600, 8094, 0, 0, 0
114700, 8125, 0, 0, 0
114806, 8025, 0, 0, 0
114910, 7697, 0, 0, 0
115003, 7320, 0, 0, 0
115115, 7132, 0, 0, 0
115201, 7833, 0, 0, 0
115303, 8188, 0, 0, 0
115402, 8247, 0, 0, 0
115501, 7771, 0, 0, 0
115602, 7606, 0, 0, 0
115701, 7004, 0, 0, 0
115802, 7739, 0, 0, 0
115905, 7778, 0, 0, 0
116001, 7812, 0, 0, 0
116100, 7061, 0, 0, 0
116201, 7614, 0, 0, 0
116300, 7414, 0, 0, 0
116400, 6854, 0, 0, 0
116503, 7020, 0, 0, 0
116609, 7685, 0, 0, 0
116702, 7219, 0, 0, 0
116805, 7384, 0, 0, 0
116900, 7354, 0, 0, 0
117000, 6634, 0, 0, 0
117102, 8092, 0, 0, 0
117200, 7024, 0, 0, 0
117303, 7482, 0, 0, 0
117400, 7190, 0, 0, 0
117501, 7029, 0, 0, 0
117600, 7066, 0, 0, 0
117704, 6947, 0, 0, 0
117801, 8377, 0, 0, 0
117904, 7307, 0, 0, 0
118007, 8690, 0, 0, 0
118101, 7475, 0, 0, 0
118202, 7572, 0, 0, 0
118302, 7891, 0, 0, 0
118409, 7343, 0, 0, 0
118502, 7180, 0, 0, 0
118604, 7557, 0, 0, 0
118704, 7132, 0, 0, 0
118804, 7079, 0, 0, 0
118901, 7396, 0, 0, 0
119000, 7035, 0, 0, 0
119100, 7704, 0, 0, 0
119201, 6941, 0, 0, 0
119300, 8040, 0, 0, 0
119404, 8221, 0, 0, 0
119501, 7110, 0, 0, 0
119600, 7168, 0, 0, 0
119707, 7340, 0, 0, 0
119801, 6777, 0, 0, 0
119903, 7861, 0, 0, 0
120001, 7615, 0, 0, 0
120104, 7226, 0, 0, 0
120201, 6749, 0, 0, 0
120300, 7541, 0, 0, 0
120400, 7637, 0, 0, 0
120501, 7689, 0, 0, 0
120601, 8087, 0, 0, 0
120707, 8090, 0, 0, 0
120800, 8138, 0, 0, 0
120900, 8178, 0, 0, 0
121005, 8608, 0, 0, 0
121100, 9222, 0, 0, 0
121200, 7908, 0, 0, 0
121301, 7653, 0, 0, 0
121403, 7346, 0, 0, 0
121501, 7670, 0, 0, 0
121601, 7515, 0, 0, 0
121700, 6930, 0, 0, 0
121802, 7143, 0, 0, 0
121900, 7388, 0, 0, 0
122003, 7844, 0, 0, 0
122102, 7588, 0, 0, 0
122200, 6842, 0, 0, 0
122302, 6642, 0, 0, 0
122411, 6732, 0, 0, 0
122500, 8354, 0, 0, 0
122608, 7344, 0, 0, 0
122700, 7781, 0, 0, 0
122800, 7187, 0, 0, 0
122901, 7095, 0, 0, 0
123007, 7271, 0, 0, 0
123101, 7961, 0, 0, 0
123200, 8075, 0, 0, 0
123303, 7272, 0, 0, 0
123401, 7695, 0, 0, 0
123501, 8079, 0, 0, 0
123601, 6995, 0, 0, 0
123702, 7288, 0, 0, 0
123806, 7007, 0, 0, 0
123904, 7417, 0, 0, 0
124002, 7367, 0, 0, 0
124101, 7874, 0, 0, 0
124200, 6970, 0, 0, 0
124304, 7380, 0, 0, 0
124402, 7217, 0, 0, 0
124500, 7657, 0, 0, 0
124603, 7486, 0, 0, 0
124718, 7427, 0, 0, 0
124800, 7217, 0, 0, 0
124901, 8238, 0, 0, 0
125003, 8480, 0, 0, 0
125100, 6878, 0, 0, 0
125202, 8583, 0, 0, 0
125300, 7824, 0, 0, 0
125403, 7299, 0, 0, 0
125501, 7037, 0, 0, 0
125600, 7748, 0, 0, 0
125702, 7500, 0, 0, 0
125800, 6868, 0, 0, 0
125900, 7699, 0, 0, 0
126001, 7608, 0, 0, 0
126102, 8357, 0, 0, 0
126203, 7797, 0, 0, 0
126300, 8237, 0, 0, 0
126408, 7644, 0, 0, 0
126502, 6796, 0, 0, 0
126605, 6845, 0, 0, 0
126712, 7246, 0, 0, 0
126804, 9140, 0, 0, 0
126904, 7937, 0, 0, 0
127003, 8502, 0, 0, 0
127104, 7337, 0, 0, 0
127200, 7556, 0, 0, 0
127301, 7806, 0, 0, 0
127400, 7013, 0, 0, 0
127501, 6960, 0, 0, 0
127602, 7067, 0, 0, 0
127702, 7302, 0, 0, 0
127802, 7013, 0, 0, 0
127903, 7674, 0, 0, 0
128003, 7471, 0, 0, 0
128102, 8680, 0, 0, 0
128203, 7552, 0, 0, 0
128300, 7964, 0, 0, 0
128404, 8138, 0, 0, 0
128502, 7871, 0, 0, 0
128600, 7087, 0, 0, 0
128700, 7500, 0, 0, 0
128800, 7453, 0, 0, 0
128900, 7575, 0, 0, 0
129001, 8078, 0, 0, 0
129104, 7627, 0, 0, 0
129200, 6952, 0, 0, 0
129302, 7625, 0, 0, 0
129400, 7083, 0, 0, 0
129505, 6920, 0, 0, 0
129600, 7355, 0, 0, 0
129701, 7621, 0, 0, 0
129801, 6613, 0, 0, 0
129901, 7108, 0, 0, 0
130006, 6657, 0, 0, 0
130102, 7266, 0, 0, 0
130200, 7523, 0, 0, 0
130300, 7505, 0, 0, 0
130403, 7794, 0, 0, 0
130505, 7578, 0, 0, 0
130607, 7630, 0, 0, 0
130700, 7915, 0, 0, 0
130800, 7735, 0, 0, 0
130900, 7306, 0, 0, 0
131001, 7955, 0, 0, 0
131101, 7283, 0, 0, 0
131207, 7677, 0, 0, 0
131301, 8575, 0, 0, 0
131404, 7457, 0, 0, 0
131500, 8129, 0, 0, 0
131601, 7732, 0, 0, 0
131703, 7139, 0, 0, 0
131803, 6930, 0, 0, 0
131902, 7641, 0, 0, 0
132003, 6842, 0, 0, 0
132102, 7006, 0, 0, 0
132202, 7067, 0, 0, 0
132301, 7821, 0, 0, 0
132401, 7867, 0, 0, 0
132502, 7507, 0, 0, 0
132602, 7754, 0, 0, 0
132703, 7573, 0, 0, 0
132803, 7914, 0, 0, 0
132901, 7971, 0, 0, 0
133002, 7752, 0, 0, 0
133102, 7509, 0, 0, 0
133201, 7030, 0, 0, 0
133301, 8400, 0, 0, 0
133402, 7497, 0, 0, 0
133505, 7394, 0, 0, 0
133604, 7120, 0, 0, 0
133705, 7056, 0, 0, 0
133803, 7517, 0, 0, 0
133901, 7758, 0, 0, 0
134004, 7665, 0, 0, 0
134101, 7305, 0, 0, 0
134201, 7527, 0, 0, 0
134310, 7399, 0, 0, 0
134401, 7254, 0, 0, 0
134500, 7147, 0, 0, 0
134604, 6875, 0, 0, 0
134700, 7373, 0, 0, 0
134801, 8504, 0, 0, 0
134904, 8115, 0, 0, 0
135000, 7853, 0, 0, 0
135101, 8041, 0, 0, 0
135208, 7356, 0, 0, 0
135302, 7934, 0, 0, 0
135402, 6856, 0, 0, 0
135514, 7385, 0, 0, 0
135605, 7306, 0, 0, 0
135704, 7226, 0, 0, 0
135802, 6984, 0, 0, 0
135901, 7825, 0, 0, 0
136002, 7322, 0, 0, 0
136101, 7533, 0, 0, 0
136201, 6993, 0, 0, 0
136303, 7524, 0, 0, 0
136404, 7393, 0, 0, 0
136501, 7942, 0, 0, 0
136600, 8240, 0, 0, 0
136703, 7296, 0, 0, 0
136801, 7135, 0, 0, 0
136901, 7206, 0, 0, 0
137003, 7284, 0, 0, 0
137102, 8207, 0, 0, 0
137202, 7773, 0, 0, 0
137303, 7574, 0, 0, 0
137402, 7160, 0, 0, 0
137504, 7137, 0, 0, 0
137604, 7817, 0, 0, 0
137700, 7312, 0, 0, 0
137800, 7307, 0, 0, 0
137903, 7296, 0, 0, 0
138003, 7208, 0, 0, 0
138105, 6934, 0, 0, 0
138205, 7824, 0, 0, 0
138300, 6670, 0, 0, 0
138401, 6892, 0, 0, 0
138505, 7116, 0, 0, 0
138608, 8460, 0, 0, 0
138701, 7754, 0, 0, 0
138800, 7113, 0, 0, 0
138901, 7125, 0, 0, 0
139004, 7345, 0, 0, 0
139114, 7602, 0, 0, 0
139201, 7506, 0, 0, 0
139303, 8249, 0, 0, 0
139400, 7368, 0, 0, 0
139500, 7200, 0, 0, 0
139601, 8004, 0, 0, 0
139700, 7848, 0, 0, 0
139803, 7510, 0, 0, 0
139900, 7872, 0, 0, 0
140009, 7650, 0, 0, 0
140105, 8765, 0, 0, 0
140202, 7374, 0, 0, 0
140303, 7186, 0, 0, 0
140400, 6754, 0, 0, 0
140500, 7506, 0, 0, 0
140602, 7079, 0, 0, 0
140700, 7173, 0, 0, 0
140801, 7166, 0, 0, 0
140905, 7097, 0, 0, 0
141006, 7767, 0, 0, 0
141100, 7167, 0, 0, 0
141205, 7947, 0, 0, 0
141301, 7269, 0, 0, 0
141403, 6908, 0, 0, 0
141504, 7158, 0, 0, 0
141601, 7298, 0, 0, 0
141706, 7572, 0, 0, 0
141803, 7291, 0, 0, 0
141901, 7617, 0, 0, 0
142003, 8631, 0, 0, 0
142102, 7037, 0, 0, 0
142203, 7053, 0, 0, 0
142300, 7869, 0, 0, 0
142401, 7483, 0, 0, 0
142503, 7308, 0, 0, 0
142601, 7575, 0, 0, 0
142702, 6858, 0, 0, 0
142805, 7719, 0, 0, 0
142906, 7610, 0, 0, 0
143003, 7352, 0, 0, 0
143101, 7466, 0, 0, 0
143203, 8289, 0, 0, 0
143301, 7609, 0, 0, 0
143400, 7701, 0, 0, 0
143500, 7259, 0, 0, 0
143600, 7133, 0, 0, 0
143715, 8110, 0, 0, 0
143806, 8013, 0, 0, 0
143900, 7435, 0, 0, 0
144000, 7474, 0, 0, 0
144105, 6584, 0, 0, 0
144203, 7523, 0, 0, 0
144301, 6837, 0, 0, 0
144402, 6595, 0, 0, 0
144502, 7492, 0, 0, 0
144603, 7526, 0, 0, 0
144702, 7390, 0, 0, 0
144801, 7444, 0, 0, 0
144900, 7692, 0, 0, 0
145003, 7785, 0, 0, 0
145103, 7157, 0, 0, 0
145200, 7635, 0, 0, 0
145308, 7676, 0, 0, 0
145401, 7260, 0, 0, 0
145504, 7264, 0, 0, 0
145602, 7678, 0, 0, 0
145700, 7331, 0, 0, 0
145803, 8420, 0, 0, 0
145900, 8985, 0, 0, 0
146002, 7421, 0, 0, 0
146103, 7244, 0, 0, 0
146200, 7590, 0, 0, 0
146300, 8658, 0, 0, 0
146402, 7328, 0, 0, 0
146502, 7260, 0, 0, 0
146604, 8493, 0, 0, 0
146701, 7592, 0, 0, 0
146800, 6815, 0, 0, 0
146900, 7276, 0, 0, 0
147000, 7372, 0, 0, 0
147103, 6837, 0, 0, 0
147201, 7509, 0, 0, 0
147300, 6635, 0, 0, 0
147400, 7352, 0, 0, 0
147503, 8823, 0, 0, 0
147603, 7240, 0, 0, 0
147705, 8436, 0, 0, 0
147806, 8013, 0, 0, 0
147905, 7693, 0, 0, 0
148000, 7901, 0, 0, 0
148101, 7384, 0, 0, 0
148200, 7243, 0, 0, 0
148300, 7497, 0, 0, 0
148400, 7228, 0, 0, 0
148500, 7527, 0, 0, 0
148600, 6980, 0, 0, 0
148700, 6693, 0, 0, 0
148800, 7199, 0, 0, 0
148900, 9127, 0, 0, 0
149005, 8148, 0, 0, 0
149108, 7602, 0, 0, 0
149201, 7591, 0, 0, 0
149303, 7308, 0, 0, 0
149407, 7584, 0, 0, 0
149501, 6651, 0, 0, 0
149602, 7300, 0, 0, 0
149701, 7962, 0, 0, 0
149802, 8171, 0, 0, 0
149903, 7560, 0, 0, 0
150001, 8618, 0, 0, 0
150110, 6860, 0, 0, 0
150205, 6880, 0, 0, 0
150301, 7434, 0, 0, 0
150404, 7234, 0, 0, 0
150505, 7409, 0, 0, 0
150602, 6386, 0, 0, 0
150701, 7164, 0, 0, 0
150804, 6999, 0, 0, 0
150901, 6382, 0, 0, 0
151000, 7182, 0, 0, 0
151109, 7151, 0, 0, 0
151203, 7841, 0, 0, 0
151300, 7195, 0, 0, 0
151403, 7074, 0, 0, 0
151503, 7574, 0, 0, 0
151604, 7406, 0, 0, 0
151700, 7403, 0, 0, 0
151802, 7187, 0, 0, 0
151915, 7401, 0, 0, 0
152002, 7169, 0, 0, 0
152100, 7031, 0, 0, 0
152206, 7459, 0, 0, 0
152300, 7912, 0, 0, 0
152400, 8410, 0, 0, 0
152502, 6976, 0, 0, 0
152607, 7361, 0, 0, 0
152704, 8168, 0, 0, 0
152802, 7427, 0, 0, 0
152902, 6802, 0, 0, 0
153003, 7395, 0, 0, 0
153106, 7478, 0, 0, 0
153203, 7632, 0, 0, 0
153300, 7911, 0, 0, 0
153402, 7665, 0, 0, 0
153503, 6969, 0, 0, 0
153600, 7388, 0, 0, 0
153708, 7665, 0, 0, 0
153806, 7782, 0, 0, 0
153900, 8438, 0, 0, 0
154011, 7491, 0, 0, 0
154100, 7802, 0, 0, 0
154200, 7552, 0, 0, 0
154303, 8317, 0, 0, 0
154401, 7768, 0, 0, 0
154502, 8422, 0, 0, 0
154601, 8077, 0, 0, 0
154701, 7079, 0, 0, 0
154801, 8315, 0, 0, 0
154900, 8045, 0, 0, 0
155001, 7219, 0, 0, 0
155104, 6816, 0, 0, 0
155201, 7043, 0, 0, 0
155300, 7098, 0, 0, 0
155404, 6536, 0, 0, 0
155500, 7966, 0, 0, 0
155601, 7068, 0, 0, 0
155700, 7501, 0, 0, 0
155806, 7959, 0, 0, 0
155901, 7849, 0, 0, 0
156002, 8313, 0, 0, 0
156100, 7855, 0, 0, 0
156203, 7800, 0, 0, 0
156304, 7173, 0, 0, 0
156403, 7604, 0, 0, 0
156501, 7939, 0, 0, 0
156603, 8227, 0, 0, 0
156702, 7751, 0, 0, 0
156806, 6810, 0, 0, 0
156900, 8583, 0, 0, 0
157005, 7365, 0, 0, 0
157105, 7229, 0, 0, 0
157202, 7643, 0, 0, 0
157302, 7117, 0, 0, 0
157403, 7492, 0, 0, 0
157502, 7320, 0, 0, 0
157600, 6849, 0, 0, 0
157701, 7591, 0, 0, 0
157805, 7854, 0, 0, 0
157912, 7642, 0, 0, 0
158005, 7934, 0, 0, 0
158105, 7669, 0, 0, 0
158200, 7447, 0, 0, 0
158300, 7664, 0, 0, 0
158400, 8049, 0, 0, 0
158502, 7567, 0, 0, 0
158601, 7953, 0, 0, 0
158703, 7625, 0, 0, 0
158800, 8478, 0, 0, 0
158904, 8068, 0, 0, 0
159002, 7564, 0, 0, 0
159104, 7392, 0, 0, 0
159204, 7791, 0, 0, 0
159300, 7925, 0, 0, 0
159404, 7591, 0, 0, 0
159500, 7668, 0, 0, 0
159612, 7765, 0, 0, 0
159705, 7381, 0, 0, 0
159800, 7035, 0, 0, 0
159904, 7897, 0, 0, 0
160004, 7103, 0, 0, 0
160103, 7375, 0, 0, 0
160201, 7047, 0, 0, 0
160302, 7377, 0, 0, 0
160402, 6727, 0, 0, 0
160501, 7268, 0, 0, 0
160603, 7115, 0, 0, 0
160705, 8266, 0, 0, 0
160802, 8306, 0, 0, 0
160903, 8129, 0, 0, 0
161011, 7737, 0, 0, 0
161100, 8314, 0, 0, 0
161210, 8062, 0, 0, 0
161300, 7479, 0, 0, 0
161403, 7393, 0, 0, 0
161502, 8033, 0, 0, 0
161605, 8814, 0, 0, 0
161705, 7542, 0, 0, 0
161803, 7556, 0, 0, 0
161900, 7224, 0, 0, 0
162011, 8189, 0, 0, 0
162104, 8397, 0, 0, 0
162200, 7876, 0, 0, 0
162300, 7395, 0, 0, 0
162407, 7372, 0, 0, 0
162501, 6967, 0, 0, 0
162607, 7318, 0, 0, 0
162707, 7825, 0, 0, 0
162809, 7676, 0, 0, 0
162905, 7071, 0, 0, 0
163001, 6983, 0, 0, 0
163101, 7104, 0, 0, 0
163200, 7230, 0, 0, 0
163300, 7320, 0, 0, 0
163400, 7400, 0, 0, 0
163503, 7274, 0, 0, 0
163601, 7384, 0, 0, 0
163701, 7070, 0, 0, 0
163804, 7128, 0, 0, 0
163901, 7277, 0, 0, 0
164004, 7452, 0, 0, 0
164101, 7828, 0, 0, 0
164201, 7771, 0, 0, 0
164308, 7658, 0, 0, 0
164404, 7399, 0, 0, 0
164506, 7020, 0, 0, 0
164610, 7374, 0, 0, 0
164700, 7516, 0, 0, 0
164806, 7151, 0, 0, 0
164928, 7498, 0, 0, 0
165006, 8502, 0, 0, 0
165100, 6786, 0, 0, 0
165200, 7632, 0, 0, 0
165302, 7436, 0, 0, 0
165400, 7176, 0, 0, 0
165509, 7143, 0, 0, 0
165600, 7814, 0, 0, 0
165702, 7400, 0, 0, 0
165802, 6920, 0, 0, 0
165909, 7717, 0, 0, 0
166001, 8216, 0, 0, 0
166103, 7241, 0, 0, 0
166200, 7483, 0, 0, 0
166319, 7263, 0, 0, 0
166402, 7800, 0, 0, 0
166502, 7222, 0, 0, 0
166600, 7535, 0, 0, 0
166700, 6659, 0, 0, 0
166802, 7790, 0, 0, 0
166900, 8404, 0, 0, 0
167001, 7200, 0, 0, 0
167102, 7147, 0, 0, 0
167202, 7744, 0, 0, 0
167301, 7330, 0, 0, 0
167401, 6740, 0, 0, 0
167502, 7332, 0, 0, 0
167600, 6694, 0, 0, 0
167700, 7478, 0, 0, 0
167800, 6632, 0, 0, 0
167900, 7141, 0, 0, 0
168002, 6955, 0, 0, 0
168103, 7416, 0, 0, 0
168202, 7682, 0, 0, 0
168300, 7722, 0, 0, 0
168401, 6595, 0, 0, 0
168500, 7396, 0, 0, 0
168604, 7511, 0, 0, 0
168701, 7536, 0, 0, 0
168802, 7159, 0, 0, 0
168905, 7051, 0, 0, 0
169002, 8049, 0, 0, 0
169101, 7874, 0, 0, 0
169202, 8654, 0, 0, 0
169301, 7859, 0, 0, 0
169405, 7080, 0, 0, 0
169500, 7526, 0, 0, 0
169606, 7394, 0, 0, 0
169704, 7561, 0, 0, 0
169804, 7787, 0, 0, 0
169905, 7809, 0, 0, 0
170006, 7103, 0, 0, 0
170100, 7756, 0, 0, 0
170200, 8380, 0, 0, 0
170303, 8374, 0, 0, 0
170403, 7516, 0, 0, 0
170504, 7586, 0, 0, 0
170601, 8458, 0, 0, 0
170700, 8244, 0, 0, 0
170803, 8010, 0, 0, 0
170900, 8897, 0, 0, 0
171002, 7649, 0, 0, 0
171103, 7511, 0, 0, 0
171200, 7230, 0, 0, 0
171301, 6970, 0, 0, 0
171402, 8310, 0, 0, 0
171503, 8080, 0, 0, 0
171603, 7920, 0, 0, 0
171700, 8020, 0, 0, 0
171800, 7890, 0, 0, 0
171902, 6985, 0, 0, 0
172005, 6829, 0, 0, 0
172110, 8612, 0, 0, 0
172200, 7538, 0, 0, 0
172300, 8520, 0, 0, 0
172404, 7780, 0, 0, 0
172502, 8038, 0, 0, 0
172604, 8405, 0, 0, 0
172702, 7332, 0, 0, 0
172807, 8023, 0, 0, 0
172903, 7981, 0, 0, 0
173006, 8749, 0, 0, 0
173105, 9123, 0, 0, 0
173201, 7817, 0, 0, 0
173303, 8174, 0, 0, 0
173403, 7470, 0, 0, 0
173501, 7723, 0, 0, 0
173606, 7923, 0, 0, 0
173706, 8368, 0, 0, 0
173800, 7868, 0, 0, 0
173904, 7534, 0, 0, 0
174003, 7473, 0, 0, 0
174100, 6982, 0, 0, 0
174200, 7650, 0, 0, 0
174302, 7427, 0, 0, 0
174400, 9147, 0, 0, 0
174501, 7872, 0, 0, 0
174606, 7516, 0, 0, 0
174702, 7778, 0, 0, 0
174801, 7797, 0, 0, 0
174900, 7322, 0, 0, 0
175001, 7854, 0, 0, 0
175101, 7573, 0, 0, 0
175203, 7634, 0, 0, 0
175302, 7524, 0, 0, 0
175400, 7383, 0, 0, 0
175500, 8279, 0, 0, 0
175601, 7219, 0, 0, 0
175702, 7693, 0, 0, 0
175801, 7612, 0, 0, 0
175901, 8290, 0, 0, 0
176000, 8174, 0, 0, 0
176105, 7824, 0, 0, 0
176201, 7381, 0, 0, 0
176301, 8207, 0, 0, 0
176401, 7598, 0, 0, 0
176501, 7316, 0, 0, 0
176603, 7428, 0, 0, 0
176701, 7131, 0, 0, 0
176807, 7913, 0, 0, 0
176902, 6974, 0, 0, 0
177006, 7677, 0, 0, 0
177102, 7186, 0, 0, 0
177200, 7519, 0, 0, 0
177302, 7330, 0, 0, 0
177408, 7016, 0, 0, 0
177505, 7097, 0, 0, 0
177607, 8135, 0, 0, 0
177703, 7696, 0, 0, 0
177801, 7433, 0, 0, 0
177902, 8054, 0, 0, 0
178001, 7527, 0, 0, 0
178106, 7649, 0, 0, 0
178203, 7877, 0, 0, 0
178305, 7262, 0, 0, 0
178401, 6873, 0, 0, 0
178502, 6979, 0, 0, 0
178600, 7334, 0, 0, 0
178702, 7317, 0, 0, 0
178800, 8068, 0, 0, 0
178904, 8403, 0, 0, 0
179003, 6456, 0, 0, 0
179102, 6585, 0, 0, 0
179206, 7979, 0, 0, 0
179306, 7472, 0, 0, 0
179400, 6888, 0, 0, 0
179502, 8659, 0, 0, 0
179601, 7012, 0, 0, 0
179703, 7506, 0, 0, 0
179800, 6903, 0, 0, 0
179901, 6778, 0, 0, 0
180010, 8178, 0, 0, 0
