108, 19441359, 0, 0, 0
201, 18158841, 0, 0, 0
300, 16409285, 0, 0, 0
404, 16633458, 0, 0, 0
500, 20492224, 0, 0, 0
601, 12628238, 0, 0, 0
709, 21783979, 0, 0, 0
808, 19548537, 0, 0, 0
902, 17310758, 0, 0, 0
1002, 18778271, 0, 0, 0
1102, 16572564, 0, 0, 0
1202, 18253252, 0, 0, 0
1300, 21503011, 0, 0, 0
1400, 20507540, 0, 0, 0
1502, 15043273, 0, 0, 0
1602, 18803456, 0, 0, 0
1704, 18478275, 0, 0, 0
1801, 18459733, 0, 0, 0
1901, 17126441, 0, 0, 0
2003, 15034943, 0, 0, 0
2100, 18465950, 0, 0, 0
2202, 14780304, 0, 0, 0
2300, 17489756, 0, 0, 0
2403, 14299472, 0, 0, 0
2502, 17239382, 0, 0, 0
2603, 16825484, 0, 0, 0
2707, 16527363, 0, 0, 0
2808, 24623048, 0, 0, 0
2901, 18026667, 0, 0, 0
3000, 12620155, 0, 0, 0
3101, 22535375, 0, 0, 0
3202, 12975517, 0, 0, 0
3303, 17473350, 0, 0, 0
3403, 15090605, 0, 0, 0
3502, 14741775, 0, 0, 0
3601, 13859479, 0, 0, 0
3701, 16589777, 0, 0, 0
3801, 15790371, 0, 0, 0
3905, 16765694, 0, 0, 0
4001, 23829689, 0, 0, 0
4100, 17972800, 0, 0, 0
4206, 18862280, 0, 0, 0
4300, 21169542, 0, 0, 0
4400, 16474873, 0, 0, 0
4501, 16404379, 0, 0, 0
4602, 16817701, 0, 0, 0
4700, 15476232, 0, 0, 0
4810, 16430335, 0, 0, 0
4904, 15980039, 0, 0, 0
5000, 18849017, 0, 0, 0
5102, 14282810, 0, 0, 0
5203, 16010801, 0, 0, 0
5302, 23971117, 0, 0, 0
5401, 17384944, 0, 0, 0
5507, 18840395, 0, 0, 0
5601, 17904396, 0, 0, 0
5700, 12177873, 0, 0, 0
5800, 18196068, 0, 0, 0
5902, 16835778, 0, 0, 0
6008, 18452795, 0, 0, 0
6102, 16389520, 0, 0, 0
6205, 18228939, 0, 0, 0
6304, 23824618, 0, 0, 0
6401, 17276567, 0, 0, 0
6503, 15764171, 0, 0, 0
6603, 16805013, 0, 0, 0
6700, 14041616, 0, 0, 0
6803, 16609422, 0, 0, 0
6902, 15960926, 0, 0, 0
7005, 15157226, 0, 0, 0
7101, 23941470, 0, 0, 0
7200, 16992847, 0, 0, 0
7307, 15740661, 0, 0, 0
7402, 21389006, 0, 0, 0
7502, 17911292, 0, 0, 0
7603, 16418514, 0, 0, 0
7700, 22807681, 0, 0, 0
7802, 18982923, 0, 0, 0
7903, 15298836, 0, 0, 0
8012, 21884719, 0, 0, 0
8103, 20664218, 0, 0, 0
8202, 19920725, 0, 0, 0
8301, 16908309, 0, 0, 0
8402, 17801069, 0, 0, 0
8502, 21897517, 0, 0, 0
8600, 27370330, 0, 0, 0
8707, 18750761, 0, 0, 0
8801, 17398948, 0, 0, 0
8900, 15361870, 0, 0, 0
9000, 15861001, 0, 0, 0
9101, 25700249, 0, 0, 0
9204, 18109250, 0, 0, 0
9303, 23661540, 0, 0, 0
9400, 21194559, 0, 0, 0
9503, 18983972, 0, 0, 0
9600, 17209095, 0, 0, 0
9700, 20015968, 0, 0, 0
9805, 20271352, 0, 0, 0
9902, 16607203, 0, 0, 0
10010, 20801378, 0, 0, 0
10100, 17096232, 0, 0, 0
10205, 19030441, 0, 0, 0
10303, 16129830, 0, 0, 0
10405, 15153956, 0, 0, 0
10500, 21825587, 0, 0, 0
10600, 16551143, 0, 0, 0
10703, 17864549, 0, 0, 0
10809, 14863597, 0, 0, 0
10908, 17350795, 0, 0, 0
11001, 28073888, 0, 0, 0
11102, 15692948, 0, 0, 0
11202, 14596312, 0, 0, 0
11304, 17709510, 0, 0, 0
11400, 17711699, 0, 0, 0
11501, 15585016, 0, 0, 0
11605, 18999964, 0, 0, 0
11706, 15841224, 0, 0, 0
11802, 17423692, 0, 0, 0
11901, 17411878, 0, 0, 0
12000, 18988094, 0, 0, 0
12100, 19736245, 0, 0, 0
12204, 19215087, 0, 0, 0
12306, 19945420, 0, 0, 0
12402, 17260296, 0, 0, 0
12502, 13540515, 0, 0, 0
12604, 17080955, 0, 0, 0
12702, 17373726, 0, 0, 0
12803, 16278459, 0, 0, 0
12900, 18212582, 0, 0, 0
13002, 17024064, 0, 0, 0
13106, 17676825, 0, 0, 0
13202, 18458906, 0, 0, 0
13300, 18378753, 0, 0, 0
13404, 15626069, 0, 0, 0
13501, 21000374, 0, 0, 0
13602, 23702376, 0, 0, 0
13704, 12680757, 0, 0, 0
13802, 17117539, 0, 0, 0
13904, 15293782, 0, 0, 0
14003, 12824735, 0, 0, 0
14105, 12045560, 0, 0, 0
14201, 20383067, 0, 0, 0
14301, 17713460, 0, 0, 0
14404, 18655505, 0, 0, 0
14500, 16475080, 0, 0, 0
14601, 15637507, 0, 0, 0
14700, 15671934, 0, 0, 0
14812, 16062143, 0, 0, 0
14910, 20953554, 0, 0, 0
15000, 14148613, 0, 0, 0
15101, 16942833, 0, 0, 0
15208, 18811751, 0, 0, 0
15310, 19726606, 0, 0, 0
15402, 17937445, 0, 0, 0
15500, 17167972, 0, 0, 0
15602, 20560169, 0, 0, 0
15702, 15060237, 0, 0, 0
15804, 13452974, 0, 0, 0
15908, 17684113, 0, 0, 0
16001, 18436077, 0, 0, 0
16103, 15462729, 0, 0, 0
16201, 18394191, 0, 0, 0
16301, 13938345, 0, 0, 0
16400, 20706455, 0, 0, 0
16502, 15853441, 0, 0, 0
16601, 17490986, 0, 0, 0
16702, 22466264, 0, 0, 0
16801, 21844798, 0, 0, 0
16901, 15032818, 0, 0, 0
17000, 16254790, 0, 0, 0
17104, 20514801, 0, 0, 0
17200, 16742779, 0, 0, 0
17302, 15365382, 0, 0, 0
17403, 24864325, 0, 0, 0
17504, 16202866, 0, 0, 0
17601, 15122932, 0, 0, 0
17701, 15606139, 0, 0, 0
17802, 15748997, 0, 0, 0
17901, 15022904, 0, 0, 0
18005, 19400620, 0, 0, 0
18104, 22836122, 0, 0, 0
18208, 25542637, 0, 0, 0
18309, 13803890, 0, 0, 0
18404, 19678109, 0, 0, 0
18503, 14185372, 0, 0, 0
18601, 17114756, 0, 0, 0
18704, 16916343, 0, 0, 0
18802, 13647773, 0, 0, 0
18901, 24185366, 0, 0, 0
19001, 16451619, 0, 0, 0
19102, 22132523, 0, 0, 0
19203, 14160913, 0, 0, 0
19304, 20220370, 0, 0, 0
19401, 14612074, 0, 0, 0
19500, 15455726, 0, 0, 0
19603, 24640765, 0, 0, 0
19703, 15007547, 0, 0, 0
19804, 21543869, 0, 0, 0
19901, 18007701, 0, 0, 0
20000, 15037599, 0, 0, 0
20102, 18323954, 0, 0, 0
20202, 19053854, 0, 0, 0
20303, 14466614, 0, 0, 0
20409, 14378374, 0, 0, 0
20500, 18468317, 0, 0, 0
20600, 16808989, 0, 0, 0
20704, 16598050, 0, 0, 0
20800, 18214501, 0, 0, 0
20900, 13710415, 0, 0, 0
21002, 19108725, 0, 0, 0
21100, 18140527, 0, 0, 0
21201, 20380161, 0, 0, 0
21301, 23977218, 0, 0, 0
21405, 23248213, 0, 0, 0
21502, 12826333, 0, 0, 0
21601, 17270248, 0, 0, 0
21703, 17033979, 0, 0, 0
21802, 18150025, 0, 0, 0
21907, 31013746, 0, 0, 0
22000, 18074927, 0, 0, 0
22100, 14167453, 0, 0, 0
22202, 19904305, 0, 0, 0
22300, 18655400, 0, 0, 0
22400, 19651972, 0, 0, 0
22500, 17263977, 0, 0, 0
22603, 14962181, 0, 0, 0
22705, 18090534, 0, 0, 0
22800, 17142860, 0, 0, 0
22903, 20050814, 0, 0, 0
23005, 16955998, 0, 0, 0
23100, 23245019, 0, 0, 0
23200, 15155777, 0, 0, 0
23300, 12289493, 0, 0, 0
23404, 20886296, 0, 0, 0
23501, 15309267, 0, 0, 0
23600, 14737195, 0, 0, 0
23700, 16209416, 0, 0, 0
23810, 17222298, 0, 0, 0
23905, 14563716, 0, 0, 0
24007, 16882767, 0, 0, 0
24104, 18146284, 0, 0, 0
24208, 20439982, 0, 0, 0
24308, 16621630, 0, 0, 0
24402, 19805064, 0, 0, 0
24504, 12352360, 0, 0, 0
24601, 13897093, 0, 0, 0
24700, 17720553, 0, 0, 0
24803, 15841567, 0, 0, 0
24903, 16876159, 0, 0, 0
25002, 16907147, 0, 0, 0
25102, 12790253, 0, 0, 0
25206, 18454248, 0, 0, 0
25301, 15071919, 0, 0, 0
25401, 18523060, 0, 0, 0
25507, 16026560, 0, 0, 0
25600, 19597082, 0, 0, 0
25703, 15704488, 0, 0, 0
25801, 16701173, 0, 0, 0
25900, 16745457, 0, 0, 0
26002, 23112810, 0, 0, 0
26100, 17530267, 0, 0, 0
26201, 14679647, 0, 0, 0
26303, 12489052, 0, 0, 0
26406, 19632452, 0, 0, 0
26503, 18923548, 0, 0, 0
26601, 16187274, 0, 0, 0
26701, 16830257, 0, 0, 0
26800, 20516798, 0, 0, 0
26900, 20648644, 0, 0, 0
27004, 20426638, 0, 0, 0
27100, 16005521, 0, 0, 0
27201, 20014252, 0, 0, 0
27305, 19005173, 0, 0, 0
27404, 18053714, 0, 0, 0
27503, 14517294, 0, 0, 0
27605, 18210517, 0, 0, 0
27700, 18023440, 0, 0, 0
27803, 17268689, 0, 0, 0
27901, 15473321, 0, 0, 0
28001, 16746536, 0, 0, 0
28102, 21181395, 0, 0, 0
28201, 14983141, 0, 0, 0
28301, 15253462, 0, 0, 0
28400, 18451055, 0, 0, 0
28505, 14880928, 0, 0, 0
28604, 19970825, 0, 0, 0
28701, 17435485, 0, 0, 0
28801, 22818221, 0, 0, 0
28910, 21512860, 0, 0, 0
29003, 18308847, 0, 0, 0
29106, 21716584, 0, 0, 0
29202, 16190190, 0, 0, 0
29308, 21731422, 0, 0, 0
29403, 17159858, 0, 0, 0
29502, 14898428, 0, 0, 0
29603, 18183341, 0, 0, 0
29702, 21388025, 0, 0, 0
29805, 15950537, 0, 0, 0
29907, 21259431, 0, 0, 0
30001, 20120656, 0, 0, 0
30101, 16179403, 0, 0, 0
30204, 17802717, 0, 0, 0
30300, 21181565, 0, 0, 0
30406, 21266144, 0, 0, 0
30506, 17620134, 0, 0, 0
30600, 21143331, 0, 0, 0
30701, 18567547, 0, 0, 0
30804, 17530166, 0, 0, 0
30907, 15917683, 0, 0, 0
31006, 16683279, 0, 0, 0
31103, 20841501, 0, 0, 0
31201, 19803840, 0, 0, 0
31306, 18586764, 0, 0, 0
31405, 19172854, 0, 0, 0
31501, 19488165, 0, 0, 0
31605, 17113117, 0, 0, 0
31704, 21234625, 0, 0, 0
31808, 15941305, 0, 0, 0
31919, 20313509, 0, 0, 0
32000, 42134994, 0, 0, 0
32104, 20091437, 0, 0, 0
32204, 20066735, 0, 0, 0
32301, 18227384, 0, 0, 0
32405, 16578501, 0, 0, 0
32500, 14852848, 0, 0, 0
32602, 15905996, 0, 0, 0
32700, 19457818, 0, 0, 0
32802, 17078458, 0, 0, 0
32903, 22171065, 0, 0, 0
33004, 16474960, 0, 0, 0
33104, 26789319, 0, 0, 0
33202, 16680800, 0, 0, 0
33311, 15150507, 0, 0, 0
33403, 17309610, 0, 0, 0
33502, 18049256, 0, 0, 0
33602, 12869589, 0, 0, 0
33700, 22956162, 0, 0, 0
33801, 15147383, 0, 0, 0
33900, 21368823, 0, 0, 0
34000, 18536856, 0, 0, 0
34110, 13902826, 0, 0, 0
34203, 20545004, 0, 0, 0
34302, 17414168, 0, 0, 0
34405, 18874880, 0, 0, 0
34500, 16526966, 0, 0, 0
34611, 18314994, 0, 0, 0
34700, 16357773, 0, 0, 0
34800, 17847821, 0, 0, 0
34901, 19476586, 0, 0, 0
35001, 16336341, 0, 0, 0
35108, 17703289, 0, 0, 0
35200, 19325233, 0, 0, 0
35300, 16518422, 0, 0, 0
35403, 18551915, 0, 0, 0
35500, 22976565, 0, 0, 0
35601, 16288783, 0, 0, 0
35704, 17381169, 0, 0, 0
35800, 18133826, 0, 0, 0
35901, 17634017, 0, 0, 0
36003, 16884659, 0, 0, 0
36100, 15909756, 0, 0, 0
36201, 16199927, 0, 0, 0
36300, 16668911, 0, 0, 0
36403, 19699642, 0, 0, 0
36501, 17921714, 0, 0, 0
36600, 18282916, 0, 0, 0
36700, 19310870, 0, 0, 0
36800, 16276020, 0, 0, 0
36902, 16554859, 0, 0, 0
37000, 11927157, 0, 0, 0
37100, 14436918, 0, 0, 0
37203, 17765948, 0, 0, 0
37304, 18814791, 0, 0, 0
37402, 15494811, 0, 0, 0
37508, 18423087, 0, 0, 0
37600, 19729518, 0, 0, 0
37702, 15953592, 0, 0, 0
37801, 17424536, 0, 0, 0
37901, 18191985, 0, 0, 0
38000, 20241737, 0, 0, 0
38102, 20191032, 0, 0, 0
38200, 19058658, 0, 0, 0
38301, 21136057, 0, 0, 0
38401, 18047394, 0, 0, 0
38503, 16981637, 0, 0, 0
38600, 19488353, 0, 0, 0
38702, 18256969, 0, 0, 0
38802, 18685812, 0, 0, 0
38903, 18551408, 0, 0, 0
39000, 18243812, 0, 0, 0
39100, 14879069, 0, 0, 0
39205, 24160447, 0, 0, 0
39304, 24321551, 0, 0, 0
39400, 15896512, 0, 0, 0
39503, 19993591, 0, 0, 0
39602, 17085641, 0, 0, 0
39700, 16042085, 0, 0, 0
39805, 15120824, 0, 0, 0
39900, 16378543, 0, 0, 0
40000, 15669467, 0, 0, 0
40100, 14651872, 0, 0, 0
40202, 20210622, 0, 0, 0
40302, 20627575, 0, 0, 0
40403, 14049611, 0, 0, 0
40500, 17297875, 0, 0, 0
40600, 16234695, 0, 0, 0
40708, 16050462, 0, 0, 0
40801, 15548779, 0, 0, 0
40904, 27837381, 0, 0, 0
41000, 16279319, 0, 0, 0
41103, 14239932, 0, 0, 0
41202, 22446153, 0, 0, 0
41300, 22071983, 0, 0, 0
41408, 15128783, 0, 0, 0
41501, 19225035, 0, 0, 0
41607, 18645133, 0, 0, 0
41701, 20347166, 0, 0, 0
41800, 20972596, 0, 0, 0
41901, 13765772, 0, 0, 0
42002, 17892409, 0, 0, 0
42100, 17323037, 0, 0, 0
42201, 16744127, 0, 0, 0
42308, 13903473, 0, 0, 0
42405, 21559095, 0, 0, 0
42504, 18615935, 0, 0, 0
42605, 16468930, 0, 0, 0
42711, 14147832, 0, 0, 0
42806, 14725374, 0, 0, 0
42904, 18039610, 0, 0, 0
43009, 16880459, 0, 0, 0
43105, 16242397, 0, 0, 0
43200, 18689285, 0, 0, 0
43303, 13238290, 0, 0, 0
43405, 14875209, 0, 0, 0
43502, 17392629, 0, 0, 0
43601, 15843935, 0, 0, 0
43703, 17410837, 0, 0, 0
43803, 16252766, 0, 0, 0
43900, 21015601, 0, 0, 0
44000, 16887963, 0, 0, 0
44115, 19824274, 0, 0, 0
44207, 19333744, 0, 0, 0
44301, 19364986, 0, 0, 0
44404, 18692219, 0, 0, 0
44503, 25602634, 0, 0, 0
44602, 16442227, 0, 0, 0
44702, 17431649, 0, 0, 0
44801, 18860814, 0, 0, 0
44904, 16222047, 0, 0, 0
45005, 14246082, 0, 0, 0
45101, 16107767, 0, 0, 0
45207, 16569936, 0, 0, 0
45300, 17504883, 0, 0, 0
45402, 15476368, 0, 0, 0
45505, 18599865, 0, 0, 0
45603, 27740231, 0, 0, 0
45703, 21133872, 0, 0, 0
45807, 13845216, 0, 0, 0
45903, 17909666, 0, 0, 0
46001, 23921341, 0, 0, 0
46102, 30777420, 0, 0, 0
46203, 16364272, 0, 0, 0
46300, 39072794, 0, 0, 0
46400, 25779161, 0, 0, 0
46505, 20536361, 0, 0, 0
46602, 23701821, 0, 0, 0
46710, 20581537, 0, 0, 0
46802, 16140626, 0, 0, 0
46900, 19311446, 0, 0, 0
47000, 17008586, 0, 0, 0
47104, 18135020, 0, 0, 0
47200, 22116152, 0, 0, 0
47300, 21573804, 0, 0, 0
47403, 16247189, 0, 0, 0
47504, 16615525, 0, 0, 0
47602, 19568820, 0, 0, 0
47702, 16035168, 0, 0, 0
47807, 27441691, 0, 0, 0
47902, 18639465, 0, 0, 0
48004, 16880391, 0, 0, 0
48100, 22439350, 0, 0, 0
48202, 17902068, 0, 0, 0
48301, 18769156, 0, 0, 0
48400, 15753454, 0, 0, 0
48501, 19749024, 0, 0, 0
48604, 17456700, 0, 0, 0
48706, 22142309, 0, 0, 0
48800, 18650523, 0, 0, 0
48900, 17429703, 0, 0, 0
49000, 16344745, 0, 0, 0
49101, 17790313, 0, 0, 0
49208, 17279453, 0, 0, 0
49301, 14295471, 0, 0, 0
49406, 18732176, 0, 0, 0
49512, 16268309, 0, 0, 0
49605, 21327166, 0, 0, 0
49700, 18011777, 0, 0, 0
49801, 18642987, 0, 0, 0
49907, 18228913, 0, 0, 0
50002, 18720160, 0, 0, 0
50102, 18138966, 0, 0, 0
50204, 17623151, 0, 0, 0
50305, 19146360, 0, 0, 0
50400, 16374444, 0, 0, 0
50502, 16406496, 0, 0, 0
50604, 17919865, 0, 0, 0
50700, 14582645, 0, 0, 0
50808, 18947926, 0, 0, 0
50901, 19487423, 0, 0, 0
51001, 22054063, 0, 0, 0
51100, 22805298, 0, 0, 0
51202, 18858824, 0, 0, 0
51304, 20348166, 0, 0, 0
51401, 15020279, 0, 0, 0
51505, 20080697, 0, 0, 0
51602, 13316966, 0, 0, 0
51700, 15148575, 0, 0, 0
51801, 27318907, 0, 0, 0
51909, 29560664, 0, 0, 0
52003, 20448879, 0, 0, 0
52102, 17819576, 0, 0, 0
52203, 14735271, 0, 0, 0
52300, 17816325, 0, 0, 0
52403, 12367594, 0, 0, 0
52501, 15229581, 0, 0, 0
52600, 19952506, 0, 0, 0
52710, 18097592, 0, 0, 0
52800, 14728162, 0, 0, 0
52901, 19774479, 0, 0, 0
53002, 15407367, 0, 0, 0
53104, 16407644, 0, 0, 0
53201, 19098168, 0, 0, 0
53300, 17520382, 0, 0, 0
53402, 15097356, 0, 0, 0
53502, 16532253, 0, 0, 0
53601, 19966192, 0, 0, 0
53700, 16388633, 0, 0, 0
53801, 15272031, 0, 0, 0
53901, 28287145, 0, 0, 0
54005, 16457758, 0, 0, 0
54103, 12236246, 0, 0, 0
54201, 20656281, 0, 0, 0
54301, 21773566, 0, 0, 0
54405, 19587869, 0, 0, 0
54500, 15827880, 0, 0, 0
54603, 14981631, 0, 0, 0
54701, 14570883, 0, 0, 0
54804, 23251691, 0, 0, 0
54902, 32500576, 0, 0, 0
55001, 19287849, 0, 0, 0
55104, 18405802, 0, 0, 0
55202, 15462060, 0, 0, 0
55300, 16134063, 0, 0, 0
55407, 17646620, 0, 0, 0
55501, 18555926, 0, 0, 0
55603, 18086855, 0, 0, 0
55703, 14070685, 0, 0, 0
55800, 13646788, 0, 0, 0
55900, 16740566, 0, 0, 0
56001, 17947538, 0, 0, 0
56101, 18466259, 0, 0, 0
56200, 16959002, 0, 0, 0
56301, 19034309, 0, 0, 0
56401, 16673727, 0, 0, 0
56503, 26201715, 0, 0, 0
56600, 19203209, 0, 0, 0
56701, 17555121, 0, 0, 0
56801, 18247186, 0, 0, 0
56901, 16276060, 0, 0, 0
57004, 17354951, 0, 0, 0
57100, 20667695, 0, 0, 0
57200, 23979608, 0, 0, 0
57305, 19698350, 0, 0, 0
57402, 17145739, 0, 0, 0
57500, 23187310, 0, 0, 0
57603, 17120825, 0, 0, 0
57700, 14266872, 0, 0, 0
57803, 22005516, 0, 0, 0
57903, 14195329, 0, 0, 0
58006, 18166434, 0, 0, 0
58100, 23437948, 0, 0, 0
58207, 14931745, 0, 0, 0
58302, 17345542, 0, 0, 0
58401, 18966350, 0, 0, 0
58505, 17640293, 0, 0, 0
58602, 14972721, 0, 0, 0
58701, 22345510, 0, 0, 0
58807, 15128587, 0, 0, 0
58901, 18090896, 0, 0, 0
59001, 14495019, 0, 0, 0
59103, 13728697, 0, 0, 0
59201, 14907158, 0, 0, 0
59300, 14426432, 0, 0, 0
59400, 14506090, 0, 0, 0
59504, 21720085, 0, 0, 0
59601, 22521497, 0, 0, 0
59701, 25161711, 0, 0, 0
59805, 20871944, 0, 0, 0
59900, 17663182, 0, 0, 0
60002, 15890976, 0, 0, 0
60100, 20160729, 0, 0, 0
60203, 19192322, 0, 0, 0
60302, 14503463, 0, 0, 0
60404, 22295524, 0, 0, 0
60504, 18600301, 0, 0, 0
60604, 16345998, 0, 0, 0
60701, 19297554, 0, 0, 0
60809, 15538705, 0, 0, 0
60901, 22910743, 0, 0, 0
61005, 24118346, 0, 0, 0
61102, 16623826, 0, 0, 0
61209, 15438013, 0, 0, 0
61301, 24628523, 0, 0, 0
61404, 15319223, 0, 0, 0
61503, 17071349, 0, 0, 0
61602, 17574557, 0, 0, 0
61703, 14366467, 0, 0, 0
61807, 21143961, 0, 0, 0
61902, 17334579, 0, 0, 0
62005, 16701272, 0, 0, 0
62112, 17864221, 0, 0, 0
62208, 17550057, 0, 0, 0
62305, 19963721, 0, 0, 0
62400, 17171520, 0, 0, 0
62501, 12950628, 0, 0, 0
62600, 18545915, 0, 0, 0
62700, 21943171, 0, 0, 0
62804, 19215861, 0, 0, 0
62900, 17129099, 0, 0, 0
63002, 17529814, 0, 0, 0
63101, 17683009, 0, 0, 0
63206, 15491902, 0, 0, 0
63300, 15873054, 0, 0, 0
63403, 16612507, 0, 0, 0
63502, 20195114, 0, 0, 0
63600, 15546914, 0, 0, 0
63704, 19000075, 0, 0, 0
63801, 13999377, 0, 0, 0
63905, 19381003, 0, 0, 0
64001, 18993297, 0, 0, 0
64101, 17522666, 0, 0, 0
64200, 15480385, 0, 0, 0
64301, 22565059, 0, 0, 0
64400, 17427304, 0, 0, 0
64503, 16438521, 0, 0, 0
64603, 19821007, 0, 0, 0
64701, 14889912, 0, 0, 0
64800, 18817972, 0, 0, 0
64902, 13429173, 0, 0, 0
65001, 11582341, 0, 0, 0
65100, 19610235, 0, 0, 0
65200, 13144783, 0, 0, 0
65301, 20052229, 0, 0, 0
65401, 30536214, 0, 0, 0
65502, 24977567, 0, 0, 0
65600, 15896816, 0, 0, 0
65706, 17323165, 0, 0, 0
65807, 19681126, 0, 0, 0
65902, 17597284, 0, 0, 0
66001, 18528978, 0, 0, 0
66100, 17108744, 0, 0, 0
66201, 20500267, 0, 0, 0
66301, 14553164, 0, 0, 0
66404, 19701535, 0, 0, 0
66500, 15960067, 0, 0, 0
66604, 17026156, 0, 0, 0
66700, 16684703, 0, 0, 0
66800, 16817832, 0, 0, 0
66900, 17961685, 0, 0, 0
67005, 16535091, 0, 0, 0
67100, 23028652, 0, 0, 0
67204, 16362636, 0, 0, 0
67308, 19740808, 0, 0, 0
67406, 23099212, 0, 0, 0
67500, 23825191, 0, 0, 0
67603, 17806458, 0, 0, 0
67701, 17447835, 0, 0, 0
67800, 18344641, 0, 0, 0
67900, 15483488, 0, 0, 0
68009, 15590129, 0, 0, 0
68105, 21051865, 0, 0, 0
68201, 12787286, 0, 0, 0
68301, 13568951, 0, 0, 0
68404, 17899717, 0, 0, 0
68500, 21376679, 0, 0, 0
68602, 18400697, 0, 0, 0
68700, 19847905, 0, 0, 0
68800, 16905386, 0, 0, 0
68902, 14679805, 0, 0, 0
69003, 16543383, 0, 0, 0
69100, 16743726, 0, 0, 0
69200, 14778515, 0, 0, 0
69300, 14721620, 0, 0, 0
69401, 18885500, 0, 0, 0
69503, 12830530, 0, 0, 0
69600, 18013352, 0, 0, 0
69704, 16312247, 0, 0, 0
69806, 17516292, 0, 0, 0
69903, 16562344, 0, 0, 0
70000, 16950029, 0, 0, 0
70102, 15622380, 0, 0, 0
70202, 18938403, 0, 0, 0
70300, 14227539, 0, 0, 0
70406, 17779086, 0, 0, 0
70501, 18848904, 0, 0, 0
70602, 14965124, 0, 0, 0
70700, 18584337, 0, 0, 0
70804, 22932407, 0, 0, 0
70903, 14762489, 0, 0, 0
71001, 16935533, 0, 0, 0
71101, 16234446, 0, 0, 0
71200, 12430627, 0, 0, 0
71300, 14768836, 0, 0, 0
71401, 14436576, 0, 0, 0
71503, 13090276, 0, 0, 0
71600, 17377389, 0, 0, 0
71703, 16391044, 0, 0, 0
71800, 15561464, 0, 0, 0
71903, 27555239, 0, 0, 0
72001, 18982764, 0, 0, 0
72100, 24375156, 0, 0, 0
72201, 18955999, 0, 0, 0
72300, 23047784, 0, 0, 0
72400, 15941202, 0, 0, 0
72502, 16540083, 0, 0, 0
72608, 17987904, 0, 0, 0
72702, 18227022, 0, 0, 0
72803, 18576897, 0, 0, 0
72900, 20042142, 0, 0, 0
73007, 17371439, 0, 0, 0
73101, 15326240, 0, 0, 0
73201, 14585854, 0, 0, 0
73308, 13988499, 0, 0, 0
73406, 15235842, 0, 0, 0
73505, 20283196, 0, 0, 0
73600, 18243543, 0, 0, 0
73701, 14385058, 0, 0, 0
73806, 17935524, 0, 0, 0
73905, 19577925, 0, 0, 0
74003, 17398260, 0, 0, 0
74101, 19078877, 0, 0, 0
74204, 18861523, 0, 0, 0
74301, 17290069, 0, 0, 0
74401, 19170147, 0, 0, 0
74501, 25076400, 0, 0, 0
74600, 20705640, 0, 0, 0
74700, 18551097, 0, 0, 0
74806, 16083353, 0, 0, 0
74902, 18379931, 0, 0, 0
75001, 16536717, 0, 0, 0
75103, 13989086, 0, 0, 0
75202, 21345098, 0, 0, 0
75309, 14539987, 0, 0, 0
75400, 19908986, 0, 0, 0
75501, 16772279, 0, 0, 0
75601, 16166209, 0, 0, 0
75701, 29156850, 0, 0, 0
75802, 16689678, 0, 0, 0
75901, 21299958, 0, 0, 0
76004, 17494591, 0, 0, 0
76106, 20933530, 0, 0, 0
76201, 19397398, 0, 0, 0
76301, 17731381, 0, 0, 0
76400, 22471360, 0, 0, 0
76504, 19264412, 0, 0, 0
76608, 18769640, 0, 0, 0
76703, 12133546, 0, 0, 0
76801, 15651802, 0, 0, 0
76903, 15934974, 0, 0, 0
77002, 17949620, 0, 0, 0
77100, 19777058, 0, 0, 0
77200, 17020879, 0, 0, 0
77313, 19685774, 0, 0, 0
77406, 22119263, 0, 0, 0
77502, 25037985, 0, 0, 0
77600, 16523824, 0, 0, 0
77702, 17668226, 0, 0, 0
77803, 21348800, 0, 0, 0
77901, 22431511, 0, 0, 0
78000, 18924387, 0, 0, 0
78100, 16607185, 0, 0, 0
78204, 16338847, 0, 0, 0
78302, 17639603, 0, 0, 0
78402, 16566164, 0, 0, 0
78500, 17065821, 0, 0, 0
78601, 17151461, 0, 0, 0
78700, 15687859, 0, 0, 0
78801, 15595233, 0, 0, 0
78905, 19269058, 0, 0, 0
79008, 21521626, 0, 0, 0
79107, 25608796, 0, 0, 0
79201, 20269837, 0, 0, 0
79301, 18752655, 0, 0, 0
79402, 15456579, 0, 0, 0
79503, 18769095, 0, 0, 0
79603, 23638127, 0, 0, 0
79700, 22827716, 0, 0, 0
79801, 21251885, 0, 0, 0
79908, 11663813, 0, 0, 0
80002, 24294345, 0, 0, 0
80102, 12993092, 0, 0, 0
80203, 13710217, 0, 0, 0
80307, 24785528, 0, 0, 0
80400, 11555152, 0, 0, 0
80501, 21305760, 0, 0, 0
80600, 16892751, 0, 0, 0
80700, 18630155, 0, 0, 0
80800, 15541772, 0, 0, 0
80908, 17066352, 0, 0, 0
81001, 17276472, 0, 0, 0
81102, 24598182, 0, 0, 0
81200, 16440277, 0, 0, 0
81303, 20100286, 0, 0, 0
81406, 16977131, 0, 0, 0
81501, 15135826, 0, 0, 0
81600, 23437673, 0, 0, 0
81700, 18928864, 0, 0, 0
81800, 18821488, 0, 0, 0
81904, 17183022, 0, 0, 0
82005, 16978617, 0, 0, 0
82102, 13756374, 0, 0, 0
82205, 12677526, 0, 0, 0
82304, 21302384, 0, 0, 0
82403, 18853988, 0, 0, 0
82500, 18303760, 0, 0, 0
82603, 19420474, 0, 0, 0
82702, 15399798, 0, 0, 0
82801, 20812844, 0, 0, 0
82900, 24004996, 0, 0, 0
83000, 19182467, 0, 0, 0
83101, 17299241, 0, 0, 0
83209, 16545307, 0, 0, 0
83300, 16150202, 0, 0, 0
83405, 15934450, 0, 0, 0
83500, 20117332, 0, 0, 0
83602, 16183858, 0, 0, 0
83702, 19673218, 0, 0, 0
83800, 22367108, 0, 0, 0
83900, 22998684, 0, 0, 0
84000, 13096018, 0, 0, 0
84101, 16206278, 0, 0, 0
84203, 20865924, 0, 0, 0
84301, 16770028, 0, 0, 0
84400, 17372977, 0, 0, 0
84504, 15645814, 0, 0, 0
84600, 23688645, 0, 0, 0
84701, 17169746, 0, 0, 0
84801, 18235363, 0, 0, 0
84905, 16233779, 0, 0, 0
85001, 15050567, 0, 0, 0
85107, 22970166, 0, 0, 0
85208, 18864202, 0, 0, 0
85304, 20082425, 0, 0, 0
85400, 14229596, 0, 0, 0
85502, 15493723, 0, 0, 0
85604, 14341163, 0, 0, 0
85704, 21128049, 0, 0, 0
85801, 15569050, 0, 0, 0
85903, 13222116, 0, 0, 0
86009, 14831520, 0, 0, 0
86102, 17033253, 0, 0, 0
86214, 15557108, 0, 0, 0
86301, 24523699, 0, 0, 0
86402, 14438387, 0, 0, 0
86500, 16037790, 0, 0, 0
86602, 14209251, 0, 0, 0
86704, 23328398, 0, 0, 0
86800, 19894711, 0, 0, 0
86903, 14907957, 0, 0, 0
87000, 11639877, 0, 0, 0
87101, 18744454, 0, 0, 0
87200, 13230307, 0, 0, 0
87306, 14208952, 0, 0, 0
87400, 18339884, 0, 0, 0
87503, 17743202, 0, 0, 0
87605, 17999978, 0, 0, 0
87702, 18919834, 0, 0, 0
87803, 21898317, 0, 0, 0
87904, 24296101, 0, 0, 0
88000, 16537617, 0, 0, 0
88102, 17843920, 0, 0, 0
88200, 13829410, 0, 0, 0
88303, 19995048, 0, 0, 0
88400, 20260201, 0, 0, 0
88500, 19141605, 0, 0, 0
88607, 17602630, 0, 0, 0
88702, 12966511, 0, 0, 0
88800, 18695299, 0, 0, 0
88901, 18918632, 0, 0, 0
89001, 16348802, 0, 0, 0
89108, 14167176, 0, 0, 0
89206, 24648371, 0, 0, 0
89300, 15751731, 0, 0, 0
89410, 19513629, 0, 0, 0
89504, 19831113, 0, 0, 0
89601, 18503551, 0, 0, 0
89700, 16561467, 0, 0, 0
89802, 25027535, 0, 0, 0
89900, 14408093, 0, 0, 0
90001, 15042307, 0, 0, 0
90106, 24996353, 0, 0, 0
90201, 16033275, 0, 0, 0
90301, 20919977, 0, 0, 0
90400, 18951382, 0, 0, 0
90504, 14193450, 0, 0, 0
90609, 16777122, 0, 0, 0
90702, 17134231, 0, 0, 0
90801, 17398833, 0, 0, 0
90902, 14853445, 0, 0, 0
91002, 17213062, 0, 0, 0
91100, 23471255, 0, 0, 0
91205, 15768282, 0, 0, 0
91304, 15758840, 0, 0, 0
91404, 13801801, 0, 0, 0
91500, 13216737, 0, 0, 0
91601, 17925652, 0, 0, 0
91703, 15225025, 0, 0, 0
91804, 16815042, 0, 0, 0
91900, 23025120, 0, 0, 0
92001, 14999202, 0, 0, 0
92105, 20427017, 0, 0, 0
92209, 18634596, 0, 0, 0
92301, 15231788, 0, 0, 0
92401, 20896459, 0, 0, 0
92502, 16046180, 0, 0, 0
92606, 19802683, 0, 0, 0
92701, 19924647, 0, 0, 0
92802, 16996683, 0, 0, 0
92903, 22945828, 0, 0, 0
93003, 24052288, 0, 0, 0
93101, 19825514, 0, 0, 0
93202, 13041242, 0, 0, 0
93301, 17671870, 0, 0, 0
93405, 20494286, 0, 0, 0
93502, 34799924, 0, 0, 0
93602, 14707895, 0, 0, 0
93700, 13406457, 0, 0, 0
93802, 21540940, 0, 0, 0
93900, 14022760, 0, 0, 0
94003, 17340775, 0, 0, 0
94100, 25529558, 0, 0, 0
94202, 16248814, 0, 0, 0
94300, 13542258, 0, 0, 0
94405, 19577443, 0, 0, 0
94501, 23450198, 0, 0, 0
94605, 16387447, 0, 0, 0
94701, 16052893, 0, 0, 0
94800, 20107893, 0, 0, 0
94900, 11526012, 0, 0, 0
95005, 19659528, 0, 0, 0
95100, 17453989, 0, 0, 0
95201, 19389939, 0, 0, 0
95300, 17056423, 0, 0, 0
95403, 14071494, 0, 0, 0
95502, 17082968, 0, 0, 0
95600, 15398323, 0, 0, 0
95700, 17849771, 0, 0, 0
95800, 20083990, 0, 0, 0
95902, 17057211, 0, 0, 0
96000, 16286009, 0, 0, 0
96105, 15091543, 0, 0, 0
96204, 18759241, 0, 0, 0
96306, 12236993, 0, 0, 0
96400, 18679899, 0, 0, 0
96501, 17333840, 0, 0, 0
96601, 16074384, 0, 0, 0
96701, 13098863, 0, 0, 0
96805, 16597658, 0, 0, 0
96900, 13907631, 0, 0, 0
97001, 19712037, 0, 0, 0
97101, 14820319, 0, 0, 0
97203, 14402256, 0, 0, 0
97303, 16654197, 0, 0, 0
97401, 20009493, 0, 0, 0
97502, 18221648, 0, 0, 0
97603, 17932369, 0, 0, 0
97705, 15469011, 0, 0, 0
97802, 17011241, 0, 0, 0
97902, 18475913, 0, 0, 0
98002, 18396491, 0, 0, 0
98101, 14181704, 0, 0, 0
98200, 13311934, 0, 0, 0
98304, 16695578, 0, 0, 0
98400, 18427623, 0, 0, 0
98504, 18917216, 0, 0, 0
98603, 16290271, 0, 0, 0
98700, 17668296, 0, 0, 0
98802, 15854090, 0, 0, 0
98903, 17006158, 0, 0, 0
99001, 10854995, 0, 0, 0
99104, 23440153, 0, 0, 0
99200, 15785247, 0, 0, 0
99303, 15919329, 0, 0, 0
99402, 22627508, 0, 0, 0
99503, 15466055, 0, 0, 0
99601, 19205023, 0, 0, 0
99702, 20989577, 0, 0, 0
99800, 18940497, 0, 0, 0
99902, 18683244, 0, 0, 0
100007, 15487437, 0, 0, 0
100101, 26540247, 0, 0, 0
100201, 15954764, 0, 0, 0
100300, 14510805, 0, 0, 0
100410, 16648949, 0, 0, 0
100500, 14448839, 0, 0, 0
100602, 20025052, 0, 0, 0
100701, 18200909, 0, 0, 0
100800, 17324344, 0, 0, 0
100900, 26383597, 0, 0, 0
101004, 14787243, 0, 0, 0
101100, 20836320, 0, 0, 0
101200, 16236314, 0, 0, 0
101305, 16327786, 0, 0, 0
101400, 20579169, 0, 0, 0
101502, 17172404, 0, 0, 0
101604, 19486012, 0, 0, 0
101703, 18713664, 0, 0, 0
101803, 12991956, 0, 0, 0
101901, 12982987, 0, 0, 0
102001, 19990838, 0, 0, 0
102100, 18208771, 0, 0, 0
102202, 21574033, 0, 0, 0
102301, 17278284, 0, 0, 0
102405, 23704699, 0, 0, 0
102502, 17313907, 0, 0, 0
102601, 14114943, 0, 0, 0
102706, 16078437, 0, 0, 0
102804, 18445035, 0, 0, 0
102901, 19078312, 0, 0, 0
103005, 16450483, 0, 0, 0
103109, 20907072, 0, 0, 0
103200, 15246035, 0, 0, 0
103304, 19687482, 0, 0, 0
103401, 15903477, 0, 0, 0
103500, 16398521, 0, 0, 0
103602, 20028863, 0, 0, 0
103706, 20771964, 0, 0, 0
103803, 17966539, 0, 0, 0
103903, 20335213, 0, 0, 0
104000, 17810097, 0, 0, 0
104100, 16491173, 0, 0, 0
104200, 18227267, 0, 0, 0
104303, 13165699, 0, 0, 0
104405, 15012723, 0, 0, 0
104502, 17964116, 0, 0, 0
104600, 16994839, 0, 0, 0
104701, 14656008, 0, 0, 0
104800, 17632813, 0, 0, 0
104900, 20537780, 0, 0, 0
105000, 12621938, 0, 0, 0
105100, 20040749, 0, 0, 0
105200, 23885358, 0, 0, 0
105301, 18301155, 0, 0, 0
105403, 17861881, 0, 0, 0
105502, 18458068, 0, 0, 0
105602, 17132085, 0, 0, 0
105700, 19447830, 0, 0, 0
105807, 21936028, 0, 0, 0
105903, 14981022, 0, 0, 0
106002, 20186652, 0, 0, 0
106102, 17165180, 0, 0, 0
106202, 17891449, 0, 0, 0
106300, 14729145, 0, 0, 0
106404, 18529866, 0, 0, 0
106500, 20797280, 0, 0, 0
106605, 15190202, 0, 0, 0
106707, 21268982, 0, 0, 0
106804, 30595128, 0, 0, 0
106901, 19361103, 0, 0, 0
107003, 19705632, 0, 0, 0
107100, 16009442, 0, 0, 0
107202, 28233360, 0, 0, 0
107303, 18070352, 0, 0, 0
107406, 16793328, 0, 0, 0
107500, 13833557, 0, 0, 0
107603, 21438618, 0, 0, 0
107700, 23052583, 0, 0, 0
107802, 18148676, 0, 0, 0
107901, 16683491, 0, 0, 0
108001, 20989709, 0, 0, 0
108101, 17967643, 0, 0, 0
108202, 19258309, 0, 0, 0
108301, 22910641, 0, 0, 0
108401, 18271137, 0, 0, 0
108503, 18230561, 0, 0, 0
108600, 17203133, 0, 0, 0
108702, 19255623, 0, 0, 0
108807, 18409450, 0, 0, 0
108902, 14116752, 0, 0, 0
109000, 19695891, 0, 0, 0
109101, 16778990, 0, 0, 0
109210, 15879975, 0, 0, 0
109301, 20905140, 0, 0, 0
109400, 15058247, 0, 0, 0
109500, 18522666, 0, 0, 0
109600, 14632291, 0, 0, 0
109701, 13200006, 0, 0, 0
109804, 17293558, 0, 0, 0
109903, 14673031, 0, 0, 0
110008, 19426477, 0, 0, 0
110105, 17102770, 0, 0, 0
110222, 33791445, 0, 0, 0
110309, 20535901, 0, 0, 0
110401, 28185561, 0, 0, 0
110513, 19527545, 0, 0, 0
110604, 21193866, 0, 0, 0
110703, 23392361, 0, 0, 0
110803, 17248020, 0, 0, 0
110900, 16101191, 0, 0, 0
111005, 19626136, 0, 0, 0
111104, 19505897, 0, 0, 0
111212, 15926753, 0, 0, 0
111300, 25506732, 0, 0, 0
111401, 26659015, 0, 0, 0
111504, 16992288, 0, 0, 0
111607, 17457948, 0, 0, 0
111702, 21873358, 0, 0, 0
111810, 17678383, 0, 0, 0
111900, 19051356, 0, 0, 0
112001, 18245468, 0, 0, 0
112100, 21046088, 0, 0, 0
112201, 16880452, 0, 0, 0
112300, 18208167, 0, 0, 0
112405, 17827626, 0, 0, 0
112501, 14753127, 0, 0, 0
112600, 16127405, 0, 0, 0
112700, 17325813, 0, 0, 0
112803, 16662511, 0, 0, 0
112900, 23284397, 0, 0, 0
113001, 24274717, 0, 0, 0
113100, 14361906, 0, 0, 0
113200, 19750061, 0, 0, 0
113302, 20896648, 0, 0, 0
113400, 18875751, 0, 0, 0
113502, 18328008, 0, 0, 0
113602, 20554378, 0, 0, 0
113707, 18309674, 0, 0, 0
113802, 17740453, 0, 0, 0
113904, 13465352, 0, 0, 0
114004, 48454466, 0, 0, 0
114100, 15167354, 0, 0, 0
114208, 14483342, 0, 0, 0
114300, 19119717, 0, 0, 0
114401, 19505305, 0, 0, 0
114506, 25942497, 0, 0, 0
114601, 19995179, 0, 0, 0
114704, 17318352, 0, 0, 0
114802, 17888002, 0, 0, 0
114902, 14231416, 0, 0, 0
115000, 18206939, 0, 0, 0
115100, 19451789, 0, 0, 0
115200, 12224322, 0, 0, 0
115326, 21931016, 0, 0, 0
115406, 37316627, 0, 0, 0
115505, 20236768, 0, 0, 0
115601, 12651146, 0, 0, 0
115700, 19822841, 0, 0, 0
115800, 16124603, 0, 0, 0
115900, 18166468, 0, 0, 0
116004, 19378598, 0, 0, 0
116103, 16124151, 0, 0, 0
116201, 19706169, 0, 0, 0
116301, 17571885, 0, 0, 0
116407, 20464469, 0, 0, 0
116500, 18556155, 0, 0, 0
116618, 16456918, 0, 0, 0
116701, 20986211, 0, 0, 0
116802, 23780179, 0, 0, 0
116902, 12882109, 0, 0, 0
117000, 20114349, 0, 0, 0
117103, 16353689, 0, 0, 0
117200, 16642881, 0, 0, 0
117305, 13603163, 0, 0, 0
117401, 17472579, 0, 0, 0
117502, 19629971, 0, 0, 0
117600, 16419309, 0, 0, 0
117705, 19419269, 0, 0, 0
117801, 15418989, 0, 0, 0
117900, 17371891, 0, 0, 0
118000, 15635553, 0, 0, 0
118103, 19906323, 0, 0, 0
118203, 20705180, 0, 0, 0
118301, 18412809, 0, 0, 0
118400, 15075230, 0, 0, 0
118502, 20091957, 0, 0, 0
118600, 17926579, 0, 0, 0
118705, 16434194, 0, 0, 0
118803, 17035812, 0, 0, 0
118900, 18267962, 0, 0, 0
119001, 14837252, 0, 0, 0
119100, 19063753, 0, 0, 0
119200, 19340216, 0, 0, 0
119302, 16682314, 0, 0, 0
119401, 13892110, 0, 0, 0
119500, 18033316, 0, 0, 0
119610, 18708335, 0, 0, 0
119702, 20554837, 0, 0, 0
119808, 11301553, 0, 0, 0
119900, 19676961, 0, 0, 0
120000, 13591625, 0, 0, 0
120100, 18530077, 0, 0, 0
120205, 12478024, 0, 0, 0
120303, 21081141, 0, 0, 0
120406, 20054838, 0, 0, 0
120504, 16450398, 0, 0, 0
120604, 18001526, 0, 0, 0
120705, 16607171, 0, 0, 0
120808, 15301633, 0, 0, 0
120901, 20091491, 0, 0, 0
121001, 19084219, 0, 0, 0
121104, 19922509, 0, 0, 0
121200, 15271336, 0, 0, 0
121304, 18584081, 0, 0, 0
121405, 19131222, 0, 0, 0
121500, 14123532, 0, 0, 0
121602, 16973292, 0, 0, 0
121704, 16132948, 0, 0, 0
121800, 17157221, 0, 0, 0
121900, 16471517, 0, 0, 0
122002, 17891587, 0, 0, 0
122101, 17281730, 0, 0, 0
122202, 10653374, 0, 0, 0
122302, 13899723, 0, 0, 0
122403, 18561029, 0, 0, 0
122526, 19827886, 0, 0, 0
122602, 22142649, 0, 0, 0
122704, 14315086, 0, 0, 0
122806, 18603779, 0, 0, 0
122903, 13956866, 0, 0, 0
123005, 16625144, 0, 0, 0
123101, 16694288, 0, 0, 0
123201, 13610631, 0, 0, 0
123304, 11511853, 0, 0, 0
123402, 19884721, 0, 0, 0
123505, 13542622, 0, 0, 0
123606, 15734372, 0, 0, 0
123705, 16221506, 0, 0, 0
123811, 23698427, 0, 0, 0
123903, 19909647, 0, 0, 0
124007, 15027350, 0, 0, 0
124115, 14943757, 0, 0, 0
124201, 25654428, 0, 0, 0
124300, 22887589, 0, 0, 0
124402, 25579890, 0, 0, 0
124503, 16378778, 0, 0, 0
124600, 19044880, 0, 0, 0
124700, 20460847, 0, 0, 0
124800, 17538006, 0, 0, 0
124900, 15784807, 0, 0, 0
125001, 14589248, 0, 0, 0
125104, 16458040, 0, 0, 0
125200, 23959734, 0, 0, 0
125302, 14363720, 0, 0, 0
125400, 16532064, 0, 0, 0
125500, 18777794, 0, 0, 0
125605, 17913075, 0, 0, 0
125701, 16451240, 0, 0, 0
125805, 15938653, 0, 0, 0
125900, 17356033, 0, 0, 0
126013, 15666779, 0, 0, 0
126111, 18596142, 0, 0, 0
126200, 17603877, 0, 0, 0
126301, 20030693, 0, 0, 0
126400, 16681595, 0, 0, 0
126504, 21293162, 0, 0, 0
126603, 25052892, 0, 0, 0
126700, 14603472, 0, 0, 0
126800, 15971131, 0, 0, 0
126901, 16922343, 0, 0, 0
127003, 16438337, 0, 0, 0
127104, 19239956, 0, 0, 0
127204, 16960728, 0, 0, 0
127304, 14329629, 0, 0, 0
127407, 22281196, 0, 0, 0
127504, 12606447, 0, 0, 0
127601, 17255561, 0, 0, 0
127705, 15429576, 0, 0, 0
127800, 16008493, 0, 0, 0
127900, 11298247, 0, 0, 0
128012, 14532205, 0, 0, 0
128100, 21594846, 0, 0, 0
128200, 11466576, 0, 0, 0
128304, 18220628, 0, 0, 0
128402, 27722528, 0, 0, 0
128504, 14437210, 0, 0, 0
128604, 17760044, 0, 0, 0
128700, 15055808, 0, 0, 0
128801, 17581641, 0, 0, 0
128900, 15948125, 0, 0, 0
129001, 14392563, 0, 0, 0
129101, 16444758, 0, 0, 0
129201, 23255800, 0, 0, 0
129300, 16778814, 0, 0, 0
129404, 16265157, 0, 0, 0
129504, 14906417, 0, 0, 0
129600, 21253360, 0, 0, 0
129703, 14969624, 0, 0, 0
129803, 24334842, 0, 0, 0
129901, 18162597, 0, 0, 0
130010, 15975986, 0, 0, 0
130107, 18462611, 0, 0, 0
130200, 18853850, 0, 0, 0
130301, 15858208, 0, 0, 0
130401, 17057065, 0, 0, 0
130506, 17915677, 0, 0, 0
130600, 17881449, 0, 0, 0
130700, 16103363, 0, 0, 0
130803, 17964249, 0, 0, 0
130902, 20391893, 0, 0, 0
131000, 19903446, 0, 0, 0
131105, 18548331, 0, 0, 0
131206, 19114137, 0, 0, 0
131300, 19143427, 0, 0, 0
131408, 20578025, 0, 0, 0
131504, 18172978, 0, 0, 0
131601, 19692541, 0, 0, 0
131704, 17038655, 0, 0, 0
131803, 18297995, 0, 0, 0
131907, 21219373, 0, 0, 0
132002, 17743250, 0, 0, 0
132102, 14870833, 0, 0, 0
132205, 19976097, 0, 0, 0
132305, 17249445, 0, 0, 0
132402, 16488804, 0, 0, 0
132505, 11994078, 0, 0, 0
132600, 22073333, 0, 0, 0
132703, 19396512, 0, 0, 0
132803, 17457306, 0, 0, 0
132901, 20643103, 0, 0, 0
133000, 19609928, 0, 0, 0
133101, 20312815, 0, 0, 0
133203, 16563999, 0, 0, 0
133301, 19297550, 0, 0, 0
133400, 13419159, 0, 0, 0
133502, 18881821, 0, 0, 0
133601, 23103804, 0, 0, 0
133700, 18691611, 0, 0, 0
133808, 20747752, 0, 0, 0
133904, 18013862, 0, 0, 0
134003, 14230408, 0, 0, 0
134105, 17493366, 0, 0, 0
134203, 16826376, 0, 0, 0
134304, 19035878, 0, 0, 0
134406, 17382583, 0, 0, 0
134501, 17815956, 0, 0, 0
134602, 18273901, 0, 0, 0
134700, 18437094, 0, 0, 0
134804, 19498735, 0, 0, 0
134900, 19264807, 0, 0, 0
135000, 18512555, 0, 0, 0
135100, 17679047, 0, 0, 0
135200, 17072023, 0, 0, 0
135300, 17950717, 0, 0, 0
135409, 18113646, 0, 0, 0
135504, 17534454, 0, 0, 0
135600, 22738101, 0, 0, 0
135700, 19912847, 0, 0, 0
135806, 11746047, 0, 0, 0
135900, 16826897, 0, 0, 0
136002, 16415235, 0, 0, 0
136100, 20468734, 0, 0, 0
136204, 18782449, 0, 0, 0
136301, 19492556, 0, 0, 0
136400, 20516365, 0, 0, 0
136504, 18636674, 0, 0, 0
136616, 15050099, 0, 0, 0
136700, 20293938, 0, 0, 0
136800, 14092428, 0, 0, 0
136900, 19532268, 0, 0, 0
137000, 18253138, 0, 0, 0
137101, 15276466, 0, 0, 0
137201, 20006224, 0, 0, 0
137300, 25228007, 0, 0, 0
137401, 17209745, 0, 0, 0
137501, 15538174, 0, 0, 0
137603, 17566798, 0, 0, 0
137705, 23869258, 0, 0, 0
137801, 14612932, 0, 0, 0
137900, 13262364, 0, 0, 0
138004, 21471250, 0, 0, 0
138102, 14221072, 0, 0, 0
138205, 20490133, 0, 0, 0
138301, 20121059, 0, 0, 0
138412, 17116753, 0, 0, 0
138501, 21277071, 0, 0, 0
138601, 20153176, 0, 0, 0
138704, 16113646, 0, 0, 0
138807, 20529561, 0, 0, 0
138900, 17744122, 0, 0, 0
139000, 17660079, 0, 0, 0
139104, 19474787, 0, 0, 0
139204, 25968471, 0, 0, 0
139300, 15873686, 0, 0, 0
139403, 18324686, 0, 0, 0
139500, 21809470, 0, 0, 0
139607, 21065525, 0, 0, 0
139704, 17710675, 0, 0, 0
139805, 19507506, 0, 0, 0
139900, 19071663, 0, 0, 0
140002, 17343294, 0, 0, 0
140100, 18930499, 0, 0, 0
140202, 21950507, 0, 0, 0
140302, 16769542, 0, 0, 0
140401, 14186051, 0, 0, 0
140500, 14051694, 0, 0, 0
140601, 24328199, 0, 0, 0
140702, 16191394, 0, 0, 0
140803, 16437342, 0, 0, 0
140901, 16658192, 0, 0, 0
141003, 17084240, 0, 0, 0
141102, 14258873, 0, 0, 0
141203, 18702917, 0, 0, 0
141300, 14408076, 0, 0, 0
141400, 15635596, 0, 0, 0
141503, 16499070, 0, 0, 0
141601, 17133516, 0, 0, 0
141703, 19665293, 0, 0, 0
141801, 16740310, 0, 0, 0
141900, 20567725, 0, 0, 0
142000, 15604933, 0, 0, 0
142111, 18169818, 0, 0, 0
142201, 18938352, 0, 0, 0
142300, 20232414, 0, 0, 0
142403, 17798640, 0, 0, 0
142505, 18503562, 0, 0, 0
142602, 22064176, 0, 0, 0
142700, 15833622, 0, 0, 0
142800, 18800452, 0, 0, 0
142903, 19329925, 0, 0, 0
143005, 14949741, 0, 0, 0
143105, 17365109, 0, 0, 0
143201, 19195542, 0, 0, 0
143306, 17547313, 0, 0, 0
143402, 18409777, 0, 0, 0
143501, 17213070, 0, 0, 0
143603, 17343703, 0, 0, 0
143707, 14338641, 0, 0, 0
143801, 25194640, 0, 0, 0
143902, 24444787, 0, 0, 0
144000, 16349489, 0, 0, 0
144102, 19135617, 0, 0, 0
144203, 14840991, 0, 0, 0
144301, 16976580, 0, 0, 0
144400, 15089970, 0, 0, 0
144503, 15371124, 0, 0, 0
144600, 21785201, 0, 0, 0
144703, 14220112, 0, 0, 0
144800, 15565814, 0, 0, 0
144913, 18172938, 0, 0, 0
145002, 18398307, 0, 0, 0
145104, 18172870, 0, 0, 0
145208, 17947469, 0, 0, 0
145303, 20594979, 0, 0, 0
145403, 18300119, 0, 0, 0
145500, 18654190, 0, 0, 0
145606, 15878605, 0, 0, 0
145709, 16361833, 0, 0, 0
145808, 12953726, 0, 0, 0
145905, 18634131, 0, 0, 0
146000, 19111268, 0, 0, 0
146103, 12827109, 0, 0, 0
146200, 17331626, 0, 0, 0
146300, 20016417, 0, 0, 0
146404, 17514280, 0, 0, 0
146501, 17134182, 0, 0, 0
146601, 20123582, 0, 0, 0
146705, 20447850, 0, 0, 0
146800, 17837911, 0, 0, 0
146901, 13878894, 0, 0, 0
147003, 13945719, 0, 0, 0
147104, 22591363, 0, 0, 0
147204, 16084750, 0, 0, 0
147301, 21890474, 0, 0, 0
147402, 15854095, 0, 0, 0
147500, 14554886, 0, 0, 0
147601, 19082074, 0, 0, 0
147701, 20224419, 0, 0, 0
147800, 18396566, 0, 0, 0
147901, 24915695, 0, 0, 0
148001, 15343217, 0, 0, 0
148102, 19400366, 0, 0, 0
148201, 18636982, 0, 0, 0
148300, 15944147, 0, 0, 0
148402, 15118989, 0, 0, 0
148508, 17251410, 0, 0, 0
148605, 26698304, 0, 0, 0
148701, 24309939, 0, 0, 0
148800, 12645065, 0, 0, 0
148902, 19394606, 0, 0, 0
149003, 19982453, 0, 0, 0
149101, 14800574, 0, 0, 0
149203, 15023023, 0, 0, 0
149300, 19097721, 0, 0, 0
149400, 22315626, 0, 0, 0
149500, 17612034, 0, 0, 0
149603, 17247756, 0, 0, 0
149702, 19697311, 0, 0, 0
149803, 20284925, 0, 0, 0
149903, 19074747, 0, 0, 0
150002, 20271461, 0, 0, 0
150100, 14644752, 0, 0, 0
150201, 20334548, 0, 0, 0
150300, 17962143, 0, 0, 0
150400, 16788938, 0, 0, 0
150500, 19502356, 0, 0, 0
150604, 17303792, 0, 0, 0
150700, 17907241, 0, 0, 0
150801, 17245718, 0, 0, 0
150900, 21209079, 0, 0, 0
151002, 14062449, 0, 0, 0
151100, 19586609, 0, 0, 0
151204, 16628041, 0, 0, 0
151301, 20185528, 0, 0, 0
151402, 17843838, 0, 0, 0
151505, 21523953, 0, 0, 0
151602, 15544432, 0, 0, 0
151703, 20710615, 0, 0, 0
151800, 15836800, 0, 0, 0
151905, 13271494, 0, 0, 0
152000, 19535833, 0, 0, 0
152101, 16459273, 0, 0, 0
152201, 16799479, 0, 0, 0
152300, 17229792, 0, 0, 0
152400, 19345441, 0, 0, 0
152504, 17400044, 0, 0, 0
152600, 14851592, 0, 0, 0
152704, 17587679, 0, 0, 0
152804, 20539701, 0, 0, 0
152900, 19466136, 0, 0, 0
153001, 14420774, 0, 0, 0
153100, 17085358, 0, 0, 0
153203, 12392445, 0, 0, 0
153301, 22560983, 0, 0, 0
153404, 18307421, 0, 0, 0
153502, 18708053, 0, 0, 0
153602, 18175957, 0, 0, 0
153700, 14180728, 0, 0, 0
153808, 13446194, 0, 0, 0
153902, 18349548, 0, 0, 0
154008, 16061977, 0, 0, 0
154100, 17132165, 0, 0, 0
154202, 21874101, 0, 0, 0
154323, 16576040, 0, 0, 0
154401, 20047374, 0, 0, 0
154500, 15334442, 0, 0, 0
154601, 13031080, 0, 0, 0
154702, 15050220, 0, 0, 0
154800, 16346854, 0, 0, 0
154900, 19227801, 0, 0, 0
155010, 13017314, 0, 0, 0
155114, 15764984, 0, 0, 0
155200, 15367702, 0, 0, 0
155300, 21183962, 0, 0, 0
155400, 13705256, 0, 0, 0
155501, 15955921, 0, 0, 0
155600, 23065042, 0, 0, 0
155707, 18124615, 0, 0, 0
155800, 14562659, 0, 0, 0
155901, 19150535, 0, 0, 0
156002, 20805264, 0, 0, 0
156104, 17863755, 0, 0, 0
156201, 20642885, 0, 0, 0
156300, 17136880, 0, 0, 0
156402, 14374086, 0, 0, 0
156501, 17847885, 0, 0, 0
156601, 20289411, 0, 0, 0
156701, 12944740, 0, 0, 0
156801, 16412410, 0, 0, 0
156900, 15199683, 0, 0, 0
157004, 19681424, 0, 0, 0
157112, 20009332, 0, 0, 0
157204, 16265069, 0, 0, 0
157304, 15252479, 0, 0, 0
157402, 21315488, 0, 0, 0
157502, 16059715, 0, 0, 0
157601, 13497357, 0, 0, 0
157702, 19013698, 0, 0, 0
157801, 20432098, 0, 0, 0
157904, 22222481, 0, 0, 0
158002, 15815161, 0, 0, 0
158102, 19978240, 0, 0, 0
158201, 15721991, 0, 0, 0
158303, 18440522, 0, 0, 0
158400, 15802012, 0, 0, 0
158500, 16401614, 0, 0, 0
158601, 16929907, 0, 0, 0
158702, 17285107, 0, 0, 0
158803, 18077324, 0, 0, 0
158904, 19695311, 0, 0, 0
159001, 17384564, 0, 0, 0
159102, 14808779, 0, 0, 0
159207, 19422795, 0, 0, 0
159301, 21057970, 0, 0, 0
159400, 19234091, 0, 0, 0
159500, 19343865, 0, 0, 0
159603, 16046712, 0, 0, 0
159707, 18935385, 0, 0, 0
159808, 17533519, 0, 0, 0
159904, 18952656, 0, 0, 0
160000, 18968031, 0, 0, 0
160102, 16081977, 0, 0, 0
160201, 16021608, 0, 0, 0
160305, 19651294, 0, 0, 0
160400, 22697211, 0, 0, 0
160504, 19499073, 0, 0, 0
160601, 17158330, 0, 0, 0
160703, 14604387, 0, 0, 0
160801, 22435377, 0, 0, 0
160900, 31433129, 0, 0, 0
161002, 20690245, 0, 0, 0
161125, 16486448, 0, 0, 0
161209, 15873184, 0, 0, 0
161301, 40469247, 0, 0, 0
161401, 19343227, 0, 0, 0
161501, 13022610, 0, 0, 0
161600, 17795276, 0, 0, 0
161702, 16733519, 0, 0, 0
161802, 18894275, 0, 0, 0
161902, 16047724, 0, 0, 0
162001, 14359429, 0, 0, 0
162103, 16428764, 0, 0, 0
162202, 18924845, 0, 0, 0
162300, 19226893, 0, 0, 0
162401, 16782770, 0, 0, 0
162502, 18572378, 0, 0, 0
162601, 16355815, 0, 0, 0
162707, 18115601, 0, 0, 0
162801, 17732942, 0, 0, 0
162900, 15643141, 0, 0, 0
163002, 19779770, 0, 0, 0
163100, 15622035, 0, 0, 0
163212, 17649072, 0, 0, 0
163300, 25520152, 0, 0, 0
163400, 18489545, 0, 0, 0
163502, 14152408, 0, 0, 0
163602, 16552633, 0, 0, 0
163702, 15898899, 0, 0, 0
163800, 14563349, 0, 0, 0
163903, 19077669, 0, 0, 0
164004, 14835378, 0, 0, 0
164101, 17315933, 0, 0, 0
164201, 23255587, 0, 0, 0
164304, 21235280, 0, 0, 0
164406, 14454374, 0, 0, 0
164501, 19040601, 0, 0, 0
164605, 18871659, 0, 0, 0
164702, 15736958, 0, 0, 0
164802, 22581544, 0, 0, 0
164902, 17856756, 0, 0, 0
165000, 14176930, 0, 0, 0
165101, 15291690, 0, 0, 0
165221, 17380412, 0, 0, 0
165302, 39505212, 0, 0, 0
165404, 18741692, 0, 0, 0
165501, 14264307, 0, 0, 0
165602, 14841447, 0, 0, 0
165700, 21228362, 0, 0, 0
165803, 20342062, 0, 0, 0
165904, 16071408, 0, 0, 0
166003, 20273007, 0, 0, 0
166100, 15497207, 0, 0, 0
166201, 17471138, 0, 0, 0
166310, 14802921, 0, 0, 0
166403, 24186048, 0, 0, 0
166501, 17876002, 0, 0, 0
166600, 13729875, 0, 0, 0
166700, 23738824, 0, 0, 0
166807, 15608771, 0, 0, 0
166902, 17315824, 0, 0, 0
167002, 15248457, 0, 0, 0
167103, 20308726, 0, 0, 0
167201, 18161604, 0, 0, 0
167303, 14130923, 0, 0, 0
167407, 21335584, 0, 0, 0
167500, 13534339, 0, 0, 0
167601, 16629477, 0, 0, 0
167701, 15107575, 0, 0, 0
167801, 14125675, 0, 0, 0
167901, 20247427, 0, 0, 0
168002, 15585822, 0, 0, 0
168103, 11382879, 0, 0, 0
168206, 14898478, 0, 0, 0
168300, 14354317, 0, 0, 0
168403, 17948570, 0, 0, 0
168501, 19158977, 0, 0, 0
168604, 23289879, 0, 0, 0
168702, 30338669, 0, 0, 0
168802, 22686606, 0, 0, 0
168900, 17290282, 0, 0, 0
169004, 20872456, 0, 0, 0
169102, 21635776, 0, 0, 0
169205, 16976561, 0, 0, 0
169301, 20068546, 0, 0, 0
169400, 20423397, 0, 0, 0
169500, 17031910, 0, 0, 0
169602, 16443838, 0, 0, 0
169701, 18355722, 0, 0, 0
169801, 17569219, 0, 0, 0
169900, 19549943, 0, 0, 0
170001, 20027792, 0, 0, 0
170101, 16969997, 0, 0, 0
170201, 21593209, 0, 0, 0
170302, 16518412, 0, 0, 0
170401, 19231764, 0, 0, 0
170502, 14947384, 0, 0, 0
170603, 18849570, 0, 0, 0
170702, 14769815, 0, 0, 0
170804, 19613174, 0, 0, 0
170902, 16687938, 0, 0, 0
171009, 20519702, 0, 0, 0
171107, 17999329, 0, 0, 0
171205, 16807514, 0, 0, 0
171301, 17374414, 0, 0, 0
171403, 20167465, 0, 0, 0
171502, 15696616, 0, 0, 0
171603, 16412327, 0, 0, 0
171716, 16402349, 0, 0, 0
171801, 23011211, 0, 0, 0
171902, 16213216, 0, 0, 0
172006, 17592810, 0, 0, 0
172104, 17817348, 0, 0, 0
172202, 22036543, 0, 0, 0
172306, 13706006, 0, 0, 0
172408, 17876715, 0, 0, 0
172501, 20758974, 0, 0, 0
172602, 19426589, 0, 0, 0
172702, 16052863, 0, 0, 0
172802, 26346168, 0, 0, 0
172903, 15645886, 0, 0, 0
173000, 14534904, 0, 0, 0
173102, 16234766, 0, 0, 0
173206, 18994034, 0, 0, 0
173303, 17858838, 0, 0, 0
173401, 16095902, 0, 0, 0
173502, 20742587, 0, 0, 0
173602, 21206052, 0, 0, 0
173704, 20236029, 0, 0, 0
173803, 18826195, 0, 0, 0
173903, 18039622, 0, 0, 0
174002, 15638906, 0, 0, 0
174107, 16398376, 0, 0, 0
174215, 17180336, 0, 0, 0
174304, 19798213, 0, 0, 0
174402, 12626032, 0, 0, 0
174500, 16632014, 0, 0, 0
174600, 17001056, 0, 0, 0
174700, 18456202, 0, 0, 0
174800, 17913375, 0, 0, 0
174900, 20987748, 0, 0, 0
175002, 13703725, 0, 0, 0
175102, 15735793, 0, 0, 0
175200, 17982727, 0, 0, 0
175300, 14180540, 0, 0, 0
175402, 18206286, 0, 0, 0
175502, 16932502, 0, 0, 0
175604, 16350253, 0, 0, 0
175708, 18613162, 0, 0, 0
175808, 16479539, 0, 0, 0
175902, 22092907, 0, 0, 0
176001, 16208646, 0, 0, 0
176105, 15579395, 0, 0, 0
176201, 15412707, 0, 0, 0
176304, 20699294, 0, 0, 0
176401, 15365097, 0, 0, 0
176502, 14739459, 0, 0, 0
176604, 21407726, 0, 0, 0
176704, 17848856, 0, 0, 0
176802, 15840263, 0, 0, 0
176903, 18103215, 0, 0, 0
177000, 15266039, 0, 0, 0
177102, 18562155, 0, 0, 0
177203, 16077738, 0, 0, 0
177301, 20692331, 0, 0, 0
177401, 19807020, 0, 0, 0
177503, 18566625, 0, 0, 0
177601, 20851429, 0, 0, 0
177700, 16677009, 0, 0, 0
177803, 18312532, 0, 0, 0
177901, 16462687, 0, 0, 0
178001, 21338799, 0, 0, 0
178102, 16627119, 0, 0, 0
178201, 18444083, 0, 0, 0
178303, 17494028, 0, 0, 0
178402, 20571491, 0, 0, 0
178506, 16902867, 0, 0, 0
178602, 18861121, 0, 0, 0
178701, 17414874, 0, 0, 0
178803, 14392786, 0, 0, 0
178905, 21028581, 0, 0, 0
179000, 16711459, 0, 0, 0
179101, 18456674, 0, 0, 0
179201, 18933940, 0, 0, 0
179301, 18458092, 0, 0, 0
179401, 20804022, 0, 0, 0
179502, 16113917, 0, 0, 0
179604, 17165802, 0, 0, 0
179701, 17536550, 0, 0, 0
179804, 21030458, 0, 0, 0
179904, 19216319, 0, 0, 0
180002, 12480563, 0, 0, 0
180009, 28232726, 0, 0, 0
