100, 18107503, 0, 0, 0
200, 15186109, 0, 0, 0
300, 15952650, 0, 0, 0
400, 9830649, 0, 0, 0
500, 13790325, 0, 0, 0
601, 12653669, 0, 0, 0
700, 13390119, 0, 0, 0
800, 17041514, 0, 0, 0
900, 15311399, 0, 0, 0
1000, 12883329, 0, 0, 0
1100, 13815292, 0, 0, 0
1200, 14133273, 0, 0, 0
1300, 14999508, 0, 0, 0
1400, 14876105, 0, 0, 0
1500, 9611611, 0, 0, 0
1600, 12724831, 0, 0, 0
1700, 10293803, 0, 0, 0
1800, 13584607, 0, 0, 0
1900, 19605208, 0, 0, 0
2000, 18957636, 0, 0, 0
2100, 14829829, 0, 0, 0
2200, 13420929, 0, 0, 0
2300, 10390088, 0, 0, 0
2401, 13572360, 0, 0, 0
2500, 9623707, 0, 0, 0
2600, 10129081, 0, 0, 0
2700, 14715101, 0, 0, 0
2800, 11680743, 0, 0, 0
2900, 14007476, 0, 0, 0
3000, 14952725, 0, 0, 0
3100, 13705310, 0, 0, 0
3200, 13051107, 0, 0, 0
3301, 10121445, 0, 0, 0
3400, 17172529, 0, 0, 0
3500, 11986739, 0, 0, 0
3600, 19233344, 0, 0, 0
3700, 17997006, 0, 0, 0
3801, 8321242, 0, 0, 0
3900, 10157508, 0, 0, 0
4001, 13353331, 0, 0, 0
4100, 11850502, 0, 0, 0
4200, 10770394, 0, 0, 0
4300, 14136259, 0, 0, 0
4400, 11349543, 0, 0, 0
4500, 11448158, 0, 0, 0
4600, 14250291, 0, 0, 0
4700, 15733635, 0, 0, 0
4801, 9518693, 0, 0, 0
4901, 15540461, 0, 0, 0
5000, 10227388, 0, 0, 0
5100, 11222989, 0, 0, 0
5200, 12638623, 0, 0, 0
5300, 13388348, 0, 0, 0
5401, 8899834, 0, 0, 0
5500, 10837684, 0, 0, 0
5600, 18120989, 0, 0, 0
5700, 15824053, 0, 0, 0
5800, 11777377, 0, 0, 0
5900, 10252735, 0, 0, 0
6000, 10471190, 0, 0, 0
6100, 13801574, 0, 0, 0
6202, 14291304, 0, 0, 0
6300, 17178080, 0, 0, 0
6400, 15363653, 0, 0, 0
6500, 12529902, 0, 0, 0
6600, 16114550, 0, 0, 0
6700, 9896986, 0, 0, 0
6800, 12256382, 0, 0, 0
6900, 12075322, 0, 0, 0
7000, 13381942, 0, 0, 0
7100, 13766423, 0, 0, 0
7200, 13058974, 0, 0, 0
7300, 9461677, 0, 0, 0
7400, 14818381, 0, 0, 0
7500, 15909338, 0, 0, 0
7600, 8955789, 0, 0, 0
7700, 13521411, 0, 0, 0
7800, 11136574, 0, 0, 0
7900, 11211793, 0, 0, 0
8000, 6234837, 0, 0, 0
8100, 13599461, 0, 0, 0
8202, 16170546, 0, 0, 0
8300, 13704434, 0, 0, 0
8401, 20559986, 0, 0, 0
8500, 14508209, 0, 0, 0
8600, 9520952, 0, 0, 0
8700, 11365472, 0, 0, 0
8800, 12390780, 0, 0, 0
8900, 14834983, 0, 0, 0
9000, 11416592, 0, 0, 0
9100, 9098736, 0, 0, 0
9200, 12109886, 0, 0, 0
9300, 20134162, 0, 0, 0
9400, 9795701, 0, 0, 0
9500, 19066968, 0, 0, 0
9600, 9916974, 0, 0, 0
9700, 8239456, 0, 0, 0
9800, 8708703, 0, 0, 0
9900, 11590814, 0, 0, 0
10000, 12216472, 0, 0, 0
10100, 14299957, 0, 0, 0
10200, 8174541, 0, 0, 0
10300, 15099472, 0, 0, 0
10400, 11138794, 0, 0, 0
10500, 13313969, 0, 0, 0
10600, 14785805, 0, 0, 0
10700, 5580335, 0, 0, 0
10801, 17968471, 0, 0, 0
10900, 11384412, 0, 0, 0
11000, 11768977, 0, 0, 0
11101, 9127121, 0, 0, 0
11200, 15651427, 0, 0, 0
11300, 13072346, 0, 0, 0
11400, 11077157, 0, 0, 0
11501, 11055357, 0, 0, 0
11600, 11645411, 0, 0, 0
11700, 15254202, 0, 0, 0
11800, 15059872, 0, 0, 0
11900, 11529026, 0, 0, 0
12001, 16128253, 0, 0, 0
12100, 16072982, 0, 0, 0
12200, 12335179, 0, 0, 0
12300, 10905819, 0, 0, 0
12400, 13648591, 0, 0, 0
12500, 11710583, 0, 0, 0
12600, 9086877, 0, 0, 0
12700, 12778273, 0, 0, 0
12801, 11726022, 0, 0, 0
12901, 10625480, 0, 0, 0
13000, 14102292, 0, 0, 0
13100, 13857017, 0, 0, 0
13200, 12254743, 0, 0, 0
13300, 11794082, 0, 0, 0
13400, 10624265, 0, 0, 0
13500, 10100074, 0, 0, 0
13600, 18483412, 0, 0, 0
13700, 13045892, 0, 0, 0
13800, 11940832, 0, 0, 0
13900, 12180872, 0, 0, 0
14000, 11454810, 0, 0, 0
14105, 10292110, 0, 0, 0
14200, 11930126, 0, 0, 0
14300, 10759300, 0, 0, 0
14400, 11377001, 0, 0, 0
14500, 10571008, 0, 0, 0
14600, 13842547, 0, 0, 0
14700, 9894690, 0, 0, 0
14800, 7778430, 0, 0, 0
14913, 12883569, 0, 0, 0
15000, 11224410, 0, 0, 0
15100, 10909308, 0, 0, 0
15200, 12141600, 0, 0, 0
15300, 10644518, 0, 0, 0
15401, 8140409, 0, 0, 0
15502, 10004403, 0, 0, 0
15600, 12478005, 0, 0, 0
15700, 12594514, 0, 0, 0
15800, 9297566, 0, 0, 0
15900, 10875101, 0, 0, 0
16000, 12766704, 0, 0, 0
16100, 11152968, 0, 0, 0
16200, 10609150, 0, 0, 0
16300, 9588546, 0, 0, 0
16400, 16238086, 0, 0, 0
16500, 5912499, 0, 0, 0
16600, 10426348, 0, 0, 0
16700, 14061639, 0, 0, 0
16800, 14157591, 0, 0, 0
16900, 13087924, 0, 0, 0
17003, 11232544, 0, 0, 0
17100, 18187518, 0, 0, 0
17200, 5725589, 0, 0, 0
17300, 16513026, 0, 0, 0
17400, 14454386, 0, 0, 0
17500, 15702887, 0, 0, 0
17601, 9820912, 0, 0, 0
17700, 12824175, 0, 0, 0
17800, 10153974, 0, 0, 0
17900, 14478456, 0, 0, 0
18000, 11982209, 0, 0, 0
18101, 12880255, 0, 0, 0
18200, 18021475, 0, 0, 0
18300, 16912673, 0, 0, 0
18400, 10897050, 0, 0, 0
18500, 11070164, 0, 0, 0
18600, 19992831, 0, 0, 0
18700, 17268378, 0, 0, 0
18800, 8847375, 0, 0, 0
18902, 13587678, 0, 0, 0
19000, 11727212, 0, 0, 0
19100, 9137479, 0, 0, 0
19201, 7764991, 0, 0, 0
19300, 19371529, 0, 0, 0
19401, 13172601, 0, 0, 0
19500, 10617830, 0, 0, 0
19600, 10357682, 0, 0, 0
19700, 9342050, 0, 0, 0
19800, 10466672, 0, 0, 0
19900, 10292075, 0, 0, 0
20000, 12451342, 0, 0, 0
20107, 8588077, 0, 0, 0
20200, 18145042, 0, 0, 0
20300, 9473338, 0, 0, 0
20400, 11635180, 0, 0, 0
20500, 7344869, 0, 0, 0
20600, 11358915, 0, 0, 0
20700, 11987677, 0, 0, 0
20801, 7981195, 0, 0, 0
20900, 18404439, 0, 0, 0
21001, 11414811, 0, 0, 0
21100, 12054661, 0, 0, 0
21200, 9902517, 0, 0, 0
21300, 12690629, 0, 0, 0
21400, 10933887, 0, 0, 0
21501, 14787119, 0, 0, 0
21600, 17883925, 0, 0, 0
21700, 10837085, 0, 0, 0
21800, 12466652, 0, 0, 0
21901, 9223072, 0, 0, 0
22000, 12600072, 0, 0, 0
22100, 15862189, 0, 0, 0
22200, 13695004, 0, 0, 0
22300, 12578499, 0, 0, 0
22400, 16394988, 0, 0, 0
22500, 11100079, 0, 0, 0
22600, 13310568, 0, 0, 0
22700, 14982552, 0, 0, 0
22800, 18486948, 0, 0, 0
22900, 10950166, 0, 0, 0
23000, 9477936, 0, 0, 0
23104, 11167941, 0, 0, 0
23200, 14968593, 0, 0, 0
23300, 11583782, 0, 0, 0
23400, 9647112, 0, 0, 0
23500, 9243986, 0, 0, 0
23600, 7047590, 0, 0, 0
23700, 11281456, 0, 0, 0
23800, 5271581, 0, 0, 0
23900, 15278817, 0, 0, 0
24000, 10938999, 0, 0, 0
24100, 11325769, 0, 0, 0
24200, 9787608, 0, 0, 0
24300, 11294459, 0, 0, 0
24400, 9604825, 0, 0, 0
24500, 13018106, 0, 0, 0
24600, 13453507, 0, 0, 0
24700, 21707209, 0, 0, 0
24800, 13128048, 0, 0, 0
24901, 10087992, 0, 0, 0
25000, 10621768, 0, 0, 0
25101, 8266364, 0, 0, 0
25200, 10851799, 0, 0, 0
25300, 15381082, 0, 0, 0
25401, 11079347, 0, 0, 0
25500, 17514728, 0, 0, 0
25600, 12880349, 0, 0, 0
25700, 10331808, 0, 0, 0
25800, 10508135, 0, 0, 0
25900, 10497877, 0, 0, 0
26001, 10791938, 0, 0, 0
26100, 11004897, 0, 0, 0
26200, 10699526, 0, 0, 0
26300, 11444940, 0, 0, 0
26400, 9831224, 0, 0, 0
26500, 10316589, 0, 0, 0
26600, 10838138, 0, 0, 0
26700, 17290033, 0, 0, 0
26800, 21772250, 0, 0, 0
26900, 16237459, 0, 0, 0
27000, 11659504, 0, 0, 0
27100, 11017255, 0, 0, 0
27200, 15708285, 0, 0, 0
27300, 14031234, 0, 0, 0
27400, 9462388, 0, 0, 0
27500, 10982194, 0, 0, 0
27600, 24981731, 0, 0, 0
27700, 11706872, 0, 0, 0
27800, 13755071, 0, 0, 0
27900, 14183552, 0, 0, 0
28000, 21260204, 0, 0, 0
28104, 13738424, 0, 0, 0
28200, 13712760, 0, 0, 0
28300, 9754107, 0, 0, 0
28400, 14093937, 0, 0, 0
28500, 10471839, 0, 0, 0
28600, 9207129, 0, 0, 0
28700, 14070575, 0, 0, 0
28800, 11052130, 0, 0, 0
28900, 12034188, 0, 0, 0
29001, 8945949, 0, 0, 0
29100, 13411381, 0, 0, 0
29200, 11653015, 0, 0, 0
29300, 10167775, 0, 0, 0
29400, 11246914, 0, 0, 0
29500, 9684072, 0, 0, 0
29602, 14288641, 0, 0, 0
29700, 16273190, 0, 0, 0
29801, 12712549, 0, 0, 0
29900, 15025283, 0, 0, 0
30000, 8576459, 0, 0, 0
30100, 20170642, 0, 0, 0
30200, 11511229, 0, 0, 0
30300, 13590505, 0, 0, 0
30400, 12480135, 0, 0, 0
30500, 19419157, 0, 0, 0
30600, 12777455, 0, 0, 0
30700, 11631565, 0, 0, 0
30800, 14027546, 0, 0, 0
30900, 15558303, 0, 0, 0
31000, 15062555, 0, 0, 0
31100, 8686219, 0, 0, 0
31200, 12365028, 0, 0, 0
31301, 14468726, 0, 0, 0
31413, 16724797, 0, 0, 0
31500, 18753927, 0, 0, 0
31600, 15848394, 0, 0, 0
31701, 12845851, 0, 0, 0
31801, 20914024, 0, 0, 0
31900, 16618644, 0, 0, 0
32000, 12594062, 0, 0, 0
32100, 16104148, 0, 0, 0
32200, 27229679, 0, 0, 0
32300, 19528095, 0, 0, 0
32404, 15002905, 0, 0, 0
32500, 10770059, 0, 0, 0
32600, 19435482, 0, 0, 0
32701, 16507508, 0, 0, 0
32800, 10476858, 0, 0, 0
32900, 14140327, 0, 0, 0
33000, 13589859, 0, 0, 0
33100, 16186476, 0, 0, 0
33201, 18315193, 0, 0, 0
33300, 11777349, 0, 0, 0
33401, 15887808, 0, 0, 0
33500, 15382654, 0, 0, 0
33600, 12217585, 0, 0, 0
33700, 12753800, 0, 0, 0
33802, 9632235, 0, 0, 0
33900, 15286744, 0, 0, 0
34000, 11663951, 0, 0, 0
34100, 9634557, 0, 0, 0
34200, 22146420, 0, 0, 0
34301, 13834959, 0, 0, 0
34400, 10842591, 0, 0, 0
34500, 11419497, 0, 0, 0
34600, 14531193, 0, 0, 0
34700, 12191815, 0, 0, 0
34800, 12446695, 0, 0, 0
34900, 9498919, 0, 0, 0
35000, 14068369, 0, 0, 0
35100, 9076711, 0, 0, 0
35200, 10154399, 0, 0, 0
35301, 13204087, 0, 0, 0
35408, 11405658, 0, 0, 0
35500, 31597571, 0, 0, 0
35600, 13112812, 0, 0, 0
35700, 10453871, 0, 0, 0
35800, 7407533, 0, 0, 0
35900, 10756149, 0, 0, 0
36000, 11491827, 0, 0, 0
36100, 12672212, 0, 0, 0
36200, 11651362, 0, 0, 0
36300, 12469699, 0, 0, 0
36400, 9421432, 0, 0, 0
36500, 18159661, 0, 0, 0
36600, 9858955, 0, 0, 0
36701, 6875953, 0, 0, 0
36800, 16999127, 0, 0, 0
36902, 13958832, 0, 0, 0
37000, 10159371, 0, 0, 0
37100, 8722586, 0, 0, 0
37200, 13650004, 0, 0, 0
37300, 9830560, 0, 0, 0
37400, 13064076, 0, 0, 0
37500, 8307397, 0, 0, 0
37600, 11051746, 0, 0, 0
37700, 14591549, 0, 0, 0
37800, 11734554, 0, 0, 0
37900, 13727146, 0, 0, 0
38000, 9827631, 0, 0, 0
38100, 17272823, 0, 0, 0
38200, 9375713, 0, 0, 0
38300, 14795688, 0, 0, 0
38400, 7045907, 0, 0, 0
38500, 12120705, 0, 0, 0
38600, 14060290, 0, 0, 0
38700, 8558011, 0, 0, 0
38801, 14170251, 0, 0, 0
38900, 17942818, 0, 0, 0
39000, 12737979, 0, 0, 0
39100, 17616350, 0, 0, 0
39200, 14754821, 0, 0, 0
39300, 13935684, 0, 0, 0
39400, 13223478, 0, 0, 0
39503, 14504668, 0, 0, 0
39600, 8631668, 0, 0, 0
39700, 14040460, 0, 0, 0
39800, 8501905, 0, 0, 0
39901, 16478270, 0, 0, 0
40000, 14334181, 0, 0, 0
40100, 10460151, 0, 0, 0
40200, 17502617, 0, 0, 0
40301, 12693268, 0, 0, 0
40400, 17178834, 0, 0, 0
40500, 10592956, 0, 0, 0
40607, 10277144, 0, 0, 0
40700, 25070125, 0, 0, 0
40800, 18607601, 0, 0, 0
40900, 15283651, 0, 0, 0
41000, 11526559, 0, 0, 0
41100, 8516237, 0, 0, 0
41200, 12244237, 0, 0, 0
41300, 13424623, 0, 0, 0
41400, 9760127, 0, 0, 0
41500, 15658400, 0, 0, 0
41600, 14287145, 0, 0, 0
41700, 10888000, 0, 0, 0
41800, 12447028, 0, 0, 0
41900, 9117924, 0, 0, 0
42003, 15499601, 0, 0, 0
42100, 14091847, 0, 0, 0
42200, 11696800, 0, 0, 0
42300, 8077864, 0, 0, 0
42400, 7836033, 0, 0, 0
42500, 21188251, 0, 0, 0
42601, 12782357, 0, 0, 0
42700, 9619438, 0, 0, 0
42800, 9854230, 0, 0, 0
42901, 10845236, 0, 0, 0
43000, 18880751, 0, 0, 0
43100, 25854880, 0, 0, 0
43200, 22407992, 0, 0, 0
43300, 12629216, 0, 0, 0
43400, 9171682, 0, 0, 0
43502, 11109748, 0, 0, 0
43600, 22712309, 0, 0, 0
43700, 15297054, 0, 0, 0
43801, 13110760, 0, 0, 0
43900, 18176478, 0, 0, 0
44000, 11580093, 0, 0, 0
44100, 8831908, 0, 0, 0
44200, 18019463, 0, 0, 0
44302, 18555535, 0, 0, 0
44400, 23080777, 0, 0, 0
44500, 13079636, 0, 0, 0
44600, 23572442, 0, 0, 0
44700, 13413205, 0, 0, 0
44800, 16581096, 0, 0, 0
44900, 5084464, 0, 0, 0
45000, 17621814, 0, 0, 0
45100, 9788097, 0, 0, 0
45200, 11696611, 0, 0, 0
45300, 24327976, 0, 0, 0
45400, 21106429, 0, 0, 0
45500, 7405223, 0, 0, 0
45600, 9494388, 0, 0, 0
45701, 9965167, 0, 0, 0
45800, 12948280, 0, 0, 0
45900, 12178885, 0, 0, 0
46001, 14053853, 0, 0, 0
46100, 14064155, 0, 0, 0
46205, 12365780, 0, 0, 0
46304, 21434521, 0, 0, 0
46400, 16451561, 0, 0, 0
46500, 16165546, 0, 0, 0
46600, 14596908, 0, 0, 0
46700, 10780350, 0, 0, 0
46800, 14605109, 0, 0, 0
46901, 18598705, 0, 0, 0
47000, 16304381, 0, 0, 0
47100, 17240679, 0, 0, 0
47200, 12505797, 0, 0, 0
47301, 15930611, 0, 0, 0
47400, 19349263, 0, 0, 0
47500, 19327942, 0, 0, 0
47600, 11684699, 0, 0, 0
47700, 12776787, 0, 0, 0
47800, 20813219, 0, 0, 0
47900, 11946321, 0, 0, 0
48000, 15270930, 0, 0, 0
48101, 7898292, 0, 0, 0
48200, 10667074, 0, 0, 0
48300, 13002854, 0, 0, 0
48400, 16637507, 0, 0, 0
48501, 13536139, 0, 0, 0
48600, 21391566, 0, 0, 0
48700, 12371660, 0, 0, 0
48800, 15468304, 0, 0, 0
48900, 10233411, 0, 0, 0
49000, 13331323, 0, 0, 0
49100, 16891487, 0, 0, 0
49200, 18709951, 0, 0, 0
49300, 13526789, 0, 0, 0
49400, 11701597, 0, 0, 0
49500, 15447842, 0, 0, 0
49600, 11947079, 0, 0, 0
49700, 7347331, 0, 0, 0
49800, 11345244, 0, 0, 0
49900, 16696562, 0, 0, 0
50000, 7953370, 0, 0, 0
50100, 12402393, 0, 0, 0
50200, 12693096, 0, 0, 0
50300, 11222229, 0, 0, 0
50400, 9300821, 0, 0, 0
50500, 17746689, 0, 0, 0
50600, 14127889, 0, 0, 0
50701, 13956366, 0, 0, 0
50800, 13281855, 0, 0, 0
50900, 10639152, 0, 0, 0
51000, 9886195, 0, 0, 0
51101, 12313685, 0, 0, 0
51200, 11149639, 0, 0, 0
51300, 18916824, 0, 0, 0
51400, 21164665, 0, 0, 0
51500, 7578976, 0, 0, 0
51600, 9550402, 0, 0, 0
51700, 13256604, 0, 0, 0
51801, 14746835, 0, 0, 0
51900, 14280240, 0, 0, 0
52000, 16446446, 0, 0, 0
52101, 19274833, 0, 0, 0
52200, 13382492, 0, 0, 0
52300, 22197184, 0, 0, 0
52400, 20016479, 0, 0, 0
52500, 9500488, 0, 0, 0
52600, 12822960, 0, 0, 0
52700, 22227021, 0, 0, 0
52800, 12766665, 0, 0, 0
52901, 12596965, 0, 0, 0
53001, 17405637, 0, 0, 0
53100, 18162382, 0, 0, 0
53200, 15125943, 0, 0, 0
53300, 21670542, 0, 0, 0
53401, 10664528, 0, 0, 0
53500, 16695504, 0, 0, 0
53600, 13841516, 0, 0, 0
53700, 13851087, 0, 0, 0
53800, 12508523, 0, 0, 0
53900, 10008266, 0, 0, 0
54000, 15505529, 0, 0, 0
54100, 15112943, 0, 0, 0
54200, 11456877, 0, 0, 0
54300, 13688960, 0, 0, 0
54402, 11425081, 0, 0, 0
54500, 14113318, 0, 0, 0
54600, 14458958, 0, 0, 0
54700, 8120604, 0, 0, 0
54800, 11872162, 0, 0, 0
54900, 12621567, 0, 0, 0
55000, 7648388, 0, 0, 0
55100, 8439103, 0, 0, 0
55200, 15687312, 0, 0, 0
55300, 18950960, 0, 0, 0
55400, 15799553, 0, 0, 0
55500, 12657016, 0, 0, 0
55600, 10296416, 0, 0, 0
55700, 14891972, 0, 0, 0
55800, 11689423, 0, 0, 0
55901, 15817619, 0, 0, 0
56000, 12566088, 0, 0, 0
56100, 13725008, 0, 0, 0
56200, 13672164, 0, 0, 0
56300, 15032653, 0, 0, 0
56400, 10625486, 0, 0, 0
56500, 17418346, 0, 0, 0
56600, 15520353, 0, 0, 0
56700, 15756340, 0, 0, 0
56800, 10735279, 0, 0, 0
56900, 14148744, 0, 0, 0
57000, 17178719, 0, 0, 0
57100, 15870266, 0, 0, 0
57200, 18437324, 0, 0, 0
57300, 12025559, 0, 0, 0
57400, 15622551, 0, 0, 0
57500, 16165339, 0, 0, 0
57600, 14764262, 0, 0, 0
57700, 10454815, 0, 0, 0
57800, 11943444, 0, 0, 0
57901, 12908535, 0, 0, 0
58001, 19152786, 0, 0, 0
58100, 12454416, 0, 0, 0
58200, 20310949, 0, 0, 0
58300, 15745272, 0, 0, 0
58401, 12721516, 0, 0, 0
58500, 14076024, 0, 0, 0
58600, 8240404, 0, 0, 0
58700, 12233611, 0, 0, 0
58800, 11097544, 0, 0, 0
58900, 10787199, 0, 0, 0
59000, 14078899, 0, 0, 0
59101, 16595921, 0, 0, 0
59200, 17700219, 0, 0, 0
59300, 20158419, 0, 0, 0
59400, 6189569, 0, 0, 0
59500, 17630935, 0, 0, 0
59600, 14273925, 0, 0, 0
59700, 12376129, 0, 0, 0
59800, 14550502, 0, 0, 0
59900, 14503906, 0, 0, 0
60000, 11542374, 0, 0, 0
60048, 148035857, 0, 0, 0
