250, 332800, 0, 0, 0
350, 344320, 0, 0, 0
450, 334080, 0, 0, 0
550, 344320, 0, 0, 0
650, 331520, 0, 0, 0
749, 345212, 0, 0, 0
849, 340480, 0, 0, 0
949, 350720, 0, 0, 0
1049, 323840, 0, 0, 0
1149, 336640, 0, 0, 0
1250, 344320, 0, 0, 0
1350, 344320, 0, 0, 0
1450, 346880, 0, 0, 0
1550, 348160, 0, 0, 0
1650, 340480, 0, 0, 0
1749, 343919, 0, 0, 0
1849, 344320, 0, 0, 0
1949, 345600, 0, 0, 0
2049, 349440, 0, 0, 0
2149, 337920, 0, 0, 0
2249, 348160, 0, 0, 0
2350, 346880, 0, 0, 0
2450, 336640, 0, 0, 0
2550, 345600, 0, 0, 0
2650, 339200, 0, 0, 0
2749, 334868, 0, 0, 0
2849, 332800, 0, 0, 0
2949, 331520, 0, 0, 0
3049, 336640, 0, 0, 0
3149, 339200, 0, 0, 0
3249, 341760, 0, 0, 0
3349, 341760, 0, 0, 0
3449, 341760, 0, 0, 0
3550, 344320, 0, 0, 0
3650, 335360, 0, 0, 0
3749, 329696, 0, 0, 0
3849, 334080, 0, 0, 0
3949, 357120, 0, 0, 0
4049, 340480, 0, 0, 0
4149, 346880, 0, 0, 0
4249, 349440, 0, 0, 0
4349, 346880, 0, 0, 0
4449, 344320, 0, 0, 0
4549, 343040, 0, 0, 0
4649, 331520, 0, 0, 0
4750, 352000, 0, 0, 0
4850, 330240, 0, 0, 0
4950, 330240, 0, 0, 0
5050, 343040, 0, 0, 0
5150, 335360, 0, 0, 0
5249, 346505, 0, 0, 0
5349, 340480, 0, 0, 0
5449, 341760, 0, 0, 0
5549, 346880, 0, 0, 0
5649, 335360, 0, 0, 0
5749, 340480, 0, 0, 0
5850, 344320, 0, 0, 0
5950, 339200, 0, 0, 0
6050, 339200, 0, 0, 0
6150, 328960, 0, 0, 0
6249, 337454, 0, 0, 0
6349, 349440, 0, 0, 0
6449, 344320, 0, 0, 0
6549, 348160, 0, 0, 0
6649, 336640, 0, 0, 0
6749, 345600, 0, 0, 0
6849, 343040, 0, 0, 0
6949, 345600, 0, 0, 0
7050, 350720, 0, 0, 0
7150, 348160, 0, 0, 0
7249, 340040, 0, 0, 0
7349, 345600, 0, 0, 0
7449, 346880, 0, 0, 0
7549, 326400, 0, 0, 0
7649, 346880, 0, 0, 0
7749, 344320, 0, 0, 0
7849, 348160, 0, 0, 0
7949, 341760, 0, 0, 0
8049, 339200, 0, 0, 0
8150, 343040, 0, 0, 0
8249, 336161, 0, 0, 0
8349, 341760, 0, 0, 0
8449, 339200, 0, 0, 0
8549, 339200, 0, 0, 0
8649, 344320, 0, 0, 0
8749, 344320, 0, 0, 0
8849, 336640, 0, 0, 0
8949, 336640, 0, 0, 0
9049, 330240, 0, 0, 0
9149, 344320, 0, 0, 0
9250, 345600, 0, 0, 0
9350, 348160, 0, 0, 0
9450, 339200, 0, 0, 0
9550, 341760, 0, 0, 0
9650, 337920, 0, 0, 0
9749, 333575, 0, 0, 0
9849, 350720, 0, 0, 0
9949, 336640, 0, 0, 0
10049, 348160, 0, 0, 0
10149, 327680, 0, 0, 0
10249, 340480, 0, 0, 0
10350, 336640, 0, 0, 0
10450, 341760, 0, 0, 0
10550, 339200, 0, 0, 0
10650, 339200, 0, 0, 0
10749, 342626, 0, 0, 0
10849, 327680, 0, 0, 0
10949, 337920, 0, 0, 0
11049, 335360, 0, 0, 0
11149, 330240, 0, 0, 0
11249, 334080, 0, 0, 0
11349, 348160, 0, 0, 0
11449, 340480, 0, 0, 0
11550, 334080, 0, 0, 0
11650, 340480, 0, 0, 0
11749, 337454, 0, 0, 0
11849, 339200, 0, 0, 0
11949, 337920, 0, 0, 0
12049, 345600, 0, 0, 0
12149, 349440, 0, 0, 0
12249, 339200, 0, 0, 0
12349, 348160, 0, 0, 0
12449, 337920, 0, 0, 0
12550, 350720, 0, 0, 0
12650, 345600, 0, 0, 0
12749, 332282, 0, 0, 0
12849, 341760, 0, 0, 0
12949, 348160, 0, 0, 0
13049, 340480, 0, 0, 0
13149, 337920, 0, 0, 0
13249, 341760, 0, 0, 0
13349, 350720, 0, 0, 0
13449, 331520, 0, 0, 0
13549, 323840, 0, 0, 0
13649, 335360, 0, 0, 0
13750, 350720, 0, 0, 0
13850, 350720, 0, 0, 0
13950, 343040, 0, 0, 0
14050, 343040, 0, 0, 0
14150, 344320, 0, 0, 0
14249, 346505, 0, 0, 0
14349, 340480, 0, 0, 0
14449, 341760, 0, 0, 0
14549, 341760, 0, 0, 0
14649, 341760, 0, 0, 0
14750, 335360, 0, 0, 0
14850, 343040, 0, 0, 0
14950, 344320, 0, 0, 0
15050, 334080, 0, 0, 0
15150, 350720, 0, 0, 0
15249, 343919, 0, 0, 0
15349, 344320, 0, 0, 0
15449, 353280, 0, 0, 0
15549, 348160, 0, 0, 0
15649, 354560, 0, 0, 0
15749, 335360, 0, 0, 0
15850, 346880, 0, 0, 0
15950, 327680, 0, 0, 0
16050, 346880, 0, 0, 0
16150, 346880, 0, 0, 0
16249, 342626, 0, 0, 0
16349, 350720, 0, 0, 0
16449, 343040, 0, 0, 0
16549, 336640, 0, 0, 0
16649, 346880, 0, 0, 0
16749, 348160, 0, 0, 0
16849, 344320, 0, 0, 0
16949, 346880, 0, 0, 0
17050, 346880, 0, 0, 0
17150, 337920, 0, 0, 0
17249, 347797, 0, 0, 0
17349, 336640, 0, 0, 0
17449, 345600, 0, 0, 0
17549, 352000, 0, 0, 0
17649, 343040, 0, 0, 0
17749, 348160, 0, 0, 0
17849, 344320, 0, 0, 0
17949, 345600, 0, 0, 0
18049, 340480, 0, 0, 0
18150, 341760, 0, 0, 0
18249, 340040, 0, 0, 0
18349, 357120, 0, 0, 0
18449, 335360, 0, 0, 0
18549, 352000, 0, 0, 0
18649, 332800, 0, 0, 0
18749, 343040, 0, 0, 0
18849, 349440, 0, 0, 0
18949, 344320, 0, 0, 0
19049, 344320, 0, 0, 0
19149, 346880, 0, 0, 0
19250, 352000, 0, 0, 0
19350, 340480, 0, 0, 0
19450, 337920, 0, 0, 0
19550, 344320, 0, 0, 0
19650, 345600, 0, 0, 0
19749, 343919, 0, 0, 0
19849, 359680, 0, 0, 0
19949, 348160, 0, 0, 0
20049, 348160, 0, 0, 0
20149, 352000, 0, 0, 0
20249, 343040, 0, 0, 0
20350, 353280, 0, 0, 0
20450, 345600, 0, 0, 0
20550, 352000, 0, 0, 0
20650, 336640, 0, 0, 0
20749, 349090, 0, 0, 0
20849, 352000, 0, 0, 0
20949, 340480, 0, 0, 0
21049, 344320, 0, 0, 0
21149, 348160, 0, 0, 0
21249, 349440, 0, 0, 0
21349, 345600, 0, 0, 0
21449, 344320, 0, 0, 0
21550, 348160, 0, 0, 0
21650, 344320, 0, 0, 0
21749, 349090, 0, 0, 0
21849, 350720, 0, 0, 0
21949, 346880, 0, 0, 0
22049, 341760, 0, 0, 0
22149, 344320, 0, 0, 0
22249, 344320, 0, 0, 0
22349, 344320, 0, 0, 0
22449, 334080, 0, 0, 0
22549, 344320, 0, 0, 0
22650, 344320, 0, 0, 0
22749, 350383, 0, 0, 0
22849, 346880, 0, 0, 0
22949, 344320, 0, 0, 0
23049, 350720, 0, 0, 0
23149, 345600, 0, 0, 0
23249, 350720, 0, 0, 0
23349, 353280, 0, 0, 0
23449, 341760, 0, 0, 0
23549, 349440, 0, 0, 0
23649, 349440, 0, 0, 0
23750, 336640, 0, 0, 0
23850, 353280, 0, 0, 0
23950, 354560, 0, 0, 0
24050, 344320, 0, 0, 0
24150, 339200, 0, 0, 0
24249, 340040, 0, 0, 0
24349, 349440, 0, 0, 0
24449, 350720, 0, 0, 0
24549, 348160, 0, 0, 0
24649, 340480, 0, 0, 0
24749, 353280, 0, 0, 0
24849, 346880, 0, 0, 0
24950, 352000, 0, 0, 0
25050, 353280, 0, 0, 0
25150, 339200, 0, 0, 0
25249, 334868, 0, 0, 0
25349, 345600, 0, 0, 0
25449, 339200, 0, 0, 0
25549, 348160, 0, 0, 0
25649, 352000, 0, 0, 0
25749, 343040, 0, 0, 0
25849, 352000, 0, 0, 0
25949, 344320, 0, 0, 0
26050, 336640, 0, 0, 0
26150, 353280, 0, 0, 0
26249, 351676, 0, 0, 0
26349, 344320, 0, 0, 0
26449, 346880, 0, 0, 0
26549, 354560, 0, 0, 0
26649, 348160, 0, 0, 0
26749, 343040, 0, 0, 0
26849, 346880, 0, 0, 0
26949, 348160, 0, 0, 0
27050, 337920, 0, 0, 0
27150, 340480, 0, 0, 0
27249, 345212, 0, 0, 0
27349, 337920, 0, 0, 0
27449, 339200, 0, 0, 0
27549, 341760, 0, 0, 0
27649, 341760, 0, 0, 0
27749, 355840, 0, 0, 0
27849, 341760, 0, 0, 0
27949, 348160, 0, 0, 0
28049, 348160, 0, 0, 0
28149, 344320, 0, 0, 0
28250, 350720, 0, 0, 0
28350, 343040, 0, 0, 0
28450, 350720, 0, 0, 0
28550, 350720, 0, 0, 0
28650, 344320, 0, 0, 0
28749, 342626, 0, 0, 0
28849, 352000, 0, 0, 0
28949, 348160, 0, 0, 0
29049, 336640, 0, 0, 0
29149, 355840, 0, 0, 0
29250, 341760, 0, 0, 0
29350, 346880, 0, 0, 0
29450, 334080, 0, 0, 0
29550, 336640, 0, 0, 0
29650, 348160, 0, 0, 0
29749, 346505, 0, 0, 0
29849, 349440, 0, 0, 0
29949, 336640, 0, 0, 0
30049, 339200, 0, 0, 0
30149, 337920, 0, 0, 0
30249, 344320, 0, 0, 0
30349, 345600, 0, 0, 0
30450, 334080, 0, 0, 0
30550, 337920, 0, 0, 0
30650, 343040, 0, 0, 0
30749, 345212, 0, 0, 0
30849, 336640, 0, 0, 0
30949, 330240, 0, 0, 0
31049, 336640, 0, 0, 0
31149, 340480, 0, 0, 0
31249, 346880, 0, 0, 0
31349, 344320, 0, 0, 0
31449, 331520, 0, 0, 0
31550, 337920, 0, 0, 0
31650, 337920, 0, 0, 0
31749, 332282, 0, 0, 0
31849, 344320, 0, 0, 0
31949, 337920, 0, 0, 0
32049, 336640, 0, 0, 0
32149, 340480, 0, 0, 0
32249, 335360, 0, 0, 0
32349, 331520, 0, 0, 0
32449, 328960, 0, 0, 0
32549, 343040, 0, 0, 0
32650, 331520, 0, 0, 0
32749, 347797, 0, 0, 0
32849, 345600, 0, 0, 0
32949, 340480, 0, 0, 0
33049, 335360, 0, 0, 0
33149, 332800, 0, 0, 0
33249, 344320, 0, 0, 0
33349, 339200, 0, 0, 0
33449, 336640, 0, 0, 0
33549, 343040, 0, 0, 0
33649, 326400, 0, 0, 0
33750, 337920, 0, 0, 0
33850, 332800, 0, 0, 0
33950, 335360, 0, 0, 0
34050, 349440, 0, 0, 0
34150, 337920, 0, 0, 0
34249, 330989, 0, 0, 0
34349, 335360, 0, 0, 0
34449, 332800, 0, 0, 0
34549, 335360, 0, 0, 0
34649, 336640, 0, 0, 0
34750, 337920, 0, 0, 0
34850, 343040, 0, 0, 0
34950, 331520, 0, 0, 0
35050, 345600, 0, 0, 0
35150, 328960, 0, 0, 0
35249, 329696, 0, 0, 0
35349, 344320, 0, 0, 0
35449, 336640, 0, 0, 0
35549, 348160, 0, 0, 0
35649, 343040, 0, 0, 0
35749, 345600, 0, 0, 0
35849, 346880, 0, 0, 0
35950, 336640, 0, 0, 0
36050, 335360, 0, 0, 0
36150, 337920, 0, 0, 0
36249, 327111, 0, 0, 0
36349, 341760, 0, 0, 0
36449, 340480, 0, 0, 0
36549, 335360, 0, 0, 0
36649, 334080, 0, 0, 0
36749, 339200, 0, 0, 0
36849, 340480, 0, 0, 0
36949, 334080, 0, 0, 0
37050, 344320, 0, 0, 0
37150, 326400, 0, 0, 0
37249, 345212, 0, 0, 0
37349, 335360, 0, 0, 0
37449, 336640, 0, 0, 0
37549, 339200, 0, 0, 0
37649, 334080, 0, 0, 0
37749, 343040, 0, 0, 0
37849, 328960, 0, 0, 0
37949, 344320, 0, 0, 0
38049, 344320, 0, 0, 0
38149, 332800, 0, 0, 0
38250, 339200, 0, 0, 0
38350, 327680, 0, 0, 0
38450, 332800, 0, 0, 0
38550, 339200, 0, 0, 0
38650, 336640, 0, 0, 0
38749, 342626, 0, 0, 0
38849, 340480, 0, 0, 0
38949, 328960, 0, 0, 0
39049, 352000, 0, 0, 0
39149, 336640, 0, 0, 0
39250, 331520, 0, 0, 0
39350, 332800, 0, 0, 0
39450, 339200, 0, 0, 0
39550, 334080, 0, 0, 0
39650, 335360, 0, 0, 0
39749, 338747, 0, 0, 0
39849, 334080, 0, 0, 0
39949, 334080, 0, 0, 0
40049, 335360, 0, 0, 0
40149, 341760, 0, 0, 0
40249, 343040, 0, 0, 0
40350, 340480, 0, 0, 0
40450, 335360, 0, 0, 0
40550, 332800, 0, 0, 0
40650, 330240, 0, 0, 0
40749, 336161, 0, 0, 0
40849, 343040, 0, 0, 0
40949, 331520, 0, 0, 0
41049, 332800, 0, 0, 0
41149, 334080, 0, 0, 0
41249, 341760, 0, 0, 0
41349, 320000, 0, 0, 0
41449, 345600, 0, 0, 0
41550, 327680, 0, 0, 0
41650, 327680, 0, 0, 0
41749, 329696, 0, 0, 0
41849, 336640, 0, 0, 0
41949, 348160, 0, 0, 0
42049, 335360, 0, 0, 0
42149, 343040, 0, 0, 0
42249, 337920, 0, 0, 0
42349, 335360, 0, 0, 0
42449, 331520, 0, 0, 0
42549, 331520, 0, 0, 0
42650, 336640, 0, 0, 0
42749, 342626, 0, 0, 0
42849, 344320, 0, 0, 0
42949, 326400, 0, 0, 0
43049, 334080, 0, 0, 0
43149, 343040, 0, 0, 0
43249, 340480, 0, 0, 0
43349, 346880, 0, 0, 0
43449, 339200, 0, 0, 0
43549, 337920, 0, 0, 0
43649, 348160, 0, 0, 0
43750, 350720, 0, 0, 0
43850, 335360, 0, 0, 0
43950, 331520, 0, 0, 0
44050, 335360, 0, 0, 0
44150, 343040, 0, 0, 0
44249, 325818, 0, 0, 0
44349, 341760, 0, 0, 0
44449, 340480, 0, 0, 0
44549, 340480, 0, 0, 0
44649, 344320, 0, 0, 0
44749, 349440, 0, 0, 0
44849, 341760, 0, 0, 0
44950, 339200, 0, 0, 0
45050, 334080, 0, 0, 0
45150, 335360, 0, 0, 0
45249, 338747, 0, 0, 0
45349, 345600, 0, 0, 0
45449, 336640, 0, 0, 0
45549, 359680, 0, 0, 0
45649, 346880, 0, 0, 0
45749, 352000, 0, 0, 0
45849, 339200, 0, 0, 0
45950, 345600, 0, 0, 0
46050, 340480, 0, 0, 0
46150, 349440, 0, 0, 0
46249, 345212, 0, 0, 0
46349, 341760, 0, 0, 0
46449, 337920, 0, 0, 0
46549, 334080, 0, 0, 0
46649, 339200, 0, 0, 0
46749, 343040, 0, 0, 0
46849, 348160, 0, 0, 0
46949, 336640, 0, 0, 0
47050, 345600, 0, 0, 0
47150, 348160, 0, 0, 0
47249, 334868, 0, 0, 0
47349, 343040, 0, 0, 0
47449, 336640, 0, 0, 0
47549, 340480, 0, 0, 0
47649, 339200, 0, 0, 0
47749, 344320, 0, 0, 0
47849, 341760, 0, 0, 0
47949, 344320, 0, 0, 0
48049, 343040, 0, 0, 0
48149, 341760, 0, 0, 0
48250, 337920, 0, 0, 0
48350, 331520, 0, 0, 0
48450, 344320, 0, 0, 0
48550, 332800, 0, 0, 0
48650, 339200, 0, 0, 0
48749, 338747, 0, 0, 0
48849, 340480, 0, 0, 0
48949, 340480, 0, 0, 0
49049, 339200, 0, 0, 0
49149, 344320, 0, 0, 0
49249, 340480, 0, 0, 0
49349, 339200, 0, 0, 0
49450, 341760, 0, 0, 0
49550, 337920, 0, 0, 0
49650, 340480, 0, 0, 0
49749, 342626, 0, 0, 0
49849, 340480, 0, 0, 0
49949, 352000, 0, 0, 0
50049, 343040, 0, 0, 0
50149, 332800, 0, 0, 0
50249, 349440, 0, 0, 0
50349, 339200, 0, 0, 0
50449, 336640, 0, 0, 0
50550, 352000, 0, 0, 0
50650, 345600, 0, 0, 0
50749, 349090, 0, 0, 0
50849, 340480, 0, 0, 0
50949, 336640, 0, 0, 0
51049, 355840, 0, 0, 0
51149, 341760, 0, 0, 0
51249, 331520, 0, 0, 0
51349, 346880, 0, 0, 0
51449, 343040, 0, 0, 0
51549, 344320, 0, 0, 0
51649, 340480, 0, 0, 0
51750, 339200, 0, 0, 0
51850, 343040, 0, 0, 0
51950, 336640, 0, 0, 0
52050, 343040, 0, 0, 0
52150, 339200, 0, 0, 0
52249, 342626, 0, 0, 0
52349, 343040, 0, 0, 0
52449, 341760, 0, 0, 0
52549, 337920, 0, 0, 0
52649, 339200, 0, 0, 0
52750, 343040, 0, 0, 0
52850, 339200, 0, 0, 0
52950, 331520, 0, 0, 0
53050, 348160, 0, 0, 0
53150, 353280, 0, 0, 0
53249, 341333, 0, 0, 0
53349, 341760, 0, 0, 0
53449, 330240, 0, 0, 0
53549, 331520, 0, 0, 0
53649, 340480, 0, 0, 0
53749, 337920, 0, 0, 0
53849, 350720, 0, 0, 0
53950, 334080, 0, 0, 0
54050, 345600, 0, 0, 0
54150, 336640, 0, 0, 0
54249, 332282, 0, 0, 0
54349, 341760, 0, 0, 0
54449, 350720, 0, 0, 0
54549, 332800, 0, 0, 0
54649, 335360, 0, 0, 0
54749, 341760, 0, 0, 0
54849, 348160, 0, 0, 0
54949, 339200, 0, 0, 0
55050, 330240, 0, 0, 0
55150, 332800, 0, 0, 0
55249, 330989, 0, 0, 0
55349, 339200, 0, 0, 0
55449, 330240, 0, 0, 0
55549, 336640, 0, 0, 0
55649, 343040, 0, 0, 0
55749, 330240, 0, 0, 0
55849, 352000, 0, 0, 0
55949, 343040, 0, 0, 0
56050, 330240, 0, 0, 0
56150, 336640, 0, 0, 0
56249, 345212, 0, 0, 0
56349, 339200, 0, 0, 0
56449, 343040, 0, 0, 0
56549, 344320, 0, 0, 0
56649, 343040, 0, 0, 0
56749, 344320, 0, 0, 0
56849, 344320, 0, 0, 0
56949, 335360, 0, 0, 0
57049, 336640, 0, 0, 0
57149, 335360, 0, 0, 0
57250, 354560, 0, 0, 0
57350, 335360, 0, 0, 0
57450, 343040, 0, 0, 0
57550, 343040, 0, 0, 0
57650, 339200, 0, 0, 0
57749, 345212, 0, 0, 0
57849, 344320, 0, 0, 0
57949, 343040, 0, 0, 0
58049, 346880, 0, 0, 0
58149, 340480, 0, 0, 0
58250, 353280, 0, 0, 0
58350, 340480, 0, 0, 0
58450, 334080, 0, 0, 0
58550, 331520, 0, 0, 0
58650, 343040, 0, 0, 0
58749, 345212, 0, 0, 0
58849, 343040, 0, 0, 0
58949, 340480, 0, 0, 0
59049, 339200, 0, 0, 0
59149, 344320, 0, 0, 0
59250, 339200, 0, 0, 0
59350, 348160, 0, 0, 0
59450, 336640, 0, 0, 0
59550, 334080, 0, 0, 0
59650, 339200, 0, 0, 0
59749, 346505, 0, 0, 0
59849, 341760, 0, 0, 0
59949, 335360, 0, 0, 0
60049, 339200, 0, 0, 0
60149, 341760, 0, 0, 0
60249, 343040, 0, 0, 0
60349, 328960, 0, 0, 0
60450, 340480, 0, 0, 0
60550, 335360, 0, 0, 0
60650, 328960, 0, 0, 0
60749, 340040, 0, 0, 0
60849, 354560, 0, 0, 0
60949, 340480, 0, 0, 0
61049, 334080, 0, 0, 0
61149, 345600, 0, 0, 0
61249, 341760, 0, 0, 0
61349, 344320, 0, 0, 0
61449, 339200, 0, 0, 0
61550, 335360, 0, 0, 0
61650, 344320, 0, 0, 0
61749, 343919, 0, 0, 0
61849, 349440, 0, 0, 0
61949, 352000, 0, 0, 0
62049, 350720, 0, 0, 0
62149, 348160, 0, 0, 0
62249, 335360, 0, 0, 0
62349, 344320, 0, 0, 0
62449, 341760, 0, 0, 0
62549, 341760, 0, 0, 0
62649, 328960, 0, 0, 0
62750, 345600, 0, 0, 0
62850, 346880, 0, 0, 0
62950, 344320, 0, 0, 0
63050, 330240, 0, 0, 0
63150, 345600, 0, 0, 0
63249, 340040, 0, 0, 0
63349, 346880, 0, 0, 0
63449, 350720, 0, 0, 0
63549, 352000, 0, 0, 0
63649, 349440, 0, 0, 0
63750, 346880, 0, 0, 0
63850, 343040, 0, 0, 0
63950, 349440, 0, 0, 0
64050, 330240, 0, 0, 0
64150, 337920, 0, 0, 0
64249, 352969, 0, 0, 0
64349, 335360, 0, 0, 0
64449, 340480, 0, 0, 0
64549, 336640, 0, 0, 0
64649, 332800, 0, 0, 0
64749, 339200, 0, 0, 0
64850, 344320, 0, 0, 0
64950, 345600, 0, 0, 0
65050, 344320, 0, 0, 0
65150, 341760, 0, 0, 0
65249, 337454, 0, 0, 0
65349, 341760, 0, 0, 0
65449, 331520, 0, 0, 0
65549, 340480, 0, 0, 0
65649, 337920, 0, 0, 0
65749, 343040, 0, 0, 0
65849, 349440, 0, 0, 0
65949, 343040, 0, 0, 0
66050, 345600, 0, 0, 0
66150, 336640, 0, 0, 0
66249, 330989, 0, 0, 0
66349, 330240, 0, 0, 0
66449, 331520, 0, 0, 0
66549, 337920, 0, 0, 0
66649, 337920, 0, 0, 0
66749, 335360, 0, 0, 0
66849, 340480, 0, 0, 0
66949, 343040, 0, 0, 0
67049, 354560, 0, 0, 0
67150, 336640, 0, 0, 0
67249, 333575, 0, 0, 0
67349, 340480, 0, 0, 0
67449, 349440, 0, 0, 0
67549, 344320, 0, 0, 0
67649, 339200, 0, 0, 0
67749, 343040, 0, 0, 0
67849, 344320, 0, 0, 0
67949, 336640, 0, 0, 0
68049, 330240, 0, 0, 0
68149, 344320, 0, 0, 0
68250, 334080, 0, 0, 0
68350, 343040, 0, 0, 0
68450, 330240, 0, 0, 0
68550, 355840, 0, 0, 0
68650, 339200, 0, 0, 0
68749, 342626, 0, 0, 0
68849, 341760, 0, 0, 0
68949, 346880, 0, 0, 0
69049, 337920, 0, 0, 0
69149, 345600, 0, 0, 0
69250, 340480, 0, 0, 0
69350, 336640, 0, 0, 0
69450, 346880, 0, 0, 0
69550, 349440, 0, 0, 0
69650, 336640, 0, 0, 0
69749, 338747, 0, 0, 0
69849, 336640, 0, 0, 0
69949, 336640, 0, 0, 0
70049, 343040, 0, 0, 0
70149, 343040, 0, 0, 0
70249, 337920, 0, 0, 0
70349, 337920, 0, 0, 0
70450, 339200, 0, 0, 0
70550, 350720, 0, 0, 0
70650, 340480, 0, 0, 0
70749, 351676, 0, 0, 0
70849, 353280, 0, 0, 0
70949, 344320, 0, 0, 0
71049, 334080, 0, 0, 0
71149, 341760, 0, 0, 0
71249, 334080, 0, 0, 0
71349, 350720, 0, 0, 0
71449, 353280, 0, 0, 0
71550, 344320, 0, 0, 0
71650, 343040, 0, 0, 0
71749, 346505, 0, 0, 0
71849, 344320, 0, 0, 0
71949, 348160, 0, 0, 0
72049, 341760, 0, 0, 0
72149, 343040, 0, 0, 0
72249, 343040, 0, 0, 0
72349, 340480, 0, 0, 0
72449, 332800, 0, 0, 0
72549, 339200, 0, 0, 0
72649, 344320, 0, 0, 0
72750, 346880, 0, 0, 0
72850, 341760, 0, 0, 0
72950, 334080, 0, 0, 0
73050, 345600, 0, 0, 0
73150, 341760, 0, 0, 0
73249, 345212, 0, 0, 0
73349, 346880, 0, 0, 0
73449, 352000, 0, 0, 0
73549, 343040, 0, 0, 0
73649, 350720, 0, 0, 0
73750, 332800, 0, 0, 0
73850, 345600, 0, 0, 0
73950, 341760, 0, 0, 0
74050, 334080, 0, 0, 0
74150, 335360, 0, 0, 0
74249, 343919, 0, 0, 0
74349, 344320, 0, 0, 0
74449, 337920, 0, 0, 0
74549, 350720, 0, 0, 0
74649, 332800, 0, 0, 0
74749, 341760, 0, 0, 0
74850, 339200, 0, 0, 0
74950, 344320, 0, 0, 0
75050, 343040, 0, 0, 0
75150, 337920, 0, 0, 0
75249, 345212, 0, 0, 0
75349, 343040, 0, 0, 0
75449, 345600, 0, 0, 0
75549, 337920, 0, 0, 0
75649, 345600, 0, 0, 0
75749, 346880, 0, 0, 0
75849, 328960, 0, 0, 0
75949, 334080, 0, 0, 0
76050, 339200, 0, 0, 0
76150, 339200, 0, 0, 0
76249, 345212, 0, 0, 0
76349, 350720, 0, 0, 0
76449, 330240, 0, 0, 0
76549, 344320, 0, 0, 0
76649, 340480, 0, 0, 0
76749, 334080, 0, 0, 0
76849, 349440, 0, 0, 0
76949, 357120, 0, 0, 0
77049, 341760, 0, 0, 0
77149, 341760, 0, 0, 0
77250, 348160, 0, 0, 0
77350, 340480, 0, 0, 0
77450, 337920, 0, 0, 0
77550, 345600, 0, 0, 0
77650, 334080, 0, 0, 0
77749, 337454, 0, 0, 0
77849, 340480, 0, 0, 0
77949, 345600, 0, 0, 0
78049, 345600, 0, 0, 0
78149, 346880, 0, 0, 0
78250, 337920, 0, 0, 0
78350, 343040, 0, 0, 0
78450, 357120, 0, 0, 0
78550, 355840, 0, 0, 0
78650, 343040, 0, 0, 0
78749, 352969, 0, 0, 0
78849, 355840, 0, 0, 0
78949, 348160, 0, 0, 0
79049, 349440, 0, 0, 0
79149, 334080, 0, 0, 0
79249, 344320, 0, 0, 0
79350, 346880, 0, 0, 0
79450, 358400, 0, 0, 0
79550, 343040, 0, 0, 0
79650, 345600, 0, 0, 0
79749, 341333, 0, 0, 0
79849, 337920, 0, 0, 0
79949, 345600, 0, 0, 0
80049, 341760, 0, 0, 0
80149, 339200, 0, 0, 0
80249, 346880, 0, 0, 0
80349, 346880, 0, 0, 0
80450, 348160, 0, 0, 0
80550, 346880, 0, 0, 0
80650, 344320, 0, 0, 0
80749, 347797, 0, 0, 0
80849, 339200, 0, 0, 0
80949, 340480, 0, 0, 0
81049, 334080, 0, 0, 0
81149, 348160, 0, 0, 0
81249, 349440, 0, 0, 0
81349, 341760, 0, 0, 0
81449, 343040, 0, 0, 0
81550, 343040, 0, 0, 0
81650, 346880, 0, 0, 0
81749, 347797, 0, 0, 0
81849, 340480, 0, 0, 0
81949, 346880, 0, 0, 0
82049, 334080, 0, 0, 0
82149, 357120, 0, 0, 0
82249, 344320, 0, 0, 0
82349, 337920, 0, 0, 0
82449, 336640, 0, 0, 0
82549, 348160, 0, 0, 0
82649, 346880, 0, 0, 0
82750, 343040, 0, 0, 0
82850, 345600, 0, 0, 0
82950, 346880, 0, 0, 0
83050, 355840, 0, 0, 0
83150, 335360, 0, 0, 0
83249, 341333, 0, 0, 0
83349, 336640, 0, 0, 0
83449, 349440, 0, 0, 0
83549, 348160, 0, 0, 0
83649, 330240, 0, 0, 0
83750, 345600, 0, 0, 0
83850, 345600, 0, 0, 0
83950, 340480, 0, 0, 0
84050, 343040, 0, 0, 0
84150, 352000, 0, 0, 0
84249, 341333, 0, 0, 0
84349, 336640, 0, 0, 0
84449, 339200, 0, 0, 0
84549, 344320, 0, 0, 0
84649, 343040, 0, 0, 0
84749, 332800, 0, 0, 0
84849, 341760, 0, 0, 0
84949, 336640, 0, 0, 0
85050, 343040, 0, 0, 0
85150, 336640, 0, 0, 0
85249, 334868, 0, 0, 0
85349, 350720, 0, 0, 0
85449, 354560, 0, 0, 0
85549, 348160, 0, 0, 0
85649, 337920, 0, 0, 0
85749, 345600, 0, 0, 0
85849, 343040, 0, 0, 0
85949, 350720, 0, 0, 0
86050, 346880, 0, 0, 0
86150, 346880, 0, 0, 0
86249, 343919, 0, 0, 0
86349, 349440, 0, 0, 0
86449, 344320, 0, 0, 0
86549, 337920, 0, 0, 0
86649, 345600, 0, 0, 0
86749, 354560, 0, 0, 0
86849, 344320, 0, 0, 0
86949, 349440, 0, 0, 0
87049, 340480, 0, 0, 0
87149, 352000, 0, 0, 0
87250, 341760, 0, 0, 0
87350, 340480, 0, 0, 0
87450, 350720, 0, 0, 0
87550, 349440, 0, 0, 0
87650, 352000, 0, 0, 0
87749, 342626, 0, 0, 0
87849, 352000, 0, 0, 0
87949, 341760, 0, 0, 0
88049, 357120, 0, 0, 0
88149, 354560, 0, 0, 0
88250, 344320, 0, 0, 0
88350, 332800, 0, 0, 0
88450, 344320, 0, 0, 0
88550, 354560, 0, 0, 0
88650, 348160, 0, 0, 0
88749, 352969, 0, 0, 0
88849, 357120, 0, 0, 0
88949, 352000, 0, 0, 0
89049, 354560, 0, 0, 0
89149, 345600, 0, 0, 0
89249, 344320, 0, 0, 0
89350, 349440, 0, 0, 0
89450, 352000, 0, 0, 0
89550, 346880, 0, 0, 0
89650, 339200, 0, 0, 0
89749, 352969, 0, 0, 0
89849, 345600, 0, 0, 0
89949, 348160, 0, 0, 0
