250, 11936, 0, 0, 0
350, 10970, 0, 0, 0
450, 10880, 0, 0, 0
550, 13050, 0, 0, 0
650, 12580, 0, 0, 0
749, 13232, 0, 0, 0
849, 12430, 0, 0, 0
949, 12840, 0, 0, 0
1050, 11890, 0, 0, 0
1150, 12600, 0, 0, 0
1249, 13070, 0, 0, 0
1349, 13110, 0, 0, 0
1449, 12310, 0, 0, 0
1549, 13690, 0, 0, 0
1649, 11320, 0, 0, 0
1749, 12240, 0, 0, 0
1849, 12800, 0, 0, 0
1949, 13590, 0, 0, 0
2050, 13220, 0, 0, 0
2150, 12840, 0, 0, 0
2250, 11840, 0, 0, 0
2350, 10140, 0, 0, 0
2451, 12820, 0, 0, 0
2551, 11640, 0, 0, 0
2651, 11730, 0, 0, 0
2751, 11960, 0, 0, 0
2851, 12390, 0, 0, 0
2951, 13600, 0, 0, 0
3051, 12720, 0, 0, 0
3151, 12520, 0, 0, 0
3250, 12414, 0, 0, 0
3350, 12820, 0, 0, 0
3450, 12060, 0, 0, 0
3551, 12770, 0, 0, 0
3651, 12020, 0, 0, 0
3751, 13070, 0, 0, 0
3851, 11970, 0, 0, 0
3951, 13350, 0, 0, 0
4051, 13780, 0, 0, 0
4151, 12520, 0, 0, 0
4250, 12878, 0, 0, 0
4350, 12300, 0, 0, 0
4450, 12250, 0, 0, 0
4551, 12260, 0, 0, 0
4651, 13160, 0, 0, 0
4750, 14060, 0, 0, 0
4850, 13070, 0, 0, 0
4950, 12990, 0, 0, 0
5050, 12340, 0, 0, 0
5150, 12400, 0, 0, 0
5250, 14282, 0, 0, 0
5350, 11970, 0, 0, 0
5450, 12100, 0, 0, 0
5551, 12820, 0, 0, 0
5651, 11540, 0, 0, 0
5751, 12600, 0, 0, 0
5851, 12810, 0, 0, 0
5951, 13000, 0, 0, 0
6051, 13870, 0, 0, 0
6151, 11920, 0, 0, 0
6250, 13606, 0, 0, 0
6350, 13320, 0, 0, 0
6450, 14230, 0, 0, 0
6550, 12750, 0, 0, 0
6651, 13190, 0, 0, 0
6751, 13490, 0, 0, 0
6851, 11800, 0, 0, 0
6951, 13990, 0, 0, 0
7051, 13500, 0, 0, 0
7151, 12690, 0, 0, 0
7250, 12030, 0, 0, 0
7350, 12710, 0, 0, 0
7450, 13600, 0, 0, 0
7550, 13800, 0, 0, 0
7651, 13800, 0, 0, 0
7751, 12750, 0, 0, 0
7851, 13930, 0, 0, 0
7951, 13270, 0, 0, 0
8051, 12760, 0, 0, 0
8151, 11450, 0, 0, 0
8250, 13717, 0, 0, 0
8350, 13180, 0, 0, 0
8450, 12720, 0, 0, 0
8550, 13630, 0, 0, 0
8650, 12500, 0, 0, 0
8750, 13460, 0, 0, 0
8851, 12960, 0, 0, 0
8951, 13160, 0, 0, 0
9051, 12750, 0, 0, 0
9151, 13030, 0, 0, 0
9251, 12800, 0, 0, 0
9351, 13060, 0, 0, 0
9451, 12880, 0, 0, 0
9551, 13710, 0, 0, 0
9651, 13120, 0, 0, 0
9750, 13030, 0, 0, 0
9851, 13370, 0, 0, 0
9951, 13440, 0, 0, 0
10051, 13290, 0, 0, 0
10152, 13010, 0, 0, 0
10251, 12808, 0, 0, 0
10351, 14080, 0, 0, 0
10451, 12480, 0, 0, 0
10551, 13760, 0, 0, 0
10651, 12780, 0, 0, 0
10750, 12353, 0, 0, 0
10850, 12350, 0, 0, 0
10950, 13330, 0, 0, 0
11051, 13290, 0, 0, 0
11151, 12420, 0, 0, 0
11250, 12292, 0, 0, 0
11350, 12900, 0, 0, 0
11451, 13850, 0, 0, 0
11551, 13050, 0, 0, 0
11651, 12970, 0, 0, 0
11750, 13161, 0, 0, 0
11850, 13170, 0, 0, 0
11950, 13050, 0, 0, 0
12051, 13640, 0, 0, 0
12151, 12690, 0, 0, 0
12251, 12180, 0, 0, 0
12351, 13190, 0, 0, 0
12451, 13000, 0, 0, 0
12551, 12310, 0, 0, 0
12651, 13880, 0, 0, 0
12750, 12222, 0, 0, 0
12851, 13080, 0, 0, 0
12951, 13650, 0, 0, 0
13051, 12170, 0, 0, 0
13151, 13040, 0, 0, 0
13251, 13040, 0, 0, 0
13351, 13440, 0, 0, 0
13451, 13530, 0, 0, 0
13551, 14110, 0, 0, 0
13651, 12840, 0, 0, 0
13750, 13272, 0, 0, 0
13850, 13070, 0, 0, 0
13950, 14430, 0, 0, 0
14050, 14140, 0, 0, 0
14150, 14130, 0, 0, 0
14250, 13950, 0, 0, 0
14350, 14630, 0, 0, 0
14451, 14300, 0, 0, 0
14551, 13150, 0, 0, 0
14651, 13470, 0, 0, 0
14751, 13170, 0, 0, 0
14851, 14520, 0, 0, 0
14951, 13890, 0, 0, 0
15051, 13330, 0, 0, 0
15151, 13360, 0, 0, 0
15251, 15111, 0, 0, 0
15351, 14460, 0, 0, 0
15451, 14360, 0, 0, 0
15551, 14500, 0, 0, 0
15651, 13980, 0, 0, 0
15750, 14797, 0, 0, 0
15850, 15290, 0, 0, 0
15950, 14100, 0, 0, 0
16050, 13790, 0, 0, 0
16150, 14190, 0, 0, 0
16250, 15610, 0, 0, 0
16350, 14960, 0, 0, 0
16451, 15580, 0, 0, 0
16551, 16260, 0, 0, 0
16651, 13920, 0, 0, 0
16750, 15060, 0, 0, 0
16851, 13510, 0, 0, 0
16951, 13350, 0, 0, 0
17051, 12870, 0, 0, 0
17151, 11800, 0, 0, 0
17250, 12626, 0, 0, 0
17351, 13200, 0, 0, 0
17451, 12190, 0, 0, 0
17551, 12850, 0, 0, 0
17651, 11780, 0, 0, 0
17750, 11797, 0, 0, 0
17850, 11900, 0, 0, 0
17950, 12480, 0, 0, 0
18050, 12540, 0, 0, 0
18150, 11900, 0, 0, 0
18251, 11400, 0, 0, 0
18351, 12660, 0, 0, 0
18451, 12700, 0, 0, 0
18551, 12000, 0, 0, 0
18651, 12070, 0, 0, 0
18750, 11919, 0, 0, 0
18850, 12460, 0, 0, 0
18950, 12290, 0, 0, 0
19051, 12010, 0, 0, 0
19151, 12640, 0, 0, 0
19250, 12656, 0, 0, 0
19350, 12600, 0, 0, 0
19450, 12120, 0, 0, 0
19550, 11670, 0, 0, 0
19650, 13150, 0, 0, 0
19751, 12370, 0, 0, 0
19851, 11090, 0, 0, 0
19952, 11560, 0, 0, 0
20052, 12440, 0, 0, 0
20152, 11650, 0, 0, 0
20251, 12101, 0, 0, 0
20351, 12730, 0, 0, 0
20451, 12140, 0, 0, 0
20552, 13370, 0, 0, 0
20652, 12540, 0, 0, 0
20751, 12838, 0, 0, 0
20851, 12410, 0, 0, 0
20951, 11530, 0, 0, 0
21051, 14560, 0, 0, 0
21151, 11830, 0, 0, 0
21250, 12929, 0, 0, 0
21350, 13050, 0, 0, 0
21450, 12050, 0, 0, 0
21550, 11630, 0, 0, 0
21651, 13030, 0, 0, 0
21751, 12300, 0, 0, 0
21851, 11430, 0, 0, 0
21951, 11650, 0, 0, 0
22051, 12900, 0, 0, 0
22151, 12190, 0, 0, 0
22251, 12333, 0, 0, 0
22351, 12200, 0, 0, 0
22451, 12620, 0, 0, 0
22551, 11280, 0, 0, 0
22651, 12410, 0, 0, 0
22750, 11575, 0, 0, 0
22850, 12180, 0, 0, 0
22950, 11110, 0, 0, 0
23050, 13490, 0, 0, 0
23151, 12260, 0, 0, 0
23251, 12490, 0, 0, 0
23351, 11800, 0, 0, 0
23451, 10940, 0, 0, 0
23551, 12570, 0, 0, 0
23651, 12410, 0, 0, 0
23751, 11989, 0, 0, 0
23851, 11850, 0, 0, 0
23951, 13940, 0, 0, 0
24051, 10440, 0, 0, 0
24151, 10780, 0, 0, 0
24251, 12333, 0, 0, 0
24351, 12250, 0, 0, 0
24451, 13440, 0, 0, 0
24551, 12030, 0, 0, 0
24651, 12150, 0, 0, 0
24750, 12050, 0, 0, 0
24850, 12360, 0, 0, 0
24950, 13130, 0, 0, 0
25050, 12420, 0, 0, 0
25151, 11870, 0, 0, 0
25251, 12080, 0, 0, 0
25351, 12310, 0, 0, 0
25451, 11620, 0, 0, 0
25552, 12390, 0, 0, 0
25652, 12390, 0, 0, 0
25752, 12390, 0, 0, 0
25852, 13150, 0, 0, 0
25952, 12490, 0, 0, 0
26052, 13160, 0, 0, 0
26152, 12180, 0, 0, 0
26252, 13740, 0, 0, 0
26353, 12790, 0, 0, 0
26453, 12730, 0, 0, 0
26553, 12140, 0, 0, 0
26653, 12500, 0, 0, 0
26753, 12070, 0, 0, 0
26853, 12580, 0, 0, 0
26953, 12880, 0, 0, 0
27054, 12380, 0, 0, 0
27154, 12820, 0, 0, 0
27254, 11630, 0, 0, 0
27354, 11840, 0, 0, 0
27454, 12490, 0, 0, 0
27554, 11890, 0, 0, 0
27654, 12650, 0, 0, 0
27754, 12930, 0, 0, 0
27855, 12440, 0, 0, 0
27955, 13200, 0, 0, 0
28055, 11050, 0, 0, 0
28155, 12290, 0, 0, 0
28255, 12340, 0, 0, 0
28355, 10710, 0, 0, 0
28455, 11730, 0, 0, 0
28555, 12130, 0, 0, 0
28655, 11920, 0, 0, 0
28756, 12090, 0, 0, 0
28856, 13920, 0, 0, 0
28956, 11800, 0, 0, 0
29056, 12320, 0, 0, 0
29156, 13020, 0, 0, 0
29256, 11820, 0, 0, 0
29356, 13230, 0, 0, 0
29456, 11780, 0, 0, 0
29557, 11690, 0, 0, 0
29657, 13580, 0, 0, 0
29757, 12930, 0, 0, 0
29857, 12290, 0, 0, 0
29958, 11880, 0, 0, 0
30058, 12550, 0, 0, 0
30158, 12350, 0, 0, 0
30259, 12130, 0, 0, 0
30359, 12790, 0, 0, 0
30459, 12770, 0, 0, 0
30559, 12230, 0, 0, 0
30659, 12080, 0, 0, 0
30759, 12420, 0, 0, 0
30859, 11200, 0, 0, 0
30960, 11200, 0, 0, 0
31060, 11390, 0, 0, 0
31160, 12420, 0, 0, 0
31260, 12240, 0, 0, 0
31360, 12370, 0, 0, 0
31460, 12900, 0, 0, 0
31560, 13190, 0, 0, 0
31660, 12010, 0, 0, 0
31761, 10820, 0, 0, 0
31861, 11720, 0, 0, 0
31961, 12810, 0, 0, 0
32061, 12290, 0, 0, 0
32161, 12210, 0, 0, 0
32261, 12170, 0, 0, 0
32362, 13227, 0, 0, 0
32462, 11480, 0, 0, 0
32563, 11610, 0, 0, 0
32663, 11680, 0, 0, 0
32764, 12960, 0, 0, 0
32864, 11900, 0, 0, 0
32964, 11720, 0, 0, 0
33064, 11740, 0, 0, 0
33164, 13350, 0, 0, 0
33265, 13090, 0, 0, 0
33365, 11470, 0, 0, 0
33465, 12860, 0, 0, 0
33565, 11930, 0, 0, 0
33665, 12670, 0, 0, 0
33765, 12380, 0, 0, 0
33865, 13450, 0, 0, 0
33965, 11160, 0, 0, 0
34065, 12730, 0, 0, 0
34165, 12200, 0, 0, 0
34266, 12000, 0, 0, 0
34366, 12150, 0, 0, 0
34466, 12590, 0, 0, 0
34566, 12850, 0, 0, 0
34666, 11840, 0, 0, 0
34767, 12060, 0, 0, 0
34867, 12360, 0, 0, 0
34967, 12020, 0, 0, 0
35067, 13050, 0, 0, 0
35167, 12310, 0, 0, 0
35267, 13710, 0, 0, 0
35367, 12930, 0, 0, 0
35467, 12130, 0, 0, 0
35567, 13650, 0, 0, 0
35668, 13870, 0, 0, 0
35768, 12030, 0, 0, 0
35868, 11530, 0, 0, 0
35968, 11610, 0, 0, 0
36068, 12100, 0, 0, 0
36168, 10620, 0, 0, 0
36268, 11070, 0, 0, 0
36368, 12530, 0, 0, 0
36469, 12130, 0, 0, 0
36569, 12950, 0, 0, 0
36669, 11510, 0, 0, 0
36769, 12550, 0, 0, 0
36869, 12690, 0, 0, 0
36969, 11640, 0, 0, 0
37070, 11950, 0, 0, 0
37170, 12020, 0, 0, 0
37270, 11940, 0, 0, 0
37370, 12360, 0, 0, 0
37470, 12820, 0, 0, 0
37570, 12240, 0, 0, 0
37671, 11860, 0, 0, 0
37771, 12130, 0, 0, 0
37871, 11960, 0, 0, 0
37971, 11990, 0, 0, 0
38071, 12070, 0, 0, 0
38171, 12700, 0, 0, 0
38271, 12210, 0, 0, 0
38371, 12510, 0, 0, 0
38472, 11710, 0, 0, 0
38572, 11440, 0, 0, 0
38672, 12340, 0, 0, 0
38772, 13330, 0, 0, 0
38872, 12460, 0, 0, 0
38972, 12170, 0, 0, 0
39073, 11400, 0, 0, 0
39173, 11400, 0, 0, 0
39273, 12340, 0, 0, 0
39373, 12750, 0, 0, 0
39474, 11520, 0, 0, 0
39574, 11450, 0, 0, 0
39675, 12540, 0, 0, 0
39775, 12880, 0, 0, 0
39875, 12180, 0, 0, 0
39975, 11890, 0, 0, 0
40075, 11590, 0, 0, 0
40175, 11690, 0, 0, 0
40276, 12260, 0, 0, 0
40376, 11890, 0, 0, 0
40476, 11820, 0, 0, 0
40576, 13550, 0, 0, 0
40676, 11060, 0, 0, 0
40777, 12280, 0, 0, 0
40877, 13840, 0, 0, 0
40977, 12760, 0, 0, 0
41078, 10990, 0, 0, 0
41178, 11820, 0, 0, 0
41278, 13160, 0, 0, 0
41378, 12900, 0, 0, 0
41478, 11420, 0, 0, 0
41578, 13200, 0, 0, 0
41678, 12050, 0, 0, 0
41779, 12120, 0, 0, 0
41879, 11400, 0, 0, 0
41979, 12260, 0, 0, 0
42080, 12990, 0, 0, 0
42180, 12250, 0, 0, 0
42280, 11350, 0, 0, 0
42380, 13090, 0, 0, 0
42480, 12250, 0, 0, 0
42581, 11810, 0, 0, 0
42681, 12270, 0, 0, 0
42781, 12350, 0, 0, 0
42881, 12440, 0, 0, 0
42981, 10760, 0, 0, 0
43081, 13260, 0, 0, 0
43181, 12290, 0, 0, 0
43281, 11520, 0, 0, 0
43381, 11760, 0, 0, 0
43482, 11500, 0, 0, 0
43582, 12910, 0, 0, 0
43682, 11030, 0, 0, 0
43782, 11540, 0, 0, 0
43882, 12750, 0, 0, 0
43982, 12190, 0, 0, 0
44082, 11790, 0, 0, 0
44182, 12990, 0, 0, 0
44283, 11790, 0, 0, 0
44383, 11460, 0, 0, 0
44483, 12530, 0, 0, 0
44583, 10770, 0, 0, 0
44683, 12200, 0, 0, 0
44783, 12430, 0, 0, 0
44884, 11390, 0, 0, 0
44984, 11220, 0, 0, 0
45084, 12970, 0, 0, 0
45184, 12890, 0, 0, 0
45284, 13230, 0, 0, 0
45384, 13160, 0, 0, 0
45484, 12340, 0, 0, 0
45584, 13820, 0, 0, 0
45684, 12290, 0, 0, 0
45785, 12550, 0, 0, 0
45885, 12430, 0, 0, 0
45985, 12520, 0, 0, 0
46085, 12200, 0, 0, 0
46185, 11930, 0, 0, 0
46285, 13120, 0, 0, 0
46385, 12480, 0, 0, 0
46485, 12140, 0, 0, 0
46585, 12530, 0, 0, 0
46685, 12090, 0, 0, 0
46786, 12220, 0, 0, 0
46886, 12450, 0, 0, 0
46986, 10770, 0, 0, 0
47086, 13400, 0, 0, 0
47186, 11600, 0, 0, 0
47287, 9870, 0, 0, 0
47387, 12380, 0, 0, 0
47487, 12060, 0, 0, 0
47587, 11490, 0, 0, 0
47687, 12360, 0, 0, 0
47787, 12180, 0, 0, 0
47887, 12470, 0, 0, 0
47987, 13920, 0, 0, 0
48087, 12600, 0, 0, 0
48187, 12380, 0, 0, 0
48288, 11560, 0, 0, 0
48388, 13180, 0, 0, 0
48488, 12990, 0, 0, 0
48588, 11500, 0, 0, 0
48688, 10730, 0, 0, 0
48788, 12840, 0, 0, 0
48888, 11460, 0, 0, 0
48989, 13070, 0, 0, 0
49089, 12190, 0, 0, 0
49189, 12630, 0, 0, 0
49289, 11830, 0, 0, 0
49389, 11930, 0, 0, 0
49489, 11680, 0, 0, 0
49589, 11760, 0, 0, 0
49690, 12100, 0, 0, 0
49790, 12980, 0, 0, 0
49890, 13050, 0, 0, 0
49990, 12310, 0, 0, 0
50090, 11380, 0, 0, 0
50190, 12380, 0, 0, 0
50290, 12080, 0, 0, 0
50392, 12376, 0, 0, 0
50492, 12860, 0, 0, 0
50592, 12110, 0, 0, 0
50692, 12870, 0, 0, 0
50792, 12680, 0, 0, 0
50892, 12730, 0, 0, 0
50992, 12500, 0, 0, 0
51092, 13080, 0, 0, 0
51193, 12750, 0, 0, 0
51293, 11810, 0, 0, 0
51393, 12400, 0, 0, 0
51493, 12140, 0, 0, 0
51593, 11370, 0, 0, 0
51693, 10920, 0, 0, 0
51794, 11270, 0, 0, 0
51894, 9930, 0, 0, 0
51994, 12720, 0, 0, 0
52094, 12590, 0, 0, 0
52194, 13130, 0, 0, 0
52295, 11980, 0, 0, 0
52395, 12340, 0, 0, 0
52495, 11650, 0, 0, 0
52595, 11490, 0, 0, 0
52695, 12680, 0, 0, 0
52795, 12730, 0, 0, 0
52895, 11500, 0, 0, 0
52995, 12980, 0, 0, 0
53096, 10560, 0, 0, 0
53196, 11130, 0, 0, 0
53296, 14220, 0, 0, 0
53396, 12780, 0, 0, 0
53496, 13060, 0, 0, 0
53597, 12990, 0, 0, 0
53697, 12700, 0, 0, 0
53797, 12610, 0, 0, 0
53897, 11840, 0, 0, 0
53997, 11860, 0, 0, 0
54097, 12690, 0, 0, 0
54198, 12750, 0, 0, 0
54298, 9450, 0, 0, 0
54398, 12440, 0, 0, 0
54498, 12580, 0, 0, 0
54598, 12490, 0, 0, 0
54698, 12640, 0, 0, 0
54798, 11720, 0, 0, 0
54898, 12820, 0, 0, 0
54999, 12450, 0, 0, 0
55099, 11420, 0, 0, 0
55199, 11130, 0, 0, 0
55299, 12590, 0, 0, 0
55399, 13280, 0, 0, 0
55499, 11760, 0, 0, 0
55599, 14930, 0, 0, 0
55700, 12120, 0, 0, 0
55800, 12060, 0, 0, 0
55900, 11370, 0, 0, 0
56000, 13220, 0, 0, 0
56100, 12360, 0, 0, 0
56200, 11970, 0, 0, 0
56300, 11940, 0, 0, 0
56400, 13000, 0, 0, 0
56500, 11640, 0, 0, 0
56600, 12710, 0, 0, 0
56700, 12130, 0, 0, 0
56800, 12040, 0, 0, 0
56900, 13640, 0, 0, 0
57000, 12510, 0, 0, 0
57100, 12320, 0, 0, 0
57200, 11060, 0, 0, 0
57300, 13070, 0, 0, 0
57400, 12460, 0, 0, 0
57500, 11860, 0, 0, 0
57600, 11850, 0, 0, 0
57700, 11310, 0, 0, 0
57800, 12120, 0, 0, 0
57900, 11580, 0, 0, 0
58001, 12460, 0, 0, 0
58100, 12060, 0, 0, 0
58200, 12120, 0, 0, 0
58300, 11510, 0, 0, 0
58400, 12470, 0, 0, 0
58500, 12800, 0, 0, 0
58600, 12160, 0, 0, 0
58701, 12960, 0, 0, 0
58800, 13464, 0, 0, 0
58900, 13770, 0, 0, 0
59000, 11000, 0, 0, 0
59100, 12680, 0, 0, 0
59200, 12800, 0, 0, 0
59300, 11230, 0, 0, 0
59400, 12740, 0, 0, 0
59500, 11910, 0, 0, 0
59600, 12960, 0, 0, 0
59700, 11980, 0, 0, 0
59800, 13323, 0, 0, 0
59900, 11750, 0, 0, 0
60000, 11730, 0, 0, 0
60100, 12700, 0, 0, 0
60200, 12280, 0, 0, 0
60300, 11560, 0, 0, 0
60400, 11900, 0, 0, 0
60501, 11100, 0, 0, 0
60600, 12464, 0, 0, 0
60700, 12230, 0, 0, 0
60800, 12380, 0, 0, 0
60900, 11570, 0, 0, 0
61000, 10730, 0, 0, 0
61100, 12010, 0, 0, 0
61200, 12900, 0, 0, 0
61300, 11860, 0, 0, 0
61401, 12370, 0, 0, 0
61500, 13313, 0, 0, 0
61600, 12660, 0, 0, 0
61700, 11750, 0, 0, 0
61800, 12750, 0, 0, 0
61900, 12640, 0, 0, 0
62000, 13100, 0, 0, 0
62100, 11990, 0, 0, 0
62200, 13470, 0, 0, 0
62300, 12480, 0, 0, 0
62400, 12550, 0, 0, 0
62500, 11440, 0, 0, 0
62601, 12680, 0, 0, 0
62700, 13202, 0, 0, 0
62800, 11480, 0, 0, 0
62900, 12130, 0, 0, 0
63000, 11980, 0, 0, 0
63100, 12060, 0, 0, 0
63200, 12750, 0, 0, 0
63300, 12110, 0, 0, 0
63400, 11750, 0, 0, 0
63500, 12940, 0, 0, 0
63600, 12140, 0, 0, 0
63701, 12350, 0, 0, 0
63800, 12696, 0, 0, 0
63900, 12500, 0, 0, 0
64000, 12520, 0, 0, 0
64100, 11870, 0, 0, 0
64201, 11220, 0, 0, 0
64300, 12040, 0, 0, 0
64400, 11720, 0, 0, 0
64500, 11350, 0, 0, 0
64600, 11630, 0, 0, 0
64700, 11610, 0, 0, 0
64800, 11900, 0, 0, 0
64900, 12180, 0, 0, 0
65000, 13170, 0, 0, 0
65100, 12560, 0, 0, 0
65200, 12740, 0, 0, 0
65300, 11380, 0, 0, 0
65400, 12820, 0, 0, 0
65501, 10990, 0, 0, 0
65600, 11292, 0, 0, 0
65700, 13030, 0, 0, 0
65800, 12830, 0, 0, 0
65900, 11650, 0, 0, 0
66000, 13110, 0, 0, 0
66100, 12570, 0, 0, 0
66200, 12540, 0, 0, 0
66300, 12540, 0, 0, 0
66400, 12250, 0, 0, 0
66500, 11640, 0, 0, 0
66601, 13100, 0, 0, 0
66701, 12393, 0, 0, 0
66800, 12171, 0, 0, 0
66900, 13290, 0, 0, 0
67000, 11640, 0, 0, 0
67100, 12310, 0, 0, 0
67200, 12250, 0, 0, 0
67300, 12340, 0, 0, 0
67400, 10670, 0, 0, 0
67500, 12030, 0, 0, 0
67600, 12210, 0, 0, 0
67700, 12850, 0, 0, 0
67800, 13000, 0, 0, 0
67900, 12540, 0, 0, 0
68001, 11960, 0, 0, 0
68100, 12090, 0, 0, 0
68200, 11850, 0, 0, 0
68300, 12770, 0, 0, 0
68400, 11730, 0, 0, 0
68500, 12850, 0, 0, 0
68600, 12110, 0, 0, 0
68701, 13440, 0, 0, 0
68800, 12323, 0, 0, 0
68900, 10980, 0, 0, 0
69000, 12630, 0, 0, 0
69100, 12790, 0, 0, 0
69200, 12540, 0, 0, 0
69300, 11870, 0, 0, 0
69400, 12380, 0, 0, 0
69501, 11430, 0, 0, 0
69600, 12101, 0, 0, 0
69700, 13590, 0, 0, 0
69800, 12650, 0, 0, 0
69900, 11980, 0, 0, 0
70000, 13920, 0, 0, 0
70100, 12590, 0, 0, 0
70200, 13080, 0, 0, 0
70300, 12280, 0, 0, 0
70400, 11760, 0, 0, 0
70501, 11920, 0, 0, 0
70600, 12050, 0, 0, 0
70700, 12640, 0, 0, 0
70800, 11520, 0, 0, 0
70900, 11030, 0, 0, 0
71000, 12560, 0, 0, 0
71100, 12310, 0, 0, 0
71200, 11570, 0, 0, 0
71300, 11640, 0, 0, 0
71400, 12690, 0, 0, 0
71501, 12260, 0, 0, 0
71600, 11757, 0, 0, 0
71700, 11800, 0, 0, 0
71800, 13540, 0, 0, 0
71900, 12670, 0, 0, 0
72000, 13250, 0, 0, 0
72100, 12640, 0, 0, 0
72200, 12310, 0, 0, 0
72300, 13960, 0, 0, 0
72400, 12600, 0, 0, 0
72501, 12450, 0, 0, 0
72600, 13515, 0, 0, 0
72700, 12260, 0, 0, 0
72800, 13170, 0, 0, 0
72900, 11850, 0, 0, 0
73000, 12550, 0, 0, 0
73100, 12290, 0, 0, 0
73200, 12600, 0, 0, 0
73300, 11515, 0, 0, 0
73400, 12190, 0, 0, 0
73500, 11100, 0, 0, 0
73600, 11410, 0, 0, 0
73700, 11650, 0, 0, 0
73800, 11960, 0, 0, 0
73900, 11760, 0, 0, 0
74000, 12260, 0, 0, 0
74100, 12680, 0, 0, 0
74200, 12060, 0, 0, 0
74300, 13111, 0, 0, 0
74400, 12780, 0, 0, 0
74500, 13270, 0, 0, 0
74600, 12980, 0, 0, 0
74700, 11750, 0, 0, 0
74801, 11450, 0, 0, 0
74900, 12727, 0, 0, 0
75000, 12890, 0, 0, 0
75100, 11690, 0, 0, 0
75200, 12470, 0, 0, 0
75300, 11450, 0, 0, 0
75400, 10380, 0, 0, 0
75500, 12480, 0, 0, 0
75600, 13300, 0, 0, 0
75700, 12070, 0, 0, 0
75800, 12434, 0, 0, 0
75900, 13520, 0, 0, 0
76000, 11840, 0, 0, 0
76100, 12360, 0, 0, 0
76200, 12270, 0, 0, 0
76300, 13120, 0, 0, 0
76400, 13280, 0, 0, 0
76500, 11730, 0, 0, 0
76600, 13410, 0, 0, 0
76700, 11570, 0, 0, 0
76800, 10454, 0, 0, 0
76900, 12280, 0, 0, 0
77000, 11120, 0, 0, 0
77100, 12620, 0, 0, 0
77200, 11520, 0, 0, 0
77300, 12910, 0, 0, 0
77400, 13040, 0, 0, 0
77500, 13130, 0, 0, 0
77600, 13090, 0, 0, 0
77700, 12270, 0, 0, 0
77800, 12505, 0, 0, 0
77900, 12450, 0, 0, 0
78000, 12430, 0, 0, 0
78100, 11890, 0, 0, 0
78200, 12640, 0, 0, 0
78300, 12490, 0, 0, 0
78400, 11670, 0, 0, 0
78500, 12580, 0, 0, 0
78600, 12040, 0, 0, 0
78700, 12140, 0, 0, 0
78801, 12620, 0, 0, 0
78900, 11424, 0, 0, 0
79000, 11510, 0, 0, 0
79100, 11620, 0, 0, 0
79200, 11420, 0, 0, 0
79300, 9868, 0, 0, 0
79400, 10320, 0, 0, 0
79500, 11820, 0, 0, 0
79600, 11390, 0, 0, 0
79700, 11540, 0, 0, 0
79800, 11210, 0, 0, 0
79900, 11620, 0, 0, 0
80000, 11740, 0, 0, 0
80100, 12560, 0, 0, 0
80200, 12770, 0, 0, 0
80300, 12100, 0, 0, 0
80400, 11670, 0, 0, 0
80501, 12790, 0, 0, 0
80600, 12656, 0, 0, 0
80700, 12460, 0, 0, 0
80800, 13400, 0, 0, 0
80900, 11730, 0, 0, 0
81000, 12870, 0, 0, 0
81100, 13560, 0, 0, 0
81200, 13140, 0, 0, 0
81300, 12380, 0, 0, 0
81400, 12620, 0, 0, 0
81501, 12660, 0, 0, 0
81600, 9969, 0, 0, 0
81700, 12520, 0, 0, 0
81800, 12190, 0, 0, 0
81900, 13180, 0, 0, 0
82000, 11860, 0, 0, 0
82100, 12840, 0, 0, 0
82200, 12740, 0, 0, 0
82300, 10960, 0, 0, 0
82400, 11700, 0, 0, 0
82500, 12760, 0, 0, 0
82600, 12360, 0, 0, 0
82700, 11400, 0, 0, 0
82800, 11333, 0, 0, 0
82900, 12330, 0, 0, 0
83000, 12960, 0, 0, 0
83100, 10980, 0, 0, 0
83200, 12390, 0, 0, 0
83300, 12540, 0, 0, 0
83400, 10870, 0, 0, 0
83500, 12300, 0, 0, 0
83600, 11050, 0, 0, 0
83700, 12580, 0, 0, 0
83800, 10380, 0, 0, 0
83901, 11770, 0, 0, 0
84000, 12808, 0, 0, 0
84100, 11640, 0, 0, 0
84200, 12040, 0, 0, 0
84300, 11630, 0, 0, 0
84400, 12710, 0, 0, 0
84500, 12670, 0, 0, 0
84600, 12480, 0, 0, 0
84701, 12650, 0, 0, 0
84800, 12686, 0, 0, 0
84900, 12200, 0, 0, 0
85000, 11980, 0, 0, 0
85100, 14370, 0, 0, 0
85200, 13260, 0, 0, 0
85300, 12676, 0, 0, 0
85400, 12590, 0, 0, 0
85500, 12160, 0, 0, 0
85600, 12270, 0, 0, 0
85700, 10930, 0, 0, 0
85800, 11920, 0, 0, 0
85900, 12130, 0, 0, 0
86000, 11120, 0, 0, 0
86100, 12530, 0, 0, 0
86200, 12380, 0, 0, 0
86300, 12565, 0, 0, 0
86400, 13050, 0, 0, 0
86500, 12260, 0, 0, 0
86600, 12410, 0, 0, 0
86700, 12540, 0, 0, 0
86800, 12920, 0, 0, 0
86900, 13440, 0, 0, 0
87001, 12980, 0, 0, 0
87100, 12171, 0, 0, 0
87200, 13110, 0, 0, 0
87300, 12880, 0, 0, 0
87400, 10660, 0, 0, 0
87500, 11030, 0, 0, 0
87600, 11950, 0, 0, 0
87700, 13080, 0, 0, 0
87800, 12400, 0, 0, 0
87900, 12220, 0, 0, 0
88001, 11460, 0, 0, 0
88100, 12606, 0, 0, 0
88200, 13150, 0, 0, 0
88300, 12960, 0, 0, 0
88400, 11710, 0, 0, 0
88500, 12220, 0, 0, 0
88601, 12750, 0, 0, 0
88700, 13050, 0, 0, 0
88800, 13290, 0, 0, 0
88900, 12020, 0, 0, 0
89000, 10860, 0, 0, 0
89100, 11100, 0, 0, 0
89200, 13110, 0, 0, 0
89300, 12960, 0, 0, 0
89400, 13420, 0, 0, 0
89501, 12610, 0, 0, 0
89600, 13191, 0, 0, 0
89700, 13310, 0, 0, 0
89800, 12600, 0, 0, 0
89900, 11990, 0, 0, 0
90000, 12290, 0, 0, 0
