250, 364544, 0, 0, 0
350, 355840, 0, 0, 0
450, 345600, 0, 0, 0
550, 343040, 0, 0, 0
650, 373760, 0, 0, 0
749, 377535, 0, 0, 0
849, 343040, 0, 0, 0
949, 384000, 0, 0, 0
1049, 378880, 0, 0, 0
1149, 355840, 0, 0, 0
1249, 366080, 0, 0, 0
1349, 391680, 0, 0, 0
1449, 371200, 0, 0, 0
1550, 384000, 0, 0, 0
1650, 384000, 0, 0, 0
1749, 362020, 0, 0, 0
1849, 386560, 0, 0, 0
1949, 353280, 0, 0, 0
2049, 386560, 0, 0, 0
2149, 337920, 0, 0, 0
2249, 368640, 0, 0, 0
2349, 353280, 0, 0, 0
2449, 355840, 0, 0, 0
2549, 345600, 0, 0, 0
2649, 355840, 0, 0, 0
2749, 371200, 0, 0, 0
2849, 345600, 0, 0, 0
2949, 353280, 0, 0, 0
3049, 358400, 0, 0, 0
3149, 322560, 0, 0, 0
3249, 349090, 0, 0, 0
3349, 360960, 0, 0, 0
3449, 378880, 0, 0, 0
3549, 366080, 0, 0, 0
3649, 376320, 0, 0, 0
3749, 322560, 0, 0, 0
3849, 330240, 0, 0, 0
3949, 360960, 0, 0, 0
4049, 348160, 0, 0, 0
4149, 368640, 0, 0, 0
4250, 337920, 0, 0, 0
4350, 384000, 0, 0, 0
4450, 371200, 0, 0, 0
4550, 353280, 0, 0, 0
4650, 368640, 0, 0, 0
4749, 372363, 0, 0, 0
4849, 358400, 0, 0, 0
4949, 345600, 0, 0, 0
5049, 366080, 0, 0, 0
5149, 330240, 0, 0, 0
5249, 384000, 0, 0, 0
5349, 355840, 0, 0, 0
5449, 335360, 0, 0, 0
5549, 373760, 0, 0, 0
5650, 350720, 0, 0, 0
5749, 336161, 0, 0, 0
5849, 332800, 0, 0, 0
5949, 391680, 0, 0, 0
6049, 343040, 0, 0, 0
6149, 358400, 0, 0, 0
6249, 358400, 0, 0, 0
6349, 325120, 0, 0, 0
6449, 348160, 0, 0, 0
6549, 368640, 0, 0, 0
6649, 337920, 0, 0, 0
6749, 355840, 0, 0, 0
6849, 353280, 0, 0, 0
6949, 322560, 0, 0, 0
7050, 309760, 0, 0, 0
7150, 363520, 0, 0, 0
7249, 346505, 0, 0, 0
7349, 360960, 0, 0, 0
7449, 335360, 0, 0, 0
7549, 371200, 0, 0, 0
7649, 360960, 0, 0, 0
7749, 330240, 0, 0, 0
7849, 340480, 0, 0, 0
7949, 343040, 0, 0, 0
8049, 355840, 0, 0, 0
8149, 371200, 0, 0, 0
8250, 355840, 0, 0, 0
8350, 353280, 0, 0, 0
8450, 355840, 0, 0, 0
8550, 355840, 0, 0, 0
8650, 366080, 0, 0, 0
8749, 367191, 0, 0, 0
8849, 381440, 0, 0, 0
8949, 355840, 0, 0, 0
9049, 353280, 0, 0, 0
9149, 368640, 0, 0, 0
9249, 348160, 0, 0, 0
9349, 340480, 0, 0, 0
9450, 350720, 0, 0, 0
9550, 363520, 0, 0, 0
9650, 312320, 0, 0, 0
9749, 346505, 0, 0, 0
9849, 350720, 0, 0, 0
9949, 355840, 0, 0, 0
10049, 345600, 0, 0, 0
10149, 350720, 0, 0, 0
10249, 376320, 0, 0, 0
10349, 371200, 0, 0, 0
10449, 381440, 0, 0, 0
10550, 340480, 0, 0, 0
10650, 358400, 0, 0, 0
10749, 341333, 0, 0, 0
10849, 320000, 0, 0, 0
10949, 350720, 0, 0, 0
11049, 366080, 0, 0, 0
11149, 391680, 0, 0, 0
11249, 358400, 0, 0, 0
11349, 381440, 0, 0, 0
11449, 348160, 0, 0, 0
11549, 353280, 0, 0, 0
11650, 366080, 0, 0, 0
11749, 338747, 0, 0, 0
11849, 366080, 0, 0, 0
11949, 353280, 0, 0, 0
12049, 368640, 0, 0, 0
12149, 378880, 0, 0, 0
12249, 378880, 0, 0, 0
12349, 348160, 0, 0, 0
12449, 386560, 0, 0, 0
12549, 371200, 0, 0, 0
12650, 394240, 0, 0, 0
12749, 387878, 0, 0, 0
12849, 340480, 0, 0, 0
12949, 386560, 0, 0, 0
13049, 363520, 0, 0, 0
13149, 363520, 0, 0, 0
13249, 353280, 0, 0, 0
13349, 345600, 0, 0, 0
13450, 353280, 0, 0, 0
13550, 381440, 0, 0, 0
13650, 373760, 0, 0, 0
13749, 369777, 0, 0, 0
13849, 360960, 0, 0, 0
13949, 363520, 0, 0, 0
14049, 358400, 0, 0, 0
14149, 353280, 0, 0, 0
14249, 363520, 0, 0, 0
14349, 337920, 0, 0, 0
14449, 360960, 0, 0, 0
14550, 332800, 0, 0, 0
14650, 358400, 0, 0, 0
14749, 351676, 0, 0, 0
14849, 355840, 0, 0, 0
14949, 350720, 0, 0, 0
15049, 368640, 0, 0, 0
15149, 335360, 0, 0, 0
15249, 371200, 0, 0, 0
15349, 345600, 0, 0, 0
15449, 360960, 0, 0, 0
15549, 371200, 0, 0, 0
15649, 343040, 0, 0, 0
15750, 340480, 0, 0, 0
15850, 355840, 0, 0, 0
15950, 363520, 0, 0, 0
16050, 348160, 0, 0, 0
16150, 384000, 0, 0, 0
16249, 380121, 0, 0, 0
16349, 378880, 0, 0, 0
16449, 399360, 0, 0, 0
16549, 358400, 0, 0, 0
16649, 360960, 0, 0, 0
16749, 355840, 0, 0, 0
16849, 376320, 0, 0, 0
16949, 322560, 0, 0, 0
17050, 363520, 0, 0, 0
17150, 350720, 0, 0, 0
17249, 377535, 0, 0, 0
17349, 371200, 0, 0, 0
17449, 348160, 0, 0, 0
17549, 358400, 0, 0, 0
17649, 355840, 0, 0, 0
17749, 373760, 0, 0, 0
17849, 360960, 0, 0, 0
17949, 371200, 0, 0, 0
18049, 366080, 0, 0, 0
18149, 391680, 0, 0, 0
18249, 368640, 0, 0, 0
18350, 371200, 0, 0, 0
18450, 355840, 0, 0, 0
18550, 378880, 0, 0, 0
18650, 360960, 0, 0, 0
18749, 356848, 0, 0, 0
18849, 350720, 0, 0, 0
18949, 394240, 0, 0, 0
19049, 376320, 0, 0, 0
19149, 386560, 0, 0, 0
19249, 368640, 0, 0, 0
19349, 360960, 0, 0, 0
19449, 384000, 0, 0, 0
19549, 348160, 0, 0, 0
19649, 345600, 0, 0, 0
19749, 358400, 0, 0, 0
19850, 327680, 0, 0, 0
19950, 337920, 0, 0, 0
20050, 355840, 0, 0, 0
20150, 353280, 0, 0, 0
20249, 333575, 0, 0, 0
20349, 322560, 0, 0, 0
20449, 360960, 0, 0, 0
20549, 368640, 0, 0, 0
20649, 343040, 0, 0, 0
20749, 376320, 0, 0, 0
20849, 373760, 0, 0, 0
20949, 368640, 0, 0, 0
21049, 378880, 0, 0, 0
21149, 378880, 0, 0, 0
21249, 340480, 0, 0, 0
21349, 360960, 0, 0, 0
21449, 353280, 0, 0, 0
21550, 363520, 0, 0, 0
21650, 376320, 0, 0, 0
21749, 349090, 0, 0, 0
21849, 343040, 0, 0, 0
21949, 353280, 0, 0, 0
22049, 360960, 0, 0, 0
22149, 353280, 0, 0, 0
22249, 335360, 0, 0, 0
22349, 348160, 0, 0, 0
22449, 302080, 0, 0, 0
22549, 355840, 0, 0, 0
22649, 348160, 0, 0, 0
22749, 373760, 0, 0, 0
22849, 353280, 0, 0, 0
22950, 366080, 0, 0, 0
23050, 360960, 0, 0, 0
23150, 371200, 0, 0, 0
23249, 351676, 0, 0, 0
23349, 381440, 0, 0, 0
23449, 378880, 0, 0, 0
23549, 353280, 0, 0, 0
23649, 381440, 0, 0, 0
23749, 343040, 0, 0, 0
23849, 350720, 0, 0, 0
23949, 350720, 0, 0, 0
24049, 345600, 0, 0, 0
24149, 330240, 0, 0, 0
24249, 343040, 0, 0, 0
24349, 343040, 0, 0, 0
24450, 371200, 0, 0, 0
24550, 302080, 0, 0, 0
24650, 348160, 0, 0, 0
24749, 364606, 0, 0, 0
24849, 330240, 0, 0, 0
24949, 396800, 0, 0, 0
25049, 368640, 0, 0, 0
25149, 325120, 0, 0, 0
25249, 355840, 0, 0, 0
25349, 371200, 0, 0, 0
25449, 353280, 0, 0, 0
25549, 327680, 0, 0, 0
25650, 366080, 0, 0, 0
25750, 355840, 0, 0, 0
25850, 343040, 0, 0, 0
25950, 360960, 0, 0, 0
26050, 386560, 0, 0, 0
26150, 340480, 0, 0, 0
26249, 367191, 0, 0, 0
26349, 314880, 0, 0, 0
26449, 343040, 0, 0, 0
26549, 348160, 0, 0, 0
26649, 317440, 0, 0, 0
26749, 314880, 0, 0, 0
26849, 396800, 0, 0, 0
26949, 363520, 0, 0, 0
27050, 363520, 0, 0, 0
27150, 363520, 0, 0, 0
27249, 393050, 0, 0, 0
27349, 330240, 0, 0, 0
27449, 340480, 0, 0, 0
27549, 355840, 0, 0, 0
27649, 371200, 0, 0, 0
27749, 371200, 0, 0, 0
27849, 376320, 0, 0, 0
27949, 355840, 0, 0, 0
28049, 373760, 0, 0, 0
28149, 358400, 0, 0, 0
28249, 337920, 0, 0, 0
28349, 345600, 0, 0, 0
28450, 358400, 0, 0, 0
28550, 348160, 0, 0, 0
28650, 330240, 0, 0, 0
28749, 351676, 0, 0, 0
28849, 386560, 0, 0, 0
28949, 368640, 0, 0, 0
29049, 384000, 0, 0, 0
29149, 368640, 0, 0, 0
29249, 358400, 0, 0, 0
29349, 322560, 0, 0, 0
29449, 322560, 0, 0, 0
29549, 355840, 0, 0, 0
29649, 355840, 0, 0, 0
29749, 387878, 0, 0, 0
29849, 335360, 0, 0, 0
29949, 337920, 0, 0, 0
30049, 340480, 0, 0, 0
30149, 350720, 0, 0, 0
30249, 355840, 0, 0, 0
30349, 355840, 0, 0, 0
30449, 345600, 0, 0, 0
30549, 317440, 0, 0, 0
30649, 335360, 0, 0, 0
30750, 348160, 0, 0, 0
30850, 353280, 0, 0, 0
30950, 373760, 0, 0, 0
31050, 332800, 0, 0, 0
31150, 353280, 0, 0, 0
31249, 364606, 0, 0, 0
31349, 371200, 0, 0, 0
31449, 350720, 0, 0, 0
31549, 335360, 0, 0, 0
31650, 348160, 0, 0, 0
31749, 377535, 0, 0, 0
31849, 348160, 0, 0, 0
31949, 345600, 0, 0, 0
32049, 353280, 0, 0, 0
32149, 353280, 0, 0, 0
32249, 350720, 0, 0, 0
32349, 366080, 0, 0, 0
32449, 327680, 0, 0, 0
32550, 381440, 0, 0, 0
32650, 358400, 0, 0, 0
32749, 362020, 0, 0, 0
32849, 384000, 0, 0, 0
32949, 360960, 0, 0, 0
33049, 332800, 0, 0, 0
33149, 335360, 0, 0, 0
33249, 353280, 0, 0, 0
33349, 327680, 0, 0, 0
33449, 348160, 0, 0, 0
33549, 348160, 0, 0, 0
33650, 343040, 0, 0, 0
33750, 348160, 0, 0, 0
33850, 386560, 0, 0, 0
33950, 350720, 0, 0, 0
34050, 345600, 0, 0, 0
34150, 353280, 0, 0, 0
34249, 336161, 0, 0, 0
34349, 335360, 0, 0, 0
34449, 320000, 0, 0, 0
34549, 332800, 0, 0, 0
34649, 314880, 0, 0, 0
34750, 363520, 0, 0, 0
34850, 340480, 0, 0, 0
34950, 358400, 0, 0, 0
35050, 350720, 0, 0, 0
35150, 325120, 0, 0, 0
35249, 351676, 0, 0, 0
35349, 343040, 0, 0, 0
35449, 327680, 0, 0, 0
35549, 325120, 0, 0, 0
35649, 360960, 0, 0, 0
35749, 309760, 0, 0, 0
35849, 348160, 0, 0, 0
35949, 340480, 0, 0, 0
36050, 330240, 0, 0, 0
36150, 355840, 0, 0, 0
36249, 328404, 0, 0, 0
36349, 320000, 0, 0, 0
36449, 337920, 0, 0, 0
36549, 327680, 0, 0, 0
36649, 327680, 0, 0, 0
36749, 307200, 0, 0, 0
36849, 343040, 0, 0, 0
36949, 381440, 0, 0, 0
37050, 350720, 0, 0, 0
37150, 325120, 0, 0, 0
37249, 354262, 0, 0, 0
37349, 337920, 0, 0, 0
37449, 325120, 0, 0, 0
37549, 325120, 0, 0, 0
37649, 355840, 0, 0, 0
37749, 358400, 0, 0, 0
37849, 309760, 0, 0, 0
37949, 335360, 0, 0, 0
38049, 337920, 0, 0, 0
38149, 343040, 0, 0, 0
38249, 363520, 0, 0, 0
38350, 335360, 0, 0, 0
38450, 327680, 0, 0, 0
38550, 330240, 0, 0, 0
38650, 345600, 0, 0, 0
38749, 354262, 0, 0, 0
38849, 325120, 0, 0, 0
38949, 371200, 0, 0, 0
39049, 337920, 0, 0, 0
39149, 360960, 0, 0, 0
39249, 350720, 0, 0, 0
39349, 355840, 0, 0, 0
39449, 358400, 0, 0, 0
39550, 363520, 0, 0, 0
39650, 327680, 0, 0, 0
39749, 343919, 0, 0, 0
39849, 330240, 0, 0, 0
39949, 355840, 0, 0, 0
40049, 350720, 0, 0, 0
40149, 363520, 0, 0, 0
40249, 358400, 0, 0, 0
40350, 355840, 0, 0, 0
40450, 348160, 0, 0, 0
40550, 360960, 0, 0, 0
40650, 343040, 0, 0, 0
40749, 328404, 0, 0, 0
40849, 337920, 0, 0, 0
40949, 343040, 0, 0, 0
41049, 332800, 0, 0, 0
41149, 335360, 0, 0, 0
41249, 325120, 0, 0, 0
41350, 355840, 0, 0, 0
41450, 348160, 0, 0, 0
41550, 332800, 0, 0, 0
41650, 335360, 0, 0, 0
41749, 356848, 0, 0, 0
41849, 330240, 0, 0, 0
41949, 309760, 0, 0, 0
42049, 335360, 0, 0, 0
42149, 350720, 0, 0, 0
42249, 327680, 0, 0, 0
42349, 343040, 0, 0, 0
42449, 335360, 0, 0, 0
42549, 373760, 0, 0, 0
42649, 350720, 0, 0, 0
42750, 340480, 0, 0, 0
42850, 330240, 0, 0, 0
42950, 358400, 0, 0, 0
43050, 368640, 0, 0, 0
43150, 350720, 0, 0, 0
43249, 338747, 0, 0, 0
43349, 340480, 0, 0, 0
43449, 350720, 0, 0, 0
43549, 371200, 0, 0, 0
43649, 345600, 0, 0, 0
43749, 343040, 0, 0, 0
43849, 332800, 0, 0, 0
43949, 320000, 0, 0, 0
44050, 304640, 0, 0, 0
44150, 314880, 0, 0, 0
44249, 349090, 0, 0, 0
44349, 337920, 0, 0, 0
44449, 327680, 0, 0, 0
44549, 350720, 0, 0, 0
44649, 350720, 0, 0, 0
44749, 350720, 0, 0, 0
44849, 279040, 0, 0, 0
44949, 340480, 0, 0, 0
45049, 355840, 0, 0, 0
45149, 343040, 0, 0, 0
45250, 358400, 0, 0, 0
45350, 371200, 0, 0, 0
45450, 332800, 0, 0, 0
45550, 343040, 0, 0, 0
45650, 348160, 0, 0, 0
45749, 333575, 0, 0, 0
45849, 363520, 0, 0, 0
45949, 360960, 0, 0, 0
46049, 350720, 0, 0, 0
46149, 350720, 0, 0, 0
46249, 358400, 0, 0, 0
46349, 340480, 0, 0, 0
46449, 345600, 0, 0, 0
46550, 309760, 0, 0, 0
46650, 353280, 0, 0, 0
46749, 323232, 0, 0, 0
46849, 337920, 0, 0, 0
46949, 353280, 0, 0, 0
47049, 348160, 0, 0, 0
47150, 325120, 0, 0, 0
47249, 320646, 0, 0, 0
47349, 335360, 0, 0, 0
47449, 335360, 0, 0, 0
47549, 360960, 0, 0, 0
47649, 325120, 0, 0, 0
47749, 340480, 0, 0, 0
47849, 330240, 0, 0, 0
47949, 335360, 0, 0, 0
48049, 320000, 0, 0, 0
48149, 348160, 0, 0, 0
48249, 345600, 0, 0, 0
48350, 353280, 0, 0, 0
48450, 322560, 0, 0, 0
48550, 322560, 0, 0, 0
48650, 327680, 0, 0, 0
48749, 359434, 0, 0, 0
48849, 363520, 0, 0, 0
48949, 312320, 0, 0, 0
49049, 312320, 0, 0, 0
49149, 337920, 0, 0, 0
49249, 320000, 0, 0, 0
49349, 345600, 0, 0, 0
49449, 325120, 0, 0, 0
49549, 348160, 0, 0, 0
49649, 330240, 0, 0, 0
49749, 337920, 0, 0, 0
49849, 353280, 0, 0, 0
49949, 340480, 0, 0, 0
50050, 335360, 0, 0, 0
50150, 340480, 0, 0, 0
50249, 359434, 0, 0, 0
50349, 363520, 0, 0, 0
50449, 322560, 0, 0, 0
50549, 350720, 0, 0, 0
50649, 368640, 0, 0, 0
50749, 353280, 0, 0, 0
50849, 353280, 0, 0, 0
50949, 363520, 0, 0, 0
51049, 360960, 0, 0, 0
51149, 350720, 0, 0, 0
51250, 350720, 0, 0, 0
51350, 337920, 0, 0, 0
51450, 355840, 0, 0, 0
51550, 343040, 0, 0, 0
51650, 358400, 0, 0, 0
51749, 362020, 0, 0, 0
51849, 337920, 0, 0, 0
51949, 368640, 0, 0, 0
52049, 330240, 0, 0, 0
52149, 353280, 0, 0, 0
52249, 368640, 0, 0, 0
52349, 360960, 0, 0, 0
52449, 304640, 0, 0, 0
52550, 335360, 0, 0, 0
52650, 373760, 0, 0, 0
52749, 343919, 0, 0, 0
52849, 366080, 0, 0, 0
52949, 320000, 0, 0, 0
53049, 325120, 0, 0, 0
53149, 312320, 0, 0, 0
53249, 330240, 0, 0, 0
53349, 312320, 0, 0, 0
53449, 345600, 0, 0, 0
53549, 335360, 0, 0, 0
53649, 327680, 0, 0, 0
53749, 343040, 0, 0, 0
53850, 345600, 0, 0, 0
53950, 335360, 0, 0, 0
54050, 345600, 0, 0, 0
54150, 327680, 0, 0, 0
54249, 336161, 0, 0, 0
54349, 335360, 0, 0, 0
54449, 335360, 0, 0, 0
54549, 325120, 0, 0, 0
54649, 340480, 0, 0, 0
54749, 340480, 0, 0, 0
54849, 345600, 0, 0, 0
54949, 358400, 0, 0, 0
55049, 366080, 0, 0, 0
55149, 355840, 0, 0, 0
55249, 337920, 0, 0, 0
55350, 322560, 0, 0, 0
55450, 366080, 0, 0, 0
55550, 350720, 0, 0, 0
55650, 337920, 0, 0, 0
55749, 330989, 0, 0, 0
55849, 325120, 0, 0, 0
55949, 360960, 0, 0, 0
56049, 355840, 0, 0, 0
56149, 327680, 0, 0, 0
56249, 353280, 0, 0, 0
56349, 373760, 0, 0, 0
56449, 345600, 0, 0, 0
56549, 355840, 0, 0, 0
56649, 343040, 0, 0, 0
56749, 340480, 0, 0, 0
56849, 335360, 0, 0, 0
56950, 345600, 0, 0, 0
57050, 360960, 0, 0, 0
57150, 358400, 0, 0, 0
57249, 351676, 0, 0, 0
57349, 366080, 0, 0, 0
57449, 350720, 0, 0, 0
57549, 368640, 0, 0, 0
57649, 348160, 0, 0, 0
57749, 353280, 0, 0, 0
57849, 345600, 0, 0, 0
57949, 322560, 0, 0, 0
58049, 381440, 0, 0, 0
58149, 363520, 0, 0, 0
58250, 348160, 0, 0, 0
58350, 337920, 0, 0, 0
58450, 332800, 0, 0, 0
58550, 355840, 0, 0, 0
58650, 345600, 0, 0, 0
58749, 346505, 0, 0, 0
58849, 368640, 0, 0, 0
58949, 348160, 0, 0, 0
59049, 366080, 0, 0, 0
59149, 335360, 0, 0, 0
59249, 366080, 0, 0, 0
59349, 353280, 0, 0, 0
59449, 350720, 0, 0, 0
59550, 358400, 0, 0, 0
59650, 353280, 0, 0, 0
59749, 346505, 0, 0, 0
59849, 371200, 0, 0, 0
59949, 340480, 0, 0, 0
60049, 353280, 0, 0, 0
60149, 345600, 0, 0, 0
60249, 348160, 0, 0, 0
60349, 353280, 0, 0, 0
60449, 332800, 0, 0, 0
60549, 355840, 0, 0, 0
60649, 312320, 0, 0, 0
60749, 348160, 0, 0, 0
60849, 337920, 0, 0, 0
60950, 343040, 0, 0, 0
61050, 358400, 0, 0, 0
61150, 335360, 0, 0, 0
61249, 343919, 0, 0, 0
61349, 332800, 0, 0, 0
61449, 320000, 0, 0, 0
61549, 355840, 0, 0, 0
61649, 355840, 0, 0, 0
61749, 327680, 0, 0, 0
61849, 348160, 0, 0, 0
61949, 350720, 0, 0, 0
62049, 371200, 0, 0, 0
62150, 343040, 0, 0, 0
62249, 323232, 0, 0, 0
62349, 350720, 0, 0, 0
62449, 345600, 0, 0, 0
62549, 355840, 0, 0, 0
62649, 350720, 0, 0, 0
62749, 366080, 0, 0, 0
62849, 327680, 0, 0, 0
62949, 330240, 0, 0, 0
63050, 343040, 0, 0, 0
63150, 348160, 0, 0, 0
63249, 341333, 0, 0, 0
63349, 337920, 0, 0, 0
63449, 348160, 0, 0, 0
63549, 350720, 0, 0, 0
63649, 345600, 0, 0, 0
63749, 371200, 0, 0, 0
63849, 353280, 0, 0, 0
63949, 332800, 0, 0, 0
64049, 335360, 0, 0, 0
64149, 371200, 0, 0, 0
64250, 309760, 0, 0, 0
64350, 348160, 0, 0, 0
64450, 371200, 0, 0, 0
64550, 317440, 0, 0, 0
64650, 332800, 0, 0, 0
64749, 341333, 0, 0, 0
64849, 327680, 0, 0, 0
64949, 296960, 0, 0, 0
65049, 345600, 0, 0, 0
65149, 343040, 0, 0, 0
65249, 355840, 0, 0, 0
65349, 353280, 0, 0, 0
65449, 360960, 0, 0, 0
65549, 360960, 0, 0, 0
65649, 353280, 0, 0, 0
65749, 332800, 0, 0, 0
65850, 335360, 0, 0, 0
65950, 320000, 0, 0, 0
66050, 335360, 0, 0, 0
66150, 350720, 0, 0, 0
66249, 338747, 0, 0, 0
66349, 360960, 0, 0, 0
66449, 337920, 0, 0, 0
66549, 345600, 0, 0, 0
66649, 350720, 0, 0, 0
66749, 345600, 0, 0, 0
66849, 330240, 0, 0, 0
66949, 353280, 0, 0, 0
67049, 322560, 0, 0, 0
67149, 345600, 0, 0, 0
67250, 325120, 0, 0, 0
67350, 335360, 0, 0, 0
67450, 322560, 0, 0, 0
67550, 314880, 0, 0, 0
67650, 358400, 0, 0, 0
67749, 372363, 0, 0, 0
67849, 371200, 0, 0, 0
67949, 314880, 0, 0, 0
68049, 366080, 0, 0, 0
68149, 345600, 0, 0, 0
68249, 343040, 0, 0, 0
68349, 343040, 0, 0, 0
68449, 343040, 0, 0, 0
68550, 340480, 0, 0, 0
68650, 350720, 0, 0, 0
68749, 354262, 0, 0, 0
68849, 335360, 0, 0, 0
68949, 325120, 0, 0, 0
69049, 299520, 0, 0, 0
69149, 350720, 0, 0, 0
69249, 340480, 0, 0, 0
69349, 330240, 0, 0, 0
69449, 355840, 0, 0, 0
69549, 320000, 0, 0, 0
69649, 366080, 0, 0, 0
69749, 332800, 0, 0, 0
69849, 348160, 0, 0, 0
69950, 353280, 0, 0, 0
70050, 296960, 0, 0, 0
70150, 314880, 0, 0, 0
70249, 359434, 0, 0, 0
70349, 366080, 0, 0, 0
70449, 355840, 0, 0, 0
70549, 350720, 0, 0, 0
70649, 296960, 0, 0, 0
70749, 327680, 0, 0, 0
70849, 337920, 0, 0, 0
70949, 307200, 0, 0, 0
71049, 309760, 0, 0, 0
71149, 355840, 0, 0, 0
71249, 360960, 0, 0, 0
71350, 325120, 0, 0, 0
71450, 355840, 0, 0, 0
71550, 314880, 0, 0, 0
71650, 312320, 0, 0, 0
71749, 341333, 0, 0, 0
71849, 320000, 0, 0, 0
71949, 340480, 0, 0, 0
72049, 343040, 0, 0, 0
72149, 286720, 0, 0, 0
72249, 366080, 0, 0, 0
72349, 343040, 0, 0, 0
72450, 360960, 0, 0, 0
72550, 343040, 0, 0, 0
72650, 335360, 0, 0, 0
72749, 338747, 0, 0, 0
72849, 332800, 0, 0, 0
72949, 358400, 0, 0, 0
73049, 371200, 0, 0, 0
73149, 337920, 0, 0, 0
73249, 348160, 0, 0, 0
73349, 353280, 0, 0, 0
73449, 366080, 0, 0, 0
73549, 327680, 0, 0, 0
73649, 340480, 0, 0, 0
73749, 360960, 0, 0, 0
73850, 332800, 0, 0, 0
73950, 337920, 0, 0, 0
74050, 343040, 0, 0, 0
74150, 325120, 0, 0, 0
74249, 318060, 0, 0, 0
74349, 296960, 0, 0, 0
74449, 335360, 0, 0, 0
74549, 355840, 0, 0, 0
74649, 337920, 0, 0, 0
74749, 353280, 0, 0, 0
74849, 325120, 0, 0, 0
74949, 330240, 0, 0, 0
75049, 332800, 0, 0, 0
75149, 327680, 0, 0, 0
75250, 335360, 0, 0, 0
75350, 312320, 0, 0, 0
75450, 330240, 0, 0, 0
75550, 332800, 0, 0, 0
75650, 353280, 0, 0, 0
75749, 330989, 0, 0, 0
75849, 343040, 0, 0, 0
75949, 337920, 0, 0, 0
76049, 366080, 0, 0, 0
76149, 366080, 0, 0, 0
76249, 368640, 0, 0, 0
76349, 343040, 0, 0, 0
76449, 307200, 0, 0, 0
76550, 376320, 0, 0, 0
76650, 348160, 0, 0, 0
76749, 362020, 0, 0, 0
76849, 360960, 0, 0, 0
76949, 348160, 0, 0, 0
77049, 353280, 0, 0, 0
77149, 343040, 0, 0, 0
77249, 325120, 0, 0, 0
77349, 366080, 0, 0, 0
77449, 322560, 0, 0, 0
77549, 343040, 0, 0, 0
77649, 358400, 0, 0, 0
77750, 322560, 0, 0, 0
77850, 355840, 0, 0, 0
77950, 345600, 0, 0, 0
78050, 335360, 0, 0, 0
78150, 327680, 0, 0, 0
78249, 356848, 0, 0, 0
78349, 360960, 0, 0, 0
78449, 350720, 0, 0, 0
78549, 350720, 0, 0, 0
78649, 335360, 0, 0, 0
78750, 337920, 0, 0, 0
78850, 317440, 0, 0, 0
78950, 314880, 0, 0, 0
79050, 345600, 0, 0, 0
79150, 343040, 0, 0, 0
79249, 338747, 0, 0, 0
79349, 340480, 0, 0, 0
79449, 337920, 0, 0, 0
79549, 335360, 0, 0, 0
79649, 340480, 0, 0, 0
79749, 355840, 0, 0, 0
79849, 320000, 0, 0, 0
79949, 350720, 0, 0, 0
80049, 363520, 0, 0, 0
80150, 350720, 0, 0, 0
80250, 330240, 0, 0, 0
80350, 309760, 0, 0, 0
80450, 337920, 0, 0, 0
80550, 340480, 0, 0, 0
80650, 373760, 0, 0, 0
80749, 315474, 0, 0, 0
80849, 330240, 0, 0, 0
80949, 327680, 0, 0, 0
81049, 322560, 0, 0, 0
81149, 335360, 0, 0, 0
81249, 317440, 0, 0, 0
81349, 337920, 0, 0, 0
81449, 337920, 0, 0, 0
81550, 330240, 0, 0, 0
81650, 335360, 0, 0, 0
81749, 325818, 0, 0, 0
81849, 309760, 0, 0, 0
81949, 320000, 0, 0, 0
82049, 320000, 0, 0, 0
82149, 335360, 0, 0, 0
82249, 330240, 0, 0, 0
82349, 322560, 0, 0, 0
82449, 317440, 0, 0, 0
82549, 320000, 0, 0, 0
82649, 327680, 0, 0, 0
82749, 343040, 0, 0, 0
82849, 345600, 0, 0, 0
82949, 366080, 0, 0, 0
83049, 368640, 0, 0, 0
83150, 340480, 0, 0, 0
83250, 335360, 0, 0, 0
83350, 317440, 0, 0, 0
83450, 350720, 0, 0, 0
83550, 345600, 0, 0, 0
83650, 312320, 0, 0, 0
83749, 343919, 0, 0, 0
83849, 348160, 0, 0, 0
83949, 355840, 0, 0, 0
84050, 302080, 0, 0, 0
84150, 350720, 0, 0, 0
84249, 372363, 0, 0, 0
84349, 371200, 0, 0, 0
84449, 314880, 0, 0, 0
84549, 355840, 0, 0, 0
84649, 366080, 0, 0, 0
84749, 332800, 0, 0, 0
84849, 350720, 0, 0, 0
84949, 358400, 0, 0, 0
85050, 371200, 0, 0, 0
85150, 350720, 0, 0, 0
85249, 325818, 0, 0, 0
85349, 363520, 0, 0, 0
85449, 337920, 0, 0, 0
85549, 358400, 0, 0, 0
85649, 350720, 0, 0, 0
85749, 335360, 0, 0, 0
85849, 353280, 0, 0, 0
85949, 348160, 0, 0, 0
86049, 337920, 0, 0, 0
86149, 332800, 0, 0, 0
86249, 330240, 0, 0, 0
86350, 360960, 0, 0, 0
86450, 368640, 0, 0, 0
86550, 322560, 0, 0, 0
86650, 322560, 0, 0, 0
86749, 307717, 0, 0, 0
86849, 309760, 0, 0, 0
86949, 350720, 0, 0, 0
87049, 355840, 0, 0, 0
87149, 322560, 0, 0, 0
87249, 340480, 0, 0, 0
87349, 327680, 0, 0, 0
87449, 345600, 0, 0, 0
87550, 337920, 0, 0, 0
87650, 353280, 0, 0, 0
87749, 307717, 0, 0, 0
87849, 302080, 0, 0, 0
87949, 337920, 0, 0, 0
88049, 317440, 0, 0, 0
88149, 317440, 0, 0, 0
88249, 322560, 0, 0, 0
88349, 302080, 0, 0, 0
88449, 314880, 0, 0, 0
88549, 309760, 0, 0, 0
88649, 322560, 0, 0, 0
88749, 325120, 0, 0, 0
88849, 322560, 0, 0, 0
88949, 309760, 0, 0, 0
89050, 317440, 0, 0, 0
89150, 335360, 0, 0, 0
89249, 354262, 0, 0, 0
89349, 335360, 0, 0, 0
89449, 304640, 0, 0, 0
89549, 330240, 0, 0, 0
89649, 327680, 0, 0, 0
89749, 345600, 0, 0, 0
89849, 335360, 0, 0, 0
89949, 348160, 0, 0, 0
