250, 2468, 0, 0, 0
350, 2810, 0, 0, 0
450, 2680, 0, 0, 0
550, 2620, 0, 0, 0
650, 2950, 0, 0, 0
749, 2727, 0, 0, 0
849, 2260, 0, 0, 0
949, 2830, 0, 0, 0
1049, 2380, 0, 0, 0
1149, 2560, 0, 0, 0
1249, 2680, 0, 0, 0
1349, 2590, 0, 0, 0
1449, 2750, 0, 0, 0
1550, 2670, 0, 0, 0
1650, 2830, 0, 0, 0
1749, 2777, 0, 0, 0
1849, 2630, 0, 0, 0
1949, 2480, 0, 0, 0
2049, 2590, 0, 0, 0
2149, 2730, 0, 0, 0
2249, 2490, 0, 0, 0
2349, 2610, 0, 0, 0
2449, 2580, 0, 0, 0
2549, 2380, 0, 0, 0
2649, 1770, 0, 0, 0
2749, 2050, 0, 0, 0
2849, 2070, 0, 0, 0
2949, 2930, 0, 0, 0
3050, 2500, 0, 0, 0
3150, 2150, 0, 0, 0
3249, 2565, 0, 0, 0
3349, 2690, 0, 0, 0
3449, 2960, 0, 0, 0
3549, 2530, 0, 0, 0
3649, 2660, 0, 0, 0
3749, 2260, 0, 0, 0
3849, 2300, 0, 0, 0
3949, 1520, 0, 0, 0
4049, 2860, 0, 0, 0
4149, 1790, 0, 0, 0
4249, 2890, 0, 0, 0
4349, 2810, 0, 0, 0
4449, 2540, 0, 0, 0
4550, 2440, 0, 0, 0
4650, 2690, 0, 0, 0
4749, 2282, 0, 0, 0
4849, 2520, 0, 0, 0
4949, 2680, 0, 0, 0
5049, 2270, 0, 0, 0
5149, 2330, 0, 0, 0
5249, 2790, 0, 0, 0
5349, 2790, 0, 0, 0
5449, 2550, 0, 0, 0
5550, 2890, 0, 0, 0
5650, 2330, 0, 0, 0
5749, 2505, 0, 0, 0
5849, 2300, 0, 0, 0
5949, 2330, 0, 0, 0
6049, 2390, 0, 0, 0
6149, 2570, 0, 0, 0
6249, 2700, 0, 0, 0
6349, 2520, 0, 0, 0
6449, 2600, 0, 0, 0
6549, 2240, 0, 0, 0
6649, 2690, 0, 0, 0
6750, 2410, 0, 0, 0
6850, 2640, 0, 0, 0
6950, 2530, 0, 0, 0
7050, 2850, 0, 0, 0
7150, 2680, 0, 0, 0
7249, 2616, 0, 0, 0
7349, 2610, 0, 0, 0
7449, 2520, 0, 0, 0
7549, 3010, 0, 0, 0
7649, 2570, 0, 0, 0
7749, 2460, 0, 0, 0
7849, 2380, 0, 0, 0
7949, 2940, 0, 0, 0
8050, 2780, 0, 0, 0
8150, 2200, 0, 0, 0
8249, 2676, 0, 0, 0
8349, 2570, 0, 0, 0
8449, 2480, 0, 0, 0
8549, 2840, 0, 0, 0
8649, 3030, 0, 0, 0
8749, 2660, 0, 0, 0
8849, 2930, 0, 0, 0
8949, 2430, 0, 0, 0
9049, 2870, 0, 0, 0
9149, 2770, 0, 0, 0
9249, 2450, 0, 0, 0
9349, 2640, 0, 0, 0
9450, 2510, 0, 0, 0
9550, 2880, 0, 0, 0
9650, 2540, 0, 0, 0
9749, 2767, 0, 0, 0
9849, 2260, 0, 0, 0
9949, 2820, 0, 0, 0
10049, 2810, 0, 0, 0
10149, 2770, 0, 0, 0
10249, 2340, 0, 0, 0
10349, 2540, 0, 0, 0
10449, 2750, 0, 0, 0
10549, 2630, 0, 0, 0
10649, 2580, 0, 0, 0
10750, 3020, 0, 0, 0
10850, 2600, 0, 0, 0
10950, 2380, 0, 0, 0
11050, 2660, 0, 0, 0
11150, 2150, 0, 0, 0
11249, 2535, 0, 0, 0
11349, 2770, 0, 0, 0
11449, 2540, 0, 0, 0
11549, 2200, 0, 0, 0
11649, 2770, 0, 0, 0
11749, 2410, 0, 0, 0
11849, 2360, 0, 0, 0
11949, 2390, 0, 0, 0
12050, 2390, 0, 0, 0
12150, 2490, 0, 0, 0
12249, 2515, 0, 0, 0
12349, 2270, 0, 0, 0
12449, 3090, 0, 0, 0
12549, 2630, 0, 0, 0
12649, 2850, 0, 0, 0
12749, 2620, 0, 0, 0
12849, 2180, 0, 0, 0
12949, 2570, 0, 0, 0
13049, 2900, 0, 0, 0
13149, 2590, 0, 0, 0
13250, 2810, 0, 0, 0
13350, 2440, 0, 0, 0
13450, 2350, 0, 0, 0
13550, 2210, 0, 0, 0
13650, 2580, 0, 0, 0
13749, 2101, 0, 0, 0
13849, 2650, 0, 0, 0
13949, 2360, 0, 0, 0
14049, 2260, 0, 0, 0
14149, 2960, 0, 0, 0
14249, 2650, 0, 0, 0
14349, 2750, 0, 0, 0
14449, 2610, 0, 0, 0
14549, 2620, 0, 0, 0
14649, 2390, 0, 0, 0
14750, 2710, 0, 0, 0
14850, 2780, 0, 0, 0
14950, 2290, 0, 0, 0
15050, 2520, 0, 0, 0
15150, 2640, 0, 0, 0
15249, 3090, 0, 0, 0
15349, 2350, 0, 0, 0
15449, 2390, 0, 0, 0
15549, 2590, 0, 0, 0
15649, 2330, 0, 0, 0
15749, 2800, 0, 0, 0
15849, 2420, 0, 0, 0
15949, 2930, 0, 0, 0
16050, 2760, 0, 0, 0
16150, 2760, 0, 0, 0
16249, 2797, 0, 0, 0
16349, 2540, 0, 0, 0
16449, 2510, 0, 0, 0
16549, 2500, 0, 0, 0
16649, 2450, 0, 0, 0
16749, 2830, 0, 0, 0
16849, 2450, 0, 0, 0
16949, 2590, 0, 0, 0
17049, 2670, 0, 0, 0
17149, 2520, 0, 0, 0
17249, 2240, 0, 0, 0
17349, 2910, 0, 0, 0
17449, 2630, 0, 0, 0
17550, 2130, 0, 0, 0
17650, 2320, 0, 0, 0
17749, 2181, 0, 0, 0
17849, 2440, 0, 0, 0
17949, 2840, 0, 0, 0
18049, 3000, 0, 0, 0
18149, 2250, 0, 0, 0
18249, 2640, 0, 0, 0
18349, 2340, 0, 0, 0
18449, 2740, 0, 0, 0
18549, 2010, 0, 0, 0
18649, 2790, 0, 0, 0
18749, 2680, 0, 0, 0
18850, 3300, 0, 0, 0
18950, 2650, 0, 0, 0
19050, 2230, 0, 0, 0
19150, 2730, 0, 0, 0
19249, 2959, 0, 0, 0
19349, 2400, 0, 0, 0
19449, 2740, 0, 0, 0
19549, 2670, 0, 0, 0
19649, 2700, 0, 0, 0
19749, 1870, 0, 0, 0
19849, 2610, 0, 0, 0
19949, 2650, 0, 0, 0
20049, 2430, 0, 0, 0
20149, 2630, 0, 0, 0
20249, 2470, 0, 0, 0
20350, 2630, 0, 0, 0
20450, 2900, 0, 0, 0
20550, 3080, 0, 0, 0
20650, 2610, 0, 0, 0
20749, 2454, 0, 0, 0
20849, 2580, 0, 0, 0
20949, 2700, 0, 0, 0
21049, 2590, 0, 0, 0
21149, 2880, 0, 0, 0
21249, 2500, 0, 0, 0
21349, 2660, 0, 0, 0
21450, 2360, 0, 0, 0
21550, 2580, 0, 0, 0
21650, 3010, 0, 0, 0
21749, 2060, 0, 0, 0
21849, 2530, 0, 0, 0
21949, 2740, 0, 0, 0
22049, 2500, 0, 0, 0
22149, 2830, 0, 0, 0
22249, 2790, 0, 0, 0
22349, 2620, 0, 0, 0
22449, 2930, 0, 0, 0
22549, 2200, 0, 0, 0
22650, 3040, 0, 0, 0
22749, 2636, 0, 0, 0
22849, 2540, 0, 0, 0
22949, 2720, 0, 0, 0
23049, 2250, 0, 0, 0
23149, 2630, 0, 0, 0
23249, 2800, 0, 0, 0
23349, 2580, 0, 0, 0
23449, 2860, 0, 0, 0
23549, 2650, 0, 0, 0
23649, 2450, 0, 0, 0
23749, 2400, 0, 0, 0
23849, 2400, 0, 0, 0
23950, 2120, 0, 0, 0
24050, 2680, 0, 0, 0
24150, 2640, 0, 0, 0
24249, 2686, 0, 0, 0
24349, 2460, 0, 0, 0
24449, 2490, 0, 0, 0
24549, 2680, 0, 0, 0
24649, 2640, 0, 0, 0
24749, 2820, 0, 0, 0
24849, 2470, 0, 0, 0
24949, 2460, 0, 0, 0
25049, 2460, 0, 0, 0
25149, 2860, 0, 0, 0
25250, 2820, 0, 0, 0
25350, 2780, 0, 0, 0
25450, 2630, 0, 0, 0
25550, 2620, 0, 0, 0
25650, 2800, 0, 0, 0
25749, 2363, 0, 0, 0
25849, 2320, 0, 0, 0
25949, 2720, 0, 0, 0
26049, 2460, 0, 0, 0
26149, 2490, 0, 0, 0
26250, 3160, 0, 0, 0
26350, 2580, 0, 0, 0
26450, 3020, 0, 0, 0
26550, 2620, 0, 0, 0
26650, 2880, 0, 0, 0
26749, 2151, 0, 0, 0
26849, 2980, 0, 0, 0
26949, 2780, 0, 0, 0
27049, 2800, 0, 0, 0
27149, 2130, 0, 0, 0
27249, 2460, 0, 0, 0
27349, 2630, 0, 0, 0
27449, 2760, 0, 0, 0
27550, 2430, 0, 0, 0
27650, 2690, 0, 0, 0
27749, 2595, 0, 0, 0
27849, 2760, 0, 0, 0
27949, 2540, 0, 0, 0
28049, 2460, 0, 0, 0
28149, 2810, 0, 0, 0
28249, 2660, 0, 0, 0
28349, 2750, 0, 0, 0
28449, 2620, 0, 0, 0
28549, 2550, 0, 0, 0
28649, 2180, 0, 0, 0
28750, 2670, 0, 0, 0
28850, 2150, 0, 0, 0
28950, 2640, 0, 0, 0
29050, 2360, 0, 0, 0
29150, 2610, 0, 0, 0
29249, 2111, 0, 0, 0
29349, 2480, 0, 0, 0
29449, 2480, 0, 0, 0
29549, 3140, 0, 0, 0
29649, 2710, 0, 0, 0
29749, 2420, 0, 0, 0
29849, 1880, 0, 0, 0
29949, 2640, 0, 0, 0
30050, 2730, 0, 0, 0
30150, 2500, 0, 0, 0
30249, 2717, 0, 0, 0
30349, 2350, 0, 0, 0
30449, 3050, 0, 0, 0
30549, 2660, 0, 0, 0
30649, 2500, 0, 0, 0
30749, 2110, 0, 0, 0
30849, 2380, 0, 0, 0
30949, 2680, 0, 0, 0
31049, 2430, 0, 0, 0
31149, 2930, 0, 0, 0
31250, 2800, 0, 0, 0
31350, 2390, 0, 0, 0
31450, 2610, 0, 0, 0
31550, 2720, 0, 0, 0
31650, 2480, 0, 0, 0
31749, 2595, 0, 0, 0
31849, 2530, 0, 0, 0
31949, 2800, 0, 0, 0
32049, 2560, 0, 0, 0
32149, 2020, 0, 0, 0
32249, 2510, 0, 0, 0
32349, 2840, 0, 0, 0
32449, 1820, 0, 0, 0
32550, 2820, 0, 0, 0
32650, 2670, 0, 0, 0
32749, 2585, 0, 0, 0
32849, 2540, 0, 0, 0
32949, 2420, 0, 0, 0
33049, 2670, 0, 0, 0
33149, 2410, 0, 0, 0
33249, 2750, 0, 0, 0
33349, 2500, 0, 0, 0
33449, 2260, 0, 0, 0
33549, 2300, 0, 0, 0
33649, 2950, 0, 0, 0
33749, 2960, 0, 0, 0
33850, 2430, 0, 0, 0
33950, 2790, 0, 0, 0
34050, 2980, 0, 0, 0
34150, 2840, 0, 0, 0
34249, 2585, 0, 0, 0
34349, 2790, 0, 0, 0
34449, 2680, 0, 0, 0
34549, 2610, 0, 0, 0
34649, 2310, 0, 0, 0
34749, 2550, 0, 0, 0
34849, 2760, 0, 0, 0
34949, 2600, 0, 0, 0
35049, 2350, 0, 0, 0
35149, 2550, 0, 0, 0
35250, 2570, 0, 0, 0
35350, 2670, 0, 0, 0
35450, 2780, 0, 0, 0
35550, 2490, 0, 0, 0
35650, 2790, 0, 0, 0
35749, 2393, 0, 0, 0
35849, 2770, 0, 0, 0
35949, 2360, 0, 0, 0
36049, 2290, 0, 0, 0
36149, 2060, 0, 0, 0
36249, 2360, 0, 0, 0
36349, 2190, 0, 0, 0
36449, 2600, 0, 0, 0
36549, 2050, 0, 0, 0
36650, 2530, 0, 0, 0
36749, 2696, 0, 0, 0
36849, 2580, 0, 0, 0
36949, 2290, 0, 0, 0
37049, 2550, 0, 0, 0
37149, 2740, 0, 0, 0
37249, 2900, 0, 0, 0
37349, 2170, 0, 0, 0
37449, 2600, 0, 0, 0
37549, 2670, 0, 0, 0
37649, 2680, 0, 0, 0
37749, 2380, 0, 0, 0
37850, 2340, 0, 0, 0
37950, 2580, 0, 0, 0
38050, 2430, 0, 0, 0
38150, 1990, 0, 0, 0
38249, 2515, 0, 0, 0
38349, 2390, 0, 0, 0
38449, 2270, 0, 0, 0
38549, 2870, 0, 0, 0
38649, 2850, 0, 0, 0
38749, 2260, 0, 0, 0
38849, 2810, 0, 0, 0
38949, 2650, 0, 0, 0
39050, 2660, 0, 0, 0
39150, 2340, 0, 0, 0
39249, 2343, 0, 0, 0
39349, 2880, 0, 0, 0
39449, 2590, 0, 0, 0
39549, 2760, 0, 0, 0
39649, 2490, 0, 0, 0
39749, 2480, 0, 0, 0
39849, 2180, 0, 0, 0
39949, 2900, 0, 0, 0
40049, 2910, 0, 0, 0
40149, 2590, 0, 0, 0
40249, 2550, 0, 0, 0
40349, 2590, 0, 0, 0
40449, 2650, 0, 0, 0
40550, 2950, 0, 0, 0
40650, 2120, 0, 0, 0
40749, 2434, 0, 0, 0
40849, 2540, 0, 0, 0
40949, 3000, 0, 0, 0
41049, 2680, 0, 0, 0
41149, 2920, 0, 0, 0
41249, 2730, 0, 0, 0
41349, 2760, 0, 0, 0
41449, 2840, 0, 0, 0
41549, 2560, 0, 0, 0
41650, 2800, 0, 0, 0
41750, 2820, 0, 0, 0
41850, 2890, 0, 0, 0
41950, 2490, 0, 0, 0
42050, 2930, 0, 0, 0
42150, 2470, 0, 0, 0
42249, 2303, 0, 0, 0
42349, 2230, 0, 0, 0
42449, 2910, 0, 0, 0
42549, 2880, 0, 0, 0
42649, 2860, 0, 0, 0
42749, 2690, 0, 0, 0
42849, 3130, 0, 0, 0
42949, 2830, 0, 0, 0
43050, 2790, 0, 0, 0
43150, 2550, 0, 0, 0
43249, 2868, 0, 0, 0
43349, 2970, 0, 0, 0
43449, 2520, 0, 0, 0
43549, 2840, 0, 0, 0
43649, 3150, 0, 0, 0
43749, 2490, 0, 0, 0
43849, 3050, 0, 0, 0
43949, 2770, 0, 0, 0
44049, 2990, 0, 0, 0
44149, 2550, 0, 0, 0
44249, 2930, 0, 0, 0
44349, 2760, 0, 0, 0
44450, 2540, 0, 0, 0
44550, 3200, 0, 0, 0
44650, 2530, 0, 0, 0
44749, 2757, 0, 0, 0
44849, 2920, 0, 0, 0
44949, 2970, 0, 0, 0
45049, 2900, 0, 0, 0
45149, 2760, 0, 0, 0
45249, 3050, 0, 0, 0
45349, 2910, 0, 0, 0
45449, 2460, 0, 0, 0
45549, 3130, 0, 0, 0
45649, 2760, 0, 0, 0
45750, 2790, 0, 0, 0
45850, 2730, 0, 0, 0
45950, 3230, 0, 0, 0
46050, 2640, 0, 0, 0
46150, 2770, 0, 0, 0
46249, 2474, 0, 0, 0
46349, 2300, 0, 0, 0
46449, 2790, 0, 0, 0
46549, 2940, 0, 0, 0
46649, 3120, 0, 0, 0
46749, 2940, 0, 0, 0
46849, 2730, 0, 0, 0
46950, 2900, 0, 0, 0
47050, 2930, 0, 0, 0
47150, 2960, 0, 0, 0
47249, 2717, 0, 0, 0
47349, 2870, 0, 0, 0
47449, 2880, 0, 0, 0
47549, 2390, 0, 0, 0
47649, 2210, 0, 0, 0
47749, 2770, 0, 0, 0
47849, 2600, 0, 0, 0
47949, 2810, 0, 0, 0
48049, 2450, 0, 0, 0
48149, 2580, 0, 0, 0
48250, 2940, 0, 0, 0
48350, 2740, 0, 0, 0
48450, 3020, 0, 0, 0
48550, 2700, 0, 0, 0
48650, 3010, 0, 0, 0
48749, 2636, 0, 0, 0
48849, 2710, 0, 0, 0
48949, 3080, 0, 0, 0
49049, 2940, 0, 0, 0
49149, 2720, 0, 0, 0
49249, 3320, 0, 0, 0
49349, 2550, 0, 0, 0
49450, 2990, 0, 0, 0
49550, 3410, 0, 0, 0
49650, 2860, 0, 0, 0
49749, 2848, 0, 0, 0
49849, 2940, 0, 0, 0
49949, 2630, 0, 0, 0
50049, 2970, 0, 0, 0
50149, 2900, 0, 0, 0
50249, 2690, 0, 0, 0
50349, 3080, 0, 0, 0
50449, 2310, 0, 0, 0
50549, 2490, 0, 0, 0
50649, 2540, 0, 0, 0
50749, 2790, 0, 0, 0
50850, 2370, 0, 0, 0
50950, 2670, 0, 0, 0
51050, 2840, 0, 0, 0
51150, 2440, 0, 0, 0
51249, 3030, 0, 0, 0
51349, 2800, 0, 0, 0
51449, 3140, 0, 0, 0
51549, 2890, 0, 0, 0
51649, 3120, 0, 0, 0
51749, 3260, 0, 0, 0
51849, 3050, 0, 0, 0
51949, 3050, 0, 0, 0
52049, 2920, 0, 0, 0
52149, 2770, 0, 0, 0
52250, 3170, 0, 0, 0
52350, 3040, 0, 0, 0
52450, 2640, 0, 0, 0
52550, 2850, 0, 0, 0
52650, 2710, 0, 0, 0
52749, 2656, 0, 0, 0
52849, 2810, 0, 0, 0
52949, 2890, 0, 0, 0
53049, 2770, 0, 0, 0
53149, 3110, 0, 0, 0
53249, 2700, 0, 0, 0
53349, 2650, 0, 0, 0
53449, 2530, 0, 0, 0
53549, 3130, 0, 0, 0
53649, 2970, 0, 0, 0
53750, 2320, 0, 0, 0
53850, 2970, 0, 0, 0
53950, 3150, 0, 0, 0
54050, 2900, 0, 0, 0
54150, 2780, 0, 0, 0
54249, 2737, 0, 0, 0
54349, 2450, 0, 0, 0
54449, 2880, 0, 0, 0
54549, 3070, 0, 0, 0
54649, 2780, 0, 0, 0
54749, 2470, 0, 0, 0
54849, 2850, 0, 0, 0
54949, 2970, 0, 0, 0
55049, 2960, 0, 0, 0
55150, 2910, 0, 0, 0
55250, 2400, 0, 0, 0
55350, 2810, 0, 0, 0
55450, 2780, 0, 0, 0
55550, 2800, 0, 0, 0
55650, 2660, 0, 0, 0
55749, 2929, 0, 0, 0
55849, 2720, 0, 0, 0
55949, 2480, 0, 0, 0
56049, 2690, 0, 0, 0
56149, 2930, 0, 0, 0
56249, 2830, 0, 0, 0
56350, 2890, 0, 0, 0
56450, 3120, 0, 0, 0
56550, 2640, 0, 0, 0
56650, 2940, 0, 0, 0
56749, 2919, 0, 0, 0
56849, 2760, 0, 0, 0
56949, 3060, 0, 0, 0
57049, 2440, 0, 0, 0
57149, 2570, 0, 0, 0
57249, 2820, 0, 0, 0
57349, 2850, 0, 0, 0
57449, 2780, 0, 0, 0
57549, 2900, 0, 0, 0
57650, 3030, 0, 0, 0
57749, 2747, 0, 0, 0
57849, 2890, 0, 0, 0
57949, 2740, 0, 0, 0
58049, 2970, 0, 0, 0
58149, 3320, 0, 0, 0
58249, 2600, 0, 0, 0
58349, 3120, 0, 0, 0
58449, 2810, 0, 0, 0
58549, 3070, 0, 0, 0
58649, 2890, 0, 0, 0
58749, 2980, 0, 0, 0
58849, 2790, 0, 0, 0
58950, 2330, 0, 0, 0
59050, 2610, 0, 0, 0
59150, 2880, 0, 0, 0
59249, 2686, 0, 0, 0
59349, 2570, 0, 0, 0
59449, 2390, 0, 0, 0
59549, 2950, 0, 0, 0
59649, 2780, 0, 0, 0
59749, 2810, 0, 0, 0
59849, 2380, 0, 0, 0
59949, 2790, 0, 0, 0
60049, 2540, 0, 0, 0
60149, 2890, 0, 0, 0
60250, 2360, 0, 0, 0
60350, 2770, 0, 0, 0
60450, 2960, 0, 0, 0
60550, 2720, 0, 0, 0
60650, 2800, 0, 0, 0
60749, 2525, 0, 0, 0
60849, 2490, 0, 0, 0
60949, 3000, 0, 0, 0
61049, 2760, 0, 0, 0
61149, 2460, 0, 0, 0
61249, 2720, 0, 0, 0
61349, 2960, 0, 0, 0
61449, 2930, 0, 0, 0
61549, 2680, 0, 0, 0
61650, 2700, 0, 0, 0
61749, 3010, 0, 0, 0
61849, 2780, 0, 0, 0
61949, 2570, 0, 0, 0
62049, 2700, 0, 0, 0
62149, 2590, 0, 0, 0
62249, 2470, 0, 0, 0
62349, 2670, 0, 0, 0
62449, 2590, 0, 0, 0
62549, 2780, 0, 0, 0
62649, 2600, 0, 0, 0
62749, 3000, 0, 0, 0
62849, 2880, 0, 0, 0
62950, 2710, 0, 0, 0
63050, 2680, 0, 0, 0
63150, 2280, 0, 0, 0
63249, 1898, 0, 0, 0
63349, 2370, 0, 0, 0
63449, 2900, 0, 0, 0
63549, 2800, 0, 0, 0
63649, 1970, 0, 0, 0
63749, 2410, 0, 0, 0
63849, 2780, 0, 0, 0
63949, 2690, 0, 0, 0
64049, 2940, 0, 0, 0
64150, 2100, 0, 0, 0
64249, 2737, 0, 0, 0
64349, 2960, 0, 0, 0
64449, 2130, 0, 0, 0
64549, 2420, 0, 0, 0
64649, 2700, 0, 0, 0
64749, 2310, 0, 0, 0
64849, 2760, 0, 0, 0
64949, 2660, 0, 0, 0
65049, 2710, 0, 0, 0
65149, 2920, 0, 0, 0
65249, 2850, 0, 0, 0
65349, 3070, 0, 0, 0
65449, 2520, 0, 0, 0
65550, 2640, 0, 0, 0
65650, 3010, 0, 0, 0
65749, 2616, 0, 0, 0
65849, 2900, 0, 0, 0
65949, 2660, 0, 0, 0
66049, 2760, 0, 0, 0
66149, 2870, 0, 0, 0
66249, 2620, 0, 0, 0
66349, 2550, 0, 0, 0
66449, 2690, 0, 0, 0
66549, 2930, 0, 0, 0
66650, 2570, 0, 0, 0
66750, 2940, 0, 0, 0
66850, 2560, 0, 0, 0
66950, 2250, 0, 0, 0
67050, 2680, 0, 0, 0
67150, 2740, 0, 0, 0
67249, 2161, 0, 0, 0
67349, 2360, 0, 0, 0
67449, 2840, 0, 0, 0
67549, 2370, 0, 0, 0
67649, 2690, 0, 0, 0
67749, 3070, 0, 0, 0
67850, 2310, 0, 0, 0
67950, 2840, 0, 0, 0
68050, 2520, 0, 0, 0
68150, 2970, 0, 0, 0
68249, 2686, 0, 0, 0
68349, 2560, 0, 0, 0
68449, 2580, 0, 0, 0
68549, 2920, 0, 0, 0
68649, 2770, 0, 0, 0
68749, 2940, 0, 0, 0
68849, 2740, 0, 0, 0
68949, 2770, 0, 0, 0
69050, 2560, 0, 0, 0
69150, 2920, 0, 0, 0
69249, 2131, 0, 0, 0
69349, 2630, 0, 0, 0
69449, 2910, 0, 0, 0
69549, 2740, 0, 0, 0
69649, 2880, 0, 0, 0
69749, 2730, 0, 0, 0
69849, 2830, 0, 0, 0
69949, 2850, 0, 0, 0
70049, 2900, 0, 0, 0
70149, 2700, 0, 0, 0
70249, 2980, 0, 0, 0
70349, 3090, 0, 0, 0
70450, 2670, 0, 0, 0
70550, 2720, 0, 0, 0
70650, 2790, 0, 0, 0
70749, 2747, 0, 0, 0
70849, 2830, 0, 0, 0
70949, 2660, 0, 0, 0
71049, 2620, 0, 0, 0
71149, 2840, 0, 0, 0
71249, 2550, 0, 0, 0
71349, 2290, 0, 0, 0
71449, 2590, 0, 0, 0
71550, 2350, 0, 0, 0
71650, 2960, 0, 0, 0
71749, 2888, 0, 0, 0
71849, 2420, 0, 0, 0
71949, 2730, 0, 0, 0
72049, 2700, 0, 0, 0
72149, 2810, 0, 0, 0
72249, 2430, 0, 0, 0
72349, 2630, 0, 0, 0
72449, 2870, 0, 0, 0
72549, 2600, 0, 0, 0
72649, 2690, 0, 0, 0
72749, 2880, 0, 0, 0
72850, 2910, 0, 0, 0
72950, 2630, 0, 0, 0
73050, 2770, 0, 0, 0
73150, 2710, 0, 0, 0
73249, 2202, 0, 0, 0
73349, 2740, 0, 0, 0
73449, 2850, 0, 0, 0
73549, 2830, 0, 0, 0
73649, 2900, 0, 0, 0
73749, 2920, 0, 0, 0
73849, 3070, 0, 0, 0
73949, 2640, 0, 0, 0
74049, 2250, 0, 0, 0
74150, 2760, 0, 0, 0
74250, 2300, 0, 0, 0
74350, 2890, 0, 0, 0
74450, 2750, 0, 0, 0
74550, 2340, 0, 0, 0
74650, 3250, 0, 0, 0
74749, 2727, 0, 0, 0
74849, 2780, 0, 0, 0
74949, 2970, 0, 0, 0
75049, 2770, 0, 0, 0
75149, 2750, 0, 0, 0
75249, 2830, 0, 0, 0
75349, 3040, 0, 0, 0
75449, 2800, 0, 0, 0
75550, 2630, 0, 0, 0
75650, 2700, 0, 0, 0
75749, 2626, 0, 0, 0
75849, 2700, 0, 0, 0
75949, 2700, 0, 0, 0
76049, 2540, 0, 0, 0
76149, 2650, 0, 0, 0
76249, 2620, 0, 0, 0
76349, 2790, 0, 0, 0
76449, 2680, 0, 0, 0
76549, 2390, 0, 0, 0
76650, 3050, 0, 0, 0
76749, 2838, 0, 0, 0
76849, 2870, 0, 0, 0
76949, 2770, 0, 0, 0
77049, 2830, 0, 0, 0
77149, 2490, 0, 0, 0
77249, 2490, 0, 0, 0
77349, 2940, 0, 0, 0
77449, 2590, 0, 0, 0
77549, 2380, 0, 0, 0
77649, 2490, 0, 0, 0
77749, 2700, 0, 0, 0
77849, 2580, 0, 0, 0
77949, 2790, 0, 0, 0
78050, 2750, 0, 0, 0
78150, 2680, 0, 0, 0
78249, 2787, 0, 0, 0
78349, 2630, 0, 0, 0
78449, 2710, 0, 0, 0
78549, 2830, 0, 0, 0
78649, 2950, 0, 0, 0
78749, 2980, 0, 0, 0
78849, 2890, 0, 0, 0
78949, 2430, 0, 0, 0
79049, 2810, 0, 0, 0
79149, 2440, 0, 0, 0
79249, 3000, 0, 0, 0
79349, 2880, 0, 0, 0
79449, 2400, 0, 0, 0
79550, 2790, 0, 0, 0
79650, 2790, 0, 0, 0
79749, 3000, 0, 0, 0
79849, 2370, 0, 0, 0
79949, 2700, 0, 0, 0
80049, 2400, 0, 0, 0
80149, 2700, 0, 0, 0
80249, 2890, 0, 0, 0
80349, 2920, 0, 0, 0
80449, 2480, 0, 0, 0
80549, 2830, 0, 0, 0
80649, 2720, 0, 0, 0
80749, 2890, 0, 0, 0
80849, 2490, 0, 0, 0
80949, 2640, 0, 0, 0
81050, 2730, 0, 0, 0
81150, 2680, 0, 0, 0
81249, 3030, 0, 0, 0
81349, 2670, 0, 0, 0
81449, 2710, 0, 0, 0
81549, 2840, 0, 0, 0
81649, 2940, 0, 0, 0
81749, 2670, 0, 0, 0
81849, 2850, 0, 0, 0
81949, 1800, 0, 0, 0
82049, 2700, 0, 0, 0
82149, 2150, 0, 0, 0
82249, 2900, 0, 0, 0
82350, 2050, 0, 0, 0
82450, 2650, 0, 0, 0
82550, 2900, 0, 0, 0
82650, 2390, 0, 0, 0
82749, 2868, 0, 0, 0
82849, 2760, 0, 0, 0
82949, 2720, 0, 0, 0
83049, 2490, 0, 0, 0
83149, 2770, 0, 0, 0
83249, 2900, 0, 0, 0
83349, 2600, 0, 0, 0
83449, 2480, 0, 0, 0
83549, 2660, 0, 0, 0
83649, 2910, 0, 0, 0
83750, 2850, 0, 0, 0
83850, 2660, 0, 0, 0
83950, 2690, 0, 0, 0
84050, 2620, 0, 0, 0
84150, 2800, 0, 0, 0
84249, 2838, 0, 0, 0
84349, 2650, 0, 0, 0
84449, 2670, 0, 0, 0
84549, 2810, 0, 0, 0
84649, 2900, 0, 0, 0
84749, 2950, 0, 0, 0
84849, 2680, 0, 0, 0
84949, 2430, 0, 0, 0
85050, 2980, 0, 0, 0
85150, 2850, 0, 0, 0
85249, 2656, 0, 0, 0
85349, 2890, 0, 0, 0
85449, 2400, 0, 0, 0
85549, 2990, 0, 0, 0
85649, 2680, 0, 0, 0
85749, 2780, 0, 0, 0
85849, 2610, 0, 0, 0
85949, 2810, 0, 0, 0
86049, 2670, 0, 0, 0
86149, 2640, 0, 0, 0
86249, 2880, 0, 0, 0
86350, 2460, 0, 0, 0
86450, 2800, 0, 0, 0
86550, 2810, 0, 0, 0
86650, 2740, 0, 0, 0
86749, 2424, 0, 0, 0
86849, 2720, 0, 0, 0
86949, 2680, 0, 0, 0
87049, 2810, 0, 0, 0
87149, 3040, 0, 0, 0
87249, 2340, 0, 0, 0
87349, 2590, 0, 0, 0
87449, 2650, 0, 0, 0
87549, 2940, 0, 0, 0
87649, 2700, 0, 0, 0
87750, 2860, 0, 0, 0
87850, 2480, 0, 0, 0
87950, 2860, 0, 0, 0
88050, 2810, 0, 0, 0
88150, 2600, 0, 0, 0
88249, 3070, 0, 0, 0
88349, 2760, 0, 0, 0
88449, 2990, 0, 0, 0
88549, 2850, 0, 0, 0
88649, 2840, 0, 0, 0
88749, 2960, 0, 0, 0
88850, 2570, 0, 0, 0
88950, 3020, 0, 0, 0
89050, 2930, 0, 0, 0
89150, 2830, 0, 0, 0
89249, 2838, 0, 0, 0
89349, 2930, 0, 0, 0
89449, 2740, 0, 0, 0
89549, 2580, 0, 0, 0
89649, 2340, 0, 0, 0
89749, 2800, 0, 0, 0
89849, 2190, 0, 0, 0
89949, 2810, 0, 0, 0
