100, 910424, 1, 0, 0
100, 422067, 0, 0, 0
200, 913952, 1, 0, 0
201, 432252, 0, 0, 0
300, 444993, 0, 0, 0
300, 888491, 1, 0, 0
400, 426469, 0, 0, 0
400, 868102, 1, 0, 0
500, 430786, 0, 0, 0
501, 858739, 1, 0, 0
600, 427045, 0, 0, 0
601, 875723, 1, 0, 0
700, 855950, 1, 0, 0
700, 443394, 0, 0, 0
800, 871531, 1, 0, 0
800, 440275, 0, 0, 0
900, 454202, 0, 0, 0
901, 854286, 1, 0, 0
1000, 449643, 0, 0, 0
1000, 870742, 1, 0, 0
1100, 424488, 0, 0, 0
1100, 883264, 1, 0, 0
1200, 822412, 1, 0, 0
1200, 447991, 0, 0, 0
1300, 438439, 0, 0, 0
1301, 911023, 1, 0, 0
1400, 422597, 0, 0, 0
1400, 893327, 1, 0, 0
1500, 440806, 0, 0, 0
1500, 872954, 1, 0, 0
1600, 889247, 1, 0, 0
1600, 431442, 0, 0, 0
1700, 433722, 0, 0, 0
1701, 832692, 1, 0, 0
1800, 431054, 0, 0, 0
1800, 849124, 1, 0, 0
1900, 853902, 1, 0, 0
1900, 438770, 0, 0, 0
2000, 841438, 1, 0, 0
2001, 421701, 0, 0, 0
2100, 877604, 1, 0, 0
2100, 427911, 0, 0, 0
2200, 432328, 0, 0, 0
2200, 843691, 1, 0, 0
2300, 882901, 1, 0, 0
2300, 445747, 0, 0, 0
2400, 874112, 1, 0, 0
2400, 427742, 0, 0, 0
2500, 427289, 0, 0, 0
2501, 862724, 1, 0, 0
2600, 439415, 0, 0, 0
2601, 895880, 1, 0, 0
2700, 433739, 0, 0, 0
2700, 844058, 1, 0, 0
2800, 861615, 1, 0, 0
2800, 427883, 0, 0, 0
2900, 429467, 0, 0, 0
2901, 833506, 1, 0, 0
3000, 439690, 0, 0, 0
3000, 861860, 1, 0, 0
3100, 432711, 0, 0, 0
3101, 863903, 1, 0, 0
3200, 889791, 1, 0, 0
3201, 448317, 0, 0, 0
3300, 450621, 0, 0, 0
3300, 853983, 1, 0, 0
3400, 442161, 0, 0, 0
3401, 912581, 1, 0, 0
3500, 444510, 0, 0, 0
3500, 882040, 1, 0, 0
3600, 857812, 1, 0, 0
3600, 421011, 0, 0, 0
3700, 440761, 0, 0, 0
3700, 842811, 1, 0, 0
3800, 880120, 1, 0, 0
3800, 445397, 0, 0, 0
3900, 436540, 0, 0, 0
3900, 851072, 1, 0, 0
4000, 425457, 0, 0, 0
4000, 839073, 1, 0, 0
4100, 432350, 0, 0, 0
4100, 848876, 1, 0, 0
4200, 899986, 1, 0, 0
4200, 440830, 0, 0, 0
4300, 846093, 1, 0, 0
4301, 443494, 0, 0, 0
4400, 435606, 0, 0, 0
4400, 870671, 1, 0, 0
4500, 909106, 1, 0, 0
4501, 434095, 0, 0, 0
4600, 448148, 0, 0, 0
4602, 873886, 1, 0, 0
4700, 429370, 0, 0, 0
4700, 876122, 1, 0, 0
4800, 453488, 0, 0, 0
4802, 897797, 1, 0, 0
4900, 442623, 0, 0, 0
4901, 890077, 1, 0, 0
5000, 442600, 0, 0, 0
5001, 912175, 1, 0, 0
5100, 435836, 0, 0, 0
5100, 824827, 1, 0, 0
5200, 905860, 1, 0, 0
5200, 437852, 0, 0, 0
5300, 436500, 0, 0, 0
5301, 883810, 1, 0, 0
5400, 443546, 0, 0, 0
5401, 897239, 1, 0, 0
5500, 437207, 0, 0, 0
5500, 891373, 1, 0, 0
5600, 862724, 1, 0, 0
5601, 438911, 0, 0, 0
5700, 828402, 1, 0, 0
5700, 434444, 0, 0, 0
5800, 891336, 1, 0, 0
5800, 420192, 0, 0, 0
5900, 434677, 0, 0, 0
5901, 837823, 1, 0, 0
6000, 864432, 1, 0, 0
6000, 439002, 0, 0, 0
6100, 858826, 1, 0, 0
6100, 431238, 0, 0, 0
6200, 435040, 0, 0, 0
6201, 877972, 1, 0, 0
6300, 437056, 0, 0, 0
6300, 854513, 1, 0, 0
6400, 432854, 0, 0, 0
6400, 846308, 1, 0, 0
6500, 833684, 1, 0, 0
6500, 436309, 0, 0, 0
6600, 430758, 0, 0, 0
6601, 853189, 1, 0, 0
6700, 422045, 0, 0, 0
6700, 839827, 1, 0, 0
6800, 442689, 0, 0, 0
6800, 857824, 1, 0, 0
6900, 433435, 0, 0, 0
6901, 880544, 1, 0, 0
7000, 439462, 0, 0, 0
7000, 881060, 1, 0, 0
7100, 439928, 0, 0, 0
7100, 829942, 1, 0, 0
7200, 418127, 0, 0, 0
7200, 877629, 1, 0, 0
7300, 434094, 0, 0, 0
7301, 849345, 1, 0, 0
7400, 437884, 0, 0, 0
7401, 947004, 1, 0, 0
7500, 836741, 1, 0, 0
7500, 446083, 0, 0, 0
7600, 872394, 1, 0, 0
7600, 429801, 0, 0, 0
7700, 426505, 0, 0, 0
7700, 881266, 1, 0, 0
7800, 421080, 0, 0, 0
7800, 873060, 1, 0, 0
7900, 854442, 1, 0, 0
7900, 424147, 0, 0, 0
8000, 816959, 1, 0, 0
8001, 424303, 0, 0, 0
8100, 855220, 1, 0, 0
8101, 423311, 0, 0, 0
8200, 421970, 0, 0, 0
8200, 886551, 1, 0, 0
8300, 878467, 1, 0, 0
8300, 429053, 0, 0, 0
8400, 435869, 0, 0, 0
8400, 893275, 1, 0, 0
8500, 826669, 1, 0, 0
8501, 423738, 0, 0, 0
8600, 432754, 0, 0, 0
8600, 878348, 1, 0, 0
8700, 852451, 1, 0, 0
8700, 426229, 0, 0, 0
8800, 431727, 0, 0, 0
8800, 843786, 1, 0, 0
8900, 884135, 1, 0, 0
8900, 429102, 0, 0, 0
9000, 446063, 0, 0, 0
9000, 875887, 1, 0, 0
9100, 439205, 0, 0, 0
9101, 880622, 1, 0, 0
9200, 422203, 0, 0, 0
9201, 859572, 1, 0, 0
9300, 419693, 0, 0, 0
9301, 902038, 1, 0, 0
9400, 425058, 0, 0, 0
9401, 856753, 1, 0, 0
9500, 428877, 0, 0, 0
9502, 835317, 1, 0, 0
9600, 442277, 0, 0, 0
9600, 904554, 1, 0, 0
9700, 879539, 1, 0, 0
9700, 425499, 0, 0, 0
9800, 433684, 0, 0, 0
9801, 875088, 1, 0, 0
9900, 885978, 1, 0, 0
9900, 427641, 0, 0, 0
10000, 440647, 0, 0, 0
10000, 875694, 1, 0, 0
10100, 885525, 1, 0, 0
10100, 428578, 0, 0, 0
10200, 432912, 0, 0, 0
10200, 837127, 1, 0, 0
10300, 423960, 0, 0, 0
10300, 822330, 1, 0, 0
10400, 860428, 1, 0, 0
10400, 428488, 0, 0, 0
10500, 429568, 0, 0, 0
10500, 848395, 1, 0, 0
10600, 425850, 0, 0, 0
10600, 910690, 1, 0, 0
10700, 432963, 0, 0, 0
10702, 859900, 1, 0, 0
10800, 439743, 0, 0, 0
10800, 853901, 1, 0, 0
10900, 433153, 0, 0, 0
10900, 880101, 1, 0, 0
11000, 887176, 1, 0, 0
11000, 431111, 0, 0, 0
11100, 864457, 1, 0, 0
11100, 428603, 0, 0, 0
11200, 438575, 0, 0, 0
11200, 863658, 1, 0, 0
11300, 922992, 1, 0, 0
11300, 426564, 0, 0, 0
11400, 437167, 0, 0, 0
11400, 865312, 1, 0, 0
11500, 452393, 0, 0, 0
11501, 904010, 1, 0, 0
11600, 910722, 1, 0, 0
11600, 426918, 0, 0, 0
11700, 883886, 1, 0, 0
11700, 434013, 0, 0, 0
11800, 440507, 0, 0, 0
11801, 898311, 1, 0, 0
11900, 916849, 1, 0, 0
11900, 417886, 0, 0, 0
12000, 902885, 1, 0, 0
12001, 447494, 0, 0, 0
12100, 436894, 0, 0, 0
12101, 866608, 1, 0, 0
12200, 427310, 0, 0, 0
12201, 890355, 1, 0, 0
12300, 429081, 0, 0, 0
12300, 885418, 1, 0, 0
12400, 863430, 1, 0, 0
12400, 427771, 0, 0, 0
12500, 448189, 0, 0, 0
12500, 873386, 1, 0, 0
12600, 443424, 0, 0, 0
12600, 928810, 1, 0, 0
12700, 444674, 0, 0, 0
12700, 896018, 1, 0, 0
12800, 856992, 1, 0, 0
12800, 438456, 0, 0, 0
12900, 430298, 0, 0, 0
12900, 852266, 1, 0, 0
13000, 423518, 0, 0, 0
13000, 850364, 1, 0, 0
13100, 430792, 0, 0, 0
13101, 896940, 1, 0, 0
13200, 432975, 0, 0, 0
13200, 863910, 1, 0, 0
13300, 446317, 0, 0, 0
13300, 872328, 1, 0, 0
13400, 903836, 1, 0, 0
13400, 446765, 0, 0, 0
13500, 438820, 0, 0, 0
13500, 881459, 1, 0, 0
13600, 431967, 0, 0, 0
13601, 868134, 1, 0, 0
13700, 878624, 1, 0, 0
13700, 423936, 0, 0, 0
13800, 431263, 0, 0, 0
13801, 864459, 1, 0, 0
13900, 409860, 0, 0, 0
13902, 852891, 1, 0, 0
14000, 434110, 0, 0, 0
14000, 833090, 1, 0, 0
14100, 874505, 1, 0, 0
14100, 425961, 0, 0, 0
14200, 419507, 0, 0, 0
14200, 856497, 1, 0, 0
14300, 416841, 0, 0, 0
14301, 882174, 1, 0, 0
14400, 881790, 1, 0, 0
14400, 437624, 0, 0, 0
14500, 978844, 1, 0, 0
14500, 434812, 0, 0, 0
14600, 430985, 0, 0, 0
14600, 885921, 1, 0, 0
14700, 899523, 1, 0, 0
14700, 423641, 0, 0, 0
14800, 427667, 0, 0, 0
14801, 926506, 1, 0, 0
14900, 443988, 0, 0, 0
14900, 856636, 1, 0, 0
15000, 875446, 1, 0, 0
15000, 428668, 0, 0, 0
15100, 833144, 1, 0, 0
15100, 446887, 0, 0, 0
15200, 438226, 0, 0, 0
15200, 880361, 1, 0, 0
15300, 430971, 0, 0, 0
15300, 899870, 1, 0, 0
15400, 866741, 1, 0, 0
15400, 437116, 0, 0, 0
15500, 436262, 0, 0, 0
15500, 860984, 1, 0, 0
15600, 854295, 1, 0, 0
15600, 430874, 0, 0, 0
15700, 435130, 0, 0, 0
15701, 924221, 1, 0, 0
15800, 443744, 0, 0, 0
15800, 865682, 1, 0, 0
15900, 439162, 0, 0, 0
15900, 893471, 1, 0, 0
16000, 429437, 0, 0, 0
16000, 874716, 1, 0, 0
16100, 426390, 0, 0, 0
16101, 896647, 1, 0, 0
16200, 423343, 0, 0, 0
16200, 886705, 1, 0, 0
16300, 441549, 0, 0, 0
16301, 860801, 1, 0, 0
16400, 445762, 0, 0, 0
16401, 916859, 1, 0, 0
16500, 871902, 1, 0, 0
16500, 423669, 0, 0, 0
16600, 429577, 0, 0, 0
16600, 862732, 1, 0, 0
16700, 875001, 1, 0, 0
16701, 442155, 0, 0, 0
16800, 430434, 0, 0, 0
16800, 885961, 1, 0, 0
16900, 422732, 0, 0, 0
16900, 870611, 1, 0, 0
17000, 852499, 1, 0, 0
17000, 427486, 0, 0, 0
17100, 887073, 1, 0, 0
17100, 431322, 0, 0, 0
17200, 430113, 0, 0, 0
17200, 821137, 1, 0, 0
17300, 428918, 0, 0, 0
17300, 855089, 1, 0, 0
17400, 820094, 1, 0, 0
17400, 422675, 0, 0, 0
17500, 448833, 0, 0, 0
17501, 871062, 1, 0, 0
17600, 430268, 0, 0, 0
17601, 857153, 1, 0, 0
17700, 824758, 1, 0, 0
17700, 431432, 0, 0, 0
17800, 434334, 0, 0, 0
17800, 839132, 1, 0, 0
17900, 431837, 0, 0, 0
17901, 808582, 1, 0, 0
18000, 431414, 0, 0, 0
18000, 868197, 1, 0, 0
18100, 437317, 0, 0, 0
18101, 847742, 1, 0, 0
18200, 434435, 0, 0, 0
18201, 898093, 1, 0, 0
18300, 878411, 1, 0, 0
18301, 419615, 0, 0, 0
18400, 434153, 0, 0, 0
18401, 831708, 1, 0, 0
18500, 435434, 0, 0, 0
18501, 879340, 1, 0, 0
18600, 430919, 0, 0, 0
18601, 859131, 1, 0, 0
18700, 443009, 0, 0, 0
18701, 835892, 1, 0, 0
18800, 437632, 0, 0, 0
18801, 860970, 1, 0, 0
18900, 867622, 1, 0, 0
18900, 423729, 0, 0, 0
19000, 437405, 0, 0, 0
19000, 885367, 1, 0, 0
19100, 444557, 0, 0, 0
19100, 865002, 1, 0, 0
19200, 437507, 0, 0, 0
19200, 871093, 1, 0, 0
19300, 428537, 0, 0, 0
19300, 842221, 1, 0, 0
19400, 857676, 1, 0, 0
19400, 436142, 0, 0, 0
19500, 443644, 0, 0, 0
19500, 871250, 1, 0, 0
19600, 438503, 0, 0, 0
19600, 875148, 1, 0, 0
19700, 903404, 1, 0, 0
19701, 445884, 0, 0, 0
19800, 420932, 0, 0, 0
19801, 915119, 1, 0, 0
19900, 892082, 1, 0, 0
19900, 443787, 0, 0, 0
20000, 865626, 1, 0, 0
20000, 436728, 0, 0, 0
20100, 425086, 0, 0, 0
20100, 881197, 1, 0, 0
20200, 870062, 1, 0, 0
20201, 427632, 0, 0, 0
20300, 430249, 0, 0, 0
20300, 883363, 1, 0, 0
20400, 426523, 0, 0, 0
20400, 885328, 1, 0, 0
20500, 445514, 0, 0, 0
20500, 847329, 1, 0, 0
20600, 883858, 1, 0, 0
20600, 441428, 0, 0, 0
20700, 440462, 0, 0, 0
20700, 853999, 1, 0, 0
20800, 431780, 0, 0, 0
20800, 863893, 1, 0, 0
20900, 856177, 1, 0, 0
20900, 459814, 0, 0, 0
21000, 443841, 0, 0, 0
21001, 899002, 1, 0, 0
21100, 433428, 0, 0, 0
21101, 872612, 1, 0, 0
21200, 429992, 0, 0, 0
21201, 833035, 1, 0, 0
21300, 428680, 0, 0, 0
21301, 860426, 1, 0, 0
21400, 435786, 0, 0, 0
21400, 867535, 1, 0, 0
21500, 437693, 0, 0, 0
21500, 866074, 1, 0, 0
21600, 824584, 1, 0, 0
21601, 431115, 0, 0, 0
21700, 429803, 0, 0, 0
21700, 862055, 1, 0, 0
21800, 433082, 0, 0, 0
21800, 875410, 1, 0, 0
21900, 423240, 0, 0, 0
21900, 820927, 1, 0, 0
22000, 883695, 1, 0, 0
22000, 424415, 0, 0, 0
22100, 426019, 0, 0, 0
22101, 867221, 1, 0, 0
22200, 886373, 1, 0, 0
22200, 434833, 0, 0, 0
22300, 427310, 0, 0, 0
22300, 907570, 1, 0, 0
22400, 433737, 0, 0, 0
22401, 911865, 1, 0, 0
22500, 417180, 0, 0, 0
22500, 865907, 1, 0, 0
22600, 416937, 0, 0, 0
22603, 810949, 1, 0, 0
22700, 427715, 0, 0, 0
22700, 839237, 1, 0, 0
22800, 895344, 1, 0, 0
22800, 429036, 0, 0, 0
22900, 889367, 1, 0, 0
22900, 438957, 0, 0, 0
23000, 436091, 0, 0, 0
23000, 833004, 1, 0, 0
23100, 423672, 0, 0, 0
23100, 867725, 1, 0, 0
23200, 441082, 0, 0, 0
23200, 874668, 1, 0, 0
23300, 879010, 1, 0, 0
23300, 427640, 0, 0, 0
23400, 868345, 1, 0, 0
23400, 423972, 0, 0, 0
23500, 445548, 0, 0, 0
23501, 868600, 1, 0, 0
23600, 428542, 0, 0, 0
23600, 869107, 1, 0, 0
23700, 426188, 0, 0, 0
23701, 857109, 1, 0, 0
23800, 428880, 0, 0, 0
23802, 874924, 1, 0, 0
23900, 901399, 1, 0, 0
23901, 454044, 0, 0, 0
24000, 414667, 0, 0, 0
24000, 842163, 1, 0, 0
24100, 416178, 0, 0, 0
24101, 836151, 1, 0, 0
24200, 435774, 0, 0, 0
24200, 810137, 1, 0, 0
24300, 432234, 0, 0, 0
24302, 856116, 1, 0, 0
24400, 427379, 0, 0, 0
24401, 858086, 1, 0, 0
24500, 857927, 1, 0, 0
24501, 413419, 0, 0, 0
24600, 444652, 0, 0, 0
24600, 915530, 1, 0, 0
24700, 435130, 0, 0, 0
24701, 844500, 1, 0, 0
24800, 858660, 1, 0, 0
24800, 422441, 0, 0, 0
24900, 869521, 1, 0, 0
24900, 435296, 0, 0, 0
25000, 885488, 1, 0, 0
25000, 432541, 0, 0, 0
25100, 867315, 1, 0, 0
25100, 435916, 0, 0, 0
25200, 880402, 1, 0, 0
25200, 442494, 0, 0, 0
25300, 441805, 0, 0, 0
25300, 890884, 1, 0, 0
25400, 445211, 0, 0, 0
25401, 899513, 1, 0, 0
25500, 442780, 0, 0, 0
25500, 941809, 1, 0, 0
25600, 433711, 0, 0, 0
25601, 862690, 1, 0, 0
25700, 440186, 0, 0, 0
25700, 897619, 1, 0, 0
25800, 440639, 0, 0, 0
25800, 907042, 1, 0, 0
25900, 861269, 1, 0, 0
25900, 448018, 0, 0, 0
26000, 842114, 1, 0, 0
26000, 428253, 0, 0, 0
26100, 457401, 0, 0, 0
26101, 878376, 1, 0, 0
26200, 434748, 0, 0, 0
26200, 854864, 1, 0, 0
26300, 926858, 1, 0, 0
26300, 448939, 0, 0, 0
26400, 441734, 0, 0, 0
26401, 924594, 1, 0, 0
26500, 430918, 0, 0, 0
26501, 864474, 1, 0, 0
26600, 436971, 0, 0, 0
26602, 861268, 1, 0, 0
26700, 862364, 1, 0, 0
26700, 456944, 0, 0, 0
26800, 879083, 1, 0, 0
26800, 451516, 0, 0, 0
26900, 851870, 1, 0, 0
26900, 431920, 0, 0, 0
27000, 442915, 0, 0, 0
27000, 874679, 1, 0, 0
27100, 446467, 0, 0, 0
27101, 891186, 1, 0, 0
27200, 438237, 0, 0, 0
27201, 828722, 1, 0, 0
27300, 843209, 1, 0, 0
27300, 430240, 0, 0, 0
27400, 435765, 0, 0, 0
27401, 858364, 1, 0, 0
27500, 854985, 1, 0, 0
27500, 423731, 0, 0, 0
27600, 877277, 1, 0, 0
27600, 440236, 0, 0, 0
27700, 838193, 1, 0, 0
27700, 434691, 0, 0, 0
27800, 851381, 1, 0, 0
27800, 437434, 0, 0, 0
27900, 858620, 1, 0, 0
27900, 429693, 0, 0, 0
28000, 434589, 0, 0, 0
28000, 848024, 1, 0, 0
28100, 849569, 1, 0, 0
28100, 432800, 0, 0, 0
28200, 424806, 0, 0, 0
28200, 854655, 1, 0, 0
28300, 848146, 1, 0, 0
28301, 432223, 0, 0, 0
28400, 441315, 0, 0, 0
28400, 866880, 1, 0, 0
28500, 425805, 0, 0, 0
28501, 858927, 1, 0, 0
28600, 841182, 1, 0, 0
28600, 441091, 0, 0, 0
28700, 439218, 0, 0, 0
28700, 820627, 1, 0, 0
28800, 423965, 0, 0, 0
28800, 870764, 1, 0, 0
28900, 432371, 0, 0, 0
28900, 886722, 1, 0, 0
29000, 433958, 0, 0, 0
29000, 857432, 1, 0, 0
29100, 424833, 0, 0, 0
29100, 866703, 1, 0, 0
29200, 942898, 1, 0, 0
29201, 433046, 0, 0, 0
29300, 815685, 1, 0, 0
29300, 430068, 0, 0, 0
29400, 854520, 1, 0, 0
29400, 425644, 0, 0, 0
29500, 439312, 0, 0, 0
29501, 888427, 1, 0, 0
29600, 841538, 1, 0, 0
29600, 441730, 0, 0, 0
29700, 422360, 0, 0, 0
29701, 833364, 1, 0, 0
29800, 436620, 0, 0, 0
29800, 868387, 1, 0, 0
29900, 430218, 0, 0, 0
29901, 847194, 1, 0, 0
30000, 849131, 1, 0, 0
30000, 426060, 0, 0, 0
30100, 836107, 1, 0, 0
30101, 443483, 0, 0, 0
30200, 862926, 1, 0, 0
30202, 447366, 0, 0, 0
30300, 436418, 0, 0, 0
30300, 871720, 1, 0, 0
30400, 437402, 0, 0, 0
30401, 812915, 1, 0, 0
30500, 894549, 1, 0, 0
30501, 450929, 0, 0, 0
30600, 436503, 0, 0, 0
30601, 837766, 1, 0, 0
30700, 866044, 1, 0, 0
30700, 433730, 0, 0, 0
30800, 864247, 1, 0, 0
30800, 430700, 0, 0, 0
30900, 434016, 0, 0, 0
30901, 892018, 1, 0, 0
31000, 437410, 0, 0, 0
31001, 870253, 1, 0, 0
31100, 849782, 1, 0, 0
31100, 427813, 0, 0, 0
31200, 851712, 1, 0, 0
31200, 445603, 0, 0, 0
31300, 907205, 1, 0, 0
31300, 423590, 0, 0, 0
31400, 862727, 1, 0, 0
31401, 431230, 0, 0, 0
31500, 440581, 0, 0, 0
31500, 859034, 1, 0, 0
31600, 844526, 1, 0, 0
31600, 432448, 0, 0, 0
31700, 436398, 0, 0, 0
31700, 880466, 1, 0, 0
31800, 439152, 0, 0, 0
31801, 858057, 1, 0, 0
31900, 430293, 0, 0, 0
31900, 853189, 1, 0, 0
32000, 825149, 1, 0, 0
32000, 440335, 0, 0, 0
32100, 437587, 0, 0, 0
32100, 915485, 1, 0, 0
32200, 434519, 0, 0, 0
32200, 839131, 1, 0, 0
32300, 436643, 0, 0, 0
32300, 846650, 1, 0, 0
32400, 431755, 0, 0, 0
32400, 851178, 1, 0, 0
32500, 435350, 0, 0, 0
32500, 853950, 1, 0, 0
32600, 896639, 1, 0, 0
32600, 440716, 0, 0, 0
32700, 447590, 0, 0, 0
32700, 911811, 1, 0, 0
32800, 893593, 1, 0, 0
32801, 446261, 0, 0, 0
32900, 900145, 1, 0, 0
32902, 440686, 0, 0, 0
33000, 424789, 0, 0, 0
33000, 841207, 1, 0, 0
33100, 432896, 0, 0, 0
33100, 869316, 1, 0, 0
33200, 423833, 0, 0, 0
33200, 861871, 1, 0, 0
33300, 448989, 0, 0, 0
33300, 831876, 1, 0, 0
33400, 441540, 0, 0, 0
33400, 879439, 1, 0, 0
33500, 879687, 1, 0, 0
33500, 418717, 0, 0, 0
33600, 875995, 1, 0, 0
33600, 443779, 0, 0, 0
33700, 844240, 1, 0, 0
33700, 432863, 0, 0, 0
33800, 821748, 1, 0, 0
33800, 447725, 0, 0, 0
33900, 440850, 0, 0, 0
33900, 885650, 1, 0, 0
34000, 454305, 0, 0, 0
34002, 873498, 1, 0, 0
34100, 907660, 1, 0, 0
34100, 461057, 0, 0, 0
34200, 939772, 1, 0, 0
34200, 467170, 0, 0, 0
34300, 896805, 1, 0, 0
34300, 454844, 0, 0, 0
34400, 465475, 0, 0, 0
34401, 883082, 1, 0, 0
34500, 891804, 1, 0, 0
34500, 444355, 0, 0, 0
34600, 430219, 0, 0, 0
34601, 853579, 1, 0, 0
34700, 444409, 0, 0, 0
34700, 839427, 1, 0, 0
34800, 439427, 0, 0, 0
34800, 842408, 1, 0, 0
34900, 461310, 0, 0, 0
34900, 868352, 1, 0, 0
35000, 874583, 1, 0, 0
35000, 446631, 0, 0, 0
35100, 455357, 0, 0, 0
35100, 878805, 1, 0, 0
35200, 439146, 0, 0, 0
35200, 904262, 1, 0, 0
35300, 463802, 0, 0, 0
35300, 841647, 1, 0, 0
35400, 457217, 0, 0, 0
35400, 891178, 1, 0, 0
35500, 857627, 1, 0, 0
35500, 448124, 0, 0, 0
35600, 441654, 0, 0, 0
35600, 934304, 1, 0, 0
35700, 844377, 1, 0, 0
35700, 434860, 0, 0, 0
35800, 434167, 0, 0, 0
35800, 836771, 1, 0, 0
35900, 442584, 0, 0, 0
35901, 830244, 1, 0, 0
36000, 441502, 0, 0, 0
36001, 831837, 1, 0, 0
36100, 451412, 0, 0, 0
36100, 930358, 1, 0, 0
36200, 439867, 0, 0, 0
36201, 873302, 1, 0, 0
36300, 445701, 0, 0, 0
36300, 897843, 1, 0, 0
36400, 438786, 0, 0, 0
36401, 837066, 1, 0, 0
36500, 845809, 1, 0, 0
36500, 440748, 0, 0, 0
36600, 447865, 0, 0, 0
36601, 895520, 1, 0, 0
36700, 431040, 0, 0, 0
36701, 897913, 1, 0, 0
36800, 867291, 1, 0, 0
36800, 448319, 0, 0, 0
36900, 450111, 0, 0, 0
36900, 866472, 1, 0, 0
37000, 898351, 1, 0, 0
37000, 447430, 0, 0, 0
37100, 858893, 1, 0, 0
37101, 437834, 0, 0, 0
37200, 430599, 0, 0, 0
37200, 900115, 1, 0, 0
37300, 859873, 1, 0, 0
37301, 431658, 0, 0, 0
37400, 894499, 1, 0, 0
37400, 429146, 0, 0, 0
37500, 449687, 0, 0, 0
37500, 876141, 1, 0, 0
37600, 453753, 0, 0, 0
37601, 912805, 1, 0, 0
37700, 840438, 1, 0, 0
37701, 450500, 0, 0, 0
37800, 872695, 1, 0, 0
37800, 437046, 0, 0, 0
37900, 437201, 0, 0, 0
37900, 853271, 1, 0, 0
38000, 454121, 0, 0, 0
38000, 926929, 1, 0, 0
38100, 440005, 0, 0, 0
38102, 863915, 1, 0, 0
38200, 434497, 0, 0, 0
38200, 876194, 1, 0, 0
38300, 444193, 0, 0, 0
38300, 898475, 1, 0, 0
38400, 452932, 0, 0, 0
38400, 887732, 1, 0, 0
38500, 858360, 1, 0, 0
38500, 436008, 0, 0, 0
38600, 442920, 0, 0, 0
38600, 848428, 1, 0, 0
38700, 459293, 0, 0, 0
38701, 851766, 1, 0, 0
38800, 442705, 0, 0, 0
38800, 930893, 1, 0, 0
38900, 442790, 0, 0, 0
38900, 891069, 1, 0, 0
39000, 431656, 0, 0, 0
39000, 884022, 1, 0, 0
39100, 907947, 1, 0, 0
39101, 431222, 0, 0, 0
39200, 887495, 1, 0, 0
39200, 438958, 0, 0, 0
39300, 437207, 0, 0, 0
39300, 860870, 1, 0, 0
39400, 437762, 0, 0, 0
39401, 865928, 1, 0, 0
39500, 444391, 0, 0, 0
39501, 871005, 1, 0, 0
39600, 428700, 0, 0, 0
39602, 867823, 1, 0, 0
39700, 433029, 0, 0, 0
39701, 840568, 1, 0, 0
39800, 871144, 1, 0, 0
39800, 432309, 0, 0, 0
39900, 440755, 0, 0, 0
39901, 886137, 1, 0, 0
40000, 442351, 0, 0, 0
40001, 892267, 1, 0, 0
40100, 439814, 0, 0, 0
40100, 852650, 1, 0, 0
40200, 439018, 0, 0, 0
40201, 869402, 1, 0, 0
40300, 454322, 0, 0, 0
40300, 885997, 1, 0, 0
40400, 448291, 0, 0, 0
40400, 863564, 1, 0, 0
40500, 460767, 0, 0, 0
40500, 877227, 1, 0, 0
40600, 452420, 0, 0, 0
40600, 877555, 1, 0, 0
40700, 928951, 1, 0, 0
40700, 448053, 0, 0, 0
40800, 448263, 0, 0, 0
40800, 873385, 1, 0, 0
40900, 451986, 0, 0, 0
40900, 882313, 1, 0, 0
41000, 853588, 1, 0, 0
41000, 456431, 0, 0, 0
41100, 449009, 0, 0, 0
41100, 886308, 1, 0, 0
41200, 444025, 0, 0, 0
41200, 872244, 1, 0, 0
41300, 438469, 0, 0, 0
41302, 864012, 1, 0, 0
41400, 889475, 1, 0, 0
41400, 449863, 0, 0, 0
41500, 875743, 1, 0, 0
41500, 441976, 0, 0, 0
41600, 891603, 1, 0, 0
41602, 466089, 0, 0, 0
41700, 458565, 0, 0, 0
41700, 896696, 1, 0, 0
41800, 828228, 1, 0, 0
41801, 449952, 0, 0, 0
41900, 440001, 0, 0, 0
41900, 837312, 1, 0, 0
42000, 433528, 0, 0, 0
42000, 818157, 1, 0, 0
42100, 452083, 0, 0, 0
42101, 886911, 1, 0, 0
42200, 455774, 0, 0, 0
42201, 863859, 1, 0, 0
42300, 441613, 0, 0, 0
42302, 883209, 1, 0, 0
42400, 886153, 1, 0, 0
42401, 444370, 0, 0, 0
42500, 450803, 0, 0, 0
42500, 917153, 1, 0, 0
42600, 849978, 1, 0, 0
42601, 456982, 0, 0, 0
42700, 455862, 0, 0, 0
42702, 882897, 1, 0, 0
42800, 458093, 0, 0, 0
42800, 877267, 1, 0, 0
42900, 859283, 1, 0, 0
42900, 468997, 0, 0, 0
43000, 446934, 0, 0, 0
43000, 893269, 1, 0, 0
43100, 448729, 0, 0, 0
43100, 876711, 1, 0, 0
43200, 455138, 0, 0, 0
43201, 843470, 1, 0, 0
43300, 454884, 0, 0, 0
43300, 877400, 1, 0, 0
43400, 449853, 0, 0, 0
43400, 811052, 1, 0, 0
43500, 452083, 0, 0, 0
43500, 871513, 1, 0, 0
43600, 860193, 1, 0, 0
43601, 454861, 0, 0, 0
43700, 440501, 0, 0, 0
43700, 891394, 1, 0, 0
43800, 444547, 0, 0, 0
43800, 857395, 1, 0, 0
43900, 447339, 0, 0, 0
43900, 869892, 1, 0, 0
44000, 429754, 0, 0, 0
44000, 846423, 1, 0, 0
44100, 894970, 1, 0, 0
44101, 449174, 0, 0, 0
44200, 445018, 0, 0, 0
44200, 836562, 1, 0, 0
44300, 461530, 0, 0, 0
44300, 857284, 1, 0, 0
44400, 428293, 0, 0, 0
44400, 868310, 1, 0, 0
44500, 466139, 0, 0, 0
44502, 893278, 1, 0, 0
44600, 441551, 0, 0, 0
44600, 859612, 1, 0, 0
44700, 445573, 0, 0, 0
44701, 875820, 1, 0, 0
44800, 442542, 0, 0, 0
44800, 879763, 1, 0, 0
44900, 884626, 1, 0, 0
44901, 468793, 0, 0, 0
45000, 454761, 0, 0, 0
45001, 913447, 1, 0, 0
45100, 892424, 1, 0, 0
45100, 460292, 0, 0, 0
45200, 865969, 1, 0, 0
45200, 459543, 0, 0, 0
45300, 453130, 0, 0, 0
45301, 864820, 1, 0, 0
45400, 447845, 0, 0, 0
45401, 890824, 1, 0, 0
45500, 456490, 0, 0, 0
45500, 861502, 1, 0, 0
45600, 438127, 0, 0, 0
45601, 862511, 1, 0, 0
45700, 454730, 0, 0, 0
45700, 885495, 1, 0, 0
45800, 902189, 1, 0, 0
45800, 462673, 0, 0, 0
45900, 856272, 1, 0, 0
45900, 460253, 0, 0, 0
46000, 887741, 1, 0, 0
46000, 447383, 0, 0, 0
46100, 825299, 1, 0, 0
46100, 452269, 0, 0, 0
46200, 440313, 0, 0, 0
46203, 878990, 1, 0, 0
46301, 897577, 1, 0, 0
46301, 445960, 0, 0, 0
46400, 900903, 1, 0, 0
46400, 463152, 0, 0, 0
46500, 454576, 0, 0, 0
46501, 880818, 1, 0, 0
46600, 872898, 1, 0, 0
46600, 455987, 0, 0, 0
46700, 430952, 0, 0, 0
46700, 866302, 1, 0, 0
46800, 439506, 0, 0, 0
46800, 878594, 1, 0, 0
46900, 445030, 0, 0, 0
46903, 870665, 1, 0, 0
47000, 865799, 1, 0, 0
47000, 439383, 0, 0, 0
47100, 452440, 0, 0, 0
47101, 907185, 1, 0, 0
47200, 437390, 0, 0, 0
47200, 861312, 1, 0, 0
47300, 454210, 0, 0, 0
47300, 885817, 1, 0, 0
47400, 444827, 0, 0, 0
47400, 864801, 1, 0, 0
47500, 454084, 0, 0, 0
47500, 867543, 1, 0, 0
47601, 922807, 1, 0, 0
47601, 455387, 0, 0, 0
47700, 455540, 0, 0, 0
47701, 897942, 1, 0, 0
47800, 443325, 0, 0, 0
47801, 873234, 1, 0, 0
47900, 443394, 0, 0, 0
47901, 909095, 1, 0, 0
48000, 448625, 0, 0, 0
48001, 884945, 1, 0, 0
48100, 442713, 0, 0, 0
48102, 847897, 1, 0, 0
48200, 448686, 0, 0, 0
48200, 848912, 1, 0, 0
48300, 456012, 0, 0, 0
48301, 929564, 1, 0, 0
48400, 448445, 0, 0, 0
48401, 866089, 1, 0, 0
48500, 445563, 0, 0, 0
48501, 841133, 1, 0, 0
48600, 884223, 1, 0, 0
48600, 456887, 0, 0, 0
48700, 445440, 0, 0, 0
48701, 880055, 1, 0, 0
48800, 882814, 1, 0, 0
48800, 451197, 0, 0, 0
48900, 916014, 1, 0, 0
48901, 447145, 0, 0, 0
49000, 883295, 1, 0, 0
49000, 456003, 0, 0, 0
49100, 435262, 0, 0, 0
49102, 868241, 1, 0, 0
49200, 434399, 0, 0, 0
49200, 852529, 1, 0, 0
49300, 833605, 1, 0, 0
49300, 436056, 0, 0, 0
49400, 447081, 0, 0, 0
49400, 869081, 1, 0, 0
49500, 442374, 0, 0, 0
49500, 821682, 1, 0, 0
49600, 438042, 0, 0, 0
49601, 877394, 1, 0, 0
49700, 446858, 0, 0, 0
49700, 912178, 1, 0, 0
49800, 440507, 0, 0, 0
49800, 881851, 1, 0, 0
49900, 844139, 1, 0, 0
49900, 462361, 0, 0, 0
50000, 449918, 0, 0, 0
50000, 893240, 1, 0, 0
50100, 441985, 0, 0, 0
50101, 843427, 1, 0, 0
50200, 444805, 0, 0, 0
50201, 845108, 1, 0, 0
50300, 459889, 0, 0, 0
50301, 869820, 1, 0, 0
50400, 872812, 1, 0, 0
50400, 449871, 0, 0, 0
50500, 450078, 0, 0, 0
50502, 839755, 1, 0, 0
50600, 872417, 1, 0, 0
50600, 464750, 0, 0, 0
50700, 466179, 0, 0, 0
50700, 857020, 1, 0, 0
50800, 446169, 0, 0, 0
50800, 879092, 1, 0, 0
50900, 451191, 0, 0, 0
50900, 880589, 1, 0, 0
51000, 867053, 1, 0, 0
51001, 468472, 0, 0, 0
51100, 443514, 0, 0, 0
51101, 874552, 1, 0, 0
51200, 450517, 0, 0, 0
51201, 901669, 1, 0, 0
51300, 442784, 0, 0, 0
51300, 849679, 1, 0, 0
51400, 884459, 1, 0, 0
51400, 436646, 0, 0, 0
51500, 440295, 0, 0, 0
51500, 877928, 1, 0, 0
51600, 867176, 1, 0, 0
51600, 440878, 0, 0, 0
51700, 447673, 0, 0, 0
51701, 861073, 1, 0, 0
51800, 449975, 0, 0, 0
51801, 858798, 1, 0, 0
51900, 443070, 0, 0, 0
51901, 856272, 1, 0, 0
52000, 441598, 0, 0, 0
52000, 828867, 1, 0, 0
52100, 847415, 1, 0, 0
52100, 455993, 0, 0, 0
52200, 452406, 0, 0, 0
52200, 891577, 1, 0, 0
52300, 462776, 0, 0, 0
52300, 862746, 1, 0, 0
52400, 449169, 0, 0, 0
52400, 875140, 1, 0, 0
52500, 454221, 0, 0, 0
52500, 883683, 1, 0, 0
52600, 456035, 0, 0, 0
52600, 863136, 1, 0, 0
52700, 864061, 1, 0, 0
52700, 450167, 0, 0, 0
52800, 899043, 1, 0, 0
52800, 453101, 0, 0, 0
52900, 441670, 0, 0, 0
52901, 867774, 1, 0, 0
53000, 454220, 0, 0, 0
53000, 891946, 1, 0, 0
53100, 450144, 0, 0, 0
53100, 925355, 1, 0, 0
53200, 884220, 1, 0, 0
53201, 452472, 0, 0, 0
53300, 864636, 1, 0, 0
53300, 461687, 0, 0, 0
53400, 869326, 1, 0, 0
53400, 457424, 0, 0, 0
53500, 848989, 1, 0, 0
53500, 452544, 0, 0, 0
53600, 444362, 0, 0, 0
53600, 899353, 1, 0, 0
53700, 445718, 0, 0, 0
53700, 880724, 1, 0, 0
53800, 903878, 1, 0, 0
53800, 458367, 0, 0, 0
53900, 448059, 0, 0, 0
53901, 890235, 1, 0, 0
54000, 460357, 0, 0, 0
54000, 915921, 1, 0, 0
54100, 448571, 0, 0, 0
54101, 881625, 1, 0, 0
54200, 840470, 1, 0, 0
54200, 455294, 0, 0, 0
54300, 449788, 0, 0, 0
54301, 874618, 1, 0, 0
54400, 868522, 1, 0, 0
54400, 436887, 0, 0, 0
54500, 923893, 1, 0, 0
54501, 447178, 0, 0, 0
54600, 861082, 1, 0, 0
54600, 443968, 0, 0, 0
54700, 449683, 0, 0, 0
54701, 868036, 1, 0, 0
54800, 440409, 0, 0, 0
54800, 858788, 1, 0, 0
54900, 446850, 0, 0, 0
54901, 855594, 1, 0, 0
55000, 900153, 1, 0, 0
55002, 448685, 0, 0, 0
55100, 860519, 1, 0, 0
55100, 456022, 0, 0, 0
55200, 443562, 0, 0, 0
55201, 894639, 1, 0, 0
55300, 448147, 0, 0, 0
55300, 888653, 1, 0, 0
55400, 848728, 1, 0, 0
55400, 443788, 0, 0, 0
55500, 447569, 0, 0, 0
55501, 858975, 1, 0, 0
55600, 449309, 0, 0, 0
55602, 867415, 1, 0, 0
55700, 449146, 0, 0, 0
55703, 866983, 1, 0, 0
55800, 871187, 1, 0, 0
55800, 442229, 0, 0, 0
55900, 444523, 0, 0, 0
55900, 861171, 1, 0, 0
56000, 444833, 0, 0, 0
56001, 889334, 1, 0, 0
56100, 454545, 0, 0, 0
56101, 910375, 1, 0, 0
56200, 457554, 0, 0, 0
56200, 920694, 1, 0, 0
56300, 846345, 1, 0, 0
56301, 448722, 0, 0, 0
56400, 849282, 1, 0, 0
56400, 451655, 0, 0, 0
56500, 444582, 0, 0, 0
56500, 864523, 1, 0, 0
56600, 440355, 0, 0, 0
56600, 871192, 1, 0, 0
56700, 867689, 1, 0, 0
56700, 462211, 0, 0, 0
56800, 431497, 0, 0, 0
56801, 853655, 1, 0, 0
56900, 446593, 0, 0, 0
56900, 863393, 1, 0, 0
57000, 953038, 1, 0, 0
57000, 460405, 0, 0, 0
57100, 453390, 0, 0, 0
57100, 894706, 1, 0, 0
57200, 937412, 1, 0, 0
57200, 444379, 0, 0, 0
57300, 913420, 1, 0, 0
57301, 455005, 0, 0, 0
57400, 444340, 0, 0, 0
57401, 857206, 1, 0, 0
57500, 447048, 0, 0, 0
57500, 875055, 1, 0, 0
57600, 450537, 0, 0, 0
57600, 858734, 1, 0, 0
57700, 459488, 0, 0, 0
57700, 916650, 1, 0, 0
57800, 450238, 0, 0, 0
57802, 879814, 1, 0, 0
57900, 459485, 0, 0, 0
57900, 886425, 1, 0, 0
58000, 451403, 0, 0, 0
58001, 876518, 1, 0, 0
58100, 903364, 1, 0, 0
58100, 458843, 0, 0, 0
58200, 465365, 0, 0, 0
58200, 900941, 1, 0, 0
58300, 452443, 0, 0, 0
58302, 916602, 1, 0, 0
58400, 432071, 0, 0, 0
58402, 859150, 1, 0, 0
58500, 912133, 1, 0, 0
58500, 460474, 0, 0, 0
58600, 450005, 0, 0, 0
58601, 864349, 1, 0, 0
58700, 456914, 0, 0, 0
58701, 864662, 1, 0, 0
58800, 900080, 1, 0, 0
58800, 468291, 0, 0, 0
58900, 864787, 1, 0, 0
58901, 434997, 0, 0, 0
59000, 454867, 0, 0, 0
59001, 866570, 1, 0, 0
59100, 443096, 0, 0, 0
59100, 841053, 1, 0, 0
59200, 871493, 1, 0, 0
59200, 444770, 0, 0, 0
59300, 443081, 0, 0, 0
59300, 890205, 1, 0, 0
59400, 445388, 0, 0, 0
59401, 869956, 1, 0, 0
59500, 878609, 1, 0, 0
59500, 452856, 0, 0, 0
59600, 833833, 1, 0, 0
59600, 456672, 0, 0, 0
59700, 448492, 0, 0, 0
59701, 891263, 1, 0, 0
59800, 442096, 0, 0, 0
59800, 909766, 1, 0, 0
59900, 449094, 0, 0, 0
59900, 845937, 1, 0, 0
60000, 459222, 0, 0, 0
60001, 901552, 1, 0, 0
60100, 456437, 0, 0, 0
60100, 888851, 1, 0, 0
60200, 911926, 1, 0, 0
60200, 455906, 0, 0, 0
60300, 892715, 1, 0, 0
60300, 448496, 0, 0, 0
60400, 443190, 0, 0, 0
60400, 921766, 1, 0, 0
60500, 456956, 0, 0, 0
60500, 917633, 1, 0, 0
60600, 450232, 0, 0, 0
60601, 856126, 1, 0, 0
60700, 891998, 1, 0, 0
60700, 454995, 0, 0, 0
60800, 451498, 0, 0, 0
60800, 874938, 1, 0, 0
60900, 448377, 0, 0, 0
60900, 855002, 1, 0, 0
61000, 869259, 1, 0, 0
61000, 442330, 0, 0, 0
61100, 450206, 0, 0, 0
61101, 867063, 1, 0, 0
61200, 463465, 0, 0, 0
61200, 862910, 1, 0, 0
61300, 450550, 0, 0, 0
61300, 857505, 1, 0, 0
61400, 434634, 0, 0, 0
61401, 888384, 1, 0, 0
61500, 448960, 0, 0, 0
61501, 898707, 1, 0, 0
61600, 445256, 0, 0, 0
61600, 899133, 1, 0, 0
61700, 856157, 1, 0, 0
61700, 447451, 0, 0, 0
61800, 431598, 0, 0, 0
61800, 831299, 1, 0, 0
61900, 438144, 0, 0, 0
61900, 868353, 1, 0, 0
62000, 455002, 0, 0, 0
62001, 856149, 1, 0, 0
62100, 441632, 0, 0, 0
62100, 849091, 1, 0, 0
62200, 436457, 0, 0, 0
62201, 874870, 1, 0, 0
62300, 442352, 0, 0, 0
62301, 848699, 1, 0, 0
62400, 427304, 0, 0, 0
62400, 876777, 1, 0, 0
62500, 870589, 1, 0, 0
62500, 457018, 0, 0, 0
62600, 851092, 1, 0, 0
62600, 454110, 0, 0, 0
62700, 460182, 0, 0, 0
62701, 870177, 1, 0, 0
62800, 448520, 0, 0, 0
62800, 845490, 1, 0, 0
62900, 892690, 1, 0, 0
62900, 445675, 0, 0, 0
63000, 451358, 0, 0, 0
63000, 870157, 1, 0, 0
63100, 442522, 0, 0, 0
63100, 853646, 1, 0, 0
63200, 884913, 1, 0, 0
63200, 444544, 0, 0, 0
63300, 449650, 0, 0, 0
63302, 853188, 1, 0, 0
63400, 445661, 0, 0, 0
63400, 848484, 1, 0, 0
63500, 461597, 0, 0, 0
63500, 905818, 1, 0, 0
63600, 452021, 0, 0, 0
63601, 889756, 1, 0, 0
63700, 431168, 0, 0, 0
63700, 846297, 1, 0, 0
63800, 454346, 0, 0, 0
63800, 928240, 1, 0, 0
63900, 874326, 1, 0, 0
63901, 449716, 0, 0, 0
64000, 454423, 0, 0, 0
64000, 917181, 1, 0, 0
64100, 452280, 0, 0, 0
64100, 860512, 1, 0, 0
64200, 450112, 0, 0, 0
64200, 870971, 1, 0, 0
64300, 452863, 0, 0, 0
64301, 891579, 1, 0, 0
64400, 437142, 0, 0, 0
64400, 832292, 1, 0, 0
64500, 890232, 1, 0, 0
64500, 474890, 0, 0, 0
64600, 908736, 1, 0, 0
64601, 453701, 0, 0, 0
64700, 448021, 0, 0, 0
64700, 875904, 1, 0, 0
64800, 863889, 1, 0, 0
64801, 484870, 0, 0, 0
64900, 926114, 1, 0, 0
64900, 466162, 0, 0, 0
65000, 457769, 0, 0, 0
65001, 928228, 1, 0, 0
65100, 886358, 1, 0, 0
65100, 453071, 0, 0, 0
65200, 887723, 1, 0, 0
65201, 452614, 0, 0, 0
65300, 463004, 0, 0, 0
65301, 866032, 1, 0, 0
65400, 854272, 1, 0, 0
65400, 452875, 0, 0, 0
65500, 451237, 0, 0, 0
65503, 905207, 1, 0, 0
65600, 438798, 0, 0, 0
65600, 870372, 1, 0, 0
65700, 439862, 0, 0, 0
65701, 856975, 1, 0, 0
65800, 451156, 0, 0, 0
65800, 892713, 1, 0, 0
65900, 852451, 1, 0, 0
65901, 448974, 0, 0, 0
66000, 856752, 1, 0, 0
66000, 454737, 0, 0, 0
66100, 883498, 1, 0, 0
66100, 462380, 0, 0, 0
66200, 466672, 0, 0, 0
66200, 876540, 1, 0, 0
66300, 437906, 0, 0, 0
66300, 868128, 1, 0, 0
66400, 443409, 0, 0, 0
66400, 896028, 1, 0, 0
66500, 447264, 0, 0, 0
66500, 860832, 1, 0, 0
66600, 834235, 1, 0, 0
66600, 450848, 0, 0, 0
66700, 455273, 0, 0, 0
66700, 880116, 1, 0, 0
66800, 447674, 0, 0, 0
66800, 907179, 1, 0, 0
66900, 459978, 0, 0, 0
66900, 871896, 1, 0, 0
67000, 436638, 0, 0, 0
67001, 873256, 1, 0, 0
67100, 866134, 1, 0, 0
67101, 433088, 0, 0, 0
67200, 442788, 0, 0, 0
67200, 911124, 1, 0, 0
67300, 866404, 1, 0, 0
67302, 449689, 0, 0, 0
67400, 915500, 1, 0, 0
67400, 456050, 0, 0, 0
67500, 440752, 0, 0, 0
67501, 865660, 1, 0, 0
67600, 865260, 1, 0, 0
67600, 433769, 0, 0, 0
67700, 449398, 0, 0, 0
67700, 860463, 1, 0, 0
67800, 445513, 0, 0, 0
67803, 866852, 1, 0, 0
67900, 451496, 0, 0, 0
67902, 873137, 1, 0, 0
68000, 911099, 1, 0, 0
68000, 438003, 0, 0, 0
68100, 441997, 0, 0, 0
68101, 862279, 1, 0, 0
68200, 434504, 0, 0, 0
68200, 901171, 1, 0, 0
68300, 440790, 0, 0, 0
68302, 867822, 1, 0, 0
68400, 440531, 0, 0, 0
68402, 875181, 1, 0, 0
68500, 446344, 0, 0, 0
68502, 861702, 1, 0, 0
68600, 440224, 0, 0, 0
68601, 880356, 1, 0, 0
68700, 857666, 1, 0, 0
68700, 447858, 0, 0, 0
68800, 448174, 0, 0, 0
68800, 868994, 1, 0, 0
68900, 872821, 1, 0, 0
68900, 438645, 0, 0, 0
69000, 461258, 0, 0, 0
69000, 891258, 1, 0, 0
69100, 856009, 1, 0, 0
69100, 456635, 0, 0, 0
69200, 882855, 1, 0, 0
69200, 457525, 0, 0, 0
69300, 876531, 1, 0, 0
69300, 456475, 0, 0, 0
69400, 858610, 1, 0, 0
69400, 448531, 0, 0, 0
69500, 454166, 0, 0, 0
69500, 879972, 1, 0, 0
69600, 903503, 1, 0, 0
69600, 448846, 0, 0, 0
69700, 453802, 0, 0, 0
69701, 903132, 1, 0, 0
69800, 878092, 1, 0, 0
69801, 454088, 0, 0, 0
69900, 863012, 1, 0, 0
69900, 452241, 0, 0, 0
70000, 458498, 0, 0, 0
70001, 847976, 1, 0, 0
70100, 873001, 1, 0, 0
70100, 439512, 0, 0, 0
70200, 912389, 1, 0, 0
70200, 451957, 0, 0, 0
70300, 924956, 1, 0, 0
70300, 436014, 0, 0, 0
70400, 447537, 0, 0, 0
70402, 865346, 1, 0, 0
70500, 445439, 0, 0, 0
70501, 859165, 1, 0, 0
70600, 890700, 1, 0, 0
70601, 448714, 0, 0, 0
70700, 459014, 0, 0, 0
70702, 870197, 1, 0, 0
70800, 456007, 0, 0, 0
70801, 899779, 1, 0, 0
70900, 860889, 1, 0, 0
70900, 440956, 0, 0, 0
71000, 441739, 0, 0, 0
71000, 862780, 1, 0, 0
71100, 451198, 0, 0, 0
71100, 863038, 1, 0, 0
71200, 885397, 1, 0, 0
71200, 461814, 0, 0, 0
71300, 450168, 0, 0, 0
71300, 879069, 1, 0, 0
71400, 876152, 1, 0, 0
71400, 461294, 0, 0, 0
71500, 964214, 1, 0, 0
71501, 464132, 0, 0, 0
71600, 890963, 1, 0, 0
71600, 450594, 0, 0, 0
71700, 449724, 0, 0, 0
71701, 904799, 1, 0, 0
71800, 448011, 0, 0, 0
71800, 922703, 1, 0, 0
71900, 468910, 0, 0, 0
71900, 884824, 1, 0, 0
72000, 455858, 0, 0, 0
72000, 861295, 1, 0, 0
72100, 447250, 0, 0, 0
72101, 867357, 1, 0, 0
72200, 885178, 1, 0, 0
72200, 448921, 0, 0, 0
72300, 887709, 1, 0, 0
72300, 447171, 0, 0, 0
72400, 848503, 1, 0, 0
72400, 456903, 0, 0, 0
72500, 883999, 1, 0, 0
72502, 450990, 0, 0, 0
72600, 866449, 1, 0, 0
72600, 447451, 0, 0, 0
72700, 890654, 1, 0, 0
72700, 454635, 0, 0, 0
72800, 852013, 1, 0, 0
72801, 443879, 0, 0, 0
72900, 878121, 1, 0, 0
72900, 450977, 0, 0, 0
73000, 443857, 0, 0, 0
73002, 857216, 1, 0, 0
73100, 448811, 0, 0, 0
73100, 848370, 1, 0, 0
73200, 442214, 0, 0, 0
73200, 860254, 1, 0, 0
73300, 455359, 0, 0, 0
73300, 869644, 1, 0, 0
73400, 449458, 0, 0, 0
73400, 876906, 1, 0, 0
73500, 468623, 0, 0, 0
73501, 858540, 1, 0, 0
73600, 438043, 0, 0, 0
73600, 900483, 1, 0, 0
73700, 442722, 0, 0, 0
73702, 870734, 1, 0, 0
73800, 461554, 0, 0, 0
73800, 920734, 1, 0, 0
73900, 919781, 1, 0, 0
73900, 453999, 0, 0, 0
74000, 456020, 0, 0, 0
74001, 858504, 1, 0, 0
74100, 847770, 1, 0, 0
74100, 467825, 0, 0, 0
74200, 460589, 0, 0, 0
74200, 855415, 1, 0, 0
74300, 896524, 1, 0, 0
74300, 457743, 0, 0, 0
74400, 461610, 0, 0, 0
74400, 878278, 1, 0, 0
74500, 466503, 0, 0, 0
74500, 886320, 1, 0, 0
74600, 452677, 0, 0, 0
74601, 950862, 1, 0, 0
74700, 846985, 1, 0, 0
74700, 453705, 0, 0, 0
74800, 442401, 0, 0, 0
74800, 883645, 1, 0, 0
74900, 448477, 0, 0, 0
74903, 851004, 1, 0, 0
75000, 451583, 0, 0, 0
75000, 865465, 1, 0, 0
75100, 865570, 1, 0, 0
75100, 442085, 0, 0, 0
75200, 454074, 0, 0, 0
75201, 843605, 1, 0, 0
75300, 442420, 0, 0, 0
75304, 871969, 1, 0, 0
75400, 456183, 0, 0, 0
75400, 897710, 1, 0, 0
75500, 446749, 0, 0, 0
75501, 861022, 1, 0, 0
75600, 455340, 0, 0, 0
75603, 874716, 1, 0, 0
75700, 448086, 0, 0, 0
75701, 872189, 1, 0, 0
75800, 457379, 0, 0, 0
75800, 869702, 1, 0, 0
75900, 457806, 0, 0, 0
75900, 902701, 1, 0, 0
76000, 448539, 0, 0, 0
76001, 879439, 1, 0, 0
76100, 451208, 0, 0, 0
76101, 906496, 1, 0, 0
76200, 884037, 1, 0, 0
76200, 442662, 0, 0, 0
76300, 472845, 0, 0, 0
76300, 885425, 1, 0, 0
76400, 452028, 0, 0, 0
76400, 863329, 1, 0, 0
76500, 448519, 0, 0, 0
76500, 838001, 1, 0, 0
76600, 458428, 0, 0, 0
76600, 880218, 1, 0, 0
76700, 459557, 0, 0, 0
76701, 883519, 1, 0, 0
76800, 859711, 1, 0, 0
76800, 446714, 0, 0, 0
76900, 463929, 0, 0, 0
76900, 905236, 1, 0, 0
77000, 441968, 0, 0, 0
77003, 851256, 1, 0, 0
77100, 456957, 0, 0, 0
77100, 841161, 1, 0, 0
77200, 847622, 1, 0, 0
77200, 445966, 0, 0, 0
77300, 885921, 1, 0, 0
77300, 456108, 0, 0, 0
77400, 446478, 0, 0, 0
77401, 851524, 1, 0, 0
77500, 875069, 1, 0, 0
77500, 467443, 0, 0, 0
77600, 861842, 1, 0, 0
77600, 447193, 0, 0, 0
77700, 917636, 1, 0, 0
77700, 454923, 0, 0, 0
77800, 461399, 0, 0, 0
77801, 869821, 1, 0, 0
77900, 448082, 0, 0, 0
77900, 890630, 1, 0, 0
78000, 442001, 0, 0, 0
78000, 886313, 1, 0, 0
78100, 452234, 0, 0, 0
78101, 895674, 1, 0, 0
78200, 455765, 0, 0, 0
78200, 891408, 1, 0, 0
78300, 456264, 0, 0, 0
78301, 887779, 1, 0, 0
78400, 872121, 1, 0, 0
78400, 454419, 0, 0, 0
78500, 866550, 1, 0, 0
78501, 444945, 0, 0, 0
78600, 473193, 0, 0, 0
78600, 892285, 1, 0, 0
78700, 468227, 0, 0, 0
78701, 886163, 1, 0, 0
78800, 453009, 0, 0, 0
78801, 883174, 1, 0, 0
78900, 454736, 0, 0, 0
78901, 890845, 1, 0, 0
79000, 465532, 0, 0, 0
79000, 913507, 1, 0, 0
79100, 454846, 0, 0, 0
79100, 947261, 1, 0, 0
79200, 462268, 0, 0, 0
79200, 919068, 1, 0, 0
79411, 2759741, 1, 0, 0
79414, 455732, 0, 0, 0
79500, 449395, 0, 0, 0
79501, 2389654, 1, 0, 0
79600, 456308, 0, 0, 0
79600, 931902, 1, 0, 0
79700, 455942, 0, 0, 0
79702, 905911, 1, 0, 0
79800, 462097, 0, 0, 0
79800, 900218, 1, 0, 0
79900, 459792, 0, 0, 0
79900, 910761, 1, 0, 0
80000, 458121, 0, 0, 0
80000, 878966, 1, 0, 0
80100, 456098, 0, 0, 0
80101, 888230, 1, 0, 0
80200, 889995, 1, 0, 0
80200, 463172, 0, 0, 0
80300, 888394, 1, 0, 0
80300, 444916, 0, 0, 0
80400, 452041, 0, 0, 0
80401, 877401, 1, 0, 0
80500, 873936, 1, 0, 0
80500, 445554, 0, 0, 0
80600, 439201, 0, 0, 0
80600, 862399, 1, 0, 0
80700, 457963, 0, 0, 0
80700, 855793, 1, 0, 0
80800, 446360, 0, 0, 0
80800, 854522, 1, 0, 0
80900, 451826, 0, 0, 0
80901, 888138, 1, 0, 0
81000, 448385, 0, 0, 0
81001, 832993, 1, 0, 0
81100, 835266, 1, 0, 0
81100, 457925, 0, 0, 0
81200, 840276, 1, 0, 0
81201, 460611, 0, 0, 0
81300, 443447, 0, 0, 0
81302, 885829, 1, 0, 0
81400, 462419, 0, 0, 0
81401, 857800, 1, 0, 0
81500, 464093, 0, 0, 0
81500, 924968, 1, 0, 0
81600, 882081, 1, 0, 0
81600, 454379, 0, 0, 0
81700, 453452, 0, 0, 0
81700, 904667, 1, 0, 0
81800, 926960, 1, 0, 0
81800, 449777, 0, 0, 0
81900, 877616, 1, 0, 0
81900, 461979, 0, 0, 0
82000, 445976, 0, 0, 0
82000, 871881, 1, 0, 0
82100, 874373, 1, 0, 0
82100, 450071, 0, 0, 0
82200, 447967, 0, 0, 0
82200, 864136, 1, 0, 0
82300, 444702, 0, 0, 0
82300, 861812, 1, 0, 0
82400, 448268, 0, 0, 0
82401, 885707, 1, 0, 0
82500, 463600, 0, 0, 0
82501, 917270, 1, 0, 0
82600, 893965, 1, 0, 0
82600, 471476, 0, 0, 0
82700, 459268, 0, 0, 0
82700, 913195, 1, 0, 0
82800, 881420, 1, 0, 0
82800, 462318, 0, 0, 0
82900, 447930, 0, 0, 0
82900, 908026, 1, 0, 0
83000, 888583, 1, 0, 0
83000, 463278, 0, 0, 0
83100, 452968, 0, 0, 0
83100, 890345, 1, 0, 0
83200, 856840, 1, 0, 0
83201, 459235, 0, 0, 0
83300, 468746, 0, 0, 0
83300, 871157, 1, 0, 0
83400, 900595, 1, 0, 0
83400, 440354, 0, 0, 0
83500, 464665, 0, 0, 0
83501, 879016, 1, 0, 0
83600, 446240, 0, 0, 0
83601, 929707, 1, 0, 0
83700, 905325, 1, 0, 0
83700, 461663, 0, 0, 0
83800, 875791, 1, 0, 0
83800, 453031, 0, 0, 0
83900, 442986, 0, 0, 0
83901, 876006, 1, 0, 0
84000, 440353, 0, 0, 0
84000, 860709, 1, 0, 0
84100, 889110, 1, 0, 0
84100, 434236, 0, 0, 0
84200, 450717, 0, 0, 0
84200, 884515, 1, 0, 0
84300, 447655, 0, 0, 0
84301, 906084, 1, 0, 0
84400, 456943, 0, 0, 0
84400, 875480, 1, 0, 0
84500, 940611, 1, 0, 0
84500, 463781, 0, 0, 0
84600, 457000, 0, 0, 0
84601, 916034, 1, 0, 0
84700, 452183, 0, 0, 0
84700, 927774, 1, 0, 0
84800, 465969, 0, 0, 0
84800, 923086, 1, 0, 0
84900, 462698, 0, 0, 0
84900, 902183, 1, 0, 0
85000, 880255, 1, 0, 0
85000, 468488, 0, 0, 0
85100, 464584, 0, 0, 0
85101, 883181, 1, 0, 0
85200, 456154, 0, 0, 0
85201, 847425, 1, 0, 0
85300, 445920, 0, 0, 0
85301, 834400, 1, 0, 0
85400, 453229, 0, 0, 0
85400, 859567, 1, 0, 0
85500, 450434, 0, 0, 0
85500, 877565, 1, 0, 0
85600, 451337, 0, 0, 0
85601, 914547, 1, 0, 0
85700, 871598, 1, 0, 0
85700, 443541, 0, 0, 0
85800, 461829, 0, 0, 0
85800, 846537, 1, 0, 0
85900, 877389, 1, 0, 0
85900, 444723, 0, 0, 0
86000, 875060, 1, 0, 0
86000, 451190, 0, 0, 0
86100, 439402, 0, 0, 0
86100, 857539, 1, 0, 0
86200, 433995, 0, 0, 0
86201, 857860, 1, 0, 0
86300, 453254, 0, 0, 0
86300, 850138, 1, 0, 0
86400, 828699, 1, 0, 0
86400, 436449, 0, 0, 0
86500, 456037, 0, 0, 0
86500, 954982, 1, 0, 0
86600, 448105, 0, 0, 0
86601, 881162, 1, 0, 0
86700, 866697, 1, 0, 0
86700, 455690, 0, 0, 0
86800, 910927, 1, 0, 0
86800, 453675, 0, 0, 0
86900, 443419, 0, 0, 0
86900, 900206, 1, 0, 0
87000, 856348, 1, 0, 0
87000, 455081, 0, 0, 0
87100, 450429, 0, 0, 0
87101, 857571, 1, 0, 0
87200, 449185, 0, 0, 0
87200, 850775, 1, 0, 0
87300, 436939, 0, 0, 0
87300, 920280, 1, 0, 0
87400, 925849, 1, 0, 0
87401, 457109, 0, 0, 0
87500, 453092, 0, 0, 0
87502, 869771, 1, 0, 0
87600, 472898, 0, 0, 0
87600, 923612, 1, 0, 0
87700, 445183, 0, 0, 0
87701, 852959, 1, 0, 0
87800, 461579, 0, 0, 0
87800, 882446, 1, 0, 0
87900, 856895, 1, 0, 0
87901, 447012, 0, 0, 0
88000, 449963, 0, 0, 0
88000, 871610, 1, 0, 0
88100, 463617, 0, 0, 0
88101, 869939, 1, 0, 0
88200, 454097, 0, 0, 0
88200, 896798, 1, 0, 0
88300, 871693, 1, 0, 0
88301, 445237, 0, 0, 0
88400, 455454, 0, 0, 0
88400, 881860, 1, 0, 0
88500, 443194, 0, 0, 0
88500, 856159, 1, 0, 0
88600, 433052, 0, 0, 0
88600, 887840, 1, 0, 0
88700, 460004, 0, 0, 0
88702, 881375, 1, 0, 0
88800, 452321, 0, 0, 0
88800, 907044, 1, 0, 0
88900, 864728, 1, 0, 0
88900, 449745, 0, 0, 0
89000, 454864, 0, 0, 0
89000, 888950, 1, 0, 0
89100, 864906, 1, 0, 0
89100, 455311, 0, 0, 0
89200, 867974, 1, 0, 0
89200, 453363, 0, 0, 0
89300, 882485, 1, 0, 0
89300, 445313, 0, 0, 0
89400, 458386, 0, 0, 0
89402, 930567, 1, 0, 0
89500, 449097, 0, 0, 0
89500, 857292, 1, 0, 0
89600, 456971, 0, 0, 0
89600, 924305, 1, 0, 0
89700, 882122, 1, 0, 0
89700, 463758, 0, 0, 0
89800, 460158, 0, 0, 0
89801, 876160, 1, 0, 0
89900, 444498, 0, 0, 0
89900, 844931, 1, 0, 0
90000, 863531, 1, 0, 0
90000, 434350, 0, 0, 0
