250, 136, 0, 0, 0
350, 100, 0, 0, 0
450, 120, 0, 0, 0
550, 120, 0, 0, 0
650, 80, 0, 0, 0
749, 141, 0, 0, 0
849, 140, 0, 0, 0
949, 140, 0, 0, 0
1049, 120, 0, 0, 0
1149, 120, 0, 0, 0
1250, 130, 0, 0, 0
1350, 140, 0, 0, 0
1450, 130, 0, 0, 0
1550, 140, 0, 0, 0
1650, 120, 0, 0, 0
1749, 141, 0, 0, 0
1849, 100, 0, 0, 0
1949, 140, 0, 0, 0
2049, 130, 0, 0, 0
2149, 110, 0, 0, 0
2250, 100, 0, 0, 0
2350, 90, 0, 0, 0
2450, 140, 0, 0, 0
2550, 120, 0, 0, 0
2650, 130, 0, 0, 0
2749, 111, 0, 0, 0
2849, 110, 0, 0, 0
2949, 120, 0, 0, 0
3049, 140, 0, 0, 0
3149, 120, 0, 0, 0
3249, 130, 0, 0, 0
3349, 110, 0, 0, 0
3449, 110, 0, 0, 0
3550, 110, 0, 0, 0
3650, 140, 0, 0, 0
3749, 111, 0, 0, 0
3849, 130, 0, 0, 0
3949, 130, 0, 0, 0
4049, 130, 0, 0, 0
4149, 120, 0, 0, 0
4249, 80, 0, 0, 0
4349, 100, 0, 0, 0
4449, 120, 0, 0, 0
4550, 150, 0, 0, 0
4650, 160, 0, 0, 0
4749, 131, 0, 0, 0
4849, 110, 0, 0, 0
4949, 110, 0, 0, 0
5049, 110, 0, 0, 0
5149, 80, 0, 0, 0
5249, 170, 0, 0, 0
5349, 140, 0, 0, 0
5449, 120, 0, 0, 0
5549, 100, 0, 0, 0
5649, 110, 0, 0, 0
5750, 140, 0, 0, 0
5850, 110, 0, 0, 0
5950, 110, 0, 0, 0
6050, 120, 0, 0, 0
6150, 100, 0, 0, 0
6249, 121, 0, 0, 0
6349, 130, 0, 0, 0
6449, 50, 0, 0, 0
6549, 120, 0, 0, 0
6649, 170, 0, 0, 0
6749, 110, 0, 0, 0
6849, 150, 0, 0, 0
6950, 110, 0, 0, 0
7050, 140, 0, 0, 0
7150, 140, 0, 0, 0
7249, 121, 0, 0, 0
7349, 110, 0, 0, 0
7449, 160, 0, 0, 0
7549, 130, 0, 0, 0
7649, 140, 0, 0, 0
7749, 110, 0, 0, 0
7849, 150, 0, 0, 0
7949, 100, 0, 0, 0
8050, 160, 0, 0, 0
8150, 130, 0, 0, 0
8249, 101, 0, 0, 0
8349, 90, 0, 0, 0
8449, 130, 0, 0, 0
8549, 130, 0, 0, 0
8649, 100, 0, 0, 0
8749, 120, 0, 0, 0
8849, 160, 0, 0, 0
8949, 150, 0, 0, 0
9049, 110, 0, 0, 0
9149, 170, 0, 0, 0
9250, 140, 0, 0, 0
9350, 110, 0, 0, 0
9450, 90, 0, 0, 0
9550, 110, 0, 0, 0
9650, 140, 0, 0, 0
9749, 121, 0, 0, 0
9849, 110, 0, 0, 0
9949, 110, 0, 0, 0
10049, 140, 0, 0, 0
10149, 150, 0, 0, 0
10250, 110, 0, 0, 0
10350, 130, 0, 0, 0
10450, 110, 0, 0, 0
10550, 100, 0, 0, 0
10650, 120, 0, 0, 0
10749, 131, 0, 0, 0
10849, 100, 0, 0, 0
10949, 120, 0, 0, 0
11049, 130, 0, 0, 0
11149, 140, 0, 0, 0
11250, 140, 0, 0, 0
11350, 130, 0, 0, 0
11450, 120, 0, 0, 0
11550, 130, 0, 0, 0
11650, 150, 0, 0, 0
11749, 111, 0, 0, 0
11849, 120, 0, 0, 0
11949, 140, 0, 0, 0
12049, 120, 0, 0, 0
12149, 130, 0, 0, 0
12249, 120, 0, 0, 0
12349, 150, 0, 0, 0
12450, 110, 0, 0, 0
12550, 100, 0, 0, 0
12650, 120, 0, 0, 0
12749, 131, 0, 0, 0
12849, 120, 0, 0, 0
12949, 120, 0, 0, 0
13049, 130, 0, 0, 0
13149, 110, 0, 0, 0
13249, 130, 0, 0, 0
13349, 120, 0, 0, 0
13449, 140, 0, 0, 0
13550, 110, 0, 0, 0
13650, 110, 0, 0, 0
13749, 151, 0, 0, 0
13849, 70, 0, 0, 0
13949, 150, 0, 0, 0
14049, 150, 0, 0, 0
14149, 110, 0, 0, 0
14249, 120, 0, 0, 0
14349, 130, 0, 0, 0
14449, 140, 0, 0, 0
14550, 110, 0, 0, 0
14650, 120, 0, 0, 0
14749, 131, 0, 0, 0
14849, 110, 0, 0, 0
14949, 130, 0, 0, 0
15049, 130, 0, 0, 0
15149, 140, 0, 0, 0
15249, 150, 0, 0, 0
15349, 110, 0, 0, 0
15449, 130, 0, 0, 0
15549, 130, 0, 0, 0
15649, 120, 0, 0, 0
15750, 90, 0, 0, 0
15850, 190, 0, 0, 0
15950, 100, 0, 0, 0
16050, 170, 0, 0, 0
16150, 110, 0, 0, 0
16249, 151, 0, 0, 0
16349, 90, 0, 0, 0
16449, 150, 0, 0, 0
16549, 180, 0, 0, 0
16649, 100, 0, 0, 0
16749, 140, 0, 0, 0
16849, 120, 0, 0, 0
16950, 100, 0, 0, 0
17050, 110, 0, 0, 0
17150, 120, 0, 0, 0
17249, 121, 0, 0, 0
17349, 150, 0, 0, 0
17449, 130, 0, 0, 0
17549, 140, 0, 0, 0
17649, 130, 0, 0, 0
17749, 110, 0, 0, 0
17849, 90, 0, 0, 0
17949, 130, 0, 0, 0
18050, 120, 0, 0, 0
18150, 140, 0, 0, 0
18249, 131, 0, 0, 0
18349, 80, 0, 0, 0
18449, 160, 0, 0, 0
18549, 120, 0, 0, 0
18649, 150, 0, 0, 0
18749, 130, 0, 0, 0
18849, 120, 0, 0, 0
18949, 150, 0, 0, 0
19049, 110, 0, 0, 0
19149, 180, 0, 0, 0
19250, 100, 0, 0, 0
19350, 120, 0, 0, 0
19450, 140, 0, 0, 0
19550, 160, 0, 0, 0
19650, 110, 0, 0, 0
19749, 171, 0, 0, 0
19849, 120, 0, 0, 0
19949, 120, 0, 0, 0
20049, 170, 0, 0, 0
20149, 130, 0, 0, 0
20249, 130, 0, 0, 0
20350, 100, 0, 0, 0
20450, 110, 0, 0, 0
20550, 110, 0, 0, 0
20650, 130, 0, 0, 0
20749, 151, 0, 0, 0
20849, 140, 0, 0, 0
20949, 110, 0, 0, 0
21049, 140, 0, 0, 0
21149, 110, 0, 0, 0
21249, 110, 0, 0, 0
21349, 150, 0, 0, 0
21450, 120, 0, 0, 0
21550, 100, 0, 0, 0
21650, 160, 0, 0, 0
21749, 151, 0, 0, 0
21849, 110, 0, 0, 0
21949, 130, 0, 0, 0
22049, 140, 0, 0, 0
22149, 130, 0, 0, 0
22249, 130, 0, 0, 0
22349, 180, 0, 0, 0
22449, 140, 0, 0, 0
22550, 140, 0, 0, 0
22650, 120, 0, 0, 0
22749, 101, 0, 0, 0
22849, 140, 0, 0, 0
22949, 130, 0, 0, 0
23049, 100, 0, 0, 0
23149, 140, 0, 0, 0
23249, 120, 0, 0, 0
23349, 120, 0, 0, 0
23449, 120, 0, 0, 0
23549, 120, 0, 0, 0
23650, 100, 0, 0, 0
23750, 120, 0, 0, 0
23850, 110, 0, 0, 0
23950, 150, 0, 0, 0
24050, 130, 0, 0, 0
24150, 160, 0, 0, 0
24249, 90, 0, 0, 0
24349, 130, 0, 0, 0
24449, 130, 0, 0, 0
24549, 160, 0, 0, 0
24649, 120, 0, 0, 0
24750, 110, 0, 0, 0
24850, 160, 0, 0, 0
24950, 90, 0, 0, 0
25050, 110, 0, 0, 0
25150, 130, 0, 0, 0
25249, 111, 0, 0, 0
25349, 190, 0, 0, 0
25449, 140, 0, 0, 0
25549, 150, 0, 0, 0
25649, 150, 0, 0, 0
25750, 130, 0, 0, 0
25850, 80, 0, 0, 0
25950, 130, 0, 0, 0
26050, 110, 0, 0, 0
26150, 110, 0, 0, 0
26249, 111, 0, 0, 0
26349, 120, 0, 0, 0
26449, 120, 0, 0, 0
26549, 140, 0, 0, 0
26649, 90, 0, 0, 0
26750, 120, 0, 0, 0
26850, 150, 0, 0, 0
26950, 130, 0, 0, 0
27050, 150, 0, 0, 0
27150, 120, 0, 0, 0
27249, 101, 0, 0, 0
27349, 140, 0, 0, 0
27449, 90, 0, 0, 0
27549, 90, 0, 0, 0
27649, 110, 0, 0, 0
27749, 110, 0, 0, 0
27849, 170, 0, 0, 0
27949, 130, 0, 0, 0
28050, 110, 0, 0, 0
28150, 130, 0, 0, 0
28249, 111, 0, 0, 0
28349, 130, 0, 0, 0
28449, 140, 0, 0, 0
28549, 110, 0, 0, 0
28649, 110, 0, 0, 0
28749, 80, 0, 0, 0
28849, 130, 0, 0, 0
28949, 140, 0, 0, 0
29050, 140, 0, 0, 0
29150, 100, 0, 0, 0
29249, 121, 0, 0, 0
29349, 150, 0, 0, 0
29449, 120, 0, 0, 0
29549, 180, 0, 0, 0
29649, 170, 0, 0, 0
29749, 130, 0, 0, 0
29849, 140, 0, 0, 0
29949, 120, 0, 0, 0
30049, 90, 0, 0, 0
30149, 150, 0, 0, 0
30250, 120, 0, 0, 0
30350, 100, 0, 0, 0
30450, 150, 0, 0, 0
30550, 170, 0, 0, 0
30650, 90, 0, 0, 0
30749, 141, 0, 0, 0
30849, 160, 0, 0, 0
30949, 120, 0, 0, 0
31049, 140, 0, 0, 0
31149, 130, 0, 0, 0
31250, 120, 0, 0, 0
31350, 140, 0, 0, 0
31450, 120, 0, 0, 0
31550, 130, 0, 0, 0
31650, 130, 0, 0, 0
31749, 101, 0, 0, 0
31849, 100, 0, 0, 0
31949, 140, 0, 0, 0
32049, 140, 0, 0, 0
32149, 110, 0, 0, 0
32250, 130, 0, 0, 0
32350, 160, 0, 0, 0
32450, 140, 0, 0, 0
32550, 140, 0, 0, 0
32650, 90, 0, 0, 0
32749, 141, 0, 0, 0
32849, 110, 0, 0, 0
32949, 120, 0, 0, 0
33049, 120, 0, 0, 0
33149, 110, 0, 0, 0
33249, 150, 0, 0, 0
33350, 100, 0, 0, 0
33450, 100, 0, 0, 0
33550, 110, 0, 0, 0
33650, 120, 0, 0, 0
33749, 121, 0, 0, 0
33849, 120, 0, 0, 0
33949, 140, 0, 0, 0
34049, 110, 0, 0, 0
34149, 120, 0, 0, 0
34249, 140, 0, 0, 0
34349, 70, 0, 0, 0
34449, 110, 0, 0, 0
34550, 90, 0, 0, 0
34650, 110, 0, 0, 0
34749, 101, 0, 0, 0
34849, 110, 0, 0, 0
34949, 90, 0, 0, 0
35049, 130, 0, 0, 0
35149, 130, 0, 0, 0
35249, 120, 0, 0, 0
35349, 120, 0, 0, 0
35449, 130, 0, 0, 0
35550, 110, 0, 0, 0
35650, 110, 0, 0, 0
35749, 141, 0, 0, 0
35849, 90, 0, 0, 0
35949, 130, 0, 0, 0
36049, 110, 0, 0, 0
36149, 100, 0, 0, 0
36249, 130, 0, 0, 0
36349, 90, 0, 0, 0
36449, 140, 0, 0, 0
36549, 160, 0, 0, 0
36649, 160, 0, 0, 0
36750, 120, 0, 0, 0
36850, 120, 0, 0, 0
36950, 120, 0, 0, 0
37050, 90, 0, 0, 0
37150, 110, 0, 0, 0
37249, 90, 0, 0, 0
37349, 60, 0, 0, 0
37449, 110, 0, 0, 0
37549, 120, 0, 0, 0
37649, 100, 0, 0, 0
37749, 190, 0, 0, 0
37849, 120, 0, 0, 0
37950, 120, 0, 0, 0
38050, 130, 0, 0, 0
38150, 130, 0, 0, 0
38249, 121, 0, 0, 0
38349, 130, 0, 0, 0
38449, 130, 0, 0, 0
38549, 130, 0, 0, 0
38649, 170, 0, 0, 0
38749, 120, 0, 0, 0
38849, 110, 0, 0, 0
38949, 100, 0, 0, 0
39050, 150, 0, 0, 0
39150, 130, 0, 0, 0
39249, 121, 0, 0, 0
39349, 120, 0, 0, 0
39449, 110, 0, 0, 0
39549, 150, 0, 0, 0
39649, 120, 0, 0, 0
39749, 170, 0, 0, 0
39849, 130, 0, 0, 0
39949, 110, 0, 0, 0
40049, 100, 0, 0, 0
40149, 100, 0, 0, 0
40250, 140, 0, 0, 0
40350, 120, 0, 0, 0
40450, 120, 0, 0, 0
40550, 120, 0, 0, 0
40650, 120, 0, 0, 0
40749, 111, 0, 0, 0
40849, 150, 0, 0, 0
40949, 100, 0, 0, 0
41049, 150, 0, 0, 0
41149, 140, 0, 0, 0
41250, 100, 0, 0, 0
41350, 150, 0, 0, 0
41450, 130, 0, 0, 0
41550, 140, 0, 0, 0
41650, 130, 0, 0, 0
41749, 111, 0, 0, 0
41849, 120, 0, 0, 0
41949, 120, 0, 0, 0
42049, 120, 0, 0, 0
42149, 110, 0, 0, 0
42249, 150, 0, 0, 0
42349, 120, 0, 0, 0
42449, 120, 0, 0, 0
42550, 150, 0, 0, 0
42650, 110, 0, 0, 0
42749, 101, 0, 0, 0
42849, 120, 0, 0, 0
42949, 120, 0, 0, 0
43049, 120, 0, 0, 0
43149, 100, 0, 0, 0
43249, 130, 0, 0, 0
43349, 120, 0, 0, 0
43449, 110, 0, 0, 0
43549, 110, 0, 0, 0
43650, 120, 0, 0, 0
43749, 141, 0, 0, 0
43849, 120, 0, 0, 0
43949, 120, 0, 0, 0
44049, 160, 0, 0, 0
44149, 120, 0, 0, 0
44249, 140, 0, 0, 0
44349, 110, 0, 0, 0
44449, 140, 0, 0, 0
44549, 110, 0, 0, 0
44649, 90, 0, 0, 0
44750, 140, 0, 0, 0
44850, 110, 0, 0, 0
44950, 130, 0, 0, 0
45050, 130, 0, 0, 0
45150, 130, 0, 0, 0
45249, 111, 0, 0, 0
45349, 110, 0, 0, 0
45449, 90, 0, 0, 0
45549, 100, 0, 0, 0
45649, 160, 0, 0, 0
45749, 90, 0, 0, 0
45849, 120, 0, 0, 0
45950, 100, 0, 0, 0
46050, 110, 0, 0, 0
46150, 90, 0, 0, 0
46249, 90, 0, 0, 0
46349, 130, 0, 0, 0
46449, 120, 0, 0, 0
46549, 110, 0, 0, 0
46649, 80, 0, 0, 0
46749, 90, 0, 0, 0
46849, 140, 0, 0, 0
46949, 130, 0, 0, 0
47049, 140, 0, 0, 0
47149, 140, 0, 0, 0
47250, 140, 0, 0, 0
47350, 180, 0, 0, 0
47450, 110, 0, 0, 0
47550, 120, 0, 0, 0
47650, 110, 0, 0, 0
47749, 90, 0, 0, 0
47849, 90, 0, 0, 0
47949, 180, 0, 0, 0
48049, 130, 0, 0, 0
48149, 110, 0, 0, 0
48249, 110, 0, 0, 0
48349, 90, 0, 0, 0
48449, 130, 0, 0, 0
48550, 110, 0, 0, 0
48650, 120, 0, 0, 0
48749, 111, 0, 0, 0
48849, 140, 0, 0, 0
48949, 100, 0, 0, 0
49049, 100, 0, 0, 0
49149, 80, 0, 0, 0
49249, 110, 0, 0, 0
49349, 140, 0, 0, 0
49449, 110, 0, 0, 0
49549, 70, 0, 0, 0
49649, 140, 0, 0, 0
49750, 100, 0, 0, 0
49850, 140, 0, 0, 0
49950, 80, 0, 0, 0
50050, 130, 0, 0, 0
50150, 150, 0, 0, 0
50249, 121, 0, 0, 0
50349, 140, 0, 0, 0
50449, 120, 0, 0, 0
50549, 120, 0, 0, 0
50649, 120, 0, 0, 0
50750, 70, 0, 0, 0
50850, 110, 0, 0, 0
50950, 90, 0, 0, 0
51050, 120, 0, 0, 0
51150, 100, 0, 0, 0
51249, 131, 0, 0, 0
51349, 160, 0, 0, 0
51449, 100, 0, 0, 0
51549, 90, 0, 0, 0
51649, 80, 0, 0, 0
51749, 90, 0, 0, 0
51849, 100, 0, 0, 0
51950, 120, 0, 0, 0
52050, 80, 0, 0, 0
52150, 110, 0, 0, 0
52249, 121, 0, 0, 0
52349, 90, 0, 0, 0
52449, 110, 0, 0, 0
52549, 100, 0, 0, 0
52649, 120, 0, 0, 0
52749, 130, 0, 0, 0
52849, 110, 0, 0, 0
52949, 200, 0, 0, 0
53050, 120, 0, 0, 0
53150, 100, 0, 0, 0
53249, 111, 0, 0, 0
53349, 130, 0, 0, 0
53449, 110, 0, 0, 0
53549, 160, 0, 0, 0
53649, 110, 0, 0, 0
53749, 130, 0, 0, 0
53849, 100, 0, 0, 0
53949, 130, 0, 0, 0
54049, 120, 0, 0, 0
54149, 120, 0, 0, 0
54250, 110, 0, 0, 0
54350, 120, 0, 0, 0
54450, 140, 0, 0, 0
54550, 110, 0, 0, 0
54650, 120, 0, 0, 0
54749, 151, 0, 0, 0
54849, 100, 0, 0, 0
54949, 100, 0, 0, 0
55049, 130, 0, 0, 0
55149, 80, 0, 0, 0
55249, 180, 0, 0, 0
55349, 140, 0, 0, 0
55449, 100, 0, 0, 0
55550, 120, 0, 0, 0
55650, 140, 0, 0, 0
55749, 111, 0, 0, 0
55849, 90, 0, 0, 0
55949, 130, 0, 0, 0
56049, 130, 0, 0, 0
56149, 100, 0, 0, 0
56249, 100, 0, 0, 0
56349, 140, 0, 0, 0
56449, 100, 0, 0, 0
56549, 140, 0, 0, 0
56649, 90, 0, 0, 0
56750, 90, 0, 0, 0
56850, 150, 0, 0, 0
56950, 140, 0, 0, 0
57050, 130, 0, 0, 0
57150, 160, 0, 0, 0
57249, 90, 0, 0, 0
57349, 80, 0, 0, 0
57449, 90, 0, 0, 0
57549, 130, 0, 0, 0
57649, 90, 0, 0, 0
57749, 130, 0, 0, 0
57849, 90, 0, 0, 0
57949, 100, 0, 0, 0
58050, 120, 0, 0, 0
58150, 100, 0, 0, 0
58249, 141, 0, 0, 0
58349, 120, 0, 0, 0
58449, 120, 0, 0, 0
58549, 130, 0, 0, 0
58649, 100, 0, 0, 0
58749, 140, 0, 0, 0
58849, 110, 0, 0, 0
58949, 170, 0, 0, 0
59049, 130, 0, 0, 0
59150, 150, 0, 0, 0
59249, 90, 0, 0, 0
59349, 120, 0, 0, 0
59449, 90, 0, 0, 0
59549, 100, 0, 0, 0
59649, 140, 0, 0, 0
59749, 90, 0, 0, 0
59849, 110, 0, 0, 0
59949, 80, 0, 0, 0
