250, 3472, 0, 0, 0
350, 4080, 0, 0, 0
451, 3900, 0, 0, 0
551, 3680, 0, 0, 0
651, 3930, 0, 0, 0
751, 3980, 0, 0, 0
851, 4230, 0, 0, 0
952, 4190, 0, 0, 0
1052, 4080, 0, 0, 0
1152, 4460, 0, 0, 0
1252, 4330, 0, 0, 0
1353, 4360, 0, 0, 0
1453, 4430, 0, 0, 0
1554, 4000, 0, 0, 0
1654, 4310, 0, 0, 0
1754, 4020, 0, 0, 0
1854, 3860, 0, 0, 0
1955, 3990, 0, 0, 0
2055, 4370, 0, 0, 0
2155, 4420, 0, 0, 0
2256, 4370, 0, 0, 0
2356, 4000, 0, 0, 0
2457, 4280, 0, 0, 0
2557, 4140, 0, 0, 0
2657, 4200, 0, 0, 0
2757, 4020, 0, 0, 0
2858, 4300, 0, 0, 0
2958, 4050, 0, 0, 0
3059, 3930, 0, 0, 0
3159, 4380, 0, 0, 0
3260, 4450, 0, 0, 0
3361, 3770, 0, 0, 0
3461, 3890, 0, 0, 0
3562, 4290, 0, 0, 0
3662, 4110, 0, 0, 0
3762, 3530, 0, 0, 0
3862, 4070, 0, 0, 0
3962, 4120, 0, 0, 0
4062, 4370, 0, 0, 0
4162, 4340, 0, 0, 0
4263, 4260, 0, 0, 0
4363, 4240, 0, 0, 0
4463, 3920, 0, 0, 0
4564, 4089, 0, 0, 0
4664, 3950, 0, 0, 0
4764, 4050, 0, 0, 0
4865, 4210, 0, 0, 0
4965, 4290, 0, 0, 0
5066, 3960, 0, 0, 0
5166, 4430, 0, 0, 0
5267, 4490, 0, 0, 0
5367, 4580, 0, 0, 0
5467, 4280, 0, 0, 0
5567, 4380, 0, 0, 0
5668, 4080, 0, 0, 0
5768, 4380, 0, 0, 0
5869, 4170, 0, 0, 0
5969, 4340, 0, 0, 0
6069, 4320, 0, 0, 0
6169, 4270, 0, 0, 0
6270, 3930, 0, 0, 0
6370, 4390, 0, 0, 0
6470, 4240, 0, 0, 0
6571, 4340, 0, 0, 0
6671, 3990, 0, 0, 0
6772, 4240, 0, 0, 0
6872, 4090, 0, 0, 0
6972, 3960, 0, 0, 0
7072, 4310, 0, 0, 0
7173, 4534, 0, 0, 0
7274, 4190, 0, 0, 0
7374, 4300, 0, 0, 0
7474, 4380, 0, 0, 0
7575, 3830, 0, 0, 0
7675, 3980, 0, 0, 0
7776, 3950, 0, 0, 0
7878, 3598, 0, 0, 0
7978, 4050, 0, 0, 0
8079, 4190, 0, 0, 0
8179, 3960, 0, 0, 0
8279, 3910, 0, 0, 0
8379, 4100, 0, 0, 0
8480, 3740, 0, 0, 0
8580, 4060, 0, 0, 0
8681, 4029, 0, 0, 0
8782, 4000, 0, 0, 0
8882, 3880, 0, 0, 0
8982, 4250, 0, 0, 0
9082, 4300, 0, 0, 0
9182, 4070, 0, 0, 0
9283, 4310, 0, 0, 0
9383, 3980, 0, 0, 0
9483, 4040, 0, 0, 0
9584, 4010, 0, 0, 0
9684, 3700, 0, 0, 0
9785, 4000, 0, 0, 0
9885, 3910, 0, 0, 0
9985, 4070, 0, 0, 0
10086, 3940, 0, 0, 0
10186, 3860, 0, 0, 0
10286, 3990, 0, 0, 0
10386, 4200, 0, 0, 0
10487, 4200, 0, 0, 0
10587, 3830, 0, 0, 0
10688, 3990, 0, 0, 0
10788, 3830, 0, 0, 0
10889, 3730, 0, 0, 0
10989, 3630, 0, 0, 0
11089, 3980, 0, 0, 0
11190, 4110, 0, 0, 0
11290, 4240, 0, 0, 0
11391, 4190, 0, 0, 0
11491, 4060, 0, 0, 0
11591, 4240, 0, 0, 0
11691, 3910, 0, 0, 0
11791, 3900, 0, 0, 0
11892, 3940, 0, 0, 0
11992, 3680, 0, 0, 0
12092, 4050, 0, 0, 0
12193, 3930, 0, 0, 0
12293, 3910, 0, 0, 0
12394, 3570, 0, 0, 0
12494, 3950, 0, 0, 0
12595, 4060, 0, 0, 0
12695, 4000, 0, 0, 0
12795, 3800, 0, 0, 0
12896, 3782, 0, 0, 0
12997, 3880, 0, 0, 0
13097, 4230, 0, 0, 0
13198, 4040, 0, 0, 0
13298, 3840, 0, 0, 0
13398, 4110, 0, 0, 0
13499, 4260, 0, 0, 0
13599, 4120, 0, 0, 0
13699, 4220, 0, 0, 0
13799, 4190, 0, 0, 0
13899, 4130, 0, 0, 0
14000, 4180, 0, 0, 0
14100, 4180, 0, 0, 0
14200, 4140, 0, 0, 0
14300, 4060, 0, 0, 0
14400, 4000, 0, 0, 0
14499, 4303, 0, 0, 0
14599, 3880, 0, 0, 0
14700, 4090, 0, 0, 0
14800, 3770, 0, 0, 0
14900, 4040, 0, 0, 0
15000, 4242, 0, 0, 0
15100, 4080, 0, 0, 0
15200, 4140, 0, 0, 0
15301, 4020, 0, 0, 0
15400, 3949, 0, 0, 0
15499, 4070, 0, 0, 0
15599, 4110, 0, 0, 0
15700, 4050, 0, 0, 0
15800, 3960, 0, 0, 0
15900, 4050, 0, 0, 0
16000, 4020, 0, 0, 0
16100, 3670, 0, 0, 0
16201, 3990, 0, 0, 0
16300, 4090, 0, 0, 0
16400, 4440, 0, 0, 0
16499, 3939, 0, 0, 0
16599, 3880, 0, 0, 0
16699, 3840, 0, 0, 0
16799, 3830, 0, 0, 0
16900, 3840, 0, 0, 0
17000, 3969, 0, 0, 0
17100, 3740, 0, 0, 0
17200, 4140, 0, 0, 0
17300, 4280, 0, 0, 0
17400, 4320, 0, 0, 0
17500, 4282, 0, 0, 0
17600, 3830, 0, 0, 0
17700, 3960, 0, 0, 0
17800, 4000, 0, 0, 0
17901, 3960, 0, 0, 0
18000, 3727, 0, 0, 0
18100, 3590, 0, 0, 0
18200, 4000, 0, 0, 0
18300, 3959, 0, 0, 0
18400, 3910, 0, 0, 0
18499, 3959, 0, 0, 0
18599, 3650, 0, 0, 0
18699, 3840, 0, 0, 0
18800, 3800, 0, 0, 0
18900, 3670, 0, 0, 0
18999, 3585, 0, 0, 0
19099, 3700, 0, 0, 0
19199, 3610, 0, 0, 0
19299, 3830, 0, 0, 0
19399, 4140, 0, 0, 0
19499, 4131, 0, 0, 0
19599, 4020, 0, 0, 0
19700, 3930, 0, 0, 0
19800, 4160, 0, 0, 0
19900, 4100, 0, 0, 0
19999, 3989, 0, 0, 0
20100, 4160, 0, 0, 0
20200, 4210, 0, 0, 0
20300, 4030, 0, 0, 0
20401, 4270, 0, 0, 0
20500, 4040, 0, 0, 0
20600, 4000, 0, 0, 0
20700, 4000, 0, 0, 0
20800, 4100, 0, 0, 0
20900, 3860, 0, 0, 0
21000, 3898, 0, 0, 0
21100, 4180, 0, 0, 0
21200, 3880, 0, 0, 0
21300, 4220, 0, 0, 0
21400, 3920, 0, 0, 0
21499, 3878, 0, 0, 0
21599, 3800, 0, 0, 0
21699, 4030, 0, 0, 0
21800, 3630, 0, 0, 0
21900, 4080, 0, 0, 0
21999, 3878, 0, 0, 0
22100, 4140, 0, 0, 0
22200, 4110, 0, 0, 0
22300, 3950, 0, 0, 0
22400, 3800, 0, 0, 0
22499, 3717, 0, 0, 0
22599, 3950, 0, 0, 0
22699, 3870, 0, 0, 0
22800, 3960, 0, 0, 0
22900, 3990, 0, 0, 0
22999, 3676, 0, 0, 0
23099, 3630, 0, 0, 0
23199, 4190, 0, 0, 0
23299, 3850, 0, 0, 0
23400, 4020, 0, 0, 0
23499, 3969, 0, 0, 0
23599, 4010, 0, 0, 0
23699, 3900, 0, 0, 0
23799, 3640, 0, 0, 0
23900, 3890, 0, 0, 0
23999, 3747, 0, 0, 0
24099, 3790, 0, 0, 0
24200, 4020, 0, 0, 0
24300, 4180, 0, 0, 0
24400, 4280, 0, 0, 0
24500, 3989, 0, 0, 0
24600, 4010, 0, 0, 0
24700, 3950, 0, 0, 0
24800, 3940, 0, 0, 0
24900, 4000, 0, 0, 0
24999, 3777, 0, 0, 0
25099, 4010, 0, 0, 0
25200, 3920, 0, 0, 0
25300, 3970, 0, 0, 0
25400, 3760, 0, 0, 0
25499, 4151, 0, 0, 0
25599, 3980, 0, 0, 0
25700, 3580, 0, 0, 0
25800, 3840, 0, 0, 0
25900, 3990, 0, 0, 0
25999, 3676, 0, 0, 0
26099, 3980, 0, 0, 0
26199, 3850, 0, 0, 0
26300, 3810, 0, 0, 0
26400, 3920, 0, 0, 0
26499, 3727, 0, 0, 0
26599, 3850, 0, 0, 0
26699, 3930, 0, 0, 0
26799, 3610, 0, 0, 0
26899, 3760, 0, 0, 0
27000, 3960, 0, 0, 0
27100, 3850, 0, 0, 0
27200, 3980, 0, 0, 0
27300, 3960, 0, 0, 0
27401, 3700, 0, 0, 0
27500, 3808, 0, 0, 0
27600, 3950, 0, 0, 0
27700, 4050, 0, 0, 0
27800, 3838, 0, 0, 0
27900, 3650, 0, 0, 0
27999, 3686, 0, 0, 0
28099, 3410, 0, 0, 0
28199, 3900, 0, 0, 0
28300, 3910, 0, 0, 0
28400, 3780, 0, 0, 0
28499, 3595, 0, 0, 0
28599, 3880, 0, 0, 0
28699, 3500, 0, 0, 0
28800, 3720, 0, 0, 0
28900, 3760, 0, 0, 0
29000, 3959, 0, 0, 0
29100, 3580, 0, 0, 0
29200, 3730, 0, 0, 0
29300, 3600, 0, 0, 0
29400, 3950, 0, 0, 0
29500, 3818, 0, 0, 0
29600, 3980, 0, 0, 0
29700, 4000, 0, 0, 0
29800, 4090, 0, 0, 0
29900, 3920, 0, 0, 0
29999, 3878, 0, 0, 0
30099, 3730, 0, 0, 0
30200, 3920, 0, 0, 0
30300, 3970, 0, 0, 0
30400, 4090, 0, 0, 0
30500, 3888, 0, 0, 0
30600, 3860, 0, 0, 0
30700, 3600, 0, 0, 0
30800, 3770, 0, 0, 0
30900, 3790, 0, 0, 0
30999, 3939, 0, 0, 0
31099, 3870, 0, 0, 0
31199, 3680, 0, 0, 0
31300, 4000, 0, 0, 0
31401, 3440, 0, 0, 0
31500, 3959, 0, 0, 0
31600, 3780, 0, 0, 0
31701, 3540, 0, 0, 0
31800, 3434, 0, 0, 0
31900, 3430, 0, 0, 0
31999, 3777, 0, 0, 0
32099, 3860, 0, 0, 0
32199, 3890, 0, 0, 0
32299, 3830, 0, 0, 0
32400, 4060, 0, 0, 0
32500, 4050, 0, 0, 0
32601, 4040, 0, 0, 0
32700, 3484, 0, 0, 0
32800, 3790, 0, 0, 0
32900, 3850, 0, 0, 0
32999, 3787, 0, 0, 0
33100, 3910, 0, 0, 0
33200, 4030, 0, 0, 0
33300, 3990, 0, 0, 0
33400, 4020, 0, 0, 0
33499, 3929, 0, 0, 0
33599, 3770, 0, 0, 0
33699, 3800, 0, 0, 0
33800, 4080, 0, 0, 0
33900, 4000, 0, 0, 0
33999, 3888, 0, 0, 0
34099, 3740, 0, 0, 0
34199, 3910, 0, 0, 0
34300, 3980, 0, 0, 0
34400, 4170, 0, 0, 0
34499, 3696, 0, 0, 0
34599, 3190, 0, 0, 0
34699, 3760, 0, 0, 0
34800, 3780, 0, 0, 0
34900, 3810, 0, 0, 0
34999, 3858, 0, 0, 0
35099, 3800, 0, 0, 0
35200, 3930, 0, 0, 0
35300, 3930, 0, 0, 0
35401, 4100, 0, 0, 0
35500, 3989, 0, 0, 0
35600, 4060, 0, 0, 0
35700, 4130, 0, 0, 0
35800, 3727, 0, 0, 0
35900, 3780, 0, 0, 0
35999, 4020, 0, 0, 0
36100, 4010, 0, 0, 0
36200, 3990, 0, 0, 0
36302, 4128, 0, 0, 0
36402, 3880, 0, 0, 0
36502, 4030, 0, 0, 0
36602, 3870, 0, 0, 0
36702, 3820, 0, 0, 0
36803, 3610, 0, 0, 0
36903, 3690, 0, 0, 0
37004, 3600, 0, 0, 0
37104, 3810, 0, 0, 0
37204, 3910, 0, 0, 0
37305, 3950, 0, 0, 0
37405, 3830, 0, 0, 0
37505, 3880, 0, 0, 0
37606, 3600, 0, 0, 0
37706, 3390, 0, 0, 0
37806, 3570, 0, 0, 0
37907, 3860, 0, 0, 0
38007, 3570, 0, 0, 0
38107, 3950, 0, 0, 0
38207, 3910, 0, 0, 0
38308, 3630, 0, 0, 0
38408, 3610, 0, 0, 0
38508, 3820, 0, 0, 0
38609, 3790, 0, 0, 0
38709, 3930, 0, 0, 0
38809, 3620, 0, 0, 0
38909, 3560, 0, 0, 0
39010, 3740, 0, 0, 0
39110, 3640, 0, 0, 0
39210, 3750, 0, 0, 0
39310, 3770, 0, 0, 0
39410, 3740, 0, 0, 0
39511, 4010, 0, 0, 0
39611, 4040, 0, 0, 0
39711, 4070, 0, 0, 0
39811, 3820, 0, 0, 0
39911, 3790, 0, 0, 0
40012, 3830, 0, 0, 0
40112, 3780, 0, 0, 0
40212, 3860, 0, 0, 0
40312, 3830, 0, 0, 0
40412, 3970, 0, 0, 0
40514, 3990, 0, 0, 0
40614, 4230, 0, 0, 0
40714, 3800, 0, 0, 0
40814, 3770, 0, 0, 0
40914, 3760, 0, 0, 0
41015, 3800, 0, 0, 0
41115, 3900, 0, 0, 0
41215, 3870, 0, 0, 0
41315, 3990, 0, 0, 0
41415, 3810, 0, 0, 0
41516, 3650, 0, 0, 0
41616, 3760, 0, 0, 0
41716, 3900, 0, 0, 0
41816, 3690, 0, 0, 0
41917, 3970, 0, 0, 0
42017, 3830, 0, 0, 0
42117, 4020, 0, 0, 0
42218, 3940, 0, 0, 0
42318, 3930, 0, 0, 0
42418, 4050, 0, 0, 0
42519, 3700, 0, 0, 0
42619, 3920, 0, 0, 0
42719, 3880, 0, 0, 0
42819, 3830, 0, 0, 0
42920, 3690, 0, 0, 0
43020, 3710, 0, 0, 0
43120, 3630, 0, 0, 0
43220, 4170, 0, 0, 0
43320, 3760, 0, 0, 0
43420, 3920, 0, 0, 0
43521, 4210, 0, 0, 0
43621, 3620, 0, 0, 0
43722, 3910, 0, 0, 0
43822, 3840, 0, 0, 0
43922, 3790, 0, 0, 0
44023, 3770, 0, 0, 0
44123, 4020, 0, 0, 0
44223, 3930, 0, 0, 0
44323, 3960, 0, 0, 0
44423, 3870, 0, 0, 0
44524, 3530, 0, 0, 0
44624, 4210, 0, 0, 0
44724, 3760, 0, 0, 0
44824, 4000, 0, 0, 0
44925, 3750, 0, 0, 0
45025, 3580, 0, 0, 0
45125, 3790, 0, 0, 0
45225, 3860, 0, 0, 0
45326, 4150, 0, 0, 0
45426, 3970, 0, 0, 0
45526, 3810, 0, 0, 0
45626, 3880, 0, 0, 0
45726, 3950, 0, 0, 0
45827, 3720, 0, 0, 0
45927, 3620, 0, 0, 0
46027, 3730, 0, 0, 0
46127, 4030, 0, 0, 0
46227, 3750, 0, 0, 0
46328, 3760, 0, 0, 0
46428, 3940, 0, 0, 0
46528, 4010, 0, 0, 0
46628, 3840, 0, 0, 0
46729, 3760, 0, 0, 0
46829, 3870, 0, 0, 0
46929, 4060, 0, 0, 0
47030, 3960, 0, 0, 0
47130, 3970, 0, 0, 0
47230, 3950, 0, 0, 0
47330, 3630, 0, 0, 0
47430, 3960, 0, 0, 0
47531, 3840, 0, 0, 0
47632, 3680, 0, 0, 0
47732, 3910, 0, 0, 0
47832, 3940, 0, 0, 0
47932, 3870, 0, 0, 0
48033, 3900, 0, 0, 0
48133, 3840, 0, 0, 0
48233, 3730, 0, 0, 0
48334, 3670, 0, 0, 0
48434, 3800, 0, 0, 0
48535, 3790, 0, 0, 0
48635, 3500, 0, 0, 0
48735, 3800, 0, 0, 0
48836, 3750, 0, 0, 0
48936, 3870, 0, 0, 0
49036, 3750, 0, 0, 0
49136, 3810, 0, 0, 0
49236, 3690, 0, 0, 0
49337, 3850, 0, 0, 0
49437, 3660, 0, 0, 0
49537, 3690, 0, 0, 0
49638, 3870, 0, 0, 0
49738, 3660, 0, 0, 0
49838, 4040, 0, 0, 0
49938, 3520, 0, 0, 0
50039, 3850, 0, 0, 0
50139, 3980, 0, 0, 0
50239, 3550, 0, 0, 0
50339, 3650, 0, 0, 0
50440, 3930, 0, 0, 0
50540, 4080, 0, 0, 0
50640, 3880, 0, 0, 0
50740, 3940, 0, 0, 0
50841, 3990, 0, 0, 0
50941, 3620, 0, 0, 0
51041, 4110, 0, 0, 0
51142, 4060, 0, 0, 0
51242, 3940, 0, 0, 0
51343, 3840, 0, 0, 0
51443, 3870, 0, 0, 0
51543, 4160, 0, 0, 0
51644, 3630, 0, 0, 0
51744, 3980, 0, 0, 0
51845, 4100, 0, 0, 0
51945, 3910, 0, 0, 0
52045, 3820, 0, 0, 0
52145, 4070, 0, 0, 0
52246, 4060, 0, 0, 0
52346, 3940, 0, 0, 0
52446, 3300, 0, 0, 0
52547, 3860, 0, 0, 0
52647, 3710, 0, 0, 0
52747, 3850, 0, 0, 0
52847, 4020, 0, 0, 0
52948, 3750, 0, 0, 0
53048, 4000, 0, 0, 0
53148, 3770, 0, 0, 0
53249, 3960, 0, 0, 0
53350, 4140, 0, 0, 0
53450, 4220, 0, 0, 0
53551, 4080, 0, 0, 0
53651, 4000, 0, 0, 0
53751, 3890, 0, 0, 0
53851, 3820, 0, 0, 0
53951, 3860, 0, 0, 0
54052, 3650, 0, 0, 0
54152, 3950, 0, 0, 0
54252, 3830, 0, 0, 0
54352, 4090, 0, 0, 0
54453, 3940, 0, 0, 0
54554, 4000, 0, 0, 0
54654, 3900, 0, 0, 0
54755, 3880, 0, 0, 0
54856, 3990, 0, 0, 0
54956, 3790, 0, 0, 0
55056, 4060, 0, 0, 0
55156, 3990, 0, 0, 0
55256, 4000, 0, 0, 0
55357, 3730, 0, 0, 0
55457, 3850, 0, 0, 0
55557, 3740, 0, 0, 0
55657, 3870, 0, 0, 0
55758, 3801, 0, 0, 0
55858, 3840, 0, 0, 0
55958, 3680, 0, 0, 0
56059, 3740, 0, 0, 0
56159, 3890, 0, 0, 0
56259, 3860, 0, 0, 0
56360, 4070, 0, 0, 0
56460, 3930, 0, 0, 0
56560, 3730, 0, 0, 0
56660, 3960, 0, 0, 0
56761, 3860, 0, 0, 0
56861, 4060, 0, 0, 0
56961, 3790, 0, 0, 0
57062, 4060, 0, 0, 0
57162, 3940, 0, 0, 0
57263, 3550, 0, 0, 0
57363, 3870, 0, 0, 0
57463, 3540, 0, 0, 0
57564, 3850, 0, 0, 0
57664, 3520, 0, 0, 0
57764, 3520, 0, 0, 0
57864, 3690, 0, 0, 0
57965, 3690, 0, 0, 0
58065, 3960, 0, 0, 0
58166, 3560, 0, 0, 0
58266, 3480, 0, 0, 0
58367, 3800, 0, 0, 0
58467, 3730, 0, 0, 0
58567, 3600, 0, 0, 0
58667, 3730, 0, 0, 0
58768, 3660, 0, 0, 0
58868, 3620, 0, 0, 0
58968, 3730, 0, 0, 0
59068, 3520, 0, 0, 0
59169, 3630, 0, 0, 0
59269, 4030, 0, 0, 0
59369, 3640, 0, 0, 0
59470, 3544, 0, 0, 0
59570, 3880, 0, 0, 0
59671, 3940, 0, 0, 0
59771, 3640, 0, 0, 0
59871, 3480, 0, 0, 0
59972, 3810, 0, 0, 0
60072, 3660, 0, 0, 0
60172, 3560, 0, 0, 0
60272, 3760, 0, 0, 0
60372, 3800, 0, 0, 0
60473, 3760, 0, 0, 0
60573, 3590, 0, 0, 0
60673, 3890, 0, 0, 0
60774, 3750, 0, 0, 0
60874, 3890, 0, 0, 0
60974, 3900, 0, 0, 0
61074, 3760, 0, 0, 0
61175, 3920, 0, 0, 0
61275, 4010, 0, 0, 0
61375, 4000, 0, 0, 0
61475, 3740, 0, 0, 0
61575, 3630, 0, 0, 0
61675, 3690, 0, 0, 0
61776, 3930, 0, 0, 0
61876, 3650, 0, 0, 0
61976, 3700, 0, 0, 0
62077, 3810, 0, 0, 0
62177, 3880, 0, 0, 0
62277, 3840, 0, 0, 0
62377, 3810, 0, 0, 0
62478, 3560, 0, 0, 0
62578, 3960, 0, 0, 0
62678, 3970, 0, 0, 0
62779, 3820, 0, 0, 0
62879, 3860, 0, 0, 0
62979, 3670, 0, 0, 0
63079, 3960, 0, 0, 0
63180, 3970, 0, 0, 0
63281, 4140, 0, 0, 0
63382, 4220, 0, 0, 0
63482, 4010, 0, 0, 0
63582, 4150, 0, 0, 0
63682, 3810, 0, 0, 0
63782, 3950, 0, 0, 0
63882, 3700, 0, 0, 0
63982, 3930, 0, 0, 0
64083, 3790, 0, 0, 0
64183, 4000, 0, 0, 0
64283, 4030, 0, 0, 0
64384, 3950, 0, 0, 0
64484, 4020, 0, 0, 0
64585, 3861, 0, 0, 0
64686, 3780, 0, 0, 0
64786, 3800, 0, 0, 0
64886, 3990, 0, 0, 0
64986, 3860, 0, 0, 0
65087, 3800, 0, 0, 0
65187, 3830, 0, 0, 0
65287, 3870, 0, 0, 0
65387, 3600, 0, 0, 0
65488, 3930, 0, 0, 0
65590, 3892, 0, 0, 0
65690, 4200, 0, 0, 0
65791, 3830, 0, 0, 0
65891, 3820, 0, 0, 0
65991, 4100, 0, 0, 0
66092, 4040, 0, 0, 0
66192, 4140, 0, 0, 0
66292, 4070, 0, 0, 0
66392, 4050, 0, 0, 0
66492, 3990, 0, 0, 0
66592, 3970, 0, 0, 0
66692, 4080, 0, 0, 0
66793, 3950, 0, 0, 0
66893, 3830, 0, 0, 0
66993, 3810, 0, 0, 0
67093, 3950, 0, 0, 0
67193, 4230, 0, 0, 0
67293, 4100, 0, 0, 0
67394, 3020, 0, 0, 0
67494, 3900, 0, 0, 0
67594, 3720, 0, 0, 0
67694, 3080, 0, 0, 0
67795, 3762, 0, 0, 0
67896, 3660, 0, 0, 0
67996, 3680, 0, 0, 0
68096, 3610, 0, 0, 0
68197, 3450, 0, 0, 0
68297, 3930, 0, 0, 0
68397, 3850, 0, 0, 0
68497, 3560, 0, 0, 0
68597, 3670, 0, 0, 0
68698, 3770, 0, 0, 0
68798, 3750, 0, 0, 0
68898, 3760, 0, 0, 0
68998, 3760, 0, 0, 0
69098, 3700, 0, 0, 0
69199, 3610, 0, 0, 0
69299, 3700, 0, 0, 0
69399, 3680, 0, 0, 0
69499, 3980, 0, 0, 0
69599, 4250, 0, 0, 0
69699, 3810, 0, 0, 0
69800, 3861, 0, 0, 0
69901, 3940, 0, 0, 0
70000, 3515, 0, 0, 0
70101, 3890, 0, 0, 0
70200, 4020, 0, 0, 0
70300, 3980, 0, 0, 0
70400, 3880, 0, 0, 0
70500, 3970, 0, 0, 0
70600, 3930, 0, 0, 0
70701, 3950, 0, 0, 0
70802, 3810, 0, 0, 0
70902, 3750, 0, 0, 0
71002, 3840, 0, 0, 0
71102, 3740, 0, 0, 0
71202, 3980, 0, 0, 0
71303, 3960, 0, 0, 0
71403, 4310, 0, 0, 0
71503, 3890, 0, 0, 0
71603, 4030, 0, 0, 0
71703, 3930, 0, 0, 0
71803, 3850, 0, 0, 0
71904, 3800, 0, 0, 0
72004, 3570, 0, 0, 0
72104, 3890, 0, 0, 0
72204, 3800, 0, 0, 0
72305, 3900, 0, 0, 0
72405, 4100, 0, 0, 0
72505, 3870, 0, 0, 0
72605, 3850, 0, 0, 0
72705, 3800, 0, 0, 0
72806, 4030, 0, 0, 0
72906, 3760, 0, 0, 0
73006, 3550, 0, 0, 0
73106, 3580, 0, 0, 0
73206, 3620, 0, 0, 0
73307, 3820, 0, 0, 0
73407, 3810, 0, 0, 0
73507, 3560, 0, 0, 0
73607, 3770, 0, 0, 0
73707, 3610, 0, 0, 0
73808, 3520, 0, 0, 0
73908, 3490, 0, 0, 0
74008, 3700, 0, 0, 0
74108, 3710, 0, 0, 0
74208, 3840, 0, 0, 0
74308, 3820, 0, 0, 0
74409, 3630, 0, 0, 0
74509, 3890, 0, 0, 0
74609, 3930, 0, 0, 0
74710, 3960, 0, 0, 0
74810, 3720, 0, 0, 0
74910, 3680, 0, 0, 0
75011, 3910, 0, 0, 0
75111, 4140, 0, 0, 0
75212, 4019, 0, 0, 0
75312, 3950, 0, 0, 0
75412, 4080, 0, 0, 0
75512, 4070, 0, 0, 0
75612, 4000, 0, 0, 0
75713, 3820, 0, 0, 0
75813, 3920, 0, 0, 0
75913, 4200, 0, 0, 0
76013, 3830, 0, 0, 0
76114, 4000, 0, 0, 0
76214, 4130, 0, 0, 0
76314, 3990, 0, 0, 0
76414, 3950, 0, 0, 0
76515, 3980, 0, 0, 0
76615, 3690, 0, 0, 0
76715, 3830, 0, 0, 0
76815, 3830, 0, 0, 0
76915, 3820, 0, 0, 0
77015, 3970, 0, 0, 0
77116, 4020, 0, 0, 0
77216, 3870, 0, 0, 0
77316, 4060, 0, 0, 0
77417, 4050, 0, 0, 0
77517, 4090, 0, 0, 0
77618, 3770, 0, 0, 0
77719, 3900, 0, 0, 0
77819, 3630, 0, 0, 0
77919, 3750, 0, 0, 0
78020, 3850, 0, 0, 0
78121, 3830, 0, 0, 0
78221, 3510, 0, 0, 0
78321, 3810, 0, 0, 0
78422, 3650, 0, 0, 0
78522, 3450, 0, 0, 0
78622, 3720, 0, 0, 0
78722, 3640, 0, 0, 0
78823, 3550, 0, 0, 0
78923, 3870, 0, 0, 0
79023, 4020, 0, 0, 0
79124, 3800, 0, 0, 0
79225, 3861, 0, 0, 0
79325, 3780, 0, 0, 0
79425, 3790, 0, 0, 0
79525, 3760, 0, 0, 0
79625, 3700, 0, 0, 0
79725, 3830, 0, 0, 0
79826, 3790, 0, 0, 0
79926, 3820, 0, 0, 0
80028, 3930, 0, 0, 0
80128, 3900, 0, 0, 0
80230, 3950, 0, 0, 0
80330, 3640, 0, 0, 0
80430, 3940, 0, 0, 0
80530, 3870, 0, 0, 0
80630, 3960, 0, 0, 0
80731, 3800, 0, 0, 0
80831, 3760, 0, 0, 0
80931, 3910, 0, 0, 0
81031, 3870, 0, 0, 0
81131, 3710, 0, 0, 0
81231, 3740, 0, 0, 0
81331, 3540, 0, 0, 0
81432, 3680, 0, 0, 0
81532, 3680, 0, 0, 0
81633, 3920, 0, 0, 0
81733, 3680, 0, 0, 0
81834, 3790, 0, 0, 0
81934, 3790, 0, 0, 0
82034, 3610, 0, 0, 0
82135, 3740, 0, 0, 0
82235, 3820, 0, 0, 0
82335, 4040, 0, 0, 0
82435, 3910, 0, 0, 0
82535, 3720, 0, 0, 0
82636, 3600, 0, 0, 0
82736, 3690, 0, 0, 0
82837, 3740, 0, 0, 0
82937, 3880, 0, 0, 0
83037, 3540, 0, 0, 0
83137, 3460, 0, 0, 0
83237, 4030, 0, 0, 0
83337, 4090, 0, 0, 0
83438, 3890, 0, 0, 0
83538, 3690, 0, 0, 0
83639, 3673, 0, 0, 0
83739, 3540, 0, 0, 0
83840, 3860, 0, 0, 0
83940, 3820, 0, 0, 0
84040, 3660, 0, 0, 0
84140, 4000, 0, 0, 0
84241, 3900, 0, 0, 0
84341, 3640, 0, 0, 0
84441, 3780, 0, 0, 0
84541, 3920, 0, 0, 0
84641, 3720, 0, 0, 0
84742, 3630, 0, 0, 0
84843, 3460, 0, 0, 0
84943, 3700, 0, 0, 0
85043, 3760, 0, 0, 0
85144, 3950, 0, 0, 0
85244, 3760, 0, 0, 0
85344, 3950, 0, 0, 0
85444, 4140, 0, 0, 0
85545, 3780, 0, 0, 0
85645, 3340, 0, 0, 0
85745, 3620, 0, 0, 0
85845, 3740, 0, 0, 0
85946, 3810, 0, 0, 0
86047, 3720, 0, 0, 0
86148, 3650, 0, 0, 0
86248, 3890, 0, 0, 0
86349, 3841, 0, 0, 0
86450, 3860, 0, 0, 0
86550, 3790, 0, 0, 0
86650, 3780, 0, 0, 0
86751, 3820, 0, 0, 0
86852, 3860, 0, 0, 0
86953, 3970, 0, 0, 0
87053, 3870, 0, 0, 0
87153, 4040, 0, 0, 0
87253, 3800, 0, 0, 0
87354, 3831, 0, 0, 0
87455, 3590, 0, 0, 0
87555, 3650, 0, 0, 0
87655, 3860, 0, 0, 0
87755, 3420, 0, 0, 0
87855, 3410, 0, 0, 0
87956, 3574, 0, 0, 0
88057, 3890, 0, 0, 0
88157, 3690, 0, 0, 0
88257, 3710, 0, 0, 0
88357, 3980, 0, 0, 0
88457, 3810, 0, 0, 0
88558, 3820, 0, 0, 0
88658, 3800, 0, 0, 0
88758, 3590, 0, 0, 0
88859, 3450, 0, 0, 0
88959, 3220, 0, 0, 0
89059, 3490, 0, 0, 0
89159, 3390, 0, 0, 0
89260, 3760, 0, 0, 0
89360, 3790, 0, 0, 0
89461, 3590, 0, 0, 0
89562, 3980, 0, 0, 0
89662, 3880, 0, 0, 0
89762, 3910, 0, 0, 0
89863, 3870, 0, 0, 0
89963, 3950, 0, 0, 0
