100, 6852, 0, 0, 0
201, 6742, 0, 0, 0
300, 6719, 0, 0, 0
401, 6509, 0, 0, 0
501, 6899, 0, 0, 0
601, 6625, 0, 0, 0
700, 6658, 0, 0, 0
800, 6861, 0, 0, 0
901, 6860, 0, 0, 0
1001, 6608, 0, 0, 0
1101, 6273, 0, 0, 0
1201, 6957, 0, 0, 0
1301, 7227, 0, 0, 0
1401, 7246, 0, 0, 0
1500, 6672, 0, 0, 0
1600, 7032, 0, 0, 0
1701, 6846, 0, 0, 0
1801, 6857, 0, 0, 0
1900, 6861, 0, 0, 0
2000, 6889, 0, 0, 0
2100, 6982, 0, 0, 0
2201, 7256, 0, 0, 0
2301, 7356, 0, 0, 0
2401, 7350, 0, 0, 0
2500, 6896, 0, 0, 0
2601, 7159, 0, 0, 0
2700, 7324, 0, 0, 0
2801, 6756, 0, 0, 0
2900, 6887, 0, 0, 0
3001, 7092, 0, 0, 0
3100, 6910, 0, 0, 0
3201, 7142, 0, 0, 0
3301, 7032, 0, 0, 0
3400, 7123, 0, 0, 0
3501, 7120, 0, 0, 0
3601, 6835, 0, 0, 0
3701, 7130, 0, 0, 0
3801, 6830, 0, 0, 0
3901, 6769, 0, 0, 0
4000, 6714, 0, 0, 0
4101, 6843, 0, 0, 0
4200, 6922, 0, 0, 0
4301, 6935, 0, 0, 0
4400, 6749, 0, 0, 0
4500, 6870, 0, 0, 0
4601, 6673, 0, 0, 0
4700, 6830, 0, 0, 0
4801, 6787, 0, 0, 0
4902, 6626, 0, 0, 0
5000, 6817, 0, 0, 0
5100, 7158, 0, 0, 0
5201, 7246, 0, 0, 0
5301, 6913, 0, 0, 0
5402, 6722, 0, 0, 0
5500, 6969, 0, 0, 0
5601, 6954, 0, 0, 0
5700, 7124, 0, 0, 0
5801, 6738, 0, 0, 0
5900, 6994, 0, 0, 0
6000, 6658, 0, 0, 0
6101, 6791, 0, 0, 0
6200, 7263, 0, 0, 0
6301, 6808, 0, 0, 0
6401, 7091, 0, 0, 0
6501, 7224, 0, 0, 0
6601, 7374, 0, 0, 0
6702, 7289, 0, 0, 0
6800, 7836, 0, 0, 0
6900, 6782, 0, 0, 0
7001, 6915, 0, 0, 0
7101, 6729, 0, 0, 0
7201, 6635, 0, 0, 0
7300, 7037, 0, 0, 0
7400, 6951, 0, 0, 0
7501, 6917, 0, 0, 0
7600, 7089, 0, 0, 0
7701, 7295, 0, 0, 0
7800, 7172, 0, 0, 0
7900, 7095, 0, 0, 0
8000, 6781, 0, 0, 0
8100, 7056, 0, 0, 0
8200, 6895, 0, 0, 0
8300, 6878, 0, 0, 0
8401, 7023, 0, 0, 0
8502, 6900, 0, 0, 0
8601, 6723, 0, 0, 0
8700, 7166, 0, 0, 0
8802, 7166, 0, 0, 0
8901, 7154, 0, 0, 0
9000, 7519, 0, 0, 0
9101, 6814, 0, 0, 0
9201, 7094, 0, 0, 0
9301, 6969, 0, 0, 0
9401, 7157, 0, 0, 0
9500, 7153, 0, 0, 0
9601, 7474, 0, 0, 0
9701, 7206, 0, 0, 0
9800, 7474, 0, 0, 0
9900, 7543, 0, 0, 0
10000, 6591, 0, 0, 0
10101, 6450, 0, 0, 0
10200, 6593, 0, 0, 0
10301, 6887, 0, 0, 0
10401, 6237, 0, 0, 0
10501, 6591, 0, 0, 0
10600, 6640, 0, 0, 0
10701, 6970, 0, 0, 0
10800, 6933, 0, 0, 0
10900, 6898, 0, 0, 0
11000, 7147, 0, 0, 0
11103, 7344, 0, 0, 0
11201, 7020, 0, 0, 0
11300, 7083, 0, 0, 0
11400, 6933, 0, 0, 0
11501, 6918, 0, 0, 0
11600, 6768, 0, 0, 0
11701, 6582, 0, 0, 0
11800, 7112, 0, 0, 0
11901, 6895, 0, 0, 0
12000, 6840, 0, 0, 0
12101, 6840, 0, 0, 0
12202, 6781, 0, 0, 0
12301, 7387, 0, 0, 0
12401, 6824, 0, 0, 0
12501, 6974, 0, 0, 0
12601, 6957, 0, 0, 0
12700, 7397, 0, 0, 0
12800, 7129, 0, 0, 0
12901, 7287, 0, 0, 0
13000, 6861, 0, 0, 0
13101, 6730, 0, 0, 0
13200, 6805, 0, 0, 0
13300, 6842, 0, 0, 0
13401, 7268, 0, 0, 0
13500, 6666, 0, 0, 0
13600, 6628, 0, 0, 0
13701, 6878, 0, 0, 0
13800, 6735, 0, 0, 0
13901, 6660, 0, 0, 0
14000, 7204, 0, 0, 0
14100, 7084, 0, 0, 0
14201, 6736, 0, 0, 0
14300, 7013, 0, 0, 0
14400, 7062, 0, 0, 0
14500, 6840, 0, 0, 0
14600, 7161, 0, 0, 0
14701, 6818, 0, 0, 0
14801, 6938, 0, 0, 0
14902, 6612, 0, 0, 0
15000, 6894, 0, 0, 0
15101, 7104, 0, 0, 0
15200, 7011, 0, 0, 0
15301, 7056, 0, 0, 0
15401, 6730, 0, 0, 0
15501, 7059, 0, 0, 0
15600, 6957, 0, 0, 0
15700, 6838, 0, 0, 0
15800, 6891, 0, 0, 0
15900, 6942, 0, 0, 0
16000, 6749, 0, 0, 0
16102, 7005, 0, 0, 0
16201, 6830, 0, 0, 0
16301, 7090, 0, 0, 0
16401, 6717, 0, 0, 0
16501, 6786, 0, 0, 0
16600, 7283, 0, 0, 0
16701, 7585, 0, 0, 0
16800, 7295, 0, 0, 0
16901, 6869, 0, 0, 0
17000, 7110, 0, 0, 0
17100, 6775, 0, 0, 0
17202, 6856, 0, 0, 0
17300, 6614, 0, 0, 0
17402, 6772, 0, 0, 0
17500, 6902, 0, 0, 0
17600, 7100, 0, 0, 0
17700, 7026, 0, 0, 0
17800, 7344, 0, 0, 0
17901, 6797, 0, 0, 0
18000, 6680, 0, 0, 0
18101, 6869, 0, 0, 0
18200, 6796, 0, 0, 0
18300, 7079, 0, 0, 0
18401, 7309, 0, 0, 0
18500, 6637, 0, 0, 0
18601, 6537, 0, 0, 0
18700, 6663, 0, 0, 0
18800, 6848, 0, 0, 0
18900, 6722, 0, 0, 0
19001, 6892, 0, 0, 0
19101, 7189, 0, 0, 0
19201, 7323, 0, 0, 0
19301, 7106, 0, 0, 0
19401, 7122, 0, 0, 0
19501, 6703, 0, 0, 0
19600, 6971, 0, 0, 0
19700, 6839, 0, 0, 0
19800, 6911, 0, 0, 0
19900, 6912, 0, 0, 0
20001, 6539, 0, 0, 0
20101, 6617, 0, 0, 0
20200, 6743, 0, 0, 0
20301, 6773, 0, 0, 0
20400, 7393, 0, 0, 0
20500, 7039, 0, 0, 0
20600, 6825, 0, 0, 0
20700, 6803, 0, 0, 0
20801, 6901, 0, 0, 0
20901, 6922, 0, 0, 0
21001, 6907, 0, 0, 0
21101, 6807, 0, 0, 0
21201, 7408, 0, 0, 0
21301, 6950, 0, 0, 0
21400, 7122, 0, 0, 0
21500, 6546, 0, 0, 0
21600, 6791, 0, 0, 0
21700, 6888, 0, 0, 0
21800, 7207, 0, 0, 0
21902, 7422, 0, 0, 0
22001, 6904, 0, 0, 0
22100, 6749, 0, 0, 0
22201, 7112, 0, 0, 0
22300, 6579, 0, 0, 0
22400, 7309, 0, 0, 0
22500, 6852, 0, 0, 0
22600, 6841, 0, 0, 0
22700, 7039, 0, 0, 0
22800, 6733, 0, 0, 0
22900, 6682, 0, 0, 0
23001, 6997, 0, 0, 0
23100, 7117, 0, 0, 0
23200, 7575, 0, 0, 0
23300, 7202, 0, 0, 0
23401, 6735, 0, 0, 0
23500, 6888, 0, 0, 0
23601, 7470, 0, 0, 0
23700, 6843, 0, 0, 0
23800, 7029, 0, 0, 0
23900, 7063, 0, 0, 0
24000, 7087, 0, 0, 0
24100, 7159, 0, 0, 0
24201, 7328, 0, 0, 0
24300, 6766, 0, 0, 0
24401, 6783, 0, 0, 0
24500, 7172, 0, 0, 0
24600, 6730, 0, 0, 0
24701, 7007, 0, 0, 0
24800, 6846, 0, 0, 0
24900, 7557, 0, 0, 0
25000, 7504, 0, 0, 0
25100, 7044, 0, 0, 0
25202, 7505, 0, 0, 0
25300, 7330, 0, 0, 0
25400, 7238, 0, 0, 0
25500, 6951, 0, 0, 0
25600, 6925, 0, 0, 0
25700, 6765, 0, 0, 0
25800, 6834, 0, 0, 0
25900, 7251, 0, 0, 0
26000, 6741, 0, 0, 0
26101, 7004, 0, 0, 0
26201, 7091, 0, 0, 0
26300, 6620, 0, 0, 0
26400, 6696, 0, 0, 0
26500, 6986, 0, 0, 0
26600, 7262, 0, 0, 0
26700, 6997, 0, 0, 0
26801, 6936, 0, 0, 0
26901, 6656, 0, 0, 0
27001, 6895, 0, 0, 0
27100, 7047, 0, 0, 0
27200, 6737, 0, 0, 0
27302, 7804, 0, 0, 0
27401, 7575, 0, 0, 0
27501, 6847, 0, 0, 0
27600, 6688, 0, 0, 0
27701, 6782, 0, 0, 0
27800, 7088, 0, 0, 0
27900, 6814, 0, 0, 0
28001, 6769, 0, 0, 0
28101, 6971, 0, 0, 0
28200, 6884, 0, 0, 0
28301, 6705, 0, 0, 0
28401, 7173, 0, 0, 0
28500, 6901, 0, 0, 0
28601, 6946, 0, 0, 0
28701, 7018, 0, 0, 0
28801, 6788, 0, 0, 0
28900, 7020, 0, 0, 0
29000, 7036, 0, 0, 0
29101, 7093, 0, 0, 0
29200, 6816, 0, 0, 0
29301, 7044, 0, 0, 0
29400, 6950, 0, 0, 0
29500, 7115, 0, 0, 0
29600, 7204, 0, 0, 0
29700, 7227, 0, 0, 0
29800, 7244, 0, 0, 0
29900, 7297, 0, 0, 0
30000, 7195, 0, 0, 0
30101, 7111, 0, 0, 0
30201, 8014, 0, 0, 0
30300, 7365, 0, 0, 0
30401, 7084, 0, 0, 0
30501, 7321, 0, 0, 0
30600, 6927, 0, 0, 0
30700, 7128, 0, 0, 0
30800, 6820, 0, 0, 0
30901, 6578, 0, 0, 0
31001, 7166, 0, 0, 0
31101, 7167, 0, 0, 0
31200, 7440, 0, 0, 0
31300, 7464, 0, 0, 0
31401, 7169, 0, 0, 0
31500, 7162, 0, 0, 0
31600, 7255, 0, 0, 0
31700, 7447, 0, 0, 0
31801, 6928, 0, 0, 0
31900, 6992, 0, 0, 0
32001, 6853, 0, 0, 0
32100, 7140, 0, 0, 0
32200, 7159, 0, 0, 0
32301, 6951, 0, 0, 0
32400, 7170, 0, 0, 0
32501, 7109, 0, 0, 0
32601, 7041, 0, 0, 0
32700, 6664, 0, 0, 0
32801, 6996, 0, 0, 0
32901, 6811, 0, 0, 0
33000, 7383, 0, 0, 0
33100, 7571, 0, 0, 0
33202, 7234, 0, 0, 0
33300, 7271, 0, 0, 0
33400, 7024, 0, 0, 0
33501, 7164, 0, 0, 0
33600, 7260, 0, 0, 0
33700, 7276, 0, 0, 0
33800, 6878, 0, 0, 0
33900, 7402, 0, 0, 0
34000, 6764, 0, 0, 0
34101, 7582, 0, 0, 0
34200, 7318, 0, 0, 0
34300, 6939, 0, 0, 0
34402, 7220, 0, 0, 0
34501, 6936, 0, 0, 0
34600, 6879, 0, 0, 0
34701, 6594, 0, 0, 0
34800, 6714, 0, 0, 0
34901, 6759, 0, 0, 0
35001, 6939, 0, 0, 0
35100, 7010, 0, 0, 0
35201, 6898, 0, 0, 0
35300, 7062, 0, 0, 0
35400, 6963, 0, 0, 0
35500, 7096, 0, 0, 0
35600, 6964, 0, 0, 0
35700, 7187, 0, 0, 0
35801, 6896, 0, 0, 0
35902, 6791, 0, 0, 0
36001, 6762, 0, 0, 0
36100, 7073, 0, 0, 0
36201, 6829, 0, 0, 0
36301, 6333, 0, 0, 0
36401, 7149, 0, 0, 0
36500, 6885, 0, 0, 0
36601, 6952, 0, 0, 0
36701, 7337, 0, 0, 0
36800, 6769, 0, 0, 0
36900, 6672, 0, 0, 0
37000, 6884, 0, 0, 0
37101, 7152, 0, 0, 0
37200, 6966, 0, 0, 0
37302, 7294, 0, 0, 0
37402, 8040, 0, 0, 0
37501, 7144, 0, 0, 0
37600, 6930, 0, 0, 0
37700, 6909, 0, 0, 0
37801, 7288, 0, 0, 0
37900, 7280, 0, 0, 0
38001, 6567, 0, 0, 0
38100, 6655, 0, 0, 0
38201, 7354, 0, 0, 0
38301, 6889, 0, 0, 0
38401, 6542, 0, 0, 0
38500, 7127, 0, 0, 0
38600, 7083, 0, 0, 0
38700, 6717, 0, 0, 0
38800, 7270, 0, 0, 0
38900, 6793, 0, 0, 0
39000, 6852, 0, 0, 0
39101, 7133, 0, 0, 0
39200, 6998, 0, 0, 0
39301, 6997, 0, 0, 0
39401, 6746, 0, 0, 0
39501, 6802, 0, 0, 0
39600, 7012, 0, 0, 0
39702, 6848, 0, 0, 0
39800, 6905, 0, 0, 0
39900, 6804, 0, 0, 0
40002, 7322, 0, 0, 0
40100, 7056, 0, 0, 0
40200, 6798, 0, 0, 0
40302, 6917, 0, 0, 0
40400, 7286, 0, 0, 0
40500, 7213, 0, 0, 0
40600, 6866, 0, 0, 0
40700, 7071, 0, 0, 0
40801, 6532, 0, 0, 0
40900, 6839, 0, 0, 0
41000, 7176, 0, 0, 0
41101, 6683, 0, 0, 0
41201, 7243, 0, 0, 0
41301, 7169, 0, 0, 0
41400, 6746, 0, 0, 0
41501, 7406, 0, 0, 0
41601, 7315, 0, 0, 0
41701, 7386, 0, 0, 0
41801, 6667, 0, 0, 0
41900, 6792, 0, 0, 0
42001, 6963, 0, 0, 0
42101, 7087, 0, 0, 0
42202, 6862, 0, 0, 0
42300, 6685, 0, 0, 0
42400, 7097, 0, 0, 0
42501, 6978, 0, 0, 0
42600, 7050, 0, 0, 0
42700, 6792, 0, 0, 0
42801, 6812, 0, 0, 0
42900, 6942, 0, 0, 0
43001, 6651, 0, 0, 0
43100, 7140, 0, 0, 0
43200, 7089, 0, 0, 0
43300, 7133, 0, 0, 0
43400, 7086, 0, 0, 0
43501, 6662, 0, 0, 0
43601, 6791, 0, 0, 0
43700, 6951, 0, 0, 0
43800, 7026, 0, 0, 0
43900, 7049, 0, 0, 0
44001, 6856, 0, 0, 0
44100, 6932, 0, 0, 0
44200, 7338, 0, 0, 0
44301, 7000, 0, 0, 0
44401, 6926, 0, 0, 0
44500, 6919, 0, 0, 0
44600, 6819, 0, 0, 0
44700, 7278, 0, 0, 0
44800, 7432, 0, 0, 0
44900, 7204, 0, 0, 0
45000, 6916, 0, 0, 0
45100, 7214, 0, 0, 0
45200, 6841, 0, 0, 0
45300, 6811, 0, 0, 0
45400, 6898, 0, 0, 0
45501, 7019, 0, 0, 0
45600, 7326, 0, 0, 0
45700, 6829, 0, 0, 0
45801, 7205, 0, 0, 0
45901, 6997, 0, 0, 0
46000, 6883, 0, 0, 0
46100, 7034, 0, 0, 0
46200, 7023, 0, 0, 0
46300, 7010, 0, 0, 0
46400, 7079, 0, 0, 0
46500, 6109, 0, 0, 0
46601, 6611, 0, 0, 0
46701, 6897, 0, 0, 0
46801, 6729, 0, 0, 0
46901, 6501, 0, 0, 0
47000, 6721, 0, 0, 0
47100, 7011, 0, 0, 0
47201, 7205, 0, 0, 0
47301, 7154, 0, 0, 0
47401, 6969, 0, 0, 0
47500, 6376, 0, 0, 0
47602, 6676, 0, 0, 0
47702, 6345, 0, 0, 0
47801, 7058, 0, 0, 0
47901, 7139, 0, 0, 0
48000, 6726, 0, 0, 0
48100, 6957, 0, 0, 0
48200, 7038, 0, 0, 0
48300, 6980, 0, 0, 0
48401, 7006, 0, 0, 0
48501, 7270, 0, 0, 0
48600, 6826, 0, 0, 0
48700, 6757, 0, 0, 0
48801, 7166, 0, 0, 0
48901, 6744, 0, 0, 0
49000, 7150, 0, 0, 0
49101, 7094, 0, 0, 0
49200, 7011, 0, 0, 0
49300, 7056, 0, 0, 0
49401, 7046, 0, 0, 0
49502, 6889, 0, 0, 0
49601, 6712, 0, 0, 0
49700, 6912, 0, 0, 0
49800, 7109, 0, 0, 0
49900, 7184, 0, 0, 0
50000, 6386, 0, 0, 0
50102, 6589, 0, 0, 0
50202, 6934, 0, 0, 0
50301, 6932, 0, 0, 0
50400, 7099, 0, 0, 0
50501, 6857, 0, 0, 0
50600, 6486, 0, 0, 0
50701, 6768, 0, 0, 0
50801, 6579, 0, 0, 0
50900, 6369, 0, 0, 0
51001, 6891, 0, 0, 0
51102, 7177, 0, 0, 0
51201, 6646, 0, 0, 0
51301, 6665, 0, 0, 0
51400, 6698, 0, 0, 0
51501, 6855, 0, 0, 0
51600, 7159, 0, 0, 0
51701, 7009, 0, 0, 0
51801, 6916, 0, 0, 0
51900, 6753, 0, 0, 0
52001, 6654, 0, 0, 0
52101, 7196, 0, 0, 0
52200, 6838, 0, 0, 0
52300, 6968, 0, 0, 0
52400, 7275, 0, 0, 0
52501, 7262, 0, 0, 0
52601, 7448, 0, 0, 0
52701, 6870, 0, 0, 0
52802, 7075, 0, 0, 0
52900, 7185, 0, 0, 0
53000, 6995, 0, 0, 0
53100, 6901, 0, 0, 0
53201, 7172, 0, 0, 0
53300, 7043, 0, 0, 0
53401, 7027, 0, 0, 0
53501, 6871, 0, 0, 0
53600, 7072, 0, 0, 0
53700, 7051, 0, 0, 0
53800, 7089, 0, 0, 0
53900, 7329, 0, 0, 0
54001, 7351, 0, 0, 0
54101, 7085, 0, 0, 0
54200, 6632, 0, 0, 0
54300, 6289, 0, 0, 0
54401, 6826, 0, 0, 0
54500, 5896, 0, 0, 0
54601, 6915, 0, 0, 0
54700, 6259, 0, 0, 0
54801, 6401, 0, 0, 0
54901, 7343, 0, 0, 0
55001, 7432, 0, 0, 0
55101, 6861, 0, 0, 0
55201, 6730, 0, 0, 0
55301, 7071, 0, 0, 0
55400, 6340, 0, 0, 0
55500, 7165, 0, 0, 0
55600, 7202, 0, 0, 0
55701, 7052, 0, 0, 0
55800, 6835, 0, 0, 0
55900, 6706, 0, 0, 0
56001, 6886, 0, 0, 0
56101, 7481, 0, 0, 0
56201, 7253, 0, 0, 0
56300, 6997, 0, 0, 0
56400, 7126, 0, 0, 0
56500, 7122, 0, 0, 0
56600, 6908, 0, 0, 0
56700, 6750, 0, 0, 0
56801, 6914, 0, 0, 0
56900, 7067, 0, 0, 0
57001, 7051, 0, 0, 0
57100, 7437, 0, 0, 0
57200, 6853, 0, 0, 0
57301, 6928, 0, 0, 0
57401, 6961, 0, 0, 0
57500, 6943, 0, 0, 0
57601, 7030, 0, 0, 0
57700, 6651, 0, 0, 0
57801, 6852, 0, 0, 0
57900, 7488, 0, 0, 0
58001, 7553, 0, 0, 0
58100, 7122, 0, 0, 0
58201, 7166, 0, 0, 0
58301, 7097, 0, 0, 0
58402, 7484, 0, 0, 0
58502, 7157, 0, 0, 0
58601, 7322, 0, 0, 0
58701, 7650, 0, 0, 0
58800, 6860, 0, 0, 0
58900, 7159, 0, 0, 0
59000, 6944, 0, 0, 0
59100, 6903, 0, 0, 0
59200, 6845, 0, 0, 0
59301, 7065, 0, 0, 0
59400, 6436, 0, 0, 0
59500, 7021, 0, 0, 0
59600, 7093, 0, 0, 0
59701, 7016, 0, 0, 0
59800, 6560, 0, 0, 0
59900, 7110, 0, 0, 0
60000, 6583, 0, 0, 0
60100, 7046, 0, 0, 0
60200, 6776, 0, 0, 0
60300, 6644, 0, 0, 0
60401, 6817, 0, 0, 0
60501, 6786, 0, 0, 0
60601, 6662, 0, 0, 0
60701, 7525, 0, 0, 0
60801, 6706, 0, 0, 0
60900, 7041, 0, 0, 0
61000, 7149, 0, 0, 0
61100, 7045, 0, 0, 0
61201, 6834, 0, 0, 0
61301, 6733, 0, 0, 0
61400, 7764, 0, 0, 0
61502, 7161, 0, 0, 0
61600, 6620, 0, 0, 0
61700, 6999, 0, 0, 0
61801, 7045, 0, 0, 0
61901, 7042, 0, 0, 0
62000, 7321, 0, 0, 0
62100, 6943, 0, 0, 0
62202, 6804, 0, 0, 0
62301, 6613, 0, 0, 0
62400, 6715, 0, 0, 0
62500, 7039, 0, 0, 0
62600, 6887, 0, 0, 0
62700, 7276, 0, 0, 0
62801, 7592, 0, 0, 0
62901, 7231, 0, 0, 0
63000, 6916, 0, 0, 0
63100, 7098, 0, 0, 0
63201, 6944, 0, 0, 0
63300, 6642, 0, 0, 0
63400, 7014, 0, 0, 0
63500, 7471, 0, 0, 0
63600, 7385, 0, 0, 0
63700, 6937, 0, 0, 0
63802, 7010, 0, 0, 0
63900, 7069, 0, 0, 0
64000, 7071, 0, 0, 0
64100, 6804, 0, 0, 0
64201, 6773, 0, 0, 0
64301, 7099, 0, 0, 0
64400, 6933, 0, 0, 0
64501, 6999, 0, 0, 0
64601, 6807, 0, 0, 0
64701, 7089, 0, 0, 0
64800, 6866, 0, 0, 0
64901, 6727, 0, 0, 0
65002, 6736, 0, 0, 0
65100, 6922, 0, 0, 0
65200, 7187, 0, 0, 0
65301, 7119, 0, 0, 0
65401, 6839, 0, 0, 0
65501, 6521, 0, 0, 0
65600, 6658, 0, 0, 0
65701, 7091, 0, 0, 0
65801, 6737, 0, 0, 0
65900, 6904, 0, 0, 0
66002, 7059, 0, 0, 0
66100, 6882, 0, 0, 0
66200, 6735, 0, 0, 0
66301, 6721, 0, 0, 0
66401, 6905, 0, 0, 0
66501, 7173, 0, 0, 0
66601, 7190, 0, 0, 0
66700, 7002, 0, 0, 0
66800, 6942, 0, 0, 0
66901, 7270, 0, 0, 0
67000, 7001, 0, 0, 0
67100, 6529, 0, 0, 0
67200, 7273, 0, 0, 0
67300, 7183, 0, 0, 0
67400, 6835, 0, 0, 0
67501, 6842, 0, 0, 0
67601, 6882, 0, 0, 0
67702, 6767, 0, 0, 0
67800, 6999, 0, 0, 0
67901, 7357, 0, 0, 0
68001, 7207, 0, 0, 0
68100, 6865, 0, 0, 0
68200, 6682, 0, 0, 0
68300, 7023, 0, 0, 0
68400, 6504, 0, 0, 0
68500, 6828, 0, 0, 0
68600, 7020, 0, 0, 0
68700, 6860, 0, 0, 0
68800, 7130, 0, 0, 0
68900, 6877, 0, 0, 0
69000, 7208, 0, 0, 0
69101, 7213, 0, 0, 0
69200, 7380, 0, 0, 0
69300, 7125, 0, 0, 0
69400, 7319, 0, 0, 0
69500, 6624, 0, 0, 0
69601, 6270, 0, 0, 0
69700, 6669, 0, 0, 0
69800, 6616, 0, 0, 0
69901, 6684, 0, 0, 0
70001, 6784, 0, 0, 0
70100, 6768, 0, 0, 0
70201, 6626, 0, 0, 0
70300, 7152, 0, 0, 0
70400, 7136, 0, 0, 0
70501, 6941, 0, 0, 0
70600, 7242, 0, 0, 0
70701, 6859, 0, 0, 0
70801, 6857, 0, 0, 0
70902, 6857, 0, 0, 0
71001, 6811, 0, 0, 0
71101, 7238, 0, 0, 0
71200, 7052, 0, 0, 0
71301, 7199, 0, 0, 0
71400, 7269, 0, 0, 0
71500, 6962, 0, 0, 0
71600, 7037, 0, 0, 0
71701, 6311, 0, 0, 0
71801, 6530, 0, 0, 0
71900, 7111, 0, 0, 0
72000, 7270, 0, 0, 0
72100, 6973, 0, 0, 0
72200, 7190, 0, 0, 0
72301, 6922, 0, 0, 0
72400, 6833, 0, 0, 0
72501, 7015, 0, 0, 0
72600, 7059, 0, 0, 0
72701, 6825, 0, 0, 0
72802, 6944, 0, 0, 0
72901, 6924, 0, 0, 0
73000, 7238, 0, 0, 0
73101, 7489, 0, 0, 0
73200, 6760, 0, 0, 0
73301, 6923, 0, 0, 0
73401, 7444, 0, 0, 0
73500, 7315, 0, 0, 0
73601, 6750, 0, 0, 0
73700, 6978, 0, 0, 0
73800, 6968, 0, 0, 0
73900, 6737, 0, 0, 0
74000, 6675, 0, 0, 0
74100, 6746, 0, 0, 0
74200, 6838, 0, 0, 0
74300, 7443, 0, 0, 0
74400, 6896, 0, 0, 0
74500, 7154, 0, 0, 0
74600, 7406, 0, 0, 0
74700, 7503, 0, 0, 0
74801, 6809, 0, 0, 0
74900, 6943, 0, 0, 0
75000, 6707, 0, 0, 0
75101, 7134, 0, 0, 0
75200, 6635, 0, 0, 0
75301, 6882, 0, 0, 0
75400, 6690, 0, 0, 0
75500, 7114, 0, 0, 0
75601, 6561, 0, 0, 0
75700, 6878, 0, 0, 0
75801, 7206, 0, 0, 0
75900, 7522, 0, 0, 0
76001, 6972, 0, 0, 0
76101, 6790, 0, 0, 0
76200, 6970, 0, 0, 0
76300, 7416, 0, 0, 0
76401, 7146, 0, 0, 0
76501, 7141, 0, 0, 0
76600, 7089, 0, 0, 0
76700, 7455, 0, 0, 0
76800, 6815, 0, 0, 0
76902, 6911, 0, 0, 0
77000, 7210, 0, 0, 0
77102, 7156, 0, 0, 0
77200, 6996, 0, 0, 0
77301, 7364, 0, 0, 0
77400, 6800, 0, 0, 0
77502, 7090, 0, 0, 0
77601, 6591, 0, 0, 0
77701, 6976, 0, 0, 0
77800, 6740, 0, 0, 0
77900, 6997, 0, 0, 0
78001, 7150, 0, 0, 0
78102, 6830, 0, 0, 0
78200, 7313, 0, 0, 0
78300, 7289, 0, 0, 0
78400, 6892, 0, 0, 0
78501, 6817, 0, 0, 0
78600, 6844, 0, 0, 0
78701, 6791, 0, 0, 0
78801, 7168, 0, 0, 0
78900, 7116, 0, 0, 0
79001, 6959, 0, 0, 0
79101, 6822, 0, 0, 0
79201, 7086, 0, 0, 0
79300, 7042, 0, 0, 0
79401, 7322, 0, 0, 0
79501, 6943, 0, 0, 0
79600, 7043, 0, 0, 0
79700, 7250, 0, 0, 0
79800, 6826, 0, 0, 0
79900, 6822, 0, 0, 0
80001, 7408, 0, 0, 0
80100, 6588, 0, 0, 0
80201, 6516, 0, 0, 0
80301, 6958, 0, 0, 0
80400, 6794, 0, 0, 0
80501, 6621, 0, 0, 0
80601, 6885, 0, 0, 0
80701, 6903, 0, 0, 0
80800, 6747, 0, 0, 0
80902, 6506, 0, 0, 0
81001, 6913, 0, 0, 0
81100, 6792, 0, 0, 0
81200, 6825, 0, 0, 0
81301, 6981, 0, 0, 0
81400, 6719, 0, 0, 0
81501, 7074, 0, 0, 0
81601, 6757, 0, 0, 0
81701, 6984, 0, 0, 0
81800, 7036, 0, 0, 0
81901, 6800, 0, 0, 0
82000, 6622, 0, 0, 0
82100, 6991, 0, 0, 0
82201, 6959, 0, 0, 0
82300, 6965, 0, 0, 0
82400, 7110, 0, 0, 0
82501, 6868, 0, 0, 0
82600, 6839, 0, 0, 0
82700, 6905, 0, 0, 0
82800, 7050, 0, 0, 0
82900, 6939, 0, 0, 0
83001, 7029, 0, 0, 0
83100, 6544, 0, 0, 0
83200, 7219, 0, 0, 0
83300, 6802, 0, 0, 0
83400, 6902, 0, 0, 0
83501, 6764, 0, 0, 0
83601, 7019, 0, 0, 0
83700, 7432, 0, 0, 0
83801, 6122, 0, 0, 0
83900, 6490, 0, 0, 0
84000, 6654, 0, 0, 0
84101, 6990, 0, 0, 0
84201, 7245, 0, 0, 0
84300, 6955, 0, 0, 0
84401, 6893, 0, 0, 0
84501, 6730, 0, 0, 0
84600, 6787, 0, 0, 0
84700, 7368, 0, 0, 0
84801, 7191, 0, 0, 0
84900, 6969, 0, 0, 0
85004, 6853, 0, 0, 0
85101, 6980, 0, 0, 0
85201, 7341, 0, 0, 0
85300, 7090, 0, 0, 0
85401, 7392, 0, 0, 0
85500, 7380, 0, 0, 0
85600, 7139, 0, 0, 0
85700, 7105, 0, 0, 0
85800, 6599, 0, 0, 0
85901, 6845, 0, 0, 0
86000, 6939, 0, 0, 0
86100, 7258, 0, 0, 0
86200, 6865, 0, 0, 0
86301, 7410, 0, 0, 0
86401, 6984, 0, 0, 0
86500, 6739, 0, 0, 0
86600, 6858, 0, 0, 0
86700, 6707, 0, 0, 0
86800, 6748, 0, 0, 0
86900, 6986, 0, 0, 0
87000, 6699, 0, 0, 0
87101, 6964, 0, 0, 0
87200, 7352, 0, 0, 0
87301, 7702, 0, 0, 0
87400, 6992, 0, 0, 0
87500, 6696, 0, 0, 0
87600, 7273, 0, 0, 0
87701, 7414, 0, 0, 0
87800, 7511, 0, 0, 0
87901, 7271, 0, 0, 0
88000, 6881, 0, 0, 0
88101, 6891, 0, 0, 0
88200, 7291, 0, 0, 0
88300, 7063, 0, 0, 0
88400, 7578, 0, 0, 0
88500, 6981, 0, 0, 0
88600, 6505, 0, 0, 0
88701, 6820, 0, 0, 0
88800, 7323, 0, 0, 0
88900, 6912, 0, 0, 0
89000, 6835, 0, 0, 0
89101, 7026, 0, 0, 0
89200, 7092, 0, 0, 0
89301, 6846, 0, 0, 0
89400, 7120, 0, 0, 0
89501, 6906, 0, 0, 0
89601, 6887, 0, 0, 0
89701, 7341, 0, 0, 0
89800, 7020, 0, 0, 0
89901, 7372, 0, 0, 0
90000, 7022, 0, 0, 0
90100, 6697, 0, 0, 0
90200, 6849, 0, 0, 0
90300, 7480, 0, 0, 0
90401, 7048, 0, 0, 0
90500, 7113, 0, 0, 0
90601, 7059, 0, 0, 0
90700, 7238, 0, 0, 0
90801, 7225, 0, 0, 0
90900, 6937, 0, 0, 0
91000, 6575, 0, 0, 0
91101, 6585, 0, 0, 0
91201, 7181, 0, 0, 0
91301, 6797, 0, 0, 0
91400, 7006, 0, 0, 0
91500, 6972, 0, 0, 0
91601, 6594, 0, 0, 0
91700, 6953, 0, 0, 0
91801, 6748, 0, 0, 0
91900, 7289, 0, 0, 0
92001, 6970, 0, 0, 0
92101, 6774, 0, 0, 0
92201, 6908, 0, 0, 0
92300, 7346, 0, 0, 0
92401, 6842, 0, 0, 0
92500, 6036, 0, 0, 0
92601, 6812, 0, 0, 0
92700, 6938, 0, 0, 0
92801, 6902, 0, 0, 0
92900, 7335, 0, 0, 0
93000, 7172, 0, 0, 0
93101, 6852, 0, 0, 0
93201, 7303, 0, 0, 0
93300, 7623, 0, 0, 0
93400, 7594, 0, 0, 0
93501, 6943, 0, 0, 0
93600, 7142, 0, 0, 0
93700, 6835, 0, 0, 0
93800, 7020, 0, 0, 0
93901, 6918, 0, 0, 0
94000, 6820, 0, 0, 0
94101, 7088, 0, 0, 0
94201, 6852, 0, 0, 0
94300, 6822, 0, 0, 0
94401, 6872, 0, 0, 0
94500, 7548, 0, 0, 0
94600, 6831, 0, 0, 0
94701, 6508, 0, 0, 0
94801, 6948, 0, 0, 0
94900, 7014, 0, 0, 0
95000, 7139, 0, 0, 0
95101, 7228, 0, 0, 0
95200, 7001, 0, 0, 0
95300, 6856, 0, 0, 0
95400, 6950, 0, 0, 0
95500, 7378, 0, 0, 0
95601, 6842, 0, 0, 0
95700, 7097, 0, 0, 0
95801, 7454, 0, 0, 0
95901, 7663, 0, 0, 0
96000, 6973, 0, 0, 0
96101, 7001, 0, 0, 0
96201, 6774, 0, 0, 0
96300, 6884, 0, 0, 0
96400, 6832, 0, 0, 0
96500, 6835, 0, 0, 0
96601, 6566, 0, 0, 0
96700, 6900, 0, 0, 0
96801, 7546, 0, 0, 0
96901, 7278, 0, 0, 0
97001, 6972, 0, 0, 0
97101, 7702, 0, 0, 0
97204, 7305, 0, 0, 0
97300, 6934, 0, 0, 0
97401, 7094, 0, 0, 0
97500, 6821, 0, 0, 0
97600, 6256, 0, 0, 0
97701, 6955, 0, 0, 0
97801, 7011, 0, 0, 0
97900, 6943, 0, 0, 0
98000, 7595, 0, 0, 0
98100, 7403, 0, 0, 0
98200, 7138, 0, 0, 0
98300, 6711, 0, 0, 0
98401, 7077, 0, 0, 0
98501, 7183, 0, 0, 0
98600, 6683, 0, 0, 0
98701, 6820, 0, 0, 0
98800, 7330, 0, 0, 0
98900, 7046, 0, 0, 0
99001, 7158, 0, 0, 0
99100, 6809, 0, 0, 0
99200, 6920, 0, 0, 0
99300, 6968, 0, 0, 0
99400, 6835, 0, 0, 0
99500, 6893, 0, 0, 0
99600, 6660, 0, 0, 0
99702, 6868, 0, 0, 0
99800, 7136, 0, 0, 0
99901, 6992, 0, 0, 0
100000, 6743, 0, 0, 0
100100, 6454, 0, 0, 0
100201, 7313, 0, 0, 0
100300, 6965, 0, 0, 0
100400, 7219, 0, 0, 0
100500, 6809, 0, 0, 0
100602, 6931, 0, 0, 0
100700, 6974, 0, 0, 0
100800, 7269, 0, 0, 0
100901, 6856, 0, 0, 0
101000, 7018, 0, 0, 0
101100, 7005, 0, 0, 0
101200, 7022, 0, 0, 0
101301, 6818, 0, 0, 0
101400, 6768, 0, 0, 0
101500, 7516, 0, 0, 0
101600, 6777, 0, 0, 0
101701, 6426, 0, 0, 0
101800, 6724, 0, 0, 0
101901, 6934, 0, 0, 0
102001, 7519, 0, 0, 0
102100, 7141, 0, 0, 0
102201, 6987, 0, 0, 0
102300, 7117, 0, 0, 0
102402, 6951, 0, 0, 0
102500, 6620, 0, 0, 0
102600, 7367, 0, 0, 0
102701, 6949, 0, 0, 0
102800, 6867, 0, 0, 0
102900, 6954, 0, 0, 0
103001, 6736, 0, 0, 0
103101, 7086, 0, 0, 0
103201, 7284, 0, 0, 0
103301, 7186, 0, 0, 0
103400, 7433, 0, 0, 0
103502, 7221, 0, 0, 0
103600, 6998, 0, 0, 0
103701, 6852, 0, 0, 0
103801, 7022, 0, 0, 0
103901, 6619, 0, 0, 0
104001, 6511, 0, 0, 0
104100, 7343, 0, 0, 0
104200, 7196, 0, 0, 0
104300, 6772, 0, 0, 0
104401, 6789, 0, 0, 0
104502, 6756, 0, 0, 0
104600, 7173, 0, 0, 0
104700, 6903, 0, 0, 0
104800, 6599, 0, 0, 0
104900, 6736, 0, 0, 0
105000, 6674, 0, 0, 0
105102, 7178, 0, 0, 0
105201, 7027, 0, 0, 0
105300, 6707, 0, 0, 0
105401, 6953, 0, 0, 0
105500, 6840, 0, 0, 0
105600, 7342, 0, 0, 0
105701, 7423, 0, 0, 0
105801, 6675, 0, 0, 0
105900, 7370, 0, 0, 0
106001, 7017, 0, 0, 0
106101, 6970, 0, 0, 0
106200, 6637, 0, 0, 0
106302, 6963, 0, 0, 0
106400, 6930, 0, 0, 0
106501, 7397, 0, 0, 0
106601, 7231, 0, 0, 0
106701, 7225, 0, 0, 0
106800, 7043, 0, 0, 0
106900, 7038, 0, 0, 0
107001, 7146, 0, 0, 0
107100, 6865, 0, 0, 0
107200, 6839, 0, 0, 0
107300, 6727, 0, 0, 0
107401, 6782, 0, 0, 0
107501, 7097, 0, 0, 0
107601, 6684, 0, 0, 0
107701, 6721, 0, 0, 0
107801, 6827, 0, 0, 0
107900, 7058, 0, 0, 0
108001, 7194, 0, 0, 0
108100, 6977, 0, 0, 0
108200, 6843, 0, 0, 0
108300, 6729, 0, 0, 0
108400, 6983, 0, 0, 0
108501, 6840, 0, 0, 0
108600, 7175, 0, 0, 0
108700, 6966, 0, 0, 0
108801, 7007, 0, 0, 0
108900, 6873, 0, 0, 0
109000, 6768, 0, 0, 0
109101, 7218, 0, 0, 0
109201, 7072, 0, 0, 0
109300, 6768, 0, 0, 0
109400, 6943, 0, 0, 0
109500, 7238, 0, 0, 0
109601, 6937, 0, 0, 0
109700, 7138, 0, 0, 0
109801, 6976, 0, 0, 0
109901, 7722, 0, 0, 0
110001, 7468, 0, 0, 0
110101, 7197, 0, 0, 0
110201, 7104, 0, 0, 0
110301, 6782, 0, 0, 0
110401, 7098, 0, 0, 0
110502, 7671, 0, 0, 0
110602, 7139, 0, 0, 0
110702, 6998, 0, 0, 0
110801, 6868, 0, 0, 0
110900, 7167, 0, 0, 0
111001, 7182, 0, 0, 0
111100, 7365, 0, 0, 0
111201, 7578, 0, 0, 0
111301, 6457, 0, 0, 0
111402, 6832, 0, 0, 0
111500, 6841, 0, 0, 0
111600, 6805, 0, 0, 0
111700, 6899, 0, 0, 0
111800, 6769, 0, 0, 0
111900, 7043, 0, 0, 0
112000, 7163, 0, 0, 0
112101, 7007, 0, 0, 0
112201, 6918, 0, 0, 0
112300, 6946, 0, 0, 0
112400, 6811, 0, 0, 0
112501, 7194, 0, 0, 0
112600, 7036, 0, 0, 0
112701, 7025, 0, 0, 0
112800, 6815, 0, 0, 0
112902, 7321, 0, 0, 0
113002, 6827, 0, 0, 0
113100, 6848, 0, 0, 0
113200, 6781, 0, 0, 0
113300, 6903, 0, 0, 0
113400, 6880, 0, 0, 0
113501, 6917, 0, 0, 0
113601, 7126, 0, 0, 0
113700, 6942, 0, 0, 0
113801, 6820, 0, 0, 0
113901, 6973, 0, 0, 0
114000, 8011, 0, 0, 0
114101, 7099, 0, 0, 0
114200, 6994, 0, 0, 0
114301, 6929, 0, 0, 0
114400, 6916, 0, 0, 0
114500, 7004, 0, 0, 0
114600, 6772, 0, 0, 0
114701, 6875, 0, 0, 0
114802, 6979, 0, 0, 0
114901, 6962, 0, 0, 0
115001, 6855, 0, 0, 0
115101, 7029, 0, 0, 0
115201, 7296, 0, 0, 0
115300, 7330, 0, 0, 0
115400, 7074, 0, 0, 0
115501, 6721, 0, 0, 0
115601, 7273, 0, 0, 0
115700, 7068, 0, 0, 0
115801, 6660, 0, 0, 0
115901, 6999, 0, 0, 0
116000, 7224, 0, 0, 0
116101, 7250, 0, 0, 0
116200, 7130, 0, 0, 0
116302, 7461, 0, 0, 0
116400, 7507, 0, 0, 0
116501, 7194, 0, 0, 0
116601, 7459, 0, 0, 0
116700, 7318, 0, 0, 0
116800, 7104, 0, 0, 0
116900, 6687, 0, 0, 0
117001, 7110, 0, 0, 0
117100, 6931, 0, 0, 0
117200, 6918, 0, 0, 0
117300, 7623, 0, 0, 0
117400, 6773, 0, 0, 0
117501, 6960, 0, 0, 0
117600, 6644, 0, 0, 0
117700, 6736, 0, 0, 0
117800, 6940, 0, 0, 0
117901, 7011, 0, 0, 0
118000, 7132, 0, 0, 0
118100, 6777, 0, 0, 0
118200, 6932, 0, 0, 0
118301, 7046, 0, 0, 0
118400, 7567, 0, 0, 0
118500, 6970, 0, 0, 0
118601, 7512, 0, 0, 0
118700, 6971, 0, 0, 0
118800, 6824, 0, 0, 0
118902, 7276, 0, 0, 0
119000, 7515, 0, 0, 0
119101, 7060, 0, 0, 0
119200, 6960, 0, 0, 0
119301, 6997, 0, 0, 0
119401, 7464, 0, 0, 0
119500, 7143, 0, 0, 0
119601, 7048, 0, 0, 0
119700, 6939, 0, 0, 0
119802, 6886, 0, 0, 0
119901, 6929, 0, 0, 0
120000, 7042, 0, 0, 0
