250, 483328, 0, 0, 0
350, 450560, 0, 0, 0
450, 450560, 0, 0, 0
550, 491520, 0, 0, 0
650, 440320, 0, 0, 0
749, 475797, 0, 0, 0
849, 532480, 0, 0, 0
949, 542720, 0, 0, 0
1049, 491520, 0, 0, 0
1149, 450560, 0, 0, 0
1249, 450560, 0, 0, 0
1349, 471040, 0, 0, 0
1449, 450560, 0, 0, 0
1549, 450560, 0, 0, 0
1649, 450560, 0, 0, 0
1750, 440320, 0, 0, 0
1850, 471040, 0, 0, 0
1950, 501760, 0, 0, 0
2050, 440320, 0, 0, 0
2150, 430080, 0, 0, 0
2249, 486141, 0, 0, 0
2349, 491520, 0, 0, 0
2449, 440320, 0, 0, 0
2549, 460800, 0, 0, 0
2649, 440320, 0, 0, 0
2749, 491520, 0, 0, 0
2849, 491520, 0, 0, 0
2949, 512000, 0, 0, 0
3050, 440320, 0, 0, 0
3150, 471040, 0, 0, 0
3249, 455111, 0, 0, 0
3349, 440320, 0, 0, 0
3449, 430080, 0, 0, 0
3549, 522240, 0, 0, 0
3649, 450560, 0, 0, 0
3749, 450560, 0, 0, 0
3849, 440320, 0, 0, 0
3949, 460800, 0, 0, 0
4049, 512000, 0, 0, 0
4149, 460800, 0, 0, 0
4249, 430080, 0, 0, 0
4349, 430080, 0, 0, 0
4450, 471040, 0, 0, 0
4550, 440320, 0, 0, 0
4650, 440320, 0, 0, 0
4749, 486141, 0, 0, 0
4849, 471040, 0, 0, 0
4949, 471040, 0, 0, 0
5049, 440320, 0, 0, 0
5149, 450560, 0, 0, 0
5249, 440320, 0, 0, 0
5349, 419840, 0, 0, 0
5449, 430080, 0, 0, 0
5549, 471040, 0, 0, 0
5649, 460800, 0, 0, 0
5750, 460800, 0, 0, 0
5850, 460800, 0, 0, 0
5950, 481280, 0, 0, 0
6050, 450560, 0, 0, 0
6150, 450560, 0, 0, 0
6249, 506828, 0, 0, 0
6349, 450560, 0, 0, 0
6449, 419840, 0, 0, 0
6549, 471040, 0, 0, 0
6649, 481280, 0, 0, 0
6749, 491520, 0, 0, 0
6849, 450560, 0, 0, 0
6949, 481280, 0, 0, 0
7050, 471040, 0, 0, 0
7150, 460800, 0, 0, 0
7249, 424080, 0, 0, 0
7349, 471040, 0, 0, 0
7449, 471040, 0, 0, 0
7549, 460800, 0, 0, 0
7649, 471040, 0, 0, 0
7749, 409600, 0, 0, 0
7849, 430080, 0, 0, 0
7949, 460800, 0, 0, 0
8049, 471040, 0, 0, 0
8149, 532480, 0, 0, 0
8250, 460800, 0, 0, 0
8350, 471040, 0, 0, 0
8450, 430080, 0, 0, 0
8550, 450560, 0, 0, 0
8650, 430080, 0, 0, 0
8749, 496484, 0, 0, 0
8849, 430080, 0, 0, 0
8949, 450560, 0, 0, 0
9049, 450560, 0, 0, 0
9149, 460800, 0, 0, 0
9249, 501760, 0, 0, 0
9349, 440320, 0, 0, 0
9449, 481280, 0, 0, 0
9550, 481280, 0, 0, 0
9650, 430080, 0, 0, 0
9749, 434424, 0, 0, 0
9849, 471040, 0, 0, 0
9949, 471040, 0, 0, 0
10049, 481280, 0, 0, 0
10149, 450560, 0, 0, 0
10249, 491520, 0, 0, 0
10349, 440320, 0, 0, 0
10449, 491520, 0, 0, 0
10549, 501760, 0, 0, 0
10649, 471040, 0, 0, 0
10749, 481280, 0, 0, 0
10849, 491520, 0, 0, 0
10949, 450560, 0, 0, 0
11050, 491520, 0, 0, 0
11150, 501760, 0, 0, 0
11249, 444767, 0, 0, 0
11349, 512000, 0, 0, 0
11449, 501760, 0, 0, 0
11549, 450560, 0, 0, 0
11649, 481280, 0, 0, 0
11749, 450560, 0, 0, 0
11849, 501760, 0, 0, 0
11949, 450560, 0, 0, 0
12049, 460800, 0, 0, 0
12149, 512000, 0, 0, 0
12249, 481280, 0, 0, 0
12350, 419840, 0, 0, 0
12450, 481280, 0, 0, 0
12550, 460800, 0, 0, 0
12650, 450560, 0, 0, 0
12749, 444767, 0, 0, 0
12849, 450560, 0, 0, 0
12949, 460800, 0, 0, 0
13049, 440320, 0, 0, 0
13149, 491520, 0, 0, 0
13249, 460800, 0, 0, 0
13349, 460800, 0, 0, 0
13449, 501760, 0, 0, 0
13549, 430080, 0, 0, 0
13649, 440320, 0, 0, 0
13750, 522240, 0, 0, 0
13850, 460800, 0, 0, 0
13950, 471040, 0, 0, 0
14050, 491520, 0, 0, 0
14150, 471040, 0, 0, 0
14249, 486141, 0, 0, 0
14349, 481280, 0, 0, 0
14449, 481280, 0, 0, 0
14549, 481280, 0, 0, 0
14649, 460800, 0, 0, 0
14749, 450560, 0, 0, 0
14850, 440320, 0, 0, 0
14950, 460800, 0, 0, 0
15050, 471040, 0, 0, 0
15150, 491520, 0, 0, 0
15249, 434424, 0, 0, 0
15349, 419840, 0, 0, 0
15449, 481280, 0, 0, 0
15549, 419840, 0, 0, 0
15649, 471040, 0, 0, 0
15749, 471040, 0, 0, 0
15849, 450560, 0, 0, 0
15949, 450560, 0, 0, 0
16049, 450560, 0, 0, 0
16149, 471040, 0, 0, 0
16250, 501760, 0, 0, 0
16350, 522240, 0, 0, 0
16450, 460800, 0, 0, 0
16550, 460800, 0, 0, 0
16650, 512000, 0, 0, 0
16749, 455111, 0, 0, 0
16849, 471040, 0, 0, 0
16949, 471040, 0, 0, 0
17049, 471040, 0, 0, 0
17149, 491520, 0, 0, 0
17249, 440320, 0, 0, 0
17349, 440320, 0, 0, 0
17449, 481280, 0, 0, 0
17550, 481280, 0, 0, 0
17650, 481280, 0, 0, 0
17749, 475797, 0, 0, 0
17849, 491520, 0, 0, 0
17949, 419840, 0, 0, 0
18049, 440320, 0, 0, 0
18149, 450560, 0, 0, 0
18249, 471040, 0, 0, 0
18349, 491520, 0, 0, 0
18449, 450560, 0, 0, 0
18549, 501760, 0, 0, 0
18649, 471040, 0, 0, 0
18749, 460800, 0, 0, 0
18849, 450560, 0, 0, 0
18950, 440320, 0, 0, 0
19050, 501760, 0, 0, 0
19150, 430080, 0, 0, 0
19249, 517171, 0, 0, 0
19349, 460800, 0, 0, 0
19449, 471040, 0, 0, 0
19549, 481280, 0, 0, 0
19649, 471040, 0, 0, 0
19749, 522240, 0, 0, 0
19849, 460800, 0, 0, 0
19949, 491520, 0, 0, 0
20049, 430080, 0, 0, 0
20150, 450560, 0, 0, 0
20249, 486141, 0, 0, 0
20349, 460800, 0, 0, 0
20449, 501760, 0, 0, 0
20549, 430080, 0, 0, 0
20649, 440320, 0, 0, 0
20749, 481280, 0, 0, 0
20849, 471040, 0, 0, 0
20949, 460800, 0, 0, 0
21049, 471040, 0, 0, 0
21149, 460800, 0, 0, 0
21249, 460800, 0, 0, 0
21350, 471040, 0, 0, 0
21450, 460800, 0, 0, 0
21550, 471040, 0, 0, 0
21650, 471040, 0, 0, 0
21749, 393050, 0, 0, 0
21849, 491520, 0, 0, 0
21949, 460800, 0, 0, 0
22049, 471040, 0, 0, 0
22149, 471040, 0, 0, 0
22249, 460800, 0, 0, 0
22349, 450560, 0, 0, 0
22449, 460800, 0, 0, 0
22549, 440320, 0, 0, 0
22649, 440320, 0, 0, 0
22750, 491520, 0, 0, 0
22850, 481280, 0, 0, 0
22950, 419840, 0, 0, 0
23050, 491520, 0, 0, 0
23150, 481280, 0, 0, 0
23249, 455111, 0, 0, 0
23349, 471040, 0, 0, 0
23449, 491520, 0, 0, 0
23549, 471040, 0, 0, 0
23649, 471040, 0, 0, 0
23749, 512000, 0, 0, 0
23849, 481280, 0, 0, 0
23949, 440320, 0, 0, 0
24050, 450560, 0, 0, 0
24150, 440320, 0, 0, 0
24249, 475797, 0, 0, 0
24349, 460800, 0, 0, 0
24449, 460800, 0, 0, 0
24549, 460800, 0, 0, 0
24649, 501760, 0, 0, 0
24749, 512000, 0, 0, 0
24849, 552960, 0, 0, 0
24949, 481280, 0, 0, 0
25049, 481280, 0, 0, 0
25149, 450560, 0, 0, 0
25249, 512000, 0, 0, 0
25349, 460800, 0, 0, 0
25450, 450560, 0, 0, 0
25550, 471040, 0, 0, 0
25650, 501760, 0, 0, 0
25749, 527515, 0, 0, 0
25849, 522240, 0, 0, 0
25949, 471040, 0, 0, 0
26049, 460800, 0, 0, 0
26149, 471040, 0, 0, 0
26249, 532480, 0, 0, 0
26349, 460800, 0, 0, 0
26449, 450560, 0, 0, 0
26549, 481280, 0, 0, 0
26649, 450560, 0, 0, 0
26750, 491520, 0, 0, 0
26850, 450560, 0, 0, 0
26950, 471040, 0, 0, 0
27050, 450560, 0, 0, 0
27150, 471040, 0, 0, 0
27249, 465454, 0, 0, 0
27349, 471040, 0, 0, 0
27449, 471040, 0, 0, 0
27549, 471040, 0, 0, 0
27649, 471040, 0, 0, 0
27749, 481280, 0, 0, 0
27849, 471040, 0, 0, 0
27949, 419840, 0, 0, 0
28049, 460800, 0, 0, 0
28150, 501760, 0, 0, 0
28249, 486141, 0, 0, 0
28349, 532480, 0, 0, 0
28449, 491520, 0, 0, 0
28549, 471040, 0, 0, 0
28649, 460800, 0, 0, 0
28749, 522240, 0, 0, 0
28849, 460800, 0, 0, 0
28949, 481280, 0, 0, 0
29049, 481280, 0, 0, 0
29149, 532480, 0, 0, 0
29249, 501760, 0, 0, 0
29349, 460800, 0, 0, 0
29450, 450560, 0, 0, 0
29550, 471040, 0, 0, 0
29650, 471040, 0, 0, 0
29749, 455111, 0, 0, 0
29849, 460800, 0, 0, 0
29949, 409600, 0, 0, 0
30049, 501760, 0, 0, 0
30149, 409600, 0, 0, 0
30249, 471040, 0, 0, 0
30349, 450560, 0, 0, 0
30449, 522240, 0, 0, 0
30549, 471040, 0, 0, 0
30649, 471040, 0, 0, 0
30750, 491520, 0, 0, 0
30850, 481280, 0, 0, 0
30950, 471040, 0, 0, 0
31050, 460800, 0, 0, 0
31150, 481280, 0, 0, 0
31249, 444767, 0, 0, 0
31349, 430080, 0, 0, 0
31449, 471040, 0, 0, 0
31549, 471040, 0, 0, 0
31649, 450560, 0, 0, 0
31749, 471040, 0, 0, 0
31849, 491520, 0, 0, 0
31949, 501760, 0, 0, 0
32050, 460800, 0, 0, 0
32150, 419840, 0, 0, 0
32249, 465454, 0, 0, 0
32349, 491520, 0, 0, 0
32449, 522240, 0, 0, 0
32549, 471040, 0, 0, 0
32649, 532480, 0, 0, 0
32749, 460800, 0, 0, 0
32849, 501760, 0, 0, 0
32949, 460800, 0, 0, 0
33049, 481280, 0, 0, 0
33150, 481280, 0, 0, 0
33249, 558545, 0, 0, 0
33349, 491520, 0, 0, 0
33449, 522240, 0, 0, 0
33549, 512000, 0, 0, 0
33649, 481280, 0, 0, 0
33749, 501760, 0, 0, 0
33849, 450560, 0, 0, 0
33949, 491520, 0, 0, 0
34049, 491520, 0, 0, 0
34149, 522240, 0, 0, 0
34249, 522240, 0, 0, 0
34350, 450560, 0, 0, 0
34450, 460800, 0, 0, 0
34550, 460800, 0, 0, 0
34650, 450560, 0, 0, 0
34749, 465454, 0, 0, 0
34849, 471040, 0, 0, 0
34949, 481280, 0, 0, 0
35049, 460800, 0, 0, 0
35149, 460800, 0, 0, 0
35249, 450560, 0, 0, 0
35349, 450560, 0, 0, 0
35449, 491520, 0, 0, 0
35550, 481280, 0, 0, 0
35650, 460800, 0, 0, 0
35749, 527515, 0, 0, 0
35849, 450560, 0, 0, 0
35949, 460800, 0, 0, 0
36049, 460800, 0, 0, 0
36149, 491520, 0, 0, 0
36249, 460800, 0, 0, 0
36349, 471040, 0, 0, 0
36449, 481280, 0, 0, 0
36549, 460800, 0, 0, 0
36649, 409600, 0, 0, 0
36749, 491520, 0, 0, 0
36850, 481280, 0, 0, 0
36950, 552960, 0, 0, 0
37050, 450560, 0, 0, 0
37150, 460800, 0, 0, 0
37249, 506828, 0, 0, 0
37349, 501760, 0, 0, 0
37449, 491520, 0, 0, 0
37549, 481280, 0, 0, 0
37649, 450560, 0, 0, 0
37749, 491520, 0, 0, 0
37849, 501760, 0, 0, 0
37949, 501760, 0, 0, 0
38050, 532480, 0, 0, 0
38150, 501760, 0, 0, 0
38249, 558545, 0, 0, 0
38349, 471040, 0, 0, 0
38449, 471040, 0, 0, 0
38549, 522240, 0, 0, 0
38649, 460800, 0, 0, 0
38749, 471040, 0, 0, 0
38849, 460800, 0, 0, 0
38949, 419840, 0, 0, 0
39049, 532480, 0, 0, 0
39149, 471040, 0, 0, 0
39250, 512000, 0, 0, 0
39350, 512000, 0, 0, 0
39450, 501760, 0, 0, 0
39550, 501760, 0, 0, 0
39650, 440320, 0, 0, 0
39749, 455111, 0, 0, 0
39849, 440320, 0, 0, 0
39949, 491520, 0, 0, 0
40049, 430080, 0, 0, 0
40149, 491520, 0, 0, 0
40249, 491520, 0, 0, 0
40349, 481280, 0, 0, 0
40449, 450560, 0, 0, 0
40550, 450560, 0, 0, 0
40650, 440320, 0, 0, 0
40749, 455111, 0, 0, 0
40849, 481280, 0, 0, 0
40949, 430080, 0, 0, 0
41049, 491520, 0, 0, 0
41149, 512000, 0, 0, 0
41249, 460800, 0, 0, 0
41349, 471040, 0, 0, 0
41449, 501760, 0, 0, 0
41549, 481280, 0, 0, 0
41649, 450560, 0, 0, 0
41750, 491520, 0, 0, 0
41850, 471040, 0, 0, 0
41950, 450560, 0, 0, 0
42050, 450560, 0, 0, 0
42150, 471040, 0, 0, 0
42249, 465454, 0, 0, 0
42349, 450560, 0, 0, 0
42449, 532480, 0, 0, 0
42549, 491520, 0, 0, 0
42649, 501760, 0, 0, 0
42749, 501760, 0, 0, 0
42849, 471040, 0, 0, 0
42949, 501760, 0, 0, 0
43050, 481280, 0, 0, 0
43150, 481280, 0, 0, 0
43249, 455111, 0, 0, 0
43349, 491520, 0, 0, 0
43449, 481280, 0, 0, 0
43549, 460800, 0, 0, 0
43649, 501760, 0, 0, 0
43749, 512000, 0, 0, 0
43849, 460800, 0, 0, 0
43949, 593920, 0, 0, 0
44049, 460800, 0, 0, 0
44149, 481280, 0, 0, 0
44250, 532480, 0, 0, 0
44350, 460800, 0, 0, 0
44450, 491520, 0, 0, 0
44550, 501760, 0, 0, 0
44650, 542720, 0, 0, 0
44749, 465454, 0, 0, 0
44849, 460800, 0, 0, 0
44949, 460800, 0, 0, 0
45049, 501760, 0, 0, 0
45149, 481280, 0, 0, 0
45249, 471040, 0, 0, 0
45350, 460800, 0, 0, 0
45450, 542720, 0, 0, 0
45550, 512000, 0, 0, 0
45650, 512000, 0, 0, 0
45749, 455111, 0, 0, 0
45849, 460800, 0, 0, 0
45949, 460800, 0, 0, 0
46049, 471040, 0, 0, 0
46149, 532480, 0, 0, 0
46249, 512000, 0, 0, 0
46349, 460800, 0, 0, 0
46449, 532480, 0, 0, 0
46549, 532480, 0, 0, 0
46650, 522240, 0, 0, 0
46749, 517171, 0, 0, 0
46849, 481280, 0, 0, 0
46949, 491520, 0, 0, 0
47049, 491520, 0, 0, 0
47149, 501760, 0, 0, 0
47249, 471040, 0, 0, 0
47349, 522240, 0, 0, 0
47449, 481280, 0, 0, 0
47549, 460800, 0, 0, 0
47649, 532480, 0, 0, 0
47750, 501760, 0, 0, 0
47850, 440320, 0, 0, 0
47950, 481280, 0, 0, 0
48050, 512000, 0, 0, 0
48150, 501760, 0, 0, 0
48249, 486141, 0, 0, 0
48349, 460800, 0, 0, 0
48449, 471040, 0, 0, 0
48549, 501760, 0, 0, 0
48649, 481280, 0, 0, 0
48749, 460800, 0, 0, 0
48849, 522240, 0, 0, 0
48949, 501760, 0, 0, 0
49050, 491520, 0, 0, 0
49150, 460800, 0, 0, 0
49249, 475797, 0, 0, 0
49349, 471040, 0, 0, 0
49449, 501760, 0, 0, 0
49549, 491520, 0, 0, 0
49649, 481280, 0, 0, 0
49749, 471040, 0, 0, 0
49849, 440320, 0, 0, 0
49949, 481280, 0, 0, 0
50049, 501760, 0, 0, 0
50149, 532480, 0, 0, 0
50250, 450560, 0, 0, 0
50350, 460800, 0, 0, 0
50450, 481280, 0, 0, 0
50550, 481280, 0, 0, 0
50650, 481280, 0, 0, 0
50749, 506828, 0, 0, 0
50849, 481280, 0, 0, 0
50949, 460800, 0, 0, 0
51049, 460800, 0, 0, 0
51149, 522240, 0, 0, 0
51249, 460800, 0, 0, 0
51350, 450560, 0, 0, 0
51450, 471040, 0, 0, 0
51550, 491520, 0, 0, 0
51650, 471040, 0, 0, 0
51749, 455111, 0, 0, 0
51849, 440320, 0, 0, 0
51949, 481280, 0, 0, 0
52049, 542720, 0, 0, 0
52149, 481280, 0, 0, 0
52249, 481280, 0, 0, 0
52349, 491520, 0, 0, 0
52449, 512000, 0, 0, 0
52550, 481280, 0, 0, 0
52650, 460800, 0, 0, 0
52749, 486141, 0, 0, 0
52849, 460800, 0, 0, 0
52949, 542720, 0, 0, 0
53049, 481280, 0, 0, 0
53149, 501760, 0, 0, 0
53249, 481280, 0, 0, 0
53349, 491520, 0, 0, 0
53449, 491520, 0, 0, 0
53549, 512000, 0, 0, 0
53649, 481280, 0, 0, 0
53750, 501760, 0, 0, 0
53850, 491520, 0, 0, 0
53950, 460800, 0, 0, 0
54050, 532480, 0, 0, 0
54150, 481280, 0, 0, 0
54249, 424080, 0, 0, 0
54349, 491520, 0, 0, 0
54449, 471040, 0, 0, 0
54549, 542720, 0, 0, 0
54649, 491520, 0, 0, 0
54749, 542720, 0, 0, 0
54849, 532480, 0, 0, 0
54949, 532480, 0, 0, 0
55050, 460800, 0, 0, 0
55150, 501760, 0, 0, 0
55249, 579232, 0, 0, 0
55349, 542720, 0, 0, 0
55449, 522240, 0, 0, 0
55549, 501760, 0, 0, 0
55649, 450560, 0, 0, 0
55749, 491520, 0, 0, 0
55849, 460800, 0, 0, 0
55949, 430080, 0, 0, 0
56049, 491520, 0, 0, 0
56149, 522240, 0, 0, 0
56249, 512000, 0, 0, 0
56349, 512000, 0, 0, 0
56450, 481280, 0, 0, 0
56550, 501760, 0, 0, 0
56650, 532480, 0, 0, 0
56749, 527515, 0, 0, 0
56849, 522240, 0, 0, 0
56949, 512000, 0, 0, 0
57049, 481280, 0, 0, 0
57149, 471040, 0, 0, 0
57249, 501760, 0, 0, 0
57349, 491520, 0, 0, 0
57449, 430080, 0, 0, 0
57549, 460800, 0, 0, 0
57649, 542720, 0, 0, 0
57750, 481280, 0, 0, 0
57850, 450560, 0, 0, 0
57950, 460800, 0, 0, 0
58050, 491520, 0, 0, 0
58150, 501760, 0, 0, 0
58249, 527515, 0, 0, 0
58349, 501760, 0, 0, 0
58449, 481280, 0, 0, 0
58549, 430080, 0, 0, 0
58649, 501760, 0, 0, 0
58749, 481280, 0, 0, 0
58849, 522240, 0, 0, 0
58950, 512000, 0, 0, 0
59050, 532480, 0, 0, 0
59150, 542720, 0, 0, 0
59249, 475797, 0, 0, 0
59349, 512000, 0, 0, 0
59449, 471040, 0, 0, 0
59549, 491520, 0, 0, 0
59649, 450560, 0, 0, 0
59749, 440320, 0, 0, 0
59849, 481280, 0, 0, 0
59949, 491520, 0, 0, 0
