100, 6445, 0, 0, 0
200, 6181, 0, 0, 0
300, 6321, 0, 0, 0
400, 6467, 0, 0, 0
500, 6029, 0, 0, 0
600, 5953, 0, 0, 0
701, 6744, 0, 0, 0
800, 6100, 0, 0, 0
900, 6402, 0, 0, 0
1000, 6310, 0, 0, 0
1100, 6029, 0, 0, 0
1200, 6323, 0, 0, 0
1300, 6200, 0, 0, 0
1400, 6608, 0, 0, 0
1500, 6168, 0, 0, 0
1600, 6246, 0, 0, 0
1700, 6125, 0, 0, 0
1800, 6748, 0, 0, 0
1900, 6030, 0, 0, 0
2000, 6540, 0, 0, 0
2100, 6099, 0, 0, 0
2200, 6070, 0, 0, 0
2300, 6373, 0, 0, 0
2400, 6288, 0, 0, 0
2500, 6166, 0, 0, 0
2600, 6548, 0, 0, 0
2700, 6312, 0, 0, 0
2801, 6318, 0, 0, 0
2900, 6370, 0, 0, 0
3000, 6260, 0, 0, 0
3100, 6403, 0, 0, 0
3200, 5880, 0, 0, 0
3300, 5994, 0, 0, 0
3400, 6038, 0, 0, 0
3500, 6113, 0, 0, 0
3600, 6423, 0, 0, 0
3700, 6224, 0, 0, 0
3800, 6296, 0, 0, 0
3900, 6436, 0, 0, 0
4000, 6534, 0, 0, 0
4100, 6404, 0, 0, 0
4200, 6446, 0, 0, 0
4300, 6205, 0, 0, 0
4400, 6514, 0, 0, 0
4500, 5977, 0, 0, 0
4600, 6210, 0, 0, 0
4700, 6206, 0, 0, 0
4800, 6588, 0, 0, 0
4900, 5977, 0, 0, 0
5000, 6277, 0, 0, 0
5100, 6384, 0, 0, 0
5200, 6295, 0, 0, 0
5300, 6426, 0, 0, 0
5401, 6261, 0, 0, 0
5500, 6313, 0, 0, 0
5600, 5931, 0, 0, 0
5700, 6208, 0, 0, 0
5800, 6309, 0, 0, 0
5900, 5790, 0, 0, 0
6000, 5945, 0, 0, 0
6100, 6062, 0, 0, 0
6200, 6373, 0, 0, 0
6300, 6275, 0, 0, 0
6400, 6009, 0, 0, 0
6500, 6617, 0, 0, 0
6600, 6183, 0, 0, 0
6700, 6279, 0, 0, 0
6800, 6116, 0, 0, 0
6900, 6297, 0, 0, 0
7000, 5949, 0, 0, 0
7101, 6361, 0, 0, 0
7200, 6012, 0, 0, 0
7300, 6272, 0, 0, 0
7400, 6010, 0, 0, 0
7500, 6329, 0, 0, 0
7600, 6384, 0, 0, 0
7700, 6460, 0, 0, 0
7800, 6226, 0, 0, 0
7900, 6522, 0, 0, 0
8000, 6132, 0, 0, 0
8100, 6251, 0, 0, 0
8200, 6220, 0, 0, 0
8300, 6462, 0, 0, 0
8400, 6513, 0, 0, 0
8500, 6296, 0, 0, 0
8600, 6421, 0, 0, 0
8700, 6019, 0, 0, 0
8800, 6424, 0, 0, 0
8900, 6504, 0, 0, 0
9000, 6247, 0, 0, 0
9100, 6351, 0, 0, 0
9201, 6039, 0, 0, 0
9300, 6255, 0, 0, 0
9400, 6357, 0, 0, 0
9500, 6198, 0, 0, 0
9600, 6230, 0, 0, 0
9700, 6328, 0, 0, 0
9800, 6307, 0, 0, 0
9900, 6484, 0, 0, 0
10000, 6207, 0, 0, 0
10100, 6114, 0, 0, 0
10200, 6234, 0, 0, 0
10300, 5999, 0, 0, 0
10400, 6068, 0, 0, 0
10500, 6014, 0, 0, 0
10600, 6228, 0, 0, 0
10700, 6055, 0, 0, 0
10800, 5999, 0, 0, 0
10900, 6040, 0, 0, 0
11000, 6408, 0, 0, 0
11100, 5823, 0, 0, 0
11200, 6110, 0, 0, 0
11300, 6334, 0, 0, 0
11400, 6097, 0, 0, 0
11500, 6247, 0, 0, 0
11600, 6333, 0, 0, 0
11700, 6210, 0, 0, 0
11800, 6143, 0, 0, 0
11900, 6264, 0, 0, 0
12000, 6291, 0, 0, 0
12100, 6392, 0, 0, 0
12200, 6203, 0, 0, 0
12300, 6289, 0, 0, 0
12400, 6286, 0, 0, 0
12500, 6808, 0, 0, 0
12600, 6493, 0, 0, 0
12700, 6658, 0, 0, 0
12800, 6495, 0, 0, 0
12900, 6011, 0, 0, 0
13000, 6205, 0, 0, 0
13100, 6386, 0, 0, 0
13200, 6179, 0, 0, 0
13300, 6393, 0, 0, 0
13400, 6320, 0, 0, 0
13500, 6370, 0, 0, 0
13600, 6167, 0, 0, 0
13700, 6205, 0, 0, 0
13800, 6147, 0, 0, 0
13900, 6165, 0, 0, 0
14000, 6375, 0, 0, 0
14100, 6103, 0, 0, 0
14200, 6685, 0, 0, 0
14300, 6336, 0, 0, 0
14400, 6260, 0, 0, 0
14500, 5645, 0, 0, 0
14600, 6205, 0, 0, 0
14700, 6240, 0, 0, 0
14800, 6579, 0, 0, 0
14900, 6636, 0, 0, 0
15000, 6391, 0, 0, 0
15100, 6481, 0, 0, 0
15200, 6023, 0, 0, 0
15300, 6387, 0, 0, 0
15400, 6293, 0, 0, 0
15500, 5925, 0, 0, 0
15600, 6095, 0, 0, 0
15700, 6455, 0, 0, 0
15800, 6434, 0, 0, 0
15900, 6446, 0, 0, 0
16000, 5918, 0, 0, 0
16100, 6368, 0, 0, 0
16200, 6589, 0, 0, 0
16300, 6230, 0, 0, 0
16400, 6142, 0, 0, 0
16500, 6022, 0, 0, 0
16600, 6213, 0, 0, 0
16700, 6513, 0, 0, 0
16800, 6537, 0, 0, 0
16900, 6357, 0, 0, 0
17000, 6194, 0, 0, 0
17100, 5721, 0, 0, 0
17200, 6100, 0, 0, 0
17300, 6465, 0, 0, 0
17400, 6007, 0, 0, 0
17500, 6236, 0, 0, 0
17600, 6577, 0, 0, 0
17700, 6409, 0, 0, 0
17800, 6383, 0, 0, 0
17900, 6563, 0, 0, 0
18000, 6961, 0, 0, 0
18100, 6262, 0, 0, 0
18200, 6260, 0, 0, 0
18300, 6265, 0, 0, 0
18400, 6588, 0, 0, 0
18500, 6411, 0, 0, 0
18600, 6337, 0, 0, 0
18700, 6203, 0, 0, 0
18800, 6506, 0, 0, 0
18900, 6526, 0, 0, 0
19001, 6262, 0, 0, 0
19100, 6394, 0, 0, 0
19200, 6249, 0, 0, 0
19301, 6466, 0, 0, 0
19400, 5981, 0, 0, 0
19500, 6355, 0, 0, 0
19600, 6137, 0, 0, 0
19700, 6327, 0, 0, 0
19800, 6339, 0, 0, 0
19900, 6594, 0, 0, 0
20000, 6183, 0, 0, 0
20100, 6372, 0, 0, 0
20200, 6030, 0, 0, 0
20300, 6373, 0, 0, 0
20400, 6525, 0, 0, 0
20500, 6206, 0, 0, 0
20600, 6240, 0, 0, 0
20700, 6358, 0, 0, 0
20800, 6188, 0, 0, 0
20900, 6480, 0, 0, 0
21000, 6497, 0, 0, 0
21100, 6153, 0, 0, 0
21200, 6300, 0, 0, 0
21300, 6274, 0, 0, 0
21400, 6414, 0, 0, 0
21500, 6654, 0, 0, 0
21600, 6416, 0, 0, 0
21700, 6161, 0, 0, 0
21800, 6234, 0, 0, 0
21900, 6464, 0, 0, 0
22000, 6520, 0, 0, 0
22100, 6207, 0, 0, 0
22200, 6026, 0, 0, 0
22300, 6415, 0, 0, 0
22400, 6208, 0, 0, 0
22500, 6442, 0, 0, 0
22600, 6169, 0, 0, 0
22700, 6233, 0, 0, 0
22800, 6209, 0, 0, 0
22900, 6339, 0, 0, 0
23000, 6300, 0, 0, 0
23100, 6468, 0, 0, 0
23200, 6168, 0, 0, 0
23300, 6529, 0, 0, 0
23400, 6291, 0, 0, 0
23500, 5940, 0, 0, 0
23600, 6319, 0, 0, 0
23700, 6440, 0, 0, 0
23800, 6008, 0, 0, 0
23900, 5940, 0, 0, 0
24000, 6273, 0, 0, 0
24100, 6356, 0, 0, 0
24200, 6559, 0, 0, 0
24300, 6715, 0, 0, 0
24400, 6261, 0, 0, 0
24500, 6298, 0, 0, 0
24600, 6474, 0, 0, 0
24700, 6261, 0, 0, 0
24800, 6296, 0, 0, 0
24901, 6436, 0, 0, 0
25000, 5881, 0, 0, 0
25100, 6622, 0, 0, 0
25200, 6288, 0, 0, 0
25300, 6440, 0, 0, 0
25400, 6336, 0, 0, 0
25500, 6240, 0, 0, 0
25600, 6175, 0, 0, 0
25700, 6229, 0, 0, 0
25800, 6378, 0, 0, 0
25900, 6289, 0, 0, 0
26000, 6276, 0, 0, 0
26100, 6408, 0, 0, 0
26200, 6289, 0, 0, 0
26300, 6346, 0, 0, 0
26400, 6239, 0, 0, 0
26500, 6446, 0, 0, 0
26600, 6132, 0, 0, 0
26700, 6206, 0, 0, 0
26800, 6326, 0, 0, 0
26900, 6570, 0, 0, 0
27000, 6234, 0, 0, 0
27100, 6494, 0, 0, 0
27200, 6455, 0, 0, 0
27300, 6255, 0, 0, 0
27401, 6014, 0, 0, 0
27500, 6194, 0, 0, 0
27600, 5984, 0, 0, 0
27700, 6252, 0, 0, 0
27800, 6720, 0, 0, 0
27900, 6339, 0, 0, 0
28000, 6400, 0, 0, 0
28100, 6463, 0, 0, 0
28200, 6380, 0, 0, 0
28300, 6132, 0, 0, 0
28400, 6631, 0, 0, 0
28500, 6676, 0, 0, 0
28600, 6564, 0, 0, 0
28700, 6297, 0, 0, 0
28800, 6676, 0, 0, 0
28900, 6311, 0, 0, 0
29000, 6010, 0, 0, 0
29100, 6251, 0, 0, 0
29200, 6073, 0, 0, 0
29300, 6612, 0, 0, 0
29400, 6190, 0, 0, 0
29500, 6813, 0, 0, 0
29600, 6237, 0, 0, 0
29700, 6099, 0, 0, 0
29800, 6328, 0, 0, 0
29900, 6498, 0, 0, 0
30000, 6420, 0, 0, 0
30100, 6444, 0, 0, 0
30200, 6470, 0, 0, 0
30300, 6193, 0, 0, 0
30400, 6366, 0, 0, 0
30500, 6538, 0, 0, 0
30600, 6545, 0, 0, 0
30700, 6260, 0, 0, 0
30800, 6450, 0, 0, 0
30900, 6114, 0, 0, 0
31000, 6170, 0, 0, 0
31100, 6239, 0, 0, 0
31200, 6254, 0, 0, 0
31300, 6618, 0, 0, 0
31400, 6197, 0, 0, 0
31500, 6107, 0, 0, 0
31600, 6246, 0, 0, 0
31700, 6096, 0, 0, 0
31800, 6210, 0, 0, 0
31900, 6117, 0, 0, 0
32000, 6134, 0, 0, 0
32100, 6452, 0, 0, 0
32200, 6371, 0, 0, 0
32300, 6267, 0, 0, 0
32400, 6051, 0, 0, 0
32500, 6690, 0, 0, 0
32600, 6230, 0, 0, 0
32701, 6231, 0, 0, 0
32800, 6313, 0, 0, 0
32900, 6601, 0, 0, 0
33001, 6254, 0, 0, 0
33100, 6442, 0, 0, 0
33200, 6091, 0, 0, 0
33300, 6642, 0, 0, 0
33400, 6407, 0, 0, 0
33500, 6182, 0, 0, 0
33600, 6011, 0, 0, 0
33700, 6565, 0, 0, 0
33800, 6341, 0, 0, 0
33900, 6898, 0, 0, 0
34000, 6197, 0, 0, 0
34100, 6001, 0, 0, 0
34200, 6601, 0, 0, 0
34300, 6391, 0, 0, 0
34400, 6563, 0, 0, 0
34500, 6096, 0, 0, 0
34601, 6422, 0, 0, 0
34700, 6056, 0, 0, 0
34800, 6439, 0, 0, 0
34900, 6517, 0, 0, 0
35000, 6305, 0, 0, 0
35100, 6366, 0, 0, 0
35200, 6217, 0, 0, 0
35300, 6417, 0, 0, 0
35400, 6594, 0, 0, 0
35500, 6378, 0, 0, 0
35600, 6589, 0, 0, 0
35700, 6316, 0, 0, 0
35800, 6325, 0, 0, 0
35900, 6113, 0, 0, 0
36000, 6575, 0, 0, 0
36100, 6404, 0, 0, 0
36200, 6496, 0, 0, 0
36301, 6326, 0, 0, 0
36400, 6406, 0, 0, 0
36500, 6062, 0, 0, 0
36600, 6276, 0, 0, 0
36700, 7864, 0, 0, 0
36800, 6232, 0, 0, 0
36900, 6315, 0, 0, 0
37000, 6296, 0, 0, 0
37100, 6207, 0, 0, 0
37200, 6293, 0, 0, 0
37300, 6652, 0, 0, 0
37400, 6288, 0, 0, 0
37500, 6537, 0, 0, 0
37600, 6606, 0, 0, 0
37700, 6602, 0, 0, 0
37800, 6440, 0, 0, 0
37900, 6343, 0, 0, 0
38000, 6246, 0, 0, 0
38100, 6565, 0, 0, 0
38200, 6279, 0, 0, 0
38300, 6062, 0, 0, 0
38400, 6275, 0, 0, 0
38500, 6341, 0, 0, 0
38600, 6618, 0, 0, 0
38700, 6285, 0, 0, 0
38800, 6349, 0, 0, 0
38900, 6451, 0, 0, 0
39000, 6333, 0, 0, 0
39100, 6455, 0, 0, 0
39200, 6438, 0, 0, 0
39300, 6338, 0, 0, 0
39400, 6501, 0, 0, 0
39500, 6356, 0, 0, 0
39600, 6478, 0, 0, 0
39700, 7276, 0, 0, 0
39800, 6707, 0, 0, 0
39900, 6384, 0, 0, 0
40000, 6395, 0, 0, 0
40100, 6163, 0, 0, 0
40200, 5879, 0, 0, 0
40300, 6205, 0, 0, 0
40400, 6694, 0, 0, 0
40500, 6513, 0, 0, 0
40600, 6140, 0, 0, 0
40700, 6217, 0, 0, 0
40800, 6619, 0, 0, 0
40900, 6569, 0, 0, 0
41000, 6463, 0, 0, 0
41100, 6189, 0, 0, 0
41200, 6302, 0, 0, 0
41300, 6350, 0, 0, 0
41400, 6316, 0, 0, 0
41500, 6176, 0, 0, 0
41600, 6120, 0, 0, 0
41700, 6535, 0, 0, 0
41801, 6043, 0, 0, 0
41900, 6339, 0, 0, 0
42000, 6488, 0, 0, 0
42100, 6372, 0, 0, 0
42200, 6469, 0, 0, 0
42300, 6862, 0, 0, 0
42400, 6563, 0, 0, 0
42500, 6526, 0, 0, 0
42600, 6498, 0, 0, 0
42700, 6121, 0, 0, 0
42800, 6521, 0, 0, 0
42900, 6384, 0, 0, 0
43000, 6291, 0, 0, 0
43100, 6457, 0, 0, 0
43200, 6469, 0, 0, 0
43300, 6102, 0, 0, 0
43400, 6587, 0, 0, 0
43500, 6066, 0, 0, 0
43600, 6281, 0, 0, 0
43700, 6458, 0, 0, 0
43800, 6247, 0, 0, 0
43900, 6263, 0, 0, 0
44000, 6336, 0, 0, 0
44100, 6666, 0, 0, 0
44200, 6391, 0, 0, 0
44300, 6305, 0, 0, 0
44400, 6279, 0, 0, 0
44500, 6548, 0, 0, 0
44600, 6376, 0, 0, 0
44700, 6447, 0, 0, 0
44800, 6356, 0, 0, 0
44900, 6671, 0, 0, 0
45000, 6189, 0, 0, 0
45100, 6218, 0, 0, 0
45200, 6180, 0, 0, 0
45300, 6217, 0, 0, 0
45400, 6372, 0, 0, 0
45500, 6208, 0, 0, 0
45600, 6218, 0, 0, 0
45700, 6478, 0, 0, 0
45800, 6905, 0, 0, 0
45900, 6247, 0, 0, 0
46000, 6284, 0, 0, 0
46101, 6532, 0, 0, 0
46200, 6323, 0, 0, 0
46300, 6830, 0, 0, 0
46400, 6340, 0, 0, 0
46500, 6525, 0, 0, 0
46600, 6176, 0, 0, 0
46700, 6526, 0, 0, 0
46800, 6394, 0, 0, 0
46900, 6321, 0, 0, 0
47001, 6462, 0, 0, 0
47100, 6272, 0, 0, 0
47200, 6443, 0, 0, 0
47300, 6373, 0, 0, 0
47400, 6300, 0, 0, 0
47500, 6215, 0, 0, 0
47600, 6243, 0, 0, 0
47700, 6675, 0, 0, 0
47800, 6199, 0, 0, 0
47900, 6271, 0, 0, 0
48000, 6246, 0, 0, 0
48100, 6433, 0, 0, 0
48201, 6817, 0, 0, 0
48300, 6699, 0, 0, 0
48400, 6647, 0, 0, 0
48500, 6535, 0, 0, 0
48600, 6201, 0, 0, 0
48700, 6375, 0, 0, 0
48800, 6437, 0, 0, 0
48900, 6405, 0, 0, 0
49000, 6697, 0, 0, 0
49100, 6467, 0, 0, 0
49200, 6561, 0, 0, 0
49300, 6688, 0, 0, 0
49400, 5963, 0, 0, 0
49500, 6919, 0, 0, 0
49600, 6166, 0, 0, 0
49700, 6685, 0, 0, 0
49800, 6233, 0, 0, 0
49900, 6382, 0, 0, 0
50000, 6281, 0, 0, 0
50100, 6357, 0, 0, 0
50200, 6430, 0, 0, 0
50300, 6254, 0, 0, 0
50400, 6507, 0, 0, 0
50500, 7196, 0, 0, 0
50600, 6265, 0, 0, 0
50700, 6266, 0, 0, 0
50800, 6320, 0, 0, 0
50900, 6236, 0, 0, 0
51000, 6111, 0, 0, 0
51100, 6418, 0, 0, 0
51200, 6180, 0, 0, 0
51300, 6248, 0, 0, 0
51400, 6543, 0, 0, 0
51500, 6672, 0, 0, 0
51600, 6403, 0, 0, 0
51700, 6512, 0, 0, 0
51800, 6075, 0, 0, 0
51900, 6316, 0, 0, 0
52000, 6345, 0, 0, 0
52100, 6282, 0, 0, 0
52200, 6256, 0, 0, 0
52300, 6852, 0, 0, 0
52401, 6245, 0, 0, 0
52500, 6042, 0, 0, 0
52600, 6456, 0, 0, 0
52700, 6212, 0, 0, 0
52800, 6743, 0, 0, 0
52900, 6121, 0, 0, 0
53000, 6411, 0, 0, 0
53100, 6388, 0, 0, 0
53200, 6080, 0, 0, 0
53300, 6477, 0, 0, 0
53400, 6401, 0, 0, 0
53500, 6453, 0, 0, 0
53600, 6330, 0, 0, 0
53700, 6001, 0, 0, 0
53800, 6607, 0, 0, 0
53900, 6637, 0, 0, 0
54000, 6739, 0, 0, 0
54100, 6332, 0, 0, 0
54200, 6376, 0, 0, 0
54300, 6261, 0, 0, 0
54400, 6292, 0, 0, 0
54500, 6472, 0, 0, 0
54600, 6125, 0, 0, 0
54700, 6181, 0, 0, 0
54800, 6705, 0, 0, 0
54900, 6421, 0, 0, 0
55000, 6948, 0, 0, 0
55100, 6277, 0, 0, 0
55200, 6722, 0, 0, 0
55300, 6247, 0, 0, 0
55400, 6328, 0, 0, 0
55500, 6280, 0, 0, 0
55600, 6408, 0, 0, 0
55700, 6427, 0, 0, 0
55800, 6338, 0, 0, 0
55900, 6347, 0, 0, 0
56000, 6114, 0, 0, 0
56100, 5904, 0, 0, 0
56200, 6095, 0, 0, 0
56300, 5906, 0, 0, 0
56400, 6428, 0, 0, 0
56500, 5962, 0, 0, 0
56600, 6502, 0, 0, 0
56700, 6412, 0, 0, 0
56801, 6250, 0, 0, 0
56900, 6531, 0, 0, 0
57000, 6755, 0, 0, 0
57100, 6174, 0, 0, 0
57200, 6528, 0, 0, 0
57300, 6108, 0, 0, 0
57400, 6322, 0, 0, 0
57500, 6711, 0, 0, 0
57600, 5920, 0, 0, 0
57700, 6246, 0, 0, 0
57800, 6236, 0, 0, 0
57900, 6122, 0, 0, 0
58000, 6428, 0, 0, 0
58100, 6578, 0, 0, 0
58200, 6457, 0, 0, 0
58300, 6820, 0, 0, 0
58400, 6583, 0, 0, 0
58500, 6152, 0, 0, 0
58600, 6469, 0, 0, 0
58700, 6229, 0, 0, 0
58800, 6334, 0, 0, 0
58900, 6316, 0, 0, 0
59000, 6195, 0, 0, 0
59100, 6642, 0, 0, 0
59200, 6407, 0, 0, 0
59300, 6501, 0, 0, 0
59400, 6099, 0, 0, 0
59500, 6289, 0, 0, 0
59600, 6162, 0, 0, 0
59700, 6225, 0, 0, 0
59800, 6511, 0, 0, 0
59900, 6205, 0, 0, 0
60000, 6318, 0, 0, 0
60100, 6201, 0, 0, 0
60200, 6828, 0, 0, 0
60301, 6392, 0, 0, 0
60400, 6157, 0, 0, 0
60500, 6342, 0, 0, 0
60600, 6486, 0, 0, 0
60700, 5903, 0, 0, 0
60800, 6324, 0, 0, 0
60900, 6077, 0, 0, 0
61000, 6210, 0, 0, 0
61100, 6486, 0, 0, 0
61200, 6603, 0, 0, 0
61300, 6238, 0, 0, 0
61400, 6519, 0, 0, 0
61500, 6371, 0, 0, 0
61600, 6281, 0, 0, 0
61700, 6390, 0, 0, 0
61800, 6574, 0, 0, 0
61900, 6432, 0, 0, 0
62000, 6604, 0, 0, 0
62100, 6267, 0, 0, 0
62200, 6101, 0, 0, 0
62300, 6251, 0, 0, 0
62400, 6223, 0, 0, 0
62500, 6616, 0, 0, 0
62600, 6480, 0, 0, 0
62700, 6374, 0, 0, 0
62800, 6324, 0, 0, 0
62900, 6527, 0, 0, 0
63000, 6160, 0, 0, 0
63100, 6767, 0, 0, 0
63200, 6416, 0, 0, 0
63300, 6485, 0, 0, 0
63400, 6504, 0, 0, 0
63500, 6681, 0, 0, 0
63600, 6378, 0, 0, 0
63700, 6327, 0, 0, 0
63800, 6616, 0, 0, 0
63900, 6793, 0, 0, 0
64000, 6565, 0, 0, 0
64100, 6578, 0, 0, 0
64200, 6018, 0, 0, 0
64300, 6265, 0, 0, 0
64400, 6674, 0, 0, 0
64500, 6365, 0, 0, 0
64600, 6564, 0, 0, 0
64700, 6298, 0, 0, 0
64800, 6533, 0, 0, 0
64900, 6134, 0, 0, 0
65000, 6455, 0, 0, 0
65100, 6169, 0, 0, 0
65200, 5879, 0, 0, 0
65300, 5983, 0, 0, 0
65400, 6515, 0, 0, 0
65500, 6546, 0, 0, 0
65600, 6389, 0, 0, 0
65700, 6681, 0, 0, 0
65800, 6522, 0, 0, 0
65900, 6493, 0, 0, 0
66000, 6221, 0, 0, 0
66100, 6219, 0, 0, 0
66200, 6276, 0, 0, 0
66300, 6683, 0, 0, 0
66400, 6733, 0, 0, 0
66500, 6462, 0, 0, 0
66600, 6271, 0, 0, 0
66700, 6407, 0, 0, 0
66801, 5972, 0, 0, 0
66900, 6240, 0, 0, 0
67000, 6437, 0, 0, 0
67100, 6340, 0, 0, 0
67200, 6538, 0, 0, 0
67300, 6381, 0, 0, 0
67400, 6639, 0, 0, 0
67500, 6760, 0, 0, 0
67600, 5854, 0, 0, 0
67700, 6226, 0, 0, 0
67800, 6435, 0, 0, 0
67900, 6284, 0, 0, 0
68000, 6559, 0, 0, 0
68100, 6174, 0, 0, 0
68200, 6134, 0, 0, 0
68300, 6392, 0, 0, 0
68401, 6556, 0, 0, 0
68500, 6265, 0, 0, 0
68600, 6469, 0, 0, 0
68700, 6155, 0, 0, 0
68800, 6030, 0, 0, 0
68900, 6017, 0, 0, 0
69000, 6430, 0, 0, 0
69100, 6315, 0, 0, 0
69200, 6143, 0, 0, 0
69301, 6095, 0, 0, 0
69400, 6501, 0, 0, 0
69500, 6528, 0, 0, 0
69600, 6176, 0, 0, 0
69700, 6454, 0, 0, 0
69800, 6547, 0, 0, 0
69900, 6895, 0, 0, 0
70000, 6198, 0, 0, 0
70101, 6281, 0, 0, 0
70200, 6450, 0, 0, 0
70300, 6479, 0, 0, 0
70400, 6709, 0, 0, 0
70500, 6420, 0, 0, 0
70600, 6443, 0, 0, 0
70700, 6496, 0, 0, 0
70800, 6564, 0, 0, 0
70900, 6128, 0, 0, 0
71000, 6421, 0, 0, 0
71100, 6472, 0, 0, 0
71200, 6284, 0, 0, 0
71300, 6630, 0, 0, 0
71400, 6413, 0, 0, 0
71500, 6529, 0, 0, 0
71600, 6114, 0, 0, 0
71700, 6230, 0, 0, 0
71800, 6682, 0, 0, 0
71900, 6550, 0, 0, 0
72000, 6115, 0, 0, 0
72100, 6547, 0, 0, 0
72200, 6116, 0, 0, 0
72300, 6709, 0, 0, 0
72400, 6842, 0, 0, 0
72500, 6583, 0, 0, 0
72600, 6335, 0, 0, 0
72701, 6555, 0, 0, 0
72800, 6142, 0, 0, 0
72900, 6534, 0, 0, 0
73000, 6172, 0, 0, 0
73100, 6976, 0, 0, 0
73200, 6908, 0, 0, 0
73300, 6680, 0, 0, 0
73400, 6522, 0, 0, 0
73500, 6263, 0, 0, 0
73600, 6397, 0, 0, 0
73700, 6759, 0, 0, 0
73800, 6230, 0, 0, 0
73900, 6637, 0, 0, 0
74000, 6621, 0, 0, 0
74100, 6474, 0, 0, 0
74200, 6537, 0, 0, 0
74300, 6984, 0, 0, 0
74400, 6507, 0, 0, 0
74501, 6587, 0, 0, 0
74600, 6965, 0, 0, 0
74700, 6147, 0, 0, 0
74800, 6549, 0, 0, 0
74900, 6648, 0, 0, 0
75000, 6329, 0, 0, 0
75100, 6705, 0, 0, 0
75200, 6230, 0, 0, 0
75301, 6697, 0, 0, 0
75400, 6931, 0, 0, 0
75500, 6860, 0, 0, 0
75600, 6453, 0, 0, 0
75700, 5923, 0, 0, 0
75800, 6353, 0, 0, 0
75900, 6548, 0, 0, 0
76000, 6720, 0, 0, 0
76100, 6420, 0, 0, 0
76202, 6070, 0, 0, 0
76300, 6374, 0, 0, 0
76400, 6404, 0, 0, 0
76500, 6550, 0, 0, 0
76600, 6649, 0, 0, 0
76700, 6473, 0, 0, 0
76800, 6610, 0, 0, 0
76900, 6247, 0, 0, 0
77000, 6302, 0, 0, 0
77100, 6278, 0, 0, 0
77200, 6770, 0, 0, 0
77300, 6543, 0, 0, 0
77400, 6540, 0, 0, 0
77500, 6202, 0, 0, 0
77600, 6501, 0, 0, 0
77700, 6549, 0, 0, 0
77800, 6431, 0, 0, 0
77900, 7054, 0, 0, 0
78000, 6641, 0, 0, 0
78100, 6543, 0, 0, 0
78201, 6155, 0, 0, 0
78300, 6271, 0, 0, 0
78400, 6429, 0, 0, 0
78500, 6469, 0, 0, 0
78600, 6368, 0, 0, 0
78700, 6756, 0, 0, 0
78800, 6623, 0, 0, 0
78900, 6503, 0, 0, 0
79000, 6509, 0, 0, 0
79100, 6949, 0, 0, 0
79201, 6625, 0, 0, 0
79300, 6786, 0, 0, 0
79400, 6544, 0, 0, 0
79500, 6242, 0, 0, 0
79600, 6557, 0, 0, 0
79700, 6395, 0, 0, 0
79800, 6771, 0, 0, 0
79900, 6174, 0, 0, 0
80000, 6367, 0, 0, 0
80100, 8076, 0, 0, 0
80200, 6386, 0, 0, 0
80300, 6347, 0, 0, 0
80400, 6594, 0, 0, 0
80500, 6670, 0, 0, 0
80600, 6492, 0, 0, 0
80700, 6457, 0, 0, 0
80800, 6468, 0, 0, 0
80900, 6314, 0, 0, 0
81000, 6417, 0, 0, 0
81100, 6500, 0, 0, 0
81200, 6513, 0, 0, 0
81300, 6538, 0, 0, 0
81400, 6309, 0, 0, 0
81500, 6455, 0, 0, 0
81600, 6255, 0, 0, 0
81700, 6250, 0, 0, 0
81800, 6282, 0, 0, 0
81900, 6348, 0, 0, 0
82000, 6369, 0, 0, 0
82100, 6552, 0, 0, 0
82200, 6879, 0, 0, 0
82301, 5729, 0, 0, 0
82400, 6571, 0, 0, 0
82500, 6577, 0, 0, 0
82600, 6950, 0, 0, 0
82700, 6401, 0, 0, 0
82800, 6410, 0, 0, 0
82900, 6564, 0, 0, 0
83000, 6699, 0, 0, 0
83100, 6478, 0, 0, 0
83200, 6254, 0, 0, 0
83300, 6356, 0, 0, 0
83400, 6701, 0, 0, 0
83500, 6461, 0, 0, 0
83600, 6289, 0, 0, 0
83701, 6020, 0, 0, 0
83800, 6525, 0, 0, 0
83900, 6696, 0, 0, 0
84000, 6732, 0, 0, 0
84100, 6357, 0, 0, 0
84200, 6425, 0, 0, 0
84300, 6250, 0, 0, 0
84400, 6494, 0, 0, 0
84500, 6228, 0, 0, 0
84600, 6154, 0, 0, 0
84700, 6539, 0, 0, 0
84800, 6663, 0, 0, 0
84900, 6375, 0, 0, 0
85000, 6015, 0, 0, 0
85100, 6189, 0, 0, 0
85201, 6380, 0, 0, 0
85300, 6466, 0, 0, 0
85400, 6307, 0, 0, 0
85500, 6562, 0, 0, 0
85600, 6720, 0, 0, 0
85701, 6387, 0, 0, 0
85800, 6319, 0, 0, 0
85900, 6571, 0, 0, 0
86000, 5913, 0, 0, 0
86100, 6676, 0, 0, 0
86200, 6375, 0, 0, 0
86300, 6470, 0, 0, 0
86400, 6271, 0, 0, 0
86500, 6360, 0, 0, 0
86600, 6565, 0, 0, 0
86700, 6407, 0, 0, 0
86800, 6268, 0, 0, 0
86900, 6055, 0, 0, 0
87000, 6535, 0, 0, 0
87100, 6444, 0, 0, 0
87200, 6653, 0, 0, 0
87300, 6371, 0, 0, 0
87400, 6577, 0, 0, 0
87500, 6609, 0, 0, 0
87600, 6288, 0, 0, 0
87700, 6392, 0, 0, 0
87800, 6808, 0, 0, 0
87900, 6869, 0, 0, 0
88000, 6642, 0, 0, 0
88100, 6224, 0, 0, 0
88200, 6673, 0, 0, 0
88300, 6624, 0, 0, 0
88400, 6801, 0, 0, 0
88500, 6613, 0, 0, 0
88600, 6682, 0, 0, 0
88700, 6930, 0, 0, 0
88800, 6111, 0, 0, 0
88900, 6572, 0, 0, 0
89000, 6780, 0, 0, 0
89100, 6818, 0, 0, 0
89200, 6520, 0, 0, 0
89300, 6475, 0, 0, 0
89400, 6348, 0, 0, 0
89500, 6145, 0, 0, 0
89600, 6407, 0, 0, 0
89700, 6558, 0, 0, 0
89800, 6745, 0, 0, 0
89900, 6472, 0, 0, 0
90000, 6378, 0, 0, 0
