101, 6439, 0, 0, 0
200, 6701, 0, 0, 0
302, 6541, 0, 0, 0
402, 6213, 0, 0, 0
501, 6430, 0, 0, 0
600, 5977, 0, 0, 0
701, 6185, 0, 0, 0
801, 5881, 0, 0, 0
900, 5884, 0, 0, 0
1000, 6258, 0, 0, 0
1100, 5919, 0, 0, 0
1200, 6315, 0, 0, 0
1300, 6526, 0, 0, 0
1401, 5405, 0, 0, 0
1500, 5879, 0, 0, 0
1601, 5977, 0, 0, 0
1700, 6197, 0, 0, 0
1802, 6029, 0, 0, 0
1901, 6114, 0, 0, 0
2003, 6934, 0, 0, 0
2100, 6310, 0, 0, 0
2200, 5905, 0, 0, 0
2300, 6460, 0, 0, 0
2401, 5908, 0, 0, 0
2500, 5803, 0, 0, 0
2601, 6134, 0, 0, 0
2700, 6155, 0, 0, 0
2800, 5650, 0, 0, 0
2900, 6043, 0, 0, 0
3000, 5752, 0, 0, 0
3100, 5774, 0, 0, 0
3200, 6001, 0, 0, 0
3302, 6220, 0, 0, 0
3400, 5946, 0, 0, 0
3502, 6009, 0, 0, 0
3600, 6042, 0, 0, 0
3700, 5795, 0, 0, 0
3800, 6049, 0, 0, 0
3902, 6233, 0, 0, 0
4000, 6278, 0, 0, 0
4101, 6299, 0, 0, 0
4200, 5775, 0, 0, 0
4300, 5956, 0, 0, 0
4400, 6095, 0, 0, 0
4500, 6131, 0, 0, 0
4600, 6009, 0, 0, 0
4701, 6076, 0, 0, 0
4804, 6371, 0, 0, 0
4900, 5756, 0, 0, 0
5000, 5230, 0, 0, 0
5100, 6499, 0, 0, 0
5202, 6622, 0, 0, 0
5301, 5819, 0, 0, 0
5400, 6371, 0, 0, 0
5502, 6016, 0, 0, 0
5601, 5819, 0, 0, 0
5700, 5523, 0, 0, 0
5801, 5900, 0, 0, 0
5900, 6111, 0, 0, 0
6000, 6003, 0, 0, 0
6101, 5849, 0, 0, 0
6200, 6401, 0, 0, 0
6301, 6493, 0, 0, 0
6401, 6030, 0, 0, 0
6500, 5653, 0, 0, 0
6600, 6187, 0, 0, 0
6700, 5963, 0, 0, 0
6800, 6156, 0, 0, 0
6901, 5502, 0, 0, 0
7000, 6014, 0, 0, 0
7101, 5982, 0, 0, 0
7201, 6136, 0, 0, 0
7300, 6536, 0, 0, 0
7400, 5818, 0, 0, 0
7500, 5841, 0, 0, 0
7600, 5488, 0, 0, 0
7700, 5979, 0, 0, 0
7801, 6685, 0, 0, 0
7900, 5608, 0, 0, 0
8000, 5993, 0, 0, 0
8100, 6170, 0, 0, 0
8200, 6534, 0, 0, 0
8300, 6342, 0, 0, 0
8400, 5759, 0, 0, 0
8500, 6017, 0, 0, 0
8601, 6018, 0, 0, 0
8700, 6309, 0, 0, 0
8800, 5774, 0, 0, 0
8907, 5903, 0, 0, 0
9002, 6208, 0, 0, 0
9100, 6382, 0, 0, 0
9200, 5532, 0, 0, 0
9301, 6099, 0, 0, 0
9401, 5640, 0, 0, 0
9500, 6457, 0, 0, 0
9601, 6488, 0, 0, 0
9701, 6124, 0, 0, 0
9801, 6814, 0, 0, 0
9900, 6229, 0, 0, 0
10000, 6299, 0, 0, 0
10100, 6453, 0, 0, 0
10200, 6162, 0, 0, 0
10301, 6373, 0, 0, 0
10400, 5824, 0, 0, 0
10508, 5666, 0, 0, 0
10600, 5434, 0, 0, 0
10701, 6782, 0, 0, 0
10801, 6129, 0, 0, 0
10901, 5829, 0, 0, 0
11000, 5606, 0, 0, 0
11101, 6219, 0, 0, 0
11200, 6071, 0, 0, 0
11301, 6065, 0, 0, 0
11400, 6568, 0, 0, 0
11500, 5664, 0, 0, 0
11600, 5571, 0, 0, 0
11701, 5713, 0, 0, 0
11800, 5932, 0, 0, 0
11900, 5773, 0, 0, 0
12000, 6078, 0, 0, 0
12100, 6408, 0, 0, 0
12206, 6466, 0, 0, 0
12300, 6052, 0, 0, 0
12403, 6152, 0, 0, 0
12501, 6199, 0, 0, 0
12601, 6131, 0, 0, 0
12702, 6159, 0, 0, 0
12803, 7196, 0, 0, 0
12900, 6170, 0, 0, 0
13001, 6082, 0, 0, 0
13100, 6425, 0, 0, 0
13200, 6479, 0, 0, 0
13301, 6244, 0, 0, 0
13400, 6263, 0, 0, 0
13500, 6239, 0, 0, 0
13601, 6241, 0, 0, 0
13700, 6206, 0, 0, 0
13800, 6158, 0, 0, 0
13901, 6066, 0, 0, 0
14002, 5747, 0, 0, 0
14100, 6175, 0, 0, 0
14201, 5644, 0, 0, 0
14300, 6130, 0, 0, 0
14401, 6039, 0, 0, 0
14500, 5722, 0, 0, 0
14600, 6351, 0, 0, 0
14701, 5991, 0, 0, 0
14801, 6413, 0, 0, 0
14901, 6094, 0, 0, 0
15001, 6168, 0, 0, 0
15101, 6327, 0, 0, 0
15200, 6533, 0, 0, 0
15300, 5762, 0, 0, 0
15400, 6112, 0, 0, 0
15500, 5555, 0, 0, 0
15600, 5727, 0, 0, 0
15701, 6163, 0, 0, 0
15800, 6404, 0, 0, 0
15900, 6122, 0, 0, 0
16000, 5951, 0, 0, 0
16100, 5858, 0, 0, 0
16201, 6027, 0, 0, 0
16300, 6171, 0, 0, 0
16400, 5821, 0, 0, 0
16500, 6194, 0, 0, 0
16602, 6221, 0, 0, 0
16702, 5537, 0, 0, 0
16800, 5901, 0, 0, 0
16900, 6125, 0, 0, 0
17001, 5747, 0, 0, 0
17100, 5974, 0, 0, 0
17200, 6475, 0, 0, 0
17301, 6773, 0, 0, 0
17400, 6579, 0, 0, 0
17503, 5801, 0, 0, 0
17600, 6719, 0, 0, 0
17700, 6413, 0, 0, 0
17802, 5957, 0, 0, 0
17900, 5771, 0, 0, 0
18001, 6264, 0, 0, 0
18101, 6510, 0, 0, 0
18200, 5931, 0, 0, 0
18300, 6149, 0, 0, 0
18401, 6434, 0, 0, 0
18500, 5363, 0, 0, 0
18600, 5624, 0, 0, 0
18700, 5927, 0, 0, 0
18801, 6606, 0, 0, 0
18900, 6209, 0, 0, 0
19001, 6563, 0, 0, 0
19101, 5610, 0, 0, 0
19200, 5938, 0, 0, 0
19301, 6401, 0, 0, 0
19401, 5866, 0, 0, 0
19502, 6239, 0, 0, 0
19603, 6469, 0, 0, 0
19700, 5782, 0, 0, 0
19801, 6044, 0, 0, 0
19901, 6648, 0, 0, 0
20001, 6056, 0, 0, 0
20100, 6120, 0, 0, 0
20200, 5948, 0, 0, 0
20301, 5874, 0, 0, 0
20401, 6002, 0, 0, 0
20501, 6048, 0, 0, 0
20600, 6246, 0, 0, 0
20700, 6471, 0, 0, 0
20800, 6107, 0, 0, 0
20901, 6029, 0, 0, 0
21000, 6149, 0, 0, 0
21100, 6008, 0, 0, 0
21200, 6263, 0, 0, 0
21300, 6289, 0, 0, 0
21400, 5285, 0, 0, 0
21500, 6471, 0, 0, 0
21600, 6109, 0, 0, 0
21705, 5892, 0, 0, 0
21800, 6194, 0, 0, 0
21900, 6061, 0, 0, 0
22000, 5700, 0, 0, 0
22102, 6035, 0, 0, 0
22200, 6181, 0, 0, 0
22300, 5729, 0, 0, 0
22401, 6005, 0, 0, 0
22500, 5806, 0, 0, 0
22601, 6074, 0, 0, 0
22700, 5771, 0, 0, 0
22800, 6515, 0, 0, 0
22900, 6878, 0, 0, 0
23004, 5987, 0, 0, 0
23100, 6588, 0, 0, 0
23200, 6195, 0, 0, 0
23300, 5586, 0, 0, 0
23400, 5768, 0, 0, 0
23501, 6312, 0, 0, 0
23600, 6011, 0, 0, 0
23704, 5504, 0, 0, 0
23805, 6632, 0, 0, 0
23900, 5713, 0, 0, 0
24003, 6395, 0, 0, 0
24100, 5789, 0, 0, 0
24200, 6031, 0, 0, 0
24300, 6341, 0, 0, 0
24402, 5884, 0, 0, 0
24500, 5868, 0, 0, 0
24600, 6277, 0, 0, 0
24700, 6460, 0, 0, 0
24801, 5448, 0, 0, 0
24900, 5953, 0, 0, 0
25000, 5789, 0, 0, 0
25100, 6229, 0, 0, 0
25200, 6147, 0, 0, 0
25300, 5941, 0, 0, 0
25400, 5752, 0, 0, 0
25500, 5604, 0, 0, 0
25603, 6209, 0, 0, 0
25701, 6276, 0, 0, 0
25800, 6404, 0, 0, 0
25901, 6546, 0, 0, 0
26000, 6132, 0, 0, 0
26100, 5962, 0, 0, 0
26201, 5862, 0, 0, 0
26301, 5833, 0, 0, 0
26405, 6576, 0, 0, 0
26500, 6313, 0, 0, 0
26600, 6564, 0, 0, 0
26701, 6020, 0, 0, 0
26800, 5868, 0, 0, 0
26900, 6782, 0, 0, 0
27003, 6682, 0, 0, 0
27101, 6152, 0, 0, 0
27201, 6253, 0, 0, 0
27300, 5958, 0, 0, 0
27400, 6087, 0, 0, 0
27502, 5763, 0, 0, 0
27600, 6723, 0, 0, 0
27700, 6275, 0, 0, 0
27800, 6095, 0, 0, 0
27900, 5845, 0, 0, 0
28000, 6042, 0, 0, 0
28100, 5996, 0, 0, 0
28200, 5951, 0, 0, 0
28307, 6411, 0, 0, 0
28400, 6683, 0, 0, 0
28500, 5360, 0, 0, 0
28601, 5979, 0, 0, 0
28701, 6029, 0, 0, 0
28800, 6584, 0, 0, 0
28902, 6720, 0, 0, 0
29000, 6717, 0, 0, 0
29100, 6745, 0, 0, 0
29200, 6329, 0, 0, 0
29301, 6081, 0, 0, 0
29400, 6714, 0, 0, 0
29501, 6402, 0, 0, 0
29601, 5905, 0, 0, 0
29700, 6049, 0, 0, 0
29800, 5942, 0, 0, 0
29900, 5960, 0, 0, 0
30000, 5755, 0, 0, 0
30101, 6344, 0, 0, 0
30203, 6302, 0, 0, 0
30301, 5995, 0, 0, 0
30400, 5763, 0, 0, 0
30500, 5847, 0, 0, 0
30600, 6037, 0, 0, 0
30700, 6228, 0, 0, 0
30800, 6536, 0, 0, 0
30901, 5860, 0, 0, 0
31000, 5912, 0, 0, 0
31101, 6148, 0, 0, 0
31201, 6428, 0, 0, 0
31300, 6091, 0, 0, 0
31400, 6380, 0, 0, 0
31500, 5639, 0, 0, 0
31601, 6452, 0, 0, 0
31700, 6159, 0, 0, 0
31800, 6067, 0, 0, 0
31901, 5433, 0, 0, 0
32000, 5883, 0, 0, 0
32100, 5999, 0, 0, 0
32200, 6171, 0, 0, 0
32300, 5835, 0, 0, 0
32404, 5875, 0, 0, 0
32501, 6133, 0, 0, 0
32600, 6608, 0, 0, 0
32700, 6079, 0, 0, 0
32801, 5882, 0, 0, 0
32900, 5310, 0, 0, 0
33001, 5923, 0, 0, 0
33101, 6021, 0, 0, 0
33201, 5792, 0, 0, 0
33302, 5896, 0, 0, 0
33400, 6244, 0, 0, 0
33500, 6136, 0, 0, 0
33603, 6254, 0, 0, 0
33703, 5769, 0, 0, 0
33806, 5609, 0, 0, 0
33901, 6268, 0, 0, 0
34002, 6174, 0, 0, 0
34101, 6124, 0, 0, 0
34202, 6216, 0, 0, 0
34302, 6168, 0, 0, 0
34400, 5889, 0, 0, 0
34500, 5707, 0, 0, 0
34600, 5867, 0, 0, 0
34701, 5825, 0, 0, 0
34800, 6146, 0, 0, 0
34900, 5923, 0, 0, 0
35001, 5579, 0, 0, 0
35100, 5894, 0, 0, 0
35200, 5955, 0, 0, 0
35300, 6125, 0, 0, 0
35400, 5911, 0, 0, 0
35500, 5823, 0, 0, 0
35601, 5651, 0, 0, 0
35700, 6109, 0, 0, 0
35800, 5849, 0, 0, 0
35908, 5779, 0, 0, 0
36000, 6043, 0, 0, 0
36100, 6573, 0, 0, 0
36200, 6065, 0, 0, 0
36302, 6602, 0, 0, 0
36401, 5832, 0, 0, 0
36500, 5755, 0, 0, 0
36601, 5917, 0, 0, 0
36701, 5248, 0, 0, 0
36800, 6118, 0, 0, 0
36907, 6233, 0, 0, 0
37001, 6369, 0, 0, 0
37102, 5869, 0, 0, 0
37200, 6726, 0, 0, 0
37303, 6035, 0, 0, 0
37400, 6129, 0, 0, 0
37500, 6400, 0, 0, 0
37602, 5815, 0, 0, 0
37700, 6631, 0, 0, 0
37800, 5687, 0, 0, 0
37900, 5972, 0, 0, 0
38000, 6213, 0, 0, 0
38100, 6185, 0, 0, 0
38203, 5726, 0, 0, 0
38300, 6245, 0, 0, 0
38400, 5958, 0, 0, 0
38500, 6213, 0, 0, 0
38601, 6216, 0, 0, 0
38700, 6187, 0, 0, 0
38800, 5982, 0, 0, 0
38901, 6386, 0, 0, 0
39000, 5446, 0, 0, 0
39101, 6290, 0, 0, 0
39201, 6401, 0, 0, 0
39302, 5915, 0, 0, 0
39403, 6359, 0, 0, 0
39503, 6133, 0, 0, 0
39600, 5992, 0, 0, 0
39701, 6113, 0, 0, 0
39800, 6337, 0, 0, 0
39900, 6075, 0, 0, 0
40001, 5931, 0, 0, 0
40100, 6180, 0, 0, 0
40201, 6452, 0, 0, 0
40302, 5620, 0, 0, 0
40400, 6300, 0, 0, 0
40500, 6921, 0, 0, 0
40600, 5977, 0, 0, 0
40700, 6199, 0, 0, 0
40800, 5954, 0, 0, 0
40900, 6269, 0, 0, 0
41000, 6421, 0, 0, 0
41100, 6062, 0, 0, 0
41202, 6344, 0, 0, 0
41300, 6597, 0, 0, 0
41402, 6126, 0, 0, 0
41500, 6115, 0, 0, 0
41600, 6085, 0, 0, 0
41700, 6143, 0, 0, 0
41801, 6162, 0, 0, 0
41901, 6041, 0, 0, 0
42001, 5946, 0, 0, 0
42101, 5987, 0, 0, 0
42204, 5961, 0, 0, 0
42300, 6063, 0, 0, 0
42400, 6221, 0, 0, 0
42502, 6168, 0, 0, 0
42600, 6572, 0, 0, 0
42701, 6373, 0, 0, 0
42801, 6380, 0, 0, 0
42901, 6273, 0, 0, 0
43002, 6011, 0, 0, 0
43100, 6433, 0, 0, 0
43200, 6337, 0, 0, 0
43301, 6229, 0, 0, 0
43400, 6094, 0, 0, 0
43500, 5639, 0, 0, 0
43600, 5938, 0, 0, 0
43701, 6085, 0, 0, 0
43803, 6358, 0, 0, 0
43901, 5895, 0, 0, 0
44001, 6040, 0, 0, 0
44100, 6734, 0, 0, 0
44200, 6433, 0, 0, 0
44300, 5872, 0, 0, 0
44400, 6034, 0, 0, 0
44500, 6187, 0, 0, 0
44600, 6342, 0, 0, 0
44705, 6661, 0, 0, 0
44800, 5856, 0, 0, 0
44902, 6249, 0, 0, 0
45001, 6142, 0, 0, 0
45100, 6303, 0, 0, 0
45200, 5678, 0, 0, 0
45300, 6359, 0, 0, 0
45401, 6445, 0, 0, 0
45500, 6034, 0, 0, 0
45604, 6095, 0, 0, 0
45700, 6178, 0, 0, 0
45800, 6566, 0, 0, 0
45900, 5705, 0, 0, 0
46000, 6485, 0, 0, 0
46100, 5891, 0, 0, 0
46200, 6167, 0, 0, 0
46300, 6161, 0, 0, 0
46400, 6107, 0, 0, 0
46501, 6154, 0, 0, 0
46602, 6263, 0, 0, 0
46702, 6416, 0, 0, 0
46800, 6729, 0, 0, 0
46900, 6261, 0, 0, 0
47000, 6059, 0, 0, 0
47100, 6525, 0, 0, 0
47200, 6417, 0, 0, 0
47300, 6709, 0, 0, 0
47400, 6430, 0, 0, 0
47500, 6418, 0, 0, 0
47601, 6543, 0, 0, 0
47700, 5885, 0, 0, 0
47800, 5842, 0, 0, 0
47902, 5834, 0, 0, 0
48000, 6148, 0, 0, 0
48100, 6040, 0, 0, 0
48201, 6097, 0, 0, 0
48300, 6133, 0, 0, 0
48400, 5729, 0, 0, 0
48500, 5833, 0, 0, 0
48601, 6347, 0, 0, 0
48701, 6443, 0, 0, 0
48802, 6107, 0, 0, 0
48900, 6458, 0, 0, 0
49000, 6709, 0, 0, 0
49101, 6672, 0, 0, 0
49200, 6432, 0, 0, 0
49300, 6090, 0, 0, 0
49403, 6380, 0, 0, 0
49500, 6326, 0, 0, 0
49600, 6428, 0, 0, 0
49701, 6389, 0, 0, 0
49803, 6292, 0, 0, 0
49900, 5652, 0, 0, 0
50002, 6456, 0, 0, 0
50100, 5740, 0, 0, 0
50200, 6245, 0, 0, 0
50300, 5892, 0, 0, 0
50402, 5904, 0, 0, 0
50503, 6010, 0, 0, 0
50601, 6227, 0, 0, 0
50700, 6709, 0, 0, 0
50801, 5955, 0, 0, 0
50900, 6063, 0, 0, 0
51000, 5528, 0, 0, 0
51100, 6018, 0, 0, 0
51200, 5848, 0, 0, 0
51301, 6164, 0, 0, 0
51401, 5704, 0, 0, 0
51501, 6184, 0, 0, 0
51600, 6448, 0, 0, 0
51700, 6327, 0, 0, 0
51800, 6709, 0, 0, 0
51900, 6474, 0, 0, 0
52000, 5838, 0, 0, 0
52100, 6170, 0, 0, 0
52200, 6096, 0, 0, 0
52300, 6160, 0, 0, 0
52400, 5908, 0, 0, 0
52500, 6270, 0, 0, 0
52601, 5790, 0, 0, 0
52703, 5884, 0, 0, 0
52800, 5768, 0, 0, 0
52900, 6314, 0, 0, 0
53000, 6135, 0, 0, 0
53101, 6077, 0, 0, 0
53200, 6391, 0, 0, 0
53300, 6031, 0, 0, 0
53400, 5945, 0, 0, 0
53500, 6019, 0, 0, 0
53600, 6408, 0, 0, 0
53700, 6232, 0, 0, 0
53800, 6153, 0, 0, 0
53900, 5722, 0, 0, 0
54000, 6288, 0, 0, 0
54102, 5808, 0, 0, 0
54200, 6059, 0, 0, 0
54300, 6295, 0, 0, 0
54401, 5966, 0, 0, 0
54501, 6394, 0, 0, 0
54600, 5897, 0, 0, 0
54704, 5628, 0, 0, 0
54801, 6026, 0, 0, 0
54900, 6283, 0, 0, 0
55001, 6124, 0, 0, 0
55100, 6192, 0, 0, 0
55201, 5986, 0, 0, 0
55300, 6190, 0, 0, 0
55400, 6152, 0, 0, 0
55500, 5745, 0, 0, 0
55601, 5700, 0, 0, 0
55700, 5961, 0, 0, 0
55800, 5717, 0, 0, 0
55900, 6210, 0, 0, 0
56001, 5622, 0, 0, 0
56101, 6560, 0, 0, 0
56200, 6871, 0, 0, 0
56300, 5700, 0, 0, 0
56402, 5716, 0, 0, 0
56500, 6308, 0, 0, 0
56600, 5576, 0, 0, 0
56701, 6603, 0, 0, 0
56802, 6283, 0, 0, 0
56903, 6121, 0, 0, 0
57001, 6096, 0, 0, 0
57100, 5936, 0, 0, 0
57200, 5547, 0, 0, 0
57300, 6237, 0, 0, 0
57401, 6192, 0, 0, 0
57501, 5961, 0, 0, 0
57600, 6133, 0, 0, 0
57702, 5944, 0, 0, 0
57800, 6231, 0, 0, 0
57902, 5816, 0, 0, 0
58000, 5301, 0, 0, 0
58104, 5962, 0, 0, 0
58200, 5750, 0, 0, 0
58301, 5977, 0, 0, 0
58400, 6417, 0, 0, 0
58501, 6038, 0, 0, 0
58602, 6173, 0, 0, 0
58701, 6136, 0, 0, 0
58800, 6232, 0, 0, 0
58900, 6095, 0, 0, 0
59001, 5969, 0, 0, 0
59100, 6046, 0, 0, 0
59200, 6235, 0, 0, 0
59300, 6503, 0, 0, 0
59400, 5617, 0, 0, 0
59500, 6021, 0, 0, 0
59602, 6097, 0, 0, 0
59700, 6564, 0, 0, 0
59801, 6699, 0, 0, 0
59902, 6170, 0, 0, 0
60021, 6047, 0, 0, 0
