100, 21484177, 0, 0, 0
208, 21566192, 0, 0, 0
302, 26156080, 0, 0, 0
400, 18210392, 0, 0, 0
524, 17278681, 0, 0, 0
606, 28538282, 0, 0, 0
700, 20944112, 0, 0, 0
802, 25024804, 0, 0, 0
900, 27611849, 0, 0, 0
1000, 24682701, 0, 0, 0
1108, 15073913, 0, 0, 0
1203, 18541335, 0, 0, 0
1300, 17244552, 0, 0, 0
1407, 16181764, 0, 0, 0
1500, 23143875, 0, 0, 0
1600, 19432754, 0, 0, 0
1701, 22751953, 0, 0, 0
1801, 21723458, 0, 0, 0
1902, 28825314, 0, 0, 0
2005, 21034473, 0, 0, 0
2116, 21090765, 0, 0, 0
2200, 25371687, 0, 0, 0
2314, 34573497, 0, 0, 0
2401, 16192074, 0, 0, 0
2500, 14766407, 0, 0, 0
2604, 21901057, 0, 0, 0
2705, 21261093, 0, 0, 0
2805, 22582614, 0, 0, 0
2900, 23033658, 0, 0, 0
3005, 21411094, 0, 0, 0
3115, 20150065, 0, 0, 0
3200, 35381562, 0, 0, 0
3313, 26301427, 0, 0, 0
3419, 27247943, 0, 0, 0
3506, 23328067, 0, 0, 0
3600, 20234687, 0, 0, 0
3704, 22622998, 0, 0, 0
3803, 26991159, 0, 0, 0
3900, 15633445, 0, 0, 0
4000, 20614099, 0, 0, 0
4112, 21911866, 0, 0, 0
4205, 23047147, 0, 0, 0
4301, 15401158, 0, 0, 0
4401, 22365535, 0, 0, 0
4505, 17869901, 0, 0, 0
4600, 22103172, 0, 0, 0
4702, 19245441, 0, 0, 0
4805, 22482803, 0, 0, 0
4904, 15357232, 0, 0, 0
5003, 19802900, 0, 0, 0
5107, 23324507, 0, 0, 0
5204, 27433478, 0, 0, 0
5300, 18493778, 0, 0, 0
5408, 20490580, 0, 0, 0
5512, 27842411, 0, 0, 0
5608, 21270960, 0, 0, 0
5711, 20341073, 0, 0, 0
5804, 16380341, 0, 0, 0
5904, 19181563, 0, 0, 0
6002, 21953577, 0, 0, 0
6107, 20007289, 0, 0, 0
6213, 18882169, 0, 0, 0
6306, 23847186, 0, 0, 0
6401, 20812664, 0, 0, 0
6501, 21443468, 0, 0, 0
6608, 18956798, 0, 0, 0
6704, 28577036, 0, 0, 0
6804, 27325405, 0, 0, 0
6905, 35169942, 0, 0, 0
7006, 23964532, 0, 0, 0
7101, 17061702, 0, 0, 0
7200, 21884628, 0, 0, 0
7315, 22402673, 0, 0, 0
7425, 19772797, 0, 0, 0
7509, 28926761, 0, 0, 0
7612, 20996191, 0, 0, 0
7702, 27118716, 0, 0, 0
7800, 25353103, 0, 0, 0
7907, 21103994, 0, 0, 0
8004, 19276196, 0, 0, 0
8102, 20121135, 0, 0, 0
8207, 23800091, 0, 0, 0
8302, 19140534, 0, 0, 0
8403, 23015288, 0, 0, 0
8528, 24028015, 0, 0, 0
8603, 20381086, 0, 0, 0
8714, 23988378, 0, 0, 0
8804, 20910336, 0, 0, 0
8900, 21215402, 0, 0, 0
9001, 22484900, 0, 0, 0
9102, 23303189, 0, 0, 0
9205, 19423958, 0, 0, 0
9301, 15956292, 0, 0, 0
9408, 21822529, 0, 0, 0
9500, 23065725, 0, 0, 0
9603, 20926975, 0, 0, 0
9710, 24332163, 0, 0, 0
9804, 19217548, 0, 0, 0
9901, 20057703, 0, 0, 0
10000, 27341326, 0, 0, 0
10103, 21020621, 0, 0, 0
10214, 17903610, 0, 0, 0
10302, 24499953, 0, 0, 0
10416, 19839233, 0, 0, 0
10506, 21512741, 0, 0, 0
10619, 17548771, 0, 0, 0
10714, 19436935, 0, 0, 0
10804, 22520544, 0, 0, 0
10910, 19339914, 0, 0, 0
11005, 21407862, 0, 0, 0
11107, 21198044, 0, 0, 0
11200, 19204256, 0, 0, 0
11304, 23353543, 0, 0, 0
11402, 15780855, 0, 0, 0
11506, 17104356, 0, 0, 0
11608, 23985514, 0, 0, 0
11704, 19526564, 0, 0, 0
11811, 18982722, 0, 0, 0
11912, 24221422, 0, 0, 0
12028, 26206716, 0, 0, 0
12101, 28837906, 0, 0, 0
12200, 18476594, 0, 0, 0
12301, 15516162, 0, 0, 0
12400, 20364855, 0, 0, 0
12501, 20988494, 0, 0, 0
12602, 25553388, 0, 0, 0
12711, 23257594, 0, 0, 0
12804, 19076914, 0, 0, 0
12900, 25769386, 0, 0, 0
13006, 20349129, 0, 0, 0
13103, 19865173, 0, 0, 0
13204, 19831582, 0, 0, 0
13304, 18056770, 0, 0, 0
13400, 14983032, 0, 0, 0
13500, 18334762, 0, 0, 0
13601, 19032530, 0, 0, 0
13700, 21256919, 0, 0, 0
13806, 18305683, 0, 0, 0
13906, 19555489, 0, 0, 0
14005, 17465201, 0, 0, 0
14103, 22895531, 0, 0, 0
14211, 25866568, 0, 0, 0
14301, 22945519, 0, 0, 0
14402, 22494172, 0, 0, 0
14505, 20938160, 0, 0, 0
14606, 19451578, 0, 0, 0
14700, 20367827, 0, 0, 0
14809, 30348644, 0, 0, 0
14900, 20689508, 0, 0, 0
15003, 20673526, 0, 0, 0
15100, 18021654, 0, 0, 0
15216, 16313001, 0, 0, 0
15306, 20509285, 0, 0, 0
15403, 19794328, 0, 0, 0
15500, 22444764, 0, 0, 0
15604, 17323971, 0, 0, 0
15706, 22817485, 0, 0, 0
15802, 25312482, 0, 0, 0
15905, 35213486, 0, 0, 0
16002, 21578006, 0, 0, 0
16109, 17061099, 0, 0, 0
16209, 20093911, 0, 0, 0
16302, 24845918, 0, 0, 0
16403, 15623216, 0, 0, 0
16501, 25003299, 0, 0, 0
16608, 21204618, 0, 0, 0
16709, 17387828, 0, 0, 0
16801, 20037161, 0, 0, 0
16915, 17316179, 0, 0, 0
17000, 39694817, 0, 0, 0
17105, 17565188, 0, 0, 0
17206, 18539955, 0, 0, 0
17313, 23088363, 0, 0, 0
17416, 18868781, 0, 0, 0
17501, 21084377, 0, 0, 0
17601, 19243932, 0, 0, 0
17701, 29430780, 0, 0, 0
17803, 24334489, 0, 0, 0
17908, 21479879, 0, 0, 0
18006, 19233952, 0, 0, 0
18106, 18479737, 0, 0, 0
18203, 19504984, 0, 0, 0
18301, 22169351, 0, 0, 0
18403, 13504756, 0, 0, 0
18507, 17131258, 0, 0, 0
18600, 26795749, 0, 0, 0
18706, 20047983, 0, 0, 0
18809, 24417600, 0, 0, 0
18915, 23023142, 0, 0, 0
19017, 22682833, 0, 0, 0
19100, 20975799, 0, 0, 0
19211, 17830485, 0, 0, 0
19305, 18310818, 0, 0, 0
19400, 24022771, 0, 0, 0
19506, 24423935, 0, 0, 0
19610, 19817738, 0, 0, 0
19711, 23171117, 0, 0, 0
19804, 19876223, 0, 0, 0
19900, 22476089, 0, 0, 0
20007, 15044750, 0, 0, 0
20103, 18437724, 0, 0, 0
20210, 17329769, 0, 0, 0
20305, 37811131, 0, 0, 0
20403, 23413538, 0, 0, 0
20506, 16661594, 0, 0, 0
20610, 25197275, 0, 0, 0
20700, 18721414, 0, 0, 0
20812, 14725884, 0, 0, 0
20903, 36170661, 0, 0, 0
21003, 28251721, 0, 0, 0
21101, 17417071, 0, 0, 0
21207, 29057815, 0, 0, 0
21311, 26168441, 0, 0, 0
21405, 18335048, 0, 0, 0
21520, 23767366, 0, 0, 0
21604, 19685258, 0, 0, 0
21701, 21485417, 0, 0, 0
21809, 23227339, 0, 0, 0
21900, 19282354, 0, 0, 0
22004, 18780043, 0, 0, 0
22105, 28247071, 0, 0, 0
22200, 14976734, 0, 0, 0
22302, 23453060, 0, 0, 0
22400, 23416052, 0, 0, 0
22515, 22137779, 0, 0, 0
22600, 25074452, 0, 0, 0
22705, 18594269, 0, 0, 0
22801, 13746439, 0, 0, 0
22900, 18169847, 0, 0, 0
23000, 19966105, 0, 0, 0
23105, 22697882, 0, 0, 0
23233, 22431644, 0, 0, 0
23300, 31576600, 0, 0, 0
23400, 18228682, 0, 0, 0
23502, 15447076, 0, 0, 0
23602, 22598645, 0, 0, 0
23712, 29213357, 0, 0, 0
23801, 18833250, 0, 0, 0
23904, 20553257, 0, 0, 0
24000, 17149460, 0, 0, 0
24104, 21210439, 0, 0, 0
24200, 20813374, 0, 0, 0
24306, 25986475, 0, 0, 0
24413, 21928358, 0, 0, 0
24508, 24825517, 0, 0, 0
24605, 31988418, 0, 0, 0
24701, 36446035, 0, 0, 0
24814, 20281912, 0, 0, 0
24915, 24521560, 0, 0, 0
25001, 23537681, 0, 0, 0
25119, 26638853, 0, 0, 0
25202, 18397689, 0, 0, 0
25300, 21412993, 0, 0, 0
25403, 20941465, 0, 0, 0
25507, 20350548, 0, 0, 0
25607, 16402306, 0, 0, 0
25712, 19399226, 0, 0, 0
25814, 22605157, 0, 0, 0
25905, 19989235, 0, 0, 0
26004, 22904656, 0, 0, 0
26106, 24221361, 0, 0, 0
26209, 25354094, 0, 0, 0
26307, 17618707, 0, 0, 0
26402, 18104098, 0, 0, 0
26520, 18585981, 0, 0, 0
26601, 26919149, 0, 0, 0
26702, 22086485, 0, 0, 0
26810, 21193158, 0, 0, 0
26900, 17707052, 0, 0, 0
27000, 14800371, 0, 0, 0
27105, 16925519, 0, 0, 0
27207, 20547341, 0, 0, 0
27300, 12410743, 0, 0, 0
27403, 16289595, 0, 0, 0
27541, 14855375, 0, 0, 0
27601, 49652878, 0, 0, 0
27700, 24575520, 0, 0, 0
27800, 16233893, 0, 0, 0
27900, 24145490, 0, 0, 0
28000, 18839329, 0, 0, 0
28101, 19478262, 0, 0, 0
28205, 20353385, 0, 0, 0
28308, 24110665, 0, 0, 0
28404, 23569797, 0, 0, 0
28505, 15560755, 0, 0, 0
28603, 24023827, 0, 0, 0
28701, 25056728, 0, 0, 0
28805, 16187815, 0, 0, 0
28908, 24745493, 0, 0, 0
29003, 20159262, 0, 0, 0
29104, 21965838, 0, 0, 0
29206, 24809664, 0, 0, 0
29306, 20736250, 0, 0, 0
29403, 24862209, 0, 0, 0
29510, 20508386, 0, 0, 0
29618, 20000406, 0, 0, 0
29700, 23063695, 0, 0, 0
29818, 17700026, 0, 0, 0
29902, 17218125, 0, 0, 0
30004, 19453525, 0, 0, 0
30100, 13134906, 0, 0, 0
30213, 23295745, 0, 0, 0
30302, 27478300, 0, 0, 0
30402, 22267876, 0, 0, 0
30507, 17400841, 0, 0, 0
30600, 16688130, 0, 0, 0
30712, 20200404, 0, 0, 0
30801, 21477622, 0, 0, 0
30905, 20022991, 0, 0, 0
31005, 18482948, 0, 0, 0
31101, 21034007, 0, 0, 0
31202, 15875316, 0, 0, 0
31307, 19961244, 0, 0, 0
31417, 21857488, 0, 0, 0
31502, 19161916, 0, 0, 0
31603, 18177512, 0, 0, 0
31707, 24365516, 0, 0, 0
31812, 22306288, 0, 0, 0
31906, 17640133, 0, 0, 0
32007, 21471459, 0, 0, 0
32105, 19644647, 0, 0, 0
32213, 19763215, 0, 0, 0
32309, 25987119, 0, 0, 0
32402, 18472231, 0, 0, 0
32505, 14538604, 0, 0, 0
32601, 21404128, 0, 0, 0
32708, 17203221, 0, 0, 0
32803, 24729864, 0, 0, 0
32908, 21973974, 0, 0, 0
33016, 26593279, 0, 0, 0
33108, 29286988, 0, 0, 0
33220, 20157879, 0, 0, 0
33300, 25278918, 0, 0, 0
33400, 19456346, 0, 0, 0
33502, 26497038, 0, 0, 0
33600, 18897871, 0, 0, 0
33702, 21218225, 0, 0, 0
33801, 21849801, 0, 0, 0
33904, 25169738, 0, 0, 0
34023, 19482683, 0, 0, 0
34100, 22282261, 0, 0, 0
34208, 17712420, 0, 0, 0
34313, 26936580, 0, 0, 0
34405, 20432252, 0, 0, 0
34503, 36246148, 0, 0, 0
34607, 29947167, 0, 0, 0
34704, 26486330, 0, 0, 0
34800, 13482588, 0, 0, 0
34901, 15988930, 0, 0, 0
35000, 19218807, 0, 0, 0
35113, 17706708, 0, 0, 0
35205, 19014346, 0, 0, 0
35308, 23532739, 0, 0, 0
35404, 20897189, 0, 0, 0
35507, 18982649, 0, 0, 0
35601, 19236782, 0, 0, 0
35707, 21597267, 0, 0, 0
35803, 19531529, 0, 0, 0
35900, 19771454, 0, 0, 0
36005, 23342265, 0, 0, 0
36103, 18423239, 0, 0, 0
36208, 21906436, 0, 0, 0
36303, 23215246, 0, 0, 0
36442, 23717935, 0, 0, 0
36505, 25179221, 0, 0, 0
36603, 18667308, 0, 0, 0
36702, 22021698, 0, 0, 0
36806, 24082669, 0, 0, 0
36906, 23847523, 0, 0, 0
37000, 19834237, 0, 0, 0
37104, 18605560, 0, 0, 0
37201, 22273640, 0, 0, 0
37301, 17194771, 0, 0, 0
37404, 21838338, 0, 0, 0
37508, 22160018, 0, 0, 0
37603, 16127174, 0, 0, 0
37702, 21961035, 0, 0, 0
37804, 27821154, 0, 0, 0
37913, 19189141, 0, 0, 0
38014, 18957601, 0, 0, 0
38102, 18697476, 0, 0, 0
38208, 19642817, 0, 0, 0
38304, 15390609, 0, 0, 0
38405, 18246475, 0, 0, 0
38508, 20595648, 0, 0, 0
38603, 22682304, 0, 0, 0
38711, 25478845, 0, 0, 0
38806, 17773559, 0, 0, 0
38904, 23068236, 0, 0, 0
39001, 15851315, 0, 0, 0
39104, 24310531, 0, 0, 0
39208, 24984946, 0, 0, 0
39300, 24163513, 0, 0, 0
39411, 19048455, 0, 0, 0
39515, 25362173, 0, 0, 0
39600, 17505739, 0, 0, 0
39705, 18255627, 0, 0, 0
39806, 19585971, 0, 0, 0
39907, 12660681, 0, 0, 0
40012, 24343925, 0, 0, 0
40102, 13962890, 0, 0, 0
40209, 19578709, 0, 0, 0
40302, 18204256, 0, 0, 0
40405, 17434677, 0, 0, 0
40501, 25184056, 0, 0, 0
40604, 17857988, 0, 0, 0
40700, 17197689, 0, 0, 0
40826, 22884514, 0, 0, 0
40906, 26649501, 0, 0, 0
41003, 22941715, 0, 0, 0
41104, 16711076, 0, 0, 0
41205, 17088278, 0, 0, 0
41303, 27345773, 0, 0, 0
41404, 14626558, 0, 0, 0
41500, 18793321, 0, 0, 0
41608, 26180831, 0, 0, 0
41701, 22477895, 0, 0, 0
41803, 24893461, 0, 0, 0
41908, 23474568, 0, 0, 0
42000, 15955621, 0, 0, 0
42111, 19897502, 0, 0, 0
42207, 19658760, 0, 0, 0
42303, 25954281, 0, 0, 0
42405, 24096326, 0, 0, 0
42503, 21233765, 0, 0, 0
42603, 24738486, 0, 0, 0
42729, 21037503, 0, 0, 0
42810, 24182737, 0, 0, 0
42904, 18418422, 0, 0, 0
43008, 24891408, 0, 0, 0
43115, 19454617, 0, 0, 0
43208, 18436725, 0, 0, 0
43307, 24152487, 0, 0, 0
43410, 23791063, 0, 0, 0
43518, 26508903, 0, 0, 0
43603, 19474373, 0, 0, 0
43709, 19716142, 0, 0, 0
43806, 24414383, 0, 0, 0
43901, 23988263, 0, 0, 0
44000, 20371201, 0, 0, 0
44101, 18070765, 0, 0, 0
44214, 18601161, 0, 0, 0
44304, 30876359, 0, 0, 0
44421, 22049548, 0, 0, 0
44510, 23755552, 0, 0, 0
44609, 19532437, 0, 0, 0
44700, 31073801, 0, 0, 0
44803, 20559045, 0, 0, 0
44901, 18365883, 0, 0, 0
45000, 17421624, 0, 0, 0
45108, 23218631, 0, 0, 0
45219, 23061786, 0, 0, 0
45302, 23830807, 0, 0, 0
45404, 19408580, 0, 0, 0
45507, 19074718, 0, 0, 0
45601, 14961545, 0, 0, 0
45701, 22016766, 0, 0, 0
45813, 16922040, 0, 0, 0
45916, 22800950, 0, 0, 0
46000, 17367506, 0, 0, 0
46100, 21056116, 0, 0, 0
46210, 18370130, 0, 0, 0
46303, 24588065, 0, 0, 0
46407, 19543725, 0, 0, 0
46501, 21587138, 0, 0, 0
46610, 21330092, 0, 0, 0
46706, 23786644, 0, 0, 0
46806, 18895965, 0, 0, 0
46900, 22538975, 0, 0, 0
47017, 22370450, 0, 0, 0
47104, 23484406, 0, 0, 0
47210, 20258600, 0, 0, 0
47300, 17998165, 0, 0, 0
47401, 20622591, 0, 0, 0
47503, 19327246, 0, 0, 0
47603, 25869388, 0, 0, 0
47702, 21441568, 0, 0, 0
47811, 32431795, 0, 0, 0
47904, 21654854, 0, 0, 0
48003, 22310591, 0, 0, 0
48113, 21091073, 0, 0, 0
48200, 25559172, 0, 0, 0
48310, 20524954, 0, 0, 0
48407, 24589223, 0, 0, 0
48507, 26048397, 0, 0, 0
48617, 26449654, 0, 0, 0
48705, 51686974, 0, 0, 0
48801, 22384886, 0, 0, 0
48907, 22691217, 0, 0, 0
49002, 19745089, 0, 0, 0
49102, 18167215, 0, 0, 0
49203, 25660860, 0, 0, 0
49319, 28166233, 0, 0, 0
49407, 22831826, 0, 0, 0
49514, 22239411, 0, 0, 0
49601, 18963810, 0, 0, 0
49705, 23812128, 0, 0, 0
49807, 32552325, 0, 0, 0
49910, 22176433, 0, 0, 0
50004, 23700293, 0, 0, 0
50102, 22396247, 0, 0, 0
50202, 21018473, 0, 0, 0
50314, 23864660, 0, 0, 0
50400, 22213152, 0, 0, 0
50502, 18447560, 0, 0, 0
50613, 19370247, 0, 0, 0
50708, 19650216, 0, 0, 0
50808, 25438875, 0, 0, 0
50906, 21118671, 0, 0, 0
51002, 23212119, 0, 0, 0
51106, 27281673, 0, 0, 0
51202, 17720569, 0, 0, 0
51301, 24094608, 0, 0, 0
51408, 28774387, 0, 0, 0
51505, 20701065, 0, 0, 0
51600, 24375399, 0, 0, 0
51709, 24523142, 0, 0, 0
51803, 22162526, 0, 0, 0
51916, 22712523, 0, 0, 0
52003, 22335440, 0, 0, 0
52107, 18488883, 0, 0, 0
52202, 26366812, 0, 0, 0
52301, 21645144, 0, 0, 0
52404, 20795781, 0, 0, 0
52500, 19736369, 0, 0, 0
52606, 20379059, 0, 0, 0
52710, 26664573, 0, 0, 0
52804, 24979410, 0, 0, 0
52906, 18064310, 0, 0, 0
53000, 25685724, 0, 0, 0
53101, 18741453, 0, 0, 0
53212, 24089085, 0, 0, 0
53302, 19212795, 0, 0, 0
53410, 19861229, 0, 0, 0
53500, 17810384, 0, 0, 0
53601, 25127123, 0, 0, 0
53704, 26297034, 0, 0, 0
53806, 19045424, 0, 0, 0
53903, 19293887, 0, 0, 0
54004, 19673204, 0, 0, 0
54108, 22969657, 0, 0, 0
54205, 18294614, 0, 0, 0
54301, 20527701, 0, 0, 0
54403, 26076417, 0, 0, 0
54500, 21458376, 0, 0, 0
54613, 23367522, 0, 0, 0
54704, 23773595, 0, 0, 0
54801, 22506817, 0, 0, 0
54912, 17433830, 0, 0, 0
55008, 27109593, 0, 0, 0
55105, 18330106, 0, 0, 0
55201, 24314670, 0, 0, 0
55302, 24958122, 0, 0, 0
55401, 19197939, 0, 0, 0
55501, 27654608, 0, 0, 0
55621, 18797894, 0, 0, 0
55700, 25419632, 0, 0, 0
55802, 18990388, 0, 0, 0
55900, 20076868, 0, 0, 0
56006, 23022679, 0, 0, 0
56104, 22564755, 0, 0, 0
56204, 21936259, 0, 0, 0
56300, 20799303, 0, 0, 0
56409, 19491322, 0, 0, 0
56506, 27545693, 0, 0, 0
56601, 26213022, 0, 0, 0
56715, 23731146, 0, 0, 0
56800, 23520836, 0, 0, 0
56901, 23528112, 0, 0, 0
57002, 19029059, 0, 0, 0
57104, 23440073, 0, 0, 0
57204, 18520955, 0, 0, 0
57301, 31267380, 0, 0, 0
57400, 25948057, 0, 0, 0
57507, 35672429, 0, 0, 0
57603, 19741101, 0, 0, 0
57703, 20244707, 0, 0, 0
57804, 21751564, 0, 0, 0
57900, 19751548, 0, 0, 0
58001, 22349469, 0, 0, 0
58104, 27386050, 0, 0, 0
58201, 23743203, 0, 0, 0
58304, 24223837, 0, 0, 0
58404, 16457113, 0, 0, 0
58507, 31441461, 0, 0, 0
58600, 22107530, 0, 0, 0
58701, 23680703, 0, 0, 0
58806, 27399482, 0, 0, 0
58902, 20356049, 0, 0, 0
59004, 24740184, 0, 0, 0
59104, 22714470, 0, 0, 0
59209, 25746794, 0, 0, 0
59309, 20022892, 0, 0, 0
59411, 25232241, 0, 0, 0
59505, 27019718, 0, 0, 0
59605, 22960936, 0, 0, 0
59705, 20286350, 0, 0, 0
59811, 23890354, 0, 0, 0
59905, 25634530, 0, 0, 0
60002, 28481188, 0, 0, 0
60007, 17786137, 0, 0, 0
