102, 9609614, 0, 0, 0
205, 10378882, 0, 0, 0
300, 14117556, 0, 0, 0
400, 10796627, 0, 0, 0
503, 12364479, 0, 0, 0
604, 9511473, 0, 0, 0
700, 8594132, 0, 0, 0
801, 9180129, 0, 0, 0
900, 9159428, 0, 0, 0
1004, 6884942, 0, 0, 0
1107, 7856758, 0, 0, 0
1202, 11147958, 0, 0, 0
1301, 12611818, 0, 0, 0
1400, 10848174, 0, 0, 0
1500, 10141120, 0, 0, 0
1602, 8837757, 0, 0, 0
1703, 6331537, 0, 0, 0
1801, 7405447, 0, 0, 0
1907, 10592059, 0, 0, 0
2002, 8508306, 0, 0, 0
2102, 9262660, 0, 0, 0
2200, 10253946, 0, 0, 0
2302, 9544799, 0, 0, 0
2401, 9009620, 0, 0, 0
2502, 10221986, 0, 0, 0
2603, 12438747, 0, 0, 0
2702, 11008175, 0, 0, 0
2800, 9327455, 0, 0, 0
2903, 10361637, 0, 0, 0
3000, 8926135, 0, 0, 0
3106, 7776763, 0, 0, 0
3200, 12297893, 0, 0, 0
3304, 9435242, 0, 0, 0
3405, 11355470, 0, 0, 0
3501, 11393455, 0, 0, 0
3601, 7096063, 0, 0, 0
3709, 10911141, 0, 0, 0
3800, 8702348, 0, 0, 0
3901, 10724653, 0, 0, 0
4000, 9723077, 0, 0, 0
4102, 8904782, 0, 0, 0
4203, 10539781, 0, 0, 0
4302, 9380125, 0, 0, 0
4400, 12910600, 0, 0, 0
4501, 12731032, 0, 0, 0
4602, 9272624, 0, 0, 0
4701, 9177279, 0, 0, 0
4800, 8605654, 0, 0, 0
4905, 10462440, 0, 0, 0
5006, 10239299, 0, 0, 0
5102, 7851238, 0, 0, 0
5201, 8719509, 0, 0, 0
5301, 8208931, 0, 0, 0
5402, 9838285, 0, 0, 0
5500, 8633643, 0, 0, 0
5602, 9100980, 0, 0, 0
5700, 9978859, 0, 0, 0
5800, 8168461, 0, 0, 0
5902, 12308899, 0, 0, 0
6002, 8380855, 0, 0, 0
6102, 11286929, 0, 0, 0
6202, 10999742, 0, 0, 0
6304, 9520548, 0, 0, 0
6402, 9700558, 0, 0, 0
6501, 7263954, 0, 0, 0
6601, 14125813, 0, 0, 0
6703, 9847452, 0, 0, 0
6802, 9691798, 0, 0, 0
6902, 10147007, 0, 0, 0
7000, 9531353, 0, 0, 0
7102, 8153052, 0, 0, 0
7203, 13418041, 0, 0, 0
7302, 7899185, 0, 0, 0
7401, 9929280, 0, 0, 0
7500, 8522567, 0, 0, 0
7604, 9309496, 0, 0, 0
7704, 9577168, 0, 0, 0
7800, 8145454, 0, 0, 0
7902, 8947484, 0, 0, 0
8000, 7354118, 0, 0, 0
8103, 9384526, 0, 0, 0
8202, 10669119, 0, 0, 0
8301, 8934118, 0, 0, 0
8400, 10059637, 0, 0, 0
8502, 8778278, 0, 0, 0
8603, 7914298, 0, 0, 0
8701, 11396811, 0, 0, 0
8811, 8751913, 0, 0, 0
8900, 11333526, 0, 0, 0
9003, 7477139, 0, 0, 0
9103, 13041156, 0, 0, 0
9203, 13757497, 0, 0, 0
9306, 8930512, 0, 0, 0
9400, 7067737, 0, 0, 0
9501, 13425666, 0, 0, 0
9600, 10686022, 0, 0, 0
9704, 9471799, 0, 0, 0
9802, 10877894, 0, 0, 0
9903, 9052405, 0, 0, 0
10000, 7786324, 0, 0, 0
10100, 11851036, 0, 0, 0
10201, 7668824, 0, 0, 0
10300, 9459306, 0, 0, 0
10401, 9697849, 0, 0, 0
10500, 7608021, 0, 0, 0
10600, 9162503, 0, 0, 0
10702, 10084799, 0, 0, 0
10800, 7356913, 0, 0, 0
10901, 7658362, 0, 0, 0
11000, 15310696, 0, 0, 0
11100, 9951659, 0, 0, 0
11204, 8801657, 0, 0, 0
11301, 8223868, 0, 0, 0
11409, 8913256, 0, 0, 0
11502, 8654391, 0, 0, 0
11603, 7657436, 0, 0, 0
11701, 13770702, 0, 0, 0
11809, 8877050, 0, 0, 0
11901, 7421917, 0, 0, 0
12001, 7217594, 0, 0, 0
12104, 8661723, 0, 0, 0
12200, 8778977, 0, 0, 0
12300, 8282813, 0, 0, 0
12404, 8481410, 0, 0, 0
12500, 7982230, 0, 0, 0
12601, 9280537, 0, 0, 0
12704, 7955519, 0, 0, 0
12803, 11483988, 0, 0, 0
12900, 8431623, 0, 0, 0
13000, 9397056, 0, 0, 0
13101, 13049357, 0, 0, 0
13205, 9853991, 0, 0, 0
13306, 9870815, 0, 0, 0
13402, 8567621, 0, 0, 0
13500, 7869970, 0, 0, 0
13601, 8627439, 0, 0, 0
13702, 11546959, 0, 0, 0
13805, 10627025, 0, 0, 0
13900, 10293634, 0, 0, 0
14002, 9416917, 0, 0, 0
14101, 7734201, 0, 0, 0
14203, 11861426, 0, 0, 0
14308, 11452190, 0, 0, 0
14402, 11033306, 0, 0, 0
14504, 8747379, 0, 0, 0
14603, 10595188, 0, 0, 0
14701, 10931547, 0, 0, 0
14803, 9702322, 0, 0, 0
14901, 7391482, 0, 0, 0
15000, 11661018, 0, 0, 0
15102, 9396532, 0, 0, 0
15201, 10215224, 0, 0, 0
15303, 11533876, 0, 0, 0
15402, 8215498, 0, 0, 0
15502, 10306458, 0, 0, 0
15601, 8448548, 0, 0, 0
15704, 9191958, 0, 0, 0
15803, 8258342, 0, 0, 0
15903, 13769978, 0, 0, 0
16000, 11641419, 0, 0, 0
16102, 7514394, 0, 0, 0
16200, 10124481, 0, 0, 0
16301, 9199239, 0, 0, 0
16403, 8030846, 0, 0, 0
16522, 11364971, 0, 0, 0
16600, 8617052, 0, 0, 0
16701, 7165718, 0, 0, 0
16801, 8651383, 0, 0, 0
16905, 9248358, 0, 0, 0
17004, 8017288, 0, 0, 0
17100, 7988150, 0, 0, 0
17200, 9176178, 0, 0, 0
17303, 9557195, 0, 0, 0
17405, 10131432, 0, 0, 0
17500, 8675377, 0, 0, 0
17605, 11452467, 0, 0, 0
17701, 8846287, 0, 0, 0
17801, 8805242, 0, 0, 0
17900, 10354468, 0, 0, 0
18003, 9405529, 0, 0, 0
18102, 9889592, 0, 0, 0
18201, 9302181, 0, 0, 0
18301, 9415786, 0, 0, 0
18401, 9814753, 0, 0, 0
18500, 8252478, 0, 0, 0
18604, 10787066, 0, 0, 0
18701, 9853828, 0, 0, 0
18800, 7612892, 0, 0, 0
18904, 12069641, 0, 0, 0
19001, 9146092, 0, 0, 0
19103, 10402606, 0, 0, 0
19203, 8688694, 0, 0, 0
19303, 10281848, 0, 0, 0
19400, 6902041, 0, 0, 0
19500, 11417032, 0, 0, 0
19601, 9527730, 0, 0, 0
19700, 11317563, 0, 0, 0
19800, 11153956, 0, 0, 0
19903, 11195058, 0, 0, 0
20004, 8445293, 0, 0, 0
20103, 10666917, 0, 0, 0
20200, 10495999, 0, 0, 0
20311, 9382886, 0, 0, 0
20402, 12313467, 0, 0, 0
20500, 9868266, 0, 0, 0
20603, 8286886, 0, 0, 0
20700, 13400386, 0, 0, 0
20800, 8973078, 0, 0, 0
20900, 9270336, 0, 0, 0
21000, 8758933, 0, 0, 0
21102, 9918134, 0, 0, 0
21205, 10498907, 0, 0, 0
21303, 10893570, 0, 0, 0
21402, 7966418, 0, 0, 0
21504, 7536225, 0, 0, 0
21600, 12266295, 0, 0, 0
21700, 10072999, 0, 0, 0
21800, 10033003, 0, 0, 0
21901, 8168543, 0, 0, 0
22000, 10657806, 0, 0, 0
22102, 7255437, 0, 0, 0
22202, 9669438, 0, 0, 0
22302, 6621526, 0, 0, 0
22402, 9087631, 0, 0, 0
22500, 8539029, 0, 0, 0
22601, 7843290, 0, 0, 0
22700, 11282058, 0, 0, 0
22800, 7224092, 0, 0, 0
22902, 8912025, 0, 0, 0
23000, 10494716, 0, 0, 0
23106, 10935520, 0, 0, 0
23201, 11745328, 0, 0, 0
23300, 13083874, 0, 0, 0
23400, 9914421, 0, 0, 0
23503, 12621302, 0, 0, 0
23600, 9371945, 0, 0, 0
23715, 11672485, 0, 0, 0
23805, 9131969, 0, 0, 0
23900, 9206363, 0, 0, 0
24006, 9712423, 0, 0, 0
24102, 9469310, 0, 0, 0
24200, 10433339, 0, 0, 0
24303, 7394147, 0, 0, 0
24401, 13712510, 0, 0, 0
24502, 8467975, 0, 0, 0
24605, 12496148, 0, 0, 0
24702, 10436520, 0, 0, 0
24805, 11507222, 0, 0, 0
24904, 9945530, 0, 0, 0
25002, 9042055, 0, 0, 0
25100, 10628491, 0, 0, 0
25200, 9160826, 0, 0, 0
25305, 8883533, 0, 0, 0
25400, 13538222, 0, 0, 0
25501, 10113431, 0, 0, 0
25600, 8603201, 0, 0, 0
25703, 7915115, 0, 0, 0
25801, 10727878, 0, 0, 0
25913, 10876499, 0, 0, 0
26000, 11616288, 0, 0, 0
26106, 10389054, 0, 0, 0
26213, 8624616, 0, 0, 0
26300, 8046597, 0, 0, 0
26401, 8975318, 0, 0, 0
26502, 13569130, 0, 0, 0
26600, 7833007, 0, 0, 0
26700, 12270744, 0, 0, 0
26800, 10596072, 0, 0, 0
26901, 7764689, 0, 0, 0
27003, 9103867, 0, 0, 0
27101, 10276958, 0, 0, 0
27204, 8989865, 0, 0, 0
27305, 13700106, 0, 0, 0
27402, 7661812, 0, 0, 0
27502, 10216097, 0, 0, 0
27600, 8046903, 0, 0, 0
27701, 9850222, 0, 0, 0
27800, 9525584, 0, 0, 0
27901, 8410750, 0, 0, 0
28000, 10295977, 0, 0, 0
28102, 12548721, 0, 0, 0
28202, 11578370, 0, 0, 0
28300, 6557937, 0, 0, 0
28402, 8748282, 0, 0, 0
28514, 9383297, 0, 0, 0
28601, 8286301, 0, 0, 0
28700, 8302948, 0, 0, 0
28800, 8635950, 0, 0, 0
28900, 11235298, 0, 0, 0
29002, 10258246, 0, 0, 0
29104, 7610330, 0, 0, 0
29201, 8090477, 0, 0, 0
29300, 12423963, 0, 0, 0
29401, 9742095, 0, 0, 0
29502, 8064861, 0, 0, 0
29602, 7768445, 0, 0, 0
29702, 11858498, 0, 0, 0
29800, 8662645, 0, 0, 0
29900, 10400682, 0, 0, 0
30003, 6408775, 0, 0, 0
30100, 11202271, 0, 0, 0
30200, 10388128, 0, 0, 0
30303, 9073655, 0, 0, 0
30403, 11588078, 0, 0, 0
30501, 9597487, 0, 0, 0
30604, 7847027, 0, 0, 0
30701, 8937690, 0, 0, 0
30802, 9801103, 0, 0, 0
30901, 8680917, 0, 0, 0
31002, 8841988, 0, 0, 0
31100, 11858713, 0, 0, 0
31200, 8133502, 0, 0, 0
31303, 6748010, 0, 0, 0
31401, 12039174, 0, 0, 0
31505, 12375244, 0, 0, 0
31600, 13318553, 0, 0, 0
31702, 6764312, 0, 0, 0
31800, 6934991, 0, 0, 0
31901, 12204744, 0, 0, 0
32001, 10022182, 0, 0, 0
32103, 8420782, 0, 0, 0
32206, 8597997, 0, 0, 0
32302, 10650370, 0, 0, 0
32400, 8342121, 0, 0, 0
32504, 8690235, 0, 0, 0
32602, 12096815, 0, 0, 0
32700, 9289339, 0, 0, 0
32800, 9699734, 0, 0, 0
32903, 8470982, 0, 0, 0
33007, 8840404, 0, 0, 0
33105, 9098073, 0, 0, 0
33204, 9127684, 0, 0, 0
33301, 8083347, 0, 0, 0
33400, 9597607, 0, 0, 0
33504, 9166105, 0, 0, 0
33602, 9863506, 0, 0, 0
33706, 10183590, 0, 0, 0
33800, 9066847, 0, 0, 0
33901, 7704262, 0, 0, 0
34003, 11603089, 0, 0, 0
34113, 12116798, 0, 0, 0
34202, 9436567, 0, 0, 0
34300, 7695868, 0, 0, 0
34402, 8964879, 0, 0, 0
34500, 10849053, 0, 0, 0
34601, 7751010, 0, 0, 0
34703, 9645630, 0, 0, 0
34802, 9983873, 0, 0, 0
34902, 9658977, 0, 0, 0
35000, 7523905, 0, 0, 0
35104, 9127486, 0, 0, 0
35200, 11246563, 0, 0, 0
35302, 7294147, 0, 0, 0
35400, 8878730, 0, 0, 0
35502, 11625325, 0, 0, 0
35601, 10396111, 0, 0, 0
35711, 12635385, 0, 0, 0
35800, 8849670, 0, 0, 0
35901, 10119504, 0, 0, 0
36002, 10718403, 0, 0, 0
36101, 7900302, 0, 0, 0
36206, 8451736, 0, 0, 0
36312, 11734029, 0, 0, 0
36405, 9022513, 0, 0, 0
36501, 8678443, 0, 0, 0
36604, 9755667, 0, 0, 0
36700, 10108551, 0, 0, 0
36801, 12201002, 0, 0, 0
36900, 8789028, 0, 0, 0
37006, 9708311, 0, 0, 0
37100, 9386145, 0, 0, 0
37200, 9070481, 0, 0, 0
37302, 9862065, 0, 0, 0
37400, 11334195, 0, 0, 0
37503, 9615794, 0, 0, 0
37602, 9428546, 0, 0, 0
37700, 10469111, 0, 0, 0
37802, 8243756, 0, 0, 0
37905, 8435189, 0, 0, 0
38002, 9226834, 0, 0, 0
38102, 9863917, 0, 0, 0
38202, 10064892, 0, 0, 0
38300, 8789128, 0, 0, 0
38400, 9604683, 0, 0, 0
38505, 14853959, 0, 0, 0
38601, 7424530, 0, 0, 0
38700, 11357419, 0, 0, 0
38800, 11154340, 0, 0, 0
38904, 9621474, 0, 0, 0
39000, 11023005, 0, 0, 0
39101, 9986435, 0, 0, 0
39202, 10522672, 0, 0, 0
39300, 9830458, 0, 0, 0
39407, 10611236, 0, 0, 0
39501, 10117988, 0, 0, 0
39600, 11538252, 0, 0, 0
39702, 9933411, 0, 0, 0
39803, 10440312, 0, 0, 0
39903, 11062428, 0, 0, 0
40000, 8996112, 0, 0, 0
40100, 9454310, 0, 0, 0
40200, 10518292, 0, 0, 0
40305, 10316298, 0, 0, 0
40400, 9869171, 0, 0, 0
40501, 7703949, 0, 0, 0
40604, 8257784, 0, 0, 0
40702, 8765417, 0, 0, 0
40802, 8279847, 0, 0, 0
40900, 11358821, 0, 0, 0
41006, 10810537, 0, 0, 0
41100, 10897385, 0, 0, 0
41201, 9153816, 0, 0, 0
41304, 9976834, 0, 0, 0
41400, 10306051, 0, 0, 0
41504, 9577919, 0, 0, 0
41600, 11151545, 0, 0, 0
41703, 8175949, 0, 0, 0
41800, 11217750, 0, 0, 0
41901, 10249222, 0, 0, 0
42000, 9300076, 0, 0, 0
42100, 7560664, 0, 0, 0
42202, 7310944, 0, 0, 0
42300, 10312634, 0, 0, 0
42401, 8233769, 0, 0, 0
42505, 10477465, 0, 0, 0
42600, 10665553, 0, 0, 0
42700, 9799399, 0, 0, 0
42802, 9066407, 0, 0, 0
42900, 10456749, 0, 0, 0
43002, 11663572, 0, 0, 0
43100, 7811836, 0, 0, 0
43201, 10400686, 0, 0, 0
43300, 9300807, 0, 0, 0
43406, 11301508, 0, 0, 0
43501, 9941899, 0, 0, 0
43602, 9814943, 0, 0, 0
43700, 10509612, 0, 0, 0
43802, 10365270, 0, 0, 0
43905, 8461279, 0, 0, 0
44002, 10244255, 0, 0, 0
44103, 9331669, 0, 0, 0
44200, 7311514, 0, 0, 0
44300, 7913533, 0, 0, 0
44400, 8673846, 0, 0, 0
44509, 10763981, 0, 0, 0
44601, 15366167, 0, 0, 0
44704, 11439956, 0, 0, 0
44803, 7730923, 0, 0, 0
44901, 10730152, 0, 0, 0
45000, 10565713, 0, 0, 0
45104, 11406726, 0, 0, 0
45203, 9426505, 0, 0, 0
45301, 11828259, 0, 0, 0
45400, 11000453, 0, 0, 0
45505, 9579776, 0, 0, 0
45600, 9790960, 0, 0, 0
45703, 12134733, 0, 0, 0
45801, 9236802, 0, 0, 0
45900, 8930468, 0, 0, 0
46000, 9717608, 0, 0, 0
46100, 11700424, 0, 0, 0
46200, 8389461, 0, 0, 0
46307, 10827279, 0, 0, 0
46405, 8331276, 0, 0, 0
46501, 11511489, 0, 0, 0
46602, 8836790, 0, 0, 0
46700, 10311433, 0, 0, 0
46800, 10553464, 0, 0, 0
46900, 11337276, 0, 0, 0
47002, 13402638, 0, 0, 0
47106, 9814015, 0, 0, 0
47202, 7578718, 0, 0, 0
47302, 13384634, 0, 0, 0
47403, 11051748, 0, 0, 0
47500, 7670735, 0, 0, 0
47602, 8546680, 0, 0, 0
47701, 10927640, 0, 0, 0
47800, 7284703, 0, 0, 0
47901, 11119116, 0, 0, 0
48001, 8621977, 0, 0, 0
48100, 8759117, 0, 0, 0
48204, 11167278, 0, 0, 0
48300, 10061426, 0, 0, 0
48401, 10354699, 0, 0, 0
48504, 8239940, 0, 0, 0
48603, 7760285, 0, 0, 0
48702, 7937679, 0, 0, 0
48803, 11874755, 0, 0, 0
48900, 9069412, 0, 0, 0
49001, 10306344, 0, 0, 0
49101, 10366373, 0, 0, 0
49202, 6498197, 0, 0, 0
49302, 9551560, 0, 0, 0
49401, 11271036, 0, 0, 0
49507, 8880149, 0, 0, 0
49600, 8728690, 0, 0, 0
49700, 9552584, 0, 0, 0
49801, 10521388, 0, 0, 0
49902, 11091273, 0, 0, 0
50002, 10539661, 0, 0, 0
50101, 7108491, 0, 0, 0
50201, 10240145, 0, 0, 0
50301, 10478115, 0, 0, 0
50400, 9943612, 0, 0, 0
50500, 10194839, 0, 0, 0
50601, 9304482, 0, 0, 0
50700, 11773549, 0, 0, 0
50800, 8477697, 0, 0, 0
50903, 8415636, 0, 0, 0
51005, 8722595, 0, 0, 0
51100, 9241436, 0, 0, 0
51201, 10604761, 0, 0, 0
51302, 8902939, 0, 0, 0
51404, 11058307, 0, 0, 0
51504, 10448543, 0, 0, 0
51603, 8611934, 0, 0, 0
51700, 10581009, 0, 0, 0
51801, 10248711, 0, 0, 0
51901, 9288562, 0, 0, 0
52000, 10283047, 0, 0, 0
52103, 8692983, 0, 0, 0
52202, 9282913, 0, 0, 0
52310, 9904053, 0, 0, 0
52400, 10702542, 0, 0, 0
52503, 10108985, 0, 0, 0
52611, 6564885, 0, 0, 0
52700, 7915994, 0, 0, 0
52800, 8609275, 0, 0, 0
52900, 9269955, 0, 0, 0
53003, 6144481, 0, 0, 0
53101, 14726398, 0, 0, 0
53205, 11689953, 0, 0, 0
53301, 8314423, 0, 0, 0
53406, 10152929, 0, 0, 0
53500, 9027022, 0, 0, 0
53600, 8814129, 0, 0, 0
53701, 8580050, 0, 0, 0
53804, 11287839, 0, 0, 0
53902, 8556871, 0, 0, 0
54000, 10211308, 0, 0, 0
54102, 14273086, 0, 0, 0
54203, 12510393, 0, 0, 0
54302, 11725295, 0, 0, 0
54400, 17115964, 0, 0, 0
54500, 10389905, 0, 0, 0
54603, 7463632, 0, 0, 0
54703, 14131564, 0, 0, 0
54800, 8141486, 0, 0, 0
54900, 8895466, 0, 0, 0
55000, 7691836, 0, 0, 0
55101, 10141233, 0, 0, 0
55205, 9359085, 0, 0, 0
55305, 8544670, 0, 0, 0
55401, 8046160, 0, 0, 0
55500, 10020672, 0, 0, 0
55600, 8880953, 0, 0, 0
55702, 8186221, 0, 0, 0
55804, 10210766, 0, 0, 0
55901, 13058583, 0, 0, 0
56001, 10901633, 0, 0, 0
56100, 12477264, 0, 0, 0
56201, 9350611, 0, 0, 0
56300, 11567540, 0, 0, 0
56400, 10682353, 0, 0, 0
56502, 10366319, 0, 0, 0
56602, 13536629, 0, 0, 0
56702, 12270672, 0, 0, 0
56802, 8212818, 0, 0, 0
56900, 12849022, 0, 0, 0
57002, 13941889, 0, 0, 0
57101, 10672263, 0, 0, 0
57202, 10293884, 0, 0, 0
57302, 12575156, 0, 0, 0
57403, 9654418, 0, 0, 0
57500, 8683315, 0, 0, 0
57603, 18273638, 0, 0, 0
57700, 9424579, 0, 0, 0
57800, 12842939, 0, 0, 0
57902, 9702900, 0, 0, 0
58003, 9390752, 0, 0, 0
58100, 10107059, 0, 0, 0
58201, 13109281, 0, 0, 0
58300, 10652319, 0, 0, 0
58400, 11760351, 0, 0, 0
58501, 9946047, 0, 0, 0
58600, 10755360, 0, 0, 0
58702, 9954949, 0, 0, 0
58803, 11845908, 0, 0, 0
58902, 10553496, 0, 0, 0
59004, 10346254, 0, 0, 0
59101, 9674654, 0, 0, 0
59201, 13826902, 0, 0, 0
59303, 9755310, 0, 0, 0
59403, 11104575, 0, 0, 0
59508, 10389279, 0, 0, 0
59603, 10647541, 0, 0, 0
59701, 9643155, 0, 0, 0
59803, 12051026, 0, 0, 0
59901, 10290083, 0, 0, 0
60001, 15860566, 0, 0, 0
60004, 29154657, 0, 0, 0
