250, 156672, 0, 0, 0
350, 169600, 0, 0, 0
450, 172800, 0, 0, 0
550, 152960, 0, 0, 0
650, 169600, 0, 0, 0
749, 162262, 0, 0, 0
849, 168320, 0, 0, 0
949, 163840, 0, 0, 0
1049, 168960, 0, 0, 0
1149, 177920, 0, 0, 0
1249, 156160, 0, 0, 0
1349, 172160, 0, 0, 0
1449, 154240, 0, 0, 0
1549, 163840, 0, 0, 0
1649, 151680, 0, 0, 0
1749, 170880, 0, 0, 0
1849, 165760, 0, 0, 0
1950, 158080, 0, 0, 0
2050, 161920, 0, 0, 0
2150, 165120, 0, 0, 0
2249, 160323, 0, 0, 0
2349, 150400, 0, 0, 0
2449, 166400, 0, 0, 0
2549, 162560, 0, 0, 0
2649, 161920, 0, 0, 0
2749, 161920, 0, 0, 0
2849, 173440, 0, 0, 0
2949, 161920, 0, 0, 0
3049, 163200, 0, 0, 0
3149, 164480, 0, 0, 0
3249, 162560, 0, 0, 0
3349, 184320, 0, 0, 0
3449, 159360, 0, 0, 0
3549, 122240, 0, 0, 0
3649, 170880, 0, 0, 0
3750, 164480, 0, 0, 0
3850, 151040, 0, 0, 0
3950, 165120, 0, 0, 0
4050, 164480, 0, 0, 0
4150, 164480, 0, 0, 0
4249, 167434, 0, 0, 0
4349, 157440, 0, 0, 0
4449, 179840, 0, 0, 0
4549, 129280, 0, 0, 0
4649, 159360, 0, 0, 0
4749, 156160, 0, 0, 0
4849, 165120, 0, 0, 0
4949, 168960, 0, 0, 0
5049, 156800, 0, 0, 0
5149, 139520, 0, 0, 0
5249, 151040, 0, 0, 0
5349, 156160, 0, 0, 0
5449, 147840, 0, 0, 0
5549, 184320, 0, 0, 0
5649, 149120, 0, 0, 0
5750, 168320, 0, 0, 0
5850, 138240, 0, 0, 0
5950, 142080, 0, 0, 0
6050, 145280, 0, 0, 0
6150, 170240, 0, 0, 0
6249, 155151, 0, 0, 0
6349, 158080, 0, 0, 0
6449, 152960, 0, 0, 0
6549, 161280, 0, 0, 0
6649, 148480, 0, 0, 0
6749, 151040, 0, 0, 0
6849, 156800, 0, 0, 0
6949, 153600, 0, 0, 0
7049, 151040, 0, 0, 0
7149, 127360, 0, 0, 0
7249, 135680, 0, 0, 0
7349, 147200, 0, 0, 0
7449, 152960, 0, 0, 0
7550, 167680, 0, 0, 0
7650, 150400, 0, 0, 0
7749, 158383, 0, 0, 0
7849, 156800, 0, 0, 0
7949, 150400, 0, 0, 0
8049, 154240, 0, 0, 0
8149, 153600, 0, 0, 0
8249, 147840, 0, 0, 0
8349, 163200, 0, 0, 0
8449, 172160, 0, 0, 0
8549, 146560, 0, 0, 0
8649, 149760, 0, 0, 0
8749, 160000, 0, 0, 0
8849, 159360, 0, 0, 0
8949, 159360, 0, 0, 0
9049, 158720, 0, 0, 0
9150, 156160, 0, 0, 0
9249, 157090, 0, 0, 0
9349, 172800, 0, 0, 0
9449, 163200, 0, 0, 0
9549, 161280, 0, 0, 0
9649, 137600, 0, 0, 0
9749, 163200, 0, 0, 0
9849, 160640, 0, 0, 0
9949, 161280, 0, 0, 0
10049, 170880, 0, 0, 0
10149, 150400, 0, 0, 0
10249, 157440, 0, 0, 0
10349, 151040, 0, 0, 0
10449, 156800, 0, 0, 0
10549, 145920, 0, 0, 0
10649, 167040, 0, 0, 0
10749, 163840, 0, 0, 0
10849, 178560, 0, 0, 0
10950, 151680, 0, 0, 0
11050, 170240, 0, 0, 0
11150, 154240, 0, 0, 0
11249, 158383, 0, 0, 0
11349, 171520, 0, 0, 0
11449, 155520, 0, 0, 0
11549, 147840, 0, 0, 0
11649, 154880, 0, 0, 0
11749, 127360, 0, 0, 0
11849, 183040, 0, 0, 0
11949, 168960, 0, 0, 0
12049, 146560, 0, 0, 0
12149, 165760, 0, 0, 0
12249, 161920, 0, 0, 0
12349, 151680, 0, 0, 0
12450, 155520, 0, 0, 0
12550, 149120, 0, 0, 0
12650, 158080, 0, 0, 0
12749, 166787, 0, 0, 0
12849, 156800, 0, 0, 0
12949, 163840, 0, 0, 0
13049, 162560, 0, 0, 0
13149, 158720, 0, 0, 0
13249, 157440, 0, 0, 0
13349, 156160, 0, 0, 0
13449, 150400, 0, 0, 0
13549, 165120, 0, 0, 0
13649, 187520, 0, 0, 0
13749, 139520, 0, 0, 0
13849, 143360, 0, 0, 0
13949, 180480, 0, 0, 0
14049, 170240, 0, 0, 0
14150, 154880, 0, 0, 0
14249, 155151, 0, 0, 0
14349, 174080, 0, 0, 0
14449, 182400, 0, 0, 0
14549, 161280, 0, 0, 0
14649, 161280, 0, 0, 0
14749, 152960, 0, 0, 0
14849, 157440, 0, 0, 0
14949, 157440, 0, 0, 0
15049, 152320, 0, 0, 0
15149, 165760, 0, 0, 0
15249, 157440, 0, 0, 0
15349, 156800, 0, 0, 0
15449, 147200, 0, 0, 0
15549, 154240, 0, 0, 0
15649, 158080, 0, 0, 0
15749, 162560, 0, 0, 0
15850, 157440, 0, 0, 0
15950, 155520, 0, 0, 0
16050, 165120, 0, 0, 0
16150, 152320, 0, 0, 0
16249, 157090, 0, 0, 0
16349, 170240, 0, 0, 0
16449, 161920, 0, 0, 0
16549, 170240, 0, 0, 0
16649, 189440, 0, 0, 0
16749, 180480, 0, 0, 0
16849, 147200, 0, 0, 0
16949, 149120, 0, 0, 0
17049, 152320, 0, 0, 0
17149, 158080, 0, 0, 0
17249, 144000, 0, 0, 0
17349, 162560, 0, 0, 0
17449, 156160, 0, 0, 0
17549, 152320, 0, 0, 0
17649, 176640, 0, 0, 0
17749, 170666, 0, 0, 0
17849, 161280, 0, 0, 0
17949, 159360, 0, 0, 0
18049, 133120, 0, 0, 0
18149, 151680, 0, 0, 0
18249, 152960, 0, 0, 0
18349, 154880, 0, 0, 0
18449, 159360, 0, 0, 0
18549, 153600, 0, 0, 0
18649, 167680, 0, 0, 0
18749, 136960, 0, 0, 0
18849, 152320, 0, 0, 0
18949, 171520, 0, 0, 0
19049, 168320, 0, 0, 0
19149, 168960, 0, 0, 0
19249, 160640, 0, 0, 0
19349, 152320, 0, 0, 0
19450, 149760, 0, 0, 0
19550, 156160, 0, 0, 0
19650, 142720, 0, 0, 0
19749, 140929, 0, 0, 0
19849, 159360, 0, 0, 0
19949, 154880, 0, 0, 0
20049, 177280, 0, 0, 0
20149, 168320, 0, 0, 0
20249, 166400, 0, 0, 0
20349, 153600, 0, 0, 0
20449, 140800, 0, 0, 0
20549, 145920, 0, 0, 0
20649, 169600, 0, 0, 0
20749, 171520, 0, 0, 0
20849, 163200, 0, 0, 0
20949, 150400, 0, 0, 0
21049, 164480, 0, 0, 0
21149, 158720, 0, 0, 0
21250, 160640, 0, 0, 0
21350, 165760, 0, 0, 0
21450, 168960, 0, 0, 0
21550, 168960, 0, 0, 0
21650, 172160, 0, 0, 0
21749, 153212, 0, 0, 0
21849, 169600, 0, 0, 0
21949, 157440, 0, 0, 0
22049, 176640, 0, 0, 0
22149, 166400, 0, 0, 0
22249, 126080, 0, 0, 0
22349, 170240, 0, 0, 0
22449, 172160, 0, 0, 0
22549, 160640, 0, 0, 0
22649, 168320, 0, 0, 0
22749, 156800, 0, 0, 0
22849, 148480, 0, 0, 0
22949, 179840, 0, 0, 0
23050, 176640, 0, 0, 0
23150, 168320, 0, 0, 0
23249, 154505, 0, 0, 0
23349, 163200, 0, 0, 0
23449, 170240, 0, 0, 0
23549, 172160, 0, 0, 0
23649, 154240, 0, 0, 0
23749, 154880, 0, 0, 0
23849, 154880, 0, 0, 0
23949, 138240, 0, 0, 0
24049, 161920, 0, 0, 0
24149, 147200, 0, 0, 0
24249, 144000, 0, 0, 0
24349, 163200, 0, 0, 0
24449, 159360, 0, 0, 0
24550, 163200, 0, 0, 0
24650, 156800, 0, 0, 0
24749, 143515, 0, 0, 0
24849, 148480, 0, 0, 0
24949, 151680, 0, 0, 0
25049, 158080, 0, 0, 0
25149, 172800, 0, 0, 0
25249, 167680, 0, 0, 0
25349, 172800, 0, 0, 0
25449, 160640, 0, 0, 0
25549, 157440, 0, 0, 0
25649, 149760, 0, 0, 0
25749, 170880, 0, 0, 0
25849, 165120, 0, 0, 0
25949, 168960, 0, 0, 0
26050, 158080, 0, 0, 0
26150, 167680, 0, 0, 0
26249, 172606, 0, 0, 0
26349, 165120, 0, 0, 0
26449, 158720, 0, 0, 0
26549, 163200, 0, 0, 0
26649, 159360, 0, 0, 0
26749, 170880, 0, 0, 0
26849, 159360, 0, 0, 0
26949, 143360, 0, 0, 0
27049, 147200, 0, 0, 0
27149, 154880, 0, 0, 0
27249, 155520, 0, 0, 0
27349, 154880, 0, 0, 0
27449, 138240, 0, 0, 0
27549, 162560, 0, 0, 0
27650, 156160, 0, 0, 0
27749, 153212, 0, 0, 0
27849, 149120, 0, 0, 0
27949, 163200, 0, 0, 0
28049, 154240, 0, 0, 0
28149, 144000, 0, 0, 0
28249, 152320, 0, 0, 0
28349, 169600, 0, 0, 0
28449, 169600, 0, 0, 0
28549, 181760, 0, 0, 0
28649, 160640, 0, 0, 0
28749, 155520, 0, 0, 0
28849, 135040, 0, 0, 0
28949, 147200, 0, 0, 0
29049, 149760, 0, 0, 0
29150, 168960, 0, 0, 0
29249, 138989, 0, 0, 0
29349, 138880, 0, 0, 0
29449, 158080, 0, 0, 0
29549, 149120, 0, 0, 0
29649, 170240, 0, 0, 0
29749, 157440, 0, 0, 0
29849, 156160, 0, 0, 0
29949, 151680, 0, 0, 0
30049, 151680, 0, 0, 0
30149, 160000, 0, 0, 0
30249, 168960, 0, 0, 0
30349, 181760, 0, 0, 0
30449, 174080, 0, 0, 0
30549, 160000, 0, 0, 0
30649, 174720, 0, 0, 0
30749, 173898, 0, 0, 0
30849, 160000, 0, 0, 0
30949, 163200, 0, 0, 0
31049, 165120, 0, 0, 0
31149, 172800, 0, 0, 0
31249, 129280, 0, 0, 0
31349, 156160, 0, 0, 0
31449, 144000, 0, 0, 0
31549, 160640, 0, 0, 0
31649, 176000, 0, 0, 0
31749, 176640, 0, 0, 0
31849, 174720, 0, 0, 0
31949, 140160, 0, 0, 0
32049, 171520, 0, 0, 0
32150, 150400, 0, 0, 0
32249, 163555, 0, 0, 0
32349, 156160, 0, 0, 0
32449, 139520, 0, 0, 0
32549, 161280, 0, 0, 0
32649, 145920, 0, 0, 0
32749, 138880, 0, 0, 0
32849, 154880, 0, 0, 0
32949, 167680, 0, 0, 0
33049, 155520, 0, 0, 0
33149, 144000, 0, 0, 0
33249, 145920, 0, 0, 0
33349, 145280, 0, 0, 0
33449, 165120, 0, 0, 0
33549, 161920, 0, 0, 0
33650, 151040, 0, 0, 0
33749, 149979, 0, 0, 0
33849, 165120, 0, 0, 0
33949, 165760, 0, 0, 0
34049, 168960, 0, 0, 0
34149, 154880, 0, 0, 0
34249, 183040, 0, 0, 0
34349, 154880, 0, 0, 0
34449, 158720, 0, 0, 0
34549, 139520, 0, 0, 0
34649, 135040, 0, 0, 0
34749, 160640, 0, 0, 0
34849, 169600, 0, 0, 0
34949, 173440, 0, 0, 0
35049, 168320, 0, 0, 0
35149, 162560, 0, 0, 0
35249, 143515, 0, 0, 0
35349, 141440, 0, 0, 0
35449, 176000, 0, 0, 0
35549, 158720, 0, 0, 0
35649, 165120, 0, 0, 0
35749, 143360, 0, 0, 0
35849, 147200, 0, 0, 0
35949, 166400, 0, 0, 0
36049, 149760, 0, 0, 0
36149, 146560, 0, 0, 0
36249, 168320, 0, 0, 0
36349, 158080, 0, 0, 0
36449, 149120, 0, 0, 0
36549, 152320, 0, 0, 0
36649, 154240, 0, 0, 0
36749, 169600, 0, 0, 0
36850, 167040, 0, 0, 0
36950, 179200, 0, 0, 0
37050, 171520, 0, 0, 0
37150, 176640, 0, 0, 0
37249, 162909, 0, 0, 0
37349, 155520, 0, 0, 0
37449, 168960, 0, 0, 0
37549, 157440, 0, 0, 0
37649, 179200, 0, 0, 0
37749, 168320, 0, 0, 0
37849, 142080, 0, 0, 0
37949, 158720, 0, 0, 0
38049, 163840, 0, 0, 0
38149, 170240, 0, 0, 0
38249, 144000, 0, 0, 0
38349, 170880, 0, 0, 0
38449, 174080, 0, 0, 0
38550, 162560, 0, 0, 0
38650, 155520, 0, 0, 0
38749, 159030, 0, 0, 0
38849, 170880, 0, 0, 0
38949, 180480, 0, 0, 0
39049, 159360, 0, 0, 0
39149, 162560, 0, 0, 0
39249, 167680, 0, 0, 0
39349, 178560, 0, 0, 0
39449, 172160, 0, 0, 0
39549, 152960, 0, 0, 0
39649, 161280, 0, 0, 0
39749, 157440, 0, 0, 0
39849, 177920, 0, 0, 0
39949, 169600, 0, 0, 0
40050, 161920, 0, 0, 0
40150, 157440, 0, 0, 0
40249, 170020, 0, 0, 0
40349, 158720, 0, 0, 0
40449, 153600, 0, 0, 0
40549, 160000, 0, 0, 0
40649, 167680, 0, 0, 0
40749, 156160, 0, 0, 0
40849, 167680, 0, 0, 0
40949, 177280, 0, 0, 0
41049, 152960, 0, 0, 0
41149, 163840, 0, 0, 0
41249, 163840, 0, 0, 0
41349, 144640, 0, 0, 0
41449, 161280, 0, 0, 0
41549, 159360, 0, 0, 0
41650, 167040, 0, 0, 0
41749, 162262, 0, 0, 0
41849, 165760, 0, 0, 0
41949, 163840, 0, 0, 0
42049, 163200, 0, 0, 0
42149, 176000, 0, 0, 0
42249, 160000, 0, 0, 0
42349, 126080, 0, 0, 0
42449, 151040, 0, 0, 0
42549, 183680, 0, 0, 0
42649, 161920, 0, 0, 0
42749, 172160, 0, 0, 0
42849, 172800, 0, 0, 0
42949, 161280, 0, 0, 0
43049, 170880, 0, 0, 0
43149, 161280, 0, 0, 0
43249, 154880, 0, 0, 0
43349, 173440, 0, 0, 0
43449, 172160, 0, 0, 0
43550, 152960, 0, 0, 0
43650, 161280, 0, 0, 0
43749, 155151, 0, 0, 0
43849, 147840, 0, 0, 0
43949, 159360, 0, 0, 0
44049, 154880, 0, 0, 0
44149, 154880, 0, 0, 0
44249, 157440, 0, 0, 0
44349, 170880, 0, 0, 0
44449, 156800, 0, 0, 0
44549, 179840, 0, 0, 0
44649, 146560, 0, 0, 0
44749, 152960, 0, 0, 0
44849, 172800, 0, 0, 0
44949, 160000, 0, 0, 0
45049, 163200, 0, 0, 0
45149, 151680, 0, 0, 0
45249, 168727, 0, 0, 0
45349, 168960, 0, 0, 0
45449, 166400, 0, 0, 0
45549, 170240, 0, 0, 0
45649, 146560, 0, 0, 0
45749, 151680, 0, 0, 0
45849, 172800, 0, 0, 0
45949, 173440, 0, 0, 0
46049, 170240, 0, 0, 0
46149, 154240, 0, 0, 0
46249, 170880, 0, 0, 0
46349, 152960, 0, 0, 0
46449, 174080, 0, 0, 0
46549, 158080, 0, 0, 0
46649, 175360, 0, 0, 0
46749, 137050, 0, 0, 0
46849, 180480, 0, 0, 0
46949, 170240, 0, 0, 0
47049, 175360, 0, 0, 0
47149, 149760, 0, 0, 0
47249, 146560, 0, 0, 0
47349, 161280, 0, 0, 0
47449, 183680, 0, 0, 0
47549, 165120, 0, 0, 0
47649, 159360, 0, 0, 0
47749, 158720, 0, 0, 0
47849, 163840, 0, 0, 0
47949, 156800, 0, 0, 0
48049, 161920, 0, 0, 0
48149, 181760, 0, 0, 0
48249, 153600, 0, 0, 0
48349, 164480, 0, 0, 0
48450, 170880, 0, 0, 0
48550, 160000, 0, 0, 0
48650, 160000, 0, 0, 0
48749, 156444, 0, 0, 0
48849, 154880, 0, 0, 0
48949, 167680, 0, 0, 0
49049, 158080, 0, 0, 0
49149, 161920, 0, 0, 0
49249, 146560, 0, 0, 0
49349, 150400, 0, 0, 0
49449, 147840, 0, 0, 0
49549, 159360, 0, 0, 0
49649, 138240, 0, 0, 0
49749, 159360, 0, 0, 0
49849, 179200, 0, 0, 0
49949, 167680, 0, 0, 0
50050, 171520, 0, 0, 0
50150, 151040, 0, 0, 0
50249, 177131, 0, 0, 0
50349, 167680, 0, 0, 0
50449, 133120, 0, 0, 0
50549, 172160, 0, 0, 0
50649, 158720, 0, 0, 0
50749, 166400, 0, 0, 0
50849, 173440, 0, 0, 0
50949, 179200, 0, 0, 0
51049, 170880, 0, 0, 0
51149, 156800, 0, 0, 0
51249, 168960, 0, 0, 0
51349, 175360, 0, 0, 0
51449, 154880, 0, 0, 0
51549, 151040, 0, 0, 0
51649, 152960, 0, 0, 0
51749, 164202, 0, 0, 0
51849, 168960, 0, 0, 0
51949, 161280, 0, 0, 0
52049, 174720, 0, 0, 0
52149, 149120, 0, 0, 0
52249, 172160, 0, 0, 0
52349, 176640, 0, 0, 0
52449, 161280, 0, 0, 0
52549, 151680, 0, 0, 0
52649, 167040, 0, 0, 0
52749, 165760, 0, 0, 0
52849, 119040, 0, 0, 0
52949, 187520, 0, 0, 0
53049, 177920, 0, 0, 0
53149, 167040, 0, 0, 0
53249, 135040, 0, 0, 0
53349, 172160, 0, 0, 0
53450, 156800, 0, 0, 0
53550, 171520, 0, 0, 0
53650, 165120, 0, 0, 0
53749, 170020, 0, 0, 0
53849, 156160, 0, 0, 0
53949, 152320, 0, 0, 0
54049, 179840, 0, 0, 0
54149, 155520, 0, 0, 0
54249, 138240, 0, 0, 0
54349, 166400, 0, 0, 0
54449, 184320, 0, 0, 0
54549, 158080, 0, 0, 0
54649, 147200, 0, 0, 0
54749, 172800, 0, 0, 0
54849, 178560, 0, 0, 0
54949, 167680, 0, 0, 0
55050, 175360, 0, 0, 0
55150, 179200, 0, 0, 0
55249, 168727, 0, 0, 0
55349, 165120, 0, 0, 0
55449, 171520, 0, 0, 0
55549, 167680, 0, 0, 0
55649, 182400, 0, 0, 0
55749, 167040, 0, 0, 0
55849, 181760, 0, 0, 0
55949, 167680, 0, 0, 0
56049, 181120, 0, 0, 0
56149, 169600, 0, 0, 0
56249, 169600, 0, 0, 0
56349, 151680, 0, 0, 0
56449, 174720, 0, 0, 0
56549, 171520, 0, 0, 0
56649, 166400, 0, 0, 0
56750, 160000, 0, 0, 0
56850, 161280, 0, 0, 0
56950, 180480, 0, 0, 0
57050, 163840, 0, 0, 0
57150, 160640, 0, 0, 0
57249, 146101, 0, 0, 0
57349, 181760, 0, 0, 0
57449, 153600, 0, 0, 0
57549, 176000, 0, 0, 0
57649, 174080, 0, 0, 0
57749, 172160, 0, 0, 0
57849, 177920, 0, 0, 0
57949, 168320, 0, 0, 0
58049, 167040, 0, 0, 0
58149, 169600, 0, 0, 0
58249, 158080, 0, 0, 0
58349, 151680, 0, 0, 0
58449, 166400, 0, 0, 0
58550, 120320, 0, 0, 0
58650, 162560, 0, 0, 0
58749, 160969, 0, 0, 0
58849, 169600, 0, 0, 0
58949, 171520, 0, 0, 0
59049, 168960, 0, 0, 0
59149, 163200, 0, 0, 0
59249, 174720, 0, 0, 0
59349, 160000, 0, 0, 0
59449, 167680, 0, 0, 0
59549, 176000, 0, 0, 0
59649, 149760, 0, 0, 0
59749, 168960, 0, 0, 0
59849, 182400, 0, 0, 0
59949, 185600, 0, 0, 0
60050, 165760, 0, 0, 0
60150, 187520, 0, 0, 0
60249, 168080, 0, 0, 0
60349, 164480, 0, 0, 0
60449, 166400, 0, 0, 0
60549, 144000, 0, 0, 0
60649, 159360, 0, 0, 0
60749, 176640, 0, 0, 0
60849, 165760, 0, 0, 0
60949, 177280, 0, 0, 0
61049, 174080, 0, 0, 0
61149, 163840, 0, 0, 0
61249, 176000, 0, 0, 0
61349, 180480, 0, 0, 0
61449, 158080, 0, 0, 0
61550, 187520, 0, 0, 0
61650, 177920, 0, 0, 0
61749, 175191, 0, 0, 0
61849, 170240, 0, 0, 0
61949, 167680, 0, 0, 0
62049, 126080, 0, 0, 0
62149, 170240, 0, 0, 0
62249, 170240, 0, 0, 0
62349, 177920, 0, 0, 0
62449, 177920, 0, 0, 0
62549, 181120, 0, 0, 0
62649, 173440, 0, 0, 0
62749, 167040, 0, 0, 0
62849, 168320, 0, 0, 0
62949, 190720, 0, 0, 0
63050, 179840, 0, 0, 0
63150, 148480, 0, 0, 0
63249, 159676, 0, 0, 0
63349, 168960, 0, 0, 0
63449, 172800, 0, 0, 0
63549, 168320, 0, 0, 0
63649, 168320, 0, 0, 0
63749, 173440, 0, 0, 0
63849, 176640, 0, 0, 0
63949, 176640, 0, 0, 0
64049, 165760, 0, 0, 0
64149, 167040, 0, 0, 0
64249, 161280, 0, 0, 0
64349, 144640, 0, 0, 0
64449, 166400, 0, 0, 0
64550, 168960, 0, 0, 0
64650, 145920, 0, 0, 0
64749, 167434, 0, 0, 0
64849, 180480, 0, 0, 0
64949, 181120, 0, 0, 0
65049, 160640, 0, 0, 0
65149, 174080, 0, 0, 0
65249, 176000, 0, 0, 0
65349, 174080, 0, 0, 0
65449, 179200, 0, 0, 0
65549, 181760, 0, 0, 0
65649, 170880, 0, 0, 0
65749, 165120, 0, 0, 0
65849, 169600, 0, 0, 0
65949, 158720, 0, 0, 0
66050, 169600, 0, 0, 0
66150, 165760, 0, 0, 0
66249, 151272, 0, 0, 0
66349, 158080, 0, 0, 0
66449, 149120, 0, 0, 0
66549, 175360, 0, 0, 0
66649, 168320, 0, 0, 0
66749, 171520, 0, 0, 0
66849, 175360, 0, 0, 0
66949, 174720, 0, 0, 0
67049, 152320, 0, 0, 0
67149, 183680, 0, 0, 0
67249, 165120, 0, 0, 0
67349, 165760, 0, 0, 0
67449, 169600, 0, 0, 0
67550, 163200, 0, 0, 0
67650, 121600, 0, 0, 0
67749, 165494, 0, 0, 0
67849, 166400, 0, 0, 0
67949, 177920, 0, 0, 0
68049, 176640, 0, 0, 0
68149, 174080, 0, 0, 0
68249, 177280, 0, 0, 0
68349, 167040, 0, 0, 0
68449, 156800, 0, 0, 0
68549, 140800, 0, 0, 0
68649, 170240, 0, 0, 0
68749, 158720, 0, 0, 0
68849, 168960, 0, 0, 0
68949, 173440, 0, 0, 0
69049, 181760, 0, 0, 0
69149, 184960, 0, 0, 0
69249, 176640, 0, 0, 0
69350, 169600, 0, 0, 0
69450, 182400, 0, 0, 0
69550, 174720, 0, 0, 0
69650, 161920, 0, 0, 0
69749, 174545, 0, 0, 0
69849, 168320, 0, 0, 0
69949, 168320, 0, 0, 0
70049, 168320, 0, 0, 0
70149, 181760, 0, 0, 0
70249, 156160, 0, 0, 0
70349, 161920, 0, 0, 0
70449, 186880, 0, 0, 0
70549, 164480, 0, 0, 0
70649, 167040, 0, 0, 0
70749, 160000, 0, 0, 0
70849, 173440, 0, 0, 0
70949, 169600, 0, 0, 0
71049, 176640, 0, 0, 0
71149, 164480, 0, 0, 0
71249, 172606, 0, 0, 0
71349, 189440, 0, 0, 0
71449, 177280, 0, 0, 0
71549, 160000, 0, 0, 0
71649, 170880, 0, 0, 0
71749, 162560, 0, 0, 0
71849, 174080, 0, 0, 0
71949, 157440, 0, 0, 0
72049, 197760, 0, 0, 0
72149, 177920, 0, 0, 0
72249, 176000, 0, 0, 0
72349, 176640, 0, 0, 0
72449, 170240, 0, 0, 0
72549, 178560, 0, 0, 0
72649, 183680, 0, 0, 0
72749, 171959, 0, 0, 0
72849, 168320, 0, 0, 0
72949, 177920, 0, 0, 0
73049, 181120, 0, 0, 0
73149, 175360, 0, 0, 0
73249, 167040, 0, 0, 0
73349, 141440, 0, 0, 0
73449, 165760, 0, 0, 0
73549, 175360, 0, 0, 0
73649, 183680, 0, 0, 0
73749, 167680, 0, 0, 0
73849, 188800, 0, 0, 0
73949, 163200, 0, 0, 0
74049, 154240, 0, 0, 0
74149, 165760, 0, 0, 0
74248, 169373, 0, 0, 0
74349, 162560, 0, 0, 0
74449, 178560, 0, 0, 0
74549, 163840, 0, 0, 0
74649, 164480, 0, 0, 0
74749, 182400, 0, 0, 0
74849, 184960, 0, 0, 0
74949, 174720, 0, 0, 0
75049, 168960, 0, 0, 0
75149, 163840, 0, 0, 0
75249, 152320, 0, 0, 0
75349, 169600, 0, 0, 0
75449, 172800, 0, 0, 0
75549, 179840, 0, 0, 0
75649, 135680, 0, 0, 0
75749, 172160, 0, 0, 0
75849, 170240, 0, 0, 0
75949, 160640, 0, 0, 0
76050, 169600, 0, 0, 0
76150, 174080, 0, 0, 0
76249, 155797, 0, 0, 0
76349, 172800, 0, 0, 0
76449, 182400, 0, 0, 0
76549, 172800, 0, 0, 0
76649, 158080, 0, 0, 0
76749, 183040, 0, 0, 0
76849, 167040, 0, 0, 0
76949, 167680, 0, 0, 0
77049, 178560, 0, 0, 0
77149, 171520, 0, 0, 0
77249, 169600, 0, 0, 0
77349, 165120, 0, 0, 0
77449, 158080, 0, 0, 0
77549, 144000, 0, 0, 0
77649, 171520, 0, 0, 0
77749, 183040, 0, 0, 0
77850, 178560, 0, 0, 0
77950, 161280, 0, 0, 0
78050, 164480, 0, 0, 0
78150, 181120, 0, 0, 0
78249, 171313, 0, 0, 0
78349, 150400, 0, 0, 0
78449, 177280, 0, 0, 0
78549, 172160, 0, 0, 0
78649, 163840, 0, 0, 0
78749, 159360, 0, 0, 0
78849, 167040, 0, 0, 0
78949, 163200, 0, 0, 0
79049, 167040, 0, 0, 0
79149, 149120, 0, 0, 0
79249, 167680, 0, 0, 0
79349, 174720, 0, 0, 0
79449, 172800, 0, 0, 0
79550, 168320, 0, 0, 0
79650, 172800, 0, 0, 0
79749, 164202, 0, 0, 0
79849, 171520, 0, 0, 0
79949, 174080, 0, 0, 0
80049, 190720, 0, 0, 0
80149, 177280, 0, 0, 0
80249, 180480, 0, 0, 0
80349, 175360, 0, 0, 0
80449, 159360, 0, 0, 0
80549, 172800, 0, 0, 0
80649, 168320, 0, 0, 0
80749, 188800, 0, 0, 0
80849, 150400, 0, 0, 0
80949, 167680, 0, 0, 0
81050, 174080, 0, 0, 0
81150, 172800, 0, 0, 0
81249, 180363, 0, 0, 0
81349, 180480, 0, 0, 0
81449, 172160, 0, 0, 0
81549, 186240, 0, 0, 0
81649, 175360, 0, 0, 0
81749, 183040, 0, 0, 0
81849, 165760, 0, 0, 0
81949, 173440, 0, 0, 0
82049, 154240, 0, 0, 0
82149, 172160, 0, 0, 0
82249, 172800, 0, 0, 0
82349, 170880, 0, 0, 0
82449, 159360, 0, 0, 0
82550, 180480, 0, 0, 0
82650, 185600, 0, 0, 0
82749, 146747, 0, 0, 0
82849, 176000, 0, 0, 0
82949, 176640, 0, 0, 0
83049, 186880, 0, 0, 0
83149, 160640, 0, 0, 0
83249, 156160, 0, 0, 0
83349, 165120, 0, 0, 0
83449, 165760, 0, 0, 0
83549, 186240, 0, 0, 0
83649, 177280, 0, 0, 0
83749, 158080, 0, 0, 0
83849, 166400, 0, 0, 0
83950, 158720, 0, 0, 0
84050, 143360, 0, 0, 0
84150, 172800, 0, 0, 0
84249, 180363, 0, 0, 0
84349, 173440, 0, 0, 0
84449, 175360, 0, 0, 0
84549, 182400, 0, 0, 0
84649, 176640, 0, 0, 0
84749, 156800, 0, 0, 0
84849, 160000, 0, 0, 0
84949, 167680, 0, 0, 0
85049, 172800, 0, 0, 0
85149, 181120, 0, 0, 0
85248, 160969, 0, 0, 0
85349, 174080, 0, 0, 0
85449, 145280, 0, 0, 0
85549, 165120, 0, 0, 0
85649, 184320, 0, 0, 0
85749, 184320, 0, 0, 0
85849, 141440, 0, 0, 0
85949, 163840, 0, 0, 0
86049, 160640, 0, 0, 0
86149, 169600, 0, 0, 0
86249, 158080, 0, 0, 0
86349, 181760, 0, 0, 0
86449, 164480, 0, 0, 0
86549, 171520, 0, 0, 0
86649, 168320, 0, 0, 0
86749, 170240, 0, 0, 0
86849, 170240, 0, 0, 0
86950, 166400, 0, 0, 0
87050, 160000, 0, 0, 0
87150, 183040, 0, 0, 0
87249, 161616, 0, 0, 0
87349, 185600, 0, 0, 0
87449, 175360, 0, 0, 0
87549, 179840, 0, 0, 0
87649, 169600, 0, 0, 0
87749, 169600, 0, 0, 0
87849, 163840, 0, 0, 0
87949, 169600, 0, 0, 0
88049, 141440, 0, 0, 0
88149, 182400, 0, 0, 0
88249, 173440, 0, 0, 0
88349, 162560, 0, 0, 0
88450, 156160, 0, 0, 0
88550, 163200, 0, 0, 0
88650, 175360, 0, 0, 0
88749, 172606, 0, 0, 0
88849, 165760, 0, 0, 0
88949, 153600, 0, 0, 0
89049, 156800, 0, 0, 0
89149, 163840, 0, 0, 0
89249, 177920, 0, 0, 0
89349, 165120, 0, 0, 0
89449, 180480, 0, 0, 0
89549, 170880, 0, 0, 0
89649, 174080, 0, 0, 0
89749, 172160, 0, 0, 0
89849, 160000, 0, 0, 0
89949, 156800, 0, 0, 0
