100, 2120485, 0, 0, 0
200, 2181132, 0, 0, 0
300, 2036737, 0, 0, 0
401, 2039305, 0, 0, 0
500, 2133700, 0, 0, 0
600, 2113437, 0, 0, 0
701, 2031902, 0, 0, 0
800, 2088286, 0, 0, 0
901, 2119422, 0, 0, 0
1000, 2128910, 0, 0, 0
1100, 2136973, 0, 0, 0
1200, 2097081, 0, 0, 0
1300, 2065395, 0, 0, 0
1400, 2103071, 0, 0, 0
1501, 2175687, 0, 0, 0
1600, 2111349, 0, 0, 0
1700, 2093628, 0, 0, 0
1800, 2074689, 0, 0, 0
1900, 2143611, 0, 0, 0
2000, 2013141, 0, 0, 0
2100, 2030499, 0, 0, 0
2200, 2124209, 0, 0, 0
2300, 2127052, 0, 0, 0
2400, 2192122, 0, 0, 0
2501, 2093958, 0, 0, 0
2600, 2046392, 0, 0, 0
2701, 2156724, 0, 0, 0
2800, 2014412, 0, 0, 0
2900, 2143552, 0, 0, 0
3000, 2023331, 0, 0, 0
3100, 2141070, 0, 0, 0
3200, 2116380, 0, 0, 0
3300, 2088422, 0, 0, 0
3400, 2189177, 0, 0, 0
3501, 2214959, 0, 0, 0
3600, 2120724, 0, 0, 0
3701, 2129728, 0, 0, 0
3800, 2089588, 0, 0, 0
3900, 2158327, 0, 0, 0
4000, 2067077, 0, 0, 0
4100, 2127735, 0, 0, 0
4200, 2134044, 0, 0, 0
4300, 2178408, 0, 0, 0
4400, 2104046, 0, 0, 0
4500, 2108028, 0, 0, 0
4600, 2110937, 0, 0, 0
4701, 2188505, 0, 0, 0
4800, 2260816, 0, 0, 0
4900, 2123286, 0, 0, 0
5000, 2205450, 0, 0, 0
5100, 2158992, 0, 0, 0
5200, 2131837, 0, 0, 0
5300, 2204018, 0, 0, 0
5400, 2138409, 0, 0, 0
5500, 2156087, 0, 0, 0
5600, 1981495, 0, 0, 0
5700, 2141948, 0, 0, 0
5800, 2040944, 0, 0, 0
5900, 2090044, 0, 0, 0
6000, 2094415, 0, 0, 0
6100, 2108189, 0, 0, 0
6200, 2140555, 0, 0, 0
6300, 2095165, 0, 0, 0
6400, 2108687, 0, 0, 0
6500, 2160777, 0, 0, 0
6600, 2098099, 0, 0, 0
6700, 2149042, 0, 0, 0
6800, 2069288, 0, 0, 0
6900, 2100160, 0, 0, 0
7000, 2102739, 0, 0, 0
7100, 2126179, 0, 0, 0
7201, 2122754, 0, 0, 0
7300, 2135100, 0, 0, 0
7400, 2195297, 0, 0, 0
7500, 2112684, 0, 0, 0
7600, 2170585, 0, 0, 0
7700, 2203590, 0, 0, 0
7800, 2151760, 0, 0, 0
7900, 2145527, 0, 0, 0
8000, 2107125, 0, 0, 0
8100, 2194912, 0, 0, 0
8201, 2113363, 0, 0, 0
8300, 2079976, 0, 0, 0
8401, 2100482, 0, 0, 0
8500, 2189847, 0, 0, 0
8600, 2039296, 0, 0, 0
8700, 2046243, 0, 0, 0
8800, 2113145, 0, 0, 0
8900, 2141082, 0, 0, 0
9000, 2053689, 0, 0, 0
9100, 2052597, 0, 0, 0
9200, 2076182, 0, 0, 0
9300, 2094423, 0, 0, 0
9400, 2148056, 0, 0, 0
9500, 2088216, 0, 0, 0
9600, 2166135, 0, 0, 0
9700, 2110965, 0, 0, 0
9800, 2096435, 0, 0, 0
9900, 2069684, 0, 0, 0
10000, 2096996, 0, 0, 0
10100, 2210798, 0, 0, 0
10200, 2115369, 0, 0, 0
10300, 2096590, 0, 0, 0
10401, 2135619, 0, 0, 0
10500, 2071018, 0, 0, 0
10600, 2015775, 0, 0, 0
10700, 2055984, 0, 0, 0
10800, 2103190, 0, 0, 0
10900, 2099074, 0, 0, 0
11000, 2144117, 0, 0, 0
11100, 2092120, 0, 0, 0
11200, 2045553, 0, 0, 0
11300, 2168088, 0, 0, 0
11400, 2158098, 0, 0, 0
11500, 2181372, 0, 0, 0
11600, 2128964, 0, 0, 0
11700, 2144755, 0, 0, 0
11800, 2118990, 0, 0, 0
11900, 2106658, 0, 0, 0
12000, 2048183, 0, 0, 0
12100, 2146399, 0, 0, 0
12200, 2162189, 0, 0, 0
12300, 2123100, 0, 0, 0
12400, 2065388, 0, 0, 0
12501, 2139602, 0, 0, 0
12600, 2176118, 0, 0, 0
12700, 2086806, 0, 0, 0
12800, 2133735, 0, 0, 0
12900, 2034734, 0, 0, 0
13001, 2100830, 0, 0, 0
13100, 2172492, 0, 0, 0
13200, 2106749, 0, 0, 0
13300, 2079636, 0, 0, 0
13401, 2105071, 0, 0, 0
13500, 2178651, 0, 0, 0
13600, 2129469, 0, 0, 0
13700, 2169127, 0, 0, 0
13800, 2154197, 0, 0, 0
13901, 2090580, 0, 0, 0
14000, 2133698, 0, 0, 0
14100, 2194154, 0, 0, 0
14200, 2213840, 0, 0, 0
14300, 2060430, 0, 0, 0
14400, 2077180, 0, 0, 0
14500, 2070012, 0, 0, 0
14600, 2077755, 0, 0, 0
14700, 2168938, 0, 0, 0
14800, 2142669, 0, 0, 0
14900, 2140488, 0, 0, 0
15000, 2153630, 0, 0, 0
15100, 2158987, 0, 0, 0
15200, 2132965, 0, 0, 0
15301, 2181494, 0, 0, 0
15400, 2138246, 0, 0, 0
15500, 2196632, 0, 0, 0
15600, 2153113, 0, 0, 0
15700, 2027037, 0, 0, 0
15801, 2133995, 0, 0, 0
15901, 2105567, 0, 0, 0
16000, 2086676, 0, 0, 0
16101, 2144855, 0, 0, 0
16201, 2132645, 0, 0, 0
16300, 2104343, 0, 0, 0
16401, 2064346, 0, 0, 0
16500, 2033307, 0, 0, 0
16600, 2113597, 0, 0, 0
16700, 2139543, 0, 0, 0
16800, 2158359, 0, 0, 0
16900, 2193297, 0, 0, 0
17000, 2136347, 0, 0, 0
17100, 2132434, 0, 0, 0
17200, 2080267, 0, 0, 0
17301, 2088424, 0, 0, 0
17400, 2180501, 0, 0, 0
17500, 2155997, 0, 0, 0
17600, 2175785, 0, 0, 0
17701, 2109927, 0, 0, 0
17800, 2179277, 0, 0, 0
17901, 2067490, 0, 0, 0
18000, 2023767, 0, 0, 0
18100, 2211540, 0, 0, 0
18200, 2142436, 0, 0, 0
18300, 2130272, 0, 0, 0
18401, 2061553, 0, 0, 0
18500, 2214979, 0, 0, 0
18600, 2170080, 0, 0, 0
18700, 2118676, 0, 0, 0
18800, 2087109, 0, 0, 0
18900, 2183734, 0, 0, 0
19000, 2074996, 0, 0, 0
19100, 2103359, 0, 0, 0
19200, 2174194, 0, 0, 0
19301, 2116325, 0, 0, 0
19400, 2167976, 0, 0, 0
19500, 2059415, 0, 0, 0
19600, 2156042, 0, 0, 0
19700, 2075152, 0, 0, 0
19800, 2136706, 0, 0, 0
19900, 2105777, 0, 0, 0
20000, 2049672, 0, 0, 0
20101, 2054027, 0, 0, 0
20201, 2056633, 0, 0, 0
20300, 2140846, 0, 0, 0
20400, 2066700, 0, 0, 0
20500, 2048855, 0, 0, 0
20600, 2040795, 0, 0, 0
20700, 2107833, 0, 0, 0
20800, 2057362, 0, 0, 0
20901, 2090053, 0, 0, 0
21000, 2097852, 0, 0, 0
21100, 2192656, 0, 0, 0
21200, 2078423, 0, 0, 0
21300, 2013176, 0, 0, 0
21400, 2027983, 0, 0, 0
21500, 2169640, 0, 0, 0
21600, 2031660, 0, 0, 0
21701, 2108590, 0, 0, 0
21800, 2098363, 0, 0, 0
21900, 2134609, 0, 0, 0
22000, 2059649, 0, 0, 0
22100, 2105669, 0, 0, 0
22200, 2033270, 0, 0, 0
22300, 2071167, 0, 0, 0
22400, 2132084, 0, 0, 0
22500, 2231218, 0, 0, 0
22600, 2051898, 0, 0, 0
22700, 2101038, 0, 0, 0
22800, 2085911, 0, 0, 0
22900, 2180457, 0, 0, 0
23000, 2104137, 0, 0, 0
23101, 2108452, 0, 0, 0
23200, 2185424, 0, 0, 0
23300, 2121693, 0, 0, 0
23400, 2090481, 0, 0, 0
23501, 2135834, 0, 0, 0
23601, 2248369, 0, 0, 0
23700, 2227200, 0, 0, 0
23801, 2110231, 0, 0, 0
23901, 2090603, 0, 0, 0
24000, 2157067, 0, 0, 0
24100, 2051635, 0, 0, 0
24200, 2126474, 0, 0, 0
24300, 2172787, 0, 0, 0
24400, 1999445, 0, 0, 0
24500, 2120229, 0, 0, 0
24600, 2189701, 0, 0, 0
24700, 2133305, 0, 0, 0
24801, 2106855, 0, 0, 0
24901, 2055007, 0, 0, 0
25000, 2126436, 0, 0, 0
25100, 2159085, 0, 0, 0
25200, 2195652, 0, 0, 0
25300, 2096271, 0, 0, 0
25401, 2095462, 0, 0, 0
25500, 2056326, 0, 0, 0
25600, 2053970, 0, 0, 0
25700, 2132984, 0, 0, 0
25800, 2135786, 0, 0, 0
25900, 2127377, 0, 0, 0
26000, 2165380, 0, 0, 0
26100, 2139243, 0, 0, 0
26200, 2196361, 0, 0, 0
26300, 2123059, 0, 0, 0
26400, 2165054, 0, 0, 0
26500, 2169843, 0, 0, 0
26600, 2080335, 0, 0, 0
26700, 2133909, 0, 0, 0
26800, 2161659, 0, 0, 0
26900, 2131210, 0, 0, 0
27000, 2136798, 0, 0, 0
27100, 2107709, 0, 0, 0
27200, 2214164, 0, 0, 0
27300, 2022308, 0, 0, 0
27400, 2079008, 0, 0, 0
27500, 1996162, 0, 0, 0
27600, 2127876, 0, 0, 0
27700, 2153290, 0, 0, 0
27800, 2133477, 0, 0, 0
27900, 2008246, 0, 0, 0
28000, 2010668, 0, 0, 0
28101, 2082127, 0, 0, 0
28200, 1962524, 0, 0, 0
28300, 2086277, 0, 0, 0
28400, 2103098, 0, 0, 0
28501, 2185259, 0, 0, 0
28600, 2056632, 0, 0, 0
28700, 2148364, 0, 0, 0
28801, 2144189, 0, 0, 0
28900, 2070748, 0, 0, 0
29001, 2045953, 0, 0, 0
29100, 2052183, 0, 0, 0
29200, 2045322, 0, 0, 0
29301, 2133970, 0, 0, 0
29401, 2117714, 0, 0, 0
29500, 2134456, 0, 0, 0
29600, 2166869, 0, 0, 0
29700, 2053926, 0, 0, 0
29801, 2166502, 0, 0, 0
29900, 2072811, 0, 0, 0
30000, 2159567, 0, 0, 0
30100, 2132894, 0, 0, 0
30200, 2040566, 0, 0, 0
30300, 2113499, 0, 0, 0
30400, 2054315, 0, 0, 0
30500, 2128379, 0, 0, 0
30600, 2137749, 0, 0, 0
30700, 2035971, 0, 0, 0
30801, 2112728, 0, 0, 0
30901, 2117253, 0, 0, 0
31000, 2235680, 0, 0, 0
31100, 2215694, 0, 0, 0
31200, 2061145, 0, 0, 0
31300, 2135429, 0, 0, 0
31400, 2165886, 0, 0, 0
31501, 2116847, 0, 0, 0
31601, 2185916, 0, 0, 0
31700, 2091426, 0, 0, 0
31800, 2151156, 0, 0, 0
31900, 2133625, 0, 0, 0
32001, 2095042, 0, 0, 0
32100, 2118591, 0, 0, 0
32200, 2042823, 0, 0, 0
32301, 2126824, 0, 0, 0
32400, 2104224, 0, 0, 0
32501, 2120769, 0, 0, 0
32600, 2232003, 0, 0, 0
32700, 2170459, 0, 0, 0
32800, 2095179, 0, 0, 0
32900, 2154997, 0, 0, 0
33001, 2060778, 0, 0, 0
33100, 2050521, 0, 0, 0
33201, 2028691, 0, 0, 0
33300, 2083303, 0, 0, 0
33400, 2194674, 0, 0, 0
33500, 2072679, 0, 0, 0
33600, 2107893, 0, 0, 0
33700, 2122984, 0, 0, 0
33800, 2078537, 0, 0, 0
33900, 2128610, 0, 0, 0
34001, 2082319, 0, 0, 0
34100, 2091665, 0, 0, 0
34200, 2033409, 0, 0, 0
34300, 2107013, 0, 0, 0
34400, 2150236, 0, 0, 0
34500, 2154794, 0, 0, 0
34600, 2098446, 0, 0, 0
34700, 2017988, 0, 0, 0
34801, 2050278, 0, 0, 0
34900, 2138374, 0, 0, 0
35000, 2115899, 0, 0, 0
35100, 2178045, 0, 0, 0
35200, 2192019, 0, 0, 0
35300, 2159867, 0, 0, 0
35400, 2110051, 0, 0, 0
35500, 2083884, 0, 0, 0
35600, 2148494, 0, 0, 0
35700, 2108825, 0, 0, 0
35800, 2168852, 0, 0, 0
35900, 2092266, 0, 0, 0
36000, 2309989, 0, 0, 0
36101, 2114355, 0, 0, 0
36200, 2144545, 0, 0, 0
36300, 2177921, 0, 0, 0
36400, 2081347, 0, 0, 0
36500, 2115959, 0, 0, 0
36600, 2108088, 0, 0, 0
36700, 2145346, 0, 0, 0
36800, 2161155, 0, 0, 0
36901, 2139792, 0, 0, 0
37000, 2114227, 0, 0, 0
37100, 2143183, 0, 0, 0
37200, 2167524, 0, 0, 0
37300, 2180733, 0, 0, 0
37400, 2043168, 0, 0, 0
37501, 2155679, 0, 0, 0
37600, 2095447, 0, 0, 0
37700, 2112964, 0, 0, 0
37801, 2108571, 0, 0, 0
37900, 2178857, 0, 0, 0
38000, 2083568, 0, 0, 0
38101, 2067423, 0, 0, 0
38201, 2116475, 0, 0, 0
38301, 2118443, 0, 0, 0
38400, 2105340, 0, 0, 0
38500, 2187414, 0, 0, 0
38600, 2039289, 0, 0, 0
38700, 2110801, 0, 0, 0
38801, 2134717, 0, 0, 0
38900, 2115818, 0, 0, 0
39000, 2169224, 0, 0, 0
39100, 2113311, 0, 0, 0
39200, 2112401, 0, 0, 0
39300, 2051895, 0, 0, 0
39400, 2091143, 0, 0, 0
39500, 2090385, 0, 0, 0
39600, 1982369, 0, 0, 0
39700, 2164656, 0, 0, 0
39800, 2073204, 0, 0, 0
39900, 2103774, 0, 0, 0
40001, 2051216, 0, 0, 0
40100, 2059099, 0, 0, 0
40200, 1984731, 0, 0, 0
40301, 2078166, 0, 0, 0
40400, 2126195, 0, 0, 0
40500, 2222558, 0, 0, 0
40600, 2124753, 0, 0, 0
40701, 2160887, 0, 0, 0
40800, 2113096, 0, 0, 0
40900, 2029872, 0, 0, 0
41000, 2084329, 0, 0, 0
41100, 2100637, 0, 0, 0
41200, 2107833, 0, 0, 0
41300, 2077880, 0, 0, 0
41400, 2191136, 0, 0, 0
41500, 2158512, 0, 0, 0
41600, 2052493, 0, 0, 0
41700, 2053399, 0, 0, 0
41800, 2202291, 0, 0, 0
41901, 2037456, 0, 0, 0
42000, 2032917, 0, 0, 0
42100, 2088783, 0, 0, 0
42200, 2082377, 0, 0, 0
42301, 2172530, 0, 0, 0
42400, 2121364, 0, 0, 0
42500, 2081757, 0, 0, 0
42600, 2098127, 0, 0, 0
42700, 2169323, 0, 0, 0
42800, 2042783, 0, 0, 0
42900, 2155954, 0, 0, 0
43000, 2086850, 0, 0, 0
43101, 2130569, 0, 0, 0
43200, 2183858, 0, 0, 0
43300, 2049359, 0, 0, 0
43400, 2100507, 0, 0, 0
43501, 1973735, 0, 0, 0
43600, 2058277, 0, 0, 0
43700, 2070844, 0, 0, 0
43801, 2088115, 0, 0, 0
43900, 2080456, 0, 0, 0
44000, 2122773, 0, 0, 0
44100, 2089981, 0, 0, 0
44200, 2094789, 0, 0, 0
44300, 2081841, 0, 0, 0
44400, 2025399, 0, 0, 0
44500, 2064588, 0, 0, 0
44600, 2149662, 0, 0, 0
44700, 2153026, 0, 0, 0
44800, 2122778, 0, 0, 0
44900, 2034151, 0, 0, 0
45000, 2081758, 0, 0, 0
45101, 2164203, 0, 0, 0
45200, 2077636, 0, 0, 0
45300, 2075118, 0, 0, 0
45400, 2108456, 0, 0, 0
45500, 2116608, 0, 0, 0
45600, 2087578, 0, 0, 0
45700, 2058110, 0, 0, 0
45800, 2038632, 0, 0, 0
45900, 2033570, 0, 0, 0
46000, 2080468, 0, 0, 0
46100, 2060231, 0, 0, 0
46200, 2154597, 0, 0, 0
46300, 2043764, 0, 0, 0
46400, 2097530, 0, 0, 0
46500, 2207700, 0, 0, 0
46601, 2121025, 0, 0, 0
46701, 2143994, 0, 0, 0
46800, 2202384, 0, 0, 0
46900, 2046764, 0, 0, 0
47000, 2010880, 0, 0, 0
47100, 2113183, 0, 0, 0
47200, 2115985, 0, 0, 0
47300, 2147013, 0, 0, 0
47400, 2171118, 0, 0, 0
47501, 2119916, 0, 0, 0
47600, 2061598, 0, 0, 0
47700, 2065042, 0, 0, 0
47801, 2116918, 0, 0, 0
47900, 2089559, 0, 0, 0
48000, 2180939, 0, 0, 0
48100, 2048665, 0, 0, 0
48200, 2018105, 0, 0, 0
48300, 2092207, 0, 0, 0
48400, 2222875, 0, 0, 0
48501, 2088886, 0, 0, 0
48600, 2042962, 0, 0, 0
48700, 2089246, 0, 0, 0
48800, 2064690, 0, 0, 0
48900, 2123152, 0, 0, 0
49000, 2025797, 0, 0, 0
49101, 2079878, 0, 0, 0
49200, 2060138, 0, 0, 0
49301, 2084591, 0, 0, 0
49400, 2093889, 0, 0, 0
49502, 2018618, 0, 0, 0
49600, 2136353, 0, 0, 0
49700, 2166128, 0, 0, 0
49801, 2083283, 0, 0, 0
49900, 2069038, 0, 0, 0
50000, 2115728, 0, 0, 0
50100, 2094291, 0, 0, 0
50200, 2118838, 0, 0, 0
50300, 2055944, 0, 0, 0
50400, 2083567, 0, 0, 0
50500, 2091633, 0, 0, 0
50600, 2084254, 0, 0, 0
50700, 2116445, 0, 0, 0
50800, 2027508, 0, 0, 0
50900, 2071166, 0, 0, 0
51001, 2124630, 0, 0, 0
51100, 1966631, 0, 0, 0
51201, 2090820, 0, 0, 0
51300, 2018468, 0, 0, 0
51400, 2096006, 0, 0, 0
51500, 2108287, 0, 0, 0
51600, 2162985, 0, 0, 0
51700, 2094023, 0, 0, 0
51800, 2098469, 0, 0, 0
51900, 2067496, 0, 0, 0
52000, 2096729, 0, 0, 0
52100, 2073241, 0, 0, 0
52200, 2027032, 0, 0, 0
52300, 2148249, 0, 0, 0
52400, 2091703, 0, 0, 0
52500, 2116111, 0, 0, 0
52600, 2023316, 0, 0, 0
52700, 2049775, 0, 0, 0
52800, 2031275, 0, 0, 0
52900, 2095025, 0, 0, 0
53000, 2044915, 0, 0, 0
53100, 2135628, 0, 0, 0
53200, 2147344, 0, 0, 0
53300, 2132342, 0, 0, 0
53400, 2046605, 0, 0, 0
53500, 2050032, 0, 0, 0
53600, 2137228, 0, 0, 0
53700, 2007060, 0, 0, 0
53800, 2192391, 0, 0, 0
53900, 2192947, 0, 0, 0
54000, 2120730, 0, 0, 0
54100, 2020350, 0, 0, 0
54200, 2041957, 0, 0, 0
54300, 2029802, 0, 0, 0
54400, 2042841, 0, 0, 0
54500, 1980761, 0, 0, 0
54600, 2078057, 0, 0, 0
54700, 2152005, 0, 0, 0
54801, 2142433, 0, 0, 0
54900, 2189806, 0, 0, 0
55000, 2112379, 0, 0, 0
55100, 2116049, 0, 0, 0
55200, 2040261, 0, 0, 0
55301, 2129747, 0, 0, 0
55400, 2086213, 0, 0, 0
55501, 2155527, 0, 0, 0
55600, 2199531, 0, 0, 0
55700, 2074268, 0, 0, 0
55800, 2082758, 0, 0, 0
55900, 2162663, 0, 0, 0
56001, 2105820, 0, 0, 0
56100, 2117724, 0, 0, 0
56200, 2111427, 0, 0, 0
56301, 2083863, 0, 0, 0
56400, 2058849, 0, 0, 0
56500, 2079345, 0, 0, 0
56600, 2052065, 0, 0, 0
56700, 2093371, 0, 0, 0
56800, 2089742, 0, 0, 0
56900, 2108059, 0, 0, 0
57001, 2118856, 0, 0, 0
57100, 2082252, 0, 0, 0
57200, 2105394, 0, 0, 0
57301, 2097479, 0, 0, 0
57401, 2139944, 0, 0, 0
57500, 1978048, 0, 0, 0
57600, 2076683, 0, 0, 0
57700, 2048892, 0, 0, 0
57800, 2017207, 0, 0, 0
57900, 2071543, 0, 0, 0
58000, 2074032, 0, 0, 0
58100, 2053786, 0, 0, 0
58200, 2016939, 0, 0, 0
58301, 2054817, 0, 0, 0
58400, 2118048, 0, 0, 0
58500, 2022493, 0, 0, 0
58600, 2021257, 0, 0, 0
58700, 2114002, 0, 0, 0
58800, 2176301, 0, 0, 0
58900, 2054985, 0, 0, 0
59000, 2053112, 0, 0, 0
59100, 2040088, 0, 0, 0
59200, 2130361, 0, 0, 0
59300, 1978363, 0, 0, 0
59400, 2031888, 0, 0, 0
59500, 2073264, 0, 0, 0
59600, 2093263, 0, 0, 0
59700, 2068456, 0, 0, 0
59800, 2095176, 0, 0, 0
59900, 2021212, 0, 0, 0
60000, 2104423, 0, 0, 0
60100, 2164753, 0, 0, 0
60200, 2025565, 0, 0, 0
60300, 2200264, 0, 0, 0
60400, 2088184, 0, 0, 0
60500, 2111774, 0, 0, 0
60601, 2137221, 0, 0, 0
60700, 2126020, 0, 0, 0
60800, 2154057, 0, 0, 0
60901, 2167583, 0, 0, 0
61000, 2109327, 0, 0, 0
61100, 2014027, 0, 0, 0
61200, 2146705, 0, 0, 0
61300, 2114678, 0, 0, 0
61400, 2106883, 0, 0, 0
61500, 2128897, 0, 0, 0
61600, 2101017, 0, 0, 0
61700, 2068816, 0, 0, 0
61800, 2143218, 0, 0, 0
61900, 2114618, 0, 0, 0
62000, 2136336, 0, 0, 0
62100, 2136263, 0, 0, 0
62200, 2151369, 0, 0, 0
62300, 2120297, 0, 0, 0
62400, 2109060, 0, 0, 0
62500, 2075735, 0, 0, 0
62600, 2108772, 0, 0, 0
62700, 2075163, 0, 0, 0
62800, 2178473, 0, 0, 0
62900, 2097598, 0, 0, 0
63000, 2090300, 0, 0, 0
63100, 2155094, 0, 0, 0
63201, 2154618, 0, 0, 0
63300, 2137380, 0, 0, 0
63400, 2053751, 0, 0, 0
63500, 2131263, 0, 0, 0
63600, 2134825, 0, 0, 0
63700, 2184913, 0, 0, 0
63800, 2141840, 0, 0, 0
63900, 2196933, 0, 0, 0
64001, 2117213, 0, 0, 0
64100, 2102985, 0, 0, 0
64200, 2153742, 0, 0, 0
64300, 2170597, 0, 0, 0
64400, 2046778, 0, 0, 0
64500, 2233225, 0, 0, 0
64600, 2164640, 0, 0, 0
64701, 2145129, 0, 0, 0
64800, 2186571, 0, 0, 0
64900, 2108010, 0, 0, 0
65000, 2107828, 0, 0, 0
65100, 2055601, 0, 0, 0
65200, 2073154, 0, 0, 0
65300, 2108325, 0, 0, 0
65400, 2158491, 0, 0, 0
65500, 2117349, 0, 0, 0
65600, 2069313, 0, 0, 0
65700, 2138677, 0, 0, 0
65800, 2075402, 0, 0, 0
65900, 2090034, 0, 0, 0
66000, 2097672, 0, 0, 0
66100, 2104778, 0, 0, 0
66200, 2021324, 0, 0, 0
66300, 2078626, 0, 0, 0
66400, 2091320, 0, 0, 0
66501, 2033116, 0, 0, 0
66600, 2220301, 0, 0, 0
66700, 2147665, 0, 0, 0
66800, 2193386, 0, 0, 0
66900, 2066400, 0, 0, 0
67000, 2063489, 0, 0, 0
67100, 2124565, 0, 0, 0
67201, 2097232, 0, 0, 0
67300, 2117177, 0, 0, 0
67400, 2153083, 0, 0, 0
67500, 2060160, 0, 0, 0
67600, 2115801, 0, 0, 0
67700, 2152088, 0, 0, 0
67800, 2128195, 0, 0, 0
67900, 2106476, 0, 0, 0
68001, 2154098, 0, 0, 0
68100, 2167756, 0, 0, 0
68200, 2116688, 0, 0, 0
68300, 2157833, 0, 0, 0
68400, 2150041, 0, 0, 0
68501, 2085060, 0, 0, 0
68601, 2245499, 0, 0, 0
68700, 2150174, 0, 0, 0
68801, 2099888, 0, 0, 0
68900, 2170805, 0, 0, 0
69000, 2176666, 0, 0, 0
69100, 2125494, 0, 0, 0
69200, 2165733, 0, 0, 0
69300, 2126778, 0, 0, 0
69400, 2120651, 0, 0, 0
69502, 2119860, 0, 0, 0
69601, 2142603, 0, 0, 0
69700, 2083332, 0, 0, 0
69800, 2127176, 0, 0, 0
69900, 2134545, 0, 0, 0
70000, 2126251, 0, 0, 0
70100, 2073441, 0, 0, 0
70200, 2091875, 0, 0, 0
70300, 2072749, 0, 0, 0
70400, 2126941, 0, 0, 0
70500, 2150418, 0, 0, 0
70600, 2176670, 0, 0, 0
70700, 2168480, 0, 0, 0
70800, 2212875, 0, 0, 0
70900, 2145707, 0, 0, 0
71000, 2052844, 0, 0, 0
71100, 2098836, 0, 0, 0
71200, 2180874, 0, 0, 0
71300, 2133810, 0, 0, 0
71400, 2076390, 0, 0, 0
71501, 2094384, 0, 0, 0
71600, 2097313, 0, 0, 0
71700, 2107921, 0, 0, 0
71800, 2059684, 0, 0, 0
71900, 2016915, 0, 0, 0
72000, 2093019, 0, 0, 0
72100, 2034899, 0, 0, 0
72200, 2070095, 0, 0, 0
72300, 2040066, 0, 0, 0
72400, 2252207, 0, 0, 0
72501, 2237803, 0, 0, 0
72600, 2077109, 0, 0, 0
72700, 2055422, 0, 0, 0
72800, 2106854, 0, 0, 0
72900, 2169155, 0, 0, 0
73001, 2110272, 0, 0, 0
73100, 2060304, 0, 0, 0
73200, 2066472, 0, 0, 0
73300, 2089684, 0, 0, 0
73400, 2046674, 0, 0, 0
73501, 2053340, 0, 0, 0
73600, 2186915, 0, 0, 0
73700, 2189581, 0, 0, 0
73800, 2174375, 0, 0, 0
73900, 2284111, 0, 0, 0
74000, 2145633, 0, 0, 0
74100, 2186162, 0, 0, 0
74200, 2188063, 0, 0, 0
74300, 2161411, 0, 0, 0
74400, 2149976, 0, 0, 0
74500, 2178152, 0, 0, 0
74600, 2178388, 0, 0, 0
74700, 2073606, 0, 0, 0
74800, 2060833, 0, 0, 0
74900, 2072932, 0, 0, 0
75000, 2122121, 0, 0, 0
75100, 2131280, 0, 0, 0
75200, 2138039, 0, 0, 0
75300, 2168102, 0, 0, 0
75401, 2184162, 0, 0, 0
75500, 2143466, 0, 0, 0
75600, 2096913, 0, 0, 0
75701, 2145690, 0, 0, 0
75800, 2234662, 0, 0, 0
75900, 2121461, 0, 0, 0
76000, 2144225, 0, 0, 0
76100, 2099833, 0, 0, 0
76200, 2136368, 0, 0, 0
76300, 2144636, 0, 0, 0
76400, 2146470, 0, 0, 0
76500, 2099853, 0, 0, 0
76600, 2040897, 0, 0, 0
76700, 2119707, 0, 0, 0
76800, 2103660, 0, 0, 0
76901, 2114442, 0, 0, 0
77000, 2213215, 0, 0, 0
77100, 2088760, 0, 0, 0
77200, 2057108, 0, 0, 0
77300, 2012453, 0, 0, 0
77400, 2321783, 0, 0, 0
77500, 2144342, 0, 0, 0
77601, 2155058, 0, 0, 0
77700, 2076992, 0, 0, 0
77801, 2185263, 0, 0, 0
77900, 2189588, 0, 0, 0
78000, 2105983, 0, 0, 0
78101, 2166669, 0, 0, 0
78200, 2127030, 0, 0, 0
78300, 2108550, 0, 0, 0
78400, 2188899, 0, 0, 0
78500, 2273371, 0, 0, 0
78600, 2163187, 0, 0, 0
78700, 2150481, 0, 0, 0
78800, 1996182, 0, 0, 0
78901, 2119497, 0, 0, 0
79001, 2155125, 0, 0, 0
79100, 2145526, 0, 0, 0
79200, 2129605, 0, 0, 0
79300, 2178446, 0, 0, 0
79400, 2116127, 0, 0, 0
79500, 2132878, 0, 0, 0
79600, 2186690, 0, 0, 0
79700, 2109844, 0, 0, 0
79800, 2131454, 0, 0, 0
79900, 2179457, 0, 0, 0
80000, 2200547, 0, 0, 0
80100, 2185403, 0, 0, 0
80200, 2081952, 0, 0, 0
80300, 2084652, 0, 0, 0
80400, 2064002, 0, 0, 0
80500, 2181031, 0, 0, 0
80600, 2055312, 0, 0, 0
80700, 2095327, 0, 0, 0
80800, 2107502, 0, 0, 0
80900, 2108412, 0, 0, 0
81000, 2101001, 0, 0, 0
81100, 2131838, 0, 0, 0
81200, 2137375, 0, 0, 0
81301, 2161893, 0, 0, 0
81401, 2123586, 0, 0, 0
81500, 2127842, 0, 0, 0
81600, 2112901, 0, 0, 0
81700, 2084276, 0, 0, 0
81800, 2015132, 0, 0, 0
81901, 2145516, 0, 0, 0
82000, 2206692, 0, 0, 0
82100, 2124082, 0, 0, 0
82201, 2105576, 0, 0, 0
82300, 2126815, 0, 0, 0
82400, 2156969, 0, 0, 0
82500, 2083032, 0, 0, 0
82601, 2119680, 0, 0, 0
82700, 2165053, 0, 0, 0
82800, 2129328, 0, 0, 0
82900, 2111747, 0, 0, 0
83000, 2107453, 0, 0, 0
83100, 2197196, 0, 0, 0
83200, 2178227, 0, 0, 0
83301, 2115928, 0, 0, 0
83400, 2196616, 0, 0, 0
83500, 2179849, 0, 0, 0
83600, 2102431, 0, 0, 0
83700, 2115675, 0, 0, 0
83800, 2050410, 0, 0, 0
83900, 2113425, 0, 0, 0
84000, 2154035, 0, 0, 0
84100, 2177987, 0, 0, 0
84200, 2127726, 0, 0, 0
84301, 2020974, 0, 0, 0
84401, 2073829, 0, 0, 0
84500, 2148088, 0, 0, 0
84601, 2146291, 0, 0, 0
84700, 2074108, 0, 0, 0
84800, 2070165, 0, 0, 0
84900, 2121787, 0, 0, 0
85000, 2157192, 0, 0, 0
85100, 2152345, 0, 0, 0
85200, 2111447, 0, 0, 0
85300, 2153535, 0, 0, 0
85400, 2133650, 0, 0, 0
85500, 2030584, 0, 0, 0
85600, 2081290, 0, 0, 0
85700, 2180382, 0, 0, 0
85800, 2172420, 0, 0, 0
85901, 2056294, 0, 0, 0
86000, 2061664, 0, 0, 0
86100, 2106447, 0, 0, 0
86200, 2087090, 0, 0, 0
86300, 2110270, 0, 0, 0
86401, 2188457, 0, 0, 0
86501, 2176103, 0, 0, 0
86600, 2172877, 0, 0, 0
86700, 2095594, 0, 0, 0
86800, 2173875, 0, 0, 0
86900, 2120327, 0, 0, 0
87000, 2136223, 0, 0, 0
87101, 2161287, 0, 0, 0
87200, 2163929, 0, 0, 0
87300, 2073896, 0, 0, 0
87401, 2041537, 0, 0, 0
87500, 2195713, 0, 0, 0
87600, 2213768, 0, 0, 0
87701, 2147577, 0, 0, 0
87800, 2213828, 0, 0, 0
87900, 2083568, 0, 0, 0
88000, 2153059, 0, 0, 0
88100, 2146262, 0, 0, 0
88200, 2179465, 0, 0, 0
88301, 2194103, 0, 0, 0
88400, 2116935, 0, 0, 0
88500, 2189989, 0, 0, 0
88601, 2107403, 0, 0, 0
88700, 2207096, 0, 0, 0
88800, 2105191, 0, 0, 0
88900, 2195562, 0, 0, 0
89001, 2170220, 0, 0, 0
89100, 2111222, 0, 0, 0
89200, 2048698, 0, 0, 0
89300, 2138033, 0, 0, 0
89400, 2200124, 0, 0, 0
89500, 2166671, 0, 0, 0
89600, 2043267, 0, 0, 0
89701, 2067621, 0, 0, 0
89800, 2160983, 0, 0, 0
89900, 2165695, 0, 0, 0
90000, 1754572, 0, 0, 0
90001, 1455996, 0, 0, 0
