101, 8544, 0, 0, 0
200, 8505, 0, 0, 0
300, 8600, 0, 0, 0
400, 8810, 0, 0, 0
500, 8660, 0, 0, 0
600, 8570, 0, 0, 0
701, 8520, 0, 0, 0
800, 8707, 0, 0, 0
900, 8780, 0, 0, 0
1000, 8680, 0, 0, 0
1100, 8690, 0, 0, 0
1200, 8470, 0, 0, 0
1300, 8650, 0, 0, 0
1400, 8440, 0, 0, 0
1500, 8760, 0, 0, 0
1600, 8640, 0, 0, 0
1700, 8520, 0, 0, 0
1800, 8898, 0, 0, 0
1900, 8840, 0, 0, 0
2000, 8860, 0, 0, 0
2100, 8770, 0, 0, 0
2200, 8800, 0, 0, 0
2300, 8850, 0, 0, 0
2400, 8790, 0, 0, 0
2500, 8770, 0, 0, 0
2600, 8610, 0, 0, 0
2700, 8800, 0, 0, 0
2800, 8690, 0, 0, 0
2900, 8570, 0, 0, 0
3000, 8520, 0, 0, 0
3100, 8690, 0, 0, 0
3200, 8490, 0, 0, 0
3300, 8848, 0, 0, 0
3400, 8680, 0, 0, 0
3500, 8780, 0, 0, 0
3600, 8770, 0, 0, 0
3700, 8910, 0, 0, 0
3800, 8810, 0, 0, 0
3900, 8900, 0, 0, 0
4000, 8750, 0, 0, 0
4100, 8620, 0, 0, 0
4200, 8860, 0, 0, 0
4300, 8800, 0, 0, 0
4400, 8840, 0, 0, 0
4501, 8670, 0, 0, 0
4600, 8606, 0, 0, 0
4700, 8700, 0, 0, 0
4800, 8800, 0, 0, 0
4900, 8650, 0, 0, 0
5000, 8850, 0, 0, 0
5100, 8670, 0, 0, 0
5200, 8690, 0, 0, 0
5300, 8720, 0, 0, 0
5400, 8530, 0, 0, 0
5500, 8680, 0, 0, 0
5600, 8850, 0, 0, 0
5700, 8920, 0, 0, 0
5800, 8717, 0, 0, 0
5900, 8750, 0, 0, 0
6000, 8780, 0, 0, 0
6100, 8740, 0, 0, 0
6200, 8890, 0, 0, 0
6300, 8820, 0, 0, 0
6400, 8650, 0, 0, 0
6500, 8490, 0, 0, 0
6601, 8530, 0, 0, 0
6700, 8606, 0, 0, 0
6800, 8770, 0, 0, 0
6900, 8590, 0, 0, 0
7000, 8980, 0, 0, 0
7100, 8990, 0, 0, 0
7200, 9040, 0, 0, 0
7300, 8630, 0, 0, 0
7400, 9080, 0, 0, 0
7501, 8770, 0, 0, 0
7600, 8818, 0, 0, 0
7700, 8720, 0, 0, 0
7800, 8680, 0, 0, 0
7900, 8660, 0, 0, 0
8000, 8760, 0, 0, 0
8100, 8550, 0, 0, 0
8200, 8700, 0, 0, 0
8300, 8670, 0, 0, 0
8400, 8620, 0, 0, 0
8500, 8920, 0, 0, 0
8600, 8930, 0, 0, 0
8700, 8830, 0, 0, 0
8801, 8820, 0, 0, 0
8900, 8595, 0, 0, 0
9000, 8630, 0, 0, 0
9100, 8780, 0, 0, 0
9200, 8770, 0, 0, 0
9300, 8680, 0, 0, 0
9400, 8950, 0, 0, 0
9500, 8640, 0, 0, 0
9601, 8820, 0, 0, 0
9700, 8737, 0, 0, 0
9800, 8750, 0, 0, 0
9900, 8550, 0, 0, 0
10000, 8510, 0, 0, 0
10100, 8700, 0, 0, 0
10200, 8400, 0, 0, 0
10300, 8580, 0, 0, 0
10400, 8340, 0, 0, 0
10501, 8480, 0, 0, 0
10600, 8333, 0, 0, 0
10700, 8610, 0, 0, 0
10800, 8600, 0, 0, 0
10900, 8410, 0, 0, 0
11000, 8380, 0, 0, 0
11100, 8340, 0, 0, 0
11200, 8470, 0, 0, 0
11300, 8737, 0, 0, 0
11401, 8860, 0, 0, 0
11500, 8868, 0, 0, 0
11600, 8650, 0, 0, 0
11700, 8700, 0, 0, 0
11800, 8790, 0, 0, 0
11900, 8720, 0, 0, 0
12000, 8730, 0, 0, 0
12100, 8800, 0, 0, 0
12200, 8820, 0, 0, 0
12300, 8727, 0, 0, 0
12400, 8780, 0, 0, 0
12500, 8690, 0, 0, 0
12600, 8730, 0, 0, 0
12700, 8700, 0, 0, 0
12800, 8740, 0, 0, 0
12900, 8580, 0, 0, 0
13000, 8700, 0, 0, 0
13100, 8670, 0, 0, 0
13200, 8810, 0, 0, 0
13300, 8636, 0, 0, 0
13400, 8670, 0, 0, 0
13500, 8520, 0, 0, 0
13600, 8580, 0, 0, 0
13700, 8650, 0, 0, 0
13800, 8540, 0, 0, 0
13900, 8680, 0, 0, 0
14000, 8780, 0, 0, 0
14100, 8650, 0, 0, 0
14200, 8620, 0, 0, 0
14300, 8676, 0, 0, 0
14400, 8440, 0, 0, 0
14500, 8710, 0, 0, 0
14600, 8610, 0, 0, 0
14700, 8460, 0, 0, 0
14800, 8780, 0, 0, 0
14900, 8650, 0, 0, 0
15000, 8500, 0, 0, 0
15101, 8530, 0, 0, 0
15200, 8555, 0, 0, 0
15300, 8950, 0, 0, 0
15400, 8720, 0, 0, 0
15500, 8870, 0, 0, 0
15600, 8670, 0, 0, 0
15700, 8530, 0, 0, 0
15800, 8860, 0, 0, 0
15900, 8740, 0, 0, 0
16000, 8690, 0, 0, 0
16101, 8740, 0, 0, 0
16200, 8747, 0, 0, 0
16300, 8910, 0, 0, 0
16400, 8980, 0, 0, 0
16500, 8830, 0, 0, 0
16600, 8890, 0, 0, 0
16700, 8590, 0, 0, 0
16800, 8790, 0, 0, 0
16900, 8790, 0, 0, 0
17000, 8920, 0, 0, 0
17100, 8690, 0, 0, 0
17200, 8560, 0, 0, 0
17301, 8650, 0, 0, 0
17400, 8797, 0, 0, 0
17500, 8720, 0, 0, 0
17600, 8830, 0, 0, 0
17700, 8690, 0, 0, 0
17800, 8780, 0, 0, 0
17900, 8760, 0, 0, 0
18000, 8640, 0, 0, 0
18100, 8820, 0, 0, 0
18200, 8860, 0, 0, 0
18300, 8940, 0, 0, 0
18401, 8830, 0, 0, 0
18500, 8858, 0, 0, 0
18600, 8850, 0, 0, 0
18700, 8820, 0, 0, 0
18800, 8830, 0, 0, 0
18900, 8690, 0, 0, 0
19000, 8630, 0, 0, 0
19100, 8680, 0, 0, 0
19200, 8860, 0, 0, 0
19300, 8670, 0, 0, 0
19400, 8790, 0, 0, 0
19500, 8790, 0, 0, 0
19600, 8790, 0, 0, 0
19700, 8720, 0, 0, 0
19800, 8636, 0, 0, 0
19900, 8960, 0, 0, 0
20000, 8480, 0, 0, 0
20100, 8840, 0, 0, 0
20200, 8680, 0, 0, 0
20300, 8780, 0, 0, 0
20400, 8820, 0, 0, 0
20500, 8630, 0, 0, 0
20600, 8560, 0, 0, 0
20700, 8780, 0, 0, 0
20801, 8520, 0, 0, 0
20900, 8525, 0, 0, 0
21000, 8530, 0, 0, 0
21100, 8620, 0, 0, 0
21200, 8660, 0, 0, 0
21300, 8870, 0, 0, 0
21400, 8860, 0, 0, 0
21500, 8850, 0, 0, 0
21600, 8680, 0, 0, 0
21700, 8950, 0, 0, 0
21800, 8929, 0, 0, 0
21900, 8790, 0, 0, 0
22000, 8880, 0, 0, 0
22100, 8830, 0, 0, 0
22200, 8640, 0, 0, 0
22300, 8740, 0, 0, 0
22400, 8780, 0, 0, 0
22500, 8640, 0, 0, 0
22600, 8520, 0, 0, 0
22700, 8420, 0, 0, 0
22800, 9020, 0, 0, 0
22900, 8690, 0, 0, 0
23000, 8860, 0, 0, 0
23100, 8690, 0, 0, 0
23200, 9110, 0, 0, 0
23300, 8930, 0, 0, 0
23400, 8510, 0, 0, 0
23500, 8910, 0, 0, 0
23600, 8860, 0, 0, 0
23700, 8640, 0, 0, 0
23800, 8710, 0, 0, 0
23900, 8900, 0, 0, 0
24001, 8750, 0, 0, 0
24100, 8717, 0, 0, 0
24200, 8760, 0, 0, 0
24300, 8930, 0, 0, 0
24400, 8680, 0, 0, 0
24500, 8770, 0, 0, 0
24600, 8760, 0, 0, 0
24700, 8650, 0, 0, 0
24800, 8838, 0, 0, 0
24900, 8820, 0, 0, 0
25000, 8710, 0, 0, 0
25100, 8650, 0, 0, 0
25200, 8960, 0, 0, 0
25300, 8780, 0, 0, 0
25400, 8760, 0, 0, 0
25500, 8720, 0, 0, 0
25600, 8800, 0, 0, 0
25700, 8760, 0, 0, 0
25800, 8730, 0, 0, 0
25901, 8620, 0, 0, 0
26000, 8939, 0, 0, 0
26100, 8660, 0, 0, 0
26200, 8740, 0, 0, 0
26300, 8700, 0, 0, 0
26400, 8830, 0, 0, 0
26500, 8860, 0, 0, 0
26600, 8900, 0, 0, 0
26700, 8810, 0, 0, 0
26800, 8650, 0, 0, 0
26900, 8580, 0, 0, 0
27000, 8730, 0, 0, 0
27101, 8800, 0, 0, 0
27200, 8656, 0, 0, 0
27300, 8790, 0, 0, 0
27400, 8900, 0, 0, 0
27500, 9080, 0, 0, 0
27600, 8740, 0, 0, 0
27700, 8750, 0, 0, 0
27800, 8740, 0, 0, 0
27901, 8660, 0, 0, 0
28000, 8646, 0, 0, 0
28100, 8710, 0, 0, 0
28200, 8860, 0, 0, 0
28300, 8610, 0, 0, 0
28400, 8840, 0, 0, 0
28500, 8730, 0, 0, 0
28600, 8740, 0, 0, 0
28700, 8900, 0, 0, 0
28800, 8590, 0, 0, 0
28900, 8550, 0, 0, 0
29001, 8440, 0, 0, 0
29100, 8494, 0, 0, 0
29200, 8700, 0, 0, 0
29300, 8610, 0, 0, 0
29400, 8690, 0, 0, 0
29500, 8860, 0, 0, 0
29600, 8840, 0, 0, 0
29700, 8670, 0, 0, 0
29800, 8920, 0, 0, 0
29900, 8620, 0, 0, 0
30001, 8750, 0, 0, 0
30100, 8888, 0, 0, 0
30200, 8790, 0, 0, 0
30300, 8950, 0, 0, 0
30400, 8800, 0, 0, 0
30500, 8800, 0, 0, 0
30600, 8720, 0, 0, 0
30700, 8900, 0, 0, 0
30800, 8730, 0, 0, 0
30900, 8830, 0, 0, 0
31000, 8850, 0, 0, 0
31100, 8800, 0, 0, 0
31200, 8930, 0, 0, 0
31300, 8696, 0, 0, 0
31400, 8930, 0, 0, 0
31500, 8900, 0, 0, 0
31600, 8770, 0, 0, 0
31700, 8600, 0, 0, 0
31800, 8810, 0, 0, 0
31900, 8940, 0, 0, 0
32000, 8780, 0, 0, 0
32100, 8710, 0, 0, 0
32200, 8920, 0, 0, 0
32300, 8770, 0, 0, 0
32400, 8620, 0, 0, 0
32501, 9010, 0, 0, 0
32600, 8656, 0, 0, 0
32700, 8750, 0, 0, 0
32800, 8660, 0, 0, 0
32900, 8680, 0, 0, 0
33000, 8920, 0, 0, 0
33100, 8730, 0, 0, 0
33200, 8880, 0, 0, 0
33300, 8730, 0, 0, 0
33400, 8880, 0, 0, 0
33500, 8840, 0, 0, 0
33600, 8650, 0, 0, 0
33700, 8750, 0, 0, 0
33800, 8950, 0, 0, 0
33900, 9050, 0, 0, 0
34001, 8780, 0, 0, 0
34100, 8696, 0, 0, 0
34200, 8710, 0, 0, 0
34300, 8710, 0, 0, 0
34400, 8920, 0, 0, 0
34500, 8700, 0, 0, 0
34600, 8600, 0, 0, 0
34700, 8650, 0, 0, 0
34800, 8520, 0, 0, 0
34900, 8780, 0, 0, 0
35000, 8870, 0, 0, 0
35100, 8910, 0, 0, 0
35200, 8970, 0, 0, 0
35300, 8898, 0, 0, 0
35400, 8660, 0, 0, 0
35500, 8910, 0, 0, 0
35600, 8930, 0, 0, 0
35700, 8930, 0, 0, 0
35800, 8520, 0, 0, 0
35900, 8920, 0, 0, 0
36000, 8750, 0, 0, 0
36100, 8840, 0, 0, 0
36201, 8930, 0, 0, 0
36300, 8838, 0, 0, 0
36400, 8820, 0, 0, 0
36500, 8600, 0, 0, 0
36600, 8810, 0, 0, 0
36700, 8760, 0, 0, 0
36800, 8890, 0, 0, 0
36900, 8600, 0, 0, 0
37000, 8790, 0, 0, 0
37100, 8820, 0, 0, 0
37201, 8630, 0, 0, 0
37300, 8626, 0, 0, 0
37400, 8680, 0, 0, 0
37500, 8980, 0, 0, 0
37600, 8810, 0, 0, 0
37700, 8820, 0, 0, 0
37800, 8950, 0, 0, 0
37900, 8940, 0, 0, 0
38000, 8850, 0, 0, 0
38100, 8690, 0, 0, 0
38200, 8850, 0, 0, 0
38300, 8920, 0, 0, 0
38400, 8720, 0, 0, 0
38501, 8770, 0, 0, 0
38600, 8818, 0, 0, 0
38700, 8980, 0, 0, 0
38800, 8490, 0, 0, 0
38900, 8680, 0, 0, 0
39000, 8760, 0, 0, 0
39100, 8870, 0, 0, 0
39200, 8910, 0, 0, 0
39300, 8510, 0, 0, 0
39400, 8810, 0, 0, 0
39500, 9030, 0, 0, 0
39600, 8800, 0, 0, 0
39700, 8720, 0, 0, 0
39800, 8656, 0, 0, 0
39900, 8840, 0, 0, 0
40000, 8520, 0, 0, 0
40100, 8900, 0, 0, 0
40200, 9010, 0, 0, 0
40300, 8930, 0, 0, 0
40400, 8850, 0, 0, 0
40500, 8900, 0, 0, 0
40600, 9080, 0, 0, 0
40700, 8780, 0, 0, 0
40800, 8750, 0, 0, 0
40900, 9150, 0, 0, 0
41001, 8680, 0, 0, 0
41100, 9030, 0, 0, 0
41200, 8960, 0, 0, 0
41300, 8790, 0, 0, 0
41400, 8840, 0, 0, 0
41500, 8840, 0, 0, 0
41600, 8940, 0, 0, 0
41700, 8940, 0, 0, 0
41800, 8620, 0, 0, 0
41900, 8990, 0, 0, 0
42000, 8900, 0, 0, 0
42101, 8820, 0, 0, 0
42200, 9080, 0, 0, 0
42300, 8980, 0, 0, 0
42400, 8910, 0, 0, 0
42500, 9140, 0, 0, 0
42600, 8920, 0, 0, 0
42700, 8800, 0, 0, 0
42800, 8730, 0, 0, 0
42900, 8970, 0, 0, 0
43000, 8680, 0, 0, 0
43100, 8890, 0, 0, 0
43200, 8520, 0, 0, 0
43300, 8870, 0, 0, 0
43400, 8850, 0, 0, 0
43501, 8880, 0, 0, 0
43600, 8717, 0, 0, 0
43700, 8830, 0, 0, 0
43800, 9010, 0, 0, 0
43900, 8500, 0, 0, 0
44000, 8960, 0, 0, 0
44100, 8770, 0, 0, 0
44200, 8940, 0, 0, 0
44300, 9080, 0, 0, 0
44400, 8520, 0, 0, 0
44500, 8930, 0, 0, 0
44600, 8700, 0, 0, 0
44700, 8580, 0, 0, 0
44800, 8898, 0, 0, 0
44900, 8830, 0, 0, 0
45000, 8870, 0, 0, 0
45100, 8920, 0, 0, 0
45200, 8970, 0, 0, 0
45300, 8650, 0, 0, 0
45400, 8760, 0, 0, 0
45500, 8910, 0, 0, 0
45600, 8820, 0, 0, 0
45700, 8800, 0, 0, 0
45800, 8650, 0, 0, 0
45900, 8830, 0, 0, 0
46000, 8590, 0, 0, 0
46100, 8940, 0, 0, 0
46201, 8780, 0, 0, 0
46300, 9121, 0, 0, 0
46400, 8670, 0, 0, 0
46500, 8790, 0, 0, 0
46600, 8630, 0, 0, 0
46700, 8710, 0, 0, 0
46800, 8890, 0, 0, 0
46900, 8820, 0, 0, 0
47000, 8820, 0, 0, 0
47100, 8450, 0, 0, 0
47200, 8860, 0, 0, 0
47300, 8780, 0, 0, 0
47400, 8830, 0, 0, 0
47501, 8880, 0, 0, 0
47600, 8838, 0, 0, 0
47700, 8800, 0, 0, 0
47800, 8650, 0, 0, 0
47900, 8750, 0, 0, 0
48000, 8820, 0, 0, 0
48100, 8660, 0, 0, 0
48200, 8620, 0, 0, 0
48300, 9050, 0, 0, 0
48400, 8690, 0, 0, 0
48500, 8920, 0, 0, 0
48601, 8760, 0, 0, 0
48700, 8727, 0, 0, 0
48800, 9000, 0, 0, 0
48900, 8680, 0, 0, 0
49000, 8830, 0, 0, 0
49100, 8500, 0, 0, 0
49200, 8790, 0, 0, 0
49300, 8540, 0, 0, 0
49400, 8710, 0, 0, 0
49500, 8570, 0, 0, 0
49600, 8630, 0, 0, 0
49700, 8710, 0, 0, 0
49800, 8444, 0, 0, 0
49900, 8450, 0, 0, 0
50000, 8480, 0, 0, 0
50100, 8340, 0, 0, 0
50200, 8420, 0, 0, 0
50300, 8380, 0, 0, 0
50400, 8570, 0, 0, 0
50500, 8490, 0, 0, 0
50600, 8400, 0, 0, 0
50700, 8590, 0, 0, 0
50800, 8730, 0, 0, 0
50900, 8420, 0, 0, 0
51001, 8460, 0, 0, 0
51100, 8222, 0, 0, 0
51200, 8380, 0, 0, 0
51300, 8500, 0, 0, 0
51400, 8280, 0, 0, 0
51500, 8560, 0, 0, 0
51600, 8310, 0, 0, 0
51700, 8500, 0, 0, 0
51800, 8400, 0, 0, 0
51900, 8300, 0, 0, 0
52000, 8460, 0, 0, 0
52101, 8550, 0, 0, 0
52200, 8494, 0, 0, 0
52300, 8310, 0, 0, 0
52400, 8470, 0, 0, 0
52500, 8540, 0, 0, 0
52600, 8300, 0, 0, 0
52700, 8230, 0, 0, 0
52800, 8460, 0, 0, 0
52900, 8490, 0, 0, 0
53000, 8730, 0, 0, 0
53100, 8410, 0, 0, 0
53200, 8440, 0, 0, 0
53300, 8570, 0, 0, 0
53400, 8470, 0, 0, 0
53501, 8330, 0, 0, 0
53600, 8555, 0, 0, 0
53700, 8330, 0, 0, 0
53800, 8570, 0, 0, 0
53900, 8440, 0, 0, 0
54000, 8350, 0, 0, 0
54100, 8440, 0, 0, 0
54200, 8750, 0, 0, 0
54300, 8540, 0, 0, 0
54400, 8350, 0, 0, 0
54500, 8450, 0, 0, 0
54600, 8550, 0, 0, 0
54701, 8550, 0, 0, 0
54800, 8333, 0, 0, 0
54900, 8520, 0, 0, 0
55000, 8320, 0, 0, 0
55100, 8520, 0, 0, 0
55200, 8570, 0, 0, 0
55300, 8580, 0, 0, 0
55400, 8420, 0, 0, 0
55500, 8370, 0, 0, 0
55600, 8480, 0, 0, 0
55701, 8510, 0, 0, 0
55800, 8343, 0, 0, 0
55900, 8260, 0, 0, 0
56000, 8430, 0, 0, 0
56100, 8490, 0, 0, 0
56200, 8350, 0, 0, 0
56300, 8520, 0, 0, 0
56400, 8570, 0, 0, 0
56501, 8630, 0, 0, 0
56600, 8555, 0, 0, 0
56700, 8360, 0, 0, 0
56800, 8350, 0, 0, 0
56900, 8650, 0, 0, 0
57000, 8510, 0, 0, 0
57100, 8700, 0, 0, 0
57200, 8430, 0, 0, 0
57300, 8424, 0, 0, 0
57400, 8510, 0, 0, 0
57500, 8500, 0, 0, 0
57600, 8230, 0, 0, 0
57700, 8490, 0, 0, 0
57800, 8460, 0, 0, 0
57900, 8450, 0, 0, 0
58000, 8680, 0, 0, 0
58100, 8570, 0, 0, 0
58200, 8740, 0, 0, 0
58300, 8360, 0, 0, 0
58400, 8340, 0, 0, 0
58501, 8440, 0, 0, 0
58600, 8555, 0, 0, 0
58700, 8750, 0, 0, 0
58800, 8330, 0, 0, 0
58900, 8620, 0, 0, 0
59000, 8600, 0, 0, 0
59100, 8520, 0, 0, 0
59200, 8590, 0, 0, 0
59300, 8630, 0, 0, 0
59400, 8590, 0, 0, 0
59500, 8620, 0, 0, 0
59600, 8550, 0, 0, 0
59700, 8340, 0, 0, 0
59800, 8575, 0, 0, 0
59900, 8580, 0, 0, 0
60000, 8800, 0, 0, 0
60100, 8750, 0, 0, 0
60200, 8680, 0, 0, 0
60300, 8510, 0, 0, 0
60400, 8600, 0, 0, 0
60500, 8770, 0, 0, 0
60600, 8440, 0, 0, 0
60700, 8520, 0, 0, 0
60800, 8610, 0, 0, 0
60900, 8400, 0, 0, 0
61000, 8660, 0, 0, 0
61100, 8230, 0, 0, 0
61200, 8490, 0, 0, 0
61300, 8393, 0, 0, 0
61400, 8540, 0, 0, 0
61500, 8390, 0, 0, 0
61600, 8270, 0, 0, 0
61700, 8530, 0, 0, 0
61800, 8240, 0, 0, 0
61900, 8540, 0, 0, 0
62000, 8390, 0, 0, 0
62100, 8360, 0, 0, 0
62200, 8280, 0, 0, 0
62301, 8480, 0, 0, 0
62400, 8282, 0, 0, 0
62500, 8320, 0, 0, 0
62600, 8180, 0, 0, 0
62700, 8510, 0, 0, 0
62800, 8460, 0, 0, 0
62900, 8420, 0, 0, 0
63000, 8490, 0, 0, 0
63100, 8210, 0, 0, 0
63200, 8150, 0, 0, 0
63300, 8540, 0, 0, 0
63400, 8250, 0, 0, 0
63500, 8500, 0, 0, 0
63601, 8500, 0, 0, 0
63700, 8434, 0, 0, 0
63800, 8370, 0, 0, 0
63900, 8600, 0, 0, 0
64000, 8510, 0, 0, 0
64100, 8320, 0, 0, 0
64200, 8550, 0, 0, 0
64300, 8280, 0, 0, 0
64400, 8620, 0, 0, 0
64501, 8290, 0, 0, 0
64600, 8313, 0, 0, 0
64700, 8400, 0, 0, 0
64800, 8620, 0, 0, 0
64900, 8620, 0, 0, 0
65000, 8340, 0, 0, 0
65100, 8300, 0, 0, 0
65200, 8650, 0, 0, 0
65300, 8750, 0, 0, 0
65400, 8410, 0, 0, 0
65501, 8380, 0, 0, 0
65600, 8333, 0, 0, 0
65700, 8380, 0, 0, 0
65800, 8460, 0, 0, 0
65900, 8220, 0, 0, 0
66000, 8440, 0, 0, 0
66100, 8370, 0, 0, 0
66200, 8520, 0, 0, 0
66300, 8350, 0, 0, 0
66400, 8500, 0, 0, 0
66500, 8460, 0, 0, 0
66600, 8400, 0, 0, 0
66700, 8330, 0, 0, 0
66800, 8272, 0, 0, 0
66900, 8300, 0, 0, 0
67000, 8600, 0, 0, 0
67100, 8580, 0, 0, 0
67200, 8450, 0, 0, 0
67300, 8620, 0, 0, 0
67400, 8490, 0, 0, 0
67500, 8240, 0, 0, 0
67600, 8410, 0, 0, 0
67700, 8220, 0, 0, 0
67800, 8300, 0, 0, 0
67900, 8470, 0, 0, 0
68000, 8570, 0, 0, 0
68100, 8640, 0, 0, 0
68200, 8220, 0, 0, 0
68300, 8585, 0, 0, 0
68400, 8570, 0, 0, 0
68500, 8300, 0, 0, 0
68600, 8200, 0, 0, 0
68700, 8480, 0, 0, 0
68800, 8440, 0, 0, 0
68900, 8350, 0, 0, 0
69000, 8280, 0, 0, 0
69100, 8300, 0, 0, 0
69200, 8480, 0, 0, 0
69300, 8340, 0, 0, 0
69400, 8580, 0, 0, 0
69500, 8640, 0, 0, 0
69600, 8620, 0, 0, 0
69701, 8310, 0, 0, 0
69800, 8272, 0, 0, 0
69900, 8440, 0, 0, 0
70000, 8340, 0, 0, 0
70100, 8530, 0, 0, 0
70200, 8580, 0, 0, 0
70300, 8390, 0, 0, 0
70400, 8460, 0, 0, 0
70500, 8620, 0, 0, 0
70600, 8460, 0, 0, 0
70700, 8360, 0, 0, 0
70800, 8580, 0, 0, 0
70900, 8690, 0, 0, 0
71001, 8270, 0, 0, 0
71100, 8363, 0, 0, 0
71200, 8340, 0, 0, 0
71300, 8510, 0, 0, 0
71400, 8340, 0, 0, 0
71500, 8430, 0, 0, 0
71600, 8390, 0, 0, 0
71700, 8360, 0, 0, 0
71800, 8430, 0, 0, 0
71900, 8110, 0, 0, 0
72000, 8000, 0, 0, 0
72100, 8540, 0, 0, 0
72200, 8420, 0, 0, 0
72300, 8430, 0, 0, 0
72400, 8490, 0, 0, 0
72501, 8360, 0, 0, 0
72600, 8313, 0, 0, 0
72700, 8450, 0, 0, 0
72800, 8370, 0, 0, 0
72900, 8370, 0, 0, 0
73000, 8210, 0, 0, 0
73100, 8560, 0, 0, 0
73200, 8250, 0, 0, 0
73300, 8020, 0, 0, 0
73400, 8610, 0, 0, 0
73500, 8370, 0, 0, 0
73600, 8320, 0, 0, 0
73700, 8400, 0, 0, 0
73800, 8444, 0, 0, 0
73900, 8480, 0, 0, 0
74000, 8370, 0, 0, 0
74100, 8540, 0, 0, 0
74200, 8570, 0, 0, 0
74300, 8440, 0, 0, 0
74400, 8490, 0, 0, 0
74500, 8530, 0, 0, 0
74600, 8320, 0, 0, 0
74700, 8250, 0, 0, 0
74800, 8320, 0, 0, 0
74900, 8630, 0, 0, 0
75001, 8600, 0, 0, 0
75100, 8515, 0, 0, 0
75200, 8240, 0, 0, 0
75300, 8330, 0, 0, 0
75400, 8160, 0, 0, 0
75500, 8690, 0, 0, 0
75600, 8610, 0, 0, 0
75700, 8450, 0, 0, 0
75800, 8240, 0, 0, 0
75900, 8260, 0, 0, 0
76000, 8450, 0, 0, 0
76100, 8740, 0, 0, 0
76200, 8620, 0, 0, 0
76300, 8272, 0, 0, 0
76400, 8410, 0, 0, 0
76500, 8560, 0, 0, 0
76600, 8430, 0, 0, 0
76700, 8280, 0, 0, 0
76800, 8460, 0, 0, 0
76900, 8330, 0, 0, 0
77000, 8610, 0, 0, 0
77100, 8550, 0, 0, 0
77200, 8400, 0, 0, 0
77300, 8460, 0, 0, 0
77400, 8360, 0, 0, 0
77500, 8290, 0, 0, 0
77600, 8430, 0, 0, 0
77700, 8590, 0, 0, 0
77800, 8525, 0, 0, 0
77900, 8480, 0, 0, 0
78000, 8470, 0, 0, 0
78100, 8350, 0, 0, 0
78200, 8220, 0, 0, 0
78300, 8490, 0, 0, 0
78400, 8420, 0, 0, 0
78500, 8600, 0, 0, 0
78600, 8610, 0, 0, 0
78700, 8580, 0, 0, 0
78800, 8360, 0, 0, 0
78900, 8210, 0, 0, 0
79000, 8210, 0, 0, 0
79100, 8340, 0, 0, 0
79201, 8420, 0, 0, 0
79300, 8383, 0, 0, 0
79400, 8690, 0, 0, 0
79500, 8390, 0, 0, 0
79600, 8410, 0, 0, 0
79700, 8180, 0, 0, 0
79800, 8470, 0, 0, 0
79900, 8370, 0, 0, 0
80000, 8540, 0, 0, 0
80100, 8380, 0, 0, 0
80200, 8210, 0, 0, 0
80300, 8555, 0, 0, 0
80400, 8570, 0, 0, 0
80500, 8380, 0, 0, 0
80600, 8170, 0, 0, 0
80700, 8470, 0, 0, 0
80800, 8450, 0, 0, 0
80900, 8470, 0, 0, 0
81000, 8150, 0, 0, 0
81100, 8460, 0, 0, 0
81200, 8570, 0, 0, 0
81300, 8480, 0, 0, 0
81400, 8380, 0, 0, 0
81501, 8380, 0, 0, 0
81600, 8313, 0, 0, 0
81700, 8470, 0, 0, 0
81800, 8440, 0, 0, 0
81900, 8310, 0, 0, 0
82000, 8500, 0, 0, 0
82100, 8570, 0, 0, 0
82200, 8300, 0, 0, 0
82300, 8370, 0, 0, 0
82400, 8550, 0, 0, 0
82500, 8570, 0, 0, 0
82600, 8520, 0, 0, 0
82700, 8420, 0, 0, 0
82800, 8555, 0, 0, 0
82900, 8560, 0, 0, 0
83000, 8420, 0, 0, 0
83100, 8330, 0, 0, 0
83200, 8550, 0, 0, 0
83300, 8350, 0, 0, 0
83400, 8470, 0, 0, 0
83500, 8540, 0, 0, 0
83600, 8770, 0, 0, 0
83700, 8420, 0, 0, 0
83800, 8160, 0, 0, 0
83900, 8550, 0, 0, 0
84000, 8540, 0, 0, 0
84100, 8470, 0, 0, 0
84200, 8530, 0, 0, 0
84300, 8444, 0, 0, 0
84400, 8640, 0, 0, 0
84500, 8380, 0, 0, 0
84600, 8400, 0, 0, 0
84700, 8250, 0, 0, 0
84800, 8400, 0, 0, 0
84900, 8550, 0, 0, 0
85000, 8400, 0, 0, 0
85100, 8430, 0, 0, 0
85200, 8380, 0, 0, 0
85300, 8555, 0, 0, 0
85400, 8460, 0, 0, 0
85500, 8230, 0, 0, 0
85600, 8580, 0, 0, 0
85700, 8470, 0, 0, 0
85800, 8560, 0, 0, 0
85900, 8570, 0, 0, 0
86000, 8210, 0, 0, 0
86100, 8420, 0, 0, 0
86200, 8490, 0, 0, 0
86300, 8600, 0, 0, 0
86400, 8310, 0, 0, 0
86500, 8260, 0, 0, 0
86600, 8670, 0, 0, 0
86700, 8430, 0, 0, 0
86800, 8343, 0, 0, 0
86900, 8380, 0, 0, 0
87000, 8550, 0, 0, 0
87100, 8300, 0, 0, 0
87200, 8530, 0, 0, 0
87300, 8660, 0, 0, 0
87400, 8510, 0, 0, 0
87500, 8440, 0, 0, 0
87600, 8640, 0, 0, 0
87700, 8380, 0, 0, 0
87800, 8430, 0, 0, 0
87900, 8450, 0, 0, 0
88001, 8440, 0, 0, 0
88100, 8555, 0, 0, 0
88200, 8380, 0, 0, 0
88300, 8540, 0, 0, 0
88400, 8300, 0, 0, 0
88500, 8490, 0, 0, 0
88600, 8730, 0, 0, 0
88700, 8490, 0, 0, 0
88800, 8430, 0, 0, 0
88900, 8340, 0, 0, 0
89000, 8360, 0, 0, 0
89101, 8440, 0, 0, 0
89200, 8545, 0, 0, 0
89300, 8510, 0, 0, 0
89400, 8490, 0, 0, 0
89500, 8600, 0, 0, 0
89600, 8270, 0, 0, 0
89700, 8490, 0, 0, 0
89800, 8500, 0, 0, 0
89900, 8350, 0, 0, 0
90000, 8450, 0, 0, 0
