100, 6532, 0, 0, 0
206, 7102, 0, 0, 0
303, 7538, 0, 0, 0
402, 6576, 0, 0, 0
502, 6648, 0, 0, 0
601, 7395, 0, 0, 0
700, 6320, 0, 0, 0
801, 6723, 0, 0, 0
908, 8207, 0, 0, 0
1000, 7107, 0, 0, 0
1111, 6750, 0, 0, 0
1200, 6395, 0, 0, 0
1304, 6236, 0, 0, 0
1400, 5643, 0, 0, 0
1500, 6715, 0, 0, 0
1603, 6723, 0, 0, 0
1702, 6582, 0, 0, 0
1800, 6478, 0, 0, 0
1900, 6214, 0, 0, 0
2000, 5452, 0, 0, 0
2101, 6152, 0, 0, 0
2202, 6287, 0, 0, 0
2303, 6235, 0, 0, 0
2400, 7704, 0, 0, 0
2501, 6763, 0, 0, 0
2603, 6523, 0, 0, 0
2702, 6052, 0, 0, 0
2804, 7846, 0, 0, 0
2900, 7541, 0, 0, 0
3001, 6869, 0, 0, 0
3103, 7508, 0, 0, 0
3204, 6933, 0, 0, 0
3302, 8439, 0, 0, 0
3400, 7450, 0, 0, 0
3500, 6960, 0, 0, 0
3602, 6069, 0, 0, 0
3702, 7713, 0, 0, 0
3802, 6987, 0, 0, 0
3906, 6603, 0, 0, 0
4005, 7872, 0, 0, 0
4100, 6446, 0, 0, 0
4200, 6376, 0, 0, 0
4304, 6728, 0, 0, 0
4402, 6338, 0, 0, 0
4500, 6122, 0, 0, 0
4600, 6272, 0, 0, 0
4703, 7013, 0, 0, 0
4805, 7392, 0, 0, 0
4900, 7737, 0, 0, 0
5000, 7185, 0, 0, 0
5106, 7721, 0, 0, 0
5200, 6989, 0, 0, 0
5302, 6481, 0, 0, 0
5401, 6255, 0, 0, 0
5501, 6223, 0, 0, 0
5600, 6340, 0, 0, 0
5705, 6714, 0, 0, 0
5801, 6504, 0, 0, 0
5901, 6252, 0, 0, 0
6000, 6623, 0, 0, 0
6105, 6193, 0, 0, 0
6201, 6556, 0, 0, 0
6306, 6243, 0, 0, 0
6403, 5731, 0, 0, 0
6502, 6261, 0, 0, 0
6601, 6557, 0, 0, 0
6705, 6160, 0, 0, 0
6804, 7244, 0, 0, 0
6900, 7034, 0, 0, 0
7004, 6499, 0, 0, 0
7102, 6187, 0, 0, 0
7206, 6301, 0, 0, 0
7302, 6050, 0, 0, 0
7401, 5961, 0, 0, 0
7500, 6548, 0, 0, 0
7601, 6325, 0, 0, 0
7707, 7126, 0, 0, 0
7800, 7429, 0, 0, 0
7900, 7165, 0, 0, 0
8000, 7245, 0, 0, 0
8103, 7139, 0, 0, 0
8201, 7086, 0, 0, 0
8302, 7254, 0, 0, 0
8400, 6714, 0, 0, 0
8501, 8112, 0, 0, 0
8605, 7104, 0, 0, 0
8700, 6681, 0, 0, 0
8806, 7208, 0, 0, 0
8900, 7405, 0, 0, 0
9003, 7083, 0, 0, 0
9103, 7222, 0, 0, 0
9201, 6096, 0, 0, 0
9302, 6976, 0, 0, 0
9400, 6946, 0, 0, 0
9500, 7663, 0, 0, 0
9601, 7398, 0, 0, 0
9701, 8311, 0, 0, 0
9800, 6533, 0, 0, 0
9901, 6844, 0, 0, 0
10004, 6251, 0, 0, 0
10106, 7594, 0, 0, 0
10200, 6365, 0, 0, 0
10307, 8633, 0, 0, 0
10402, 7205, 0, 0, 0
10510, 7397, 0, 0, 0
10605, 7139, 0, 0, 0
10700, 7560, 0, 0, 0
10804, 6385, 0, 0, 0
10902, 6586, 0, 0, 0
11003, 7043, 0, 0, 0
11101, 6322, 0, 0, 0
11200, 6311, 0, 0, 0
11304, 6741, 0, 0, 0
11406, 6941, 0, 0, 0
11500, 6860, 0, 0, 0
11600, 6171, 0, 0, 0
11702, 7528, 0, 0, 0
11800, 6106, 0, 0, 0
11901, 6838, 0, 0, 0
12003, 6911, 0, 0, 0
12100, 7062, 0, 0, 0
12202, 6959, 0, 0, 0
12300, 5970, 0, 0, 0
12402, 7678, 0, 0, 0
12500, 8516, 0, 0, 0
12600, 7022, 0, 0, 0
12701, 6627, 0, 0, 0
12802, 7005, 0, 0, 0
12902, 6839, 0, 0, 0
13001, 7874, 0, 0, 0
13103, 8522, 0, 0, 0
13202, 6668, 0, 0, 0
13302, 6659, 0, 0, 0
13401, 6344, 0, 0, 0
13502, 6263, 0, 0, 0
13601, 6396, 0, 0, 0
13703, 6523, 0, 0, 0
13802, 7757, 0, 0, 0
13901, 7012, 0, 0, 0
14000, 6376, 0, 0, 0
14104, 7122, 0, 0, 0
14202, 6546, 0, 0, 0
14303, 6479, 0, 0, 0
14401, 6263, 0, 0, 0
14502, 6516, 0, 0, 0
14600, 6001, 0, 0, 0
14700, 6315, 0, 0, 0
14800, 7147, 0, 0, 0
14901, 7053, 0, 0, 0
15000, 7653, 0, 0, 0
15108, 7559, 0, 0, 0
15201, 6749, 0, 0, 0
15302, 7385, 0, 0, 0
15407, 6952, 0, 0, 0
15513, 6565, 0, 0, 0
15601, 7715, 0, 0, 0
15701, 6871, 0, 0, 0
15802, 7572, 0, 0, 0
15900, 7205, 0, 0, 0
16000, 6612, 0, 0, 0
16101, 7106, 0, 0, 0
16201, 7187, 0, 0, 0
16300, 6976, 0, 0, 0
16402, 6481, 0, 0, 0
16501, 7464, 0, 0, 0
16603, 6714, 0, 0, 0
16702, 6780, 0, 0, 0
16803, 6818, 0, 0, 0
16900, 8739, 0, 0, 0
17001, 7024, 0, 0, 0
17105, 6825, 0, 0, 0
17205, 7427, 0, 0, 0
17304, 7376, 0, 0, 0
17400, 8693, 0, 0, 0
17500, 6751, 0, 0, 0
17603, 6857, 0, 0, 0
17701, 7269, 0, 0, 0
17800, 7372, 0, 0, 0
17900, 6449, 0, 0, 0
18000, 6791, 0, 0, 0
18103, 6582, 0, 0, 0
18200, 7052, 0, 0, 0
18300, 6924, 0, 0, 0
18402, 6903, 0, 0, 0
18500, 7535, 0, 0, 0
18600, 6719, 0, 0, 0
18704, 6594, 0, 0, 0
18802, 7177, 0, 0, 0
18903, 6566, 0, 0, 0
19000, 7228, 0, 0, 0
19100, 6434, 0, 0, 0
19200, 7024, 0, 0, 0
19305, 6781, 0, 0, 0
19405, 6255, 0, 0, 0
19503, 6316, 0, 0, 0
19601, 5980, 0, 0, 0
19701, 6036, 0, 0, 0
19804, 7451, 0, 0, 0
19903, 7061, 0, 0, 0
20001, 6744, 0, 0, 0
20100, 7810, 0, 0, 0
20200, 6795, 0, 0, 0
20302, 6130, 0, 0, 0
20400, 6179, 0, 0, 0
20523, 6840, 0, 0, 0
20605, 7600, 0, 0, 0
20700, 6588, 0, 0, 0
20801, 6229, 0, 0, 0
20901, 6434, 0, 0, 0
21004, 6399, 0, 0, 0
21100, 7270, 0, 0, 0
21203, 7782, 0, 0, 0
21301, 7176, 0, 0, 0
21406, 6682, 0, 0, 0
21509, 6518, 0, 0, 0
21601, 8433, 0, 0, 0
21700, 6957, 0, 0, 0
21800, 7197, 0, 0, 0
21901, 6691, 0, 0, 0
22008, 7701, 0, 0, 0
22101, 6960, 0, 0, 0
22200, 7148, 0, 0, 0
22307, 7557, 0, 0, 0
22400, 6843, 0, 0, 0
22501, 7131, 0, 0, 0
22602, 6661, 0, 0, 0
22701, 7254, 0, 0, 0
22800, 6546, 0, 0, 0
22901, 6613, 0, 0, 0
23002, 5980, 0, 0, 0
23100, 7895, 0, 0, 0
23203, 6885, 0, 0, 0
23302, 7087, 0, 0, 0
23400, 7701, 0, 0, 0
23500, 8160, 0, 0, 0
23607, 6802, 0, 0, 0
23700, 6206, 0, 0, 0
23800, 6522, 0, 0, 0
23901, 5685, 0, 0, 0
24007, 6551, 0, 0, 0
24100, 8643, 0, 0, 0
24205, 6977, 0, 0, 0
24301, 7402, 0, 0, 0
24401, 7873, 0, 0, 0
24500, 7240, 0, 0, 0
24603, 6379, 0, 0, 0
24701, 8066, 0, 0, 0
24803, 7006, 0, 0, 0
24903, 7097, 0, 0, 0
25003, 6963, 0, 0, 0
25100, 6659, 0, 0, 0
25203, 6465, 0, 0, 0
25300, 6518, 0, 0, 0
25402, 7813, 0, 0, 0
25500, 6888, 0, 0, 0
25601, 7650, 0, 0, 0
25700, 6854, 0, 0, 0
25802, 6094, 0, 0, 0
25904, 6374, 0, 0, 0
26002, 7990, 0, 0, 0
26103, 8162, 0, 0, 0
26203, 7223, 0, 0, 0
26300, 8147, 0, 0, 0
26401, 6640, 0, 0, 0
26500, 6959, 0, 0, 0
26600, 6376, 0, 0, 0
26704, 7969, 0, 0, 0
26810, 6958, 0, 0, 0
26901, 7216, 0, 0, 0
27001, 6485, 0, 0, 0
27105, 6737, 0, 0, 0
27203, 7058, 0, 0, 0
27300, 7190, 0, 0, 0
27401, 7647, 0, 0, 0
27500, 7324, 0, 0, 0
27601, 7238, 0, 0, 0
27707, 6702, 0, 0, 0
27802, 6587, 0, 0, 0
27904, 8705, 0, 0, 0
28001, 7061, 0, 0, 0
28108, 6379, 0, 0, 0
28204, 8359, 0, 0, 0
28301, 7827, 0, 0, 0
28404, 6770, 0, 0, 0
28502, 6979, 0, 0, 0
28600, 6835, 0, 0, 0
28704, 7324, 0, 0, 0
28801, 7068, 0, 0, 0
28906, 6577, 0, 0, 0
29002, 7108, 0, 0, 0
29103, 7691, 0, 0, 0
29202, 7264, 0, 0, 0
29301, 6853, 0, 0, 0
29402, 7220, 0, 0, 0
29502, 7328, 0, 0, 0
29605, 6799, 0, 0, 0
29700, 6601, 0, 0, 0
29801, 7974, 0, 0, 0
29903, 6661, 0, 0, 0
30004, 6158, 0, 0, 0
30100, 6383, 0, 0, 0
30201, 7117, 0, 0, 0
30300, 6425, 0, 0, 0
30400, 6178, 0, 0, 0
30500, 6628, 0, 0, 0
30603, 6644, 0, 0, 0
30700, 6581, 0, 0, 0
30801, 6852, 0, 0, 0
30903, 7680, 0, 0, 0
31003, 6725, 0, 0, 0
31105, 7046, 0, 0, 0
31200, 6492, 0, 0, 0
31301, 6434, 0, 0, 0
31400, 6598, 0, 0, 0
31505, 6318, 0, 0, 0
31600, 6902, 0, 0, 0
31703, 6735, 0, 0, 0
31800, 6846, 0, 0, 0
31905, 5809, 0, 0, 0
32006, 6369, 0, 0, 0
32107, 7144, 0, 0, 0
32203, 5747, 0, 0, 0
32304, 5961, 0, 0, 0
32405, 6365, 0, 0, 0
32501, 6814, 0, 0, 0
32600, 6440, 0, 0, 0
32700, 6018, 0, 0, 0
32804, 5943, 0, 0, 0
32900, 6790, 0, 0, 0
33000, 6321, 0, 0, 0
33100, 8020, 0, 0, 0
33200, 7174, 0, 0, 0
33306, 6260, 0, 0, 0
33404, 6953, 0, 0, 0
33505, 7266, 0, 0, 0
33601, 6388, 0, 0, 0
33702, 7676, 0, 0, 0
33804, 7557, 0, 0, 0
33905, 6645, 0, 0, 0
34000, 7182, 0, 0, 0
34102, 8115, 0, 0, 0
34200, 7306, 0, 0, 0
34300, 6239, 0, 0, 0
34404, 6489, 0, 0, 0
34507, 6883, 0, 0, 0
34601, 5978, 0, 0, 0
34702, 6133, 0, 0, 0
34804, 6915, 0, 0, 0
34907, 6358, 0, 0, 0
35001, 7285, 0, 0, 0
35104, 7698, 0, 0, 0
35204, 6474, 0, 0, 0
35303, 7191, 0, 0, 0
35400, 8058, 0, 0, 0
35500, 7337, 0, 0, 0
35603, 6947, 0, 0, 0
35703, 7246, 0, 0, 0
35800, 7977, 0, 0, 0
35906, 7041, 0, 0, 0
36005, 7429, 0, 0, 0
36102, 7430, 0, 0, 0
36203, 7123, 0, 0, 0
36307, 7410, 0, 0, 0
36401, 6513, 0, 0, 0
36500, 7179, 0, 0, 0
36601, 7151, 0, 0, 0
36709, 6833, 0, 0, 0
36802, 5858, 0, 0, 0
36903, 6832, 0, 0, 0
37006, 7768, 0, 0, 0
37105, 7868, 0, 0, 0
37203, 6941, 0, 0, 0
37301, 8767, 0, 0, 0
37400, 6829, 0, 0, 0
37508, 8102, 0, 0, 0
37600, 6376, 0, 0, 0
37700, 6411, 0, 0, 0
37802, 6730, 0, 0, 0
37900, 6467, 0, 0, 0
38003, 6400, 0, 0, 0
38104, 6656, 0, 0, 0
38202, 6417, 0, 0, 0
38300, 8090, 0, 0, 0
38407, 6583, 0, 0, 0
38501, 5806, 0, 0, 0
38602, 6358, 0, 0, 0
38700, 6302, 0, 0, 0
38800, 6514, 0, 0, 0
38903, 6643, 0, 0, 0
39000, 5681, 0, 0, 0
39100, 6595, 0, 0, 0
39202, 6435, 0, 0, 0
39300, 6288, 0, 0, 0
39402, 7508, 0, 0, 0
39500, 7101, 0, 0, 0
39609, 7370, 0, 0, 0
39702, 6794, 0, 0, 0
39800, 6746, 0, 0, 0
39903, 6435, 0, 0, 0
40001, 7385, 0, 0, 0
40101, 7660, 0, 0, 0
40202, 6585, 0, 0, 0
40306, 6682, 0, 0, 0
40400, 6414, 0, 0, 0
40500, 6548, 0, 0, 0
40600, 6820, 0, 0, 0
40701, 6850, 0, 0, 0
40800, 6849, 0, 0, 0
40901, 7227, 0, 0, 0
41005, 6607, 0, 0, 0
41105, 7737, 0, 0, 0
41202, 6290, 0, 0, 0
41304, 6291, 0, 0, 0
41400, 7277, 0, 0, 0
41500, 7096, 0, 0, 0
41601, 6688, 0, 0, 0
41711, 7391, 0, 0, 0
41800, 6312, 0, 0, 0
41903, 6911, 0, 0, 0
42000, 6395, 0, 0, 0
42100, 7850, 0, 0, 0
42202, 6391, 0, 0, 0
42300, 6467, 0, 0, 0
42402, 5640, 0, 0, 0
42500, 6600, 0, 0, 0
42600, 6246, 0, 0, 0
42700, 6662, 0, 0, 0
42806, 6830, 0, 0, 0
42903, 6762, 0, 0, 0
43009, 6776, 0, 0, 0
43103, 6615, 0, 0, 0
43210, 6715, 0, 0, 0
43302, 6604, 0, 0, 0
43402, 6016, 0, 0, 0
43504, 6388, 0, 0, 0
43601, 6750, 0, 0, 0
43703, 6476, 0, 0, 0
43803, 6869, 0, 0, 0
43900, 7933, 0, 0, 0
44003, 6743, 0, 0, 0
44100, 7673, 0, 0, 0
44202, 7515, 0, 0, 0
44309, 7449, 0, 0, 0
44400, 6374, 0, 0, 0
44502, 6373, 0, 0, 0
44608, 7840, 0, 0, 0
44701, 7116, 0, 0, 0
44802, 6987, 0, 0, 0
44921, 7048, 0, 0, 0
45003, 6508, 0, 0, 0
45101, 6454, 0, 0, 0
45201, 6407, 0, 0, 0
45302, 7179, 0, 0, 0
45401, 7577, 0, 0, 0
45502, 6130, 0, 0, 0
45604, 6294, 0, 0, 0
45705, 6520, 0, 0, 0
45801, 6725, 0, 0, 0
45900, 7305, 0, 0, 0
46001, 7325, 0, 0, 0
46101, 6820, 0, 0, 0
46202, 8112, 0, 0, 0
46301, 8124, 0, 0, 0
46401, 6901, 0, 0, 0
46500, 6885, 0, 0, 0
46600, 6249, 0, 0, 0
46708, 6939, 0, 0, 0
46802, 7603, 0, 0, 0
46902, 6902, 0, 0, 0
47000, 6026, 0, 0, 0
47102, 6583, 0, 0, 0
47202, 7704, 0, 0, 0
47300, 6544, 0, 0, 0
47404, 6481, 0, 0, 0
47509, 6423, 0, 0, 0
47600, 7417, 0, 0, 0
47702, 6204, 0, 0, 0
47802, 6761, 0, 0, 0
47905, 8244, 0, 0, 0
48007, 7377, 0, 0, 0
48101, 7300, 0, 0, 0
48201, 6807, 0, 0, 0
48303, 9087, 0, 0, 0
48404, 8534, 0, 0, 0
48501, 6805, 0, 0, 0
48604, 8893, 0, 0, 0
48703, 7706, 0, 0, 0
48800, 7861, 0, 0, 0
48904, 6546, 0, 0, 0
49001, 6215, 0, 0, 0
49101, 6872, 0, 0, 0
49202, 6866, 0, 0, 0
49301, 6977, 0, 0, 0
49401, 6062, 0, 0, 0
49501, 6622, 0, 0, 0
49605, 5893, 0, 0, 0
49703, 6153, 0, 0, 0
49800, 6039, 0, 0, 0
49904, 6322, 0, 0, 0
50000, 5931, 0, 0, 0
50109, 6672, 0, 0, 0
50201, 7841, 0, 0, 0
50300, 6143, 0, 0, 0
50400, 6607, 0, 0, 0
50500, 6049, 0, 0, 0
50600, 7063, 0, 0, 0
50700, 6317, 0, 0, 0
50802, 6151, 0, 0, 0
50906, 5600, 0, 0, 0
51003, 7001, 0, 0, 0
51111, 6366, 0, 0, 0
51203, 7042, 0, 0, 0
51305, 7041, 0, 0, 0
51403, 6066, 0, 0, 0
51500, 6315, 0, 0, 0
51605, 6535, 0, 0, 0
51703, 5238, 0, 0, 0
51802, 5905, 0, 0, 0
51901, 5883, 0, 0, 0
52001, 6126, 0, 0, 0
52105, 6406, 0, 0, 0
52202, 6206, 0, 0, 0
52300, 6578, 0, 0, 0
52401, 6188, 0, 0, 0
52500, 6682, 0, 0, 0
52613, 6115, 0, 0, 0
52701, 6299, 0, 0, 0
52800, 5492, 0, 0, 0
52902, 6151, 0, 0, 0
53000, 5464, 0, 0, 0
53100, 7970, 0, 0, 0
53204, 6537, 0, 0, 0
53303, 6326, 0, 0, 0
53400, 6171, 0, 0, 0
53501, 6958, 0, 0, 0
53601, 6729, 0, 0, 0
53701, 6652, 0, 0, 0
53802, 6313, 0, 0, 0
53904, 6203, 0, 0, 0
54003, 7347, 0, 0, 0
54100, 7273, 0, 0, 0
54203, 7106, 0, 0, 0
54302, 6246, 0, 0, 0
54400, 6898, 0, 0, 0
54500, 7360, 0, 0, 0
54602, 9032, 0, 0, 0
54701, 7488, 0, 0, 0
54804, 7810, 0, 0, 0
54902, 7124, 0, 0, 0
55007, 7112, 0, 0, 0
55100, 7168, 0, 0, 0
55201, 6839, 0, 0, 0
55304, 6523, 0, 0, 0
55401, 6386, 0, 0, 0
55501, 6749, 0, 0, 0
55602, 6777, 0, 0, 0
55700, 6551, 0, 0, 0
55800, 7055, 0, 0, 0
55901, 7028, 0, 0, 0
56003, 7231, 0, 0, 0
56107, 7489, 0, 0, 0
56202, 6327, 0, 0, 0
56302, 6593, 0, 0, 0
56402, 6262, 0, 0, 0
56503, 7081, 0, 0, 0
56605, 6777, 0, 0, 0
56702, 6688, 0, 0, 0
56804, 7941, 0, 0, 0
56902, 6726, 0, 0, 0
57012, 6935, 0, 0, 0
57102, 8355, 0, 0, 0
57200, 7019, 0, 0, 0
57302, 6817, 0, 0, 0
57404, 6202, 0, 0, 0
57502, 6588, 0, 0, 0
57600, 6951, 0, 0, 0
57702, 5893, 0, 0, 0
57801, 6986, 0, 0, 0
57900, 6836, 0, 0, 0
58001, 8691, 0, 0, 0
58102, 6849, 0, 0, 0
58203, 7174, 0, 0, 0
58308, 6670, 0, 0, 0
58401, 7235, 0, 0, 0
58501, 7102, 0, 0, 0
58600, 7532, 0, 0, 0
58700, 7363, 0, 0, 0
58800, 6793, 0, 0, 0
58901, 7080, 0, 0, 0
59000, 6687, 0, 0, 0
59104, 8397, 0, 0, 0
59201, 8912, 0, 0, 0
59303, 6924, 0, 0, 0
59401, 6924, 0, 0, 0
59504, 6360, 0, 0, 0
59601, 7807, 0, 0, 0
59700, 6545, 0, 0, 0
59806, 7241, 0, 0, 0
59902, 6997, 0, 0, 0
60025, 6810, 0, 0, 0
