100, 1842340, 0, 0, 0
200, 2370231, 0, 0, 0
300, 2136265, 0, 0, 0
400, 1343818, 0, 0, 0
500, 1207846, 0, 0, 0
600, 1788411, 0, 0, 0
700, 1811367, 0, 0, 0
800, 1689943, 0, 0, 0
900, 2691796, 0, 0, 0
1000, 1756040, 0, 0, 0
1100, 2092397, 0, 0, 0
1200, 2434197, 0, 0, 0
1300, 1712025, 0, 0, 0
1400, 2280507, 0, 0, 0
1500, 1915144, 0, 0, 0
1600, 1608028, 0, 0, 0
1700, 1990668, 0, 0, 0
1800, 1583510, 0, 0, 0
1900, 1874789, 0, 0, 0
2000, 1812559, 0, 0, 0
2100, 2311596, 0, 0, 0
2200, 2382783, 0, 0, 0
2300, 1867426, 0, 0, 0
2400, 2010792, 0, 0, 0
2500, 1378457, 0, 0, 0
2600, 1348151, 0, 0, 0
2700, 2164379, 0, 0, 0
2800, 1847179, 0, 0, 0
2900, 1927172, 0, 0, 0
3000, 2964757, 0, 0, 0
3100, 1573929, 0, 0, 0
3200, 1876842, 0, 0, 0
3300, 1849284, 0, 0, 0
3400, 2124106, 0, 0, 0
3500, 1520847, 0, 0, 0
3600, 1798285, 0, 0, 0
3700, 1837268, 0, 0, 0
3800, 1674536, 0, 0, 0
3900, 1604054, 0, 0, 0
4000, 1631008, 0, 0, 0
4100, 2230098, 0, 0, 0
4200, 2823666, 0, 0, 0
4300, 1617995, 0, 0, 0
4400, 2209817, 0, 0, 0
4500, 2142644, 0, 0, 0
4600, 1477321, 0, 0, 0
4700, 1937205, 0, 0, 0
4800, 1525310, 0, 0, 0
4900, 1908299, 0, 0, 0
5000, 2025141, 0, 0, 0
5100, 1562257, 0, 0, 0
5200, 1421869, 0, 0, 0
5300, 1732790, 0, 0, 0
5400, 1755348, 0, 0, 0
5500, 1535366, 0, 0, 0
5600, 2235370, 0, 0, 0
5700, 2174031, 0, 0, 0
5800, 1581316, 0, 0, 0
5900, 1571061, 0, 0, 0
6000, 2024741, 0, 0, 0
6100, 1903942, 0, 0, 0
6200, 1900326, 0, 0, 0
6300, 1733555, 0, 0, 0
6400, 1300818, 0, 0, 0
6500, 1935459, 0, 0, 0
6600, 1446890, 0, 0, 0
6700, 2908891, 0, 0, 0
6800, 1691097, 0, 0, 0
6900, 1587470, 0, 0, 0
7000, 1791868, 0, 0, 0
7100, 2104038, 0, 0, 0
7200, 2159086, 0, 0, 0
7300, 1656469, 0, 0, 0
7400, 1777499, 0, 0, 0
7500, 1589026, 0, 0, 0
7600, 1415640, 0, 0, 0
7700, 1526810, 0, 0, 0
7800, 1565610, 0, 0, 0
7900, 2107718, 0, 0, 0
8000, 2477997, 0, 0, 0
8100, 2069107, 0, 0, 0
8200, 3194032, 0, 0, 0
8300, 1670729, 0, 0, 0
8400, 1335482, 0, 0, 0
8500, 2846761, 0, 0, 0
8600, 1360504, 0, 0, 0
8700, 1875252, 0, 0, 0
8800, 1367664, 0, 0, 0
8900, 2065550, 0, 0, 0
9000, 1757808, 0, 0, 0
9100, 1574122, 0, 0, 0
9200, 2552274, 0, 0, 0
9300, 1974487, 0, 0, 0
9400, 1795100, 0, 0, 0
9500, 1828363, 0, 0, 0
9600, 1470538, 0, 0, 0
9700, 1893802, 0, 0, 0
9800, 1879066, 0, 0, 0
9900, 1879667, 0, 0, 0
10000, 2199856, 0, 0, 0
10100, 1336103, 0, 0, 0
10200, 1962390, 0, 0, 0
10300, 1559811, 0, 0, 0
10400, 2134277, 0, 0, 0
10500, 2558283, 0, 0, 0
10600, 1537343, 0, 0, 0
10700, 1749417, 0, 0, 0
10800, 1832329, 0, 0, 0
10900, 2053665, 0, 0, 0
11000, 1876328, 0, 0, 0
11100, 1869424, 0, 0, 0
11200, 1585615, 0, 0, 0
11300, 1381514, 0, 0, 0
11400, 1414790, 0, 0, 0
11500, 1499761, 0, 0, 0
11600, 1802265, 0, 0, 0
11700, 2460186, 0, 0, 0
11800, 1668419, 0, 0, 0
11900, 1510640, 0, 0, 0
12000, 2566939, 0, 0, 0
12100, 1869270, 0, 0, 0
12200, 1518755, 0, 0, 0
12300, 1828032, 0, 0, 0
12400, 1710141, 0, 0, 0
12500, 1465611, 0, 0, 0
12600, 1471250, 0, 0, 0
12700, 1530753, 0, 0, 0
12800, 1597455, 0, 0, 0
12900, 1502648, 0, 0, 0
13000, 1441509, 0, 0, 0
13100, 1405314, 0, 0, 0
13200, 2521610, 0, 0, 0
13300, 1458741, 0, 0, 0
13400, 1364265, 0, 0, 0
13500, 1819416, 0, 0, 0
13600, 1942149, 0, 0, 0
13700, 1975080, 0, 0, 0
13800, 1428206, 0, 0, 0
13900, 1563006, 0, 0, 0
14000, 1441642, 0, 0, 0
14100, 1483872, 0, 0, 0
14200, 1972094, 0, 0, 0
14300, 1401830, 0, 0, 0
14400, 1763310, 0, 0, 0
14500, 2271458, 0, 0, 0
14600, 1462034, 0, 0, 0
14700, 1561816, 0, 0, 0
14800, 1779937, 0, 0, 0
14900, 2681028, 0, 0, 0
15000, 2360428, 0, 0, 0
15100, 1508838, 0, 0, 0
15200, 2051996, 0, 0, 0
15300, 1914424, 0, 0, 0
15400, 1784229, 0, 0, 0
15500, 1541776, 0, 0, 0
15600, 2178292, 0, 0, 0
15700, 2323306, 0, 0, 0
15800, 1878826, 0, 0, 0
15900, 1374041, 0, 0, 0
16000, 1768808, 0, 0, 0
16100, 1728399, 0, 0, 0
16200, 2149373, 0, 0, 0
16300, 1689509, 0, 0, 0
16400, 1514493, 0, 0, 0
16500, 1760938, 0, 0, 0
16600, 1931386, 0, 0, 0
16700, 1469978, 0, 0, 0
16800, 1610799, 0, 0, 0
16900, 1769654, 0, 0, 0
17000, 1928701, 0, 0, 0
17100, 1861539, 0, 0, 0
17200, 1458949, 0, 0, 0
17300, 1486877, 0, 0, 0
17400, 1723349, 0, 0, 0
17500, 1981731, 0, 0, 0
17600, 1486100, 0, 0, 0
17700, 1863165, 0, 0, 0
17800, 1523980, 0, 0, 0
17900, 1687442, 0, 0, 0
18000, 1678290, 0, 0, 0
18100, 1532638, 0, 0, 0
18200, 1508228, 0, 0, 0
18300, 2139483, 0, 0, 0
18400, 2304485, 0, 0, 0
18500, 1381517, 0, 0, 0
18600, 1455483, 0, 0, 0
18700, 1429795, 0, 0, 0
18800, 1391326, 0, 0, 0
18900, 1672184, 0, 0, 0
19000, 2170833, 0, 0, 0
19100, 1989412, 0, 0, 0
19200, 1702966, 0, 0, 0
19300, 1605088, 0, 0, 0
19400, 1353861, 0, 0, 0
19500, 2403084, 0, 0, 0
19600, 1570899, 0, 0, 0
19700, 1704690, 0, 0, 0
19800, 2151284, 0, 0, 0
19900, 2233779, 0, 0, 0
20000, 1492417, 0, 0, 0
20100, 1827047, 0, 0, 0
20200, 1825902, 0, 0, 0
20300, 1702022, 0, 0, 0
20400, 2215977, 0, 0, 0
20500, 1487569, 0, 0, 0
20600, 1901570, 0, 0, 0
20700, 1420642, 0, 0, 0
20800, 1447260, 0, 0, 0
20900, 1515196, 0, 0, 0
21000, 1763250, 0, 0, 0
21100, 1779769, 0, 0, 0
21200, 1633676, 0, 0, 0
21300, 2940316, 0, 0, 0
21400, 1817951, 0, 0, 0
21500, 1674697, 0, 0, 0
21600, 1802799, 0, 0, 0
21700, 1786690, 0, 0, 0
21800, 1556922, 0, 0, 0
21900, 1609651, 0, 0, 0
22000, 2051830, 0, 0, 0
22100, 2090153, 0, 0, 0
22200, 1790933, 0, 0, 0
22300, 2878439, 0, 0, 0
22400, 1679908, 0, 0, 0
22500, 2550176, 0, 0, 0
22600, 1823705, 0, 0, 0
22700, 1764614, 0, 0, 0
22800, 2166333, 0, 0, 0
22900, 2284724, 0, 0, 0
23000, 2154810, 0, 0, 0
23100, 2062762, 0, 0, 0
23200, 1618811, 0, 0, 0
23300, 2013986, 0, 0, 0
23400, 2927439, 0, 0, 0
23500, 1509252, 0, 0, 0
23600, 1481971, 0, 0, 0
23700, 1921774, 0, 0, 0
23800, 1853554, 0, 0, 0
23900, 2582555, 0, 0, 0
24000, 1961304, 0, 0, 0
24100, 2072884, 0, 0, 0
24200, 1304699, 0, 0, 0
24300, 1634144, 0, 0, 0
24400, 2230041, 0, 0, 0
24500, 1517098, 0, 0, 0
24600, 1768851, 0, 0, 0
24700, 1494981, 0, 0, 0
24800, 1706150, 0, 0, 0
24900, 1613637, 0, 0, 0
25000, 1891743, 0, 0, 0
25100, 1635337, 0, 0, 0
25200, 1644140, 0, 0, 0
25300, 2271623, 0, 0, 0
25400, 2277653, 0, 0, 0
25500, 1801795, 0, 0, 0
25600, 1878834, 0, 0, 0
25700, 1793904, 0, 0, 0
25800, 1498246, 0, 0, 0
25900, 2087734, 0, 0, 0
26000, 2368886, 0, 0, 0
26100, 1698912, 0, 0, 0
26200, 1937031, 0, 0, 0
26300, 1462666, 0, 0, 0
26400, 1334848, 0, 0, 0
26500, 1773274, 0, 0, 0
26600, 2211343, 0, 0, 0
26700, 1793450, 0, 0, 0
26800, 1527710, 0, 0, 0
26900, 1536106, 0, 0, 0
27000, 1845297, 0, 0, 0
27100, 1766509, 0, 0, 0
27200, 2274726, 0, 0, 0
27300, 1728146, 0, 0, 0
27400, 1486862, 0, 0, 0
27500, 1770674, 0, 0, 0
27600, 1654150, 0, 0, 0
27700, 1539279, 0, 0, 0
27800, 1566968, 0, 0, 0
27900, 1641141, 0, 0, 0
28000, 1705051, 0, 0, 0
28100, 1338806, 0, 0, 0
28200, 2439119, 0, 0, 0
28300, 1656990, 0, 0, 0
28400, 1418371, 0, 0, 0
28500, 1713316, 0, 0, 0
28600, 1675811, 0, 0, 0
28700, 1402989, 0, 0, 0
28800, 1737388, 0, 0, 0
28900, 1579045, 0, 0, 0
29000, 1576723, 0, 0, 0
29100, 1684816, 0, 0, 0
29200, 2380264, 0, 0, 0
29300, 1487487, 0, 0, 0
29400, 1474029, 0, 0, 0
29500, 1826603, 0, 0, 0
29600, 3435221, 0, 0, 0
29700, 2040347, 0, 0, 0
29800, 1867291, 0, 0, 0
29900, 1906692, 0, 0, 0
30000, 1392985, 0, 0, 0
30100, 1566856, 0, 0, 0
30200, 1831592, 0, 0, 0
30300, 1722864, 0, 0, 0
30400, 1846391, 0, 0, 0
30500, 1932446, 0, 0, 0
30600, 1562369, 0, 0, 0
30700, 1467655, 0, 0, 0
30800, 2073485, 0, 0, 0
30900, 2437846, 0, 0, 0
31000, 2337828, 0, 0, 0
31100, 1273053, 0, 0, 0
31200, 2066435, 0, 0, 0
31300, 1512310, 0, 0, 0
31400, 1996370, 0, 0, 0
31500, 3584929, 0, 0, 0
31600, 1782233, 0, 0, 0
31700, 2156663, 0, 0, 0
31800, 1340114, 0, 0, 0
31900, 2679196, 0, 0, 0
32000, 1872379, 0, 0, 0
32100, 1668970, 0, 0, 0
32200, 1699224, 0, 0, 0
32300, 1980142, 0, 0, 0
32400, 1511811, 0, 0, 0
32500, 1740833, 0, 0, 0
32600, 1637212, 0, 0, 0
32700, 1349962, 0, 0, 0
32800, 1658471, 0, 0, 0
32900, 1768384, 0, 0, 0
33000, 1632189, 0, 0, 0
33100, 2043462, 0, 0, 0
33200, 1965444, 0, 0, 0
33300, 1773852, 0, 0, 0
33400, 2144476, 0, 0, 0
33500, 1648075, 0, 0, 0
33600, 1757504, 0, 0, 0
33700, 2015096, 0, 0, 0
33800, 2551202, 0, 0, 0
33900, 1559370, 0, 0, 0
34000, 1571477, 0, 0, 0
34100, 1991869, 0, 0, 0
34200, 1688359, 0, 0, 0
34300, 1754570, 0, 0, 0
34400, 1558141, 0, 0, 0
34500, 1810591, 0, 0, 0
34600, 1716978, 0, 0, 0
34700, 2868692, 0, 0, 0
34800, 1747551, 0, 0, 0
34900, 2458823, 0, 0, 0
35000, 1408326, 0, 0, 0
35100, 1561023, 0, 0, 0
35200, 1829624, 0, 0, 0
35300, 1738851, 0, 0, 0
35400, 1812277, 0, 0, 0
35500, 2623773, 0, 0, 0
35600, 1392345, 0, 0, 0
35700, 1754754, 0, 0, 0
35800, 1568404, 0, 0, 0
35900, 1595325, 0, 0, 0
36000, 1662933, 0, 0, 0
36100, 1587983, 0, 0, 0
36200, 2382234, 0, 0, 0
36300, 1510476, 0, 0, 0
36400, 1646636, 0, 0, 0
36500, 1656597, 0, 0, 0
36600, 1695690, 0, 0, 0
36700, 1713449, 0, 0, 0
36800, 1433508, 0, 0, 0
36900, 1771256, 0, 0, 0
37000, 2150401, 0, 0, 0
37100, 2073743, 0, 0, 0
37200, 1769285, 0, 0, 0
37300, 1881509, 0, 0, 0
37400, 2157928, 0, 0, 0
37500, 1428891, 0, 0, 0
37600, 1991350, 0, 0, 0
37700, 1817763, 0, 0, 0
37800, 1920812, 0, 0, 0
37900, 1910969, 0, 0, 0
38000, 2223186, 0, 0, 0
38100, 1808231, 0, 0, 0
38200, 1574449, 0, 0, 0
38300, 3325862, 0, 0, 0
38400, 1668549, 0, 0, 0
38500, 1435727, 0, 0, 0
38600, 1609564, 0, 0, 0
38700, 1632565, 0, 0, 0
38800, 1951995, 0, 0, 0
38900, 1473961, 0, 0, 0
39000, 1920629, 0, 0, 0
39100, 1934360, 0, 0, 0
39200, 1816294, 0, 0, 0
39301, 3429385, 0, 0, 0
39400, 1902495, 0, 0, 0
39500, 1495050, 0, 0, 0
39600, 1410639, 0, 0, 0
39700, 1539629, 0, 0, 0
39800, 1882362, 0, 0, 0
39900, 1487175, 0, 0, 0
40000, 1566501, 0, 0, 0
40100, 2045514, 0, 0, 0
40200, 1979545, 0, 0, 0
40300, 1355119, 0, 0, 0
40400, 1397257, 0, 0, 0
40500, 1913466, 0, 0, 0
40600, 1831325, 0, 0, 0
40700, 1818808, 0, 0, 0
40800, 2051476, 0, 0, 0
40900, 2246623, 0, 0, 0
41000, 3061440, 0, 0, 0
41100, 1507619, 0, 0, 0
41200, 2321339, 0, 0, 0
41300, 1692501, 0, 0, 0
41400, 3926165, 0, 0, 0
41500, 1926570, 0, 0, 0
41600, 1379278, 0, 0, 0
41700, 1986140, 0, 0, 0
41800, 3143521, 0, 0, 0
41900, 2749299, 0, 0, 0
42000, 1391341, 0, 0, 0
42100, 1703928, 0, 0, 0
42200, 1400680, 0, 0, 0
42300, 1648225, 0, 0, 0
42400, 1956312, 0, 0, 0
42500, 1702212, 0, 0, 0
42600, 1772893, 0, 0, 0
42700, 1869927, 0, 0, 0
42800, 1985187, 0, 0, 0
42900, 1654364, 0, 0, 0
43000, 1538084, 0, 0, 0
43100, 1606160, 0, 0, 0
43200, 1990080, 0, 0, 0
43300, 2624529, 0, 0, 0
43400, 1915410, 0, 0, 0
43500, 1838980, 0, 0, 0
43600, 2217085, 0, 0, 0
43700, 1366137, 0, 0, 0
43800, 1646593, 0, 0, 0
43900, 2064407, 0, 0, 0
44000, 2195507, 0, 0, 0
44100, 1879097, 0, 0, 0
44200, 1575322, 0, 0, 0
44300, 1897410, 0, 0, 0
44400, 2778378, 0, 0, 0
44500, 1485311, 0, 0, 0
44600, 2653007, 0, 0, 0
44700, 1574136, 0, 0, 0
44800, 1444648, 0, 0, 0
44900, 1529545, 0, 0, 0
45000, 2278698, 0, 0, 0
45100, 1702549, 0, 0, 0
45200, 2272908, 0, 0, 0
45300, 1885019, 0, 0, 0
45400, 1504599, 0, 0, 0
45500, 2412775, 0, 0, 0
45600, 1551495, 0, 0, 0
45700, 1544730, 0, 0, 0
45800, 1620898, 0, 0, 0
45900, 2180139, 0, 0, 0
46000, 1880261, 0, 0, 0
46100, 1971688, 0, 0, 0
46200, 1667447, 0, 0, 0
46300, 2112258, 0, 0, 0
46400, 1847227, 0, 0, 0
46500, 1618357, 0, 0, 0
46600, 1509755, 0, 0, 0
46700, 1559521, 0, 0, 0
46800, 2145517, 0, 0, 0
46900, 1373872, 0, 0, 0
47000, 2360673, 0, 0, 0
47100, 1386194, 0, 0, 0
47200, 1807825, 0, 0, 0
47300, 1748614, 0, 0, 0
47400, 1509811, 0, 0, 0
47500, 1534570, 0, 0, 0
47600, 2649243, 0, 0, 0
47700, 1894763, 0, 0, 0
47800, 2822271, 0, 0, 0
47900, 1508154, 0, 0, 0
48000, 2062637, 0, 0, 0
48100, 2690202, 0, 0, 0
48200, 2713732, 0, 0, 0
48300, 2047995, 0, 0, 0
48400, 1483400, 0, 0, 0
48500, 3184253, 0, 0, 0
48600, 1890409, 0, 0, 0
48700, 1510836, 0, 0, 0
48800, 1348594, 0, 0, 0
48900, 2074643, 0, 0, 0
49000, 1922735, 0, 0, 0
49100, 1646146, 0, 0, 0
49200, 1554249, 0, 0, 0
49300, 1928631, 0, 0, 0
49400, 2305660, 0, 0, 0
49500, 1392475, 0, 0, 0
49600, 1219214, 0, 0, 0
49700, 1825201, 0, 0, 0
49800, 1604274, 0, 0, 0
49900, 1541954, 0, 0, 0
50000, 1539900, 0, 0, 0
50100, 1894421, 0, 0, 0
50200, 2135362, 0, 0, 0
50300, 1678702, 0, 0, 0
50400, 1594427, 0, 0, 0
50500, 1497105, 0, 0, 0
50600, 1829973, 0, 0, 0
50700, 1756870, 0, 0, 0
50800, 1487862, 0, 0, 0
50900, 1703128, 0, 0, 0
51000, 1744653, 0, 0, 0
51100, 1668301, 0, 0, 0
51200, 1395844, 0, 0, 0
51300, 1660229, 0, 0, 0
51400, 2440015, 0, 0, 0
51500, 1694012, 0, 0, 0
51600, 1635072, 0, 0, 0
51700, 1496289, 0, 0, 0
51800, 1852293, 0, 0, 0
51900, 1910578, 0, 0, 0
52000, 1830336, 0, 0, 0
52100, 1989810, 0, 0, 0
52200, 1542361, 0, 0, 0
52300, 1801650, 0, 0, 0
52400, 2099629, 0, 0, 0
52500, 1632045, 0, 0, 0
52600, 1621905, 0, 0, 0
52700, 2885371, 0, 0, 0
52800, 1647445, 0, 0, 0
52900, 2312854, 0, 0, 0
53000, 2055469, 0, 0, 0
53100, 1482681, 0, 0, 0
53200, 1571728, 0, 0, 0
53300, 2138260, 0, 0, 0
53400, 2404809, 0, 0, 0
53500, 1705180, 0, 0, 0
53600, 2023194, 0, 0, 0
53700, 1548889, 0, 0, 0
53800, 1667025, 0, 0, 0
53900, 1325064, 0, 0, 0
54000, 1772753, 0, 0, 0
54100, 1692878, 0, 0, 0
54200, 1380427, 0, 0, 0
54300, 2259370, 0, 0, 0
54400, 1896394, 0, 0, 0
54500, 1556331, 0, 0, 0
54600, 1883031, 0, 0, 0
54700, 1318264, 0, 0, 0
54800, 2111166, 0, 0, 0
54900, 1840955, 0, 0, 0
55000, 1585071, 0, 0, 0
55100, 1432929, 0, 0, 0
55200, 1478699, 0, 0, 0
55300, 1465379, 0, 0, 0
55400, 1735209, 0, 0, 0
55500, 1812355, 0, 0, 0
55600, 1796354, 0, 0, 0
55700, 2141612, 0, 0, 0
55800, 2895527, 0, 0, 0
55900, 1783937, 0, 0, 0
56000, 2432320, 0, 0, 0
56100, 1475825, 0, 0, 0
56200, 1788358, 0, 0, 0
56300, 1912583, 0, 0, 0
56400, 1925185, 0, 0, 0
56500, 1586155, 0, 0, 0
56600, 1971088, 0, 0, 0
56700, 1453686, 0, 0, 0
56800, 1682046, 0, 0, 0
56900, 1465275, 0, 0, 0
57000, 2262200, 0, 0, 0
57100, 1543622, 0, 0, 0
57200, 1642640, 0, 0, 0
57300, 1704743, 0, 0, 0
57400, 1625052, 0, 0, 0
57500, 1637912, 0, 0, 0
57600, 1904921, 0, 0, 0
57700, 2203964, 0, 0, 0
57800, 1489623, 0, 0, 0
57900, 2970230, 0, 0, 0
58000, 1451685, 0, 0, 0
58100, 2057582, 0, 0, 0
58200, 2407395, 0, 0, 0
58300, 1793601, 0, 0, 0
58400, 2684120, 0, 0, 0
58500, 1403992, 0, 0, 0
58600, 1587739, 0, 0, 0
58700, 1816830, 0, 0, 0
58800, 2681410, 0, 0, 0
58900, 1463496, 0, 0, 0
59000, 2378313, 0, 0, 0
59100, 1781150, 0, 0, 0
59200, 2082003, 0, 0, 0
59300, 1988760, 0, 0, 0
59400, 2295554, 0, 0, 0
59500, 2972256, 0, 0, 0
59600, 1455241, 0, 0, 0
59700, 1633289, 0, 0, 0
59800, 1684376, 0, 0, 0
59900, 1912346, 0, 0, 0
60000, 2471431, 0, 0, 0
60100, 1696671, 0, 0, 0
60200, 1775698, 0, 0, 0
60300, 1569498, 0, 0, 0
60400, 1790531, 0, 0, 0
60500, 1796555, 0, 0, 0
60600, 2304469, 0, 0, 0
60700, 1764935, 0, 0, 0
60800, 2241691, 0, 0, 0
60900, 1617337, 0, 0, 0
61000, 1695068, 0, 0, 0
61100, 2563108, 0, 0, 0
61200, 2406041, 0, 0, 0
61300, 2000916, 0, 0, 0
61400, 1806393, 0, 0, 0
61500, 1949346, 0, 0, 0
61600, 1787517, 0, 0, 0
61700, 1596741, 0, 0, 0
61800, 1515968, 0, 0, 0
61900, 1877606, 0, 0, 0
62000, 1612810, 0, 0, 0
62100, 2087457, 0, 0, 0
62200, 1905781, 0, 0, 0
62300, 1441859, 0, 0, 0
62400, 1773198, 0, 0, 0
62500, 1769547, 0, 0, 0
62600, 1504873, 0, 0, 0
62700, 1723995, 0, 0, 0
62800, 1472377, 0, 0, 0
62900, 2181890, 0, 0, 0
63000, 2765897, 0, 0, 0
63100, 1662483, 0, 0, 0
63200, 3260131, 0, 0, 0
63300, 1369844, 0, 0, 0
63400, 1752330, 0, 0, 0
63500, 2372443, 0, 0, 0
63600, 2206301, 0, 0, 0
63700, 1411019, 0, 0, 0
63800, 2281989, 0, 0, 0
63900, 1635713, 0, 0, 0
64000, 1815389, 0, 0, 0
64100, 1437308, 0, 0, 0
64200, 1560028, 0, 0, 0
64300, 1882358, 0, 0, 0
64400, 1264866, 0, 0, 0
64500, 1530519, 0, 0, 0
64600, 1849063, 0, 0, 0
64700, 1502864, 0, 0, 0
64800, 1739517, 0, 0, 0
64900, 1604735, 0, 0, 0
65000, 2580212, 0, 0, 0
65100, 2480113, 0, 0, 0
65200, 1737697, 0, 0, 0
65300, 1670991, 0, 0, 0
65400, 2082150, 0, 0, 0
65500, 2004394, 0, 0, 0
65600, 1794144, 0, 0, 0
65700, 1846002, 0, 0, 0
65800, 1765211, 0, 0, 0
65900, 1632658, 0, 0, 0
66000, 1704159, 0, 0, 0
66100, 2320492, 0, 0, 0
66200, 1987203, 0, 0, 0
66300, 1589867, 0, 0, 0
66400, 1763410, 0, 0, 0
66500, 1492742, 0, 0, 0
66600, 2269454, 0, 0, 0
66700, 1437920, 0, 0, 0
66800, 1462985, 0, 0, 0
66900, 1781960, 0, 0, 0
67000, 2226573, 0, 0, 0
67100, 1392344, 0, 0, 0
67200, 1560147, 0, 0, 0
67300, 1726287, 0, 0, 0
67400, 1694189, 0, 0, 0
67500, 2063721, 0, 0, 0
67600, 2055639, 0, 0, 0
67700, 1414201, 0, 0, 0
67800, 1343413, 0, 0, 0
67900, 2464476, 0, 0, 0
68000, 1674703, 0, 0, 0
68100, 1831878, 0, 0, 0
68200, 2515257, 0, 0, 0
68300, 1363965, 0, 0, 0
68400, 1799182, 0, 0, 0
68500, 1856325, 0, 0, 0
68600, 1577861, 0, 0, 0
68700, 1657563, 0, 0, 0
68800, 1770940, 0, 0, 0
68900, 1568804, 0, 0, 0
69000, 1575744, 0, 0, 0
69100, 1628570, 0, 0, 0
69200, 1664019, 0, 0, 0
69300, 1730224, 0, 0, 0
69400, 1554805, 0, 0, 0
69500, 1680873, 0, 0, 0
69600, 1976641, 0, 0, 0
69700, 2421816, 0, 0, 0
69800, 2203582, 0, 0, 0
69900, 1710842, 0, 0, 0
70000, 2108545, 0, 0, 0
70100, 2202649, 0, 0, 0
70200, 1406788, 0, 0, 0
70300, 1342000, 0, 0, 0
70400, 1315644, 0, 0, 0
70500, 1831363, 0, 0, 0
70600, 1491315, 0, 0, 0
70700, 1672294, 0, 0, 0
70800, 1939970, 0, 0, 0
70900, 1569567, 0, 0, 0
71000, 1829488, 0, 0, 0
71100, 1390945, 0, 0, 0
71200, 2511652, 0, 0, 0
71300, 1757213, 0, 0, 0
71400, 1416918, 0, 0, 0
71500, 1955589, 0, 0, 0
71600, 1868012, 0, 0, 0
71700, 1703308, 0, 0, 0
71800, 1822550, 0, 0, 0
71900, 2328412, 0, 0, 0
72000, 2172466, 0, 0, 0
72100, 1599268, 0, 0, 0
72200, 2224001, 0, 0, 0
72300, 1987465, 0, 0, 0
72400, 1770111, 0, 0, 0
72500, 2019157, 0, 0, 0
72600, 1387715, 0, 0, 0
72700, 1412111, 0, 0, 0
72800, 1473293, 0, 0, 0
72900, 1651356, 0, 0, 0
73000, 1583361, 0, 0, 0
73100, 1725207, 0, 0, 0
73200, 1567854, 0, 0, 0
73300, 1563396, 0, 0, 0
73400, 2604841, 0, 0, 0
73500, 1920755, 0, 0, 0
73600, 1983585, 0, 0, 0
73700, 2197629, 0, 0, 0
73800, 1892012, 0, 0, 0
73900, 2043061, 0, 0, 0
74000, 1473985, 0, 0, 0
74100, 1610592, 0, 0, 0
74200, 1528327, 0, 0, 0
74300, 1862365, 0, 0, 0
74400, 1444351, 0, 0, 0
74500, 1273530, 0, 0, 0
74600, 1533270, 0, 0, 0
74700, 1636926, 0, 0, 0
74800, 1628950, 0, 0, 0
74900, 1312550, 0, 0, 0
75000, 1735800, 0, 0, 0
75100, 1748124, 0, 0, 0
75200, 1385437, 0, 0, 0
75300, 2276881, 0, 0, 0
75400, 1829377, 0, 0, 0
75500, 2800211, 0, 0, 0
75600, 1744225, 0, 0, 0
75700, 1508227, 0, 0, 0
75800, 1534741, 0, 0, 0
75900, 1857575, 0, 0, 0
76000, 1407253, 0, 0, 0
76100, 1576720, 0, 0, 0
76200, 2069822, 0, 0, 0
76300, 1807308, 0, 0, 0
76400, 2051654, 0, 0, 0
76500, 2011201, 0, 0, 0
76600, 2075508, 0, 0, 0
76700, 2283025, 0, 0, 0
76800, 2269511, 0, 0, 0
76900, 2922896, 0, 0, 0
77000, 1755248, 0, 0, 0
77100, 1323879, 0, 0, 0
77200, 1427503, 0, 0, 0
77300, 1662250, 0, 0, 0
77401, 3317324, 0, 0, 0
77500, 1877703, 0, 0, 0
77600, 2055723, 0, 0, 0
77700, 2103481, 0, 0, 0
77800, 1510895, 0, 0, 0
77900, 2116776, 0, 0, 0
78000, 1829297, 0, 0, 0
78100, 1906470, 0, 0, 0
78200, 1784879, 0, 0, 0
78300, 1544958, 0, 0, 0
78400, 1811786, 0, 0, 0
78500, 1857807, 0, 0, 0
78600, 1598011, 0, 0, 0
78700, 1633225, 0, 0, 0
78800, 1523320, 0, 0, 0
78900, 1320489, 0, 0, 0
79000, 2077696, 0, 0, 0
79100, 1838395, 0, 0, 0
79200, 1987261, 0, 0, 0
79300, 1468057, 0, 0, 0
79400, 2744881, 0, 0, 0
79500, 1418500, 0, 0, 0
79600, 1812078, 0, 0, 0
79700, 1601695, 0, 0, 0
79800, 2292335, 0, 0, 0
79900, 1652397, 0, 0, 0
80000, 1870736, 0, 0, 0
80100, 1989912, 0, 0, 0
80200, 1955869, 0, 0, 0
80300, 1411536, 0, 0, 0
80400, 1549182, 0, 0, 0
80500, 1440673, 0, 0, 0
80600, 1862648, 0, 0, 0
80700, 2176599, 0, 0, 0
80800, 2395707, 0, 0, 0
80900, 2408209, 0, 0, 0
81000, 1796736, 0, 0, 0
81100, 1863059, 0, 0, 0
81200, 1932257, 0, 0, 0
81300, 1781660, 0, 0, 0
81400, 1661938, 0, 0, 0
81500, 1510753, 0, 0, 0
81600, 1946202, 0, 0, 0
81700, 1572278, 0, 0, 0
81800, 1604459, 0, 0, 0
81900, 1594077, 0, 0, 0
82000, 1652228, 0, 0, 0
82100, 1776344, 0, 0, 0
82200, 2050963, 0, 0, 0
82300, 2159035, 0, 0, 0
82400, 1468411, 0, 0, 0
82500, 2443141, 0, 0, 0
82600, 1832097, 0, 0, 0
82700, 1928841, 0, 0, 0
82800, 2989299, 0, 0, 0
82900, 1521972, 0, 0, 0
83000, 1798297, 0, 0, 0
83100, 2126639, 0, 0, 0
83200, 1681809, 0, 0, 0
83300, 1575436, 0, 0, 0
83400, 1610202, 0, 0, 0
83500, 1748109, 0, 0, 0
83600, 1756763, 0, 0, 0
83700, 1880601, 0, 0, 0
83800, 2011643, 0, 0, 0
83900, 2555367, 0, 0, 0
84000, 2579660, 0, 0, 0
84100, 1986287, 0, 0, 0
84200, 1623447, 0, 0, 0
84300, 2163314, 0, 0, 0
84400, 1793282, 0, 0, 0
84500, 2407146, 0, 0, 0
84600, 1763251, 0, 0, 0
84700, 1570070, 0, 0, 0
84800, 1850408, 0, 0, 0
84900, 1848271, 0, 0, 0
85000, 2649697, 0, 0, 0
85100, 1429099, 0, 0, 0
85200, 1488844, 0, 0, 0
85300, 2161287, 0, 0, 0
85400, 1681406, 0, 0, 0
85500, 1712358, 0, 0, 0
85600, 1721575, 0, 0, 0
85700, 2317770, 0, 0, 0
85800, 2327073, 0, 0, 0
85900, 1842063, 0, 0, 0
86000, 2212224, 0, 0, 0
86100, 1522623, 0, 0, 0
86200, 1616153, 0, 0, 0
86300, 1548486, 0, 0, 0
86400, 1644280, 0, 0, 0
86500, 1338710, 0, 0, 0
86600, 1624650, 0, 0, 0
86700, 1415080, 0, 0, 0
86800, 1445083, 0, 0, 0
86900, 1623057, 0, 0, 0
87000, 1732889, 0, 0, 0
87100, 3194811, 0, 0, 0
87200, 1581693, 0, 0, 0
87300, 1757253, 0, 0, 0
87400, 2034463, 0, 0, 0
87500, 1561088, 0, 0, 0
87600, 1673249, 0, 0, 0
87700, 2817940, 0, 0, 0
87800, 1502701, 0, 0, 0
87900, 1474324, 0, 0, 0
88000, 1519788, 0, 0, 0
88100, 2171408, 0, 0, 0
88200, 2944342, 0, 0, 0
88300, 1574074, 0, 0, 0
88400, 1841209, 0, 0, 0
88500, 2149538, 0, 0, 0
88600, 1569920, 0, 0, 0
88700, 1653205, 0, 0, 0
88800, 2422118, 0, 0, 0
88900, 1554470, 0, 0, 0
89000, 1959107, 0, 0, 0
89100, 1485164, 0, 0, 0
89200, 1778459, 0, 0, 0
89300, 1564140, 0, 0, 0
89400, 1535837, 0, 0, 0
89500, 1485988, 0, 0, 0
89600, 1560465, 0, 0, 0
89700, 2227084, 0, 0, 0
89800, 2321594, 0, 0, 0
89900, 1923052, 0, 0, 0
90000, 1615259, 0, 0, 0
90003, 4644216, 0, 0, 0
