107, 10485, 0, 0, 0
200, 12466, 0, 0, 0
302, 10734, 0, 0, 0
408, 9575, 0, 0, 0
512, 9441, 0, 0, 0
601, 9189, 0, 0, 0
701, 8990, 0, 0, 0
802, 10280, 0, 0, 0
908, 10366, 0, 0, 0
1011, 8675, 0, 0, 0
1104, 10013, 0, 0, 0
1208, 9328, 0, 0, 0
1320, 9715, 0, 0, 0
1404, 9480, 0, 0, 0
1516, 9342, 0, 0, 0
1611, 9467, 0, 0, 0
1709, 9491, 0, 0, 0
1804, 9259, 0, 0, 0
1905, 10796, 0, 0, 0
2007, 10242, 0, 0, 0
2101, 10003, 0, 0, 0
2205, 8443, 0, 0, 0
2302, 8928, 0, 0, 0
2404, 9463, 0, 0, 0
2507, 10397, 0, 0, 0
2605, 10250, 0, 0, 0
2704, 9563, 0, 0, 0
2802, 9677, 0, 0, 0
2902, 10193, 0, 0, 0
3005, 11727, 0, 0, 0
3105, 9990, 0, 0, 0
3218, 8394, 0, 0, 0
3308, 9274, 0, 0, 0
3410, 10889, 0, 0, 0
3509, 10430, 0, 0, 0
3602, 8938, 0, 0, 0
3701, 8863, 0, 0, 0
3837, 8998, 0, 0, 0
3909, 10225, 0, 0, 0
4003, 10378, 0, 0, 0
4103, 8391, 0, 0, 0
4204, 10483, 0, 0, 0
4301, 10651, 0, 0, 0
4403, 9456, 0, 0, 0
4505, 11520, 0, 0, 0
4605, 9732, 0, 0, 0
4704, 11441, 0, 0, 0
4804, 10054, 0, 0, 0
4927, 10350, 0, 0, 0
5004, 8981, 0, 0, 0
5109, 13857, 0, 0, 0
5207, 8942, 0, 0, 0
5309, 10108, 0, 0, 0
5403, 11005, 0, 0, 0
5521, 9843, 0, 0, 0
5603, 11490, 0, 0, 0
5704, 9735, 0, 0, 0
5802, 9395, 0, 0, 0
5902, 8185, 0, 0, 0
6003, 8778, 0, 0, 0
6106, 9842, 0, 0, 0
6205, 9670, 0, 0, 0
6308, 8608, 0, 0, 0
6410, 9538, 0, 0, 0
6500, 9927, 0, 0, 0
6600, 8898, 0, 0, 0
6707, 9044, 0, 0, 0
6802, 12784, 0, 0, 0
6901, 8559, 0, 0, 0
7014, 8965, 0, 0, 0
7104, 9155, 0, 0, 0
7200, 8251, 0, 0, 0
7303, 8607, 0, 0, 0
7403, 9641, 0, 0, 0
7511, 9008, 0, 0, 0
7603, 8803, 0, 0, 0
7702, 8899, 0, 0, 0
7808, 10835, 0, 0, 0
7902, 9815, 0, 0, 0
8010, 10467, 0, 0, 0
8105, 9274, 0, 0, 0
8201, 9507, 0, 0, 0
8309, 11167, 0, 0, 0
8414, 10300, 0, 0, 0
8502, 8431, 0, 0, 0
8602, 8078, 0, 0, 0
8703, 9410, 0, 0, 0
8801, 8474, 0, 0, 0
8908, 8858, 0, 0, 0
9001, 6988, 0, 0, 0
9101, 9254, 0, 0, 0
9212, 9816, 0, 0, 0
9320, 8153, 0, 0, 0
9410, 9647, 0, 0, 0
9504, 10062, 0, 0, 0
9603, 10081, 0, 0, 0
9707, 10561, 0, 0, 0
9807, 10586, 0, 0, 0
9910, 9529, 0, 0, 0
10006, 9656, 0, 0, 0
10100, 8862, 0, 0, 0
10205, 9182, 0, 0, 0
10305, 10386, 0, 0, 0
10405, 9003, 0, 0, 0
10506, 9764, 0, 0, 0
10604, 10207, 0, 0, 0
10703, 10166, 0, 0, 0
10808, 10525, 0, 0, 0
10901, 9028, 0, 0, 0
11001, 10667, 0, 0, 0
11100, 11333, 0, 0, 0
11200, 9239, 0, 0, 0
11305, 9739, 0, 0, 0
11400, 10076, 0, 0, 0
11504, 10010, 0, 0, 0
11604, 9319, 0, 0, 0
11704, 8725, 0, 0, 0
11819, 9218, 0, 0, 0
11901, 9826, 0, 0, 0
12009, 10207, 0, 0, 0
12103, 9770, 0, 0, 0
12210, 9116, 0, 0, 0
12314, 11150, 0, 0, 0
12407, 11057, 0, 0, 0
12511, 9986, 0, 0, 0
12611, 9839, 0, 0, 0
12709, 8877, 0, 0, 0
12812, 9344, 0, 0, 0
12901, 8910, 0, 0, 0
13013, 8600, 0, 0, 0
13112, 9841, 0, 0, 0
13208, 9630, 0, 0, 0
13306, 11752, 0, 0, 0
13403, 10472, 0, 0, 0
13502, 9604, 0, 0, 0
13602, 9237, 0, 0, 0
13720, 9828, 0, 0, 0
13809, 9985, 0, 0, 0
13917, 11012, 0, 0, 0
14001, 9718, 0, 0, 0
14103, 10426, 0, 0, 0
14210, 10592, 0, 0, 0
14315, 10375, 0, 0, 0
14409, 10924, 0, 0, 0
14503, 9057, 0, 0, 0
14605, 10026, 0, 0, 0
14704, 10246, 0, 0, 0
14807, 10133, 0, 0, 0
14906, 11008, 0, 0, 0
15003, 11136, 0, 0, 0
15102, 10138, 0, 0, 0
15204, 9964, 0, 0, 0
15302, 13033, 0, 0, 0
15405, 11092, 0, 0, 0
15508, 14411, 0, 0, 0
15602, 10413, 0, 0, 0
15722, 9815, 0, 0, 0
15812, 11678, 0, 0, 0
15901, 10005, 0, 0, 0
16004, 11247, 0, 0, 0
16110, 10436, 0, 0, 0
16206, 10373, 0, 0, 0
16323, 11923, 0, 0, 0
16401, 9556, 0, 0, 0
16502, 9267, 0, 0, 0
16602, 9423, 0, 0, 0
16715, 12957, 0, 0, 0
16800, 11624, 0, 0, 0
16906, 9811, 0, 0, 0
17009, 10099, 0, 0, 0
17108, 9414, 0, 0, 0
17222, 10209, 0, 0, 0
17305, 11012, 0, 0, 0
17404, 10270, 0, 0, 0
17501, 12418, 0, 0, 0
17611, 11073, 0, 0, 0
17704, 10888, 0, 0, 0
17806, 10058, 0, 0, 0
17900, 8926, 0, 0, 0
18013, 8585, 0, 0, 0
18103, 9179, 0, 0, 0
18210, 9179, 0, 0, 0
18302, 8706, 0, 0, 0
18413, 8053, 0, 0, 0
18504, 7471, 0, 0, 0
18606, 8689, 0, 0, 0
18701, 8334, 0, 0, 0
18805, 10609, 0, 0, 0
18906, 7937, 0, 0, 0
19004, 9375, 0, 0, 0
19109, 7972, 0, 0, 0
19201, 9000, 0, 0, 0
19300, 9941, 0, 0, 0
19402, 10205, 0, 0, 0
19504, 9423, 0, 0, 0
19605, 9523, 0, 0, 0
19702, 9344, 0, 0, 0
19800, 9206, 0, 0, 0
19904, 8788, 0, 0, 0
20000, 8150, 0, 0, 0
20108, 10146, 0, 0, 0
20203, 10185, 0, 0, 0
20324, 8655, 0, 0, 0
20403, 9139, 0, 0, 0
20507, 10144, 0, 0, 0
20602, 7502, 0, 0, 0
20700, 8949, 0, 0, 0
20815, 8790, 0, 0, 0
20900, 10653, 0, 0, 0
21004, 9060, 0, 0, 0
21117, 9083, 0, 0, 0
21207, 8051, 0, 0, 0
21307, 8843, 0, 0, 0
21413, 7542, 0, 0, 0
21501, 9529, 0, 0, 0
21606, 8590, 0, 0, 0
21703, 9866, 0, 0, 0
21801, 9587, 0, 0, 0
21907, 9148, 0, 0, 0
22000, 9166, 0, 0, 0
22112, 10104, 0, 0, 0
22203, 8626, 0, 0, 0
22300, 11354, 0, 0, 0
22408, 9924, 0, 0, 0
22500, 7718, 0, 0, 0
22600, 8268, 0, 0, 0
22700, 9923, 0, 0, 0
22809, 9589, 0, 0, 0
22903, 8232, 0, 0, 0
23006, 8882, 0, 0, 0
23104, 8264, 0, 0, 0
23202, 8532, 0, 0, 0
23302, 9851, 0, 0, 0
23403, 8062, 0, 0, 0
23502, 9404, 0, 0, 0
23606, 11096, 0, 0, 0
23702, 10411, 0, 0, 0
23808, 8647, 0, 0, 0
23902, 10224, 0, 0, 0
24009, 8402, 0, 0, 0
24100, 7704, 0, 0, 0
24202, 8674, 0, 0, 0
24303, 9978, 0, 0, 0
24416, 8556, 0, 0, 0
24514, 7588, 0, 0, 0
24602, 8691, 0, 0, 0
24714, 8412, 0, 0, 0
24800, 7504, 0, 0, 0
24900, 8535, 0, 0, 0
25002, 9121, 0, 0, 0
25100, 8457, 0, 0, 0
25204, 8884, 0, 0, 0
25300, 12624, 0, 0, 0
25400, 13099, 0, 0, 0
25523, 10164, 0, 0, 0
25600, 10357, 0, 0, 0
25706, 9151, 0, 0, 0
25806, 10267, 0, 0, 0
25903, 8982, 0, 0, 0
26006, 11669, 0, 0, 0
26104, 9242, 0, 0, 0
26208, 8468, 0, 0, 0
26300, 10358, 0, 0, 0
26400, 9905, 0, 0, 0
26506, 11122, 0, 0, 0
26603, 9895, 0, 0, 0
26701, 9934, 0, 0, 0
26802, 10073, 0, 0, 0
26900, 9714, 0, 0, 0
27002, 9115, 0, 0, 0
27107, 10805, 0, 0, 0
27200, 8518, 0, 0, 0
27302, 8996, 0, 0, 0
27403, 8637, 0, 0, 0
27500, 9654, 0, 0, 0
27602, 10539, 0, 0, 0
27703, 9817, 0, 0, 0
27800, 9109, 0, 0, 0
27906, 10844, 0, 0, 0
28011, 10162, 0, 0, 0
28103, 10047, 0, 0, 0
28204, 8861, 0, 0, 0
28309, 10570, 0, 0, 0
28408, 13840, 0, 0, 0
28512, 9802, 0, 0, 0
28607, 9195, 0, 0, 0
28703, 9549, 0, 0, 0
28809, 9209, 0, 0, 0
28906, 10790, 0, 0, 0
29006, 9282, 0, 0, 0
29112, 8317, 0, 0, 0
29205, 9289, 0, 0, 0
29301, 9864, 0, 0, 0
29403, 9603, 0, 0, 0
29502, 10351, 0, 0, 0
29608, 10925, 0, 0, 0
29702, 9997, 0, 0, 0
29803, 11321, 0, 0, 0
29918, 10624, 0, 0, 0
30001, 9286, 0, 0, 0
30100, 10909, 0, 0, 0
30211, 12454, 0, 0, 0
30301, 9312, 0, 0, 0
30403, 11164, 0, 0, 0
30502, 9873, 0, 0, 0
30601, 12608, 0, 0, 0
30704, 12883, 0, 0, 0
30802, 14643, 0, 0, 0
30906, 10745, 0, 0, 0
31005, 10267, 0, 0, 0
31108, 8391, 0, 0, 0
31211, 8852, 0, 0, 0
31301, 10983, 0, 0, 0
31401, 10878, 0, 0, 0
31503, 10829, 0, 0, 0
31600, 10527, 0, 0, 0
31701, 8133, 0, 0, 0
31802, 8443, 0, 0, 0
31914, 11243, 0, 0, 0
32001, 13977, 0, 0, 0
32101, 10670, 0, 0, 0
32201, 9358, 0, 0, 0
32303, 10322, 0, 0, 0
32406, 11131, 0, 0, 0
32502, 9183, 0, 0, 0
32606, 8364, 0, 0, 0
32703, 9894, 0, 0, 0
32811, 9742, 0, 0, 0
32912, 10780, 0, 0, 0
33020, 11924, 0, 0, 0
33104, 10458, 0, 0, 0
33202, 10078, 0, 0, 0
33308, 11220, 0, 0, 0
33404, 9066, 0, 0, 0
33502, 10572, 0, 0, 0
33600, 9926, 0, 0, 0
33711, 10948, 0, 0, 0
33800, 7915, 0, 0, 0
33904, 11080, 0, 0, 0
34001, 11003, 0, 0, 0
34100, 9269, 0, 0, 0
34207, 8348, 0, 0, 0
34300, 8883, 0, 0, 0
34403, 9718, 0, 0, 0
34509, 10268, 0, 0, 0
34608, 9983, 0, 0, 0
34705, 9995, 0, 0, 0
34800, 12141, 0, 0, 0
34912, 9691, 0, 0, 0
35002, 9684, 0, 0, 0
35104, 9463, 0, 0, 0
35200, 10409, 0, 0, 0
35302, 10425, 0, 0, 0
35404, 10727, 0, 0, 0
35509, 10838, 0, 0, 0
35600, 11926, 0, 0, 0
35701, 9190, 0, 0, 0
35802, 10755, 0, 0, 0
35902, 9476, 0, 0, 0
36002, 9790, 0, 0, 0
36110, 10488, 0, 0, 0
36201, 7712, 0, 0, 0
36302, 8563, 0, 0, 0
36408, 9224, 0, 0, 0
36500, 10195, 0, 0, 0
36600, 8463, 0, 0, 0
36704, 10255, 0, 0, 0
36800, 10586, 0, 0, 0
36915, 9655, 0, 0, 0
37000, 10498, 0, 0, 0
37101, 10264, 0, 0, 0
37202, 10727, 0, 0, 0
37305, 11521, 0, 0, 0
37404, 9611, 0, 0, 0
37508, 10799, 0, 0, 0
37619, 9929, 0, 0, 0
37700, 10899, 0, 0, 0
37804, 10849, 0, 0, 0
37900, 9896, 0, 0, 0
38006, 9460, 0, 0, 0
38104, 9740, 0, 0, 0
38208, 11286, 0, 0, 0
38305, 9925, 0, 0, 0
38404, 9956, 0, 0, 0
38502, 9238, 0, 0, 0
38605, 10173, 0, 0, 0
38709, 9370, 0, 0, 0
38802, 9216, 0, 0, 0
38900, 12462, 0, 0, 0
39009, 9263, 0, 0, 0
39102, 8262, 0, 0, 0
39201, 7843, 0, 0, 0
39309, 8759, 0, 0, 0
39401, 8449, 0, 0, 0
39510, 7701, 0, 0, 0
39607, 7530, 0, 0, 0
39709, 10114, 0, 0, 0
39801, 8228, 0, 0, 0
39909, 9307, 0, 0, 0
40006, 8615, 0, 0, 0
40101, 9974, 0, 0, 0
40210, 10129, 0, 0, 0
40306, 9909, 0, 0, 0
40408, 12104, 0, 0, 0
40503, 8382, 0, 0, 0
40602, 14379, 0, 0, 0
40705, 12062, 0, 0, 0
40805, 12085, 0, 0, 0
40901, 10654, 0, 0, 0
41002, 8590, 0, 0, 0
41104, 8653, 0, 0, 0
41215, 8435, 0, 0, 0
41302, 10012, 0, 0, 0
41410, 9902, 0, 0, 0
41501, 8518, 0, 0, 0
41605, 8720, 0, 0, 0
41709, 7735, 0, 0, 0
41802, 9403, 0, 0, 0
41908, 8415, 0, 0, 0
42005, 8299, 0, 0, 0
42100, 7698, 0, 0, 0
42205, 8600, 0, 0, 0
42309, 7984, 0, 0, 0
42406, 9181, 0, 0, 0
42502, 9055, 0, 0, 0
42601, 8927, 0, 0, 0
42702, 9440, 0, 0, 0
42808, 9108, 0, 0, 0
42905, 8794, 0, 0, 0
43012, 8325, 0, 0, 0
43101, 7754, 0, 0, 0
43216, 7867, 0, 0, 0
43307, 9350, 0, 0, 0
43401, 9460, 0, 0, 0
43504, 9430, 0, 0, 0
43608, 8734, 0, 0, 0
43702, 9254, 0, 0, 0
43807, 9091, 0, 0, 0
43905, 8391, 0, 0, 0
44006, 9443, 0, 0, 0
44101, 8556, 0, 0, 0
44204, 8882, 0, 0, 0
44300, 7803, 0, 0, 0
44411, 10124, 0, 0, 0
44504, 10349, 0, 0, 0
44607, 9269, 0, 0, 0
44701, 11830, 0, 0, 0
44804, 9203, 0, 0, 0
44901, 10106, 0, 0, 0
45001, 9706, 0, 0, 0
45101, 8221, 0, 0, 0
45201, 12764, 0, 0, 0
45304, 9329, 0, 0, 0
45419, 12339, 0, 0, 0
45502, 9812, 0, 0, 0
45615, 8955, 0, 0, 0
45701, 9611, 0, 0, 0
45801, 8328, 0, 0, 0
45900, 8783, 0, 0, 0
46002, 9431, 0, 0, 0
46106, 8392, 0, 0, 0
46206, 8220, 0, 0, 0
46306, 9522, 0, 0, 0
46403, 8158, 0, 0, 0
46511, 8077, 0, 0, 0
46601, 8872, 0, 0, 0
46704, 10124, 0, 0, 0
46800, 10220, 0, 0, 0
46909, 9467, 0, 0, 0
47007, 9858, 0, 0, 0
47103, 12122, 0, 0, 0
47202, 9078, 0, 0, 0
47312, 10124, 0, 0, 0
47409, 9237, 0, 0, 0
47516, 11379, 0, 0, 0
47604, 10401, 0, 0, 0
47700, 11353, 0, 0, 0
47801, 11879, 0, 0, 0
47902, 10532, 0, 0, 0
48009, 10928, 0, 0, 0
48109, 9354, 0, 0, 0
48201, 11138, 0, 0, 0
48301, 7696, 0, 0, 0
48422, 9221, 0, 0, 0
48506, 9136, 0, 0, 0
48602, 7499, 0, 0, 0
48718, 9131, 0, 0, 0
48803, 11214, 0, 0, 0
48915, 9524, 0, 0, 0
49002, 8650, 0, 0, 0
49104, 8639, 0, 0, 0
49202, 9247, 0, 0, 0
49302, 9561, 0, 0, 0
49405, 8752, 0, 0, 0
49505, 9791, 0, 0, 0
49602, 9462, 0, 0, 0
49700, 8676, 0, 0, 0
49801, 9655, 0, 0, 0
49901, 8923, 0, 0, 0
50003, 8722, 0, 0, 0
50104, 11906, 0, 0, 0
50202, 7877, 0, 0, 0
50304, 10373, 0, 0, 0
50416, 11086, 0, 0, 0
50506, 10256, 0, 0, 0
50600, 9698, 0, 0, 0
50700, 8478, 0, 0, 0
50815, 9651, 0, 0, 0
50902, 10030, 0, 0, 0
51012, 13371, 0, 0, 0
51103, 9928, 0, 0, 0
51204, 11755, 0, 0, 0
51309, 10151, 0, 0, 0
51402, 9362, 0, 0, 0
51507, 8881, 0, 0, 0
51636, 9885, 0, 0, 0
51702, 7919, 0, 0, 0
51800, 8124, 0, 0, 0
51912, 9296, 0, 0, 0
52005, 8528, 0, 0, 0
52116, 9044, 0, 0, 0
52202, 9773, 0, 0, 0
52320, 8799, 0, 0, 0
52417, 8985, 0, 0, 0
52509, 10000, 0, 0, 0
52610, 11266, 0, 0, 0
52709, 9789, 0, 0, 0
52800, 12867, 0, 0, 0
52906, 11464, 0, 0, 0
53003, 8129, 0, 0, 0
53101, 12703, 0, 0, 0
53218, 10345, 0, 0, 0
53303, 8911, 0, 0, 0
53416, 9085, 0, 0, 0
53506, 9009, 0, 0, 0
53619, 8622, 0, 0, 0
53706, 9657, 0, 0, 0
53806, 9705, 0, 0, 0
53904, 9987, 0, 0, 0
54008, 11139, 0, 0, 0
54104, 10247, 0, 0, 0
54203, 8806, 0, 0, 0
54301, 9861, 0, 0, 0
54407, 10133, 0, 0, 0
54503, 11427, 0, 0, 0
54602, 9962, 0, 0, 0
54702, 10287, 0, 0, 0
54801, 9191, 0, 0, 0
54910, 7983, 0, 0, 0
55004, 11153, 0, 0, 0
55103, 8114, 0, 0, 0
55206, 10306, 0, 0, 0
55322, 10895, 0, 0, 0
55400, 10631, 0, 0, 0
55504, 10292, 0, 0, 0
55607, 10318, 0, 0, 0
55701, 11893, 0, 0, 0
55802, 12099, 0, 0, 0
55903, 12238, 0, 0, 0
56001, 11156, 0, 0, 0
56109, 9580, 0, 0, 0
56200, 10302, 0, 0, 0
56303, 10837, 0, 0, 0
56404, 10556, 0, 0, 0
56500, 11718, 0, 0, 0
56600, 13306, 0, 0, 0
56706, 8826, 0, 0, 0
56815, 10347, 0, 0, 0
56906, 11559, 0, 0, 0
57001, 9949, 0, 0, 0
57101, 9142, 0, 0, 0
57202, 9917, 0, 0, 0
57300, 9763, 0, 0, 0
57402, 11398, 0, 0, 0
57507, 11836, 0, 0, 0
57607, 11321, 0, 0, 0
57701, 10453, 0, 0, 0
57801, 10250, 0, 0, 0
57905, 8707, 0, 0, 0
58001, 10074, 0, 0, 0
58101, 10447, 0, 0, 0
58206, 9380, 0, 0, 0
58300, 9651, 0, 0, 0
58418, 10653, 0, 0, 0
58502, 9685, 0, 0, 0
58600, 10849, 0, 0, 0
58700, 9104, 0, 0, 0
58808, 9549, 0, 0, 0
58900, 9990, 0, 0, 0
59007, 9313, 0, 0, 0
59100, 8866, 0, 0, 0
59204, 8731, 0, 0, 0
59308, 9783, 0, 0, 0
59412, 9343, 0, 0, 0
59501, 8173, 0, 0, 0
59619, 9949, 0, 0, 0
59704, 10096, 0, 0, 0
59801, 8139, 0, 0, 0
59902, 8737, 0, 0, 0
60007, 7166, 0, 0, 0
