100, 9489319, 0, 0, 0
200, 7902256, 0, 0, 0
300, 7651805, 0, 0, 0
401, 9960065, 0, 0, 0
500, 10728186, 0, 0, 0
600, 8026781, 0, 0, 0
700, 12468320, 0, 0, 0
800, 5864567, 0, 0, 0
900, 8658252, 0, 0, 0
1000, 9450058, 0, 0, 0
1100, 8031711, 0, 0, 0
1200, 7646167, 0, 0, 0
1300, 12776716, 0, 0, 0
1400, 9354011, 0, 0, 0
1500, 6609093, 0, 0, 0
1606, 8392133, 0, 0, 0
1700, 12252420, 0, 0, 0
1800, 9100104, 0, 0, 0
1903, 12238771, 0, 0, 0
2000, 7058849, 0, 0, 0
2100, 7757187, 0, 0, 0
2200, 8042180, 0, 0, 0
2300, 9933330, 0, 0, 0
2400, 11842016, 0, 0, 0
2500, 6420902, 0, 0, 0
2600, 9067723, 0, 0, 0
2700, 8013056, 0, 0, 0
2800, 12646282, 0, 0, 0
2900, 6362581, 0, 0, 0
3000, 12982769, 0, 0, 0
3100, 6451032, 0, 0, 0
3200, 6369315, 0, 0, 0
3302, 8733630, 0, 0, 0
3400, 6849202, 0, 0, 0
3500, 7923154, 0, 0, 0
3600, 6665370, 0, 0, 0
3700, 7517307, 0, 0, 0
3800, 7122439, 0, 0, 0
3900, 8447552, 0, 0, 0
4000, 8639420, 0, 0, 0
4104, 7016192, 0, 0, 0
4200, 17871698, 0, 0, 0
4300, 9283845, 0, 0, 0
4400, 8614389, 0, 0, 0
4500, 8534821, 0, 0, 0
4600, 7619763, 0, 0, 0
4700, 9310654, 0, 0, 0
4800, 12233537, 0, 0, 0
4900, 10834539, 0, 0, 0
5000, 8695834, 0, 0, 0
5100, 6709326, 0, 0, 0
5200, 10968602, 0, 0, 0
5300, 6775063, 0, 0, 0
5400, 7842492, 0, 0, 0
5505, 6212751, 0, 0, 0
5600, 5715878, 0, 0, 0
5702, 7718107, 0, 0, 0
5800, 10957282, 0, 0, 0
5900, 12613492, 0, 0, 0
6002, 10792370, 0, 0, 0
6100, 15568595, 0, 0, 0
6200, 11510440, 0, 0, 0
6300, 10586813, 0, 0, 0
6400, 7471393, 0, 0, 0
6500, 6933570, 0, 0, 0
6600, 13170087, 0, 0, 0
6700, 7587676, 0, 0, 0
6806, 8698038, 0, 0, 0
6900, 9977991, 0, 0, 0
7000, 9618990, 0, 0, 0
7100, 8795486, 0, 0, 0
7200, 9550087, 0, 0, 0
7300, 9230618, 0, 0, 0
7400, 7978940, 0, 0, 0
7500, 6174772, 0, 0, 0
7600, 13342088, 0, 0, 0
7700, 9151290, 0, 0, 0
7800, 10233038, 0, 0, 0
7900, 7173717, 0, 0, 0
8000, 9378303, 0, 0, 0
8100, 5835924, 0, 0, 0
8200, 7326510, 0, 0, 0
8300, 10748944, 0, 0, 0
8402, 9277978, 0, 0, 0
8500, 9036935, 0, 0, 0
8600, 7385342, 0, 0, 0
8702, 8063146, 0, 0, 0
8800, 11286166, 0, 0, 0
8900, 9523718, 0, 0, 0
9000, 9969499, 0, 0, 0
9100, 10151478, 0, 0, 0
9200, 13094161, 0, 0, 0
9300, 10115532, 0, 0, 0
9400, 8008182, 0, 0, 0
9500, 10766645, 0, 0, 0
9601, 7226594, 0, 0, 0
9700, 13889856, 0, 0, 0
9800, 6954492, 0, 0, 0
9902, 10029234, 0, 0, 0
10000, 9013968, 0, 0, 0
10100, 6417711, 0, 0, 0
10200, 5348031, 0, 0, 0
10303, 16246895, 0, 0, 0
10400, 17129665, 0, 0, 0
10500, 10833492, 0, 0, 0
10607, 14244224, 0, 0, 0
10700, 8307534, 0, 0, 0
10800, 6771555, 0, 0, 0
10900, 7076921, 0, 0, 0
11000, 6832939, 0, 0, 0
11100, 8179623, 0, 0, 0
11200, 6279289, 0, 0, 0
11301, 8678077, 0, 0, 0
11400, 11672756, 0, 0, 0
11500, 7784867, 0, 0, 0
11600, 7565787, 0, 0, 0
11701, 9068998, 0, 0, 0
11800, 11436123, 0, 0, 0
11900, 13121407, 0, 0, 0
12000, 7143552, 0, 0, 0
12100, 7910072, 0, 0, 0
12200, 6181044, 0, 0, 0
12300, 11914869, 0, 0, 0
12400, 7464793, 0, 0, 0
12500, 7469786, 0, 0, 0
12600, 9992008, 0, 0, 0
12704, 9121383, 0, 0, 0
12800, 11535098, 0, 0, 0
12900, 8364493, 0, 0, 0
13000, 7908948, 0, 0, 0
13100, 38233426, 0, 0, 0
13200, 8206679, 0, 0, 0
13300, 9825165, 0, 0, 0
13410, 13909652, 0, 0, 0
13500, 8389398, 0, 0, 0
13600, 7600418, 0, 0, 0
13700, 13358787, 0, 0, 0
13800, 9651883, 0, 0, 0
13900, 5681623, 0, 0, 0
14000, 9175780, 0, 0, 0
14100, 8922297, 0, 0, 0
14200, 6001619, 0, 0, 0
14300, 6034137, 0, 0, 0
14400, 7666750, 0, 0, 0
14500, 10405027, 0, 0, 0
14600, 10687637, 0, 0, 0
14700, 6977050, 0, 0, 0
14800, 7395762, 0, 0, 0
14904, 5877994, 0, 0, 0
15000, 9035954, 0, 0, 0
15100, 8611143, 0, 0, 0
15200, 9731083, 0, 0, 0
15301, 9016138, 0, 0, 0
15420, 22285173, 0, 0, 0
15500, 9834550, 0, 0, 0
15600, 13847052, 0, 0, 0
15700, 6878742, 0, 0, 0
15800, 7450964, 0, 0, 0
15900, 10843377, 0, 0, 0
16000, 6667243, 0, 0, 0
16100, 8334839, 0, 0, 0
16200, 12652500, 0, 0, 0
16300, 7592146, 0, 0, 0
16400, 8175948, 0, 0, 0
16500, 9436453, 0, 0, 0
16600, 22024744, 0, 0, 0
16700, 10761588, 0, 0, 0
16800, 7092131, 0, 0, 0
16900, 14141306, 0, 0, 0
17000, 12346514, 0, 0, 0
17100, 8534168, 0, 0, 0
17200, 7934742, 0, 0, 0
17300, 5325171, 0, 0, 0
17403, 15625521, 0, 0, 0
17500, 10312465, 0, 0, 0
17601, 6095306, 0, 0, 0
17700, 8876548, 0, 0, 0
17800, 5737244, 0, 0, 0
17900, 6098780, 0, 0, 0
18000, 11823280, 0, 0, 0
18100, 7327240, 0, 0, 0
18200, 12415597, 0, 0, 0
18300, 8148651, 0, 0, 0
18400, 7318373, 0, 0, 0
18503, 8038578, 0, 0, 0
18600, 10548094, 0, 0, 0
18700, 12677255, 0, 0, 0
18800, 9857989, 0, 0, 0
18900, 7670703, 0, 0, 0
19008, 7584119, 0, 0, 0
19100, 17354311, 0, 0, 0
19200, 12707391, 0, 0, 0
19300, 5234808, 0, 0, 0
19400, 10143099, 0, 0, 0
19500, 8669672, 0, 0, 0
19612, 7474658, 0, 0, 0
19700, 7299742, 0, 0, 0
19800, 6165606, 0, 0, 0
19900, 9135390, 0, 0, 0
20000, 8579315, 0, 0, 0
20100, 8209673, 0, 0, 0
20200, 7600451, 0, 0, 0
20300, 10523930, 0, 0, 0
20400, 10159420, 0, 0, 0
20500, 9553219, 0, 0, 0
20600, 12881550, 0, 0, 0
20700, 10168212, 0, 0, 0
20806, 6930188, 0, 0, 0
20900, 10081126, 0, 0, 0
21000, 8702307, 0, 0, 0
21100, 11510892, 0, 0, 0
21201, 9749555, 0, 0, 0
21300, 8579468, 0, 0, 0
21400, 8715072, 0, 0, 0
21500, 6775899, 0, 0, 0
21600, 11787769, 0, 0, 0
21700, 8230677, 0, 0, 0
21800, 9100906, 0, 0, 0
21900, 7666079, 0, 0, 0
22000, 12498893, 0, 0, 0
22100, 8638110, 0, 0, 0
22200, 7475185, 0, 0, 0
22300, 7194840, 0, 0, 0
22400, 6498069, 0, 0, 0
22500, 7971977, 0, 0, 0
22600, 6673020, 0, 0, 0
22701, 6627431, 0, 0, 0
22800, 10068246, 0, 0, 0
22900, 7064391, 0, 0, 0
23000, 10326387, 0, 0, 0
23100, 6906350, 0, 0, 0
23200, 6776851, 0, 0, 0
23300, 10734392, 0, 0, 0
23400, 10912242, 0, 0, 0
23500, 8092971, 0, 0, 0
23600, 7064782, 0, 0, 0
23700, 6830503, 0, 0, 0
23800, 7522266, 0, 0, 0
23900, 11664042, 0, 0, 0
24000, 8709764, 0, 0, 0
24100, 7555243, 0, 0, 0
24200, 7972717, 0, 0, 0
24300, 8055942, 0, 0, 0
24400, 13422976, 0, 0, 0
24500, 7853687, 0, 0, 0
24600, 8590731, 0, 0, 0
24700, 7836425, 0, 0, 0
24800, 5796793, 0, 0, 0
24900, 9570674, 0, 0, 0
25000, 9742422, 0, 0, 0
25100, 8290766, 0, 0, 0
25200, 8323385, 0, 0, 0
25300, 9500676, 0, 0, 0
25400, 10260697, 0, 0, 0
25501, 11783011, 0, 0, 0
25600, 10274117, 0, 0, 0
25700, 6761083, 0, 0, 0
25800, 9080340, 0, 0, 0
25900, 7011434, 0, 0, 0
26001, 12745981, 0, 0, 0
26100, 9142051, 0, 0, 0
26200, 7289271, 0, 0, 0
26300, 8516122, 0, 0, 0
26401, 5036195, 0, 0, 0
26500, 8614369, 0, 0, 0
26600, 7397958, 0, 0, 0
26700, 9445318, 0, 0, 0
26800, 6910087, 0, 0, 0
26900, 6817457, 0, 0, 0
27000, 6657395, 0, 0, 0
27100, 7484468, 0, 0, 0
27200, 6908286, 0, 0, 0
27300, 5585563, 0, 0, 0
27441, 12289457, 0, 0, 0
27500, 28507318, 0, 0, 0
27600, 8347344, 0, 0, 0
27700, 10898498, 0, 0, 0
27800, 5939434, 0, 0, 0
27900, 12187508, 0, 0, 0
28000, 15323345, 0, 0, 0
28100, 8726267, 0, 0, 0
28200, 6304001, 0, 0, 0
28300, 13292948, 0, 0, 0
28400, 9934861, 0, 0, 0
28500, 6942745, 0, 0, 0
28600, 8723822, 0, 0, 0
28700, 8086056, 0, 0, 0
28800, 10443051, 0, 0, 0
28900, 9452945, 0, 0, 0
29000, 6526552, 0, 0, 0
29100, 12312606, 0, 0, 0
29200, 8615706, 0, 0, 0
29300, 8776144, 0, 0, 0
29400, 6024264, 0, 0, 0
29500, 9109408, 0, 0, 0
29600, 7007365, 0, 0, 0
29700, 9391327, 0, 0, 0
29803, 6266024, 0, 0, 0
29903, 12362270, 0, 0, 0
30000, 8168313, 0, 0, 0
30100, 7266389, 0, 0, 0
30200, 7803100, 0, 0, 0
30300, 7896738, 0, 0, 0
30400, 7257903, 0, 0, 0
30500, 7642091, 0, 0, 0
30600, 9078496, 0, 0, 0
30700, 9049951, 0, 0, 0
30800, 10213526, 0, 0, 0
30900, 7415138, 0, 0, 0
31000, 7432604, 0, 0, 0
31100, 11428169, 0, 0, 0
31200, 9820436, 0, 0, 0
31300, 6605397, 0, 0, 0
31400, 11000566, 0, 0, 0
31500, 6855883, 0, 0, 0
31601, 7090817, 0, 0, 0
31700, 8413676, 0, 0, 0
31800, 11841065, 0, 0, 0
31900, 6569118, 0, 0, 0
32000, 7849946, 0, 0, 0
32107, 9403426, 0, 0, 0
32200, 14132987, 0, 0, 0
32300, 6763743, 0, 0, 0
32400, 6470313, 0, 0, 0
32500, 7853027, 0, 0, 0
32600, 11016023, 0, 0, 0
32700, 9298476, 0, 0, 0
32800, 8255448, 0, 0, 0
32900, 6155386, 0, 0, 0
33000, 4303758, 0, 0, 0
33100, 9123850, 0, 0, 0
33200, 10017270, 0, 0, 0
33300, 20082931, 0, 0, 0
33400, 8834142, 0, 0, 0
33500, 8196954, 0, 0, 0
33600, 6334045, 0, 0, 0
33700, 7654775, 0, 0, 0
33800, 7543842, 0, 0, 0
33900, 7561760, 0, 0, 0
34000, 14408954, 0, 0, 0
34100, 5656110, 0, 0, 0
34200, 7006367, 0, 0, 0
34300, 8023586, 0, 0, 0
34400, 9155972, 0, 0, 0
34500, 5859736, 0, 0, 0
34600, 5695603, 0, 0, 0
34700, 6133442, 0, 0, 0
34800, 11636413, 0, 0, 0
34900, 8050599, 0, 0, 0
35000, 11581708, 0, 0, 0
35100, 8620519, 0, 0, 0
35200, 7158855, 0, 0, 0
35300, 8472800, 0, 0, 0
35400, 8213377, 0, 0, 0
35500, 7635690, 0, 0, 0
35600, 11976322, 0, 0, 0
35700, 7772874, 0, 0, 0
35800, 5215175, 0, 0, 0
35912, 7601192, 0, 0, 0
36000, 9681307, 0, 0, 0
36100, 9347353, 0, 0, 0
36200, 9129014, 0, 0, 0
36302, 10042002, 0, 0, 0
36400, 7166668, 0, 0, 0
36500, 9357733, 0, 0, 0
36600, 7648727, 0, 0, 0
36700, 9137955, 0, 0, 0
36800, 10257626, 0, 0, 0
36900, 5980015, 0, 0, 0
37000, 6060242, 0, 0, 0
37100, 8488125, 0, 0, 0
37200, 8800895, 0, 0, 0
37301, 7110043, 0, 0, 0
37400, 8988070, 0, 0, 0
37500, 11843336, 0, 0, 0
37600, 9094013, 0, 0, 0
37700, 8715272, 0, 0, 0
37801, 7734341, 0, 0, 0
37900, 24606321, 0, 0, 0
38000, 9792990, 0, 0, 0
38100, 6187273, 0, 0, 0
38222, 11877737, 0, 0, 0
38300, 15144607, 0, 0, 0
38400, 9295624, 0, 0, 0
38500, 8495028, 0, 0, 0
38600, 7716720, 0, 0, 0
38700, 5958167, 0, 0, 0
38800, 6080707, 0, 0, 0
38900, 10172401, 0, 0, 0
39000, 11158516, 0, 0, 0
39100, 8460683, 0, 0, 0
39200, 5876101, 0, 0, 0
39300, 8640591, 0, 0, 0
39400, 5885465, 0, 0, 0
39500, 7617177, 0, 0, 0
39603, 6935846, 0, 0, 0
39700, 9703286, 0, 0, 0
39800, 7225975, 0, 0, 0
39900, 8175848, 0, 0, 0
40000, 8545763, 0, 0, 0
40100, 8498827, 0, 0, 0
40200, 9447979, 0, 0, 0
40300, 6486170, 0, 0, 0
40400, 7869096, 0, 0, 0
40500, 8891069, 0, 0, 0
40600, 5951431, 0, 0, 0
40700, 7188889, 0, 0, 0
40800, 7755845, 0, 0, 0
40902, 8760426, 0, 0, 0
41000, 14532734, 0, 0, 0
41100, 6360998, 0, 0, 0
41200, 7747529, 0, 0, 0
41301, 9309983, 0, 0, 0
41400, 6841079, 0, 0, 0
41500, 9151392, 0, 0, 0
41601, 9299372, 0, 0, 0
41711, 7620329, 0, 0, 0
41800, 9165597, 0, 0, 0
41900, 7111763, 0, 0, 0
42000, 7406443, 0, 0, 0
42100, 8268035, 0, 0, 0
42200, 9461864, 0, 0, 0
42300, 7293509, 0, 0, 0
42401, 5728955, 0, 0, 0
42500, 8771394, 0, 0, 0
42600, 13615273, 0, 0, 0
42700, 9849865, 0, 0, 0
42802, 6171193, 0, 0, 0
42900, 11259372, 0, 0, 0
43000, 7659367, 0, 0, 0
43100, 10119684, 0, 0, 0
43200, 6268227, 0, 0, 0
43300, 9009036, 0, 0, 0
43400, 7108301, 0, 0, 0
43500, 11570529, 0, 0, 0
43600, 7450902, 0, 0, 0
43700, 7160433, 0, 0, 0
43800, 8088064, 0, 0, 0
43900, 6477697, 0, 0, 0
44000, 5962266, 0, 0, 0
44100, 10021594, 0, 0, 0
44200, 10296528, 0, 0, 0
44300, 9274590, 0, 0, 0
44400, 7131696, 0, 0, 0
44500, 10990902, 0, 0, 0
44600, 8901294, 0, 0, 0
44700, 8095211, 0, 0, 0
44800, 8469433, 0, 0, 0
44900, 7943099, 0, 0, 0
45000, 6827854, 0, 0, 0
45103, 7872681, 0, 0, 0
45201, 9192131, 0, 0, 0
45300, 8003113, 0, 0, 0
45400, 9702669, 0, 0, 0
45500, 7795758, 0, 0, 0
45600, 7642343, 0, 0, 0
45700, 6716352, 0, 0, 0
45800, 7486433, 0, 0, 0
45900, 7242286, 0, 0, 0
46000, 9403826, 0, 0, 0
46100, 8081202, 0, 0, 0
46200, 8143117, 0, 0, 0
46300, 11119191, 0, 0, 0
46400, 7274945, 0, 0, 0
46500, 10432749, 0, 0, 0
46600, 6413150, 0, 0, 0
46700, 7080453, 0, 0, 0
46800, 7728980, 0, 0, 0
46900, 8640267, 0, 0, 0
47000, 12512984, 0, 0, 0
47100, 7164642, 0, 0, 0
47200, 7880248, 0, 0, 0
47300, 10485889, 0, 0, 0
47400, 12016891, 0, 0, 0
47500, 9209269, 0, 0, 0
47600, 9516833, 0, 0, 0
47700, 7363506, 0, 0, 0
47800, 5494023, 0, 0, 0
47900, 14490625, 0, 0, 0
48000, 14785189, 0, 0, 0
48100, 9763106, 0, 0, 0
48200, 6726239, 0, 0, 0
48300, 9449712, 0, 0, 0
48400, 11326688, 0, 0, 0
48502, 15762112, 0, 0, 0
48600, 19536061, 0, 0, 0
48700, 7593162, 0, 0, 0
48800, 7289415, 0, 0, 0
48900, 7524274, 0, 0, 0
49000, 7236485, 0, 0, 0
49100, 8049679, 0, 0, 0
49200, 8142395, 0, 0, 0
49300, 6921885, 0, 0, 0
49400, 8133269, 0, 0, 0
49511, 9539525, 0, 0, 0
49600, 57134458, 0, 0, 0
49700, 10573886, 0, 0, 0
49800, 16141837, 0, 0, 0
49900, 9738133, 0, 0, 0
50000, 5696635, 0, 0, 0
50100, 7332610, 0, 0, 0
50200, 9516708, 0, 0, 0
50302, 7609933, 0, 0, 0
50400, 7336486, 0, 0, 0
50500, 6734929, 0, 0, 0
50600, 12487463, 0, 0, 0
50700, 5203709, 0, 0, 0
50800, 7127184, 0, 0, 0
50900, 12656621, 0, 0, 0
51000, 24795637, 0, 0, 0
51100, 10467626, 0, 0, 0
51200, 8341932, 0, 0, 0
51300, 8938666, 0, 0, 0
51419, 8545018, 0, 0, 0
51500, 9122083, 0, 0, 0
51600, 6257747, 0, 0, 0
51700, 10514733, 0, 0, 0
51800, 6683592, 0, 0, 0
51900, 7222421, 0, 0, 0
52000, 6934350, 0, 0, 0
52100, 7450386, 0, 0, 0
52200, 9048695, 0, 0, 0
52301, 8518242, 0, 0, 0
52400, 8958588, 0, 0, 0
52500, 7798006, 0, 0, 0
52600, 8232408, 0, 0, 0
52700, 10204615, 0, 0, 0
52801, 8251919, 0, 0, 0
52900, 11127188, 0, 0, 0
53000, 15546402, 0, 0, 0
53100, 8405403, 0, 0, 0
53200, 9027330, 0, 0, 0
53300, 9587132, 0, 0, 0
53400, 11718738, 0, 0, 0
53500, 8056333, 0, 0, 0
53600, 11299868, 0, 0, 0
53700, 9115831, 0, 0, 0
53800, 8554625, 0, 0, 0
53900, 8669519, 0, 0, 0
54000, 8277387, 0, 0, 0
54100, 9071422, 0, 0, 0
54201, 9198962, 0, 0, 0
54300, 8419437, 0, 0, 0
54400, 7230714, 0, 0, 0
54500, 13882866, 0, 0, 0
54600, 8229024, 0, 0, 0
54700, 6905647, 0, 0, 0
54800, 8114596, 0, 0, 0
54900, 11000274, 0, 0, 0
55000, 9050664, 0, 0, 0
55100, 8668563, 0, 0, 0
55200, 8682709, 0, 0, 0
55300, 6890965, 0, 0, 0
55400, 9549182, 0, 0, 0
55501, 8081063, 0, 0, 0
55601, 15732366, 0, 0, 0
55700, 9417838, 0, 0, 0
55800, 9228374, 0, 0, 0
55900, 9587139, 0, 0, 0
56017, 14890018, 0, 0, 0
56100, 10685227, 0, 0, 0
56200, 26638314, 0, 0, 0
56301, 8877462, 0, 0, 0
56401, 13731179, 0, 0, 0
56500, 9153643, 0, 0, 0
56600, 8852682, 0, 0, 0
56700, 8950467, 0, 0, 0
56800, 10737696, 0, 0, 0
56900, 10390688, 0, 0, 0
57005, 8062113, 0, 0, 0
57100, 9111109, 0, 0, 0
57200, 9070820, 0, 0, 0
57300, 16424537, 0, 0, 0
57401, 9092065, 0, 0, 0
57500, 6742100, 0, 0, 0
57600, 10108837, 0, 0, 0
57700, 11098678, 0, 0, 0
57800, 7940406, 0, 0, 0
57900, 8836634, 0, 0, 0
58001, 7704243, 0, 0, 0
58100, 7385717, 0, 0, 0
58200, 17612280, 0, 0, 0
58300, 8020925, 0, 0, 0
58400, 7982049, 0, 0, 0
58500, 11698457, 0, 0, 0
58600, 8342929, 0, 0, 0
58704, 7967906, 0, 0, 0
58800, 8544666, 0, 0, 0
58900, 10135317, 0, 0, 0
59000, 7403899, 0, 0, 0
59100, 10554609, 0, 0, 0
59200, 7272276, 0, 0, 0
59300, 5305729, 0, 0, 0
59400, 10863015, 0, 0, 0
59502, 8119830, 0, 0, 0
59600, 18904759, 0, 0, 0
59700, 8382691, 0, 0, 0
59800, 12657218, 0, 0, 0
59900, 7613797, 0, 0, 0
60000, 9173430, 0, 0, 0
60100, 6242971, 0, 0, 0
60200, 8987500, 0, 0, 0
60300, 7608950, 0, 0, 0
60400, 10181345, 0, 0, 0
60500, 11068906, 0, 0, 0
60600, 7970980, 0, 0, 0
60700, 6402582, 0, 0, 0
60800, 7305305, 0, 0, 0
60916, 11716245, 0, 0, 0
61000, 10989799, 0, 0, 0
61100, 7429907, 0, 0, 0
61200, 11154935, 0, 0, 0
61300, 16517709, 0, 0, 0
61400, 9189244, 0, 0, 0
61500, 8871141, 0, 0, 0
61600, 9884652, 0, 0, 0
61700, 21177540, 0, 0, 0
61800, 10132974, 0, 0, 0
61900, 7721154, 0, 0, 0
62000, 8394103, 0, 0, 0
62100, 12361068, 0, 0, 0
62200, 9507061, 0, 0, 0
62300, 13755858, 0, 0, 0
62400, 8455208, 0, 0, 0
62500, 8288177, 0, 0, 0
62600, 8495290, 0, 0, 0
62700, 10013511, 0, 0, 0
62800, 8264522, 0, 0, 0
62900, 8436596, 0, 0, 0
63000, 7349965, 0, 0, 0
63100, 8137176, 0, 0, 0
63200, 11211497, 0, 0, 0
63300, 6744305, 0, 0, 0
63400, 7228692, 0, 0, 0
63500, 11576003, 0, 0, 0
63601, 8069486, 0, 0, 0
63702, 7510827, 0, 0, 0
63800, 11395194, 0, 0, 0
63900, 8254264, 0, 0, 0
64000, 8030904, 0, 0, 0
64100, 5360060, 0, 0, 0
64200, 13481066, 0, 0, 0
64300, 17771983, 0, 0, 0
64405, 7210422, 0, 0, 0
64500, 9588517, 0, 0, 0
64600, 9666542, 0, 0, 0
64713, 7839955, 0, 0, 0
64811, 16542713, 0, 0, 0
64900, 11138797, 0, 0, 0
65000, 6114898, 0, 0, 0
65100, 11740268, 0, 0, 0
65207, 11689018, 0, 0, 0
65300, 9515539, 0, 0, 0
65400, 7071330, 0, 0, 0
65500, 7852082, 0, 0, 0
65600, 11582668, 0, 0, 0
65700, 13862457, 0, 0, 0
65800, 7758819, 0, 0, 0
65900, 9553248, 0, 0, 0
66000, 8262890, 0, 0, 0
66101, 7659277, 0, 0, 0
66200, 6381367, 0, 0, 0
66303, 11420261, 0, 0, 0
66400, 11219345, 0, 0, 0
66500, 10105770, 0, 0, 0
66600, 7721574, 0, 0, 0
66700, 7706356, 0, 0, 0
66800, 11213692, 0, 0, 0
66900, 6195301, 0, 0, 0
67000, 8508731, 0, 0, 0
67100, 7967357, 0, 0, 0
67200, 7148804, 0, 0, 0
67300, 17404021, 0, 0, 0
67407, 8265194, 0, 0, 0
67500, 10402164, 0, 0, 0
67600, 10008191, 0, 0, 0
67701, 6655322, 0, 0, 0
67800, 8059462, 0, 0, 0
67900, 8224532, 0, 0, 0
68000, 13692981, 0, 0, 0
68108, 14296392, 0, 0, 0
68200, 13894689, 0, 0, 0
68300, 8336506, 0, 0, 0
68400, 8277807, 0, 0, 0
68500, 11653058, 0, 0, 0
68600, 8484884, 0, 0, 0
68700, 10003818, 0, 0, 0
68802, 7211828, 0, 0, 0
68900, 7281389, 0, 0, 0
69001, 8262479, 0, 0, 0
69100, 10297299, 0, 0, 0
69200, 6771743, 0, 0, 0
69300, 7546596, 0, 0, 0
69400, 10047834, 0, 0, 0
69501, 8475058, 0, 0, 0
69600, 10473412, 0, 0, 0
69700, 11194501, 0, 0, 0
69802, 10370421, 0, 0, 0
69900, 13049630, 0, 0, 0
70000, 8622359, 0, 0, 0
70100, 5227940, 0, 0, 0
70200, 13817934, 0, 0, 0
70300, 8840772, 0, 0, 0
70400, 7956016, 0, 0, 0
70543, 14446885, 0, 0, 0
70600, 16386856, 0, 0, 0
70709, 8273202, 0, 0, 0
70800, 17093112, 0, 0, 0
70915, 12042584, 0, 0, 0
71000, 10738731, 0, 0, 0
71100, 8626792, 0, 0, 0
71200, 9181638, 0, 0, 0
71300, 9940608, 0, 0, 0
71400, 9391344, 0, 0, 0
71500, 7398160, 0, 0, 0
71600, 8293145, 0, 0, 0
71700, 16205530, 0, 0, 0
71800, 7408880, 0, 0, 0
71900, 9098489, 0, 0, 0
72000, 6857308, 0, 0, 0
72100, 7421640, 0, 0, 0
72200, 7210963, 0, 0, 0
72300, 8389190, 0, 0, 0
72400, 11693185, 0, 0, 0
72509, 7919311, 0, 0, 0
72600, 12907746, 0, 0, 0
72701, 7192163, 0, 0, 0
72800, 11031508, 0, 0, 0
72900, 7619531, 0, 0, 0
73000, 8357388, 0, 0, 0
73100, 6961798, 0, 0, 0
73200, 7705126, 0, 0, 0
73300, 7337066, 0, 0, 0
73413, 11303223, 0, 0, 0
73500, 10222053, 0, 0, 0
73600, 6953961, 0, 0, 0
73700, 9820336, 0, 0, 0
73800, 7553135, 0, 0, 0
73900, 8679792, 0, 0, 0
74000, 14033423, 0, 0, 0
74100, 5818794, 0, 0, 0
74200, 13292739, 0, 0, 0
74300, 9335282, 0, 0, 0
74400, 11401089, 0, 0, 0
74500, 7860985, 0, 0, 0
74600, 7421762, 0, 0, 0
74700, 7220067, 0, 0, 0
74800, 7444936, 0, 0, 0
74900, 11312837, 0, 0, 0
75000, 7442502, 0, 0, 0
75100, 9976876, 0, 0, 0
75200, 10265634, 0, 0, 0
75300, 14991369, 0, 0, 0
75410, 7490030, 0, 0, 0
75500, 15111910, 0, 0, 0
75603, 9515160, 0, 0, 0
75700, 10952442, 0, 0, 0
75800, 17584717, 0, 0, 0
75900, 8003790, 0, 0, 0
76000, 9373423, 0, 0, 0
76105, 18895172, 0, 0, 0
76200, 9063011, 0, 0, 0
76300, 6933678, 0, 0, 0
76400, 10106907, 0, 0, 0
76500, 7764879, 0, 0, 0
76600, 12822959, 0, 0, 0
76700, 6274952, 0, 0, 0
76801, 6550064, 0, 0, 0
76900, 8800040, 0, 0, 0
77000, 7129031, 0, 0, 0
77100, 7877146, 0, 0, 0
77201, 5730281, 0, 0, 0
77306, 8145834, 0, 0, 0
77400, 11170249, 0, 0, 0
77501, 10900249, 0, 0, 0
77600, 10111830, 0, 0, 0
77700, 11039610, 0, 0, 0
77800, 8832306, 0, 0, 0
77900, 13013320, 0, 0, 0
78004, 7638243, 0, 0, 0
78100, 8294354, 0, 0, 0
78200, 11934308, 0, 0, 0
78305, 6124403, 0, 0, 0
78400, 7713967, 0, 0, 0
78509, 6506740, 0, 0, 0
78600, 9680338, 0, 0, 0
78746, 51437438, 0, 0, 0
78800, 15889803, 0, 0, 0
78900, 7108247, 0, 0, 0
79003, 7766437, 0, 0, 0
79100, 19959776, 0, 0, 0
79200, 6980519, 0, 0, 0
79300, 7051718, 0, 0, 0
79401, 11762905, 0, 0, 0
79500, 8376159, 0, 0, 0
79600, 15635261, 0, 0, 0
79700, 11522414, 0, 0, 0
79800, 15591423, 0, 0, 0
79900, 9131688, 0, 0, 0
80000, 7968226, 0, 0, 0
80100, 7702225, 0, 0, 0
80200, 8681991, 0, 0, 0
80300, 6216992, 0, 0, 0
80400, 6166693, 0, 0, 0
80500, 6560577, 0, 0, 0
80600, 6158948, 0, 0, 0
80700, 7180937, 0, 0, 0
80800, 7394111, 0, 0, 0
80900, 8589599, 0, 0, 0
81000, 6516158, 0, 0, 0
81100, 6684720, 0, 0, 0
81200, 8085255, 0, 0, 0
81300, 9740281, 0, 0, 0
81400, 6599938, 0, 0, 0
81500, 12962808, 0, 0, 0
81600, 6875939, 0, 0, 0
81700, 9108164, 0, 0, 0
81800, 7378887, 0, 0, 0
81900, 8917353, 0, 0, 0
82000, 8848227, 0, 0, 0
82100, 7803251, 0, 0, 0
82200, 17668183, 0, 0, 0
82300, 10827902, 0, 0, 0
82410, 6969530, 0, 0, 0
82500, 19656949, 0, 0, 0
82600, 9744019, 0, 0, 0
82700, 8451859, 0, 0, 0
82800, 11582290, 0, 0, 0
82900, 18624293, 0, 0, 0
83000, 9967224, 0, 0, 0
83100, 8589784, 0, 0, 0
83200, 9952311, 0, 0, 0
83300, 15689732, 0, 0, 0
83400, 7691882, 0, 0, 0
83500, 8991049, 0, 0, 0
83600, 5718568, 0, 0, 0
83700, 11323843, 0, 0, 0
83800, 8732589, 0, 0, 0
83900, 7643754, 0, 0, 0
84000, 10289968, 0, 0, 0
84100, 6769873, 0, 0, 0
84200, 10602274, 0, 0, 0
84300, 11903146, 0, 0, 0
84409, 6610595, 0, 0, 0
84500, 11048187, 0, 0, 0
84600, 9252795, 0, 0, 0
84700, 7647397, 0, 0, 0
84800, 9745940, 0, 0, 0
84900, 8595554, 0, 0, 0
85002, 7255610, 0, 0, 0
85108, 9886892, 0, 0, 0
85201, 11110328, 0, 0, 0
85301, 10092213, 0, 0, 0
85400, 8614353, 0, 0, 0
85500, 10438199, 0, 0, 0
85600, 8481766, 0, 0, 0
85703, 6328325, 0, 0, 0
85800, 7522174, 0, 0, 0
85900, 8617163, 0, 0, 0
86000, 9686558, 0, 0, 0
86100, 9000406, 0, 0, 0
86200, 11283482, 0, 0, 0
86300, 6335939, 0, 0, 0
86400, 8761061, 0, 0, 0
86500, 9464949, 0, 0, 0
86600, 11011574, 0, 0, 0
86700, 6147117, 0, 0, 0
86800, 8796278, 0, 0, 0
86900, 7355875, 0, 0, 0
87000, 7014505, 0, 0, 0
87101, 8818954, 0, 0, 0
87200, 7369507, 0, 0, 0
87300, 8033696, 0, 0, 0
87400, 10551671, 0, 0, 0
87500, 10082748, 0, 0, 0
87600, 8214717, 0, 0, 0
87702, 7046294, 0, 0, 0
87800, 19962121, 0, 0, 0
87901, 9975474, 0, 0, 0
88000, 7038628, 0, 0, 0
88100, 9895383, 0, 0, 0
88200, 6156945, 0, 0, 0
88300, 6687802, 0, 0, 0
88400, 7894595, 0, 0, 0
88500, 6559619, 0, 0, 0
88600, 9414135, 0, 0, 0
88700, 6856320, 0, 0, 0
88800, 13534326, 0, 0, 0
88900, 8202463, 0, 0, 0
89000, 6631211, 0, 0, 0
89101, 8565307, 0, 0, 0
89200, 10585525, 0, 0, 0
89300, 9619319, 0, 0, 0
89400, 7357546, 0, 0, 0
89504, 17638355, 0, 0, 0
89600, 9574950, 0, 0, 0
89700, 8247088, 0, 0, 0
89800, 6729548, 0, 0, 0
89900, 6153825, 0, 0, 0
90000, 8550492, 0, 0, 0
90008, 19481040, 0, 0, 0
