103, 10367, 0, 0, 0
208, 10116, 0, 0, 0
303, 9003, 0, 0, 0
400, 8416, 0, 0, 0
500, 8454, 0, 0, 0
605, 9901, 0, 0, 0
702, 8747, 0, 0, 0
802, 7923, 0, 0, 0
906, 8180, 0, 0, 0
1005, 8256, 0, 0, 0
1100, 8391, 0, 0, 0
1203, 8363, 0, 0, 0
1303, 8647, 0, 0, 0
1401, 8088, 0, 0, 0
1500, 8769, 0, 0, 0
1600, 8997, 0, 0, 0
1704, 8124, 0, 0, 0
1806, 8406, 0, 0, 0
1909, 8752, 0, 0, 0
2000, 8474, 0, 0, 0
2109, 9086, 0, 0, 0
2205, 9330, 0, 0, 0
2314, 8662, 0, 0, 0
2404, 8714, 0, 0, 0
2500, 7824, 0, 0, 0
2611, 8142, 0, 0, 0
2705, 13376, 0, 0, 0
2800, 11951, 0, 0, 0
2909, 8943, 0, 0, 0
3007, 9485, 0, 0, 0
3106, 12510, 0, 0, 0
3200, 9165, 0, 0, 0
3301, 9552, 0, 0, 0
3407, 8258, 0, 0, 0
3502, 8586, 0, 0, 0
3600, 9101, 0, 0, 0
3709, 8303, 0, 0, 0
3801, 11701, 0, 0, 0
3900, 9059, 0, 0, 0
4006, 8111, 0, 0, 0
4106, 8764, 0, 0, 0
4200, 9352, 0, 0, 0
4305, 8138, 0, 0, 0
4400, 7110, 0, 0, 0
4500, 8358, 0, 0, 0
4605, 7781, 0, 0, 0
4700, 9049, 0, 0, 0
4803, 10266, 0, 0, 0
4902, 10602, 0, 0, 0
5004, 9377, 0, 0, 0
5102, 7962, 0, 0, 0
5202, 9179, 0, 0, 0
5300, 8454, 0, 0, 0
5407, 10076, 0, 0, 0
5502, 9380, 0, 0, 0
5604, 9145, 0, 0, 0
5701, 8639, 0, 0, 0
5803, 8443, 0, 0, 0
5903, 8315, 0, 0, 0
6002, 7925, 0, 0, 0
6101, 8642, 0, 0, 0
6200, 8988, 0, 0, 0
6301, 10335, 0, 0, 0
6401, 9127, 0, 0, 0
6502, 8131, 0, 0, 0
6601, 8710, 0, 0, 0
6700, 8530, 0, 0, 0
6801, 7453, 0, 0, 0
6905, 7512, 0, 0, 0
7008, 8031, 0, 0, 0
7103, 7999, 0, 0, 0
7210, 8183, 0, 0, 0
7302, 8136, 0, 0, 0
7409, 7738, 0, 0, 0
7508, 9543, 0, 0, 0
7603, 8602, 0, 0, 0
7702, 7975, 0, 0, 0
7804, 9258, 0, 0, 0
7907, 10142, 0, 0, 0
8015, 9096, 0, 0, 0
8102, 8720, 0, 0, 0
8202, 9520, 0, 0, 0
8301, 8175, 0, 0, 0
8404, 8795, 0, 0, 0
8504, 7775, 0, 0, 0
8607, 8943, 0, 0, 0
8701, 8105, 0, 0, 0
8802, 7326, 0, 0, 0
8904, 8124, 0, 0, 0
9000, 8416, 0, 0, 0
9104, 8260, 0, 0, 0
9201, 7161, 0, 0, 0
9302, 8395, 0, 0, 0
9410, 8054, 0, 0, 0
9501, 8413, 0, 0, 0
9602, 8633, 0, 0, 0
9704, 8369, 0, 0, 0
9803, 8080, 0, 0, 0
9917, 8154, 0, 0, 0
10000, 8243, 0, 0, 0
10102, 8100, 0, 0, 0
10200, 8606, 0, 0, 0
10306, 8426, 0, 0, 0
10401, 8887, 0, 0, 0
10502, 8845, 0, 0, 0
10601, 8981, 0, 0, 0
10705, 9341, 0, 0, 0
10807, 9027, 0, 0, 0
10902, 8764, 0, 0, 0
11003, 9464, 0, 0, 0
11101, 9155, 0, 0, 0
11205, 9227, 0, 0, 0
11303, 8908, 0, 0, 0
11407, 8083, 0, 0, 0
11500, 8311, 0, 0, 0
11604, 8521, 0, 0, 0
11704, 9194, 0, 0, 0
11803, 8032, 0, 0, 0
11903, 9121, 0, 0, 0
12004, 7851, 0, 0, 0
12101, 7710, 0, 0, 0
12208, 9382, 0, 0, 0
12303, 7869, 0, 0, 0
12401, 8688, 0, 0, 0
12501, 8265, 0, 0, 0
12602, 8597, 0, 0, 0
12711, 9029, 0, 0, 0
12802, 9220, 0, 0, 0
12901, 9024, 0, 0, 0
13003, 8395, 0, 0, 0
13102, 8013, 0, 0, 0
13208, 8933, 0, 0, 0
13300, 8148, 0, 0, 0
13406, 9017, 0, 0, 0
13503, 8148, 0, 0, 0
13604, 8255, 0, 0, 0
13704, 8914, 0, 0, 0
13803, 8039, 0, 0, 0
13900, 8991, 0, 0, 0
14006, 8495, 0, 0, 0
14101, 9008, 0, 0, 0
14203, 8747, 0, 0, 0
14300, 8456, 0, 0, 0
14402, 8145, 0, 0, 0
14511, 8394, 0, 0, 0
14604, 7699, 0, 0, 0
14709, 8142, 0, 0, 0
14801, 7937, 0, 0, 0
14901, 8023, 0, 0, 0
15004, 8194, 0, 0, 0
15108, 7832, 0, 0, 0
15201, 8907, 0, 0, 0
15300, 8576, 0, 0, 0
15404, 8339, 0, 0, 0
15500, 9638, 0, 0, 0
15604, 7583, 0, 0, 0
15702, 7643, 0, 0, 0
15808, 8172, 0, 0, 0
15915, 8359, 0, 0, 0
16000, 8147, 0, 0, 0
16100, 8041, 0, 0, 0
16203, 7125, 0, 0, 0
16309, 7853, 0, 0, 0
16411, 8105, 0, 0, 0
16509, 7770, 0, 0, 0
16600, 8458, 0, 0, 0
16703, 8590, 0, 0, 0
16804, 9230, 0, 0, 0
16900, 8078, 0, 0, 0
17001, 8459, 0, 0, 0
17101, 9311, 0, 0, 0
17203, 10395, 0, 0, 0
17308, 9232, 0, 0, 0
17408, 9121, 0, 0, 0
17507, 8298, 0, 0, 0
17600, 8855, 0, 0, 0
17701, 8180, 0, 0, 0
17800, 8823, 0, 0, 0
17902, 8001, 0, 0, 0
18000, 7889, 0, 0, 0
18103, 7444, 0, 0, 0
18203, 9041, 0, 0, 0
18303, 9048, 0, 0, 0
18405, 9417, 0, 0, 0
18500, 8210, 0, 0, 0
18602, 8957, 0, 0, 0
18701, 8102, 0, 0, 0
18801, 10240, 0, 0, 0
18903, 8417, 0, 0, 0
19001, 9593, 0, 0, 0
19103, 7721, 0, 0, 0
19201, 7656, 0, 0, 0
19308, 7564, 0, 0, 0
19403, 7760, 0, 0, 0
19505, 8315, 0, 0, 0
19601, 9405, 0, 0, 0
19709, 8312, 0, 0, 0
19811, 7879, 0, 0, 0
19903, 10269, 0, 0, 0
20002, 8799, 0, 0, 0
20104, 8596, 0, 0, 0
20201, 7914, 0, 0, 0
20309, 8840, 0, 0, 0
20401, 7783, 0, 0, 0
20500, 7803, 0, 0, 0
20601, 8199, 0, 0, 0
20703, 8591, 0, 0, 0
20806, 7645, 0, 0, 0
20905, 9912, 0, 0, 0
21006, 8764, 0, 0, 0
21102, 11411, 0, 0, 0
21210, 10754, 0, 0, 0
21300, 9192, 0, 0, 0
21405, 7632, 0, 0, 0
21511, 8435, 0, 0, 0
21603, 8316, 0, 0, 0
21707, 9444, 0, 0, 0
21807, 7594, 0, 0, 0
21900, 8125, 0, 0, 0
22004, 7210, 0, 0, 0
22100, 8082, 0, 0, 0
22202, 8564, 0, 0, 0
22301, 7981, 0, 0, 0
22405, 8680, 0, 0, 0
22511, 8291, 0, 0, 0
22601, 8922, 0, 0, 0
22700, 8143, 0, 0, 0
22807, 7989, 0, 0, 0
22900, 7685, 0, 0, 0
23002, 9532, 0, 0, 0
23100, 8935, 0, 0, 0
23205, 12206, 0, 0, 0
23302, 13599, 0, 0, 0
23400, 8697, 0, 0, 0
23505, 8343, 0, 0, 0
23602, 7421, 0, 0, 0
23703, 7869, 0, 0, 0
23800, 8269, 0, 0, 0
23904, 8942, 0, 0, 0
24006, 9734, 0, 0, 0
24101, 7886, 0, 0, 0
24205, 8893, 0, 0, 0
24303, 7724, 0, 0, 0
24404, 7510, 0, 0, 0
24504, 7423, 0, 0, 0
24601, 8799, 0, 0, 0
24704, 7855, 0, 0, 0
24800, 7641, 0, 0, 0
24900, 7831, 0, 0, 0
25005, 9583, 0, 0, 0
25101, 12395, 0, 0, 0
25205, 10700, 0, 0, 0
25303, 9080, 0, 0, 0
25400, 8908, 0, 0, 0
25503, 8397, 0, 0, 0
25601, 7886, 0, 0, 0
25702, 8016, 0, 0, 0
25800, 8315, 0, 0, 0
25901, 7924, 0, 0, 0
26003, 9246, 0, 0, 0
26101, 10078, 0, 0, 0
26202, 8315, 0, 0, 0
26302, 8077, 0, 0, 0
26402, 7740, 0, 0, 0
26502, 8652, 0, 0, 0
26602, 8144, 0, 0, 0
26700, 8684, 0, 0, 0
26800, 8825, 0, 0, 0
26912, 8629, 0, 0, 0
27009, 10240, 0, 0, 0
27103, 7362, 0, 0, 0
27203, 8144, 0, 0, 0
27304, 7754, 0, 0, 0
27402, 8490, 0, 0, 0
27501, 8943, 0, 0, 0
27603, 9162, 0, 0, 0
27704, 11082, 0, 0, 0
27802, 9106, 0, 0, 0
27900, 8104, 0, 0, 0
28006, 8317, 0, 0, 0
28108, 7985, 0, 0, 0
28208, 7609, 0, 0, 0
28304, 7352, 0, 0, 0
28405, 8718, 0, 0, 0
28502, 9008, 0, 0, 0
28600, 8587, 0, 0, 0
28709, 8762, 0, 0, 0
28801, 7328, 0, 0, 0
28908, 7927, 0, 0, 0
29000, 8230, 0, 0, 0
29103, 8833, 0, 0, 0
29207, 8452, 0, 0, 0
29301, 7786, 0, 0, 0
29402, 10267, 0, 0, 0
29503, 9315, 0, 0, 0
29604, 8292, 0, 0, 0
29705, 7678, 0, 0, 0
29801, 8531, 0, 0, 0
29905, 8597, 0, 0, 0
30000, 9026, 0, 0, 0
30103, 8626, 0, 0, 0
30200, 9069, 0, 0, 0
30301, 8390, 0, 0, 0
30404, 8680, 0, 0, 0
30500, 7844, 0, 0, 0
30600, 8337, 0, 0, 0
30709, 7942, 0, 0, 0
30802, 8129, 0, 0, 0
30902, 7474, 0, 0, 0
31003, 8687, 0, 0, 0
31102, 7570, 0, 0, 0
31200, 8650, 0, 0, 0
31300, 8644, 0, 0, 0
31401, 7991, 0, 0, 0
31508, 8912, 0, 0, 0
31601, 8177, 0, 0, 0
31711, 9094, 0, 0, 0
31804, 10717, 0, 0, 0
31900, 12087, 0, 0, 0
32001, 11196, 0, 0, 0
32104, 10533, 0, 0, 0
32201, 12127, 0, 0, 0
32305, 10373, 0, 0, 0
32400, 10968, 0, 0, 0
32504, 10316, 0, 0, 0
32603, 8197, 0, 0, 0
32703, 7989, 0, 0, 0
32803, 8268, 0, 0, 0
32903, 7818, 0, 0, 0
33002, 7643, 0, 0, 0
33101, 7905, 0, 0, 0
33203, 8162, 0, 0, 0
33307, 8166, 0, 0, 0
33408, 9014, 0, 0, 0
33500, 10019, 0, 0, 0
33601, 7769, 0, 0, 0
33700, 8517, 0, 0, 0
33809, 8200, 0, 0, 0
33901, 7638, 0, 0, 0
34002, 7898, 0, 0, 0
34100, 7847, 0, 0, 0
34201, 8644, 0, 0, 0
34301, 7865, 0, 0, 0
34401, 9087, 0, 0, 0
34504, 8046, 0, 0, 0
34602, 7750, 0, 0, 0
34706, 8182, 0, 0, 0
34801, 7719, 0, 0, 0
34900, 7814, 0, 0, 0
35005, 8138, 0, 0, 0
35104, 8123, 0, 0, 0
35209, 8290, 0, 0, 0
35303, 8837, 0, 0, 0
35415, 7918, 0, 0, 0
35503, 7806, 0, 0, 0
35605, 7512, 0, 0, 0
35702, 7693, 0, 0, 0
35804, 7039, 0, 0, 0
35904, 7995, 0, 0, 0
36001, 8206, 0, 0, 0
36106, 7683, 0, 0, 0
36209, 8315, 0, 0, 0
36303, 7667, 0, 0, 0
36405, 8177, 0, 0, 0
36500, 7162, 0, 0, 0
36601, 8118, 0, 0, 0
36707, 7952, 0, 0, 0
36801, 8039, 0, 0, 0
36905, 7826, 0, 0, 0
37000, 7730, 0, 0, 0
37106, 7408, 0, 0, 0
37205, 8071, 0, 0, 0
37304, 7792, 0, 0, 0
37408, 7441, 0, 0, 0
37505, 8122, 0, 0, 0
37612, 7890, 0, 0, 0
37701, 7818, 0, 0, 0
37803, 8061, 0, 0, 0
37903, 9857, 0, 0, 0
38001, 7941, 0, 0, 0
38104, 7359, 0, 0, 0
38202, 7661, 0, 0, 0
38301, 9690, 0, 0, 0
38406, 7997, 0, 0, 0
38503, 8578, 0, 0, 0
38604, 7462, 0, 0, 0
38705, 8007, 0, 0, 0
38802, 8250, 0, 0, 0
38903, 8191, 0, 0, 0
39002, 8042, 0, 0, 0
39102, 8608, 0, 0, 0
39216, 8677, 0, 0, 0
39301, 10055, 0, 0, 0
39402, 8816, 0, 0, 0
39505, 7559, 0, 0, 0
39604, 8924, 0, 0, 0
39704, 9000, 0, 0, 0
39803, 8851, 0, 0, 0
39901, 8721, 0, 0, 0
40000, 8398, 0, 0, 0
40103, 8005, 0, 0, 0
40200, 6974, 0, 0, 0
40302, 7244, 0, 0, 0
40406, 6997, 0, 0, 0
40516, 8273, 0, 0, 0
40606, 7738, 0, 0, 0
40700, 8510, 0, 0, 0
40807, 7919, 0, 0, 0
40903, 7554, 0, 0, 0
41002, 8129, 0, 0, 0
41102, 8500, 0, 0, 0
41207, 8348, 0, 0, 0
41313, 7450, 0, 0, 0
41403, 8051, 0, 0, 0
41502, 7535, 0, 0, 0
41605, 7864, 0, 0, 0
41705, 8267, 0, 0, 0
41802, 8235, 0, 0, 0
41903, 9134, 0, 0, 0
42008, 8297, 0, 0, 0
42102, 8504, 0, 0, 0
42203, 9710, 0, 0, 0
42300, 8982, 0, 0, 0
42400, 8353, 0, 0, 0
42501, 7911, 0, 0, 0
42601, 8977, 0, 0, 0
42700, 9052, 0, 0, 0
42804, 9074, 0, 0, 0
42903, 9204, 0, 0, 0
43007, 8578, 0, 0, 0
43107, 8659, 0, 0, 0
43201, 8323, 0, 0, 0
43309, 8050, 0, 0, 0
43407, 8064, 0, 0, 0
43504, 9149, 0, 0, 0
43602, 7679, 0, 0, 0
43700, 7450, 0, 0, 0
43800, 8291, 0, 0, 0
43904, 8044, 0, 0, 0
44004, 7559, 0, 0, 0
44108, 7998, 0, 0, 0
44200, 7677, 0, 0, 0
44304, 8544, 0, 0, 0
44404, 8242, 0, 0, 0
44501, 9435, 0, 0, 0
44612, 8602, 0, 0, 0
44707, 8634, 0, 0, 0
44807, 7253, 0, 0, 0
44903, 8245, 0, 0, 0
45001, 7935, 0, 0, 0
45103, 8316, 0, 0, 0
45207, 8425, 0, 0, 0
45302, 8870, 0, 0, 0
45400, 8528, 0, 0, 0
45503, 7422, 0, 0, 0
45608, 7712, 0, 0, 0
45704, 7576, 0, 0, 0
45801, 8225, 0, 0, 0
45906, 9038, 0, 0, 0
46003, 8859, 0, 0, 0
46100, 8312, 0, 0, 0
46201, 8803, 0, 0, 0
46301, 8317, 0, 0, 0
46401, 8122, 0, 0, 0
46503, 9111, 0, 0, 0
46602, 7993, 0, 0, 0
46702, 8108, 0, 0, 0
46810, 9444, 0, 0, 0
46906, 9866, 0, 0, 0
47000, 9367, 0, 0, 0
47102, 8613, 0, 0, 0
47202, 8140, 0, 0, 0
47303, 9063, 0, 0, 0
47401, 8330, 0, 0, 0
47543, 7845, 0, 0, 0
47606, 7891, 0, 0, 0
47703, 9656, 0, 0, 0
47803, 8679, 0, 0, 0
47907, 9001, 0, 0, 0
48001, 8147, 0, 0, 0
48100, 8779, 0, 0, 0
48203, 7563, 0, 0, 0
48302, 8253, 0, 0, 0
48406, 8864, 0, 0, 0
48504, 7762, 0, 0, 0
48602, 8037, 0, 0, 0
48711, 7697, 0, 0, 0
48807, 8081, 0, 0, 0
48900, 8675, 0, 0, 0
49003, 8360, 0, 0, 0
49102, 9154, 0, 0, 0
49208, 8967, 0, 0, 0
49304, 8131, 0, 0, 0
49405, 8143, 0, 0, 0
49501, 9552, 0, 0, 0
49602, 8927, 0, 0, 0
49701, 8708, 0, 0, 0
49807, 8520, 0, 0, 0
49902, 8855, 0, 0, 0
50007, 9054, 0, 0, 0
50101, 7411, 0, 0, 0
50200, 7722, 0, 0, 0
50301, 8450, 0, 0, 0
50407, 6954, 0, 0, 0
50502, 7637, 0, 0, 0
50606, 8340, 0, 0, 0
50701, 8096, 0, 0, 0
50801, 9225, 0, 0, 0
50905, 8731, 0, 0, 0
51004, 8209, 0, 0, 0
51105, 8457, 0, 0, 0
51200, 8042, 0, 0, 0
51304, 8149, 0, 0, 0
51404, 7659, 0, 0, 0
51506, 7945, 0, 0, 0
51602, 8278, 0, 0, 0
51702, 8442, 0, 0, 0
51801, 7121, 0, 0, 0
51900, 8126, 0, 0, 0
52000, 7857, 0, 0, 0
52108, 8004, 0, 0, 0
52200, 7696, 0, 0, 0
52301, 7982, 0, 0, 0
52409, 8912, 0, 0, 0
52500, 7680, 0, 0, 0
52604, 7790, 0, 0, 0
52704, 8650, 0, 0, 0
52800, 8339, 0, 0, 0
52900, 8145, 0, 0, 0
53000, 8722, 0, 0, 0
53102, 9170, 0, 0, 0
53200, 9925, 0, 0, 0
53301, 9753, 0, 0, 0
53408, 8229, 0, 0, 0
53508, 8776, 0, 0, 0
53600, 7982, 0, 0, 0
53700, 7766, 0, 0, 0
53802, 9057, 0, 0, 0
53923, 9826, 0, 0, 0
54001, 7491, 0, 0, 0
54101, 10201, 0, 0, 0
54211, 8887, 0, 0, 0
54301, 7513, 0, 0, 0
54400, 9258, 0, 0, 0
54512, 9530, 0, 0, 0
54601, 9085, 0, 0, 0
54713, 9857, 0, 0, 0
54809, 8144, 0, 0, 0
54902, 8342, 0, 0, 0
55002, 10466, 0, 0, 0
55101, 9533, 0, 0, 0
55202, 7980, 0, 0, 0
55304, 7270, 0, 0, 0
55402, 7646, 0, 0, 0
55501, 7417, 0, 0, 0
55606, 8089, 0, 0, 0
55704, 8350, 0, 0, 0
55805, 9189, 0, 0, 0
55907, 8788, 0, 0, 0
56000, 8583, 0, 0, 0
56100, 8560, 0, 0, 0
56205, 8677, 0, 0, 0
56303, 7930, 0, 0, 0
56402, 7596, 0, 0, 0
56501, 9156, 0, 0, 0
56602, 8697, 0, 0, 0
56704, 8564, 0, 0, 0
56801, 8076, 0, 0, 0
56900, 7958, 0, 0, 0
57013, 8032, 0, 0, 0
57100, 8199, 0, 0, 0
57200, 7978, 0, 0, 0
57302, 8690, 0, 0, 0
57400, 8227, 0, 0, 0
57511, 8464, 0, 0, 0
57602, 9413, 0, 0, 0
57700, 8093, 0, 0, 0
57803, 8035, 0, 0, 0
57902, 8531, 0, 0, 0
58002, 9083, 0, 0, 0
58105, 8634, 0, 0, 0
58204, 9577, 0, 0, 0
58303, 8973, 0, 0, 0
58401, 7613, 0, 0, 0
58505, 8823, 0, 0, 0
58602, 8840, 0, 0, 0
58700, 8595, 0, 0, 0
58802, 7887, 0, 0, 0
58906, 8165, 0, 0, 0
59007, 9005, 0, 0, 0
59108, 7806, 0, 0, 0
59203, 8614, 0, 0, 0
59307, 10006, 0, 0, 0
59411, 9182, 0, 0, 0
59503, 8821, 0, 0, 0
59601, 8121, 0, 0, 0
59708, 9075, 0, 0, 0
59802, 8857, 0, 0, 0
59900, 8261, 0, 0, 0
60002, 8281, 0, 0, 0
