100, 7649984, 0, 0, 0
204, 7582323, 0, 0, 0
300, 9046417, 0, 0, 0
400, 10029672, 0, 0, 0
504, 7415425, 0, 0, 0
606, 8086382, 0, 0, 0
701, 9879894, 0, 0, 0
803, 8537419, 0, 0, 0
906, 8964797, 0, 0, 0
1011, 10798769, 0, 0, 0
1110, 7643870, 0, 0, 0
1201, 7499912, 0, 0, 0
1300, 9124834, 0, 0, 0
1404, 8250642, 0, 0, 0
1500, 6523956, 0, 0, 0
1600, 9675390, 0, 0, 0
1700, 7145585, 0, 0, 0
1804, 7587066, 0, 0, 0
1904, 10326601, 0, 0, 0
2007, 7340574, 0, 0, 0
2102, 8064738, 0, 0, 0
2200, 7763835, 0, 0, 0
2307, 9410708, 0, 0, 0
2403, 9000439, 0, 0, 0
2505, 9448592, 0, 0, 0
2606, 14417567, 0, 0, 0
2706, 9857629, 0, 0, 0
2807, 9306067, 0, 0, 0
2904, 8560108, 0, 0, 0
3000, 8242145, 0, 0, 0
3106, 8137991, 0, 0, 0
3201, 9315715, 0, 0, 0
3304, 12296668, 0, 0, 0
3402, 8157322, 0, 0, 0
3500, 8317842, 0, 0, 0
3600, 10980367, 0, 0, 0
3705, 8874856, 0, 0, 0
3809, 10793866, 0, 0, 0
3900, 8247661, 0, 0, 0
4002, 9153488, 0, 0, 0
4100, 7616435, 0, 0, 0
4207, 10387455, 0, 0, 0
4301, 11406327, 0, 0, 0
4400, 11044279, 0, 0, 0
4500, 10533591, 0, 0, 0
4600, 8422375, 0, 0, 0
4713, 9991392, 0, 0, 0
4807, 10397465, 0, 0, 0
4903, 9250209, 0, 0, 0
5002, 8871405, 0, 0, 0
5103, 8113088, 0, 0, 0
5207, 6883431, 0, 0, 0
5303, 7797254, 0, 0, 0
5407, 8736088, 0, 0, 0
5504, 8195006, 0, 0, 0
5604, 8477183, 0, 0, 0
5704, 10218001, 0, 0, 0
5800, 7486072, 0, 0, 0
5905, 8881315, 0, 0, 0
6003, 8252102, 0, 0, 0
6111, 8908332, 0, 0, 0
6200, 7919643, 0, 0, 0
6301, 8280064, 0, 0, 0
6400, 8003507, 0, 0, 0
6501, 8302925, 0, 0, 0
6600, 8900759, 0, 0, 0
6711, 9640740, 0, 0, 0
6813, 11135778, 0, 0, 0
6901, 9570716, 0, 0, 0
7011, 11627896, 0, 0, 0
7102, 11032264, 0, 0, 0
7203, 9838617, 0, 0, 0
7304, 9610483, 0, 0, 0
7403, 9214187, 0, 0, 0
7507, 12064948, 0, 0, 0
7606, 9807291, 0, 0, 0
7700, 8681059, 0, 0, 0
7801, 7219563, 0, 0, 0
7910, 10559792, 0, 0, 0
8006, 9980028, 0, 0, 0
8100, 10994146, 0, 0, 0
8201, 9668389, 0, 0, 0
8301, 9841269, 0, 0, 0
8407, 7909454, 0, 0, 0
8507, 11094549, 0, 0, 0
8600, 7416345, 0, 0, 0
8701, 7795283, 0, 0, 0
8801, 8102159, 0, 0, 0
8900, 8207865, 0, 0, 0
9006, 9259674, 0, 0, 0
9106, 12871256, 0, 0, 0
9209, 8125316, 0, 0, 0
9300, 9410640, 0, 0, 0
9402, 8064786, 0, 0, 0
9507, 9384932, 0, 0, 0
9605, 9302533, 0, 0, 0
9701, 6963253, 0, 0, 0
9802, 8204091, 0, 0, 0
9903, 7965329, 0, 0, 0
10001, 9617637, 0, 0, 0
10100, 7533020, 0, 0, 0
10202, 7806674, 0, 0, 0
10306, 8779312, 0, 0, 0
10400, 7988663, 0, 0, 0
10504, 7416987, 0, 0, 0
10601, 9438315, 0, 0, 0
10707, 8861974, 0, 0, 0
10801, 8233235, 0, 0, 0
10903, 9487333, 0, 0, 0
11007, 8311534, 0, 0, 0
11106, 11854667, 0, 0, 0
11208, 8376370, 0, 0, 0
11300, 9888282, 0, 0, 0
11403, 10691161, 0, 0, 0
11502, 7075235, 0, 0, 0
11610, 9294318, 0, 0, 0
11701, 9586006, 0, 0, 0
11801, 9679319, 0, 0, 0
11904, 9725637, 0, 0, 0
12000, 13492227, 0, 0, 0
12103, 8664695, 0, 0, 0
12200, 10102787, 0, 0, 0
12301, 8013509, 0, 0, 0
12404, 6571245, 0, 0, 0
12503, 8132861, 0, 0, 0
12600, 8641230, 0, 0, 0
12701, 8633976, 0, 0, 0
12800, 8619241, 0, 0, 0
12905, 9304434, 0, 0, 0
13001, 10355198, 0, 0, 0
13105, 9784210, 0, 0, 0
13203, 8784960, 0, 0, 0
13308, 8046579, 0, 0, 0
13400, 8150873, 0, 0, 0
13504, 7347816, 0, 0, 0
13601, 8987512, 0, 0, 0
13702, 7070976, 0, 0, 0
13803, 9407952, 0, 0, 0
13906, 9195939, 0, 0, 0
14004, 7668777, 0, 0, 0
14107, 6714164, 0, 0, 0
14206, 6881257, 0, 0, 0
14304, 9861977, 0, 0, 0
14404, 8116074, 0, 0, 0
14500, 9056731, 0, 0, 0
14600, 9583074, 0, 0, 0
14700, 8918964, 0, 0, 0
14800, 8014793, 0, 0, 0
14909, 11284295, 0, 0, 0
15002, 12683159, 0, 0, 0
15105, 8964099, 0, 0, 0
15204, 8406766, 0, 0, 0
15302, 9425586, 0, 0, 0
15403, 8080336, 0, 0, 0
15500, 8441280, 0, 0, 0
15606, 7893767, 0, 0, 0
15703, 9345689, 0, 0, 0
15800, 9455869, 0, 0, 0
15901, 10234745, 0, 0, 0
16008, 10692741, 0, 0, 0
16101, 7754286, 0, 0, 0
16200, 6860954, 0, 0, 0
16304, 9942009, 0, 0, 0
16402, 8377671, 0, 0, 0
16503, 10152753, 0, 0, 0
16600, 8118711, 0, 0, 0
16700, 9141435, 0, 0, 0
16801, 8436144, 0, 0, 0
16910, 8058933, 0, 0, 0
17005, 7643541, 0, 0, 0
17108, 10828974, 0, 0, 0
17209, 9604164, 0, 0, 0
17305, 8155080, 0, 0, 0
17405, 8538200, 0, 0, 0
17501, 8122321, 0, 0, 0
17600, 8851952, 0, 0, 0
17706, 6884212, 0, 0, 0
17801, 9394523, 0, 0, 0
17902, 7598456, 0, 0, 0
18014, 9594429, 0, 0, 0
18106, 9331419, 0, 0, 0
18203, 11265982, 0, 0, 0
18305, 9329193, 0, 0, 0
18405, 9318401, 0, 0, 0
18500, 10615040, 0, 0, 0
18601, 7407826, 0, 0, 0
18702, 9256321, 0, 0, 0
18803, 8298768, 0, 0, 0
18902, 10537448, 0, 0, 0
19003, 8348854, 0, 0, 0
19108, 6780633, 0, 0, 0
19205, 10758949, 0, 0, 0
19300, 7768555, 0, 0, 0
19403, 8970764, 0, 0, 0
19507, 7750247, 0, 0, 0
19600, 7562946, 0, 0, 0
19704, 11344680, 0, 0, 0
19806, 9368048, 0, 0, 0
19900, 7913327, 0, 0, 0
20002, 8439986, 0, 0, 0
20106, 7613580, 0, 0, 0
20207, 7630833, 0, 0, 0
20301, 7320200, 0, 0, 0
20401, 11411693, 0, 0, 0
20500, 7982222, 0, 0, 0
20600, 6497698, 0, 0, 0
20701, 9335091, 0, 0, 0
20804, 8582733, 0, 0, 0
20900, 7722508, 0, 0, 0
21001, 8264223, 0, 0, 0
21101, 9957397, 0, 0, 0
21203, 6584852, 0, 0, 0
21304, 7624669, 0, 0, 0
21401, 7189145, 0, 0, 0
21501, 8554793, 0, 0, 0
21611, 6709343, 0, 0, 0
21706, 7036641, 0, 0, 0
21809, 9882583, 0, 0, 0
21901, 8360690, 0, 0, 0
22006, 7557234, 0, 0, 0
22106, 8648621, 0, 0, 0
22207, 10221863, 0, 0, 0
22301, 8572210, 0, 0, 0
22400, 8255335, 0, 0, 0
22500, 8628247, 0, 0, 0
22602, 8351697, 0, 0, 0
22707, 8821644, 0, 0, 0
22808, 8273076, 0, 0, 0
22902, 9789216, 0, 0, 0
23004, 9426772, 0, 0, 0
23107, 8193984, 0, 0, 0
23200, 10925152, 0, 0, 0
23301, 9584913, 0, 0, 0
23412, 11072259, 0, 0, 0
23500, 7778218, 0, 0, 0
23602, 10411798, 0, 0, 0
23702, 10982777, 0, 0, 0
23815, 9532886, 0, 0, 0
23906, 10004093, 0, 0, 0
24002, 8207795, 0, 0, 0
24101, 9019361, 0, 0, 0
24200, 9399530, 0, 0, 0
24302, 7306262, 0, 0, 0
24405, 10202999, 0, 0, 0
24500, 8676887, 0, 0, 0
24602, 8985933, 0, 0, 0
24702, 7415750, 0, 0, 0
24806, 8770041, 0, 0, 0
24900, 6970505, 0, 0, 0
25000, 9932426, 0, 0, 0
25106, 7206266, 0, 0, 0
25205, 10821444, 0, 0, 0
25301, 8897118, 0, 0, 0
25402, 9371307, 0, 0, 0
25507, 9380950, 0, 0, 0
25607, 9709786, 0, 0, 0
25707, 8661454, 0, 0, 0
25806, 9258714, 0, 0, 0
25901, 9775440, 0, 0, 0
26000, 8176019, 0, 0, 0
26101, 7452583, 0, 0, 0
26206, 10431008, 0, 0, 0
26302, 8632885, 0, 0, 0
26400, 7918783, 0, 0, 0
26507, 9751624, 0, 0, 0
26608, 7013597, 0, 0, 0
26700, 9475556, 0, 0, 0
26801, 10484723, 0, 0, 0
26900, 10332410, 0, 0, 0
27003, 6909341, 0, 0, 0
27102, 6853815, 0, 0, 0
27205, 8235701, 0, 0, 0
27305, 8288087, 0, 0, 0
27400, 7049715, 0, 0, 0
27510, 7057692, 0, 0, 0
27601, 9458129, 0, 0, 0
27706, 9061491, 0, 0, 0
27800, 9149915, 0, 0, 0
27909, 9402225, 0, 0, 0
28007, 9921398, 0, 0, 0
28102, 8289598, 0, 0, 0
28200, 11775148, 0, 0, 0
28300, 7579255, 0, 0, 0
28400, 9552760, 0, 0, 0
28502, 9775759, 0, 0, 0
28605, 8807768, 0, 0, 0
28702, 9363821, 0, 0, 0
28809, 9486894, 0, 0, 0
28906, 9404381, 0, 0, 0
29001, 7685922, 0, 0, 0
29100, 8618923, 0, 0, 0
29201, 9265816, 0, 0, 0
29309, 10861171, 0, 0, 0
29402, 8574628, 0, 0, 0
29504, 7854647, 0, 0, 0
29612, 8247114, 0, 0, 0
29705, 10780198, 0, 0, 0
29806, 8721531, 0, 0, 0
29902, 9631802, 0, 0, 0
30009, 7707184, 0, 0, 0
30100, 10559437, 0, 0, 0
30201, 9226575, 0, 0, 0
30301, 9398042, 0, 0, 0
30401, 12541884, 0, 0, 0
30502, 9074045, 0, 0, 0
30604, 8416819, 0, 0, 0
30702, 7712561, 0, 0, 0
30803, 7756732, 0, 0, 0
30900, 8758544, 0, 0, 0
31008, 8892074, 0, 0, 0
31103, 8364555, 0, 0, 0
31200, 8708542, 0, 0, 0
31300, 7600201, 0, 0, 0
31400, 7799359, 0, 0, 0
31500, 8772414, 0, 0, 0
31603, 8289054, 0, 0, 0
31703, 8224135, 0, 0, 0
31802, 9146174, 0, 0, 0
31913, 10583961, 0, 0, 0
32000, 10079442, 0, 0, 0
32103, 8871814, 0, 0, 0
32200, 6868060, 0, 0, 0
32304, 9448147, 0, 0, 0
32401, 7495989, 0, 0, 0
32503, 9109103, 0, 0, 0
32601, 7567339, 0, 0, 0
32704, 8354513, 0, 0, 0
32805, 9532255, 0, 0, 0
32901, 12016765, 0, 0, 0
33005, 8921206, 0, 0, 0
33101, 8415224, 0, 0, 0
33202, 7271183, 0, 0, 0
33303, 8662506, 0, 0, 0
33400, 8084775, 0, 0, 0
33501, 10816524, 0, 0, 0
33605, 12770402, 0, 0, 0
33703, 7285281, 0, 0, 0
33802, 8509519, 0, 0, 0
33914, 10828669, 0, 0, 0
34000, 8724957, 0, 0, 0
34102, 6723204, 0, 0, 0
34205, 8621492, 0, 0, 0
34306, 6868895, 0, 0, 0
34401, 9057960, 0, 0, 0
34500, 8789572, 0, 0, 0
34603, 10201150, 0, 0, 0
34701, 8382577, 0, 0, 0
34807, 13613424, 0, 0, 0
34911, 7750731, 0, 0, 0
35004, 7835656, 0, 0, 0
35106, 11192162, 0, 0, 0
35202, 11743697, 0, 0, 0
35301, 8461594, 0, 0, 0
35401, 11862531, 0, 0, 0
35503, 11015758, 0, 0, 0
35601, 8216656, 0, 0, 0
35707, 9626985, 0, 0, 0
35803, 9260782, 0, 0, 0
35901, 11060068, 0, 0, 0
36008, 7662400, 0, 0, 0
36101, 10149573, 0, 0, 0
36200, 10342360, 0, 0, 0
36306, 8016028, 0, 0, 0
36404, 9336196, 0, 0, 0
36509, 8813271, 0, 0, 0
36600, 13533515, 0, 0, 0
36703, 8645718, 0, 0, 0
36806, 10969756, 0, 0, 0
36907, 10327794, 0, 0, 0
37001, 7252351, 0, 0, 0
37109, 10402727, 0, 0, 0
37205, 10760047, 0, 0, 0
37300, 8676235, 0, 0, 0
37405, 11071762, 0, 0, 0
37505, 11475391, 0, 0, 0
37601, 9873657, 0, 0, 0
37707, 12078156, 0, 0, 0
37801, 11636406, 0, 0, 0
37903, 10472303, 0, 0, 0
38006, 11239674, 0, 0, 0
38100, 11028029, 0, 0, 0
38205, 7878559, 0, 0, 0
38303, 9059790, 0, 0, 0
38401, 9385272, 0, 0, 0
38503, 8928677, 0, 0, 0
38606, 8990397, 0, 0, 0
38702, 9229174, 0, 0, 0
38802, 7472145, 0, 0, 0
38904, 8379437, 0, 0, 0
39002, 8554674, 0, 0, 0
39103, 8437745, 0, 0, 0
39200, 11457439, 0, 0, 0
39301, 8356132, 0, 0, 0
39406, 9195513, 0, 0, 0
39501, 6350033, 0, 0, 0
39600, 9853089, 0, 0, 0
39706, 9079516, 0, 0, 0
39802, 10636161, 0, 0, 0
39906, 12102369, 0, 0, 0
40003, 10087301, 0, 0, 0
40101, 10660959, 0, 0, 0
40204, 10239465, 0, 0, 0
40310, 11922898, 0, 0, 0
40405, 10640180, 0, 0, 0
40506, 8553875, 0, 0, 0
40600, 8976083, 0, 0, 0
40700, 9486105, 0, 0, 0
40801, 7598267, 0, 0, 0
40903, 8700285, 0, 0, 0
41000, 11871030, 0, 0, 0
41100, 8006812, 0, 0, 0
41200, 9030678, 0, 0, 0
41308, 7817340, 0, 0, 0
41403, 9686832, 0, 0, 0
41502, 11537681, 0, 0, 0
41600, 10107901, 0, 0, 0
41702, 6470121, 0, 0, 0
41805, 7740953, 0, 0, 0
41918, 7794461, 0, 0, 0
42001, 13535620, 0, 0, 0
42101, 8685914, 0, 0, 0
42206, 9945408, 0, 0, 0
42301, 11511079, 0, 0, 0
42403, 8736778, 0, 0, 0
42504, 12720773, 0, 0, 0
42601, 9338006, 0, 0, 0
42703, 10463077, 0, 0, 0
42803, 8729322, 0, 0, 0
42908, 8798056, 0, 0, 0
43010, 8395161, 0, 0, 0
43100, 9570672, 0, 0, 0
43200, 8384093, 0, 0, 0
43300, 10347718, 0, 0, 0
43402, 12324237, 0, 0, 0
43503, 8600849, 0, 0, 0
43600, 9022676, 0, 0, 0
43704, 9423783, 0, 0, 0
43805, 7896295, 0, 0, 0
43905, 10121797, 0, 0, 0
44000, 7004026, 0, 0, 0
44104, 10217611, 0, 0, 0
44202, 12762640, 0, 0, 0
44307, 9825996, 0, 0, 0
44402, 7251226, 0, 0, 0
44502, 9605634, 0, 0, 0
44601, 11259942, 0, 0, 0
44704, 10469975, 0, 0, 0
44800, 8336235, 0, 0, 0
44904, 8041219, 0, 0, 0
45001, 9165278, 0, 0, 0
45104, 7984781, 0, 0, 0
45203, 11216530, 0, 0, 0
45300, 12583170, 0, 0, 0
45408, 11394422, 0, 0, 0
45500, 10853177, 0, 0, 0
45602, 10491154, 0, 0, 0
45710, 9746235, 0, 0, 0
45804, 10369220, 0, 0, 0
45904, 10975861, 0, 0, 0
46009, 8259771, 0, 0, 0
46110, 10055941, 0, 0, 0
46201, 10176270, 0, 0, 0
46302, 7836052, 0, 0, 0
46407, 11011886, 0, 0, 0
46503, 8877655, 0, 0, 0
46606, 9322317, 0, 0, 0
46703, 9023023, 0, 0, 0
46801, 8026547, 0, 0, 0
46902, 7640779, 0, 0, 0
47004, 10112517, 0, 0, 0
47100, 11796813, 0, 0, 0
47202, 7966123, 0, 0, 0
47300, 9573368, 0, 0, 0
47404, 9972983, 0, 0, 0
47506, 7313166, 0, 0, 0
47604, 10471701, 0, 0, 0
47700, 6903618, 0, 0, 0
47803, 7941237, 0, 0, 0
47902, 14384122, 0, 0, 0
48000, 8000878, 0, 0, 0
48102, 7709042, 0, 0, 0
48200, 9152275, 0, 0, 0
48302, 10066784, 0, 0, 0
48408, 8179605, 0, 0, 0
48502, 8293105, 0, 0, 0
48601, 8202285, 0, 0, 0
48700, 8020647, 0, 0, 0
48805, 9182995, 0, 0, 0
48900, 9371232, 0, 0, 0
49005, 12241580, 0, 0, 0
49100, 8109289, 0, 0, 0
49204, 7328413, 0, 0, 0
49300, 9120697, 0, 0, 0
49403, 9638071, 0, 0, 0
49502, 9896704, 0, 0, 0
49607, 7981403, 0, 0, 0
49702, 10117180, 0, 0, 0
49800, 10477207, 0, 0, 0
49900, 9418982, 0, 0, 0
50000, 7244359, 0, 0, 0
50100, 8726756, 0, 0, 0
50202, 9065009, 0, 0, 0
50302, 10518934, 0, 0, 0
50409, 8449227, 0, 0, 0
50502, 11464902, 0, 0, 0
50604, 10018920, 0, 0, 0
50703, 9210703, 0, 0, 0
50805, 10130886, 0, 0, 0
50908, 9788647, 0, 0, 0
51005, 8891114, 0, 0, 0
51102, 13242343, 0, 0, 0
51200, 10802150, 0, 0, 0
51304, 8405258, 0, 0, 0
51407, 9062759, 0, 0, 0
51501, 10069217, 0, 0, 0
51600, 12074434, 0, 0, 0
51701, 11136563, 0, 0, 0
51801, 7524760, 0, 0, 0
51903, 10263463, 0, 0, 0
52007, 7377226, 0, 0, 0
52100, 8616757, 0, 0, 0
52205, 8253773, 0, 0, 0
52304, 10338007, 0, 0, 0
52404, 8542066, 0, 0, 0
52505, 8166781, 0, 0, 0
52600, 11177774, 0, 0, 0
52700, 9638795, 0, 0, 0
52801, 7942346, 0, 0, 0
52900, 10040689, 0, 0, 0
53005, 10205181, 0, 0, 0
53106, 9295552, 0, 0, 0
53202, 10807241, 0, 0, 0
53302, 7893951, 0, 0, 0
53400, 9345682, 0, 0, 0
53500, 8143572, 0, 0, 0
53606, 11347370, 0, 0, 0
53705, 11708242, 0, 0, 0
53804, 9883597, 0, 0, 0
53913, 10234758, 0, 0, 0
54000, 10745180, 0, 0, 0
54100, 9168952, 0, 0, 0
54204, 10011753, 0, 0, 0
54301, 10263547, 0, 0, 0
54405, 10668545, 0, 0, 0
54504, 9763531, 0, 0, 0
54605, 10816673, 0, 0, 0
54704, 10891832, 0, 0, 0
54808, 10898251, 0, 0, 0
54905, 8826427, 0, 0, 0
55012, 10794656, 0, 0, 0
55110, 10405253, 0, 0, 0
55203, 10116764, 0, 0, 0
55303, 9602072, 0, 0, 0
55403, 8918789, 0, 0, 0
55501, 9329329, 0, 0, 0
55600, 10000819, 0, 0, 0
55701, 10027068, 0, 0, 0
55804, 8522174, 0, 0, 0
55901, 9535297, 0, 0, 0
56002, 7372934, 0, 0, 0
56101, 11088244, 0, 0, 0
56200, 8430167, 0, 0, 0
56305, 10457465, 0, 0, 0
56400, 8931549, 0, 0, 0
56502, 10447104, 0, 0, 0
56602, 11438475, 0, 0, 0
56700, 8185283, 0, 0, 0
56800, 8913442, 0, 0, 0
56905, 9430521, 0, 0, 0
57005, 7022902, 0, 0, 0
57101, 7247913, 0, 0, 0
57204, 7999420, 0, 0, 0
57306, 7912738, 0, 0, 0
57405, 9089823, 0, 0, 0
57502, 9336830, 0, 0, 0
57601, 9481161, 0, 0, 0
57700, 9373656, 0, 0, 0
57802, 9332207, 0, 0, 0
57900, 7726692, 0, 0, 0
58001, 7853568, 0, 0, 0
58101, 8152205, 0, 0, 0
58202, 9963608, 0, 0, 0
58307, 10763789, 0, 0, 0
58403, 9845149, 0, 0, 0
58508, 9760678, 0, 0, 0
58600, 8658407, 0, 0, 0
58700, 10785365, 0, 0, 0
58807, 10335401, 0, 0, 0
58903, 9784929, 0, 0, 0
59003, 9434358, 0, 0, 0
59106, 9343797, 0, 0, 0
59201, 10556716, 0, 0, 0
59304, 8740408, 0, 0, 0
59407, 9467818, 0, 0, 0
59509, 10355205, 0, 0, 0
59608, 9955869, 0, 0, 0
59703, 9849176, 0, 0, 0
59804, 9578670, 0, 0, 0
59900, 7242323, 0, 0, 0
60000, 9953105, 0, 0, 0
60002, 13942574, 0, 0, 0
