250, 216, 0, 0, 0
350, 190, 0, 0, 0
450, 230, 0, 0, 0
550, 170, 0, 0, 0
650, 220, 0, 0, 0
749, 212, 0, 0, 0
849, 220, 0, 0, 0
949, 170, 0, 0, 0
1049, 260, 0, 0, 0
1149, 210, 0, 0, 0
1250, 230, 0, 0, 0
1350, 220, 0, 0, 0
1450, 210, 0, 0, 0
1550, 200, 0, 0, 0
1650, 250, 0, 0, 0
1749, 202, 0, 0, 0
1849, 180, 0, 0, 0
1949, 170, 0, 0, 0
2049, 190, 0, 0, 0
2149, 210, 0, 0, 0
2249, 150, 0, 0, 0
2349, 160, 0, 0, 0
2449, 220, 0, 0, 0
2550, 210, 0, 0, 0
2650, 230, 0, 0, 0
2749, 242, 0, 0, 0
2849, 290, 0, 0, 0
2949, 270, 0, 0, 0
3049, 180, 0, 0, 0
3149, 240, 0, 0, 0
3249, 220, 0, 0, 0
3349, 170, 0, 0, 0
3449, 210, 0, 0, 0
3549, 170, 0, 0, 0
3649, 270, 0, 0, 0
3750, 240, 0, 0, 0
3850, 260, 0, 0, 0
3950, 260, 0, 0, 0
4050, 140, 0, 0, 0
4150, 220, 0, 0, 0
4249, 181, 0, 0, 0
4349, 240, 0, 0, 0
4449, 200, 0, 0, 0
4549, 180, 0, 0, 0
4649, 200, 0, 0, 0
4749, 240, 0, 0, 0
4850, 160, 0, 0, 0
4950, 250, 0, 0, 0
5050, 150, 0, 0, 0
5150, 210, 0, 0, 0
5249, 161, 0, 0, 0
5349, 190, 0, 0, 0
5449, 210, 0, 0, 0
5549, 230, 0, 0, 0
5649, 260, 0, 0, 0
5749, 190, 0, 0, 0
5849, 220, 0, 0, 0
5949, 250, 0, 0, 0
6050, 180, 0, 0, 0
6150, 180, 0, 0, 0
6249, 141, 0, 0, 0
6349, 210, 0, 0, 0
6449, 210, 0, 0, 0
6549, 130, 0, 0, 0
6649, 200, 0, 0, 0
6749, 200, 0, 0, 0
6849, 240, 0, 0, 0
6949, 180, 0, 0, 0
7049, 170, 0, 0, 0
7150, 230, 0, 0, 0
7249, 222, 0, 0, 0
7349, 220, 0, 0, 0
7449, 210, 0, 0, 0
7549, 210, 0, 0, 0
7649, 180, 0, 0, 0
7749, 210, 0, 0, 0
7849, 170, 0, 0, 0
7949, 260, 0, 0, 0
8049, 210, 0, 0, 0
8149, 190, 0, 0, 0
8250, 200, 0, 0, 0
8350, 210, 0, 0, 0
8450, 250, 0, 0, 0
8550, 230, 0, 0, 0
8650, 250, 0, 0, 0
8749, 202, 0, 0, 0
8849, 180, 0, 0, 0
8949, 230, 0, 0, 0
9049, 180, 0, 0, 0
9149, 180, 0, 0, 0
9249, 220, 0, 0, 0
9349, 210, 0, 0, 0
9449, 170, 0, 0, 0
9550, 260, 0, 0, 0
9650, 210, 0, 0, 0
9749, 171, 0, 0, 0
9849, 170, 0, 0, 0
9949, 200, 0, 0, 0
10049, 200, 0, 0, 0
10149, 120, 0, 0, 0
10249, 250, 0, 0, 0
10349, 220, 0, 0, 0
10449, 230, 0, 0, 0
10550, 230, 0, 0, 0
10650, 220, 0, 0, 0
10749, 202, 0, 0, 0
10849, 170, 0, 0, 0
10949, 220, 0, 0, 0
11049, 250, 0, 0, 0
11149, 260, 0, 0, 0
11249, 180, 0, 0, 0
11349, 230, 0, 0, 0
11449, 260, 0, 0, 0
11549, 190, 0, 0, 0
11649, 250, 0, 0, 0
11750, 230, 0, 0, 0
11850, 190, 0, 0, 0
11950, 250, 0, 0, 0
12050, 200, 0, 0, 0
12150, 170, 0, 0, 0
12249, 222, 0, 0, 0
12349, 150, 0, 0, 0
12449, 180, 0, 0, 0
12549, 250, 0, 0, 0
12649, 210, 0, 0, 0
12749, 280, 0, 0, 0
12850, 190, 0, 0, 0
12950, 170, 0, 0, 0
13050, 220, 0, 0, 0
13150, 190, 0, 0, 0
13249, 222, 0, 0, 0
13349, 190, 0, 0, 0
13449, 230, 0, 0, 0
13549, 210, 0, 0, 0
13649, 240, 0, 0, 0
13749, 210, 0, 0, 0
13849, 190, 0, 0, 0
13950, 270, 0, 0, 0
14050, 250, 0, 0, 0
14150, 210, 0, 0, 0
14249, 212, 0, 0, 0
14349, 180, 0, 0, 0
14449, 270, 0, 0, 0
14549, 240, 0, 0, 0
14649, 190, 0, 0, 0
14749, 210, 0, 0, 0
14849, 190, 0, 0, 0
14949, 210, 0, 0, 0
15050, 190, 0, 0, 0
15150, 190, 0, 0, 0
15249, 181, 0, 0, 0
15349, 210, 0, 0, 0
15449, 270, 0, 0, 0
15549, 200, 0, 0, 0
15649, 270, 0, 0, 0
15749, 210, 0, 0, 0
15849, 250, 0, 0, 0
15949, 220, 0, 0, 0
16049, 300, 0, 0, 0
16149, 260, 0, 0, 0
16250, 160, 0, 0, 0
16350, 230, 0, 0, 0
16450, 220, 0, 0, 0
16550, 190, 0, 0, 0
16650, 230, 0, 0, 0
16749, 232, 0, 0, 0
16849, 270, 0, 0, 0
16949, 200, 0, 0, 0
17049, 310, 0, 0, 0
17149, 190, 0, 0, 0
17249, 220, 0, 0, 0
17349, 190, 0, 0, 0
17450, 170, 0, 0, 0
17550, 250, 0, 0, 0
17650, 180, 0, 0, 0
17749, 181, 0, 0, 0
17849, 190, 0, 0, 0
17949, 240, 0, 0, 0
18049, 220, 0, 0, 0
18149, 200, 0, 0, 0
18249, 210, 0, 0, 0
18349, 180, 0, 0, 0
18450, 180, 0, 0, 0
18550, 170, 0, 0, 0
18650, 230, 0, 0, 0
18749, 222, 0, 0, 0
18849, 210, 0, 0, 0
18949, 180, 0, 0, 0
19049, 230, 0, 0, 0
19149, 230, 0, 0, 0
19249, 240, 0, 0, 0
19349, 260, 0, 0, 0
19449, 230, 0, 0, 0
19549, 230, 0, 0, 0
19650, 180, 0, 0, 0
19749, 272, 0, 0, 0
19849, 270, 0, 0, 0
19949, 210, 0, 0, 0
20049, 240, 0, 0, 0
20149, 210, 0, 0, 0
20249, 240, 0, 0, 0
20349, 310, 0, 0, 0
20449, 140, 0, 0, 0
20549, 180, 0, 0, 0
20649, 210, 0, 0, 0
20750, 270, 0, 0, 0
20850, 270, 0, 0, 0
20950, 260, 0, 0, 0
21050, 210, 0, 0, 0
21150, 200, 0, 0, 0
21249, 262, 0, 0, 0
21349, 230, 0, 0, 0
21449, 200, 0, 0, 0
21549, 190, 0, 0, 0
21649, 290, 0, 0, 0
21749, 260, 0, 0, 0
21849, 230, 0, 0, 0
21949, 240, 0, 0, 0
22050, 190, 0, 0, 0
22150, 180, 0, 0, 0
22249, 232, 0, 0, 0
22349, 210, 0, 0, 0
22449, 220, 0, 0, 0
22549, 190, 0, 0, 0
22649, 170, 0, 0, 0
22749, 190, 0, 0, 0
22849, 250, 0, 0, 0
22949, 240, 0, 0, 0
23049, 260, 0, 0, 0
23150, 270, 0, 0, 0
23249, 161, 0, 0, 0
23349, 240, 0, 0, 0
23449, 240, 0, 0, 0
23549, 250, 0, 0, 0
23649, 140, 0, 0, 0
23749, 210, 0, 0, 0
23849, 230, 0, 0, 0
23949, 120, 0, 0, 0
24049, 230, 0, 0, 0
24149, 170, 0, 0, 0
24250, 190, 0, 0, 0
24350, 270, 0, 0, 0
24450, 210, 0, 0, 0
24550, 170, 0, 0, 0
24650, 230, 0, 0, 0
24749, 242, 0, 0, 0
24849, 180, 0, 0, 0
24949, 210, 0, 0, 0
25049, 180, 0, 0, 0
25149, 250, 0, 0, 0
25249, 190, 0, 0, 0
25350, 250, 0, 0, 0
25450, 220, 0, 0, 0
25550, 210, 0, 0, 0
25650, 210, 0, 0, 0
25749, 171, 0, 0, 0
25849, 200, 0, 0, 0
25949, 290, 0, 0, 0
26049, 250, 0, 0, 0
26149, 220, 0, 0, 0
26249, 240, 0, 0, 0
26349, 240, 0, 0, 0
26449, 190, 0, 0, 0
26550, 230, 0, 0, 0
26650, 120, 0, 0, 0
26749, 171, 0, 0, 0
26849, 250, 0, 0, 0
26949, 250, 0, 0, 0
27049, 130, 0, 0, 0
27149, 260, 0, 0, 0
27249, 250, 0, 0, 0
27349, 140, 0, 0, 0
27449, 180, 0, 0, 0
27550, 210, 0, 0, 0
27650, 190, 0, 0, 0
27749, 222, 0, 0, 0
27849, 250, 0, 0, 0
27949, 210, 0, 0, 0
28049, 180, 0, 0, 0
28149, 190, 0, 0, 0
28249, 190, 0, 0, 0
28349, 200, 0, 0, 0
28449, 210, 0, 0, 0
28549, 270, 0, 0, 0
28649, 250, 0, 0, 0
28750, 270, 0, 0, 0
28850, 240, 0, 0, 0
28950, 200, 0, 0, 0
29050, 200, 0, 0, 0
29150, 260, 0, 0, 0
29249, 232, 0, 0, 0
29349, 220, 0, 0, 0
29449, 290, 0, 0, 0
29549, 210, 0, 0, 0
29649, 210, 0, 0, 0
29749, 230, 0, 0, 0
29849, 210, 0, 0, 0
29950, 200, 0, 0, 0
30050, 240, 0, 0, 0
30150, 200, 0, 0, 0
30249, 262, 0, 0, 0
30349, 240, 0, 0, 0
30449, 250, 0, 0, 0
30549, 220, 0, 0, 0
30649, 330, 0, 0, 0
30749, 150, 0, 0, 0
30849, 270, 0, 0, 0
30949, 170, 0, 0, 0
31049, 240, 0, 0, 0
31150, 290, 0, 0, 0
31249, 252, 0, 0, 0
31349, 260, 0, 0, 0
31449, 220, 0, 0, 0
31549, 210, 0, 0, 0
31649, 260, 0, 0, 0
31749, 250, 0, 0, 0
31849, 220, 0, 0, 0
31949, 270, 0, 0, 0
32049, 260, 0, 0, 0
32149, 210, 0, 0, 0
32249, 220, 0, 0, 0
32349, 270, 0, 0, 0
32449, 280, 0, 0, 0
32550, 210, 0, 0, 0
32650, 190, 0, 0, 0
32749, 242, 0, 0, 0
32849, 240, 0, 0, 0
32949, 240, 0, 0, 0
33049, 210, 0, 0, 0
33149, 270, 0, 0, 0
33249, 230, 0, 0, 0
33349, 200, 0, 0, 0
33449, 250, 0, 0, 0
33549, 210, 0, 0, 0
33649, 220, 0, 0, 0
33750, 330, 0, 0, 0
33850, 240, 0, 0, 0
33950, 220, 0, 0, 0
34050, 190, 0, 0, 0
34150, 250, 0, 0, 0
34249, 252, 0, 0, 0
34349, 220, 0, 0, 0
34449, 200, 0, 0, 0
34549, 260, 0, 0, 0
34649, 200, 0, 0, 0
34749, 280, 0, 0, 0
34850, 280, 0, 0, 0
34950, 260, 0, 0, 0
35050, 180, 0, 0, 0
35150, 240, 0, 0, 0
35249, 303, 0, 0, 0
35349, 220, 0, 0, 0
35449, 200, 0, 0, 0
35549, 230, 0, 0, 0
35649, 240, 0, 0, 0
35749, 190, 0, 0, 0
35849, 200, 0, 0, 0
35949, 230, 0, 0, 0
36049, 240, 0, 0, 0
36150, 270, 0, 0, 0
36249, 222, 0, 0, 0
36349, 270, 0, 0, 0
36449, 220, 0, 0, 0
36549, 170, 0, 0, 0
36649, 210, 0, 0, 0
36749, 240, 0, 0, 0
36849, 290, 0, 0, 0
36949, 260, 0, 0, 0
37049, 190, 0, 0, 0
37149, 170, 0, 0, 0
37249, 160, 0, 0, 0
37350, 150, 0, 0, 0
37450, 230, 0, 0, 0
37550, 150, 0, 0, 0
37650, 220, 0, 0, 0
37749, 191, 0, 0, 0
37849, 230, 0, 0, 0
37949, 210, 0, 0, 0
38049, 180, 0, 0, 0
38149, 160, 0, 0, 0
38249, 130, 0, 0, 0
38349, 170, 0, 0, 0
38449, 170, 0, 0, 0
38549, 190, 0, 0, 0
38650, 210, 0, 0, 0
38749, 151, 0, 0, 0
38849, 180, 0, 0, 0
38949, 190, 0, 0, 0
39049, 170, 0, 0, 0
39149, 140, 0, 0, 0
39249, 140, 0, 0, 0
39349, 200, 0, 0, 0
39449, 170, 0, 0, 0
39549, 160, 0, 0, 0
39649, 180, 0, 0, 0
39749, 190, 0, 0, 0
39850, 200, 0, 0, 0
39950, 190, 0, 0, 0
40050, 160, 0, 0, 0
40150, 220, 0, 0, 0
40249, 232, 0, 0, 0
40349, 190, 0, 0, 0
40449, 170, 0, 0, 0
40549, 190, 0, 0, 0
40649, 180, 0, 0, 0
40749, 210, 0, 0, 0
40849, 170, 0, 0, 0
40949, 170, 0, 0, 0
41049, 200, 0, 0, 0
41150, 150, 0, 0, 0
41249, 181, 0, 0, 0
41349, 180, 0, 0, 0
41449, 190, 0, 0, 0
41549, 160, 0, 0, 0
41649, 190, 0, 0, 0
41749, 180, 0, 0, 0
41849, 190, 0, 0, 0
41949, 220, 0, 0, 0
42049, 160, 0, 0, 0
42149, 180, 0, 0, 0
42249, 170, 0, 0, 0
42350, 170, 0, 0, 0
42450, 180, 0, 0, 0
42550, 160, 0, 0, 0
42650, 200, 0, 0, 0
42749, 202, 0, 0, 0
42849, 230, 0, 0, 0
42949, 180, 0, 0, 0
43049, 170, 0, 0, 0
43149, 140, 0, 0, 0
43249, 180, 0, 0, 0
43349, 210, 0, 0, 0
43449, 240, 0, 0, 0
43550, 170, 0, 0, 0
43650, 160, 0, 0, 0
43749, 161, 0, 0, 0
43849, 200, 0, 0, 0
43949, 170, 0, 0, 0
44049, 200, 0, 0, 0
44149, 190, 0, 0, 0
44249, 200, 0, 0, 0
44349, 110, 0, 0, 0
44449, 190, 0, 0, 0
44550, 210, 0, 0, 0
44650, 200, 0, 0, 0
44749, 212, 0, 0, 0
44849, 210, 0, 0, 0
44949, 200, 0, 0, 0
45049, 190, 0, 0, 0
45149, 200, 0, 0, 0
45249, 170, 0, 0, 0
45349, 200, 0, 0, 0
45449, 190, 0, 0, 0
45549, 190, 0, 0, 0
45649, 220, 0, 0, 0
45750, 200, 0, 0, 0
45850, 200, 0, 0, 0
45950, 200, 0, 0, 0
46050, 180, 0, 0, 0
46150, 190, 0, 0, 0
46249, 151, 0, 0, 0
46349, 190, 0, 0, 0
46449, 180, 0, 0, 0
46549, 160, 0, 0, 0
46649, 200, 0, 0, 0
46749, 190, 0, 0, 0
46849, 200, 0, 0, 0
46950, 130, 0, 0, 0
47050, 160, 0, 0, 0
47150, 230, 0, 0, 0
47249, 181, 0, 0, 0
47349, 200, 0, 0, 0
47449, 210, 0, 0, 0
47549, 200, 0, 0, 0
47649, 190, 0, 0, 0
47749, 170, 0, 0, 0
47849, 170, 0, 0, 0
47949, 180, 0, 0, 0
48050, 180, 0, 0, 0
48150, 240, 0, 0, 0
48249, 111, 0, 0, 0
48349, 170, 0, 0, 0
48449, 200, 0, 0, 0
48549, 170, 0, 0, 0
48649, 190, 0, 0, 0
48749, 200, 0, 0, 0
48849, 170, 0, 0, 0
48949, 170, 0, 0, 0
49049, 150, 0, 0, 0
49149, 210, 0, 0, 0
49250, 150, 0, 0, 0
49350, 190, 0, 0, 0
49450, 160, 0, 0, 0
49550, 180, 0, 0, 0
49650, 150, 0, 0, 0
49749, 171, 0, 0, 0
49849, 170, 0, 0, 0
49949, 160, 0, 0, 0
50049, 160, 0, 0, 0
50149, 180, 0, 0, 0
50249, 150, 0, 0, 0
50349, 160, 0, 0, 0
50449, 200, 0, 0, 0
50550, 150, 0, 0, 0
50650, 160, 0, 0, 0
50749, 181, 0, 0, 0
50849, 160, 0, 0, 0
50949, 200, 0, 0, 0
51049, 200, 0, 0, 0
51149, 160, 0, 0, 0
51249, 170, 0, 0, 0
51349, 190, 0, 0, 0
51449, 220, 0, 0, 0
51549, 160, 0, 0, 0
51649, 200, 0, 0, 0
51749, 181, 0, 0, 0
51849, 180, 0, 0, 0
51949, 180, 0, 0, 0
52049, 230, 0, 0, 0
52149, 160, 0, 0, 0
52249, 170, 0, 0, 0
52349, 190, 0, 0, 0
52449, 210, 0, 0, 0
52549, 160, 0, 0, 0
52649, 210, 0, 0, 0
52749, 180, 0, 0, 0
52849, 170, 0, 0, 0
52950, 230, 0, 0, 0
53050, 180, 0, 0, 0
53150, 110, 0, 0, 0
53249, 181, 0, 0, 0
53349, 170, 0, 0, 0
53449, 140, 0, 0, 0
53549, 200, 0, 0, 0
53649, 150, 0, 0, 0
53749, 200, 0, 0, 0
53849, 170, 0, 0, 0
53949, 220, 0, 0, 0
54050, 220, 0, 0, 0
54150, 180, 0, 0, 0
54249, 171, 0, 0, 0
54349, 160, 0, 0, 0
54449, 150, 0, 0, 0
54549, 170, 0, 0, 0
54649, 220, 0, 0, 0
54749, 130, 0, 0, 0
54849, 150, 0, 0, 0
54949, 180, 0, 0, 0
55049, 160, 0, 0, 0
55149, 160, 0, 0, 0
55250, 190, 0, 0, 0
55350, 160, 0, 0, 0
55450, 150, 0, 0, 0
55550, 160, 0, 0, 0
55650, 200, 0, 0, 0
55749, 181, 0, 0, 0
55849, 170, 0, 0, 0
55949, 170, 0, 0, 0
56049, 190, 0, 0, 0
56149, 160, 0, 0, 0
56249, 160, 0, 0, 0
56349, 170, 0, 0, 0
56450, 160, 0, 0, 0
56550, 180, 0, 0, 0
56650, 190, 0, 0, 0
56749, 131, 0, 0, 0
56849, 160, 0, 0, 0
56949, 150, 0, 0, 0
57049, 170, 0, 0, 0
57149, 170, 0, 0, 0
57249, 160, 0, 0, 0
57349, 120, 0, 0, 0
57449, 160, 0, 0, 0
57550, 170, 0, 0, 0
57650, 190, 0, 0, 0
57749, 181, 0, 0, 0
57849, 170, 0, 0, 0
57949, 140, 0, 0, 0
58049, 190, 0, 0, 0
58149, 150, 0, 0, 0
58249, 190, 0, 0, 0
58349, 180, 0, 0, 0
58449, 200, 0, 0, 0
58549, 200, 0, 0, 0
58649, 180, 0, 0, 0
58749, 171, 0, 0, 0
58849, 150, 0, 0, 0
58949, 170, 0, 0, 0
59049, 160, 0, 0, 0
59149, 160, 0, 0, 0
59249, 130, 0, 0, 0
59349, 170, 0, 0, 0
59449, 180, 0, 0, 0
59549, 140, 0, 0, 0
59649, 150, 0, 0, 0
59749, 170, 0, 0, 0
59849, 130, 0, 0, 0
59950, 220, 0, 0, 0
