250, 576, 0, 0, 0
350, 540, 0, 0, 0
450, 460, 0, 0, 0
550, 500, 0, 0, 0
650, 600, 0, 0, 0
749, 505, 0, 0, 0
849, 490, 0, 0, 0
949, 520, 0, 0, 0
1049, 550, 0, 0, 0
1149, 570, 0, 0, 0
1250, 560, 0, 0, 0
1350, 570, 0, 0, 0
1450, 510, 0, 0, 0
1550, 590, 0, 0, 0
1650, 600, 0, 0, 0
1749, 545, 0, 0, 0
1849, 580, 0, 0, 0
1949, 500, 0, 0, 0
2049, 590, 0, 0, 0
2149, 560, 0, 0, 0
2250, 570, 0, 0, 0
2350, 580, 0, 0, 0
2450, 570, 0, 0, 0
2550, 570, 0, 0, 0
2650, 550, 0, 0, 0
2749, 565, 0, 0, 0
2849, 550, 0, 0, 0
2950, 560, 0, 0, 0
3050, 570, 0, 0, 0
3150, 600, 0, 0, 0
3249, 585, 0, 0, 0
3349, 580, 0, 0, 0
3449, 590, 0, 0, 0
3549, 540, 0, 0, 0
3649, 610, 0, 0, 0
3749, 560, 0, 0, 0
3849, 540, 0, 0, 0
3949, 610, 0, 0, 0
4050, 540, 0, 0, 0
4150, 570, 0, 0, 0
4249, 545, 0, 0, 0
4349, 580, 0, 0, 0
4449, 550, 0, 0, 0
4549, 600, 0, 0, 0
4649, 530, 0, 0, 0
4749, 590, 0, 0, 0
4849, 550, 0, 0, 0
4949, 550, 0, 0, 0
5049, 510, 0, 0, 0
5149, 540, 0, 0, 0
5250, 570, 0, 0, 0
5350, 590, 0, 0, 0
5450, 570, 0, 0, 0
5550, 550, 0, 0, 0
5650, 560, 0, 0, 0
5749, 565, 0, 0, 0
5849, 570, 0, 0, 0
5949, 520, 0, 0, 0
6049, 600, 0, 0, 0
6149, 530, 0, 0, 0
6249, 610, 0, 0, 0
6350, 560, 0, 0, 0
6450, 570, 0, 0, 0
6550, 510, 0, 0, 0
6650, 540, 0, 0, 0
6749, 555, 0, 0, 0
6849, 580, 0, 0, 0
6949, 550, 0, 0, 0
7049, 510, 0, 0, 0
7149, 560, 0, 0, 0
7249, 590, 0, 0, 0
7349, 590, 0, 0, 0
7449, 520, 0, 0, 0
7550, 520, 0, 0, 0
7650, 560, 0, 0, 0
7749, 545, 0, 0, 0
7849, 540, 0, 0, 0
7949, 600, 0, 0, 0
8049, 570, 0, 0, 0
8149, 540, 0, 0, 0
8249, 510, 0, 0, 0
8349, 530, 0, 0, 0
8449, 500, 0, 0, 0
8549, 580, 0, 0, 0
8649, 590, 0, 0, 0
8750, 540, 0, 0, 0
8850, 520, 0, 0, 0
8950, 570, 0, 0, 0
9050, 590, 0, 0, 0
9150, 570, 0, 0, 0
9249, 575, 0, 0, 0
9349, 590, 0, 0, 0
9449, 520, 0, 0, 0
9549, 630, 0, 0, 0
9649, 620, 0, 0, 0
9749, 610, 0, 0, 0
9850, 550, 0, 0, 0
9950, 610, 0, 0, 0
10050, 600, 0, 0, 0
10150, 550, 0, 0, 0
10249, 575, 0, 0, 0
10349, 540, 0, 0, 0
10449, 640, 0, 0, 0
10549, 590, 0, 0, 0
10649, 540, 0, 0, 0
10749, 520, 0, 0, 0
10849, 530, 0, 0, 0
10949, 530, 0, 0, 0
11050, 490, 0, 0, 0
11150, 600, 0, 0, 0
11249, 585, 0, 0, 0
11349, 560, 0, 0, 0
11449, 540, 0, 0, 0
11549, 530, 0, 0, 0
11649, 550, 0, 0, 0
11749, 570, 0, 0, 0
11849, 600, 0, 0, 0
11949, 520, 0, 0, 0
12050, 530, 0, 0, 0
12150, 500, 0, 0, 0
12249, 525, 0, 0, 0
12349, 500, 0, 0, 0
12449, 530, 0, 0, 0
12549, 550, 0, 0, 0
12649, 590, 0, 0, 0
12749, 560, 0, 0, 0
12849, 570, 0, 0, 0
12949, 530, 0, 0, 0
13049, 600, 0, 0, 0
13150, 540, 0, 0, 0
13249, 555, 0, 0, 0
13349, 610, 0, 0, 0
13449, 570, 0, 0, 0
13549, 550, 0, 0, 0
13649, 510, 0, 0, 0
13749, 530, 0, 0, 0
13849, 610, 0, 0, 0
13949, 520, 0, 0, 0
14049, 520, 0, 0, 0
14149, 570, 0, 0, 0
14250, 550, 0, 0, 0
14350, 540, 0, 0, 0
14450, 530, 0, 0, 0
14550, 610, 0, 0, 0
14650, 510, 0, 0, 0
14749, 505, 0, 0, 0
14849, 560, 0, 0, 0
14949, 600, 0, 0, 0
15049, 570, 0, 0, 0
15149, 610, 0, 0, 0
15249, 600, 0, 0, 0
15350, 610, 0, 0, 0
15450, 570, 0, 0, 0
15550, 510, 0, 0, 0
15650, 550, 0, 0, 0
15749, 515, 0, 0, 0
15849, 540, 0, 0, 0
15949, 520, 0, 0, 0
16049, 580, 0, 0, 0
16149, 550, 0, 0, 0
16249, 530, 0, 0, 0
16349, 610, 0, 0, 0
16449, 560, 0, 0, 0
16550, 600, 0, 0, 0
16650, 580, 0, 0, 0
16749, 545, 0, 0, 0
16849, 570, 0, 0, 0
16949, 560, 0, 0, 0
17049, 530, 0, 0, 0
17149, 560, 0, 0, 0
17249, 520, 0, 0, 0
17349, 570, 0, 0, 0
17449, 540, 0, 0, 0
17550, 500, 0, 0, 0
17650, 580, 0, 0, 0
17749, 565, 0, 0, 0
17849, 600, 0, 0, 0
17949, 540, 0, 0, 0
18049, 520, 0, 0, 0
18149, 520, 0, 0, 0
18249, 570, 0, 0, 0
18349, 560, 0, 0, 0
18449, 560, 0, 0, 0
18549, 610, 0, 0, 0
18650, 560, 0, 0, 0
18749, 595, 0, 0, 0
18849, 520, 0, 0, 0
18949, 540, 0, 0, 0
19049, 550, 0, 0, 0
19149, 600, 0, 0, 0
19249, 550, 0, 0, 0
19349, 580, 0, 0, 0
19449, 610, 0, 0, 0
19549, 610, 0, 0, 0
19650, 580, 0, 0, 0
19749, 565, 0, 0, 0
19849, 540, 0, 0, 0
19949, 610, 0, 0, 0
20049, 530, 0, 0, 0
20149, 590, 0, 0, 0
20249, 550, 0, 0, 0
20349, 550, 0, 0, 0
20449, 510, 0, 0, 0
20549, 530, 0, 0, 0
20649, 560, 0, 0, 0
20750, 600, 0, 0, 0
20850, 560, 0, 0, 0
20950, 550, 0, 0, 0
21050, 530, 0, 0, 0
21150, 550, 0, 0, 0
21249, 545, 0, 0, 0
21349, 550, 0, 0, 0
21449, 530, 0, 0, 0
21549, 650, 0, 0, 0
21649, 540, 0, 0, 0
21749, 500, 0, 0, 0
21850, 490, 0, 0, 0
21950, 570, 0, 0, 0
22050, 490, 0, 0, 0
22150, 560, 0, 0, 0
22249, 575, 0, 0, 0
22349, 570, 0, 0, 0
22449, 600, 0, 0, 0
22549, 520, 0, 0, 0
22649, 540, 0, 0, 0
22749, 630, 0, 0, 0
22849, 530, 0, 0, 0
22949, 580, 0, 0, 0
23050, 540, 0, 0, 0
23150, 570, 0, 0, 0
23249, 494, 0, 0, 0
23349, 510, 0, 0, 0
23449, 500, 0, 0, 0
23549, 550, 0, 0, 0
23649, 500, 0, 0, 0
23749, 540, 0, 0, 0
23849, 530, 0, 0, 0
23949, 520, 0, 0, 0
24050, 560, 0, 0, 0
24150, 560, 0, 0, 0
24249, 555, 0, 0, 0
24349, 550, 0, 0, 0
24449, 600, 0, 0, 0
24549, 570, 0, 0, 0
24649, 540, 0, 0, 0
24749, 600, 0, 0, 0
24849, 580, 0, 0, 0
24949, 510, 0, 0, 0
25049, 600, 0, 0, 0
25149, 560, 0, 0, 0
25250, 540, 0, 0, 0
25350, 550, 0, 0, 0
25450, 560, 0, 0, 0
25550, 550, 0, 0, 0
25650, 610, 0, 0, 0
25749, 585, 0, 0, 0
25849, 610, 0, 0, 0
25949, 580, 0, 0, 0
26049, 600, 0, 0, 0
26149, 550, 0, 0, 0
26249, 550, 0, 0, 0
26349, 550, 0, 0, 0
26449, 570, 0, 0, 0
26550, 530, 0, 0, 0
26650, 540, 0, 0, 0
26749, 606, 0, 0, 0
26849, 560, 0, 0, 0
26949, 590, 0, 0, 0
27049, 710, 0, 0, 0
27149, 620, 0, 0, 0
27249, 540, 0, 0, 0
27349, 560, 0, 0, 0
27449, 610, 0, 0, 0
27550, 520, 0, 0, 0
27650, 580, 0, 0, 0
27749, 555, 0, 0, 0
27849, 590, 0, 0, 0
27949, 640, 0, 0, 0
28049, 610, 0, 0, 0
28149, 560, 0, 0, 0
28249, 560, 0, 0, 0
28349, 540, 0, 0, 0
28449, 610, 0, 0, 0
28549, 550, 0, 0, 0
28649, 600, 0, 0, 0
28750, 580, 0, 0, 0
28850, 540, 0, 0, 0
28950, 570, 0, 0, 0
29050, 490, 0, 0, 0
29150, 500, 0, 0, 0
29249, 565, 0, 0, 0
29349, 590, 0, 0, 0
29449, 570, 0, 0, 0
29549, 510, 0, 0, 0
29649, 630, 0, 0, 0
29750, 600, 0, 0, 0
29850, 580, 0, 0, 0
29950, 490, 0, 0, 0
30050, 530, 0, 0, 0
30150, 630, 0, 0, 0
30249, 535, 0, 0, 0
30349, 520, 0, 0, 0
30449, 530, 0, 0, 0
30549, 590, 0, 0, 0
30649, 580, 0, 0, 0
30749, 590, 0, 0, 0
30850, 590, 0, 0, 0
30950, 560, 0, 0, 0
31050, 550, 0, 0, 0
31150, 590, 0, 0, 0
31249, 535, 0, 0, 0
31349, 510, 0, 0, 0
31449, 560, 0, 0, 0
31549, 570, 0, 0, 0
31649, 520, 0, 0, 0
31749, 600, 0, 0, 0
31849, 550, 0, 0, 0
31950, 560, 0, 0, 0
32050, 510, 0, 0, 0
32150, 600, 0, 0, 0
32249, 606, 0, 0, 0
32349, 620, 0, 0, 0
32449, 600, 0, 0, 0
32549, 560, 0, 0, 0
32649, 520, 0, 0, 0
32749, 600, 0, 0, 0
32849, 600, 0, 0, 0
32949, 610, 0, 0, 0
33050, 600, 0, 0, 0
33150, 560, 0, 0, 0
33249, 565, 0, 0, 0
33349, 560, 0, 0, 0
33449, 540, 0, 0, 0
33549, 530, 0, 0, 0
33649, 590, 0, 0, 0
33749, 550, 0, 0, 0
33849, 600, 0, 0, 0
33949, 610, 0, 0, 0
34050, 560, 0, 0, 0
34150, 600, 0, 0, 0
34249, 585, 0, 0, 0
34349, 580, 0, 0, 0
34449, 610, 0, 0, 0
34549, 540, 0, 0, 0
34649, 570, 0, 0, 0
34749, 600, 0, 0, 0
34849, 530, 0, 0, 0
34949, 530, 0, 0, 0
35050, 610, 0, 0, 0
35150, 550, 0, 0, 0
35249, 545, 0, 0, 0
35349, 510, 0, 0, 0
35449, 510, 0, 0, 0
35549, 570, 0, 0, 0
35649, 610, 0, 0, 0
35749, 610, 0, 0, 0
35849, 540, 0, 0, 0
35949, 520, 0, 0, 0
36049, 580, 0, 0, 0
36150, 580, 0, 0, 0
36249, 575, 0, 0, 0
36349, 540, 0, 0, 0
36449, 570, 0, 0, 0
36549, 630, 0, 0, 0
36649, 550, 0, 0, 0
36749, 600, 0, 0, 0
36849, 580, 0, 0, 0
36949, 590, 0, 0, 0
37049, 510, 0, 0, 0
37150, 570, 0, 0, 0
37249, 636, 0, 0, 0
37349, 510, 0, 0, 0
37449, 570, 0, 0, 0
37549, 570, 0, 0, 0
37649, 490, 0, 0, 0
37749, 530, 0, 0, 0
37849, 530, 0, 0, 0
37949, 600, 0, 0, 0
38049, 530, 0, 0, 0
38149, 580, 0, 0, 0
38250, 580, 0, 0, 0
38350, 590, 0, 0, 0
38450, 510, 0, 0, 0
38550, 610, 0, 0, 0
38650, 530, 0, 0, 0
38749, 565, 0, 0, 0
38849, 510, 0, 0, 0
38949, 530, 0, 0, 0
39049, 580, 0, 0, 0
39149, 560, 0, 0, 0
39249, 470, 0, 0, 0
39350, 520, 0, 0, 0
39450, 580, 0, 0, 0
39550, 580, 0, 0, 0
39650, 580, 0, 0, 0
39749, 565, 0, 0, 0
39849, 510, 0, 0, 0
39949, 610, 0, 0, 0
40049, 520, 0, 0, 0
40149, 590, 0, 0, 0
40249, 540, 0, 0, 0
40349, 600, 0, 0, 0
40449, 500, 0, 0, 0
40550, 610, 0, 0, 0
40650, 520, 0, 0, 0
40749, 636, 0, 0, 0
40849, 600, 0, 0, 0
40949, 560, 0, 0, 0
41049, 530, 0, 0, 0
41149, 550, 0, 0, 0
41249, 600, 0, 0, 0
41349, 520, 0, 0, 0
41449, 550, 0, 0, 0
41549, 530, 0, 0, 0
41649, 590, 0, 0, 0
41750, 530, 0, 0, 0
41850, 530, 0, 0, 0
41950, 560, 0, 0, 0
42050, 540, 0, 0, 0
42150, 550, 0, 0, 0
42249, 585, 0, 0, 0
42349, 570, 0, 0, 0
42449, 550, 0, 0, 0
42549, 620, 0, 0, 0
42649, 550, 0, 0, 0
42749, 540, 0, 0, 0
42849, 560, 0, 0, 0
42949, 620, 0, 0, 0
43050, 600, 0, 0, 0
43150, 580, 0, 0, 0
43249, 575, 0, 0, 0
43349, 580, 0, 0, 0
43449, 620, 0, 0, 0
43549, 580, 0, 0, 0
43649, 600, 0, 0, 0
43749, 650, 0, 0, 0
43849, 510, 0, 0, 0
43949, 540, 0, 0, 0
44049, 580, 0, 0, 0
44149, 560, 0, 0, 0
44250, 510, 0, 0, 0
44350, 530, 0, 0, 0
44450, 540, 0, 0, 0
44550, 590, 0, 0, 0
44650, 510, 0, 0, 0
44749, 515, 0, 0, 0
44849, 500, 0, 0, 0
44949, 530, 0, 0, 0
45049, 600, 0, 0, 0
45149, 540, 0, 0, 0
45249, 560, 0, 0, 0
45350, 560, 0, 0, 0
45450, 610, 0, 0, 0
45550, 610, 0, 0, 0
45650, 590, 0, 0, 0
45749, 585, 0, 0, 0
45849, 600, 0, 0, 0
45949, 560, 0, 0, 0
46049, 530, 0, 0, 0
46149, 570, 0, 0, 0
46249, 580, 0, 0, 0
46349, 570, 0, 0, 0
46449, 530, 0, 0, 0
46550, 620, 0, 0, 0
46650, 610, 0, 0, 0
46749, 565, 0, 0, 0
46849, 560, 0, 0, 0
46949, 540, 0, 0, 0
47049, 540, 0, 0, 0
47149, 520, 0, 0, 0
47249, 540, 0, 0, 0
47349, 600, 0, 0, 0
47449, 540, 0, 0, 0
47549, 650, 0, 0, 0
47649, 640, 0, 0, 0
47750, 600, 0, 0, 0
47850, 520, 0, 0, 0
47950, 580, 0, 0, 0
48050, 600, 0, 0, 0
48150, 610, 0, 0, 0
48249, 616, 0, 0, 0
48349, 560, 0, 0, 0
48449, 580, 0, 0, 0
48549, 580, 0, 0, 0
48649, 580, 0, 0, 0
48749, 540, 0, 0, 0
48849, 590, 0, 0, 0
48949, 530, 0, 0, 0
49050, 630, 0, 0, 0
49150, 580, 0, 0, 0
49249, 606, 0, 0, 0
49349, 550, 0, 0, 0
49449, 560, 0, 0, 0
49549, 630, 0, 0, 0
49649, 560, 0, 0, 0
49749, 590, 0, 0, 0
49849, 600, 0, 0, 0
49949, 560, 0, 0, 0
50049, 600, 0, 0, 0
50150, 600, 0, 0, 0
50250, 570, 0, 0, 0
50350, 610, 0, 0, 0
50450, 540, 0, 0, 0
50550, 620, 0, 0, 0
50650, 650, 0, 0, 0
50749, 565, 0, 0, 0
50849, 550, 0, 0, 0
50949, 560, 0, 0, 0
51049, 550, 0, 0, 0
51149, 620, 0, 0, 0
51249, 560, 0, 0, 0
51349, 530, 0, 0, 0
51450, 560, 0, 0, 0
51550, 530, 0, 0, 0
51650, 560, 0, 0, 0
51749, 656, 0, 0, 0
51849, 520, 0, 0, 0
51949, 580, 0, 0, 0
52049, 610, 0, 0, 0
52149, 560, 0, 0, 0
52249, 570, 0, 0, 0
52349, 580, 0, 0, 0
52449, 540, 0, 0, 0
52550, 560, 0, 0, 0
52650, 530, 0, 0, 0
52749, 545, 0, 0, 0
52849, 530, 0, 0, 0
52949, 550, 0, 0, 0
53049, 610, 0, 0, 0
53149, 640, 0, 0, 0
53249, 560, 0, 0, 0
53349, 550, 0, 0, 0
53449, 630, 0, 0, 0
53549, 620, 0, 0, 0
53649, 500, 0, 0, 0
53750, 690, 0, 0, 0
53850, 570, 0, 0, 0
53950, 580, 0, 0, 0
54050, 570, 0, 0, 0
54150, 560, 0, 0, 0
54249, 606, 0, 0, 0
54349, 620, 0, 0, 0
54449, 590, 0, 0, 0
54549, 590, 0, 0, 0
54649, 580, 0, 0, 0
54749, 580, 0, 0, 0
54849, 570, 0, 0, 0
54949, 560, 0, 0, 0
55050, 610, 0, 0, 0
55150, 610, 0, 0, 0
55249, 606, 0, 0, 0
55349, 650, 0, 0, 0
55449, 590, 0, 0, 0
55549, 510, 0, 0, 0
55649, 590, 0, 0, 0
55749, 570, 0, 0, 0
55849, 610, 0, 0, 0
55949, 650, 0, 0, 0
56049, 560, 0, 0, 0
56149, 590, 0, 0, 0
56250, 560, 0, 0, 0
56350, 570, 0, 0, 0
56450, 530, 0, 0, 0
56550, 550, 0, 0, 0
56650, 590, 0, 0, 0
56749, 565, 0, 0, 0
56849, 620, 0, 0, 0
56949, 550, 0, 0, 0
57049, 590, 0, 0, 0
57149, 570, 0, 0, 0
57249, 560, 0, 0, 0
57349, 490, 0, 0, 0
57449, 580, 0, 0, 0
57550, 630, 0, 0, 0
57650, 580, 0, 0, 0
57749, 545, 0, 0, 0
57849, 640, 0, 0, 0
57949, 530, 0, 0, 0
58049, 630, 0, 0, 0
58149, 600, 0, 0, 0
58249, 650, 0, 0, 0
58349, 580, 0, 0, 0
58449, 530, 0, 0, 0
58549, 600, 0, 0, 0
58649, 500, 0, 0, 0
58750, 530, 0, 0, 0
58850, 670, 0, 0, 0
58950, 660, 0, 0, 0
59050, 580, 0, 0, 0
59150, 610, 0, 0, 0
59249, 555, 0, 0, 0
59349, 580, 0, 0, 0
59449, 550, 0, 0, 0
59549, 590, 0, 0, 0
59649, 570, 0, 0, 0
59749, 710, 0, 0, 0
59849, 540, 0, 0, 0
59949, 650, 0, 0, 0
