250, 238080, 0, 0, 0
350, 245760, 0, 0, 0
450, 245760, 0, 0, 0
550, 249600, 0, 0, 0
650, 238080, 0, 0, 0
749, 232727, 0, 0, 0
849, 253440, 0, 0, 0
949, 241920, 0, 0, 0
1049, 264960, 0, 0, 0
1149, 241920, 0, 0, 0
1249, 249600, 0, 0, 0
1349, 261120, 0, 0, 0
1449, 253440, 0, 0, 0
1550, 245760, 0, 0, 0
1650, 245760, 0, 0, 0
1749, 244363, 0, 0, 0
1849, 253440, 0, 0, 0
1949, 249600, 0, 0, 0
2049, 226560, 0, 0, 0
2149, 234240, 0, 0, 0
2249, 234240, 0, 0, 0
2349, 249600, 0, 0, 0
2449, 241920, 0, 0, 0
2549, 253440, 0, 0, 0
2649, 245760, 0, 0, 0
2749, 245760, 0, 0, 0
2849, 241920, 0, 0, 0
2950, 230400, 0, 0, 0
3050, 241920, 0, 0, 0
3150, 230400, 0, 0, 0
3249, 244363, 0, 0, 0
3349, 253440, 0, 0, 0
3449, 241920, 0, 0, 0
3549, 226560, 0, 0, 0
3649, 249600, 0, 0, 0
3749, 245760, 0, 0, 0
3849, 241920, 0, 0, 0
3949, 253440, 0, 0, 0
4049, 241920, 0, 0, 0
4149, 249600, 0, 0, 0
4249, 257280, 0, 0, 0
4349, 245760, 0, 0, 0
4449, 261120, 0, 0, 0
4549, 268800, 0, 0, 0
4650, 230400, 0, 0, 0
4750, 249600, 0, 0, 0
4850, 226560, 0, 0, 0
4950, 230400, 0, 0, 0
5050, 234240, 0, 0, 0
5150, 238080, 0, 0, 0
5249, 252121, 0, 0, 0
5349, 249600, 0, 0, 0
5449, 253440, 0, 0, 0
5549, 241920, 0, 0, 0
5649, 253440, 0, 0, 0
5749, 253440, 0, 0, 0
5849, 241920, 0, 0, 0
5949, 238080, 0, 0, 0
6049, 261120, 0, 0, 0
6150, 238080, 0, 0, 0
6249, 248242, 0, 0, 0
6349, 241920, 0, 0, 0
6449, 241920, 0, 0, 0
6549, 241920, 0, 0, 0
6649, 245760, 0, 0, 0
6749, 241920, 0, 0, 0
6849, 241920, 0, 0, 0
6949, 253440, 0, 0, 0
7049, 245760, 0, 0, 0
7149, 238080, 0, 0, 0
7249, 253440, 0, 0, 0
7349, 257280, 0, 0, 0
7449, 253440, 0, 0, 0
7549, 238080, 0, 0, 0
7649, 226560, 0, 0, 0
7750, 238080, 0, 0, 0
7850, 245760, 0, 0, 0
7950, 234240, 0, 0, 0
8050, 249600, 0, 0, 0
8150, 249600, 0, 0, 0
8249, 240484, 0, 0, 0
8349, 261120, 0, 0, 0
8449, 230400, 0, 0, 0
8549, 245760, 0, 0, 0
8649, 234240, 0, 0, 0
8749, 241920, 0, 0, 0
8849, 245760, 0, 0, 0
8949, 253440, 0, 0, 0
9049, 245760, 0, 0, 0
9149, 230400, 0, 0, 0
9250, 241920, 0, 0, 0
9350, 249600, 0, 0, 0
9450, 238080, 0, 0, 0
9550, 261120, 0, 0, 0
9650, 238080, 0, 0, 0
9749, 236606, 0, 0, 0
9849, 241920, 0, 0, 0
9949, 241920, 0, 0, 0
10049, 253440, 0, 0, 0
10149, 245760, 0, 0, 0
10249, 230400, 0, 0, 0
10349, 230400, 0, 0, 0
10449, 241920, 0, 0, 0
10549, 249600, 0, 0, 0
10649, 238080, 0, 0, 0
10749, 245760, 0, 0, 0
10849, 253440, 0, 0, 0
10950, 241920, 0, 0, 0
11050, 253440, 0, 0, 0
11150, 245760, 0, 0, 0
11249, 240484, 0, 0, 0
11349, 261120, 0, 0, 0
11449, 261120, 0, 0, 0
11549, 249600, 0, 0, 0
11649, 261120, 0, 0, 0
11749, 249600, 0, 0, 0
11849, 253440, 0, 0, 0
11949, 245760, 0, 0, 0
12049, 249600, 0, 0, 0
12149, 234240, 0, 0, 0
12249, 261120, 0, 0, 0
12349, 257280, 0, 0, 0
12449, 257280, 0, 0, 0
12550, 230400, 0, 0, 0
12650, 245760, 0, 0, 0
12749, 263757, 0, 0, 0
12849, 249600, 0, 0, 0
12949, 241920, 0, 0, 0
13049, 245760, 0, 0, 0
13149, 261120, 0, 0, 0
13249, 245760, 0, 0, 0
13349, 245760, 0, 0, 0
13449, 253440, 0, 0, 0
13549, 238080, 0, 0, 0
13649, 253440, 0, 0, 0
13749, 241920, 0, 0, 0
13849, 245760, 0, 0, 0
13949, 241920, 0, 0, 0
14050, 238080, 0, 0, 0
14150, 241920, 0, 0, 0
14249, 259878, 0, 0, 0
14349, 257280, 0, 0, 0
14449, 238080, 0, 0, 0
14549, 257280, 0, 0, 0
14649, 249600, 0, 0, 0
14749, 230400, 0, 0, 0
14849, 253440, 0, 0, 0
14949, 241920, 0, 0, 0
15049, 238080, 0, 0, 0
15149, 241920, 0, 0, 0
15249, 245760, 0, 0, 0
15349, 241920, 0, 0, 0
15449, 257280, 0, 0, 0
15550, 245760, 0, 0, 0
15650, 249600, 0, 0, 0
15749, 240484, 0, 0, 0
15849, 253440, 0, 0, 0
15949, 226560, 0, 0, 0
16049, 245760, 0, 0, 0
16149, 261120, 0, 0, 0
16249, 245760, 0, 0, 0
16349, 249600, 0, 0, 0
16449, 257280, 0, 0, 0
16549, 249600, 0, 0, 0
16649, 249600, 0, 0, 0
16749, 238080, 0, 0, 0
16849, 238080, 0, 0, 0
16949, 249600, 0, 0, 0
17049, 249600, 0, 0, 0
17149, 249600, 0, 0, 0
17250, 261120, 0, 0, 0
17350, 257280, 0, 0, 0
17450, 249600, 0, 0, 0
17550, 253440, 0, 0, 0
17650, 264960, 0, 0, 0
17749, 263757, 0, 0, 0
17849, 249600, 0, 0, 0
17949, 241920, 0, 0, 0
18049, 261120, 0, 0, 0
18149, 249600, 0, 0, 0
18249, 245760, 0, 0, 0
18349, 245760, 0, 0, 0
18449, 257280, 0, 0, 0
18549, 245760, 0, 0, 0
18649, 264960, 0, 0, 0
18750, 241920, 0, 0, 0
18850, 249600, 0, 0, 0
18950, 234240, 0, 0, 0
19050, 253440, 0, 0, 0
19150, 272640, 0, 0, 0
19249, 263757, 0, 0, 0
19349, 241920, 0, 0, 0
19449, 261120, 0, 0, 0
19549, 245760, 0, 0, 0
19649, 257280, 0, 0, 0
19749, 249600, 0, 0, 0
19849, 253440, 0, 0, 0
19949, 245760, 0, 0, 0
20049, 264960, 0, 0, 0
20149, 245760, 0, 0, 0
20250, 253440, 0, 0, 0
20350, 249600, 0, 0, 0
20450, 241920, 0, 0, 0
20550, 241920, 0, 0, 0
20650, 230400, 0, 0, 0
20749, 256000, 0, 0, 0
20849, 234240, 0, 0, 0
20949, 241920, 0, 0, 0
21049, 245760, 0, 0, 0
21149, 249600, 0, 0, 0
21249, 230400, 0, 0, 0
21349, 249600, 0, 0, 0
21449, 245760, 0, 0, 0
21549, 238080, 0, 0, 0
21649, 234240, 0, 0, 0
21750, 253440, 0, 0, 0
21850, 253440, 0, 0, 0
21950, 249600, 0, 0, 0
22050, 261120, 0, 0, 0
22150, 249600, 0, 0, 0
22249, 248242, 0, 0, 0
22349, 257280, 0, 0, 0
22449, 241920, 0, 0, 0
22549, 253440, 0, 0, 0
22649, 241920, 0, 0, 0
22749, 234240, 0, 0, 0
22849, 261120, 0, 0, 0
22949, 245760, 0, 0, 0
23049, 238080, 0, 0, 0
23149, 241920, 0, 0, 0
23250, 253440, 0, 0, 0
23350, 268800, 0, 0, 0
23450, 249600, 0, 0, 0
23550, 234240, 0, 0, 0
23650, 253440, 0, 0, 0
23749, 263757, 0, 0, 0
23849, 249600, 0, 0, 0
23949, 257280, 0, 0, 0
24049, 241920, 0, 0, 0
24149, 245760, 0, 0, 0
24249, 257280, 0, 0, 0
24349, 253440, 0, 0, 0
24449, 264960, 0, 0, 0
24549, 253440, 0, 0, 0
24649, 249600, 0, 0, 0
24750, 249600, 0, 0, 0
24850, 238080, 0, 0, 0
24950, 253440, 0, 0, 0
25050, 238080, 0, 0, 0
25150, 264960, 0, 0, 0
25249, 240484, 0, 0, 0
25349, 241920, 0, 0, 0
25449, 249600, 0, 0, 0
25549, 253440, 0, 0, 0
25649, 241920, 0, 0, 0
25749, 245760, 0, 0, 0
25849, 249600, 0, 0, 0
25949, 234240, 0, 0, 0
26049, 253440, 0, 0, 0
26149, 253440, 0, 0, 0
26250, 253440, 0, 0, 0
26350, 261120, 0, 0, 0
26450, 257280, 0, 0, 0
26550, 249600, 0, 0, 0
26650, 253440, 0, 0, 0
26749, 252121, 0, 0, 0
26849, 261120, 0, 0, 0
26949, 261120, 0, 0, 0
27049, 264960, 0, 0, 0
27149, 238080, 0, 0, 0
27249, 241920, 0, 0, 0
27349, 257280, 0, 0, 0
27449, 257280, 0, 0, 0
27549, 261120, 0, 0, 0
27649, 257280, 0, 0, 0
27750, 238080, 0, 0, 0
27850, 261120, 0, 0, 0
27950, 264960, 0, 0, 0
28050, 257280, 0, 0, 0
28150, 264960, 0, 0, 0
28249, 256000, 0, 0, 0
28349, 253440, 0, 0, 0
28449, 249600, 0, 0, 0
28549, 253440, 0, 0, 0
28649, 249600, 0, 0, 0
28749, 264960, 0, 0, 0
28849, 257280, 0, 0, 0
28949, 257280, 0, 0, 0
29049, 249600, 0, 0, 0
29149, 253440, 0, 0, 0
29250, 253440, 0, 0, 0
29350, 257280, 0, 0, 0
29450, 230400, 0, 0, 0
29550, 245760, 0, 0, 0
29650, 253440, 0, 0, 0
29749, 252121, 0, 0, 0
29849, 249600, 0, 0, 0
29949, 249600, 0, 0, 0
30049, 245760, 0, 0, 0
30149, 257280, 0, 0, 0
30249, 261120, 0, 0, 0
30349, 257280, 0, 0, 0
30449, 253440, 0, 0, 0
30549, 261120, 0, 0, 0
30649, 245760, 0, 0, 0
30750, 253440, 0, 0, 0
30850, 257280, 0, 0, 0
30950, 257280, 0, 0, 0
31050, 253440, 0, 0, 0
31150, 261120, 0, 0, 0
31249, 248242, 0, 0, 0
31349, 276480, 0, 0, 0
31449, 272640, 0, 0, 0
31549, 253440, 0, 0, 0
31649, 261120, 0, 0, 0
31749, 257280, 0, 0, 0
31849, 261120, 0, 0, 0
31949, 245760, 0, 0, 0
32049, 264960, 0, 0, 0
32149, 245760, 0, 0, 0
32250, 241920, 0, 0, 0
32350, 264960, 0, 0, 0
32450, 245760, 0, 0, 0
32550, 241920, 0, 0, 0
32650, 245760, 0, 0, 0
32749, 244363, 0, 0, 0
32849, 241920, 0, 0, 0
32949, 257280, 0, 0, 0
33049, 268800, 0, 0, 0
33149, 261120, 0, 0, 0
33249, 234240, 0, 0, 0
33349, 257280, 0, 0, 0
33449, 261120, 0, 0, 0
33549, 280320, 0, 0, 0
33649, 245760, 0, 0, 0
33749, 253440, 0, 0, 0
33850, 257280, 0, 0, 0
33950, 253440, 0, 0, 0
34050, 264960, 0, 0, 0
34150, 253440, 0, 0, 0
34249, 267636, 0, 0, 0
34349, 253440, 0, 0, 0
34449, 253440, 0, 0, 0
34549, 238080, 0, 0, 0
34649, 257280, 0, 0, 0
34749, 264960, 0, 0, 0
34849, 245760, 0, 0, 0
34949, 257280, 0, 0, 0
35049, 249600, 0, 0, 0
35149, 245760, 0, 0, 0
35249, 257280, 0, 0, 0
35349, 261120, 0, 0, 0
35449, 253440, 0, 0, 0
35550, 257280, 0, 0, 0
35650, 249600, 0, 0, 0
35749, 252121, 0, 0, 0
35849, 245760, 0, 0, 0
35949, 249600, 0, 0, 0
36049, 268800, 0, 0, 0
36149, 276480, 0, 0, 0
36249, 249600, 0, 0, 0
36349, 238080, 0, 0, 0
36449, 268800, 0, 0, 0
36549, 261120, 0, 0, 0
36649, 257280, 0, 0, 0
36749, 249600, 0, 0, 0
36849, 261120, 0, 0, 0
36949, 257280, 0, 0, 0
37049, 280320, 0, 0, 0
37149, 264960, 0, 0, 0
37249, 267636, 0, 0, 0
37349, 253440, 0, 0, 0
37449, 257280, 0, 0, 0
37549, 261120, 0, 0, 0
37649, 264960, 0, 0, 0
37749, 253440, 0, 0, 0
37849, 249600, 0, 0, 0
37949, 230400, 0, 0, 0
38049, 249600, 0, 0, 0
38149, 245760, 0, 0, 0
38249, 249600, 0, 0, 0
38349, 253440, 0, 0, 0
38449, 257280, 0, 0, 0
38549, 284160, 0, 0, 0
38649, 249600, 0, 0, 0
38750, 257280, 0, 0, 0
38850, 268800, 0, 0, 0
38950, 257280, 0, 0, 0
39050, 245760, 0, 0, 0
39150, 268800, 0, 0, 0
39249, 259878, 0, 0, 0
39349, 257280, 0, 0, 0
39449, 249600, 0, 0, 0
39549, 245760, 0, 0, 0
39649, 280320, 0, 0, 0
39749, 264960, 0, 0, 0
39849, 257280, 0, 0, 0
39949, 264960, 0, 0, 0
40049, 241920, 0, 0, 0
40149, 249600, 0, 0, 0
40249, 272640, 0, 0, 0
40349, 253440, 0, 0, 0
40450, 268800, 0, 0, 0
40550, 257280, 0, 0, 0
40650, 257280, 0, 0, 0
40749, 267636, 0, 0, 0
40849, 245760, 0, 0, 0
40949, 238080, 0, 0, 0
41049, 264960, 0, 0, 0
41149, 245760, 0, 0, 0
41249, 253440, 0, 0, 0
41349, 253440, 0, 0, 0
41449, 249600, 0, 0, 0
41549, 261120, 0, 0, 0
41649, 253440, 0, 0, 0
41749, 249600, 0, 0, 0
41849, 264960, 0, 0, 0
41949, 253440, 0, 0, 0
42050, 253440, 0, 0, 0
42150, 288000, 0, 0, 0
42249, 267636, 0, 0, 0
42349, 261120, 0, 0, 0
42449, 245760, 0, 0, 0
42549, 261120, 0, 0, 0
42649, 257280, 0, 0, 0
42749, 245760, 0, 0, 0
42849, 241920, 0, 0, 0
42949, 245760, 0, 0, 0
43049, 238080, 0, 0, 0
43149, 253440, 0, 0, 0
43249, 241920, 0, 0, 0
43349, 238080, 0, 0, 0
43449, 257280, 0, 0, 0
43550, 253440, 0, 0, 0
43650, 257280, 0, 0, 0
43749, 267636, 0, 0, 0
43849, 257280, 0, 0, 0
43949, 238080, 0, 0, 0
44049, 245760, 0, 0, 0
44149, 253440, 0, 0, 0
44249, 276480, 0, 0, 0
44349, 245760, 0, 0, 0
44449, 272640, 0, 0, 0
44549, 249600, 0, 0, 0
44649, 268800, 0, 0, 0
44749, 245760, 0, 0, 0
44849, 272640, 0, 0, 0
44949, 245760, 0, 0, 0
45050, 261120, 0, 0, 0
45150, 257280, 0, 0, 0
45249, 263757, 0, 0, 0
45349, 241920, 0, 0, 0
45449, 257280, 0, 0, 0
45549, 280320, 0, 0, 0
45649, 264960, 0, 0, 0
45749, 257280, 0, 0, 0
45849, 253440, 0, 0, 0
45949, 261120, 0, 0, 0
46049, 257280, 0, 0, 0
46149, 264960, 0, 0, 0
46249, 253440, 0, 0, 0
46349, 253440, 0, 0, 0
46449, 241920, 0, 0, 0
46550, 249600, 0, 0, 0
46650, 230400, 0, 0, 0
46749, 252121, 0, 0, 0
46849, 245760, 0, 0, 0
46949, 245760, 0, 0, 0
47049, 272640, 0, 0, 0
47149, 245760, 0, 0, 0
47249, 261120, 0, 0, 0
47349, 238080, 0, 0, 0
47449, 234240, 0, 0, 0
47549, 272640, 0, 0, 0
47649, 257280, 0, 0, 0
47749, 249600, 0, 0, 0
47849, 234240, 0, 0, 0
47949, 268800, 0, 0, 0
48049, 257280, 0, 0, 0
48149, 238080, 0, 0, 0
48249, 259878, 0, 0, 0
48349, 241920, 0, 0, 0
48449, 245760, 0, 0, 0
48549, 249600, 0, 0, 0
48649, 268800, 0, 0, 0
48749, 230400, 0, 0, 0
48849, 245760, 0, 0, 0
48949, 268800, 0, 0, 0
49049, 268800, 0, 0, 0
49149, 261120, 0, 0, 0
49249, 257280, 0, 0, 0
49349, 241920, 0, 0, 0
49449, 261120, 0, 0, 0
49549, 261120, 0, 0, 0
49649, 257280, 0, 0, 0
49749, 245760, 0, 0, 0
49850, 253440, 0, 0, 0
49950, 257280, 0, 0, 0
50050, 245760, 0, 0, 0
50150, 288000, 0, 0, 0
50249, 259878, 0, 0, 0
50349, 261120, 0, 0, 0
50449, 257280, 0, 0, 0
50549, 280320, 0, 0, 0
50649, 245760, 0, 0, 0
50749, 276480, 0, 0, 0
50849, 241920, 0, 0, 0
50949, 272640, 0, 0, 0
51049, 261120, 0, 0, 0
51149, 257280, 0, 0, 0
51249, 261120, 0, 0, 0
51349, 261120, 0, 0, 0
51449, 264960, 0, 0, 0
51550, 241920, 0, 0, 0
51650, 261120, 0, 0, 0
51749, 252121, 0, 0, 0
51849, 249600, 0, 0, 0
51949, 257280, 0, 0, 0
52049, 264960, 0, 0, 0
52149, 276480, 0, 0, 0
52249, 249600, 0, 0, 0
52349, 261120, 0, 0, 0
52449, 253440, 0, 0, 0
52549, 257280, 0, 0, 0
52649, 234240, 0, 0, 0
52749, 264960, 0, 0, 0
52849, 264960, 0, 0, 0
52949, 249600, 0, 0, 0
53050, 257280, 0, 0, 0
53150, 253440, 0, 0, 0
53249, 279272, 0, 0, 0
53349, 261120, 0, 0, 0
53449, 264960, 0, 0, 0
53549, 284160, 0, 0, 0
53649, 257280, 0, 0, 0
53749, 253440, 0, 0, 0
53849, 264960, 0, 0, 0
53949, 268800, 0, 0, 0
54049, 291840, 0, 0, 0
54149, 280320, 0, 0, 0
54249, 253440, 0, 0, 0
54349, 257280, 0, 0, 0
54449, 264960, 0, 0, 0
54550, 253440, 0, 0, 0
54650, 253440, 0, 0, 0
54749, 271515, 0, 0, 0
54849, 276480, 0, 0, 0
54949, 280320, 0, 0, 0
55049, 257280, 0, 0, 0
55149, 261120, 0, 0, 0
55249, 280320, 0, 0, 0
55349, 257280, 0, 0, 0
55449, 245760, 0, 0, 0
55549, 268800, 0, 0, 0
55649, 241920, 0, 0, 0
55749, 230400, 0, 0, 0
55849, 253440, 0, 0, 0
55949, 268800, 0, 0, 0
56049, 276480, 0, 0, 0
56150, 264960, 0, 0, 0
56249, 263757, 0, 0, 0
56349, 249600, 0, 0, 0
56449, 261120, 0, 0, 0
56549, 264960, 0, 0, 0
56649, 261120, 0, 0, 0
56749, 257280, 0, 0, 0
56849, 253440, 0, 0, 0
56949, 253440, 0, 0, 0
57049, 253440, 0, 0, 0
57149, 261120, 0, 0, 0
57249, 249600, 0, 0, 0
57349, 261120, 0, 0, 0
57449, 268800, 0, 0, 0
57549, 268800, 0, 0, 0
57649, 264960, 0, 0, 0
57750, 245760, 0, 0, 0
57850, 268800, 0, 0, 0
57950, 268800, 0, 0, 0
58050, 264960, 0, 0, 0
58150, 261120, 0, 0, 0
58249, 259878, 0, 0, 0
58349, 261120, 0, 0, 0
58449, 257280, 0, 0, 0
58549, 249600, 0, 0, 0
58649, 257280, 0, 0, 0
58749, 257280, 0, 0, 0
58849, 245760, 0, 0, 0
58949, 257280, 0, 0, 0
59049, 238080, 0, 0, 0
59149, 241920, 0, 0, 0
59250, 257280, 0, 0, 0
59350, 245760, 0, 0, 0
59450, 257280, 0, 0, 0
59550, 257280, 0, 0, 0
59650, 264960, 0, 0, 0
59749, 240484, 0, 0, 0
59849, 241920, 0, 0, 0
59949, 261120, 0, 0, 0
