250, 258048, 0, 0, 0
350, 235520, 0, 0, 0
450, 307200, 0, 0, 0
550, 281600, 0, 0, 0
650, 358400, 0, 0, 0
749, 248242, 0, 0, 0
849, 215040, 0, 0, 0
949, 312320, 0, 0, 0
1049, 296960, 0, 0, 0
1149, 230400, 0, 0, 0
1250, 204800, 0, 0, 0
1350, 307200, 0, 0, 0
1450, 266240, 0, 0, 0
1550, 337920, 0, 0, 0
1650, 245760, 0, 0, 0
1749, 382707, 0, 0, 0
1849, 271360, 0, 0, 0
1949, 368640, 0, 0, 0
2049, 261120, 0, 0, 0
2149, 409600, 0, 0, 0
2249, 194560, 0, 0, 0
2349, 332800, 0, 0, 0
2449, 209920, 0, 0, 0
2550, 184320, 0, 0, 0
2650, 122880, 0, 0, 0
2749, 237898, 0, 0, 0
2849, 194560, 0, 0, 0
2949, 353280, 0, 0, 0
3049, 261120, 0, 0, 0
3149, 168960, 0, 0, 0
3249, 368640, 0, 0, 0
3349, 358400, 0, 0, 0
3449, 332800, 0, 0, 0
3549, 235520, 0, 0, 0
3649, 353280, 0, 0, 0
3750, 296960, 0, 0, 0
3850, 266240, 0, 0, 0
3950, 215040, 0, 0, 0
4050, 296960, 0, 0, 0
4150, 322560, 0, 0, 0
4249, 305131, 0, 0, 0
4349, 271360, 0, 0, 0
4449, 215040, 0, 0, 0
4549, 230400, 0, 0, 0
4649, 230400, 0, 0, 0
4749, 286720, 0, 0, 0
4849, 296960, 0, 0, 0
4949, 460800, 0, 0, 0
5050, 194560, 0, 0, 0
5150, 343040, 0, 0, 0
5249, 315474, 0, 0, 0
5349, 220160, 0, 0, 0
5449, 307200, 0, 0, 0
5549, 215040, 0, 0, 0
5649, 281600, 0, 0, 0
5749, 378880, 0, 0, 0
5849, 317440, 0, 0, 0
5949, 281600, 0, 0, 0
6049, 250880, 0, 0, 0
6149, 337920, 0, 0, 0
6250, 296960, 0, 0, 0
6350, 358400, 0, 0, 0
6450, 276480, 0, 0, 0
6550, 261120, 0, 0, 0
6650, 291840, 0, 0, 0
6749, 367191, 0, 0, 0
6849, 353280, 0, 0, 0
6949, 266240, 0, 0, 0
7049, 291840, 0, 0, 0
7149, 250880, 0, 0, 0
7249, 291840, 0, 0, 0
7349, 245760, 0, 0, 0
7449, 276480, 0, 0, 0
7550, 225280, 0, 0, 0
7650, 225280, 0, 0, 0
7749, 377535, 0, 0, 0
7849, 261120, 0, 0, 0
7949, 281600, 0, 0, 0
8049, 199680, 0, 0, 0
8149, 235520, 0, 0, 0
8249, 245760, 0, 0, 0
8349, 240640, 0, 0, 0
8449, 373760, 0, 0, 0
8549, 230400, 0, 0, 0
8649, 250880, 0, 0, 0
8750, 235520, 0, 0, 0
8850, 281600, 0, 0, 0
8950, 286720, 0, 0, 0
9050, 322560, 0, 0, 0
9150, 373760, 0, 0, 0
9249, 284444, 0, 0, 0
9349, 261120, 0, 0, 0
9449, 307200, 0, 0, 0
9549, 389120, 0, 0, 0
9649, 302080, 0, 0, 0
9749, 363520, 0, 0, 0
9849, 327680, 0, 0, 0
9949, 384000, 0, 0, 0
10050, 271360, 0, 0, 0
10150, 363520, 0, 0, 0
10249, 253414, 0, 0, 0
10349, 337920, 0, 0, 0
10449, 250880, 0, 0, 0
10549, 343040, 0, 0, 0
10649, 276480, 0, 0, 0
10749, 317440, 0, 0, 0
10849, 332800, 0, 0, 0
10949, 317440, 0, 0, 0
11049, 261120, 0, 0, 0
11149, 250880, 0, 0, 0
11250, 353280, 0, 0, 0
11350, 271360, 0, 0, 0
11450, 256000, 0, 0, 0
11550, 266240, 0, 0, 0
11650, 384000, 0, 0, 0
11749, 237898, 0, 0, 0
11849, 250880, 0, 0, 0
11949, 296960, 0, 0, 0
12049, 245760, 0, 0, 0
12149, 343040, 0, 0, 0
12250, 266240, 0, 0, 0
12350, 307200, 0, 0, 0
12450, 348160, 0, 0, 0
12550, 394240, 0, 0, 0
12650, 332800, 0, 0, 0
12749, 315474, 0, 0, 0
12849, 312320, 0, 0, 0
12949, 276480, 0, 0, 0
13049, 337920, 0, 0, 0
13149, 291840, 0, 0, 0
13249, 322560, 0, 0, 0
13349, 337920, 0, 0, 0
13449, 317440, 0, 0, 0
13549, 245760, 0, 0, 0
13649, 281600, 0, 0, 0
13750, 250880, 0, 0, 0
13850, 266240, 0, 0, 0
13950, 317440, 0, 0, 0
14050, 296960, 0, 0, 0
14150, 276480, 0, 0, 0
14249, 372363, 0, 0, 0
14349, 276480, 0, 0, 0
14449, 261120, 0, 0, 0
14549, 281600, 0, 0, 0
14649, 225280, 0, 0, 0
14749, 363520, 0, 0, 0
14850, 312320, 0, 0, 0
14950, 343040, 0, 0, 0
15050, 506880, 0, 0, 0
15150, 363520, 0, 0, 0
15249, 377535, 0, 0, 0
15349, 332800, 0, 0, 0
15449, 317440, 0, 0, 0
15549, 404480, 0, 0, 0
15649, 266240, 0, 0, 0
15749, 353280, 0, 0, 0
15849, 291840, 0, 0, 0
15949, 368640, 0, 0, 0
16050, 343040, 0, 0, 0
16150, 322560, 0, 0, 0
16249, 367191, 0, 0, 0
16349, 322560, 0, 0, 0
16449, 450560, 0, 0, 0
16549, 353280, 0, 0, 0
16649, 363520, 0, 0, 0
16749, 317440, 0, 0, 0
16849, 312320, 0, 0, 0
16949, 250880, 0, 0, 0
17049, 307200, 0, 0, 0
17149, 312320, 0, 0, 0
17249, 245760, 0, 0, 0
17350, 296960, 0, 0, 0
17450, 215040, 0, 0, 0
17550, 250880, 0, 0, 0
17650, 245760, 0, 0, 0
17749, 217212, 0, 0, 0
17849, 358400, 0, 0, 0
17949, 204800, 0, 0, 0
18049, 409600, 0, 0, 0
18149, 209920, 0, 0, 0
18249, 440320, 0, 0, 0
18349, 343040, 0, 0, 0
18449, 363520, 0, 0, 0
18549, 368640, 0, 0, 0
18649, 317440, 0, 0, 0
18750, 215040, 0, 0, 0
18850, 430080, 0, 0, 0
18950, 189440, 0, 0, 0
19050, 220160, 0, 0, 0
19150, 271360, 0, 0, 0
19249, 268929, 0, 0, 0
19349, 353280, 0, 0, 0
19449, 353280, 0, 0, 0
19549, 250880, 0, 0, 0
19649, 199680, 0, 0, 0
19749, 312320, 0, 0, 0
19849, 409600, 0, 0, 0
19949, 322560, 0, 0, 0
20050, 358400, 0, 0, 0
20150, 358400, 0, 0, 0
20249, 289616, 0, 0, 0
20349, 220160, 0, 0, 0
20449, 378880, 0, 0, 0
20549, 353280, 0, 0, 0
20649, 296960, 0, 0, 0
20749, 378880, 0, 0, 0
20849, 307200, 0, 0, 0
20949, 384000, 0, 0, 0
21049, 261120, 0, 0, 0
21150, 281600, 0, 0, 0
21250, 256000, 0, 0, 0
21350, 363520, 0, 0, 0
21450, 317440, 0, 0, 0
21550, 399360, 0, 0, 0
21650, 271360, 0, 0, 0
21749, 444767, 0, 0, 0
21849, 245760, 0, 0, 0
21949, 307200, 0, 0, 0
22049, 343040, 0, 0, 0
22149, 373760, 0, 0, 0
22249, 337920, 0, 0, 0
22350, 312320, 0, 0, 0
22450, 363520, 0, 0, 0
22550, 414720, 0, 0, 0
22650, 363520, 0, 0, 0
22749, 336161, 0, 0, 0
22849, 343040, 0, 0, 0
22949, 414720, 0, 0, 0
23050, 329504, 0, 0, 0
23150, 281600, 0, 0, 0
23249, 217212, 0, 0, 0
23349, 256000, 0, 0, 0
23449, 322560, 0, 0, 0
23550, 348160, 0, 0, 0
23650, 302080, 0, 0, 0
23749, 330989, 0, 0, 0
23849, 337920, 0, 0, 0
23949, 307200, 0, 0, 0
24049, 296960, 0, 0, 0
24149, 384000, 0, 0, 0
24249, 394240, 0, 0, 0
24349, 307200, 0, 0, 0
24449, 471040, 0, 0, 0
24550, 358400, 0, 0, 0
24650, 271360, 0, 0, 0
24749, 367191, 0, 0, 0
24849, 230400, 0, 0, 0
24949, 332800, 0, 0, 0
25049, 322560, 0, 0, 0
25149, 394240, 0, 0, 0
25249, 220160, 0, 0, 0
25349, 384000, 0, 0, 0
25449, 409600, 0, 0, 0
25549, 348160, 0, 0, 0
25649, 368640, 0, 0, 0
25750, 337920, 0, 0, 0
25850, 424960, 0, 0, 0
25950, 312320, 0, 0, 0
26050, 327680, 0, 0, 0
26150, 394240, 0, 0, 0
26249, 491313, 0, 0, 0
26349, 271360, 0, 0, 0
26449, 286720, 0, 0, 0
26549, 445440, 0, 0, 0
26649, 194560, 0, 0, 0
26749, 353280, 0, 0, 0
26849, 271360, 0, 0, 0
26949, 389120, 0, 0, 0
27050, 435200, 0, 0, 0
27150, 332800, 0, 0, 0
27249, 274101, 0, 0, 0
27349, 307200, 0, 0, 0
27449, 332800, 0, 0, 0
27549, 363520, 0, 0, 0
27649, 286720, 0, 0, 0
27749, 250880, 0, 0, 0
27849, 286720, 0, 0, 0
27949, 373760, 0, 0, 0
28049, 327680, 0, 0, 0
28149, 286720, 0, 0, 0
28250, 348160, 0, 0, 0
28350, 460800, 0, 0, 0
28450, 271360, 0, 0, 0
28550, 256000, 0, 0, 0
28650, 261120, 0, 0, 0
28749, 372363, 0, 0, 0
28849, 435200, 0, 0, 0
28949, 399360, 0, 0, 0
29049, 363520, 0, 0, 0
29149, 440320, 0, 0, 0
29249, 307200, 0, 0, 0
29349, 445440, 0, 0, 0
29449, 455680, 0, 0, 0
29550, 353280, 0, 0, 0
29650, 189440, 0, 0, 0
29749, 284444, 0, 0, 0
29849, 424960, 0, 0, 0
29949, 435200, 0, 0, 0
30049, 363520, 0, 0, 0
30149, 317440, 0, 0, 0
30249, 353280, 0, 0, 0
30349, 358400, 0, 0, 0
30449, 153600, 0, 0, 0
30549, 430080, 0, 0, 0
30649, 302080, 0, 0, 0
30750, 327680, 0, 0, 0
30850, 225280, 0, 0, 0
30950, 307200, 0, 0, 0
31050, 358400, 0, 0, 0
31150, 378880, 0, 0, 0
31249, 408565, 0, 0, 0
31349, 363520, 0, 0, 0
31449, 235520, 0, 0, 0
31549, 445440, 0, 0, 0
31649, 266240, 0, 0, 0
31749, 353280, 0, 0, 0
31849, 327680, 0, 0, 0
31949, 378880, 0, 0, 0
32050, 281600, 0, 0, 0
32150, 384000, 0, 0, 0
32249, 418909, 0, 0, 0
32349, 250880, 0, 0, 0
32449, 363520, 0, 0, 0
32549, 296960, 0, 0, 0
32649, 440320, 0, 0, 0
32749, 455680, 0, 0, 0
32849, 286720, 0, 0, 0
32949, 250880, 0, 0, 0
33049, 378880, 0, 0, 0
33149, 424960, 0, 0, 0
33250, 291840, 0, 0, 0
33350, 384000, 0, 0, 0
33450, 435200, 0, 0, 0
33550, 250880, 0, 0, 0
33650, 281600, 0, 0, 0
33749, 346505, 0, 0, 0
33849, 373760, 0, 0, 0
33949, 250880, 0, 0, 0
34049, 307200, 0, 0, 0
34149, 317440, 0, 0, 0
34249, 327680, 0, 0, 0
34349, 404480, 0, 0, 0
34449, 337920, 0, 0, 0
34550, 327680, 0, 0, 0
34650, 384000, 0, 0, 0
34749, 325818, 0, 0, 0
34849, 261120, 0, 0, 0
34949, 389120, 0, 0, 0
35049, 389120, 0, 0, 0
35149, 240640, 0, 0, 0
35249, 348160, 0, 0, 0
35349, 409600, 0, 0, 0
35449, 404480, 0, 0, 0
35550, 404480, 0, 0, 0
35650, 322560, 0, 0, 0
35749, 346505, 0, 0, 0
35849, 296960, 0, 0, 0
35949, 389120, 0, 0, 0
36049, 296960, 0, 0, 0
36149, 281600, 0, 0, 0
36249, 348160, 0, 0, 0
36349, 322560, 0, 0, 0
36449, 378880, 0, 0, 0
36549, 215040, 0, 0, 0
36649, 296960, 0, 0, 0
36750, 266240, 0, 0, 0
36850, 199680, 0, 0, 0
36950, 363520, 0, 0, 0
37050, 291840, 0, 0, 0
37150, 522240, 0, 0, 0
37249, 413737, 0, 0, 0
37349, 394240, 0, 0, 0
37449, 332800, 0, 0, 0
37549, 261120, 0, 0, 0
37649, 271360, 0, 0, 0
37749, 276480, 0, 0, 0
37849, 348160, 0, 0, 0
37949, 220160, 0, 0, 0
38050, 317440, 0, 0, 0
38150, 317440, 0, 0, 0
38249, 315474, 0, 0, 0
38349, 250880, 0, 0, 0
38449, 296960, 0, 0, 0
38549, 373760, 0, 0, 0
38649, 384000, 0, 0, 0
38749, 399360, 0, 0, 0
38849, 245760, 0, 0, 0
38949, 378880, 0, 0, 0
39049, 317440, 0, 0, 0
39149, 481280, 0, 0, 0
39250, 348160, 0, 0, 0
39350, 394240, 0, 0, 0
39450, 276480, 0, 0, 0
39550, 281600, 0, 0, 0
39650, 230400, 0, 0, 0
39749, 263757, 0, 0, 0
39849, 486400, 0, 0, 0
39949, 250880, 0, 0, 0
40049, 209920, 0, 0, 0
40149, 204800, 0, 0, 0
40250, 353280, 0, 0, 0
40350, 414720, 0, 0, 0
40450, 245760, 0, 0, 0
40550, 276480, 0, 0, 0
40650, 307200, 0, 0, 0
40749, 284444, 0, 0, 0
40849, 296960, 0, 0, 0
40949, 235520, 0, 0, 0
41049, 286720, 0, 0, 0
41149, 291840, 0, 0, 0
41249, 450560, 0, 0, 0
41349, 373760, 0, 0, 0
41450, 373760, 0, 0, 0
41550, 317440, 0, 0, 0
41650, 378880, 0, 0, 0
41749, 186181, 0, 0, 0
41849, 286720, 0, 0, 0
41949, 179200, 0, 0, 0
42049, 276480, 0, 0, 0
42149, 399360, 0, 0, 0
42249, 317440, 0, 0, 0
42349, 378880, 0, 0, 0
42449, 358400, 0, 0, 0
42550, 378880, 0, 0, 0
42650, 276480, 0, 0, 0
42749, 253414, 0, 0, 0
42849, 256000, 0, 0, 0
42949, 384000, 0, 0, 0
43049, 337920, 0, 0, 0
43149, 261120, 0, 0, 0
43249, 256000, 0, 0, 0
43349, 266240, 0, 0, 0
43449, 302080, 0, 0, 0
43550, 322560, 0, 0, 0
43650, 337920, 0, 0, 0
43749, 372363, 0, 0, 0
43849, 332800, 0, 0, 0
43949, 261120, 0, 0, 0
44049, 373760, 0, 0, 0
44149, 266240, 0, 0, 0
44249, 296960, 0, 0, 0
44349, 384000, 0, 0, 0
44449, 368640, 0, 0, 0
44549, 389120, 0, 0, 0
44649, 220160, 0, 0, 0
44750, 332800, 0, 0, 0
44850, 286720, 0, 0, 0
44950, 409600, 0, 0, 0
45050, 204800, 0, 0, 0
45150, 291840, 0, 0, 0
45249, 346505, 0, 0, 0
45349, 512000, 0, 0, 0
45449, 378880, 0, 0, 0
45549, 368640, 0, 0, 0
45649, 307200, 0, 0, 0
45750, 409600, 0, 0, 0
45850, 256000, 0, 0, 0
45950, 291840, 0, 0, 0
46050, 337920, 0, 0, 0
46150, 317440, 0, 0, 0
46249, 310303, 0, 0, 0
46349, 230400, 0, 0, 0
46449, 307200, 0, 0, 0
46549, 394240, 0, 0, 0
46649, 307200, 0, 0, 0
46749, 445440, 0, 0, 0
46849, 245760, 0, 0, 0
46949, 302080, 0, 0, 0
47050, 337920, 0, 0, 0
47150, 384000, 0, 0, 0
47249, 434424, 0, 0, 0
47349, 527360, 0, 0, 0
47449, 435200, 0, 0, 0
47549, 348160, 0, 0, 0
47649, 317440, 0, 0, 0
47749, 302080, 0, 0, 0
47849, 286720, 0, 0, 0
47949, 256000, 0, 0, 0
48049, 256000, 0, 0, 0
48149, 235520, 0, 0, 0
48250, 245760, 0, 0, 0
48350, 296960, 0, 0, 0
48450, 563200, 0, 0, 0
48550, 291840, 0, 0, 0
48650, 332800, 0, 0, 0
48749, 403393, 0, 0, 0
48849, 455680, 0, 0, 0
48949, 296960, 0, 0, 0
49049, 312320, 0, 0, 0
49149, 327680, 0, 0, 0
49249, 368640, 0, 0, 0
49349, 348160, 0, 0, 0
49450, 348160, 0, 0, 0
49550, 266240, 0, 0, 0
49650, 276480, 0, 0, 0
49749, 336161, 0, 0, 0
49849, 343040, 0, 0, 0
49949, 348160, 0, 0, 0
50049, 307200, 0, 0, 0
50149, 322560, 0, 0, 0
50249, 430080, 0, 0, 0
50349, 348160, 0, 0, 0
50449, 419840, 0, 0, 0
50550, 460800, 0, 0, 0
50650, 353280, 0, 0, 0
50749, 320646, 0, 0, 0
50849, 307200, 0, 0, 0
50949, 286720, 0, 0, 0
51049, 337920, 0, 0, 0
51149, 302080, 0, 0, 0
51249, 189440, 0, 0, 0
51349, 225280, 0, 0, 0
51449, 327680, 0, 0, 0
51549, 363520, 0, 0, 0
51649, 394240, 0, 0, 0
51749, 378880, 0, 0, 0
51850, 399360, 0, 0, 0
51950, 179200, 0, 0, 0
52050, 332800, 0, 0, 0
52150, 179200, 0, 0, 0
52249, 387878, 0, 0, 0
52349, 424960, 0, 0, 0
52449, 194560, 0, 0, 0
52549, 307200, 0, 0, 0
52649, 220160, 0, 0, 0
52749, 348160, 0, 0, 0
52849, 240640, 0, 0, 0
52949, 327680, 0, 0, 0
53050, 266240, 0, 0, 0
53150, 204800, 0, 0, 0
53249, 274101, 0, 0, 0
53349, 194560, 0, 0, 0
53449, 302080, 0, 0, 0
53549, 261120, 0, 0, 0
53649, 363520, 0, 0, 0
53749, 307200, 0, 0, 0
53849, 194560, 0, 0, 0
53949, 250880, 0, 0, 0
54049, 230400, 0, 0, 0
54149, 266240, 0, 0, 0
54250, 266240, 0, 0, 0
54350, 245760, 0, 0, 0
54450, 250880, 0, 0, 0
54550, 256000, 0, 0, 0
54650, 250880, 0, 0, 0
54749, 212040, 0, 0, 0
54849, 322560, 0, 0, 0
54949, 179200, 0, 0, 0
55049, 256000, 0, 0, 0
55149, 204800, 0, 0, 0
55249, 332800, 0, 0, 0
55349, 245760, 0, 0, 0
55449, 235520, 0, 0, 0
55550, 271360, 0, 0, 0
55650, 409600, 0, 0, 0
55749, 243070, 0, 0, 0
55849, 250880, 0, 0, 0
55949, 215040, 0, 0, 0
56049, 281600, 0, 0, 0
56149, 194560, 0, 0, 0
56249, 286720, 0, 0, 0
56349, 240640, 0, 0, 0
56449, 250880, 0, 0, 0
56549, 256000, 0, 0, 0
56649, 230400, 0, 0, 0
56750, 245760, 0, 0, 0
56850, 266240, 0, 0, 0
56950, 286720, 0, 0, 0
57050, 209920, 0, 0, 0
57150, 276480, 0, 0, 0
57249, 243070, 0, 0, 0
57349, 276480, 0, 0, 0
57449, 286720, 0, 0, 0
57549, 343040, 0, 0, 0
57649, 230400, 0, 0, 0
57749, 256000, 0, 0, 0
57849, 307200, 0, 0, 0
57949, 261120, 0, 0, 0
58050, 363520, 0, 0, 0
58150, 245760, 0, 0, 0
58249, 362020, 0, 0, 0
58349, 266240, 0, 0, 0
58449, 384000, 0, 0, 0
58549, 281600, 0, 0, 0
58649, 240640, 0, 0, 0
58749, 189440, 0, 0, 0
58849, 256000, 0, 0, 0
58949, 430080, 0, 0, 0
59049, 225280, 0, 0, 0
59149, 158720, 0, 0, 0
59250, 271360, 0, 0, 0
59350, 199680, 0, 0, 0
59450, 209920, 0, 0, 0
59550, 271360, 0, 0, 0
59650, 286720, 0, 0, 0
59749, 356848, 0, 0, 0
59849, 363520, 0, 0, 0
59949, 199680, 0, 0, 0
60049, 107520, 0, 0, 0
