101, 3853797, 0, 0, 0
201, 3596820, 0, 0, 0
301, 3960609, 0, 0, 0
400, 3520138, 0, 0, 0
500, 3883468, 0, 0, 0
602, 3789954, 0, 0, 0
700, 3725605, 0, 0, 0
801, 3604422, 0, 0, 0
901, 3299278, 0, 0, 0
1001, 4384127, 0, 0, 0
1100, 3756752, 0, 0, 0
1200, 4407530, 0, 0, 0
1302, 3735600, 0, 0, 0
1401, 3493138, 0, 0, 0
1500, 3966280, 0, 0, 0
1600, 3779983, 0, 0, 0
1701, 4367319, 0, 0, 0
1800, 3772170, 0, 0, 0
1901, 4043698, 0, 0, 0
2000, 3350119, 0, 0, 0
2100, 3433479, 0, 0, 0
2203, 3615135, 0, 0, 0
2300, 3557244, 0, 0, 0
2400, 3668965, 0, 0, 0
2501, 3811449, 0, 0, 0
2600, 3407807, 0, 0, 0
2701, 4001000, 0, 0, 0
2800, 3713459, 0, 0, 0
2900, 3592530, 0, 0, 0
3000, 3651064, 0, 0, 0
3100, 3253883, 0, 0, 0
3200, 3436071, 0, 0, 0
3302, 3969284, 0, 0, 0
3400, 4170881, 0, 0, 0
3500, 3429796, 0, 0, 0
3600, 3668266, 0, 0, 0
3700, 4001114, 0, 0, 0
3801, 3439095, 0, 0, 0
3900, 4037089, 0, 0, 0
4001, 3321954, 0, 0, 0
4100, 4195716, 0, 0, 0
4200, 3008824, 0, 0, 0
4301, 3526787, 0, 0, 0
4400, 3939161, 0, 0, 0
4500, 4822442, 0, 0, 0
4600, 4339352, 0, 0, 0
4701, 3394285, 0, 0, 0
4801, 3707554, 0, 0, 0
4900, 4147236, 0, 0, 0
5000, 4318855, 0, 0, 0
5100, 3859994, 0, 0, 0
5200, 3578250, 0, 0, 0
5300, 4043665, 0, 0, 0
5400, 3891911, 0, 0, 0
5500, 3264996, 0, 0, 0
5600, 3269794, 0, 0, 0
5700, 3883644, 0, 0, 0
5802, 3575843, 0, 0, 0
5900, 3379279, 0, 0, 0
6000, 3173377, 0, 0, 0
6100, 3067623, 0, 0, 0
6200, 3484363, 0, 0, 0
6301, 3486462, 0, 0, 0
6400, 3725259, 0, 0, 0
6500, 3589440, 0, 0, 0
6601, 3340948, 0, 0, 0
6701, 3897585, 0, 0, 0
6801, 3624170, 0, 0, 0
6900, 3649549, 0, 0, 0
7000, 3499995, 0, 0, 0
7100, 3707554, 0, 0, 0
7201, 3684118, 0, 0, 0
7300, 3696965, 0, 0, 0
7400, 3503657, 0, 0, 0
7501, 3514735, 0, 0, 0
7600, 4143937, 0, 0, 0
7700, 3522447, 0, 0, 0
7800, 3044213, 0, 0, 0
7902, 3575266, 0, 0, 0
8000, 3252802, 0, 0, 0
8100, 3437075, 0, 0, 0
8201, 3222198, 0, 0, 0
8300, 3731546, 0, 0, 0
8401, 3761345, 0, 0, 0
8501, 3299097, 0, 0, 0
8600, 3400073, 0, 0, 0
8701, 4146264, 0, 0, 0
8800, 3131692, 0, 0, 0
8900, 3975311, 0, 0, 0
9000, 3194422, 0, 0, 0
9101, 3716673, 0, 0, 0
9200, 3618743, 0, 0, 0
9300, 3487407, 0, 0, 0
9401, 3352503, 0, 0, 0
9500, 3923452, 0, 0, 0
9601, 4093320, 0, 0, 0
9701, 3408495, 0, 0, 0
9800, 3830266, 0, 0, 0
9901, 4004962, 0, 0, 0
10000, 3486968, 0, 0, 0
10101, 3460088, 0, 0, 0
10200, 4045453, 0, 0, 0
10302, 3221056, 0, 0, 0
10400, 3264093, 0, 0, 0
10501, 3559483, 0, 0, 0
10600, 3267664, 0, 0, 0
10700, 3607220, 0, 0, 0
10800, 4426665, 0, 0, 0
10900, 3407263, 0, 0, 0
11000, 3721570, 0, 0, 0
11105, 3437058, 0, 0, 0
11200, 3463350, 0, 0, 0
11300, 3335837, 0, 0, 0
11400, 3913020, 0, 0, 0
11500, 3631026, 0, 0, 0
11601, 2935463, 0, 0, 0
11700, 3746857, 0, 0, 0
11801, 3512884, 0, 0, 0
11900, 3370562, 0, 0, 0
12001, 3695288, 0, 0, 0
12101, 3444650, 0, 0, 0
12202, 3219405, 0, 0, 0
12301, 3556354, 0, 0, 0
12401, 3666951, 0, 0, 0
12501, 3681777, 0, 0, 0
12600, 3886494, 0, 0, 0
12700, 3768817, 0, 0, 0
12800, 3491521, 0, 0, 0
12900, 4066424, 0, 0, 0
13000, 3545974, 0, 0, 0
13100, 3276654, 0, 0, 0
13200, 3565123, 0, 0, 0
13300, 2920802, 0, 0, 0
13400, 3246209, 0, 0, 0
13500, 3441112, 0, 0, 0
13601, 3231761, 0, 0, 0
13700, 3206568, 0, 0, 0
13801, 3151045, 0, 0, 0
13900, 3311812, 0, 0, 0
14001, 3005994, 0, 0, 0
14100, 3798069, 0, 0, 0
14200, 3212744, 0, 0, 0
14300, 3267940, 0, 0, 0
14400, 4083433, 0, 0, 0
14501, 2858629, 0, 0, 0
14600, 3349045, 0, 0, 0
14701, 3361255, 0, 0, 0
14800, 3404002, 0, 0, 0
14901, 3399074, 0, 0, 0
15000, 3620143, 0, 0, 0
15100, 3639260, 0, 0, 0
15200, 3912487, 0, 0, 0
15301, 3255835, 0, 0, 0
15400, 3240484, 0, 0, 0
15500, 3542899, 0, 0, 0
15600, 2961407, 0, 0, 0
15700, 4050218, 0, 0, 0
15800, 3182789, 0, 0, 0
15901, 3558307, 0, 0, 0
16003, 3270539, 0, 0, 0
16101, 3656295, 0, 0, 0
16201, 2701138, 0, 0, 0
16300, 3068954, 0, 0, 0
16404, 3526685, 0, 0, 0
16500, 3279820, 0, 0, 0
16600, 3378483, 0, 0, 0
16700, 3392875, 0, 0, 0
16801, 3326585, 0, 0, 0
16900, 3119518, 0, 0, 0
17001, 3205065, 0, 0, 0
17101, 3218494, 0, 0, 0
17201, 3677246, 0, 0, 0
17301, 2933447, 0, 0, 0
17402, 3574506, 0, 0, 0
17500, 3743013, 0, 0, 0
17601, 3398084, 0, 0, 0
17700, 3936392, 0, 0, 0
17800, 3358656, 0, 0, 0
17900, 3774019, 0, 0, 0
18000, 2963340, 0, 0, 0
18100, 3121752, 0, 0, 0
18201, 3613935, 0, 0, 0
18301, 3480713, 0, 0, 0
18400, 3053011, 0, 0, 0
18500, 3728928, 0, 0, 0
18600, 3546393, 0, 0, 0
18700, 3427736, 0, 0, 0
18800, 3619279, 0, 0, 0
18901, 3835385, 0, 0, 0
19000, 3224408, 0, 0, 0
19102, 3369336, 0, 0, 0
19200, 2909568, 0, 0, 0
19300, 3217832, 0, 0, 0
19400, 3285706, 0, 0, 0
19500, 3530479, 0, 0, 0
19601, 3140208, 0, 0, 0
19700, 2883597, 0, 0, 0
19801, 3248486, 0, 0, 0
19901, 3396018, 0, 0, 0
20000, 4086442, 0, 0, 0
20100, 3299191, 0, 0, 0
20200, 3034694, 0, 0, 0
20300, 3547684, 0, 0, 0
20400, 3627997, 0, 0, 0
20500, 3209109, 0, 0, 0
20601, 2791851, 0, 0, 0
20701, 4339403, 0, 0, 0
20800, 3143908, 0, 0, 0
20900, 3310975, 0, 0, 0
21000, 3533256, 0, 0, 0
21101, 3168296, 0, 0, 0
21200, 3338933, 0, 0, 0
21300, 3826144, 0, 0, 0
21400, 3476978, 0, 0, 0
21500, 3200128, 0, 0, 0
21600, 3432190, 0, 0, 0
21702, 3054344, 0, 0, 0
21800, 4075936, 0, 0, 0
21900, 3096088, 0, 0, 0
22001, 3203658, 0, 0, 0
22100, 3335258, 0, 0, 0
22200, 3278815, 0, 0, 0
22300, 3075524, 0, 0, 0
22401, 3412151, 0, 0, 0
22501, 3121360, 0, 0, 0
22601, 3385642, 0, 0, 0
22700, 2964983, 0, 0, 0
22801, 3128444, 0, 0, 0
22900, 3310441, 0, 0, 0
23000, 3645061, 0, 0, 0
23100, 3314076, 0, 0, 0
23200, 4057899, 0, 0, 0
23300, 3944955, 0, 0, 0
23400, 3415486, 0, 0, 0
23501, 3103452, 0, 0, 0
23601, 3846675, 0, 0, 0
23701, 3524574, 0, 0, 0
23801, 3157595, 0, 0, 0
23900, 3285803, 0, 0, 0
24000, 3180043, 0, 0, 0
24101, 2695156, 0, 0, 0
24200, 3088517, 0, 0, 0
24301, 3531775, 0, 0, 0
24402, 3014133, 0, 0, 0
24502, 3775191, 0, 0, 0
24600, 2910244, 0, 0, 0
24700, 3077946, 0, 0, 0
24800, 3156053, 0, 0, 0
24903, 3173026, 0, 0, 0
25000, 3487190, 0, 0, 0
25100, 3109567, 0, 0, 0
25200, 2846417, 0, 0, 0
25300, 3195130, 0, 0, 0
25400, 2961746, 0, 0, 0
25500, 3366881, 0, 0, 0
25602, 3402335, 0, 0, 0
25700, 3367961, 0, 0, 0
25801, 3742160, 0, 0, 0
25901, 3138167, 0, 0, 0
26001, 3079278, 0, 0, 0
26100, 2884050, 0, 0, 0
26200, 3309740, 0, 0, 0
26300, 3535493, 0, 0, 0
26401, 2829214, 0, 0, 0
26500, 3696757, 0, 0, 0
26600, 3400786, 0, 0, 0
26702, 2935840, 0, 0, 0
26801, 2792868, 0, 0, 0
26900, 3281625, 0, 0, 0
27000, 2938958, 0, 0, 0
27100, 3620170, 0, 0, 0
27201, 3294918, 0, 0, 0
27301, 2673184, 0, 0, 0
27401, 3084977, 0, 0, 0
27500, 3340441, 0, 0, 0
27600, 2883657, 0, 0, 0
27700, 2939739, 0, 0, 0
27800, 4068041, 0, 0, 0
27902, 2576465, 0, 0, 0
28001, 3064240, 0, 0, 0
28100, 4382046, 0, 0, 0
28200, 3194515, 0, 0, 0
28300, 3376820, 0, 0, 0
28401, 3752801, 0, 0, 0
28500, 3287345, 0, 0, 0
28603, 3586522, 0, 0, 0
28700, 3003508, 0, 0, 0
28801, 3010413, 0, 0, 0
28900, 2762441, 0, 0, 0
29001, 2685730, 0, 0, 0
29100, 3116314, 0, 0, 0
29200, 3307836, 0, 0, 0
29300, 3450223, 0, 0, 0
29400, 2788302, 0, 0, 0
29502, 2816003, 0, 0, 0
29600, 2910805, 0, 0, 0
29700, 3093416, 0, 0, 0
29800, 2960184, 0, 0, 0
29901, 2662426, 0, 0, 0
30000, 3083995, 0, 0, 0
30100, 3513684, 0, 0, 0
30200, 3168891, 0, 0, 0
30300, 3138877, 0, 0, 0
30401, 3278676, 0, 0, 0
30500, 2995668, 0, 0, 0
30601, 3389844, 0, 0, 0
30703, 3157721, 0, 0, 0
30800, 2910463, 0, 0, 0
30901, 2830103, 0, 0, 0
31004, 3590985, 0, 0, 0
31100, 2935370, 0, 0, 0
31200, 2530309, 0, 0, 0
31302, 2829807, 0, 0, 0
31400, 2927715, 0, 0, 0
31500, 4008264, 0, 0, 0
31600, 3316858, 0, 0, 0
31702, 2787425, 0, 0, 0
31800, 3241405, 0, 0, 0
31900, 3248022, 0, 0, 0
32000, 3516501, 0, 0, 0
32100, 2850544, 0, 0, 0
32202, 3017868, 0, 0, 0
32301, 2994225, 0, 0, 0
32401, 3005781, 0, 0, 0
32500, 3353231, 0, 0, 0
32601, 3394327, 0, 0, 0
32700, 3102680, 0, 0, 0
32800, 3514861, 0, 0, 0
32900, 3272046, 0, 0, 0
33000, 2920831, 0, 0, 0
33100, 2778236, 0, 0, 0
33200, 3589012, 0, 0, 0
33300, 2749531, 0, 0, 0
33400, 3387200, 0, 0, 0
33502, 3118497, 0, 0, 0
33600, 3117887, 0, 0, 0
33700, 2710975, 0, 0, 0
33800, 3542019, 0, 0, 0
33900, 2959983, 0, 0, 0
34001, 3088402, 0, 0, 0
34100, 3288463, 0, 0, 0
34200, 3177612, 0, 0, 0
34301, 3162884, 0, 0, 0
34400, 3023375, 0, 0, 0
34500, 3042200, 0, 0, 0
34601, 3234840, 0, 0, 0
34700, 3151776, 0, 0, 0
34800, 3866953, 0, 0, 0
34901, 3460176, 0, 0, 0
35000, 2867641, 0, 0, 0
35100, 2683860, 0, 0, 0
35201, 3507304, 0, 0, 0
35300, 3102479, 0, 0, 0
35401, 3461040, 0, 0, 0
35500, 3272867, 0, 0, 0
35601, 2892120, 0, 0, 0
35700, 3513191, 0, 0, 0
35801, 3832762, 0, 0, 0
35900, 3118587, 0, 0, 0
36000, 2844273, 0, 0, 0
36101, 3052918, 0, 0, 0
36200, 3579732, 0, 0, 0
36302, 2837903, 0, 0, 0
36401, 2784664, 0, 0, 0
36500, 4066068, 0, 0, 0
36601, 2867934, 0, 0, 0
36700, 2932004, 0, 0, 0
36801, 2938906, 0, 0, 0
36900, 4492400, 0, 0, 0
37001, 3409976, 0, 0, 0
37100, 4001299, 0, 0, 0
37200, 3516234, 0, 0, 0
37300, 3489681, 0, 0, 0
37401, 3602548, 0, 0, 0
37502, 3486493, 0, 0, 0
37601, 3389101, 0, 0, 0
37708, 4434563, 0, 0, 0
37805, 3597788, 0, 0, 0
37900, 3785119, 0, 0, 0
38000, 3313467, 0, 0, 0
38102, 2955574, 0, 0, 0
38200, 3677840, 0, 0, 0
38300, 3340377, 0, 0, 0
38400, 4378443, 0, 0, 0
38500, 4108193, 0, 0, 0
38600, 3711603, 0, 0, 0
38700, 3688285, 0, 0, 0
38801, 3265872, 0, 0, 0
38900, 2982473, 0, 0, 0
39000, 3113203, 0, 0, 0
39100, 3934609, 0, 0, 0
39200, 3458461, 0, 0, 0
39301, 3059730, 0, 0, 0
39400, 3289801, 0, 0, 0
39500, 3730101, 0, 0, 0
39600, 3053866, 0, 0, 0
39700, 3449496, 0, 0, 0
39801, 3702339, 0, 0, 0
39900, 4146941, 0, 0, 0
40000, 3454100, 0, 0, 0
40101, 4003821, 0, 0, 0
40200, 3190843, 0, 0, 0
40300, 4334801, 0, 0, 0
40402, 3564253, 0, 0, 0
40502, 3466480, 0, 0, 0
40600, 3305651, 0, 0, 0
40700, 3585284, 0, 0, 0
40801, 3276020, 0, 0, 0
40900, 4227916, 0, 0, 0
41000, 3279880, 0, 0, 0
41102, 3027504, 0, 0, 0
41201, 3685397, 0, 0, 0
41301, 4548498, 0, 0, 0
41401, 3780123, 0, 0, 0
41500, 3148612, 0, 0, 0
41601, 3645460, 0, 0, 0
41700, 3348399, 0, 0, 0
41800, 3286919, 0, 0, 0
41900, 3873696, 0, 0, 0
42000, 3279062, 0, 0, 0
42100, 2989494, 0, 0, 0
42201, 3615517, 0, 0, 0
42300, 3144336, 0, 0, 0
42401, 3527095, 0, 0, 0
42500, 3494110, 0, 0, 0
42600, 3331519, 0, 0, 0
42701, 3819016, 0, 0, 0
42801, 3756508, 0, 0, 0
42901, 3183618, 0, 0, 0
43000, 3282072, 0, 0, 0
43101, 2655143, 0, 0, 0
43200, 3428085, 0, 0, 0
43303, 3069017, 0, 0, 0
43400, 2839471, 0, 0, 0
43502, 3635706, 0, 0, 0
43600, 3686419, 0, 0, 0
43700, 3513967, 0, 0, 0
43800, 3705175, 0, 0, 0
43901, 3511059, 0, 0, 0
44000, 3696571, 0, 0, 0
44100, 3365682, 0, 0, 0
44201, 3568223, 0, 0, 0
44300, 3501866, 0, 0, 0
44401, 3767781, 0, 0, 0
44500, 3760909, 0, 0, 0
44600, 3581117, 0, 0, 0
44700, 3120143, 0, 0, 0
44800, 3478954, 0, 0, 0
44900, 4214704, 0, 0, 0
45000, 2965644, 0, 0, 0
45101, 3941811, 0, 0, 0
45200, 2645622, 0, 0, 0
45301, 3387238, 0, 0, 0
45400, 4009002, 0, 0, 0
45500, 3376197, 0, 0, 0
45601, 3736831, 0, 0, 0
45703, 2876751, 0, 0, 0
45801, 3690589, 0, 0, 0
45900, 2868204, 0, 0, 0
46001, 3568583, 0, 0, 0
46100, 3334565, 0, 0, 0
46200, 3454676, 0, 0, 0
46305, 3213267, 0, 0, 0
46400, 2714559, 0, 0, 0
46501, 3425440, 0, 0, 0
46601, 3540523, 0, 0, 0
46701, 3712249, 0, 0, 0
46800, 3552116, 0, 0, 0
46900, 3751213, 0, 0, 0
47000, 3313674, 0, 0, 0
47100, 3419942, 0, 0, 0
47200, 3606368, 0, 0, 0
47300, 3209676, 0, 0, 0
47400, 4221472, 0, 0, 0
47502, 3966774, 0, 0, 0
47603, 3360513, 0, 0, 0
47701, 3727838, 0, 0, 0
47801, 3453404, 0, 0, 0
47901, 4119008, 0, 0, 0
48002, 4309465, 0, 0, 0
48100, 3740379, 0, 0, 0
48202, 4054692, 0, 0, 0
48300, 4005476, 0, 0, 0
48400, 3500595, 0, 0, 0
48502, 3755961, 0, 0, 0
48601, 4760798, 0, 0, 0
48701, 4255542, 0, 0, 0
48801, 4049363, 0, 0, 0
48901, 4229031, 0, 0, 0
49001, 4190597, 0, 0, 0
49100, 4499477, 0, 0, 0
49200, 4417040, 0, 0, 0
49300, 4224026, 0, 0, 0
49400, 4938362, 0, 0, 0
49500, 4619629, 0, 0, 0
49601, 3739504, 0, 0, 0
49700, 4033538, 0, 0, 0
49802, 4586001, 0, 0, 0
49900, 3465985, 0, 0, 0
50000, 4204832, 0, 0, 0
50102, 3442677, 0, 0, 0
50200, 3837559, 0, 0, 0
50300, 3777895, 0, 0, 0
50400, 4551361, 0, 0, 0
50501, 3743530, 0, 0, 0
50602, 4442434, 0, 0, 0
50700, 3458976, 0, 0, 0
50800, 4143800, 0, 0, 0
50901, 4100461, 0, 0, 0
51000, 4468183, 0, 0, 0
51100, 4549024, 0, 0, 0
51200, 4159441, 0, 0, 0
51300, 3712008, 0, 0, 0
51400, 4595162, 0, 0, 0
51500, 4430742, 0, 0, 0
51600, 4006030, 0, 0, 0
51700, 4375594, 0, 0, 0
51800, 3658794, 0, 0, 0
51900, 3652357, 0, 0, 0
52000, 3794791, 0, 0, 0
52100, 4063996, 0, 0, 0
52200, 4456906, 0, 0, 0
52301, 4000023, 0, 0, 0
52402, 4756747, 0, 0, 0
52500, 4005654, 0, 0, 0
52600, 4686116, 0, 0, 0
52700, 4476719, 0, 0, 0
52800, 4183235, 0, 0, 0
52900, 4412657, 0, 0, 0
53001, 4888885, 0, 0, 0
53100, 4236409, 0, 0, 0
53200, 4003137, 0, 0, 0
53302, 3886105, 0, 0, 0
53401, 4051894, 0, 0, 0
53500, 3990752, 0, 0, 0
53600, 4728359, 0, 0, 0
53702, 3804549, 0, 0, 0
53800, 5793119, 0, 0, 0
53900, 4181640, 0, 0, 0
54000, 4336414, 0, 0, 0
54101, 4968601, 0, 0, 0
54200, 4411218, 0, 0, 0
54301, 4483653, 0, 0, 0
54402, 5478039, 0, 0, 0
54500, 4596562, 0, 0, 0
54600, 4105871, 0, 0, 0
54700, 4589833, 0, 0, 0
54800, 3620991, 0, 0, 0
54900, 4368570, 0, 0, 0
55000, 4166408, 0, 0, 0
55101, 4590639, 0, 0, 0
55200, 4510892, 0, 0, 0
55300, 3393109, 0, 0, 0
55401, 4464526, 0, 0, 0
55501, 3994118, 0, 0, 0
55600, 3940346, 0, 0, 0
55700, 4162259, 0, 0, 0
55802, 3953329, 0, 0, 0
55900, 3513725, 0, 0, 0
56000, 4103493, 0, 0, 0
56100, 3642445, 0, 0, 0
56200, 3704435, 0, 0, 0
56301, 4504409, 0, 0, 0
56400, 4238943, 0, 0, 0
56501, 3770513, 0, 0, 0
56601, 4631977, 0, 0, 0
56700, 4270326, 0, 0, 0
56800, 4268165, 0, 0, 0
56901, 4053413, 0, 0, 0
57001, 4418100, 0, 0, 0
57100, 3995072, 0, 0, 0
57200, 4369474, 0, 0, 0
57300, 4389544, 0, 0, 0
57400, 4444265, 0, 0, 0
57500, 4578448, 0, 0, 0
57600, 4465425, 0, 0, 0
57700, 3941612, 0, 0, 0
57800, 3926267, 0, 0, 0
57901, 3909467, 0, 0, 0
58000, 3617388, 0, 0, 0
58100, 4509957, 0, 0, 0
58201, 4153872, 0, 0, 0
58300, 4955374, 0, 0, 0
58401, 4683155, 0, 0, 0
58500, 4350928, 0, 0, 0
58600, 5163286, 0, 0, 0
58700, 3714730, 0, 0, 0
58800, 4837612, 0, 0, 0
58900, 5128080, 0, 0, 0
59002, 3978328, 0, 0, 0
59100, 5269857, 0, 0, 0
59200, 6063300, 0, 0, 0
59300, 5067027, 0, 0, 0
59400, 5028248, 0, 0, 0
59500, 4366439, 0, 0, 0
59600, 4905786, 0, 0, 0
59700, 4835624, 0, 0, 0
59800, 4739988, 0, 0, 0
59900, 4992664, 0, 0, 0
60000, 5494812, 0, 0, 0
60003, 5397455, 0, 0, 0
