101, 9076826, 0, 0, 0
200, 8419988, 0, 0, 0
304, 8395448, 0, 0, 0
400, 9355452, 0, 0, 0
500, 6928375, 0, 0, 0
604, 7433139, 0, 0, 0
703, 8087782, 0, 0, 0
804, 8605774, 0, 0, 0
900, 10435755, 0, 0, 0
1000, 11164142, 0, 0, 0
1107, 9499327, 0, 0, 0
1202, 8442979, 0, 0, 0
1302, 8258820, 0, 0, 0
1400, 9086363, 0, 0, 0
1501, 6467085, 0, 0, 0
1601, 8478400, 0, 0, 0
1702, 9498841, 0, 0, 0
1805, 8492454, 0, 0, 0
1908, 10401072, 0, 0, 0
2001, 8487324, 0, 0, 0
2103, 8355276, 0, 0, 0
2200, 8323839, 0, 0, 0
2300, 8827061, 0, 0, 0
2401, 8440029, 0, 0, 0
2500, 8026175, 0, 0, 0
2600, 10052421, 0, 0, 0
2701, 9124815, 0, 0, 0
2800, 10143866, 0, 0, 0
2903, 7518522, 0, 0, 0
3005, 9244531, 0, 0, 0
3101, 8580339, 0, 0, 0
3202, 8559758, 0, 0, 0
3301, 9194721, 0, 0, 0
3402, 8903109, 0, 0, 0
3501, 7911704, 0, 0, 0
3602, 10251760, 0, 0, 0
3701, 8427264, 0, 0, 0
3802, 8265880, 0, 0, 0
3904, 7644435, 0, 0, 0
4002, 8334841, 0, 0, 0
4101, 9246360, 0, 0, 0
4200, 8228252, 0, 0, 0
4307, 8420069, 0, 0, 0
4403, 6970137, 0, 0, 0
4503, 7847339, 0, 0, 0
4604, 8757480, 0, 0, 0
4701, 8033917, 0, 0, 0
4802, 7803686, 0, 0, 0
4902, 8788375, 0, 0, 0
5001, 7446376, 0, 0, 0
5102, 8628259, 0, 0, 0
5201, 7762245, 0, 0, 0
5302, 8397313, 0, 0, 0
5402, 8466383, 0, 0, 0
5502, 10491459, 0, 0, 0
5601, 9313703, 0, 0, 0
5705, 8263480, 0, 0, 0
5805, 7434528, 0, 0, 0
5901, 8935380, 0, 0, 0
6006, 8646145, 0, 0, 0
6102, 8267057, 0, 0, 0
6201, 10213253, 0, 0, 0
6303, 10944953, 0, 0, 0
6406, 8838604, 0, 0, 0
6502, 8193898, 0, 0, 0
6604, 8782789, 0, 0, 0
6702, 8029101, 0, 0, 0
6801, 8986032, 0, 0, 0
6902, 8088415, 0, 0, 0
7005, 8225866, 0, 0, 0
7104, 9287694, 0, 0, 0
7201, 9515868, 0, 0, 0
7300, 10384295, 0, 0, 0
7405, 7835622, 0, 0, 0
7504, 7853142, 0, 0, 0
7600, 7500327, 0, 0, 0
7700, 9452539, 0, 0, 0
7800, 9066094, 0, 0, 0
7903, 8140428, 0, 0, 0
8002, 8150716, 0, 0, 0
8100, 6856319, 0, 0, 0
8204, 8644047, 0, 0, 0
8301, 8415426, 0, 0, 0
8401, 7952006, 0, 0, 0
8501, 9996433, 0, 0, 0
8602, 9016691, 0, 0, 0
8701, 9979944, 0, 0, 0
8800, 8409446, 0, 0, 0
8901, 8359470, 0, 0, 0
9001, 8185929, 0, 0, 0
9102, 8455855, 0, 0, 0
9200, 8357772, 0, 0, 0
9311, 8961961, 0, 0, 0
9401, 9265205, 0, 0, 0
9502, 7438238, 0, 0, 0
9600, 8283147, 0, 0, 0
9701, 6887434, 0, 0, 0
9804, 8811296, 0, 0, 0
9901, 8813250, 0, 0, 0
10008, 9539024, 0, 0, 0
10102, 7612290, 0, 0, 0
10204, 7403486, 0, 0, 0
10302, 8493053, 0, 0, 0
10402, 7946609, 0, 0, 0
10500, 10334799, 0, 0, 0
10600, 8654926, 0, 0, 0
10704, 11865553, 0, 0, 0
10804, 8543310, 0, 0, 0
10903, 8880608, 0, 0, 0
11001, 8775130, 0, 0, 0
11101, 7981361, 0, 0, 0
11200, 10148898, 0, 0, 0
11302, 10181693, 0, 0, 0
11409, 7362556, 0, 0, 0
11504, 10045691, 0, 0, 0
11602, 7469363, 0, 0, 0
11700, 7261062, 0, 0, 0
11810, 8494304, 0, 0, 0
11901, 10423509, 0, 0, 0
12002, 9653782, 0, 0, 0
12102, 8345387, 0, 0, 0
12201, 7605912, 0, 0, 0
12304, 7435170, 0, 0, 0
12406, 8443887, 0, 0, 0
12501, 8698243, 0, 0, 0
12601, 8498913, 0, 0, 0
12703, 8655405, 0, 0, 0
12801, 8936610, 0, 0, 0
12900, 9889958, 0, 0, 0
13002, 9302053, 0, 0, 0
13102, 8449776, 0, 0, 0
13202, 7352278, 0, 0, 0
13302, 8668793, 0, 0, 0
13403, 7063566, 0, 0, 0
13500, 7003091, 0, 0, 0
13600, 9918495, 0, 0, 0
13709, 8402457, 0, 0, 0
13803, 8544149, 0, 0, 0
13900, 8655772, 0, 0, 0
14000, 9080764, 0, 0, 0
14105, 7764037, 0, 0, 0
14203, 7790375, 0, 0, 0
14308, 8632396, 0, 0, 0
14405, 9804134, 0, 0, 0
14505, 7812343, 0, 0, 0
14601, 9141676, 0, 0, 0
14700, 8788961, 0, 0, 0
14806, 6654419, 0, 0, 0
14905, 10836281, 0, 0, 0
15002, 8246679, 0, 0, 0
15108, 8592499, 0, 0, 0
15201, 9244754, 0, 0, 0
15300, 9602739, 0, 0, 0
15400, 10056154, 0, 0, 0
15503, 9186524, 0, 0, 0
15600, 8755147, 0, 0, 0
15700, 7894256, 0, 0, 0
15800, 9184707, 0, 0, 0
15902, 7589577, 0, 0, 0
16003, 7334598, 0, 0, 0
16102, 8727430, 0, 0, 0
16202, 7833325, 0, 0, 0
16304, 10082483, 0, 0, 0
16401, 8836643, 0, 0, 0
16502, 8834072, 0, 0, 0
16602, 7429739, 0, 0, 0
16704, 9037854, 0, 0, 0
16802, 8916015, 0, 0, 0
16901, 9695545, 0, 0, 0
17000, 11255433, 0, 0, 0
17101, 8352108, 0, 0, 0
17200, 8615216, 0, 0, 0
17300, 10479523, 0, 0, 0
17400, 7553262, 0, 0, 0
17501, 9217906, 0, 0, 0
17604, 8637371, 0, 0, 0
17700, 7032688, 0, 0, 0
17800, 8623322, 0, 0, 0
17901, 8097176, 0, 0, 0
18001, 8541325, 0, 0, 0
18111, 9943246, 0, 0, 0
18201, 9426161, 0, 0, 0
18301, 8769026, 0, 0, 0
18401, 10427251, 0, 0, 0
18504, 8424504, 0, 0, 0
18603, 8477671, 0, 0, 0
18701, 9127599, 0, 0, 0
18801, 7464597, 0, 0, 0
18901, 12599311, 0, 0, 0
19000, 9096417, 0, 0, 0
19105, 9479611, 0, 0, 0
19200, 6878288, 0, 0, 0
19300, 9050203, 0, 0, 0
19403, 7097236, 0, 0, 0
19500, 9226217, 0, 0, 0
19602, 7438670, 0, 0, 0
19701, 10891105, 0, 0, 0
19800, 10103899, 0, 0, 0
19900, 8774408, 0, 0, 0
20002, 7080743, 0, 0, 0
20101, 7913951, 0, 0, 0
20200, 9570362, 0, 0, 0
20300, 8898120, 0, 0, 0
20401, 8501275, 0, 0, 0
20503, 7961499, 0, 0, 0
20600, 8765125, 0, 0, 0
20702, 8273344, 0, 0, 0
20800, 7546928, 0, 0, 0
20902, 9148382, 0, 0, 0
21006, 7978730, 0, 0, 0
21104, 7872695, 0, 0, 0
21202, 10122215, 0, 0, 0
21303, 8192991, 0, 0, 0
21400, 8311498, 0, 0, 0
21501, 8453431, 0, 0, 0
21604, 8251565, 0, 0, 0
21700, 8915854, 0, 0, 0
21800, 8772397, 0, 0, 0
21902, 9225149, 0, 0, 0
22009, 8609807, 0, 0, 0
22101, 10178981, 0, 0, 0
22203, 10072492, 0, 0, 0
22303, 10553918, 0, 0, 0
22400, 8545177, 0, 0, 0
22501, 8149993, 0, 0, 0
22603, 6628255, 0, 0, 0
22700, 7798938, 0, 0, 0
22804, 10134640, 0, 0, 0
22901, 7319201, 0, 0, 0
23000, 9132167, 0, 0, 0
23102, 10226278, 0, 0, 0
23207, 7715946, 0, 0, 0
23300, 8066069, 0, 0, 0
23402, 8557542, 0, 0, 0
23505, 9229876, 0, 0, 0
23600, 9221885, 0, 0, 0
23700, 8771049, 0, 0, 0
23800, 7632285, 0, 0, 0
23901, 9258244, 0, 0, 0
24004, 8141782, 0, 0, 0
24102, 7836616, 0, 0, 0
24205, 8335984, 0, 0, 0
24312, 8515878, 0, 0, 0
24401, 11311450, 0, 0, 0
24501, 7810844, 0, 0, 0
24603, 8771018, 0, 0, 0
24700, 8258992, 0, 0, 0
24800, 7719419, 0, 0, 0
24902, 8892888, 0, 0, 0
25001, 8463097, 0, 0, 0
25100, 9038520, 0, 0, 0
25202, 8535946, 0, 0, 0
25300, 9105349, 0, 0, 0
25401, 8257695, 0, 0, 0
25500, 7456046, 0, 0, 0
25600, 8433207, 0, 0, 0
25701, 8964291, 0, 0, 0
25804, 8529740, 0, 0, 0
25904, 7546786, 0, 0, 0
26001, 8177322, 0, 0, 0
26101, 7057892, 0, 0, 0
26200, 9322002, 0, 0, 0
26301, 7995870, 0, 0, 0
26402, 8321301, 0, 0, 0
26503, 8335053, 0, 0, 0
26604, 7031750, 0, 0, 0
26702, 13326139, 0, 0, 0
26800, 10255975, 0, 0, 0
26902, 9192929, 0, 0, 0
27002, 8049013, 0, 0, 0
27106, 9881315, 0, 0, 0
27200, 10566695, 0, 0, 0
27300, 8753932, 0, 0, 0
27406, 7681563, 0, 0, 0
27508, 9508177, 0, 0, 0
27600, 7362752, 0, 0, 0
27706, 10484143, 0, 0, 0
27801, 8260309, 0, 0, 0
27904, 9221222, 0, 0, 0
28000, 8433312, 0, 0, 0
28100, 7827138, 0, 0, 0
28200, 9693139, 0, 0, 0
28302, 8908014, 0, 0, 0
28403, 8868524, 0, 0, 0
28500, 8984357, 0, 0, 0
28600, 8339842, 0, 0, 0
28704, 7360842, 0, 0, 0
28807, 7092241, 0, 0, 0
28903, 10091684, 0, 0, 0
29001, 10276926, 0, 0, 0
29100, 8283918, 0, 0, 0
29200, 9159615, 0, 0, 0
29301, 7432349, 0, 0, 0
29407, 9207138, 0, 0, 0
29500, 10211695, 0, 0, 0
29600, 6643594, 0, 0, 0
29701, 8743543, 0, 0, 0
29801, 9237922, 0, 0, 0
29906, 8356141, 0, 0, 0
30001, 7749333, 0, 0, 0
30103, 7849593, 0, 0, 0
30201, 10097337, 0, 0, 0
30300, 7671573, 0, 0, 0
30402, 7583734, 0, 0, 0
30500, 8016782, 0, 0, 0
30610, 8874008, 0, 0, 0
30700, 8661159, 0, 0, 0
30800, 9366415, 0, 0, 0
30902, 9551113, 0, 0, 0
31008, 8408468, 0, 0, 0
31100, 8163080, 0, 0, 0
31204, 8899878, 0, 0, 0
31302, 7535273, 0, 0, 0
31400, 8011887, 0, 0, 0
31500, 9597801, 0, 0, 0
31603, 9049370, 0, 0, 0
31700, 9950866, 0, 0, 0
31802, 9138167, 0, 0, 0
31901, 6322612, 0, 0, 0
32000, 7781580, 0, 0, 0
32100, 7936342, 0, 0, 0
32202, 7557835, 0, 0, 0
32303, 8369831, 0, 0, 0
32400, 10088985, 0, 0, 0
32500, 8055917, 0, 0, 0
32600, 8616246, 0, 0, 0
32704, 7844379, 0, 0, 0
32803, 7392618, 0, 0, 0
32903, 8175134, 0, 0, 0
33000, 8744399, 0, 0, 0
33102, 8276403, 0, 0, 0
33200, 8925117, 0, 0, 0
33301, 7759359, 0, 0, 0
33401, 9010426, 0, 0, 0
33501, 7469531, 0, 0, 0
33601, 7388056, 0, 0, 0
33701, 9245858, 0, 0, 0
33800, 8595577, 0, 0, 0
33902, 8279605, 0, 0, 0
34000, 8101665, 0, 0, 0
34104, 7296743, 0, 0, 0
34200, 8020823, 0, 0, 0
34301, 6844614, 0, 0, 0
34400, 8250001, 0, 0, 0
34501, 7797937, 0, 0, 0
34601, 8791727, 0, 0, 0
34701, 7798188, 0, 0, 0
34803, 8450870, 0, 0, 0
34902, 11162673, 0, 0, 0
35002, 7427994, 0, 0, 0
35104, 8652749, 0, 0, 0
35200, 6437910, 0, 0, 0
35304, 8766457, 0, 0, 0
35401, 7482756, 0, 0, 0
35502, 8734901, 0, 0, 0
35606, 9389669, 0, 0, 0
35700, 8970032, 0, 0, 0
35803, 9850189, 0, 0, 0
35901, 10297101, 0, 0, 0
36008, 7167324, 0, 0, 0
36102, 7493380, 0, 0, 0
36200, 6318315, 0, 0, 0
36303, 7554884, 0, 0, 0
36401, 7319794, 0, 0, 0
36500, 9427543, 0, 0, 0
36604, 6815528, 0, 0, 0
36704, 8923796, 0, 0, 0
36801, 10367931, 0, 0, 0
36902, 8161250, 0, 0, 0
37001, 8879540, 0, 0, 0
37103, 9373636, 0, 0, 0
37204, 8045309, 0, 0, 0
37301, 9751722, 0, 0, 0
37402, 8358278, 0, 0, 0
37504, 6261575, 0, 0, 0
37601, 9287898, 0, 0, 0
37701, 9098591, 0, 0, 0
37803, 7081939, 0, 0, 0
37903, 7248427, 0, 0, 0
38001, 7574718, 0, 0, 0
38101, 9365589, 0, 0, 0
38201, 9914400, 0, 0, 0
38302, 10200280, 0, 0, 0
38401, 8164984, 0, 0, 0
38501, 9726526, 0, 0, 0
38601, 9987181, 0, 0, 0
38703, 8889875, 0, 0, 0
38802, 8310057, 0, 0, 0
38902, 9054277, 0, 0, 0
39003, 6078130, 0, 0, 0
39101, 8068506, 0, 0, 0
39203, 8868659, 0, 0, 0
39304, 8214987, 0, 0, 0
39402, 7753294, 0, 0, 0
39502, 7237325, 0, 0, 0
39600, 8160635, 0, 0, 0
39703, 6432113, 0, 0, 0
39800, 7985057, 0, 0, 0
39904, 8692598, 0, 0, 0
40002, 8483008, 0, 0, 0
40100, 7098430, 0, 0, 0
40201, 8565027, 0, 0, 0
40301, 7043041, 0, 0, 0
40402, 8017091, 0, 0, 0
40503, 8180070, 0, 0, 0
40603, 7324740, 0, 0, 0
40700, 7746146, 0, 0, 0
40806, 7607337, 0, 0, 0
40903, 7720237, 0, 0, 0
41000, 9066582, 0, 0, 0
41102, 9392021, 0, 0, 0
41201, 7286059, 0, 0, 0
41303, 9336580, 0, 0, 0
41405, 8344030, 0, 0, 0
41500, 12468385, 0, 0, 0
41600, 8411061, 0, 0, 0
41700, 8288767, 0, 0, 0
41800, 9947483, 0, 0, 0
41901, 9140100, 0, 0, 0
42000, 8241309, 0, 0, 0
42105, 7985743, 0, 0, 0
42210, 10657165, 0, 0, 0
42300, 10021366, 0, 0, 0
42403, 7572885, 0, 0, 0
42505, 10456585, 0, 0, 0
42601, 9297203, 0, 0, 0
42700, 10188904, 0, 0, 0
42803, 9077787, 0, 0, 0
42902, 7578289, 0, 0, 0
43002, 10896811, 0, 0, 0
43101, 9579498, 0, 0, 0
43201, 8265745, 0, 0, 0
43300, 9726060, 0, 0, 0
43404, 9348098, 0, 0, 0
43500, 8631686, 0, 0, 0
43603, 8526493, 0, 0, 0
43702, 7988399, 0, 0, 0
43805, 8168426, 0, 0, 0
43901, 8753573, 0, 0, 0
44003, 9193819, 0, 0, 0
44102, 8149770, 0, 0, 0
44200, 7785408, 0, 0, 0
44300, 8077086, 0, 0, 0
44400, 10022072, 0, 0, 0
44500, 10064287, 0, 0, 0
44610, 9941791, 0, 0, 0
44703, 8739001, 0, 0, 0
44800, 8086562, 0, 0, 0
44901, 9079957, 0, 0, 0
45003, 7437723, 0, 0, 0
45101, 9036640, 0, 0, 0
45204, 8433510, 0, 0, 0
45305, 9759291, 0, 0, 0
45400, 7508036, 0, 0, 0
45500, 7186058, 0, 0, 0
45601, 7805898, 0, 0, 0
45701, 8157784, 0, 0, 0
45804, 8714732, 0, 0, 0
45901, 10538994, 0, 0, 0
46003, 10857352, 0, 0, 0
46102, 8838605, 0, 0, 0
46201, 7543028, 0, 0, 0
46304, 9279822, 0, 0, 0
46403, 7964737, 0, 0, 0
46502, 7504801, 0, 0, 0
46603, 7923926, 0, 0, 0
46702, 10141603, 0, 0, 0
46800, 8754396, 0, 0, 0
46902, 8766153, 0, 0, 0
47001, 8705156, 0, 0, 0
47100, 9084542, 0, 0, 0
47200, 8583437, 0, 0, 0
47303, 7954164, 0, 0, 0
47400, 7869239, 0, 0, 0
47500, 8935935, 0, 0, 0
47602, 10389821, 0, 0, 0
47700, 7201805, 0, 0, 0
47800, 8694270, 0, 0, 0
47901, 9231827, 0, 0, 0
48000, 9005398, 0, 0, 0
48107, 9490895, 0, 0, 0
48200, 9238281, 0, 0, 0
48302, 7302347, 0, 0, 0
48400, 7909081, 0, 0, 0
48501, 6289291, 0, 0, 0
48602, 9851244, 0, 0, 0
48701, 8267266, 0, 0, 0
48804, 12316208, 0, 0, 0
48900, 9011395, 0, 0, 0
49002, 7243685, 0, 0, 0
49103, 7622239, 0, 0, 0
49200, 9936989, 0, 0, 0
49300, 7881377, 0, 0, 0
49402, 9487211, 0, 0, 0
49500, 10319012, 0, 0, 0
49605, 8426497, 0, 0, 0
49700, 8680214, 0, 0, 0
49805, 10520726, 0, 0, 0
49901, 7558550, 0, 0, 0
50000, 6701663, 0, 0, 0
50101, 8238278, 0, 0, 0
50205, 9536047, 0, 0, 0
50303, 9068215, 0, 0, 0
50403, 8185100, 0, 0, 0
50504, 8756206, 0, 0, 0
50600, 6660096, 0, 0, 0
50700, 8661034, 0, 0, 0
50800, 8567736, 0, 0, 0
50901, 9675162, 0, 0, 0
51001, 9726436, 0, 0, 0
51103, 10252108, 0, 0, 0
51201, 9944257, 0, 0, 0
51308, 8538333, 0, 0, 0
51401, 9945827, 0, 0, 0
51504, 9757494, 0, 0, 0
51600, 9201800, 0, 0, 0
51702, 7755111, 0, 0, 0
51807, 8909422, 0, 0, 0
51903, 8625416, 0, 0, 0
52000, 8620771, 0, 0, 0
52104, 9541586, 0, 0, 0
52203, 12728769, 0, 0, 0
52304, 10653416, 0, 0, 0
52400, 7989149, 0, 0, 0
52500, 7815722, 0, 0, 0
52602, 8819048, 0, 0, 0
52702, 7504395, 0, 0, 0
52804, 9654689, 0, 0, 0
52902, 7705297, 0, 0, 0
53001, 8190952, 0, 0, 0
53101, 9327577, 0, 0, 0
53201, 8731976, 0, 0, 0
53304, 9156702, 0, 0, 0
53407, 7544833, 0, 0, 0
53500, 9370207, 0, 0, 0
53601, 6800069, 0, 0, 0
53705, 7632115, 0, 0, 0
53802, 9959987, 0, 0, 0
53903, 8851487, 0, 0, 0
54000, 7701140, 0, 0, 0
54102, 9837071, 0, 0, 0
54201, 9958271, 0, 0, 0
54301, 8438784, 0, 0, 0
54406, 7769892, 0, 0, 0
54506, 8315678, 0, 0, 0
54601, 10434587, 0, 0, 0
54704, 7888039, 0, 0, 0
54801, 8990526, 0, 0, 0
54902, 8713183, 0, 0, 0
55001, 8782524, 0, 0, 0
55100, 8922956, 0, 0, 0
55202, 10097869, 0, 0, 0
55302, 8897871, 0, 0, 0
55405, 8688961, 0, 0, 0
55501, 8323609, 0, 0, 0
55602, 9270993, 0, 0, 0
55700, 9107089, 0, 0, 0
55804, 8343850, 0, 0, 0
55901, 8881599, 0, 0, 0
56003, 8881423, 0, 0, 0
56100, 10300359, 0, 0, 0
56205, 8925056, 0, 0, 0
56301, 9301339, 0, 0, 0
56402, 9058866, 0, 0, 0
56500, 6663604, 0, 0, 0
56606, 8275931, 0, 0, 0
56703, 9710951, 0, 0, 0
56801, 8727019, 0, 0, 0
56900, 9423844, 0, 0, 0
57001, 9539787, 0, 0, 0
57102, 8747266, 0, 0, 0
57203, 9833449, 0, 0, 0
57301, 11113210, 0, 0, 0
57406, 9314387, 0, 0, 0
57503, 9960314, 0, 0, 0
57609, 9723800, 0, 0, 0
57701, 9074853, 0, 0, 0
57800, 9564929, 0, 0, 0
57901, 9675802, 0, 0, 0
58002, 8931818, 0, 0, 0
58100, 7977408, 0, 0, 0
58203, 8939294, 0, 0, 0
58306, 11124592, 0, 0, 0
58403, 10280213, 0, 0, 0
58500, 10030250, 0, 0, 0
58604, 8231634, 0, 0, 0
58716, 9281331, 0, 0, 0
58800, 10865713, 0, 0, 0
58901, 9296322, 0, 0, 0
59002, 9668761, 0, 0, 0
59100, 9527724, 0, 0, 0
59202, 8909520, 0, 0, 0
59303, 9146146, 0, 0, 0
59400, 8954359, 0, 0, 0
59500, 9300445, 0, 0, 0
59600, 8795821, 0, 0, 0
59703, 8225569, 0, 0, 0
59801, 9167855, 0, 0, 0
59903, 7449090, 0, 0, 0
60004, 9427203, 0, 0, 0
60012, 19093892, 0, 0, 0
