100, 1071214, 0, 0, 0
200, 1072641, 0, 0, 0
300, 1056048, 0, 0, 0
400, 1141724, 0, 0, 0
500, 1108431, 0, 0, 0
600, 1108538, 0, 0, 0
700, 1154390, 0, 0, 0
800, 1138957, 0, 0, 0
900, 1115071, 0, 0, 0
1001, 1075912, 0, 0, 0
1101, 1108105, 0, 0, 0
1200, 1039061, 0, 0, 0
1300, 1044318, 0, 0, 0
1401, 1044362, 0, 0, 0
1500, 1069262, 0, 0, 0
1600, 1089448, 0, 0, 0
1700, 1129072, 0, 0, 0
1800, 1137688, 0, 0, 0
1900, 1129160, 0, 0, 0
2000, 1159404, 0, 0, 0
2100, 1086134, 0, 0, 0
2200, 1067723, 0, 0, 0
2300, 1084480, 0, 0, 0
2400, 1039065, 0, 0, 0
2500, 1045454, 0, 0, 0
2600, 1050697, 0, 0, 0
2700, 1075924, 0, 0, 0
2800, 1077425, 0, 0, 0
2900, 1091679, 0, 0, 0
3000, 1061542, 0, 0, 0
3100, 1102885, 0, 0, 0
3200, 1099636, 0, 0, 0
3300, 1041794, 0, 0, 0
3400, 1110474, 0, 0, 0
3500, 1017090, 0, 0, 0
3600, 1045250, 0, 0, 0
3700, 1062281, 0, 0, 0
3801, 1047602, 0, 0, 0
3900, 1058320, 0, 0, 0
4000, 1038785, 0, 0, 0
4100, 1112154, 0, 0, 0
4200, 1092657, 0, 0, 0
4300, 1024595, 0, 0, 0
4400, 1081069, 0, 0, 0
4501, 1056387, 0, 0, 0
4600, 1107923, 0, 0, 0
4700, 1038698, 0, 0, 0
4800, 1013852, 0, 0, 0
4901, 1069480, 0, 0, 0
5001, 1069624, 0, 0, 0
5100, 1064334, 0, 0, 0
5200, 1023500, 0, 0, 0
5300, 1005751, 0, 0, 0
5400, 1074094, 0, 0, 0
5500, 1109417, 0, 0, 0
5600, 1062810, 0, 0, 0
5701, 1103127, 0, 0, 0
5800, 1128068, 0, 0, 0
5901, 1107860, 0, 0, 0
6000, 1144598, 0, 0, 0
6101, 1115924, 0, 0, 0
6200, 1072966, 0, 0, 0
6300, 1099078, 0, 0, 0
6400, 1163986, 0, 0, 0
6501, 1102039, 0, 0, 0
6600, 1171594, 0, 0, 0
6700, 1134059, 0, 0, 0
6800, 1170605, 0, 0, 0
6900, 1152462, 0, 0, 0
7001, 1079628, 0, 0, 0
7100, 1102512, 0, 0, 0
7200, 1135053, 0, 0, 0
7300, 1053256, 0, 0, 0
7400, 1115971, 0, 0, 0
7500, 1147131, 0, 0, 0
7600, 1107319, 0, 0, 0
7700, 1050129, 0, 0, 0
7800, 1007565, 0, 0, 0
7900, 1107033, 0, 0, 0
8000, 1053359, 0, 0, 0
8100, 1086541, 0, 0, 0
8200, 1102931, 0, 0, 0
8300, 1100661, 0, 0, 0
8400, 1113478, 0, 0, 0
8500, 1076493, 0, 0, 0
8600, 1036713, 0, 0, 0
8700, 1112827, 0, 0, 0
8800, 1059744, 0, 0, 0
8901, 1103224, 0, 0, 0
9000, 1076792, 0, 0, 0
9100, 1144061, 0, 0, 0
9200, 1053810, 0, 0, 0
9300, 1061816, 0, 0, 0
9400, 1063119, 0, 0, 0
9500, 1062999, 0, 0, 0
9600, 1051797, 0, 0, 0
9700, 1023802, 0, 0, 0
9800, 994765, 0, 0, 0
9900, 1073684, 0, 0, 0
10000, 1053951, 0, 0, 0
10100, 1036019, 0, 0, 0
10200, 1026083, 0, 0, 0
10300, 1019656, 0, 0, 0
10400, 1043084, 0, 0, 0
10500, 1044450, 0, 0, 0
10600, 1047383, 0, 0, 0
10700, 1030718, 0, 0, 0
10801, 1039891, 0, 0, 0
10900, 1079060, 0, 0, 0
11000, 1088581, 0, 0, 0
11100, 1074915, 0, 0, 0
11200, 1066466, 0, 0, 0
11300, 1057127, 0, 0, 0
11400, 1046582, 0, 0, 0
11500, 1024133, 0, 0, 0
11601, 1130386, 0, 0, 0
11700, 1141194, 0, 0, 0
11800, 1141975, 0, 0, 0
11900, 1126313, 0, 0, 0
12001, 1071310, 0, 0, 0
12100, 1027330, 0, 0, 0
12200, 1069233, 0, 0, 0
12300, 1051788, 0, 0, 0
12400, 1072477, 0, 0, 0
12500, 1112298, 0, 0, 0
12600, 1077488, 0, 0, 0
12700, 1056646, 0, 0, 0
12800, 1056710, 0, 0, 0
12900, 1058169, 0, 0, 0
13001, 1059274, 0, 0, 0
13100, 1054932, 0, 0, 0
13200, 1041430, 0, 0, 0
13300, 1063174, 0, 0, 0
13400, 1100853, 0, 0, 0
13500, 1094370, 0, 0, 0
13600, 1120083, 0, 0, 0
13700, 1080952, 0, 0, 0
13800, 1082596, 0, 0, 0
13900, 1110026, 0, 0, 0
14000, 1081950, 0, 0, 0
14100, 1076434, 0, 0, 0
14200, 1107910, 0, 0, 0
14300, 1097617, 0, 0, 0
14400, 1116444, 0, 0, 0
14500, 1080922, 0, 0, 0
14600, 1080080, 0, 0, 0
14700, 1149342, 0, 0, 0
14800, 1093058, 0, 0, 0
14900, 1079592, 0, 0, 0
15000, 1087036, 0, 0, 0
15100, 1023512, 0, 0, 0
15200, 1155390, 0, 0, 0
15300, 1129232, 0, 0, 0
15400, 1120241, 0, 0, 0
15500, 1107451, 0, 0, 0
15600, 1114459, 0, 0, 0
15700, 1157450, 0, 0, 0
15800, 1171686, 0, 0, 0
15900, 1077950, 0, 0, 0
16000, 1062367, 0, 0, 0
16100, 1096773, 0, 0, 0
16200, 1070063, 0, 0, 0
16300, 1038658, 0, 0, 0
16400, 1093355, 0, 0, 0
16500, 1029065, 0, 0, 0
16600, 1038741, 0, 0, 0
16700, 1086527, 0, 0, 0
16800, 1036328, 0, 0, 0
16900, 1044362, 0, 0, 0
17000, 1088465, 0, 0, 0
17100, 1066510, 0, 0, 0
17200, 1023133, 0, 0, 0
17300, 1086086, 0, 0, 0
17400, 1097468, 0, 0, 0
17500, 1058084, 0, 0, 0
17600, 1131732, 0, 0, 0
17700, 1083689, 0, 0, 0
17800, 1059660, 0, 0, 0
17900, 1094568, 0, 0, 0
18000, 1106492, 0, 0, 0
18100, 1143692, 0, 0, 0
18200, 1088764, 0, 0, 0
18301, 1118491, 0, 0, 0
18400, 1120813, 0, 0, 0
18500, 1133920, 0, 0, 0
18600, 1161918, 0, 0, 0
18700, 1119695, 0, 0, 0
18801, 1158563, 0, 0, 0
18900, 1129871, 0, 0, 0
19000, 1110904, 0, 0, 0
19100, 1139078, 0, 0, 0
19200, 1098500, 0, 0, 0
19300, 1108217, 0, 0, 0
19400, 1138599, 0, 0, 0
19500, 1157288, 0, 0, 0
19600, 1116306, 0, 0, 0
19700, 1105195, 0, 0, 0
19800, 1134116, 0, 0, 0
19900, 1095858, 0, 0, 0
20000, 1112251, 0, 0, 0
20100, 1030526, 0, 0, 0
20200, 1080913, 0, 0, 0
20301, 1073077, 0, 0, 0
20400, 1055650, 0, 0, 0
20501, 1041320, 0, 0, 0
20600, 1109881, 0, 0, 0
20700, 1082110, 0, 0, 0
20800, 1073018, 0, 0, 0
20900, 1097890, 0, 0, 0
21000, 1071589, 0, 0, 0
21101, 1076605, 0, 0, 0
21200, 1068995, 0, 0, 0
21300, 1117260, 0, 0, 0
21400, 1081491, 0, 0, 0
21500, 1041279, 0, 0, 0
21600, 1120282, 0, 0, 0
21700, 1106148, 0, 0, 0
21800, 1086909, 0, 0, 0
21900, 1080687, 0, 0, 0
22001, 1085134, 0, 0, 0
22100, 1055631, 0, 0, 0
22200, 1082401, 0, 0, 0
22300, 1163955, 0, 0, 0
22401, 1180009, 0, 0, 0
22500, 1117486, 0, 0, 0
22600, 1137025, 0, 0, 0
22700, 1103778, 0, 0, 0
22800, 1176897, 0, 0, 0
22900, 1151285, 0, 0, 0
23000, 1197014, 0, 0, 0
23100, 1157612, 0, 0, 0
23201, 1194141, 0, 0, 0
23300, 1132487, 0, 0, 0
23400, 1157682, 0, 0, 0
23500, 1167755, 0, 0, 0
23600, 1174528, 0, 0, 0
23700, 1129326, 0, 0, 0
23800, 1156374, 0, 0, 0
23901, 1127603, 0, 0, 0
24000, 1101607, 0, 0, 0
24101, 1130812, 0, 0, 0
24200, 1147271, 0, 0, 0
24300, 1139850, 0, 0, 0
24400, 1145559, 0, 0, 0
24500, 1131292, 0, 0, 0
24600, 1098366, 0, 0, 0
24700, 1080258, 0, 0, 0
24800, 1131659, 0, 0, 0
24901, 1133416, 0, 0, 0
25000, 1099500, 0, 0, 0
25100, 1133300, 0, 0, 0
25200, 1136865, 0, 0, 0
25300, 1153975, 0, 0, 0
25400, 1123823, 0, 0, 0
25500, 1060038, 0, 0, 0
25600, 1109447, 0, 0, 0
25700, 1112606, 0, 0, 0
25800, 1074655, 0, 0, 0
25900, 1074330, 0, 0, 0
26000, 1052018, 0, 0, 0
26100, 1038523, 0, 0, 0
26200, 1166146, 0, 0, 0
26300, 1125302, 0, 0, 0
26401, 1161853, 0, 0, 0
26500, 1151228, 0, 0, 0
26601, 1147676, 0, 0, 0
26700, 1158534, 0, 0, 0
26800, 1120322, 0, 0, 0
26900, 1123652, 0, 0, 0
27001, 1109130, 0, 0, 0
27100, 1125453, 0, 0, 0
27200, 1204851, 0, 0, 0
27300, 1092046, 0, 0, 0
27400, 1187747, 0, 0, 0
27500, 1227020, 0, 0, 0
27601, 1125137, 0, 0, 0
27700, 1111876, 0, 0, 0
27800, 1064962, 0, 0, 0
27901, 1139721, 0, 0, 0
28000, 1216322, 0, 0, 0
28100, 1161616, 0, 0, 0
28200, 1129304, 0, 0, 0
28300, 1165615, 0, 0, 0
28401, 1129963, 0, 0, 0
28500, 1157600, 0, 0, 0
28601, 1169250, 0, 0, 0
28700, 1107224, 0, 0, 0
28800, 1113445, 0, 0, 0
28900, 1165853, 0, 0, 0
29000, 1151405, 0, 0, 0
29100, 1131132, 0, 0, 0
29200, 1162057, 0, 0, 0
29300, 1179548, 0, 0, 0
29401, 1155837, 0, 0, 0
29500, 1149050, 0, 0, 0
29600, 1255327, 0, 0, 0
29700, 1133466, 0, 0, 0
29800, 1177221, 0, 0, 0
29900, 1164114, 0, 0, 0
30000, 1212014, 0, 0, 0
30100, 1155188, 0, 0, 0
30200, 1144342, 0, 0, 0
30300, 1134317, 0, 0, 0
30400, 1167569, 0, 0, 0
30500, 1099773, 0, 0, 0
30600, 1136612, 0, 0, 0
30700, 1122517, 0, 0, 0
30800, 1142351, 0, 0, 0
30900, 1251058, 0, 0, 0
31000, 1200083, 0, 0, 0
31100, 1108828, 0, 0, 0
31200, 1163942, 0, 0, 0
31300, 1182116, 0, 0, 0
31400, 1098136, 0, 0, 0
31500, 1097730, 0, 0, 0
31600, 1117347, 0, 0, 0
31700, 1073203, 0, 0, 0
31800, 1069941, 0, 0, 0
31901, 1127177, 0, 0, 0
32000, 1099411, 0, 0, 0
32100, 1079646, 0, 0, 0
32200, 1097009, 0, 0, 0
32301, 1146648, 0, 0, 0
32400, 1105139, 0, 0, 0
32501, 1070084, 0, 0, 0
32601, 1109718, 0, 0, 0
32700, 1069178, 0, 0, 0
32800, 1027141, 0, 0, 0
32900, 1040497, 0, 0, 0
33000, 1073568, 0, 0, 0
33100, 1056577, 0, 0, 0
33200, 1100716, 0, 0, 0
33300, 1121587, 0, 0, 0
33400, 1099296, 0, 0, 0
33500, 1093483, 0, 0, 0
33600, 1123695, 0, 0, 0
33700, 1102601, 0, 0, 0
33800, 1142464, 0, 0, 0
33901, 1085721, 0, 0, 0
34000, 1109075, 0, 0, 0
34100, 1077810, 0, 0, 0
34200, 1104292, 0, 0, 0
34300, 1084266, 0, 0, 0
34400, 1086841, 0, 0, 0
34500, 1108761, 0, 0, 0
34600, 1124567, 0, 0, 0
34700, 1054381, 0, 0, 0
34800, 1057473, 0, 0, 0
34900, 1101918, 0, 0, 0
35000, 1058479, 0, 0, 0
35101, 1050578, 0, 0, 0
35200, 1061468, 0, 0, 0
35300, 1064955, 0, 0, 0
35400, 1124203, 0, 0, 0
35500, 1044788, 0, 0, 0
35600, 1080968, 0, 0, 0
35700, 1033172, 0, 0, 0
35800, 1056175, 0, 0, 0
35900, 1088452, 0, 0, 0
36001, 1058150, 0, 0, 0
36101, 1049719, 0, 0, 0
36200, 1028154, 0, 0, 0
36300, 1038566, 0, 0, 0
36400, 1094064, 0, 0, 0
36500, 1122536, 0, 0, 0
36600, 1094527, 0, 0, 0
36700, 1035993, 0, 0, 0
36800, 1006655, 0, 0, 0
36901, 1061865, 0, 0, 0
37000, 1075353, 0, 0, 0
37100, 1041892, 0, 0, 0
37201, 1038080, 0, 0, 0
37301, 1083498, 0, 0, 0
37400, 1051457, 0, 0, 0
37500, 1035040, 0, 0, 0
37600, 1102609, 0, 0, 0
37700, 1094424, 0, 0, 0
37800, 1035479, 0, 0, 0
37900, 1090695, 0, 0, 0
38000, 1088214, 0, 0, 0
38100, 1044177, 0, 0, 0
38200, 1022538, 0, 0, 0
38300, 1044320, 0, 0, 0
38400, 1057029, 0, 0, 0
38500, 1073553, 0, 0, 0
38600, 1049326, 0, 0, 0
38700, 1133304, 0, 0, 0
38800, 1025467, 0, 0, 0
38900, 1118557, 0, 0, 0
39000, 1046219, 0, 0, 0
39100, 1032909, 0, 0, 0
39200, 1089350, 0, 0, 0
39301, 1033551, 0, 0, 0
39400, 1074217, 0, 0, 0
39500, 1059597, 0, 0, 0
39600, 1113849, 0, 0, 0
39700, 1051475, 0, 0, 0
39800, 1038417, 0, 0, 0
39900, 1032294, 0, 0, 0
40000, 1068323, 0, 0, 0
40100, 1069201, 0, 0, 0
40200, 1142188, 0, 0, 0
40300, 1172942, 0, 0, 0
40400, 1134356, 0, 0, 0
40501, 1151701, 0, 0, 0
40601, 1131038, 0, 0, 0
40700, 1118522, 0, 0, 0
40800, 1159350, 0, 0, 0
40900, 1131470, 0, 0, 0
41000, 1106910, 0, 0, 0
41100, 1128193, 0, 0, 0
41200, 1073174, 0, 0, 0
41300, 1066613, 0, 0, 0
41400, 1132100, 0, 0, 0
41500, 1084904, 0, 0, 0
41601, 1189223, 0, 0, 0
41700, 1139278, 0, 0, 0
41800, 1119423, 0, 0, 0
41900, 1128799, 0, 0, 0
42000, 1122404, 0, 0, 0
42100, 1108560, 0, 0, 0
42200, 1050314, 0, 0, 0
42300, 1079716, 0, 0, 0
42400, 1057093, 0, 0, 0
42500, 1036890, 0, 0, 0
42600, 1042919, 0, 0, 0
42700, 1054719, 0, 0, 0
42800, 1031707, 0, 0, 0
42900, 1030163, 0, 0, 0
43000, 1036027, 0, 0, 0
43100, 1039576, 0, 0, 0
43200, 1102056, 0, 0, 0
43300, 1126896, 0, 0, 0
43400, 1085950, 0, 0, 0
43501, 1088702, 0, 0, 0
43600, 1094648, 0, 0, 0
43701, 1068695, 0, 0, 0
43800, 1082800, 0, 0, 0
43900, 1092509, 0, 0, 0
44000, 1102048, 0, 0, 0
44100, 1063576, 0, 0, 0
44200, 1121667, 0, 0, 0
44300, 1137892, 0, 0, 0
44400, 1041600, 0, 0, 0
44500, 1090064, 0, 0, 0
44601, 1124889, 0, 0, 0
44700, 1150983, 0, 0, 0
44800, 1119884, 0, 0, 0
44901, 1148426, 0, 0, 0
45000, 1174492, 0, 0, 0
45100, 1089035, 0, 0, 0
45200, 999743, 0, 0, 0
45300, 1038780, 0, 0, 0
45401, 1052617, 0, 0, 0
45500, 1046939, 0, 0, 0
45600, 1044850, 0, 0, 0
45700, 1095422, 0, 0, 0
45800, 1063860, 0, 0, 0
45901, 1060027, 0, 0, 0
46000, 1074661, 0, 0, 0
46100, 1063002, 0, 0, 0
46200, 1095316, 0, 0, 0
46300, 1071893, 0, 0, 0
46400, 1000848, 0, 0, 0
46500, 1060180, 0, 0, 0
46600, 1039428, 0, 0, 0
46700, 1069554, 0, 0, 0
46800, 1062619, 0, 0, 0
46900, 1069632, 0, 0, 0
47001, 1053326, 0, 0, 0
47100, 1067582, 0, 0, 0
47200, 1052018, 0, 0, 0
47300, 1034807, 0, 0, 0
47400, 1019695, 0, 0, 0
47501, 1033739, 0, 0, 0
47600, 1073641, 0, 0, 0
47700, 1035143, 0, 0, 0
47800, 1055413, 0, 0, 0
47901, 1076020, 0, 0, 0
48000, 1096830, 0, 0, 0
48100, 1083253, 0, 0, 0
48200, 1067571, 0, 0, 0
48301, 1077961, 0, 0, 0
48400, 1095867, 0, 0, 0
48501, 1115868, 0, 0, 0
48600, 1114942, 0, 0, 0
48700, 1070995, 0, 0, 0
48800, 1123017, 0, 0, 0
48900, 1081317, 0, 0, 0
49000, 1038438, 0, 0, 0
49100, 1018926, 0, 0, 0
49200, 980129, 0, 0, 0
49300, 993689, 0, 0, 0
49400, 999286, 0, 0, 0
49500, 1001327, 0, 0, 0
49600, 1062196, 0, 0, 0
49700, 1057539, 0, 0, 0
49800, 1083268, 0, 0, 0
49900, 1011613, 0, 0, 0
50000, 1027618, 0, 0, 0
50100, 1022495, 0, 0, 0
50200, 1064667, 0, 0, 0
50300, 1081468, 0, 0, 0
50401, 1045159, 0, 0, 0
50500, 1055211, 0, 0, 0
50600, 1074435, 0, 0, 0
50700, 1041197, 0, 0, 0
50800, 1032817, 0, 0, 0
50900, 1018840, 0, 0, 0
51000, 1047073, 0, 0, 0
51100, 1095767, 0, 0, 0
51200, 1063998, 0, 0, 0
51300, 1008557, 0, 0, 0
51400, 1070552, 0, 0, 0
51500, 1129041, 0, 0, 0
51600, 1117212, 0, 0, 0
51700, 1135328, 0, 0, 0
51800, 1097383, 0, 0, 0
51900, 1089162, 0, 0, 0
52000, 1106101, 0, 0, 0
52100, 1075757, 0, 0, 0
52200, 1111192, 0, 0, 0
52300, 1098937, 0, 0, 0
52400, 1069042, 0, 0, 0
52500, 1069321, 0, 0, 0
52600, 1083432, 0, 0, 0
52700, 1066376, 0, 0, 0
52800, 1059894, 0, 0, 0
52900, 1128836, 0, 0, 0
53000, 1042766, 0, 0, 0
53100, 1050340, 0, 0, 0
53200, 1057750, 0, 0, 0
53300, 1032881, 0, 0, 0
53400, 1084167, 0, 0, 0
53500, 1143721, 0, 0, 0
53601, 1086936, 0, 0, 0
53700, 1064401, 0, 0, 0
53800, 1059796, 0, 0, 0
53900, 1060558, 0, 0, 0
54000, 1068485, 0, 0, 0
54100, 1070403, 0, 0, 0
54200, 1058701, 0, 0, 0
54300, 1057634, 0, 0, 0
54400, 1029262, 0, 0, 0
54500, 1053697, 0, 0, 0
54600, 1064691, 0, 0, 0
54700, 1085124, 0, 0, 0
54800, 1054226, 0, 0, 0
54900, 1062035, 0, 0, 0
55000, 1045089, 0, 0, 0
55100, 1051674, 0, 0, 0
55200, 1089893, 0, 0, 0
55300, 1074854, 0, 0, 0
55400, 1043327, 0, 0, 0
55500, 1060852, 0, 0, 0
55600, 1065506, 0, 0, 0
55700, 1062823, 0, 0, 0
55800, 1085974, 0, 0, 0
55900, 1075466, 0, 0, 0
56000, 1067952, 0, 0, 0
56100, 1076534, 0, 0, 0
56200, 1070945, 0, 0, 0
56300, 1070529, 0, 0, 0
56400, 1086880, 0, 0, 0
56500, 1056216, 0, 0, 0
56600, 1084870, 0, 0, 0
56700, 1070821, 0, 0, 0
56800, 1075101, 0, 0, 0
56900, 1095903, 0, 0, 0
57000, 1186907, 0, 0, 0
57100, 1144574, 0, 0, 0
57200, 1161277, 0, 0, 0
57300, 1153517, 0, 0, 0
57400, 1094829, 0, 0, 0
57500, 1082087, 0, 0, 0
57600, 1055476, 0, 0, 0
57700, 1082014, 0, 0, 0
57801, 1064132, 0, 0, 0
57900, 1143584, 0, 0, 0
58001, 1137042, 0, 0, 0
58101, 1081588, 0, 0, 0
58200, 1101399, 0, 0, 0
58300, 1081602, 0, 0, 0
58400, 1074482, 0, 0, 0
58500, 1074080, 0, 0, 0
58600, 1052892, 0, 0, 0
58700, 1057891, 0, 0, 0
58800, 1015662, 0, 0, 0
58900, 1064672, 0, 0, 0
59000, 999830, 0, 0, 0
59100, 1096074, 0, 0, 0
59200, 1080191, 0, 0, 0
59300, 1132236, 0, 0, 0
59400, 1139190, 0, 0, 0
59500, 1123203, 0, 0, 0
59600, 1082000, 0, 0, 0
59700, 1014171, 0, 0, 0
59800, 1070227, 0, 0, 0
59900, 1059811, 0, 0, 0
60000, 1060016, 0, 0, 0
60101, 1122334, 0, 0, 0
60200, 1141106, 0, 0, 0
60300, 1138555, 0, 0, 0
60400, 1166106, 0, 0, 0
60500, 1141421, 0, 0, 0
60600, 1182611, 0, 0, 0
60700, 1103612, 0, 0, 0
60801, 1137179, 0, 0, 0
60900, 1167033, 0, 0, 0
61000, 1063909, 0, 0, 0
61100, 1134100, 0, 0, 0
61200, 1114678, 0, 0, 0
61300, 1102646, 0, 0, 0
61400, 1081711, 0, 0, 0
61500, 1109981, 0, 0, 0
61600, 1072839, 0, 0, 0
61700, 1085292, 0, 0, 0
61800, 1110071, 0, 0, 0
61900, 1114323, 0, 0, 0
62000, 1117839, 0, 0, 0
62100, 1150566, 0, 0, 0
62200, 1131793, 0, 0, 0
62300, 1176538, 0, 0, 0
62400, 1124524, 0, 0, 0
62500, 1109684, 0, 0, 0
62600, 1181713, 0, 0, 0
62700, 1180982, 0, 0, 0
62801, 1155463, 0, 0, 0
62901, 1132613, 0, 0, 0
63000, 1139848, 0, 0, 0
63100, 1113981, 0, 0, 0
63200, 1101024, 0, 0, 0
63301, 1140033, 0, 0, 0
63400, 1034393, 0, 0, 0
63500, 1019431, 0, 0, 0
63600, 1051577, 0, 0, 0
63700, 1050311, 0, 0, 0
63800, 1021007, 0, 0, 0
63900, 1080540, 0, 0, 0
64000, 1050849, 0, 0, 0
64100, 1078548, 0, 0, 0
64200, 1072223, 0, 0, 0
64300, 1046114, 0, 0, 0
64400, 1097583, 0, 0, 0
64500, 1047750, 0, 0, 0
64600, 1048737, 0, 0, 0
64700, 1100513, 0, 0, 0
64801, 1013682, 0, 0, 0
64900, 1082282, 0, 0, 0
65000, 1117531, 0, 0, 0
65100, 1029885, 0, 0, 0
65200, 1057317, 0, 0, 0
65300, 1051118, 0, 0, 0
65400, 1047825, 0, 0, 0
65500, 1140008, 0, 0, 0
65600, 1260014, 0, 0, 0
65700, 1314174, 0, 0, 0
65801, 1301770, 0, 0, 0
65900, 1282084, 0, 0, 0
66000, 1251717, 0, 0, 0
66100, 1216153, 0, 0, 0
66200, 1214371, 0, 0, 0
66300, 1291236, 0, 0, 0
66400, 1253083, 0, 0, 0
66500, 1248371, 0, 0, 0
66600, 1279078, 0, 0, 0
66700, 1224413, 0, 0, 0
66800, 1300136, 0, 0, 0
66900, 1246021, 0, 0, 0
67000, 1268262, 0, 0, 0
67100, 1381831, 0, 0, 0
67201, 1265915, 0, 0, 0
67300, 1303880, 0, 0, 0
67400, 1270089, 0, 0, 0
67500, 1320192, 0, 0, 0
67601, 1332084, 0, 0, 0
67700, 1318932, 0, 0, 0
67800, 1285315, 0, 0, 0
67900, 1275293, 0, 0, 0
68000, 1347674, 0, 0, 0
68100, 1272711, 0, 0, 0
68200, 1400351, 0, 0, 0
68300, 1276004, 0, 0, 0
68400, 1288573, 0, 0, 0
68500, 1286160, 0, 0, 0
68600, 1289627, 0, 0, 0
68700, 1253773, 0, 0, 0
68801, 1208843, 0, 0, 0
68901, 1318005, 0, 0, 0
69000, 1279456, 0, 0, 0
69101, 1368710, 0, 0, 0
69200, 1284254, 0, 0, 0
69300, 1339942, 0, 0, 0
69400, 1362335, 0, 0, 0
69500, 1277888, 0, 0, 0
69600, 1286704, 0, 0, 0
69701, 1415849, 0, 0, 0
69801, 1273018, 0, 0, 0
69900, 1244009, 0, 0, 0
70000, 1186940, 0, 0, 0
70100, 1271480, 0, 0, 0
70200, 1270525, 0, 0, 0
70301, 1302912, 0, 0, 0
70401, 1359825, 0, 0, 0
70500, 1357573, 0, 0, 0
70600, 1378450, 0, 0, 0
70701, 1316445, 0, 0, 0
70800, 1392118, 0, 0, 0
70900, 1384357, 0, 0, 0
71001, 1300060, 0, 0, 0
71100, 1254702, 0, 0, 0
71200, 1262797, 0, 0, 0
71300, 1246267, 0, 0, 0
71400, 1217083, 0, 0, 0
71500, 1211319, 0, 0, 0
71600, 1300633, 0, 0, 0
71700, 1273878, 0, 0, 0
71800, 1293290, 0, 0, 0
71900, 1313828, 0, 0, 0
72000, 1222037, 0, 0, 0
72100, 1230598, 0, 0, 0
72200, 1255640, 0, 0, 0
72301, 1302964, 0, 0, 0
72401, 1254108, 0, 0, 0
72500, 1219346, 0, 0, 0
72600, 1233402, 0, 0, 0
72700, 1241757, 0, 0, 0
72800, 1271717, 0, 0, 0
72901, 1300809, 0, 0, 0
73000, 1281415, 0, 0, 0
73100, 1350884, 0, 0, 0
73200, 1270255, 0, 0, 0
73300, 1328554, 0, 0, 0
73400, 1271790, 0, 0, 0
73500, 1300853, 0, 0, 0
73600, 1303329, 0, 0, 0
73700, 1305821, 0, 0, 0
73800, 1257963, 0, 0, 0
73900, 1273586, 0, 0, 0
74000, 1325882, 0, 0, 0
74100, 1262998, 0, 0, 0
74201, 1268102, 0, 0, 0
74300, 1253964, 0, 0, 0
74400, 1276607, 0, 0, 0
74500, 1309901, 0, 0, 0
74600, 1359782, 0, 0, 0
74700, 1276540, 0, 0, 0
74800, 1290365, 0, 0, 0
74900, 1294702, 0, 0, 0
75000, 1319297, 0, 0, 0
75100, 1365914, 0, 0, 0
75200, 1290327, 0, 0, 0
75300, 1293016, 0, 0, 0
75400, 1259032, 0, 0, 0
75500, 1259250, 0, 0, 0
75601, 1234580, 0, 0, 0
75700, 1288508, 0, 0, 0
75800, 1302730, 0, 0, 0
75900, 1215599, 0, 0, 0
76000, 1223080, 0, 0, 0
76100, 1316594, 0, 0, 0
76201, 1311052, 0, 0, 0
76301, 1312295, 0, 0, 0
76401, 1376291, 0, 0, 0
76501, 1380046, 0, 0, 0
76600, 1371949, 0, 0, 0
76700, 1259042, 0, 0, 0
76800, 1321447, 0, 0, 0
76900, 1246874, 0, 0, 0
77000, 1234229, 0, 0, 0
77101, 1247697, 0, 0, 0
77200, 1237476, 0, 0, 0
77300, 1198349, 0, 0, 0
77400, 1263075, 0, 0, 0
77501, 1264338, 0, 0, 0
77600, 1225966, 0, 0, 0
77700, 1256110, 0, 0, 0
77800, 1240352, 0, 0, 0
77900, 1214734, 0, 0, 0
78000, 1217810, 0, 0, 0
78100, 1216397, 0, 0, 0
78201, 1215719, 0, 0, 0
78300, 1186997, 0, 0, 0
78401, 1184260, 0, 0, 0
78500, 1217604, 0, 0, 0
78600, 1158353, 0, 0, 0
78700, 1202408, 0, 0, 0
78800, 1217550, 0, 0, 0
78900, 1309034, 0, 0, 0
79000, 1219002, 0, 0, 0
79100, 1292454, 0, 0, 0
79201, 1267603, 0, 0, 0
79300, 1222939, 0, 0, 0
79401, 1233827, 0, 0, 0
79500, 1257742, 0, 0, 0
79601, 1351035, 0, 0, 0
79700, 1407298, 0, 0, 0
79800, 1386001, 0, 0, 0
79900, 1309622, 0, 0, 0
80000, 1377255, 0, 0, 0
80101, 1377280, 0, 0, 0
80200, 1299601, 0, 0, 0
80300, 1308397, 0, 0, 0
80401, 1205857, 0, 0, 0
80500, 1190339, 0, 0, 0
80601, 1223604, 0, 0, 0
80700, 1235485, 0, 0, 0
80800, 1243900, 0, 0, 0
80900, 1196117, 0, 0, 0
81000, 1298038, 0, 0, 0
81100, 1343279, 0, 0, 0
81200, 1304237, 0, 0, 0
81300, 1214664, 0, 0, 0
81400, 1259391, 0, 0, 0
81500, 1225245, 0, 0, 0
81600, 1231334, 0, 0, 0
81701, 1267754, 0, 0, 0
81801, 1256559, 0, 0, 0
81901, 1259744, 0, 0, 0
82000, 1242924, 0, 0, 0
82101, 1230116, 0, 0, 0
82201, 1273872, 0, 0, 0
82300, 1307510, 0, 0, 0
82400, 1292747, 0, 0, 0
82500, 1292326, 0, 0, 0
82600, 1303100, 0, 0, 0
82701, 1253528, 0, 0, 0
82800, 1258515, 0, 0, 0
82900, 1242952, 0, 0, 0
83000, 1245667, 0, 0, 0
83100, 1244698, 0, 0, 0
83201, 1316255, 0, 0, 0
83301, 1259099, 0, 0, 0
83400, 1295340, 0, 0, 0
83500, 1268807, 0, 0, 0
83600, 1270591, 0, 0, 0
83700, 1263602, 0, 0, 0
83800, 1277583, 0, 0, 0
83900, 1300511, 0, 0, 0
84000, 1280245, 0, 0, 0
84100, 1373716, 0, 0, 0
84200, 1279518, 0, 0, 0
84300, 1294850, 0, 0, 0
84400, 1220977, 0, 0, 0
84501, 1215233, 0, 0, 0
84600, 1229714, 0, 0, 0
84701, 1269408, 0, 0, 0
84801, 1224926, 0, 0, 0
84900, 1238601, 0, 0, 0
85000, 1261057, 0, 0, 0
85101, 1213913, 0, 0, 0
85200, 1223516, 0, 0, 0
85300, 1226306, 0, 0, 0
85400, 1270444, 0, 0, 0
85500, 1207733, 0, 0, 0
85600, 1169660, 0, 0, 0
85700, 1209877, 0, 0, 0
85800, 1200058, 0, 0, 0
85900, 1171497, 0, 0, 0
86001, 1232535, 0, 0, 0
86100, 1210685, 0, 0, 0
86200, 1304401, 0, 0, 0
86300, 1210399, 0, 0, 0
86400, 1299806, 0, 0, 0
86500, 1241387, 0, 0, 0
86600, 1241998, 0, 0, 0
86700, 1217926, 0, 0, 0
86800, 1396439, 0, 0, 0
86900, 1259490, 0, 0, 0
87000, 1258769, 0, 0, 0
87100, 1295404, 0, 0, 0
87200, 1340741, 0, 0, 0
87300, 1344853, 0, 0, 0
87400, 1149751, 0, 0, 0
87500, 1297581, 0, 0, 0
87600, 1240022, 0, 0, 0
87700, 1269889, 0, 0, 0
87800, 1252800, 0, 0, 0
87901, 1253162, 0, 0, 0
88000, 1294275, 0, 0, 0
88101, 1320837, 0, 0, 0
88200, 1297225, 0, 0, 0
88301, 1322316, 0, 0, 0
88400, 1254134, 0, 0, 0
88500, 1238839, 0, 0, 0
88600, 1258159, 0, 0, 0
88700, 1192732, 0, 0, 0
88800, 1191970, 0, 0, 0
88901, 1348674, 0, 0, 0
89000, 1299576, 0, 0, 0
89101, 1337691, 0, 0, 0
89200, 1329853, 0, 0, 0
89300, 1364840, 0, 0, 0
89400, 1292611, 0, 0, 0
89500, 1299164, 0, 0, 0
89600, 1398851, 0, 0, 0
89700, 1327520, 0, 0, 0
89800, 1243365, 0, 0, 0
89900, 1222567, 0, 0, 0
90000, 1255180, 0, 0, 0
