100, 1442199, 0, 0, 0
200, 1542556, 0, 0, 0
300, 1554437, 0, 0, 0
400, 1572428, 0, 0, 0
500, 1667808, 0, 0, 0
601, 1518329, 0, 0, 0
700, 1739379, 0, 0, 0
800, 1576164, 0, 0, 0
900, 1553556, 0, 0, 0
1000, 1790928, 0, 0, 0
1100, 1590882, 0, 0, 0
1201, 1619485, 0, 0, 0
1300, 1523581, 0, 0, 0
1400, 1626601, 0, 0, 0
1500, 1654027, 0, 0, 0
1601, 1705133, 0, 0, 0
1700, 1603547, 0, 0, 0
1800, 1340674, 0, 0, 0
1900, 1541893, 0, 0, 0
2000, 1454190, 0, 0, 0
2100, 1439998, 0, 0, 0
2201, 1477069, 0, 0, 0
2300, 1497738, 0, 0, 0
2400, 1451243, 0, 0, 0
2500, 1486664, 0, 0, 0
2600, 1495921, 0, 0, 0
2700, 1398905, 0, 0, 0
2801, 1715409, 0, 0, 0
2900, 1635101, 0, 0, 0
3000, 1495895, 0, 0, 0
3100, 1388680, 0, 0, 0
3200, 1434388, 0, 0, 0
3300, 1664818, 0, 0, 0
3400, 1424287, 0, 0, 0
3500, 1575046, 0, 0, 0
3600, 1482191, 0, 0, 0
3700, 1428076, 0, 0, 0
3800, 1527436, 0, 0, 0
3901, 1572839, 0, 0, 0
4000, 1494103, 0, 0, 0
4100, 1419123, 0, 0, 0
4201, 1470531, 0, 0, 0
4300, 1698786, 0, 0, 0
4400, 1376451, 0, 0, 0
4500, 1442063, 0, 0, 0
4600, 1430165, 0, 0, 0
4700, 1584206, 0, 0, 0
4800, 1388448, 0, 0, 0
4902, 1991235, 0, 0, 0
5000, 1623960, 0, 0, 0
5100, 1423243, 0, 0, 0
5200, 1673663, 0, 0, 0
5300, 1670555, 0, 0, 0
5400, 1450101, 0, 0, 0
5500, 1550331, 0, 0, 0
5600, 1693423, 0, 0, 0
5700, 1658736, 0, 0, 0
5800, 1824025, 0, 0, 0
5900, 1702802, 0, 0, 0
6000, 1621674, 0, 0, 0
6100, 1490998, 0, 0, 0
6200, 1752212, 0, 0, 0
6300, 1449378, 0, 0, 0
6400, 1478321, 0, 0, 0
6500, 1470042, 0, 0, 0
6600, 1719123, 0, 0, 0
6700, 1500547, 0, 0, 0
6800, 1697248, 0, 0, 0
6900, 1547587, 0, 0, 0
7001, 1490517, 0, 0, 0
7100, 1501401, 0, 0, 0
7200, 1627600, 0, 0, 0
7300, 1686965, 0, 0, 0
7400, 1438223, 0, 0, 0
7500, 1542018, 0, 0, 0
7600, 1434845, 0, 0, 0
7700, 1763402, 0, 0, 0
7800, 1493126, 0, 0, 0
7900, 1494361, 0, 0, 0
8000, 1710934, 0, 0, 0
8100, 1573132, 0, 0, 0
8200, 1583446, 0, 0, 0
8300, 1430963, 0, 0, 0
8400, 1461425, 0, 0, 0
8500, 1637668, 0, 0, 0
8600, 1568646, 0, 0, 0
8700, 1769241, 0, 0, 0
8800, 1515019, 0, 0, 0
8900, 1532289, 0, 0, 0
9000, 1481169, 0, 0, 0
9100, 1434294, 0, 0, 0
9200, 1636120, 0, 0, 0
9300, 1496647, 0, 0, 0
9400, 1440582, 0, 0, 0
9500, 1742469, 0, 0, 0
9600, 1680266, 0, 0, 0
9700, 1537897, 0, 0, 0
9800, 1397140, 0, 0, 0
9900, 1480411, 0, 0, 0
10000, 1598285, 0, 0, 0
10100, 2244720, 0, 0, 0
10200, 1773354, 0, 0, 0
10300, 1678396, 0, 0, 0
10400, 1410373, 0, 0, 0
10500, 1560730, 0, 0, 0
10600, 1430720, 0, 0, 0
10701, 1674951, 0, 0, 0
10800, 1618858, 0, 0, 0
10900, 1496932, 0, 0, 0
11000, 1626056, 0, 0, 0
11100, 1474444, 0, 0, 0
11200, 1437322, 0, 0, 0
11300, 1733983, 0, 0, 0
11400, 1509971, 0, 0, 0
11500, 1475528, 0, 0, 0
11600, 1594613, 0, 0, 0
11700, 1556889, 0, 0, 0
11800, 1521095, 0, 0, 0
11900, 1341576, 0, 0, 0
12000, 1490450, 0, 0, 0
12100, 1653618, 0, 0, 0
12200, 1643083, 0, 0, 0
12300, 1663630, 0, 0, 0
12400, 1517222, 0, 0, 0
12500, 1527687, 0, 0, 0
12600, 1319970, 0, 0, 0
12700, 1646206, 0, 0, 0
12800, 1591289, 0, 0, 0
12900, 1551977, 0, 0, 0
13000, 1448986, 0, 0, 0
13100, 1621617, 0, 0, 0
13200, 1547217, 0, 0, 0
13300, 1558952, 0, 0, 0
13400, 1509851, 0, 0, 0
13500, 1486319, 0, 0, 0
13600, 1613309, 0, 0, 0
13700, 1526551, 0, 0, 0
13800, 1685141, 0, 0, 0
13900, 1546541, 0, 0, 0
14000, 1640057, 0, 0, 0
14100, 1633210, 0, 0, 0
14200, 1681532, 0, 0, 0
14300, 1443770, 0, 0, 0
14400, 1553609, 0, 0, 0
14500, 1766578, 0, 0, 0
14600, 1467509, 0, 0, 0
14700, 1354648, 0, 0, 0
14800, 1480346, 0, 0, 0
14900, 1603283, 0, 0, 0
15000, 1523023, 0, 0, 0
15100, 1592065, 0, 0, 0
15200, 1531737, 0, 0, 0
15300, 1695184, 0, 0, 0
15400, 1421855, 0, 0, 0
15500, 1463040, 0, 0, 0
15600, 1406952, 0, 0, 0
15700, 1438131, 0, 0, 0
15800, 1323833, 0, 0, 0
15900, 1495919, 0, 0, 0
16000, 1539010, 0, 0, 0
16100, 1499695, 0, 0, 0
16200, 1406318, 0, 0, 0
16300, 1486100, 0, 0, 0
16400, 1500483, 0, 0, 0
16500, 1350669, 0, 0, 0
16600, 1349263, 0, 0, 0
16700, 1744052, 0, 0, 0
16800, 1571298, 0, 0, 0
16900, 1559506, 0, 0, 0
17000, 1333331, 0, 0, 0
17100, 1546483, 0, 0, 0
17200, 1455661, 0, 0, 0
17300, 1412699, 0, 0, 0
17401, 1603114, 0, 0, 0
17500, 1843471, 0, 0, 0
17600, 1504836, 0, 0, 0
17700, 1433753, 0, 0, 0
17800, 1491516, 0, 0, 0
17901, 1515777, 0, 0, 0
18000, 1511968, 0, 0, 0
18100, 1504376, 0, 0, 0
18200, 1441691, 0, 0, 0
18300, 1520785, 0, 0, 0
18400, 1488395, 0, 0, 0
18500, 1504582, 0, 0, 0
18600, 1444417, 0, 0, 0
18700, 1611025, 0, 0, 0
18800, 1539739, 0, 0, 0
18900, 1507108, 0, 0, 0
19000, 1501566, 0, 0, 0
19100, 1426610, 0, 0, 0
19200, 1428757, 0, 0, 0
19300, 1423462, 0, 0, 0
19400, 1792850, 0, 0, 0
19500, 1492195, 0, 0, 0
19600, 1492951, 0, 0, 0
19700, 1676063, 0, 0, 0
19801, 1551742, 0, 0, 0
19900, 1561548, 0, 0, 0
20000, 1783528, 0, 0, 0
20100, 1636443, 0, 0, 0
20200, 1378925, 0, 0, 0
20300, 1446744, 0, 0, 0
20400, 1551757, 0, 0, 0
20500, 1389968, 0, 0, 0
20600, 1703618, 0, 0, 0
20700, 1511185, 0, 0, 0
20800, 1812668, 0, 0, 0
20900, 1657120, 0, 0, 0
21000, 1576282, 0, 0, 0
21100, 1749756, 0, 0, 0
21200, 1541733, 0, 0, 0
21300, 1293939, 0, 0, 0
21400, 1528343, 0, 0, 0
21500, 1557909, 0, 0, 0
21600, 1428019, 0, 0, 0
21700, 1623291, 0, 0, 0
21800, 1485762, 0, 0, 0
21900, 1528565, 0, 0, 0
22000, 1456515, 0, 0, 0
22100, 1784845, 0, 0, 0
22200, 1479771, 0, 0, 0
22300, 1460040, 0, 0, 0
22400, 1485264, 0, 0, 0
22500, 1672343, 0, 0, 0
22600, 1659629, 0, 0, 0
22700, 1490328, 0, 0, 0
22800, 1686115, 0, 0, 0
22900, 1370547, 0, 0, 0
23001, 1441569, 0, 0, 0
23100, 1466425, 0, 0, 0
23201, 1634838, 0, 0, 0
23300, 1531945, 0, 0, 0
23400, 1660596, 0, 0, 0
23500, 1583936, 0, 0, 0
23600, 1370346, 0, 0, 0
23700, 1399548, 0, 0, 0
23800, 1540490, 0, 0, 0
23900, 1517421, 0, 0, 0
24000, 1335960, 0, 0, 0
24100, 1519095, 0, 0, 0
24200, 1481004, 0, 0, 0
24300, 1535709, 0, 0, 0
24400, 1391317, 0, 0, 0
24500, 1544079, 0, 0, 0
24600, 1473141, 0, 0, 0
24700, 1576434, 0, 0, 0
24800, 1594976, 0, 0, 0
24900, 1464120, 0, 0, 0
25000, 1591806, 0, 0, 0
25100, 1406864, 0, 0, 0
25200, 1441494, 0, 0, 0
25300, 1503247, 0, 0, 0
25400, 1428995, 0, 0, 0
25500, 1526302, 0, 0, 0
25600, 1428422, 0, 0, 0
25700, 1740416, 0, 0, 0
25800, 1522488, 0, 0, 0
25901, 1513824, 0, 0, 0
26000, 1841692, 0, 0, 0
26101, 1412986, 0, 0, 0
26200, 1504500, 0, 0, 0
26300, 1442008, 0, 0, 0
26400, 1497393, 0, 0, 0
26500, 1409945, 0, 0, 0
26600, 1399734, 0, 0, 0
26700, 1544728, 0, 0, 0
26800, 1424250, 0, 0, 0
26901, 1532635, 0, 0, 0
27000, 1443319, 0, 0, 0
27100, 1437031, 0, 0, 0
27200, 1351404, 0, 0, 0
27300, 1636523, 0, 0, 0
27400, 1470814, 0, 0, 0
27500, 1748792, 0, 0, 0
27600, 1517230, 0, 0, 0
27700, 1386463, 0, 0, 0
27800, 1593186, 0, 0, 0
27900, 1461331, 0, 0, 0
28000, 1517067, 0, 0, 0
28100, 1570401, 0, 0, 0
28200, 1439049, 0, 0, 0
28300, 1619265, 0, 0, 0
28400, 1490455, 0, 0, 0
28500, 1638754, 0, 0, 0
28600, 1377585, 0, 0, 0
28700, 1547573, 0, 0, 0
28800, 1654874, 0, 0, 0
28900, 1495304, 0, 0, 0
29000, 1395481, 0, 0, 0
29100, 1395606, 0, 0, 0
29200, 1425221, 0, 0, 0
29300, 1434510, 0, 0, 0
29401, 1676796, 0, 0, 0
29500, 1445901, 0, 0, 0
29600, 1463550, 0, 0, 0
29700, 1433128, 0, 0, 0
29800, 1494115, 0, 0, 0
29900, 1431945, 0, 0, 0
30000, 1666633, 0, 0, 0
30100, 1420373, 0, 0, 0
30200, 1699116, 0, 0, 0
30300, 1413010, 0, 0, 0
30402, 1523184, 0, 0, 0
30500, 1750800, 0, 0, 0
30600, 1587102, 0, 0, 0
30700, 1425300, 0, 0, 0
30801, 1566188, 0, 0, 0
30900, 1736897, 0, 0, 0
31001, 1785509, 0, 0, 0
31100, 1410283, 0, 0, 0
31200, 1474987, 0, 0, 0
31300, 1558950, 0, 0, 0
31400, 1306365, 0, 0, 0
31500, 1481509, 0, 0, 0
31600, 1429227, 0, 0, 0
31700, 1377785, 0, 0, 0
31800, 1438239, 0, 0, 0
31900, 1461672, 0, 0, 0
32000, 1531197, 0, 0, 0
32100, 1389483, 0, 0, 0
32200, 1429031, 0, 0, 0
32300, 1294214, 0, 0, 0
32400, 1415255, 0, 0, 0
32500, 1659862, 0, 0, 0
32600, 1544067, 0, 0, 0
32700, 1577298, 0, 0, 0
32800, 1416935, 0, 0, 0
32900, 1547161, 0, 0, 0
33000, 1557822, 0, 0, 0
33100, 1529025, 0, 0, 0
33201, 1631736, 0, 0, 0
33300, 1550748, 0, 0, 0
33400, 1500871, 0, 0, 0
33500, 1642338, 0, 0, 0
33600, 1435809, 0, 0, 0
33701, 1506606, 0, 0, 0
33800, 1411669, 0, 0, 0
33900, 1656290, 0, 0, 0
34000, 1477785, 0, 0, 0
34100, 1442847, 0, 0, 0
34200, 1448159, 0, 0, 0
34300, 1683548, 0, 0, 0
34402, 1393807, 0, 0, 0
34500, 1519738, 0, 0, 0
34600, 1431488, 0, 0, 0
34700, 1610022, 0, 0, 0
34800, 1380230, 0, 0, 0
34900, 1484757, 0, 0, 0
35000, 1432396, 0, 0, 0
35100, 1528325, 0, 0, 0
35200, 1489520, 0, 0, 0
35300, 1543573, 0, 0, 0
35400, 1463727, 0, 0, 0
35500, 1460144, 0, 0, 0
35600, 1350917, 0, 0, 0
35700, 1564837, 0, 0, 0
35800, 1453009, 0, 0, 0
35900, 1370395, 0, 0, 0
36000, 1669496, 0, 0, 0
36100, 1482588, 0, 0, 0
36200, 1469165, 0, 0, 0
36300, 1493155, 0, 0, 0
36400, 1338249, 0, 0, 0
36500, 1395289, 0, 0, 0
36600, 1482144, 0, 0, 0
36700, 1425404, 0, 0, 0
36800, 1463527, 0, 0, 0
36900, 1444264, 0, 0, 0
37000, 1433858, 0, 0, 0
37100, 1460247, 0, 0, 0
37200, 1364346, 0, 0, 0
37300, 1406377, 0, 0, 0
37400, 1469135, 0, 0, 0
37500, 1550875, 0, 0, 0
37600, 1431027, 0, 0, 0
37700, 1640911, 0, 0, 0
37801, 1343360, 0, 0, 0
37901, 1629275, 0, 0, 0
38000, 1751746, 0, 0, 0
38100, 1446777, 0, 0, 0
38200, 1445284, 0, 0, 0
38300, 1378213, 0, 0, 0
38400, 1495663, 0, 0, 0
38500, 1504398, 0, 0, 0
38600, 1571779, 0, 0, 0
38700, 1413670, 0, 0, 0
38800, 1765612, 0, 0, 0
38900, 1407362, 0, 0, 0
39000, 1361050, 0, 0, 0
39100, 1442095, 0, 0, 0
39200, 1565892, 0, 0, 0
39300, 1523636, 0, 0, 0
39400, 1361137, 0, 0, 0
39500, 1474021, 0, 0, 0
39600, 1466940, 0, 0, 0
39700, 1653400, 0, 0, 0
39800, 1630147, 0, 0, 0
39900, 1436481, 0, 0, 0
40000, 1543640, 0, 0, 0
40100, 1595560, 0, 0, 0
40202, 1512218, 0, 0, 0
40300, 1788018, 0, 0, 0
40400, 1468336, 0, 0, 0
40500, 1347884, 0, 0, 0
40600, 1759469, 0, 0, 0
40700, 1397165, 0, 0, 0
40800, 1551775, 0, 0, 0
40900, 1552611, 0, 0, 0
41000, 1603506, 0, 0, 0
41100, 1521246, 0, 0, 0
41200, 1489615, 0, 0, 0
41300, 1362662, 0, 0, 0
41400, 1391904, 0, 0, 0
41500, 1475281, 0, 0, 0
41600, 1499447, 0, 0, 0
41700, 1443239, 0, 0, 0
41800, 1373173, 0, 0, 0
41900, 1378872, 0, 0, 0
42001, 1511562, 0, 0, 0
42100, 1546022, 0, 0, 0
42200, 1485380, 0, 0, 0
42300, 1368051, 0, 0, 0
42400, 1661944, 0, 0, 0
42501, 1613040, 0, 0, 0
42600, 1627901, 0, 0, 0
42700, 1695339, 0, 0, 0
42800, 1470745, 0, 0, 0
42900, 1415381, 0, 0, 0
43001, 1405173, 0, 0, 0
43100, 1352389, 0, 0, 0
43201, 1403711, 0, 0, 0
43300, 1516164, 0, 0, 0
43400, 1632196, 0, 0, 0
43500, 1399578, 0, 0, 0
43600, 1643866, 0, 0, 0
43700, 1561527, 0, 0, 0
43800, 1473035, 0, 0, 0
43901, 1549532, 0, 0, 0
44000, 1306187, 0, 0, 0
44101, 1460873, 0, 0, 0
44200, 1622562, 0, 0, 0
44300, 1608700, 0, 0, 0
44400, 1344734, 0, 0, 0
44500, 1615693, 0, 0, 0
44600, 1528749, 0, 0, 0
44700, 1544977, 0, 0, 0
44800, 1603117, 0, 0, 0
44900, 1663027, 0, 0, 0
45000, 1370068, 0, 0, 0
45100, 1437518, 0, 0, 0
45200, 1511930, 0, 0, 0
45300, 1707837, 0, 0, 0
45400, 1547967, 0, 0, 0
45500, 1434309, 0, 0, 0
45600, 1558824, 0, 0, 0
45700, 1592049, 0, 0, 0
45800, 1529626, 0, 0, 0
45900, 1633508, 0, 0, 0
46001, 1675221, 0, 0, 0
46100, 1437013, 0, 0, 0
46201, 1599188, 0, 0, 0
46300, 1453655, 0, 0, 0
46400, 1581896, 0, 0, 0
46500, 1312187, 0, 0, 0
46600, 1478570, 0, 0, 0
46700, 1540988, 0, 0, 0
46800, 1544921, 0, 0, 0
46900, 1496761, 0, 0, 0
47000, 1668524, 0, 0, 0
47100, 1506527, 0, 0, 0
47200, 1483330, 0, 0, 0
47300, 1367984, 0, 0, 0
47400, 1712516, 0, 0, 0
47500, 1512046, 0, 0, 0
47600, 1338054, 0, 0, 0
47700, 1675361, 0, 0, 0
47800, 1463501, 0, 0, 0
47900, 1439386, 0, 0, 0
48000, 1444703, 0, 0, 0
48100, 1488707, 0, 0, 0
48200, 1460360, 0, 0, 0
48300, 1544460, 0, 0, 0
48400, 1384732, 0, 0, 0
48500, 1571008, 0, 0, 0
48600, 1571487, 0, 0, 0
48700, 1486787, 0, 0, 0
48800, 1593730, 0, 0, 0
48900, 1421388, 0, 0, 0
49000, 1532661, 0, 0, 0
49100, 1381788, 0, 0, 0
49200, 1768977, 0, 0, 0
49300, 1458811, 0, 0, 0
49400, 1359370, 0, 0, 0
49501, 1394236, 0, 0, 0
49600, 1418591, 0, 0, 0
49700, 1505188, 0, 0, 0
49800, 1395031, 0, 0, 0
49900, 1421236, 0, 0, 0
50000, 1463510, 0, 0, 0
50100, 1392979, 0, 0, 0
50200, 1441005, 0, 0, 0
50300, 1614254, 0, 0, 0
50400, 1789689, 0, 0, 0
50500, 1339261, 0, 0, 0
50600, 1525798, 0, 0, 0
50700, 1566678, 0, 0, 0
50800, 1378935, 0, 0, 0
50900, 1405917, 0, 0, 0
51000, 1394414, 0, 0, 0
51100, 1401753, 0, 0, 0
51200, 1600062, 0, 0, 0
51300, 1602669, 0, 0, 0
51400, 1570182, 0, 0, 0
51500, 1361434, 0, 0, 0
51601, 1576161, 0, 0, 0
51700, 1567520, 0, 0, 0
51800, 1384378, 0, 0, 0
51900, 1421831, 0, 0, 0
52000, 1579647, 0, 0, 0
52100, 1459103, 0, 0, 0
52200, 1686154, 0, 0, 0
52300, 1451805, 0, 0, 0
52400, 1638434, 0, 0, 0
52500, 1428972, 0, 0, 0
52600, 1469312, 0, 0, 0
52700, 1446787, 0, 0, 0
52800, 1516352, 0, 0, 0
52900, 1332903, 0, 0, 0
53000, 1519515, 0, 0, 0
53100, 1361837, 0, 0, 0
53200, 1888294, 0, 0, 0
53300, 1577147, 0, 0, 0
53400, 1407914, 0, 0, 0
53501, 1550918, 0, 0, 0
53600, 1528163, 0, 0, 0
53700, 1462965, 0, 0, 0
53800, 1517743, 0, 0, 0
53900, 1430464, 0, 0, 0
54000, 1368673, 0, 0, 0
54100, 1452728, 0, 0, 0
54200, 1433175, 0, 0, 0
54300, 1345541, 0, 0, 0
54400, 1723739, 0, 0, 0
54501, 1435292, 0, 0, 0
54600, 1479384, 0, 0, 0
54701, 1603929, 0, 0, 0
54800, 1357004, 0, 0, 0
54900, 1604126, 0, 0, 0
55000, 1452944, 0, 0, 0
55100, 1648967, 0, 0, 0
55200, 1583177, 0, 0, 0
55300, 1566314, 0, 0, 0
55400, 1372915, 0, 0, 0
55500, 1387052, 0, 0, 0
55600, 1609678, 0, 0, 0
55700, 1467019, 0, 0, 0
55800, 1467561, 0, 0, 0
55900, 1460728, 0, 0, 0
56000, 1442552, 0, 0, 0
56100, 1390705, 0, 0, 0
56200, 1703552, 0, 0, 0
56300, 1282903, 0, 0, 0
56400, 1500722, 0, 0, 0
56500, 1553310, 0, 0, 0
56601, 1569375, 0, 0, 0
56700, 1393245, 0, 0, 0
56800, 1535936, 0, 0, 0
56900, 1519922, 0, 0, 0
57000, 1411747, 0, 0, 0
57100, 1492283, 0, 0, 0
57200, 1458565, 0, 0, 0
57300, 1509410, 0, 0, 0
57400, 1366833, 0, 0, 0
57500, 1420607, 0, 0, 0
57600, 1334743, 0, 0, 0
57700, 1414092, 0, 0, 0
57800, 1498211, 0, 0, 0
57900, 1370508, 0, 0, 0
58000, 2002220, 0, 0, 0
58100, 1379335, 0, 0, 0
58200, 1361726, 0, 0, 0
58300, 1510343, 0, 0, 0
58400, 1490819, 0, 0, 0
58500, 1590009, 0, 0, 0
58600, 1498106, 0, 0, 0
58700, 1412293, 0, 0, 0
58800, 1451082, 0, 0, 0
58900, 1561440, 0, 0, 0
59000, 1435822, 0, 0, 0
59100, 1431485, 0, 0, 0
59200, 1391051, 0, 0, 0
59300, 1428358, 0, 0, 0
59400, 1455204, 0, 0, 0
59500, 1576986, 0, 0, 0
59600, 1464728, 0, 0, 0
59700, 1352064, 0, 0, 0
59800, 1483760, 0, 0, 0
59900, 1355537, 0, 0, 0
60000, 1329269, 0, 0, 0
60100, 1353828, 0, 0, 0
60200, 1659464, 0, 0, 0
60300, 1529856, 0, 0, 0
60400, 1420887, 0, 0, 0
60500, 1397449, 0, 0, 0
60600, 1582719, 0, 0, 0
60700, 1405761, 0, 0, 0
60800, 1292205, 0, 0, 0
60900, 1429670, 0, 0, 0
61000, 1399372, 0, 0, 0
61100, 1547581, 0, 0, 0
61200, 1636309, 0, 0, 0
61300, 1566356, 0, 0, 0
61400, 1580218, 0, 0, 0
61500, 1569186, 0, 0, 0
61600, 1430563, 0, 0, 0
61701, 1596550, 0, 0, 0
61800, 1346455, 0, 0, 0
61900, 1330082, 0, 0, 0
62000, 1499678, 0, 0, 0
62100, 1400057, 0, 0, 0
62200, 1258413, 0, 0, 0
62300, 1331331, 0, 0, 0
62400, 1348960, 0, 0, 0
62500, 1481128, 0, 0, 0
62600, 1304921, 0, 0, 0
62700, 1411624, 0, 0, 0
62800, 1401179, 0, 0, 0
62900, 1367594, 0, 0, 0
63000, 1510731, 0, 0, 0
63101, 1497660, 0, 0, 0
63200, 1625897, 0, 0, 0
63300, 1486364, 0, 0, 0
63400, 1606197, 0, 0, 0
63500, 1554830, 0, 0, 0
63600, 1487677, 0, 0, 0
63700, 1441161, 0, 0, 0
63800, 1337405, 0, 0, 0
63900, 1497819, 0, 0, 0
64000, 1411987, 0, 0, 0
64100, 1560192, 0, 0, 0
64200, 1477874, 0, 0, 0
64300, 1550031, 0, 0, 0
64400, 1521022, 0, 0, 0
64500, 1728278, 0, 0, 0
64600, 1487484, 0, 0, 0
64700, 1545415, 0, 0, 0
64800, 1588109, 0, 0, 0
64900, 1369703, 0, 0, 0
65001, 1443142, 0, 0, 0
65100, 1478160, 0, 0, 0
65200, 1380510, 0, 0, 0
65300, 1700773, 0, 0, 0
65400, 1428552, 0, 0, 0
65500, 1501629, 0, 0, 0
65600, 1289426, 0, 0, 0
65700, 1550670, 0, 0, 0
65800, 1522611, 0, 0, 0
65900, 1507162, 0, 0, 0
66000, 1478143, 0, 0, 0
66100, 1462292, 0, 0, 0
66200, 1436838, 0, 0, 0
66300, 1416386, 0, 0, 0
66400, 1642493, 0, 0, 0
66500, 1443004, 0, 0, 0
66600, 1448484, 0, 0, 0
66700, 1493091, 0, 0, 0
66800, 1679573, 0, 0, 0
66900, 1488916, 0, 0, 0
67000, 1524442, 0, 0, 0
67100, 1465067, 0, 0, 0
67200, 1338798, 0, 0, 0
67300, 1367598, 0, 0, 0
67400, 1516012, 0, 0, 0
67502, 1619692, 0, 0, 0
67600, 1468617, 0, 0, 0
67700, 1313048, 0, 0, 0
67800, 1542239, 0, 0, 0
67900, 1444041, 0, 0, 0
68000, 1653718, 0, 0, 0
68100, 1414265, 0, 0, 0
68200, 1430235, 0, 0, 0
68300, 1253421, 0, 0, 0
68400, 1369401, 0, 0, 0
68500, 1376438, 0, 0, 0
68600, 1444252, 0, 0, 0
68700, 1435211, 0, 0, 0
68800, 1491554, 0, 0, 0
68900, 1269698, 0, 0, 0
69000, 1524275, 0, 0, 0
69100, 1561487, 0, 0, 0
69200, 1334889, 0, 0, 0
69300, 1358652, 0, 0, 0
69400, 1452552, 0, 0, 0
69500, 1514339, 0, 0, 0
69602, 1482071, 0, 0, 0
69700, 1440170, 0, 0, 0
69800, 1388600, 0, 0, 0
69900, 1443263, 0, 0, 0
70000, 1489191, 0, 0, 0
70100, 1399397, 0, 0, 0
70200, 1531130, 0, 0, 0
70300, 1718246, 0, 0, 0
70400, 1434904, 0, 0, 0
70500, 1618651, 0, 0, 0
70600, 1549005, 0, 0, 0
70700, 1591664, 0, 0, 0
70800, 1697128, 0, 0, 0
70900, 1588728, 0, 0, 0
71000, 1306179, 0, 0, 0
71100, 1430691, 0, 0, 0
71200, 1335357, 0, 0, 0
71300, 1390549, 0, 0, 0
71400, 1458548, 0, 0, 0
71500, 1325790, 0, 0, 0
71600, 1447265, 0, 0, 0
71700, 1370411, 0, 0, 0
71800, 1463683, 0, 0, 0
71900, 1449074, 0, 0, 0
72000, 1370106, 0, 0, 0
72100, 1481714, 0, 0, 0
72201, 1577414, 0, 0, 0
72300, 1454168, 0, 0, 0
72400, 1475699, 0, 0, 0
72500, 1382381, 0, 0, 0
72600, 1427627, 0, 0, 0
72700, 1521471, 0, 0, 0
72800, 1465144, 0, 0, 0
72900, 1573313, 0, 0, 0
73000, 1420995, 0, 0, 0
73100, 1415290, 0, 0, 0
73200, 1308459, 0, 0, 0
73300, 1548027, 0, 0, 0
73400, 1370000, 0, 0, 0
73500, 1335685, 0, 0, 0
73600, 1465297, 0, 0, 0
73700, 1493074, 0, 0, 0
73800, 1509476, 0, 0, 0
73900, 1501272, 0, 0, 0
74000, 1463592, 0, 0, 0
74100, 1409626, 0, 0, 0
74200, 1532031, 0, 0, 0
74300, 1392972, 0, 0, 0
74400, 1486742, 0, 0, 0
74500, 1617179, 0, 0, 0
74600, 1467048, 0, 0, 0
74700, 1427931, 0, 0, 0
74800, 1423182, 0, 0, 0
74901, 1576859, 0, 0, 0
75000, 1358420, 0, 0, 0
75100, 1441823, 0, 0, 0
75200, 1520490, 0, 0, 0
75300, 1309060, 0, 0, 0
75400, 1441400, 0, 0, 0
75500, 1858990, 0, 0, 0
75600, 1447406, 0, 0, 0
75701, 1404720, 0, 0, 0
75800, 1552362, 0, 0, 0
75900, 1468977, 0, 0, 0
76000, 1389290, 0, 0, 0
76100, 1644933, 0, 0, 0
76200, 1363721, 0, 0, 0
76300, 1363323, 0, 0, 0
76400, 1632730, 0, 0, 0
76500, 1643906, 0, 0, 0
76600, 1330530, 0, 0, 0
76700, 1460995, 0, 0, 0
76800, 1464387, 0, 0, 0
76900, 1351296, 0, 0, 0
77000, 1311325, 0, 0, 0
77101, 1547353, 0, 0, 0
77200, 1414544, 0, 0, 0
77301, 1482463, 0, 0, 0
77400, 1425595, 0, 0, 0
77500, 1829369, 0, 0, 0
77600, 1373356, 0, 0, 0
77700, 1447898, 0, 0, 0
77800, 1612029, 0, 0, 0
77900, 1461076, 0, 0, 0
78000, 1459092, 0, 0, 0
78100, 1603852, 0, 0, 0
78200, 1459495, 0, 0, 0
78300, 1525074, 0, 0, 0
78400, 1557831, 0, 0, 0
78500, 1600535, 0, 0, 0
78600, 1550144, 0, 0, 0
78703, 1489533, 0, 0, 0
78800, 1691416, 0, 0, 0
78900, 1400847, 0, 0, 0
79000, 1658955, 0, 0, 0
79100, 1507785, 0, 0, 0
79200, 1302248, 0, 0, 0
79300, 1438351, 0, 0, 0
79400, 1460703, 0, 0, 0
79500, 1643820, 0, 0, 0
79600, 1481595, 0, 0, 0
79700, 1463765, 0, 0, 0
79801, 1869216, 0, 0, 0
79900, 1692660, 0, 0, 0
80000, 1482305, 0, 0, 0
80100, 1419943, 0, 0, 0
80200, 1603126, 0, 0, 0
80300, 1462684, 0, 0, 0
80400, 1396108, 0, 0, 0
80500, 1502501, 0, 0, 0
80600, 1438247, 0, 0, 0
80700, 1437945, 0, 0, 0
80800, 1407466, 0, 0, 0
80900, 1421631, 0, 0, 0
81000, 1469577, 0, 0, 0
81100, 1635584, 0, 0, 0
81200, 1483972, 0, 0, 0
81300, 1426151, 0, 0, 0
81400, 1494763, 0, 0, 0
81500, 1485306, 0, 0, 0
81601, 1335332, 0, 0, 0
81700, 1395367, 0, 0, 0
81800, 1475402, 0, 0, 0
81900, 1531609, 0, 0, 0
82000, 1327535, 0, 0, 0
82100, 1460252, 0, 0, 0
82200, 1445959, 0, 0, 0
82300, 1406211, 0, 0, 0
82400, 1604519, 0, 0, 0
82500, 1475343, 0, 0, 0
82600, 1413120, 0, 0, 0
82700, 1372090, 0, 0, 0
82800, 1484868, 0, 0, 0
82900, 1622646, 0, 0, 0
83000, 1531390, 0, 0, 0
83100, 1841844, 0, 0, 0
83200, 1546467, 0, 0, 0
83300, 1444310, 0, 0, 0
83400, 1511039, 0, 0, 0
83500, 1514954, 0, 0, 0
83600, 1608300, 0, 0, 0
83700, 1410586, 0, 0, 0
83800, 1585508, 0, 0, 0
83900, 1647679, 0, 0, 0
84000, 1527034, 0, 0, 0
84100, 1563269, 0, 0, 0
84200, 1554650, 0, 0, 0
84300, 1627396, 0, 0, 0
84400, 1538434, 0, 0, 0
84500, 1516403, 0, 0, 0
84600, 1471122, 0, 0, 0
84701, 1522526, 0, 0, 0
84800, 1590992, 0, 0, 0
84900, 1697854, 0, 0, 0
85000, 1522631, 0, 0, 0
85100, 1725383, 0, 0, 0
85200, 1805071, 0, 0, 0
85300, 1641319, 0, 0, 0
85400, 1707040, 0, 0, 0
85501, 1580823, 0, 0, 0
85600, 1454126, 0, 0, 0
85700, 1485927, 0, 0, 0
85803, 1592873, 0, 0, 0
85901, 2058116, 0, 0, 0
86001, 1512580, 0, 0, 0
86100, 1356098, 0, 0, 0
86200, 1666461, 0, 0, 0
86300, 1633056, 0, 0, 0
86400, 1596866, 0, 0, 0
86500, 1537878, 0, 0, 0
86600, 1551947, 0, 0, 0
86700, 1506661, 0, 0, 0
86800, 1572062, 0, 0, 0
86900, 1495369, 0, 0, 0
87000, 1592752, 0, 0, 0
87100, 1421712, 0, 0, 0
87200, 1528297, 0, 0, 0
87300, 1532739, 0, 0, 0
87400, 1486228, 0, 0, 0
87500, 1467427, 0, 0, 0
87600, 1655840, 0, 0, 0
87700, 1670333, 0, 0, 0
87800, 1459854, 0, 0, 0
87900, 1480248, 0, 0, 0
88000, 1500115, 0, 0, 0
88100, 1425979, 0, 0, 0
88200, 1387226, 0, 0, 0
88300, 1659029, 0, 0, 0
88400, 1408398, 0, 0, 0
88500, 1685698, 0, 0, 0
88600, 1530227, 0, 0, 0
88700, 1551501, 0, 0, 0
88800, 1596170, 0, 0, 0
88900, 1694456, 0, 0, 0
89000, 1488887, 0, 0, 0
89100, 1665565, 0, 0, 0
89200, 1709738, 0, 0, 0
89300, 1560131, 0, 0, 0
89400, 1593846, 0, 0, 0
89501, 1511583, 0, 0, 0
89600, 1621789, 0, 0, 0
89700, 1386920, 0, 0, 0
89800, 1501189, 0, 0, 0
89900, 1721909, 0, 0, 0
90000, 1546165, 0, 0, 0
90001, 1370486, 0, 0, 0
