250, 500, 0, 0, 0
350, 300, 0, 0, 0
450, 300, 0, 0, 0
550, 400, 0, 0, 0
650, 420, 0, 0, 0
749, 505, 0, 0, 0
849, 360, 0, 0, 0
949, 130, 0, 0, 0
1050, 320, 0, 0, 0
1150, 550, 0, 0, 0
1249, 343, 0, 0, 0
1349, 320, 0, 0, 0
1449, 400, 0, 0, 0
1549, 570, 0, 0, 0
1649, 460, 0, 0, 0
1749, 380, 0, 0, 0
1849, 540, 0, 0, 0
1949, 400, 0, 0, 0
2049, 410, 0, 0, 0
2149, 420, 0, 0, 0
2250, 640, 0, 0, 0
2350, 460, 0, 0, 0
2450, 460, 0, 0, 0
2550, 600, 0, 0, 0
2650, 420, 0, 0, 0
2749, 575, 0, 0, 0
2849, 680, 0, 0, 0
2949, 530, 0, 0, 0
3049, 390, 0, 0, 0
3149, 560, 0, 0, 0
3249, 410, 0, 0, 0
3350, 600, 0, 0, 0
3450, 520, 0, 0, 0
3550, 530, 0, 0, 0
3650, 560, 0, 0, 0
3749, 393, 0, 0, 0
3849, 400, 0, 0, 0
3949, 470, 0, 0, 0
4049, 410, 0, 0, 0
4149, 220, 0, 0, 0
4249, 370, 0, 0, 0
4349, 470, 0, 0, 0
4450, 300, 0, 0, 0
4550, 590, 0, 0, 0
4650, 280, 0, 0, 0
4749, 454, 0, 0, 0
4849, 250, 0, 0, 0
4949, 490, 0, 0, 0
5049, 450, 0, 0, 0
5149, 570, 0, 0, 0
5249, 340, 0, 0, 0
5349, 450, 0, 0, 0
5449, 510, 0, 0, 0
5550, 370, 0, 0, 0
5650, 440, 0, 0, 0
5749, 464, 0, 0, 0
5849, 420, 0, 0, 0
5949, 600, 0, 0, 0
6049, 420, 0, 0, 0
6149, 510, 0, 0, 0
6249, 490, 0, 0, 0
6349, 370, 0, 0, 0
6449, 370, 0, 0, 0
6549, 300, 0, 0, 0
6650, 510, 0, 0, 0
6749, 494, 0, 0, 0
6849, 580, 0, 0, 0
6949, 410, 0, 0, 0
7049, 480, 0, 0, 0
7149, 650, 0, 0, 0
7249, 450, 0, 0, 0
7349, 580, 0, 0, 0
7449, 650, 0, 0, 0
7549, 320, 0, 0, 0
7649, 510, 0, 0, 0
7750, 530, 0, 0, 0
7850, 530, 0, 0, 0
7950, 510, 0, 0, 0
8050, 430, 0, 0, 0
8150, 420, 0, 0, 0
8249, 424, 0, 0, 0
8349, 600, 0, 0, 0
8449, 520, 0, 0, 0
8549, 260, 0, 0, 0
8649, 600, 0, 0, 0
8749, 340, 0, 0, 0
8850, 410, 0, 0, 0
8950, 490, 0, 0, 0
9050, 300, 0, 0, 0
9150, 580, 0, 0, 0
9249, 464, 0, 0, 0
9349, 460, 0, 0, 0
9449, 370, 0, 0, 0
9549, 410, 0, 0, 0
9649, 380, 0, 0, 0
9749, 440, 0, 0, 0
9850, 530, 0, 0, 0
9950, 460, 0, 0, 0
10050, 450, 0, 0, 0
10150, 490, 0, 0, 0
10249, 282, 0, 0, 0
10349, 270, 0, 0, 0
10449, 730, 0, 0, 0
10549, 380, 0, 0, 0
10649, 260, 0, 0, 0
10749, 360, 0, 0, 0
10849, 690, 0, 0, 0
10950, 470, 0, 0, 0
11050, 760, 0, 0, 0
11150, 460, 0, 0, 0
11249, 575, 0, 0, 0
11349, 470, 0, 0, 0
11449, 290, 0, 0, 0
11549, 300, 0, 0, 0
11649, 390, 0, 0, 0
11749, 420, 0, 0, 0
11849, 440, 0, 0, 0
11949, 580, 0, 0, 0
12050, 540, 0, 0, 0
12150, 330, 0, 0, 0
12249, 434, 0, 0, 0
12349, 460, 0, 0, 0
12449, 610, 0, 0, 0
12549, 290, 0, 0, 0
12649, 460, 0, 0, 0
12749, 430, 0, 0, 0
12849, 490, 0, 0, 0
12949, 530, 0, 0, 0
13050, 380, 0, 0, 0
13150, 260, 0, 0, 0
13249, 262, 0, 0, 0
13349, 550, 0, 0, 0
13449, 340, 0, 0, 0
13549, 370, 0, 0, 0
13649, 490, 0, 0, 0
13749, 370, 0, 0, 0
13849, 380, 0, 0, 0
13949, 520, 0, 0, 0
14049, 480, 0, 0, 0
14149, 340, 0, 0, 0
14250, 530, 0, 0, 0
14350, 410, 0, 0, 0
14450, 670, 0, 0, 0
14550, 470, 0, 0, 0
14650, 480, 0, 0, 0
14749, 393, 0, 0, 0
14849, 540, 0, 0, 0
14949, 360, 0, 0, 0
15049, 590, 0, 0, 0
15149, 520, 0, 0, 0
15250, 440, 0, 0, 0
15350, 380, 0, 0, 0
15450, 400, 0, 0, 0
15550, 470, 0, 0, 0
15650, 600, 0, 0, 0
15749, 343, 0, 0, 0
15849, 510, 0, 0, 0
15949, 260, 0, 0, 0
16050, 440, 0, 0, 0
16150, 500, 0, 0, 0
16249, 505, 0, 0, 0
16349, 310, 0, 0, 0
16449, 320, 0, 0, 0
16549, 430, 0, 0, 0
16649, 410, 0, 0, 0
16749, 370, 0, 0, 0
16849, 350, 0, 0, 0
16949, 320, 0, 0, 0
17049, 600, 0, 0, 0
17150, 550, 0, 0, 0
17249, 414, 0, 0, 0
17349, 470, 0, 0, 0
17449, 410, 0, 0, 0
17549, 500, 0, 0, 0
17649, 450, 0, 0, 0
17749, 440, 0, 0, 0
17849, 310, 0, 0, 0
17949, 320, 0, 0, 0
18049, 490, 0, 0, 0
18149, 310, 0, 0, 0
18250, 380, 0, 0, 0
18350, 250, 0, 0, 0
18450, 470, 0, 0, 0
18550, 530, 0, 0, 0
18650, 490, 0, 0, 0
18749, 424, 0, 0, 0
18849, 550, 0, 0, 0
18949, 440, 0, 0, 0
19049, 340, 0, 0, 0
19149, 280, 0, 0, 0
19249, 520, 0, 0, 0
19349, 340, 0, 0, 0
19450, 540, 0, 0, 0
19550, 580, 0, 0, 0
19650, 360, 0, 0, 0
19749, 565, 0, 0, 0
19849, 420, 0, 0, 0
19949, 520, 0, 0, 0
20049, 480, 0, 0, 0
20149, 420, 0, 0, 0
20249, 630, 0, 0, 0
20349, 640, 0, 0, 0
20449, 790, 0, 0, 0
20550, 420, 0, 0, 0
20650, 510, 0, 0, 0
20749, 525, 0, 0, 0
20849, 630, 0, 0, 0
20949, 430, 0, 0, 0
21049, 520, 0, 0, 0
21149, 540, 0, 0, 0
21249, 310, 0, 0, 0
21349, 420, 0, 0, 0
21449, 500, 0, 0, 0
21550, 570, 0, 0, 0
21650, 410, 0, 0, 0
21749, 484, 0, 0, 0
21849, 500, 0, 0, 0
21949, 320, 0, 0, 0
22049, 410, 0, 0, 0
22149, 440, 0, 0, 0
22249, 540, 0, 0, 0
22349, 180, 0, 0, 0
22449, 610, 0, 0, 0
22549, 460, 0, 0, 0
22649, 420, 0, 0, 0
22750, 390, 0, 0, 0
22850, 320, 0, 0, 0
22950, 610, 0, 0, 0
23050, 460, 0, 0, 0
23150, 510, 0, 0, 0
23249, 434, 0, 0, 0
23349, 610, 0, 0, 0
23449, 450, 0, 0, 0
23549, 550, 0, 0, 0
23649, 440, 0, 0, 0
23750, 510, 0, 0, 0
23850, 460, 0, 0, 0
23950, 490, 0, 0, 0
24050, 410, 0, 0, 0
24150, 400, 0, 0, 0
24249, 525, 0, 0, 0
24349, 460, 0, 0, 0
24449, 590, 0, 0, 0
24549, 410, 0, 0, 0
24649, 570, 0, 0, 0
24749, 450, 0, 0, 0
24849, 450, 0, 0, 0
24949, 600, 0, 0, 0
25050, 460, 0, 0, 0
25150, 540, 0, 0, 0
25249, 333, 0, 0, 0
25349, 310, 0, 0, 0
25449, 380, 0, 0, 0
25549, 670, 0, 0, 0
25649, 450, 0, 0, 0
25749, 540, 0, 0, 0
25849, 290, 0, 0, 0
25949, 360, 0, 0, 0
26050, 510, 0, 0, 0
26150, 620, 0, 0, 0
26249, 818, 0, 0, 0
26349, 420, 0, 0, 0
26449, 680, 0, 0, 0
26549, 550, 0, 0, 0
26649, 360, 0, 0, 0
26749, 470, 0, 0, 0
26849, 500, 0, 0, 0
26949, 330, 0, 0, 0
27049, 490, 0, 0, 0
27150, 470, 0, 0, 0
27250, 580, 0, 0, 0
27350, 610, 0, 0, 0
27450, 500, 0, 0, 0
27550, 620, 0, 0, 0
27650, 280, 0, 0, 0
27749, 393, 0, 0, 0
27849, 460, 0, 0, 0
27949, 470, 0, 0, 0
28049, 520, 0, 0, 0
28150, 440, 0, 0, 0
28250, 510, 0, 0, 0
28350, 440, 0, 0, 0
28450, 450, 0, 0, 0
28550, 360, 0, 0, 0
28650, 540, 0, 0, 0
28749, 555, 0, 0, 0
28849, 460, 0, 0, 0
28949, 580, 0, 0, 0
29049, 640, 0, 0, 0
29149, 670, 0, 0, 0
29250, 380, 0, 0, 0
29350, 510, 0, 0, 0
29450, 560, 0, 0, 0
29550, 470, 0, 0, 0
29650, 480, 0, 0, 0
29749, 515, 0, 0, 0
29849, 560, 0, 0, 0
29949, 400, 0, 0, 0
30050, 470, 0, 0, 0
30150, 420, 0, 0, 0
30249, 464, 0, 0, 0
30349, 430, 0, 0, 0
30449, 540, 0, 0, 0
30549, 290, 0, 0, 0
30649, 620, 0, 0, 0
30749, 440, 0, 0, 0
30849, 480, 0, 0, 0
30949, 650, 0, 0, 0
31050, 420, 0, 0, 0
31150, 520, 0, 0, 0
31249, 292, 0, 0, 0
31349, 580, 0, 0, 0
31449, 430, 0, 0, 0
31549, 450, 0, 0, 0
31649, 430, 0, 0, 0
31749, 450, 0, 0, 0
31849, 490, 0, 0, 0
31949, 620, 0, 0, 0
32049, 630, 0, 0, 0
32150, 540, 0, 0, 0
32250, 530, 0, 0, 0
32350, 530, 0, 0, 0
32450, 750, 0, 0, 0
32550, 410, 0, 0, 0
32650, 330, 0, 0, 0
32749, 222, 0, 0, 0
32849, 390, 0, 0, 0
32949, 340, 0, 0, 0
33049, 430, 0, 0, 0
33150, 410, 0, 0, 0
33250, 480, 0, 0, 0
33350, 420, 0, 0, 0
33450, 480, 0, 0, 0
33550, 440, 0, 0, 0
33650, 720, 0, 0, 0
33749, 595, 0, 0, 0
33849, 550, 0, 0, 0
33949, 550, 0, 0, 0
34049, 450, 0, 0, 0
34149, 570, 0, 0, 0
34249, 460, 0, 0, 0
34350, 580, 0, 0, 0
34450, 540, 0, 0, 0
34550, 570, 0, 0, 0
34650, 390, 0, 0, 0
34749, 474, 0, 0, 0
34849, 430, 0, 0, 0
34949, 510, 0, 0, 0
35049, 440, 0, 0, 0
35149, 540, 0, 0, 0
35249, 560, 0, 0, 0
35349, 440, 0, 0, 0
35449, 520, 0, 0, 0
35550, 590, 0, 0, 0
35650, 520, 0, 0, 0
35749, 494, 0, 0, 0
35849, 400, 0, 0, 0
35949, 480, 0, 0, 0
36049, 680, 0, 0, 0
36149, 580, 0, 0, 0
36249, 560, 0, 0, 0
36349, 600, 0, 0, 0
36449, 250, 0, 0, 0
36550, 450, 0, 0, 0
36650, 510, 0, 0, 0
36749, 464, 0, 0, 0
36849, 350, 0, 0, 0
36949, 500, 0, 0, 0
37049, 470, 0, 0, 0
37149, 370, 0, 0, 0
37249, 630, 0, 0, 0
37349, 540, 0, 0, 0
37449, 480, 0, 0, 0
37550, 570, 0, 0, 0
37650, 720, 0, 0, 0
37749, 555, 0, 0, 0
37849, 440, 0, 0, 0
37949, 190, 0, 0, 0
38049, 370, 0, 0, 0
38149, 560, 0, 0, 0
38249, 610, 0, 0, 0
38349, 360, 0, 0, 0
38449, 470, 0, 0, 0
38550, 480, 0, 0, 0
38650, 440, 0, 0, 0
38749, 393, 0, 0, 0
38849, 380, 0, 0, 0
38949, 510, 0, 0, 0
39049, 260, 0, 0, 0
39149, 360, 0, 0, 0
39249, 360, 0, 0, 0
39349, 370, 0, 0, 0
39449, 520, 0, 0, 0
39550, 540, 0, 0, 0
39650, 340, 0, 0, 0
39749, 292, 0, 0, 0
39849, 480, 0, 0, 0
39949, 310, 0, 0, 0
40049, 600, 0, 0, 0
40149, 420, 0, 0, 0
40249, 480, 0, 0, 0
40349, 550, 0, 0, 0
40449, 380, 0, 0, 0
40549, 460, 0, 0, 0
40649, 340, 0, 0, 0
40750, 520, 0, 0, 0
40850, 650, 0, 0, 0
40950, 460, 0, 0, 0
41050, 390, 0, 0, 0
41150, 470, 0, 0, 0
41249, 414, 0, 0, 0
41349, 460, 0, 0, 0
41449, 660, 0, 0, 0
41549, 470, 0, 0, 0
41649, 440, 0, 0, 0
41749, 480, 0, 0, 0
41850, 520, 0, 0, 0
41950, 440, 0, 0, 0
42050, 460, 0, 0, 0
42150, 560, 0, 0, 0
42249, 646, 0, 0, 0
42349, 450, 0, 0, 0
42449, 450, 0, 0, 0
42549, 450, 0, 0, 0
42649, 440, 0, 0, 0
42749, 410, 0, 0, 0
42849, 450, 0, 0, 0
42949, 380, 0, 0, 0
43050, 450, 0, 0, 0
43150, 410, 0, 0, 0
43249, 464, 0, 0, 0
43349, 520, 0, 0, 0
43449, 490, 0, 0, 0
43549, 490, 0, 0, 0
43649, 500, 0, 0, 0
43749, 530, 0, 0, 0
43849, 410, 0, 0, 0
43949, 360, 0, 0, 0
44050, 570, 0, 0, 0
44150, 490, 0, 0, 0
44249, 434, 0, 0, 0
44349, 360, 0, 0, 0
44449, 410, 0, 0, 0
44549, 400, 0, 0, 0
44649, 490, 0, 0, 0
44749, 440, 0, 0, 0
44849, 490, 0, 0, 0
44949, 420, 0, 0, 0
45050, 440, 0, 0, 0
45150, 340, 0, 0, 0
45249, 595, 0, 0, 0
45349, 420, 0, 0, 0
45449, 370, 0, 0, 0
45549, 480, 0, 0, 0
45649, 400, 0, 0, 0
45749, 420, 0, 0, 0
45849, 380, 0, 0, 0
45949, 300, 0, 0, 0
46050, 510, 0, 0, 0
46150, 390, 0, 0, 0
46249, 444, 0, 0, 0
46349, 340, 0, 0, 0
46449, 470, 0, 0, 0
46549, 470, 0, 0, 0
46649, 630, 0, 0, 0
46749, 730, 0, 0, 0
46849, 450, 0, 0, 0
46949, 690, 0, 0, 0
47050, 450, 0, 0, 0
47150, 510, 0, 0, 0
47249, 232, 0, 0, 0
47349, 300, 0, 0, 0
47449, 410, 0, 0, 0
47549, 460, 0, 0, 0
47649, 450, 0, 0, 0
47749, 600, 0, 0, 0
47849, 430, 0, 0, 0
47949, 380, 0, 0, 0
48050, 370, 0, 0, 0
48150, 290, 0, 0, 0
48249, 333, 0, 0, 0
48349, 380, 0, 0, 0
48449, 490, 0, 0, 0
48549, 530, 0, 0, 0
48649, 460, 0, 0, 0
48749, 560, 0, 0, 0
48849, 290, 0, 0, 0
48949, 460, 0, 0, 0
49049, 470, 0, 0, 0
49149, 410, 0, 0, 0
49250, 470, 0, 0, 0
49350, 380, 0, 0, 0
49450, 340, 0, 0, 0
49550, 340, 0, 0, 0
49650, 500, 0, 0, 0
49749, 353, 0, 0, 0
49849, 430, 0, 0, 0
49949, 440, 0, 0, 0
50049, 370, 0, 0, 0
50149, 410, 0, 0, 0
50249, 370, 0, 0, 0
50349, 320, 0, 0, 0
50450, 470, 0, 0, 0
50550, 600, 0, 0, 0
50650, 260, 0, 0, 0
50749, 282, 0, 0, 0
50849, 270, 0, 0, 0
50949, 360, 0, 0, 0
51049, 500, 0, 0, 0
51149, 390, 0, 0, 0
51249, 520, 0, 0, 0
51349, 320, 0, 0, 0
51449, 320, 0, 0, 0
51550, 210, 0, 0, 0
51650, 190, 0, 0, 0
51749, 494, 0, 0, 0
51849, 570, 0, 0, 0
51949, 610, 0, 0, 0
52049, 520, 0, 0, 0
52149, 370, 0, 0, 0
52249, 420, 0, 0, 0
52349, 440, 0, 0, 0
52449, 380, 0, 0, 0
52549, 650, 0, 0, 0
52649, 710, 0, 0, 0
52750, 440, 0, 0, 0
52850, 530, 0, 0, 0
52950, 390, 0, 0, 0
53050, 440, 0, 0, 0
53150, 310, 0, 0, 0
53249, 383, 0, 0, 0
53349, 370, 0, 0, 0
53449, 350, 0, 0, 0
53549, 350, 0, 0, 0
53649, 510, 0, 0, 0
53749, 580, 0, 0, 0
53850, 330, 0, 0, 0
53950, 260, 0, 0, 0
54050, 420, 0, 0, 0
54150, 400, 0, 0, 0
54249, 393, 0, 0, 0
54349, 530, 0, 0, 0
54449, 400, 0, 0, 0
54549, 580, 0, 0, 0
54649, 380, 0, 0, 0
54749, 490, 0, 0, 0
54849, 550, 0, 0, 0
54949, 480, 0, 0, 0
55050, 440, 0, 0, 0
55150, 370, 0, 0, 0
55249, 333, 0, 0, 0
55349, 370, 0, 0, 0
55449, 580, 0, 0, 0
55549, 290, 0, 0, 0
55649, 350, 0, 0, 0
55749, 380, 0, 0, 0
55849, 400, 0, 0, 0
55949, 410, 0, 0, 0
56049, 580, 0, 0, 0
56149, 390, 0, 0, 0
56250, 530, 0, 0, 0
56350, 390, 0, 0, 0
56450, 460, 0, 0, 0
56550, 400, 0, 0, 0
56650, 440, 0, 0, 0
56749, 454, 0, 0, 0
56849, 400, 0, 0, 0
56949, 460, 0, 0, 0
57049, 430, 0, 0, 0
57149, 450, 0, 0, 0
57250, 350, 0, 0, 0
57350, 390, 0, 0, 0
57450, 130, 0, 0, 0
57550, 230, 0, 0, 0
57650, 560, 0, 0, 0
57749, 444, 0, 0, 0
57849, 570, 0, 0, 0
57949, 530, 0, 0, 0
58049, 530, 0, 0, 0
58149, 290, 0, 0, 0
58249, 340, 0, 0, 0
58349, 410, 0, 0, 0
58450, 510, 0, 0, 0
58550, 370, 0, 0, 0
58650, 230, 0, 0, 0
58749, 535, 0, 0, 0
58849, 380, 0, 0, 0
58949, 340, 0, 0, 0
59049, 430, 0, 0, 0
59149, 410, 0, 0, 0
59249, 520, 0, 0, 0
59349, 440, 0, 0, 0
59449, 420, 0, 0, 0
59550, 470, 0, 0, 0
59650, 410, 0, 0, 0
59749, 454, 0, 0, 0
59849, 600, 0, 0, 0
59949, 370, 0, 0, 0
60049, 240, 0, 0, 0
