101, 2523678, 0, 0, 0
200, 2845116, 0, 0, 0
302, 2357025, 0, 0, 0
403, 2543714, 0, 0, 0
500, 2842650, 0, 0, 0
604, 2954314, 0, 0, 0
702, 2723322, 0, 0, 0
800, 2518157, 0, 0, 0
902, 2480545, 0, 0, 0
1000, 2582872, 0, 0, 0
1101, 3046916, 0, 0, 0
1201, 2636352, 0, 0, 0
1301, 2707154, 0, 0, 0
1402, 2787908, 0, 0, 0
1501, 2746159, 0, 0, 0
1601, 2631712, 0, 0, 0
1704, 2579718, 0, 0, 0
1800, 2530059, 0, 0, 0
1901, 3355375, 0, 0, 0
2002, 2459494, 0, 0, 0
2103, 2962994, 0, 0, 0
2200, 2442492, 0, 0, 0
2302, 2599282, 0, 0, 0
2401, 2671335, 0, 0, 0
2502, 3063829, 0, 0, 0
2603, 2975287, 0, 0, 0
2700, 2688136, 0, 0, 0
2801, 2726833, 0, 0, 0
2901, 2118533, 0, 0, 0
3001, 2725252, 0, 0, 0
3100, 2580406, 0, 0, 0
3202, 2614643, 0, 0, 0
3302, 2782958, 0, 0, 0
3400, 2733306, 0, 0, 0
3502, 2663677, 0, 0, 0
3600, 2183588, 0, 0, 0
3700, 2950071, 0, 0, 0
3800, 2688145, 0, 0, 0
3900, 2223634, 0, 0, 0
4006, 2712216, 0, 0, 0
4100, 2694960, 0, 0, 0
4201, 2860823, 0, 0, 0
4301, 2775587, 0, 0, 0
4400, 2488440, 0, 0, 0
4501, 2959788, 0, 0, 0
4600, 2478028, 0, 0, 0
4700, 2762597, 0, 0, 0
4801, 3163939, 0, 0, 0
4901, 2626052, 0, 0, 0
5001, 2565847, 0, 0, 0
5102, 2880835, 0, 0, 0
5202, 2392214, 0, 0, 0
5300, 3039673, 0, 0, 0
5402, 2832470, 0, 0, 0
5501, 2612540, 0, 0, 0
5600, 2999857, 0, 0, 0
5702, 2413761, 0, 0, 0
5804, 3211600, 0, 0, 0
5900, 2714337, 0, 0, 0
6000, 2570812, 0, 0, 0
6102, 2823730, 0, 0, 0
6202, 2792877, 0, 0, 0
6302, 2769738, 0, 0, 0
6400, 3145522, 0, 0, 0
6501, 2601228, 0, 0, 0
6602, 2574693, 0, 0, 0
6705, 2967078, 0, 0, 0
6802, 2827598, 0, 0, 0
6901, 2752336, 0, 0, 0
7000, 2687640, 0, 0, 0
7101, 2574859, 0, 0, 0
7201, 2622593, 0, 0, 0
7301, 2863732, 0, 0, 0
7401, 2772144, 0, 0, 0
7500, 2760564, 0, 0, 0
7602, 3295667, 0, 0, 0
7702, 2842771, 0, 0, 0
7800, 2884806, 0, 0, 0
7903, 2345946, 0, 0, 0
8003, 2763222, 0, 0, 0
8100, 2614904, 0, 0, 0
8202, 2371530, 0, 0, 0
8300, 2657000, 0, 0, 0
8401, 2730954, 0, 0, 0
8502, 2334780, 0, 0, 0
8601, 2758396, 0, 0, 0
8702, 2794445, 0, 0, 0
8800, 2639464, 0, 0, 0
8900, 2444717, 0, 0, 0
9002, 3176357, 0, 0, 0
9101, 2936695, 0, 0, 0
9200, 2658474, 0, 0, 0
9303, 2793769, 0, 0, 0
9400, 2466846, 0, 0, 0
9500, 2794945, 0, 0, 0
9600, 2682022, 0, 0, 0
9702, 2698610, 0, 0, 0
9802, 2922309, 0, 0, 0
9903, 3269147, 0, 0, 0
10000, 2754258, 0, 0, 0
10100, 2802243, 0, 0, 0
10201, 2645740, 0, 0, 0
10300, 2907841, 0, 0, 0
10401, 2591430, 0, 0, 0
10500, 2984347, 0, 0, 0
10602, 2548021, 0, 0, 0
10705, 2655387, 0, 0, 0
10800, 2863214, 0, 0, 0
10903, 2639358, 0, 0, 0
11002, 2760729, 0, 0, 0
11101, 2395422, 0, 0, 0
11200, 2482474, 0, 0, 0
11303, 2945816, 0, 0, 0
11400, 2759408, 0, 0, 0
11500, 2324473, 0, 0, 0
11601, 2799682, 0, 0, 0
11700, 2910718, 0, 0, 0
11805, 2685345, 0, 0, 0
11902, 2560064, 0, 0, 0
12001, 2528789, 0, 0, 0
12103, 2683374, 0, 0, 0
12201, 2651293, 0, 0, 0
12300, 3307427, 0, 0, 0
12402, 2549799, 0, 0, 0
12502, 2316688, 0, 0, 0
12601, 2345779, 0, 0, 0
12702, 2535498, 0, 0, 0
12800, 2515833, 0, 0, 0
12902, 2899604, 0, 0, 0
13000, 2519435, 0, 0, 0
13102, 2554464, 0, 0, 0
13202, 2560901, 0, 0, 0
13300, 2506599, 0, 0, 0
13402, 2910620, 0, 0, 0
13502, 2568292, 0, 0, 0
13601, 2524086, 0, 0, 0
13701, 2555243, 0, 0, 0
13802, 2895072, 0, 0, 0
13903, 3358519, 0, 0, 0
14001, 2591474, 0, 0, 0
14100, 2897417, 0, 0, 0
14200, 3238239, 0, 0, 0
14303, 2931357, 0, 0, 0
14400, 2542399, 0, 0, 0
14503, 2775865, 0, 0, 0
14601, 3168175, 0, 0, 0
14702, 2813505, 0, 0, 0
14800, 2702909, 0, 0, 0
14900, 2501646, 0, 0, 0
15006, 2720486, 0, 0, 0
15101, 2879952, 0, 0, 0
15200, 2898088, 0, 0, 0
15302, 2924354, 0, 0, 0
15402, 2506139, 0, 0, 0
15500, 2865334, 0, 0, 0
15600, 2930934, 0, 0, 0
15701, 2532025, 0, 0, 0
15800, 2922279, 0, 0, 0
15903, 2694503, 0, 0, 0
16003, 2774707, 0, 0, 0
16104, 2800834, 0, 0, 0
16203, 2546969, 0, 0, 0
16303, 3011867, 0, 0, 0
16400, 2491303, 0, 0, 0
16500, 2622494, 0, 0, 0
16601, 2911331, 0, 0, 0
16702, 2649504, 0, 0, 0
16801, 2748540, 0, 0, 0
16901, 3032008, 0, 0, 0
17000, 2817422, 0, 0, 0
17102, 3094639, 0, 0, 0
17202, 2683194, 0, 0, 0
17301, 2771158, 0, 0, 0
17400, 3170594, 0, 0, 0
17500, 2645525, 0, 0, 0
17601, 2782368, 0, 0, 0
17700, 2843971, 0, 0, 0
17800, 2765949, 0, 0, 0
17900, 2635706, 0, 0, 0
18000, 2780948, 0, 0, 0
18100, 2759527, 0, 0, 0
18202, 2854416, 0, 0, 0
18300, 2562670, 0, 0, 0
18401, 2817309, 0, 0, 0
18501, 2608375, 0, 0, 0
18602, 2821063, 0, 0, 0
18700, 2884002, 0, 0, 0
18803, 2941239, 0, 0, 0
18902, 2805948, 0, 0, 0
19002, 2643657, 0, 0, 0
19100, 2950699, 0, 0, 0
19202, 2703343, 0, 0, 0
19302, 2678187, 0, 0, 0
19403, 2462287, 0, 0, 0
19500, 2486867, 0, 0, 0
19602, 2752299, 0, 0, 0
19700, 2530813, 0, 0, 0
19801, 2860972, 0, 0, 0
19900, 2482255, 0, 0, 0
20000, 2566975, 0, 0, 0
20100, 2549646, 0, 0, 0
20200, 2582652, 0, 0, 0
20302, 3066373, 0, 0, 0
20400, 2723997, 0, 0, 0
20502, 2990951, 0, 0, 0
20600, 2968006, 0, 0, 0
20703, 2581293, 0, 0, 0
20801, 3154069, 0, 0, 0
20901, 3030100, 0, 0, 0
21000, 2998824, 0, 0, 0
21101, 2594093, 0, 0, 0
21205, 3338185, 0, 0, 0
21301, 2396021, 0, 0, 0
21400, 3026628, 0, 0, 0
21500, 2498746, 0, 0, 0
21600, 2681603, 0, 0, 0
21702, 3004072, 0, 0, 0
21800, 2956326, 0, 0, 0
21901, 3163126, 0, 0, 0
22000, 2602962, 0, 0, 0
22101, 2898428, 0, 0, 0
22202, 2727412, 0, 0, 0
22301, 3404034, 0, 0, 0
22402, 2802396, 0, 0, 0
22500, 2882634, 0, 0, 0
22603, 3103564, 0, 0, 0
22703, 2776437, 0, 0, 0
22801, 2897303, 0, 0, 0
22901, 2704652, 0, 0, 0
23002, 2569051, 0, 0, 0
23102, 2860130, 0, 0, 0
23201, 3102603, 0, 0, 0
23301, 3111694, 0, 0, 0
23401, 3025706, 0, 0, 0
23500, 2692845, 0, 0, 0
23602, 2752650, 0, 0, 0
23700, 2642490, 0, 0, 0
23800, 2847851, 0, 0, 0
23900, 3017153, 0, 0, 0
24003, 3133418, 0, 0, 0
24101, 3386576, 0, 0, 0
24202, 2707676, 0, 0, 0
24300, 3088250, 0, 0, 0
24401, 3721923, 0, 0, 0
24501, 3026118, 0, 0, 0
24602, 3057969, 0, 0, 0
24702, 3238925, 0, 0, 0
24803, 2713093, 0, 0, 0
24901, 3065972, 0, 0, 0
25000, 2665754, 0, 0, 0
25100, 2871100, 0, 0, 0
25200, 2853451, 0, 0, 0
25300, 2929259, 0, 0, 0
25400, 2715505, 0, 0, 0
25501, 2720845, 0, 0, 0
25600, 2358275, 0, 0, 0
25704, 2655952, 0, 0, 0
25802, 2337450, 0, 0, 0
25900, 2635000, 0, 0, 0
26001, 2536092, 0, 0, 0
26101, 2558015, 0, 0, 0
26202, 2232975, 0, 0, 0
26300, 2988777, 0, 0, 0
26402, 2814007, 0, 0, 0
26503, 2745483, 0, 0, 0
26600, 2620197, 0, 0, 0
26702, 2828522, 0, 0, 0
26800, 2960701, 0, 0, 0
26900, 3233318, 0, 0, 0
27000, 2482710, 0, 0, 0
27103, 2717847, 0, 0, 0
27204, 2524033, 0, 0, 0
27301, 2682117, 0, 0, 0
27402, 2607457, 0, 0, 0
27501, 2976016, 0, 0, 0
27601, 2853624, 0, 0, 0
27701, 2699001, 0, 0, 0
27802, 2544818, 0, 0, 0
27902, 2688988, 0, 0, 0
28001, 2904283, 0, 0, 0
28100, 3003589, 0, 0, 0
28202, 3090972, 0, 0, 0
28301, 2745821, 0, 0, 0
28400, 2607631, 0, 0, 0
28500, 3230973, 0, 0, 0
28600, 2778619, 0, 0, 0
28704, 2651359, 0, 0, 0
28800, 2678259, 0, 0, 0
28900, 3010195, 0, 0, 0
29000, 2718692, 0, 0, 0
29102, 2832357, 0, 0, 0
29202, 3317834, 0, 0, 0
29300, 2390815, 0, 0, 0
29403, 3219024, 0, 0, 0
29500, 3105974, 0, 0, 0
29601, 2976898, 0, 0, 0
29700, 3000062, 0, 0, 0
29801, 2966214, 0, 0, 0
29902, 3155767, 0, 0, 0
30001, 3202090, 0, 0, 0
30103, 3087791, 0, 0, 0
30203, 3342648, 0, 0, 0
30302, 3925197, 0, 0, 0
30401, 2999296, 0, 0, 0
30500, 2931338, 0, 0, 0
30603, 3412300, 0, 0, 0
30701, 3279395, 0, 0, 0
30805, 2961643, 0, 0, 0
30901, 2904681, 0, 0, 0
31001, 2846774, 0, 0, 0
31101, 3151669, 0, 0, 0
31201, 2830520, 0, 0, 0
31300, 3409177, 0, 0, 0
31402, 3087666, 0, 0, 0
31500, 3406419, 0, 0, 0
31602, 3291365, 0, 0, 0
31700, 2717016, 0, 0, 0
31803, 3006444, 0, 0, 0
31904, 2964798, 0, 0, 0
32001, 2445127, 0, 0, 0
32103, 3172656, 0, 0, 0
32200, 3028108, 0, 0, 0
32301, 3252314, 0, 0, 0
32401, 2556294, 0, 0, 0
32501, 3030239, 0, 0, 0
32600, 2918273, 0, 0, 0
32702, 3303384, 0, 0, 0
32800, 3366605, 0, 0, 0
32900, 3026094, 0, 0, 0
33000, 3033112, 0, 0, 0
33101, 3484066, 0, 0, 0
33201, 3557783, 0, 0, 0
33301, 3017782, 0, 0, 0
33401, 3035648, 0, 0, 0
33500, 3099212, 0, 0, 0
33603, 3302674, 0, 0, 0
33700, 2869411, 0, 0, 0
33800, 2782987, 0, 0, 0
33902, 3173077, 0, 0, 0
34000, 3049661, 0, 0, 0
34100, 3131542, 0, 0, 0
34202, 3518934, 0, 0, 0
34300, 3778980, 0, 0, 0
34402, 2736870, 0, 0, 0
34502, 2784224, 0, 0, 0
34601, 2994494, 0, 0, 0
34703, 2993978, 0, 0, 0
34803, 3220348, 0, 0, 0
34903, 2863836, 0, 0, 0
35001, 3068783, 0, 0, 0
35101, 2852878, 0, 0, 0
35201, 2699349, 0, 0, 0
35301, 2927239, 0, 0, 0
35401, 3140904, 0, 0, 0
35500, 2982077, 0, 0, 0
35601, 2970458, 0, 0, 0
35702, 3072880, 0, 0, 0
35800, 2718022, 0, 0, 0
35901, 2578074, 0, 0, 0
36003, 2835057, 0, 0, 0
36100, 2933622, 0, 0, 0
36202, 3293792, 0, 0, 0
36302, 3336571, 0, 0, 0
36400, 3157875, 0, 0, 0
36501, 3253664, 0, 0, 0
36602, 3062226, 0, 0, 0
36704, 3090531, 0, 0, 0
36800, 3108122, 0, 0, 0
36901, 2710777, 0, 0, 0
37002, 2968627, 0, 0, 0
37100, 2982823, 0, 0, 0
37201, 2716900, 0, 0, 0
37300, 3011373, 0, 0, 0
37405, 2977447, 0, 0, 0
37500, 2976641, 0, 0, 0
37600, 3221105, 0, 0, 0
37701, 3064445, 0, 0, 0
37801, 4005040, 0, 0, 0
37900, 3169293, 0, 0, 0
38000, 3126079, 0, 0, 0
38100, 2937037, 0, 0, 0
38202, 2857379, 0, 0, 0
38300, 3372084, 0, 0, 0
38403, 2837037, 0, 0, 0
38501, 2898320, 0, 0, 0
38602, 3373550, 0, 0, 0
38702, 3314638, 0, 0, 0
38800, 3069851, 0, 0, 0
38904, 3041600, 0, 0, 0
39002, 3063383, 0, 0, 0
39100, 2666993, 0, 0, 0
39200, 2829376, 0, 0, 0
39301, 3163332, 0, 0, 0
39400, 2467382, 0, 0, 0
39500, 3025561, 0, 0, 0
39601, 2808431, 0, 0, 0
39702, 2806048, 0, 0, 0
39803, 2881467, 0, 0, 0
39903, 3122225, 0, 0, 0
40000, 2768147, 0, 0, 0
40101, 3064302, 0, 0, 0
40201, 2943391, 0, 0, 0
40304, 2936214, 0, 0, 0
40401, 2705894, 0, 0, 0
40501, 3702017, 0, 0, 0
40603, 2815652, 0, 0, 0
40701, 2884812, 0, 0, 0
40803, 2831343, 0, 0, 0
40902, 3203235, 0, 0, 0
41000, 2968499, 0, 0, 0
41100, 3317083, 0, 0, 0
41203, 2868677, 0, 0, 0
41300, 2613709, 0, 0, 0
41401, 3368605, 0, 0, 0
41501, 2772514, 0, 0, 0
41600, 3300492, 0, 0, 0
41700, 3224427, 0, 0, 0
41802, 2838311, 0, 0, 0
41901, 3006868, 0, 0, 0
42003, 2828575, 0, 0, 0
42102, 2982714, 0, 0, 0
42200, 2878176, 0, 0, 0
42300, 3126251, 0, 0, 0
42401, 2893327, 0, 0, 0
42500, 3534779, 0, 0, 0
42601, 3373002, 0, 0, 0
42701, 2631590, 0, 0, 0
42801, 2918530, 0, 0, 0
42902, 2723739, 0, 0, 0
43001, 3012420, 0, 0, 0
43102, 3464413, 0, 0, 0
43200, 3268814, 0, 0, 0
43301, 3613416, 0, 0, 0
43403, 3006806, 0, 0, 0
43502, 3406619, 0, 0, 0
43604, 2825374, 0, 0, 0
43700, 3219288, 0, 0, 0
43800, 3011837, 0, 0, 0
43901, 2795598, 0, 0, 0
44003, 3184801, 0, 0, 0
44101, 3067204, 0, 0, 0
44202, 3162706, 0, 0, 0
44303, 2725259, 0, 0, 0
44400, 3036806, 0, 0, 0
44500, 3225426, 0, 0, 0
44601, 3040443, 0, 0, 0
44702, 3159475, 0, 0, 0
44800, 2807971, 0, 0, 0
44902, 2913669, 0, 0, 0
45002, 2775848, 0, 0, 0
45100, 2860837, 0, 0, 0
45200, 2878059, 0, 0, 0
45300, 2685552, 0, 0, 0
45400, 2788293, 0, 0, 0
45500, 3022773, 0, 0, 0
45601, 3267462, 0, 0, 0
45703, 3264686, 0, 0, 0
45803, 2941328, 0, 0, 0
45900, 2864164, 0, 0, 0
46000, 2778958, 0, 0, 0
46101, 2785089, 0, 0, 0
46201, 2782819, 0, 0, 0
46300, 2905965, 0, 0, 0
46401, 2976403, 0, 0, 0
46500, 2537369, 0, 0, 0
46601, 2736810, 0, 0, 0
46701, 2837049, 0, 0, 0
46801, 3036636, 0, 0, 0
46900, 2671803, 0, 0, 0
47004, 2970605, 0, 0, 0
47103, 2752907, 0, 0, 0
47201, 3145236, 0, 0, 0
47303, 2837402, 0, 0, 0
47403, 3464958, 0, 0, 0
47504, 2784606, 0, 0, 0
47601, 3044026, 0, 0, 0
47702, 3160938, 0, 0, 0
47802, 3204249, 0, 0, 0
47902, 2877645, 0, 0, 0
48000, 3603933, 0, 0, 0
48103, 3323883, 0, 0, 0
48203, 2792236, 0, 0, 0
48301, 2719020, 0, 0, 0
48402, 3137698, 0, 0, 0
48500, 2971876, 0, 0, 0
48603, 2792079, 0, 0, 0
48702, 3064051, 0, 0, 0
48802, 2792543, 0, 0, 0
48902, 2638052, 0, 0, 0
49001, 3384445, 0, 0, 0
49101, 2955347, 0, 0, 0
49202, 2593187, 0, 0, 0
49300, 2854996, 0, 0, 0
49404, 3267473, 0, 0, 0
49501, 2845021, 0, 0, 0
49601, 3220269, 0, 0, 0
49704, 3027523, 0, 0, 0
49802, 2985315, 0, 0, 0
49901, 2992039, 0, 0, 0
50001, 3201507, 0, 0, 0
50103, 2848226, 0, 0, 0
50203, 3008512, 0, 0, 0
50300, 3151148, 0, 0, 0
50402, 3081845, 0, 0, 0
50500, 2728799, 0, 0, 0
50602, 2823783, 0, 0, 0
50702, 2425097, 0, 0, 0
50802, 2940567, 0, 0, 0
50901, 2838756, 0, 0, 0
51000, 2737073, 0, 0, 0
51102, 2925274, 0, 0, 0
51204, 2744339, 0, 0, 0
51303, 3102284, 0, 0, 0
51401, 3275550, 0, 0, 0
51501, 3102003, 0, 0, 0
51600, 3213358, 0, 0, 0
51701, 3038644, 0, 0, 0
51802, 3480738, 0, 0, 0
51900, 2892654, 0, 0, 0
52000, 2845542, 0, 0, 0
52103, 2857927, 0, 0, 0
52200, 2765225, 0, 0, 0
52300, 2793404, 0, 0, 0
52401, 2594826, 0, 0, 0
52501, 3122967, 0, 0, 0
52602, 2866662, 0, 0, 0
52703, 2735055, 0, 0, 0
52804, 3244067, 0, 0, 0
52900, 3219231, 0, 0, 0
53002, 2314980, 0, 0, 0
53101, 2671043, 0, 0, 0
53201, 3315213, 0, 0, 0
53300, 3190758, 0, 0, 0
53404, 2977587, 0, 0, 0
53501, 2835402, 0, 0, 0
53601, 3144848, 0, 0, 0
53700, 3170514, 0, 0, 0
53800, 3144320, 0, 0, 0
53900, 3206084, 0, 0, 0
54000, 3051792, 0, 0, 0
54101, 2582016, 0, 0, 0
54202, 2967088, 0, 0, 0
54301, 2906359, 0, 0, 0
54401, 3107371, 0, 0, 0
54500, 3195586, 0, 0, 0
54600, 3126013, 0, 0, 0
54705, 3758450, 0, 0, 0
54800, 3274586, 0, 0, 0
54900, 3122219, 0, 0, 0
55002, 3178519, 0, 0, 0
55100, 3168340, 0, 0, 0
55200, 2925906, 0, 0, 0
55300, 3036060, 0, 0, 0
55400, 3030192, 0, 0, 0
55501, 2894402, 0, 0, 0
55601, 3103040, 0, 0, 0
55701, 2946349, 0, 0, 0
55800, 3297827, 0, 0, 0
55904, 2883067, 0, 0, 0
56003, 3422348, 0, 0, 0
56102, 3091690, 0, 0, 0
56201, 2993998, 0, 0, 0
56305, 2877844, 0, 0, 0
56400, 3074631, 0, 0, 0
56502, 3094290, 0, 0, 0
56601, 2598602, 0, 0, 0
56700, 3080604, 0, 0, 0
56802, 3086790, 0, 0, 0
56902, 3354075, 0, 0, 0
57002, 3125202, 0, 0, 0
57100, 2786605, 0, 0, 0
57203, 2853117, 0, 0, 0
57301, 2982006, 0, 0, 0
57402, 2892167, 0, 0, 0
57502, 2839626, 0, 0, 0
57601, 3201809, 0, 0, 0
57703, 2810438, 0, 0, 0
57804, 3492080, 0, 0, 0
57900, 2664315, 0, 0, 0
58000, 2949408, 0, 0, 0
58102, 3090380, 0, 0, 0
58202, 2929933, 0, 0, 0
58301, 3094258, 0, 0, 0
58401, 2713966, 0, 0, 0
58500, 3064224, 0, 0, 0
58603, 2779494, 0, 0, 0
58701, 3184727, 0, 0, 0
58800, 2997721, 0, 0, 0
58903, 3018759, 0, 0, 0
59003, 2764298, 0, 0, 0
59100, 3048030, 0, 0, 0
59202, 2742881, 0, 0, 0
59301, 3095639, 0, 0, 0
59400, 3288785, 0, 0, 0
59503, 2864511, 0, 0, 0
59600, 2843503, 0, 0, 0
59702, 3204400, 0, 0, 0
59803, 2958003, 0, 0, 0
59901, 2977495, 0, 0, 0
60002, 2523514, 0, 0, 0
