100, 6937, 0, 0, 0
200, 6607, 0, 0, 0
300, 7070, 0, 0, 0
402, 8679, 0, 0, 0
501, 7357, 0, 0, 0
600, 7844, 0, 0, 0
703, 7670, 0, 0, 0
802, 7835, 0, 0, 0
901, 7859, 0, 0, 0
1001, 7175, 0, 0, 0
1100, 7265, 0, 0, 0
1200, 7388, 0, 0, 0
1300, 7988, 0, 0, 0
1402, 8147, 0, 0, 0
1501, 6886, 0, 0, 0
1601, 7138, 0, 0, 0
1704, 7426, 0, 0, 0
1801, 7406, 0, 0, 0
1903, 7811, 0, 0, 0
2000, 7529, 0, 0, 0
2101, 7826, 0, 0, 0
2202, 7509, 0, 0, 0
2301, 7806, 0, 0, 0
2401, 7297, 0, 0, 0
2500, 7896, 0, 0, 0
2600, 7131, 0, 0, 0
2703, 7979, 0, 0, 0
2801, 7513, 0, 0, 0
2901, 7045, 0, 0, 0
3002, 7492, 0, 0, 0
3101, 7124, 0, 0, 0
3203, 6925, 0, 0, 0
3300, 6997, 0, 0, 0
3401, 7148, 0, 0, 0
3500, 7120, 0, 0, 0
3602, 6811, 0, 0, 0
3701, 7176, 0, 0, 0
3800, 7135, 0, 0, 0
3901, 6858, 0, 0, 0
4001, 7234, 0, 0, 0
4100, 7343, 0, 0, 0
4202, 7770, 0, 0, 0
4301, 7981, 0, 0, 0
4403, 7350, 0, 0, 0
4500, 7044, 0, 0, 0
4600, 7816, 0, 0, 0
4702, 6906, 0, 0, 0
4801, 7549, 0, 0, 0
4900, 7625, 0, 0, 0
5001, 6994, 0, 0, 0
5101, 7569, 0, 0, 0
5200, 7691, 0, 0, 0
5303, 7295, 0, 0, 0
5401, 7104, 0, 0, 0
5502, 7779, 0, 0, 0
5600, 7354, 0, 0, 0
5700, 7363, 0, 0, 0
5801, 8057, 0, 0, 0
5901, 7539, 0, 0, 0
6000, 7338, 0, 0, 0
6102, 7452, 0, 0, 0
6203, 8070, 0, 0, 0
6302, 7252, 0, 0, 0
6401, 7340, 0, 0, 0
6501, 7465, 0, 0, 0
6600, 7747, 0, 0, 0
6700, 7733, 0, 0, 0
6800, 6699, 0, 0, 0
6903, 6761, 0, 0, 0
7003, 7024, 0, 0, 0
7101, 7092, 0, 0, 0
7202, 7498, 0, 0, 0
7302, 6997, 0, 0, 0
7402, 7135, 0, 0, 0
7501, 6969, 0, 0, 0
7600, 7365, 0, 0, 0
7702, 7639, 0, 0, 0
7801, 7313, 0, 0, 0
7901, 6977, 0, 0, 0
8001, 8078, 0, 0, 0
8103, 7453, 0, 0, 0
8202, 7422, 0, 0, 0
8300, 7553, 0, 0, 0
8401, 7643, 0, 0, 0
8500, 7498, 0, 0, 0
8601, 8477, 0, 0, 0
8702, 8159, 0, 0, 0
8802, 7419, 0, 0, 0
8901, 7471, 0, 0, 0
9003, 6867, 0, 0, 0
9103, 7727, 0, 0, 0
9200, 7728, 0, 0, 0
9302, 6848, 0, 0, 0
9402, 7697, 0, 0, 0
9500, 7764, 0, 0, 0
9602, 7541, 0, 0, 0
9700, 7518, 0, 0, 0
9800, 7138, 0, 0, 0
9902, 7769, 0, 0, 0
10000, 7481, 0, 0, 0
10101, 7432, 0, 0, 0
10203, 6760, 0, 0, 0
10301, 7498, 0, 0, 0
10401, 7964, 0, 0, 0
10501, 8058, 0, 0, 0
10601, 7430, 0, 0, 0
10700, 7509, 0, 0, 0
10803, 7473, 0, 0, 0
10900, 6946, 0, 0, 0
11005, 6743, 0, 0, 0
11100, 6619, 0, 0, 0
11201, 6709, 0, 0, 0
11302, 6796, 0, 0, 0
11400, 6520, 0, 0, 0
11500, 6858, 0, 0, 0
11601, 7200, 0, 0, 0
11700, 6923, 0, 0, 0
11803, 6772, 0, 0, 0
11901, 7360, 0, 0, 0
12000, 7036, 0, 0, 0
12100, 8083, 0, 0, 0
12202, 7615, 0, 0, 0
12301, 7330, 0, 0, 0
12401, 7568, 0, 0, 0
12502, 8153, 0, 0, 0
12603, 8458, 0, 0, 0
12702, 8616, 0, 0, 0
12803, 7823, 0, 0, 0
12902, 8032, 0, 0, 0
13000, 7396, 0, 0, 0
13101, 7873, 0, 0, 0
13201, 7540, 0, 0, 0
13300, 7316, 0, 0, 0
13402, 8130, 0, 0, 0
13500, 7718, 0, 0, 0
13601, 7968, 0, 0, 0
13702, 8117, 0, 0, 0
13802, 7963, 0, 0, 0
13902, 8337, 0, 0, 0
14001, 8559, 0, 0, 0
14105, 8225, 0, 0, 0
14203, 8187, 0, 0, 0
14302, 8543, 0, 0, 0
14401, 7459, 0, 0, 0
14500, 8194, 0, 0, 0
14601, 7928, 0, 0, 0
14702, 7386, 0, 0, 0
14800, 6733, 0, 0, 0
14902, 7966, 0, 0, 0
15000, 7562, 0, 0, 0
15103, 8173, 0, 0, 0
15201, 7725, 0, 0, 0
15302, 7542, 0, 0, 0
15400, 7584, 0, 0, 0
15500, 8017, 0, 0, 0
15600, 7547, 0, 0, 0
15701, 8378, 0, 0, 0
15801, 7585, 0, 0, 0
15902, 7639, 0, 0, 0
16002, 7193, 0, 0, 0
16102, 7902, 0, 0, 0
16203, 7492, 0, 0, 0
16300, 8259, 0, 0, 0
16401, 7434, 0, 0, 0
16502, 7328, 0, 0, 0
16601, 6979, 0, 0, 0
16701, 7195, 0, 0, 0
16802, 7259, 0, 0, 0
16900, 8091, 0, 0, 0
17001, 7564, 0, 0, 0
17101, 7230, 0, 0, 0
17201, 7148, 0, 0, 0
17300, 7219, 0, 0, 0
17400, 7434, 0, 0, 0
17500, 7410, 0, 0, 0
17600, 7453, 0, 0, 0
17700, 7681, 0, 0, 0
17801, 7913, 0, 0, 0
17900, 7596, 0, 0, 0
18002, 7254, 0, 0, 0
18100, 7124, 0, 0, 0
18201, 8326, 0, 0, 0
18300, 7974, 0, 0, 0
18400, 7698, 0, 0, 0
18502, 7422, 0, 0, 0
18602, 7811, 0, 0, 0
18701, 7295, 0, 0, 0
18801, 7356, 0, 0, 0
18900, 7459, 0, 0, 0
19001, 7382, 0, 0, 0
19102, 7459, 0, 0, 0
19202, 7727, 0, 0, 0
19302, 7661, 0, 0, 0
19401, 7724, 0, 0, 0
19502, 7470, 0, 0, 0
19600, 7385, 0, 0, 0
19701, 6994, 0, 0, 0
19801, 7292, 0, 0, 0
19900, 8285, 0, 0, 0
20002, 8884, 0, 0, 0
20100, 6843, 0, 0, 0
20201, 6910, 0, 0, 0
20301, 6721, 0, 0, 0
20404, 6813, 0, 0, 0
20501, 6631, 0, 0, 0
20604, 7453, 0, 0, 0
20700, 7789, 0, 0, 0
20800, 7206, 0, 0, 0
20901, 6719, 0, 0, 0
21001, 6764, 0, 0, 0
21101, 6997, 0, 0, 0
21202, 6910, 0, 0, 0
21303, 6938, 0, 0, 0
21400, 7459, 0, 0, 0
21501, 9242, 0, 0, 0
21602, 7982, 0, 0, 0
21700, 7621, 0, 0, 0
21803, 6918, 0, 0, 0
21900, 7100, 0, 0, 0
22000, 7813, 0, 0, 0
22100, 7127, 0, 0, 0
22202, 7754, 0, 0, 0
22301, 7662, 0, 0, 0
22400, 7569, 0, 0, 0
22501, 7253, 0, 0, 0
22600, 7182, 0, 0, 0
22701, 7002, 0, 0, 0
22801, 8023, 0, 0, 0
22900, 7442, 0, 0, 0
23000, 6933, 0, 0, 0
23100, 7918, 0, 0, 0
23202, 7489, 0, 0, 0
23302, 7108, 0, 0, 0
23401, 7813, 0, 0, 0
23502, 7708, 0, 0, 0
23603, 7479, 0, 0, 0
23701, 7423, 0, 0, 0
23800, 7839, 0, 0, 0
23902, 7970, 0, 0, 0
24002, 7651, 0, 0, 0
24100, 7867, 0, 0, 0
24203, 7425, 0, 0, 0
24301, 7990, 0, 0, 0
24400, 7976, 0, 0, 0
24502, 8284, 0, 0, 0
24605, 8567, 0, 0, 0
24701, 8028, 0, 0, 0
24801, 7361, 0, 0, 0
24901, 8610, 0, 0, 0
25001, 7913, 0, 0, 0
25100, 8487, 0, 0, 0
25200, 8062, 0, 0, 0
25300, 8096, 0, 0, 0
25402, 7390, 0, 0, 0
25501, 6613, 0, 0, 0
25601, 7343, 0, 0, 0
25700, 6896, 0, 0, 0
25801, 7223, 0, 0, 0
25901, 6943, 0, 0, 0
26000, 7100, 0, 0, 0
26102, 6682, 0, 0, 0
26200, 6716, 0, 0, 0
26302, 7860, 0, 0, 0
26401, 8500, 0, 0, 0
26502, 7605, 0, 0, 0
26601, 7615, 0, 0, 0
26701, 8161, 0, 0, 0
26802, 7728, 0, 0, 0
26901, 7422, 0, 0, 0
27002, 8214, 0, 0, 0
27101, 7802, 0, 0, 0
27202, 7368, 0, 0, 0
27300, 6945, 0, 0, 0
27401, 7275, 0, 0, 0
27502, 6992, 0, 0, 0
27600, 7285, 0, 0, 0
27702, 7847, 0, 0, 0
27802, 7591, 0, 0, 0
27901, 7191, 0, 0, 0
28001, 7024, 0, 0, 0
28102, 6689, 0, 0, 0
28203, 7078, 0, 0, 0
28300, 7056, 0, 0, 0
28402, 7294, 0, 0, 0
28501, 8055, 0, 0, 0
28602, 7037, 0, 0, 0
28702, 7870, 0, 0, 0
28801, 8208, 0, 0, 0
28902, 7533, 0, 0, 0
29002, 7263, 0, 0, 0
29100, 7216, 0, 0, 0
29200, 7157, 0, 0, 0
29300, 8248, 0, 0, 0
29401, 8219, 0, 0, 0
29500, 7648, 0, 0, 0
29602, 8521, 0, 0, 0
29700, 8578, 0, 0, 0
29800, 7839, 0, 0, 0
29900, 7236, 0, 0, 0
30002, 8040, 0, 0, 0
30100, 7247, 0, 0, 0
30200, 8079, 0, 0, 0
30300, 7618, 0, 0, 0
30404, 7917, 0, 0, 0
30500, 7523, 0, 0, 0
30601, 8512, 0, 0, 0
30701, 8894, 0, 0, 0
30800, 7001, 0, 0, 0
30901, 7360, 0, 0, 0
31000, 7458, 0, 0, 0
31102, 7633, 0, 0, 0
31200, 8289, 0, 0, 0
31301, 7601, 0, 0, 0
31400, 8437, 0, 0, 0
31501, 9488, 0, 0, 0
31601, 7610, 0, 0, 0
31701, 8591, 0, 0, 0
31802, 8093, 0, 0, 0
31900, 7823, 0, 0, 0
32001, 8535, 0, 0, 0
32101, 9578, 0, 0, 0
32203, 8071, 0, 0, 0
32301, 8680, 0, 0, 0
32400, 8625, 0, 0, 0
32500, 8368, 0, 0, 0
32603, 7277, 0, 0, 0
32700, 10575, 0, 0, 0
32802, 8177, 0, 0, 0
32901, 8305, 0, 0, 0
33001, 8523, 0, 0, 0
33100, 8804, 0, 0, 0
33202, 8180, 0, 0, 0
33301, 7881, 0, 0, 0
33400, 7968, 0, 0, 0
33501, 8849, 0, 0, 0
33603, 8210, 0, 0, 0
33702, 7597, 0, 0, 0
33800, 7809, 0, 0, 0
33902, 7439, 0, 0, 0
34001, 7396, 0, 0, 0
34100, 8057, 0, 0, 0
34200, 8335, 0, 0, 0
34303, 8812, 0, 0, 0
34401, 7674, 0, 0, 0
34500, 7783, 0, 0, 0
34600, 7541, 0, 0, 0
34702, 8174, 0, 0, 0
34800, 7986, 0, 0, 0
34902, 7253, 0, 0, 0
35001, 7252, 0, 0, 0
35101, 8195, 0, 0, 0
35203, 7708, 0, 0, 0
35300, 7042, 0, 0, 0
35400, 6999, 0, 0, 0
35502, 6747, 0, 0, 0
35600, 6760, 0, 0, 0
35700, 7057, 0, 0, 0
35801, 7010, 0, 0, 0
35902, 6972, 0, 0, 0
36001, 6748, 0, 0, 0
36102, 7430, 0, 0, 0
36202, 7252, 0, 0, 0
36302, 7023, 0, 0, 0
36400, 6851, 0, 0, 0
36500, 7081, 0, 0, 0
36601, 6985, 0, 0, 0
36700, 6908, 0, 0, 0
36804, 6659, 0, 0, 0
36901, 6846, 0, 0, 0
37000, 6696, 0, 0, 0
37100, 6455, 0, 0, 0
37200, 7206, 0, 0, 0
37300, 8120, 0, 0, 0
37400, 8873, 0, 0, 0
37501, 7981, 0, 0, 0
37600, 8240, 0, 0, 0
37700, 7710, 0, 0, 0
37801, 7570, 0, 0, 0
37902, 7352, 0, 0, 0
38002, 8169, 0, 0, 0
38101, 8280, 0, 0, 0
38201, 7432, 0, 0, 0
38302, 7881, 0, 0, 0
38401, 8156, 0, 0, 0
38501, 8227, 0, 0, 0
38602, 8420, 0, 0, 0
38703, 8520, 0, 0, 0
38800, 7760, 0, 0, 0
38901, 7691, 0, 0, 0
39000, 7549, 0, 0, 0
39102, 7152, 0, 0, 0
39201, 8352, 0, 0, 0
39302, 7848, 0, 0, 0
39403, 8403, 0, 0, 0
39500, 7380, 0, 0, 0
39600, 7305, 0, 0, 0
39701, 7679, 0, 0, 0
39801, 7616, 0, 0, 0
39904, 7856, 0, 0, 0
40001, 7416, 0, 0, 0
40102, 7248, 0, 0, 0
40204, 7223, 0, 0, 0
40303, 6848, 0, 0, 0
40403, 6947, 0, 0, 0
40500, 6920, 0, 0, 0
40602, 6617, 0, 0, 0
40702, 7033, 0, 0, 0
40802, 6945, 0, 0, 0
40901, 7408, 0, 0, 0
41002, 7225, 0, 0, 0
41101, 7094, 0, 0, 0
41202, 6813, 0, 0, 0
41301, 6500, 0, 0, 0
41400, 6754, 0, 0, 0
41501, 6920, 0, 0, 0
41602, 6810, 0, 0, 0
41701, 6777, 0, 0, 0
41802, 6967, 0, 0, 0
41903, 6816, 0, 0, 0
42000, 7118, 0, 0, 0
42101, 7258, 0, 0, 0
42201, 6660, 0, 0, 0
42301, 6720, 0, 0, 0
42402, 7423, 0, 0, 0
42500, 8563, 0, 0, 0
42601, 7921, 0, 0, 0
42700, 8563, 0, 0, 0
42800, 7522, 0, 0, 0
42901, 7993, 0, 0, 0
43002, 7402, 0, 0, 0
43101, 6762, 0, 0, 0
43200, 6796, 0, 0, 0
43302, 6976, 0, 0, 0
43400, 6863, 0, 0, 0
43501, 7247, 0, 0, 0
43601, 6799, 0, 0, 0
43700, 6899, 0, 0, 0
43802, 7541, 0, 0, 0
43901, 7172, 0, 0, 0
44001, 7332, 0, 0, 0
44101, 7377, 0, 0, 0
44201, 7106, 0, 0, 0
44301, 7038, 0, 0, 0
44401, 6566, 0, 0, 0
44503, 7105, 0, 0, 0
44603, 6785, 0, 0, 0
44705, 7032, 0, 0, 0
44802, 6861, 0, 0, 0
44900, 6885, 0, 0, 0
45000, 6856, 0, 0, 0
45104, 7049, 0, 0, 0
45202, 6912, 0, 0, 0
45301, 7400, 0, 0, 0
45401, 8293, 0, 0, 0
45503, 7309, 0, 0, 0
45605, 6817, 0, 0, 0
45700, 7136, 0, 0, 0
45800, 7245, 0, 0, 0
45901, 8207, 0, 0, 0
46002, 8405, 0, 0, 0
46102, 7922, 0, 0, 0
46201, 8053, 0, 0, 0
46301, 7384, 0, 0, 0
46403, 7532, 0, 0, 0
46501, 8057, 0, 0, 0
46600, 7744, 0, 0, 0
46702, 6772, 0, 0, 0
46802, 7866, 0, 0, 0
46900, 7155, 0, 0, 0
47001, 6771, 0, 0, 0
47101, 6679, 0, 0, 0
47201, 6907, 0, 0, 0
47300, 6994, 0, 0, 0
47401, 8181, 0, 0, 0
47500, 7874, 0, 0, 0
47601, 8310, 0, 0, 0
47702, 7928, 0, 0, 0
47804, 7552, 0, 0, 0
47901, 7981, 0, 0, 0
48001, 7562, 0, 0, 0
48103, 7078, 0, 0, 0
48200, 7114, 0, 0, 0
48304, 7382, 0, 0, 0
48403, 7688, 0, 0, 0
48502, 7976, 0, 0, 0
48601, 7490, 0, 0, 0
48701, 7778, 0, 0, 0
48803, 7894, 0, 0, 0
48900, 7866, 0, 0, 0
49000, 7439, 0, 0, 0
49101, 7996, 0, 0, 0
49200, 7001, 0, 0, 0
49301, 6922, 0, 0, 0
49401, 6777, 0, 0, 0
49500, 6721, 0, 0, 0
49602, 7031, 0, 0, 0
49701, 7280, 0, 0, 0
49804, 6965, 0, 0, 0
49902, 7216, 0, 0, 0
50001, 7224, 0, 0, 0
50100, 6450, 0, 0, 0
50200, 6288, 0, 0, 0
50302, 6854, 0, 0, 0
50404, 7109, 0, 0, 0
50501, 7347, 0, 0, 0
50600, 7500, 0, 0, 0
50703, 7660, 0, 0, 0
50801, 7056, 0, 0, 0
50901, 7576, 0, 0, 0
51002, 7694, 0, 0, 0
51103, 8303, 0, 0, 0
51203, 7920, 0, 0, 0
51301, 7794, 0, 0, 0
51401, 8471, 0, 0, 0
51502, 7998, 0, 0, 0
51600, 8206, 0, 0, 0
51704, 7496, 0, 0, 0
51802, 6968, 0, 0, 0
51900, 6972, 0, 0, 0
52001, 8777, 0, 0, 0
52100, 7830, 0, 0, 0
52200, 8353, 0, 0, 0
52302, 8274, 0, 0, 0
52400, 7291, 0, 0, 0
52501, 6995, 0, 0, 0
52603, 6943, 0, 0, 0
52700, 6756, 0, 0, 0
52801, 6923, 0, 0, 0
52903, 6672, 0, 0, 0
53000, 6773, 0, 0, 0
53101, 7008, 0, 0, 0
53200, 6631, 0, 0, 0
53300, 7040, 0, 0, 0
53400, 8375, 0, 0, 0
53500, 7166, 0, 0, 0
53600, 6977, 0, 0, 0
53701, 6964, 0, 0, 0
53800, 6748, 0, 0, 0
53900, 6785, 0, 0, 0
54000, 7252, 0, 0, 0
54102, 6697, 0, 0, 0
54202, 7251, 0, 0, 0
54300, 7436, 0, 0, 0
54403, 7745, 0, 0, 0
54502, 8186, 0, 0, 0
54602, 8592, 0, 0, 0
54700, 7898, 0, 0, 0
54800, 7378, 0, 0, 0
54900, 6978, 0, 0, 0
55001, 6966, 0, 0, 0
55102, 6975, 0, 0, 0
55201, 6678, 0, 0, 0
55301, 6917, 0, 0, 0
55400, 6913, 0, 0, 0
55502, 7042, 0, 0, 0
55600, 6641, 0, 0, 0
55700, 6754, 0, 0, 0
55802, 6891, 0, 0, 0
55900, 8041, 0, 0, 0
56001, 8189, 0, 0, 0
56101, 7119, 0, 0, 0
56200, 6720, 0, 0, 0
56300, 7038, 0, 0, 0
56402, 6633, 0, 0, 0
56500, 7053, 0, 0, 0
56602, 7393, 0, 0, 0
56700, 6859, 0, 0, 0
56802, 8114, 0, 0, 0
56901, 8343, 0, 0, 0
57002, 7732, 0, 0, 0
57103, 6867, 0, 0, 0
57201, 7793, 0, 0, 0
57302, 6657, 0, 0, 0
57400, 6195, 0, 0, 0
57500, 6907, 0, 0, 0
57601, 6282, 0, 0, 0
57702, 9359, 0, 0, 0
57802, 6906, 0, 0, 0
57903, 6909, 0, 0, 0
58000, 6690, 0, 0, 0
58101, 7162, 0, 0, 0
58201, 6907, 0, 0, 0
58300, 6706, 0, 0, 0
58402, 6750, 0, 0, 0
58501, 6651, 0, 0, 0
58602, 7336, 0, 0, 0
58701, 7911, 0, 0, 0
58800, 7792, 0, 0, 0
58900, 7456, 0, 0, 0
59001, 7455, 0, 0, 0
59102, 7623, 0, 0, 0
59202, 7393, 0, 0, 0
59302, 7185, 0, 0, 0
59403, 7157, 0, 0, 0
59502, 8129, 0, 0, 0
59601, 7455, 0, 0, 0
59701, 8004, 0, 0, 0
59800, 7680, 0, 0, 0
59900, 7294, 0, 0, 0
60000, 7908, 0, 0, 0
