100, 809053, 1, 0, 0
101, 548691, 0, 0, 0
200, 862723, 1, 0, 0
201, 558002, 0, 0, 0
300, 566187, 0, 0, 0
301, 845328, 1, 0, 0
400, 579391, 0, 0, 0
404, 854833, 1, 0, 0
500, 550593, 0, 0, 0
501, 850847, 1, 0, 0
600, 884653, 1, 0, 0
600, 560488, 0, 0, 0
700, 572038, 0, 0, 0
701, 860634, 1, 0, 0
800, 551251, 0, 0, 0
801, 852843, 1, 0, 0
901, 909409, 1, 0, 0
903, 540551, 0, 0, 0
1000, 814787, 1, 0, 0
1001, 555076, 0, 0, 0
1100, 554879, 0, 0, 0
1101, 832183, 1, 0, 0
1200, 802213, 1, 0, 0
1200, 541211, 0, 0, 0
1300, 855017, 1, 0, 0
1300, 561183, 0, 0, 0
1400, 602352, 0, 0, 0
1401, 892789, 1, 0, 0
1500, 570213, 0, 0, 0
1501, 880083, 1, 0, 0
1600, 841937, 1, 0, 0
1603, 560527, 0, 0, 0
1700, 569180, 0, 0, 0
1703, 929376, 1, 0, 0
1800, 566796, 0, 0, 0
1805, 855509, 1, 0, 0
1900, 575857, 0, 0, 0
1902, 852130, 1, 0, 0
2000, 854188, 1, 0, 0
2002, 555520, 0, 0, 0
2100, 562111, 0, 0, 0
2104, 844864, 1, 0, 0
2200, 882115, 1, 0, 0
2201, 567298, 0, 0, 0
2300, 568450, 0, 0, 0
2301, 816266, 1, 0, 0
2400, 552845, 0, 0, 0
2406, 889342, 1, 0, 0
2500, 891275, 1, 0, 0
2501, 579075, 0, 0, 0
2600, 586619, 0, 0, 0
2601, 907003, 1, 0, 0
2700, 578347, 0, 0, 0
2703, 869481, 1, 0, 0
2800, 567871, 0, 0, 0
2801, 875391, 1, 0, 0
2900, 840851, 1, 0, 0
2900, 559858, 0, 0, 0
3000, 841969, 1, 0, 0
3001, 544981, 0, 0, 0
3100, 801789, 1, 0, 0
3100, 554357, 0, 0, 0
3200, 564817, 0, 0, 0
3201, 857755, 1, 0, 0
3300, 895472, 1, 0, 0
3301, 557511, 0, 0, 0
3400, 543432, 0, 0, 0
3402, 856752, 1, 0, 0
3500, 827159, 1, 0, 0
3500, 547488, 0, 0, 0
3600, 835004, 1, 0, 0
3601, 556686, 0, 0, 0
3700, 828664, 1, 0, 0
3701, 547520, 0, 0, 0
3800, 532421, 0, 0, 0
3802, 893182, 1, 0, 0
3900, 814300, 1, 0, 0
3901, 525101, 0, 0, 0
4000, 550510, 0, 0, 0
4001, 839208, 1, 0, 0
4100, 545106, 0, 0, 0
4101, 820758, 1, 0, 0
4200, 896976, 1, 0, 0
4201, 585364, 0, 0, 0
4300, 872684, 1, 0, 0
4300, 560658, 0, 0, 0
4400, 560754, 0, 0, 0
4401, 828653, 1, 0, 0
4500, 547366, 0, 0, 0
4504, 919390, 1, 0, 0
4600, 561266, 0, 0, 0
4604, 855894, 1, 0, 0
4700, 590315, 0, 0, 0
4704, 828618, 1, 0, 0
4800, 891806, 1, 0, 0
4800, 579966, 0, 0, 0
4900, 789219, 1, 0, 0
4900, 532167, 0, 0, 0
5000, 540526, 0, 0, 0
5001, 825266, 1, 0, 0
5100, 562411, 0, 0, 0
5100, 809484, 1, 0, 0
5200, 826302, 1, 0, 0
5201, 555553, 0, 0, 0
5300, 543745, 0, 0, 0
5301, 828092, 1, 0, 0
5400, 563371, 0, 0, 0
5401, 838549, 1, 0, 0
5500, 901551, 1, 0, 0
5501, 535708, 0, 0, 0
5601, 874792, 1, 0, 0
5601, 539248, 0, 0, 0
5700, 579121, 0, 0, 0
5701, 848884, 1, 0, 0
5800, 850728, 1, 0, 0
5802, 572785, 0, 0, 0
5900, 533944, 0, 0, 0
5902, 815552, 1, 0, 0
6000, 542566, 0, 0, 0
6005, 833462, 1, 0, 0
6100, 572600, 0, 0, 0
6104, 833529, 1, 0, 0
6200, 551420, 0, 0, 0
6202, 814419, 1, 0, 0
6300, 796180, 1, 0, 0
6301, 563268, 0, 0, 0
6400, 889537, 1, 0, 0
6400, 553933, 0, 0, 0
6500, 551857, 0, 0, 0
6502, 830210, 1, 0, 0
6600, 593611, 0, 0, 0
6602, 867248, 1, 0, 0
6700, 849758, 1, 0, 0
6700, 584801, 0, 0, 0
6800, 839527, 1, 0, 0
6801, 560544, 0, 0, 0
6900, 878444, 1, 0, 0
6900, 596355, 0, 0, 0
7000, 580861, 0, 0, 0
7001, 929465, 1, 0, 0
7100, 845651, 1, 0, 0
7100, 544457, 0, 0, 0
7200, 575577, 0, 0, 0
7201, 926378, 1, 0, 0
7300, 845285, 1, 0, 0
7300, 556988, 0, 0, 0
7400, 535438, 0, 0, 0
7401, 995720, 1, 0, 0
7500, 925222, 1, 0, 0
7501, 584890, 0, 0, 0
7600, 568058, 0, 0, 0
7602, 957099, 1, 0, 0
7700, 575945, 0, 0, 0
7701, 859944, 1, 0, 0
7800, 840814, 1, 0, 0
7803, 553982, 0, 0, 0
7900, 575705, 0, 0, 0
7903, 891849, 1, 0, 0
8000, 563616, 0, 0, 0
8001, 852398, 1, 0, 0
8100, 852269, 1, 0, 0
8100, 560540, 0, 0, 0
8200, 561235, 0, 0, 0
8203, 875232, 1, 0, 0
8300, 564025, 0, 0, 0
8301, 869700, 1, 0, 0
8400, 546526, 0, 0, 0
8402, 866509, 1, 0, 0
8500, 555640, 0, 0, 0
8501, 840351, 1, 0, 0
8600, 531631, 0, 0, 0
8601, 852021, 1, 0, 0
8700, 530570, 0, 0, 0
8701, 833147, 1, 0, 0
8800, 561719, 0, 0, 0
8802, 855935, 1, 0, 0
8900, 579327, 0, 0, 0
8905, 862571, 1, 0, 0
9000, 561722, 0, 0, 0
9002, 922820, 1, 0, 0
9100, 542806, 0, 0, 0
9102, 885283, 1, 0, 0
9200, 533318, 0, 0, 0
9202, 802562, 1, 0, 0
9300, 536133, 0, 0, 0
9303, 824619, 1, 0, 0
9400, 575349, 0, 0, 0
9401, 832396, 1, 0, 0
9500, 546549, 0, 0, 0
9501, 846037, 1, 0, 0
9600, 539470, 0, 0, 0
9602, 846908, 1, 0, 0
9700, 863875, 1, 0, 0
9701, 541030, 0, 0, 0
9800, 535424, 0, 0, 0
9801, 796525, 1, 0, 0
9900, 556917, 0, 0, 0
9901, 782976, 1, 0, 0
10000, 784995, 1, 0, 0
10001, 522939, 0, 0, 0
10100, 545540, 0, 0, 0
10102, 903755, 1, 0, 0
10200, 566401, 0, 0, 0
10201, 835848, 1, 0, 0
10300, 867321, 1, 0, 0
10300, 549002, 0, 0, 0
10400, 560325, 0, 0, 0
10402, 848229, 1, 0, 0
10500, 538404, 0, 0, 0
10502, 878632, 1, 0, 0
10600, 565264, 0, 0, 0
10602, 872397, 1, 0, 0
10700, 813663, 1, 0, 0
10701, 544370, 0, 0, 0
10800, 552093, 0, 0, 0
10806, 850232, 1, 0, 0
10900, 556799, 0, 0, 0
10902, 882310, 1, 0, 0
11000, 541313, 0, 0, 0
11003, 835160, 1, 0, 0
11100, 815588, 1, 0, 0
11101, 551904, 0, 0, 0
11200, 559125, 0, 0, 0
11203, 841165, 1, 0, 0
11300, 565214, 0, 0, 0
11304, 825005, 1, 0, 0
11400, 561291, 0, 0, 0
11401, 878476, 1, 0, 0
11500, 561586, 0, 0, 0
11501, 873447, 1, 0, 0
11600, 860796, 1, 0, 0
11600, 571886, 0, 0, 0
11700, 556110, 0, 0, 0
11701, 869151, 1, 0, 0
11800, 556693, 0, 0, 0
11802, 911766, 1, 0, 0
11900, 862794, 1, 0, 0
11901, 541776, 0, 0, 0
12000, 893365, 1, 0, 0
12001, 581481, 0, 0, 0
12100, 558124, 0, 0, 0
12102, 923460, 1, 0, 0
12200, 860204, 1, 0, 0
12202, 540292, 0, 0, 0
12300, 566336, 0, 0, 0
12300, 938846, 1, 0, 0
12400, 546720, 0, 0, 0
12401, 852631, 1, 0, 0
12500, 538790, 0, 0, 0
12501, 874031, 1, 0, 0
12600, 555092, 0, 0, 0
12601, 854543, 1, 0, 0
12700, 531821, 0, 0, 0
12701, 824453, 1, 0, 0
12800, 827123, 1, 0, 0
12800, 536857, 0, 0, 0
12900, 832729, 1, 0, 0
12901, 557622, 0, 0, 0
13000, 549826, 0, 0, 0
13001, 841292, 1, 0, 0
13100, 555966, 0, 0, 0
13101, 885936, 1, 0, 0
13200, 560674, 0, 0, 0
13202, 868381, 1, 0, 0
13300, 539481, 0, 0, 0
13304, 832095, 1, 0, 0
13400, 855068, 1, 0, 0
13401, 567115, 0, 0, 0
13500, 536979, 0, 0, 0
13502, 834233, 1, 0, 0
13600, 540915, 0, 0, 0
13603, 838721, 1, 0, 0
13700, 559980, 0, 0, 0
13708, 807557, 1, 0, 0
13800, 843331, 1, 0, 0
13801, 568303, 0, 0, 0
13900, 544406, 0, 0, 0
13900, 843924, 1, 0, 0
14000, 544547, 0, 0, 0
14006, 796008, 1, 0, 0
14100, 546318, 0, 0, 0
14101, 832732, 1, 0, 0
14200, 560869, 0, 0, 0
14202, 850779, 1, 0, 0
14300, 819085, 1, 0, 0
14301, 543838, 0, 0, 0
14400, 554714, 0, 0, 0
14401, 851049, 1, 0, 0
14500, 529362, 0, 0, 0
14501, 828682, 1, 0, 0
14600, 549939, 0, 0, 0
14601, 856763, 1, 0, 0
14700, 820944, 1, 0, 0
14701, 535104, 0, 0, 0
14800, 855515, 1, 0, 0
14801, 552505, 0, 0, 0
14900, 548339, 0, 0, 0
14901, 903157, 1, 0, 0
15000, 813433, 1, 0, 0
15000, 560306, 0, 0, 0
15100, 550662, 0, 0, 0
15103, 880226, 1, 0, 0
15200, 576821, 0, 0, 0
15202, 858824, 1, 0, 0
15300, 585491, 0, 0, 0
15301, 876346, 1, 0, 0
15400, 549867, 0, 0, 0
15402, 861218, 1, 0, 0
15500, 566505, 0, 0, 0
15502, 919802, 1, 0, 0
15600, 829766, 1, 0, 0
15601, 588553, 0, 0, 0
15700, 882480, 1, 0, 0
15701, 567595, 0, 0, 0
15800, 861290, 1, 0, 0
15801, 591139, 0, 0, 0
15900, 556280, 0, 0, 0
15900, 831147, 1, 0, 0
16000, 574430, 0, 0, 0
16002, 878325, 1, 0, 0
16100, 866199, 1, 0, 0
16102, 577139, 0, 0, 0
16200, 575435, 0, 0, 0
16203, 871194, 1, 0, 0
16300, 571218, 0, 0, 0
16302, 870863, 1, 0, 0
16400, 884956, 1, 0, 0
16401, 564001, 0, 0, 0
16500, 832304, 1, 0, 0
16500, 564920, 0, 0, 0
16600, 573246, 0, 0, 0
16602, 960960, 1, 0, 0
16700, 907868, 1, 0, 0
16701, 557977, 0, 0, 0
16800, 574098, 0, 0, 0
16800, 869797, 1, 0, 0
16900, 567490, 0, 0, 0
16902, 891000, 1, 0, 0
17000, 562587, 0, 0, 0
17005, 852881, 1, 0, 0
17102, 898200, 1, 0, 0
17102, 566962, 0, 0, 0
17200, 913527, 1, 0, 0
17201, 591491, 0, 0, 0
17300, 563586, 0, 0, 0
17301, 881187, 1, 0, 0
17400, 558347, 0, 0, 0
17402, 857163, 1, 0, 0
17500, 568501, 0, 0, 0
17502, 863982, 1, 0, 0
17600, 568516, 0, 0, 0
17602, 852932, 1, 0, 0
17700, 796074, 1, 0, 0
17701, 578616, 0, 0, 0
17800, 872259, 1, 0, 0
17802, 553033, 0, 0, 0
17900, 865665, 1, 0, 0
17901, 551194, 0, 0, 0
18000, 882244, 1, 0, 0
18000, 600645, 0, 0, 0
18100, 864833, 1, 0, 0
18101, 578356, 0, 0, 0
18200, 587951, 0, 0, 0
18202, 885119, 1, 0, 0
18300, 861511, 1, 0, 0
18300, 596043, 0, 0, 0
18400, 567753, 0, 0, 0
18404, 861583, 1, 0, 0
18500, 575664, 0, 0, 0
18501, 966876, 1, 0, 0
18600, 564121, 0, 0, 0
18600, 857449, 1, 0, 0
18700, 937107, 1, 0, 0
18700, 553270, 0, 0, 0
18800, 581590, 0, 0, 0
18803, 925087, 1, 0, 0
18900, 837290, 1, 0, 0
18900, 560412, 0, 0, 0
19000, 836234, 1, 0, 0
19002, 577101, 0, 0, 0
19100, 872260, 1, 0, 0
19100, 557638, 0, 0, 0
19200, 582860, 0, 0, 0
19201, 903698, 1, 0, 0
19300, 913617, 1, 0, 0
19301, 586002, 0, 0, 0
19400, 558488, 0, 0, 0
19401, 886761, 1, 0, 0
19500, 604737, 0, 0, 0
19505, 959740, 1, 0, 0
19600, 565412, 0, 0, 0
19602, 867021, 1, 0, 0
19700, 861947, 1, 0, 0
19700, 576586, 0, 0, 0
19800, 566826, 0, 0, 0
19802, 882339, 1, 0, 0
19900, 863313, 1, 0, 0
19903, 561634, 0, 0, 0
20000, 608348, 0, 0, 0
20001, 842404, 1, 0, 0
20100, 589252, 0, 0, 0
20105, 901536, 1, 0, 0
20200, 569243, 0, 0, 0
20202, 871938, 1, 0, 0
20300, 553338, 0, 0, 0
20301, 855924, 1, 0, 0
20400, 892997, 1, 0, 0
20403, 547176, 0, 0, 0
20500, 568889, 0, 0, 0
20508, 836472, 1, 0, 0
20600, 577794, 0, 0, 0
20602, 851027, 1, 0, 0
20700, 866818, 1, 0, 0
20701, 543933, 0, 0, 0
20800, 575049, 0, 0, 0
20802, 892456, 1, 0, 0
20900, 591571, 0, 0, 0
20901, 867425, 1, 0, 0
21000, 583879, 0, 0, 0
21003, 895534, 1, 0, 0
21100, 564168, 0, 0, 0
21100, 921136, 1, 0, 0
21200, 909743, 1, 0, 0
21201, 589433, 0, 0, 0
21300, 560848, 0, 0, 0
21301, 881725, 1, 0, 0
21400, 590535, 0, 0, 0
21400, 945176, 1, 0, 0
21500, 917241, 1, 0, 0
21503, 585599, 0, 0, 0
21600, 822222, 1, 0, 0
21600, 575280, 0, 0, 0
21700, 850065, 1, 0, 0
21701, 571771, 0, 0, 0
21800, 566258, 0, 0, 0
21804, 845453, 1, 0, 0
21900, 584907, 0, 0, 0
21901, 873604, 1, 0, 0
22000, 916238, 1, 0, 0
22001, 585363, 0, 0, 0
22100, 877837, 1, 0, 0
22101, 571561, 0, 0, 0
22200, 566779, 0, 0, 0
22201, 914654, 1, 0, 0
22300, 557045, 0, 0, 0
22305, 813634, 1, 0, 0
22400, 576704, 0, 0, 0
22404, 866044, 1, 0, 0
22500, 849142, 1, 0, 0
22500, 542994, 0, 0, 0
22600, 867016, 1, 0, 0
22605, 561162, 0, 0, 0
22700, 856446, 1, 0, 0
22700, 554075, 0, 0, 0
22800, 899642, 1, 0, 0
22802, 562893, 0, 0, 0
22900, 587937, 0, 0, 0
22900, 869149, 1, 0, 0
23000, 558579, 0, 0, 0
23001, 821393, 1, 0, 0
23100, 560158, 0, 0, 0
23103, 850812, 1, 0, 0
23200, 542854, 0, 0, 0
23201, 873320, 1, 0, 0
23300, 827648, 1, 0, 0
23303, 566888, 0, 0, 0
23400, 546163, 0, 0, 0
23401, 859199, 1, 0, 0
23500, 847292, 1, 0, 0
23500, 537637, 0, 0, 0
23626, 7990821, 1, 0, 0
23629, 565625, 0, 0, 0
23700, 580620, 0, 0, 0
23701, 860175, 1, 0, 0
23800, 561604, 0, 0, 0
23800, 867525, 1, 0, 0
23901, 897696, 1, 0, 0
23902, 566034, 0, 0, 0
24000, 555096, 0, 0, 0
24002, 844506, 1, 0, 0
24100, 925997, 1, 0, 0
24103, 589367, 0, 0, 0
24200, 563747, 0, 0, 0
24204, 850424, 1, 0, 0
24300, 600043, 0, 0, 0
24302, 909660, 1, 0, 0
24400, 857734, 1, 0, 0
24402, 578685, 0, 0, 0
24500, 561836, 0, 0, 0
24502, 903052, 1, 0, 0
24601, 581521, 0, 0, 0
24602, 893157, 1, 0, 0
24700, 565130, 0, 0, 0
24707, 872964, 1, 0, 0
24800, 568073, 0, 0, 0
24802, 891112, 1, 0, 0
24900, 608845, 0, 0, 0
24901, 934528, 1, 0, 0
25000, 587557, 0, 0, 0
25002, 901565, 1, 0, 0
25100, 855948, 1, 0, 0
25101, 564575, 0, 0, 0
25200, 580039, 0, 0, 0
25201, 922392, 1, 0, 0
25300, 578069, 0, 0, 0
25301, 913385, 1, 0, 0
25400, 573390, 0, 0, 0
25400, 894961, 1, 0, 0
25500, 597419, 0, 0, 0
25501, 866464, 1, 0, 0
25600, 593304, 0, 0, 0
25602, 858240, 1, 0, 0
25700, 825459, 1, 0, 0
25702, 550884, 0, 0, 0
25800, 886983, 1, 0, 0
25801, 566462, 0, 0, 0
25900, 537600, 0, 0, 0
25901, 845010, 1, 0, 0
26000, 800569, 1, 0, 0
26000, 564494, 0, 0, 0
26100, 548788, 0, 0, 0
26107, 852532, 1, 0, 0
26200, 565143, 0, 0, 0
26201, 803012, 1, 0, 0
26300, 820706, 1, 0, 0
26301, 563672, 0, 0, 0
26400, 577234, 0, 0, 0
26401, 885301, 1, 0, 0
26500, 878663, 1, 0, 0
26501, 548562, 0, 0, 0
26600, 555950, 0, 0, 0
26602, 814406, 1, 0, 0
26700, 567094, 0, 0, 0
26704, 813518, 1, 0, 0
26800, 873331, 1, 0, 0
26801, 569341, 0, 0, 0
26900, 789495, 1, 0, 0
26900, 556111, 0, 0, 0
27000, 561262, 0, 0, 0
27001, 800819, 1, 0, 0
27100, 550637, 0, 0, 0
27101, 796867, 1, 0, 0
27200, 564548, 0, 0, 0
27202, 871688, 1, 0, 0
27300, 564178, 0, 0, 0
27301, 814155, 1, 0, 0
27400, 566163, 0, 0, 0
27403, 834193, 1, 0, 0
27500, 553659, 0, 0, 0
27501, 850628, 1, 0, 0
27600, 846527, 1, 0, 0
27601, 563723, 0, 0, 0
27700, 541908, 0, 0, 0
27701, 836915, 1, 0, 0
27800, 547764, 0, 0, 0
27804, 778910, 1, 0, 0
27900, 838383, 1, 0, 0
27900, 548779, 0, 0, 0
28000, 860067, 1, 0, 0
28002, 579274, 0, 0, 0
28100, 852355, 1, 0, 0
28100, 560343, 0, 0, 0
28200, 562074, 0, 0, 0
28201, 848821, 1, 0, 0
28300, 551092, 0, 0, 0
28301, 864484, 1, 0, 0
28400, 895201, 1, 0, 0
28400, 592140, 0, 0, 0
28500, 583361, 0, 0, 0
28505, 874323, 1, 0, 0
28600, 569599, 0, 0, 0
28600, 878916, 1, 0, 0
28700, 848963, 1, 0, 0
28700, 564194, 0, 0, 0
28800, 548837, 0, 0, 0
28801, 841847, 1, 0, 0
28900, 913461, 1, 0, 0
28902, 553957, 0, 0, 0
29000, 534822, 0, 0, 0
29002, 880700, 1, 0, 0
29100, 836792, 1, 0, 0
29102, 541580, 0, 0, 0
29200, 565639, 0, 0, 0
29206, 899607, 1, 0, 0
29300, 541012, 0, 0, 0
29301, 817051, 1, 0, 0
29400, 817549, 1, 0, 0
29401, 551993, 0, 0, 0
29500, 552692, 0, 0, 0
29501, 844003, 1, 0, 0
29600, 559239, 0, 0, 0
29601, 835412, 1, 0, 0
29700, 861284, 1, 0, 0
29701, 584927, 0, 0, 0
29800, 548188, 0, 0, 0
29801, 826523, 1, 0, 0
29900, 543723, 0, 0, 0
29901, 855547, 1, 0, 0
30000, 561932, 0, 0, 0
30001, 830439, 1, 0, 0
30100, 556135, 0, 0, 0
30104, 844401, 1, 0, 0
30200, 555577, 0, 0, 0
30202, 842881, 1, 0, 0
30300, 548853, 0, 0, 0
30300, 845720, 1, 0, 0
30400, 867858, 1, 0, 0
30401, 566140, 0, 0, 0
30500, 905285, 1, 0, 0
30500, 561271, 0, 0, 0
30600, 827856, 1, 0, 0
30601, 548426, 0, 0, 0
30700, 575142, 0, 0, 0
30701, 829475, 1, 0, 0
30800, 547421, 0, 0, 0
30810, 811329, 1, 0, 0
30900, 558553, 0, 0, 0
30903, 866276, 1, 0, 0
31000, 582526, 0, 0, 0
31003, 839449, 1, 0, 0
31100, 877867, 1, 0, 0
31101, 584616, 0, 0, 0
31200, 568979, 0, 0, 0
31201, 825872, 1, 0, 0
31300, 566917, 0, 0, 0
31302, 819949, 1, 0, 0
31400, 848613, 1, 0, 0
31401, 566947, 0, 0, 0
31500, 864696, 1, 0, 0
31502, 571364, 0, 0, 0
31600, 569614, 0, 0, 0
31601, 851931, 1, 0, 0
31700, 572310, 0, 0, 0
31700, 854715, 1, 0, 0
31800, 816311, 1, 0, 0
31800, 578085, 0, 0, 0
31900, 574274, 0, 0, 0
31902, 842023, 1, 0, 0
32000, 887966, 1, 0, 0
32001, 565915, 0, 0, 0
32100, 556576, 0, 0, 0
32101, 852574, 1, 0, 0
32200, 553499, 0, 0, 0
32201, 892160, 1, 0, 0
32300, 574180, 0, 0, 0
32302, 826401, 1, 0, 0
32400, 853166, 1, 0, 0
32401, 571328, 0, 0, 0
32500, 575915, 0, 0, 0
32502, 821650, 1, 0, 0
32600, 827411, 1, 0, 0
32601, 558580, 0, 0, 0
32700, 578586, 0, 0, 0
32704, 870085, 1, 0, 0
32800, 555723, 0, 0, 0
32806, 853796, 1, 0, 0
32900, 560888, 0, 0, 0
32902, 833800, 1, 0, 0
33000, 861149, 1, 0, 0
33004, 546431, 0, 0, 0
33100, 559441, 0, 0, 0
33101, 854847, 1, 0, 0
33200, 583496, 0, 0, 0
33201, 801541, 1, 0, 0
33300, 838438, 1, 0, 0
33300, 612752, 0, 0, 0
33400, 869586, 1, 0, 0
33402, 574800, 0, 0, 0
33500, 895296, 1, 0, 0
33500, 569095, 0, 0, 0
33600, 580392, 0, 0, 0
33602, 826323, 1, 0, 0
33700, 559610, 0, 0, 0
33701, 879360, 1, 0, 0
33801, 867999, 1, 0, 0
33802, 567019, 0, 0, 0
33900, 559738, 0, 0, 0
33900, 858703, 1, 0, 0
34000, 546519, 0, 0, 0
34001, 820632, 1, 0, 0
34100, 581354, 0, 0, 0
34101, 858530, 1, 0, 0
34200, 814781, 1, 0, 0
34200, 559129, 0, 0, 0
34300, 533511, 0, 0, 0
34302, 834372, 1, 0, 0
34400, 833581, 1, 0, 0
34400, 561894, 0, 0, 0
34500, 553619, 0, 0, 0
34505, 806129, 1, 0, 0
34600, 568489, 0, 0, 0
34602, 827548, 1, 0, 0
34700, 530978, 0, 0, 0
34704, 795309, 1, 0, 0
34800, 819303, 1, 0, 0
34803, 548378, 0, 0, 0
34900, 545212, 0, 0, 0
34900, 893009, 1, 0, 0
35000, 563053, 0, 0, 0
35002, 798536, 1, 0, 0
35100, 810579, 1, 0, 0
35100, 552518, 0, 0, 0
35200, 787141, 1, 0, 0
35200, 553900, 0, 0, 0
35300, 567562, 0, 0, 0
35303, 798827, 1, 0, 0
35400, 834330, 1, 0, 0
35400, 557870, 0, 0, 0
35500, 557534, 0, 0, 0
35502, 860075, 1, 0, 0
35600, 559422, 0, 0, 0
35601, 809148, 1, 0, 0
35700, 557899, 0, 0, 0
35701, 812695, 1, 0, 0
35800, 559399, 0, 0, 0
35800, 832872, 1, 0, 0
35900, 546959, 0, 0, 0
35901, 887013, 1, 0, 0
36000, 843465, 1, 0, 0
36001, 552818, 0, 0, 0
36100, 551256, 0, 0, 0
36102, 897945, 1, 0, 0
36200, 568137, 0, 0, 0
36203, 826693, 1, 0, 0
36300, 846500, 1, 0, 0
36302, 571734, 0, 0, 0
36400, 847238, 1, 0, 0
36400, 576388, 0, 0, 0
36500, 559665, 0, 0, 0
36502, 868486, 1, 0, 0
36600, 803069, 1, 0, 0
36601, 553223, 0, 0, 0
36700, 819012, 1, 0, 0
36700, 556706, 0, 0, 0
36800, 813165, 1, 0, 0
36802, 537440, 0, 0, 0
36900, 565405, 0, 0, 0
36901, 866933, 1, 0, 0
37000, 538176, 0, 0, 0
37001, 823858, 1, 0, 0
37100, 548144, 0, 0, 0
37102, 831886, 1, 0, 0
37200, 797499, 1, 0, 0
37200, 544616, 0, 0, 0
37300, 593601, 0, 0, 0
37302, 858024, 1, 0, 0
37400, 846583, 1, 0, 0
37401, 565642, 0, 0, 0
37500, 561535, 0, 0, 0
37500, 867984, 1, 0, 0
37600, 827709, 1, 0, 0
37600, 551280, 0, 0, 0
37700, 563091, 0, 0, 0
37702, 930340, 1, 0, 0
37800, 568578, 0, 0, 0
37801, 880347, 1, 0, 0
37900, 587810, 0, 0, 0
37900, 870794, 1, 0, 0
38000, 855689, 1, 0, 0
38001, 572464, 0, 0, 0
38100, 562180, 0, 0, 0
38100, 839173, 1, 0, 0
38200, 835789, 1, 0, 0
38200, 573411, 0, 0, 0
38300, 573042, 0, 0, 0
38305, 893925, 1, 0, 0
38400, 557075, 0, 0, 0
38400, 831432, 1, 0, 0
38500, 551189, 0, 0, 0
38501, 805848, 1, 0, 0
38600, 564921, 0, 0, 0
38602, 817863, 1, 0, 0
38700, 556493, 0, 0, 0
38701, 874172, 1, 0, 0
38800, 562581, 0, 0, 0
38801, 808647, 1, 0, 0
38900, 561522, 0, 0, 0
38902, 813645, 1, 0, 0
39000, 584957, 0, 0, 0
39001, 830937, 1, 0, 0
39100, 566468, 0, 0, 0
39100, 896213, 1, 0, 0
39200, 809933, 1, 0, 0
39201, 538174, 0, 0, 0
39300, 815367, 1, 0, 0
39301, 568734, 0, 0, 0
39400, 571802, 0, 0, 0
39402, 887625, 1, 0, 0
39500, 891994, 1, 0, 0
39501, 559940, 0, 0, 0
39600, 530979, 0, 0, 0
39602, 810481, 1, 0, 0
39700, 551172, 0, 0, 0
39703, 843200, 1, 0, 0
39800, 569526, 0, 0, 0
39803, 902362, 1, 0, 0
39900, 837826, 1, 0, 0
39902, 551353, 0, 0, 0
40000, 842543, 1, 0, 0
40000, 555169, 0, 0, 0
40100, 561012, 0, 0, 0
40105, 824844, 1, 0, 0
40200, 559718, 0, 0, 0
40201, 833296, 1, 0, 0
40300, 598721, 0, 0, 0
40302, 818850, 1, 0, 0
40400, 867849, 1, 0, 0
40400, 554256, 0, 0, 0
40500, 943678, 1, 0, 0
40501, 567671, 0, 0, 0
40600, 810599, 1, 0, 0
40601, 555768, 0, 0, 0
40700, 572907, 0, 0, 0
40702, 854124, 1, 0, 0
40800, 860422, 1, 0, 0
40800, 563635, 0, 0, 0
40900, 573687, 0, 0, 0
40901, 848798, 1, 0, 0
41000, 568075, 0, 0, 0
41004, 872569, 1, 0, 0
41100, 541879, 0, 0, 0
41105, 839847, 1, 0, 0
41200, 555934, 0, 0, 0
41202, 804023, 1, 0, 0
41300, 550130, 0, 0, 0
41300, 829062, 1, 0, 0
41400, 897497, 1, 0, 0
41401, 573806, 0, 0, 0
41500, 551416, 0, 0, 0
41502, 825506, 1, 0, 0
41600, 561590, 0, 0, 0
41602, 885760, 1, 0, 0
41700, 553870, 0, 0, 0
41701, 798779, 1, 0, 0
41800, 554555, 0, 0, 0
41802, 821023, 1, 0, 0
41900, 603293, 0, 0, 0
41910, 860699, 1, 0, 0
42000, 867836, 1, 0, 0
42001, 548322, 0, 0, 0
42101, 850729, 1, 0, 0
42102, 581475, 0, 0, 0
42200, 552918, 0, 0, 0
42200, 857043, 1, 0, 0
42300, 868494, 1, 0, 0
42300, 559526, 0, 0, 0
42400, 792351, 1, 0, 0
42400, 526996, 0, 0, 0
42500, 856409, 1, 0, 0
42500, 539834, 0, 0, 0
42600, 859013, 1, 0, 0
42601, 580798, 0, 0, 0
42700, 557080, 0, 0, 0
42701, 837768, 1, 0, 0
42800, 546871, 0, 0, 0
42803, 834790, 1, 0, 0
42900, 814322, 1, 0, 0
42901, 558038, 0, 0, 0
43000, 563121, 0, 0, 0
43002, 794166, 1, 0, 0
43100, 547640, 0, 0, 0
43103, 847526, 1, 0, 0
43200, 564282, 0, 0, 0
43201, 864133, 1, 0, 0
43300, 563000, 0, 0, 0
43300, 793340, 1, 0, 0
43400, 863338, 1, 0, 0
43401, 568612, 0, 0, 0
43500, 910071, 1, 0, 0
43502, 576247, 0, 0, 0
43600, 575873, 0, 0, 0
43602, 891834, 1, 0, 0
43700, 558508, 0, 0, 0
43702, 868629, 1, 0, 0
43800, 830905, 1, 0, 0
43801, 547409, 0, 0, 0
43900, 820367, 1, 0, 0
43901, 535854, 0, 0, 0
44000, 551946, 0, 0, 0
44001, 800979, 1, 0, 0
44100, 819563, 1, 0, 0
44100, 551176, 0, 0, 0
44200, 804661, 1, 0, 0
44201, 543624, 0, 0, 0
44300, 564345, 0, 0, 0
44302, 860318, 1, 0, 0
44400, 555978, 0, 0, 0
44401, 845566, 1, 0, 0
44500, 839709, 1, 0, 0
44501, 527533, 0, 0, 0
44600, 557024, 0, 0, 0
44601, 785760, 1, 0, 0
44700, 809144, 1, 0, 0
44701, 582818, 0, 0, 0
44800, 528215, 0, 0, 0
44803, 809972, 1, 0, 0
44900, 818947, 1, 0, 0
44901, 560703, 0, 0, 0
45000, 546125, 0, 0, 0
45000, 804541, 1, 0, 0
45100, 542710, 0, 0, 0
45101, 795007, 1, 0, 0
45200, 848299, 1, 0, 0
45201, 560159, 0, 0, 0
45300, 555099, 0, 0, 0
45302, 804906, 1, 0, 0
45400, 556413, 0, 0, 0
45401, 844941, 1, 0, 0
45500, 561257, 0, 0, 0
45501, 873928, 1, 0, 0
45600, 570214, 0, 0, 0
45601, 872029, 1, 0, 0
45700, 839594, 1, 0, 0
45700, 555288, 0, 0, 0
45800, 565161, 0, 0, 0
45806, 843301, 1, 0, 0
45900, 809165, 1, 0, 0
45900, 554667, 0, 0, 0
46000, 870789, 1, 0, 0
46000, 573550, 0, 0, 0
46100, 544895, 0, 0, 0
46101, 864842, 1, 0, 0
46200, 810745, 1, 0, 0
46201, 559647, 0, 0, 0
46300, 529863, 0, 0, 0
46303, 836919, 1, 0, 0
46400, 804908, 1, 0, 0
46402, 559472, 0, 0, 0
46500, 845743, 1, 0, 0
46501, 570669, 0, 0, 0
46600, 562062, 0, 0, 0
46600, 824013, 1, 0, 0
46701, 887419, 1, 0, 0
46701, 569118, 0, 0, 0
46800, 562812, 0, 0, 0
46805, 849009, 1, 0, 0
46900, 562791, 0, 0, 0
46901, 804639, 1, 0, 0
47000, 839334, 1, 0, 0
47000, 556983, 0, 0, 0
47100, 803950, 1, 0, 0
47100, 527938, 0, 0, 0
47200, 560142, 0, 0, 0
47202, 814943, 1, 0, 0
47300, 565412, 0, 0, 0
47300, 843760, 1, 0, 0
47400, 552253, 0, 0, 0
47403, 835519, 1, 0, 0
47500, 567446, 0, 0, 0
47502, 900600, 1, 0, 0
47600, 566555, 0, 0, 0
47606, 834576, 1, 0, 0
47700, 840107, 1, 0, 0
47700, 567700, 0, 0, 0
47800, 825700, 1, 0, 0
47803, 572469, 0, 0, 0
47900, 564854, 0, 0, 0
47903, 795624, 1, 0, 0
48000, 557854, 0, 0, 0
48000, 812368, 1, 0, 0
48100, 823247, 1, 0, 0
48101, 560880, 0, 0, 0
48200, 808207, 1, 0, 0
48200, 561338, 0, 0, 0
48300, 554761, 0, 0, 0
48301, 799249, 1, 0, 0
48400, 564853, 0, 0, 0
48402, 824553, 1, 0, 0
48500, 848218, 1, 0, 0
48501, 547319, 0, 0, 0
48600, 809204, 1, 0, 0
48602, 541232, 0, 0, 0
48700, 848487, 1, 0, 0
48702, 552863, 0, 0, 0
48800, 837923, 1, 0, 0
48802, 554987, 0, 0, 0
48900, 510228, 0, 0, 0
48901, 848752, 1, 0, 0
49000, 858756, 1, 0, 0
49001, 566797, 0, 0, 0
49100, 554295, 0, 0, 0
49102, 810772, 1, 0, 0
49200, 576069, 0, 0, 0
49200, 830720, 1, 0, 0
49300, 845281, 1, 0, 0
49302, 557091, 0, 0, 0
49400, 541374, 0, 0, 0
49403, 851400, 1, 0, 0
49500, 543198, 0, 0, 0
49505, 812716, 1, 0, 0
49600, 539575, 0, 0, 0
49601, 856104, 1, 0, 0
49700, 777050, 1, 0, 0
49700, 536369, 0, 0, 0
49800, 566702, 0, 0, 0
49801, 872341, 1, 0, 0
49900, 777225, 1, 0, 0
49901, 563663, 0, 0, 0
50000, 542736, 0, 0, 0
50004, 840952, 1, 0, 0
50100, 530402, 0, 0, 0
50101, 820384, 1, 0, 0
50200, 858283, 1, 0, 0
50201, 575664, 0, 0, 0
50300, 576804, 0, 0, 0
50301, 859950, 1, 0, 0
50400, 583395, 0, 0, 0
50401, 873941, 1, 0, 0
50500, 537772, 0, 0, 0
50501, 791949, 1, 0, 0
50600, 558740, 0, 0, 0
50601, 875470, 1, 0, 0
50700, 838863, 1, 0, 0
50700, 558489, 0, 0, 0
50800, 814966, 1, 0, 0
50800, 549764, 0, 0, 0
50900, 845604, 1, 0, 0
50901, 571099, 0, 0, 0
51000, 565384, 0, 0, 0
51001, 788411, 1, 0, 0
51100, 566509, 0, 0, 0
51102, 818457, 1, 0, 0
51200, 555035, 0, 0, 0
51201, 786192, 1, 0, 0
51300, 798674, 1, 0, 0
51302, 574795, 0, 0, 0
51400, 570295, 0, 0, 0
51400, 855778, 1, 0, 0
51500, 561460, 0, 0, 0
51500, 821243, 1, 0, 0
51600, 550865, 0, 0, 0
51606, 801039, 1, 0, 0
51700, 560345, 0, 0, 0
51711, 850386, 1, 0, 0
51800, 813957, 1, 0, 0
51802, 578842, 0, 0, 0
51900, 567834, 0, 0, 0
51904, 875664, 1, 0, 0
52000, 881491, 1, 0, 0
52000, 561147, 0, 0, 0
52100, 864557, 1, 0, 0
52102, 523440, 0, 0, 0
52200, 820902, 1, 0, 0
52200, 543244, 0, 0, 0
52300, 553222, 0, 0, 0
52301, 817529, 1, 0, 0
52400, 564521, 0, 0, 0
52401, 827256, 1, 0, 0
52500, 576622, 0, 0, 0
52502, 883250, 1, 0, 0
52600, 562527, 0, 0, 0
52601, 834908, 1, 0, 0
52700, 542674, 0, 0, 0
52701, 804285, 1, 0, 0
52800, 841193, 1, 0, 0
52801, 553009, 0, 0, 0
52900, 915270, 1, 0, 0
52902, 540618, 0, 0, 0
53000, 554534, 0, 0, 0
53001, 806317, 1, 0, 0
53101, 857618, 1, 0, 0
53101, 553441, 0, 0, 0
53200, 556456, 0, 0, 0
53204, 863918, 1, 0, 0
53300, 526832, 0, 0, 0
53304, 855350, 1, 0, 0
53400, 793122, 1, 0, 0
53401, 538364, 0, 0, 0
53500, 832415, 1, 0, 0
53502, 543432, 0, 0, 0
53600, 536751, 0, 0, 0
53601, 796828, 1, 0, 0
53700, 555826, 0, 0, 0
53702, 816262, 1, 0, 0
53800, 816378, 1, 0, 0
53801, 554838, 0, 0, 0
53900, 863305, 1, 0, 0
53901, 544756, 0, 0, 0
54000, 813801, 1, 0, 0
54001, 548210, 0, 0, 0
54100, 831915, 1, 0, 0
54103, 535563, 0, 0, 0
54200, 815891, 1, 0, 0
54203, 543445, 0, 0, 0
54300, 570511, 0, 0, 0
54301, 837979, 1, 0, 0
54400, 564515, 0, 0, 0
54401, 919639, 1, 0, 0
54500, 543222, 0, 0, 0
54502, 787802, 1, 0, 0
54600, 536960, 0, 0, 0
54606, 804457, 1, 0, 0
54700, 564920, 0, 0, 0
54703, 871180, 1, 0, 0
54800, 844264, 1, 0, 0
54801, 530641, 0, 0, 0
54900, 780272, 1, 0, 0
54901, 547361, 0, 0, 0
55000, 559615, 0, 0, 0
55002, 855295, 1, 0, 0
55100, 533263, 0, 0, 0
55101, 791344, 1, 0, 0
55200, 552739, 0, 0, 0
55201, 834297, 1, 0, 0
55300, 858216, 1, 0, 0
55300, 556237, 0, 0, 0
55400, 538750, 0, 0, 0
55400, 832856, 1, 0, 0
55500, 811015, 1, 0, 0
55500, 551505, 0, 0, 0
55600, 822844, 1, 0, 0
55603, 547690, 0, 0, 0
55700, 531449, 0, 0, 0
55702, 797116, 1, 0, 0
55800, 870105, 1, 0, 0
55800, 556764, 0, 0, 0
55900, 541518, 0, 0, 0
55901, 832872, 1, 0, 0
56000, 547464, 0, 0, 0
56001, 905448, 1, 0, 0
56100, 842132, 1, 0, 0
56101, 556804, 0, 0, 0
56200, 574751, 0, 0, 0
56202, 838357, 1, 0, 0
56300, 580813, 0, 0, 0
56301, 873157, 1, 0, 0
56400, 797901, 1, 0, 0
56401, 571334, 0, 0, 0
56500, 570851, 0, 0, 0
56502, 816651, 1, 0, 0
56600, 575878, 0, 0, 0
56601, 860096, 1, 0, 0
56700, 569585, 0, 0, 0
56702, 821107, 1, 0, 0
56800, 569956, 0, 0, 0
56803, 809807, 1, 0, 0
56900, 561337, 0, 0, 0
56902, 869541, 1, 0, 0
57000, 854835, 1, 0, 0
57001, 555959, 0, 0, 0
57100, 564506, 0, 0, 0
57101, 826494, 1, 0, 0
57200, 555518, 0, 0, 0
57201, 863316, 1, 0, 0
57300, 550378, 0, 0, 0
57301, 816135, 1, 0, 0
57400, 790082, 1, 0, 0
57400, 557433, 0, 0, 0
57500, 833671, 1, 0, 0
57501, 538130, 0, 0, 0
57600, 820664, 1, 0, 0
57600, 548755, 0, 0, 0
57700, 575518, 0, 0, 0
57701, 852664, 1, 0, 0
57800, 545560, 0, 0, 0
57801, 797142, 1, 0, 0
57900, 565721, 0, 0, 0
57903, 836830, 1, 0, 0
58000, 551530, 0, 0, 0
58000, 813293, 1, 0, 0
58100, 840081, 1, 0, 0
58100, 546675, 0, 0, 0
58200, 575889, 0, 0, 0
58201, 862889, 1, 0, 0
58300, 585739, 0, 0, 0
58302, 853566, 1, 0, 0
58400, 564631, 0, 0, 0
58402, 851026, 1, 0, 0
58500, 550713, 0, 0, 0
58501, 890073, 1, 0, 0
58600, 555963, 0, 0, 0
58602, 784366, 1, 0, 0
58700, 895096, 1, 0, 0
58702, 561373, 0, 0, 0
58800, 850573, 1, 0, 0
58800, 550571, 0, 0, 0
58900, 544986, 0, 0, 0
58901, 841629, 1, 0, 0
59000, 560392, 0, 0, 0
59001, 825970, 1, 0, 0
59100, 555164, 0, 0, 0
59101, 810776, 1, 0, 0
59200, 569330, 0, 0, 0
59202, 848287, 1, 0, 0
59300, 834969, 1, 0, 0
59300, 543924, 0, 0, 0
59400, 862465, 1, 0, 0
59401, 552069, 0, 0, 0
59500, 557450, 0, 0, 0
59506, 853322, 1, 0, 0
59637, 9553809, 1, 0, 0
59640, 597259, 0, 0, 0
59700, 576261, 0, 0, 0
59702, 914379, 1, 0, 0
59800, 887768, 1, 0, 0
59800, 556589, 0, 0, 0
59900, 576405, 0, 0, 0
59903, 839093, 1, 0, 0
60000, 846378, 1, 0, 0
60000, 552994, 0, 0, 0
60100, 555838, 0, 0, 0
60101, 823344, 1, 0, 0
60200, 851422, 1, 0, 0
60201, 560367, 0, 0, 0
60300, 563137, 0, 0, 0
60302, 901141, 1, 0, 0
60400, 844130, 1, 0, 0
60400, 584968, 0, 0, 0
60500, 564731, 0, 0, 0
60502, 894371, 1, 0, 0
60600, 822996, 1, 0, 0
60600, 554574, 0, 0, 0
60700, 553690, 0, 0, 0
60701, 852443, 1, 0, 0
60800, 555679, 0, 0, 0
60802, 842364, 1, 0, 0
60901, 840302, 1, 0, 0
60902, 551980, 0, 0, 0
61000, 818856, 1, 0, 0
61004, 535533, 0, 0, 0
61100, 876172, 1, 0, 0
61101, 568283, 0, 0, 0
61200, 836163, 1, 0, 0
61200, 560315, 0, 0, 0
61300, 792032, 1, 0, 0
61301, 569454, 0, 0, 0
61400, 843417, 1, 0, 0
61401, 562418, 0, 0, 0
61500, 555280, 0, 0, 0
61503, 847640, 1, 0, 0
61600, 549294, 0, 0, 0
61602, 910492, 1, 0, 0
61700, 578185, 0, 0, 0
61701, 832519, 1, 0, 0
61800, 539445, 0, 0, 0
61801, 824358, 1, 0, 0
61900, 551840, 0, 0, 0
61901, 856089, 1, 0, 0
62000, 546971, 0, 0, 0
62003, 786367, 1, 0, 0
62100, 535242, 0, 0, 0
62101, 875907, 1, 0, 0
62200, 564700, 0, 0, 0
62201, 893020, 1, 0, 0
62300, 569102, 0, 0, 0
62301, 853013, 1, 0, 0
62400, 572894, 0, 0, 0
62403, 857775, 1, 0, 0
62500, 854865, 1, 0, 0
62500, 540415, 0, 0, 0
62600, 564170, 0, 0, 0
62601, 850959, 1, 0, 0
62700, 547340, 0, 0, 0
62702, 825553, 1, 0, 0
62800, 539868, 0, 0, 0
62802, 826508, 1, 0, 0
62900, 539931, 0, 0, 0
62904, 866879, 1, 0, 0
63000, 794495, 1, 0, 0
63000, 539922, 0, 0, 0
63100, 836598, 1, 0, 0
63101, 566167, 0, 0, 0
63200, 802315, 1, 0, 0
63201, 544283, 0, 0, 0
63300, 536391, 0, 0, 0
63301, 896045, 1, 0, 0
63400, 883762, 1, 0, 0
63401, 548676, 0, 0, 0
63501, 804336, 1, 0, 0
63501, 551212, 0, 0, 0
63600, 868251, 1, 0, 0
63601, 558737, 0, 0, 0
63700, 564492, 0, 0, 0
63703, 807536, 1, 0, 0
63800, 534926, 0, 0, 0
63806, 917486, 1, 0, 0
63900, 809381, 1, 0, 0
63901, 546771, 0, 0, 0
64000, 558020, 0, 0, 0
64001, 812776, 1, 0, 0
64100, 823305, 1, 0, 0
64101, 579538, 0, 0, 0
64200, 552616, 0, 0, 0
64202, 834731, 1, 0, 0
64300, 790448, 1, 0, 0
64301, 538838, 0, 0, 0
64400, 812224, 1, 0, 0
64400, 571265, 0, 0, 0
64500, 565957, 0, 0, 0
64502, 822013, 1, 0, 0
64600, 843454, 1, 0, 0
64602, 546281, 0, 0, 0
64700, 811517, 1, 0, 0
64701, 544962, 0, 0, 0
64800, 538574, 0, 0, 0
64805, 867559, 1, 0, 0
64900, 565675, 0, 0, 0
64900, 887823, 1, 0, 0
65000, 828689, 1, 0, 0
65001, 584470, 0, 0, 0
65100, 553616, 0, 0, 0
65101, 832237, 1, 0, 0
65200, 835687, 1, 0, 0
65200, 570593, 0, 0, 0
65300, 832712, 1, 0, 0
65300, 570792, 0, 0, 0
65400, 549470, 0, 0, 0
65402, 822064, 1, 0, 0
65500, 869890, 1, 0, 0
65500, 543093, 0, 0, 0
65600, 879243, 1, 0, 0
65601, 553899, 0, 0, 0
65700, 870721, 1, 0, 0
65701, 561534, 0, 0, 0
65800, 570999, 0, 0, 0
65801, 827680, 1, 0, 0
65900, 573950, 0, 0, 0
65902, 886260, 1, 0, 0
66000, 540832, 0, 0, 0
66001, 777683, 1, 0, 0
66100, 553083, 0, 0, 0
66103, 852222, 1, 0, 0
66200, 540197, 0, 0, 0
66201, 795393, 1, 0, 0
66300, 574233, 0, 0, 0
66303, 814227, 1, 0, 0
66400, 551001, 0, 0, 0
66402, 790566, 1, 0, 0
66500, 823897, 1, 0, 0
66501, 540473, 0, 0, 0
66600, 865615, 1, 0, 0
66600, 541082, 0, 0, 0
66700, 551303, 0, 0, 0
66701, 828725, 1, 0, 0
66800, 539198, 0, 0, 0
66801, 812597, 1, 0, 0
66900, 566877, 0, 0, 0
66901, 828255, 1, 0, 0
67000, 556760, 0, 0, 0
67005, 845071, 1, 0, 0
67100, 553535, 0, 0, 0
67102, 844419, 1, 0, 0
67200, 534923, 0, 0, 0
67202, 811607, 1, 0, 0
67300, 834393, 1, 0, 0
67300, 542656, 0, 0, 0
67400, 561206, 0, 0, 0
67400, 817406, 1, 0, 0
67500, 835472, 1, 0, 0
67501, 515599, 0, 0, 0
67600, 899993, 1, 0, 0
67601, 524771, 0, 0, 0
67700, 541930, 0, 0, 0
67701, 894712, 1, 0, 0
67800, 537987, 0, 0, 0
67801, 827400, 1, 0, 0
67900, 539131, 0, 0, 0
67905, 862141, 1, 0, 0
68000, 529466, 0, 0, 0
68001, 870267, 1, 0, 0
68100, 821393, 1, 0, 0
68100, 541253, 0, 0, 0
68200, 883334, 1, 0, 0
68201, 567238, 0, 0, 0
68300, 540586, 0, 0, 0
68301, 838626, 1, 0, 0
68400, 549075, 0, 0, 0
68401, 851835, 1, 0, 0
68500, 561272, 0, 0, 0
68502, 849128, 1, 0, 0
68600, 833942, 1, 0, 0
68600, 559823, 0, 0, 0
68700, 549205, 0, 0, 0
68701, 872926, 1, 0, 0
68800, 534940, 0, 0, 0
68803, 887464, 1, 0, 0
68900, 567502, 0, 0, 0
68904, 889688, 1, 0, 0
69000, 876097, 1, 0, 0
69000, 569397, 0, 0, 0
69100, 565493, 0, 0, 0
69101, 860975, 1, 0, 0
69200, 561661, 0, 0, 0
69203, 859277, 1, 0, 0
69300, 927020, 1, 0, 0
69301, 570265, 0, 0, 0
69400, 581354, 0, 0, 0
69402, 837052, 1, 0, 0
69500, 549635, 0, 0, 0
69501, 874206, 1, 0, 0
69600, 556615, 0, 0, 0
69604, 823203, 1, 0, 0
69700, 539699, 0, 0, 0
69705, 851071, 1, 0, 0
69800, 546764, 0, 0, 0
69800, 836576, 1, 0, 0
69900, 540290, 0, 0, 0
69903, 800784, 1, 0, 0
70000, 541023, 0, 0, 0
70000, 846995, 1, 0, 0
70100, 541964, 0, 0, 0
70102, 886202, 1, 0, 0
70200, 573163, 0, 0, 0
70203, 843404, 1, 0, 0
70300, 538868, 0, 0, 0
70301, 861127, 1, 0, 0
70400, 564734, 0, 0, 0
70403, 809641, 1, 0, 0
70500, 569011, 0, 0, 0
70502, 886080, 1, 0, 0
70600, 895610, 1, 0, 0
70601, 556728, 0, 0, 0
70700, 821681, 1, 0, 0
70700, 597726, 0, 0, 0
70800, 782731, 1, 0, 0
70800, 562636, 0, 0, 0
70900, 545282, 0, 0, 0
70901, 837011, 1, 0, 0
71000, 827795, 1, 0, 0
71001, 564428, 0, 0, 0
71100, 554261, 0, 0, 0
71101, 870256, 1, 0, 0
71200, 561170, 0, 0, 0
71202, 861321, 1, 0, 0
71300, 823752, 1, 0, 0
71301, 544198, 0, 0, 0
71400, 560808, 0, 0, 0
71403, 843985, 1, 0, 0
71500, 823082, 1, 0, 0
71502, 548789, 0, 0, 0
71600, 558037, 0, 0, 0
71603, 886971, 1, 0, 0
71700, 843663, 1, 0, 0
71701, 546892, 0, 0, 0
71800, 557543, 0, 0, 0
71801, 907288, 1, 0, 0
71900, 847640, 1, 0, 0
71900, 567811, 0, 0, 0
72000, 893901, 1, 0, 0
72001, 584196, 0, 0, 0
72100, 558962, 0, 0, 0
72102, 854851, 1, 0, 0
72200, 869856, 1, 0, 0
72201, 579611, 0, 0, 0
72300, 545830, 0, 0, 0
72303, 822532, 1, 0, 0
72400, 540820, 0, 0, 0
72402, 871289, 1, 0, 0
72500, 876434, 1, 0, 0
72500, 560284, 0, 0, 0
72600, 548497, 0, 0, 0
72601, 834861, 1, 0, 0
72700, 568898, 0, 0, 0
72705, 860298, 1, 0, 0
72800, 534763, 0, 0, 0
72801, 820130, 1, 0, 0
72900, 877624, 1, 0, 0
72901, 561734, 0, 0, 0
73000, 567104, 0, 0, 0
73001, 855589, 1, 0, 0
73100, 570132, 0, 0, 0
73101, 837490, 1, 0, 0
73200, 572849, 0, 0, 0
73208, 803824, 1, 0, 0
73300, 771108, 1, 0, 0
73300, 538937, 0, 0, 0
73400, 543237, 0, 0, 0
73402, 840562, 1, 0, 0
73500, 569574, 0, 0, 0
73506, 906805, 1, 0, 0
73600, 870626, 1, 0, 0
73601, 566411, 0, 0, 0
73700, 579366, 0, 0, 0
73701, 901520, 1, 0, 0
73800, 826196, 1, 0, 0
73801, 555940, 0, 0, 0
73900, 896096, 1, 0, 0
73900, 558476, 0, 0, 0
74000, 550213, 0, 0, 0
74005, 804250, 1, 0, 0
74100, 887545, 1, 0, 0
74100, 551848, 0, 0, 0
74200, 557701, 0, 0, 0
74201, 910997, 1, 0, 0
74300, 582341, 0, 0, 0
74301, 959230, 1, 0, 0
74400, 549475, 0, 0, 0
74403, 857485, 1, 0, 0
74500, 838496, 1, 0, 0
74501, 544023, 0, 0, 0
74600, 559529, 0, 0, 0
74601, 813865, 1, 0, 0
74700, 547332, 0, 0, 0
74701, 837729, 1, 0, 0
74800, 549165, 0, 0, 0
74801, 851710, 1, 0, 0
74900, 908818, 1, 0, 0
74902, 571363, 0, 0, 0
75000, 586201, 0, 0, 0
75001, 816514, 1, 0, 0
75100, 829700, 1, 0, 0
75101, 564270, 0, 0, 0
75200, 866639, 1, 0, 0
75200, 567968, 0, 0, 0
75300, 582446, 0, 0, 0
75301, 863104, 1, 0, 0
75400, 558748, 0, 0, 0
75401, 855058, 1, 0, 0
75500, 539635, 0, 0, 0
75502, 827136, 1, 0, 0
75600, 780888, 1, 0, 0
75601, 552093, 0, 0, 0
75700, 536447, 0, 0, 0
75701, 876187, 1, 0, 0
75800, 806955, 1, 0, 0
75801, 575699, 0, 0, 0
75900, 856528, 1, 0, 0
75901, 554464, 0, 0, 0
76000, 800950, 1, 0, 0
76000, 541233, 0, 0, 0
76100, 558912, 0, 0, 0
76102, 807012, 1, 0, 0
76200, 547603, 0, 0, 0
76205, 833735, 1, 0, 0
76300, 519535, 0, 0, 0
76301, 852936, 1, 0, 0
76400, 879607, 1, 0, 0
76400, 546791, 0, 0, 0
76500, 567291, 0, 0, 0
76501, 818491, 1, 0, 0
76600, 546681, 0, 0, 0
76603, 868595, 1, 0, 0
76700, 555456, 0, 0, 0
76700, 809680, 1, 0, 0
76800, 561697, 0, 0, 0
76800, 879126, 1, 0, 0
76900, 559152, 0, 0, 0
76903, 870329, 1, 0, 0
77000, 828547, 1, 0, 0
77001, 531726, 0, 0, 0
77100, 824455, 1, 0, 0
77101, 555076, 0, 0, 0
77200, 573087, 0, 0, 0
77201, 802505, 1, 0, 0
77300, 571401, 0, 0, 0
77301, 824507, 1, 0, 0
77400, 870213, 1, 0, 0
77400, 545165, 0, 0, 0
77500, 557374, 0, 0, 0
77505, 831348, 1, 0, 0
77600, 552686, 0, 0, 0
77602, 855581, 1, 0, 0
77700, 866405, 1, 0, 0
77700, 551162, 0, 0, 0
77800, 549814, 0, 0, 0
77803, 901649, 1, 0, 0
77900, 833678, 1, 0, 0
77901, 558860, 0, 0, 0
78000, 846735, 1, 0, 0
78000, 540278, 0, 0, 0
78100, 524544, 0, 0, 0
78105, 847170, 1, 0, 0
78200, 542208, 0, 0, 0
78202, 854754, 1, 0, 0
78300, 575971, 0, 0, 0
78302, 831658, 1, 0, 0
78400, 561123, 0, 0, 0
78401, 861683, 1, 0, 0
78500, 588600, 0, 0, 0
78501, 978084, 1, 0, 0
78600, 567411, 0, 0, 0
78601, 909167, 1, 0, 0
78700, 922948, 1, 0, 0
78701, 585831, 0, 0, 0
78800, 562625, 0, 0, 0
78801, 861278, 1, 0, 0
78901, 853765, 1, 0, 0
78901, 557172, 0, 0, 0
79000, 532873, 0, 0, 0
79002, 833067, 1, 0, 0
79100, 527343, 0, 0, 0
79100, 832641, 1, 0, 0
79200, 539828, 0, 0, 0
79201, 875876, 1, 0, 0
79300, 548409, 0, 0, 0
79301, 878150, 1, 0, 0
79400, 863163, 1, 0, 0
79400, 555724, 0, 0, 0
79500, 569882, 0, 0, 0
79503, 858298, 1, 0, 0
79600, 538910, 0, 0, 0
79603, 836752, 1, 0, 0
79701, 562525, 0, 0, 0
79702, 868804, 1, 0, 0
79800, 536419, 0, 0, 0
79804, 890475, 1, 0, 0
79900, 534591, 0, 0, 0
79901, 898808, 1, 0, 0
80000, 524567, 0, 0, 0
80003, 838102, 1, 0, 0
80100, 535519, 0, 0, 0
80100, 867953, 1, 0, 0
80200, 539835, 0, 0, 0
80202, 821478, 1, 0, 0
80300, 567802, 0, 0, 0
80301, 866229, 1, 0, 0
80400, 868812, 1, 0, 0
80400, 589257, 0, 0, 0
80500, 838757, 1, 0, 0
80501, 551113, 0, 0, 0
80600, 559332, 0, 0, 0
80602, 830800, 1, 0, 0
80701, 860343, 1, 0, 0
80702, 548255, 0, 0, 0
80800, 829104, 1, 0, 0
80801, 556891, 0, 0, 0
80900, 540059, 0, 0, 0
80902, 868996, 1, 0, 0
81000, 852902, 1, 0, 0
81000, 531141, 0, 0, 0
81100, 552604, 0, 0, 0
81102, 863691, 1, 0, 0
81200, 855104, 1, 0, 0
81201, 555347, 0, 0, 0
81300, 541728, 0, 0, 0
81305, 815769, 1, 0, 0
81400, 812315, 1, 0, 0
81400, 538506, 0, 0, 0
81500, 833107, 1, 0, 0
81500, 535188, 0, 0, 0
81600, 559561, 0, 0, 0
81601, 831045, 1, 0, 0
81700, 561534, 0, 0, 0
81701, 828695, 1, 0, 0
81800, 553529, 0, 0, 0
81801, 827630, 1, 0, 0
81900, 534396, 0, 0, 0
81906, 856023, 1, 0, 0
82000, 848248, 1, 0, 0
82000, 554491, 0, 0, 0
82100, 537563, 0, 0, 0
82102, 840164, 1, 0, 0
82200, 834230, 1, 0, 0
82200, 542635, 0, 0, 0
82300, 833518, 1, 0, 0
82301, 564230, 0, 0, 0
82400, 553770, 0, 0, 0
82401, 888877, 1, 0, 0
82500, 819367, 1, 0, 0
82500, 554585, 0, 0, 0
82600, 907561, 1, 0, 0
82603, 528710, 0, 0, 0
82700, 830585, 1, 0, 0
82701, 538598, 0, 0, 0
82800, 819489, 1, 0, 0
82801, 548671, 0, 0, 0
82900, 542334, 0, 0, 0
82902, 879469, 1, 0, 0
83000, 817827, 1, 0, 0
83000, 535061, 0, 0, 0
83100, 838149, 1, 0, 0
83105, 541055, 0, 0, 0
83200, 534798, 0, 0, 0
83200, 846726, 1, 0, 0
83300, 575519, 0, 0, 0
83301, 903762, 1, 0, 0
83400, 583289, 0, 0, 0
83404, 935570, 1, 0, 0
83500, 562117, 0, 0, 0
83501, 872793, 1, 0, 0
83600, 540471, 0, 0, 0
83601, 850947, 1, 0, 0
83700, 876416, 1, 0, 0
83700, 580532, 0, 0, 0
83800, 872200, 1, 0, 0
83800, 550785, 0, 0, 0
83900, 540009, 0, 0, 0
83901, 849979, 1, 0, 0
84000, 572523, 0, 0, 0
84001, 893229, 1, 0, 0
84100, 860658, 1, 0, 0
84100, 558961, 0, 0, 0
84200, 556114, 0, 0, 0
84203, 851164, 1, 0, 0
84300, 562635, 0, 0, 0
84303, 867203, 1, 0, 0
84400, 545667, 0, 0, 0
84402, 823347, 1, 0, 0
84500, 545876, 0, 0, 0
84504, 866352, 1, 0, 0
84600, 903641, 1, 0, 0
84602, 567063, 0, 0, 0
84700, 545055, 0, 0, 0
84702, 889065, 1, 0, 0
84800, 524640, 0, 0, 0
84802, 885756, 1, 0, 0
84900, 531169, 0, 0, 0
84902, 836599, 1, 0, 0
85000, 546150, 0, 0, 0
85001, 856246, 1, 0, 0
85100, 853876, 1, 0, 0
85101, 557712, 0, 0, 0
85200, 884519, 1, 0, 0
85200, 574052, 0, 0, 0
85300, 576976, 0, 0, 0
85307, 890370, 1, 0, 0
85400, 584761, 0, 0, 0
85402, 861098, 1, 0, 0
85500, 834661, 1, 0, 0
85501, 569596, 0, 0, 0
85600, 535970, 0, 0, 0
85602, 843006, 1, 0, 0
85700, 842065, 1, 0, 0
85702, 554432, 0, 0, 0
85800, 538906, 0, 0, 0
85803, 835784, 1, 0, 0
85900, 568628, 0, 0, 0
85902, 901305, 1, 0, 0
86000, 575674, 0, 0, 0
86005, 871186, 1, 0, 0
86100, 566854, 0, 0, 0
86102, 858842, 1, 0, 0
86200, 566324, 0, 0, 0
86204, 823118, 1, 0, 0
86300, 534631, 0, 0, 0
86303, 853903, 1, 0, 0
86400, 562775, 0, 0, 0
86403, 850267, 1, 0, 0
86500, 559818, 0, 0, 0
86504, 840674, 1, 0, 0
86600, 839560, 1, 0, 0
86602, 547250, 0, 0, 0
86700, 542846, 0, 0, 0
86701, 837751, 1, 0, 0
86800, 588311, 0, 0, 0
86802, 840252, 1, 0, 0
86900, 560313, 0, 0, 0
86900, 891840, 1, 0, 0
87000, 543020, 0, 0, 0
87002, 845503, 1, 0, 0
87100, 526026, 0, 0, 0
87101, 839864, 1, 0, 0
87200, 809738, 1, 0, 0
87200, 543934, 0, 0, 0
87300, 558424, 0, 0, 0
87301, 869884, 1, 0, 0
87400, 842272, 1, 0, 0
87401, 552209, 0, 0, 0
87500, 567657, 0, 0, 0
87501, 859725, 1, 0, 0
87600, 829396, 1, 0, 0
87601, 562602, 0, 0, 0
87700, 834259, 1, 0, 0
87700, 550946, 0, 0, 0
87800, 571084, 0, 0, 0
87802, 883394, 1, 0, 0
87900, 581808, 0, 0, 0
87901, 913191, 1, 0, 0
88000, 908927, 1, 0, 0
88000, 576902, 0, 0, 0
88100, 558150, 0, 0, 0
88101, 876525, 1, 0, 0
88200, 552239, 0, 0, 0
88203, 830572, 1, 0, 0
88300, 905805, 1, 0, 0
88300, 557058, 0, 0, 0
88400, 539782, 0, 0, 0
88401, 849594, 1, 0, 0
88500, 529435, 0, 0, 0
88502, 874981, 1, 0, 0
88600, 556750, 0, 0, 0
88601, 864192, 1, 0, 0
88700, 544478, 0, 0, 0
88701, 839921, 1, 0, 0
88800, 871370, 1, 0, 0
88802, 543387, 0, 0, 0
88900, 849656, 1, 0, 0
88900, 547663, 0, 0, 0
89000, 864405, 1, 0, 0
89001, 548084, 0, 0, 0
89100, 540783, 0, 0, 0
89100, 819364, 1, 0, 0
89200, 564963, 0, 0, 0
89205, 841339, 1, 0, 0
89300, 891253, 1, 0, 0
89301, 553571, 0, 0, 0
89400, 859046, 1, 0, 0
89400, 546902, 0, 0, 0
89500, 807315, 1, 0, 0
89501, 543341, 0, 0, 0
89600, 558722, 0, 0, 0
89601, 869726, 1, 0, 0
89700, 833708, 1, 0, 0
89701, 565253, 0, 0, 0
89800, 554751, 0, 0, 0
89801, 878452, 1, 0, 0
89900, 549368, 0, 0, 0
89902, 835239, 1, 0, 0
90000, 550392, 0, 0, 0
90000, 843890, 1, 0, 0
