100, 6816, 0, 0, 0
202, 6698, 0, 0, 0
301, 7030, 0, 0, 0
400, 7220, 0, 0, 0
500, 6485, 0, 0, 0
601, 6667, 0, 0, 0
702, 6664, 0, 0, 0
800, 6505, 0, 0, 0
900, 7004, 0, 0, 0
1000, 6640, 0, 0, 0
1104, 7607, 0, 0, 0
1202, 6618, 0, 0, 0
1301, 6858, 0, 0, 0
1401, 6908, 0, 0, 0
1502, 7178, 0, 0, 0
1600, 7430, 0, 0, 0
1702, 7074, 0, 0, 0
1800, 6766, 0, 0, 0
1900, 6518, 0, 0, 0
2001, 6255, 0, 0, 0
2103, 6330, 0, 0, 0
2202, 6105, 0, 0, 0
2300, 6670, 0, 0, 0
2403, 6365, 0, 0, 0
2503, 6138, 0, 0, 0
2606, 7451, 0, 0, 0
2700, 6700, 0, 0, 0
2804, 6298, 0, 0, 0
2908, 6663, 0, 0, 0
3000, 7078, 0, 0, 0
3101, 7369, 0, 0, 0
3201, 7132, 0, 0, 0
3306, 7154, 0, 0, 0
3404, 6570, 0, 0, 0
3503, 6488, 0, 0, 0
3604, 7018, 0, 0, 0
3701, 6654, 0, 0, 0
3800, 5736, 0, 0, 0
3900, 6452, 0, 0, 0
4003, 7765, 0, 0, 0
4104, 7414, 0, 0, 0
4201, 6241, 0, 0, 0
4301, 6740, 0, 0, 0
4400, 7161, 0, 0, 0
4500, 6837, 0, 0, 0
4604, 6864, 0, 0, 0
4701, 7090, 0, 0, 0
4800, 6471, 0, 0, 0
4902, 6349, 0, 0, 0
5000, 6873, 0, 0, 0
5102, 6419, 0, 0, 0
5200, 6621, 0, 0, 0
5301, 6822, 0, 0, 0
5400, 6242, 0, 0, 0
5501, 6320, 0, 0, 0
5603, 6769, 0, 0, 0
5701, 6587, 0, 0, 0
5800, 7270, 0, 0, 0
5901, 7155, 0, 0, 0
6000, 6863, 0, 0, 0
6103, 6613, 0, 0, 0
6200, 6712, 0, 0, 0
6301, 6905, 0, 0, 0
6403, 6659, 0, 0, 0
6502, 6894, 0, 0, 0
6600, 7543, 0, 0, 0
6701, 6213, 0, 0, 0
6800, 5958, 0, 0, 0
6901, 7346, 0, 0, 0
7001, 6639, 0, 0, 0
7103, 7934, 0, 0, 0
7201, 7380, 0, 0, 0
7304, 6944, 0, 0, 0
7400, 6604, 0, 0, 0
7500, 6463, 0, 0, 0
7600, 6501, 0, 0, 0
7701, 6742, 0, 0, 0
7802, 6456, 0, 0, 0
7900, 6358, 0, 0, 0
8000, 6402, 0, 0, 0
8102, 6769, 0, 0, 0
8200, 6550, 0, 0, 0
8302, 7091, 0, 0, 0
8404, 6696, 0, 0, 0
8500, 6530, 0, 0, 0
8604, 6256, 0, 0, 0
8701, 6520, 0, 0, 0
8802, 6795, 0, 0, 0
8900, 6144, 0, 0, 0
9000, 6027, 0, 0, 0
9111, 5848, 0, 0, 0
9201, 5970, 0, 0, 0
9301, 7014, 0, 0, 0
9400, 7158, 0, 0, 0
9501, 6852, 0, 0, 0
9601, 6567, 0, 0, 0
9704, 6517, 0, 0, 0
9802, 6357, 0, 0, 0
9905, 7047, 0, 0, 0
10002, 6803, 0, 0, 0
10103, 6407, 0, 0, 0
10201, 6510, 0, 0, 0
10300, 6399, 0, 0, 0
10402, 6266, 0, 0, 0
10502, 6071, 0, 0, 0
10600, 6366, 0, 0, 0
10700, 6110, 0, 0, 0
10803, 6005, 0, 0, 0
10903, 7588, 0, 0, 0
11003, 7444, 0, 0, 0
11102, 6229, 0, 0, 0
11203, 6824, 0, 0, 0
11300, 7416, 0, 0, 0
11400, 7168, 0, 0, 0
11501, 6233, 0, 0, 0
11602, 6597, 0, 0, 0
11702, 6030, 0, 0, 0
11800, 6915, 0, 0, 0
11905, 6962, 0, 0, 0
12004, 6445, 0, 0, 0
12103, 6658, 0, 0, 0
12202, 6510, 0, 0, 0
12303, 7222, 0, 0, 0
12401, 6613, 0, 0, 0
12500, 6994, 0, 0, 0
12600, 6258, 0, 0, 0
12703, 5681, 0, 0, 0
12801, 6525, 0, 0, 0
12909, 6249, 0, 0, 0
13000, 6098, 0, 0, 0
13100, 6710, 0, 0, 0
13200, 7215, 0, 0, 0
13301, 6443, 0, 0, 0
13402, 7023, 0, 0, 0
13502, 6776, 0, 0, 0
13602, 7191, 0, 0, 0
13700, 6701, 0, 0, 0
13801, 6931, 0, 0, 0
13909, 6684, 0, 0, 0
14000, 6702, 0, 0, 0
14100, 7446, 0, 0, 0
14201, 6820, 0, 0, 0
14303, 6526, 0, 0, 0
14400, 7143, 0, 0, 0
14501, 7286, 0, 0, 0
14604, 6442, 0, 0, 0
14700, 6257, 0, 0, 0
14800, 6551, 0, 0, 0
14902, 7174, 0, 0, 0
15006, 6553, 0, 0, 0
15101, 6295, 0, 0, 0
15200, 7063, 0, 0, 0
15301, 7345, 0, 0, 0
15400, 6694, 0, 0, 0
15502, 6381, 0, 0, 0
15603, 6133, 0, 0, 0
15700, 6801, 0, 0, 0
15805, 6436, 0, 0, 0
15903, 6401, 0, 0, 0
16003, 6396, 0, 0, 0
16104, 6771, 0, 0, 0
16201, 5847, 0, 0, 0
16305, 6184, 0, 0, 0
16400, 6537, 0, 0, 0
16504, 6402, 0, 0, 0
16601, 6278, 0, 0, 0
16703, 6233, 0, 0, 0
16804, 6146, 0, 0, 0
16900, 6672, 0, 0, 0
17001, 5998, 0, 0, 0
17102, 6375, 0, 0, 0
17203, 6383, 0, 0, 0
17301, 6481, 0, 0, 0
17402, 6116, 0, 0, 0
17501, 7513, 0, 0, 0
17602, 6417, 0, 0, 0
17701, 6113, 0, 0, 0
17802, 6327, 0, 0, 0
17900, 5855, 0, 0, 0
18001, 6142, 0, 0, 0
18100, 6389, 0, 0, 0
18201, 5753, 0, 0, 0
18306, 6655, 0, 0, 0
18401, 5961, 0, 0, 0
18503, 6173, 0, 0, 0
18601, 7052, 0, 0, 0
18700, 6934, 0, 0, 0
18801, 6013, 0, 0, 0
18903, 6440, 0, 0, 0
19001, 6817, 0, 0, 0
19100, 6930, 0, 0, 0
19203, 6427, 0, 0, 0
19300, 5743, 0, 0, 0
19400, 6366, 0, 0, 0
19502, 7066, 0, 0, 0
19602, 7345, 0, 0, 0
19700, 6550, 0, 0, 0
19807, 7198, 0, 0, 0
19903, 6971, 0, 0, 0
20000, 6489, 0, 0, 0
20104, 6726, 0, 0, 0
20201, 7073, 0, 0, 0
20300, 6751, 0, 0, 0
20402, 6889, 0, 0, 0
20500, 6136, 0, 0, 0
20609, 6417, 0, 0, 0
20703, 6351, 0, 0, 0
20801, 6625, 0, 0, 0
20902, 6431, 0, 0, 0
21012, 6676, 0, 0, 0
21100, 7546, 0, 0, 0
21200, 6387, 0, 0, 0
21303, 6462, 0, 0, 0
21400, 6293, 0, 0, 0
21502, 6307, 0, 0, 0
21600, 6047, 0, 0, 0
21702, 6191, 0, 0, 0
21802, 6491, 0, 0, 0
21904, 5873, 0, 0, 0
22001, 6027, 0, 0, 0
22104, 6301, 0, 0, 0
22201, 6543, 0, 0, 0
22303, 5946, 0, 0, 0
22402, 6920, 0, 0, 0
22500, 6140, 0, 0, 0
22600, 7835, 0, 0, 0
22701, 6480, 0, 0, 0
22801, 6507, 0, 0, 0
22906, 6610, 0, 0, 0
23008, 6894, 0, 0, 0
23102, 7515, 0, 0, 0
23200, 7172, 0, 0, 0
23302, 6754, 0, 0, 0
23400, 6355, 0, 0, 0
23501, 6697, 0, 0, 0
23606, 6285, 0, 0, 0
23704, 6107, 0, 0, 0
23800, 7599, 0, 0, 0
23901, 6641, 0, 0, 0
24004, 5990, 0, 0, 0
24107, 6033, 0, 0, 0
24200, 6268, 0, 0, 0
24305, 6796, 0, 0, 0
24402, 6283, 0, 0, 0
24501, 6320, 0, 0, 0
24604, 6069, 0, 0, 0
24700, 6523, 0, 0, 0
24800, 5782, 0, 0, 0
24902, 6651, 0, 0, 0
25001, 6949, 0, 0, 0
25103, 6096, 0, 0, 0
25209, 7971, 0, 0, 0
25300, 8332, 0, 0, 0
25400, 6592, 0, 0, 0
25500, 6900, 0, 0, 0
25600, 7919, 0, 0, 0
25703, 7124, 0, 0, 0
25800, 5973, 0, 0, 0
25901, 6289, 0, 0, 0
26001, 6654, 0, 0, 0
26100, 6470, 0, 0, 0
26201, 6372, 0, 0, 0
26301, 6358, 0, 0, 0
26401, 6250, 0, 0, 0
26502, 6556, 0, 0, 0
26601, 6465, 0, 0, 0
26704, 6696, 0, 0, 0
26802, 7113, 0, 0, 0
26900, 6158, 0, 0, 0
27003, 5978, 0, 0, 0
27100, 6432, 0, 0, 0
27205, 6428, 0, 0, 0
27302, 6531, 0, 0, 0
27405, 6238, 0, 0, 0
27504, 5963, 0, 0, 0
27600, 6264, 0, 0, 0
27701, 6561, 0, 0, 0
27803, 5730, 0, 0, 0
27900, 6892, 0, 0, 0
28002, 6365, 0, 0, 0
28102, 6537, 0, 0, 0
28200, 5893, 0, 0, 0
28301, 6037, 0, 0, 0
28400, 6348, 0, 0, 0
28502, 6525, 0, 0, 0
28606, 6055, 0, 0, 0
28701, 6107, 0, 0, 0
28801, 6067, 0, 0, 0
28901, 6521, 0, 0, 0
29000, 6442, 0, 0, 0
29105, 6190, 0, 0, 0
29201, 6594, 0, 0, 0
29300, 6405, 0, 0, 0
29404, 6492, 0, 0, 0
29504, 6754, 0, 0, 0
29601, 5529, 0, 0, 0
29707, 6084, 0, 0, 0
29804, 6525, 0, 0, 0
29903, 6524, 0, 0, 0
30001, 6956, 0, 0, 0
30101, 6544, 0, 0, 0
30216, 6441, 0, 0, 0
30301, 7302, 0, 0, 0
30400, 6992, 0, 0, 0
30502, 6955, 0, 0, 0
30600, 7392, 0, 0, 0
30705, 6904, 0, 0, 0
30800, 6539, 0, 0, 0
30900, 6339, 0, 0, 0
31001, 7379, 0, 0, 0
31102, 6128, 0, 0, 0
31202, 6498, 0, 0, 0
31301, 6191, 0, 0, 0
31400, 6742, 0, 0, 0
31500, 6836, 0, 0, 0
31600, 7531, 0, 0, 0
31700, 6756, 0, 0, 0
31800, 6315, 0, 0, 0
31902, 6465, 0, 0, 0
32001, 7030, 0, 0, 0
32104, 7471, 0, 0, 0
32201, 7014, 0, 0, 0
32300, 6798, 0, 0, 0
32400, 6897, 0, 0, 0
32501, 6995, 0, 0, 0
32601, 6867, 0, 0, 0
32703, 6296, 0, 0, 0
32803, 6347, 0, 0, 0
32901, 6510, 0, 0, 0
33000, 6998, 0, 0, 0
33102, 7394, 0, 0, 0
33200, 7280, 0, 0, 0
33303, 8134, 0, 0, 0
33401, 6785, 0, 0, 0
33500, 6702, 0, 0, 0
33601, 6715, 0, 0, 0
33701, 6938, 0, 0, 0
33803, 8255, 0, 0, 0
33907, 6586, 0, 0, 0
34000, 6442, 0, 0, 0
34100, 6359, 0, 0, 0
34202, 5580, 0, 0, 0
34300, 5963, 0, 0, 0
34404, 6559, 0, 0, 0
34501, 7413, 0, 0, 0
34604, 6690, 0, 0, 0
34703, 6424, 0, 0, 0
34806, 6596, 0, 0, 0
34900, 6958, 0, 0, 0
35008, 6896, 0, 0, 0
35100, 7042, 0, 0, 0
35201, 6511, 0, 0, 0
35300, 6308, 0, 0, 0
35400, 6445, 0, 0, 0
35503, 6424, 0, 0, 0
35606, 5491, 0, 0, 0
35703, 6964, 0, 0, 0
35802, 6121, 0, 0, 0
35907, 6730, 0, 0, 0
36001, 6429, 0, 0, 0
36101, 6351, 0, 0, 0
36200, 6715, 0, 0, 0
36300, 6039, 0, 0, 0
36401, 5774, 0, 0, 0
36501, 6341, 0, 0, 0
36603, 6387, 0, 0, 0
36700, 6637, 0, 0, 0
36803, 7119, 0, 0, 0
36900, 6405, 0, 0, 0
37005, 7019, 0, 0, 0
37102, 7228, 0, 0, 0
37206, 6175, 0, 0, 0
37301, 6843, 0, 0, 0
37400, 6385, 0, 0, 0
37501, 6103, 0, 0, 0
37603, 6587, 0, 0, 0
37701, 6574, 0, 0, 0
37802, 6185, 0, 0, 0
37903, 6399, 0, 0, 0
38002, 6676, 0, 0, 0
38105, 6556, 0, 0, 0
38202, 6505, 0, 0, 0
38304, 7370, 0, 0, 0
38400, 6991, 0, 0, 0
38503, 6557, 0, 0, 0
38609, 6854, 0, 0, 0
38702, 6701, 0, 0, 0
38801, 6506, 0, 0, 0
38901, 6526, 0, 0, 0
39003, 5960, 0, 0, 0
39105, 6623, 0, 0, 0
39206, 6546, 0, 0, 0
39302, 7332, 0, 0, 0
39403, 6387, 0, 0, 0
39502, 6946, 0, 0, 0
39600, 7408, 0, 0, 0
39705, 7191, 0, 0, 0
39803, 7565, 0, 0, 0
39902, 6300, 0, 0, 0
40003, 7004, 0, 0, 0
40100, 6393, 0, 0, 0
40201, 6436, 0, 0, 0
40304, 6502, 0, 0, 0
40402, 6648, 0, 0, 0
40500, 6054, 0, 0, 0
40606, 6583, 0, 0, 0
40701, 7256, 0, 0, 0
40801, 6686, 0, 0, 0
40901, 6560, 0, 0, 0
41003, 7403, 0, 0, 0
41104, 6445, 0, 0, 0
41200, 7401, 0, 0, 0
41310, 6312, 0, 0, 0
41400, 6453, 0, 0, 0
41500, 6796, 0, 0, 0
41602, 6814, 0, 0, 0
41703, 6283, 0, 0, 0
41800, 6950, 0, 0, 0
41901, 6647, 0, 0, 0
42011, 6288, 0, 0, 0
42101, 6719, 0, 0, 0
42202, 6503, 0, 0, 0
42302, 6513, 0, 0, 0
42400, 6445, 0, 0, 0
42501, 7273, 0, 0, 0
42600, 5981, 0, 0, 0
42700, 6434, 0, 0, 0
42800, 5582, 0, 0, 0
42900, 6150, 0, 0, 0
43005, 6562, 0, 0, 0
43101, 6739, 0, 0, 0
43204, 6279, 0, 0, 0
43306, 8156, 0, 0, 0
43405, 6929, 0, 0, 0
43500, 6194, 0, 0, 0
43600, 6015, 0, 0, 0
43705, 6138, 0, 0, 0
43802, 6688, 0, 0, 0
43901, 6263, 0, 0, 0
44002, 6094, 0, 0, 0
44100, 6273, 0, 0, 0
44205, 6006, 0, 0, 0
44300, 5714, 0, 0, 0
44404, 6129, 0, 0, 0
44501, 6317, 0, 0, 0
44600, 7007, 0, 0, 0
44703, 6438, 0, 0, 0
44800, 6624, 0, 0, 0
44900, 6022, 0, 0, 0
45001, 5814, 0, 0, 0
45103, 6148, 0, 0, 0
45201, 6837, 0, 0, 0
45301, 6461, 0, 0, 0
45403, 6117, 0, 0, 0
45502, 7280, 0, 0, 0
45601, 6279, 0, 0, 0
45707, 6252, 0, 0, 0
45801, 7269, 0, 0, 0
45902, 6348, 0, 0, 0
46001, 7240, 0, 0, 0
46100, 6086, 0, 0, 0
46202, 6499, 0, 0, 0
46308, 6408, 0, 0, 0
46400, 6553, 0, 0, 0
46503, 7163, 0, 0, 0
46600, 7147, 0, 0, 0
46703, 7367, 0, 0, 0
46801, 5904, 0, 0, 0
46900, 6417, 0, 0, 0
47000, 6544, 0, 0, 0
47101, 6979, 0, 0, 0
47200, 5568, 0, 0, 0
47302, 6719, 0, 0, 0
47400, 6148, 0, 0, 0
47515, 6221, 0, 0, 0
47600, 7181, 0, 0, 0
47701, 7624, 0, 0, 0
47808, 7012, 0, 0, 0
47900, 6241, 0, 0, 0
48002, 7098, 0, 0, 0
48100, 6999, 0, 0, 0
48201, 6351, 0, 0, 0
48300, 6892, 0, 0, 0
48402, 6420, 0, 0, 0
48500, 6944, 0, 0, 0
48602, 6682, 0, 0, 0
48700, 5816, 0, 0, 0
48804, 6673, 0, 0, 0
48901, 7222, 0, 0, 0
49000, 7298, 0, 0, 0
49102, 6704, 0, 0, 0
49200, 6556, 0, 0, 0
49301, 7485, 0, 0, 0
49409, 6909, 0, 0, 0
49502, 5952, 0, 0, 0
49608, 6266, 0, 0, 0
49702, 6288, 0, 0, 0
49800, 6278, 0, 0, 0
49902, 6106, 0, 0, 0
50010, 5917, 0, 0, 0
50100, 6148, 0, 0, 0
50203, 6929, 0, 0, 0
50300, 6857, 0, 0, 0
50400, 6559, 0, 0, 0
50507, 5799, 0, 0, 0
50602, 6646, 0, 0, 0
50713, 7525, 0, 0, 0
50801, 6407, 0, 0, 0
50901, 7510, 0, 0, 0
51000, 7331, 0, 0, 0
51101, 6305, 0, 0, 0
51200, 6918, 0, 0, 0
51306, 6535, 0, 0, 0
51401, 7260, 0, 0, 0
51500, 7187, 0, 0, 0
51600, 7001, 0, 0, 0
51701, 6434, 0, 0, 0
51800, 6700, 0, 0, 0
51904, 7487, 0, 0, 0
52002, 7162, 0, 0, 0
52104, 7731, 0, 0, 0
52203, 7521, 0, 0, 0
52301, 7179, 0, 0, 0
52403, 7440, 0, 0, 0
52500, 6316, 0, 0, 0
52602, 6447, 0, 0, 0
52701, 6192, 0, 0, 0
52801, 6605, 0, 0, 0
52900, 6591, 0, 0, 0
53001, 6554, 0, 0, 0
53103, 6672, 0, 0, 0
53205, 7151, 0, 0, 0
53301, 6167, 0, 0, 0
53404, 6260, 0, 0, 0
53504, 7017, 0, 0, 0
53600, 6939, 0, 0, 0
53700, 7276, 0, 0, 0
53800, 7678, 0, 0, 0
53900, 7639, 0, 0, 0
54003, 6632, 0, 0, 0
54104, 7287, 0, 0, 0
54200, 7262, 0, 0, 0
54300, 7302, 0, 0, 0
54401, 7026, 0, 0, 0
54505, 6737, 0, 0, 0
54604, 6360, 0, 0, 0
54701, 6820, 0, 0, 0
54800, 6362, 0, 0, 0
54907, 6348, 0, 0, 0
55000, 6417, 0, 0, 0
55100, 6629, 0, 0, 0
55201, 6169, 0, 0, 0
55300, 6422, 0, 0, 0
55400, 7298, 0, 0, 0
55503, 7364, 0, 0, 0
55600, 7077, 0, 0, 0
55700, 6801, 0, 0, 0
55802, 6278, 0, 0, 0
55900, 6304, 0, 0, 0
56002, 5906, 0, 0, 0
56102, 6331, 0, 0, 0
56200, 6055, 0, 0, 0
56309, 7417, 0, 0, 0
56403, 6287, 0, 0, 0
56503, 7606, 0, 0, 0
56604, 6414, 0, 0, 0
56704, 7008, 0, 0, 0
56801, 6646, 0, 0, 0
56900, 6615, 0, 0, 0
57000, 6566, 0, 0, 0
57101, 6887, 0, 0, 0
57201, 6909, 0, 0, 0
57308, 7224, 0, 0, 0
57402, 6071, 0, 0, 0
57501, 6606, 0, 0, 0
57600, 6524, 0, 0, 0
57702, 6676, 0, 0, 0
57804, 6408, 0, 0, 0
57900, 5807, 0, 0, 0
58001, 6775, 0, 0, 0
58100, 6077, 0, 0, 0
58204, 6456, 0, 0, 0
58302, 6770, 0, 0, 0
58401, 6276, 0, 0, 0
58501, 6664, 0, 0, 0
58602, 7024, 0, 0, 0
58700, 6534, 0, 0, 0
58806, 7232, 0, 0, 0
58902, 6151, 0, 0, 0
59003, 6409, 0, 0, 0
59104, 6441, 0, 0, 0
59201, 6782, 0, 0, 0
59302, 6542, 0, 0, 0
59400, 6874, 0, 0, 0
59500, 6474, 0, 0, 0
59601, 6435, 0, 0, 0
59703, 6634, 0, 0, 0
59800, 6700, 0, 0, 0
59902, 6538, 0, 0, 0
60004, 5822, 0, 0, 0
