102, 6850, 0, 0, 0
202, 5837, 0, 0, 0
300, 7305, 0, 0, 0
400, 6989, 0, 0, 0
500, 5797, 0, 0, 0
600, 6409, 0, 0, 0
700, 6429, 0, 0, 0
808, 5925, 0, 0, 0
901, 6508, 0, 0, 0
1001, 6352, 0, 0, 0
1101, 6749, 0, 0, 0
1202, 6979, 0, 0, 0
1303, 6324, 0, 0, 0
1401, 6509, 0, 0, 0
1501, 6184, 0, 0, 0
1600, 5982, 0, 0, 0
1700, 5785, 0, 0, 0
1802, 6101, 0, 0, 0
1903, 5428, 0, 0, 0
2001, 6420, 0, 0, 0
2106, 7866, 0, 0, 0
2206, 7560, 0, 0, 0
2300, 6302, 0, 0, 0
2402, 6557, 0, 0, 0
2501, 6756, 0, 0, 0
2605, 7183, 0, 0, 0
2700, 7156, 0, 0, 0
2807, 6659, 0, 0, 0
2903, 6730, 0, 0, 0
3000, 7242, 0, 0, 0
3100, 7036, 0, 0, 0
3201, 6455, 0, 0, 0
3300, 6169, 0, 0, 0
3400, 6170, 0, 0, 0
3500, 6835, 0, 0, 0
3602, 6164, 0, 0, 0
3715, 7716, 0, 0, 0
3802, 7415, 0, 0, 0
3906, 7210, 0, 0, 0
4001, 6387, 0, 0, 0
4111, 5994, 0, 0, 0
4201, 7201, 0, 0, 0
4300, 6783, 0, 0, 0
4400, 6293, 0, 0, 0
4504, 6640, 0, 0, 0
4600, 7012, 0, 0, 0
4705, 6860, 0, 0, 0
4807, 6804, 0, 0, 0
4901, 6559, 0, 0, 0
5003, 6453, 0, 0, 0
5103, 6682, 0, 0, 0
5200, 6533, 0, 0, 0
5301, 6542, 0, 0, 0
5403, 6033, 0, 0, 0
5503, 5828, 0, 0, 0
5600, 6349, 0, 0, 0
5700, 6285, 0, 0, 0
5800, 5876, 0, 0, 0
5900, 6619, 0, 0, 0
6000, 6566, 0, 0, 0
6107, 6318, 0, 0, 0
6202, 7264, 0, 0, 0
6300, 6440, 0, 0, 0
6405, 6246, 0, 0, 0
6500, 6207, 0, 0, 0
6600, 6252, 0, 0, 0
6702, 6317, 0, 0, 0
6800, 7163, 0, 0, 0
6900, 6292, 0, 0, 0
7000, 5812, 0, 0, 0
7100, 5873, 0, 0, 0
7201, 6395, 0, 0, 0
7301, 6309, 0, 0, 0
7400, 6481, 0, 0, 0
7501, 5990, 0, 0, 0
7604, 5657, 0, 0, 0
7705, 6825, 0, 0, 0
7800, 6773, 0, 0, 0
7901, 6196, 0, 0, 0
8000, 6364, 0, 0, 0
8101, 5908, 0, 0, 0
8204, 5674, 0, 0, 0
8301, 6885, 0, 0, 0
8401, 6206, 0, 0, 0
8500, 7528, 0, 0, 0
8600, 6668, 0, 0, 0
8700, 7021, 0, 0, 0
8800, 7578, 0, 0, 0
8900, 6527, 0, 0, 0
9002, 6300, 0, 0, 0
9103, 6789, 0, 0, 0
9201, 6804, 0, 0, 0
9305, 6581, 0, 0, 0
9402, 6408, 0, 0, 0
9504, 6649, 0, 0, 0
9601, 6614, 0, 0, 0
9704, 6213, 0, 0, 0
9804, 6384, 0, 0, 0
9905, 6718, 0, 0, 0
10000, 6433, 0, 0, 0
10107, 6625, 0, 0, 0
10201, 6613, 0, 0, 0
10301, 5624, 0, 0, 0
10402, 6580, 0, 0, 0
10503, 6546, 0, 0, 0
10600, 6684, 0, 0, 0
10715, 5961, 0, 0, 0
10804, 6536, 0, 0, 0
10901, 6632, 0, 0, 0
11001, 6416, 0, 0, 0
11114, 6633, 0, 0, 0
11200, 5409, 0, 0, 0
11303, 6437, 0, 0, 0
11402, 6387, 0, 0, 0
11500, 6101, 0, 0, 0
11600, 6368, 0, 0, 0
11701, 6318, 0, 0, 0
11801, 6313, 0, 0, 0
11900, 6556, 0, 0, 0
12002, 6421, 0, 0, 0
12122, 7437, 0, 0, 0
12200, 7149, 0, 0, 0
12300, 6007, 0, 0, 0
12401, 6829, 0, 0, 0
12500, 6570, 0, 0, 0
12600, 6504, 0, 0, 0
12701, 6356, 0, 0, 0
12804, 6047, 0, 0, 0
12901, 5962, 0, 0, 0
13003, 6404, 0, 0, 0
13100, 6502, 0, 0, 0
13201, 5710, 0, 0, 0
13304, 6811, 0, 0, 0
13406, 7415, 0, 0, 0
13500, 6514, 0, 0, 0
13602, 6695, 0, 0, 0
13701, 6468, 0, 0, 0
13804, 6439, 0, 0, 0
13901, 7010, 0, 0, 0
14004, 6037, 0, 0, 0
14102, 6747, 0, 0, 0
14200, 7301, 0, 0, 0
14301, 6318, 0, 0, 0
14402, 6611, 0, 0, 0
14505, 6306, 0, 0, 0
14600, 6340, 0, 0, 0
14703, 6258, 0, 0, 0
14800, 6605, 0, 0, 0
14900, 6604, 0, 0, 0
15002, 6478, 0, 0, 0
15101, 6535, 0, 0, 0
15204, 7218, 0, 0, 0
15300, 6254, 0, 0, 0
15403, 7108, 0, 0, 0
15501, 7034, 0, 0, 0
15600, 7438, 0, 0, 0
15705, 7579, 0, 0, 0
15801, 6473, 0, 0, 0
15902, 6034, 0, 0, 0
16001, 6654, 0, 0, 0
16105, 6279, 0, 0, 0
16200, 6358, 0, 0, 0
16303, 6098, 0, 0, 0
16402, 7060, 0, 0, 0
16504, 6899, 0, 0, 0
16608, 6198, 0, 0, 0
16704, 6342, 0, 0, 0
16802, 5893, 0, 0, 0
16902, 6642, 0, 0, 0
17004, 7285, 0, 0, 0
17106, 6602, 0, 0, 0
17201, 7000, 0, 0, 0
17300, 6799, 0, 0, 0
17402, 6614, 0, 0, 0
17503, 7205, 0, 0, 0
17608, 6496, 0, 0, 0
17708, 6500, 0, 0, 0
17800, 6950, 0, 0, 0
17902, 7018, 0, 0, 0
18000, 6487, 0, 0, 0
18100, 6268, 0, 0, 0
18202, 7723, 0, 0, 0
18302, 6763, 0, 0, 0
18401, 6609, 0, 0, 0
18500, 6681, 0, 0, 0
18611, 6542, 0, 0, 0
18700, 6492, 0, 0, 0
18806, 6090, 0, 0, 0
18900, 6436, 0, 0, 0
19006, 6812, 0, 0, 0
19102, 6440, 0, 0, 0
19202, 6185, 0, 0, 0
19300, 6453, 0, 0, 0
19402, 6079, 0, 0, 0
19504, 6617, 0, 0, 0
19605, 6534, 0, 0, 0
19700, 6727, 0, 0, 0
19801, 7269, 0, 0, 0
19902, 7222, 0, 0, 0
20001, 6769, 0, 0, 0
20101, 6909, 0, 0, 0
20201, 7419, 0, 0, 0
20301, 7167, 0, 0, 0
20401, 6348, 0, 0, 0
20500, 6163, 0, 0, 0
20601, 6669, 0, 0, 0
20702, 7181, 0, 0, 0
20800, 6952, 0, 0, 0
20901, 7576, 0, 0, 0
21002, 6902, 0, 0, 0
21100, 6511, 0, 0, 0
21201, 6713, 0, 0, 0
21300, 7422, 0, 0, 0
21402, 6837, 0, 0, 0
21500, 6731, 0, 0, 0
21600, 6712, 0, 0, 0
21702, 6748, 0, 0, 0
21805, 6153, 0, 0, 0
21901, 6271, 0, 0, 0
22003, 6724, 0, 0, 0
22103, 6074, 0, 0, 0
22201, 6416, 0, 0, 0
22300, 6519, 0, 0, 0
22400, 6522, 0, 0, 0
22503, 6896, 0, 0, 0
22601, 5579, 0, 0, 0
22701, 5794, 0, 0, 0
22811, 6181, 0, 0, 0
22901, 5891, 0, 0, 0
23002, 6885, 0, 0, 0
23101, 6412, 0, 0, 0
23201, 6397, 0, 0, 0
23302, 6361, 0, 0, 0
23401, 5853, 0, 0, 0
23502, 5933, 0, 0, 0
23600, 6047, 0, 0, 0
23714, 5651, 0, 0, 0
23803, 6027, 0, 0, 0
23901, 6134, 0, 0, 0
24002, 6223, 0, 0, 0
24103, 6618, 0, 0, 0
24202, 6883, 0, 0, 0
24300, 7179, 0, 0, 0
24407, 6018, 0, 0, 0
24501, 6071, 0, 0, 0
24601, 6729, 0, 0, 0
24703, 6161, 0, 0, 0
24801, 6123, 0, 0, 0
24901, 6991, 0, 0, 0
25003, 7049, 0, 0, 0
25104, 7198, 0, 0, 0
25208, 6820, 0, 0, 0
25306, 12264, 0, 0, 0
25402, 6791, 0, 0, 0
25501, 6417, 0, 0, 0
25606, 6178, 0, 0, 0
25702, 5976, 0, 0, 0
25803, 6598, 0, 0, 0
25901, 6537, 0, 0, 0
26000, 7394, 0, 0, 0
26101, 8949, 0, 0, 0
26201, 7835, 0, 0, 0
26301, 7373, 0, 0, 0
26402, 6373, 0, 0, 0
26500, 7044, 0, 0, 0
26601, 6345, 0, 0, 0
26704, 6154, 0, 0, 0
26804, 6664, 0, 0, 0
26903, 6205, 0, 0, 0
27002, 6056, 0, 0, 0
27109, 7081, 0, 0, 0
27200, 7949, 0, 0, 0
27300, 7545, 0, 0, 0
27401, 6876, 0, 0, 0
27500, 6573, 0, 0, 0
27604, 7994, 0, 0, 0
27701, 6895, 0, 0, 0
27800, 6911, 0, 0, 0
27901, 6778, 0, 0, 0
28002, 8545, 0, 0, 0
28105, 7158, 0, 0, 0
28200, 7209, 0, 0, 0
28300, 7044, 0, 0, 0
28404, 6278, 0, 0, 0
28500, 6709, 0, 0, 0
28600, 6244, 0, 0, 0
28704, 6445, 0, 0, 0
28806, 6423, 0, 0, 0
28901, 6610, 0, 0, 0
29007, 6888, 0, 0, 0
29100, 6373, 0, 0, 0
29207, 7022, 0, 0, 0
29304, 7932, 0, 0, 0
29400, 5861, 0, 0, 0
29501, 6516, 0, 0, 0
29607, 6902, 0, 0, 0
29703, 6789, 0, 0, 0
29802, 7030, 0, 0, 0
29900, 6384, 0, 0, 0
30001, 6067, 0, 0, 0
30100, 6213, 0, 0, 0
30202, 6192, 0, 0, 0
30302, 5997, 0, 0, 0
30400, 7053, 0, 0, 0
30500, 6534, 0, 0, 0
30604, 6446, 0, 0, 0
30700, 6678, 0, 0, 0
30802, 6152, 0, 0, 0
30909, 6212, 0, 0, 0
31000, 6069, 0, 0, 0
31107, 6178, 0, 0, 0
31200, 6300, 0, 0, 0
31309, 6414, 0, 0, 0
31406, 6413, 0, 0, 0
31504, 5575, 0, 0, 0
31601, 5344, 0, 0, 0
31706, 6849, 0, 0, 0
31800, 6411, 0, 0, 0
31900, 5946, 0, 0, 0
32000, 6740, 0, 0, 0
32100, 6325, 0, 0, 0
32202, 5865, 0, 0, 0
32300, 5775, 0, 0, 0
32402, 5755, 0, 0, 0
32503, 5540, 0, 0, 0
32600, 5852, 0, 0, 0
32700, 5925, 0, 0, 0
32801, 6115, 0, 0, 0
32905, 5861, 0, 0, 0
33000, 6568, 0, 0, 0
33100, 6470, 0, 0, 0
33200, 6021, 0, 0, 0
33300, 6215, 0, 0, 0
33402, 6050, 0, 0, 0
33500, 6317, 0, 0, 0
33602, 6256, 0, 0, 0
33703, 6329, 0, 0, 0
33803, 6503, 0, 0, 0
33901, 6668, 0, 0, 0
34003, 6547, 0, 0, 0
34102, 7107, 0, 0, 0
34207, 6922, 0, 0, 0
34304, 6360, 0, 0, 0
34408, 6525, 0, 0, 0
34500, 6109, 0, 0, 0
34601, 7108, 0, 0, 0
34700, 6534, 0, 0, 0
34805, 6379, 0, 0, 0
34903, 6731, 0, 0, 0
35008, 5959, 0, 0, 0
35106, 6244, 0, 0, 0
35200, 6317, 0, 0, 0
35300, 5986, 0, 0, 0
35403, 5845, 0, 0, 0
35501, 5546, 0, 0, 0
35601, 6544, 0, 0, 0
35706, 7167, 0, 0, 0
35801, 6890, 0, 0, 0
35901, 5996, 0, 0, 0
36000, 6348, 0, 0, 0
36100, 6762, 0, 0, 0
36201, 6454, 0, 0, 0
36303, 6321, 0, 0, 0
36401, 6397, 0, 0, 0
36500, 5998, 0, 0, 0
36605, 6261, 0, 0, 0
36702, 5750, 0, 0, 0
36803, 6759, 0, 0, 0
36901, 6661, 0, 0, 0
37000, 6302, 0, 0, 0
37104, 7864, 0, 0, 0
37201, 7018, 0, 0, 0
37303, 7392, 0, 0, 0
37402, 6170, 0, 0, 0
37501, 5958, 0, 0, 0
37605, 6123, 0, 0, 0
37704, 6685, 0, 0, 0
37802, 6584, 0, 0, 0
37900, 6501, 0, 0, 0
38006, 6919, 0, 0, 0
38102, 5903, 0, 0, 0
38200, 6436, 0, 0, 0
38301, 6871, 0, 0, 0
38400, 5870, 0, 0, 0
38500, 6334, 0, 0, 0
38601, 6779, 0, 0, 0
38703, 6070, 0, 0, 0
38801, 6383, 0, 0, 0
38902, 6342, 0, 0, 0
39000, 6811, 0, 0, 0
39100, 6212, 0, 0, 0
39200, 6046, 0, 0, 0
39306, 6239, 0, 0, 0
39400, 6453, 0, 0, 0
39500, 6345, 0, 0, 0
39608, 6275, 0, 0, 0
39701, 6376, 0, 0, 0
39800, 6505, 0, 0, 0
39902, 6545, 0, 0, 0
40003, 6532, 0, 0, 0
40100, 6142, 0, 0, 0
40208, 6822, 0, 0, 0
40301, 6570, 0, 0, 0
40401, 6311, 0, 0, 0
40506, 5487, 0, 0, 0
40600, 6287, 0, 0, 0
40700, 5639, 0, 0, 0
40801, 5499, 0, 0, 0
40905, 6342, 0, 0, 0
41001, 6368, 0, 0, 0
41102, 5716, 0, 0, 0
41201, 6076, 0, 0, 0
41300, 6208, 0, 0, 0
41400, 7017, 0, 0, 0
41502, 6547, 0, 0, 0
41604, 6001, 0, 0, 0
41701, 6197, 0, 0, 0
41804, 5850, 0, 0, 0
41900, 6274, 0, 0, 0
42000, 6332, 0, 0, 0
42105, 6018, 0, 0, 0
42203, 6374, 0, 0, 0
42306, 6719, 0, 0, 0
42401, 6391, 0, 0, 0
42500, 6098, 0, 0, 0
42605, 6354, 0, 0, 0
42703, 6427, 0, 0, 0
42805, 6373, 0, 0, 0
42905, 6712, 0, 0, 0
43003, 6105, 0, 0, 0
43102, 6538, 0, 0, 0
43200, 5966, 0, 0, 0
43305, 5998, 0, 0, 0
43401, 6085, 0, 0, 0
43506, 6239, 0, 0, 0
43600, 5966, 0, 0, 0
43706, 6582, 0, 0, 0
43801, 6558, 0, 0, 0
43900, 5971, 0, 0, 0
44001, 6635, 0, 0, 0
44107, 5820, 0, 0, 0
44216, 6130, 0, 0, 0
44302, 5853, 0, 0, 0
44411, 7195, 0, 0, 0
44504, 7409, 0, 0, 0
44601, 6821, 0, 0, 0
44703, 5933, 0, 0, 0
44801, 5707, 0, 0, 0
44905, 6116, 0, 0, 0
45000, 5847, 0, 0, 0
45103, 6333, 0, 0, 0
45202, 6975, 0, 0, 0
45302, 6026, 0, 0, 0
45401, 6759, 0, 0, 0
45500, 6834, 0, 0, 0
45602, 6305, 0, 0, 0
45702, 6433, 0, 0, 0
45801, 6307, 0, 0, 0
45910, 6750, 0, 0, 0
46001, 6670, 0, 0, 0
46100, 6279, 0, 0, 0
46203, 6380, 0, 0, 0
46302, 6306, 0, 0, 0
46402, 6212, 0, 0, 0
46504, 5751, 0, 0, 0
46600, 6374, 0, 0, 0
46701, 6353, 0, 0, 0
46800, 5943, 0, 0, 0
46900, 6397, 0, 0, 0
47002, 5695, 0, 0, 0
47100, 5518, 0, 0, 0
47205, 6056, 0, 0, 0
47304, 7217, 0, 0, 0
47400, 6321, 0, 0, 0
47503, 6402, 0, 0, 0
47604, 6190, 0, 0, 0
47702, 6231, 0, 0, 0
47801, 6100, 0, 0, 0
47906, 6318, 0, 0, 0
48001, 5901, 0, 0, 0
48100, 6418, 0, 0, 0
48201, 6234, 0, 0, 0
48300, 5534, 0, 0, 0
48400, 5668, 0, 0, 0
48506, 6353, 0, 0, 0
48601, 5932, 0, 0, 0
48701, 5237, 0, 0, 0
48800, 4944, 0, 0, 0
48902, 5834, 0, 0, 0
49003, 5763, 0, 0, 0
49101, 6150, 0, 0, 0
49205, 6183, 0, 0, 0
49302, 6635, 0, 0, 0
49400, 6465, 0, 0, 0
49500, 7110, 0, 0, 0
49601, 6996, 0, 0, 0
49701, 6223, 0, 0, 0
49800, 5767, 0, 0, 0
49904, 6054, 0, 0, 0
50002, 6182, 0, 0, 0
50104, 6305, 0, 0, 0
50209, 7537, 0, 0, 0
50300, 6861, 0, 0, 0
50402, 6735, 0, 0, 0
50501, 6858, 0, 0, 0
50601, 6906, 0, 0, 0
50703, 7181, 0, 0, 0
50800, 7702, 0, 0, 0
50903, 7136, 0, 0, 0
51000, 6769, 0, 0, 0
51103, 6562, 0, 0, 0
51200, 6179, 0, 0, 0
51302, 6716, 0, 0, 0
51403, 6848, 0, 0, 0
51503, 6730, 0, 0, 0
51600, 6413, 0, 0, 0
51701, 6329, 0, 0, 0
51802, 7289, 0, 0, 0
51901, 6790, 0, 0, 0
52000, 5635, 0, 0, 0
52102, 6712, 0, 0, 0
52202, 5622, 0, 0, 0
52301, 6112, 0, 0, 0
52401, 6479, 0, 0, 0
52505, 5980, 0, 0, 0
52603, 6794, 0, 0, 0
52705, 6853, 0, 0, 0
52801, 6206, 0, 0, 0
52901, 6634, 0, 0, 0
53002, 6339, 0, 0, 0
53102, 6325, 0, 0, 0
53204, 6874, 0, 0, 0
53300, 6528, 0, 0, 0
53402, 6594, 0, 0, 0
53500, 6828, 0, 0, 0
53602, 6229, 0, 0, 0
53700, 5982, 0, 0, 0
53800, 6168, 0, 0, 0
53901, 6655, 0, 0, 0
54005, 6249, 0, 0, 0
54102, 7616, 0, 0, 0
54205, 7233, 0, 0, 0
54302, 6787, 0, 0, 0
54400, 5692, 0, 0, 0
54500, 6606, 0, 0, 0
54601, 6578, 0, 0, 0
54701, 6193, 0, 0, 0
54800, 6750, 0, 0, 0
54900, 6682, 0, 0, 0
55000, 5936, 0, 0, 0
55103, 6827, 0, 0, 0
55206, 6005, 0, 0, 0
55300, 6752, 0, 0, 0
55405, 6798, 0, 0, 0
55500, 6410, 0, 0, 0
55600, 6480, 0, 0, 0
55707, 5954, 0, 0, 0
55801, 6460, 0, 0, 0
55901, 6624, 0, 0, 0
56002, 6510, 0, 0, 0
56103, 7072, 0, 0, 0
56208, 6461, 0, 0, 0
56303, 6915, 0, 0, 0
56400, 7141, 0, 0, 0
56500, 6355, 0, 0, 0
56602, 6170, 0, 0, 0
56701, 6648, 0, 0, 0
56803, 6584, 0, 0, 0
56907, 7058, 0, 0, 0
57001, 6932, 0, 0, 0
57103, 7282, 0, 0, 0
57200, 6457, 0, 0, 0
57300, 6542, 0, 0, 0
57401, 6002, 0, 0, 0
57501, 5917, 0, 0, 0
57601, 5955, 0, 0, 0
57701, 6005, 0, 0, 0
57801, 5825, 0, 0, 0
57903, 6233, 0, 0, 0
58001, 5547, 0, 0, 0
58102, 6495, 0, 0, 0
58214, 6262, 0, 0, 0
58301, 5480, 0, 0, 0
58402, 5970, 0, 0, 0
58513, 6304, 0, 0, 0
58602, 6545, 0, 0, 0
58704, 6134, 0, 0, 0
58801, 6245, 0, 0, 0
58901, 6123, 0, 0, 0
59001, 7549, 0, 0, 0
59100, 6021, 0, 0, 0
59205, 6823, 0, 0, 0
59300, 7252, 0, 0, 0
59403, 7016, 0, 0, 0
59501, 6383, 0, 0, 0
59601, 6353, 0, 0, 0
59700, 5822, 0, 0, 0
59804, 6700, 0, 0, 0
59904, 6612, 0, 0, 0
60005, 5942, 0, 0, 0
60105, 6722, 0, 0, 0
60201, 7190, 0, 0, 0
60303, 5776, 0, 0, 0
60401, 6005, 0, 0, 0
60501, 5914, 0, 0, 0
60603, 6154, 0, 0, 0
60700, 6729, 0, 0, 0
60803, 7728, 0, 0, 0
60900, 6791, 0, 0, 0
61001, 6845, 0, 0, 0
61100, 6959, 0, 0, 0
61200, 6750, 0, 0, 0
61308, 7428, 0, 0, 0
61403, 6105, 0, 0, 0
61500, 5910, 0, 0, 0
61601, 6663, 0, 0, 0
61700, 6465, 0, 0, 0
61801, 6697, 0, 0, 0
61906, 7352, 0, 0, 0
62001, 6757, 0, 0, 0
62102, 6386, 0, 0, 0
62206, 6786, 0, 0, 0
62301, 6628, 0, 0, 0
62401, 6797, 0, 0, 0
62501, 6353, 0, 0, 0
62601, 6449, 0, 0, 0
62701, 6533, 0, 0, 0
62804, 7865, 0, 0, 0
62900, 6952, 0, 0, 0
63001, 6087, 0, 0, 0
63101, 7233, 0, 0, 0
63202, 7185, 0, 0, 0
63303, 7326, 0, 0, 0
63402, 6838, 0, 0, 0
63503, 7196, 0, 0, 0
63604, 6950, 0, 0, 0
63707, 8045, 0, 0, 0
63801, 6652, 0, 0, 0
63900, 6159, 0, 0, 0
64001, 7318, 0, 0, 0
64102, 6762, 0, 0, 0
64200, 7347, 0, 0, 0
64306, 6536, 0, 0, 0
64401, 6498, 0, 0, 0
64509, 6845, 0, 0, 0
64603, 6332, 0, 0, 0
64708, 6350, 0, 0, 0
64803, 6388, 0, 0, 0
64900, 6262, 0, 0, 0
65000, 6986, 0, 0, 0
65102, 7253, 0, 0, 0
65201, 7135, 0, 0, 0
65304, 7172, 0, 0, 0
65400, 6520, 0, 0, 0
65500, 6279, 0, 0, 0
65602, 6865, 0, 0, 0
65700, 7087, 0, 0, 0
65800, 5983, 0, 0, 0
65900, 7186, 0, 0, 0
66005, 6836, 0, 0, 0
66100, 6787, 0, 0, 0
66200, 7244, 0, 0, 0
66301, 5759, 0, 0, 0
66401, 5884, 0, 0, 0
66501, 7074, 0, 0, 0
66601, 6779, 0, 0, 0
66700, 6502, 0, 0, 0
66803, 6503, 0, 0, 0
66904, 7022, 0, 0, 0
67002, 6844, 0, 0, 0
67101, 6498, 0, 0, 0
67209, 5891, 0, 0, 0
67302, 6977, 0, 0, 0
67400, 6420, 0, 0, 0
67501, 6619, 0, 0, 0
67601, 7127, 0, 0, 0
67703, 6704, 0, 0, 0
67804, 8022, 0, 0, 0
67903, 6996, 0, 0, 0
68001, 7064, 0, 0, 0
68102, 6622, 0, 0, 0
68203, 5935, 0, 0, 0
68301, 5860, 0, 0, 0
68406, 6643, 0, 0, 0
68500, 6676, 0, 0, 0
68602, 5880, 0, 0, 0
68701, 6027, 0, 0, 0
68802, 5604, 0, 0, 0
68900, 6322, 0, 0, 0
69006, 6363, 0, 0, 0
69100, 6403, 0, 0, 0
69200, 7109, 0, 0, 0
69300, 6080, 0, 0, 0
69402, 6543, 0, 0, 0
69500, 6995, 0, 0, 0
69601, 7179, 0, 0, 0
69702, 7219, 0, 0, 0
69802, 7124, 0, 0, 0
69903, 6549, 0, 0, 0
70005, 7231, 0, 0, 0
70102, 8028, 0, 0, 0
70201, 7314, 0, 0, 0
70300, 8018, 0, 0, 0
70400, 7516, 0, 0, 0
70505, 6487, 0, 0, 0
70600, 6642, 0, 0, 0
70705, 5892, 0, 0, 0
70804, 5934, 0, 0, 0
70904, 5936, 0, 0, 0
71004, 6129, 0, 0, 0
71101, 6403, 0, 0, 0
71200, 6489, 0, 0, 0
71301, 6559, 0, 0, 0
71400, 7465, 0, 0, 0
71503, 7052, 0, 0, 0
71601, 7044, 0, 0, 0
71701, 6211, 0, 0, 0
71800, 6213, 0, 0, 0
71902, 6229, 0, 0, 0
72000, 6237, 0, 0, 0
72105, 6580, 0, 0, 0
72200, 6275, 0, 0, 0
72303, 6015, 0, 0, 0
72400, 6343, 0, 0, 0
72505, 6206, 0, 0, 0
72600, 5997, 0, 0, 0
72701, 6078, 0, 0, 0
72802, 6128, 0, 0, 0
72904, 6451, 0, 0, 0
73002, 5984, 0, 0, 0
73100, 6230, 0, 0, 0
73205, 5790, 0, 0, 0
73302, 6209, 0, 0, 0
73401, 5834, 0, 0, 0
73500, 5985, 0, 0, 0
73601, 5843, 0, 0, 0
73700, 6332, 0, 0, 0
73804, 6261, 0, 0, 0
73902, 6953, 0, 0, 0
74001, 7747, 0, 0, 0
74107, 6971, 0, 0, 0
74200, 6302, 0, 0, 0
74301, 6529, 0, 0, 0
74403, 6056, 0, 0, 0
74500, 5813, 0, 0, 0
74603, 5673, 0, 0, 0
74700, 5707, 0, 0, 0
74801, 6916, 0, 0, 0
74900, 5887, 0, 0, 0
75002, 5923, 0, 0, 0
75101, 6286, 0, 0, 0
75200, 6325, 0, 0, 0
75301, 6167, 0, 0, 0
75401, 6394, 0, 0, 0
75506, 6701, 0, 0, 0
75609, 5565, 0, 0, 0
75700, 6886, 0, 0, 0
75801, 6894, 0, 0, 0
75900, 6143, 0, 0, 0
76000, 7027, 0, 0, 0
76100, 6304, 0, 0, 0
76200, 6507, 0, 0, 0
76301, 6364, 0, 0, 0
76400, 6549, 0, 0, 0
76502, 6574, 0, 0, 0
76600, 5998, 0, 0, 0
76704, 6772, 0, 0, 0
76803, 6642, 0, 0, 0
76900, 7414, 0, 0, 0
77001, 6226, 0, 0, 0
77100, 6091, 0, 0, 0
77202, 6699, 0, 0, 0
77300, 6560, 0, 0, 0
77400, 6598, 0, 0, 0
77501, 6571, 0, 0, 0
77600, 6498, 0, 0, 0
77700, 6870, 0, 0, 0
77801, 6640, 0, 0, 0
77907, 7540, 0, 0, 0
78001, 6705, 0, 0, 0
78101, 6772, 0, 0, 0
78207, 6265, 0, 0, 0
78300, 5848, 0, 0, 0
78403, 6284, 0, 0, 0
78500, 6091, 0, 0, 0
78602, 7125, 0, 0, 0
78704, 6442, 0, 0, 0
78800, 6009, 0, 0, 0
78903, 5635, 0, 0, 0
79004, 6631, 0, 0, 0
79102, 6133, 0, 0, 0
79200, 5388, 0, 0, 0
79302, 5825, 0, 0, 0
79402, 6209, 0, 0, 0
79503, 6093, 0, 0, 0
79600, 5612, 0, 0, 0
79701, 6099, 0, 0, 0
79802, 6133, 0, 0, 0
79901, 6150, 0, 0, 0
80007, 6535, 0, 0, 0
80102, 6003, 0, 0, 0
80200, 5967, 0, 0, 0
80300, 6256, 0, 0, 0
80406, 6190, 0, 0, 0
80502, 7644, 0, 0, 0
80602, 6188, 0, 0, 0
80704, 6481, 0, 0, 0
80803, 6566, 0, 0, 0
80900, 6708, 0, 0, 0
81000, 6273, 0, 0, 0
81105, 6437, 0, 0, 0
81200, 6176, 0, 0, 0
81301, 6457, 0, 0, 0
81400, 6365, 0, 0, 0
81501, 6980, 0, 0, 0
81602, 6447, 0, 0, 0
81702, 6306, 0, 0, 0
81805, 5715, 0, 0, 0
81901, 5739, 0, 0, 0
82001, 6463, 0, 0, 0
82104, 6144, 0, 0, 0
82202, 6203, 0, 0, 0
82300, 5572, 0, 0, 0
82401, 6032, 0, 0, 0
82500, 5857, 0, 0, 0
82605, 5799, 0, 0, 0
82707, 5887, 0, 0, 0
82800, 5350, 0, 0, 0
82901, 6261, 0, 0, 0
83001, 6373, 0, 0, 0
83101, 6261, 0, 0, 0
83200, 6022, 0, 0, 0
83300, 6163, 0, 0, 0
83402, 6286, 0, 0, 0
83501, 6647, 0, 0, 0
83600, 7230, 0, 0, 0
83701, 6792, 0, 0, 0
83801, 6567, 0, 0, 0
83906, 6239, 0, 0, 0
84001, 6377, 0, 0, 0
84101, 6455, 0, 0, 0
84209, 7437, 0, 0, 0
84302, 6723, 0, 0, 0
84404, 6977, 0, 0, 0
84502, 6566, 0, 0, 0
84601, 6346, 0, 0, 0
84700, 6187, 0, 0, 0
84800, 6573, 0, 0, 0
84902, 7370, 0, 0, 0
85000, 6888, 0, 0, 0
85101, 7175, 0, 0, 0
85201, 7002, 0, 0, 0
85302, 6704, 0, 0, 0
85400, 7153, 0, 0, 0
85501, 6106, 0, 0, 0
85604, 6193, 0, 0, 0
85701, 5576, 0, 0, 0
85809, 6906, 0, 0, 0
85901, 7557, 0, 0, 0
86000, 6931, 0, 0, 0
86103, 6985, 0, 0, 0
86204, 6867, 0, 0, 0
86305, 6204, 0, 0, 0
86401, 5433, 0, 0, 0
86503, 6069, 0, 0, 0
86601, 6074, 0, 0, 0
86702, 6014, 0, 0, 0
86806, 6148, 0, 0, 0
86900, 7392, 0, 0, 0
87002, 6079, 0, 0, 0
87102, 6881, 0, 0, 0
87200, 7264, 0, 0, 0
87300, 6640, 0, 0, 0
87402, 6872, 0, 0, 0
87504, 6056, 0, 0, 0
87602, 6197, 0, 0, 0
87702, 6111, 0, 0, 0
87804, 6379, 0, 0, 0
87901, 6291, 0, 0, 0
88000, 6330, 0, 0, 0
88103, 5857, 0, 0, 0
88200, 5973, 0, 0, 0
88306, 6198, 0, 0, 0
88402, 6493, 0, 0, 0
88500, 6393, 0, 0, 0
88601, 6611, 0, 0, 0
88701, 6940, 0, 0, 0
88806, 6271, 0, 0, 0
88901, 6430, 0, 0, 0
89000, 6667, 0, 0, 0
89101, 6459, 0, 0, 0
89200, 6177, 0, 0, 0
89301, 7227, 0, 0, 0
89401, 6592, 0, 0, 0
89500, 6354, 0, 0, 0
89602, 5955, 0, 0, 0
89702, 6208, 0, 0, 0
89800, 6613, 0, 0, 0
89903, 6475, 0, 0, 0
90008, 6785, 0, 0, 0
90100, 7035, 0, 0, 0
90201, 6521, 0, 0, 0
90304, 6287, 0, 0, 0
90408, 7257, 0, 0, 0
90501, 7828, 0, 0, 0
90604, 7311, 0, 0, 0
90700, 6843, 0, 0, 0
90805, 7495, 0, 0, 0
90900, 6659, 0, 0, 0
91003, 6957, 0, 0, 0
91100, 7013, 0, 0, 0
91200, 6940, 0, 0, 0
91301, 6507, 0, 0, 0
91410, 6779, 0, 0, 0
91500, 6975, 0, 0, 0
91601, 5999, 0, 0, 0
91711, 7683, 0, 0, 0
91800, 6673, 0, 0, 0
91912, 6356, 0, 0, 0
92000, 7994, 0, 0, 0
92102, 6649, 0, 0, 0
92200, 6295, 0, 0, 0
92304, 6190, 0, 0, 0
92402, 6663, 0, 0, 0
92506, 6346, 0, 0, 0
92601, 6492, 0, 0, 0
92703, 6553, 0, 0, 0
92800, 6235, 0, 0, 0
92903, 6723, 0, 0, 0
93006, 6193, 0, 0, 0
93105, 6754, 0, 0, 0
93207, 5751, 0, 0, 0
93300, 6247, 0, 0, 0
93405, 6235, 0, 0, 0
93501, 6425, 0, 0, 0
93600, 6770, 0, 0, 0
93701, 6241, 0, 0, 0
93801, 6677, 0, 0, 0
93901, 6149, 0, 0, 0
94003, 6467, 0, 0, 0
94100, 5822, 0, 0, 0
94208, 7172, 0, 0, 0
94301, 6664, 0, 0, 0
94401, 7663, 0, 0, 0
94500, 7426, 0, 0, 0
94601, 6797, 0, 0, 0
94702, 6755, 0, 0, 0
94805, 5893, 0, 0, 0
94906, 7630, 0, 0, 0
95000, 6072, 0, 0, 0
95100, 6526, 0, 0, 0
95200, 6227, 0, 0, 0
95303, 8289, 0, 0, 0
95400, 6673, 0, 0, 0
95502, 7117, 0, 0, 0
95607, 7737, 0, 0, 0
95700, 6187, 0, 0, 0
95800, 6600, 0, 0, 0
95909, 6433, 0, 0, 0
96001, 6453, 0, 0, 0
96104, 6866, 0, 0, 0
96201, 7205, 0, 0, 0
96305, 6812, 0, 0, 0
96401, 6582, 0, 0, 0
96505, 6423, 0, 0, 0
96601, 6395, 0, 0, 0
96700, 6234, 0, 0, 0
96801, 6442, 0, 0, 0
96901, 6585, 0, 0, 0
97001, 6920, 0, 0, 0
97105, 7106, 0, 0, 0
97202, 7322, 0, 0, 0
97309, 7392, 0, 0, 0
97400, 6555, 0, 0, 0
97501, 6446, 0, 0, 0
97607, 6350, 0, 0, 0
97704, 6208, 0, 0, 0
97801, 6673, 0, 0, 0
97901, 5911, 0, 0, 0
98002, 6462, 0, 0, 0
98102, 7229, 0, 0, 0
98200, 6931, 0, 0, 0
98301, 6487, 0, 0, 0
98400, 6196, 0, 0, 0
98501, 6796, 0, 0, 0
98600, 6780, 0, 0, 0
98706, 6438, 0, 0, 0
98805, 6764, 0, 0, 0
98901, 7868, 0, 0, 0
99016, 8167, 0, 0, 0
99101, 7449, 0, 0, 0
99202, 6913, 0, 0, 0
99300, 6574, 0, 0, 0
99404, 6678, 0, 0, 0
99500, 5875, 0, 0, 0
99603, 6755, 0, 0, 0
99700, 5898, 0, 0, 0
99802, 6234, 0, 0, 0
99901, 6161, 0, 0, 0
100000, 6552, 0, 0, 0
100100, 6052, 0, 0, 0
100200, 6988, 0, 0, 0
100301, 6494, 0, 0, 0
100409, 6825, 0, 0, 0
100503, 6156, 0, 0, 0
100601, 6907, 0, 0, 0
100702, 6591, 0, 0, 0
100801, 6027, 0, 0, 0
100902, 6156, 0, 0, 0
101004, 7190, 0, 0, 0
101104, 7408, 0, 0, 0
101202, 6765, 0, 0, 0
101301, 6730, 0, 0, 0
101403, 6728, 0, 0, 0
101504, 7366, 0, 0, 0
101606, 6470, 0, 0, 0
101701, 5798, 0, 0, 0
101808, 7187, 0, 0, 0
101904, 5893, 0, 0, 0
102001, 6253, 0, 0, 0
102104, 6382, 0, 0, 0
102202, 6637, 0, 0, 0
102303, 7234, 0, 0, 0
102402, 5971, 0, 0, 0
102502, 6851, 0, 0, 0
102603, 7055, 0, 0, 0
102701, 6122, 0, 0, 0
102803, 6655, 0, 0, 0
102901, 6866, 0, 0, 0
103001, 7668, 0, 0, 0
103102, 6757, 0, 0, 0
103208, 6727, 0, 0, 0
103300, 7539, 0, 0, 0
103406, 6757, 0, 0, 0
103502, 7366, 0, 0, 0
103600, 7202, 0, 0, 0
103701, 6660, 0, 0, 0
103806, 7451, 0, 0, 0
103901, 6301, 0, 0, 0
104006, 6809, 0, 0, 0
104103, 7860, 0, 0, 0
104201, 6064, 0, 0, 0
104303, 6357, 0, 0, 0
104407, 7000, 0, 0, 0
104501, 6543, 0, 0, 0
104602, 6876, 0, 0, 0
104700, 6362, 0, 0, 0
104800, 6528, 0, 0, 0
104911, 6746, 0, 0, 0
105002, 6159, 0, 0, 0
105100, 6701, 0, 0, 0
105202, 6895, 0, 0, 0
105303, 7177, 0, 0, 0
105400, 6206, 0, 0, 0
105500, 7317, 0, 0, 0
105601, 6389, 0, 0, 0
105701, 6267, 0, 0, 0
105804, 6564, 0, 0, 0
105901, 6681, 0, 0, 0
106004, 7029, 0, 0, 0
106103, 6293, 0, 0, 0
106200, 7178, 0, 0, 0
106300, 5859, 0, 0, 0
106400, 6048, 0, 0, 0
106500, 6282, 0, 0, 0
106601, 7008, 0, 0, 0
106704, 6359, 0, 0, 0
106804, 6242, 0, 0, 0
106908, 6305, 0, 0, 0
107004, 6487, 0, 0, 0
107103, 6718, 0, 0, 0
107200, 6679, 0, 0, 0
107304, 6882, 0, 0, 0
107401, 6449, 0, 0, 0
107500, 6263, 0, 0, 0
107601, 7139, 0, 0, 0
107700, 7357, 0, 0, 0
107802, 6908, 0, 0, 0
107903, 7112, 0, 0, 0
108001, 6813, 0, 0, 0
108104, 6825, 0, 0, 0
108200, 7161, 0, 0, 0
108301, 7050, 0, 0, 0
108404, 7021, 0, 0, 0
108502, 6643, 0, 0, 0
108611, 6592, 0, 0, 0
108708, 6786, 0, 0, 0
108801, 7698, 0, 0, 0
108906, 6717, 0, 0, 0
109000, 6237, 0, 0, 0
109100, 6769, 0, 0, 0
109203, 6994, 0, 0, 0
109301, 7326, 0, 0, 0
109400, 6726, 0, 0, 0
109500, 6459, 0, 0, 0
109600, 7714, 0, 0, 0
109706, 7232, 0, 0, 0
109800, 6929, 0, 0, 0
109900, 6616, 0, 0, 0
110001, 6822, 0, 0, 0
110102, 6365, 0, 0, 0
110200, 6946, 0, 0, 0
110304, 6681, 0, 0, 0
110404, 6372, 0, 0, 0
110501, 6502, 0, 0, 0
110602, 7045, 0, 0, 0
110704, 7076, 0, 0, 0
110807, 7452, 0, 0, 0
110904, 7485, 0, 0, 0
111002, 5874, 0, 0, 0
111101, 7695, 0, 0, 0
111201, 6814, 0, 0, 0
111300, 6082, 0, 0, 0
111406, 6386, 0, 0, 0
111505, 6782, 0, 0, 0
111604, 6456, 0, 0, 0
111701, 7187, 0, 0, 0
111806, 6058, 0, 0, 0
111903, 6318, 0, 0, 0
112001, 6307, 0, 0, 0
112100, 5648, 0, 0, 0
112200, 6215, 0, 0, 0
112300, 6295, 0, 0, 0
112407, 6586, 0, 0, 0
112502, 6215, 0, 0, 0
112601, 6038, 0, 0, 0
112701, 6790, 0, 0, 0
112804, 6401, 0, 0, 0
112900, 6892, 0, 0, 0
113001, 7194, 0, 0, 0
113101, 6634, 0, 0, 0
113203, 6954, 0, 0, 0
113304, 7019, 0, 0, 0
113402, 5740, 0, 0, 0
113502, 6183, 0, 0, 0
113607, 6313, 0, 0, 0
113700, 6088, 0, 0, 0
113800, 6157, 0, 0, 0
113905, 6466, 0, 0, 0
114001, 6228, 0, 0, 0
114105, 6166, 0, 0, 0
114208, 6467, 0, 0, 0
114306, 6555, 0, 0, 0
114400, 7446, 0, 0, 0
114500, 6766, 0, 0, 0
114607, 6856, 0, 0, 0
114700, 6515, 0, 0, 0
114806, 6607, 0, 0, 0
114903, 6317, 0, 0, 0
115006, 6689, 0, 0, 0
115105, 7098, 0, 0, 0
115206, 7515, 0, 0, 0
115302, 6849, 0, 0, 0
115405, 7108, 0, 0, 0
115500, 7236, 0, 0, 0
115601, 6938, 0, 0, 0
115702, 6873, 0, 0, 0
115802, 6337, 0, 0, 0
115902, 7087, 0, 0, 0
116002, 6580, 0, 0, 0
116101, 7463, 0, 0, 0
116203, 7013, 0, 0, 0
116300, 7276, 0, 0, 0
116402, 6732, 0, 0, 0
116502, 6631, 0, 0, 0
116604, 7217, 0, 0, 0
116703, 7335, 0, 0, 0
116802, 6874, 0, 0, 0
116908, 7016, 0, 0, 0
117007, 7077, 0, 0, 0
117101, 7093, 0, 0, 0
117200, 6424, 0, 0, 0
117300, 6745, 0, 0, 0
117402, 6677, 0, 0, 0
117501, 6170, 0, 0, 0
117603, 6280, 0, 0, 0
117700, 6228, 0, 0, 0
117801, 6575, 0, 0, 0
117901, 6949, 0, 0, 0
118010, 5360, 0, 0, 0
118104, 6666, 0, 0, 0
118204, 6329, 0, 0, 0
118301, 5909, 0, 0, 0
118401, 5899, 0, 0, 0
118501, 5988, 0, 0, 0
118601, 6129, 0, 0, 0
118700, 6144, 0, 0, 0
118800, 6167, 0, 0, 0
118902, 6342, 0, 0, 0
119001, 7295, 0, 0, 0
119101, 6851, 0, 0, 0
119206, 7292, 0, 0, 0
119301, 6677, 0, 0, 0
119402, 5766, 0, 0, 0
119501, 6128, 0, 0, 0
119601, 6126, 0, 0, 0
119700, 7137, 0, 0, 0
119800, 6779, 0, 0, 0
119900, 6467, 0, 0, 0
120004, 6641, 0, 0, 0
120105, 6065, 0, 0, 0
120200, 6651, 0, 0, 0
120300, 6198, 0, 0, 0
120403, 6410, 0, 0, 0
120508, 6188, 0, 0, 0
120601, 6278, 0, 0, 0
120707, 6922, 0, 0, 0
120804, 6564, 0, 0, 0
120901, 6397, 0, 0, 0
121001, 6586, 0, 0, 0
121100, 7077, 0, 0, 0
121201, 7126, 0, 0, 0
121302, 6911, 0, 0, 0
121402, 6572, 0, 0, 0
121500, 6899, 0, 0, 0
121614, 6052, 0, 0, 0
121706, 5750, 0, 0, 0
121800, 6002, 0, 0, 0
121902, 6431, 0, 0, 0
122001, 5887, 0, 0, 0
122101, 6608, 0, 0, 0
122203, 5927, 0, 0, 0
122300, 6125, 0, 0, 0
122402, 6600, 0, 0, 0
122502, 6701, 0, 0, 0
122603, 6182, 0, 0, 0
122703, 6953, 0, 0, 0
122800, 6047, 0, 0, 0
122901, 6412, 0, 0, 0
123000, 6430, 0, 0, 0
123100, 6366, 0, 0, 0
123204, 6551, 0, 0, 0
123301, 6196, 0, 0, 0
123404, 6037, 0, 0, 0
123502, 6649, 0, 0, 0
123602, 6489, 0, 0, 0
123700, 6906, 0, 0, 0
123800, 6089, 0, 0, 0
123901, 6148, 0, 0, 0
124005, 6383, 0, 0, 0
124103, 6502, 0, 0, 0
124200, 6599, 0, 0, 0
124305, 6052, 0, 0, 0
124404, 6063, 0, 0, 0
124501, 6643, 0, 0, 0
124601, 6597, 0, 0, 0
124700, 6551, 0, 0, 0
124800, 7323, 0, 0, 0
124906, 7331, 0, 0, 0
125000, 7769, 0, 0, 0
125100, 6716, 0, 0, 0
125206, 6658, 0, 0, 0
125309, 7409, 0, 0, 0
125403, 6562, 0, 0, 0
125503, 6911, 0, 0, 0
125600, 6908, 0, 0, 0
125703, 7231, 0, 0, 0
125801, 7127, 0, 0, 0
125901, 7084, 0, 0, 0
126000, 7331, 0, 0, 0
126106, 7846, 0, 0, 0
126200, 6828, 0, 0, 0
126301, 6369, 0, 0, 0
126402, 6794, 0, 0, 0
126501, 6084, 0, 0, 0
126602, 6157, 0, 0, 0
126701, 7089, 0, 0, 0
126807, 6565, 0, 0, 0
126904, 5988, 0, 0, 0
127002, 6052, 0, 0, 0
127100, 6396, 0, 0, 0
127203, 5833, 0, 0, 0
127302, 6790, 0, 0, 0
127401, 7552, 0, 0, 0
127503, 7082, 0, 0, 0
127600, 6990, 0, 0, 0
127703, 6380, 0, 0, 0
127800, 7272, 0, 0, 0
127903, 6391, 0, 0, 0
128001, 7296, 0, 0, 0
128100, 6525, 0, 0, 0
128200, 6766, 0, 0, 0
128302, 6377, 0, 0, 0
128401, 6864, 0, 0, 0
128503, 7626, 0, 0, 0
128602, 7169, 0, 0, 0
128704, 6807, 0, 0, 0
128800, 6482, 0, 0, 0
128903, 7141, 0, 0, 0
129006, 6863, 0, 0, 0
129100, 8946, 0, 0, 0
129205, 7207, 0, 0, 0
129303, 6411, 0, 0, 0
129406, 6760, 0, 0, 0
129501, 6311, 0, 0, 0
129601, 6063, 0, 0, 0
129702, 6998, 0, 0, 0
129801, 6595, 0, 0, 0
129907, 7438, 0, 0, 0
130001, 6423, 0, 0, 0
130102, 6452, 0, 0, 0
130201, 6910, 0, 0, 0
130300, 6891, 0, 0, 0
130400, 6326, 0, 0, 0
130500, 6099, 0, 0, 0
130601, 6948, 0, 0, 0
130703, 6745, 0, 0, 0
130800, 7010, 0, 0, 0
130904, 7190, 0, 0, 0
131000, 6749, 0, 0, 0
131100, 6823, 0, 0, 0
131204, 7260, 0, 0, 0
131303, 5880, 0, 0, 0
131407, 6564, 0, 0, 0
131519, 6572, 0, 0, 0
131600, 6546, 0, 0, 0
131701, 6234, 0, 0, 0
131804, 7075, 0, 0, 0
131900, 6790, 0, 0, 0
132005, 6388, 0, 0, 0
132109, 6847, 0, 0, 0
132201, 6228, 0, 0, 0
132300, 6685, 0, 0, 0
132402, 5932, 0, 0, 0
132501, 6109, 0, 0, 0
132602, 5949, 0, 0, 0
132700, 5705, 0, 0, 0
132802, 6478, 0, 0, 0
132900, 6181, 0, 0, 0
133000, 6070, 0, 0, 0
133102, 6851, 0, 0, 0
133202, 7036, 0, 0, 0
133306, 6544, 0, 0, 0
133417, 6357, 0, 0, 0
133500, 7046, 0, 0, 0
133602, 6671, 0, 0, 0
133700, 6261, 0, 0, 0
133802, 5889, 0, 0, 0
133905, 6414, 0, 0, 0
134003, 6889, 0, 0, 0
134104, 6540, 0, 0, 0
134201, 6248, 0, 0, 0
134300, 6689, 0, 0, 0
134401, 7145, 0, 0, 0
134505, 5950, 0, 0, 0
134601, 6207, 0, 0, 0
134701, 6331, 0, 0, 0
134801, 6542, 0, 0, 0
134904, 6418, 0, 0, 0
135000, 6319, 0, 0, 0
135102, 6421, 0, 0, 0
135200, 6481, 0, 0, 0
135307, 6558, 0, 0, 0
135404, 6356, 0, 0, 0
135500, 6315, 0, 0, 0
135602, 6723, 0, 0, 0
135700, 6173, 0, 0, 0
135800, 6122, 0, 0, 0
135902, 6656, 0, 0, 0
136003, 6544, 0, 0, 0
136102, 7093, 0, 0, 0
136202, 6598, 0, 0, 0
136301, 6040, 0, 0, 0
136402, 6501, 0, 0, 0
136505, 7126, 0, 0, 0
136600, 6041, 0, 0, 0
136703, 6459, 0, 0, 0
136810, 6904, 0, 0, 0
136903, 6175, 0, 0, 0
137002, 6848, 0, 0, 0
137105, 6226, 0, 0, 0
137203, 6938, 0, 0, 0
137300, 7682, 0, 0, 0
137403, 6693, 0, 0, 0
137500, 6395, 0, 0, 0
137601, 6065, 0, 0, 0
137705, 6619, 0, 0, 0
137803, 6440, 0, 0, 0
137900, 6678, 0, 0, 0
138001, 6485, 0, 0, 0
138100, 6309, 0, 0, 0
138202, 6876, 0, 0, 0
138300, 7153, 0, 0, 0
138401, 5930, 0, 0, 0
138501, 6260, 0, 0, 0
138601, 6191, 0, 0, 0
138700, 6582, 0, 0, 0
138804, 6379, 0, 0, 0
138901, 6173, 0, 0, 0
139002, 6661, 0, 0, 0
139100, 6394, 0, 0, 0
139204, 6261, 0, 0, 0
139300, 6321, 0, 0, 0
139401, 6299, 0, 0, 0
139502, 6497, 0, 0, 0
139601, 6985, 0, 0, 0
139700, 6157, 0, 0, 0
139800, 6199, 0, 0, 0
139900, 7024, 0, 0, 0
140002, 7258, 0, 0, 0
140102, 6941, 0, 0, 0
140200, 7007, 0, 0, 0
140302, 6025, 0, 0, 0
140402, 6500, 0, 0, 0
140501, 6416, 0, 0, 0
140600, 6652, 0, 0, 0
140703, 6576, 0, 0, 0
140805, 8146, 0, 0, 0
140904, 6230, 0, 0, 0
141002, 6005, 0, 0, 0
141106, 6253, 0, 0, 0
141201, 6415, 0, 0, 0
141300, 6966, 0, 0, 0
141400, 7045, 0, 0, 0
141501, 7056, 0, 0, 0
141602, 6751, 0, 0, 0
141705, 6322, 0, 0, 0
141802, 6722, 0, 0, 0
141901, 6179, 0, 0, 0
142000, 7294, 0, 0, 0
142105, 7263, 0, 0, 0
142200, 6762, 0, 0, 0
142313, 6458, 0, 0, 0
142405, 7328, 0, 0, 0
142500, 7617, 0, 0, 0
142602, 7106, 0, 0, 0
142705, 7292, 0, 0, 0
142804, 7001, 0, 0, 0
142900, 8064, 0, 0, 0
143002, 6720, 0, 0, 0
143104, 6646, 0, 0, 0
143203, 6793, 0, 0, 0
143304, 7606, 0, 0, 0
143401, 6544, 0, 0, 0
143501, 6651, 0, 0, 0
143601, 6563, 0, 0, 0
143700, 6330, 0, 0, 0
143800, 5936, 0, 0, 0
143906, 6264, 0, 0, 0
144002, 6571, 0, 0, 0
144102, 6099, 0, 0, 0
144201, 6424, 0, 0, 0
144301, 6333, 0, 0, 0
144400, 6802, 0, 0, 0
144503, 6518, 0, 0, 0
144603, 6894, 0, 0, 0
144703, 6279, 0, 0, 0
144800, 6305, 0, 0, 0
144901, 7119, 0, 0, 0
145003, 6310, 0, 0, 0
145102, 6265, 0, 0, 0
145203, 7329, 0, 0, 0
145304, 7809, 0, 0, 0
145401, 7022, 0, 0, 0
145500, 6242, 0, 0, 0
145602, 6381, 0, 0, 0
145700, 6554, 0, 0, 0
145800, 6750, 0, 0, 0
145901, 7323, 0, 0, 0
146008, 6774, 0, 0, 0
146101, 7176, 0, 0, 0
146201, 6904, 0, 0, 0
146301, 6586, 0, 0, 0
146404, 6566, 0, 0, 0
146503, 6648, 0, 0, 0
146600, 6121, 0, 0, 0
146702, 6444, 0, 0, 0
146803, 6813, 0, 0, 0
146901, 6592, 0, 0, 0
147000, 6912, 0, 0, 0
147100, 6058, 0, 0, 0
147201, 7958, 0, 0, 0
147302, 6386, 0, 0, 0
147400, 6262, 0, 0, 0
147501, 6317, 0, 0, 0
147606, 6618, 0, 0, 0
147707, 6264, 0, 0, 0
147806, 6604, 0, 0, 0
147900, 6229, 0, 0, 0
148000, 7083, 0, 0, 0
148102, 6934, 0, 0, 0
148201, 6446, 0, 0, 0
148301, 6213, 0, 0, 0
148402, 6163, 0, 0, 0
148500, 6207, 0, 0, 0
148600, 6754, 0, 0, 0
148700, 6284, 0, 0, 0
148804, 6738, 0, 0, 0
148903, 7174, 0, 0, 0
149000, 7086, 0, 0, 0
149102, 6823, 0, 0, 0
149210, 6399, 0, 0, 0
149301, 7862, 0, 0, 0
149402, 6647, 0, 0, 0
149501, 5821, 0, 0, 0
149600, 6727, 0, 0, 0
149701, 6517, 0, 0, 0
149803, 6196, 0, 0, 0
149904, 6535, 0, 0, 0
150000, 6623, 0, 0, 0
150101, 6539, 0, 0, 0
150200, 7100, 0, 0, 0
150300, 6864, 0, 0, 0
150401, 6277, 0, 0, 0
150500, 5912, 0, 0, 0
150602, 6231, 0, 0, 0
150701, 6811, 0, 0, 0
150803, 6142, 0, 0, 0
150901, 6332, 0, 0, 0
151007, 6166, 0, 0, 0
151101, 6911, 0, 0, 0
151200, 6580, 0, 0, 0
151303, 6939, 0, 0, 0
151401, 6610, 0, 0, 0
151500, 6890, 0, 0, 0
151602, 6058, 0, 0, 0
151703, 6536, 0, 0, 0
151801, 6183, 0, 0, 0
151901, 6822, 0, 0, 0
152002, 6889, 0, 0, 0
152103, 5936, 0, 0, 0
152206, 5775, 0, 0, 0
152301, 6676, 0, 0, 0
152403, 6921, 0, 0, 0
152502, 6779, 0, 0, 0
152601, 6478, 0, 0, 0
152703, 6859, 0, 0, 0
152814, 8139, 0, 0, 0
152903, 7189, 0, 0, 0
153000, 6028, 0, 0, 0
153103, 6519, 0, 0, 0
153207, 7199, 0, 0, 0
153309, 7298, 0, 0, 0
153401, 5796, 0, 0, 0
153500, 6090, 0, 0, 0
153600, 6554, 0, 0, 0
153706, 6203, 0, 0, 0
153801, 6528, 0, 0, 0
153904, 6918, 0, 0, 0
154000, 6551, 0, 0, 0
154103, 6468, 0, 0, 0
154200, 7142, 0, 0, 0
154300, 6448, 0, 0, 0
154401, 6606, 0, 0, 0
154507, 6505, 0, 0, 0
154600, 5944, 0, 0, 0
154700, 6443, 0, 0, 0
154801, 6085, 0, 0, 0
154909, 6887, 0, 0, 0
155002, 6418, 0, 0, 0
155106, 6328, 0, 0, 0
155202, 6349, 0, 0, 0
155302, 6247, 0, 0, 0
155403, 6088, 0, 0, 0
155510, 6675, 0, 0, 0
155606, 6473, 0, 0, 0
155703, 6686, 0, 0, 0
155803, 6015, 0, 0, 0
155902, 7070, 0, 0, 0
156011, 6468, 0, 0, 0
156104, 6882, 0, 0, 0
156201, 7289, 0, 0, 0
156301, 7744, 0, 0, 0
156400, 5946, 0, 0, 0
156500, 6115, 0, 0, 0
156606, 5954, 0, 0, 0
156702, 6508, 0, 0, 0
156802, 6667, 0, 0, 0
156902, 5972, 0, 0, 0
157000, 5798, 0, 0, 0
157100, 6185, 0, 0, 0
157200, 6541, 0, 0, 0
157301, 6533, 0, 0, 0
157400, 6301, 0, 0, 0
157500, 6533, 0, 0, 0
157601, 6540, 0, 0, 0
157702, 5972, 0, 0, 0
157804, 6987, 0, 0, 0
157902, 7212, 0, 0, 0
158001, 6250, 0, 0, 0
158102, 7399, 0, 0, 0
158205, 6578, 0, 0, 0
158306, 6548, 0, 0, 0
158401, 6412, 0, 0, 0
158502, 6103, 0, 0, 0
158603, 6881, 0, 0, 0
158702, 6430, 0, 0, 0
158800, 6323, 0, 0, 0
158901, 7037, 0, 0, 0
159002, 7271, 0, 0, 0
159104, 7386, 0, 0, 0
159201, 7805, 0, 0, 0
159314, 6427, 0, 0, 0
159400, 6924, 0, 0, 0
159504, 7063, 0, 0, 0
159603, 7535, 0, 0, 0
159703, 6875, 0, 0, 0
159802, 6056, 0, 0, 0
159901, 6493, 0, 0, 0
160001, 7172, 0, 0, 0
160105, 6373, 0, 0, 0
160209, 7544, 0, 0, 0
160303, 7683, 0, 0, 0
160400, 6849, 0, 0, 0
160500, 6436, 0, 0, 0
160600, 5903, 0, 0, 0
160700, 6705, 0, 0, 0
160800, 6502, 0, 0, 0
160902, 6387, 0, 0, 0
161004, 5953, 0, 0, 0
161108, 6417, 0, 0, 0
161203, 6505, 0, 0, 0
161300, 6079, 0, 0, 0
161404, 6279, 0, 0, 0
161500, 5804, 0, 0, 0
161600, 6559, 0, 0, 0
161700, 6356, 0, 0, 0
161803, 7277, 0, 0, 0
161902, 6594, 0, 0, 0
162007, 6524, 0, 0, 0
162101, 6279, 0, 0, 0
162200, 6757, 0, 0, 0
162300, 7559, 0, 0, 0
162400, 6593, 0, 0, 0
162500, 6393, 0, 0, 0
162603, 5839, 0, 0, 0
162702, 6815, 0, 0, 0
162803, 6369, 0, 0, 0
162900, 6736, 0, 0, 0
163006, 7040, 0, 0, 0
163102, 7917, 0, 0, 0
163205, 6691, 0, 0, 0
163300, 5834, 0, 0, 0
163401, 6331, 0, 0, 0
163523, 6983, 0, 0, 0
163602, 6482, 0, 0, 0
163701, 5875, 0, 0, 0
163801, 5977, 0, 0, 0
163907, 6549, 0, 0, 0
164001, 6956, 0, 0, 0
164100, 6810, 0, 0, 0
164200, 6386, 0, 0, 0
164301, 5974, 0, 0, 0
164407, 6412, 0, 0, 0
164504, 5877, 0, 0, 0
164603, 5932, 0, 0, 0
164701, 6528, 0, 0, 0
164800, 5957, 0, 0, 0
164902, 6335, 0, 0, 0
165003, 7218, 0, 0, 0
165101, 6188, 0, 0, 0
165201, 6262, 0, 0, 0
165306, 5356, 0, 0, 0
165401, 6751, 0, 0, 0
165502, 6732, 0, 0, 0
165600, 6153, 0, 0, 0
165702, 6430, 0, 0, 0
165801, 6733, 0, 0, 0
165900, 6244, 0, 0, 0
166002, 6686, 0, 0, 0
166101, 6557, 0, 0, 0
166200, 6211, 0, 0, 0
166302, 5747, 0, 0, 0
166400, 6192, 0, 0, 0
166502, 6374, 0, 0, 0
166600, 6124, 0, 0, 0
166700, 5670, 0, 0, 0
166803, 6046, 0, 0, 0
166900, 6178, 0, 0, 0
167002, 6776, 0, 0, 0
167103, 6082, 0, 0, 0
167200, 6775, 0, 0, 0
167300, 5982, 0, 0, 0
167402, 5987, 0, 0, 0
167501, 6476, 0, 0, 0
167602, 7080, 0, 0, 0
167702, 6522, 0, 0, 0
167811, 7965, 0, 0, 0
167902, 7432, 0, 0, 0
168005, 6831, 0, 0, 0
168104, 6912, 0, 0, 0
168200, 7249, 0, 0, 0
168300, 6764, 0, 0, 0
168400, 6600, 0, 0, 0
168501, 6303, 0, 0, 0
168604, 6670, 0, 0, 0
168703, 6200, 0, 0, 0
168802, 6632, 0, 0, 0
168901, 6779, 0, 0, 0
169000, 6472, 0, 0, 0
169103, 6422, 0, 0, 0
169200, 7033, 0, 0, 0
169301, 6155, 0, 0, 0
169408, 6818, 0, 0, 0
169501, 7116, 0, 0, 0
169601, 6388, 0, 0, 0
169705, 6542, 0, 0, 0
169801, 8218, 0, 0, 0
169901, 6416, 0, 0, 0
170000, 7593, 0, 0, 0
170100, 6121, 0, 0, 0
170206, 6827, 0, 0, 0
170301, 6499, 0, 0, 0
170402, 7121, 0, 0, 0
170501, 6166, 0, 0, 0
170602, 5851, 0, 0, 0
170706, 7063, 0, 0, 0
170800, 6926, 0, 0, 0
170900, 6973, 0, 0, 0
171000, 6713, 0, 0, 0
171100, 5982, 0, 0, 0
171204, 6403, 0, 0, 0
171301, 6390, 0, 0, 0
171401, 6795, 0, 0, 0
171509, 5932, 0, 0, 0
171600, 5928, 0, 0, 0
171706, 6075, 0, 0, 0
171800, 6305, 0, 0, 0
171901, 6655, 0, 0, 0
172000, 6930, 0, 0, 0
172100, 6965, 0, 0, 0
172206, 6662, 0, 0, 0
172301, 6755, 0, 0, 0
172404, 6537, 0, 0, 0
172501, 7073, 0, 0, 0
172602, 7386, 0, 0, 0
172705, 6887, 0, 0, 0
172800, 7012, 0, 0, 0
172905, 6926, 0, 0, 0
173011, 6110, 0, 0, 0
173102, 6083, 0, 0, 0
173201, 6264, 0, 0, 0
173302, 6281, 0, 0, 0
173400, 6784, 0, 0, 0
173502, 5600, 0, 0, 0
173606, 6083, 0, 0, 0
173700, 6682, 0, 0, 0
173804, 6292, 0, 0, 0
173903, 6192, 0, 0, 0
174000, 5855, 0, 0, 0
174101, 6039, 0, 0, 0
174202, 5980, 0, 0, 0
174304, 6219, 0, 0, 0
174400, 7029, 0, 0, 0
174500, 5595, 0, 0, 0
174604, 6395, 0, 0, 0
174700, 6065, 0, 0, 0
174802, 6615, 0, 0, 0
174905, 6327, 0, 0, 0
175007, 6284, 0, 0, 0
175102, 6098, 0, 0, 0
175204, 5717, 0, 0, 0
175300, 6606, 0, 0, 0
175410, 6380, 0, 0, 0
175503, 6382, 0, 0, 0
175606, 6143, 0, 0, 0
175702, 6511, 0, 0, 0
175801, 6702, 0, 0, 0
175900, 7199, 0, 0, 0
176007, 6521, 0, 0, 0
176105, 6142, 0, 0, 0
176201, 6372, 0, 0, 0
176303, 6982, 0, 0, 0
176402, 6389, 0, 0, 0
176500, 7358, 0, 0, 0
176605, 7545, 0, 0, 0
176704, 6299, 0, 0, 0
176801, 5807, 0, 0, 0
176903, 6245, 0, 0, 0
177001, 6176, 0, 0, 0
177100, 6683, 0, 0, 0
177200, 6431, 0, 0, 0
177302, 6624, 0, 0, 0
177403, 6508, 0, 0, 0
177500, 6446, 0, 0, 0
177602, 6724, 0, 0, 0
177700, 6736, 0, 0, 0
177802, 7576, 0, 0, 0
177904, 7361, 0, 0, 0
178001, 6484, 0, 0, 0
178100, 7312, 0, 0, 0
178206, 6867, 0, 0, 0
178300, 6224, 0, 0, 0
178404, 7171, 0, 0, 0
178500, 7245, 0, 0, 0
178601, 7368, 0, 0, 0
178703, 6777, 0, 0, 0
178803, 6669, 0, 0, 0
178904, 6526, 0, 0, 0
179001, 7542, 0, 0, 0
179101, 6674, 0, 0, 0
179200, 7287, 0, 0, 0
179303, 7067, 0, 0, 0
179400, 7563, 0, 0, 0
179501, 6475, 0, 0, 0
179600, 7093, 0, 0, 0
179700, 7284, 0, 0, 0
179800, 6568, 0, 0, 0
179900, 6341, 0, 0, 0
180002, 6289, 0, 0, 0
