250, 267264, 0, 0, 0
350, 314880, 0, 0, 0
450, 207360, 0, 0, 0
550, 299520, 0, 0, 0
650, 245760, 0, 0, 0
749, 256000, 0, 0, 0
849, 299520, 0, 0, 0
949, 376320, 0, 0, 0
1049, 291840, 0, 0, 0
1149, 314880, 0, 0, 0
1250, 384000, 0, 0, 0
1350, 353280, 0, 0, 0
1450, 253440, 0, 0, 0
1550, 230400, 0, 0, 0
1650, 345600, 0, 0, 0
1749, 356848, 0, 0, 0
1849, 276480, 0, 0, 0
1949, 368640, 0, 0, 0
2049, 345600, 0, 0, 0
2149, 337920, 0, 0, 0
2249, 360960, 0, 0, 0
2349, 176640, 0, 0, 0
2449, 353280, 0, 0, 0
2550, 391680, 0, 0, 0
2650, 153600, 0, 0, 0
2749, 224969, 0, 0, 0
2849, 192000, 0, 0, 0
2949, 161280, 0, 0, 0
3049, 153600, 0, 0, 0
3149, 192000, 0, 0, 0
3249, 337920, 0, 0, 0
3349, 176640, 0, 0, 0
3449, 291840, 0, 0, 0
3550, 222720, 0, 0, 0
3650, 353280, 0, 0, 0
3749, 294787, 0, 0, 0
3849, 314880, 0, 0, 0
3949, 276480, 0, 0, 0
4049, 245760, 0, 0, 0
4149, 345600, 0, 0, 0
4249, 268800, 0, 0, 0
4349, 330240, 0, 0, 0
4449, 268800, 0, 0, 0
4549, 330240, 0, 0, 0
4649, 253440, 0, 0, 0
4750, 184320, 0, 0, 0
4850, 345600, 0, 0, 0
4950, 314880, 0, 0, 0
5050, 199680, 0, 0, 0
5150, 268800, 0, 0, 0
5249, 240484, 0, 0, 0
5349, 291840, 0, 0, 0
5449, 307200, 0, 0, 0
5549, 384000, 0, 0, 0
5649, 345600, 0, 0, 0
5749, 307200, 0, 0, 0
5849, 284160, 0, 0, 0
5949, 291840, 0, 0, 0
6050, 360960, 0, 0, 0
6150, 330240, 0, 0, 0
6249, 224969, 0, 0, 0
6349, 276480, 0, 0, 0
6449, 268800, 0, 0, 0
6549, 238080, 0, 0, 0
6649, 153600, 0, 0, 0
6749, 307200, 0, 0, 0
6849, 330240, 0, 0, 0
6949, 384000, 0, 0, 0
7049, 253440, 0, 0, 0
7150, 261120, 0, 0, 0
7250, 192000, 0, 0, 0
7350, 360960, 0, 0, 0
7450, 284160, 0, 0, 0
7550, 222720, 0, 0, 0
7650, 360960, 0, 0, 0
7749, 605090, 0, 0, 0
7849, 337920, 0, 0, 0
7949, 192000, 0, 0, 0
8049, 245760, 0, 0, 0
8149, 238080, 0, 0, 0
8250, 115200, 0, 0, 0
8350, 192000, 0, 0, 0
8450, 376320, 0, 0, 0
8550, 430080, 0, 0, 0
8650, 422400, 0, 0, 0
8749, 349090, 0, 0, 0
8849, 337920, 0, 0, 0
8949, 476160, 0, 0, 0
9049, 230400, 0, 0, 0
9149, 184320, 0, 0, 0
9250, 291840, 0, 0, 0
9350, 245760, 0, 0, 0
9450, 284160, 0, 0, 0
9550, 261120, 0, 0, 0
9650, 253440, 0, 0, 0
9749, 279272, 0, 0, 0
9849, 291840, 0, 0, 0
9949, 184320, 0, 0, 0
10049, 153600, 0, 0, 0
10149, 345600, 0, 0, 0
10249, 307200, 0, 0, 0
10349, 268800, 0, 0, 0
10449, 345600, 0, 0, 0
10550, 391680, 0, 0, 0
10650, 414720, 0, 0, 0
10749, 240484, 0, 0, 0
10849, 337920, 0, 0, 0
10949, 345600, 0, 0, 0
11049, 276480, 0, 0, 0
11149, 299520, 0, 0, 0
11249, 222720, 0, 0, 0
11349, 330240, 0, 0, 0
11449, 268800, 0, 0, 0
11550, 230400, 0, 0, 0
11650, 215040, 0, 0, 0
11749, 302545, 0, 0, 0
11849, 384000, 0, 0, 0
11949, 299520, 0, 0, 0
12049, 391680, 0, 0, 0
12149, 199680, 0, 0, 0
12249, 353280, 0, 0, 0
12349, 491520, 0, 0, 0
12449, 345600, 0, 0, 0
12550, 499200, 0, 0, 0
12650, 322560, 0, 0, 0
12749, 387878, 0, 0, 0
12849, 414720, 0, 0, 0
12949, 322560, 0, 0, 0
13049, 107520, 0, 0, 0
13149, 360960, 0, 0, 0
13249, 230400, 0, 0, 0
13349, 360960, 0, 0, 0
13449, 322560, 0, 0, 0
13549, 337920, 0, 0, 0
13650, 230400, 0, 0, 0
13749, 302545, 0, 0, 0
13849, 360960, 0, 0, 0
13949, 314880, 0, 0, 0
14049, 284160, 0, 0, 0
14149, 268800, 0, 0, 0
14249, 222720, 0, 0, 0
14349, 268800, 0, 0, 0
14449, 238080, 0, 0, 0
14549, 307200, 0, 0, 0
14649, 261120, 0, 0, 0
14749, 222720, 0, 0, 0
14850, 314880, 0, 0, 0
14950, 107520, 0, 0, 0
15050, 261120, 0, 0, 0
15150, 376320, 0, 0, 0
15249, 271515, 0, 0, 0
15349, 291840, 0, 0, 0
15449, 268800, 0, 0, 0
15549, 360960, 0, 0, 0
15649, 376320, 0, 0, 0
15749, 322560, 0, 0, 0
15849, 291840, 0, 0, 0
15949, 345600, 0, 0, 0
16050, 299520, 0, 0, 0
16150, 314880, 0, 0, 0
16249, 310303, 0, 0, 0
16349, 391680, 0, 0, 0
16449, 253440, 0, 0, 0
16549, 453120, 0, 0, 0
16649, 345600, 0, 0, 0
16749, 261120, 0, 0, 0
16849, 422400, 0, 0, 0
16949, 176640, 0, 0, 0
17049, 245760, 0, 0, 0
17150, 261120, 0, 0, 0
17250, 384000, 0, 0, 0
17350, 299520, 0, 0, 0
17450, 230400, 0, 0, 0
17550, 276480, 0, 0, 0
17650, 360960, 0, 0, 0
17749, 325818, 0, 0, 0
17849, 299520, 0, 0, 0
17949, 284160, 0, 0, 0
18049, 307200, 0, 0, 0
18149, 414720, 0, 0, 0
18250, 207360, 0, 0, 0
18350, 384000, 0, 0, 0
18450, 176640, 0, 0, 0
18550, 284160, 0, 0, 0
18650, 261120, 0, 0, 0
18749, 310303, 0, 0, 0
18849, 222720, 0, 0, 0
18949, 268800, 0, 0, 0
19049, 199680, 0, 0, 0
19149, 291840, 0, 0, 0
19249, 230400, 0, 0, 0
19349, 399360, 0, 0, 0
19449, 222720, 0, 0, 0
19550, 330240, 0, 0, 0
19650, 284160, 0, 0, 0
19749, 457696, 0, 0, 0
19849, 391680, 0, 0, 0
19949, 368640, 0, 0, 0
20049, 207360, 0, 0, 0
20149, 399360, 0, 0, 0
20249, 284160, 0, 0, 0
20349, 115200, 0, 0, 0
20449, 337920, 0, 0, 0
20550, 337920, 0, 0, 0
20650, 345600, 0, 0, 0
20749, 364606, 0, 0, 0
20849, 284160, 0, 0, 0
20949, 184320, 0, 0, 0
21049, 291840, 0, 0, 0
21149, 245760, 0, 0, 0
21249, 291840, 0, 0, 0
21349, 345600, 0, 0, 0
21449, 330240, 0, 0, 0
21549, 215040, 0, 0, 0
21649, 268800, 0, 0, 0
21750, 291840, 0, 0, 0
21850, 407040, 0, 0, 0
21950, 430080, 0, 0, 0
22050, 268800, 0, 0, 0
22150, 337920, 0, 0, 0
22249, 271515, 0, 0, 0
22349, 368640, 0, 0, 0
22449, 291840, 0, 0, 0
22549, 276480, 0, 0, 0
22649, 322560, 0, 0, 0
22749, 322560, 0, 0, 0
22849, 330240, 0, 0, 0
22950, 238080, 0, 0, 0
23050, 268800, 0, 0, 0
23150, 291840, 0, 0, 0
23249, 318060, 0, 0, 0
23349, 184320, 0, 0, 0
23449, 353280, 0, 0, 0
23549, 138240, 0, 0, 0
23649, 322560, 0, 0, 0
23749, 253440, 0, 0, 0
23849, 368640, 0, 0, 0
23949, 322560, 0, 0, 0
24050, 345600, 0, 0, 0
24150, 337920, 0, 0, 0
24249, 294787, 0, 0, 0
24349, 291840, 0, 0, 0
24449, 291840, 0, 0, 0
24549, 276480, 0, 0, 0
24649, 299520, 0, 0, 0
24749, 414720, 0, 0, 0
24849, 353280, 0, 0, 0
24949, 384000, 0, 0, 0
25050, 399360, 0, 0, 0
25150, 284160, 0, 0, 0
25249, 356848, 0, 0, 0
25349, 291840, 0, 0, 0
25449, 184320, 0, 0, 0
25549, 245760, 0, 0, 0
25649, 322560, 0, 0, 0
25749, 353280, 0, 0, 0
25849, 314880, 0, 0, 0
25949, 284160, 0, 0, 0
26049, 253440, 0, 0, 0
26150, 299520, 0, 0, 0
26249, 341333, 0, 0, 0
26349, 222720, 0, 0, 0
26449, 391680, 0, 0, 0
26549, 192000, 0, 0, 0
26649, 376320, 0, 0, 0
26749, 399360, 0, 0, 0
26849, 291840, 0, 0, 0
26949, 337920, 0, 0, 0
27049, 299520, 0, 0, 0
27149, 391680, 0, 0, 0
27249, 276480, 0, 0, 0
27350, 207360, 0, 0, 0
27450, 307200, 0, 0, 0
27550, 192000, 0, 0, 0
27650, 230400, 0, 0, 0
27749, 341333, 0, 0, 0
27849, 207360, 0, 0, 0
27949, 391680, 0, 0, 0
28049, 38400, 0, 0, 0
28149, 276480, 0, 0, 0
28249, 353280, 0, 0, 0
28349, 215040, 0, 0, 0
28449, 268800, 0, 0, 0
28550, 391680, 0, 0, 0
28650, 314880, 0, 0, 0
28749, 310303, 0, 0, 0
28849, 337920, 0, 0, 0
28949, 245760, 0, 0, 0
29049, 284160, 0, 0, 0
29149, 299520, 0, 0, 0
29249, 230400, 0, 0, 0
29349, 238080, 0, 0, 0
29449, 307200, 0, 0, 0
29550, 384000, 0, 0, 0
29650, 353280, 0, 0, 0
29749, 387878, 0, 0, 0
29849, 345600, 0, 0, 0
29949, 307200, 0, 0, 0
30049, 222720, 0, 0, 0
30149, 245760, 0, 0, 0
30249, 345600, 0, 0, 0
30349, 284160, 0, 0, 0
30449, 291840, 0, 0, 0
30549, 437760, 0, 0, 0
30649, 291840, 0, 0, 0
30750, 368640, 0, 0, 0
30850, 145920, 0, 0, 0
30950, 345600, 0, 0, 0
31050, 391680, 0, 0, 0
31150, 399360, 0, 0, 0
31249, 256000, 0, 0, 0
31349, 222720, 0, 0, 0
31449, 168960, 0, 0, 0
31549, 299520, 0, 0, 0
31649, 299520, 0, 0, 0
31749, 407040, 0, 0, 0
31849, 307200, 0, 0, 0
31950, 422400, 0, 0, 0
32050, 299520, 0, 0, 0
32150, 314880, 0, 0, 0
32249, 271515, 0, 0, 0
32349, 499200, 0, 0, 0
32449, 230400, 0, 0, 0
32549, 345600, 0, 0, 0
32649, 414720, 0, 0, 0
32749, 245760, 0, 0, 0
32849, 207360, 0, 0, 0
32949, 276480, 0, 0, 0
33050, 199680, 0, 0, 0
33150, 291840, 0, 0, 0
33249, 341333, 0, 0, 0
33349, 422400, 0, 0, 0
33449, 176640, 0, 0, 0
33549, 407040, 0, 0, 0
33649, 337920, 0, 0, 0
33749, 261120, 0, 0, 0
33849, 199680, 0, 0, 0
33949, 299520, 0, 0, 0
34050, 368640, 0, 0, 0
34150, 337920, 0, 0, 0
34249, 217212, 0, 0, 0
34349, 368640, 0, 0, 0
34449, 291840, 0, 0, 0
34549, 360960, 0, 0, 0
34649, 314880, 0, 0, 0
34749, 299520, 0, 0, 0
34849, 414720, 0, 0, 0
34949, 360960, 0, 0, 0
35049, 360960, 0, 0, 0
35149, 384000, 0, 0, 0
35250, 414720, 0, 0, 0
35350, 430080, 0, 0, 0
35450, 322560, 0, 0, 0
35550, 184320, 0, 0, 0
35650, 368640, 0, 0, 0
35749, 279272, 0, 0, 0
35849, 360960, 0, 0, 0
35949, 268800, 0, 0, 0
36049, 307200, 0, 0, 0
36149, 207360, 0, 0, 0
36249, 391680, 0, 0, 0
36350, 445440, 0, 0, 0
36450, 407040, 0, 0, 0
36550, 360960, 0, 0, 0
36650, 230400, 0, 0, 0
36749, 349090, 0, 0, 0
36849, 330240, 0, 0, 0
36949, 207360, 0, 0, 0
37049, 314880, 0, 0, 0
37149, 238080, 0, 0, 0
37249, 253440, 0, 0, 0
37349, 261120, 0, 0, 0
37450, 284160, 0, 0, 0
37550, 445440, 0, 0, 0
37650, 138240, 0, 0, 0
37749, 232727, 0, 0, 0
37849, 215040, 0, 0, 0
37949, 314880, 0, 0, 0
38049, 222720, 0, 0, 0
38149, 322560, 0, 0, 0
38249, 307200, 0, 0, 0
38349, 529920, 0, 0, 0
38450, 391680, 0, 0, 0
38550, 253440, 0, 0, 0
38650, 245760, 0, 0, 0
38749, 364606, 0, 0, 0
38849, 299520, 0, 0, 0
38949, 314880, 0, 0, 0
39049, 284160, 0, 0, 0
39149, 291840, 0, 0, 0
39249, 284160, 0, 0, 0
39349, 199680, 0, 0, 0
39449, 376320, 0, 0, 0
39550, 330240, 0, 0, 0
39650, 268800, 0, 0, 0
39749, 333575, 0, 0, 0
39849, 276480, 0, 0, 0
39949, 307200, 0, 0, 0
40049, 284160, 0, 0, 0
40149, 322560, 0, 0, 0
40249, 253440, 0, 0, 0
40349, 384000, 0, 0, 0
40449, 284160, 0, 0, 0
40549, 253440, 0, 0, 0
40650, 253440, 0, 0, 0
40750, 307200, 0, 0, 0
40850, 499200, 0, 0, 0
40950, 199680, 0, 0, 0
41050, 153600, 0, 0, 0
41150, 437760, 0, 0, 0
41249, 279272, 0, 0, 0
41349, 268800, 0, 0, 0
41449, 399360, 0, 0, 0
41549, 238080, 0, 0, 0
41649, 222720, 0, 0, 0
41749, 261120, 0, 0, 0
41850, 307200, 0, 0, 0
41950, 238080, 0, 0, 0
42050, 192000, 0, 0, 0
42150, 353280, 0, 0, 0
42249, 333575, 0, 0, 0
42349, 261120, 0, 0, 0
42449, 215040, 0, 0, 0
42549, 330240, 0, 0, 0
42649, 168960, 0, 0, 0
42749, 299520, 0, 0, 0
42849, 368640, 0, 0, 0
42949, 483840, 0, 0, 0
43050, 391680, 0, 0, 0
43150, 307200, 0, 0, 0
43249, 287030, 0, 0, 0
43349, 199680, 0, 0, 0
43449, 130560, 0, 0, 0
43549, 384000, 0, 0, 0
43649, 199680, 0, 0, 0
43749, 307200, 0, 0, 0
43849, 330240, 0, 0, 0
43949, 307200, 0, 0, 0
44050, 261120, 0, 0, 0
44150, 322560, 0, 0, 0
44249, 465454, 0, 0, 0
44349, 253440, 0, 0, 0
44449, 230400, 0, 0, 0
44549, 414720, 0, 0, 0
44649, 222720, 0, 0, 0
44749, 284160, 0, 0, 0
44849, 245760, 0, 0, 0
44949, 268800, 0, 0, 0
45050, 314880, 0, 0, 0
45150, 253440, 0, 0, 0
45249, 333575, 0, 0, 0
45349, 176640, 0, 0, 0
45449, 330240, 0, 0, 0
45549, 360960, 0, 0, 0
45649, 238080, 0, 0, 0
45749, 245760, 0, 0, 0
45849, 238080, 0, 0, 0
45949, 199680, 0, 0, 0
46049, 407040, 0, 0, 0
46149, 384000, 0, 0, 0
46250, 245760, 0, 0, 0
46350, 245760, 0, 0, 0
46450, 314880, 0, 0, 0
46550, 330240, 0, 0, 0
46650, 284160, 0, 0, 0
46749, 224969, 0, 0, 0
46849, 314880, 0, 0, 0
46949, 238080, 0, 0, 0
47049, 368640, 0, 0, 0
47149, 284160, 0, 0, 0
47249, 445440, 0, 0, 0
47349, 291840, 0, 0, 0
47450, 345600, 0, 0, 0
47550, 314880, 0, 0, 0
47650, 337920, 0, 0, 0
47749, 341333, 0, 0, 0
47849, 307200, 0, 0, 0
47949, 568320, 0, 0, 0
48049, 345600, 0, 0, 0
48149, 468480, 0, 0, 0
48249, 207360, 0, 0, 0
48349, 199680, 0, 0, 0
48450, 261120, 0, 0, 0
48550, 184320, 0, 0, 0
48650, 284160, 0, 0, 0
48749, 387878, 0, 0, 0
48849, 291840, 0, 0, 0
48949, 230400, 0, 0, 0
49049, 337920, 0, 0, 0
49149, 291840, 0, 0, 0
49249, 291840, 0, 0, 0
49349, 368640, 0, 0, 0
49449, 192000, 0, 0, 0
49550, 230400, 0, 0, 0
49650, 299520, 0, 0, 0
49749, 201696, 0, 0, 0
49849, 322560, 0, 0, 0
49949, 253440, 0, 0, 0
50049, 330240, 0, 0, 0
50149, 230400, 0, 0, 0
50249, 414720, 0, 0, 0
50349, 253440, 0, 0, 0
50449, 138240, 0, 0, 0
50549, 268800, 0, 0, 0
50649, 299520, 0, 0, 0
50749, 368640, 0, 0, 0
50850, 253440, 0, 0, 0
50950, 437760, 0, 0, 0
51050, 376320, 0, 0, 0
51150, 407040, 0, 0, 0
51249, 240484, 0, 0, 0
51349, 253440, 0, 0, 0
51449, 222720, 0, 0, 0
51549, 307200, 0, 0, 0
51649, 253440, 0, 0, 0
51749, 299520, 0, 0, 0
51849, 460800, 0, 0, 0
51949, 238080, 0, 0, 0
52050, 199680, 0, 0, 0
52150, 337920, 0, 0, 0
52249, 349090, 0, 0, 0
52349, 291840, 0, 0, 0
52449, 360960, 0, 0, 0
52549, 453120, 0, 0, 0
52649, 307200, 0, 0, 0
52749, 215040, 0, 0, 0
52849, 368640, 0, 0, 0
52949, 245760, 0, 0, 0
53049, 368640, 0, 0, 0
53149, 284160, 0, 0, 0
53250, 222720, 0, 0, 0
53350, 314880, 0, 0, 0
53450, 215040, 0, 0, 0
53550, 230400, 0, 0, 0
53650, 184320, 0, 0, 0
53749, 201696, 0, 0, 0
53849, 207360, 0, 0, 0
53949, 168960, 0, 0, 0
54049, 261120, 0, 0, 0
54149, 307200, 0, 0, 0
54249, 322560, 0, 0, 0
54349, 391680, 0, 0, 0
54450, 322560, 0, 0, 0
54550, 307200, 0, 0, 0
54650, 268800, 0, 0, 0
54749, 193939, 0, 0, 0
54849, 245760, 0, 0, 0
54949, 199680, 0, 0, 0
55049, 145920, 0, 0, 0
55149, 345600, 0, 0, 0
55249, 222720, 0, 0, 0
55349, 230400, 0, 0, 0
55449, 314880, 0, 0, 0
55550, 322560, 0, 0, 0
55650, 176640, 0, 0, 0
55749, 318060, 0, 0, 0
55849, 330240, 0, 0, 0
55949, 314880, 0, 0, 0
56049, 192000, 0, 0, 0
56149, 238080, 0, 0, 0
56249, 253440, 0, 0, 0
56349, 345600, 0, 0, 0
56449, 368640, 0, 0, 0
56549, 176640, 0, 0, 0
56650, 291840, 0, 0, 0
56749, 279272, 0, 0, 0
56849, 192000, 0, 0, 0
56949, 176640, 0, 0, 0
57049, 353280, 0, 0, 0
57149, 153600, 0, 0, 0
57249, 291840, 0, 0, 0
57349, 353280, 0, 0, 0
57449, 314880, 0, 0, 0
57549, 238080, 0, 0, 0
57649, 268800, 0, 0, 0
57750, 238080, 0, 0, 0
57850, 322560, 0, 0, 0
57950, 337920, 0, 0, 0
58050, 299520, 0, 0, 0
58150, 322560, 0, 0, 0
58249, 116363, 0, 0, 0
58349, 184320, 0, 0, 0
58449, 330240, 0, 0, 0
58549, 130560, 0, 0, 0
58649, 284160, 0, 0, 0
58749, 115200, 0, 0, 0
58849, 322560, 0, 0, 0
58950, 253440, 0, 0, 0
59050, 222720, 0, 0, 0
59150, 184320, 0, 0, 0
59249, 147393, 0, 0, 0
59349, 222720, 0, 0, 0
59449, 299520, 0, 0, 0
59549, 253440, 0, 0, 0
59649, 337920, 0, 0, 0
59749, 360960, 0, 0, 0
59849, 215040, 0, 0, 0
59949, 184320, 0, 0, 0
60050, 176640, 0, 0, 0
