100, 6320, 0, 0, 0
200, 6360, 0, 0, 0
300, 6774, 0, 0, 0
400, 7239, 0, 0, 0
502, 8400, 0, 0, 0
602, 7020, 0, 0, 0
704, 7070, 0, 0, 0
802, 6275, 0, 0, 0
901, 7223, 0, 0, 0
1005, 7271, 0, 0, 0
1101, 6822, 0, 0, 0
1203, 6148, 0, 0, 0
1303, 6565, 0, 0, 0
1400, 6736, 0, 0, 0
1504, 6353, 0, 0, 0
1601, 7293, 0, 0, 0
1704, 7180, 0, 0, 0
1803, 6792, 0, 0, 0
1905, 6816, 0, 0, 0
2000, 6602, 0, 0, 0
2100, 6190, 0, 0, 0
2202, 6314, 0, 0, 0
2300, 6346, 0, 0, 0
2401, 6555, 0, 0, 0
2500, 6418, 0, 0, 0
2601, 7292, 0, 0, 0
2701, 6785, 0, 0, 0
2801, 6877, 0, 0, 0
2901, 6824, 0, 0, 0
3002, 5989, 0, 0, 0
3101, 6186, 0, 0, 0
3201, 6879, 0, 0, 0
3301, 6472, 0, 0, 0
3403, 6994, 0, 0, 0
3501, 6669, 0, 0, 0
3603, 6368, 0, 0, 0
3702, 6611, 0, 0, 0
3801, 6563, 0, 0, 0
3901, 6850, 0, 0, 0
4002, 6012, 0, 0, 0
4100, 6625, 0, 0, 0
4201, 6591, 0, 0, 0
4301, 7083, 0, 0, 0
4405, 6405, 0, 0, 0
4501, 6292, 0, 0, 0
4602, 6418, 0, 0, 0
4700, 6191, 0, 0, 0
4800, 6044, 0, 0, 0
4901, 6251, 0, 0, 0
5001, 6485, 0, 0, 0
5103, 6681, 0, 0, 0
5200, 5882, 0, 0, 0
5302, 6579, 0, 0, 0
5403, 6469, 0, 0, 0
5501, 6263, 0, 0, 0
5604, 6075, 0, 0, 0
5701, 6177, 0, 0, 0
5800, 6275, 0, 0, 0
5907, 6430, 0, 0, 0
6002, 6426, 0, 0, 0
6102, 7238, 0, 0, 0
6202, 6548, 0, 0, 0
6301, 6854, 0, 0, 0
6400, 6625, 0, 0, 0
6500, 6290, 0, 0, 0
6600, 6853, 0, 0, 0
6700, 6775, 0, 0, 0
6800, 5781, 0, 0, 0
6901, 7323, 0, 0, 0
7002, 6405, 0, 0, 0
7100, 6445, 0, 0, 0
7200, 7660, 0, 0, 0
7300, 5869, 0, 0, 0
7401, 6400, 0, 0, 0
7501, 6376, 0, 0, 0
7600, 6344, 0, 0, 0
7702, 6259, 0, 0, 0
7802, 6161, 0, 0, 0
7900, 6254, 0, 0, 0
8002, 6675, 0, 0, 0
8101, 6857, 0, 0, 0
8201, 6980, 0, 0, 0
8300, 6420, 0, 0, 0
8401, 6404, 0, 0, 0
8500, 6337, 0, 0, 0
8600, 6613, 0, 0, 0
8702, 6927, 0, 0, 0
8808, 6537, 0, 0, 0
8900, 6879, 0, 0, 0
9002, 6588, 0, 0, 0
9100, 6788, 0, 0, 0
9203, 6755, 0, 0, 0
9302, 7046, 0, 0, 0
9400, 7159, 0, 0, 0
9503, 6526, 0, 0, 0
9601, 6766, 0, 0, 0
9700, 6806, 0, 0, 0
9800, 6888, 0, 0, 0
9903, 7556, 0, 0, 0
10001, 7488, 0, 0, 0
10105, 7195, 0, 0, 0
10200, 6330, 0, 0, 0
10300, 6422, 0, 0, 0
10403, 6994, 0, 0, 0
10502, 7033, 0, 0, 0
10601, 6309, 0, 0, 0
10700, 7636, 0, 0, 0
10800, 7191, 0, 0, 0
10900, 7166, 0, 0, 0
11000, 7712, 0, 0, 0
11101, 7325, 0, 0, 0
11200, 6866, 0, 0, 0
11303, 6781, 0, 0, 0
11400, 6382, 0, 0, 0
11506, 6447, 0, 0, 0
11602, 6710, 0, 0, 0
11700, 6128, 0, 0, 0
11804, 6486, 0, 0, 0
11901, 6416, 0, 0, 0
12001, 6005, 0, 0, 0
12101, 6161, 0, 0, 0
12200, 7305, 0, 0, 0
12300, 6674, 0, 0, 0
12400, 6380, 0, 0, 0
12500, 5989, 0, 0, 0
12600, 6566, 0, 0, 0
12701, 6441, 0, 0, 0
12801, 6113, 0, 0, 0
12900, 6587, 0, 0, 0
13000, 6419, 0, 0, 0
13101, 6528, 0, 0, 0
13201, 6392, 0, 0, 0
13300, 6617, 0, 0, 0
13401, 6807, 0, 0, 0
13500, 6409, 0, 0, 0
13600, 6678, 0, 0, 0
13702, 6306, 0, 0, 0
13800, 6379, 0, 0, 0
13900, 6736, 0, 0, 0
14002, 6842, 0, 0, 0
14100, 7145, 0, 0, 0
14205, 5637, 0, 0, 0
14300, 5962, 0, 0, 0
14400, 6699, 0, 0, 0
14505, 7002, 0, 0, 0
14601, 6739, 0, 0, 0
14703, 6599, 0, 0, 0
14801, 6570, 0, 0, 0
14901, 7063, 0, 0, 0
15000, 7338, 0, 0, 0
15100, 7225, 0, 0, 0
15200, 6734, 0, 0, 0
15305, 6944, 0, 0, 0
15401, 6564, 0, 0, 0
15500, 6482, 0, 0, 0
15600, 6771, 0, 0, 0
15700, 6832, 0, 0, 0
15805, 6481, 0, 0, 0
15902, 6471, 0, 0, 0
16001, 7074, 0, 0, 0
16101, 6548, 0, 0, 0
16200, 6503, 0, 0, 0
16302, 6311, 0, 0, 0
16402, 6924, 0, 0, 0
16501, 6316, 0, 0, 0
16600, 6332, 0, 0, 0
16701, 6321, 0, 0, 0
16800, 6476, 0, 0, 0
16904, 6981, 0, 0, 0
17000, 6801, 0, 0, 0
17104, 7136, 0, 0, 0
17202, 6638, 0, 0, 0
17303, 6917, 0, 0, 0
17400, 7028, 0, 0, 0
17501, 6839, 0, 0, 0
17602, 7519, 0, 0, 0
17700, 7942, 0, 0, 0
17802, 7147, 0, 0, 0
17900, 6701, 0, 0, 0
18001, 6906, 0, 0, 0
18103, 6347, 0, 0, 0
18204, 6241, 0, 0, 0
18302, 6005, 0, 0, 0
18400, 6228, 0, 0, 0
18502, 6650, 0, 0, 0
18608, 6340, 0, 0, 0
18700, 7229, 0, 0, 0
18800, 6750, 0, 0, 0
18901, 7215, 0, 0, 0
19000, 6669, 0, 0, 0
19102, 6367, 0, 0, 0
19205, 6581, 0, 0, 0
19300, 6213, 0, 0, 0
19400, 6643, 0, 0, 0
19500, 6482, 0, 0, 0
19601, 6607, 0, 0, 0
19700, 6622, 0, 0, 0
19803, 6313, 0, 0, 0
19904, 6052, 0, 0, 0
20001, 6454, 0, 0, 0
20107, 6081, 0, 0, 0
20200, 6250, 0, 0, 0
20301, 5341, 0, 0, 0
20400, 6596, 0, 0, 0
20500, 6429, 0, 0, 0
20600, 6188, 0, 0, 0
20702, 6045, 0, 0, 0
20802, 5954, 0, 0, 0
20900, 5968, 0, 0, 0
21000, 6347, 0, 0, 0
21100, 6625, 0, 0, 0
21200, 5664, 0, 0, 0
21301, 6751, 0, 0, 0
21403, 6561, 0, 0, 0
21503, 6312, 0, 0, 0
21602, 6049, 0, 0, 0
21703, 6227, 0, 0, 0
21804, 6618, 0, 0, 0
21901, 7331, 0, 0, 0
22002, 6605, 0, 0, 0
22101, 6785, 0, 0, 0
22201, 6298, 0, 0, 0
22301, 7188, 0, 0, 0
22403, 6730, 0, 0, 0
22503, 8094, 0, 0, 0
22603, 6285, 0, 0, 0
22705, 6355, 0, 0, 0
22801, 6227, 0, 0, 0
22900, 6175, 0, 0, 0
23000, 6880, 0, 0, 0
23105, 6493, 0, 0, 0
23203, 6294, 0, 0, 0
23301, 6002, 0, 0, 0
23400, 6290, 0, 0, 0
23502, 6385, 0, 0, 0
23603, 6621, 0, 0, 0
23702, 7104, 0, 0, 0
23802, 6780, 0, 0, 0
23900, 6973, 0, 0, 0
24000, 6552, 0, 0, 0
24102, 7588, 0, 0, 0
24204, 7168, 0, 0, 0
24304, 6507, 0, 0, 0
24403, 6901, 0, 0, 0
24501, 6712, 0, 0, 0
24604, 6626, 0, 0, 0
24700, 6529, 0, 0, 0
24801, 7190, 0, 0, 0
24900, 7114, 0, 0, 0
25001, 6596, 0, 0, 0
25103, 6689, 0, 0, 0
25200, 6569, 0, 0, 0
25301, 6086, 0, 0, 0
25400, 6744, 0, 0, 0
25502, 6421, 0, 0, 0
25600, 6045, 0, 0, 0
25705, 6554, 0, 0, 0
25802, 5424, 0, 0, 0
25900, 4969, 0, 0, 0
26002, 5234, 0, 0, 0
26100, 4794, 0, 0, 0
26200, 4847, 0, 0, 0
26302, 4189, 0, 0, 0
26402, 5431, 0, 0, 0
26502, 4503, 0, 0, 0
26602, 4500, 0, 0, 0
26701, 5114, 0, 0, 0
26801, 5477, 0, 0, 0
26901, 5234, 0, 0, 0
27003, 5288, 0, 0, 0
27100, 4459, 0, 0, 0
27200, 4945, 0, 0, 0
27302, 5180, 0, 0, 0
27402, 4187, 0, 0, 0
27502, 5151, 0, 0, 0
27600, 6610, 0, 0, 0
27701, 6551, 0, 0, 0
27802, 7029, 0, 0, 0
27900, 6812, 0, 0, 0
28003, 6597, 0, 0, 0
28100, 6711, 0, 0, 0
28201, 6851, 0, 0, 0
28300, 6548, 0, 0, 0
28400, 6680, 0, 0, 0
28500, 6243, 0, 0, 0
28600, 6735, 0, 0, 0
28700, 6639, 0, 0, 0
28800, 6730, 0, 0, 0
28903, 7737, 0, 0, 0
29002, 7170, 0, 0, 0
29104, 6257, 0, 0, 0
29201, 6466, 0, 0, 0
29300, 6674, 0, 0, 0
29403, 6246, 0, 0, 0
29503, 7102, 0, 0, 0
29601, 6702, 0, 0, 0
29700, 6293, 0, 0, 0
29805, 6114, 0, 0, 0
29900, 6920, 0, 0, 0
30002, 7711, 0, 0, 0
30100, 7107, 0, 0, 0
30202, 6940, 0, 0, 0
30302, 6961, 0, 0, 0
30401, 6201, 0, 0, 0
30501, 5872, 0, 0, 0
30602, 6298, 0, 0, 0
30700, 7496, 0, 0, 0
30800, 6840, 0, 0, 0
30900, 7372, 0, 0, 0
31001, 6881, 0, 0, 0
31100, 6897, 0, 0, 0
31201, 6178, 0, 0, 0
31301, 6783, 0, 0, 0
31400, 6161, 0, 0, 0
31503, 6110, 0, 0, 0
31604, 6271, 0, 0, 0
31703, 6117, 0, 0, 0
31801, 6509, 0, 0, 0
31901, 6400, 0, 0, 0
32000, 6194, 0, 0, 0
32102, 5771, 0, 0, 0
32203, 6389, 0, 0, 0
32300, 7461, 0, 0, 0
32400, 6807, 0, 0, 0
32500, 6667, 0, 0, 0
32600, 6574, 0, 0, 0
32701, 6898, 0, 0, 0
32802, 7001, 0, 0, 0
32900, 7635, 0, 0, 0
33001, 6942, 0, 0, 0
33104, 6674, 0, 0, 0
33204, 6807, 0, 0, 0
33305, 6996, 0, 0, 0
33402, 7514, 0, 0, 0
33500, 6660, 0, 0, 0
33600, 6291, 0, 0, 0
33700, 6441, 0, 0, 0
33800, 6419, 0, 0, 0
33900, 6787, 0, 0, 0
34000, 6215, 0, 0, 0
34101, 4678, 0, 0, 0
34200, 4768, 0, 0, 0
34304, 5903, 0, 0, 0
34400, 6112, 0, 0, 0
34501, 5335, 0, 0, 0
34600, 6370, 0, 0, 0
34700, 5595, 0, 0, 0
34800, 4559, 0, 0, 0
34902, 5102, 0, 0, 0
35001, 5402, 0, 0, 0
35105, 5957, 0, 0, 0
35203, 7275, 0, 0, 0
35300, 7486, 0, 0, 0
35403, 7067, 0, 0, 0
35503, 6532, 0, 0, 0
35601, 6836, 0, 0, 0
35700, 6950, 0, 0, 0
35800, 6675, 0, 0, 0
35900, 6254, 0, 0, 0
36004, 5799, 0, 0, 0
36100, 5993, 0, 0, 0
36203, 5044, 0, 0, 0
36302, 6815, 0, 0, 0
36400, 6600, 0, 0, 0
36500, 6772, 0, 0, 0
36603, 7000, 0, 0, 0
36700, 6324, 0, 0, 0
36802, 7053, 0, 0, 0
36903, 6717, 0, 0, 0
37000, 6475, 0, 0, 0
37108, 7462, 0, 0, 0
37200, 6745, 0, 0, 0
37300, 7040, 0, 0, 0
37400, 7321, 0, 0, 0
37501, 7997, 0, 0, 0
37602, 7475, 0, 0, 0
37703, 6832, 0, 0, 0
37801, 7062, 0, 0, 0
37902, 7273, 0, 0, 0
38006, 6741, 0, 0, 0
38102, 6596, 0, 0, 0
38202, 6840, 0, 0, 0
38306, 7738, 0, 0, 0
38400, 6693, 0, 0, 0
38502, 6471, 0, 0, 0
38600, 7394, 0, 0, 0
38700, 7247, 0, 0, 0
38803, 7447, 0, 0, 0
38900, 7329, 0, 0, 0
39000, 6584, 0, 0, 0
39100, 7846, 0, 0, 0
39205, 7816, 0, 0, 0
39303, 7194, 0, 0, 0
39401, 7065, 0, 0, 0
39501, 7282, 0, 0, 0
39600, 6555, 0, 0, 0
39704, 6602, 0, 0, 0
39800, 6992, 0, 0, 0
39903, 8040, 0, 0, 0
40002, 7015, 0, 0, 0
40106, 6547, 0, 0, 0
40203, 7242, 0, 0, 0
40302, 6995, 0, 0, 0
40400, 6986, 0, 0, 0
40500, 8212, 0, 0, 0
40600, 7142, 0, 0, 0
40704, 6768, 0, 0, 0
40801, 6757, 0, 0, 0
40900, 6347, 0, 0, 0
41000, 6665, 0, 0, 0
41100, 6999, 0, 0, 0
41203, 6992, 0, 0, 0
41300, 6154, 0, 0, 0
41402, 6354, 0, 0, 0
41500, 6771, 0, 0, 0
41600, 6474, 0, 0, 0
41702, 6297, 0, 0, 0
41800, 6534, 0, 0, 0
41900, 6136, 0, 0, 0
42001, 6381, 0, 0, 0
42100, 6319, 0, 0, 0
42207, 5921, 0, 0, 0
42300, 6428, 0, 0, 0
42400, 6332, 0, 0, 0
42500, 6383, 0, 0, 0
42601, 6622, 0, 0, 0
42700, 6564, 0, 0, 0
42803, 6729, 0, 0, 0
42901, 7748, 0, 0, 0
43000, 6744, 0, 0, 0
43100, 6473, 0, 0, 0
43200, 7277, 0, 0, 0
43300, 6914, 0, 0, 0
43401, 6684, 0, 0, 0
43500, 6649, 0, 0, 0
43600, 6141, 0, 0, 0
43700, 6324, 0, 0, 0
43801, 6592, 0, 0, 0
43901, 5797, 0, 0, 0
44004, 5501, 0, 0, 0
44100, 5844, 0, 0, 0
44205, 6252, 0, 0, 0
44304, 6098, 0, 0, 0
44401, 5146, 0, 0, 0
44500, 5395, 0, 0, 0
44600, 6134, 0, 0, 0
44700, 5630, 0, 0, 0
44801, 6879, 0, 0, 0
44900, 6796, 0, 0, 0
45005, 7321, 0, 0, 0
45100, 6735, 0, 0, 0
45201, 7095, 0, 0, 0
45301, 7378, 0, 0, 0
45401, 6360, 0, 0, 0
45501, 6998, 0, 0, 0
45600, 7139, 0, 0, 0
45700, 7466, 0, 0, 0
45800, 7067, 0, 0, 0
45900, 7457, 0, 0, 0
46002, 6490, 0, 0, 0
46100, 7311, 0, 0, 0
46200, 8103, 0, 0, 0
46300, 6551, 0, 0, 0
46401, 6586, 0, 0, 0
46503, 6556, 0, 0, 0
46601, 6814, 0, 0, 0
46700, 7236, 0, 0, 0
46801, 6853, 0, 0, 0
46900, 7178, 0, 0, 0
47000, 6284, 0, 0, 0
47101, 6727, 0, 0, 0
47201, 6891, 0, 0, 0
47301, 7113, 0, 0, 0
47402, 6198, 0, 0, 0
47502, 6758, 0, 0, 0
47605, 6789, 0, 0, 0
47702, 6313, 0, 0, 0
47800, 5644, 0, 0, 0
47901, 6283, 0, 0, 0
48000, 7022, 0, 0, 0
48102, 6760, 0, 0, 0
48201, 6519, 0, 0, 0
48300, 7060, 0, 0, 0
48400, 7301, 0, 0, 0
48501, 6918, 0, 0, 0
48606, 6417, 0, 0, 0
48700, 6243, 0, 0, 0
48800, 6283, 0, 0, 0
48900, 6530, 0, 0, 0
49003, 8090, 0, 0, 0
49100, 6828, 0, 0, 0
49200, 7018, 0, 0, 0
49300, 5836, 0, 0, 0
49400, 6441, 0, 0, 0
49502, 6798, 0, 0, 0
49600, 6968, 0, 0, 0
49702, 7144, 0, 0, 0
49801, 6724, 0, 0, 0
49902, 7203, 0, 0, 0
50002, 6511, 0, 0, 0
50103, 6819, 0, 0, 0
50201, 6432, 0, 0, 0
50301, 5801, 0, 0, 0
50400, 6806, 0, 0, 0
50504, 6269, 0, 0, 0
50600, 6779, 0, 0, 0
50702, 6124, 0, 0, 0
50800, 6695, 0, 0, 0
50901, 6800, 0, 0, 0
51001, 7195, 0, 0, 0
51105, 7808, 0, 0, 0
51205, 6894, 0, 0, 0
51302, 7280, 0, 0, 0
51400, 6542, 0, 0, 0
51503, 7166, 0, 0, 0
51600, 7096, 0, 0, 0
51702, 7149, 0, 0, 0
51801, 6707, 0, 0, 0
51904, 8100, 0, 0, 0
52000, 7320, 0, 0, 0
52101, 7629, 0, 0, 0
52201, 7117, 0, 0, 0
52303, 6975, 0, 0, 0
52400, 6599, 0, 0, 0
52503, 7149, 0, 0, 0
52602, 6293, 0, 0, 0
52702, 7661, 0, 0, 0
52800, 6713, 0, 0, 0
52902, 6747, 0, 0, 0
53001, 7285, 0, 0, 0
53101, 6463, 0, 0, 0
53201, 6618, 0, 0, 0
53305, 7025, 0, 0, 0
53400, 6932, 0, 0, 0
53504, 6614, 0, 0, 0
53600, 6739, 0, 0, 0
53702, 6913, 0, 0, 0
53802, 7294, 0, 0, 0
53901, 6910, 0, 0, 0
54002, 6596, 0, 0, 0
54100, 6670, 0, 0, 0
54200, 6372, 0, 0, 0
54300, 5979, 0, 0, 0
54405, 7209, 0, 0, 0
54503, 6559, 0, 0, 0
54602, 7453, 0, 0, 0
54700, 7074, 0, 0, 0
54803, 7801, 0, 0, 0
54909, 7182, 0, 0, 0
55000, 7600, 0, 0, 0
55102, 7284, 0, 0, 0
55200, 7247, 0, 0, 0
55300, 7021, 0, 0, 0
55400, 6632, 0, 0, 0
55500, 7508, 0, 0, 0
55603, 7567, 0, 0, 0
55700, 7079, 0, 0, 0
55802, 7655, 0, 0, 0
55903, 7375, 0, 0, 0
56005, 6911, 0, 0, 0
56101, 7894, 0, 0, 0
56202, 6428, 0, 0, 0
56305, 6953, 0, 0, 0
56400, 6679, 0, 0, 0
56500, 7798, 0, 0, 0
56602, 8563, 0, 0, 0
56703, 6218, 0, 0, 0
56801, 7695, 0, 0, 0
56904, 7341, 0, 0, 0
57003, 7535, 0, 0, 0
57101, 6706, 0, 0, 0
57201, 6205, 0, 0, 0
57302, 6700, 0, 0, 0
57400, 6613, 0, 0, 0
57500, 6840, 0, 0, 0
57601, 6860, 0, 0, 0
57700, 6934, 0, 0, 0
57804, 7336, 0, 0, 0
57900, 7211, 0, 0, 0
58000, 7206, 0, 0, 0
58101, 6776, 0, 0, 0
58203, 6773, 0, 0, 0
58300, 6257, 0, 0, 0
58401, 6331, 0, 0, 0
58500, 6530, 0, 0, 0
58600, 6736, 0, 0, 0
58703, 6670, 0, 0, 0
58800, 7040, 0, 0, 0
58902, 6621, 0, 0, 0
59000, 6440, 0, 0, 0
59103, 6026, 0, 0, 0
59201, 7086, 0, 0, 0
59300, 6884, 0, 0, 0
59401, 6286, 0, 0, 0
59502, 6647, 0, 0, 0
59601, 6443, 0, 0, 0
59701, 7315, 0, 0, 0
59800, 6879, 0, 0, 0
59903, 6528, 0, 0, 0
60007, 6638, 0, 0, 0
