250, 3832, 0, 0, 0
350, 3820, 0, 0, 0
450, 3740, 0, 0, 0
550, 3650, 0, 0, 0
650, 3730, 0, 0, 0
749, 3808, 0, 0, 0
849, 3740, 0, 0, 0
949, 3800, 0, 0, 0
1049, 3830, 0, 0, 0
1149, 3940, 0, 0, 0
1249, 3700, 0, 0, 0
1349, 3810, 0, 0, 0
1449, 3820, 0, 0, 0
1549, 3930, 0, 0, 0
1649, 3790, 0, 0, 0
1750, 3940, 0, 0, 0
1850, 3890, 0, 0, 0
1950, 3800, 0, 0, 0
2050, 3740, 0, 0, 0
2150, 3740, 0, 0, 0
2249, 3939, 0, 0, 0
2349, 3670, 0, 0, 0
2449, 3600, 0, 0, 0
2549, 3740, 0, 0, 0
2649, 3870, 0, 0, 0
2749, 3860, 0, 0, 0
2849, 3840, 0, 0, 0
2949, 3750, 0, 0, 0
3049, 3900, 0, 0, 0
3149, 3940, 0, 0, 0
3249, 3760, 0, 0, 0
3349, 3810, 0, 0, 0
3449, 3770, 0, 0, 0
3550, 3850, 0, 0, 0
3650, 3670, 0, 0, 0
3749, 3888, 0, 0, 0
3849, 3870, 0, 0, 0
3949, 3860, 0, 0, 0
4049, 3810, 0, 0, 0
4149, 3690, 0, 0, 0
4249, 3530, 0, 0, 0
4349, 3760, 0, 0, 0
4449, 3780, 0, 0, 0
4549, 3800, 0, 0, 0
4649, 3760, 0, 0, 0
4749, 3760, 0, 0, 0
4849, 3630, 0, 0, 0
4949, 3940, 0, 0, 0
5049, 3760, 0, 0, 0
5149, 3680, 0, 0, 0
5250, 3900, 0, 0, 0
5350, 4020, 0, 0, 0
5450, 3800, 0, 0, 0
5550, 4070, 0, 0, 0
5650, 3670, 0, 0, 0
5749, 3868, 0, 0, 0
5849, 3720, 0, 0, 0
5949, 3930, 0, 0, 0
6049, 3750, 0, 0, 0
6149, 3730, 0, 0, 0
6249, 3930, 0, 0, 0
6349, 4080, 0, 0, 0
6449, 3890, 0, 0, 0
6549, 3860, 0, 0, 0
6649, 3730, 0, 0, 0
6749, 3820, 0, 0, 0
6849, 3760, 0, 0, 0
6949, 3860, 0, 0, 0
7050, 3840, 0, 0, 0
7150, 3660, 0, 0, 0
7249, 3707, 0, 0, 0
7349, 3850, 0, 0, 0
7449, 3820, 0, 0, 0
7549, 3790, 0, 0, 0
7649, 3710, 0, 0, 0
7749, 3750, 0, 0, 0
7849, 3810, 0, 0, 0
7949, 3860, 0, 0, 0
8049, 3980, 0, 0, 0
8149, 3720, 0, 0, 0
8249, 3770, 0, 0, 0
8349, 3760, 0, 0, 0
8449, 3800, 0, 0, 0
8549, 3770, 0, 0, 0
8649, 3930, 0, 0, 0
8750, 3960, 0, 0, 0
8850, 3750, 0, 0, 0
8950, 3960, 0, 0, 0
9050, 3820, 0, 0, 0
9150, 3790, 0, 0, 0
9249, 3858, 0, 0, 0
9349, 3720, 0, 0, 0
9449, 3820, 0, 0, 0
9549, 3800, 0, 0, 0
9649, 3930, 0, 0, 0
9749, 3860, 0, 0, 0
9849, 3810, 0, 0, 0
9949, 3700, 0, 0, 0
10049, 3860, 0, 0, 0
10149, 3870, 0, 0, 0
10250, 3890, 0, 0, 0
10350, 3660, 0, 0, 0
10450, 3780, 0, 0, 0
10550, 3740, 0, 0, 0
10650, 3790, 0, 0, 0
10749, 3505, 0, 0, 0
10849, 3790, 0, 0, 0
10949, 3910, 0, 0, 0
11049, 3750, 0, 0, 0
11149, 3870, 0, 0, 0
11249, 3580, 0, 0, 0
11349, 3700, 0, 0, 0
11449, 3860, 0, 0, 0
11549, 3800, 0, 0, 0
11649, 3890, 0, 0, 0
11749, 3650, 0, 0, 0
11849, 3740, 0, 0, 0
11949, 3740, 0, 0, 0
12050, 3820, 0, 0, 0
12150, 3870, 0, 0, 0
12249, 3858, 0, 0, 0
12349, 3650, 0, 0, 0
12449, 3720, 0, 0, 0
12549, 3780, 0, 0, 0
12649, 3900, 0, 0, 0
12749, 3680, 0, 0, 0
12849, 3600, 0, 0, 0
12949, 3650, 0, 0, 0
13049, 3780, 0, 0, 0
13149, 3680, 0, 0, 0
13249, 3740, 0, 0, 0
13349, 3760, 0, 0, 0
13449, 3700, 0, 0, 0
13549, 3710, 0, 0, 0
13649, 3760, 0, 0, 0
13749, 3860, 0, 0, 0
13850, 3660, 0, 0, 0
13950, 3910, 0, 0, 0
14050, 3860, 0, 0, 0
14150, 3870, 0, 0, 0
14249, 3898, 0, 0, 0
14349, 3710, 0, 0, 0
14449, 3850, 0, 0, 0
14549, 3830, 0, 0, 0
14649, 3750, 0, 0, 0
14749, 3610, 0, 0, 0
14849, 3780, 0, 0, 0
14949, 3760, 0, 0, 0
15049, 3820, 0, 0, 0
15149, 3830, 0, 0, 0
15249, 3800, 0, 0, 0
15349, 4020, 0, 0, 0
15449, 3880, 0, 0, 0
15549, 4000, 0, 0, 0
15649, 3850, 0, 0, 0
15750, 3760, 0, 0, 0
15850, 3920, 0, 0, 0
15950, 3930, 0, 0, 0
16050, 3690, 0, 0, 0
16150, 3760, 0, 0, 0
16249, 3848, 0, 0, 0
16349, 3890, 0, 0, 0
16449, 3790, 0, 0, 0
16549, 3810, 0, 0, 0
16649, 3800, 0, 0, 0
16749, 3850, 0, 0, 0
16849, 3810, 0, 0, 0
16949, 3820, 0, 0, 0
17049, 3930, 0, 0, 0
17149, 3860, 0, 0, 0
17249, 3900, 0, 0, 0
17349, 3810, 0, 0, 0
17449, 3720, 0, 0, 0
17550, 3880, 0, 0, 0
17650, 3950, 0, 0, 0
17749, 3868, 0, 0, 0
17849, 3850, 0, 0, 0
17949, 3990, 0, 0, 0
18049, 4110, 0, 0, 0
18149, 3870, 0, 0, 0
18249, 3820, 0, 0, 0
18349, 3930, 0, 0, 0
18449, 3830, 0, 0, 0
18549, 3950, 0, 0, 0
18649, 3770, 0, 0, 0
18749, 3810, 0, 0, 0
18849, 3780, 0, 0, 0
18949, 3910, 0, 0, 0
19049, 3780, 0, 0, 0
19150, 3840, 0, 0, 0
19249, 3898, 0, 0, 0
19349, 3700, 0, 0, 0
19449, 4010, 0, 0, 0
19549, 3810, 0, 0, 0
19649, 3900, 0, 0, 0
19749, 3720, 0, 0, 0
19849, 3850, 0, 0, 0
19949, 3810, 0, 0, 0
20049, 3740, 0, 0, 0
20149, 3690, 0, 0, 0
20249, 3920, 0, 0, 0
20349, 3800, 0, 0, 0
20449, 3950, 0, 0, 0
20549, 3730, 0, 0, 0
20649, 3900, 0, 0, 0
20749, 3870, 0, 0, 0
20849, 3800, 0, 0, 0
20950, 3890, 0, 0, 0
21050, 3760, 0, 0, 0
21150, 3840, 0, 0, 0
21249, 3848, 0, 0, 0
21349, 3750, 0, 0, 0
21449, 3770, 0, 0, 0
21549, 3940, 0, 0, 0
21649, 3730, 0, 0, 0
21749, 3790, 0, 0, 0
21849, 4020, 0, 0, 0
21949, 3930, 0, 0, 0
22049, 3950, 0, 0, 0
22149, 3920, 0, 0, 0
22249, 3840, 0, 0, 0
22349, 3850, 0, 0, 0
22449, 3700, 0, 0, 0
22550, 3630, 0, 0, 0
22650, 3800, 0, 0, 0
22749, 3939, 0, 0, 0
22849, 3850, 0, 0, 0
22949, 3890, 0, 0, 0
23049, 3860, 0, 0, 0
23149, 3910, 0, 0, 0
23249, 3870, 0, 0, 0
23349, 3700, 0, 0, 0
23449, 3950, 0, 0, 0
23549, 3870, 0, 0, 0
23649, 3860, 0, 0, 0
23749, 3820, 0, 0, 0
23849, 3990, 0, 0, 0
23949, 3850, 0, 0, 0
24049, 3680, 0, 0, 0
24149, 3840, 0, 0, 0
24250, 3720, 0, 0, 0
24350, 3830, 0, 0, 0
24450, 3920, 0, 0, 0
24550, 3890, 0, 0, 0
24650, 3860, 0, 0, 0
24749, 3808, 0, 0, 0
24849, 3830, 0, 0, 0
24949, 3890, 0, 0, 0
25049, 3810, 0, 0, 0
25149, 3860, 0, 0, 0
25249, 3840, 0, 0, 0
25349, 3870, 0, 0, 0
25449, 3740, 0, 0, 0
25549, 3640, 0, 0, 0
25649, 3750, 0, 0, 0
25749, 3820, 0, 0, 0
25849, 3890, 0, 0, 0
25950, 3980, 0, 0, 0
26050, 3850, 0, 0, 0
26150, 4000, 0, 0, 0
26249, 3929, 0, 0, 0
26349, 3880, 0, 0, 0
26449, 3780, 0, 0, 0
26549, 3860, 0, 0, 0
26649, 3880, 0, 0, 0
26749, 3870, 0, 0, 0
26849, 3900, 0, 0, 0
26949, 3890, 0, 0, 0
27049, 3710, 0, 0, 0
27149, 3830, 0, 0, 0
27249, 3910, 0, 0, 0
27349, 4030, 0, 0, 0
27449, 3840, 0, 0, 0
27550, 4020, 0, 0, 0
27650, 4070, 0, 0, 0
27749, 3919, 0, 0, 0
27849, 3800, 0, 0, 0
27949, 4010, 0, 0, 0
28049, 4020, 0, 0, 0
28149, 4170, 0, 0, 0
28249, 3780, 0, 0, 0
28349, 3980, 0, 0, 0
28449, 3930, 0, 0, 0
28549, 4000, 0, 0, 0
28649, 3920, 0, 0, 0
28749, 3940, 0, 0, 0
28849, 3980, 0, 0, 0
28949, 3840, 0, 0, 0
29049, 3900, 0, 0, 0
29150, 3840, 0, 0, 0
29249, 3979, 0, 0, 0
29349, 3840, 0, 0, 0
29449, 3760, 0, 0, 0
29549, 3960, 0, 0, 0
29649, 3800, 0, 0, 0
29749, 3820, 0, 0, 0
29849, 3830, 0, 0, 0
29949, 3770, 0, 0, 0
30049, 3830, 0, 0, 0
30149, 3820, 0, 0, 0
30249, 3900, 0, 0, 0
30349, 3850, 0, 0, 0
30449, 3630, 0, 0, 0
30549, 3900, 0, 0, 0
30649, 3720, 0, 0, 0
30749, 3920, 0, 0, 0
30849, 3980, 0, 0, 0
30950, 3980, 0, 0, 0
31050, 3940, 0, 0, 0
31150, 3850, 0, 0, 0
31249, 3767, 0, 0, 0
31349, 3740, 0, 0, 0
31449, 3740, 0, 0, 0
31549, 3900, 0, 0, 0
31649, 3920, 0, 0, 0
31749, 3840, 0, 0, 0
31849, 3840, 0, 0, 0
31949, 3840, 0, 0, 0
32049, 3760, 0, 0, 0
32149, 3860, 0, 0, 0
32249, 3860, 0, 0, 0
32349, 3850, 0, 0, 0
32449, 3880, 0, 0, 0
32549, 3920, 0, 0, 0
32650, 3870, 0, 0, 0
32749, 3787, 0, 0, 0
32849, 4020, 0, 0, 0
32949, 3870, 0, 0, 0
33049, 3690, 0, 0, 0
33149, 3790, 0, 0, 0
33249, 3820, 0, 0, 0
33349, 3660, 0, 0, 0
33449, 3830, 0, 0, 0
33549, 3780, 0, 0, 0
33649, 4050, 0, 0, 0
33749, 3900, 0, 0, 0
33849, 3690, 0, 0, 0
33949, 3850, 0, 0, 0
34049, 3760, 0, 0, 0
34149, 3860, 0, 0, 0
34249, 3950, 0, 0, 0
34349, 3740, 0, 0, 0
34450, 3860, 0, 0, 0
34550, 3880, 0, 0, 0
34650, 3840, 0, 0, 0
34749, 3797, 0, 0, 0
34849, 3640, 0, 0, 0
34949, 3590, 0, 0, 0
35049, 3900, 0, 0, 0
35149, 3980, 0, 0, 0
35249, 3870, 0, 0, 0
35349, 3890, 0, 0, 0
35449, 3770, 0, 0, 0
35549, 3790, 0, 0, 0
35649, 3940, 0, 0, 0
35749, 3940, 0, 0, 0
35849, 3860, 0, 0, 0
35949, 3880, 0, 0, 0
36049, 3840, 0, 0, 0
36149, 3900, 0, 0, 0
36250, 3850, 0, 0, 0
36350, 3770, 0, 0, 0
36450, 3810, 0, 0, 0
36550, 3910, 0, 0, 0
36650, 4140, 0, 0, 0
36749, 3989, 0, 0, 0
36849, 3900, 0, 0, 0
36949, 3890, 0, 0, 0
37049, 3860, 0, 0, 0
37149, 3850, 0, 0, 0
37249, 3810, 0, 0, 0
37349, 4020, 0, 0, 0
37449, 4070, 0, 0, 0
37549, 3890, 0, 0, 0
37649, 3950, 0, 0, 0
37749, 3960, 0, 0, 0
37849, 3720, 0, 0, 0
37949, 3870, 0, 0, 0
38050, 3960, 0, 0, 0
38150, 3910, 0, 0, 0
38249, 3737, 0, 0, 0
38349, 3970, 0, 0, 0
38449, 3900, 0, 0, 0
38549, 3720, 0, 0, 0
38649, 3890, 0, 0, 0
38749, 3910, 0, 0, 0
38849, 3690, 0, 0, 0
38949, 3970, 0, 0, 0
39049, 3880, 0, 0, 0
39149, 3910, 0, 0, 0
39249, 3880, 0, 0, 0
39349, 3810, 0, 0, 0
39449, 3970, 0, 0, 0
39549, 3740, 0, 0, 0
39649, 3850, 0, 0, 0
39750, 3740, 0, 0, 0
39850, 3840, 0, 0, 0
39950, 3890, 0, 0, 0
40050, 3850, 0, 0, 0
40150, 3880, 0, 0, 0
40249, 3828, 0, 0, 0
40349, 4050, 0, 0, 0
40449, 3810, 0, 0, 0
40549, 3830, 0, 0, 0
40649, 3880, 0, 0, 0
40749, 4030, 0, 0, 0
40849, 3970, 0, 0, 0
40949, 3870, 0, 0, 0
41049, 3810, 0, 0, 0
41149, 3700, 0, 0, 0
41249, 3940, 0, 0, 0
41349, 3790, 0, 0, 0
41449, 3770, 0, 0, 0
41550, 3880, 0, 0, 0
41650, 3910, 0, 0, 0
41749, 4050, 0, 0, 0
41849, 4090, 0, 0, 0
41949, 3840, 0, 0, 0
42049, 3990, 0, 0, 0
42149, 4000, 0, 0, 0
42249, 3970, 0, 0, 0
42349, 3970, 0, 0, 0
42449, 3920, 0, 0, 0
42549, 3810, 0, 0, 0
42649, 4010, 0, 0, 0
42749, 3970, 0, 0, 0
42849, 3680, 0, 0, 0
42949, 4000, 0, 0, 0
43049, 3960, 0, 0, 0
43149, 3860, 0, 0, 0
43250, 3990, 0, 0, 0
43350, 3970, 0, 0, 0
43450, 4220, 0, 0, 0
43550, 4140, 0, 0, 0
43650, 4100, 0, 0, 0
43749, 3949, 0, 0, 0
43849, 4090, 0, 0, 0
43949, 4050, 0, 0, 0
44049, 4070, 0, 0, 0
44149, 3860, 0, 0, 0
44249, 3880, 0, 0, 0
44349, 3790, 0, 0, 0
44449, 3790, 0, 0, 0
44549, 3810, 0, 0, 0
44649, 3900, 0, 0, 0
44749, 3940, 0, 0, 0
44850, 3960, 0, 0, 0
44950, 3970, 0, 0, 0
45050, 3990, 0, 0, 0
45150, 3790, 0, 0, 0
45249, 3909, 0, 0, 0
45349, 3930, 0, 0, 0
45449, 3890, 0, 0, 0
45549, 3730, 0, 0, 0
45649, 3690, 0, 0, 0
45749, 3860, 0, 0, 0
45849, 3960, 0, 0, 0
45949, 3820, 0, 0, 0
46049, 3680, 0, 0, 0
46149, 3900, 0, 0, 0
46249, 4000, 0, 0, 0
46349, 3850, 0, 0, 0
46449, 3950, 0, 0, 0
46550, 3750, 0, 0, 0
46650, 3970, 0, 0, 0
46749, 3929, 0, 0, 0
46849, 3890, 0, 0, 0
46949, 3620, 0, 0, 0
47049, 3790, 0, 0, 0
47149, 3760, 0, 0, 0
47249, 3900, 0, 0, 0
47349, 3710, 0, 0, 0
47449, 3920, 0, 0, 0
47549, 3840, 0, 0, 0
47649, 3980, 0, 0, 0
47749, 3990, 0, 0, 0
47849, 3750, 0, 0, 0
47949, 3870, 0, 0, 0
48049, 3880, 0, 0, 0
48150, 3830, 0, 0, 0
48249, 3888, 0, 0, 0
48349, 3860, 0, 0, 0
48449, 3910, 0, 0, 0
48549, 3970, 0, 0, 0
48649, 3760, 0, 0, 0
48749, 3870, 0, 0, 0
48849, 3860, 0, 0, 0
48949, 3940, 0, 0, 0
49049, 3970, 0, 0, 0
49149, 3930, 0, 0, 0
49249, 3980, 0, 0, 0
49349, 3940, 0, 0, 0
49449, 3840, 0, 0, 0
49549, 3900, 0, 0, 0
49649, 3920, 0, 0, 0
49750, 3820, 0, 0, 0
49850, 3800, 0, 0, 0
49950, 3950, 0, 0, 0
50050, 3800, 0, 0, 0
50150, 3860, 0, 0, 0
50249, 3737, 0, 0, 0
50349, 3720, 0, 0, 0
50449, 3780, 0, 0, 0
50549, 3700, 0, 0, 0
50649, 3890, 0, 0, 0
50749, 3800, 0, 0, 0
50849, 3710, 0, 0, 0
50949, 3760, 0, 0, 0
51049, 3930, 0, 0, 0
51149, 3880, 0, 0, 0
51249, 3890, 0, 0, 0
51349, 3900, 0, 0, 0
51449, 3900, 0, 0, 0
51550, 3960, 0, 0, 0
51650, 3850, 0, 0, 0
51749, 3787, 0, 0, 0
51849, 3770, 0, 0, 0
51949, 3890, 0, 0, 0
52049, 3880, 0, 0, 0
52149, 3880, 0, 0, 0
52249, 3950, 0, 0, 0
52349, 3740, 0, 0, 0
52449, 3840, 0, 0, 0
52549, 3850, 0, 0, 0
52649, 3890, 0, 0, 0
52749, 3970, 0, 0, 0
52849, 3940, 0, 0, 0
52949, 3910, 0, 0, 0
53049, 3920, 0, 0, 0
53149, 3720, 0, 0, 0
53250, 3840, 0, 0, 0
53350, 3900, 0, 0, 0
53450, 3650, 0, 0, 0
53550, 3850, 0, 0, 0
53650, 3840, 0, 0, 0
53749, 3959, 0, 0, 0
53849, 4000, 0, 0, 0
53949, 4090, 0, 0, 0
54049, 3900, 0, 0, 0
54149, 3910, 0, 0, 0
54249, 3750, 0, 0, 0
54349, 3890, 0, 0, 0
54449, 3890, 0, 0, 0
54549, 3870, 0, 0, 0
54649, 3820, 0, 0, 0
54749, 3800, 0, 0, 0
54849, 4130, 0, 0, 0
54950, 4010, 0, 0, 0
55050, 3860, 0, 0, 0
55150, 3940, 0, 0, 0
55249, 3929, 0, 0, 0
55349, 3860, 0, 0, 0
55449, 3770, 0, 0, 0
55549, 3840, 0, 0, 0
55649, 4020, 0, 0, 0
55749, 3780, 0, 0, 0
55849, 3910, 0, 0, 0
55949, 3910, 0, 0, 0
56049, 3970, 0, 0, 0
56149, 4030, 0, 0, 0
56249, 3850, 0, 0, 0
56349, 3800, 0, 0, 0
56449, 3910, 0, 0, 0
56549, 3880, 0, 0, 0
56650, 3870, 0, 0, 0
56749, 3858, 0, 0, 0
56849, 3950, 0, 0, 0
56949, 3770, 0, 0, 0
57049, 3970, 0, 0, 0
57149, 3870, 0, 0, 0
57249, 3810, 0, 0, 0
57349, 3870, 0, 0, 0
57449, 3910, 0, 0, 0
57549, 3780, 0, 0, 0
57649, 3620, 0, 0, 0
57749, 3860, 0, 0, 0
57849, 4020, 0, 0, 0
57949, 3950, 0, 0, 0
58049, 3700, 0, 0, 0
58149, 3740, 0, 0, 0
58249, 3820, 0, 0, 0
58349, 3810, 0, 0, 0
58450, 3920, 0, 0, 0
58550, 4100, 0, 0, 0
58650, 4010, 0, 0, 0
58749, 3939, 0, 0, 0
58849, 3810, 0, 0, 0
58949, 3920, 0, 0, 0
59049, 4070, 0, 0, 0
59149, 4100, 0, 0, 0
59249, 3930, 0, 0, 0
59349, 3850, 0, 0, 0
59449, 3850, 0, 0, 0
59549, 3960, 0, 0, 0
59649, 3870, 0, 0, 0
59749, 3870, 0, 0, 0
59849, 3820, 0, 0, 0
59949, 3790, 0, 0, 0
60049, 3880, 0, 0, 0
60150, 3830, 0, 0, 0
60249, 3828, 0, 0, 0
60349, 3860, 0, 0, 0
60449, 3870, 0, 0, 0
60549, 3870, 0, 0, 0
60649, 3930, 0, 0, 0
60749, 3870, 0, 0, 0
60849, 3850, 0, 0, 0
60949, 3900, 0, 0, 0
61049, 3790, 0, 0, 0
61149, 3990, 0, 0, 0
61249, 3850, 0, 0, 0
61349, 3960, 0, 0, 0
61449, 3830, 0, 0, 0
61549, 3900, 0, 0, 0
61649, 3800, 0, 0, 0
61750, 3920, 0, 0, 0
61850, 3780, 0, 0, 0
61950, 4040, 0, 0, 0
62050, 3960, 0, 0, 0
62150, 3950, 0, 0, 0
62249, 4070, 0, 0, 0
62349, 3880, 0, 0, 0
62449, 3910, 0, 0, 0
62549, 4150, 0, 0, 0
62649, 3860, 0, 0, 0
62749, 3910, 0, 0, 0
62849, 3920, 0, 0, 0
62949, 4060, 0, 0, 0
63049, 3860, 0, 0, 0
63149, 3930, 0, 0, 0
63249, 3880, 0, 0, 0
63349, 3770, 0, 0, 0
63449, 3840, 0, 0, 0
63550, 4020, 0, 0, 0
63650, 3960, 0, 0, 0
63749, 3969, 0, 0, 0
63849, 3960, 0, 0, 0
63949, 3960, 0, 0, 0
64049, 3980, 0, 0, 0
64149, 3900, 0, 0, 0
64249, 4070, 0, 0, 0
64349, 4050, 0, 0, 0
64449, 3860, 0, 0, 0
64549, 3970, 0, 0, 0
64649, 3840, 0, 0, 0
64749, 3790, 0, 0, 0
64849, 3940, 0, 0, 0
64949, 3940, 0, 0, 0
65049, 3980, 0, 0, 0
65149, 3950, 0, 0, 0
65249, 3860, 0, 0, 0
65350, 3960, 0, 0, 0
65450, 4000, 0, 0, 0
65550, 3940, 0, 0, 0
65650, 3920, 0, 0, 0
65749, 3878, 0, 0, 0
65849, 3850, 0, 0, 0
65949, 3890, 0, 0, 0
66049, 3840, 0, 0, 0
66149, 3700, 0, 0, 0
66249, 3670, 0, 0, 0
66349, 3970, 0, 0, 0
66449, 3920, 0, 0, 0
66549, 3840, 0, 0, 0
66649, 4020, 0, 0, 0
66749, 3920, 0, 0, 0
66849, 3900, 0, 0, 0
66949, 4100, 0, 0, 0
67050, 4020, 0, 0, 0
67150, 3910, 0, 0, 0
67249, 3828, 0, 0, 0
67349, 3920, 0, 0, 0
67449, 3880, 0, 0, 0
67549, 3960, 0, 0, 0
67649, 3980, 0, 0, 0
67749, 3880, 0, 0, 0
67849, 3860, 0, 0, 0
67949, 3920, 0, 0, 0
68049, 3780, 0, 0, 0
68149, 3880, 0, 0, 0
68249, 3990, 0, 0, 0
68349, 3930, 0, 0, 0
68449, 3890, 0, 0, 0
68549, 3910, 0, 0, 0
68650, 3750, 0, 0, 0
68749, 3818, 0, 0, 0
68849, 3690, 0, 0, 0
68949, 3760, 0, 0, 0
69049, 3840, 0, 0, 0
69149, 3900, 0, 0, 0
69249, 3850, 0, 0, 0
69349, 3900, 0, 0, 0
69449, 3830, 0, 0, 0
69549, 3800, 0, 0, 0
69649, 3910, 0, 0, 0
69749, 3870, 0, 0, 0
69849, 3700, 0, 0, 0
69949, 3920, 0, 0, 0
70049, 3970, 0, 0, 0
70149, 3830, 0, 0, 0
70249, 3910, 0, 0, 0
70349, 3850, 0, 0, 0
70450, 3900, 0, 0, 0
70550, 3900, 0, 0, 0
70650, 3870, 0, 0, 0
70749, 3979, 0, 0, 0
70849, 3830, 0, 0, 0
70949, 3960, 0, 0, 0
71049, 4070, 0, 0, 0
71149, 3910, 0, 0, 0
71249, 3900, 0, 0, 0
71349, 3730, 0, 0, 0
71449, 3720, 0, 0, 0
71549, 3870, 0, 0, 0
71649, 3910, 0, 0, 0
71749, 3910, 0, 0, 0
71849, 3820, 0, 0, 0
71949, 3810, 0, 0, 0
72050, 3830, 0, 0, 0
72150, 3750, 0, 0, 0
72249, 3808, 0, 0, 0
72349, 3830, 0, 0, 0
72449, 3870, 0, 0, 0
72549, 3820, 0, 0, 0
72649, 3860, 0, 0, 0
72749, 3770, 0, 0, 0
72849, 3680, 0, 0, 0
72949, 3780, 0, 0, 0
73049, 3780, 0, 0, 0
73149, 3850, 0, 0, 0
73249, 3950, 0, 0, 0
73349, 3910, 0, 0, 0
73449, 3950, 0, 0, 0
73549, 4020, 0, 0, 0
73649, 3970, 0, 0, 0
73750, 3910, 0, 0, 0
73850, 3910, 0, 0, 0
73950, 3770, 0, 0, 0
74050, 3920, 0, 0, 0
74150, 3920, 0, 0, 0
74249, 3878, 0, 0, 0
74349, 3910, 0, 0, 0
74449, 3890, 0, 0, 0
74549, 3970, 0, 0, 0
74649, 3920, 0, 0, 0
74749, 3640, 0, 0, 0
74849, 3960, 0, 0, 0
74949, 3750, 0, 0, 0
75049, 3700, 0, 0, 0
75149, 3800, 0, 0, 0
75250, 3810, 0, 0, 0
75350, 3930, 0, 0, 0
75450, 4010, 0, 0, 0
75550, 3780, 0, 0, 0
75650, 3840, 0, 0, 0
75749, 3939, 0, 0, 0
75849, 3870, 0, 0, 0
75949, 3850, 0, 0, 0
76049, 3840, 0, 0, 0
76149, 3870, 0, 0, 0
76249, 3870, 0, 0, 0
76349, 3820, 0, 0, 0
76449, 3870, 0, 0, 0
76549, 3840, 0, 0, 0
76649, 3920, 0, 0, 0
76749, 3870, 0, 0, 0
76849, 3950, 0, 0, 0
76949, 3820, 0, 0, 0
77050, 3860, 0, 0, 0
77150, 4000, 0, 0, 0
77249, 3838, 0, 0, 0
77349, 4060, 0, 0, 0
77449, 3870, 0, 0, 0
77549, 3870, 0, 0, 0
77649, 3900, 0, 0, 0
77749, 3820, 0, 0, 0
77849, 3670, 0, 0, 0
77949, 3800, 0, 0, 0
78049, 3910, 0, 0, 0
78149, 3940, 0, 0, 0
78249, 3710, 0, 0, 0
78349, 3700, 0, 0, 0
78449, 3840, 0, 0, 0
78549, 3900, 0, 0, 0
78650, 3820, 0, 0, 0
78749, 3888, 0, 0, 0
78849, 3910, 0, 0, 0
78949, 3850, 0, 0, 0
79049, 3900, 0, 0, 0
79149, 3940, 0, 0, 0
79249, 3860, 0, 0, 0
79349, 3900, 0, 0, 0
79449, 3860, 0, 0, 0
79549, 3790, 0, 0, 0
79649, 3860, 0, 0, 0
79749, 4010, 0, 0, 0
79849, 3880, 0, 0, 0
79949, 3910, 0, 0, 0
80049, 3820, 0, 0, 0
80149, 3810, 0, 0, 0
80250, 3920, 0, 0, 0
80350, 3750, 0, 0, 0
80450, 3950, 0, 0, 0
80550, 3980, 0, 0, 0
80650, 4040, 0, 0, 0
80749, 3878, 0, 0, 0
80849, 3750, 0, 0, 0
80949, 3860, 0, 0, 0
81049, 3750, 0, 0, 0
81149, 3780, 0, 0, 0
81249, 3730, 0, 0, 0
81349, 3830, 0, 0, 0
81449, 3740, 0, 0, 0
81549, 3920, 0, 0, 0
81649, 3820, 0, 0, 0
81749, 3960, 0, 0, 0
81850, 3860, 0, 0, 0
81950, 3840, 0, 0, 0
82050, 3910, 0, 0, 0
82150, 3830, 0, 0, 0
82249, 3888, 0, 0, 0
82349, 3940, 0, 0, 0
82449, 3920, 0, 0, 0
82549, 3930, 0, 0, 0
82649, 3800, 0, 0, 0
82749, 3830, 0, 0, 0
82849, 3840, 0, 0, 0
82949, 3800, 0, 0, 0
83049, 3710, 0, 0, 0
83149, 3840, 0, 0, 0
83249, 3890, 0, 0, 0
83349, 3800, 0, 0, 0
83449, 3830, 0, 0, 0
83549, 3930, 0, 0, 0
83650, 3870, 0, 0, 0
83749, 3929, 0, 0, 0
83849, 3870, 0, 0, 0
83949, 3990, 0, 0, 0
84049, 3910, 0, 0, 0
84149, 3830, 0, 0, 0
84249, 3850, 0, 0, 0
84349, 3720, 0, 0, 0
84449, 3770, 0, 0, 0
84549, 3950, 0, 0, 0
84649, 3860, 0, 0, 0
84749, 3970, 0, 0, 0
84849, 3760, 0, 0, 0
84949, 3850, 0, 0, 0
85049, 3960, 0, 0, 0
85149, 3830, 0, 0, 0
85249, 3930, 0, 0, 0
85350, 3890, 0, 0, 0
85450, 3940, 0, 0, 0
85550, 3880, 0, 0, 0
85650, 3900, 0, 0, 0
85749, 3828, 0, 0, 0
85849, 3990, 0, 0, 0
85949, 4060, 0, 0, 0
86049, 3750, 0, 0, 0
86149, 3950, 0, 0, 0
86249, 3880, 0, 0, 0
86349, 3900, 0, 0, 0
86449, 3920, 0, 0, 0
86549, 3980, 0, 0, 0
86649, 3840, 0, 0, 0
86749, 3930, 0, 0, 0
86849, 3910, 0, 0, 0
86949, 4120, 0, 0, 0
87050, 3800, 0, 0, 0
87150, 3750, 0, 0, 0
87249, 3949, 0, 0, 0
87349, 3890, 0, 0, 0
87449, 3870, 0, 0, 0
87549, 3880, 0, 0, 0
87649, 3940, 0, 0, 0
87749, 3830, 0, 0, 0
87849, 3950, 0, 0, 0
87949, 3770, 0, 0, 0
88049, 3860, 0, 0, 0
88149, 3800, 0, 0, 0
88249, 3980, 0, 0, 0
88349, 3800, 0, 0, 0
88449, 3930, 0, 0, 0
88549, 3930, 0, 0, 0
88649, 3850, 0, 0, 0
88750, 3840, 0, 0, 0
88850, 3950, 0, 0, 0
88950, 3840, 0, 0, 0
89050, 3860, 0, 0, 0
89150, 3730, 0, 0, 0
89249, 3787, 0, 0, 0
89349, 3900, 0, 0, 0
89449, 4060, 0, 0, 0
89549, 3960, 0, 0, 0
89649, 3990, 0, 0, 0
89749, 4050, 0, 0, 0
89849, 4040, 0, 0, 0
89949, 3770, 0, 0, 0
