102, 3187907, 0, 0, 0
202, 3237107, 0, 0, 0
300, 3478842, 0, 0, 0
401, 2981557, 0, 0, 0
504, 2930609, 0, 0, 0
602, 3261339, 0, 0, 0
701, 3195513, 0, 0, 0
802, 3152095, 0, 0, 0
901, 3313001, 0, 0, 0
1005, 3451349, 0, 0, 0
1104, 3296268, 0, 0, 0
1202, 3074958, 0, 0, 0
1301, 3390127, 0, 0, 0
1403, 2917412, 0, 0, 0
1501, 3267166, 0, 0, 0
1601, 3133118, 0, 0, 0
1701, 3306516, 0, 0, 0
1801, 3149915, 0, 0, 0
1900, 2734890, 0, 0, 0
2003, 2581724, 0, 0, 0
2100, 3213970, 0, 0, 0
2200, 3575428, 0, 0, 0
2300, 3315703, 0, 0, 0
2402, 3515946, 0, 0, 0
2502, 2962031, 0, 0, 0
2604, 2899488, 0, 0, 0
2700, 3085347, 0, 0, 0
2800, 2961612, 0, 0, 0
2901, 2781000, 0, 0, 0
3001, 3591989, 0, 0, 0
3100, 3068925, 0, 0, 0
3203, 3246467, 0, 0, 0
3300, 2911460, 0, 0, 0
3400, 3042929, 0, 0, 0
3501, 3242385, 0, 0, 0
3602, 3477141, 0, 0, 0
3701, 3186195, 0, 0, 0
3801, 2958958, 0, 0, 0
3901, 2564539, 0, 0, 0
4002, 2728172, 0, 0, 0
4101, 3279221, 0, 0, 0
4201, 3023868, 0, 0, 0
4300, 2615196, 0, 0, 0
4402, 3070837, 0, 0, 0
4502, 2797946, 0, 0, 0
4600, 3157642, 0, 0, 0
4703, 2931605, 0, 0, 0
4804, 2965563, 0, 0, 0
4901, 3226446, 0, 0, 0
5001, 3339511, 0, 0, 0
5100, 3292600, 0, 0, 0
5202, 3516726, 0, 0, 0
5303, 3360916, 0, 0, 0
5403, 2845787, 0, 0, 0
5502, 3116542, 0, 0, 0
5605, 3027166, 0, 0, 0
5700, 3272545, 0, 0, 0
5801, 3231058, 0, 0, 0
5901, 2954499, 0, 0, 0
6000, 2907878, 0, 0, 0
6100, 2779106, 0, 0, 0
6200, 3014213, 0, 0, 0
6301, 3074265, 0, 0, 0
6400, 3653055, 0, 0, 0
6502, 3005143, 0, 0, 0
6603, 3140108, 0, 0, 0
6702, 3290979, 0, 0, 0
6802, 2947288, 0, 0, 0
6901, 3199394, 0, 0, 0
7000, 2978613, 0, 0, 0
7100, 3133562, 0, 0, 0
7200, 3127972, 0, 0, 0
7300, 2952245, 0, 0, 0
7403, 3194435, 0, 0, 0
7502, 3534101, 0, 0, 0
7602, 2866793, 0, 0, 0
7703, 2804368, 0, 0, 0
7801, 3269044, 0, 0, 0
7901, 3224338, 0, 0, 0
8001, 2413627, 0, 0, 0
8102, 3264333, 0, 0, 0
8200, 2986672, 0, 0, 0
8304, 3461240, 0, 0, 0
8402, 2950547, 0, 0, 0
8500, 2965182, 0, 0, 0
8602, 3008319, 0, 0, 0
8701, 2906459, 0, 0, 0
8801, 3114879, 0, 0, 0
8902, 2975429, 0, 0, 0
9001, 3201852, 0, 0, 0
9101, 3228120, 0, 0, 0
9202, 3059080, 0, 0, 0
9300, 3034949, 0, 0, 0
9400, 2867621, 0, 0, 0
9502, 3400807, 0, 0, 0
9600, 2581736, 0, 0, 0
9702, 2822448, 0, 0, 0
9800, 3246405, 0, 0, 0
9901, 3362853, 0, 0, 0
10001, 2880613, 0, 0, 0
10103, 3079736, 0, 0, 0
10200, 3575465, 0, 0, 0
10300, 3219310, 0, 0, 0
10400, 2786414, 0, 0, 0
10501, 3140515, 0, 0, 0
10604, 3042343, 0, 0, 0
10701, 3019595, 0, 0, 0
10800, 3088276, 0, 0, 0
10900, 3117775, 0, 0, 0
11002, 3110590, 0, 0, 0
11101, 2976863, 0, 0, 0
11201, 3226114, 0, 0, 0
11300, 2920720, 0, 0, 0
11401, 3586179, 0, 0, 0
11501, 2935269, 0, 0, 0
11602, 3070701, 0, 0, 0
11705, 3317052, 0, 0, 0
11800, 3182159, 0, 0, 0
11902, 3070190, 0, 0, 0
12004, 3176078, 0, 0, 0
12101, 2787294, 0, 0, 0
12201, 3011442, 0, 0, 0
12301, 3133066, 0, 0, 0
12401, 3017923, 0, 0, 0
12500, 3199025, 0, 0, 0
12603, 3422176, 0, 0, 0
12702, 3188643, 0, 0, 0
12804, 2842837, 0, 0, 0
12901, 2927123, 0, 0, 0
13003, 3519277, 0, 0, 0
13102, 2746425, 0, 0, 0
13203, 3051210, 0, 0, 0
13300, 3036711, 0, 0, 0
13400, 3021534, 0, 0, 0
13501, 3388253, 0, 0, 0
13603, 3069151, 0, 0, 0
13702, 2911498, 0, 0, 0
13802, 3141586, 0, 0, 0
13901, 2887170, 0, 0, 0
14000, 3115152, 0, 0, 0
14103, 3321155, 0, 0, 0
14201, 3148806, 0, 0, 0
14302, 3473190, 0, 0, 0
14403, 3056413, 0, 0, 0
14501, 3178757, 0, 0, 0
14600, 3661379, 0, 0, 0
14703, 3112506, 0, 0, 0
14801, 2878637, 0, 0, 0
14902, 3461075, 0, 0, 0
15001, 3994330, 0, 0, 0
15100, 3290768, 0, 0, 0
15202, 2983534, 0, 0, 0
15301, 2929051, 0, 0, 0
15400, 2745209, 0, 0, 0
15502, 2895039, 0, 0, 0
15604, 3521924, 0, 0, 0
15701, 3018644, 0, 0, 0
15806, 3099269, 0, 0, 0
15902, 2980621, 0, 0, 0
16004, 2910314, 0, 0, 0
16102, 2741791, 0, 0, 0
16203, 3046768, 0, 0, 0
16300, 2856390, 0, 0, 0
16400, 2623092, 0, 0, 0
16502, 3184587, 0, 0, 0
16601, 2923003, 0, 0, 0
16702, 3040495, 0, 0, 0
16800, 2730324, 0, 0, 0
16900, 3205421, 0, 0, 0
17001, 3169056, 0, 0, 0
17102, 3156123, 0, 0, 0
17200, 3149793, 0, 0, 0
17302, 3294730, 0, 0, 0
17402, 3431472, 0, 0, 0
17503, 2904051, 0, 0, 0
17600, 3339382, 0, 0, 0
17702, 3378424, 0, 0, 0
17803, 3362671, 0, 0, 0
17900, 3034761, 0, 0, 0
18003, 3207199, 0, 0, 0
18101, 2876204, 0, 0, 0
18200, 2844458, 0, 0, 0
18300, 3445964, 0, 0, 0
18401, 3252605, 0, 0, 0
18500, 2987653, 0, 0, 0
18602, 3007610, 0, 0, 0
18702, 2845911, 0, 0, 0
18802, 3124433, 0, 0, 0
18903, 3160122, 0, 0, 0
19000, 3122260, 0, 0, 0
19101, 2668491, 0, 0, 0
19201, 2844249, 0, 0, 0
19300, 2995837, 0, 0, 0
19401, 2796538, 0, 0, 0
19502, 3611748, 0, 0, 0
19602, 3322357, 0, 0, 0
19700, 2984112, 0, 0, 0
19800, 3108902, 0, 0, 0
19901, 3068893, 0, 0, 0
20002, 3252703, 0, 0, 0
20101, 3406912, 0, 0, 0
20200, 2839638, 0, 0, 0
20300, 3107852, 0, 0, 0
20401, 3146119, 0, 0, 0
20502, 2800810, 0, 0, 0
20600, 3292251, 0, 0, 0
20701, 3339805, 0, 0, 0
20805, 3263793, 0, 0, 0
20900, 3263652, 0, 0, 0
21001, 2982675, 0, 0, 0
21104, 3001093, 0, 0, 0
21204, 2961677, 0, 0, 0
21301, 3117747, 0, 0, 0
21400, 3408291, 0, 0, 0
21500, 3346131, 0, 0, 0
21601, 3231019, 0, 0, 0
21703, 3419406, 0, 0, 0
21802, 3407663, 0, 0, 0
21900, 2957318, 0, 0, 0
22000, 3445092, 0, 0, 0
22101, 3250398, 0, 0, 0
22200, 3190757, 0, 0, 0
22300, 3224441, 0, 0, 0
22400, 3243327, 0, 0, 0
22501, 3156105, 0, 0, 0
22601, 3003029, 0, 0, 0
22701, 2864906, 0, 0, 0
22802, 2958926, 0, 0, 0
22903, 3169055, 0, 0, 0
23002, 3182202, 0, 0, 0
23103, 3258364, 0, 0, 0
23201, 2961456, 0, 0, 0
23302, 3252400, 0, 0, 0
23401, 2838445, 0, 0, 0
23501, 2951614, 0, 0, 0
23603, 2995073, 0, 0, 0
23701, 3037366, 0, 0, 0
23800, 3088709, 0, 0, 0
23900, 3047465, 0, 0, 0
24003, 3011453, 0, 0, 0
24102, 3200197, 0, 0, 0
24201, 2908804, 0, 0, 0
24300, 2761970, 0, 0, 0
24400, 2770624, 0, 0, 0
24504, 3332537, 0, 0, 0
24602, 3268748, 0, 0, 0
24700, 3070080, 0, 0, 0
24806, 3099878, 0, 0, 0
24900, 2938842, 0, 0, 0
25000, 3348564, 0, 0, 0
25102, 2979277, 0, 0, 0
25202, 3043404, 0, 0, 0
25300, 3048442, 0, 0, 0
25403, 2715902, 0, 0, 0
25502, 3204634, 0, 0, 0
25601, 3067437, 0, 0, 0
25701, 3246491, 0, 0, 0
25803, 2997460, 0, 0, 0
25902, 2889519, 0, 0, 0
26001, 3200605, 0, 0, 0
26102, 3735050, 0, 0, 0
26200, 2960268, 0, 0, 0
26303, 3025650, 0, 0, 0
26401, 3066097, 0, 0, 0
26501, 2861783, 0, 0, 0
26600, 2998427, 0, 0, 0
26702, 2995689, 0, 0, 0
26801, 3003372, 0, 0, 0
26900, 2588755, 0, 0, 0
27002, 2993640, 0, 0, 0
27101, 2997685, 0, 0, 0
27202, 3172322, 0, 0, 0
27301, 3189635, 0, 0, 0
27403, 3377729, 0, 0, 0
27504, 3062649, 0, 0, 0
27603, 3310023, 0, 0, 0
27700, 3574119, 0, 0, 0
27802, 3087997, 0, 0, 0
27903, 3259916, 0, 0, 0
28003, 2932395, 0, 0, 0
28102, 3537352, 0, 0, 0
28200, 3170562, 0, 0, 0
28303, 2845784, 0, 0, 0
28403, 3225473, 0, 0, 0
28502, 3200010, 0, 0, 0
28600, 2729266, 0, 0, 0
28701, 2726426, 0, 0, 0
28802, 3050844, 0, 0, 0
28901, 3283103, 0, 0, 0
29003, 3668511, 0, 0, 0
29100, 3108214, 0, 0, 0
29202, 2921805, 0, 0, 0
29301, 3075037, 0, 0, 0
29401, 3340460, 0, 0, 0
29501, 2844568, 0, 0, 0
29603, 2996997, 0, 0, 0
29703, 2939319, 0, 0, 0
29803, 2853873, 0, 0, 0
29900, 3355555, 0, 0, 0
30001, 2892577, 0, 0, 0
30101, 2928804, 0, 0, 0
30201, 3042396, 0, 0, 0
30300, 3296688, 0, 0, 0
30403, 2933446, 0, 0, 0
30501, 2964932, 0, 0, 0
30600, 3292871, 0, 0, 0
30701, 3357075, 0, 0, 0
30801, 2875137, 0, 0, 0
30900, 2981726, 0, 0, 0
31001, 3253429, 0, 0, 0
31103, 2919015, 0, 0, 0
31200, 3021229, 0, 0, 0
31301, 2898374, 0, 0, 0
31401, 3025550, 0, 0, 0
31503, 3495571, 0, 0, 0
31600, 3031088, 0, 0, 0
31700, 2948212, 0, 0, 0
31801, 2802335, 0, 0, 0
31903, 3095625, 0, 0, 0
32004, 3046796, 0, 0, 0
32102, 3516639, 0, 0, 0
32201, 2669845, 0, 0, 0
32302, 3349120, 0, 0, 0
32400, 2981199, 0, 0, 0
32502, 3072261, 0, 0, 0
32600, 3509956, 0, 0, 0
32702, 2915193, 0, 0, 0
32801, 2657875, 0, 0, 0
32902, 2824366, 0, 0, 0
33001, 3164897, 0, 0, 0
33100, 3010701, 0, 0, 0
33203, 3120384, 0, 0, 0
33302, 2751845, 0, 0, 0
33400, 3070140, 0, 0, 0
33500, 3211190, 0, 0, 0
33600, 3018723, 0, 0, 0
33701, 3613236, 0, 0, 0
33802, 2971479, 0, 0, 0
33900, 2955573, 0, 0, 0
34005, 3505692, 0, 0, 0
34103, 3247080, 0, 0, 0
34202, 3112866, 0, 0, 0
34301, 2915606, 0, 0, 0
34402, 3040697, 0, 0, 0
34501, 3187109, 0, 0, 0
34602, 3059063, 0, 0, 0
34700, 2883986, 0, 0, 0
34801, 2813488, 0, 0, 0
34901, 3211586, 0, 0, 0
35003, 2753446, 0, 0, 0
35101, 3052481, 0, 0, 0
35201, 3240147, 0, 0, 0
35301, 2926450, 0, 0, 0
35402, 3074530, 0, 0, 0
35501, 3289050, 0, 0, 0
35604, 3222019, 0, 0, 0
35700, 3175795, 0, 0, 0
35801, 2659441, 0, 0, 0
35900, 3100338, 0, 0, 0
36000, 3706011, 0, 0, 0
36104, 3347938, 0, 0, 0
36204, 3428404, 0, 0, 0
36301, 2877371, 0, 0, 0
36403, 3164709, 0, 0, 0
36501, 3381235, 0, 0, 0
36602, 3055913, 0, 0, 0
36702, 2786572, 0, 0, 0
36802, 2838437, 0, 0, 0
36900, 3271775, 0, 0, 0
37000, 3451037, 0, 0, 0
37101, 3268538, 0, 0, 0
37201, 3195982, 0, 0, 0
37300, 3198189, 0, 0, 0
37402, 3630127, 0, 0, 0
37503, 3265411, 0, 0, 0
37600, 3030182, 0, 0, 0
37703, 2947557, 0, 0, 0
37800, 2697801, 0, 0, 0
37902, 2988620, 0, 0, 0
38002, 2766902, 0, 0, 0
38101, 2680348, 0, 0, 0
38203, 3286029, 0, 0, 0
38300, 3132345, 0, 0, 0
38400, 2775522, 0, 0, 0
38500, 2846190, 0, 0, 0
38601, 2985603, 0, 0, 0
38702, 3139419, 0, 0, 0
38800, 2653629, 0, 0, 0
38902, 2829810, 0, 0, 0
39001, 3183280, 0, 0, 0
39101, 3029965, 0, 0, 0
39203, 2921544, 0, 0, 0
39302, 3093204, 0, 0, 0
39401, 3782519, 0, 0, 0
39500, 3534880, 0, 0, 0
39602, 3182869, 0, 0, 0
39700, 3076471, 0, 0, 0
39800, 3208787, 0, 0, 0
39903, 3672192, 0, 0, 0
40002, 3318323, 0, 0, 0
40102, 3202066, 0, 0, 0
40200, 3080506, 0, 0, 0
40303, 3412934, 0, 0, 0
40401, 2982572, 0, 0, 0
40501, 2838084, 0, 0, 0
40600, 3105719, 0, 0, 0
40700, 3222051, 0, 0, 0
40802, 3524816, 0, 0, 0
40903, 3036328, 0, 0, 0
41002, 3430100, 0, 0, 0
41102, 3455859, 0, 0, 0
41200, 3043272, 0, 0, 0
41300, 3121866, 0, 0, 0
41401, 3157234, 0, 0, 0
41503, 3388118, 0, 0, 0
41602, 3194853, 0, 0, 0
41702, 3045354, 0, 0, 0
41806, 3232548, 0, 0, 0
41900, 2547094, 0, 0, 0
42001, 3256312, 0, 0, 0
42102, 3066017, 0, 0, 0
42202, 2911609, 0, 0, 0
42302, 3236899, 0, 0, 0
42400, 2876033, 0, 0, 0
42500, 3038417, 0, 0, 0
42601, 2648399, 0, 0, 0
42703, 3103018, 0, 0, 0
42803, 2775705, 0, 0, 0
42904, 2883683, 0, 0, 0
43003, 3273389, 0, 0, 0
43100, 2850906, 0, 0, 0
43202, 3286801, 0, 0, 0
43301, 3298269, 0, 0, 0
43401, 2960631, 0, 0, 0
43504, 2930503, 0, 0, 0
43604, 2931789, 0, 0, 0
43700, 3440381, 0, 0, 0
43800, 2842559, 0, 0, 0
43901, 2806116, 0, 0, 0
44002, 2986141, 0, 0, 0
44100, 2948255, 0, 0, 0
44202, 3080445, 0, 0, 0
44304, 2939070, 0, 0, 0
44404, 2834164, 0, 0, 0
44500, 3096089, 0, 0, 0
44602, 3308677, 0, 0, 0
44706, 3229137, 0, 0, 0
44801, 3058509, 0, 0, 0
44903, 3002534, 0, 0, 0
45002, 3532447, 0, 0, 0
45101, 3105771, 0, 0, 0
45202, 3354958, 0, 0, 0
45302, 3220657, 0, 0, 0
45402, 3036002, 0, 0, 0
45501, 3405071, 0, 0, 0
45601, 3332192, 0, 0, 0
45702, 3245538, 0, 0, 0
45801, 3425386, 0, 0, 0
45902, 3472031, 0, 0, 0
46002, 2942561, 0, 0, 0
46101, 3008165, 0, 0, 0
46201, 2752292, 0, 0, 0
46302, 3369927, 0, 0, 0
46401, 3536099, 0, 0, 0
46501, 3133407, 0, 0, 0
46600, 3084910, 0, 0, 0
46701, 2980459, 0, 0, 0
46804, 3092744, 0, 0, 0
46900, 3003490, 0, 0, 0
47003, 2720556, 0, 0, 0
47100, 3223821, 0, 0, 0
47201, 2966200, 0, 0, 0
47301, 2786750, 0, 0, 0
47403, 3374608, 0, 0, 0
47502, 3545105, 0, 0, 0
47604, 3272869, 0, 0, 0
47700, 3115811, 0, 0, 0
47802, 2914389, 0, 0, 0
47901, 2750082, 0, 0, 0
48000, 3086246, 0, 0, 0
48105, 3362985, 0, 0, 0
48202, 2794246, 0, 0, 0
48302, 3208756, 0, 0, 0
48402, 3431570, 0, 0, 0
48503, 3369593, 0, 0, 0
48601, 3261920, 0, 0, 0
48701, 3232037, 0, 0, 0
48801, 3435130, 0, 0, 0
48901, 3225233, 0, 0, 0
49000, 2830162, 0, 0, 0
49103, 3223548, 0, 0, 0
49202, 3079994, 0, 0, 0
49301, 3089539, 0, 0, 0
49402, 3061321, 0, 0, 0
49501, 2612309, 0, 0, 0
49600, 3090106, 0, 0, 0
49702, 3074360, 0, 0, 0
49803, 3370935, 0, 0, 0
49903, 3220519, 0, 0, 0
50001, 3161487, 0, 0, 0
50100, 3321755, 0, 0, 0
50201, 3350133, 0, 0, 0
50302, 2741260, 0, 0, 0
50402, 3104696, 0, 0, 0
50501, 2922642, 0, 0, 0
50600, 2661239, 0, 0, 0
50700, 3240696, 0, 0, 0
50800, 3121428, 0, 0, 0
50904, 3244781, 0, 0, 0
51003, 3067662, 0, 0, 0
51101, 3081690, 0, 0, 0
51200, 3291983, 0, 0, 0
51301, 3056959, 0, 0, 0
51401, 3343298, 0, 0, 0
51501, 2926938, 0, 0, 0
51600, 2905201, 0, 0, 0
51700, 3116300, 0, 0, 0
51801, 3070163, 0, 0, 0
51902, 3257253, 0, 0, 0
52003, 2640179, 0, 0, 0
52101, 2986754, 0, 0, 0
52200, 2986976, 0, 0, 0
52301, 3173564, 0, 0, 0
52400, 3379389, 0, 0, 0
52500, 2870179, 0, 0, 0
52603, 2768997, 0, 0, 0
52701, 3080625, 0, 0, 0
52803, 2812366, 0, 0, 0
52902, 3216341, 0, 0, 0
53003, 2959478, 0, 0, 0
53102, 3403071, 0, 0, 0
53200, 2962825, 0, 0, 0
53304, 2886753, 0, 0, 0
53402, 2980264, 0, 0, 0
53500, 2978738, 0, 0, 0
53602, 3278194, 0, 0, 0
53700, 3376841, 0, 0, 0
53801, 2976963, 0, 0, 0
53901, 3321769, 0, 0, 0
54004, 2946370, 0, 0, 0
54101, 2842722, 0, 0, 0
54200, 2980273, 0, 0, 0
54303, 2946875, 0, 0, 0
54402, 2491665, 0, 0, 0
54500, 3037797, 0, 0, 0
54600, 3692012, 0, 0, 0
54701, 3066872, 0, 0, 0
54801, 2767490, 0, 0, 0
54901, 3234468, 0, 0, 0
55003, 2990738, 0, 0, 0
55102, 2908695, 0, 0, 0
55203, 3361959, 0, 0, 0
55303, 3142338, 0, 0, 0
55400, 3030323, 0, 0, 0
55500, 3027628, 0, 0, 0
55602, 3080797, 0, 0, 0
55702, 3205353, 0, 0, 0
55800, 2965357, 0, 0, 0
55901, 3379011, 0, 0, 0
56002, 3050666, 0, 0, 0
56101, 3197735, 0, 0, 0
56201, 2856462, 0, 0, 0
56300, 2905563, 0, 0, 0
56402, 3012855, 0, 0, 0
56503, 3152714, 0, 0, 0
56603, 3203594, 0, 0, 0
56700, 3455988, 0, 0, 0
56802, 3313167, 0, 0, 0
56901, 3301725, 0, 0, 0
57001, 3556677, 0, 0, 0
57102, 2955320, 0, 0, 0
57200, 2647057, 0, 0, 0
57303, 3315746, 0, 0, 0
57402, 3005985, 0, 0, 0
57502, 3319448, 0, 0, 0
57600, 2888340, 0, 0, 0
57701, 2892127, 0, 0, 0
57800, 3290862, 0, 0, 0
57900, 3123400, 0, 0, 0
58001, 2793328, 0, 0, 0
58103, 3178725, 0, 0, 0
58202, 2919833, 0, 0, 0
58301, 3308637, 0, 0, 0
58403, 3642074, 0, 0, 0
58503, 3227959, 0, 0, 0
58602, 3280592, 0, 0, 0
58701, 2984870, 0, 0, 0
58803, 3191254, 0, 0, 0
58900, 3021352, 0, 0, 0
59001, 3266359, 0, 0, 0
59100, 2601182, 0, 0, 0
59201, 3357383, 0, 0, 0
59302, 2598865, 0, 0, 0
59402, 3127275, 0, 0, 0
59500, 2953546, 0, 0, 0
59602, 2832536, 0, 0, 0
59701, 3290891, 0, 0, 0
59804, 2959507, 0, 0, 0
59901, 3210366, 0, 0, 0
60001, 3239143, 0, 0, 0
