250, 384, 0, 0, 0
350, 370, 0, 0, 0
450, 370, 0, 0, 0
550, 410, 0, 0, 0
650, 400, 0, 0, 0
749, 404, 0, 0, 0
849, 380, 0, 0, 0
949, 350, 0, 0, 0
1049, 370, 0, 0, 0
1149, 370, 0, 0, 0
1249, 370, 0, 0, 0
1349, 360, 0, 0, 0
1449, 390, 0, 0, 0
1550, 380, 0, 0, 0
1650, 370, 0, 0, 0
1749, 404, 0, 0, 0
1849, 410, 0, 0, 0
1949, 380, 0, 0, 0
2049, 370, 0, 0, 0
2149, 400, 0, 0, 0
2249, 360, 0, 0, 0
2349, 420, 0, 0, 0
2449, 350, 0, 0, 0
2549, 370, 0, 0, 0
2649, 360, 0, 0, 0
2749, 360, 0, 0, 0
2849, 360, 0, 0, 0
2949, 350, 0, 0, 0
3049, 400, 0, 0, 0
3150, 390, 0, 0, 0
3249, 373, 0, 0, 0
3349, 370, 0, 0, 0
3449, 390, 0, 0, 0
3549, 410, 0, 0, 0
3649, 370, 0, 0, 0
3749, 400, 0, 0, 0
3849, 390, 0, 0, 0
3949, 400, 0, 0, 0
4049, 420, 0, 0, 0
4149, 380, 0, 0, 0
4249, 380, 0, 0, 0
4349, 360, 0, 0, 0
4449, 380, 0, 0, 0
4550, 360, 0, 0, 0
4650, 400, 0, 0, 0
4749, 393, 0, 0, 0
4849, 360, 0, 0, 0
4949, 410, 0, 0, 0
5049, 390, 0, 0, 0
5149, 370, 0, 0, 0
5249, 380, 0, 0, 0
5349, 400, 0, 0, 0
5449, 380, 0, 0, 0
5549, 400, 0, 0, 0
5649, 380, 0, 0, 0
5749, 420, 0, 0, 0
5849, 360, 0, 0, 0
5949, 410, 0, 0, 0
6050, 410, 0, 0, 0
6150, 370, 0, 0, 0
6249, 404, 0, 0, 0
6349, 410, 0, 0, 0
6449, 370, 0, 0, 0
6549, 430, 0, 0, 0
6649, 400, 0, 0, 0
6749, 370, 0, 0, 0
6849, 380, 0, 0, 0
6949, 350, 0, 0, 0
7049, 350, 0, 0, 0
7149, 370, 0, 0, 0
7249, 360, 0, 0, 0
7349, 370, 0, 0, 0
7449, 350, 0, 0, 0
7550, 400, 0, 0, 0
7650, 370, 0, 0, 0
7749, 424, 0, 0, 0
7849, 390, 0, 0, 0
7949, 380, 0, 0, 0
8049, 410, 0, 0, 0
8149, 350, 0, 0, 0
8249, 380, 0, 0, 0
8349, 380, 0, 0, 0
8449, 410, 0, 0, 0
8549, 380, 0, 0, 0
8649, 400, 0, 0, 0
8749, 400, 0, 0, 0
8849, 400, 0, 0, 0
8949, 410, 0, 0, 0
9050, 390, 0, 0, 0
9150, 350, 0, 0, 0
9249, 383, 0, 0, 0
9349, 360, 0, 0, 0
9449, 400, 0, 0, 0
9549, 350, 0, 0, 0
9649, 410, 0, 0, 0
9749, 390, 0, 0, 0
9849, 370, 0, 0, 0
9949, 360, 0, 0, 0
10049, 390, 0, 0, 0
10149, 370, 0, 0, 0
10249, 350, 0, 0, 0
10349, 410, 0, 0, 0
10449, 360, 0, 0, 0
10550, 370, 0, 0, 0
10650, 420, 0, 0, 0
10749, 383, 0, 0, 0
10849, 390, 0, 0, 0
10949, 360, 0, 0, 0
11049, 380, 0, 0, 0
11149, 430, 0, 0, 0
11249, 400, 0, 0, 0
11349, 400, 0, 0, 0
11449, 380, 0, 0, 0
11549, 410, 0, 0, 0
11649, 420, 0, 0, 0
11749, 370, 0, 0, 0
11849, 390, 0, 0, 0
11950, 380, 0, 0, 0
12050, 410, 0, 0, 0
12150, 370, 0, 0, 0
12249, 404, 0, 0, 0
12349, 360, 0, 0, 0
12449, 430, 0, 0, 0
12549, 370, 0, 0, 0
12649, 430, 0, 0, 0
12749, 400, 0, 0, 0
12849, 400, 0, 0, 0
12949, 390, 0, 0, 0
13049, 350, 0, 0, 0
13149, 390, 0, 0, 0
13250, 350, 0, 0, 0
13350, 370, 0, 0, 0
13450, 420, 0, 0, 0
13550, 380, 0, 0, 0
13650, 390, 0, 0, 0
13749, 363, 0, 0, 0
13849, 390, 0, 0, 0
13949, 410, 0, 0, 0
14049, 360, 0, 0, 0
14149, 380, 0, 0, 0
14249, 380, 0, 0, 0
14349, 390, 0, 0, 0
14449, 390, 0, 0, 0
14549, 400, 0, 0, 0
14650, 380, 0, 0, 0
14749, 353, 0, 0, 0
14849, 380, 0, 0, 0
14949, 390, 0, 0, 0
15049, 370, 0, 0, 0
15149, 370, 0, 0, 0
15249, 400, 0, 0, 0
15349, 420, 0, 0, 0
15449, 390, 0, 0, 0
15549, 390, 0, 0, 0
15649, 420, 0, 0, 0
15749, 390, 0, 0, 0
15849, 400, 0, 0, 0
15950, 370, 0, 0, 0
16050, 370, 0, 0, 0
16150, 390, 0, 0, 0
16249, 393, 0, 0, 0
16349, 450, 0, 0, 0
16449, 360, 0, 0, 0
16549, 350, 0, 0, 0
16649, 410, 0, 0, 0
16749, 410, 0, 0, 0
16849, 430, 0, 0, 0
16949, 390, 0, 0, 0
17049, 380, 0, 0, 0
17149, 370, 0, 0, 0
17249, 420, 0, 0, 0
17350, 390, 0, 0, 0
17450, 410, 0, 0, 0
17550, 390, 0, 0, 0
17650, 410, 0, 0, 0
17749, 353, 0, 0, 0
17849, 390, 0, 0, 0
17949, 390, 0, 0, 0
18049, 390, 0, 0, 0
18149, 370, 0, 0, 0
18249, 400, 0, 0, 0
18349, 370, 0, 0, 0
18449, 390, 0, 0, 0
18549, 380, 0, 0, 0
18649, 350, 0, 0, 0
18750, 350, 0, 0, 0
18850, 370, 0, 0, 0
18950, 390, 0, 0, 0
19050, 380, 0, 0, 0
19150, 400, 0, 0, 0
19249, 414, 0, 0, 0
19349, 380, 0, 0, 0
19449, 380, 0, 0, 0
19549, 360, 0, 0, 0
19649, 370, 0, 0, 0
19749, 360, 0, 0, 0
19849, 360, 0, 0, 0
19949, 400, 0, 0, 0
20049, 380, 0, 0, 0
20150, 410, 0, 0, 0
20249, 404, 0, 0, 0
20349, 370, 0, 0, 0
20449, 360, 0, 0, 0
20549, 380, 0, 0, 0
20649, 400, 0, 0, 0
20749, 380, 0, 0, 0
20849, 370, 0, 0, 0
20949, 350, 0, 0, 0
21049, 380, 0, 0, 0
21149, 370, 0, 0, 0
21249, 360, 0, 0, 0
21349, 390, 0, 0, 0
21449, 380, 0, 0, 0
21549, 400, 0, 0, 0
21650, 360, 0, 0, 0
21749, 404, 0, 0, 0
21849, 380, 0, 0, 0
21949, 400, 0, 0, 0
22049, 370, 0, 0, 0
22149, 360, 0, 0, 0
22249, 390, 0, 0, 0
22349, 430, 0, 0, 0
22449, 380, 0, 0, 0
22549, 420, 0, 0, 0
22649, 420, 0, 0, 0
22749, 380, 0, 0, 0
22849, 420, 0, 0, 0
22949, 350, 0, 0, 0
23050, 370, 0, 0, 0
23150, 420, 0, 0, 0
23249, 424, 0, 0, 0
23349, 390, 0, 0, 0
23449, 410, 0, 0, 0
23549, 390, 0, 0, 0
23649, 380, 0, 0, 0
23749, 380, 0, 0, 0
23849, 400, 0, 0, 0
23949, 390, 0, 0, 0
24049, 370, 0, 0, 0
24149, 380, 0, 0, 0
24250, 390, 0, 0, 0
24350, 400, 0, 0, 0
24450, 400, 0, 0, 0
24550, 420, 0, 0, 0
24650, 390, 0, 0, 0
24749, 373, 0, 0, 0
24849, 390, 0, 0, 0
24949, 400, 0, 0, 0
25049, 390, 0, 0, 0
25149, 390, 0, 0, 0
25249, 380, 0, 0, 0
25349, 430, 0, 0, 0
25449, 420, 0, 0, 0
25549, 360, 0, 0, 0
25649, 390, 0, 0, 0
25750, 390, 0, 0, 0
25850, 410, 0, 0, 0
25950, 380, 0, 0, 0
26050, 370, 0, 0, 0
26150, 360, 0, 0, 0
26249, 393, 0, 0, 0
26349, 390, 0, 0, 0
26449, 370, 0, 0, 0
26549, 380, 0, 0, 0
26649, 400, 0, 0, 0
26749, 370, 0, 0, 0
26849, 410, 0, 0, 0
26949, 370, 0, 0, 0
27049, 420, 0, 0, 0
27149, 400, 0, 0, 0
27250, 410, 0, 0, 0
27350, 410, 0, 0, 0
27450, 390, 0, 0, 0
27550, 390, 0, 0, 0
27650, 400, 0, 0, 0
27749, 393, 0, 0, 0
27849, 410, 0, 0, 0
27949, 410, 0, 0, 0
28049, 370, 0, 0, 0
28149, 410, 0, 0, 0
28249, 360, 0, 0, 0
28349, 410, 0, 0, 0
28449, 390, 0, 0, 0
28549, 380, 0, 0, 0
28649, 380, 0, 0, 0
28750, 390, 0, 0, 0
28850, 390, 0, 0, 0
28950, 380, 0, 0, 0
29050, 360, 0, 0, 0
29150, 400, 0, 0, 0
29249, 373, 0, 0, 0
29349, 360, 0, 0, 0
29449, 370, 0, 0, 0
29549, 400, 0, 0, 0
29649, 380, 0, 0, 0
29749, 400, 0, 0, 0
29849, 430, 0, 0, 0
29949, 370, 0, 0, 0
30049, 400, 0, 0, 0
30149, 430, 0, 0, 0
30250, 360, 0, 0, 0
30350, 370, 0, 0, 0
30450, 370, 0, 0, 0
30550, 380, 0, 0, 0
30650, 380, 0, 0, 0
30749, 393, 0, 0, 0
30849, 410, 0, 0, 0
30949, 390, 0, 0, 0
31049, 390, 0, 0, 0
31149, 390, 0, 0, 0
31249, 370, 0, 0, 0
31349, 360, 0, 0, 0
31449, 390, 0, 0, 0
31549, 390, 0, 0, 0
31649, 400, 0, 0, 0
31750, 380, 0, 0, 0
31850, 400, 0, 0, 0
31950, 390, 0, 0, 0
32050, 360, 0, 0, 0
32150, 350, 0, 0, 0
32249, 393, 0, 0, 0
32349, 370, 0, 0, 0
32449, 410, 0, 0, 0
32549, 420, 0, 0, 0
32649, 430, 0, 0, 0
32749, 420, 0, 0, 0
32849, 420, 0, 0, 0
32949, 440, 0, 0, 0
33049, 390, 0, 0, 0
33149, 380, 0, 0, 0
33250, 410, 0, 0, 0
33350, 380, 0, 0, 0
33450, 390, 0, 0, 0
33550, 360, 0, 0, 0
33650, 380, 0, 0, 0
33749, 404, 0, 0, 0
33849, 370, 0, 0, 0
33949, 360, 0, 0, 0
34049, 380, 0, 0, 0
34149, 370, 0, 0, 0
34249, 360, 0, 0, 0
34349, 400, 0, 0, 0
34449, 390, 0, 0, 0
34549, 350, 0, 0, 0
34649, 440, 0, 0, 0
34750, 380, 0, 0, 0
34850, 360, 0, 0, 0
34950, 360, 0, 0, 0
35050, 410, 0, 0, 0
35150, 410, 0, 0, 0
35249, 404, 0, 0, 0
35349, 430, 0, 0, 0
35449, 380, 0, 0, 0
35549, 390, 0, 0, 0
35649, 380, 0, 0, 0
35749, 390, 0, 0, 0
35849, 460, 0, 0, 0
35949, 370, 0, 0, 0
36049, 430, 0, 0, 0
36149, 380, 0, 0, 0
36249, 340, 0, 0, 0
36350, 400, 0, 0, 0
36450, 440, 0, 0, 0
36550, 390, 0, 0, 0
36650, 390, 0, 0, 0
36749, 373, 0, 0, 0
36849, 380, 0, 0, 0
36949, 390, 0, 0, 0
37049, 390, 0, 0, 0
37149, 410, 0, 0, 0
37249, 420, 0, 0, 0
37349, 390, 0, 0, 0
37449, 430, 0, 0, 0
37549, 400, 0, 0, 0
37649, 410, 0, 0, 0
37749, 400, 0, 0, 0
37849, 370, 0, 0, 0
37950, 390, 0, 0, 0
38050, 370, 0, 0, 0
38150, 390, 0, 0, 0
38249, 393, 0, 0, 0
38349, 410, 0, 0, 0
38449, 370, 0, 0, 0
38549, 390, 0, 0, 0
38649, 380, 0, 0, 0
38749, 420, 0, 0, 0
38849, 390, 0, 0, 0
38949, 400, 0, 0, 0
39049, 380, 0, 0, 0
39149, 400, 0, 0, 0
39249, 390, 0, 0, 0
39350, 390, 0, 0, 0
39450, 390, 0, 0, 0
39550, 410, 0, 0, 0
39650, 400, 0, 0, 0
39749, 404, 0, 0, 0
39849, 410, 0, 0, 0
39949, 400, 0, 0, 0
40049, 400, 0, 0, 0
40149, 370, 0, 0, 0
40249, 390, 0, 0, 0
40349, 360, 0, 0, 0
40449, 410, 0, 0, 0
40549, 370, 0, 0, 0
40649, 430, 0, 0, 0
40750, 410, 0, 0, 0
40850, 400, 0, 0, 0
40950, 400, 0, 0, 0
41050, 370, 0, 0, 0
41150, 350, 0, 0, 0
41249, 404, 0, 0, 0
41349, 400, 0, 0, 0
41449, 390, 0, 0, 0
41549, 360, 0, 0, 0
41649, 390, 0, 0, 0
41749, 430, 0, 0, 0
41849, 430, 0, 0, 0
41949, 420, 0, 0, 0
42049, 430, 0, 0, 0
42149, 410, 0, 0, 0
42249, 410, 0, 0, 0
42350, 420, 0, 0, 0
42450, 400, 0, 0, 0
42550, 430, 0, 0, 0
42650, 450, 0, 0, 0
42749, 393, 0, 0, 0
42849, 410, 0, 0, 0
42949, 450, 0, 0, 0
43049, 370, 0, 0, 0
43149, 420, 0, 0, 0
43249, 370, 0, 0, 0
43349, 370, 0, 0, 0
43449, 380, 0, 0, 0
43549, 420, 0, 0, 0
43649, 370, 0, 0, 0
43749, 410, 0, 0, 0
43849, 440, 0, 0, 0
43950, 400, 0, 0, 0
44050, 430, 0, 0, 0
44150, 390, 0, 0, 0
44249, 363, 0, 0, 0
44349, 420, 0, 0, 0
44449, 400, 0, 0, 0
44549, 340, 0, 0, 0
44649, 380, 0, 0, 0
44749, 430, 0, 0, 0
44849, 400, 0, 0, 0
44949, 410, 0, 0, 0
45049, 390, 0, 0, 0
45149, 400, 0, 0, 0
45249, 400, 0, 0, 0
45349, 390, 0, 0, 0
45450, 420, 0, 0, 0
45550, 410, 0, 0, 0
45650, 440, 0, 0, 0
45749, 373, 0, 0, 0
45849, 410, 0, 0, 0
45949, 390, 0, 0, 0
46049, 390, 0, 0, 0
46149, 390, 0, 0, 0
46249, 400, 0, 0, 0
46349, 390, 0, 0, 0
46449, 410, 0, 0, 0
46549, 380, 0, 0, 0
46649, 370, 0, 0, 0
46749, 440, 0, 0, 0
46849, 410, 0, 0, 0
46949, 400, 0, 0, 0
47050, 380, 0, 0, 0
47150, 380, 0, 0, 0
47249, 404, 0, 0, 0
47349, 410, 0, 0, 0
47449, 400, 0, 0, 0
47549, 360, 0, 0, 0
47649, 440, 0, 0, 0
47749, 440, 0, 0, 0
47849, 390, 0, 0, 0
47949, 400, 0, 0, 0
48049, 430, 0, 0, 0
48149, 380, 0, 0, 0
48249, 400, 0, 0, 0
48349, 380, 0, 0, 0
48450, 400, 0, 0, 0
48550, 360, 0, 0, 0
48650, 400, 0, 0, 0
48749, 444, 0, 0, 0
48849, 400, 0, 0, 0
48949, 370, 0, 0, 0
49049, 360, 0, 0, 0
49149, 360, 0, 0, 0
49249, 380, 0, 0, 0
49349, 360, 0, 0, 0
49449, 390, 0, 0, 0
49549, 400, 0, 0, 0
49649, 400, 0, 0, 0
49750, 380, 0, 0, 0
49850, 370, 0, 0, 0
49950, 420, 0, 0, 0
50050, 410, 0, 0, 0
50150, 440, 0, 0, 0
50249, 404, 0, 0, 0
50349, 400, 0, 0, 0
50449, 370, 0, 0, 0
50549, 370, 0, 0, 0
50649, 380, 0, 0, 0
50749, 410, 0, 0, 0
50849, 340, 0, 0, 0
50949, 420, 0, 0, 0
51049, 380, 0, 0, 0
51150, 430, 0, 0, 0
51249, 393, 0, 0, 0
51349, 370, 0, 0, 0
51449, 410, 0, 0, 0
51549, 420, 0, 0, 0
51649, 400, 0, 0, 0
51749, 410, 0, 0, 0
51849, 400, 0, 0, 0
51949, 400, 0, 0, 0
52049, 390, 0, 0, 0
52149, 370, 0, 0, 0
52249, 430, 0, 0, 0
52349, 400, 0, 0, 0
52449, 400, 0, 0, 0
52549, 390, 0, 0, 0
52650, 360, 0, 0, 0
52750, 400, 0, 0, 0
52850, 420, 0, 0, 0
52950, 400, 0, 0, 0
53050, 400, 0, 0, 0
53150, 440, 0, 0, 0
53249, 383, 0, 0, 0
53349, 410, 0, 0, 0
53449, 470, 0, 0, 0
53549, 420, 0, 0, 0
53649, 400, 0, 0, 0
53749, 400, 0, 0, 0
53849, 440, 0, 0, 0
53949, 390, 0, 0, 0
54049, 410, 0, 0, 0
54149, 400, 0, 0, 0
54250, 380, 0, 0, 0
54350, 380, 0, 0, 0
54450, 380, 0, 0, 0
54550, 370, 0, 0, 0
54650, 420, 0, 0, 0
54749, 393, 0, 0, 0
54849, 420, 0, 0, 0
54949, 410, 0, 0, 0
55049, 430, 0, 0, 0
55149, 400, 0, 0, 0
55249, 390, 0, 0, 0
55349, 370, 0, 0, 0
55449, 390, 0, 0, 0
55549, 420, 0, 0, 0
55649, 370, 0, 0, 0
55749, 390, 0, 0, 0
55849, 370, 0, 0, 0
55950, 400, 0, 0, 0
56050, 410, 0, 0, 0
56150, 400, 0, 0, 0
56249, 373, 0, 0, 0
56349, 410, 0, 0, 0
56449, 410, 0, 0, 0
56549, 430, 0, 0, 0
56649, 440, 0, 0, 0
56749, 380, 0, 0, 0
56849, 380, 0, 0, 0
56949, 380, 0, 0, 0
57049, 390, 0, 0, 0
57149, 360, 0, 0, 0
57249, 400, 0, 0, 0
57349, 400, 0, 0, 0
57450, 440, 0, 0, 0
57550, 390, 0, 0, 0
57650, 390, 0, 0, 0
57749, 373, 0, 0, 0
57849, 410, 0, 0, 0
57949, 390, 0, 0, 0
58049, 380, 0, 0, 0
58149, 370, 0, 0, 0
58249, 390, 0, 0, 0
58349, 380, 0, 0, 0
58449, 390, 0, 0, 0
58549, 400, 0, 0, 0
58649, 380, 0, 0, 0
58749, 420, 0, 0, 0
58849, 380, 0, 0, 0
58949, 400, 0, 0, 0
59050, 390, 0, 0, 0
59150, 390, 0, 0, 0
59249, 363, 0, 0, 0
59349, 350, 0, 0, 0
59449, 400, 0, 0, 0
59549, 430, 0, 0, 0
59649, 410, 0, 0, 0
59749, 400, 0, 0, 0
59849, 430, 0, 0, 0
59949, 410, 0, 0, 0
