250, 264, 0, 0, 0
350, 350, 0, 0, 0
450, 290, 0, 0, 0
550, 400, 0, 0, 0
650, 230, 0, 0, 0
749, 272, 0, 0, 0
849, 360, 0, 0, 0
949, 280, 0, 0, 0
1049, 280, 0, 0, 0
1149, 290, 0, 0, 0
1249, 230, 0, 0, 0
1350, 290, 0, 0, 0
1450, 330, 0, 0, 0
1550, 270, 0, 0, 0
1650, 430, 0, 0, 0
1749, 292, 0, 0, 0
1849, 280, 0, 0, 0
1949, 300, 0, 0, 0
2049, 280, 0, 0, 0
2149, 340, 0, 0, 0
2249, 350, 0, 0, 0
2349, 360, 0, 0, 0
2449, 260, 0, 0, 0
2549, 350, 0, 0, 0
2649, 310, 0, 0, 0
2750, 280, 0, 0, 0
2850, 240, 0, 0, 0
2950, 280, 0, 0, 0
3050, 270, 0, 0, 0
3150, 190, 0, 0, 0
3249, 323, 0, 0, 0
3349, 300, 0, 0, 0
3449, 250, 0, 0, 0
3549, 270, 0, 0, 0
3649, 300, 0, 0, 0
3749, 350, 0, 0, 0
3849, 290, 0, 0, 0
3949, 300, 0, 0, 0
4049, 290, 0, 0, 0
4149, 280, 0, 0, 0
4250, 210, 0, 0, 0
4350, 250, 0, 0, 0
4450, 260, 0, 0, 0
4550, 330, 0, 0, 0
4650, 260, 0, 0, 0
4749, 333, 0, 0, 0
4849, 320, 0, 0, 0
4949, 280, 0, 0, 0
5049, 300, 0, 0, 0
5149, 250, 0, 0, 0
5249, 260, 0, 0, 0
5349, 300, 0, 0, 0
5449, 260, 0, 0, 0
5550, 410, 0, 0, 0
5650, 280, 0, 0, 0
5749, 262, 0, 0, 0
5849, 320, 0, 0, 0
5949, 390, 0, 0, 0
6049, 330, 0, 0, 0
6149, 340, 0, 0, 0
6249, 290, 0, 0, 0
6349, 350, 0, 0, 0
6449, 320, 0, 0, 0
6549, 240, 0, 0, 0
6649, 260, 0, 0, 0
6749, 330, 0, 0, 0
6849, 300, 0, 0, 0
6949, 370, 0, 0, 0
7050, 320, 0, 0, 0
7150, 310, 0, 0, 0
7249, 303, 0, 0, 0
7349, 260, 0, 0, 0
7449, 280, 0, 0, 0
7549, 260, 0, 0, 0
7649, 220, 0, 0, 0
7749, 270, 0, 0, 0
7849, 250, 0, 0, 0
7949, 240, 0, 0, 0
8049, 250, 0, 0, 0
8149, 350, 0, 0, 0
8249, 270, 0, 0, 0
8350, 330, 0, 0, 0
8450, 250, 0, 0, 0
8550, 270, 0, 0, 0
8650, 380, 0, 0, 0
8749, 222, 0, 0, 0
8849, 260, 0, 0, 0
8949, 310, 0, 0, 0
9049, 320, 0, 0, 0
9149, 340, 0, 0, 0
9249, 320, 0, 0, 0
9349, 310, 0, 0, 0
9449, 310, 0, 0, 0
9549, 290, 0, 0, 0
9649, 240, 0, 0, 0
9750, 310, 0, 0, 0
9850, 320, 0, 0, 0
9950, 320, 0, 0, 0
10050, 320, 0, 0, 0
10150, 290, 0, 0, 0
10249, 303, 0, 0, 0
10349, 320, 0, 0, 0
10449, 320, 0, 0, 0
10549, 320, 0, 0, 0
10649, 280, 0, 0, 0
10749, 350, 0, 0, 0
10849, 310, 0, 0, 0
10949, 300, 0, 0, 0
11049, 280, 0, 0, 0
11150, 350, 0, 0, 0
11249, 313, 0, 0, 0
11349, 320, 0, 0, 0
11449, 230, 0, 0, 0
11549, 330, 0, 0, 0
11649, 330, 0, 0, 0
11749, 190, 0, 0, 0
11849, 400, 0, 0, 0
11949, 310, 0, 0, 0
12049, 300, 0, 0, 0
12149, 390, 0, 0, 0
12249, 240, 0, 0, 0
12349, 290, 0, 0, 0
12449, 250, 0, 0, 0
12550, 300, 0, 0, 0
12650, 260, 0, 0, 0
12749, 303, 0, 0, 0
12849, 320, 0, 0, 0
12949, 300, 0, 0, 0
13049, 290, 0, 0, 0
13149, 320, 0, 0, 0
13249, 340, 0, 0, 0
13349, 270, 0, 0, 0
13449, 280, 0, 0, 0
13549, 300, 0, 0, 0
13649, 310, 0, 0, 0
13749, 320, 0, 0, 0
13849, 310, 0, 0, 0
13949, 310, 0, 0, 0
14049, 310, 0, 0, 0
14150, 380, 0, 0, 0
14249, 272, 0, 0, 0
14349, 280, 0, 0, 0
14449, 300, 0, 0, 0
14549, 240, 0, 0, 0
14649, 290, 0, 0, 0
14749, 260, 0, 0, 0
14849, 380, 0, 0, 0
14949, 260, 0, 0, 0
15049, 250, 0, 0, 0
15149, 310, 0, 0, 0
15249, 230, 0, 0, 0
15349, 350, 0, 0, 0
15449, 250, 0, 0, 0
15550, 300, 0, 0, 0
15650, 300, 0, 0, 0
15749, 373, 0, 0, 0
15849, 360, 0, 0, 0
15949, 270, 0, 0, 0
16049, 270, 0, 0, 0
16149, 320, 0, 0, 0
16249, 340, 0, 0, 0
16349, 340, 0, 0, 0
16449, 360, 0, 0, 0
16549, 280, 0, 0, 0
16649, 270, 0, 0, 0
16750, 330, 0, 0, 0
16850, 330, 0, 0, 0
16950, 300, 0, 0, 0
17050, 280, 0, 0, 0
17150, 240, 0, 0, 0
17249, 232, 0, 0, 0
17349, 270, 0, 0, 0
17449, 250, 0, 0, 0
17549, 310, 0, 0, 0
17649, 330, 0, 0, 0
17749, 370, 0, 0, 0
17849, 190, 0, 0, 0
17949, 290, 0, 0, 0
18050, 300, 0, 0, 0
18150, 280, 0, 0, 0
18249, 313, 0, 0, 0
18349, 260, 0, 0, 0
18449, 280, 0, 0, 0
18549, 270, 0, 0, 0
18649, 270, 0, 0, 0
18749, 260, 0, 0, 0
18849, 320, 0, 0, 0
18949, 400, 0, 0, 0
19049, 230, 0, 0, 0
19149, 330, 0, 0, 0
19249, 300, 0, 0, 0
19349, 270, 0, 0, 0
19449, 230, 0, 0, 0
19550, 280, 0, 0, 0
19650, 290, 0, 0, 0
19749, 212, 0, 0, 0
19849, 270, 0, 0, 0
19949, 260, 0, 0, 0
20049, 230, 0, 0, 0
20149, 240, 0, 0, 0
20249, 290, 0, 0, 0
20349, 210, 0, 0, 0
20449, 260, 0, 0, 0
20549, 300, 0, 0, 0
20649, 300, 0, 0, 0
20749, 350, 0, 0, 0
20849, 250, 0, 0, 0
20949, 300, 0, 0, 0
21050, 280, 0, 0, 0
21150, 270, 0, 0, 0
21249, 191, 0, 0, 0
21349, 330, 0, 0, 0
21449, 320, 0, 0, 0
21549, 250, 0, 0, 0
21649, 310, 0, 0, 0
21749, 320, 0, 0, 0
21849, 310, 0, 0, 0
21949, 220, 0, 0, 0
22049, 240, 0, 0, 0
22149, 290, 0, 0, 0
22249, 290, 0, 0, 0
22349, 300, 0, 0, 0
22449, 320, 0, 0, 0
22550, 270, 0, 0, 0
22650, 330, 0, 0, 0
22749, 232, 0, 0, 0
22849, 320, 0, 0, 0
22949, 270, 0, 0, 0
23049, 300, 0, 0, 0
23149, 310, 0, 0, 0
23249, 250, 0, 0, 0
23349, 360, 0, 0, 0
23449, 390, 0, 0, 0
23549, 260, 0, 0, 0
23649, 280, 0, 0, 0
23749, 330, 0, 0, 0
23849, 270, 0, 0, 0
23950, 230, 0, 0, 0
24050, 250, 0, 0, 0
24150, 300, 0, 0, 0
24249, 282, 0, 0, 0
24349, 270, 0, 0, 0
24449, 340, 0, 0, 0
24549, 320, 0, 0, 0
24649, 310, 0, 0, 0
24749, 310, 0, 0, 0
24849, 240, 0, 0, 0
24949, 240, 0, 0, 0
25049, 270, 0, 0, 0
25149, 320, 0, 0, 0
25250, 310, 0, 0, 0
25350, 320, 0, 0, 0
25450, 240, 0, 0, 0
25550, 290, 0, 0, 0
25650, 250, 0, 0, 0
25749, 303, 0, 0, 0
25849, 290, 0, 0, 0
25949, 260, 0, 0, 0
26049, 250, 0, 0, 0
26149, 280, 0, 0, 0
26249, 350, 0, 0, 0
26349, 370, 0, 0, 0
26449, 260, 0, 0, 0
26549, 320, 0, 0, 0
26649, 300, 0, 0, 0
26750, 310, 0, 0, 0
26850, 300, 0, 0, 0
26950, 250, 0, 0, 0
27050, 280, 0, 0, 0
27150, 320, 0, 0, 0
27249, 242, 0, 0, 0
27349, 260, 0, 0, 0
27449, 320, 0, 0, 0
27549, 250, 0, 0, 0
27649, 320, 0, 0, 0
27749, 290, 0, 0, 0
27849, 250, 0, 0, 0
27949, 330, 0, 0, 0
28049, 240, 0, 0, 0
28149, 240, 0, 0, 0
28250, 220, 0, 0, 0
28350, 280, 0, 0, 0
28450, 290, 0, 0, 0
28550, 230, 0, 0, 0
28650, 280, 0, 0, 0
28749, 282, 0, 0, 0
28849, 330, 0, 0, 0
28949, 290, 0, 0, 0
29049, 230, 0, 0, 0
29149, 310, 0, 0, 0
29249, 270, 0, 0, 0
29349, 330, 0, 0, 0
29449, 280, 0, 0, 0
29550, 280, 0, 0, 0
29650, 310, 0, 0, 0
29749, 343, 0, 0, 0
29849, 270, 0, 0, 0
29949, 260, 0, 0, 0
30049, 250, 0, 0, 0
30149, 290, 0, 0, 0
30249, 310, 0, 0, 0
30349, 350, 0, 0, 0
30449, 330, 0, 0, 0
30549, 300, 0, 0, 0
30649, 220, 0, 0, 0
30749, 220, 0, 0, 0
30849, 300, 0, 0, 0
30950, 310, 0, 0, 0
31050, 320, 0, 0, 0
31150, 300, 0, 0, 0
31249, 272, 0, 0, 0
31349, 310, 0, 0, 0
31449, 320, 0, 0, 0
31549, 290, 0, 0, 0
31649, 270, 0, 0, 0
31749, 280, 0, 0, 0
31849, 300, 0, 0, 0
31949, 330, 0, 0, 0
32049, 240, 0, 0, 0
32149, 250, 0, 0, 0
32250, 260, 0, 0, 0
32350, 220, 0, 0, 0
32450, 270, 0, 0, 0
32550, 320, 0, 0, 0
32650, 290, 0, 0, 0
32749, 303, 0, 0, 0
32849, 320, 0, 0, 0
32949, 290, 0, 0, 0
33049, 290, 0, 0, 0
33149, 260, 0, 0, 0
33249, 260, 0, 0, 0
33349, 240, 0, 0, 0
33449, 240, 0, 0, 0
33549, 200, 0, 0, 0
33649, 320, 0, 0, 0
33750, 360, 0, 0, 0
33850, 210, 0, 0, 0
33950, 260, 0, 0, 0
34050, 370, 0, 0, 0
34150, 360, 0, 0, 0
34249, 262, 0, 0, 0
34349, 410, 0, 0, 0
34449, 320, 0, 0, 0
34549, 330, 0, 0, 0
34649, 310, 0, 0, 0
34749, 290, 0, 0, 0
34849, 310, 0, 0, 0
34949, 290, 0, 0, 0
35049, 260, 0, 0, 0
35149, 330, 0, 0, 0
35250, 290, 0, 0, 0
35350, 300, 0, 0, 0
35450, 290, 0, 0, 0
35550, 330, 0, 0, 0
35650, 330, 0, 0, 0
35749, 222, 0, 0, 0
35849, 220, 0, 0, 0
35949, 270, 0, 0, 0
36049, 290, 0, 0, 0
36149, 290, 0, 0, 0
36249, 310, 0, 0, 0
36349, 250, 0, 0, 0
36449, 300, 0, 0, 0
36549, 340, 0, 0, 0
36649, 250, 0, 0, 0
36750, 330, 0, 0, 0
36850, 270, 0, 0, 0
36950, 360, 0, 0, 0
37050, 240, 0, 0, 0
37150, 270, 0, 0, 0
37249, 303, 0, 0, 0
37349, 300, 0, 0, 0
37449, 300, 0, 0, 0
37549, 260, 0, 0, 0
37649, 280, 0, 0, 0
37749, 280, 0, 0, 0
37849, 300, 0, 0, 0
37949, 260, 0, 0, 0
38050, 270, 0, 0, 0
38150, 310, 0, 0, 0
38249, 252, 0, 0, 0
38349, 240, 0, 0, 0
38449, 230, 0, 0, 0
38549, 340, 0, 0, 0
38649, 240, 0, 0, 0
38749, 260, 0, 0, 0
38849, 340, 0, 0, 0
38949, 330, 0, 0, 0
39049, 290, 0, 0, 0
39149, 300, 0, 0, 0
39249, 270, 0, 0, 0
39350, 320, 0, 0, 0
39450, 290, 0, 0, 0
39550, 260, 0, 0, 0
39650, 360, 0, 0, 0
39749, 353, 0, 0, 0
39849, 300, 0, 0, 0
39949, 340, 0, 0, 0
40049, 230, 0, 0, 0
40149, 270, 0, 0, 0
40249, 330, 0, 0, 0
40349, 320, 0, 0, 0
40449, 350, 0, 0, 0
40549, 310, 0, 0, 0
40649, 270, 0, 0, 0
40749, 290, 0, 0, 0
40850, 320, 0, 0, 0
40950, 350, 0, 0, 0
41050, 310, 0, 0, 0
41150, 310, 0, 0, 0
41249, 313, 0, 0, 0
41349, 260, 0, 0, 0
41449, 340, 0, 0, 0
41549, 320, 0, 0, 0
41649, 290, 0, 0, 0
41749, 270, 0, 0, 0
41849, 300, 0, 0, 0
41949, 260, 0, 0, 0
42049, 290, 0, 0, 0
42149, 250, 0, 0, 0
42250, 250, 0, 0, 0
42350, 250, 0, 0, 0
42450, 330, 0, 0, 0
42550, 270, 0, 0, 0
42650, 230, 0, 0, 0
42749, 282, 0, 0, 0
42849, 260, 0, 0, 0
42949, 300, 0, 0, 0
43049, 220, 0, 0, 0
43149, 260, 0, 0, 0
43249, 300, 0, 0, 0
43349, 260, 0, 0, 0
43449, 300, 0, 0, 0
43549, 270, 0, 0, 0
43649, 300, 0, 0, 0
43750, 320, 0, 0, 0
43850, 340, 0, 0, 0
43950, 340, 0, 0, 0
44050, 300, 0, 0, 0
44150, 230, 0, 0, 0
44249, 303, 0, 0, 0
44349, 270, 0, 0, 0
44449, 290, 0, 0, 0
44549, 290, 0, 0, 0
44649, 250, 0, 0, 0
44749, 280, 0, 0, 0
44849, 290, 0, 0, 0
44949, 310, 0, 0, 0
45050, 270, 0, 0, 0
45150, 240, 0, 0, 0
45249, 262, 0, 0, 0
45349, 290, 0, 0, 0
45449, 320, 0, 0, 0
45549, 280, 0, 0, 0
45649, 290, 0, 0, 0
45749, 270, 0, 0, 0
45849, 270, 0, 0, 0
45949, 310, 0, 0, 0
46049, 260, 0, 0, 0
46149, 300, 0, 0, 0
46249, 310, 0, 0, 0
46349, 350, 0, 0, 0
46450, 300, 0, 0, 0
46550, 260, 0, 0, 0
46650, 290, 0, 0, 0
46749, 292, 0, 0, 0
46849, 250, 0, 0, 0
46949, 310, 0, 0, 0
47049, 260, 0, 0, 0
47149, 310, 0, 0, 0
47249, 310, 0, 0, 0
47349, 280, 0, 0, 0
47449, 250, 0, 0, 0
47549, 360, 0, 0, 0
47649, 290, 0, 0, 0
47750, 240, 0, 0, 0
47850, 370, 0, 0, 0
47950, 320, 0, 0, 0
48050, 270, 0, 0, 0
48150, 210, 0, 0, 0
48249, 232, 0, 0, 0
48349, 290, 0, 0, 0
48449, 350, 0, 0, 0
48549, 280, 0, 0, 0
48649, 260, 0, 0, 0
48749, 340, 0, 0, 0
48849, 310, 0, 0, 0
48949, 270, 0, 0, 0
49050, 380, 0, 0, 0
49150, 320, 0, 0, 0
49249, 323, 0, 0, 0
49349, 410, 0, 0, 0
49449, 250, 0, 0, 0
49549, 350, 0, 0, 0
49649, 330, 0, 0, 0
49749, 270, 0, 0, 0
49849, 290, 0, 0, 0
49949, 180, 0, 0, 0
50049, 320, 0, 0, 0
50149, 320, 0, 0, 0
50249, 230, 0, 0, 0
50349, 300, 0, 0, 0
50449, 290, 0, 0, 0
50550, 240, 0, 0, 0
50650, 290, 0, 0, 0
50749, 303, 0, 0, 0
50849, 280, 0, 0, 0
50949, 300, 0, 0, 0
51049, 320, 0, 0, 0
51149, 250, 0, 0, 0
51249, 370, 0, 0, 0
51349, 310, 0, 0, 0
51449, 230, 0, 0, 0
51549, 290, 0, 0, 0
51649, 300, 0, 0, 0
51749, 270, 0, 0, 0
51849, 290, 0, 0, 0
51949, 260, 0, 0, 0
52050, 240, 0, 0, 0
52150, 300, 0, 0, 0
52249, 333, 0, 0, 0
52349, 310, 0, 0, 0
52449, 270, 0, 0, 0
52549, 220, 0, 0, 0
52649, 250, 0, 0, 0
52749, 240, 0, 0, 0
52849, 320, 0, 0, 0
52949, 320, 0, 0, 0
53049, 330, 0, 0, 0
53149, 300, 0, 0, 0
53249, 310, 0, 0, 0
53349, 260, 0, 0, 0
53449, 350, 0, 0, 0
53550, 230, 0, 0, 0
53650, 360, 0, 0, 0
53749, 353, 0, 0, 0
53849, 280, 0, 0, 0
53949, 260, 0, 0, 0
54049, 270, 0, 0, 0
54149, 300, 0, 0, 0
54249, 330, 0, 0, 0
54349, 260, 0, 0, 0
54449, 290, 0, 0, 0
54549, 250, 0, 0, 0
54649, 290, 0, 0, 0
54749, 350, 0, 0, 0
54849, 300, 0, 0, 0
54949, 350, 0, 0, 0
55050, 280, 0, 0, 0
55150, 290, 0, 0, 0
55249, 282, 0, 0, 0
55349, 330, 0, 0, 0
55449, 420, 0, 0, 0
55549, 440, 0, 0, 0
55649, 330, 0, 0, 0
55749, 300, 0, 0, 0
55849, 300, 0, 0, 0
55949, 290, 0, 0, 0
56049, 280, 0, 0, 0
56149, 300, 0, 0, 0
56249, 280, 0, 0, 0
56349, 330, 0, 0, 0
56450, 270, 0, 0, 0
56550, 320, 0, 0, 0
56650, 310, 0, 0, 0
56749, 272, 0, 0, 0
56849, 240, 0, 0, 0
56949, 270, 0, 0, 0
57049, 330, 0, 0, 0
57149, 290, 0, 0, 0
57249, 300, 0, 0, 0
57349, 270, 0, 0, 0
57449, 290, 0, 0, 0
57549, 250, 0, 0, 0
57649, 280, 0, 0, 0
57749, 300, 0, 0, 0
57850, 310, 0, 0, 0
57950, 400, 0, 0, 0
58050, 260, 0, 0, 0
58150, 180, 0, 0, 0
58249, 202, 0, 0, 0
58349, 360, 0, 0, 0
58449, 310, 0, 0, 0
58549, 250, 0, 0, 0
58649, 260, 0, 0, 0
58749, 250, 0, 0, 0
58849, 310, 0, 0, 0
58949, 230, 0, 0, 0
59049, 350, 0, 0, 0
59149, 320, 0, 0, 0
59250, 320, 0, 0, 0
59350, 260, 0, 0, 0
59450, 310, 0, 0, 0
59550, 380, 0, 0, 0
59650, 260, 0, 0, 0
59749, 252, 0, 0, 0
59849, 240, 0, 0, 0
59949, 260, 0, 0, 0
60049, 300, 0, 0, 0
60149, 260, 0, 0, 0
60249, 280, 0, 0, 0
60349, 260, 0, 0, 0
60449, 210, 0, 0, 0
60549, 290, 0, 0, 0
60649, 270, 0, 0, 0
60750, 340, 0, 0, 0
60850, 240, 0, 0, 0
60950, 330, 0, 0, 0
61050, 280, 0, 0, 0
61150, 220, 0, 0, 0
61249, 262, 0, 0, 0
61349, 320, 0, 0, 0
61449, 250, 0, 0, 0
61549, 270, 0, 0, 0
61649, 280, 0, 0, 0
61749, 270, 0, 0, 0
61849, 250, 0, 0, 0
61949, 380, 0, 0, 0
62050, 300, 0, 0, 0
62150, 340, 0, 0, 0
62249, 282, 0, 0, 0
62349, 290, 0, 0, 0
62449, 330, 0, 0, 0
62549, 320, 0, 0, 0
62649, 310, 0, 0, 0
62749, 340, 0, 0, 0
62849, 220, 0, 0, 0
62949, 250, 0, 0, 0
63049, 260, 0, 0, 0
63149, 260, 0, 0, 0
63249, 300, 0, 0, 0
63349, 310, 0, 0, 0
63449, 270, 0, 0, 0
63550, 310, 0, 0, 0
63650, 340, 0, 0, 0
63749, 303, 0, 0, 0
63849, 310, 0, 0, 0
63949, 270, 0, 0, 0
64049, 250, 0, 0, 0
64149, 330, 0, 0, 0
64249, 330, 0, 0, 0
64349, 250, 0, 0, 0
64449, 270, 0, 0, 0
64549, 240, 0, 0, 0
64649, 260, 0, 0, 0
64749, 260, 0, 0, 0
64849, 330, 0, 0, 0
64949, 290, 0, 0, 0
65050, 300, 0, 0, 0
65150, 390, 0, 0, 0
65249, 303, 0, 0, 0
65349, 260, 0, 0, 0
65449, 220, 0, 0, 0
65549, 300, 0, 0, 0
65649, 320, 0, 0, 0
65749, 270, 0, 0, 0
65849, 270, 0, 0, 0
65949, 310, 0, 0, 0
66049, 310, 0, 0, 0
66149, 330, 0, 0, 0
66249, 250, 0, 0, 0
66350, 340, 0, 0, 0
66450, 270, 0, 0, 0
66550, 290, 0, 0, 0
66650, 230, 0, 0, 0
66749, 373, 0, 0, 0
66849, 280, 0, 0, 0
66949, 390, 0, 0, 0
67049, 250, 0, 0, 0
67149, 260, 0, 0, 0
67249, 300, 0, 0, 0
67349, 310, 0, 0, 0
67449, 260, 0, 0, 0
67549, 260, 0, 0, 0
67649, 310, 0, 0, 0
67750, 280, 0, 0, 0
67850, 340, 0, 0, 0
67950, 310, 0, 0, 0
68050, 240, 0, 0, 0
68150, 270, 0, 0, 0
68249, 373, 0, 0, 0
68349, 260, 0, 0, 0
68449, 330, 0, 0, 0
68549, 290, 0, 0, 0
68649, 420, 0, 0, 0
68749, 260, 0, 0, 0
68849, 290, 0, 0, 0
68950, 220, 0, 0, 0
69050, 250, 0, 0, 0
69150, 240, 0, 0, 0
69249, 323, 0, 0, 0
69349, 250, 0, 0, 0
69449, 370, 0, 0, 0
69549, 310, 0, 0, 0
69649, 240, 0, 0, 0
69749, 250, 0, 0, 0
69849, 350, 0, 0, 0
69949, 270, 0, 0, 0
70049, 270, 0, 0, 0
70149, 380, 0, 0, 0
70250, 260, 0, 0, 0
70350, 320, 0, 0, 0
70450, 270, 0, 0, 0
70550, 210, 0, 0, 0
70650, 310, 0, 0, 0
70749, 292, 0, 0, 0
70849, 300, 0, 0, 0
70949, 260, 0, 0, 0
71049, 290, 0, 0, 0
71149, 340, 0, 0, 0
71249, 290, 0, 0, 0
71349, 360, 0, 0, 0
71449, 250, 0, 0, 0
71549, 310, 0, 0, 0
71649, 320, 0, 0, 0
71750, 290, 0, 0, 0
71850, 300, 0, 0, 0
71950, 330, 0, 0, 0
72050, 300, 0, 0, 0
72150, 350, 0, 0, 0
72249, 303, 0, 0, 0
72349, 300, 0, 0, 0
72449, 300, 0, 0, 0
72549, 340, 0, 0, 0
72649, 300, 0, 0, 0
72749, 290, 0, 0, 0
72849, 350, 0, 0, 0
72949, 230, 0, 0, 0
73049, 240, 0, 0, 0
73149, 260, 0, 0, 0
73250, 270, 0, 0, 0
73350, 350, 0, 0, 0
73450, 350, 0, 0, 0
73550, 340, 0, 0, 0
73650, 280, 0, 0, 0
73749, 343, 0, 0, 0
73849, 360, 0, 0, 0
73949, 340, 0, 0, 0
74049, 310, 0, 0, 0
74149, 240, 0, 0, 0
74249, 260, 0, 0, 0
74349, 290, 0, 0, 0
74449, 260, 0, 0, 0
74549, 310, 0, 0, 0
74649, 290, 0, 0, 0
74750, 260, 0, 0, 0
74850, 370, 0, 0, 0
74950, 260, 0, 0, 0
75050, 290, 0, 0, 0
75150, 230, 0, 0, 0
75249, 303, 0, 0, 0
75349, 260, 0, 0, 0
75449, 300, 0, 0, 0
75549, 280, 0, 0, 0
75649, 300, 0, 0, 0
75749, 220, 0, 0, 0
75849, 280, 0, 0, 0
75949, 240, 0, 0, 0
76049, 340, 0, 0, 0
76150, 280, 0, 0, 0
76249, 333, 0, 0, 0
76349, 350, 0, 0, 0
76449, 320, 0, 0, 0
76549, 320, 0, 0, 0
76649, 290, 0, 0, 0
76749, 290, 0, 0, 0
76849, 370, 0, 0, 0
76949, 330, 0, 0, 0
77049, 340, 0, 0, 0
77149, 300, 0, 0, 0
77249, 290, 0, 0, 0
77349, 320, 0, 0, 0
77449, 270, 0, 0, 0
77550, 250, 0, 0, 0
77650, 310, 0, 0, 0
77749, 282, 0, 0, 0
77849, 290, 0, 0, 0
77949, 310, 0, 0, 0
78049, 270, 0, 0, 0
78149, 290, 0, 0, 0
78249, 270, 0, 0, 0
78349, 350, 0, 0, 0
78449, 260, 0, 0, 0
78549, 280, 0, 0, 0
78649, 260, 0, 0, 0
78750, 260, 0, 0, 0
78850, 300, 0, 0, 0
78950, 310, 0, 0, 0
79050, 300, 0, 0, 0
79150, 270, 0, 0, 0
79249, 323, 0, 0, 0
79349, 250, 0, 0, 0
79449, 310, 0, 0, 0
79549, 310, 0, 0, 0
79649, 250, 0, 0, 0
79749, 280, 0, 0, 0
79849, 340, 0, 0, 0
79949, 280, 0, 0, 0
80050, 360, 0, 0, 0
80150, 250, 0, 0, 0
80249, 272, 0, 0, 0
80349, 310, 0, 0, 0
80449, 310, 0, 0, 0
80549, 320, 0, 0, 0
80649, 350, 0, 0, 0
80749, 270, 0, 0, 0
80849, 220, 0, 0, 0
80949, 290, 0, 0, 0
81049, 220, 0, 0, 0
81149, 300, 0, 0, 0
81249, 270, 0, 0, 0
81349, 300, 0, 0, 0
81450, 290, 0, 0, 0
81550, 360, 0, 0, 0
81650, 360, 0, 0, 0
81749, 252, 0, 0, 0
81849, 240, 0, 0, 0
81949, 270, 0, 0, 0
82049, 240, 0, 0, 0
82149, 300, 0, 0, 0
82249, 290, 0, 0, 0
82349, 360, 0, 0, 0
82449, 370, 0, 0, 0
82549, 250, 0, 0, 0
82649, 190, 0, 0, 0
82749, 330, 0, 0, 0
82850, 220, 0, 0, 0
82950, 340, 0, 0, 0
83050, 330, 0, 0, 0
83150, 310, 0, 0, 0
83249, 292, 0, 0, 0
83349, 270, 0, 0, 0
83449, 350, 0, 0, 0
83549, 350, 0, 0, 0
83649, 260, 0, 0, 0
83749, 340, 0, 0, 0
83849, 250, 0, 0, 0
83949, 240, 0, 0, 0
84049, 300, 0, 0, 0
84149, 360, 0, 0, 0
84249, 270, 0, 0, 0
84350, 390, 0, 0, 0
84450, 300, 0, 0, 0
84550, 320, 0, 0, 0
84650, 290, 0, 0, 0
84749, 303, 0, 0, 0
84849, 290, 0, 0, 0
84949, 240, 0, 0, 0
85049, 330, 0, 0, 0
85149, 260, 0, 0, 0
85249, 300, 0, 0, 0
85349, 360, 0, 0, 0
85449, 290, 0, 0, 0
85549, 280, 0, 0, 0
85649, 320, 0, 0, 0
85750, 280, 0, 0, 0
85850, 210, 0, 0, 0
85950, 290, 0, 0, 0
86050, 240, 0, 0, 0
86150, 280, 0, 0, 0
86249, 282, 0, 0, 0
86349, 330, 0, 0, 0
86449, 300, 0, 0, 0
86549, 350, 0, 0, 0
86649, 240, 0, 0, 0
86749, 290, 0, 0, 0
86849, 270, 0, 0, 0
86949, 360, 0, 0, 0
87050, 280, 0, 0, 0
87150, 280, 0, 0, 0
87249, 282, 0, 0, 0
87349, 260, 0, 0, 0
87449, 300, 0, 0, 0
87549, 310, 0, 0, 0
87649, 320, 0, 0, 0
87749, 300, 0, 0, 0
87849, 270, 0, 0, 0
87949, 300, 0, 0, 0
88049, 310, 0, 0, 0
88149, 310, 0, 0, 0
88249, 300, 0, 0, 0
88349, 290, 0, 0, 0
88450, 340, 0, 0, 0
88550, 310, 0, 0, 0
88650, 400, 0, 0, 0
88749, 343, 0, 0, 0
88849, 290, 0, 0, 0
88949, 300, 0, 0, 0
89049, 340, 0, 0, 0
89149, 250, 0, 0, 0
89249, 270, 0, 0, 0
89349, 390, 0, 0, 0
89449, 310, 0, 0, 0
89549, 290, 0, 0, 0
89649, 270, 0, 0, 0
89750, 290, 0, 0, 0
89850, 290, 0, 0, 0
89950, 250, 0, 0, 0
90050, 330, 0, 0, 0
90150, 280, 0, 0, 0
90249, 333, 0, 0, 0
90349, 270, 0, 0, 0
90449, 340, 0, 0, 0
90549, 250, 0, 0, 0
90649, 230, 0, 0, 0
90749, 340, 0, 0, 0
90850, 320, 0, 0, 0
90950, 330, 0, 0, 0
91050, 280, 0, 0, 0
91150, 240, 0, 0, 0
91249, 373, 0, 0, 0
91349, 260, 0, 0, 0
91450, 280, 0, 0, 0
91550, 330, 0, 0, 0
91650, 270, 0, 0, 0
91749, 303, 0, 0, 0
91849, 270, 0, 0, 0
91949, 260, 0, 0, 0
92049, 340, 0, 0, 0
92149, 210, 0, 0, 0
92249, 310, 0, 0, 0
92349, 320, 0, 0, 0
92449, 290, 0, 0, 0
92549, 390, 0, 0, 0
92649, 370, 0, 0, 0
92750, 260, 0, 0, 0
92850, 280, 0, 0, 0
92950, 310, 0, 0, 0
93050, 330, 0, 0, 0
93150, 280, 0, 0, 0
93249, 393, 0, 0, 0
93349, 360, 0, 0, 0
93449, 330, 0, 0, 0
93549, 300, 0, 0, 0
93649, 300, 0, 0, 0
93749, 370, 0, 0, 0
93849, 260, 0, 0, 0
93949, 320, 0, 0, 0
94050, 310, 0, 0, 0
94150, 310, 0, 0, 0
94249, 323, 0, 0, 0
94349, 200, 0, 0, 0
94449, 330, 0, 0, 0
94549, 200, 0, 0, 0
94649, 370, 0, 0, 0
94749, 240, 0, 0, 0
94849, 210, 0, 0, 0
94949, 310, 0, 0, 0
95049, 350, 0, 0, 0
95149, 390, 0, 0, 0
95249, 260, 0, 0, 0
95349, 330, 0, 0, 0
95449, 290, 0, 0, 0
95550, 260, 0, 0, 0
95650, 290, 0, 0, 0
95749, 343, 0, 0, 0
95849, 270, 0, 0, 0
95949, 330, 0, 0, 0
96049, 310, 0, 0, 0
96149, 270, 0, 0, 0
96249, 290, 0, 0, 0
96349, 270, 0, 0, 0
96449, 370, 0, 0, 0
96549, 290, 0, 0, 0
96649, 270, 0, 0, 0
96750, 300, 0, 0, 0
96850, 260, 0, 0, 0
96950, 330, 0, 0, 0
97050, 350, 0, 0, 0
97150, 290, 0, 0, 0
97249, 333, 0, 0, 0
97349, 380, 0, 0, 0
97449, 240, 0, 0, 0
97549, 340, 0, 0, 0
97649, 220, 0, 0, 0
97749, 240, 0, 0, 0
97849, 290, 0, 0, 0
97949, 340, 0, 0, 0
98050, 340, 0, 0, 0
98150, 260, 0, 0, 0
98249, 282, 0, 0, 0
98349, 240, 0, 0, 0
98449, 320, 0, 0, 0
98549, 210, 0, 0, 0
98649, 360, 0, 0, 0
98749, 270, 0, 0, 0
98849, 280, 0, 0, 0
98949, 230, 0, 0, 0
99049, 310, 0, 0, 0
99149, 280, 0, 0, 0
99250, 320, 0, 0, 0
99350, 280, 0, 0, 0
99450, 270, 0, 0, 0
99550, 320, 0, 0, 0
99650, 330, 0, 0, 0
99749, 303, 0, 0, 0
99849, 270, 0, 0, 0
99949, 250, 0, 0, 0
100049, 300, 0, 0, 0
100149, 260, 0, 0, 0
100249, 230, 0, 0, 0
100349, 290, 0, 0, 0
100449, 300, 0, 0, 0
100549, 290, 0, 0, 0
100649, 290, 0, 0, 0
100750, 260, 0, 0, 0
100850, 380, 0, 0, 0
100950, 280, 0, 0, 0
101050, 320, 0, 0, 0
101150, 290, 0, 0, 0
101249, 303, 0, 0, 0
101349, 310, 0, 0, 0
101449, 290, 0, 0, 0
101549, 280, 0, 0, 0
101649, 330, 0, 0, 0
101749, 290, 0, 0, 0
101849, 370, 0, 0, 0
101949, 250, 0, 0, 0
102050, 290, 0, 0, 0
102150, 290, 0, 0, 0
102249, 343, 0, 0, 0
102349, 340, 0, 0, 0
102449, 240, 0, 0, 0
102549, 290, 0, 0, 0
102649, 220, 0, 0, 0
102749, 370, 0, 0, 0
102849, 320, 0, 0, 0
102949, 230, 0, 0, 0
103049, 390, 0, 0, 0
103149, 300, 0, 0, 0
103249, 350, 0, 0, 0
103350, 230, 0, 0, 0
103450, 330, 0, 0, 0
103550, 240, 0, 0, 0
103650, 300, 0, 0, 0
103749, 393, 0, 0, 0
103849, 260, 0, 0, 0
103949, 310, 0, 0, 0
104049, 270, 0, 0, 0
104149, 280, 0, 0, 0
104249, 260, 0, 0, 0
104349, 290, 0, 0, 0
104449, 290, 0, 0, 0
104549, 340, 0, 0, 0
104650, 360, 0, 0, 0
104749, 232, 0, 0, 0
104849, 270, 0, 0, 0
104949, 380, 0, 0, 0
105049, 300, 0, 0, 0
105149, 220, 0, 0, 0
105249, 300, 0, 0, 0
105349, 340, 0, 0, 0
105449, 300, 0, 0, 0
105549, 340, 0, 0, 0
105649, 310, 0, 0, 0
105750, 310, 0, 0, 0
105850, 320, 0, 0, 0
105950, 300, 0, 0, 0
106050, 280, 0, 0, 0
106150, 360, 0, 0, 0
106249, 262, 0, 0, 0
106349, 330, 0, 0, 0
106449, 270, 0, 0, 0
106549, 310, 0, 0, 0
106649, 250, 0, 0, 0
106749, 290, 0, 0, 0
106849, 250, 0, 0, 0
106949, 300, 0, 0, 0
107049, 260, 0, 0, 0
107149, 370, 0, 0, 0
107250, 240, 0, 0, 0
107350, 410, 0, 0, 0
107450, 270, 0, 0, 0
107550, 280, 0, 0, 0
107650, 300, 0, 0, 0
107749, 292, 0, 0, 0
107849, 290, 0, 0, 0
107949, 280, 0, 0, 0
108049, 270, 0, 0, 0
108149, 280, 0, 0, 0
108249, 270, 0, 0, 0
108349, 340, 0, 0, 0
108449, 240, 0, 0, 0
108550, 240, 0, 0, 0
108650, 350, 0, 0, 0
108749, 282, 0, 0, 0
108849, 310, 0, 0, 0
108949, 300, 0, 0, 0
109049, 240, 0, 0, 0
109149, 310, 0, 0, 0
109249, 280, 0, 0, 0
109349, 270, 0, 0, 0
109449, 210, 0, 0, 0
109549, 270, 0, 0, 0
109649, 400, 0, 0, 0
109749, 290, 0, 0, 0
109849, 260, 0, 0, 0
109949, 250, 0, 0, 0
110050, 290, 0, 0, 0
110150, 350, 0, 0, 0
110249, 272, 0, 0, 0
110349, 280, 0, 0, 0
110449, 300, 0, 0, 0
110549, 370, 0, 0, 0
110649, 300, 0, 0, 0
110749, 340, 0, 0, 0
110849, 260, 0, 0, 0
110949, 330, 0, 0, 0
111049, 300, 0, 0, 0
111149, 210, 0, 0, 0
111249, 210, 0, 0, 0
111350, 300, 0, 0, 0
111450, 350, 0, 0, 0
111550, 320, 0, 0, 0
111650, 290, 0, 0, 0
111749, 272, 0, 0, 0
111849, 310, 0, 0, 0
111949, 400, 0, 0, 0
112050, 230, 0, 0, 0
112150, 270, 0, 0, 0
112249, 313, 0, 0, 0
112349, 260, 0, 0, 0
112449, 310, 0, 0, 0
112549, 340, 0, 0, 0
112649, 290, 0, 0, 0
112749, 250, 0, 0, 0
112849, 280, 0, 0, 0
112949, 310, 0, 0, 0
113049, 250, 0, 0, 0
113149, 300, 0, 0, 0
113249, 250, 0, 0, 0
113349, 380, 0, 0, 0
113449, 300, 0, 0, 0
113550, 250, 0, 0, 0
113650, 320, 0, 0, 0
113749, 292, 0, 0, 0
113849, 300, 0, 0, 0
113949, 290, 0, 0, 0
114049, 320, 0, 0, 0
114149, 270, 0, 0, 0
114249, 310, 0, 0, 0
114349, 350, 0, 0, 0
114449, 360, 0, 0, 0
114549, 240, 0, 0, 0
114649, 270, 0, 0, 0
114749, 290, 0, 0, 0
114850, 280, 0, 0, 0
114950, 280, 0, 0, 0
115050, 330, 0, 0, 0
115150, 300, 0, 0, 0
115249, 282, 0, 0, 0
115349, 250, 0, 0, 0
115449, 370, 0, 0, 0
115549, 320, 0, 0, 0
115649, 270, 0, 0, 0
115749, 310, 0, 0, 0
115849, 270, 0, 0, 0
115949, 240, 0, 0, 0
116049, 290, 0, 0, 0
116149, 310, 0, 0, 0
116249, 320, 0, 0, 0
116350, 330, 0, 0, 0
116450, 320, 0, 0, 0
116550, 280, 0, 0, 0
116650, 270, 0, 0, 0
116749, 252, 0, 0, 0
116849, 290, 0, 0, 0
116949, 370, 0, 0, 0
117049, 340, 0, 0, 0
117149, 150, 0, 0, 0
117249, 340, 0, 0, 0
117349, 250, 0, 0, 0
117449, 310, 0, 0, 0
117549, 220, 0, 0, 0
117649, 220, 0, 0, 0
117750, 310, 0, 0, 0
117850, 220, 0, 0, 0
117950, 280, 0, 0, 0
118050, 330, 0, 0, 0
118150, 320, 0, 0, 0
118249, 444, 0, 0, 0
118349, 270, 0, 0, 0
118449, 330, 0, 0, 0
118549, 370, 0, 0, 0
118649, 300, 0, 0, 0
118749, 220, 0, 0, 0
118849, 310, 0, 0, 0
118949, 330, 0, 0, 0
119050, 350, 0, 0, 0
119150, 450, 0, 0, 0
119249, 292, 0, 0, 0
119349, 280, 0, 0, 0
119449, 340, 0, 0, 0
119549, 290, 0, 0, 0
119649, 300, 0, 0, 0
119749, 290, 0, 0, 0
119849, 290, 0, 0, 0
119949, 240, 0, 0, 0
120049, 280, 0, 0, 0
120149, 310, 0, 0, 0
120250, 220, 0, 0, 0
120350, 370, 0, 0, 0
120450, 320, 0, 0, 0
120550, 310, 0, 0, 0
120650, 240, 0, 0, 0
120749, 343, 0, 0, 0
120849, 250, 0, 0, 0
120949, 240, 0, 0, 0
121049, 290, 0, 0, 0
121149, 260, 0, 0, 0
121249, 320, 0, 0, 0
121349, 260, 0, 0, 0
121449, 260, 0, 0, 0
121550, 360, 0, 0, 0
121650, 260, 0, 0, 0
121749, 313, 0, 0, 0
121849, 350, 0, 0, 0
121949, 250, 0, 0, 0
122049, 260, 0, 0, 0
122149, 270, 0, 0, 0
122249, 320, 0, 0, 0
122349, 280, 0, 0, 0
122449, 220, 0, 0, 0
122549, 270, 0, 0, 0
122649, 310, 0, 0, 0
122749, 350, 0, 0, 0
122849, 280, 0, 0, 0
122949, 330, 0, 0, 0
123050, 250, 0, 0, 0
123150, 280, 0, 0, 0
123249, 262, 0, 0, 0
123349, 300, 0, 0, 0
123449, 310, 0, 0, 0
123549, 260, 0, 0, 0
123649, 280, 0, 0, 0
123749, 330, 0, 0, 0
123849, 340, 0, 0, 0
123949, 280, 0, 0, 0
124049, 250, 0, 0, 0
124149, 240, 0, 0, 0
124249, 330, 0, 0, 0
124349, 290, 0, 0, 0
124450, 340, 0, 0, 0
124550, 340, 0, 0, 0
124650, 230, 0, 0, 0
124749, 333, 0, 0, 0
124849, 290, 0, 0, 0
124949, 320, 0, 0, 0
125049, 250, 0, 0, 0
125149, 270, 0, 0, 0
125249, 360, 0, 0, 0
125349, 340, 0, 0, 0
125449, 320, 0, 0, 0
125549, 290, 0, 0, 0
125649, 310, 0, 0, 0
125750, 260, 0, 0, 0
125850, 340, 0, 0, 0
125950, 300, 0, 0, 0
126050, 270, 0, 0, 0
126150, 290, 0, 0, 0
126249, 303, 0, 0, 0
126349, 330, 0, 0, 0
126449, 190, 0, 0, 0
126549, 330, 0, 0, 0
126649, 290, 0, 0, 0
126749, 230, 0, 0, 0
126849, 330, 0, 0, 0
126949, 330, 0, 0, 0
127050, 310, 0, 0, 0
127150, 270, 0, 0, 0
127249, 252, 0, 0, 0
127349, 320, 0, 0, 0
127449, 360, 0, 0, 0
127549, 300, 0, 0, 0
127649, 320, 0, 0, 0
127749, 270, 0, 0, 0
127849, 260, 0, 0, 0
127949, 190, 0, 0, 0
128049, 250, 0, 0, 0
128149, 240, 0, 0, 0
128249, 300, 0, 0, 0
128349, 300, 0, 0, 0
128449, 270, 0, 0, 0
128550, 300, 0, 0, 0
128650, 340, 0, 0, 0
128749, 272, 0, 0, 0
128849, 280, 0, 0, 0
128949, 290, 0, 0, 0
129049, 340, 0, 0, 0
129149, 290, 0, 0, 0
129249, 300, 0, 0, 0
129349, 300, 0, 0, 0
129449, 300, 0, 0, 0
129549, 310, 0, 0, 0
129650, 270, 0, 0, 0
129749, 252, 0, 0, 0
129849, 320, 0, 0, 0
129949, 300, 0, 0, 0
130049, 360, 0, 0, 0
130149, 270, 0, 0, 0
130249, 280, 0, 0, 0
130349, 260, 0, 0, 0
130449, 310, 0, 0, 0
130549, 290, 0, 0, 0
130649, 300, 0, 0, 0
130749, 340, 0, 0, 0
130849, 270, 0, 0, 0
130950, 290, 0, 0, 0
131050, 290, 0, 0, 0
131150, 240, 0, 0, 0
131249, 343, 0, 0, 0
131349, 320, 0, 0, 0
131449, 310, 0, 0, 0
131549, 340, 0, 0, 0
131649, 300, 0, 0, 0
131749, 210, 0, 0, 0
131849, 340, 0, 0, 0
131949, 300, 0, 0, 0
132049, 310, 0, 0, 0
132150, 310, 0, 0, 0
132250, 260, 0, 0, 0
132350, 350, 0, 0, 0
132450, 290, 0, 0, 0
132550, 210, 0, 0, 0
132650, 270, 0, 0, 0
132749, 252, 0, 0, 0
132849, 350, 0, 0, 0
132949, 170, 0, 0, 0
133049, 300, 0, 0, 0
133149, 300, 0, 0, 0
133249, 310, 0, 0, 0
133349, 290, 0, 0, 0
133449, 330, 0, 0, 0
133550, 300, 0, 0, 0
133650, 390, 0, 0, 0
133749, 252, 0, 0, 0
133849, 280, 0, 0, 0
133949, 280, 0, 0, 0
134049, 370, 0, 0, 0
134149, 320, 0, 0, 0
134249, 400, 0, 0, 0
134349, 310, 0, 0, 0
134449, 370, 0, 0, 0
134549, 270, 0, 0, 0
134649, 280, 0, 0, 0
134749, 310, 0, 0, 0
134850, 310, 0, 0, 0
134950, 290, 0, 0, 0
135050, 350, 0, 0, 0
135150, 360, 0, 0, 0
135249, 343, 0, 0, 0
135349, 330, 0, 0, 0
135449, 200, 0, 0, 0
135549, 290, 0, 0, 0
135649, 280, 0, 0, 0
135749, 390, 0, 0, 0
135849, 290, 0, 0, 0
135949, 230, 0, 0, 0
136049, 350, 0, 0, 0
136149, 250, 0, 0, 0
136250, 300, 0, 0, 0
136350, 230, 0, 0, 0
136450, 450, 0, 0, 0
136550, 250, 0, 0, 0
136650, 290, 0, 0, 0
136749, 272, 0, 0, 0
136849, 250, 0, 0, 0
136949, 300, 0, 0, 0
137049, 310, 0, 0, 0
137149, 260, 0, 0, 0
137249, 270, 0, 0, 0
137349, 340, 0, 0, 0
137449, 300, 0, 0, 0
137550, 250, 0, 0, 0
137650, 280, 0, 0, 0
137749, 282, 0, 0, 0
137849, 300, 0, 0, 0
137949, 300, 0, 0, 0
138049, 250, 0, 0, 0
138149, 310, 0, 0, 0
138249, 290, 0, 0, 0
138349, 220, 0, 0, 0
138449, 290, 0, 0, 0
138549, 350, 0, 0, 0
138649, 330, 0, 0, 0
138750, 340, 0, 0, 0
138850, 310, 0, 0, 0
138950, 330, 0, 0, 0
139050, 300, 0, 0, 0
139150, 290, 0, 0, 0
139249, 272, 0, 0, 0
139349, 310, 0, 0, 0
139449, 320, 0, 0, 0
139549, 390, 0, 0, 0
139649, 360, 0, 0, 0
139749, 320, 0, 0, 0
139849, 280, 0, 0, 0
139949, 290, 0, 0, 0
140050, 260, 0, 0, 0
140150, 310, 0, 0, 0
140249, 282, 0, 0, 0
140349, 300, 0, 0, 0
140449, 330, 0, 0, 0
140549, 300, 0, 0, 0
140649, 410, 0, 0, 0
140749, 300, 0, 0, 0
140849, 250, 0, 0, 0
140949, 340, 0, 0, 0
141049, 380, 0, 0, 0
141149, 340, 0, 0, 0
141250, 320, 0, 0, 0
141350, 260, 0, 0, 0
141450, 340, 0, 0, 0
141550, 330, 0, 0, 0
141650, 270, 0, 0, 0
141749, 282, 0, 0, 0
141849, 300, 0, 0, 0
141949, 290, 0, 0, 0
142049, 280, 0, 0, 0
142149, 300, 0, 0, 0
142249, 270, 0, 0, 0
142349, 370, 0, 0, 0
142449, 360, 0, 0, 0
142549, 290, 0, 0, 0
142649, 350, 0, 0, 0
142750, 250, 0, 0, 0
142850, 200, 0, 0, 0
142950, 300, 0, 0, 0
143050, 270, 0, 0, 0
143150, 270, 0, 0, 0
143249, 272, 0, 0, 0
143349, 300, 0, 0, 0
143449, 300, 0, 0, 0
143549, 350, 0, 0, 0
143649, 280, 0, 0, 0
143749, 290, 0, 0, 0
143849, 360, 0, 0, 0
143949, 270, 0, 0, 0
144050, 290, 0, 0, 0
144150, 260, 0, 0, 0
144249, 292, 0, 0, 0
144349, 310, 0, 0, 0
144449, 300, 0, 0, 0
144549, 370, 0, 0, 0
144649, 270, 0, 0, 0
144749, 310, 0, 0, 0
144849, 320, 0, 0, 0
144949, 290, 0, 0, 0
145049, 270, 0, 0, 0
145149, 310, 0, 0, 0
145249, 370, 0, 0, 0
145349, 270, 0, 0, 0
145450, 300, 0, 0, 0
145550, 260, 0, 0, 0
145650, 360, 0, 0, 0
145749, 323, 0, 0, 0
145849, 240, 0, 0, 0
145949, 300, 0, 0, 0
146049, 270, 0, 0, 0
146149, 330, 0, 0, 0
146249, 340, 0, 0, 0
146349, 220, 0, 0, 0
146449, 230, 0, 0, 0
146549, 230, 0, 0, 0
146649, 430, 0, 0, 0
146750, 350, 0, 0, 0
146850, 340, 0, 0, 0
146950, 300, 0, 0, 0
147050, 290, 0, 0, 0
147150, 290, 0, 0, 0
147249, 333, 0, 0, 0
147349, 400, 0, 0, 0
147449, 340, 0, 0, 0
147549, 280, 0, 0, 0
147649, 280, 0, 0, 0
147749, 300, 0, 0, 0
147849, 280, 0, 0, 0
147949, 370, 0, 0, 0
148049, 250, 0, 0, 0
148150, 240, 0, 0, 0
148249, 252, 0, 0, 0
148349, 270, 0, 0, 0
148449, 260, 0, 0, 0
148549, 330, 0, 0, 0
148649, 310, 0, 0, 0
148749, 310, 0, 0, 0
148849, 310, 0, 0, 0
148949, 310, 0, 0, 0
149049, 330, 0, 0, 0
149149, 250, 0, 0, 0
149249, 290, 0, 0, 0
149349, 290, 0, 0, 0
149449, 300, 0, 0, 0
149550, 230, 0, 0, 0
149650, 280, 0, 0, 0
149749, 343, 0, 0, 0
149849, 280, 0, 0, 0
149949, 260, 0, 0, 0
150049, 320, 0, 0, 0
150149, 230, 0, 0, 0
150249, 320, 0, 0, 0
150349, 380, 0, 0, 0
150449, 260, 0, 0, 0
150549, 360, 0, 0, 0
150649, 320, 0, 0, 0
150749, 310, 0, 0, 0
150852, 274, 0, 0, 0
150952, 310, 0, 0, 0
151052, 340, 0, 0, 0
151152, 310, 0, 0, 0
151252, 270, 0, 0, 0
151352, 360, 0, 0, 0
151452, 320, 0, 0, 0
151552, 290, 0, 0, 0
151652, 270, 0, 0, 0
151752, 380, 0, 0, 0
151852, 280, 0, 0, 0
151952, 320, 0, 0, 0
152053, 320, 0, 0, 0
152153, 330, 0, 0, 0
152253, 250, 0, 0, 0
152353, 340, 0, 0, 0
152453, 320, 0, 0, 0
152553, 280, 0, 0, 0
152653, 270, 0, 0, 0
152753, 320, 0, 0, 0
152853, 350, 0, 0, 0
152953, 310, 0, 0, 0
153053, 320, 0, 0, 0
153153, 270, 0, 0, 0
153253, 330, 0, 0, 0
153353, 360, 0, 0, 0
153454, 270, 0, 0, 0
153554, 330, 0, 0, 0
153654, 290, 0, 0, 0
153754, 410, 0, 0, 0
153854, 330, 0, 0, 0
153954, 270, 0, 0, 0
154054, 310, 0, 0, 0
154154, 310, 0, 0, 0
154254, 220, 0, 0, 0
154354, 250, 0, 0, 0
154454, 340, 0, 0, 0
154554, 330, 0, 0, 0
154654, 290, 0, 0, 0
154755, 260, 0, 0, 0
154855, 310, 0, 0, 0
154955, 250, 0, 0, 0
155055, 260, 0, 0, 0
155155, 290, 0, 0, 0
155255, 340, 0, 0, 0
155355, 340, 0, 0, 0
155455, 410, 0, 0, 0
155555, 290, 0, 0, 0
155655, 350, 0, 0, 0
155755, 250, 0, 0, 0
155855, 330, 0, 0, 0
155955, 280, 0, 0, 0
156055, 330, 0, 0, 0
156155, 340, 0, 0, 0
156256, 290, 0, 0, 0
156356, 220, 0, 0, 0
156456, 330, 0, 0, 0
156556, 310, 0, 0, 0
156656, 240, 0, 0, 0
156756, 350, 0, 0, 0
156856, 300, 0, 0, 0
156956, 350, 0, 0, 0
157056, 340, 0, 0, 0
157156, 280, 0, 0, 0
157256, 330, 0, 0, 0
157356, 350, 0, 0, 0
157456, 370, 0, 0, 0
157557, 270, 0, 0, 0
157657, 280, 0, 0, 0
157757, 300, 0, 0, 0
157857, 270, 0, 0, 0
157957, 310, 0, 0, 0
158057, 290, 0, 0, 0
158157, 380, 0, 0, 0
158257, 250, 0, 0, 0
158357, 300, 0, 0, 0
158457, 290, 0, 0, 0
158557, 350, 0, 0, 0
158657, 260, 0, 0, 0
158757, 340, 0, 0, 0
158858, 280, 0, 0, 0
158958, 330, 0, 0, 0
159058, 320, 0, 0, 0
159158, 280, 0, 0, 0
159258, 320, 0, 0, 0
159358, 310, 0, 0, 0
159458, 330, 0, 0, 0
159558, 290, 0, 0, 0
159658, 330, 0, 0, 0
159758, 290, 0, 0, 0
159858, 340, 0, 0, 0
159958, 330, 0, 0, 0
160058, 330, 0, 0, 0
160158, 250, 0, 0, 0
160259, 350, 0, 0, 0
160359, 210, 0, 0, 0
160459, 330, 0, 0, 0
160559, 310, 0, 0, 0
160659, 340, 0, 0, 0
160759, 320, 0, 0, 0
160859, 280, 0, 0, 0
160959, 250, 0, 0, 0
161059, 280, 0, 0, 0
161159, 260, 0, 0, 0
161259, 300, 0, 0, 0
161359, 350, 0, 0, 0
161459, 350, 0, 0, 0
161560, 330, 0, 0, 0
161660, 240, 0, 0, 0
161760, 280, 0, 0, 0
161860, 250, 0, 0, 0
161960, 380, 0, 0, 0
162060, 330, 0, 0, 0
162160, 270, 0, 0, 0
162260, 330, 0, 0, 0
162360, 270, 0, 0, 0
162460, 310, 0, 0, 0
162560, 240, 0, 0, 0
162660, 280, 0, 0, 0
162760, 290, 0, 0, 0
162861, 360, 0, 0, 0
162961, 380, 0, 0, 0
163061, 280, 0, 0, 0
163161, 270, 0, 0, 0
163261, 230, 0, 0, 0
163361, 240, 0, 0, 0
163461, 290, 0, 0, 0
163561, 280, 0, 0, 0
163661, 320, 0, 0, 0
163761, 330, 0, 0, 0
163861, 250, 0, 0, 0
163961, 290, 0, 0, 0
164061, 290, 0, 0, 0
164161, 240, 0, 0, 0
164262, 270, 0, 0, 0
164362, 280, 0, 0, 0
164462, 290, 0, 0, 0
164562, 230, 0, 0, 0
164662, 300, 0, 0, 0
164762, 370, 0, 0, 0
164862, 280, 0, 0, 0
164962, 250, 0, 0, 0
165062, 270, 0, 0, 0
165162, 250, 0, 0, 0
165262, 220, 0, 0, 0
165362, 230, 0, 0, 0
165462, 410, 0, 0, 0
165563, 320, 0, 0, 0
165663, 240, 0, 0, 0
165763, 300, 0, 0, 0
165863, 350, 0, 0, 0
165963, 270, 0, 0, 0
166063, 290, 0, 0, 0
166163, 300, 0, 0, 0
166263, 320, 0, 0, 0
166363, 270, 0, 0, 0
166463, 280, 0, 0, 0
166563, 360, 0, 0, 0
166663, 260, 0, 0, 0
166763, 300, 0, 0, 0
166863, 310, 0, 0, 0
166964, 300, 0, 0, 0
167064, 300, 0, 0, 0
167164, 240, 0, 0, 0
167264, 330, 0, 0, 0
167364, 310, 0, 0, 0
167464, 270, 0, 0, 0
167564, 360, 0, 0, 0
167664, 290, 0, 0, 0
167764, 260, 0, 0, 0
167864, 270, 0, 0, 0
167964, 340, 0, 0, 0
168064, 240, 0, 0, 0
168164, 310, 0, 0, 0
168265, 270, 0, 0, 0
168365, 250, 0, 0, 0
168465, 270, 0, 0, 0
168565, 270, 0, 0, 0
168665, 260, 0, 0, 0
168765, 310, 0, 0, 0
168865, 240, 0, 0, 0
168965, 340, 0, 0, 0
169065, 290, 0, 0, 0
169165, 290, 0, 0, 0
169265, 210, 0, 0, 0
169365, 290, 0, 0, 0
169465, 300, 0, 0, 0
169566, 250, 0, 0, 0
169666, 180, 0, 0, 0
169766, 350, 0, 0, 0
169866, 310, 0, 0, 0
169966, 310, 0, 0, 0
170066, 260, 0, 0, 0
170166, 300, 0, 0, 0
170266, 270, 0, 0, 0
170366, 310, 0, 0, 0
170466, 260, 0, 0, 0
170566, 300, 0, 0, 0
170666, 280, 0, 0, 0
170767, 300, 0, 0, 0
170867, 320, 0, 0, 0
170967, 300, 0, 0, 0
171067, 250, 0, 0, 0
171167, 340, 0, 0, 0
171267, 330, 0, 0, 0
171367, 300, 0, 0, 0
171467, 250, 0, 0, 0
171567, 320, 0, 0, 0
171667, 310, 0, 0, 0
171767, 290, 0, 0, 0
171867, 250, 0, 0, 0
171967, 350, 0, 0, 0
172068, 300, 0, 0, 0
172168, 280, 0, 0, 0
172268, 310, 0, 0, 0
172368, 280, 0, 0, 0
172468, 330, 0, 0, 0
172568, 340, 0, 0, 0
172668, 260, 0, 0, 0
172768, 330, 0, 0, 0
172868, 290, 0, 0, 0
172968, 270, 0, 0, 0
173068, 330, 0, 0, 0
173168, 230, 0, 0, 0
173268, 280, 0, 0, 0
173368, 350, 0, 0, 0
173469, 300, 0, 0, 0
173569, 300, 0, 0, 0
173669, 300, 0, 0, 0
173769, 300, 0, 0, 0
173869, 360, 0, 0, 0
173969, 240, 0, 0, 0
174069, 220, 0, 0, 0
174169, 280, 0, 0, 0
174269, 210, 0, 0, 0
174369, 290, 0, 0, 0
174469, 300, 0, 0, 0
174569, 340, 0, 0, 0
174669, 320, 0, 0, 0
174770, 290, 0, 0, 0
174870, 300, 0, 0, 0
174970, 350, 0, 0, 0
175070, 280, 0, 0, 0
175170, 290, 0, 0, 0
175270, 260, 0, 0, 0
175370, 240, 0, 0, 0
175470, 350, 0, 0, 0
175570, 310, 0, 0, 0
175670, 270, 0, 0, 0
175770, 250, 0, 0, 0
175870, 320, 0, 0, 0
175970, 290, 0, 0, 0
176070, 230, 0, 0, 0
176171, 380, 0, 0, 0
176271, 260, 0, 0, 0
176371, 260, 0, 0, 0
176471, 290, 0, 0, 0
176571, 340, 0, 0, 0
176671, 300, 0, 0, 0
176771, 350, 0, 0, 0
176871, 300, 0, 0, 0
176971, 330, 0, 0, 0
177071, 250, 0, 0, 0
177171, 230, 0, 0, 0
177271, 270, 0, 0, 0
177371, 260, 0, 0, 0
177471, 270, 0, 0, 0
177572, 330, 0, 0, 0
177672, 270, 0, 0, 0
177772, 360, 0, 0, 0
177872, 310, 0, 0, 0
177972, 300, 0, 0, 0
178072, 270, 0, 0, 0
178172, 220, 0, 0, 0
178272, 300, 0, 0, 0
178372, 250, 0, 0, 0
178472, 250, 0, 0, 0
178572, 350, 0, 0, 0
178672, 280, 0, 0, 0
178772, 270, 0, 0, 0
178872, 260, 0, 0, 0
178972, 250, 0, 0, 0
179073, 260, 0, 0, 0
179173, 240, 0, 0, 0
179273, 300, 0, 0, 0
179373, 270, 0, 0, 0
179473, 270, 0, 0, 0
179573, 300, 0, 0, 0
179673, 380, 0, 0, 0
179773, 310, 0, 0, 0
179873, 290, 0, 0, 0
179973, 300, 0, 0, 0
