102, 6249860, 0, 0, 0
205, 6227034, 0, 0, 0
301, 6779477, 0, 0, 0
403, 4938855, 0, 0, 0
503, 6553882, 0, 0, 0
601, 6660227, 0, 0, 0
709, 7287663, 0, 0, 0
803, 5715665, 0, 0, 0
902, 6748250, 0, 0, 0
1003, 6166847, 0, 0, 0
1101, 8494403, 0, 0, 0
1200, 5476475, 0, 0, 0
1300, 7592703, 0, 0, 0
1401, 5886967, 0, 0, 0
1509, 5777272, 0, 0, 0
1601, 6532017, 0, 0, 0
1702, 9666412, 0, 0, 0
1803, 5555504, 0, 0, 0
1900, 6980248, 0, 0, 0
2013, 7081404, 0, 0, 0
2100, 7333041, 0, 0, 0
2201, 5857986, 0, 0, 0
2305, 6447874, 0, 0, 0
2400, 6360196, 0, 0, 0
2501, 6838433, 0, 0, 0
2601, 5242131, 0, 0, 0
2703, 6594902, 0, 0, 0
2803, 7024324, 0, 0, 0
2901, 5682901, 0, 0, 0
3005, 5888507, 0, 0, 0
3100, 6779692, 0, 0, 0
3203, 6296909, 0, 0, 0
3303, 6139509, 0, 0, 0
3402, 7566752, 0, 0, 0
3501, 4620218, 0, 0, 0
3600, 5518385, 0, 0, 0
3706, 6794100, 0, 0, 0
3800, 7420450, 0, 0, 0
3902, 6042765, 0, 0, 0
4001, 6524722, 0, 0, 0
4100, 7220838, 0, 0, 0
4206, 7019343, 0, 0, 0
4305, 6062540, 0, 0, 0
4400, 5504825, 0, 0, 0
4503, 6040838, 0, 0, 0
4604, 6837321, 0, 0, 0
4700, 9370561, 0, 0, 0
4803, 7906098, 0, 0, 0
4900, 6770558, 0, 0, 0
5000, 6378262, 0, 0, 0
5102, 7067169, 0, 0, 0
5205, 8446552, 0, 0, 0
5300, 7650157, 0, 0, 0
5403, 6037859, 0, 0, 0
5500, 6945613, 0, 0, 0
5600, 5508140, 0, 0, 0
5705, 5419832, 0, 0, 0
5806, 6164001, 0, 0, 0
5900, 7729751, 0, 0, 0
6001, 5990874, 0, 0, 0
6100, 7907262, 0, 0, 0
6204, 6008381, 0, 0, 0
6304, 6438163, 0, 0, 0
6401, 7387981, 0, 0, 0
6503, 6999617, 0, 0, 0
6605, 7528369, 0, 0, 0
6709, 6025673, 0, 0, 0
6801, 6205872, 0, 0, 0
6901, 6761498, 0, 0, 0
7004, 8107135, 0, 0, 0
7100, 6435780, 0, 0, 0
7209, 6208859, 0, 0, 0
7302, 6211753, 0, 0, 0
7403, 8906604, 0, 0, 0
7500, 6273356, 0, 0, 0
7601, 7078866, 0, 0, 0
7700, 6224937, 0, 0, 0
7800, 7099748, 0, 0, 0
7903, 7836672, 0, 0, 0
8002, 7284601, 0, 0, 0
8100, 6443852, 0, 0, 0
8200, 6601643, 0, 0, 0
8302, 8201665, 0, 0, 0
8400, 4866520, 0, 0, 0
8505, 6528345, 0, 0, 0
8600, 7427598, 0, 0, 0
8701, 6631088, 0, 0, 0
8800, 6592673, 0, 0, 0
8907, 6417706, 0, 0, 0
9000, 6370484, 0, 0, 0
9101, 8361490, 0, 0, 0
9204, 6463923, 0, 0, 0
9300, 6857241, 0, 0, 0
9404, 7334892, 0, 0, 0
9500, 5983290, 0, 0, 0
9608, 6357695, 0, 0, 0
9701, 5545907, 0, 0, 0
9800, 7307314, 0, 0, 0
9907, 7398324, 0, 0, 0
10000, 5508302, 0, 0, 0
10100, 8329695, 0, 0, 0
10204, 7276345, 0, 0, 0
10304, 6067744, 0, 0, 0
10400, 6098236, 0, 0, 0
10501, 6135804, 0, 0, 0
10602, 6061087, 0, 0, 0
10701, 6320620, 0, 0, 0
10800, 7044037, 0, 0, 0
10904, 6664069, 0, 0, 0
11006, 7734201, 0, 0, 0
11101, 6845280, 0, 0, 0
11200, 5886468, 0, 0, 0
11300, 7576459, 0, 0, 0
11403, 7695385, 0, 0, 0
11500, 6288042, 0, 0, 0
11605, 6100196, 0, 0, 0
11701, 8306082, 0, 0, 0
11801, 7796539, 0, 0, 0
11904, 5827883, 0, 0, 0
12000, 6542069, 0, 0, 0
12102, 5914308, 0, 0, 0
12202, 7724240, 0, 0, 0
12301, 7007678, 0, 0, 0
12401, 5235555, 0, 0, 0
12500, 7305705, 0, 0, 0
12600, 6233458, 0, 0, 0
12703, 7857261, 0, 0, 0
12800, 6790223, 0, 0, 0
12908, 5331739, 0, 0, 0
13000, 6654004, 0, 0, 0
13101, 5794002, 0, 0, 0
13201, 6156139, 0, 0, 0
13301, 7143643, 0, 0, 0
13400, 6914246, 0, 0, 0
13504, 6798331, 0, 0, 0
13602, 6093909, 0, 0, 0
13700, 7120184, 0, 0, 0
13805, 6100460, 0, 0, 0
13902, 6555022, 0, 0, 0
14003, 7983627, 0, 0, 0
14100, 7614162, 0, 0, 0
14203, 7385314, 0, 0, 0
14302, 7166703, 0, 0, 0
14401, 7818027, 0, 0, 0
14500, 4972714, 0, 0, 0
14600, 6483203, 0, 0, 0
14700, 6539041, 0, 0, 0
14801, 5682626, 0, 0, 0
14901, 6922319, 0, 0, 0
15002, 6635983, 0, 0, 0
15103, 6264706, 0, 0, 0
15202, 6756193, 0, 0, 0
15301, 6076728, 0, 0, 0
15401, 6567506, 0, 0, 0
15502, 6779076, 0, 0, 0
15604, 8170797, 0, 0, 0
15700, 6642371, 0, 0, 0
15801, 8814343, 0, 0, 0
15901, 7927268, 0, 0, 0
16000, 6740001, 0, 0, 0
16101, 7473625, 0, 0, 0
16202, 7279700, 0, 0, 0
16306, 7592777, 0, 0, 0
16410, 7302666, 0, 0, 0
16509, 6387067, 0, 0, 0
16602, 6486290, 0, 0, 0
16701, 7612127, 0, 0, 0
16802, 6295145, 0, 0, 0
16902, 8925066, 0, 0, 0
17001, 6792569, 0, 0, 0
17102, 6807667, 0, 0, 0
17200, 7017755, 0, 0, 0
17300, 5893572, 0, 0, 0
17400, 6561238, 0, 0, 0
17503, 6361409, 0, 0, 0
17600, 8588833, 0, 0, 0
17702, 6225731, 0, 0, 0
17801, 6779403, 0, 0, 0
17908, 6654517, 0, 0, 0
18003, 7052110, 0, 0, 0
18103, 6866884, 0, 0, 0
18206, 6574493, 0, 0, 0
18305, 6191899, 0, 0, 0
18401, 5911960, 0, 0, 0
18502, 7699355, 0, 0, 0
18600, 7342916, 0, 0, 0
18705, 6606098, 0, 0, 0
18804, 8420904, 0, 0, 0
18901, 7164690, 0, 0, 0
19008, 9384437, 0, 0, 0
19102, 6388585, 0, 0, 0
19200, 8492982, 0, 0, 0
19301, 7981634, 0, 0, 0
19402, 7554625, 0, 0, 0
19503, 6876297, 0, 0, 0
19602, 6685093, 0, 0, 0
19704, 6301860, 0, 0, 0
19801, 7435840, 0, 0, 0
19900, 5811996, 0, 0, 0
20000, 8146565, 0, 0, 0
20103, 7490881, 0, 0, 0
20201, 6473153, 0, 0, 0
20301, 6733372, 0, 0, 0
20400, 8200112, 0, 0, 0
20500, 6798363, 0, 0, 0
20600, 6635214, 0, 0, 0
20705, 8233505, 0, 0, 0
20805, 6548850, 0, 0, 0
20900, 6013294, 0, 0, 0
21002, 6010226, 0, 0, 0
21102, 6368766, 0, 0, 0
21203, 6893455, 0, 0, 0
21306, 8150075, 0, 0, 0
21404, 6857750, 0, 0, 0
21503, 6193605, 0, 0, 0
21602, 6629085, 0, 0, 0
21701, 8271831, 0, 0, 0
21800, 6790485, 0, 0, 0
21902, 5535846, 0, 0, 0
22000, 7277090, 0, 0, 0
22100, 6949467, 0, 0, 0
22202, 8584936, 0, 0, 0
22304, 9551197, 0, 0, 0
22403, 7134653, 0, 0, 0
22502, 5509863, 0, 0, 0
22608, 6900346, 0, 0, 0
22700, 8700440, 0, 0, 0
22802, 6418537, 0, 0, 0
22902, 7118050, 0, 0, 0
23003, 9715026, 0, 0, 0
23100, 6451085, 0, 0, 0
23202, 6682304, 0, 0, 0
23300, 8153832, 0, 0, 0
23401, 5542037, 0, 0, 0
23503, 6846902, 0, 0, 0
23606, 7707863, 0, 0, 0
23706, 7041291, 0, 0, 0
23805, 7267951, 0, 0, 0
23901, 6902599, 0, 0, 0
24004, 6862282, 0, 0, 0
24104, 6766650, 0, 0, 0
24203, 6014642, 0, 0, 0
24300, 7388044, 0, 0, 0
24401, 5830901, 0, 0, 0
24501, 9278829, 0, 0, 0
24601, 6864526, 0, 0, 0
24705, 6701441, 0, 0, 0
24802, 8581030, 0, 0, 0
24902, 7451054, 0, 0, 0
25002, 8058478, 0, 0, 0
25108, 10085234, 0, 0, 0
25203, 7636135, 0, 0, 0
25301, 6315347, 0, 0, 0
25400, 7423895, 0, 0, 0
25504, 7524334, 0, 0, 0
25603, 6101858, 0, 0, 0
25705, 6233076, 0, 0, 0
25810, 7270356, 0, 0, 0
25900, 6996252, 0, 0, 0
26001, 8263832, 0, 0, 0
26102, 7005410, 0, 0, 0
26202, 7381433, 0, 0, 0
26300, 7299806, 0, 0, 0
26404, 7847977, 0, 0, 0
26503, 7034298, 0, 0, 0
26600, 8302444, 0, 0, 0
26701, 7614278, 0, 0, 0
26800, 8163330, 0, 0, 0
26907, 7892776, 0, 0, 0
27002, 6976904, 0, 0, 0
27101, 7719039, 0, 0, 0
27202, 6991398, 0, 0, 0
27304, 8874248, 0, 0, 0
27402, 7893304, 0, 0, 0
27502, 6661249, 0, 0, 0
27603, 5475290, 0, 0, 0
27700, 9000993, 0, 0, 0
27801, 6496183, 0, 0, 0
27901, 8293206, 0, 0, 0
28005, 6446354, 0, 0, 0
28104, 9174148, 0, 0, 0
28202, 6821695, 0, 0, 0
28300, 6588232, 0, 0, 0
28400, 6042456, 0, 0, 0
28501, 7740073, 0, 0, 0
28600, 9063041, 0, 0, 0
28704, 7279922, 0, 0, 0
28800, 8333519, 0, 0, 0
28902, 7517960, 0, 0, 0
29000, 6670997, 0, 0, 0
29103, 6960150, 0, 0, 0
29202, 6453655, 0, 0, 0
29300, 6510220, 0, 0, 0
29403, 7804585, 0, 0, 0
29501, 6859237, 0, 0, 0
29601, 6631700, 0, 0, 0
29703, 7733596, 0, 0, 0
29802, 8428772, 0, 0, 0
29900, 8413850, 0, 0, 0
30000, 6679820, 0, 0, 0
30101, 6667722, 0, 0, 0
30205, 5221058, 0, 0, 0
30301, 7504439, 0, 0, 0
30401, 5645043, 0, 0, 0
30502, 7736255, 0, 0, 0
30600, 7020785, 0, 0, 0
30700, 8312120, 0, 0, 0
30800, 7450072, 0, 0, 0
30900, 8792282, 0, 0, 0
31003, 7493706, 0, 0, 0
31104, 6229287, 0, 0, 0
31202, 8919903, 0, 0, 0
31301, 7766242, 0, 0, 0
31400, 8686141, 0, 0, 0
31501, 7213738, 0, 0, 0
31602, 7169601, 0, 0, 0
31704, 8841210, 0, 0, 0
31803, 6561846, 0, 0, 0
31901, 8271949, 0, 0, 0
32002, 6674079, 0, 0, 0
32102, 5981358, 0, 0, 0
32201, 8375333, 0, 0, 0
32300, 7243226, 0, 0, 0
32403, 7429769, 0, 0, 0
32506, 6350299, 0, 0, 0
32604, 6814058, 0, 0, 0
32700, 9592815, 0, 0, 0
32801, 7818347, 0, 0, 0
32901, 6445833, 0, 0, 0
33000, 6496931, 0, 0, 0
33105, 8403126, 0, 0, 0
33203, 9010718, 0, 0, 0
33301, 6451956, 0, 0, 0
33406, 6571143, 0, 0, 0
33501, 7446111, 0, 0, 0
33605, 6391631, 0, 0, 0
33704, 7068369, 0, 0, 0
33802, 8255767, 0, 0, 0
33900, 6629380, 0, 0, 0
34003, 6921787, 0, 0, 0
34105, 6467700, 0, 0, 0
34200, 9040077, 0, 0, 0
34300, 10055450, 0, 0, 0
34400, 8803705, 0, 0, 0
34500, 8864560, 0, 0, 0
34605, 8097885, 0, 0, 0
34709, 7753051, 0, 0, 0
34804, 7509486, 0, 0, 0
34902, 6801336, 0, 0, 0
35004, 8307697, 0, 0, 0
35101, 8048538, 0, 0, 0
35205, 10829984, 0, 0, 0
35302, 6560187, 0, 0, 0
35409, 6644903, 0, 0, 0
35500, 9426696, 0, 0, 0
35606, 9487003, 0, 0, 0
35702, 7456428, 0, 0, 0
35800, 6588307, 0, 0, 0
35901, 7288745, 0, 0, 0
36004, 6150646, 0, 0, 0
36104, 7613826, 0, 0, 0
36203, 6663833, 0, 0, 0
36302, 7726253, 0, 0, 0
36406, 6269738, 0, 0, 0
36500, 7737122, 0, 0, 0
36609, 6854334, 0, 0, 0
36702, 7784353, 0, 0, 0
36802, 7401218, 0, 0, 0
36905, 6973744, 0, 0, 0
37000, 8047843, 0, 0, 0
37100, 10306194, 0, 0, 0
37200, 6677968, 0, 0, 0
37300, 8157790, 0, 0, 0
37401, 7101412, 0, 0, 0
37502, 5801693, 0, 0, 0
37600, 7294357, 0, 0, 0
37701, 8473482, 0, 0, 0
37803, 7752376, 0, 0, 0
37904, 6530954, 0, 0, 0
38001, 8107539, 0, 0, 0
38104, 6834444, 0, 0, 0
38204, 6432314, 0, 0, 0
38300, 5783337, 0, 0, 0
38402, 7216933, 0, 0, 0
38501, 7500609, 0, 0, 0
38603, 7608679, 0, 0, 0
38705, 7691431, 0, 0, 0
38801, 7756679, 0, 0, 0
38900, 7027319, 0, 0, 0
39003, 5689520, 0, 0, 0
39101, 8663631, 0, 0, 0
39202, 9443603, 0, 0, 0
39304, 7574453, 0, 0, 0
39401, 7047052, 0, 0, 0
39500, 8079683, 0, 0, 0
39603, 7149249, 0, 0, 0
39701, 5137373, 0, 0, 0
39803, 8180852, 0, 0, 0
39901, 7568868, 0, 0, 0
40008, 6757922, 0, 0, 0
40106, 7210525, 0, 0, 0
40202, 8181622, 0, 0, 0
40309, 6765496, 0, 0, 0
40406, 8217504, 0, 0, 0
40509, 7543391, 0, 0, 0
40600, 9130961, 0, 0, 0
40710, 7244125, 0, 0, 0
40802, 7344973, 0, 0, 0
40900, 7108767, 0, 0, 0
41005, 6668926, 0, 0, 0
41103, 5771626, 0, 0, 0
41204, 6807865, 0, 0, 0
41301, 6917785, 0, 0, 0
41404, 7677029, 0, 0, 0
41501, 7377945, 0, 0, 0
41601, 7006303, 0, 0, 0
41700, 7352574, 0, 0, 0
41803, 7661861, 0, 0, 0
41900, 5998580, 0, 0, 0
42001, 6475296, 0, 0, 0
42107, 6887517, 0, 0, 0
42205, 8893324, 0, 0, 0
42301, 7808635, 0, 0, 0
42402, 7215557, 0, 0, 0
42505, 6411121, 0, 0, 0
42603, 7233634, 0, 0, 0
42701, 8834707, 0, 0, 0
42800, 5871648, 0, 0, 0
42901, 7221907, 0, 0, 0
43004, 7596628, 0, 0, 0
43102, 7404129, 0, 0, 0
43203, 8721498, 0, 0, 0
43300, 8656138, 0, 0, 0
43405, 7355543, 0, 0, 0
43503, 7902541, 0, 0, 0
43601, 6695917, 0, 0, 0
43704, 6431179, 0, 0, 0
43805, 7168670, 0, 0, 0
43901, 7947294, 0, 0, 0
44004, 7467687, 0, 0, 0
44106, 7268959, 0, 0, 0
44201, 6955196, 0, 0, 0
44308, 5758762, 0, 0, 0
44407, 7204199, 0, 0, 0
44502, 6562092, 0, 0, 0
44600, 5969478, 0, 0, 0
44700, 7857011, 0, 0, 0
44804, 6926022, 0, 0, 0
44903, 7400674, 0, 0, 0
45001, 8255746, 0, 0, 0
45103, 8137677, 0, 0, 0
45200, 6906876, 0, 0, 0
45305, 6312987, 0, 0, 0
45403, 6435719, 0, 0, 0
45500, 6032853, 0, 0, 0
45602, 6510007, 0, 0, 0
45700, 6442064, 0, 0, 0
45804, 6501400, 0, 0, 0
45900, 6233577, 0, 0, 0
46000, 9468442, 0, 0, 0
46104, 6916590, 0, 0, 0
46200, 6562701, 0, 0, 0
46301, 7198189, 0, 0, 0
46402, 6481549, 0, 0, 0
46502, 6910201, 0, 0, 0
46605, 7191914, 0, 0, 0
46703, 6433649, 0, 0, 0
46802, 6955977, 0, 0, 0
46905, 7221064, 0, 0, 0
47003, 7456490, 0, 0, 0
47101, 6088043, 0, 0, 0
47204, 8721105, 0, 0, 0
47301, 7176950, 0, 0, 0
47401, 5995348, 0, 0, 0
47508, 9758421, 0, 0, 0
47604, 7050855, 0, 0, 0
47702, 7083615, 0, 0, 0
47801, 6779325, 0, 0, 0
47902, 6979962, 0, 0, 0
48000, 10371729, 0, 0, 0
48104, 6640534, 0, 0, 0
48201, 7503694, 0, 0, 0
48304, 7788720, 0, 0, 0
48402, 7529686, 0, 0, 0
48502, 6300837, 0, 0, 0
48608, 8749732, 0, 0, 0
48700, 8454744, 0, 0, 0
48805, 6606104, 0, 0, 0
48905, 5807473, 0, 0, 0
49005, 6901051, 0, 0, 0
49101, 6703254, 0, 0, 0
49208, 6640702, 0, 0, 0
49306, 6787963, 0, 0, 0
49400, 7311861, 0, 0, 0
49503, 6924569, 0, 0, 0
49603, 6506570, 0, 0, 0
49705, 7055808, 0, 0, 0
49802, 9741692, 0, 0, 0
49901, 6281483, 0, 0, 0
50004, 5442837, 0, 0, 0
50103, 7470251, 0, 0, 0
50204, 6270698, 0, 0, 0
50304, 7229797, 0, 0, 0
50405, 8727275, 0, 0, 0
50503, 8622414, 0, 0, 0
50603, 8328711, 0, 0, 0
50704, 8391685, 0, 0, 0
50800, 6859783, 0, 0, 0
50901, 9295984, 0, 0, 0
51001, 7660115, 0, 0, 0
51100, 7327694, 0, 0, 0
51202, 9153556, 0, 0, 0
51301, 7461482, 0, 0, 0
51408, 7475880, 0, 0, 0
51500, 7999224, 0, 0, 0
51601, 8017083, 0, 0, 0
51703, 8053012, 0, 0, 0
51802, 7112792, 0, 0, 0
51905, 6902283, 0, 0, 0
52001, 8245853, 0, 0, 0
52101, 7626981, 0, 0, 0
52206, 9133873, 0, 0, 0
52303, 8536682, 0, 0, 0
52400, 8793143, 0, 0, 0
52501, 8873924, 0, 0, 0
52603, 8227241, 0, 0, 0
52703, 10584158, 0, 0, 0
52803, 7403811, 0, 0, 0
52905, 10320382, 0, 0, 0
53001, 7869365, 0, 0, 0
53105, 7431275, 0, 0, 0
53202, 9257681, 0, 0, 0
53300, 10147922, 0, 0, 0
53403, 8578248, 0, 0, 0
53501, 7785336, 0, 0, 0
53600, 7688840, 0, 0, 0
53701, 9296332, 0, 0, 0
53801, 8464953, 0, 0, 0
53900, 8232924, 0, 0, 0
54003, 8619494, 0, 0, 0
54101, 7691994, 0, 0, 0
54202, 7577173, 0, 0, 0
54303, 8711184, 0, 0, 0
54403, 8704081, 0, 0, 0
54503, 7305528, 0, 0, 0
54600, 8633184, 0, 0, 0
54703, 8145478, 0, 0, 0
54804, 7540077, 0, 0, 0
54900, 8348553, 0, 0, 0
55003, 8183923, 0, 0, 0
55107, 7462929, 0, 0, 0
55205, 8281177, 0, 0, 0
55300, 7160820, 0, 0, 0
55401, 8840449, 0, 0, 0
55502, 9097560, 0, 0, 0
55600, 8282752, 0, 0, 0
55702, 8310165, 0, 0, 0
55800, 6661022, 0, 0, 0
55905, 7152093, 0, 0, 0
56004, 7893618, 0, 0, 0
56100, 9003154, 0, 0, 0
56202, 9387025, 0, 0, 0
56302, 9142720, 0, 0, 0
56404, 9452774, 0, 0, 0
56502, 8028431, 0, 0, 0
56600, 7922959, 0, 0, 0
56703, 8380152, 0, 0, 0
56801, 7909988, 0, 0, 0
56902, 9456823, 0, 0, 0
57000, 7041952, 0, 0, 0
57101, 8334702, 0, 0, 0
57201, 7932643, 0, 0, 0
57309, 9224389, 0, 0, 0
57407, 7901774, 0, 0, 0
57504, 9466593, 0, 0, 0
57602, 8526791, 0, 0, 0
57700, 7759675, 0, 0, 0
57801, 9854913, 0, 0, 0
57900, 9387232, 0, 0, 0
58002, 6295656, 0, 0, 0
58101, 9192938, 0, 0, 0
58203, 8793269, 0, 0, 0
58300, 7128422, 0, 0, 0
58400, 7237121, 0, 0, 0
58506, 7673977, 0, 0, 0
58605, 8641266, 0, 0, 0
58703, 8965098, 0, 0, 0
58802, 8021661, 0, 0, 0
58901, 10913824, 0, 0, 0
59002, 8238249, 0, 0, 0
59103, 9440717, 0, 0, 0
59212, 10000427, 0, 0, 0
59300, 11314802, 0, 0, 0
59405, 7823167, 0, 0, 0
59503, 7655479, 0, 0, 0
59608, 7881328, 0, 0, 0
59701, 9657007, 0, 0, 0
59801, 9816684, 0, 0, 0
59900, 9175007, 0, 0, 0
60003, 9514777, 0, 0, 0
60005, 8581433, 0, 0, 0
