250, 271360, 0, 0, 0
350, 294400, 0, 0, 0
450, 243200, 0, 0, 0
550, 281600, 0, 0, 0
650, 307200, 0, 0, 0
749, 297373, 0, 0, 0
849, 192000, 0, 0, 0
949, 230400, 0, 0, 0
1049, 204800, 0, 0, 0
1149, 307200, 0, 0, 0
1250, 243200, 0, 0, 0
1350, 307200, 0, 0, 0
1450, 256000, 0, 0, 0
1550, 256000, 0, 0, 0
1650, 230400, 0, 0, 0
1749, 284444, 0, 0, 0
1849, 268800, 0, 0, 0
1949, 294400, 0, 0, 0
2049, 281600, 0, 0, 0
2149, 320000, 0, 0, 0
2249, 256000, 0, 0, 0
2349, 256000, 0, 0, 0
2449, 256000, 0, 0, 0
2550, 217600, 0, 0, 0
2650, 268800, 0, 0, 0
2749, 258585, 0, 0, 0
2849, 192000, 0, 0, 0
2949, 281600, 0, 0, 0
3049, 192000, 0, 0, 0
3149, 217600, 0, 0, 0
3249, 307200, 0, 0, 0
3349, 256000, 0, 0, 0
3449, 268800, 0, 0, 0
3549, 268800, 0, 0, 0
3649, 230400, 0, 0, 0
3750, 345600, 0, 0, 0
3850, 307200, 0, 0, 0
3950, 204800, 0, 0, 0
4050, 243200, 0, 0, 0
4150, 281600, 0, 0, 0
4249, 219797, 0, 0, 0
4349, 217600, 0, 0, 0
4449, 281600, 0, 0, 0
4549, 256000, 0, 0, 0
4649, 307200, 0, 0, 0
4749, 294400, 0, 0, 0
4849, 256000, 0, 0, 0
4949, 332800, 0, 0, 0
5050, 230400, 0, 0, 0
5150, 192000, 0, 0, 0
5249, 206868, 0, 0, 0
5349, 268800, 0, 0, 0
5449, 307200, 0, 0, 0
5549, 384000, 0, 0, 0
5649, 281600, 0, 0, 0
5749, 230400, 0, 0, 0
5849, 230400, 0, 0, 0
5949, 281600, 0, 0, 0
6049, 230400, 0, 0, 0
6150, 230400, 0, 0, 0
6249, 258585, 0, 0, 0
6349, 268800, 0, 0, 0
6449, 281600, 0, 0, 0
6549, 268800, 0, 0, 0
6649, 294400, 0, 0, 0
6749, 320000, 0, 0, 0
6849, 268800, 0, 0, 0
6949, 307200, 0, 0, 0
7049, 281600, 0, 0, 0
7149, 230400, 0, 0, 0
7250, 307200, 0, 0, 0
7350, 217600, 0, 0, 0
7450, 294400, 0, 0, 0
7550, 268800, 0, 0, 0
7650, 307200, 0, 0, 0
7749, 284444, 0, 0, 0
7849, 320000, 0, 0, 0
7949, 230400, 0, 0, 0
8049, 256000, 0, 0, 0
8149, 243200, 0, 0, 0
8249, 307200, 0, 0, 0
8349, 243200, 0, 0, 0
8450, 256000, 0, 0, 0
8550, 243200, 0, 0, 0
8650, 281600, 0, 0, 0
8749, 206868, 0, 0, 0
8849, 294400, 0, 0, 0
8949, 256000, 0, 0, 0
9049, 256000, 0, 0, 0
9149, 243200, 0, 0, 0
9249, 204800, 0, 0, 0
9349, 320000, 0, 0, 0
9449, 281600, 0, 0, 0
9549, 268800, 0, 0, 0
9650, 256000, 0, 0, 0
9749, 258585, 0, 0, 0
9849, 217600, 0, 0, 0
9949, 217600, 0, 0, 0
10049, 358400, 0, 0, 0
10149, 281600, 0, 0, 0
10249, 243200, 0, 0, 0
10349, 256000, 0, 0, 0
10449, 230400, 0, 0, 0
10549, 332800, 0, 0, 0
10649, 230400, 0, 0, 0
10750, 179200, 0, 0, 0
10850, 230400, 0, 0, 0
10950, 204800, 0, 0, 0
11050, 243200, 0, 0, 0
11150, 256000, 0, 0, 0
11249, 181010, 0, 0, 0
11349, 230400, 0, 0, 0
11449, 204800, 0, 0, 0
11549, 230400, 0, 0, 0
11649, 204800, 0, 0, 0
11749, 243200, 0, 0, 0
11849, 192000, 0, 0, 0
11950, 230400, 0, 0, 0
12050, 230400, 0, 0, 0
12150, 268800, 0, 0, 0
12249, 258585, 0, 0, 0
12349, 281600, 0, 0, 0
12449, 256000, 0, 0, 0
12549, 294400, 0, 0, 0
12649, 256000, 0, 0, 0
12749, 320000, 0, 0, 0
12849, 281600, 0, 0, 0
12949, 307200, 0, 0, 0
13050, 320000, 0, 0, 0
13150, 307200, 0, 0, 0
13249, 336161, 0, 0, 0
13349, 307200, 0, 0, 0
13449, 243200, 0, 0, 0
13549, 256000, 0, 0, 0
13649, 243200, 0, 0, 0
13749, 243200, 0, 0, 0
13849, 217600, 0, 0, 0
13949, 243200, 0, 0, 0
14049, 256000, 0, 0, 0
14150, 256000, 0, 0, 0
14249, 258585, 0, 0, 0
14349, 281600, 0, 0, 0
14449, 307200, 0, 0, 0
14549, 268800, 0, 0, 0
14649, 179200, 0, 0, 0
14749, 256000, 0, 0, 0
14849, 204800, 0, 0, 0
14949, 217600, 0, 0, 0
15049, 294400, 0, 0, 0
15149, 281600, 0, 0, 0
15249, 256000, 0, 0, 0
15350, 256000, 0, 0, 0
15450, 217600, 0, 0, 0
15550, 256000, 0, 0, 0
15650, 204800, 0, 0, 0
15749, 310303, 0, 0, 0
15849, 230400, 0, 0, 0
15949, 243200, 0, 0, 0
16049, 243200, 0, 0, 0
16149, 256000, 0, 0, 0
16249, 281600, 0, 0, 0
16349, 307200, 0, 0, 0
16449, 307200, 0, 0, 0
16550, 281600, 0, 0, 0
16650, 230400, 0, 0, 0
16749, 206868, 0, 0, 0
16849, 281600, 0, 0, 0
16949, 204800, 0, 0, 0
17049, 281600, 0, 0, 0
17149, 243200, 0, 0, 0
17249, 345600, 0, 0, 0
17349, 204800, 0, 0, 0
17449, 256000, 0, 0, 0
17549, 268800, 0, 0, 0
17649, 294400, 0, 0, 0
17750, 243200, 0, 0, 0
17850, 294400, 0, 0, 0
17950, 217600, 0, 0, 0
18050, 281600, 0, 0, 0
18150, 256000, 0, 0, 0
18249, 219797, 0, 0, 0
18349, 256000, 0, 0, 0
18449, 281600, 0, 0, 0
18549, 256000, 0, 0, 0
18649, 243200, 0, 0, 0
18749, 294400, 0, 0, 0
18849, 256000, 0, 0, 0
18950, 192000, 0, 0, 0
19050, 268800, 0, 0, 0
19150, 243200, 0, 0, 0
19249, 245656, 0, 0, 0
19349, 217600, 0, 0, 0
19449, 268800, 0, 0, 0
19549, 268800, 0, 0, 0
19649, 217600, 0, 0, 0
19749, 307200, 0, 0, 0
19849, 256000, 0, 0, 0
19949, 192000, 0, 0, 0
20050, 256000, 0, 0, 0
20150, 243200, 0, 0, 0
20249, 232727, 0, 0, 0
20349, 320000, 0, 0, 0
20449, 281600, 0, 0, 0
20549, 281600, 0, 0, 0
20649, 320000, 0, 0, 0
20749, 268800, 0, 0, 0
20849, 294400, 0, 0, 0
20949, 230400, 0, 0, 0
21049, 230400, 0, 0, 0
21149, 256000, 0, 0, 0
21250, 243200, 0, 0, 0
21350, 281600, 0, 0, 0
21450, 256000, 0, 0, 0
21550, 281600, 0, 0, 0
21650, 230400, 0, 0, 0
21749, 297373, 0, 0, 0
21849, 320000, 0, 0, 0
21949, 230400, 0, 0, 0
22049, 345600, 0, 0, 0
22149, 179200, 0, 0, 0
22249, 320000, 0, 0, 0
22349, 256000, 0, 0, 0
22450, 268800, 0, 0, 0
22550, 320000, 0, 0, 0
22650, 307200, 0, 0, 0
22749, 297373, 0, 0, 0
22849, 256000, 0, 0, 0
22949, 268800, 0, 0, 0
23049, 243200, 0, 0, 0
23149, 243200, 0, 0, 0
23249, 294400, 0, 0, 0
23349, 256000, 0, 0, 0
23449, 320000, 0, 0, 0
23550, 217600, 0, 0, 0
23650, 281600, 0, 0, 0
23749, 271515, 0, 0, 0
23849, 256000, 0, 0, 0
23949, 281600, 0, 0, 0
24049, 243200, 0, 0, 0
24149, 243200, 0, 0, 0
24249, 153600, 0, 0, 0
24349, 204800, 0, 0, 0
24449, 268800, 0, 0, 0
24549, 307200, 0, 0, 0
24649, 448000, 0, 0, 0
24750, 268800, 0, 0, 0
24850, 243200, 0, 0, 0
24950, 281600, 0, 0, 0
25050, 243200, 0, 0, 0
25150, 281600, 0, 0, 0
25249, 206868, 0, 0, 0
25349, 217600, 0, 0, 0
25449, 281600, 0, 0, 0
25549, 230400, 0, 0, 0
25649, 256000, 0, 0, 0
25749, 230400, 0, 0, 0
25849, 243200, 0, 0, 0
25950, 281600, 0, 0, 0
26050, 256000, 0, 0, 0
26150, 230400, 0, 0, 0
26249, 258585, 0, 0, 0
26349, 217600, 0, 0, 0
26449, 204800, 0, 0, 0
26549, 307200, 0, 0, 0
26649, 192000, 0, 0, 0
26749, 230400, 0, 0, 0
26849, 217600, 0, 0, 0
26949, 281600, 0, 0, 0
27050, 294400, 0, 0, 0
27150, 256000, 0, 0, 0
27249, 271515, 0, 0, 0
27349, 294400, 0, 0, 0
27449, 217600, 0, 0, 0
27549, 230400, 0, 0, 0
27649, 281600, 0, 0, 0
27749, 243200, 0, 0, 0
27849, 256000, 0, 0, 0
27949, 256000, 0, 0, 0
28049, 230400, 0, 0, 0
28150, 268800, 0, 0, 0
28250, 204800, 0, 0, 0
28350, 307200, 0, 0, 0
28450, 268800, 0, 0, 0
28550, 256000, 0, 0, 0
28650, 332800, 0, 0, 0
28749, 258585, 0, 0, 0
28849, 320000, 0, 0, 0
28949, 243200, 0, 0, 0
29049, 268800, 0, 0, 0
29149, 230400, 0, 0, 0
29250, 307200, 0, 0, 0
29350, 243200, 0, 0, 0
29450, 217600, 0, 0, 0
29550, 294400, 0, 0, 0
29650, 243200, 0, 0, 0
29749, 168080, 0, 0, 0
29849, 217600, 0, 0, 0
29949, 320000, 0, 0, 0
30049, 230400, 0, 0, 0
30149, 268800, 0, 0, 0
30249, 256000, 0, 0, 0
30349, 294400, 0, 0, 0
30450, 268800, 0, 0, 0
30550, 243200, 0, 0, 0
30650, 217600, 0, 0, 0
30749, 297373, 0, 0, 0
30849, 230400, 0, 0, 0
30949, 243200, 0, 0, 0
31049, 268800, 0, 0, 0
31149, 307200, 0, 0, 0
31249, 307200, 0, 0, 0
31349, 268800, 0, 0, 0
31450, 320000, 0, 0, 0
31550, 243200, 0, 0, 0
31650, 166400, 0, 0, 0
31749, 349090, 0, 0, 0
31849, 281600, 0, 0, 0
31949, 307200, 0, 0, 0
32049, 268800, 0, 0, 0
32149, 294400, 0, 0, 0
32249, 230400, 0, 0, 0
32349, 256000, 0, 0, 0
32449, 243200, 0, 0, 0
32550, 281600, 0, 0, 0
32650, 243200, 0, 0, 0
32749, 258585, 0, 0, 0
32849, 281600, 0, 0, 0
32949, 217600, 0, 0, 0
33049, 281600, 0, 0, 0
33149, 256000, 0, 0, 0
33249, 217600, 0, 0, 0
33349, 204800, 0, 0, 0
33449, 217600, 0, 0, 0
33549, 217600, 0, 0, 0
33649, 256000, 0, 0, 0
33750, 307200, 0, 0, 0
33850, 217600, 0, 0, 0
33950, 307200, 0, 0, 0
34050, 230400, 0, 0, 0
34150, 256000, 0, 0, 0
34249, 271515, 0, 0, 0
34349, 281600, 0, 0, 0
34449, 268800, 0, 0, 0
34549, 217600, 0, 0, 0
34649, 256000, 0, 0, 0
34749, 345600, 0, 0, 0
34849, 230400, 0, 0, 0
34950, 166400, 0, 0, 0
35050, 243200, 0, 0, 0
35150, 217600, 0, 0, 0
35249, 232727, 0, 0, 0
35349, 230400, 0, 0, 0
35449, 256000, 0, 0, 0
35549, 281600, 0, 0, 0
35649, 243200, 0, 0, 0
35749, 320000, 0, 0, 0
35849, 243200, 0, 0, 0
35949, 217600, 0, 0, 0
36050, 281600, 0, 0, 0
36150, 243200, 0, 0, 0
36249, 284444, 0, 0, 0
36349, 281600, 0, 0, 0
36449, 281600, 0, 0, 0
36549, 243200, 0, 0, 0
36649, 268800, 0, 0, 0
36749, 192000, 0, 0, 0
36849, 256000, 0, 0, 0
36949, 230400, 0, 0, 0
37049, 204800, 0, 0, 0
37149, 256000, 0, 0, 0
37250, 281600, 0, 0, 0
37350, 396800, 0, 0, 0
37450, 204800, 0, 0, 0
37550, 294400, 0, 0, 0
37650, 243200, 0, 0, 0
37749, 258585, 0, 0, 0
37849, 192000, 0, 0, 0
37949, 192000, 0, 0, 0
38049, 243200, 0, 0, 0
38149, 345600, 0, 0, 0
38250, 268800, 0, 0, 0
38350, 268800, 0, 0, 0
38450, 268800, 0, 0, 0
38550, 307200, 0, 0, 0
38650, 294400, 0, 0, 0
38749, 258585, 0, 0, 0
38849, 320000, 0, 0, 0
38949, 204800, 0, 0, 0
39049, 243200, 0, 0, 0
39149, 243200, 0, 0, 0
39249, 256000, 0, 0, 0
39349, 230400, 0, 0, 0
39449, 243200, 0, 0, 0
39550, 128000, 0, 0, 0
39650, 230400, 0, 0, 0
39749, 349090, 0, 0, 0
39849, 204800, 0, 0, 0
39949, 294400, 0, 0, 0
40049, 256000, 0, 0, 0
40149, 243200, 0, 0, 0
40249, 268800, 0, 0, 0
40349, 307200, 0, 0, 0
40449, 204800, 0, 0, 0
40549, 217600, 0, 0, 0
40649, 217600, 0, 0, 0
40750, 281600, 0, 0, 0
40850, 230400, 0, 0, 0
40950, 217600, 0, 0, 0
41050, 217600, 0, 0, 0
41150, 243200, 0, 0, 0
41249, 245656, 0, 0, 0
41349, 230400, 0, 0, 0
41449, 307200, 0, 0, 0
41549, 320000, 0, 0, 0
41649, 307200, 0, 0, 0
41749, 268800, 0, 0, 0
41849, 230400, 0, 0, 0
41949, 243200, 0, 0, 0
42050, 268800, 0, 0, 0
42150, 256000, 0, 0, 0
42249, 232727, 0, 0, 0
42349, 243200, 0, 0, 0
42449, 230400, 0, 0, 0
42549, 268800, 0, 0, 0
42649, 307200, 0, 0, 0
42749, 294400, 0, 0, 0
42849, 268800, 0, 0, 0
42949, 294400, 0, 0, 0
43050, 307200, 0, 0, 0
43150, 281600, 0, 0, 0
43249, 181010, 0, 0, 0
43349, 243200, 0, 0, 0
43449, 217600, 0, 0, 0
43549, 217600, 0, 0, 0
43649, 217600, 0, 0, 0
43749, 281600, 0, 0, 0
43849, 281600, 0, 0, 0
43949, 268800, 0, 0, 0
44049, 230400, 0, 0, 0
44149, 243200, 0, 0, 0
44250, 320000, 0, 0, 0
44350, 294400, 0, 0, 0
44450, 268800, 0, 0, 0
44550, 256000, 0, 0, 0
44650, 230400, 0, 0, 0
44749, 245656, 0, 0, 0
44849, 281600, 0, 0, 0
44949, 294400, 0, 0, 0
45049, 294400, 0, 0, 0
45149, 268800, 0, 0, 0
45249, 294400, 0, 0, 0
45349, 243200, 0, 0, 0
45449, 230400, 0, 0, 0
45550, 166400, 0, 0, 0
45650, 294400, 0, 0, 0
45749, 206868, 0, 0, 0
45849, 332800, 0, 0, 0
45949, 230400, 0, 0, 0
46049, 217600, 0, 0, 0
46149, 307200, 0, 0, 0
46249, 307200, 0, 0, 0
46349, 243200, 0, 0, 0
46449, 243200, 0, 0, 0
46549, 243200, 0, 0, 0
46650, 281600, 0, 0, 0
46750, 204800, 0, 0, 0
46850, 256000, 0, 0, 0
46950, 371200, 0, 0, 0
47050, 281600, 0, 0, 0
47150, 256000, 0, 0, 0
47249, 206868, 0, 0, 0
47349, 320000, 0, 0, 0
47449, 243200, 0, 0, 0
47549, 230400, 0, 0, 0
47649, 268800, 0, 0, 0
47749, 217600, 0, 0, 0
47849, 204800, 0, 0, 0
47950, 230400, 0, 0, 0
48050, 332800, 0, 0, 0
48150, 268800, 0, 0, 0
48249, 219797, 0, 0, 0
48349, 281600, 0, 0, 0
48449, 294400, 0, 0, 0
48549, 281600, 0, 0, 0
48649, 256000, 0, 0, 0
48749, 230400, 0, 0, 0
48849, 256000, 0, 0, 0
48949, 294400, 0, 0, 0
49049, 230400, 0, 0, 0
49150, 230400, 0, 0, 0
49249, 245656, 0, 0, 0
49349, 281600, 0, 0, 0
49449, 230400, 0, 0, 0
49549, 192000, 0, 0, 0
49649, 256000, 0, 0, 0
49749, 243200, 0, 0, 0
49849, 256000, 0, 0, 0
49949, 204800, 0, 0, 0
50049, 332800, 0, 0, 0
50149, 230400, 0, 0, 0
50249, 307200, 0, 0, 0
50349, 256000, 0, 0, 0
50450, 217600, 0, 0, 0
50550, 230400, 0, 0, 0
50650, 281600, 0, 0, 0
50749, 219797, 0, 0, 0
50849, 268800, 0, 0, 0
50949, 230400, 0, 0, 0
51049, 307200, 0, 0, 0
51149, 345600, 0, 0, 0
51249, 204800, 0, 0, 0
51349, 281600, 0, 0, 0
51449, 217600, 0, 0, 0
51550, 281600, 0, 0, 0
51650, 294400, 0, 0, 0
51749, 336161, 0, 0, 0
51849, 230400, 0, 0, 0
51949, 243200, 0, 0, 0
52049, 307200, 0, 0, 0
52149, 230400, 0, 0, 0
52249, 281600, 0, 0, 0
52349, 230400, 0, 0, 0
52449, 217600, 0, 0, 0
52549, 281600, 0, 0, 0
52649, 230400, 0, 0, 0
52749, 217600, 0, 0, 0
52850, 230400, 0, 0, 0
52950, 281600, 0, 0, 0
53050, 294400, 0, 0, 0
53150, 294400, 0, 0, 0
53249, 297373, 0, 0, 0
53349, 268800, 0, 0, 0
53449, 243200, 0, 0, 0
53549, 243200, 0, 0, 0
53649, 243200, 0, 0, 0
53749, 204800, 0, 0, 0
53849, 179200, 0, 0, 0
53949, 281600, 0, 0, 0
54049, 281600, 0, 0, 0
54150, 268800, 0, 0, 0
54249, 258585, 0, 0, 0
54349, 243200, 0, 0, 0
54449, 243200, 0, 0, 0
54549, 268800, 0, 0, 0
54649, 256000, 0, 0, 0
54749, 332800, 0, 0, 0
54849, 230400, 0, 0, 0
54949, 243200, 0, 0, 0
55049, 281600, 0, 0, 0
55149, 192000, 0, 0, 0
55250, 217600, 0, 0, 0
55350, 230400, 0, 0, 0
55450, 243200, 0, 0, 0
55550, 230400, 0, 0, 0
55650, 294400, 0, 0, 0
55749, 258585, 0, 0, 0
55849, 243200, 0, 0, 0
55949, 230400, 0, 0, 0
56049, 243200, 0, 0, 0
56149, 268800, 0, 0, 0
56249, 281600, 0, 0, 0
56349, 256000, 0, 0, 0
56450, 268800, 0, 0, 0
56550, 294400, 0, 0, 0
56650, 243200, 0, 0, 0
56749, 193939, 0, 0, 0
56849, 294400, 0, 0, 0
56949, 268800, 0, 0, 0
57049, 243200, 0, 0, 0
57149, 217600, 0, 0, 0
57249, 256000, 0, 0, 0
57349, 281600, 0, 0, 0
57449, 230400, 0, 0, 0
57550, 243200, 0, 0, 0
57650, 256000, 0, 0, 0
57749, 193939, 0, 0, 0
57849, 294400, 0, 0, 0
57949, 243200, 0, 0, 0
58049, 268800, 0, 0, 0
58149, 256000, 0, 0, 0
58249, 230400, 0, 0, 0
58349, 217600, 0, 0, 0
58449, 217600, 0, 0, 0
58550, 307200, 0, 0, 0
58650, 243200, 0, 0, 0
58749, 245656, 0, 0, 0
58849, 294400, 0, 0, 0
58949, 307200, 0, 0, 0
59049, 166400, 0, 0, 0
59149, 281600, 0, 0, 0
59249, 230400, 0, 0, 0
59349, 281600, 0, 0, 0
59449, 281600, 0, 0, 0
59549, 294400, 0, 0, 0
59649, 294400, 0, 0, 0
59750, 243200, 0, 0, 0
59850, 230400, 0, 0, 0
59950, 281600, 0, 0, 0
