102, 6766, 0, 0, 0
203, 7000, 0, 0, 0
300, 6586, 0, 0, 0
400, 6685, 0, 0, 0
502, 6217, 0, 0, 0
601, 6265, 0, 0, 0
700, 6180, 0, 0, 0
800, 6313, 0, 0, 0
902, 6543, 0, 0, 0
1001, 6785, 0, 0, 0
1101, 6500, 0, 0, 0
1202, 5929, 0, 0, 0
1302, 6997, 0, 0, 0
1400, 7151, 0, 0, 0
1502, 6272, 0, 0, 0
1603, 7760, 0, 0, 0
1700, 6782, 0, 0, 0
1801, 7246, 0, 0, 0
1903, 6300, 0, 0, 0
2001, 5973, 0, 0, 0
2101, 6932, 0, 0, 0
2200, 6563, 0, 0, 0
2301, 6376, 0, 0, 0
2400, 7316, 0, 0, 0
2501, 7259, 0, 0, 0
2603, 6678, 0, 0, 0
2700, 6541, 0, 0, 0
2806, 6449, 0, 0, 0
2901, 6841, 0, 0, 0
3001, 7548, 0, 0, 0
3100, 6738, 0, 0, 0
3200, 6238, 0, 0, 0
3300, 7780, 0, 0, 0
3401, 7309, 0, 0, 0
3500, 8145, 0, 0, 0
3600, 7683, 0, 0, 0
3700, 6490, 0, 0, 0
3801, 7069, 0, 0, 0
3900, 7241, 0, 0, 0
4007, 7562, 0, 0, 0
4100, 6985, 0, 0, 0
4200, 6558, 0, 0, 0
4300, 6095, 0, 0, 0
4402, 6269, 0, 0, 0
4502, 6430, 0, 0, 0
4600, 6618, 0, 0, 0
4702, 6026, 0, 0, 0
4800, 6510, 0, 0, 0
4901, 6329, 0, 0, 0
5000, 6545, 0, 0, 0
5100, 6382, 0, 0, 0
5200, 6323, 0, 0, 0
5305, 6322, 0, 0, 0
5402, 7214, 0, 0, 0
5503, 6954, 0, 0, 0
5602, 7333, 0, 0, 0
5703, 6526, 0, 0, 0
5802, 5986, 0, 0, 0
5904, 6111, 0, 0, 0
6000, 6604, 0, 0, 0
6101, 6319, 0, 0, 0
6201, 6711, 0, 0, 0
6300, 6285, 0, 0, 0
6403, 6401, 0, 0, 0
6501, 6729, 0, 0, 0
6600, 6309, 0, 0, 0
6700, 7097, 0, 0, 0
6800, 6694, 0, 0, 0
6901, 6395, 0, 0, 0
7001, 6328, 0, 0, 0
7102, 6529, 0, 0, 0
7206, 6751, 0, 0, 0
7300, 6310, 0, 0, 0
7401, 6640, 0, 0, 0
7500, 6474, 0, 0, 0
7600, 7480, 0, 0, 0
7700, 6551, 0, 0, 0
7800, 6242, 0, 0, 0
7900, 6114, 0, 0, 0
8002, 6411, 0, 0, 0
8100, 6852, 0, 0, 0
8202, 7006, 0, 0, 0
8303, 6750, 0, 0, 0
8400, 6165, 0, 0, 0
8502, 6204, 0, 0, 0
8601, 6908, 0, 0, 0
8702, 7588, 0, 0, 0
8803, 7046, 0, 0, 0
8900, 7142, 0, 0, 0
9000, 7473, 0, 0, 0
9100, 7458, 0, 0, 0
9202, 7018, 0, 0, 0
9302, 6859, 0, 0, 0
9404, 6735, 0, 0, 0
9500, 7304, 0, 0, 0
9600, 6911, 0, 0, 0
9700, 6776, 0, 0, 0
9801, 6609, 0, 0, 0
9900, 6078, 0, 0, 0
10001, 6698, 0, 0, 0
10103, 6738, 0, 0, 0
10200, 6808, 0, 0, 0
10301, 7345, 0, 0, 0
10402, 6645, 0, 0, 0
10501, 7709, 0, 0, 0
10600, 6694, 0, 0, 0
10702, 7065, 0, 0, 0
10800, 7494, 0, 0, 0
10903, 7151, 0, 0, 0
11000, 6842, 0, 0, 0
11104, 6975, 0, 0, 0
11200, 7096, 0, 0, 0
11304, 6971, 0, 0, 0
11400, 6884, 0, 0, 0
11501, 6592, 0, 0, 0
11604, 6497, 0, 0, 0
11704, 6565, 0, 0, 0
11802, 6761, 0, 0, 0
11901, 6416, 0, 0, 0
12000, 6901, 0, 0, 0
12100, 6408, 0, 0, 0
12201, 7365, 0, 0, 0
12300, 6590, 0, 0, 0
12400, 6310, 0, 0, 0
12500, 6771, 0, 0, 0
12602, 6237, 0, 0, 0
12706, 6490, 0, 0, 0
12801, 6774, 0, 0, 0
12901, 6571, 0, 0, 0
13000, 7035, 0, 0, 0
13100, 6382, 0, 0, 0
13203, 6410, 0, 0, 0
13302, 6712, 0, 0, 0
13401, 6257, 0, 0, 0
13503, 6632, 0, 0, 0
13601, 7108, 0, 0, 0
13700, 7041, 0, 0, 0
13801, 7145, 0, 0, 0
13901, 6908, 0, 0, 0
14000, 6717, 0, 0, 0
14101, 6664, 0, 0, 0
14201, 6584, 0, 0, 0
14304, 6118, 0, 0, 0
14400, 6819, 0, 0, 0
14500, 6747, 0, 0, 0
14601, 7575, 0, 0, 0
14701, 7087, 0, 0, 0
14801, 6180, 0, 0, 0
14903, 6057, 0, 0, 0
15003, 5796, 0, 0, 0
15103, 6160, 0, 0, 0
15200, 6449, 0, 0, 0
15300, 6756, 0, 0, 0
15400, 6866, 0, 0, 0
15500, 7209, 0, 0, 0
15600, 6655, 0, 0, 0
15700, 7057, 0, 0, 0
15806, 6294, 0, 0, 0
15904, 6184, 0, 0, 0
16001, 6081, 0, 0, 0
16102, 6633, 0, 0, 0
16200, 6584, 0, 0, 0
16301, 6263, 0, 0, 0
16400, 5762, 0, 0, 0
16502, 6712, 0, 0, 0
16600, 6490, 0, 0, 0
16701, 6562, 0, 0, 0
16800, 6288, 0, 0, 0
16906, 6290, 0, 0, 0
17002, 6458, 0, 0, 0
17103, 6552, 0, 0, 0
17201, 6615, 0, 0, 0
17300, 7001, 0, 0, 0
17403, 6602, 0, 0, 0
17504, 6517, 0, 0, 0
17608, 7713, 0, 0, 0
17700, 6936, 0, 0, 0
17801, 6591, 0, 0, 0
17900, 7129, 0, 0, 0
18002, 6823, 0, 0, 0
18102, 6776, 0, 0, 0
18200, 6395, 0, 0, 0
18302, 6590, 0, 0, 0
18401, 7238, 0, 0, 0
18501, 6887, 0, 0, 0
18603, 6514, 0, 0, 0
18701, 6567, 0, 0, 0
18801, 6262, 0, 0, 0
18903, 6767, 0, 0, 0
19000, 7046, 0, 0, 0
19101, 6420, 0, 0, 0
19201, 6101, 0, 0, 0
19301, 6338, 0, 0, 0
19403, 6245, 0, 0, 0
19500, 7121, 0, 0, 0
19600, 6924, 0, 0, 0
19700, 7009, 0, 0, 0
19800, 6691, 0, 0, 0
19901, 6377, 0, 0, 0
20002, 6716, 0, 0, 0
20101, 6740, 0, 0, 0
20200, 6616, 0, 0, 0
20300, 6195, 0, 0, 0
20401, 6666, 0, 0, 0
20508, 6274, 0, 0, 0
20603, 6289, 0, 0, 0
20700, 6538, 0, 0, 0
20802, 6892, 0, 0, 0
20900, 6970, 0, 0, 0
21000, 6801, 0, 0, 0
21103, 6473, 0, 0, 0
21200, 6216, 0, 0, 0
21304, 6497, 0, 0, 0
21403, 6650, 0, 0, 0
21502, 6715, 0, 0, 0
21600, 6548, 0, 0, 0
21700, 6997, 0, 0, 0
21800, 5971, 0, 0, 0
21900, 7110, 0, 0, 0
22000, 6950, 0, 0, 0
22101, 6508, 0, 0, 0
22204, 6403, 0, 0, 0
22300, 6319, 0, 0, 0
22402, 6589, 0, 0, 0
22500, 6377, 0, 0, 0
22600, 6289, 0, 0, 0
22703, 7378, 0, 0, 0
22802, 6895, 0, 0, 0
22902, 6510, 0, 0, 0
23001, 6339, 0, 0, 0
23100, 6457, 0, 0, 0
23200, 6755, 0, 0, 0
23301, 6340, 0, 0, 0
23403, 5959, 0, 0, 0
23504, 6257, 0, 0, 0
23600, 6379, 0, 0, 0
23701, 6414, 0, 0, 0
23802, 6182, 0, 0, 0
23902, 6215, 0, 0, 0
24001, 5820, 0, 0, 0
24101, 6561, 0, 0, 0
24204, 6344, 0, 0, 0
24306, 6808, 0, 0, 0
24402, 6206, 0, 0, 0
24503, 6508, 0, 0, 0
24604, 6954, 0, 0, 0
24701, 6125, 0, 0, 0
24800, 6838, 0, 0, 0
24901, 7926, 0, 0, 0
25000, 6825, 0, 0, 0
25101, 6892, 0, 0, 0
25204, 6616, 0, 0, 0
25300, 6971, 0, 0, 0
25400, 6545, 0, 0, 0
25503, 6340, 0, 0, 0
25600, 5996, 0, 0, 0
25700, 6284, 0, 0, 0
25801, 6095, 0, 0, 0
25904, 7057, 0, 0, 0
26004, 6431, 0, 0, 0
26101, 6420, 0, 0, 0
26201, 6375, 0, 0, 0
26300, 6473, 0, 0, 0
26400, 7087, 0, 0, 0
26502, 6725, 0, 0, 0
26601, 7775, 0, 0, 0
26703, 6932, 0, 0, 0
26803, 6676, 0, 0, 0
26901, 6578, 0, 0, 0
27002, 6454, 0, 0, 0
27103, 6965, 0, 0, 0
27201, 7234, 0, 0, 0
27302, 6918, 0, 0, 0
27403, 6513, 0, 0, 0
27503, 6419, 0, 0, 0
27601, 6540, 0, 0, 0
27701, 6212, 0, 0, 0
27803, 6238, 0, 0, 0
27900, 6495, 0, 0, 0
28001, 6824, 0, 0, 0
28102, 6131, 0, 0, 0
28200, 6458, 0, 0, 0
28301, 6402, 0, 0, 0
28403, 6359, 0, 0, 0
28502, 6447, 0, 0, 0
28606, 7957, 0, 0, 0
28701, 7856, 0, 0, 0
28800, 7590, 0, 0, 0
28900, 7197, 0, 0, 0
29004, 6293, 0, 0, 0
29101, 6193, 0, 0, 0
29202, 6527, 0, 0, 0
29302, 5916, 0, 0, 0
29401, 6484, 0, 0, 0
29501, 6493, 0, 0, 0
29600, 6824, 0, 0, 0
29700, 6530, 0, 0, 0
29803, 7210, 0, 0, 0
29904, 6409, 0, 0, 0
30000, 6156, 0, 0, 0
30100, 6833, 0, 0, 0
30200, 6971, 0, 0, 0
30307, 6731, 0, 0, 0
30400, 6119, 0, 0, 0
30500, 6921, 0, 0, 0
30600, 7066, 0, 0, 0
30700, 7298, 0, 0, 0
30800, 7348, 0, 0, 0
30903, 6353, 0, 0, 0
31002, 6499, 0, 0, 0
31100, 6253, 0, 0, 0
31204, 6411, 0, 0, 0
31300, 6550, 0, 0, 0
31404, 6646, 0, 0, 0
31504, 6492, 0, 0, 0
31600, 6268, 0, 0, 0
31703, 6766, 0, 0, 0
31803, 6766, 0, 0, 0
31902, 6736, 0, 0, 0
32001, 6182, 0, 0, 0
32100, 6599, 0, 0, 0
32202, 6634, 0, 0, 0
32301, 6323, 0, 0, 0
32406, 6793, 0, 0, 0
32500, 6223, 0, 0, 0
32600, 7136, 0, 0, 0
32704, 7080, 0, 0, 0
32804, 6217, 0, 0, 0
32903, 6747, 0, 0, 0
33002, 6742, 0, 0, 0
33100, 7636, 0, 0, 0
33202, 7021, 0, 0, 0
33300, 6792, 0, 0, 0
33402, 7099, 0, 0, 0
33500, 7183, 0, 0, 0
33604, 7435, 0, 0, 0
33704, 7510, 0, 0, 0
33800, 6282, 0, 0, 0
33902, 6019, 0, 0, 0
34001, 6188, 0, 0, 0
34100, 7124, 0, 0, 0
34201, 7346, 0, 0, 0
34301, 6827, 0, 0, 0
34400, 6383, 0, 0, 0
34501, 6247, 0, 0, 0
34604, 6533, 0, 0, 0
34700, 7322, 0, 0, 0
34804, 6153, 0, 0, 0
34901, 7312, 0, 0, 0
35005, 6784, 0, 0, 0
35100, 6825, 0, 0, 0
35201, 7771, 0, 0, 0
35300, 6631, 0, 0, 0
35400, 6875, 0, 0, 0
35500, 6286, 0, 0, 0
35601, 7739, 0, 0, 0
35706, 6431, 0, 0, 0
35805, 6321, 0, 0, 0
35907, 6664, 0, 0, 0
36001, 6929, 0, 0, 0
36102, 6677, 0, 0, 0
36201, 6884, 0, 0, 0
36300, 7241, 0, 0, 0
36401, 6394, 0, 0, 0
36501, 6153, 0, 0, 0
36610, 7043, 0, 0, 0
36700, 6583, 0, 0, 0
36802, 6279, 0, 0, 0
36900, 6551, 0, 0, 0
37003, 7045, 0, 0, 0
37102, 6561, 0, 0, 0
37201, 6174, 0, 0, 0
37300, 6182, 0, 0, 0
37402, 6453, 0, 0, 0
37500, 6182, 0, 0, 0
37600, 6630, 0, 0, 0
37700, 6635, 0, 0, 0
37800, 6430, 0, 0, 0
37903, 7441, 0, 0, 0
38001, 6548, 0, 0, 0
38100, 6184, 0, 0, 0
38200, 6503, 0, 0, 0
38300, 7048, 0, 0, 0
38400, 6214, 0, 0, 0
38500, 7128, 0, 0, 0
38600, 7224, 0, 0, 0
38700, 6659, 0, 0, 0
38803, 6682, 0, 0, 0
38900, 6734, 0, 0, 0
39001, 6777, 0, 0, 0
39100, 7044, 0, 0, 0
39201, 7382, 0, 0, 0
39301, 6710, 0, 0, 0
39400, 7125, 0, 0, 0
39501, 6383, 0, 0, 0
39600, 8039, 0, 0, 0
39705, 7735, 0, 0, 0
39800, 5985, 0, 0, 0
39900, 6782, 0, 0, 0
40001, 7447, 0, 0, 0
40103, 7012, 0, 0, 0
40203, 7234, 0, 0, 0
40304, 6778, 0, 0, 0
40401, 6718, 0, 0, 0
40500, 8504, 0, 0, 0
40606, 6754, 0, 0, 0
40702, 6828, 0, 0, 0
40800, 6860, 0, 0, 0
40900, 6493, 0, 0, 0
41000, 6216, 0, 0, 0
41102, 6305, 0, 0, 0
41203, 6172, 0, 0, 0
41303, 6345, 0, 0, 0
41401, 6700, 0, 0, 0
41501, 6715, 0, 0, 0
41601, 6440, 0, 0, 0
41704, 6349, 0, 0, 0
41803, 6850, 0, 0, 0
41902, 6253, 0, 0, 0
42000, 6951, 0, 0, 0
42101, 6620, 0, 0, 0
42203, 6100, 0, 0, 0
42303, 6946, 0, 0, 0
42403, 6072, 0, 0, 0
42506, 7094, 0, 0, 0
42603, 6830, 0, 0, 0
42702, 6547, 0, 0, 0
42801, 7329, 0, 0, 0
42900, 6952, 0, 0, 0
43004, 6547, 0, 0, 0
43102, 6473, 0, 0, 0
43200, 6327, 0, 0, 0
43303, 7311, 0, 0, 0
43400, 6431, 0, 0, 0
43502, 7194, 0, 0, 0
43601, 6864, 0, 0, 0
43701, 7041, 0, 0, 0
43800, 6952, 0, 0, 0
43900, 6815, 0, 0, 0
44000, 7146, 0, 0, 0
44100, 7728, 0, 0, 0
44202, 7255, 0, 0, 0
44300, 7060, 0, 0, 0
44404, 6545, 0, 0, 0
44501, 6267, 0, 0, 0
44600, 6248, 0, 0, 0
44701, 5947, 0, 0, 0
44801, 6766, 0, 0, 0
44901, 6511, 0, 0, 0
45002, 6748, 0, 0, 0
45102, 7758, 0, 0, 0
45200, 7313, 0, 0, 0
45302, 6390, 0, 0, 0
45401, 6554, 0, 0, 0
45503, 6705, 0, 0, 0
45603, 6596, 0, 0, 0
45702, 6335, 0, 0, 0
45805, 6793, 0, 0, 0
45902, 6845, 0, 0, 0
46000, 6873, 0, 0, 0
46102, 7047, 0, 0, 0
46200, 6557, 0, 0, 0
46302, 7519, 0, 0, 0
46403, 6812, 0, 0, 0
46502, 6767, 0, 0, 0
46600, 6685, 0, 0, 0
46700, 7137, 0, 0, 0
46800, 7228, 0, 0, 0
46901, 7595, 0, 0, 0
47001, 7328, 0, 0, 0
47100, 7576, 0, 0, 0
47201, 6908, 0, 0, 0
47300, 7212, 0, 0, 0
47400, 6348, 0, 0, 0
47500, 6959, 0, 0, 0
47605, 7520, 0, 0, 0
47702, 6850, 0, 0, 0
47800, 5877, 0, 0, 0
47900, 6486, 0, 0, 0
48000, 6461, 0, 0, 0
48101, 6175, 0, 0, 0
48200, 6755, 0, 0, 0
48301, 6207, 0, 0, 0
48403, 7300, 0, 0, 0
48501, 6749, 0, 0, 0
48602, 6581, 0, 0, 0
48701, 7467, 0, 0, 0
48802, 6836, 0, 0, 0
48900, 6622, 0, 0, 0
49002, 6304, 0, 0, 0
49101, 6391, 0, 0, 0
49201, 6552, 0, 0, 0
49300, 6285, 0, 0, 0
49402, 6527, 0, 0, 0
49501, 7235, 0, 0, 0
49604, 6961, 0, 0, 0
49701, 7238, 0, 0, 0
49801, 6184, 0, 0, 0
49901, 6858, 0, 0, 0
50000, 7089, 0, 0, 0
50102, 6206, 0, 0, 0
50201, 6790, 0, 0, 0
50301, 7284, 0, 0, 0
50400, 7733, 0, 0, 0
50503, 6966, 0, 0, 0
50600, 7395, 0, 0, 0
50700, 6882, 0, 0, 0
50801, 7098, 0, 0, 0
50900, 6723, 0, 0, 0
51000, 6287, 0, 0, 0
51101, 6827, 0, 0, 0
51205, 6974, 0, 0, 0
51303, 6968, 0, 0, 0
51400, 6205, 0, 0, 0
51502, 6722, 0, 0, 0
51602, 6381, 0, 0, 0
51700, 6433, 0, 0, 0
51803, 6709, 0, 0, 0
51904, 6598, 0, 0, 0
52002, 6775, 0, 0, 0
52101, 6376, 0, 0, 0
52200, 6461, 0, 0, 0
52300, 6511, 0, 0, 0
52406, 6691, 0, 0, 0
52504, 6653, 0, 0, 0
52601, 6394, 0, 0, 0
52701, 6665, 0, 0, 0
52802, 6460, 0, 0, 0
52902, 7630, 0, 0, 0
53001, 6934, 0, 0, 0
53102, 7651, 0, 0, 0
53200, 6804, 0, 0, 0
53300, 7106, 0, 0, 0
53401, 6724, 0, 0, 0
53501, 6557, 0, 0, 0
53601, 7855, 0, 0, 0
53702, 6523, 0, 0, 0
53800, 7179, 0, 0, 0
53900, 5669, 0, 0, 0
54001, 6071, 0, 0, 0
54105, 6459, 0, 0, 0
54201, 6148, 0, 0, 0
54302, 6409, 0, 0, 0
54401, 6164, 0, 0, 0
54501, 6253, 0, 0, 0
54600, 7135, 0, 0, 0
54701, 6110, 0, 0, 0
54801, 6148, 0, 0, 0
54900, 6688, 0, 0, 0
55001, 6356, 0, 0, 0
55100, 7798, 0, 0, 0
55200, 7044, 0, 0, 0
55300, 7004, 0, 0, 0
55402, 6981, 0, 0, 0
55501, 6601, 0, 0, 0
55600, 7285, 0, 0, 0
55700, 7013, 0, 0, 0
55801, 6084, 0, 0, 0
55901, 7755, 0, 0, 0
56004, 7427, 0, 0, 0
56102, 7059, 0, 0, 0
56203, 6834, 0, 0, 0
56300, 6765, 0, 0, 0
56403, 7622, 0, 0, 0
56501, 7748, 0, 0, 0
56602, 7570, 0, 0, 0
56701, 7324, 0, 0, 0
56803, 7162, 0, 0, 0
56900, 7355, 0, 0, 0
57000, 7141, 0, 0, 0
57100, 7081, 0, 0, 0
57202, 6278, 0, 0, 0
57301, 6733, 0, 0, 0
57401, 7362, 0, 0, 0
57500, 7119, 0, 0, 0
57604, 6705, 0, 0, 0
57700, 6436, 0, 0, 0
57800, 6465, 0, 0, 0
57905, 6522, 0, 0, 0
58001, 7675, 0, 0, 0
58104, 7766, 0, 0, 0
58201, 6323, 0, 0, 0
58302, 7644, 0, 0, 0
58400, 7272, 0, 0, 0
58500, 6814, 0, 0, 0
58603, 6745, 0, 0, 0
58703, 6824, 0, 0, 0
58803, 7426, 0, 0, 0
58900, 7480, 0, 0, 0
59000, 6401, 0, 0, 0
59100, 6906, 0, 0, 0
59205, 6814, 0, 0, 0
59300, 6751, 0, 0, 0
59401, 6776, 0, 0, 0
59502, 6854, 0, 0, 0
59601, 7118, 0, 0, 0
59700, 6389, 0, 0, 0
59804, 6539, 0, 0, 0
59901, 6742, 0, 0, 0
60002, 7354, 0, 0, 0
