100, 2221890, 0, 0, 0
200, 2165248, 0, 0, 0
300, 2259435, 0, 0, 0
401, 2264935, 0, 0, 0
500, 2243874, 0, 0, 0
600, 2259488, 0, 0, 0
700, 2163662, 0, 0, 0
800, 2273882, 0, 0, 0
900, 2287067, 0, 0, 0
1000, 2187439, 0, 0, 0
1100, 2281344, 0, 0, 0
1200, 2181259, 0, 0, 0
1300, 2173960, 0, 0, 0
1400, 2205443, 0, 0, 0
1500, 2413742, 0, 0, 0
1600, 2236131, 0, 0, 0
1700, 2225115, 0, 0, 0
1800, 2155312, 0, 0, 0
1900, 2262709, 0, 0, 0
2000, 2245233, 0, 0, 0
2100, 2199776, 0, 0, 0
2200, 2176936, 0, 0, 0
2301, 2214538, 0, 0, 0
2400, 2259598, 0, 0, 0
2500, 2226724, 0, 0, 0
2600, 2186930, 0, 0, 0
2701, 2167504, 0, 0, 0
2800, 2311473, 0, 0, 0
2900, 2199913, 0, 0, 0
3000, 2293110, 0, 0, 0
3101, 2254323, 0, 0, 0
3200, 2342772, 0, 0, 0
3300, 2231304, 0, 0, 0
3400, 2250430, 0, 0, 0
3500, 2243048, 0, 0, 0
3600, 2141144, 0, 0, 0
3700, 2164693, 0, 0, 0
3800, 2106644, 0, 0, 0
3900, 2142811, 0, 0, 0
4000, 2247410, 0, 0, 0
4100, 2209090, 0, 0, 0
4200, 2232054, 0, 0, 0
4301, 2173636, 0, 0, 0
4401, 2231073, 0, 0, 0
4500, 2182152, 0, 0, 0
4600, 2147987, 0, 0, 0
4700, 2310314, 0, 0, 0
4800, 2192725, 0, 0, 0
4900, 2284287, 0, 0, 0
5000, 2172534, 0, 0, 0
5100, 2128130, 0, 0, 0
5200, 2265099, 0, 0, 0
5300, 2194474, 0, 0, 0
5400, 2234767, 0, 0, 0
5500, 2084006, 0, 0, 0
5600, 2180043, 0, 0, 0
5700, 2160653, 0, 0, 0
5802, 2226509, 0, 0, 0
5900, 2254952, 0, 0, 0
6000, 2167703, 0, 0, 0
6100, 2159196, 0, 0, 0
6200, 2107564, 0, 0, 0
6300, 2148875, 0, 0, 0
6400, 2094153, 0, 0, 0
6501, 2104195, 0, 0, 0
6600, 2204987, 0, 0, 0
6700, 2200169, 0, 0, 0
6800, 2203461, 0, 0, 0
6900, 1999441, 0, 0, 0
7000, 2117600, 0, 0, 0
7100, 2232735, 0, 0, 0
7200, 2168333, 0, 0, 0
7300, 2185876, 0, 0, 0
7400, 2245083, 0, 0, 0
7500, 2171353, 0, 0, 0
7600, 2118276, 0, 0, 0
7700, 2169605, 0, 0, 0
7800, 2247355, 0, 0, 0
7900, 2127210, 0, 0, 0
8000, 2204125, 0, 0, 0
8100, 2170623, 0, 0, 0
8200, 2106039, 0, 0, 0
8300, 2239605, 0, 0, 0
8400, 2206871, 0, 0, 0
8500, 2303680, 0, 0, 0
8600, 2341055, 0, 0, 0
8700, 2279362, 0, 0, 0
8800, 2032796, 0, 0, 0
8900, 2248578, 0, 0, 0
9000, 2266387, 0, 0, 0
9101, 2221506, 0, 0, 0
9200, 2184951, 0, 0, 0
9300, 2211571, 0, 0, 0
9400, 2278890, 0, 0, 0
9500, 2261828, 0, 0, 0
9600, 2135828, 0, 0, 0
9700, 2245185, 0, 0, 0
9800, 2138602, 0, 0, 0
9900, 2234994, 0, 0, 0
10000, 2250667, 0, 0, 0
10100, 2152311, 0, 0, 0
10200, 2263386, 0, 0, 0
10300, 2135967, 0, 0, 0
10400, 2251454, 0, 0, 0
10500, 2240013, 0, 0, 0
10600, 2158939, 0, 0, 0
10700, 2175654, 0, 0, 0
10800, 2153381, 0, 0, 0
10901, 2343881, 0, 0, 0
11000, 2314409, 0, 0, 0
11100, 2273820, 0, 0, 0
11201, 2255188, 0, 0, 0
11301, 2183494, 0, 0, 0
11400, 2093323, 0, 0, 0
11500, 2179755, 0, 0, 0
11600, 2247794, 0, 0, 0
11700, 2161505, 0, 0, 0
11800, 2196357, 0, 0, 0
11900, 2053556, 0, 0, 0
12000, 2210573, 0, 0, 0
12100, 2200849, 0, 0, 0
12200, 2265918, 0, 0, 0
12301, 2294205, 0, 0, 0
12400, 2263522, 0, 0, 0
12500, 2189859, 0, 0, 0
12600, 2149553, 0, 0, 0
12700, 2298094, 0, 0, 0
12800, 2301907, 0, 0, 0
12900, 2144606, 0, 0, 0
13000, 2179110, 0, 0, 0
13100, 2167998, 0, 0, 0
13200, 2134223, 0, 0, 0
13300, 2201680, 0, 0, 0
13400, 2259482, 0, 0, 0
13500, 2166376, 0, 0, 0
13600, 2235753, 0, 0, 0
13700, 2189518, 0, 0, 0
13800, 2092328, 0, 0, 0
13900, 2175367, 0, 0, 0
14000, 2177597, 0, 0, 0
14101, 2134251, 0, 0, 0
14200, 2137556, 0, 0, 0
14300, 2163714, 0, 0, 0
14400, 2131380, 0, 0, 0
14500, 2250289, 0, 0, 0
14600, 2275164, 0, 0, 0
14700, 2166032, 0, 0, 0
14800, 2231384, 0, 0, 0
14900, 2388626, 0, 0, 0
15001, 2164341, 0, 0, 0
15100, 2226882, 0, 0, 0
15200, 2221715, 0, 0, 0
15301, 2265986, 0, 0, 0
15400, 2171049, 0, 0, 0
15500, 2192425, 0, 0, 0
15600, 2145721, 0, 0, 0
15701, 2092620, 0, 0, 0
15800, 2094494, 0, 0, 0
15900, 2047924, 0, 0, 0
16000, 2079551, 0, 0, 0
16100, 2325917, 0, 0, 0
16200, 2285515, 0, 0, 0
16301, 2161588, 0, 0, 0
16400, 2289935, 0, 0, 0
16500, 2196016, 0, 0, 0
16600, 2132832, 0, 0, 0
16700, 2140313, 0, 0, 0
16800, 2217344, 0, 0, 0
16900, 2273008, 0, 0, 0
17000, 2251404, 0, 0, 0
17100, 2230298, 0, 0, 0
17200, 2126901, 0, 0, 0
17300, 2262389, 0, 0, 0
17400, 2115067, 0, 0, 0
17500, 2229896, 0, 0, 0
17600, 2279758, 0, 0, 0
17700, 2241388, 0, 0, 0
17800, 2051820, 0, 0, 0
17900, 2254567, 0, 0, 0
18000, 2240912, 0, 0, 0
18100, 2258520, 0, 0, 0
18200, 2209425, 0, 0, 0
18301, 2132604, 0, 0, 0
18400, 2131310, 0, 0, 0
18500, 2224855, 0, 0, 0
18600, 2117343, 0, 0, 0
18700, 2277248, 0, 0, 0
18801, 2184732, 0, 0, 0
18900, 2223652, 0, 0, 0
19000, 2109170, 0, 0, 0
19100, 2176549, 0, 0, 0
19200, 2180975, 0, 0, 0
19300, 2224287, 0, 0, 0
19401, 2169912, 0, 0, 0
19500, 2198557, 0, 0, 0
19600, 2205203, 0, 0, 0
19700, 2099474, 0, 0, 0
19800, 2115719, 0, 0, 0
19900, 2092809, 0, 0, 0
20000, 2270552, 0, 0, 0
20101, 2185269, 0, 0, 0
20200, 2326033, 0, 0, 0
20300, 2251868, 0, 0, 0
20400, 2201924, 0, 0, 0
20500, 2262761, 0, 0, 0
20600, 2180729, 0, 0, 0
20700, 2141524, 0, 0, 0
20800, 2154504, 0, 0, 0
20901, 2264788, 0, 0, 0
21000, 2184650, 0, 0, 0
21100, 2286146, 0, 0, 0
21200, 2263531, 0, 0, 0
21300, 2211139, 0, 0, 0
21400, 2327284, 0, 0, 0
21500, 2161479, 0, 0, 0
21600, 2244239, 0, 0, 0
21700, 2285679, 0, 0, 0
21800, 2229750, 0, 0, 0
21900, 2260075, 0, 0, 0
22000, 2214003, 0, 0, 0
22100, 2268003, 0, 0, 0
22200, 2117898, 0, 0, 0
22300, 2255245, 0, 0, 0
22400, 2153551, 0, 0, 0
22500, 2163516, 0, 0, 0
22600, 2198410, 0, 0, 0
22700, 2095203, 0, 0, 0
22800, 2158409, 0, 0, 0
22900, 2407445, 0, 0, 0
23000, 2219388, 0, 0, 0
23100, 2343258, 0, 0, 0
23200, 2211001, 0, 0, 0
23300, 2198737, 0, 0, 0
23400, 2188997, 0, 0, 0
23500, 2184331, 0, 0, 0
23600, 2161842, 0, 0, 0
23700, 2179916, 0, 0, 0
23800, 2168080, 0, 0, 0
23900, 2212102, 0, 0, 0
24000, 2137674, 0, 0, 0
24100, 2284002, 0, 0, 0
24200, 2235796, 0, 0, 0
24300, 2157379, 0, 0, 0
24400, 2131989, 0, 0, 0
24500, 2284668, 0, 0, 0
24600, 2183953, 0, 0, 0
24700, 2142566, 0, 0, 0
24800, 2169909, 0, 0, 0
24900, 2281808, 0, 0, 0
25000, 2243305, 0, 0, 0
25100, 2199083, 0, 0, 0
25200, 2215314, 0, 0, 0
25300, 2106296, 0, 0, 0
25400, 2177722, 0, 0, 0
25500, 2131447, 0, 0, 0
25601, 2254786, 0, 0, 0
25700, 2193603, 0, 0, 0
25800, 2323371, 0, 0, 0
25900, 2181385, 0, 0, 0
26000, 2129211, 0, 0, 0
26100, 2170217, 0, 0, 0
26200, 2132983, 0, 0, 0
26300, 2274811, 0, 0, 0
26400, 2067363, 0, 0, 0
26500, 2245532, 0, 0, 0
26600, 2153758, 0, 0, 0
26700, 2119734, 0, 0, 0
26800, 2209167, 0, 0, 0
26901, 2147170, 0, 0, 0
27000, 2226271, 0, 0, 0
27100, 2189559, 0, 0, 0
27200, 2192779, 0, 0, 0
27301, 2074226, 0, 0, 0
27400, 2213809, 0, 0, 0
27500, 2274406, 0, 0, 0
27600, 2249721, 0, 0, 0
27701, 2531070, 0, 0, 0
27800, 2311690, 0, 0, 0
27900, 2272034, 0, 0, 0
28000, 2327166, 0, 0, 0
28100, 2063566, 0, 0, 0
28200, 2206510, 0, 0, 0
28300, 2326338, 0, 0, 0
28400, 2213581, 0, 0, 0
28500, 2224437, 0, 0, 0
28600, 2292295, 0, 0, 0
28700, 2241452, 0, 0, 0
28801, 2152635, 0, 0, 0
28900, 2259967, 0, 0, 0
29000, 2192919, 0, 0, 0
29100, 2262135, 0, 0, 0
29200, 2063079, 0, 0, 0
29300, 2314364, 0, 0, 0
29400, 2295273, 0, 0, 0
29500, 2118263, 0, 0, 0
29600, 2227415, 0, 0, 0
29700, 2198749, 0, 0, 0
29800, 2148129, 0, 0, 0
29901, 2172085, 0, 0, 0
30001, 2118707, 0, 0, 0
30100, 2085880, 0, 0, 0
30200, 2182045, 0, 0, 0
30300, 2255245, 0, 0, 0
30400, 2126197, 0, 0, 0
30500, 2184960, 0, 0, 0
30600, 2251826, 0, 0, 0
30700, 2225966, 0, 0, 0
30800, 2224885, 0, 0, 0
30900, 2074695, 0, 0, 0
31001, 2250334, 0, 0, 0
31100, 2302508, 0, 0, 0
31200, 2344737, 0, 0, 0
31300, 2139596, 0, 0, 0
31400, 2157237, 0, 0, 0
31501, 2194581, 0, 0, 0
31600, 2238793, 0, 0, 0
31700, 2232386, 0, 0, 0
31801, 2038744, 0, 0, 0
31900, 2273412, 0, 0, 0
32000, 2169786, 0, 0, 0
32100, 2220389, 0, 0, 0
32200, 2163943, 0, 0, 0
32300, 2305200, 0, 0, 0
32400, 2270096, 0, 0, 0
32500, 2225328, 0, 0, 0
32600, 2147191, 0, 0, 0
32700, 2164957, 0, 0, 0
32800, 2254623, 0, 0, 0
32901, 2166378, 0, 0, 0
33000, 2226957, 0, 0, 0
33100, 2269372, 0, 0, 0
33200, 2251956, 0, 0, 0
33300, 2380203, 0, 0, 0
33401, 2234362, 0, 0, 0
33501, 2130092, 0, 0, 0
33600, 2134623, 0, 0, 0
33701, 2198410, 0, 0, 0
33800, 2246874, 0, 0, 0
33900, 2322208, 0, 0, 0
34000, 2235600, 0, 0, 0
34100, 2241293, 0, 0, 0
34200, 2063117, 0, 0, 0
34300, 2256257, 0, 0, 0
34400, 2151630, 0, 0, 0
34500, 2225162, 0, 0, 0
34600, 2254915, 0, 0, 0
34700, 2192819, 0, 0, 0
34800, 2196717, 0, 0, 0
34900, 2164943, 0, 0, 0
35000, 2173215, 0, 0, 0
35100, 2108001, 0, 0, 0
35200, 2230860, 0, 0, 0
35300, 2200939, 0, 0, 0
35400, 2235318, 0, 0, 0
35500, 2110209, 0, 0, 0
35601, 2253616, 0, 0, 0
35700, 2234662, 0, 0, 0
35800, 2114849, 0, 0, 0
35900, 2345524, 0, 0, 0
36000, 2250479, 0, 0, 0
36100, 2168520, 0, 0, 0
36200, 2192094, 0, 0, 0
36300, 2281800, 0, 0, 0
36400, 2208240, 0, 0, 0
36500, 2122638, 0, 0, 0
36600, 2182657, 0, 0, 0
36700, 2176553, 0, 0, 0
36800, 2347925, 0, 0, 0
36900, 2166032, 0, 0, 0
37001, 2211518, 0, 0, 0
37101, 2160726, 0, 0, 0
37200, 2226743, 0, 0, 0
37300, 2274115, 0, 0, 0
37400, 2294883, 0, 0, 0
37500, 2242177, 0, 0, 0
37600, 2232339, 0, 0, 0
37700, 2286393, 0, 0, 0
37801, 2212376, 0, 0, 0
37900, 2301688, 0, 0, 0
38000, 2158826, 0, 0, 0
38100, 2194476, 0, 0, 0
38200, 2209385, 0, 0, 0
38300, 2275027, 0, 0, 0
38401, 2278406, 0, 0, 0
38500, 2247832, 0, 0, 0
38600, 2204028, 0, 0, 0
38700, 2154638, 0, 0, 0
38801, 2215954, 0, 0, 0
38900, 2325715, 0, 0, 0
39000, 2289496, 0, 0, 0
39100, 2200310, 0, 0, 0
39201, 2234455, 0, 0, 0
39300, 2217278, 0, 0, 0
39400, 2168476, 0, 0, 0
39500, 2234359, 0, 0, 0
39600, 2285545, 0, 0, 0
39700, 2107121, 0, 0, 0
39800, 2076338, 0, 0, 0
39900, 2266498, 0, 0, 0
40000, 2206747, 0, 0, 0
40100, 2097745, 0, 0, 0
40200, 2423221, 0, 0, 0
40300, 2112779, 0, 0, 0
40400, 2232493, 0, 0, 0
40500, 2415321, 0, 0, 0
40600, 2152947, 0, 0, 0
40700, 2252310, 0, 0, 0
40800, 2151649, 0, 0, 0
40901, 2188136, 0, 0, 0
41000, 2131481, 0, 0, 0
41100, 2210339, 0, 0, 0
41200, 2188425, 0, 0, 0
41300, 2228350, 0, 0, 0
41400, 2150491, 0, 0, 0
41500, 2247290, 0, 0, 0
41600, 2251773, 0, 0, 0
41700, 2409032, 0, 0, 0
41800, 2170294, 0, 0, 0
41900, 2270879, 0, 0, 0
42000, 2311168, 0, 0, 0
42100, 2194654, 0, 0, 0
42200, 2121699, 0, 0, 0
42301, 2299813, 0, 0, 0
42401, 2130299, 0, 0, 0
42500, 2232892, 0, 0, 0
42600, 2240819, 0, 0, 0
42700, 2172885, 0, 0, 0
42800, 2173627, 0, 0, 0
42900, 2163278, 0, 0, 0
43000, 2227373, 0, 0, 0
43100, 2187489, 0, 0, 0
43200, 2150066, 0, 0, 0
43300, 2205805, 0, 0, 0
43400, 2116073, 0, 0, 0
43500, 2159312, 0, 0, 0
43600, 2168989, 0, 0, 0
43700, 2176821, 0, 0, 0
43800, 2196260, 0, 0, 0
43900, 2136233, 0, 0, 0
44000, 2256818, 0, 0, 0
44101, 2179028, 0, 0, 0
44200, 2218854, 0, 0, 0
44300, 2166505, 0, 0, 0
44400, 2149632, 0, 0, 0
44501, 2149832, 0, 0, 0
44600, 2048660, 0, 0, 0
44700, 2339382, 0, 0, 0
44800, 2261075, 0, 0, 0
44900, 2112371, 0, 0, 0
45000, 2219299, 0, 0, 0
45100, 2271721, 0, 0, 0
45201, 2188305, 0, 0, 0
45300, 2168061, 0, 0, 0
45400, 2114454, 0, 0, 0
45500, 2176751, 0, 0, 0
45600, 2280283, 0, 0, 0
45700, 2277326, 0, 0, 0
45800, 2258250, 0, 0, 0
45900, 2170582, 0, 0, 0
46000, 2217430, 0, 0, 0
46100, 2120323, 0, 0, 0
46200, 2199301, 0, 0, 0
46300, 2135319, 0, 0, 0
46400, 2139651, 0, 0, 0
46500, 2056990, 0, 0, 0
46600, 2045337, 0, 0, 0
46700, 2149978, 0, 0, 0
46801, 2199420, 0, 0, 0
46900, 2217725, 0, 0, 0
47001, 2226676, 0, 0, 0
47100, 2219749, 0, 0, 0
47200, 2054726, 0, 0, 0
47301, 2088663, 0, 0, 0
47400, 2160317, 0, 0, 0
47500, 2134258, 0, 0, 0
47600, 2199683, 0, 0, 0
47700, 2104010, 0, 0, 0
47800, 2101192, 0, 0, 0
47902, 2181371, 0, 0, 0
48000, 2298323, 0, 0, 0
48100, 2242131, 0, 0, 0
48200, 2373431, 0, 0, 0
48300, 2170691, 0, 0, 0
48400, 2096896, 0, 0, 0
48500, 2201961, 0, 0, 0
48600, 2140773, 0, 0, 0
48700, 2264258, 0, 0, 0
48800, 2215473, 0, 0, 0
48900, 2117479, 0, 0, 0
49000, 2184263, 0, 0, 0
49101, 2270032, 0, 0, 0
49200, 2183473, 0, 0, 0
49300, 2242774, 0, 0, 0
49400, 2206203, 0, 0, 0
49500, 2131739, 0, 0, 0
49600, 2158878, 0, 0, 0
49700, 2196131, 0, 0, 0
49800, 2140747, 0, 0, 0
49900, 2246810, 0, 0, 0
50000, 2146829, 0, 0, 0
50100, 2193307, 0, 0, 0
50200, 2224310, 0, 0, 0
50300, 2134308, 0, 0, 0
50400, 2228378, 0, 0, 0
50500, 2282125, 0, 0, 0
50600, 2173435, 0, 0, 0
50700, 2215713, 0, 0, 0
50800, 2111389, 0, 0, 0
50900, 2160832, 0, 0, 0
51001, 2232715, 0, 0, 0
51100, 2289622, 0, 0, 0
51200, 2208201, 0, 0, 0
51300, 2130141, 0, 0, 0
51400, 2279748, 0, 0, 0
51500, 2124521, 0, 0, 0
51600, 2289637, 0, 0, 0
51700, 2139842, 0, 0, 0
51800, 2224356, 0, 0, 0
51900, 2119536, 0, 0, 0
52000, 2294899, 0, 0, 0
52100, 2288883, 0, 0, 0
52200, 2176903, 0, 0, 0
52301, 2119377, 0, 0, 0
52400, 2203254, 0, 0, 0
52500, 2278328, 0, 0, 0
52600, 2385756, 0, 0, 0
52700, 2170190, 0, 0, 0
52800, 2181427, 0, 0, 0
52900, 2206545, 0, 0, 0
53000, 2217948, 0, 0, 0
53101, 2152605, 0, 0, 0
53200, 2308726, 0, 0, 0
53300, 2234713, 0, 0, 0
53400, 2183224, 0, 0, 0
53500, 2210472, 0, 0, 0
53600, 2279083, 0, 0, 0
53700, 2254644, 0, 0, 0
53800, 2234020, 0, 0, 0
53900, 2210440, 0, 0, 0
54000, 2204067, 0, 0, 0
54100, 2146480, 0, 0, 0
54200, 2330857, 0, 0, 0
54300, 2324281, 0, 0, 0
54400, 2215806, 0, 0, 0
54500, 2064394, 0, 0, 0
54600, 2237419, 0, 0, 0
54700, 2238524, 0, 0, 0
54800, 2237209, 0, 0, 0
54900, 2111808, 0, 0, 0
55000, 2223797, 0, 0, 0
55100, 2391262, 0, 0, 0
55200, 2191392, 0, 0, 0
55300, 2178639, 0, 0, 0
55400, 2246685, 0, 0, 0
55500, 2342253, 0, 0, 0
55601, 2177152, 0, 0, 0
55700, 2251408, 0, 0, 0
55800, 2137456, 0, 0, 0
55900, 2312728, 0, 0, 0
56001, 2208456, 0, 0, 0
56100, 2164043, 0, 0, 0
56200, 2252497, 0, 0, 0
56300, 2278594, 0, 0, 0
56400, 2175041, 0, 0, 0
56500, 2143240, 0, 0, 0
56600, 2206850, 0, 0, 0
56700, 2235650, 0, 0, 0
56800, 2214585, 0, 0, 0
56900, 2309213, 0, 0, 0
57001, 2250045, 0, 0, 0
57100, 2161760, 0, 0, 0
57200, 2079872, 0, 0, 0
57300, 2292381, 0, 0, 0
57400, 2223917, 0, 0, 0
57500, 2134148, 0, 0, 0
57600, 2254301, 0, 0, 0
57700, 2215958, 0, 0, 0
57800, 2214617, 0, 0, 0
57900, 2156267, 0, 0, 0
58000, 2246123, 0, 0, 0
58100, 2177272, 0, 0, 0
58201, 2153614, 0, 0, 0
58300, 2192729, 0, 0, 0
58401, 2313456, 0, 0, 0
58500, 2261368, 0, 0, 0
58600, 2282023, 0, 0, 0
58700, 2282985, 0, 0, 0
58800, 2233527, 0, 0, 0
58900, 2101524, 0, 0, 0
59000, 2237693, 0, 0, 0
59100, 2203975, 0, 0, 0
59200, 2188154, 0, 0, 0
59300, 2065581, 0, 0, 0
59400, 2248583, 0, 0, 0
59500, 2173276, 0, 0, 0
59600, 2249212, 0, 0, 0
59700, 2364287, 0, 0, 0
59800, 2231371, 0, 0, 0
59900, 2187048, 0, 0, 0
60000, 2157772, 0, 0, 0
60101, 2213033, 0, 0, 0
60200, 2197143, 0, 0, 0
60300, 2186377, 0, 0, 0
60400, 2145651, 0, 0, 0
60501, 2223534, 0, 0, 0
60600, 2211332, 0, 0, 0
60700, 2109959, 0, 0, 0
60800, 2383288, 0, 0, 0
60900, 2160214, 0, 0, 0
61000, 2252575, 0, 0, 0
61100, 2149071, 0, 0, 0
61200, 2370947, 0, 0, 0
61300, 2209471, 0, 0, 0
61401, 2257186, 0, 0, 0
61500, 2152280, 0, 0, 0
61601, 2130989, 0, 0, 0
61700, 2221609, 0, 0, 0
61800, 2112044, 0, 0, 0
61900, 2155772, 0, 0, 0
62000, 2214690, 0, 0, 0
62100, 2243112, 0, 0, 0
62200, 2186865, 0, 0, 0
62300, 2140465, 0, 0, 0
62400, 2151395, 0, 0, 0
62500, 2117543, 0, 0, 0
62600, 2193668, 0, 0, 0
62700, 2214760, 0, 0, 0
62800, 2234914, 0, 0, 0
62900, 2219630, 0, 0, 0
63000, 2139312, 0, 0, 0
63100, 2090570, 0, 0, 0
63200, 2197063, 0, 0, 0
63300, 2297625, 0, 0, 0
63401, 2248615, 0, 0, 0
63500, 2209693, 0, 0, 0
63601, 2158054, 0, 0, 0
63700, 2272864, 0, 0, 0
63800, 2176137, 0, 0, 0
63900, 2109816, 0, 0, 0
64000, 2265569, 0, 0, 0
64100, 2182130, 0, 0, 0
64200, 2133382, 0, 0, 0
64300, 2256536, 0, 0, 0
64400, 2219055, 0, 0, 0
64500, 2332587, 0, 0, 0
64600, 2313053, 0, 0, 0
64701, 2253135, 0, 0, 0
64800, 2225535, 0, 0, 0
64901, 2168548, 0, 0, 0
65000, 2177214, 0, 0, 0
65100, 2102103, 0, 0, 0
65200, 2241280, 0, 0, 0
65300, 2234391, 0, 0, 0
65400, 2196840, 0, 0, 0
65500, 2257539, 0, 0, 0
65600, 2203356, 0, 0, 0
65700, 2228930, 0, 0, 0
65800, 2245691, 0, 0, 0
65900, 2104236, 0, 0, 0
66000, 2112052, 0, 0, 0
66100, 2371566, 0, 0, 0
66200, 2226400, 0, 0, 0
66300, 2245225, 0, 0, 0
66400, 2253620, 0, 0, 0
66500, 2363735, 0, 0, 0
66600, 2174619, 0, 0, 0
66700, 2146325, 0, 0, 0
66800, 2157096, 0, 0, 0
66900, 2148177, 0, 0, 0
67000, 2368632, 0, 0, 0
67101, 2225974, 0, 0, 0
67201, 2090716, 0, 0, 0
67300, 2300025, 0, 0, 0
67401, 2291038, 0, 0, 0
67500, 2072805, 0, 0, 0
67600, 2346327, 0, 0, 0
67700, 2128694, 0, 0, 0
67800, 2219132, 0, 0, 0
67900, 2222366, 0, 0, 0
68000, 2203158, 0, 0, 0
68100, 2186240, 0, 0, 0
68200, 2243825, 0, 0, 0
68300, 2257494, 0, 0, 0
68400, 2088986, 0, 0, 0
68500, 2387886, 0, 0, 0
68600, 2190932, 0, 0, 0
68700, 2241035, 0, 0, 0
68800, 2168971, 0, 0, 0
68900, 2268051, 0, 0, 0
69001, 2246728, 0, 0, 0
69100, 2172131, 0, 0, 0
69200, 2282084, 0, 0, 0
69300, 2307525, 0, 0, 0
69400, 2528867, 0, 0, 0
69500, 2157215, 0, 0, 0
69600, 2050440, 0, 0, 0
69700, 2136966, 0, 0, 0
69800, 2278230, 0, 0, 0
69900, 2131479, 0, 0, 0
70000, 2225735, 0, 0, 0
70101, 2160056, 0, 0, 0
70200, 2290192, 0, 0, 0
70300, 2173776, 0, 0, 0
70400, 2237432, 0, 0, 0
70500, 2181693, 0, 0, 0
70600, 2368447, 0, 0, 0
70700, 2183500, 0, 0, 0
70800, 2277518, 0, 0, 0
70900, 2050085, 0, 0, 0
71000, 2164924, 0, 0, 0
71100, 2109211, 0, 0, 0
71201, 2285017, 0, 0, 0
71300, 2255626, 0, 0, 0
71400, 2121999, 0, 0, 0
71500, 2243240, 0, 0, 0
71600, 2160773, 0, 0, 0
71700, 2155795, 0, 0, 0
71800, 2323218, 0, 0, 0
71900, 2320057, 0, 0, 0
72000, 2195884, 0, 0, 0
72100, 2212642, 0, 0, 0
72200, 2267285, 0, 0, 0
72300, 2259854, 0, 0, 0
72400, 2135301, 0, 0, 0
72500, 2275850, 0, 0, 0
72600, 2064409, 0, 0, 0
72700, 2210050, 0, 0, 0
72800, 2125397, 0, 0, 0
72900, 2186634, 0, 0, 0
73000, 2212711, 0, 0, 0
73100, 2193190, 0, 0, 0
73200, 2166206, 0, 0, 0
73300, 2165241, 0, 0, 0
73400, 2174995, 0, 0, 0
73500, 2262962, 0, 0, 0
73600, 2096276, 0, 0, 0
73700, 2123216, 0, 0, 0
73801, 2131040, 0, 0, 0
73900, 2126689, 0, 0, 0
74000, 2041715, 0, 0, 0
74100, 2235514, 0, 0, 0
74200, 2148143, 0, 0, 0
74300, 2269254, 0, 0, 0
74400, 2230748, 0, 0, 0
74500, 2262610, 0, 0, 0
74600, 2212640, 0, 0, 0
74700, 2133900, 0, 0, 0
74800, 2148665, 0, 0, 0
74900, 2105927, 0, 0, 0
75000, 2195262, 0, 0, 0
75100, 2272241, 0, 0, 0
75200, 2247011, 0, 0, 0
75300, 2274413, 0, 0, 0
75400, 2222083, 0, 0, 0
75500, 2093155, 0, 0, 0
75600, 2188420, 0, 0, 0
75700, 2192760, 0, 0, 0
75800, 2101563, 0, 0, 0
75900, 2100976, 0, 0, 0
76000, 2062843, 0, 0, 0
76101, 2203933, 0, 0, 0
76200, 2164162, 0, 0, 0
76300, 2211861, 0, 0, 0
76400, 2211683, 0, 0, 0
76500, 2161286, 0, 0, 0
76600, 2345082, 0, 0, 0
76700, 2161088, 0, 0, 0
76800, 2187103, 0, 0, 0
76900, 2183765, 0, 0, 0
77000, 2236842, 0, 0, 0
77100, 2269170, 0, 0, 0
77200, 2215396, 0, 0, 0
77300, 2134820, 0, 0, 0
77400, 2105463, 0, 0, 0
77500, 2274820, 0, 0, 0
77600, 2147367, 0, 0, 0
77700, 2156107, 0, 0, 0
77800, 2414312, 0, 0, 0
77900, 1990289, 0, 0, 0
78000, 2271246, 0, 0, 0
78100, 2075147, 0, 0, 0
78200, 2181525, 0, 0, 0
78300, 2239489, 0, 0, 0
78400, 2194649, 0, 0, 0
78501, 2066999, 0, 0, 0
78600, 2311987, 0, 0, 0
78700, 2268416, 0, 0, 0
78800, 2171916, 0, 0, 0
78900, 2184948, 0, 0, 0
79000, 2338185, 0, 0, 0
79100, 2242243, 0, 0, 0
79200, 2162511, 0, 0, 0
79300, 2244572, 0, 0, 0
79400, 2215896, 0, 0, 0
79500, 2186765, 0, 0, 0
79600, 2186218, 0, 0, 0
79700, 2219630, 0, 0, 0
79801, 2124741, 0, 0, 0
79900, 2188619, 0, 0, 0
80001, 2164106, 0, 0, 0
80100, 2173666, 0, 0, 0
80200, 2216579, 0, 0, 0
80301, 2158204, 0, 0, 0
80400, 2214713, 0, 0, 0
80501, 2160546, 0, 0, 0
80600, 2145810, 0, 0, 0
80700, 2202607, 0, 0, 0
80800, 2291142, 0, 0, 0
80900, 2241198, 0, 0, 0
81000, 2223410, 0, 0, 0
81100, 2270383, 0, 0, 0
81202, 2151078, 0, 0, 0
81301, 2176667, 0, 0, 0
81400, 2231664, 0, 0, 0
81500, 2250261, 0, 0, 0
81600, 2226790, 0, 0, 0
81700, 2270931, 0, 0, 0
81800, 2315428, 0, 0, 0
81901, 2224382, 0, 0, 0
82001, 2288629, 0, 0, 0
82100, 2196294, 0, 0, 0
82201, 2343368, 0, 0, 0
82300, 2183970, 0, 0, 0
82400, 2252949, 0, 0, 0
82500, 2207486, 0, 0, 0
82601, 2170007, 0, 0, 0
82700, 2143114, 0, 0, 0
82800, 2210404, 0, 0, 0
82900, 2280839, 0, 0, 0
83001, 2133298, 0, 0, 0
83100, 2224853, 0, 0, 0
83201, 2093033, 0, 0, 0
83300, 2105308, 0, 0, 0
83400, 2159766, 0, 0, 0
83500, 2110480, 0, 0, 0
83600, 2186546, 0, 0, 0
83700, 2189432, 0, 0, 0
83800, 2218742, 0, 0, 0
83900, 2155626, 0, 0, 0
84000, 2428862, 0, 0, 0
84100, 2052224, 0, 0, 0
84200, 2205662, 0, 0, 0
84300, 2168629, 0, 0, 0
84400, 2284401, 0, 0, 0
84500, 2175349, 0, 0, 0
84600, 2195642, 0, 0, 0
84700, 2178064, 0, 0, 0
84800, 2329210, 0, 0, 0
84900, 2242201, 0, 0, 0
85000, 2175152, 0, 0, 0
85100, 2173436, 0, 0, 0
85200, 2086692, 0, 0, 0
85300, 2160271, 0, 0, 0
85400, 2229336, 0, 0, 0
85500, 2125968, 0, 0, 0
85601, 2184490, 0, 0, 0
85700, 2270778, 0, 0, 0
85800, 2183462, 0, 0, 0
85900, 2333411, 0, 0, 0
86000, 2105173, 0, 0, 0
86100, 2316367, 0, 0, 0
86200, 2230814, 0, 0, 0
86300, 2279905, 0, 0, 0
86400, 2146076, 0, 0, 0
86500, 2187957, 0, 0, 0
86600, 2224073, 0, 0, 0
86700, 2247920, 0, 0, 0
86800, 2141120, 0, 0, 0
86900, 2153890, 0, 0, 0
87000, 2144851, 0, 0, 0
87100, 2223645, 0, 0, 0
87200, 2134810, 0, 0, 0
87301, 2107651, 0, 0, 0
87400, 2322060, 0, 0, 0
87500, 2241987, 0, 0, 0
87600, 2278330, 0, 0, 0
87700, 2262453, 0, 0, 0
87800, 2250460, 0, 0, 0
87900, 2213198, 0, 0, 0
88000, 2111878, 0, 0, 0
88100, 2241939, 0, 0, 0
88200, 2099667, 0, 0, 0
88300, 2176046, 0, 0, 0
88400, 2113393, 0, 0, 0
88500, 2123961, 0, 0, 0
88600, 2042156, 0, 0, 0
88700, 2182601, 0, 0, 0
88800, 2210719, 0, 0, 0
88900, 2220307, 0, 0, 0
89001, 2294187, 0, 0, 0
89100, 2232004, 0, 0, 0
89200, 2174940, 0, 0, 0
89300, 2222166, 0, 0, 0
89400, 2170326, 0, 0, 0
89500, 2163504, 0, 0, 0
89600, 2273134, 0, 0, 0
89700, 2262211, 0, 0, 0
89800, 2157116, 0, 0, 0
89900, 2113393, 0, 0, 0
90000, 1914299, 0, 0, 0
90001, 2417251, 0, 0, 0
