101, 5108, 0, 0, 0
200, 6294, 0, 0, 0
301, 6631, 0, 0, 0
401, 6577, 0, 0, 0
501, 6367, 0, 0, 0
601, 6060, 0, 0, 0
702, 6111, 0, 0, 0
801, 5968, 0, 0, 0
900, 6659, 0, 0, 0
1000, 6588, 0, 0, 0
1100, 5885, 0, 0, 0
1202, 6137, 0, 0, 0
1301, 6083, 0, 0, 0
1400, 6049, 0, 0, 0
1500, 6296, 0, 0, 0
1600, 5971, 0, 0, 0
1700, 5945, 0, 0, 0
1801, 6049, 0, 0, 0
1900, 6066, 0, 0, 0
2000, 5867, 0, 0, 0
2100, 6089, 0, 0, 0
2201, 6413, 0, 0, 0
2300, 6476, 0, 0, 0
2400, 6617, 0, 0, 0
2500, 6558, 0, 0, 0
2600, 6471, 0, 0, 0
2700, 6751, 0, 0, 0
2801, 6174, 0, 0, 0
2901, 6043, 0, 0, 0
3000, 6548, 0, 0, 0
3101, 6259, 0, 0, 0
3200, 6323, 0, 0, 0
3300, 6102, 0, 0, 0
3401, 6665, 0, 0, 0
3501, 6501, 0, 0, 0
3601, 6646, 0, 0, 0
3700, 6224, 0, 0, 0
3801, 5876, 0, 0, 0
3900, 5975, 0, 0, 0
4001, 6444, 0, 0, 0
4100, 6606, 0, 0, 0
4201, 5864, 0, 0, 0
4300, 6112, 0, 0, 0
4401, 6252, 0, 0, 0
4500, 6100, 0, 0, 0
4600, 6442, 0, 0, 0
4701, 5987, 0, 0, 0
4800, 6493, 0, 0, 0
4900, 5684, 0, 0, 0
5000, 6689, 0, 0, 0
5100, 6542, 0, 0, 0
5200, 6259, 0, 0, 0
5300, 6568, 0, 0, 0
5400, 6258, 0, 0, 0
5500, 6276, 0, 0, 0
5600, 6224, 0, 0, 0
5700, 6482, 0, 0, 0
5801, 6318, 0, 0, 0
5900, 6463, 0, 0, 0
6000, 6735, 0, 0, 0
6102, 6261, 0, 0, 0
6200, 6457, 0, 0, 0
6300, 6583, 0, 0, 0
6400, 6698, 0, 0, 0
6500, 6418, 0, 0, 0
6601, 6083, 0, 0, 0
6700, 6462, 0, 0, 0
6801, 6313, 0, 0, 0
6901, 6314, 0, 0, 0
7000, 6347, 0, 0, 0
7100, 6195, 0, 0, 0
7201, 6354, 0, 0, 0
7300, 6382, 0, 0, 0
7400, 6428, 0, 0, 0
7500, 6579, 0, 0, 0
7600, 5308, 0, 0, 0
7700, 5595, 0, 0, 0
7800, 6393, 0, 0, 0
7900, 6187, 0, 0, 0
8000, 6381, 0, 0, 0
8100, 6529, 0, 0, 0
8201, 5900, 0, 0, 0
8300, 6168, 0, 0, 0
8401, 6257, 0, 0, 0
8500, 5969, 0, 0, 0
8600, 6178, 0, 0, 0
8700, 6201, 0, 0, 0
8800, 6437, 0, 0, 0
8900, 6944, 0, 0, 0
9000, 6346, 0, 0, 0
9100, 6259, 0, 0, 0
9200, 6102, 0, 0, 0
9300, 5935, 0, 0, 0
9400, 6277, 0, 0, 0
9501, 6129, 0, 0, 0
9601, 6642, 0, 0, 0
9700, 6719, 0, 0, 0
9804, 6005, 0, 0, 0
9901, 5683, 0, 0, 0
10000, 6252, 0, 0, 0
10100, 6479, 0, 0, 0
10200, 6347, 0, 0, 0
10300, 6365, 0, 0, 0
10400, 5916, 0, 0, 0
10500, 6249, 0, 0, 0
10600, 6454, 0, 0, 0
10700, 6248, 0, 0, 0
10800, 6707, 0, 0, 0
10901, 6464, 0, 0, 0
11000, 6016, 0, 0, 0
11101, 5790, 0, 0, 0
11200, 6399, 0, 0, 0
11300, 5066, 0, 0, 0
11402, 6259, 0, 0, 0
11500, 6135, 0, 0, 0
11600, 5963, 0, 0, 0
11702, 6272, 0, 0, 0
11800, 6170, 0, 0, 0
11900, 5775, 0, 0, 0
12001, 5850, 0, 0, 0
12102, 5847, 0, 0, 0
12200, 6298, 0, 0, 0
12300, 5947, 0, 0, 0
12401, 5653, 0, 0, 0
12500, 6080, 0, 0, 0
12601, 6306, 0, 0, 0
12701, 6080, 0, 0, 0
12800, 5902, 0, 0, 0
12901, 6187, 0, 0, 0
13001, 6373, 0, 0, 0
13100, 6024, 0, 0, 0
13200, 5719, 0, 0, 0
13300, 6084, 0, 0, 0
13401, 5957, 0, 0, 0
13500, 5885, 0, 0, 0
13601, 5763, 0, 0, 0
13700, 6016, 0, 0, 0
13800, 6226, 0, 0, 0
13901, 6283, 0, 0, 0
14001, 6330, 0, 0, 0
14100, 6259, 0, 0, 0
14201, 5913, 0, 0, 0
14301, 6588, 0, 0, 0
14400, 6086, 0, 0, 0
14500, 6383, 0, 0, 0
14601, 6148, 0, 0, 0
14700, 6343, 0, 0, 0
14800, 6426, 0, 0, 0
14900, 6558, 0, 0, 0
15000, 6044, 0, 0, 0
15100, 5983, 0, 0, 0
15200, 6284, 0, 0, 0
15301, 6469, 0, 0, 0
15400, 6227, 0, 0, 0
15501, 6166, 0, 0, 0
15600, 6575, 0, 0, 0
15700, 5862, 0, 0, 0
15800, 6202, 0, 0, 0
15900, 6186, 0, 0, 0
16000, 6514, 0, 0, 0
16101, 5952, 0, 0, 0
16200, 6202, 0, 0, 0
16300, 5934, 0, 0, 0
16400, 6733, 0, 0, 0
16501, 6404, 0, 0, 0
16600, 6032, 0, 0, 0
16701, 6314, 0, 0, 0
16800, 6239, 0, 0, 0
16900, 6282, 0, 0, 0
17000, 6315, 0, 0, 0
17100, 6225, 0, 0, 0
17200, 6086, 0, 0, 0
17300, 6278, 0, 0, 0
17400, 6525, 0, 0, 0
17500, 6699, 0, 0, 0
17601, 6131, 0, 0, 0
17702, 5847, 0, 0, 0
17800, 6212, 0, 0, 0
17901, 6523, 0, 0, 0
18000, 6413, 0, 0, 0
18100, 6473, 0, 0, 0
18200, 6203, 0, 0, 0
18300, 5985, 0, 0, 0
18400, 5533, 0, 0, 0
18501, 6374, 0, 0, 0
18600, 5965, 0, 0, 0
18700, 6458, 0, 0, 0
18800, 5807, 0, 0, 0
18902, 6171, 0, 0, 0
19001, 6250, 0, 0, 0
19100, 6299, 0, 0, 0
19200, 6322, 0, 0, 0
19300, 6642, 0, 0, 0
19402, 6429, 0, 0, 0
19500, 5643, 0, 0, 0
19600, 6062, 0, 0, 0
19701, 6821, 0, 0, 0
19800, 6322, 0, 0, 0
19900, 6725, 0, 0, 0
20001, 6160, 0, 0, 0
20100, 6309, 0, 0, 0
20201, 6040, 0, 0, 0
20301, 5855, 0, 0, 0
20400, 6125, 0, 0, 0
20500, 6397, 0, 0, 0
20600, 6290, 0, 0, 0
20700, 6698, 0, 0, 0
20801, 6620, 0, 0, 0
20900, 6461, 0, 0, 0
21001, 6557, 0, 0, 0
21100, 6535, 0, 0, 0
21201, 6350, 0, 0, 0
21300, 6231, 0, 0, 0
21400, 6529, 0, 0, 0
21501, 6788, 0, 0, 0
21600, 6333, 0, 0, 0
21700, 5924, 0, 0, 0
21801, 6275, 0, 0, 0
21900, 5520, 0, 0, 0
22000, 5812, 0, 0, 0
22100, 6204, 0, 0, 0
22200, 6227, 0, 0, 0
22301, 6469, 0, 0, 0
22402, 6921, 0, 0, 0
22500, 6433, 0, 0, 0
22600, 6553, 0, 0, 0
22700, 6277, 0, 0, 0
22800, 6642, 0, 0, 0
22901, 6440, 0, 0, 0
23000, 6403, 0, 0, 0
23101, 6274, 0, 0, 0
23201, 6346, 0, 0, 0
23301, 6197, 0, 0, 0
23401, 5856, 0, 0, 0
23500, 5924, 0, 0, 0
23600, 6190, 0, 0, 0
23700, 6265, 0, 0, 0
23800, 6012, 0, 0, 0
23901, 5811, 0, 0, 0
24000, 6239, 0, 0, 0
24100, 6168, 0, 0, 0
24200, 6870, 0, 0, 0
24300, 6206, 0, 0, 0
24401, 6216, 0, 0, 0
24501, 6820, 0, 0, 0
24601, 6246, 0, 0, 0
24700, 6069, 0, 0, 0
24800, 6625, 0, 0, 0
24900, 6499, 0, 0, 0
25001, 6504, 0, 0, 0
25100, 6172, 0, 0, 0
25200, 6528, 0, 0, 0
25300, 6139, 0, 0, 0
25400, 6480, 0, 0, 0
25501, 6337, 0, 0, 0
25601, 6642, 0, 0, 0
25700, 6057, 0, 0, 0
25800, 6030, 0, 0, 0
25900, 6229, 0, 0, 0
26000, 6431, 0, 0, 0
26100, 6441, 0, 0, 0
26200, 6531, 0, 0, 0
26301, 5890, 0, 0, 0
26400, 5815, 0, 0, 0
26501, 6128, 0, 0, 0
26601, 6440, 0, 0, 0
26701, 6434, 0, 0, 0
26800, 6154, 0, 0, 0
26901, 6528, 0, 0, 0
27000, 6297, 0, 0, 0
27100, 6175, 0, 0, 0
27200, 6117, 0, 0, 0
27300, 6420, 0, 0, 0
27400, 6507, 0, 0, 0
27500, 5802, 0, 0, 0
27600, 6142, 0, 0, 0
27700, 6312, 0, 0, 0
27800, 6088, 0, 0, 0
27900, 6056, 0, 0, 0
28001, 6529, 0, 0, 0
28100, 6504, 0, 0, 0
28201, 6760, 0, 0, 0
28301, 6489, 0, 0, 0
28401, 6373, 0, 0, 0
28500, 6392, 0, 0, 0
28601, 6183, 0, 0, 0
28700, 6198, 0, 0, 0
28801, 6794, 0, 0, 0
28900, 6204, 0, 0, 0
29000, 6206, 0, 0, 0
29100, 6237, 0, 0, 0
29200, 6385, 0, 0, 0
29301, 6293, 0, 0, 0
29400, 6298, 0, 0, 0
29500, 6266, 0, 0, 0
29600, 6490, 0, 0, 0
29701, 6099, 0, 0, 0
29800, 6007, 0, 0, 0
29900, 6006, 0, 0, 0
30001, 6002, 0, 0, 0
30100, 5844, 0, 0, 0
30200, 5605, 0, 0, 0
30300, 6108, 0, 0, 0
30400, 6439, 0, 0, 0
30501, 6141, 0, 0, 0
30600, 6279, 0, 0, 0
30700, 6251, 0, 0, 0
30800, 6044, 0, 0, 0
30900, 6178, 0, 0, 0
31000, 7025, 0, 0, 0
31102, 6224, 0, 0, 0
31201, 6023, 0, 0, 0
31302, 6436, 0, 0, 0
31400, 5966, 0, 0, 0
31501, 6361, 0, 0, 0
31600, 6326, 0, 0, 0
31701, 6178, 0, 0, 0
31800, 5389, 0, 0, 0
31900, 4801, 0, 0, 0
32000, 6101, 0, 0, 0
32101, 6426, 0, 0, 0
32200, 6818, 0, 0, 0
32301, 6566, 0, 0, 0
32403, 6384, 0, 0, 0
32500, 6482, 0, 0, 0
32601, 6425, 0, 0, 0
32700, 6364, 0, 0, 0
32801, 6798, 0, 0, 0
32901, 6176, 0, 0, 0
33000, 6131, 0, 0, 0
33100, 6377, 0, 0, 0
33201, 5886, 0, 0, 0
33301, 5858, 0, 0, 0
33400, 6020, 0, 0, 0
33500, 6212, 0, 0, 0
33601, 6322, 0, 0, 0
33700, 6198, 0, 0, 0
33800, 6431, 0, 0, 0
33900, 6612, 0, 0, 0
34000, 6422, 0, 0, 0
34100, 6543, 0, 0, 0
34201, 6514, 0, 0, 0
34300, 6378, 0, 0, 0
34400, 6247, 0, 0, 0
34500, 6502, 0, 0, 0
34600, 6481, 0, 0, 0
34700, 6401, 0, 0, 0
34800, 6652, 0, 0, 0
34900, 6491, 0, 0, 0
35000, 6082, 0, 0, 0
35100, 6170, 0, 0, 0
35201, 6212, 0, 0, 0
35301, 6092, 0, 0, 0
35400, 6260, 0, 0, 0
35501, 6463, 0, 0, 0
35602, 6207, 0, 0, 0
35701, 6206, 0, 0, 0
35800, 6165, 0, 0, 0
35900, 6126, 0, 0, 0
36002, 6348, 0, 0, 0
36101, 5989, 0, 0, 0
36201, 6383, 0, 0, 0
36301, 6101, 0, 0, 0
36401, 6364, 0, 0, 0
36502, 6405, 0, 0, 0
36600, 6258, 0, 0, 0
36700, 6232, 0, 0, 0
36800, 6561, 0, 0, 0
36900, 6496, 0, 0, 0
37000, 6174, 0, 0, 0
37100, 6432, 0, 0, 0
37201, 6207, 0, 0, 0
37301, 6388, 0, 0, 0
37400, 6449, 0, 0, 0
37500, 6285, 0, 0, 0
37600, 6432, 0, 0, 0
37700, 6885, 0, 0, 0
37802, 6506, 0, 0, 0
37900, 6427, 0, 0, 0
38001, 6587, 0, 0, 0
38101, 5814, 0, 0, 0
38200, 6131, 0, 0, 0
38300, 6075, 0, 0, 0
38402, 6487, 0, 0, 0
38500, 6646, 0, 0, 0
38600, 6394, 0, 0, 0
38700, 6208, 0, 0, 0
38800, 6331, 0, 0, 0
38900, 6491, 0, 0, 0
39000, 6329, 0, 0, 0
39100, 6309, 0, 0, 0
39200, 6314, 0, 0, 0
39300, 5926, 0, 0, 0
39403, 6058, 0, 0, 0
39500, 6343, 0, 0, 0
39603, 6413, 0, 0, 0
39700, 6065, 0, 0, 0
39801, 6858, 0, 0, 0
39900, 6252, 0, 0, 0
40000, 6588, 0, 0, 0
40100, 6345, 0, 0, 0
40200, 6397, 0, 0, 0
40301, 6410, 0, 0, 0
40402, 6281, 0, 0, 0
40502, 6121, 0, 0, 0
40600, 6108, 0, 0, 0
40700, 6220, 0, 0, 0
40800, 5492, 0, 0, 0
40900, 5940, 0, 0, 0
41001, 5895, 0, 0, 0
41100, 6310, 0, 0, 0
41200, 6019, 0, 0, 0
41301, 6362, 0, 0, 0
41401, 6152, 0, 0, 0
41500, 5971, 0, 0, 0
41601, 5125, 0, 0, 0
41701, 5290, 0, 0, 0
41800, 5128, 0, 0, 0
41900, 4688, 0, 0, 0
42000, 4362, 0, 0, 0
42100, 4933, 0, 0, 0
42201, 4650, 0, 0, 0
42300, 5533, 0, 0, 0
42400, 5719, 0, 0, 0
42501, 5983, 0, 0, 0
42601, 6041, 0, 0, 0
42701, 6313, 0, 0, 0
42801, 5792, 0, 0, 0
42900, 6152, 0, 0, 0
43001, 6532, 0, 0, 0
43100, 6473, 0, 0, 0
43201, 6620, 0, 0, 0
43300, 6454, 0, 0, 0
43400, 6700, 0, 0, 0
43500, 6720, 0, 0, 0
43601, 6536, 0, 0, 0
43701, 6238, 0, 0, 0
43800, 6172, 0, 0, 0
43901, 6775, 0, 0, 0
44000, 6347, 0, 0, 0
44100, 6210, 0, 0, 0
44200, 6245, 0, 0, 0
44300, 6435, 0, 0, 0
44400, 6598, 0, 0, 0
44501, 6263, 0, 0, 0
44600, 6455, 0, 0, 0
44700, 6261, 0, 0, 0
44800, 6376, 0, 0, 0
44900, 6344, 0, 0, 0
45000, 6206, 0, 0, 0
45101, 6424, 0, 0, 0
45200, 5904, 0, 0, 0
45300, 5585, 0, 0, 0
45400, 6094, 0, 0, 0
45500, 6750, 0, 0, 0
45600, 6247, 0, 0, 0
45700, 5927, 0, 0, 0
45802, 6291, 0, 0, 0
45900, 6419, 0, 0, 0
46000, 6731, 0, 0, 0
46101, 6326, 0, 0, 0
46200, 6293, 0, 0, 0
46300, 6222, 0, 0, 0
46400, 6403, 0, 0, 0
46500, 6717, 0, 0, 0
46600, 6509, 0, 0, 0
46700, 6520, 0, 0, 0
46801, 6137, 0, 0, 0
46901, 6064, 0, 0, 0
47000, 6042, 0, 0, 0
47102, 6333, 0, 0, 0
47201, 6625, 0, 0, 0
47300, 6121, 0, 0, 0
47400, 6241, 0, 0, 0
47501, 6312, 0, 0, 0
47600, 6410, 0, 0, 0
47700, 6308, 0, 0, 0
47800, 6086, 0, 0, 0
47901, 6249, 0, 0, 0
48001, 6321, 0, 0, 0
48100, 6236, 0, 0, 0
48201, 6598, 0, 0, 0
48300, 6684, 0, 0, 0
48400, 6145, 0, 0, 0
48500, 6037, 0, 0, 0
48600, 5950, 0, 0, 0
48701, 6142, 0, 0, 0
48800, 6779, 0, 0, 0
48900, 6226, 0, 0, 0
49001, 6772, 0, 0, 0
49100, 6204, 0, 0, 0
49200, 6456, 0, 0, 0
49300, 6281, 0, 0, 0
49400, 6178, 0, 0, 0
49501, 6398, 0, 0, 0
49600, 6377, 0, 0, 0
49700, 6092, 0, 0, 0
49800, 6054, 0, 0, 0
49900, 6016, 0, 0, 0
50001, 5935, 0, 0, 0
50100, 6174, 0, 0, 0
50201, 6425, 0, 0, 0
50300, 5842, 0, 0, 0
50400, 6140, 0, 0, 0
50500, 6519, 0, 0, 0
50600, 6350, 0, 0, 0
50700, 6093, 0, 0, 0
50801, 6185, 0, 0, 0
50900, 6291, 0, 0, 0
51000, 6458, 0, 0, 0
51100, 6431, 0, 0, 0
51200, 6630, 0, 0, 0
51302, 6870, 0, 0, 0
51400, 6763, 0, 0, 0
51500, 6157, 0, 0, 0
51601, 6420, 0, 0, 0
51702, 6265, 0, 0, 0
51800, 6454, 0, 0, 0
51900, 6373, 0, 0, 0
52000, 6158, 0, 0, 0
52100, 6223, 0, 0, 0
52200, 6179, 0, 0, 0
52300, 6519, 0, 0, 0
52401, 6329, 0, 0, 0
52500, 6566, 0, 0, 0
52600, 6299, 0, 0, 0
52700, 5999, 0, 0, 0
52801, 6324, 0, 0, 0
52900, 6302, 0, 0, 0
53000, 6810, 0, 0, 0
53100, 6554, 0, 0, 0
53201, 6220, 0, 0, 0
53301, 6099, 0, 0, 0
53400, 6065, 0, 0, 0
53500, 5861, 0, 0, 0
53600, 6223, 0, 0, 0
53701, 6260, 0, 0, 0
53800, 5986, 0, 0, 0
53900, 6282, 0, 0, 0
54000, 6583, 0, 0, 0
54101, 6250, 0, 0, 0
54200, 6060, 0, 0, 0
54300, 5903, 0, 0, 0
54400, 6384, 0, 0, 0
54501, 6374, 0, 0, 0
54600, 6388, 0, 0, 0
54700, 6231, 0, 0, 0
54801, 6483, 0, 0, 0
54900, 6521, 0, 0, 0
55000, 6733, 0, 0, 0
55100, 6216, 0, 0, 0
55200, 6588, 0, 0, 0
55300, 6711, 0, 0, 0
55400, 6273, 0, 0, 0
55500, 6472, 0, 0, 0
55600, 6641, 0, 0, 0
55700, 6316, 0, 0, 0
55800, 6549, 0, 0, 0
55900, 6006, 0, 0, 0
56000, 6078, 0, 0, 0
56100, 6236, 0, 0, 0
56200, 6330, 0, 0, 0
56301, 6339, 0, 0, 0
56400, 6268, 0, 0, 0
56500, 6180, 0, 0, 0
56600, 6546, 0, 0, 0
56700, 6273, 0, 0, 0
56801, 6132, 0, 0, 0
56901, 6152, 0, 0, 0
57000, 6393, 0, 0, 0
57100, 6245, 0, 0, 0
57200, 5994, 0, 0, 0
57300, 5832, 0, 0, 0
57401, 6081, 0, 0, 0
57501, 6072, 0, 0, 0
57600, 6063, 0, 0, 0
57700, 6185, 0, 0, 0
57800, 6027, 0, 0, 0
57900, 6101, 0, 0, 0
58000, 6146, 0, 0, 0
58100, 5844, 0, 0, 0
58201, 6465, 0, 0, 0
58300, 6139, 0, 0, 0
58400, 5893, 0, 0, 0
58500, 6338, 0, 0, 0
58600, 6381, 0, 0, 0
58700, 6108, 0, 0, 0
58801, 6136, 0, 0, 0
58902, 6131, 0, 0, 0
59000, 6319, 0, 0, 0
59100, 5997, 0, 0, 0
59200, 6414, 0, 0, 0
59300, 6432, 0, 0, 0
59400, 6506, 0, 0, 0
59501, 7051, 0, 0, 0
59600, 6654, 0, 0, 0
59701, 6149, 0, 0, 0
59801, 6587, 0, 0, 0
59900, 6322, 0, 0, 0
60000, 6580, 0, 0, 0
