100, 5558, 0, 0, 0
200, 5129, 0, 0, 0
300, 5439, 0, 0, 0
400, 4968, 0, 0, 0
500, 4938, 0, 0, 0
600, 4618, 0, 0, 0
701, 5529, 0, 0, 0
800, 4933, 0, 0, 0
900, 4788, 0, 0, 0
1001, 4859, 0, 0, 0
1100, 4859, 0, 0, 0
1200, 4747, 0, 0, 0
1300, 4953, 0, 0, 0
1401, 5219, 0, 0, 0
1500, 4457, 0, 0, 0
1601, 5183, 0, 0, 0
1701, 5005, 0, 0, 0
1801, 4805, 0, 0, 0
1900, 4010, 0, 0, 0
2000, 4418, 0, 0, 0
2101, 5046, 0, 0, 0
2200, 5663, 0, 0, 0
2300, 5710, 0, 0, 0
2401, 5446, 0, 0, 0
2500, 6098, 0, 0, 0
2601, 5624, 0, 0, 0
2700, 5404, 0, 0, 0
2801, 4555, 0, 0, 0
2901, 5792, 0, 0, 0
3000, 5540, 0, 0, 0
3101, 4997, 0, 0, 0
3200, 5152, 0, 0, 0
3300, 5172, 0, 0, 0
3400, 4883, 0, 0, 0
3501, 4523, 0, 0, 0
3600, 4651, 0, 0, 0
3700, 4394, 0, 0, 0
3800, 4395, 0, 0, 0
3900, 4320, 0, 0, 0
4001, 5138, 0, 0, 0
4100, 4750, 0, 0, 0
4201, 4538, 0, 0, 0
4300, 4478, 0, 0, 0
4400, 4846, 0, 0, 0
4500, 4445, 0, 0, 0
4600, 4388, 0, 0, 0
4701, 4315, 0, 0, 0
4801, 4428, 0, 0, 0
4901, 4640, 0, 0, 0
5000, 4289, 0, 0, 0
5100, 4248, 0, 0, 0
5201, 5133, 0, 0, 0
5300, 5306, 0, 0, 0
5400, 5193, 0, 0, 0
5501, 5249, 0, 0, 0
5600, 4415, 0, 0, 0
5700, 5104, 0, 0, 0
5801, 5179, 0, 0, 0
5900, 5258, 0, 0, 0
6001, 4835, 0, 0, 0
6100, 4938, 0, 0, 0
6200, 4850, 0, 0, 0
6301, 3905, 0, 0, 0
6401, 4229, 0, 0, 0
6500, 4788, 0, 0, 0
6600, 5410, 0, 0, 0
6700, 5250, 0, 0, 0
6800, 4447, 0, 0, 0
6900, 4746, 0, 0, 0
7000, 5171, 0, 0, 0
7101, 5588, 0, 0, 0
7200, 5163, 0, 0, 0
7301, 4880, 0, 0, 0
7400, 4619, 0, 0, 0
7500, 4898, 0, 0, 0
7600, 4840, 0, 0, 0
7700, 5229, 0, 0, 0
7800, 4859, 0, 0, 0
7900, 4676, 0, 0, 0
8001, 4988, 0, 0, 0
8100, 4791, 0, 0, 0
8202, 5232, 0, 0, 0
8301, 4818, 0, 0, 0
8401, 4263, 0, 0, 0
8500, 3741, 0, 0, 0
8600, 3554, 0, 0, 0
8700, 4409, 0, 0, 0
8800, 4261, 0, 0, 0
8900, 5167, 0, 0, 0
9001, 5377, 0, 0, 0
9101, 4224, 0, 0, 0
9201, 5739, 0, 0, 0
9300, 4367, 0, 0, 0
9400, 4396, 0, 0, 0
9501, 3169, 0, 0, 0
9600, 3378, 0, 0, 0
9700, 4234, 0, 0, 0
9800, 4253, 0, 0, 0
9900, 4509, 0, 0, 0
10000, 4499, 0, 0, 0
10101, 4217, 0, 0, 0
10201, 4542, 0, 0, 0
10301, 4086, 0, 0, 0
10400, 4232, 0, 0, 0
10500, 3943, 0, 0, 0
10600, 4026, 0, 0, 0
10701, 4346, 0, 0, 0
10800, 3979, 0, 0, 0
10900, 3580, 0, 0, 0
11001, 4010, 0, 0, 0
11100, 3979, 0, 0, 0
11200, 3864, 0, 0, 0
11300, 3279, 0, 0, 0
11400, 3335, 0, 0, 0
11500, 3558, 0, 0, 0
11600, 3918, 0, 0, 0
11700, 4030, 0, 0, 0
11800, 3915, 0, 0, 0
11900, 3806, 0, 0, 0
12001, 3670, 0, 0, 0
12100, 4128, 0, 0, 0
12200, 4105, 0, 0, 0
12301, 4184, 0, 0, 0
12401, 3981, 0, 0, 0
12501, 4616, 0, 0, 0
12600, 4393, 0, 0, 0
12701, 4518, 0, 0, 0
12800, 4284, 0, 0, 0
12900, 4630, 0, 0, 0
13001, 4489, 0, 0, 0
13100, 4289, 0, 0, 0
13200, 3211, 0, 0, 0
13301, 3651, 0, 0, 0
13401, 3830, 0, 0, 0
13500, 3812, 0, 0, 0
13600, 3994, 0, 0, 0
13700, 4362, 0, 0, 0
13800, 4244, 0, 0, 0
13900, 4298, 0, 0, 0
14001, 4472, 0, 0, 0
14101, 4542, 0, 0, 0
14201, 4023, 0, 0, 0
14301, 4435, 0, 0, 0
14400, 3920, 0, 0, 0
14501, 4974, 0, 0, 0
14601, 4435, 0, 0, 0
14701, 4383, 0, 0, 0
14801, 4654, 0, 0, 0
14901, 4070, 0, 0, 0
15001, 4020, 0, 0, 0
15100, 4923, 0, 0, 0
15201, 3993, 0, 0, 0
15300, 3686, 0, 0, 0
15400, 4756, 0, 0, 0
15500, 5028, 0, 0, 0
15601, 4684, 0, 0, 0
15700, 4362, 0, 0, 0
15800, 4477, 0, 0, 0
15901, 4652, 0, 0, 0
16001, 5022, 0, 0, 0
16100, 4883, 0, 0, 0
16200, 4838, 0, 0, 0
16300, 4939, 0, 0, 0
16402, 4748, 0, 0, 0
16500, 4660, 0, 0, 0
16600, 4746, 0, 0, 0
16700, 4637, 0, 0, 0
16801, 4822, 0, 0, 0
16900, 4947, 0, 0, 0
17000, 4997, 0, 0, 0
17100, 4725, 0, 0, 0
17200, 4696, 0, 0, 0
17300, 3842, 0, 0, 0
17401, 3991, 0, 0, 0
17500, 4037, 0, 0, 0
17601, 3923, 0, 0, 0
17700, 4047, 0, 0, 0
17801, 3594, 0, 0, 0
17901, 3743, 0, 0, 0
18001, 4022, 0, 0, 0
18101, 3758, 0, 0, 0
18200, 3704, 0, 0, 0
18300, 3781, 0, 0, 0
18400, 3802, 0, 0, 0
18501, 3893, 0, 0, 0
18600, 4156, 0, 0, 0
18700, 3865, 0, 0, 0
18801, 3828, 0, 0, 0
18901, 3778, 0, 0, 0
19001, 4494, 0, 0, 0
19100, 3690, 0, 0, 0
19200, 3471, 0, 0, 0
19300, 3178, 0, 0, 0
19400, 4076, 0, 0, 0
19501, 4117, 0, 0, 0
19601, 3548, 0, 0, 0
19701, 3809, 0, 0, 0
19800, 3463, 0, 0, 0
19901, 3891, 0, 0, 0
20001, 3862, 0, 0, 0
20100, 3834, 0, 0, 0
20200, 4094, 0, 0, 0
20301, 3638, 0, 0, 0
20401, 3900, 0, 0, 0
20500, 4258, 0, 0, 0
20600, 3575, 0, 0, 0
20700, 4588, 0, 0, 0
20800, 4807, 0, 0, 0
20901, 4611, 0, 0, 0
21001, 4699, 0, 0, 0
21100, 3854, 0, 0, 0
21200, 4183, 0, 0, 0
21301, 3552, 0, 0, 0
21400, 4703, 0, 0, 0
21500, 4843, 0, 0, 0
21601, 4529, 0, 0, 0
21701, 5197, 0, 0, 0
21800, 4883, 0, 0, 0
21901, 4287, 0, 0, 0
22000, 5368, 0, 0, 0
22100, 4767, 0, 0, 0
22200, 4603, 0, 0, 0
22302, 4847, 0, 0, 0
22400, 4838, 0, 0, 0
22500, 4618, 0, 0, 0
22600, 4930, 0, 0, 0
22700, 4789, 0, 0, 0
22800, 4479, 0, 0, 0
22900, 4587, 0, 0, 0
23000, 5028, 0, 0, 0
23100, 4671, 0, 0, 0
23200, 4217, 0, 0, 0
23301, 3874, 0, 0, 0
23400, 3683, 0, 0, 0
23500, 4287, 0, 0, 0
23600, 5025, 0, 0, 0
23700, 4913, 0, 0, 0
23800, 4375, 0, 0, 0
23900, 4948, 0, 0, 0
24000, 5126, 0, 0, 0
24100, 4785, 0, 0, 0
24201, 5606, 0, 0, 0
24300, 5721, 0, 0, 0
24400, 5547, 0, 0, 0
24501, 5591, 0, 0, 0
24600, 5473, 0, 0, 0
24700, 5497, 0, 0, 0
24800, 5831, 0, 0, 0
24901, 5005, 0, 0, 0
25001, 5352, 0, 0, 0
25100, 5621, 0, 0, 0
25200, 5059, 0, 0, 0
25301, 4702, 0, 0, 0
25400, 5443, 0, 0, 0
25500, 5277, 0, 0, 0
25600, 5714, 0, 0, 0
25700, 5509, 0, 0, 0
25801, 5430, 0, 0, 0
25900, 5556, 0, 0, 0
26000, 4981, 0, 0, 0
26100, 5191, 0, 0, 0
26200, 5372, 0, 0, 0
26301, 5372, 0, 0, 0
26400, 5463, 0, 0, 0
26501, 5469, 0, 0, 0
26601, 5466, 0, 0, 0
26700, 5398, 0, 0, 0
26800, 5211, 0, 0, 0
26900, 5355, 0, 0, 0
27001, 5482, 0, 0, 0
27100, 5840, 0, 0, 0
27200, 5389, 0, 0, 0
27300, 4080, 0, 0, 0
27401, 4271, 0, 0, 0
27501, 4053, 0, 0, 0
27600, 4706, 0, 0, 0
27700, 4370, 0, 0, 0
27800, 5273, 0, 0, 0
27901, 4539, 0, 0, 0
28000, 4507, 0, 0, 0
28101, 4847, 0, 0, 0
28201, 4216, 0, 0, 0
28300, 4638, 0, 0, 0
28400, 5179, 0, 0, 0
28500, 5206, 0, 0, 0
28601, 4387, 0, 0, 0
28700, 4197, 0, 0, 0
28801, 4731, 0, 0, 0
28900, 4437, 0, 0, 0
29001, 5269, 0, 0, 0
29100, 4188, 0, 0, 0
29200, 4374, 0, 0, 0
29300, 4437, 0, 0, 0
29400, 4408, 0, 0, 0
29500, 3940, 0, 0, 0
29600, 3840, 0, 0, 0
29700, 4237, 0, 0, 0
29800, 4319, 0, 0, 0
29901, 4412, 0, 0, 0
30000, 4348, 0, 0, 0
30101, 4571, 0, 0, 0
30200, 4106, 0, 0, 0
30301, 4246, 0, 0, 0
30400, 4168, 0, 0, 0
30500, 3709, 0, 0, 0
30600, 4130, 0, 0, 0
30700, 4655, 0, 0, 0
30800, 4722, 0, 0, 0
30901, 4781, 0, 0, 0
31000, 5268, 0, 0, 0
31100, 3738, 0, 0, 0
31201, 3834, 0, 0, 0
31300, 4054, 0, 0, 0
31400, 4219, 0, 0, 0
31500, 4221, 0, 0, 0
31601, 3923, 0, 0, 0
31701, 3904, 0, 0, 0
31801, 4123, 0, 0, 0
31900, 4213, 0, 0, 0
32000, 4484, 0, 0, 0
32101, 4548, 0, 0, 0
32200, 4393, 0, 0, 0
32300, 4617, 0, 0, 0
32400, 4695, 0, 0, 0
32500, 4249, 0, 0, 0
32601, 4300, 0, 0, 0
32700, 4506, 0, 0, 0
32801, 4485, 0, 0, 0
32900, 4751, 0, 0, 0
33000, 4934, 0, 0, 0
33100, 4458, 0, 0, 0
33201, 4470, 0, 0, 0
33301, 4965, 0, 0, 0
33400, 3904, 0, 0, 0
33500, 4136, 0, 0, 0
33600, 4592, 0, 0, 0
33701, 4381, 0, 0, 0
33800, 4870, 0, 0, 0
33900, 4347, 0, 0, 0
34001, 4237, 0, 0, 0
34100, 3832, 0, 0, 0
34200, 3826, 0, 0, 0
34301, 4614, 0, 0, 0
34400, 3788, 0, 0, 0
34501, 4885, 0, 0, 0
34600, 4680, 0, 0, 0
34700, 5093, 0, 0, 0
34800, 4623, 0, 0, 0
34900, 4721, 0, 0, 0
35001, 4611, 0, 0, 0
35101, 4922, 0, 0, 0
35201, 4961, 0, 0, 0
35301, 4867, 0, 0, 0
35401, 5072, 0, 0, 0
35501, 4973, 0, 0, 0
35601, 4701, 0, 0, 0
35700, 4458, 0, 0, 0
35800, 4449, 0, 0, 0
35900, 5217, 0, 0, 0
36000, 4375, 0, 0, 0
36101, 4147, 0, 0, 0
36201, 4759, 0, 0, 0
36300, 3736, 0, 0, 0
36400, 4308, 0, 0, 0
36500, 4727, 0, 0, 0
36600, 4553, 0, 0, 0
36700, 4342, 0, 0, 0
36801, 5134, 0, 0, 0
36901, 5020, 0, 0, 0
37000, 4945, 0, 0, 0
37100, 5141, 0, 0, 0
37201, 5233, 0, 0, 0
37300, 5672, 0, 0, 0
37401, 5875, 0, 0, 0
37500, 6012, 0, 0, 0
37600, 5526, 0, 0, 0
37700, 5440, 0, 0, 0
37800, 5426, 0, 0, 0
37900, 4893, 0, 0, 0
38000, 4746, 0, 0, 0
38100, 4922, 0, 0, 0
38200, 5337, 0, 0, 0
38300, 5311, 0, 0, 0
38400, 4853, 0, 0, 0
38500, 5104, 0, 0, 0
38600, 5827, 0, 0, 0
38701, 5569, 0, 0, 0
38800, 6382, 0, 0, 0
38900, 6107, 0, 0, 0
39000, 4925, 0, 0, 0
39100, 4211, 0, 0, 0
39200, 5028, 0, 0, 0
39300, 5981, 0, 0, 0
39400, 5608, 0, 0, 0
39501, 5162, 0, 0, 0
39600, 5528, 0, 0, 0
39701, 5167, 0, 0, 0
39800, 5059, 0, 0, 0
39900, 4685, 0, 0, 0
40001, 4533, 0, 0, 0
40100, 4673, 0, 0, 0
40201, 3707, 0, 0, 0
40300, 5097, 0, 0, 0
40401, 5474, 0, 0, 0
40500, 5209, 0, 0, 0
40600, 4628, 0, 0, 0
40701, 3881, 0, 0, 0
40800, 4620, 0, 0, 0
40900, 4479, 0, 0, 0
41000, 4448, 0, 0, 0
41100, 4276, 0, 0, 0
41200, 4339, 0, 0, 0
41300, 4096, 0, 0, 0
41400, 4288, 0, 0, 0
41501, 5303, 0, 0, 0
41601, 6096, 0, 0, 0
41700, 6186, 0, 0, 0
41800, 5509, 0, 0, 0
41900, 5540, 0, 0, 0
42000, 5634, 0, 0, 0
42100, 5723, 0, 0, 0
42200, 5320, 0, 0, 0
42301, 5775, 0, 0, 0
42401, 6022, 0, 0, 0
42500, 5720, 0, 0, 0
42600, 4847, 0, 0, 0
42700, 4113, 0, 0, 0
42800, 4016, 0, 0, 0
42901, 4637, 0, 0, 0
43001, 4484, 0, 0, 0
43100, 5320, 0, 0, 0
43200, 5790, 0, 0, 0
43300, 4614, 0, 0, 0
43400, 5167, 0, 0, 0
43501, 5407, 0, 0, 0
43600, 4569, 0, 0, 0
43700, 4990, 0, 0, 0
43800, 5170, 0, 0, 0
43901, 4740, 0, 0, 0
44001, 3467, 0, 0, 0
44100, 4616, 0, 0, 0
44201, 4728, 0, 0, 0
44300, 4742, 0, 0, 0
44401, 5021, 0, 0, 0
44500, 4740, 0, 0, 0
44600, 5515, 0, 0, 0
44700, 4485, 0, 0, 0
44800, 4689, 0, 0, 0
44900, 3906, 0, 0, 0
45000, 4178, 0, 0, 0
45100, 4302, 0, 0, 0
45200, 3955, 0, 0, 0
45300, 3208, 0, 0, 0
45400, 4272, 0, 0, 0
45501, 4293, 0, 0, 0
45600, 4965, 0, 0, 0
45701, 4747, 0, 0, 0
45801, 4125, 0, 0, 0
45900, 4225, 0, 0, 0
46001, 3882, 0, 0, 0
46100, 4503, 0, 0, 0
46201, 4448, 0, 0, 0
46300, 3183, 0, 0, 0
46400, 4173, 0, 0, 0
46500, 4865, 0, 0, 0
46600, 4917, 0, 0, 0
46701, 4003, 0, 0, 0
46800, 4466, 0, 0, 0
46901, 4867, 0, 0, 0
47001, 4214, 0, 0, 0
47101, 4182, 0, 0, 0
47200, 3564, 0, 0, 0
47301, 3979, 0, 0, 0
47401, 4311, 0, 0, 0
47500, 4359, 0, 0, 0
47600, 3853, 0, 0, 0
47700, 4978, 0, 0, 0
47801, 3859, 0, 0, 0
47900, 5148, 0, 0, 0
48001, 4796, 0, 0, 0
48100, 4643, 0, 0, 0
48200, 4921, 0, 0, 0
48301, 3695, 0, 0, 0
48400, 3424, 0, 0, 0
48501, 3592, 0, 0, 0
48601, 4671, 0, 0, 0
48701, 3909, 0, 0, 0
48800, 5517, 0, 0, 0
48900, 5278, 0, 0, 0
49000, 5851, 0, 0, 0
49101, 5648, 0, 0, 0
49200, 5210, 0, 0, 0
49300, 5310, 0, 0, 0
49401, 5376, 0, 0, 0
49501, 4890, 0, 0, 0
49601, 5000, 0, 0, 0
49701, 4169, 0, 0, 0
49800, 4362, 0, 0, 0
49900, 4669, 0, 0, 0
50001, 4545, 0, 0, 0
50100, 4970, 0, 0, 0
50201, 4235, 0, 0, 0
50301, 4875, 0, 0, 0
50400, 4960, 0, 0, 0
50500, 4421, 0, 0, 0
50600, 5243, 0, 0, 0
50701, 4860, 0, 0, 0
50800, 4495, 0, 0, 0
50900, 4579, 0, 0, 0
51000, 4468, 0, 0, 0
51100, 4716, 0, 0, 0
51200, 4486, 0, 0, 0
51300, 3566, 0, 0, 0
51400, 3737, 0, 0, 0
51501, 5074, 0, 0, 0
51600, 5714, 0, 0, 0
51700, 5198, 0, 0, 0
51800, 5607, 0, 0, 0
51901, 5165, 0, 0, 0
52002, 4757, 0, 0, 0
52101, 5092, 0, 0, 0
52200, 5447, 0, 0, 0
52300, 4622, 0, 0, 0
52400, 4831, 0, 0, 0
52501, 5134, 0, 0, 0
52601, 4721, 0, 0, 0
52701, 4170, 0, 0, 0
52800, 4595, 0, 0, 0
52900, 4750, 0, 0, 0
53001, 5514, 0, 0, 0
53100, 4858, 0, 0, 0
53200, 5743, 0, 0, 0
53301, 5799, 0, 0, 0
53400, 5174, 0, 0, 0
53501, 4479, 0, 0, 0
53601, 4866, 0, 0, 0
53701, 5528, 0, 0, 0
53800, 5463, 0, 0, 0
53900, 5232, 0, 0, 0
54000, 5437, 0, 0, 0
54100, 5016, 0, 0, 0
54200, 4425, 0, 0, 0
54301, 4992, 0, 0, 0
54400, 3987, 0, 0, 0
54501, 4689, 0, 0, 0
54600, 5271, 0, 0, 0
54701, 5045, 0, 0, 0
54801, 5092, 0, 0, 0
54900, 4346, 0, 0, 0
55000, 4892, 0, 0, 0
55101, 3741, 0, 0, 0
55201, 3711, 0, 0, 0
55300, 4218, 0, 0, 0
55400, 4167, 0, 0, 0
55500, 4389, 0, 0, 0
55600, 4494, 0, 0, 0
55701, 4685, 0, 0, 0
55800, 4729, 0, 0, 0
55900, 3964, 0, 0, 0
56000, 4003, 0, 0, 0
56101, 3447, 0, 0, 0
56201, 3970, 0, 0, 0
56300, 4314, 0, 0, 0
56400, 4929, 0, 0, 0
56500, 4487, 0, 0, 0
56600, 4886, 0, 0, 0
56701, 5140, 0, 0, 0
56800, 4564, 0, 0, 0
56900, 5143, 0, 0, 0
57000, 4935, 0, 0, 0
57100, 5030, 0, 0, 0
57200, 4891, 0, 0, 0
57300, 4613, 0, 0, 0
57400, 4219, 0, 0, 0
57500, 4960, 0, 0, 0
57601, 5049, 0, 0, 0
57700, 5513, 0, 0, 0
57800, 4827, 0, 0, 0
57900, 4503, 0, 0, 0
58001, 4683, 0, 0, 0
58100, 4516, 0, 0, 0
58200, 4084, 0, 0, 0
58301, 4417, 0, 0, 0
58400, 4463, 0, 0, 0
58500, 4264, 0, 0, 0
58600, 4047, 0, 0, 0
58701, 4025, 0, 0, 0
58800, 4313, 0, 0, 0
58900, 4130, 0, 0, 0
59001, 4672, 0, 0, 0
59101, 5190, 0, 0, 0
59200, 4696, 0, 0, 0
59301, 3670, 0, 0, 0
59400, 4491, 0, 0, 0
59501, 4151, 0, 0, 0
59601, 3654, 0, 0, 0
59700, 3905, 0, 0, 0
59800, 4458, 0, 0, 0
59900, 4434, 0, 0, 0
60000, 4443, 0, 0, 0
