250, 428, 0, 0, 0
350, 410, 0, 0, 0
450, 410, 0, 0, 0
550, 470, 0, 0, 0
650, 420, 0, 0, 0
749, 363, 0, 0, 0
849, 440, 0, 0, 0
949, 400, 0, 0, 0
1049, 410, 0, 0, 0
1149, 380, 0, 0, 0
1249, 410, 0, 0, 0
1349, 420, 0, 0, 0
1449, 450, 0, 0, 0
1550, 410, 0, 0, 0
1650, 410, 0, 0, 0
1749, 363, 0, 0, 0
1849, 460, 0, 0, 0
1949, 410, 0, 0, 0
2049, 410, 0, 0, 0
2149, 440, 0, 0, 0
2249, 400, 0, 0, 0
2349, 420, 0, 0, 0
2449, 380, 0, 0, 0
2549, 390, 0, 0, 0
2649, 390, 0, 0, 0
2750, 440, 0, 0, 0
2850, 390, 0, 0, 0
2950, 420, 0, 0, 0
3050, 410, 0, 0, 0
3150, 390, 0, 0, 0
3249, 393, 0, 0, 0
3349, 420, 0, 0, 0
3449, 420, 0, 0, 0
3549, 410, 0, 0, 0
3649, 410, 0, 0, 0
3749, 390, 0, 0, 0
3849, 390, 0, 0, 0
3949, 400, 0, 0, 0
4050, 400, 0, 0, 0
4150, 400, 0, 0, 0
4249, 414, 0, 0, 0
4349, 450, 0, 0, 0
4449, 450, 0, 0, 0
4549, 420, 0, 0, 0
4649, 420, 0, 0, 0
4749, 400, 0, 0, 0
4849, 430, 0, 0, 0
4949, 400, 0, 0, 0
5049, 430, 0, 0, 0
5149, 420, 0, 0, 0
5249, 400, 0, 0, 0
5349, 390, 0, 0, 0
5450, 390, 0, 0, 0
5550, 480, 0, 0, 0
5650, 450, 0, 0, 0
5749, 393, 0, 0, 0
5849, 450, 0, 0, 0
5949, 460, 0, 0, 0
6049, 440, 0, 0, 0
6149, 420, 0, 0, 0
6249, 390, 0, 0, 0
6349, 440, 0, 0, 0
6449, 410, 0, 0, 0
6549, 440, 0, 0, 0
6650, 420, 0, 0, 0
6750, 380, 0, 0, 0
6850, 380, 0, 0, 0
6950, 400, 0, 0, 0
7050, 380, 0, 0, 0
7150, 400, 0, 0, 0
7249, 404, 0, 0, 0
7349, 360, 0, 0, 0
7449, 410, 0, 0, 0
7549, 410, 0, 0, 0
7649, 410, 0, 0, 0
7749, 450, 0, 0, 0
7849, 440, 0, 0, 0
7949, 440, 0, 0, 0
8050, 480, 0, 0, 0
8150, 440, 0, 0, 0
8249, 404, 0, 0, 0
8349, 460, 0, 0, 0
8449, 420, 0, 0, 0
8549, 420, 0, 0, 0
8649, 430, 0, 0, 0
8749, 440, 0, 0, 0
8849, 400, 0, 0, 0
8949, 420, 0, 0, 0
9050, 400, 0, 0, 0
9150, 460, 0, 0, 0
9249, 434, 0, 0, 0
9349, 410, 0, 0, 0
9449, 390, 0, 0, 0
9549, 390, 0, 0, 0
9649, 410, 0, 0, 0
9749, 380, 0, 0, 0
9849, 380, 0, 0, 0
9949, 410, 0, 0, 0
10049, 420, 0, 0, 0
10149, 440, 0, 0, 0
10250, 380, 0, 0, 0
10350, 410, 0, 0, 0
10450, 390, 0, 0, 0
10550, 440, 0, 0, 0
10650, 410, 0, 0, 0
10749, 444, 0, 0, 0
10849, 380, 0, 0, 0
10949, 390, 0, 0, 0
11049, 450, 0, 0, 0
11149, 360, 0, 0, 0
11249, 380, 0, 0, 0
11349, 390, 0, 0, 0
11449, 430, 0, 0, 0
11549, 400, 0, 0, 0
11650, 400, 0, 0, 0
11749, 383, 0, 0, 0
11849, 420, 0, 0, 0
11949, 380, 0, 0, 0
12049, 410, 0, 0, 0
12149, 370, 0, 0, 0
12249, 400, 0, 0, 0
12349, 380, 0, 0, 0
12449, 420, 0, 0, 0
12549, 390, 0, 0, 0
12649, 400, 0, 0, 0
12749, 410, 0, 0, 0
12849, 420, 0, 0, 0
12949, 380, 0, 0, 0
13050, 370, 0, 0, 0
13150, 420, 0, 0, 0
13249, 424, 0, 0, 0
13349, 430, 0, 0, 0
13449, 460, 0, 0, 0
13549, 430, 0, 0, 0
13649, 380, 0, 0, 0
13749, 470, 0, 0, 0
13849, 410, 0, 0, 0
13949, 400, 0, 0, 0
14049, 410, 0, 0, 0
14149, 440, 0, 0, 0
14249, 380, 0, 0, 0
14349, 430, 0, 0, 0
14450, 440, 0, 0, 0
14550, 390, 0, 0, 0
14650, 440, 0, 0, 0
14749, 393, 0, 0, 0
14849, 410, 0, 0, 0
14949, 380, 0, 0, 0
15049, 410, 0, 0, 0
15149, 410, 0, 0, 0
15249, 390, 0, 0, 0
15349, 410, 0, 0, 0
15449, 410, 0, 0, 0
15549, 410, 0, 0, 0
15649, 420, 0, 0, 0
15750, 400, 0, 0, 0
15850, 420, 0, 0, 0
15950, 420, 0, 0, 0
16050, 380, 0, 0, 0
16150, 400, 0, 0, 0
16249, 434, 0, 0, 0
16349, 430, 0, 0, 0
16449, 470, 0, 0, 0
16549, 410, 0, 0, 0
16649, 450, 0, 0, 0
16749, 400, 0, 0, 0
16849, 430, 0, 0, 0
16949, 410, 0, 0, 0
17050, 390, 0, 0, 0
17150, 370, 0, 0, 0
17249, 414, 0, 0, 0
17349, 420, 0, 0, 0
17449, 390, 0, 0, 0
17549, 470, 0, 0, 0
17649, 420, 0, 0, 0
17749, 410, 0, 0, 0
17849, 420, 0, 0, 0
17949, 390, 0, 0, 0
18049, 460, 0, 0, 0
18149, 410, 0, 0, 0
18249, 370, 0, 0, 0
18349, 430, 0, 0, 0
18449, 390, 0, 0, 0
18550, 400, 0, 0, 0
18650, 410, 0, 0, 0
18749, 464, 0, 0, 0
18849, 390, 0, 0, 0
18949, 370, 0, 0, 0
19049, 390, 0, 0, 0
19149, 400, 0, 0, 0
19249, 390, 0, 0, 0
19349, 410, 0, 0, 0
19449, 420, 0, 0, 0
19549, 400, 0, 0, 0
19649, 400, 0, 0, 0
19749, 360, 0, 0, 0
19850, 410, 0, 0, 0
19950, 360, 0, 0, 0
20050, 390, 0, 0, 0
20150, 420, 0, 0, 0
20249, 404, 0, 0, 0
20349, 370, 0, 0, 0
20449, 410, 0, 0, 0
20549, 400, 0, 0, 0
20649, 420, 0, 0, 0
20749, 390, 0, 0, 0
20849, 400, 0, 0, 0
20949, 400, 0, 0, 0
21049, 430, 0, 0, 0
21149, 430, 0, 0, 0
21250, 430, 0, 0, 0
21350, 420, 0, 0, 0
21450, 460, 0, 0, 0
21550, 400, 0, 0, 0
21650, 410, 0, 0, 0
21749, 373, 0, 0, 0
21849, 400, 0, 0, 0
21949, 410, 0, 0, 0
22049, 370, 0, 0, 0
22149, 380, 0, 0, 0
22249, 470, 0, 0, 0
22349, 390, 0, 0, 0
22449, 380, 0, 0, 0
22550, 440, 0, 0, 0
22650, 380, 0, 0, 0
22749, 383, 0, 0, 0
22849, 460, 0, 0, 0
22949, 430, 0, 0, 0
23049, 440, 0, 0, 0
23149, 400, 0, 0, 0
23249, 420, 0, 0, 0
23349, 390, 0, 0, 0
23449, 400, 0, 0, 0
23549, 420, 0, 0, 0
23649, 400, 0, 0, 0
23749, 410, 0, 0, 0
23849, 480, 0, 0, 0
23950, 400, 0, 0, 0
24050, 400, 0, 0, 0
24150, 380, 0, 0, 0
24249, 464, 0, 0, 0
24349, 420, 0, 0, 0
24449, 380, 0, 0, 0
24549, 400, 0, 0, 0
24649, 370, 0, 0, 0
24749, 370, 0, 0, 0
24849, 380, 0, 0, 0
24949, 430, 0, 0, 0
25049, 410, 0, 0, 0
25149, 400, 0, 0, 0
25249, 420, 0, 0, 0
25350, 430, 0, 0, 0
25450, 390, 0, 0, 0
25550, 390, 0, 0, 0
25650, 480, 0, 0, 0
25749, 424, 0, 0, 0
25849, 430, 0, 0, 0
25949, 480, 0, 0, 0
26049, 390, 0, 0, 0
26149, 390, 0, 0, 0
26249, 400, 0, 0, 0
26349, 430, 0, 0, 0
26449, 410, 0, 0, 0
26549, 410, 0, 0, 0
26649, 400, 0, 0, 0
26750, 400, 0, 0, 0
26850, 410, 0, 0, 0
26950, 390, 0, 0, 0
27050, 390, 0, 0, 0
27150, 410, 0, 0, 0
27249, 424, 0, 0, 0
27349, 410, 0, 0, 0
27449, 400, 0, 0, 0
27549, 400, 0, 0, 0
27649, 410, 0, 0, 0
27749, 390, 0, 0, 0
27849, 390, 0, 0, 0
27949, 420, 0, 0, 0
28050, 420, 0, 0, 0
28150, 430, 0, 0, 0
28249, 393, 0, 0, 0
28349, 400, 0, 0, 0
28449, 440, 0, 0, 0
28549, 410, 0, 0, 0
28649, 450, 0, 0, 0
28749, 430, 0, 0, 0
28849, 430, 0, 0, 0
28949, 410, 0, 0, 0
29049, 400, 0, 0, 0
29149, 450, 0, 0, 0
29249, 440, 0, 0, 0
29350, 410, 0, 0, 0
29450, 360, 0, 0, 0
29550, 400, 0, 0, 0
29650, 350, 0, 0, 0
29749, 393, 0, 0, 0
29849, 370, 0, 0, 0
29949, 420, 0, 0, 0
30049, 370, 0, 0, 0
30149, 420, 0, 0, 0
30249, 450, 0, 0, 0
30349, 420, 0, 0, 0
30449, 410, 0, 0, 0
30550, 440, 0, 0, 0
30650, 410, 0, 0, 0
30749, 393, 0, 0, 0
30849, 410, 0, 0, 0
30949, 400, 0, 0, 0
31049, 410, 0, 0, 0
31149, 410, 0, 0, 0
31249, 390, 0, 0, 0
31349, 390, 0, 0, 0
31449, 400, 0, 0, 0
31549, 440, 0, 0, 0
31649, 380, 0, 0, 0
31750, 390, 0, 0, 0
31850, 380, 0, 0, 0
31950, 420, 0, 0, 0
32050, 410, 0, 0, 0
32150, 400, 0, 0, 0
32249, 414, 0, 0, 0
32349, 420, 0, 0, 0
32449, 400, 0, 0, 0
32549, 410, 0, 0, 0
32649, 390, 0, 0, 0
32749, 450, 0, 0, 0
32849, 440, 0, 0, 0
32949, 410, 0, 0, 0
33050, 400, 0, 0, 0
33150, 420, 0, 0, 0
33249, 404, 0, 0, 0
33349, 440, 0, 0, 0
33449, 400, 0, 0, 0
33549, 370, 0, 0, 0
33649, 430, 0, 0, 0
33749, 420, 0, 0, 0
33849, 450, 0, 0, 0
33949, 400, 0, 0, 0
34049, 390, 0, 0, 0
34149, 410, 0, 0, 0
34249, 410, 0, 0, 0
34349, 430, 0, 0, 0
34450, 390, 0, 0, 0
34550, 450, 0, 0, 0
34650, 380, 0, 0, 0
34749, 363, 0, 0, 0
34849, 390, 0, 0, 0
34949, 400, 0, 0, 0
35049, 440, 0, 0, 0
35149, 420, 0, 0, 0
35249, 440, 0, 0, 0
35349, 470, 0, 0, 0
35449, 410, 0, 0, 0
35549, 390, 0, 0, 0
35649, 380, 0, 0, 0
35750, 420, 0, 0, 0
35850, 390, 0, 0, 0
35950, 440, 0, 0, 0
36050, 430, 0, 0, 0
36150, 410, 0, 0, 0
36249, 404, 0, 0, 0
36349, 360, 0, 0, 0
36449, 390, 0, 0, 0
36549, 420, 0, 0, 0
36649, 420, 0, 0, 0
36749, 400, 0, 0, 0
36849, 380, 0, 0, 0
36949, 350, 0, 0, 0
37050, 400, 0, 0, 0
37150, 440, 0, 0, 0
37249, 444, 0, 0, 0
37349, 420, 0, 0, 0
37449, 430, 0, 0, 0
37549, 390, 0, 0, 0
37649, 450, 0, 0, 0
37749, 430, 0, 0, 0
37849, 410, 0, 0, 0
37949, 400, 0, 0, 0
38049, 430, 0, 0, 0
38149, 430, 0, 0, 0
38249, 470, 0, 0, 0
38349, 370, 0, 0, 0
38450, 450, 0, 0, 0
38550, 450, 0, 0, 0
38650, 350, 0, 0, 0
38749, 414, 0, 0, 0
38849, 430, 0, 0, 0
38949, 390, 0, 0, 0
39049, 450, 0, 0, 0
39149, 420, 0, 0, 0
39249, 420, 0, 0, 0
39349, 410, 0, 0, 0
39449, 390, 0, 0, 0
39549, 390, 0, 0, 0
39649, 390, 0, 0, 0
39750, 380, 0, 0, 0
39850, 350, 0, 0, 0
39950, 440, 0, 0, 0
40050, 420, 0, 0, 0
40150, 380, 0, 0, 0
40249, 343, 0, 0, 0
40349, 440, 0, 0, 0
40449, 370, 0, 0, 0
40549, 370, 0, 0, 0
40649, 380, 0, 0, 0
40749, 410, 0, 0, 0
40849, 380, 0, 0, 0
40949, 430, 0, 0, 0
41049, 400, 0, 0, 0
41149, 400, 0, 0, 0
41250, 410, 0, 0, 0
41350, 410, 0, 0, 0
41450, 400, 0, 0, 0
41550, 420, 0, 0, 0
41650, 470, 0, 0, 0
41749, 353, 0, 0, 0
41849, 390, 0, 0, 0
41949, 400, 0, 0, 0
42049, 450, 0, 0, 0
42149, 450, 0, 0, 0
42249, 420, 0, 0, 0
42349, 380, 0, 0, 0
42450, 410, 0, 0, 0
42550, 370, 0, 0, 0
42650, 430, 0, 0, 0
42749, 373, 0, 0, 0
42849, 470, 0, 0, 0
42949, 410, 0, 0, 0
43049, 410, 0, 0, 0
43149, 450, 0, 0, 0
43249, 410, 0, 0, 0
43349, 400, 0, 0, 0
43449, 430, 0, 0, 0
43549, 370, 0, 0, 0
43649, 370, 0, 0, 0
43750, 420, 0, 0, 0
43850, 400, 0, 0, 0
43950, 450, 0, 0, 0
44050, 440, 0, 0, 0
44150, 360, 0, 0, 0
44249, 404, 0, 0, 0
44349, 420, 0, 0, 0
44449, 360, 0, 0, 0
44549, 380, 0, 0, 0
44649, 410, 0, 0, 0
44749, 410, 0, 0, 0
44849, 400, 0, 0, 0
44949, 410, 0, 0, 0
45050, 390, 0, 0, 0
45150, 400, 0, 0, 0
45249, 434, 0, 0, 0
45349, 360, 0, 0, 0
45449, 490, 0, 0, 0
45549, 410, 0, 0, 0
45649, 390, 0, 0, 0
45749, 410, 0, 0, 0
45849, 430, 0, 0, 0
45949, 430, 0, 0, 0
46049, 450, 0, 0, 0
46150, 420, 0, 0, 0
46250, 440, 0, 0, 0
46350, 380, 0, 0, 0
46450, 410, 0, 0, 0
46550, 430, 0, 0, 0
46650, 410, 0, 0, 0
46749, 434, 0, 0, 0
46849, 390, 0, 0, 0
46949, 430, 0, 0, 0
47049, 410, 0, 0, 0
47149, 380, 0, 0, 0
47249, 450, 0, 0, 0
47349, 370, 0, 0, 0
47449, 400, 0, 0, 0
47550, 390, 0, 0, 0
47650, 390, 0, 0, 0
47749, 373, 0, 0, 0
47849, 410, 0, 0, 0
47949, 440, 0, 0, 0
48049, 380, 0, 0, 0
48149, 440, 0, 0, 0
48249, 410, 0, 0, 0
48349, 410, 0, 0, 0
48449, 490, 0, 0, 0
48549, 410, 0, 0, 0
48649, 410, 0, 0, 0
48750, 380, 0, 0, 0
48850, 390, 0, 0, 0
48950, 430, 0, 0, 0
49050, 410, 0, 0, 0
49150, 350, 0, 0, 0
49249, 393, 0, 0, 0
49349, 410, 0, 0, 0
49449, 400, 0, 0, 0
49549, 420, 0, 0, 0
49649, 400, 0, 0, 0
49749, 420, 0, 0, 0
49849, 410, 0, 0, 0
49949, 370, 0, 0, 0
50050, 420, 0, 0, 0
50150, 390, 0, 0, 0
50249, 404, 0, 0, 0
50349, 370, 0, 0, 0
50449, 380, 0, 0, 0
50549, 430, 0, 0, 0
50649, 370, 0, 0, 0
50749, 400, 0, 0, 0
50849, 370, 0, 0, 0
50949, 410, 0, 0, 0
51049, 440, 0, 0, 0
51149, 370, 0, 0, 0
51249, 420, 0, 0, 0
51349, 390, 0, 0, 0
51449, 390, 0, 0, 0
51550, 410, 0, 0, 0
51650, 410, 0, 0, 0
51749, 404, 0, 0, 0
51849, 420, 0, 0, 0
51949, 410, 0, 0, 0
52049, 420, 0, 0, 0
52149, 420, 0, 0, 0
52249, 430, 0, 0, 0
52349, 420, 0, 0, 0
52449, 440, 0, 0, 0
52549, 410, 0, 0, 0
52649, 420, 0, 0, 0
52750, 380, 0, 0, 0
52850, 420, 0, 0, 0
52950, 390, 0, 0, 0
53050, 390, 0, 0, 0
53150, 400, 0, 0, 0
53249, 424, 0, 0, 0
53349, 390, 0, 0, 0
53449, 430, 0, 0, 0
53549, 430, 0, 0, 0
53649, 410, 0, 0, 0
53749, 400, 0, 0, 0
53849, 380, 0, 0, 0
53949, 420, 0, 0, 0
54050, 400, 0, 0, 0
54150, 370, 0, 0, 0
54249, 373, 0, 0, 0
54349, 400, 0, 0, 0
54449, 400, 0, 0, 0
54549, 430, 0, 0, 0
54649, 460, 0, 0, 0
54749, 410, 0, 0, 0
54849, 460, 0, 0, 0
54949, 370, 0, 0, 0
55049, 440, 0, 0, 0
55149, 370, 0, 0, 0
55250, 400, 0, 0, 0
55350, 400, 0, 0, 0
55450, 460, 0, 0, 0
55550, 360, 0, 0, 0
55650, 390, 0, 0, 0
55749, 424, 0, 0, 0
55849, 420, 0, 0, 0
55949, 410, 0, 0, 0
56049, 430, 0, 0, 0
56149, 440, 0, 0, 0
56249, 430, 0, 0, 0
56349, 440, 0, 0, 0
56449, 440, 0, 0, 0
56550, 430, 0, 0, 0
56650, 410, 0, 0, 0
56749, 434, 0, 0, 0
56849, 390, 0, 0, 0
56949, 420, 0, 0, 0
57049, 400, 0, 0, 0
57149, 350, 0, 0, 0
57249, 420, 0, 0, 0
57349, 380, 0, 0, 0
57449, 400, 0, 0, 0
57549, 440, 0, 0, 0
57649, 380, 0, 0, 0
57749, 450, 0, 0, 0
57850, 400, 0, 0, 0
57950, 400, 0, 0, 0
58050, 400, 0, 0, 0
58150, 390, 0, 0, 0
58249, 363, 0, 0, 0
58349, 440, 0, 0, 0
58449, 420, 0, 0, 0
58549, 380, 0, 0, 0
58649, 430, 0, 0, 0
58749, 390, 0, 0, 0
58849, 380, 0, 0, 0
58949, 390, 0, 0, 0
59049, 440, 0, 0, 0
59149, 410, 0, 0, 0
59250, 400, 0, 0, 0
59350, 400, 0, 0, 0
59450, 420, 0, 0, 0
59550, 380, 0, 0, 0
59650, 400, 0, 0, 0
59749, 393, 0, 0, 0
59849, 390, 0, 0, 0
59949, 400, 0, 0, 0
