100, 4778236, 0, 0, 0
203, 5133872, 0, 0, 0
304, 4234138, 0, 0, 0
401, 4403476, 0, 0, 0
503, 5060149, 0, 0, 0
600, 4637961, 0, 0, 0
700, 4550229, 0, 0, 0
802, 4076726, 0, 0, 0
904, 4231809, 0, 0, 0
1004, 4177460, 0, 0, 0
1103, 4479011, 0, 0, 0
1202, 4513538, 0, 0, 0
1301, 4933811, 0, 0, 0
1400, 4514440, 0, 0, 0
1501, 4354414, 0, 0, 0
1606, 4786045, 0, 0, 0
1700, 4071275, 0, 0, 0
1804, 5480793, 0, 0, 0
1901, 4839714, 0, 0, 0
2000, 4725476, 0, 0, 0
2101, 5069193, 0, 0, 0
2200, 4713034, 0, 0, 0
2300, 4322621, 0, 0, 0
2403, 4282489, 0, 0, 0
2503, 4021728, 0, 0, 0
2603, 4313679, 0, 0, 0
2705, 4879209, 0, 0, 0
2802, 4208118, 0, 0, 0
2900, 4465027, 0, 0, 0
3001, 4203569, 0, 0, 0
3101, 4531767, 0, 0, 0
3203, 4437282, 0, 0, 0
3300, 4410945, 0, 0, 0
3400, 4345251, 0, 0, 0
3503, 3951977, 0, 0, 0
3602, 4693220, 0, 0, 0
3700, 4264906, 0, 0, 0
3801, 3889628, 0, 0, 0
3902, 4371295, 0, 0, 0
4000, 4917258, 0, 0, 0
4105, 4575076, 0, 0, 0
4201, 4355922, 0, 0, 0
4302, 4373542, 0, 0, 0
4407, 4575633, 0, 0, 0
4500, 4011568, 0, 0, 0
4601, 4837891, 0, 0, 0
4701, 4348655, 0, 0, 0
4803, 4851995, 0, 0, 0
4901, 4456762, 0, 0, 0
5000, 4472653, 0, 0, 0
5101, 4198076, 0, 0, 0
5200, 5529825, 0, 0, 0
5301, 3854222, 0, 0, 0
5400, 4300733, 0, 0, 0
5500, 4559142, 0, 0, 0
5602, 4260246, 0, 0, 0
5702, 4724956, 0, 0, 0
5806, 4162271, 0, 0, 0
5905, 4131659, 0, 0, 0
6001, 4008074, 0, 0, 0
6103, 4851140, 0, 0, 0
6203, 4739860, 0, 0, 0
6302, 4492809, 0, 0, 0
6400, 4483203, 0, 0, 0
6503, 4873337, 0, 0, 0
6601, 4445671, 0, 0, 0
6701, 4380300, 0, 0, 0
6801, 4960636, 0, 0, 0
6901, 4022694, 0, 0, 0
7008, 4842928, 0, 0, 0
7102, 3930951, 0, 0, 0
7201, 4096158, 0, 0, 0
7301, 3841786, 0, 0, 0
7404, 4670573, 0, 0, 0
7501, 4408231, 0, 0, 0
7604, 4905779, 0, 0, 0
7700, 4187556, 0, 0, 0
7803, 4276736, 0, 0, 0
7904, 4222021, 0, 0, 0
8002, 4059497, 0, 0, 0
8103, 4604508, 0, 0, 0
8201, 4881416, 0, 0, 0
8303, 4247319, 0, 0, 0
8405, 4624546, 0, 0, 0
8501, 4379438, 0, 0, 0
8600, 4509373, 0, 0, 0
8700, 4510092, 0, 0, 0
8806, 4628925, 0, 0, 0
8901, 3930721, 0, 0, 0
9002, 4630161, 0, 0, 0
9100, 4061281, 0, 0, 0
9202, 3920390, 0, 0, 0
9302, 4547618, 0, 0, 0
9402, 4738532, 0, 0, 0
9500, 4663109, 0, 0, 0
9601, 4236015, 0, 0, 0
9701, 4158626, 0, 0, 0
9800, 4704242, 0, 0, 0
9903, 4092316, 0, 0, 0
10006, 4935414, 0, 0, 0
10100, 4674502, 0, 0, 0
10203, 4470655, 0, 0, 0
10301, 4700300, 0, 0, 0
10400, 4918858, 0, 0, 0
10501, 4384609, 0, 0, 0
10604, 3966487, 0, 0, 0
10703, 4482973, 0, 0, 0
10800, 4246234, 0, 0, 0
10903, 4277149, 0, 0, 0
11003, 4558582, 0, 0, 0
11104, 3870689, 0, 0, 0
11206, 4614877, 0, 0, 0
11304, 3626764, 0, 0, 0
11401, 3897437, 0, 0, 0
11505, 5183498, 0, 0, 0
11600, 4303215, 0, 0, 0
11704, 4548723, 0, 0, 0
11801, 5100256, 0, 0, 0
11905, 4162114, 0, 0, 0
12000, 4287459, 0, 0, 0
12102, 4662481, 0, 0, 0
12204, 4053714, 0, 0, 0
12300, 4805629, 0, 0, 0
12403, 4127586, 0, 0, 0
12501, 3769367, 0, 0, 0
12604, 5384307, 0, 0, 0
12703, 4722819, 0, 0, 0
12804, 4605804, 0, 0, 0
12903, 4483137, 0, 0, 0
13004, 4598506, 0, 0, 0
13101, 5105629, 0, 0, 0
13203, 4429603, 0, 0, 0
13300, 4184770, 0, 0, 0
13403, 4690794, 0, 0, 0
13500, 4216610, 0, 0, 0
13601, 4375595, 0, 0, 0
13701, 4383732, 0, 0, 0
13803, 4392391, 0, 0, 0
13900, 4072211, 0, 0, 0
14000, 4328650, 0, 0, 0
14104, 4729661, 0, 0, 0
14200, 3999910, 0, 0, 0
14302, 4608925, 0, 0, 0
14400, 4453749, 0, 0, 0
14501, 4224772, 0, 0, 0
14601, 5280329, 0, 0, 0
14700, 4903533, 0, 0, 0
14800, 4552183, 0, 0, 0
14900, 4534955, 0, 0, 0
15001, 4800711, 0, 0, 0
15101, 4164920, 0, 0, 0
15203, 4463495, 0, 0, 0
15303, 4332803, 0, 0, 0
15403, 4547018, 0, 0, 0
15504, 4569292, 0, 0, 0
15605, 4799785, 0, 0, 0
15705, 4771258, 0, 0, 0
15802, 4207926, 0, 0, 0
15903, 4405520, 0, 0, 0
16003, 4344423, 0, 0, 0
16105, 3764828, 0, 0, 0
16200, 4518396, 0, 0, 0
16303, 3968690, 0, 0, 0
16400, 4824854, 0, 0, 0
16504, 4027133, 0, 0, 0
16600, 4570070, 0, 0, 0
16702, 3911443, 0, 0, 0
16801, 4318636, 0, 0, 0
16901, 4987514, 0, 0, 0
17003, 4241151, 0, 0, 0
17103, 5008828, 0, 0, 0
17203, 4163978, 0, 0, 0
17300, 4396698, 0, 0, 0
17403, 4126893, 0, 0, 0
17501, 4453214, 0, 0, 0
17601, 4987093, 0, 0, 0
17702, 4360349, 0, 0, 0
17800, 4450906, 0, 0, 0
17903, 4685762, 0, 0, 0
18003, 4755167, 0, 0, 0
18101, 4295289, 0, 0, 0
18200, 4666216, 0, 0, 0
18304, 4174432, 0, 0, 0
18405, 4576529, 0, 0, 0
18505, 3998095, 0, 0, 0
18600, 4327975, 0, 0, 0
18701, 4019891, 0, 0, 0
18803, 4667215, 0, 0, 0
18902, 4477880, 0, 0, 0
19001, 4109566, 0, 0, 0
19101, 3873375, 0, 0, 0
19203, 4596999, 0, 0, 0
19300, 4411293, 0, 0, 0
19403, 4492900, 0, 0, 0
19500, 4219740, 0, 0, 0
19602, 4614406, 0, 0, 0
19701, 4506788, 0, 0, 0
19801, 4173942, 0, 0, 0
19902, 4398616, 0, 0, 0
20005, 4653950, 0, 0, 0
20101, 4176766, 0, 0, 0
20205, 4001948, 0, 0, 0
20301, 3824688, 0, 0, 0
20403, 4873137, 0, 0, 0
20504, 5010297, 0, 0, 0
20600, 4369935, 0, 0, 0
20703, 4902863, 0, 0, 0
20802, 4513141, 0, 0, 0
20902, 4517241, 0, 0, 0
21003, 4397243, 0, 0, 0
21103, 4362074, 0, 0, 0
21201, 4641454, 0, 0, 0
21303, 4073511, 0, 0, 0
21402, 4510927, 0, 0, 0
21502, 4538049, 0, 0, 0
21603, 4581862, 0, 0, 0
21702, 4316289, 0, 0, 0
21801, 4723438, 0, 0, 0
21900, 4683776, 0, 0, 0
22002, 4671767, 0, 0, 0
22101, 4671690, 0, 0, 0
22202, 4421546, 0, 0, 0
22304, 4817316, 0, 0, 0
22402, 4296733, 0, 0, 0
22500, 4446432, 0, 0, 0
22601, 4378844, 0, 0, 0
22700, 4722803, 0, 0, 0
22801, 4360435, 0, 0, 0
22905, 5190428, 0, 0, 0
23002, 4444875, 0, 0, 0
23100, 4068725, 0, 0, 0
23200, 4338698, 0, 0, 0
23304, 5208379, 0, 0, 0
23401, 5080727, 0, 0, 0
23500, 4112470, 0, 0, 0
23603, 5180836, 0, 0, 0
23700, 4214571, 0, 0, 0
23802, 4428663, 0, 0, 0
23904, 4847109, 0, 0, 0
24000, 4355650, 0, 0, 0
24103, 4469213, 0, 0, 0
24202, 4319712, 0, 0, 0
24303, 4212939, 0, 0, 0
24404, 4180757, 0, 0, 0
24505, 4381111, 0, 0, 0
24600, 4149740, 0, 0, 0
24702, 4065941, 0, 0, 0
24803, 3899090, 0, 0, 0
24903, 4553380, 0, 0, 0
25000, 4379284, 0, 0, 0
25105, 4984986, 0, 0, 0
25204, 3963404, 0, 0, 0
25300, 4576891, 0, 0, 0
25402, 4630528, 0, 0, 0
25501, 4292674, 0, 0, 0
25600, 4712340, 0, 0, 0
25703, 5156465, 0, 0, 0
25801, 4467426, 0, 0, 0
25901, 4529731, 0, 0, 0
26000, 3942189, 0, 0, 0
26102, 4274522, 0, 0, 0
26202, 4350218, 0, 0, 0
26301, 4120452, 0, 0, 0
26400, 4917377, 0, 0, 0
26502, 4256531, 0, 0, 0
26602, 4989517, 0, 0, 0
26702, 4543577, 0, 0, 0
26800, 5437206, 0, 0, 0
26903, 4317083, 0, 0, 0
27005, 4212143, 0, 0, 0
27103, 4450227, 0, 0, 0
27200, 4238622, 0, 0, 0
27304, 4499499, 0, 0, 0
27405, 4599642, 0, 0, 0
27501, 5075803, 0, 0, 0
27601, 4515014, 0, 0, 0
27703, 4877315, 0, 0, 0
27800, 4408866, 0, 0, 0
27902, 4411004, 0, 0, 0
28004, 4271255, 0, 0, 0
28100, 4527533, 0, 0, 0
28201, 4827897, 0, 0, 0
28302, 4193176, 0, 0, 0
28400, 4893616, 0, 0, 0
28501, 4395886, 0, 0, 0
28601, 4527548, 0, 0, 0
28703, 4447042, 0, 0, 0
28800, 4050789, 0, 0, 0
28902, 4633376, 0, 0, 0
29000, 4631626, 0, 0, 0
29103, 4126102, 0, 0, 0
29202, 3958638, 0, 0, 0
29301, 4327032, 0, 0, 0
29401, 3824847, 0, 0, 0
29500, 4139436, 0, 0, 0
29602, 4597062, 0, 0, 0
29701, 3967267, 0, 0, 0
29801, 4574634, 0, 0, 0
29905, 4145791, 0, 0, 0
30000, 4507447, 0, 0, 0
30101, 4224840, 0, 0, 0
30204, 4257070, 0, 0, 0
30302, 3940268, 0, 0, 0
30401, 4722404, 0, 0, 0
30501, 4146483, 0, 0, 0
30602, 4818749, 0, 0, 0
30701, 4682756, 0, 0, 0
30800, 4502976, 0, 0, 0
30900, 4364964, 0, 0, 0
31003, 4449172, 0, 0, 0
31101, 4110807, 0, 0, 0
31204, 4675582, 0, 0, 0
31300, 4000133, 0, 0, 0
31401, 4199960, 0, 0, 0
31502, 4372083, 0, 0, 0
31605, 3975546, 0, 0, 0
31705, 4510108, 0, 0, 0
31800, 4125586, 0, 0, 0
31900, 4353413, 0, 0, 0
32000, 4762545, 0, 0, 0
32103, 4493723, 0, 0, 0
32204, 4585375, 0, 0, 0
32304, 4733160, 0, 0, 0
32405, 4826308, 0, 0, 0
32502, 4403043, 0, 0, 0
32603, 4211990, 0, 0, 0
32700, 4844930, 0, 0, 0
32802, 3908430, 0, 0, 0
32900, 3927472, 0, 0, 0
33005, 4365910, 0, 0, 0
33101, 4165574, 0, 0, 0
33201, 4347694, 0, 0, 0
33301, 4023118, 0, 0, 0
33401, 4157926, 0, 0, 0
33502, 5013751, 0, 0, 0
33604, 4435061, 0, 0, 0
33702, 4282599, 0, 0, 0
33805, 4648478, 0, 0, 0
33903, 4291937, 0, 0, 0
34000, 4400272, 0, 0, 0
34103, 4283788, 0, 0, 0
34206, 5139209, 0, 0, 0
34301, 4732361, 0, 0, 0
34402, 4402547, 0, 0, 0
34503, 4606861, 0, 0, 0
34606, 4891959, 0, 0, 0
34701, 4490827, 0, 0, 0
34803, 4436732, 0, 0, 0
34906, 4708272, 0, 0, 0
35001, 4967190, 0, 0, 0
35100, 4302307, 0, 0, 0
35201, 4044537, 0, 0, 0
35304, 4272773, 0, 0, 0
35400, 4575972, 0, 0, 0
35505, 4576020, 0, 0, 0
35600, 4321616, 0, 0, 0
35701, 4367477, 0, 0, 0
35805, 4319572, 0, 0, 0
35905, 4554662, 0, 0, 0
36002, 4409921, 0, 0, 0
36107, 4757641, 0, 0, 0
36201, 5232081, 0, 0, 0
36303, 4245060, 0, 0, 0
36402, 4297215, 0, 0, 0
36503, 4207488, 0, 0, 0
36601, 4683292, 0, 0, 0
36703, 3752779, 0, 0, 0
36801, 3937137, 0, 0, 0
36903, 4650602, 0, 0, 0
37005, 4248886, 0, 0, 0
37102, 4001210, 0, 0, 0
37200, 4477859, 0, 0, 0
37302, 4060859, 0, 0, 0
37400, 4257980, 0, 0, 0
37503, 5423241, 0, 0, 0
37600, 4853017, 0, 0, 0
37702, 4092507, 0, 0, 0
37800, 4434574, 0, 0, 0
37901, 4201809, 0, 0, 0
38002, 4054362, 0, 0, 0
38100, 4240002, 0, 0, 0
38203, 4291217, 0, 0, 0
38302, 4481294, 0, 0, 0
38402, 4761550, 0, 0, 0
38505, 4478384, 0, 0, 0
38606, 4582555, 0, 0, 0
38702, 4797643, 0, 0, 0
38800, 4485969, 0, 0, 0
38902, 4598991, 0, 0, 0
39000, 4288979, 0, 0, 0
39101, 4033096, 0, 0, 0
39204, 4104054, 0, 0, 0
39303, 5198098, 0, 0, 0
39405, 4670082, 0, 0, 0
39502, 4397031, 0, 0, 0
39600, 4254129, 0, 0, 0
39702, 4628540, 0, 0, 0
39802, 3986934, 0, 0, 0
39900, 4664653, 0, 0, 0
40002, 4451669, 0, 0, 0
40103, 4777267, 0, 0, 0
40201, 4270292, 0, 0, 0
40305, 3838073, 0, 0, 0
40401, 4579066, 0, 0, 0
40502, 4223321, 0, 0, 0
40603, 3733454, 0, 0, 0
40703, 4518404, 0, 0, 0
40800, 4399289, 0, 0, 0
40903, 4125761, 0, 0, 0
41002, 4120728, 0, 0, 0
41103, 3759342, 0, 0, 0
41203, 4330133, 0, 0, 0
41301, 4465322, 0, 0, 0
41404, 4644993, 0, 0, 0
41502, 4693445, 0, 0, 0
41603, 4182215, 0, 0, 0
41701, 4678539, 0, 0, 0
41806, 4549155, 0, 0, 0
41903, 3897640, 0, 0, 0
42000, 4379708, 0, 0, 0
42103, 4116854, 0, 0, 0
42202, 4708743, 0, 0, 0
42304, 4440010, 0, 0, 0
42402, 4925869, 0, 0, 0
42500, 3911581, 0, 0, 0
42602, 4410020, 0, 0, 0
42703, 4826039, 0, 0, 0
42802, 4698929, 0, 0, 0
42901, 4958431, 0, 0, 0
43003, 4245473, 0, 0, 0
43100, 4843741, 0, 0, 0
43203, 5143482, 0, 0, 0
43302, 4952221, 0, 0, 0
43400, 4648432, 0, 0, 0
43503, 4140797, 0, 0, 0
43601, 3898161, 0, 0, 0
43700, 4295935, 0, 0, 0
43803, 4137256, 0, 0, 0
43902, 3944632, 0, 0, 0
44002, 4356124, 0, 0, 0
44103, 4385547, 0, 0, 0
44202, 5231208, 0, 0, 0
44300, 3747115, 0, 0, 0
44401, 4391930, 0, 0, 0
44504, 4132730, 0, 0, 0
44604, 4329187, 0, 0, 0
44701, 4217415, 0, 0, 0
44804, 3948987, 0, 0, 0
44900, 4601428, 0, 0, 0
45001, 4363205, 0, 0, 0
45100, 4303148, 0, 0, 0
45203, 4691991, 0, 0, 0
45304, 4209752, 0, 0, 0
45400, 4136920, 0, 0, 0
45502, 4102217, 0, 0, 0
45603, 5049256, 0, 0, 0
45701, 3923909, 0, 0, 0
45802, 4802121, 0, 0, 0
45909, 5587207, 0, 0, 0
46002, 4039730, 0, 0, 0
46101, 4134890, 0, 0, 0
46202, 4217376, 0, 0, 0
46302, 3969657, 0, 0, 0
46401, 4159811, 0, 0, 0
46503, 4208710, 0, 0, 0
46603, 4176262, 0, 0, 0
46704, 4032800, 0, 0, 0
46802, 5168210, 0, 0, 0
46901, 4694336, 0, 0, 0
47003, 4275631, 0, 0, 0
47102, 4490745, 0, 0, 0
47200, 5156652, 0, 0, 0
47302, 4076576, 0, 0, 0
47402, 3445309, 0, 0, 0
47502, 4321964, 0, 0, 0
47603, 4393735, 0, 0, 0
47701, 4104955, 0, 0, 0
47805, 4297056, 0, 0, 0
47903, 4260923, 0, 0, 0
48003, 4786027, 0, 0, 0
48102, 3960550, 0, 0, 0
48206, 4156466, 0, 0, 0
48304, 4667533, 0, 0, 0
48402, 4263561, 0, 0, 0
48500, 4415137, 0, 0, 0
48602, 4639313, 0, 0, 0
48700, 4286784, 0, 0, 0
48803, 4446579, 0, 0, 0
48902, 4935214, 0, 0, 0
49000, 3928675, 0, 0, 0
49103, 4909562, 0, 0, 0
49203, 4328961, 0, 0, 0
49300, 4657353, 0, 0, 0
49404, 4305172, 0, 0, 0
49504, 4533095, 0, 0, 0
49600, 4021483, 0, 0, 0
49704, 4492029, 0, 0, 0
49800, 4822898, 0, 0, 0
49902, 4629218, 0, 0, 0
50000, 4443852, 0, 0, 0
50100, 5007771, 0, 0, 0
50202, 4431698, 0, 0, 0
50304, 4263537, 0, 0, 0
50404, 4513561, 0, 0, 0
50500, 4582695, 0, 0, 0
50600, 4525537, 0, 0, 0
50703, 4284728, 0, 0, 0
50803, 3995337, 0, 0, 0
50901, 4255827, 0, 0, 0
51002, 4057229, 0, 0, 0
51101, 4712675, 0, 0, 0
51204, 4655455, 0, 0, 0
51303, 4300974, 0, 0, 0
51400, 4227966, 0, 0, 0
51503, 4673710, 0, 0, 0
51601, 4274737, 0, 0, 0
51701, 4359743, 0, 0, 0
51803, 4041380, 0, 0, 0
51901, 4483863, 0, 0, 0
52001, 4738709, 0, 0, 0
52104, 4103410, 0, 0, 0
52203, 4331672, 0, 0, 0
52301, 4895854, 0, 0, 0
52405, 4722227, 0, 0, 0
52503, 4676554, 0, 0, 0
52608, 4726977, 0, 0, 0
52701, 4468987, 0, 0, 0
52801, 4963165, 0, 0, 0
52905, 4508709, 0, 0, 0
53002, 4246162, 0, 0, 0
53102, 4341293, 0, 0, 0
53206, 4150439, 0, 0, 0
53300, 4471071, 0, 0, 0
53403, 4689801, 0, 0, 0
53500, 4390948, 0, 0, 0
53603, 4304932, 0, 0, 0
53700, 4203909, 0, 0, 0
53802, 4241966, 0, 0, 0
53904, 3945102, 0, 0, 0
54000, 4523605, 0, 0, 0
54100, 4178740, 0, 0, 0
54202, 4097819, 0, 0, 0
54301, 4292763, 0, 0, 0
54403, 4084486, 0, 0, 0
54505, 4593537, 0, 0, 0
54604, 4749724, 0, 0, 0
54702, 4251052, 0, 0, 0
54802, 4167416, 0, 0, 0
54902, 4748327, 0, 0, 0
55002, 4170096, 0, 0, 0
55103, 4580435, 0, 0, 0
55204, 4802320, 0, 0, 0
55300, 4382251, 0, 0, 0
55405, 4973539, 0, 0, 0
55502, 4402913, 0, 0, 0
55600, 4105150, 0, 0, 0
55702, 4232905, 0, 0, 0
55801, 5203724, 0, 0, 0
55903, 4633778, 0, 0, 0
56000, 4032141, 0, 0, 0
56102, 4621451, 0, 0, 0
56205, 4321406, 0, 0, 0
56303, 4050104, 0, 0, 0
56406, 4937014, 0, 0, 0
56501, 4118935, 0, 0, 0
56603, 4611541, 0, 0, 0
56700, 4212792, 0, 0, 0
56802, 5128819, 0, 0, 0
56902, 4750726, 0, 0, 0
57003, 4783723, 0, 0, 0
57101, 4263206, 0, 0, 0
57200, 4703513, 0, 0, 0
57303, 4693292, 0, 0, 0
57401, 4686367, 0, 0, 0
57504, 4886351, 0, 0, 0
57602, 5142349, 0, 0, 0
57702, 4562122, 0, 0, 0
57800, 4087534, 0, 0, 0
57902, 5079348, 0, 0, 0
58002, 4532685, 0, 0, 0
58101, 4141178, 0, 0, 0
58202, 4574623, 0, 0, 0
58303, 5318152, 0, 0, 0
58407, 4927498, 0, 0, 0
58501, 5236769, 0, 0, 0
58602, 4805061, 0, 0, 0
58700, 4687646, 0, 0, 0
58802, 4216673, 0, 0, 0
58900, 5181082, 0, 0, 0
59001, 4820042, 0, 0, 0
59102, 4373538, 0, 0, 0
59201, 4306355, 0, 0, 0
59300, 4695701, 0, 0, 0
59408, 4516273, 0, 0, 0
59503, 4498751, 0, 0, 0
59601, 4256726, 0, 0, 0
59703, 4245175, 0, 0, 0
59802, 5508645, 0, 0, 0
59900, 4662709, 0, 0, 0
60002, 4455027, 0, 0, 0
60101, 4265157, 0, 0, 0
60200, 4137971, 0, 0, 0
60304, 4311270, 0, 0, 0
60404, 4770403, 0, 0, 0
60503, 3791925, 0, 0, 0
60602, 4536992, 0, 0, 0
60701, 4670210, 0, 0, 0
60801, 4560994, 0, 0, 0
60901, 4342757, 0, 0, 0
61004, 4462849, 0, 0, 0
61103, 4745934, 0, 0, 0
61200, 5099756, 0, 0, 0
61303, 4680290, 0, 0, 0
61402, 3936057, 0, 0, 0
61500, 4657232, 0, 0, 0
61603, 4683458, 0, 0, 0
61705, 4853983, 0, 0, 0
61805, 4535425, 0, 0, 0
61907, 4645387, 0, 0, 0
62005, 4681347, 0, 0, 0
62103, 4448996, 0, 0, 0
62202, 4493270, 0, 0, 0
62300, 4433540, 0, 0, 0
62401, 4420792, 0, 0, 0
62506, 4340270, 0, 0, 0
62602, 4589262, 0, 0, 0
62701, 4503291, 0, 0, 0
62805, 4130900, 0, 0, 0
62905, 4199076, 0, 0, 0
63000, 4706842, 0, 0, 0
63108, 4914951, 0, 0, 0
63201, 4417170, 0, 0, 0
63300, 4503778, 0, 0, 0
63401, 5048240, 0, 0, 0
63502, 4822149, 0, 0, 0
63605, 3790732, 0, 0, 0
63700, 4164330, 0, 0, 0
63801, 4359068, 0, 0, 0
63901, 4751151, 0, 0, 0
64001, 5270350, 0, 0, 0
64104, 4489476, 0, 0, 0
64204, 4323461, 0, 0, 0
64300, 5059751, 0, 0, 0
64403, 4688549, 0, 0, 0
64503, 4535949, 0, 0, 0
64600, 4838314, 0, 0, 0
64702, 4627594, 0, 0, 0
64800, 4480467, 0, 0, 0
64903, 4118144, 0, 0, 0
65001, 4635183, 0, 0, 0
65105, 4324127, 0, 0, 0
65204, 3681181, 0, 0, 0
65305, 4578720, 0, 0, 0
65402, 5098630, 0, 0, 0
65503, 4391602, 0, 0, 0
65603, 4747391, 0, 0, 0
65703, 4548828, 0, 0, 0
65801, 4472215, 0, 0, 0
65901, 5261448, 0, 0, 0
66002, 4561582, 0, 0, 0
66101, 4948905, 0, 0, 0
66205, 4528270, 0, 0, 0
66301, 5037085, 0, 0, 0
66400, 4324972, 0, 0, 0
66501, 4364249, 0, 0, 0
66603, 5096934, 0, 0, 0
66702, 4952803, 0, 0, 0
66803, 4048118, 0, 0, 0
66902, 3807361, 0, 0, 0
67004, 4608427, 0, 0, 0
67102, 4273500, 0, 0, 0
67202, 4767625, 0, 0, 0
67300, 4267316, 0, 0, 0
67402, 4244316, 0, 0, 0
67502, 4315466, 0, 0, 0
67600, 4109227, 0, 0, 0
67704, 4151351, 0, 0, 0
67804, 5003208, 0, 0, 0
67903, 4488644, 0, 0, 0
68002, 4721320, 0, 0, 0
68101, 4956121, 0, 0, 0
68203, 4251185, 0, 0, 0
68303, 4311622, 0, 0, 0
68403, 4795412, 0, 0, 0
68500, 4821533, 0, 0, 0
68600, 4559059, 0, 0, 0
68702, 3746421, 0, 0, 0
68803, 4203406, 0, 0, 0
68900, 4444253, 0, 0, 0
69001, 4027896, 0, 0, 0
69104, 4098941, 0, 0, 0
69201, 4872745, 0, 0, 0
69301, 4337714, 0, 0, 0
69403, 5093052, 0, 0, 0
69502, 3971319, 0, 0, 0
69603, 4567365, 0, 0, 0
69700, 4645942, 0, 0, 0
69804, 4513639, 0, 0, 0
69900, 4158724, 0, 0, 0
70006, 4595332, 0, 0, 0
70108, 4869261, 0, 0, 0
70202, 4455433, 0, 0, 0
70302, 3999168, 0, 0, 0
70404, 4621360, 0, 0, 0
70500, 4373965, 0, 0, 0
70602, 4442828, 0, 0, 0
70700, 4912210, 0, 0, 0
70804, 4928833, 0, 0, 0
70904, 4981226, 0, 0, 0
71005, 4604139, 0, 0, 0
71102, 4401345, 0, 0, 0
71205, 4916067, 0, 0, 0
71303, 4461701, 0, 0, 0
71403, 5227198, 0, 0, 0
71503, 4186601, 0, 0, 0
71600, 4372674, 0, 0, 0
71702, 4087065, 0, 0, 0
71805, 4673057, 0, 0, 0
71904, 4747184, 0, 0, 0
72004, 4995175, 0, 0, 0
72101, 4366645, 0, 0, 0
72200, 4305276, 0, 0, 0
72304, 4741750, 0, 0, 0
72401, 4603373, 0, 0, 0
72500, 4731804, 0, 0, 0
72602, 4633295, 0, 0, 0
72702, 4143438, 0, 0, 0
72805, 4707357, 0, 0, 0
72903, 4651078, 0, 0, 0
73000, 4222876, 0, 0, 0
73103, 5109407, 0, 0, 0
73204, 4807673, 0, 0, 0
73304, 5286338, 0, 0, 0
73402, 4267691, 0, 0, 0
73507, 5495364, 0, 0, 0
73600, 4441675, 0, 0, 0
73702, 4425327, 0, 0, 0
73800, 4430954, 0, 0, 0
73904, 4528844, 0, 0, 0
74002, 4473253, 0, 0, 0
74100, 3768898, 0, 0, 0
74200, 4132400, 0, 0, 0
74302, 4648864, 0, 0, 0
74401, 3822756, 0, 0, 0
74501, 3699412, 0, 0, 0
74600, 4282024, 0, 0, 0
74701, 3904275, 0, 0, 0
74800, 4700327, 0, 0, 0
74903, 4652152, 0, 0, 0
75001, 4449327, 0, 0, 0
75103, 4651648, 0, 0, 0
75203, 4012592, 0, 0, 0
75301, 4423337, 0, 0, 0
75404, 4473049, 0, 0, 0
75500, 4823647, 0, 0, 0
75601, 4374492, 0, 0, 0
75701, 4999582, 0, 0, 0
75800, 5230713, 0, 0, 0
75901, 4766938, 0, 0, 0
76002, 4620593, 0, 0, 0
76101, 4287403, 0, 0, 0
76200, 4955863, 0, 0, 0
76300, 4754967, 0, 0, 0
76403, 5117542, 0, 0, 0
76500, 4655961, 0, 0, 0
76600, 4745533, 0, 0, 0
76703, 4269791, 0, 0, 0
76803, 4354388, 0, 0, 0
76904, 4818741, 0, 0, 0
77001, 4221304, 0, 0, 0
77100, 4312952, 0, 0, 0
77201, 4565763, 0, 0, 0
77304, 4925997, 0, 0, 0
77400, 4755859, 0, 0, 0
77503, 4506606, 0, 0, 0
77602, 3922707, 0, 0, 0
77702, 4033028, 0, 0, 0
77805, 4283819, 0, 0, 0
77903, 4459033, 0, 0, 0
78001, 5144400, 0, 0, 0
78106, 5226866, 0, 0, 0
78203, 4237407, 0, 0, 0
78304, 4022761, 0, 0, 0
78401, 4397417, 0, 0, 0
78501, 5273543, 0, 0, 0
78602, 4562937, 0, 0, 0
78703, 4628766, 0, 0, 0
78803, 3820357, 0, 0, 0
78900, 4628601, 0, 0, 0
79004, 4697079, 0, 0, 0
79101, 4406807, 0, 0, 0
79205, 4737282, 0, 0, 0
79302, 4224008, 0, 0, 0
79403, 5038430, 0, 0, 0
79500, 4409224, 0, 0, 0
79600, 4552959, 0, 0, 0
79706, 4791482, 0, 0, 0
79800, 3920955, 0, 0, 0
79900, 4331853, 0, 0, 0
80001, 4622317, 0, 0, 0
80104, 4258367, 0, 0, 0
80200, 5092308, 0, 0, 0
80301, 4348589, 0, 0, 0
80401, 4783162, 0, 0, 0
80504, 4462564, 0, 0, 0
80603, 4978042, 0, 0, 0
80701, 4455748, 0, 0, 0
80800, 4473014, 0, 0, 0
80901, 4595171, 0, 0, 0
81006, 4556305, 0, 0, 0
81101, 4523348, 0, 0, 0
81202, 4397360, 0, 0, 0
81302, 4740536, 0, 0, 0
81403, 4209909, 0, 0, 0
81503, 4776500, 0, 0, 0
81603, 4546736, 0, 0, 0
81700, 4186915, 0, 0, 0
81803, 4494041, 0, 0, 0
81901, 4449472, 0, 0, 0
82004, 4270136, 0, 0, 0
82102, 4692421, 0, 0, 0
82200, 4673494, 0, 0, 0
82305, 4158540, 0, 0, 0
82402, 4231130, 0, 0, 0
82503, 5334285, 0, 0, 0
82604, 4362784, 0, 0, 0
82700, 4188327, 0, 0, 0
82802, 4421006, 0, 0, 0
82900, 4260073, 0, 0, 0
83004, 4711183, 0, 0, 0
83102, 4692992, 0, 0, 0
83203, 4590121, 0, 0, 0
83301, 4889134, 0, 0, 0
83402, 4366783, 0, 0, 0
83500, 4115530, 0, 0, 0
83610, 5212528, 0, 0, 0
83703, 3862087, 0, 0, 0
83800, 4642181, 0, 0, 0
83901, 5026186, 0, 0, 0
84000, 4295304, 0, 0, 0
84101, 4412568, 0, 0, 0
84206, 4756962, 0, 0, 0
84300, 4952386, 0, 0, 0
84401, 4575028, 0, 0, 0
84503, 4421554, 0, 0, 0
84604, 4589720, 0, 0, 0
84701, 3758919, 0, 0, 0
84800, 4287061, 0, 0, 0
84900, 4539103, 0, 0, 0
85003, 4097827, 0, 0, 0
85103, 3712009, 0, 0, 0
85202, 4486196, 0, 0, 0
85300, 4921209, 0, 0, 0
85400, 4150798, 0, 0, 0
85500, 4573223, 0, 0, 0
85601, 4354464, 0, 0, 0
85700, 4501694, 0, 0, 0
85802, 4439781, 0, 0, 0
85901, 4476386, 0, 0, 0
86002, 4811067, 0, 0, 0
86103, 4836064, 0, 0, 0
86200, 4853389, 0, 0, 0
86303, 4105292, 0, 0, 0
86401, 4911498, 0, 0, 0
86500, 4467255, 0, 0, 0
86601, 3896017, 0, 0, 0
86700, 4725775, 0, 0, 0
86801, 4571450, 0, 0, 0
86901, 4752900, 0, 0, 0
87002, 4831165, 0, 0, 0
87102, 4515063, 0, 0, 0
87202, 4358656, 0, 0, 0
87307, 4782360, 0, 0, 0
87400, 4622748, 0, 0, 0
87500, 4174214, 0, 0, 0
87602, 4052664, 0, 0, 0
87700, 4695869, 0, 0, 0
87801, 4185546, 0, 0, 0
87904, 3834740, 0, 0, 0
88000, 4138981, 0, 0, 0
88101, 4408599, 0, 0, 0
88203, 4414009, 0, 0, 0
88303, 4764146, 0, 0, 0
88405, 3920473, 0, 0, 0
88502, 4219711, 0, 0, 0
88604, 3937676, 0, 0, 0
88705, 4593412, 0, 0, 0
88806, 4552962, 0, 0, 0
88901, 5036827, 0, 0, 0
89000, 5204645, 0, 0, 0
89100, 4969578, 0, 0, 0
89203, 4283910, 0, 0, 0
89302, 5492103, 0, 0, 0
89402, 4561781, 0, 0, 0
89504, 4646125, 0, 0, 0
89600, 4361712, 0, 0, 0
89700, 4501323, 0, 0, 0
89801, 4627936, 0, 0, 0
89900, 4097418, 0, 0, 0
90002, 4864693, 0, 0, 0
90105, 4457431, 0, 0, 0
90204, 4495935, 0, 0, 0
90303, 4751169, 0, 0, 0
90403, 4319841, 0, 0, 0
90500, 4225204, 0, 0, 0
90601, 4193963, 0, 0, 0
90704, 4473817, 0, 0, 0
90803, 4489815, 0, 0, 0
90902, 4731222, 0, 0, 0
91003, 4798777, 0, 0, 0
91103, 4782088, 0, 0, 0
91201, 4450400, 0, 0, 0
91300, 4458384, 0, 0, 0
91403, 4684044, 0, 0, 0
91503, 3846196, 0, 0, 0
91602, 5536014, 0, 0, 0
91702, 4980105, 0, 0, 0
91805, 4296476, 0, 0, 0
91905, 4727085, 0, 0, 0
92002, 4442893, 0, 0, 0
92102, 3678438, 0, 0, 0
92201, 3832616, 0, 0, 0
92302, 4013930, 0, 0, 0
92402, 4369437, 0, 0, 0
92500, 4425118, 0, 0, 0
92602, 4437201, 0, 0, 0
92705, 4098705, 0, 0, 0
92801, 5072213, 0, 0, 0
92903, 4242237, 0, 0, 0
93002, 3974738, 0, 0, 0
93100, 5406034, 0, 0, 0
93200, 4159858, 0, 0, 0
93302, 4257291, 0, 0, 0
93401, 4496974, 0, 0, 0
93503, 5114321, 0, 0, 0
93600, 4230992, 0, 0, 0
93701, 4783747, 0, 0, 0
93800, 4725571, 0, 0, 0
93900, 4157442, 0, 0, 0
94003, 4455812, 0, 0, 0
94101, 4467324, 0, 0, 0
94200, 4318315, 0, 0, 0
94304, 4502853, 0, 0, 0
94407, 4458982, 0, 0, 0
94500, 4070331, 0, 0, 0
94603, 4908535, 0, 0, 0
94703, 4740518, 0, 0, 0
94802, 4311482, 0, 0, 0
94904, 4855529, 0, 0, 0
95000, 4549319, 0, 0, 0
95104, 4178933, 0, 0, 0
95203, 4272354, 0, 0, 0
95305, 4658646, 0, 0, 0
95400, 4526352, 0, 0, 0
95502, 4617540, 0, 0, 0
95602, 4769901, 0, 0, 0
95700, 4451950, 0, 0, 0
95800, 4535402, 0, 0, 0
95904, 4943975, 0, 0, 0
96002, 4460775, 0, 0, 0
96101, 3960331, 0, 0, 0
96206, 4350275, 0, 0, 0
96301, 4764875, 0, 0, 0
96400, 4305228, 0, 0, 0
96501, 4584959, 0, 0, 0
96603, 4647196, 0, 0, 0
96702, 4693389, 0, 0, 0
96802, 5005924, 0, 0, 0
96900, 4640821, 0, 0, 0
97004, 4516810, 0, 0, 0
97101, 4069768, 0, 0, 0
97200, 3780406, 0, 0, 0
97301, 4224957, 0, 0, 0
97409, 5143113, 0, 0, 0
97504, 4715383, 0, 0, 0
97600, 4367566, 0, 0, 0
97701, 4398705, 0, 0, 0
97800, 4129631, 0, 0, 0
97904, 4716248, 0, 0, 0
98002, 4900616, 0, 0, 0
98100, 4671089, 0, 0, 0
98200, 4136954, 0, 0, 0
98300, 5285143, 0, 0, 0
98407, 4657734, 0, 0, 0
98502, 5271456, 0, 0, 0
98601, 4279031, 0, 0, 0
98701, 4014120, 0, 0, 0
98804, 4480588, 0, 0, 0
98903, 4909379, 0, 0, 0
99001, 4452543, 0, 0, 0
99105, 4722919, 0, 0, 0
99204, 4518787, 0, 0, 0
99300, 4552446, 0, 0, 0
99402, 4266455, 0, 0, 0
99504, 4863663, 0, 0, 0
99603, 5196390, 0, 0, 0
99703, 4148175, 0, 0, 0
99802, 4975796, 0, 0, 0
99901, 4469913, 0, 0, 0
100006, 4371385, 0, 0, 0
100102, 4589799, 0, 0, 0
100203, 4031317, 0, 0, 0
100302, 5206573, 0, 0, 0
100400, 4097637, 0, 0, 0
100501, 4555847, 0, 0, 0
100600, 4962712, 0, 0, 0
100700, 4149424, 0, 0, 0
100802, 4863064, 0, 0, 0
100905, 4929911, 0, 0, 0
101002, 4597813, 0, 0, 0
101101, 3681109, 0, 0, 0
101202, 4166584, 0, 0, 0
101302, 4010161, 0, 0, 0
101402, 4188562, 0, 0, 0
101503, 4178279, 0, 0, 0
101600, 4044084, 0, 0, 0
101701, 4053180, 0, 0, 0
101802, 4387501, 0, 0, 0
101902, 4156804, 0, 0, 0
102002, 4778555, 0, 0, 0
102100, 4065649, 0, 0, 0
102200, 4556525, 0, 0, 0
102302, 4221090, 0, 0, 0
102403, 4394879, 0, 0, 0
102501, 4278834, 0, 0, 0
102609, 4890424, 0, 0, 0
102702, 4202907, 0, 0, 0
102801, 4127669, 0, 0, 0
102903, 4630415, 0, 0, 0
103000, 5117187, 0, 0, 0
103104, 4347726, 0, 0, 0
103202, 4251000, 0, 0, 0
103302, 4531671, 0, 0, 0
103400, 4260299, 0, 0, 0
103500, 4544183, 0, 0, 0
103604, 4495054, 0, 0, 0
103702, 4259187, 0, 0, 0
103805, 4287073, 0, 0, 0
103903, 4924489, 0, 0, 0
104002, 4477815, 0, 0, 0
104102, 4344257, 0, 0, 0
104201, 4134530, 0, 0, 0
104303, 4093825, 0, 0, 0
104400, 4592179, 0, 0, 0
104500, 4338506, 0, 0, 0
104603, 4293628, 0, 0, 0
104702, 4507117, 0, 0, 0
104802, 4561951, 0, 0, 0
104902, 4531812, 0, 0, 0
105000, 4255301, 0, 0, 0
105103, 5160409, 0, 0, 0
105201, 4882872, 0, 0, 0
105301, 4331445, 0, 0, 0
105405, 4933048, 0, 0, 0
105503, 5165112, 0, 0, 0
105603, 4343160, 0, 0, 0
105700, 4614496, 0, 0, 0
105802, 4446308, 0, 0, 0
105902, 3856567, 0, 0, 0
106005, 4860889, 0, 0, 0
106102, 3909713, 0, 0, 0
106200, 4232372, 0, 0, 0
106300, 4769707, 0, 0, 0
106405, 4563281, 0, 0, 0
106501, 5622423, 0, 0, 0
106603, 4651460, 0, 0, 0
106703, 4556294, 0, 0, 0
106801, 4652706, 0, 0, 0
106901, 4344649, 0, 0, 0
107004, 4288799, 0, 0, 0
107102, 4239886, 0, 0, 0
107202, 4781132, 0, 0, 0
107301, 4938033, 0, 0, 0
107403, 4612899, 0, 0, 0
107505, 5364609, 0, 0, 0
107603, 4267235, 0, 0, 0
107702, 4153399, 0, 0, 0
107802, 4332732, 0, 0, 0
107900, 4234471, 0, 0, 0
108001, 4213667, 0, 0, 0
108100, 4965533, 0, 0, 0
108202, 4864995, 0, 0, 0
108301, 3940621, 0, 0, 0
108403, 4241875, 0, 0, 0
108502, 4705546, 0, 0, 0
108600, 3930403, 0, 0, 0
108702, 4233571, 0, 0, 0
108802, 4538341, 0, 0, 0
108900, 4666733, 0, 0, 0
109000, 4562267, 0, 0, 0
109101, 3727919, 0, 0, 0
109204, 4921999, 0, 0, 0
109300, 4006711, 0, 0, 0
109403, 4892318, 0, 0, 0
109504, 4565512, 0, 0, 0
109600, 4787911, 0, 0, 0
109703, 4512249, 0, 0, 0
109800, 3857998, 0, 0, 0
109902, 4652252, 0, 0, 0
110001, 3959066, 0, 0, 0
110101, 4316723, 0, 0, 0
110201, 4370688, 0, 0, 0
110303, 4842960, 0, 0, 0
110402, 4470610, 0, 0, 0
110504, 4862835, 0, 0, 0
110602, 4449956, 0, 0, 0
110700, 4660234, 0, 0, 0
110801, 4588957, 0, 0, 0
110902, 5086684, 0, 0, 0
111003, 4771536, 0, 0, 0
111108, 4565675, 0, 0, 0
111202, 4689288, 0, 0, 0
111300, 4077456, 0, 0, 0
111400, 5002165, 0, 0, 0
111502, 4653415, 0, 0, 0
111602, 4347820, 0, 0, 0
111703, 4366130, 0, 0, 0
111801, 4678871, 0, 0, 0
111902, 4833481, 0, 0, 0
112004, 4607237, 0, 0, 0
112104, 4526779, 0, 0, 0
112204, 4387463, 0, 0, 0
112302, 4228575, 0, 0, 0
112401, 4740822, 0, 0, 0
112502, 4570626, 0, 0, 0
112602, 4742558, 0, 0, 0
112705, 4915494, 0, 0, 0
112803, 4256515, 0, 0, 0
112900, 5122130, 0, 0, 0
113002, 4043625, 0, 0, 0
113102, 4575447, 0, 0, 0
113202, 4527732, 0, 0, 0
113300, 3911007, 0, 0, 0
113402, 4861146, 0, 0, 0
113502, 4347694, 0, 0, 0
113603, 4596958, 0, 0, 0
113709, 5284670, 0, 0, 0
113800, 4113962, 0, 0, 0
113906, 4857650, 0, 0, 0
114000, 4441552, 0, 0, 0
114101, 4418774, 0, 0, 0
114202, 5263368, 0, 0, 0
114304, 4891525, 0, 0, 0
114401, 4369176, 0, 0, 0
114500, 4339008, 0, 0, 0
114603, 4089861, 0, 0, 0
114702, 4324546, 0, 0, 0
114800, 4647424, 0, 0, 0
114900, 3844974, 0, 0, 0
115002, 4075021, 0, 0, 0
115102, 4350592, 0, 0, 0
115202, 4339928, 0, 0, 0
115303, 4587362, 0, 0, 0
115401, 4899261, 0, 0, 0
115503, 4239274, 0, 0, 0
115602, 4703939, 0, 0, 0
115703, 4046439, 0, 0, 0
115803, 4185413, 0, 0, 0
115901, 4660898, 0, 0, 0
116000, 4953607, 0, 0, 0
116100, 4167163, 0, 0, 0
116200, 4304177, 0, 0, 0
116302, 4861063, 0, 0, 0
116401, 4504342, 0, 0, 0
116502, 4810064, 0, 0, 0
116600, 4662125, 0, 0, 0
116702, 4250706, 0, 0, 0
116801, 4514241, 0, 0, 0
116900, 4288919, 0, 0, 0
117001, 4591168, 0, 0, 0
117100, 4727253, 0, 0, 0
117200, 4541989, 0, 0, 0
117300, 4725872, 0, 0, 0
117400, 3855280, 0, 0, 0
117502, 4091734, 0, 0, 0
117602, 4757407, 0, 0, 0
117700, 4667891, 0, 0, 0
117800, 4313732, 0, 0, 0
117904, 3999538, 0, 0, 0
118003, 4976985, 0, 0, 0
118100, 5098958, 0, 0, 0
118202, 4250471, 0, 0, 0
118301, 4285514, 0, 0, 0
118402, 4607140, 0, 0, 0
118502, 3813982, 0, 0, 0
118602, 3992479, 0, 0, 0
118700, 5191733, 0, 0, 0
118804, 4499011, 0, 0, 0
118901, 4602999, 0, 0, 0
119000, 4757290, 0, 0, 0
119101, 4002014, 0, 0, 0
119201, 4348461, 0, 0, 0
119302, 4842937, 0, 0, 0
119401, 4454612, 0, 0, 0
119502, 4212054, 0, 0, 0
119606, 4332966, 0, 0, 0
119703, 4848952, 0, 0, 0
119804, 4378709, 0, 0, 0
119904, 4573821, 0, 0, 0
120003, 3955536, 0, 0, 0
120103, 4330350, 0, 0, 0
120202, 4132950, 0, 0, 0
120301, 4114530, 0, 0, 0
120404, 4461973, 0, 0, 0
120504, 4160690, 0, 0, 0
120603, 4509744, 0, 0, 0
120703, 4768951, 0, 0, 0
120800, 4824870, 0, 0, 0
120900, 4174397, 0, 0, 0
121001, 3624562, 0, 0, 0
121100, 4907016, 0, 0, 0
121203, 3988609, 0, 0, 0
121304, 4183063, 0, 0, 0
121401, 4394956, 0, 0, 0
121503, 4634586, 0, 0, 0
121605, 4245093, 0, 0, 0
121700, 5015161, 0, 0, 0
121804, 4519007, 0, 0, 0
121903, 4497721, 0, 0, 0
122000, 4612740, 0, 0, 0
122103, 4486397, 0, 0, 0
122202, 4722032, 0, 0, 0
122300, 4247864, 0, 0, 0
122401, 3889312, 0, 0, 0
122501, 4757762, 0, 0, 0
122603, 4846380, 0, 0, 0
122702, 4924592, 0, 0, 0
122800, 4287425, 0, 0, 0
122902, 4840508, 0, 0, 0
123004, 4063832, 0, 0, 0
123100, 4368520, 0, 0, 0
123202, 4845785, 0, 0, 0
123300, 4455533, 0, 0, 0
123402, 4253453, 0, 0, 0
123500, 4090300, 0, 0, 0
123605, 4013339, 0, 0, 0
123703, 3783632, 0, 0, 0
123802, 4952167, 0, 0, 0
123900, 4670635, 0, 0, 0
124002, 3897945, 0, 0, 0
124104, 4440755, 0, 0, 0
124203, 3826500, 0, 0, 0
124300, 4583834, 0, 0, 0
124401, 4417741, 0, 0, 0
124503, 3772476, 0, 0, 0
124600, 4397019, 0, 0, 0
124700, 3995679, 0, 0, 0
124800, 4349317, 0, 0, 0
124902, 4637477, 0, 0, 0
125005, 4475214, 0, 0, 0
125103, 4453932, 0, 0, 0
125204, 4805208, 0, 0, 0
125303, 3955071, 0, 0, 0
125402, 4508065, 0, 0, 0
125502, 4309777, 0, 0, 0
125604, 5361227, 0, 0, 0
125700, 4374371, 0, 0, 0
125801, 4820715, 0, 0, 0
125901, 4517769, 0, 0, 0
126003, 4629647, 0, 0, 0
126100, 4449794, 0, 0, 0
126204, 4495941, 0, 0, 0
126301, 4607838, 0, 0, 0
126405, 4550187, 0, 0, 0
126501, 4170897, 0, 0, 0
126601, 4324781, 0, 0, 0
126701, 4746405, 0, 0, 0
126804, 4501825, 0, 0, 0
126900, 4565987, 0, 0, 0
127000, 4985311, 0, 0, 0
127101, 4212661, 0, 0, 0
127202, 5318517, 0, 0, 0
127301, 4941602, 0, 0, 0
127406, 5505158, 0, 0, 0
127502, 4014513, 0, 0, 0
127603, 4019282, 0, 0, 0
127700, 4432904, 0, 0, 0
127802, 5079786, 0, 0, 0
127901, 4106532, 0, 0, 0
128002, 4830453, 0, 0, 0
128103, 4368907, 0, 0, 0
128202, 4706016, 0, 0, 0
128302, 4349476, 0, 0, 0
128400, 4472223, 0, 0, 0
128504, 3997299, 0, 0, 0
128600, 4576683, 0, 0, 0
128703, 4471230, 0, 0, 0
128803, 4338436, 0, 0, 0
128900, 4415739, 0, 0, 0
129000, 4519194, 0, 0, 0
129101, 4405227, 0, 0, 0
129201, 4735407, 0, 0, 0
129304, 4301515, 0, 0, 0
129402, 4640585, 0, 0, 0
129502, 4172241, 0, 0, 0
129607, 4579956, 0, 0, 0
129702, 4311914, 0, 0, 0
129802, 4009602, 0, 0, 0
129900, 4644862, 0, 0, 0
130004, 4527418, 0, 0, 0
130101, 4397189, 0, 0, 0
130201, 5020385, 0, 0, 0
130302, 4206620, 0, 0, 0
130402, 4520297, 0, 0, 0
130505, 5133482, 0, 0, 0
130603, 4448515, 0, 0, 0
130700, 4628255, 0, 0, 0
130800, 4551324, 0, 0, 0
130906, 4223909, 0, 0, 0
131002, 4173902, 0, 0, 0
131100, 4888921, 0, 0, 0
131205, 4391196, 0, 0, 0
131301, 4349082, 0, 0, 0
131402, 4825763, 0, 0, 0
131504, 5093037, 0, 0, 0
131600, 4796849, 0, 0, 0
131702, 4239013, 0, 0, 0
131800, 4459123, 0, 0, 0
131900, 4750466, 0, 0, 0
132000, 4525007, 0, 0, 0
132101, 4597477, 0, 0, 0
132208, 4649077, 0, 0, 0
132305, 4227888, 0, 0, 0
132401, 4570393, 0, 0, 0
132502, 4204543, 0, 0, 0
132604, 4613046, 0, 0, 0
132702, 4087178, 0, 0, 0
132800, 4259169, 0, 0, 0
132903, 4479773, 0, 0, 0
133003, 4152332, 0, 0, 0
133103, 4365129, 0, 0, 0
133202, 4480640, 0, 0, 0
133303, 4395754, 0, 0, 0
133404, 4024628, 0, 0, 0
133500, 4198388, 0, 0, 0
133603, 4091122, 0, 0, 0
133704, 4604271, 0, 0, 0
133805, 3745839, 0, 0, 0
133901, 4767427, 0, 0, 0
134000, 4519808, 0, 0, 0
134103, 4302082, 0, 0, 0
134200, 4373622, 0, 0, 0
134301, 4594691, 0, 0, 0
134400, 3554336, 0, 0, 0
134501, 4388813, 0, 0, 0
134602, 4575777, 0, 0, 0
134704, 4414434, 0, 0, 0
134800, 4600194, 0, 0, 0
134901, 4576687, 0, 0, 0
135004, 4281216, 0, 0, 0
135103, 5185826, 0, 0, 0
135202, 5525769, 0, 0, 0
135305, 4682976, 0, 0, 0
135402, 4390521, 0, 0, 0
135504, 4425532, 0, 0, 0
135600, 4828166, 0, 0, 0
135704, 4918668, 0, 0, 0
135804, 4757413, 0, 0, 0
135903, 4753662, 0, 0, 0
136000, 4585136, 0, 0, 0
136102, 4241665, 0, 0, 0
136202, 4556700, 0, 0, 0
136305, 4664621, 0, 0, 0
136404, 4956727, 0, 0, 0
136502, 4892652, 0, 0, 0
136600, 4885905, 0, 0, 0
136703, 4944905, 0, 0, 0
136802, 4697308, 0, 0, 0
136900, 4442356, 0, 0, 0
137002, 4237977, 0, 0, 0
137101, 4137810, 0, 0, 0
137202, 4588229, 0, 0, 0
137304, 3908042, 0, 0, 0
137400, 4804266, 0, 0, 0
137501, 4217088, 0, 0, 0
137603, 4240368, 0, 0, 0
137704, 4787416, 0, 0, 0
137800, 4023497, 0, 0, 0
137902, 4412475, 0, 0, 0
138000, 4440098, 0, 0, 0
138100, 4569043, 0, 0, 0
138207, 3678862, 0, 0, 0
138301, 4929645, 0, 0, 0
138405, 4721379, 0, 0, 0
138504, 3983663, 0, 0, 0
138602, 5117329, 0, 0, 0
138701, 4984231, 0, 0, 0
138803, 4638295, 0, 0, 0
138900, 4192103, 0, 0, 0
139001, 4586455, 0, 0, 0
139101, 4354027, 0, 0, 0
139200, 4685149, 0, 0, 0
139300, 5006283, 0, 0, 0
139404, 4954621, 0, 0, 0
139505, 4408355, 0, 0, 0
139602, 4597501, 0, 0, 0
139703, 4201652, 0, 0, 0
139800, 4624758, 0, 0, 0
139903, 4293274, 0, 0, 0
140001, 4657614, 0, 0, 0
140101, 4164387, 0, 0, 0
140201, 4982826, 0, 0, 0
140302, 4843248, 0, 0, 0
140400, 4412369, 0, 0, 0
140500, 4542698, 0, 0, 0
140600, 4196200, 0, 0, 0
140700, 4723700, 0, 0, 0
140803, 4305779, 0, 0, 0
140904, 5607250, 0, 0, 0
141001, 4855064, 0, 0, 0
141104, 4486179, 0, 0, 0
141200, 4569070, 0, 0, 0
141300, 4148286, 0, 0, 0
141402, 4835594, 0, 0, 0
141502, 4567717, 0, 0, 0
141602, 4154252, 0, 0, 0
141701, 4318686, 0, 0, 0
141800, 4300293, 0, 0, 0
141903, 4465719, 0, 0, 0
142001, 4428652, 0, 0, 0
142101, 4545557, 0, 0, 0
142204, 4920375, 0, 0, 0
142303, 4133737, 0, 0, 0
142404, 4573473, 0, 0, 0
142504, 4001017, 0, 0, 0
142600, 4790434, 0, 0, 0
142706, 4613395, 0, 0, 0
142802, 4806790, 0, 0, 0
142902, 4342225, 0, 0, 0
143000, 4426481, 0, 0, 0
143100, 5012492, 0, 0, 0
143203, 3955476, 0, 0, 0
143303, 5234636, 0, 0, 0
143403, 4186517, 0, 0, 0
143500, 5078055, 0, 0, 0
143602, 4444471, 0, 0, 0
143702, 4175849, 0, 0, 0
143803, 4179333, 0, 0, 0
143906, 4482506, 0, 0, 0
144006, 4169029, 0, 0, 0
144102, 4575056, 0, 0, 0
144203, 4198587, 0, 0, 0
144305, 5099635, 0, 0, 0
144403, 4246327, 0, 0, 0
144501, 4484896, 0, 0, 0
144601, 4536292, 0, 0, 0
144702, 4784862, 0, 0, 0
144800, 4679405, 0, 0, 0
144900, 4524032, 0, 0, 0
145002, 4452831, 0, 0, 0
145101, 4477988, 0, 0, 0
145201, 4785524, 0, 0, 0
145301, 3993742, 0, 0, 0
145400, 4126623, 0, 0, 0
145500, 4349895, 0, 0, 0
145602, 4827227, 0, 0, 0
145701, 5215185, 0, 0, 0
145800, 4508472, 0, 0, 0
145902, 4413932, 0, 0, 0
146001, 4300289, 0, 0, 0
146103, 3784870, 0, 0, 0
146202, 4127659, 0, 0, 0
146301, 4929797, 0, 0, 0
146402, 4210736, 0, 0, 0
146501, 4499665, 0, 0, 0
146605, 4923682, 0, 0, 0
146704, 4129257, 0, 0, 0
146803, 4716306, 0, 0, 0
146901, 4283885, 0, 0, 0
147007, 4204865, 0, 0, 0
147105, 4446929, 0, 0, 0
147201, 4376722, 0, 0, 0
147303, 4063239, 0, 0, 0
147403, 4026870, 0, 0, 0
147502, 4483549, 0, 0, 0
147601, 3799446, 0, 0, 0
147701, 4373982, 0, 0, 0
147803, 4045921, 0, 0, 0
147902, 4502495, 0, 0, 0
148001, 4312692, 0, 0, 0
148102, 4569522, 0, 0, 0
148204, 3918782, 0, 0, 0
148306, 5100364, 0, 0, 0
148402, 4183575, 0, 0, 0
148500, 4270653, 0, 0, 0
148602, 4865872, 0, 0, 0
148704, 4813363, 0, 0, 0
148802, 4480707, 0, 0, 0
148900, 4452314, 0, 0, 0
149001, 4557980, 0, 0, 0
149104, 4297773, 0, 0, 0
149200, 4346310, 0, 0, 0
149302, 4659151, 0, 0, 0
149402, 4767033, 0, 0, 0
149503, 4588074, 0, 0, 0
149600, 4047851, 0, 0, 0
149702, 4594076, 0, 0, 0
149806, 5219428, 0, 0, 0
149901, 4332699, 0, 0, 0
150004, 4883560, 0, 0, 0
150102, 4883930, 0, 0, 0
150204, 4449147, 0, 0, 0
150305, 4570783, 0, 0, 0
150400, 4518408, 0, 0, 0
150503, 4692957, 0, 0, 0
150600, 4834048, 0, 0, 0
150703, 4492126, 0, 0, 0
150800, 4404167, 0, 0, 0
150902, 4254514, 0, 0, 0
151003, 4202088, 0, 0, 0
151101, 4056055, 0, 0, 0
151203, 4279552, 0, 0, 0
151300, 5076740, 0, 0, 0
151402, 4446589, 0, 0, 0
151500, 4225551, 0, 0, 0
151603, 4513155, 0, 0, 0
151702, 4483881, 0, 0, 0
151802, 4524080, 0, 0, 0
151904, 4441623, 0, 0, 0
152001, 4388526, 0, 0, 0
152100, 4123180, 0, 0, 0
152202, 4454288, 0, 0, 0
152301, 4100869, 0, 0, 0
152400, 4151226, 0, 0, 0
152500, 4157336, 0, 0, 0
152603, 3949451, 0, 0, 0
152702, 4725749, 0, 0, 0
152801, 4297855, 0, 0, 0
152902, 4045344, 0, 0, 0
153001, 4492803, 0, 0, 0
153103, 4071513, 0, 0, 0
153202, 4492476, 0, 0, 0
153300, 4265645, 0, 0, 0
153400, 4983491, 0, 0, 0
153500, 4553881, 0, 0, 0
153600, 4532106, 0, 0, 0
153704, 4721975, 0, 0, 0
153802, 5187411, 0, 0, 0
153901, 4276723, 0, 0, 0
154001, 4333608, 0, 0, 0
154102, 4838496, 0, 0, 0
154204, 4610245, 0, 0, 0
154300, 4194306, 0, 0, 0
154402, 4626996, 0, 0, 0
154500, 4633220, 0, 0, 0
154602, 4648217, 0, 0, 0
154700, 4444524, 0, 0, 0
154800, 4156717, 0, 0, 0
154901, 4631210, 0, 0, 0
155000, 4467659, 0, 0, 0
155102, 4257180, 0, 0, 0
155200, 3777538, 0, 0, 0
155300, 4142627, 0, 0, 0
155401, 4022660, 0, 0, 0
155500, 4314859, 0, 0, 0
155601, 4580932, 0, 0, 0
155704, 4921361, 0, 0, 0
155801, 4017263, 0, 0, 0
155901, 4368563, 0, 0, 0
156003, 3920724, 0, 0, 0
156102, 4680449, 0, 0, 0
156203, 4616635, 0, 0, 0
156304, 4562429, 0, 0, 0
156404, 4374640, 0, 0, 0
156503, 5217562, 0, 0, 0
156602, 4479291, 0, 0, 0
156703, 4606403, 0, 0, 0
156803, 4344169, 0, 0, 0
156903, 4959025, 0, 0, 0
157001, 4271131, 0, 0, 0
157101, 4350750, 0, 0, 0
157200, 4304008, 0, 0, 0
157305, 4994345, 0, 0, 0
157402, 4419276, 0, 0, 0
157502, 4516339, 0, 0, 0
157600, 4680311, 0, 0, 0
157700, 4544437, 0, 0, 0
157803, 4663692, 0, 0, 0
157900, 3869285, 0, 0, 0
158000, 5292060, 0, 0, 0
158103, 4902063, 0, 0, 0
158201, 4439098, 0, 0, 0
158300, 4959156, 0, 0, 0
158400, 4005690, 0, 0, 0
158503, 4645046, 0, 0, 0
158603, 4760879, 0, 0, 0
158704, 4617395, 0, 0, 0
158801, 4209862, 0, 0, 0
158903, 4415997, 0, 0, 0
159000, 4623543, 0, 0, 0
159104, 4510083, 0, 0, 0
159201, 4432869, 0, 0, 0
159303, 4059409, 0, 0, 0
159402, 4951815, 0, 0, 0
159501, 4944263, 0, 0, 0
159600, 4502769, 0, 0, 0
159705, 4010472, 0, 0, 0
159803, 4285892, 0, 0, 0
159903, 4530573, 0, 0, 0
160002, 4494239, 0, 0, 0
160101, 3945806, 0, 0, 0
160200, 4527742, 0, 0, 0
160301, 4399681, 0, 0, 0
160400, 4493390, 0, 0, 0
160503, 4091910, 0, 0, 0
160601, 4262460, 0, 0, 0
160700, 4513745, 0, 0, 0
160802, 5085551, 0, 0, 0
160901, 4701588, 0, 0, 0
161004, 4686644, 0, 0, 0
161106, 4840489, 0, 0, 0
161200, 4298671, 0, 0, 0
161302, 3893122, 0, 0, 0
161402, 4554257, 0, 0, 0
161501, 5222101, 0, 0, 0
161601, 4988216, 0, 0, 0
161700, 5210767, 0, 0, 0
161803, 4484520, 0, 0, 0
161904, 4045794, 0, 0, 0
162002, 4254147, 0, 0, 0
162103, 4024506, 0, 0, 0
162200, 4620935, 0, 0, 0
162303, 4665632, 0, 0, 0
162403, 4344334, 0, 0, 0
162501, 4670245, 0, 0, 0
162603, 4247489, 0, 0, 0
162702, 4696960, 0, 0, 0
162802, 4175389, 0, 0, 0
162907, 4360679, 0, 0, 0
163003, 4809420, 0, 0, 0
163106, 4477698, 0, 0, 0
163202, 4814759, 0, 0, 0
163305, 4653135, 0, 0, 0
163404, 4948877, 0, 0, 0
163502, 4688840, 0, 0, 0
163605, 4262464, 0, 0, 0
163702, 4634234, 0, 0, 0
163803, 4203744, 0, 0, 0
163902, 4300263, 0, 0, 0
164001, 4147807, 0, 0, 0
164104, 4646807, 0, 0, 0
164204, 4549684, 0, 0, 0
164300, 4380088, 0, 0, 0
164402, 4624458, 0, 0, 0
164503, 4562835, 0, 0, 0
164602, 4149821, 0, 0, 0
164702, 4136209, 0, 0, 0
164800, 4908535, 0, 0, 0
164902, 4636412, 0, 0, 0
165004, 4437023, 0, 0, 0
165102, 4662866, 0, 0, 0
165204, 4266513, 0, 0, 0
165301, 4587331, 0, 0, 0
165401, 4570155, 0, 0, 0
165502, 4349786, 0, 0, 0
165600, 4291774, 0, 0, 0
165703, 4089614, 0, 0, 0
165800, 4069017, 0, 0, 0
165900, 4508984, 0, 0, 0
166002, 4849145, 0, 0, 0
166100, 4088355, 0, 0, 0
166200, 4779287, 0, 0, 0
166303, 4657902, 0, 0, 0
166402, 3817766, 0, 0, 0
166500, 4436449, 0, 0, 0
166602, 4272192, 0, 0, 0
166701, 4700203, 0, 0, 0
166803, 4063903, 0, 0, 0
166902, 4719902, 0, 0, 0
167004, 4656188, 0, 0, 0
167104, 5217502, 0, 0, 0
167203, 5232105, 0, 0, 0
167300, 4416618, 0, 0, 0
167405, 4743364, 0, 0, 0
167501, 4366059, 0, 0, 0
167602, 4058642, 0, 0, 0
167704, 4053520, 0, 0, 0
167803, 3806260, 0, 0, 0
167900, 4236864, 0, 0, 0
168003, 4677109, 0, 0, 0
168101, 4255926, 0, 0, 0
168202, 4177604, 0, 0, 0
168302, 4181142, 0, 0, 0
168403, 4194249, 0, 0, 0
168502, 4491947, 0, 0, 0
168601, 3685409, 0, 0, 0
168703, 4255904, 0, 0, 0
168801, 3894201, 0, 0, 0
168901, 4345631, 0, 0, 0
169001, 5251793, 0, 0, 0
169106, 4383327, 0, 0, 0
169206, 4342826, 0, 0, 0
169302, 4592512, 0, 0, 0
169406, 4487351, 0, 0, 0
169502, 4200819, 0, 0, 0
169603, 4173199, 0, 0, 0
169703, 4162560, 0, 0, 0
169801, 4102611, 0, 0, 0
169902, 4598987, 0, 0, 0
170005, 4471516, 0, 0, 0
170102, 4818356, 0, 0, 0
170201, 4951994, 0, 0, 0
170303, 4656935, 0, 0, 0
170402, 4684928, 0, 0, 0
170504, 3768562, 0, 0, 0
170604, 4192960, 0, 0, 0
170704, 4507700, 0, 0, 0
170804, 3843391, 0, 0, 0
170901, 4244337, 0, 0, 0
171001, 3439804, 0, 0, 0
171103, 4854712, 0, 0, 0
171203, 4335565, 0, 0, 0
171302, 4523205, 0, 0, 0
171403, 4545649, 0, 0, 0
171507, 4725221, 0, 0, 0
171601, 4302883, 0, 0, 0
171701, 4529200, 0, 0, 0
171804, 4659546, 0, 0, 0
171902, 4103088, 0, 0, 0
172008, 5017956, 0, 0, 0
172101, 4452784, 0, 0, 0
172201, 4354190, 0, 0, 0
172303, 4638995, 0, 0, 0
172407, 4694910, 0, 0, 0
172501, 4075366, 0, 0, 0
172604, 4943282, 0, 0, 0
172703, 3936288, 0, 0, 0
172803, 4752846, 0, 0, 0
172904, 4596279, 0, 0, 0
173001, 4858793, 0, 0, 0
173101, 4510060, 0, 0, 0
173204, 4924550, 0, 0, 0
173300, 4592016, 0, 0, 0
173404, 4481658, 0, 0, 0
173502, 4911833, 0, 0, 0
173600, 4446439, 0, 0, 0
173701, 4616272, 0, 0, 0
173801, 4150781, 0, 0, 0
173902, 4046647, 0, 0, 0
174000, 3895203, 0, 0, 0
174103, 4281503, 0, 0, 0
174200, 4645500, 0, 0, 0
174301, 4557886, 0, 0, 0
174404, 4485851, 0, 0, 0
174500, 4564430, 0, 0, 0
174601, 4593720, 0, 0, 0
174702, 4186122, 0, 0, 0
174801, 4302414, 0, 0, 0
174901, 5041418, 0, 0, 0
175000, 4472144, 0, 0, 0
175100, 4747664, 0, 0, 0
175205, 4780973, 0, 0, 0
175307, 5107329, 0, 0, 0
175402, 4996785, 0, 0, 0
175502, 4732016, 0, 0, 0
175603, 4391560, 0, 0, 0
175703, 4186718, 0, 0, 0
175804, 4400020, 0, 0, 0
175900, 3997990, 0, 0, 0
176001, 4351490, 0, 0, 0
176101, 4784383, 0, 0, 0
176202, 4187766, 0, 0, 0
176300, 4288362, 0, 0, 0
176402, 5083174, 0, 0, 0
176500, 4078985, 0, 0, 0
176601, 5028223, 0, 0, 0
176701, 4173845, 0, 0, 0
176801, 4551860, 0, 0, 0
176900, 4704879, 0, 0, 0
177003, 4490031, 0, 0, 0
177102, 4302488, 0, 0, 0
177201, 4487921, 0, 0, 0
177303, 4050038, 0, 0, 0
177402, 4146797, 0, 0, 0
177500, 4461777, 0, 0, 0
177602, 4242930, 0, 0, 0
177702, 4727077, 0, 0, 0
177801, 4499260, 0, 0, 0
177901, 4576323, 0, 0, 0
178003, 4239046, 0, 0, 0
178103, 4967106, 0, 0, 0
178204, 4614375, 0, 0, 0
178306, 5651482, 0, 0, 0
178401, 4735055, 0, 0, 0
178501, 5000435, 0, 0, 0
178601, 4364237, 0, 0, 0
178700, 4696261, 0, 0, 0
178804, 3983109, 0, 0, 0
178901, 4637952, 0, 0, 0
179002, 4829068, 0, 0, 0
179103, 3880005, 0, 0, 0
179203, 4534314, 0, 0, 0
179303, 4315893, 0, 0, 0
179400, 4059145, 0, 0, 0
179500, 5231209, 0, 0, 0
179605, 5001890, 0, 0, 0
179703, 4927607, 0, 0, 0
179800, 4217087, 0, 0, 0
179900, 4752930, 0, 0, 0
180001, 4780756, 0, 0, 0
