250, 372, 0, 0, 0
350, 380, 0, 0, 0
450, 370, 0, 0, 0
551, 350, 0, 0, 0
651, 380, 0, 0, 0
751, 360, 0, 0, 0
851, 360, 0, 0, 0
951, 370, 0, 0, 0
1051, 360, 0, 0, 0
1152, 370, 0, 0, 0
1252, 360, 0, 0, 0
1352, 350, 0, 0, 0
1452, 340, 0, 0, 0
1552, 360, 0, 0, 0
1652, 380, 0, 0, 0
1753, 350, 0, 0, 0
1853, 330, 0, 0, 0
1953, 340, 0, 0, 0
2053, 370, 0, 0, 0
2153, 360, 0, 0, 0
2254, 370, 0, 0, 0
2354, 360, 0, 0, 0
2454, 370, 0, 0, 0
2554, 360, 0, 0, 0
2654, 380, 0, 0, 0
2755, 380, 0, 0, 0
2855, 420, 0, 0, 0
2955, 370, 0, 0, 0
3055, 350, 0, 0, 0
3155, 350, 0, 0, 0
3256, 340, 0, 0, 0
3356, 370, 0, 0, 0
3456, 360, 0, 0, 0
3556, 380, 0, 0, 0
3656, 380, 0, 0, 0
3757, 360, 0, 0, 0
3857, 360, 0, 0, 0
3957, 370, 0, 0, 0
4057, 380, 0, 0, 0
4157, 380, 0, 0, 0
4258, 370, 0, 0, 0
4358, 380, 0, 0, 0
4458, 350, 0, 0, 0
4558, 350, 0, 0, 0
4658, 350, 0, 0, 0
4758, 360, 0, 0, 0
4858, 360, 0, 0, 0
4959, 400, 0, 0, 0
5059, 370, 0, 0, 0
5159, 360, 0, 0, 0
5259, 350, 0, 0, 0
5359, 370, 0, 0, 0
5459, 350, 0, 0, 0
5560, 390, 0, 0, 0
5660, 380, 0, 0, 0
5760, 380, 0, 0, 0
5860, 390, 0, 0, 0
5960, 340, 0, 0, 0
6061, 360, 0, 0, 0
6161, 390, 0, 0, 0
6261, 380, 0, 0, 0
6361, 360, 0, 0, 0
6461, 360, 0, 0, 0
6562, 360, 0, 0, 0
6662, 370, 0, 0, 0
6762, 370, 0, 0, 0
6862, 360, 0, 0, 0
6962, 350, 0, 0, 0
7062, 340, 0, 0, 0
7163, 350, 0, 0, 0
7263, 360, 0, 0, 0
7363, 350, 0, 0, 0
7463, 380, 0, 0, 0
7564, 390, 0, 0, 0
7664, 350, 0, 0, 0
7764, 390, 0, 0, 0
7864, 360, 0, 0, 0
7964, 380, 0, 0, 0
8064, 420, 0, 0, 0
8164, 390, 0, 0, 0
8265, 410, 0, 0, 0
8365, 380, 0, 0, 0
8465, 330, 0, 0, 0
8565, 390, 0, 0, 0
8665, 350, 0, 0, 0
8766, 350, 0, 0, 0
8866, 360, 0, 0, 0
8966, 340, 0, 0, 0
9066, 350, 0, 0, 0
9166, 340, 0, 0, 0
9266, 340, 0, 0, 0
9367, 370, 0, 0, 0
9467, 400, 0, 0, 0
9567, 400, 0, 0, 0
9667, 370, 0, 0, 0
9767, 430, 0, 0, 0
9867, 390, 0, 0, 0
9968, 350, 0, 0, 0
10068, 380, 0, 0, 0
10168, 340, 0, 0, 0
10268, 330, 0, 0, 0
10368, 350, 0, 0, 0
10468, 390, 0, 0, 0
10569, 410, 0, 0, 0
10669, 380, 0, 0, 0
10769, 380, 0, 0, 0
10869, 350, 0, 0, 0
10969, 340, 0, 0, 0
11070, 380, 0, 0, 0
11170, 360, 0, 0, 0
11270, 360, 0, 0, 0
11370, 340, 0, 0, 0
11470, 370, 0, 0, 0
11571, 360, 0, 0, 0
11671, 340, 0, 0, 0
11771, 350, 0, 0, 0
11871, 380, 0, 0, 0
11971, 400, 0, 0, 0
12071, 400, 0, 0, 0
12172, 400, 0, 0, 0
12272, 400, 0, 0, 0
12372, 390, 0, 0, 0
12472, 410, 0, 0, 0
12572, 400, 0, 0, 0
12672, 370, 0, 0, 0
12773, 380, 0, 0, 0
12873, 380, 0, 0, 0
12973, 390, 0, 0, 0
13073, 400, 0, 0, 0
13173, 360, 0, 0, 0
13274, 370, 0, 0, 0
13374, 370, 0, 0, 0
13474, 370, 0, 0, 0
13574, 350, 0, 0, 0
13674, 350, 0, 0, 0
13774, 360, 0, 0, 0
13874, 350, 0, 0, 0
13975, 360, 0, 0, 0
14075, 360, 0, 0, 0
14175, 370, 0, 0, 0
14275, 340, 0, 0, 0
14375, 370, 0, 0, 0
14475, 370, 0, 0, 0
14576, 370, 0, 0, 0
14676, 390, 0, 0, 0
14776, 420, 0, 0, 0
14876, 400, 0, 0, 0
14976, 400, 0, 0, 0
15076, 390, 0, 0, 0
15176, 380, 0, 0, 0
15277, 400, 0, 0, 0
15377, 350, 0, 0, 0
15477, 360, 0, 0, 0
15577, 350, 0, 0, 0
15677, 320, 0, 0, 0
15778, 370, 0, 0, 0
15878, 370, 0, 0, 0
15978, 380, 0, 0, 0
16078, 360, 0, 0, 0
16178, 360, 0, 0, 0
16279, 370, 0, 0, 0
16379, 370, 0, 0, 0
16479, 360, 0, 0, 0
16579, 360, 0, 0, 0
16679, 340, 0, 0, 0
16780, 370, 0, 0, 0
16880, 410, 0, 0, 0
16980, 390, 0, 0, 0
17080, 380, 0, 0, 0
17180, 370, 0, 0, 0
17280, 350, 0, 0, 0
17381, 370, 0, 0, 0
17481, 370, 0, 0, 0
17581, 370, 0, 0, 0
17681, 380, 0, 0, 0
17781, 370, 0, 0, 0
17881, 360, 0, 0, 0
17982, 340, 0, 0, 0
18082, 360, 0, 0, 0
18182, 360, 0, 0, 0
18282, 330, 0, 0, 0
18382, 390, 0, 0, 0
18482, 360, 0, 0, 0
18583, 380, 0, 0, 0
18683, 350, 0, 0, 0
18783, 360, 0, 0, 0
18883, 350, 0, 0, 0
18983, 390, 0, 0, 0
19084, 360, 0, 0, 0
19184, 350, 0, 0, 0
19284, 370, 0, 0, 0
19384, 370, 0, 0, 0
19484, 360, 0, 0, 0
19584, 360, 0, 0, 0
19684, 380, 0, 0, 0
19785, 340, 0, 0, 0
19885, 350, 0, 0, 0
19985, 380, 0, 0, 0
20085, 400, 0, 0, 0
20185, 350, 0, 0, 0
20286, 370, 0, 0, 0
20386, 380, 0, 0, 0
20486, 350, 0, 0, 0
20586, 360, 0, 0, 0
20686, 350, 0, 0, 0
20787, 340, 0, 0, 0
20887, 360, 0, 0, 0
20987, 360, 0, 0, 0
21088, 360, 0, 0, 0
21188, 330, 0, 0, 0
21288, 360, 0, 0, 0
21388, 380, 0, 0, 0
21488, 360, 0, 0, 0
21589, 360, 0, 0, 0
21689, 380, 0, 0, 0
21789, 360, 0, 0, 0
21889, 410, 0, 0, 0
21989, 380, 0, 0, 0
22089, 360, 0, 0, 0
22189, 370, 0, 0, 0
22290, 360, 0, 0, 0
22390, 350, 0, 0, 0
22490, 390, 0, 0, 0
22590, 350, 0, 0, 0
22690, 370, 0, 0, 0
22791, 390, 0, 0, 0
22891, 360, 0, 0, 0
22991, 360, 0, 0, 0
23091, 380, 0, 0, 0
23191, 390, 0, 0, 0
23292, 370, 0, 0, 0
23392, 350, 0, 0, 0
23492, 360, 0, 0, 0
23592, 360, 0, 0, 0
23692, 400, 0, 0, 0
23793, 330, 0, 0, 0
23893, 360, 0, 0, 0
23993, 380, 0, 0, 0
24093, 370, 0, 0, 0
24193, 350, 0, 0, 0
24293, 360, 0, 0, 0
24394, 370, 0, 0, 0
24494, 360, 0, 0, 0
24594, 360, 0, 0, 0
24694, 340, 0, 0, 0
24794, 370, 0, 0, 0
24894, 340, 0, 0, 0
24994, 350, 0, 0, 0
25095, 370, 0, 0, 0
25195, 350, 0, 0, 0
25295, 360, 0, 0, 0
25395, 350, 0, 0, 0
25495, 350, 0, 0, 0
25596, 360, 0, 0, 0
25696, 370, 0, 0, 0
25796, 350, 0, 0, 0
25896, 350, 0, 0, 0
25996, 370, 0, 0, 0
26097, 390, 0, 0, 0
26197, 370, 0, 0, 0
26297, 360, 0, 0, 0
26397, 390, 0, 0, 0
26497, 370, 0, 0, 0
26598, 380, 0, 0, 0
26698, 360, 0, 0, 0
26798, 350, 0, 0, 0
26898, 330, 0, 0, 0
26998, 340, 0, 0, 0
27099, 390, 0, 0, 0
27199, 360, 0, 0, 0
27299, 360, 0, 0, 0
27399, 400, 0, 0, 0
27499, 370, 0, 0, 0
27599, 390, 0, 0, 0
27699, 370, 0, 0, 0
27800, 340, 0, 0, 0
27900, 370, 0, 0, 0
27999, 373, 0, 0, 0
28099, 350, 0, 0, 0
28199, 360, 0, 0, 0
28299, 370, 0, 0, 0
28400, 380, 0, 0, 0
28499, 383, 0, 0, 0
28599, 360, 0, 0, 0
28699, 350, 0, 0, 0
28799, 330, 0, 0, 0
28899, 360, 0, 0, 0
29000, 360, 0, 0, 0
29100, 370, 0, 0, 0
29200, 340, 0, 0, 0
29300, 350, 0, 0, 0
29400, 370, 0, 0, 0
29499, 363, 0, 0, 0
29599, 370, 0, 0, 0
29699, 390, 0, 0, 0
29800, 380, 0, 0, 0
29900, 380, 0, 0, 0
29999, 353, 0, 0, 0
30099, 370, 0, 0, 0
30199, 350, 0, 0, 0
30300, 380, 0, 0, 0
30400, 350, 0, 0, 0
30499, 363, 0, 0, 0
30599, 360, 0, 0, 0
30699, 350, 0, 0, 0
30799, 370, 0, 0, 0
30900, 340, 0, 0, 0
30999, 383, 0, 0, 0
31099, 370, 0, 0, 0
31199, 360, 0, 0, 0
31299, 350, 0, 0, 0
31399, 330, 0, 0, 0
31499, 363, 0, 0, 0
31599, 380, 0, 0, 0
31699, 370, 0, 0, 0
31799, 360, 0, 0, 0
31899, 390, 0, 0, 0
31999, 370, 0, 0, 0
32099, 370, 0, 0, 0
32200, 350, 0, 0, 0
32300, 360, 0, 0, 0
32400, 360, 0, 0, 0
32499, 343, 0, 0, 0
32599, 380, 0, 0, 0
32699, 340, 0, 0, 0
32800, 350, 0, 0, 0
32900, 370, 0, 0, 0
32999, 373, 0, 0, 0
33099, 350, 0, 0, 0
33199, 370, 0, 0, 0
33300, 360, 0, 0, 0
33400, 390, 0, 0, 0
33499, 363, 0, 0, 0
33599, 360, 0, 0, 0
33699, 340, 0, 0, 0
33799, 340, 0, 0, 0
33899, 340, 0, 0, 0
33999, 363, 0, 0, 0
34099, 350, 0, 0, 0
34199, 340, 0, 0, 0
34299, 350, 0, 0, 0
34399, 340, 0, 0, 0
34499, 343, 0, 0, 0
34599, 390, 0, 0, 0
34699, 360, 0, 0, 0
34799, 360, 0, 0, 0
34899, 390, 0, 0, 0
34999, 400, 0, 0, 0
35099, 370, 0, 0, 0
35200, 390, 0, 0, 0
35300, 370, 0, 0, 0
35400, 380, 0, 0, 0
35499, 353, 0, 0, 0
35599, 360, 0, 0, 0
35699, 370, 0, 0, 0
35799, 370, 0, 0, 0
35899, 390, 0, 0, 0
35999, 383, 0, 0, 0
36099, 370, 0, 0, 0
36199, 360, 0, 0, 0
36299, 360, 0, 0, 0
36399, 400, 0, 0, 0
36499, 343, 0, 0, 0
36599, 350, 0, 0, 0
36699, 350, 0, 0, 0
36799, 350, 0, 0, 0
36899, 380, 0, 0, 0
36999, 370, 0, 0, 0
37099, 380, 0, 0, 0
37200, 400, 0, 0, 0
37300, 380, 0, 0, 0
37400, 340, 0, 0, 0
37499, 333, 0, 0, 0
37599, 330, 0, 0, 0
37699, 360, 0, 0, 0
37799, 350, 0, 0, 0
37900, 370, 0, 0, 0
37999, 363, 0, 0, 0
38099, 340, 0, 0, 0
38199, 360, 0, 0, 0
38299, 370, 0, 0, 0
38399, 380, 0, 0, 0
38500, 370, 0, 0, 0
38600, 380, 0, 0, 0
38700, 360, 0, 0, 0
38800, 360, 0, 0, 0
38900, 380, 0, 0, 0
38999, 353, 0, 0, 0
39099, 380, 0, 0, 0
39199, 350, 0, 0, 0
39300, 350, 0, 0, 0
39400, 360, 0, 0, 0
39499, 393, 0, 0, 0
39599, 380, 0, 0, 0
39699, 390, 0, 0, 0
39800, 360, 0, 0, 0
39900, 380, 0, 0, 0
39999, 373, 0, 0, 0
40099, 340, 0, 0, 0
40199, 370, 0, 0, 0
40299, 340, 0, 0, 0
40400, 380, 0, 0, 0
40499, 363, 0, 0, 0
40599, 410, 0, 0, 0
40699, 360, 0, 0, 0
40799, 400, 0, 0, 0
40899, 390, 0, 0, 0
40999, 383, 0, 0, 0
41099, 350, 0, 0, 0
41199, 380, 0, 0, 0
41299, 380, 0, 0, 0
41399, 380, 0, 0, 0
41499, 350, 0, 0, 0
41599, 370, 0, 0, 0
41699, 370, 0, 0, 0
41800, 330, 0, 0, 0
41900, 380, 0, 0, 0
41999, 363, 0, 0, 0
42099, 380, 0, 0, 0
42199, 350, 0, 0, 0
42299, 380, 0, 0, 0
42400, 370, 0, 0, 0
42499, 343, 0, 0, 0
42599, 360, 0, 0, 0
42699, 360, 0, 0, 0
42799, 380, 0, 0, 0
42899, 350, 0, 0, 0
42999, 353, 0, 0, 0
43099, 380, 0, 0, 0
43199, 360, 0, 0, 0
43299, 370, 0, 0, 0
43399, 380, 0, 0, 0
43499, 370, 0, 0, 0
43599, 360, 0, 0, 0
43699, 360, 0, 0, 0
43800, 350, 0, 0, 0
43900, 320, 0, 0, 0
43999, 363, 0, 0, 0
44099, 350, 0, 0, 0
44199, 360, 0, 0, 0
44300, 350, 0, 0, 0
44400, 360, 0, 0, 0
44499, 353, 0, 0, 0
44599, 340, 0, 0, 0
44699, 360, 0, 0, 0
44799, 340, 0, 0, 0
44899, 360, 0, 0, 0
44999, 353, 0, 0, 0
45099, 370, 0, 0, 0
45199, 380, 0, 0, 0
45299, 310, 0, 0, 0
45399, 380, 0, 0, 0
45500, 340, 0, 0, 0
45600, 350, 0, 0, 0
45700, 330, 0, 0, 0
45800, 330, 0, 0, 0
45900, 340, 0, 0, 0
45999, 343, 0, 0, 0
46099, 360, 0, 0, 0
46199, 340, 0, 0, 0
46300, 360, 0, 0, 0
46400, 340, 0, 0, 0
46499, 373, 0, 0, 0
46599, 360, 0, 0, 0
46699, 370, 0, 0, 0
46800, 340, 0, 0, 0
46900, 340, 0, 0, 0
46999, 343, 0, 0, 0
47099, 360, 0, 0, 0
47199, 350, 0, 0, 0
47299, 350, 0, 0, 0
47399, 320, 0, 0, 0
47499, 373, 0, 0, 0
47599, 350, 0, 0, 0
47699, 360, 0, 0, 0
47799, 360, 0, 0, 0
47899, 380, 0, 0, 0
47999, 390, 0, 0, 0
48100, 350, 0, 0, 0
48200, 340, 0, 0, 0
48300, 370, 0, 0, 0
48400, 350, 0, 0, 0
48499, 383, 0, 0, 0
48599, 350, 0, 0, 0
48699, 380, 0, 0, 0
48800, 370, 0, 0, 0
48900, 350, 0, 0, 0
48999, 343, 0, 0, 0
49099, 340, 0, 0, 0
49199, 330, 0, 0, 0
49299, 350, 0, 0, 0
49399, 370, 0, 0, 0
49499, 333, 0, 0, 0
49599, 370, 0, 0, 0
49699, 350, 0, 0, 0
49799, 370, 0, 0, 0
49899, 360, 0, 0, 0
49999, 390, 0, 0, 0
50099, 390, 0, 0, 0
50199, 360, 0, 0, 0
50300, 360, 0, 0, 0
50400, 330, 0, 0, 0
50499, 393, 0, 0, 0
50599, 350, 0, 0, 0
50699, 370, 0, 0, 0
50800, 380, 0, 0, 0
50900, 390, 0, 0, 0
50999, 393, 0, 0, 0
51099, 370, 0, 0, 0
51199, 350, 0, 0, 0
51299, 380, 0, 0, 0
51399, 350, 0, 0, 0
51499, 363, 0, 0, 0
51599, 360, 0, 0, 0
51699, 360, 0, 0, 0
51799, 380, 0, 0, 0
51899, 350, 0, 0, 0
51999, 370, 0, 0, 0
52099, 350, 0, 0, 0
52200, 350, 0, 0, 0
52300, 360, 0, 0, 0
52400, 340, 0, 0, 0
52499, 363, 0, 0, 0
52599, 320, 0, 0, 0
52699, 360, 0, 0, 0
52800, 360, 0, 0, 0
52900, 330, 0, 0, 0
52999, 363, 0, 0, 0
53099, 370, 0, 0, 0
53199, 370, 0, 0, 0
53299, 370, 0, 0, 0
53399, 360, 0, 0, 0
53499, 373, 0, 0, 0
53599, 380, 0, 0, 0
53699, 360, 0, 0, 0
53799, 340, 0, 0, 0
53899, 360, 0, 0, 0
53999, 373, 0, 0, 0
54099, 370, 0, 0, 0
54199, 380, 0, 0, 0
54299, 390, 0, 0, 0
54399, 370, 0, 0, 0
54499, 390, 0, 0, 0
54599, 350, 0, 0, 0
54700, 360, 0, 0, 0
54800, 390, 0, 0, 0
54900, 390, 0, 0, 0
54999, 373, 0, 0, 0
55099, 380, 0, 0, 0
55199, 370, 0, 0, 0
55299, 360, 0, 0, 0
55400, 380, 0, 0, 0
55499, 353, 0, 0, 0
55599, 360, 0, 0, 0
55699, 370, 0, 0, 0
55799, 410, 0, 0, 0
55899, 390, 0, 0, 0
55999, 393, 0, 0, 0
56099, 340, 0, 0, 0
56199, 360, 0, 0, 0
56299, 370, 0, 0, 0
56399, 370, 0, 0, 0
56499, 390, 0, 0, 0
56599, 350, 0, 0, 0
56699, 380, 0, 0, 0
56800, 370, 0, 0, 0
56900, 340, 0, 0, 0
56999, 363, 0, 0, 0
57099, 380, 0, 0, 0
57199, 370, 0, 0, 0
57299, 390, 0, 0, 0
57400, 400, 0, 0, 0
57499, 393, 0, 0, 0
57599, 370, 0, 0, 0
57699, 360, 0, 0, 0
57799, 370, 0, 0, 0
57899, 360, 0, 0, 0
57999, 363, 0, 0, 0
58099, 360, 0, 0, 0
58199, 340, 0, 0, 0
58299, 370, 0, 0, 0
58399, 350, 0, 0, 0
58498, 373, 0, 0, 0
58599, 380, 0, 0, 0
58699, 370, 0, 0, 0
58799, 330, 0, 0, 0
58899, 360, 0, 0, 0
58999, 370, 0, 0, 0
59099, 370, 0, 0, 0
59199, 370, 0, 0, 0
59300, 360, 0, 0, 0
59400, 350, 0, 0, 0
59499, 373, 0, 0, 0
59599, 370, 0, 0, 0
59699, 380, 0, 0, 0
59799, 370, 0, 0, 0
59899, 360, 0, 0, 0
59999, 353, 0, 0, 0
60099, 370, 0, 0, 0
60199, 380, 0, 0, 0
60299, 380, 0, 0, 0
60399, 350, 0, 0, 0
60498, 373, 0, 0, 0
60599, 360, 0, 0, 0
60699, 360, 0, 0, 0
60799, 360, 0, 0, 0
60899, 360, 0, 0, 0
60999, 380, 0, 0, 0
61099, 390, 0, 0, 0
61199, 380, 0, 0, 0
61300, 350, 0, 0, 0
61400, 360, 0, 0, 0
61499, 333, 0, 0, 0
61599, 340, 0, 0, 0
61699, 350, 0, 0, 0
61800, 400, 0, 0, 0
61900, 360, 0, 0, 0
61999, 363, 0, 0, 0
62099, 340, 0, 0, 0
62199, 360, 0, 0, 0
62299, 350, 0, 0, 0
62399, 360, 0, 0, 0
62499, 353, 0, 0, 0
62599, 390, 0, 0, 0
62699, 360, 0, 0, 0
62799, 370, 0, 0, 0
62899, 360, 0, 0, 0
62998, 353, 0, 0, 0
63099, 350, 0, 0, 0
63199, 390, 0, 0, 0
63299, 370, 0, 0, 0
63399, 370, 0, 0, 0
63499, 340, 0, 0, 0
63599, 360, 0, 0, 0
63699, 340, 0, 0, 0
63800, 380, 0, 0, 0
63900, 380, 0, 0, 0
63999, 343, 0, 0, 0
64099, 350, 0, 0, 0
64199, 350, 0, 0, 0
64300, 340, 0, 0, 0
64400, 350, 0, 0, 0
64499, 363, 0, 0, 0
64599, 350, 0, 0, 0
64699, 350, 0, 0, 0
64800, 330, 0, 0, 0
64900, 380, 0, 0, 0
64999, 343, 0, 0, 0
65099, 320, 0, 0, 0
65199, 370, 0, 0, 0
65299, 340, 0, 0, 0
65399, 370, 0, 0, 0
65499, 363, 0, 0, 0
65599, 360, 0, 0, 0
65699, 320, 0, 0, 0
65799, 340, 0, 0, 0
65899, 350, 0, 0, 0
65999, 373, 0, 0, 0
66099, 320, 0, 0, 0
66199, 320, 0, 0, 0
66299, 330, 0, 0, 0
66399, 350, 0, 0, 0
66499, 333, 0, 0, 0
66599, 340, 0, 0, 0
66699, 360, 0, 0, 0
66799, 330, 0, 0, 0
66899, 350, 0, 0, 0
66999, 363, 0, 0, 0
67099, 350, 0, 0, 0
67199, 340, 0, 0, 0
67299, 340, 0, 0, 0
67399, 350, 0, 0, 0
67498, 363, 0, 0, 0
67598, 350, 0, 0, 0
67699, 370, 0, 0, 0
67799, 360, 0, 0, 0
67899, 330, 0, 0, 0
67999, 370, 0, 0, 0
68099, 410, 0, 0, 0
68199, 390, 0, 0, 0
68300, 410, 0, 0, 0
68400, 340, 0, 0, 0
68499, 383, 0, 0, 0
68599, 350, 0, 0, 0
68699, 360, 0, 0, 0
68800, 370, 0, 0, 0
68900, 380, 0, 0, 0
68999, 373, 0, 0, 0
69099, 350, 0, 0, 0
69199, 370, 0, 0, 0
69299, 350, 0, 0, 0
69399, 380, 0, 0, 0
69499, 383, 0, 0, 0
69599, 370, 0, 0, 0
69699, 360, 0, 0, 0
69799, 350, 0, 0, 0
69899, 350, 0, 0, 0
69999, 330, 0, 0, 0
70099, 370, 0, 0, 0
70200, 340, 0, 0, 0
70300, 350, 0, 0, 0
70400, 370, 0, 0, 0
70499, 333, 0, 0, 0
70599, 370, 0, 0, 0
70699, 340, 0, 0, 0
70800, 380, 0, 0, 0
70900, 380, 0, 0, 0
70999, 393, 0, 0, 0
71099, 350, 0, 0, 0
71199, 370, 0, 0, 0
71300, 360, 0, 0, 0
71400, 380, 0, 0, 0
71499, 373, 0, 0, 0
71599, 380, 0, 0, 0
71699, 370, 0, 0, 0
71799, 360, 0, 0, 0
71899, 400, 0, 0, 0
71999, 373, 0, 0, 0
72099, 390, 0, 0, 0
72199, 370, 0, 0, 0
72299, 370, 0, 0, 0
72399, 360, 0, 0, 0
72499, 340, 0, 0, 0
72599, 400, 0, 0, 0
72699, 380, 0, 0, 0
72800, 370, 0, 0, 0
72900, 360, 0, 0, 0
72999, 363, 0, 0, 0
73099, 350, 0, 0, 0
73199, 330, 0, 0, 0
73299, 390, 0, 0, 0
73400, 340, 0, 0, 0
73499, 353, 0, 0, 0
73599, 330, 0, 0, 0
73699, 330, 0, 0, 0
73799, 370, 0, 0, 0
73899, 380, 0, 0, 0
73999, 373, 0, 0, 0
74099, 380, 0, 0, 0
74199, 360, 0, 0, 0
74299, 390, 0, 0, 0
74399, 370, 0, 0, 0
74499, 353, 0, 0, 0
74599, 350, 0, 0, 0
74699, 380, 0, 0, 0
74799, 350, 0, 0, 0
74899, 370, 0, 0, 0
74998, 383, 0, 0, 0
75098, 370, 0, 0, 0
75199, 400, 0, 0, 0
75299, 360, 0, 0, 0
75399, 360, 0, 0, 0
75499, 350, 0, 0, 0
75599, 380, 0, 0, 0
75699, 380, 0, 0, 0
75800, 350, 0, 0, 0
75900, 350, 0, 0, 0
75999, 363, 0, 0, 0
76099, 370, 0, 0, 0
76199, 370, 0, 0, 0
76299, 350, 0, 0, 0
76399, 370, 0, 0, 0
76499, 373, 0, 0, 0
76599, 380, 0, 0, 0
76699, 350, 0, 0, 0
76799, 370, 0, 0, 0
76899, 350, 0, 0, 0
76998, 383, 0, 0, 0
77099, 360, 0, 0, 0
77199, 380, 0, 0, 0
77299, 350, 0, 0, 0
77399, 380, 0, 0, 0
77499, 360, 0, 0, 0
77600, 370, 0, 0, 0
77700, 390, 0, 0, 0
77800, 370, 0, 0, 0
77900, 360, 0, 0, 0
77999, 363, 0, 0, 0
78099, 360, 0, 0, 0
78199, 370, 0, 0, 0
78300, 350, 0, 0, 0
78400, 350, 0, 0, 0
78499, 353, 0, 0, 0
78599, 370, 0, 0, 0
78699, 370, 0, 0, 0
78800, 350, 0, 0, 0
78900, 350, 0, 0, 0
78999, 373, 0, 0, 0
79099, 390, 0, 0, 0
79199, 370, 0, 0, 0
79299, 380, 0, 0, 0
79399, 390, 0, 0, 0
79499, 353, 0, 0, 0
79599, 370, 0, 0, 0
79699, 350, 0, 0, 0
79799, 380, 0, 0, 0
79899, 380, 0, 0, 0
79998, 363, 0, 0, 0
80098, 370, 0, 0, 0
80199, 360, 0, 0, 0
80299, 380, 0, 0, 0
80399, 360, 0, 0, 0
80499, 380, 0, 0, 0
80599, 360, 0, 0, 0
80699, 350, 0, 0, 0
80800, 370, 0, 0, 0
80900, 350, 0, 0, 0
80999, 343, 0, 0, 0
81099, 360, 0, 0, 0
81199, 360, 0, 0, 0
81299, 350, 0, 0, 0
81399, 360, 0, 0, 0
81499, 353, 0, 0, 0
81599, 340, 0, 0, 0
81699, 360, 0, 0, 0
81799, 380, 0, 0, 0
81899, 360, 0, 0, 0
81999, 343, 0, 0, 0
82099, 400, 0, 0, 0
82199, 380, 0, 0, 0
82299, 370, 0, 0, 0
82399, 360, 0, 0, 0
82499, 410, 0, 0, 0
82599, 390, 0, 0, 0
82699, 350, 0, 0, 0
82800, 350, 0, 0, 0
82900, 360, 0, 0, 0
82999, 373, 0, 0, 0
83099, 390, 0, 0, 0
83199, 360, 0, 0, 0
83300, 390, 0, 0, 0
83400, 390, 0, 0, 0
83499, 363, 0, 0, 0
83599, 380, 0, 0, 0
83699, 350, 0, 0, 0
83799, 380, 0, 0, 0
83899, 370, 0, 0, 0
83999, 363, 0, 0, 0
84099, 380, 0, 0, 0
84199, 380, 0, 0, 0
84300, 330, 0, 0, 0
84400, 340, 0, 0, 0
84499, 343, 0, 0, 0
84599, 370, 0, 0, 0
84699, 350, 0, 0, 0
84799, 340, 0, 0, 0
84899, 360, 0, 0, 0
84999, 373, 0, 0, 0
85099, 380, 0, 0, 0
85199, 370, 0, 0, 0
85299, 380, 0, 0, 0
85399, 400, 0, 0, 0
85499, 383, 0, 0, 0
85599, 360, 0, 0, 0
85699, 360, 0, 0, 0
85799, 370, 0, 0, 0
85899, 360, 0, 0, 0
85999, 333, 0, 0, 0
86099, 350, 0, 0, 0
86199, 350, 0, 0, 0
86299, 370, 0, 0, 0
86399, 360, 0, 0, 0
86499, 343, 0, 0, 0
86599, 380, 0, 0, 0
86699, 350, 0, 0, 0
86799, 370, 0, 0, 0
86899, 400, 0, 0, 0
86999, 370, 0, 0, 0
87099, 370, 0, 0, 0
87199, 350, 0, 0, 0
87300, 370, 0, 0, 0
87400, 360, 0, 0, 0
87499, 343, 0, 0, 0
87599, 360, 0, 0, 0
87699, 360, 0, 0, 0
87800, 390, 0, 0, 0
87900, 340, 0, 0, 0
87999, 373, 0, 0, 0
88099, 360, 0, 0, 0
88199, 340, 0, 0, 0
88300, 360, 0, 0, 0
88400, 350, 0, 0, 0
88499, 373, 0, 0, 0
88599, 410, 0, 0, 0
88699, 370, 0, 0, 0
88799, 370, 0, 0, 0
88899, 350, 0, 0, 0
88999, 363, 0, 0, 0
89099, 350, 0, 0, 0
89199, 370, 0, 0, 0
89299, 380, 0, 0, 0
89399, 370, 0, 0, 0
89498, 383, 0, 0, 0
89599, 360, 0, 0, 0
89699, 360, 0, 0, 0
89799, 340, 0, 0, 0
89899, 360, 0, 0, 0
89998, 363, 0, 0, 0
