103, 3709465, 0, 0, 0
203, 3856499, 0, 0, 0
301, 3436725, 0, 0, 0
400, 3442531, 0, 0, 0
502, 3267925, 0, 0, 0
603, 3187783, 0, 0, 0
703, 3905162, 0, 0, 0
806, 3695840, 0, 0, 0
901, 3428035, 0, 0, 0
1000, 3595958, 0, 0, 0
1100, 3720936, 0, 0, 0
1201, 3698318, 0, 0, 0
1300, 3981083, 0, 0, 0
1400, 3679559, 0, 0, 0
1500, 3099551, 0, 0, 0
1601, 3580572, 0, 0, 0
1701, 3383310, 0, 0, 0
1801, 3630756, 0, 0, 0
1900, 3680353, 0, 0, 0
2000, 3572076, 0, 0, 0
2100, 3711911, 0, 0, 0
2201, 3227181, 0, 0, 0
2301, 3478261, 0, 0, 0
2400, 3966723, 0, 0, 0
2501, 3726572, 0, 0, 0
2601, 3631353, 0, 0, 0
2700, 3328499, 0, 0, 0
2802, 3701837, 0, 0, 0
2900, 3235190, 0, 0, 0
3000, 3837489, 0, 0, 0
3101, 3508117, 0, 0, 0
3201, 3963118, 0, 0, 0
3304, 3152207, 0, 0, 0
3400, 3436843, 0, 0, 0
3500, 3191427, 0, 0, 0
3600, 3733059, 0, 0, 0
3700, 3422980, 0, 0, 0
3800, 3436761, 0, 0, 0
3902, 3258126, 0, 0, 0
4000, 3043361, 0, 0, 0
4101, 3527938, 0, 0, 0
4201, 3312788, 0, 0, 0
4300, 3216083, 0, 0, 0
4401, 3794257, 0, 0, 0
4502, 3836477, 0, 0, 0
4600, 3680737, 0, 0, 0
4700, 3945516, 0, 0, 0
4800, 3475972, 0, 0, 0
4900, 3701368, 0, 0, 0
5000, 3592630, 0, 0, 0
5100, 3467091, 0, 0, 0
5200, 3155886, 0, 0, 0
5300, 3600710, 0, 0, 0
5400, 3344620, 0, 0, 0
5501, 3250246, 0, 0, 0
5600, 3109820, 0, 0, 0
5702, 3495096, 0, 0, 0
5801, 3750248, 0, 0, 0
5902, 3558949, 0, 0, 0
6000, 3656539, 0, 0, 0
6101, 3168287, 0, 0, 0
6201, 3213275, 0, 0, 0
6301, 3235934, 0, 0, 0
6400, 3193929, 0, 0, 0
6501, 3157787, 0, 0, 0
6601, 3894683, 0, 0, 0
6700, 3391191, 0, 0, 0
6800, 3106103, 0, 0, 0
6900, 3323883, 0, 0, 0
7000, 3452486, 0, 0, 0
7100, 3231693, 0, 0, 0
7200, 3161525, 0, 0, 0
7300, 3195427, 0, 0, 0
7400, 3218542, 0, 0, 0
7501, 3078061, 0, 0, 0
7600, 3811092, 0, 0, 0
7700, 3314666, 0, 0, 0
7801, 3392587, 0, 0, 0
7901, 3229356, 0, 0, 0
8000, 3174467, 0, 0, 0
8103, 3493897, 0, 0, 0
8200, 3614623, 0, 0, 0
8302, 3795850, 0, 0, 0
8401, 3397497, 0, 0, 0
8500, 3416421, 0, 0, 0
8600, 3482937, 0, 0, 0
8701, 3448429, 0, 0, 0
8801, 3216434, 0, 0, 0
8901, 3723424, 0, 0, 0
9002, 3507997, 0, 0, 0
9100, 4369235, 0, 0, 0
9200, 3363847, 0, 0, 0
9301, 3722358, 0, 0, 0
9401, 3365144, 0, 0, 0
9500, 3629207, 0, 0, 0
9600, 3322231, 0, 0, 0
9700, 3238376, 0, 0, 0
9801, 2987270, 0, 0, 0
9902, 3394759, 0, 0, 0
10002, 3225563, 0, 0, 0
10103, 3677088, 0, 0, 0
10201, 3468709, 0, 0, 0
10301, 3646154, 0, 0, 0
10402, 2972195, 0, 0, 0
10500, 3731262, 0, 0, 0
10600, 3590276, 0, 0, 0
10700, 3531548, 0, 0, 0
10800, 3256503, 0, 0, 0
10900, 3765057, 0, 0, 0
11000, 3816278, 0, 0, 0
11101, 3251958, 0, 0, 0
11202, 3346392, 0, 0, 0
11302, 3632449, 0, 0, 0
11401, 3637214, 0, 0, 0
11500, 3382719, 0, 0, 0
11601, 3400021, 0, 0, 0
11700, 3348910, 0, 0, 0
11802, 3253482, 0, 0, 0
11900, 3574480, 0, 0, 0
12000, 3325490, 0, 0, 0
12100, 3146723, 0, 0, 0
12200, 3118037, 0, 0, 0
12301, 3820992, 0, 0, 0
12400, 3268001, 0, 0, 0
12500, 3471815, 0, 0, 0
12600, 3253006, 0, 0, 0
12701, 3435085, 0, 0, 0
12801, 3125796, 0, 0, 0
12900, 4108055, 0, 0, 0
13000, 3204500, 0, 0, 0
13102, 3438929, 0, 0, 0
13201, 3619316, 0, 0, 0
13302, 3449948, 0, 0, 0
13403, 3059972, 0, 0, 0
13500, 3410008, 0, 0, 0
13600, 3343907, 0, 0, 0
13701, 3475557, 0, 0, 0
13800, 3245902, 0, 0, 0
13900, 3300304, 0, 0, 0
14001, 3348567, 0, 0, 0
14100, 3415363, 0, 0, 0
14201, 3632291, 0, 0, 0
14301, 3430273, 0, 0, 0
14400, 3591321, 0, 0, 0
14502, 3782187, 0, 0, 0
14604, 3864098, 0, 0, 0
14701, 3489991, 0, 0, 0
14800, 3017652, 0, 0, 0
14900, 3268084, 0, 0, 0
15000, 3326538, 0, 0, 0
15100, 3849265, 0, 0, 0
15201, 3403155, 0, 0, 0
15301, 3697537, 0, 0, 0
15402, 3477450, 0, 0, 0
15500, 3651798, 0, 0, 0
15600, 3206691, 0, 0, 0
15701, 3313926, 0, 0, 0
15801, 3030942, 0, 0, 0
15900, 3233577, 0, 0, 0
16002, 3894795, 0, 0, 0
16102, 3407920, 0, 0, 0
16201, 3428430, 0, 0, 0
16301, 3233520, 0, 0, 0
16401, 3295678, 0, 0, 0
16500, 3592837, 0, 0, 0
16601, 3481945, 0, 0, 0
16700, 3601705, 0, 0, 0
16800, 3504332, 0, 0, 0
16900, 3260415, 0, 0, 0
17000, 3610084, 0, 0, 0
17100, 3896437, 0, 0, 0
17203, 3429944, 0, 0, 0
17300, 3281808, 0, 0, 0
17400, 3391030, 0, 0, 0
17503, 3645673, 0, 0, 0
17602, 3039005, 0, 0, 0
17701, 3475598, 0, 0, 0
17800, 3288170, 0, 0, 0
17901, 3245007, 0, 0, 0
18000, 3607703, 0, 0, 0
18100, 3396107, 0, 0, 0
18202, 3599953, 0, 0, 0
18301, 3591746, 0, 0, 0
18400, 3453214, 0, 0, 0
18502, 3502422, 0, 0, 0
18600, 3225624, 0, 0, 0
18700, 3406331, 0, 0, 0
18801, 3796199, 0, 0, 0
18901, 3213937, 0, 0, 0
19003, 3979568, 0, 0, 0
19100, 3442791, 0, 0, 0
19202, 3719753, 0, 0, 0
19302, 3652721, 0, 0, 0
19400, 3258459, 0, 0, 0
19500, 2961503, 0, 0, 0
19600, 3415624, 0, 0, 0
19702, 3606540, 0, 0, 0
19801, 3419321, 0, 0, 0
19901, 3665459, 0, 0, 0
20001, 3421561, 0, 0, 0
20102, 3291881, 0, 0, 0
20203, 3350217, 0, 0, 0
20302, 3529565, 0, 0, 0
20400, 3184331, 0, 0, 0
20500, 3526425, 0, 0, 0
20600, 3466282, 0, 0, 0
20701, 3944938, 0, 0, 0
20801, 3602372, 0, 0, 0
20901, 3406989, 0, 0, 0
21000, 3442490, 0, 0, 0
21100, 3338991, 0, 0, 0
21200, 3693056, 0, 0, 0
21300, 3714848, 0, 0, 0
21400, 3475716, 0, 0, 0
21500, 3226239, 0, 0, 0
21601, 3168722, 0, 0, 0
21700, 3388137, 0, 0, 0
21801, 3362400, 0, 0, 0
21904, 3225462, 0, 0, 0
22001, 3677963, 0, 0, 0
22101, 3088346, 0, 0, 0
22201, 3229257, 0, 0, 0
22300, 3263543, 0, 0, 0
22400, 3356398, 0, 0, 0
22500, 3233885, 0, 0, 0
22600, 3301873, 0, 0, 0
22701, 3234129, 0, 0, 0
22800, 3557970, 0, 0, 0
22900, 3689350, 0, 0, 0
23001, 3074520, 0, 0, 0
23100, 3872633, 0, 0, 0
23201, 3492772, 0, 0, 0
23300, 3116196, 0, 0, 0
23400, 3872359, 0, 0, 0
23501, 3451789, 0, 0, 0
23602, 3576527, 0, 0, 0
23701, 3458373, 0, 0, 0
23800, 3507456, 0, 0, 0
23900, 3292842, 0, 0, 0
24000, 2856210, 0, 0, 0
24101, 3624050, 0, 0, 0
24201, 2876064, 0, 0, 0
24300, 3556354, 0, 0, 0
24400, 3135675, 0, 0, 0
24501, 3585696, 0, 0, 0
24600, 3251987, 0, 0, 0
24700, 3688135, 0, 0, 0
24800, 3573927, 0, 0, 0
24900, 3372448, 0, 0, 0
25002, 3369081, 0, 0, 0
25101, 2893684, 0, 0, 0
25202, 3907807, 0, 0, 0
25300, 3454499, 0, 0, 0
25401, 3602232, 0, 0, 0
25500, 3495421, 0, 0, 0
25601, 3333050, 0, 0, 0
25701, 3293582, 0, 0, 0
25801, 3270185, 0, 0, 0
25900, 3768190, 0, 0, 0
26000, 3531067, 0, 0, 0
26101, 3685229, 0, 0, 0
26200, 3906724, 0, 0, 0
26300, 3433005, 0, 0, 0
26401, 4139707, 0, 0, 0
26501, 4207683, 0, 0, 0
26600, 3848902, 0, 0, 0
26700, 3682755, 0, 0, 0
26801, 3709459, 0, 0, 0
26901, 3720165, 0, 0, 0
27000, 3172017, 0, 0, 0
27100, 3125075, 0, 0, 0
27200, 3597271, 0, 0, 0
27302, 3014778, 0, 0, 0
27402, 3617919, 0, 0, 0
27500, 3497527, 0, 0, 0
27602, 3534174, 0, 0, 0
27701, 2932877, 0, 0, 0
27802, 3449107, 0, 0, 0
27900, 3522969, 0, 0, 0
28004, 3266930, 0, 0, 0
28100, 3147813, 0, 0, 0
28200, 3256644, 0, 0, 0
28300, 3237720, 0, 0, 0
28400, 3485912, 0, 0, 0
28500, 3334840, 0, 0, 0
28601, 3453770, 0, 0, 0
28703, 3611458, 0, 0, 0
28800, 3876151, 0, 0, 0
28900, 3412618, 0, 0, 0
29000, 3326389, 0, 0, 0
29100, 3971331, 0, 0, 0
29201, 3725597, 0, 0, 0
29300, 3553451, 0, 0, 0
29400, 3686937, 0, 0, 0
29500, 3786586, 0, 0, 0
29601, 3365133, 0, 0, 0
29700, 3300934, 0, 0, 0
29800, 3793708, 0, 0, 0
29901, 4140850, 0, 0, 0
30000, 3620186, 0, 0, 0
30101, 3425207, 0, 0, 0
30200, 3960473, 0, 0, 0
30300, 3384627, 0, 0, 0
30400, 3709841, 0, 0, 0
30500, 3413889, 0, 0, 0
30600, 3630864, 0, 0, 0
30700, 3178389, 0, 0, 0
30800, 3840101, 0, 0, 0
30900, 3297842, 0, 0, 0
31000, 3333420, 0, 0, 0
31102, 3174696, 0, 0, 0
31201, 3256922, 0, 0, 0
31301, 3294901, 0, 0, 0
31402, 2997722, 0, 0, 0
31501, 3310627, 0, 0, 0
31601, 3627241, 0, 0, 0
31701, 3266135, 0, 0, 0
31800, 3161587, 0, 0, 0
31901, 3036842, 0, 0, 0
32000, 3285558, 0, 0, 0
32100, 3365010, 0, 0, 0
32204, 3603639, 0, 0, 0
32301, 3370185, 0, 0, 0
32401, 3402675, 0, 0, 0
32501, 3123608, 0, 0, 0
32601, 3812864, 0, 0, 0
32700, 3535063, 0, 0, 0
32801, 3764143, 0, 0, 0
32901, 3143176, 0, 0, 0
33000, 3744669, 0, 0, 0
33101, 3520292, 0, 0, 0
33205, 4257561, 0, 0, 0
33300, 3451428, 0, 0, 0
33400, 3339675, 0, 0, 0
33501, 3369055, 0, 0, 0
33600, 3004702, 0, 0, 0
33700, 3317662, 0, 0, 0
33800, 3208142, 0, 0, 0
33901, 3170192, 0, 0, 0
34001, 3228817, 0, 0, 0
34100, 3582201, 0, 0, 0
34201, 4271471, 0, 0, 0
34300, 2992650, 0, 0, 0
34401, 3231044, 0, 0, 0
34501, 3801171, 0, 0, 0
34600, 3688628, 0, 0, 0
34701, 3546922, 0, 0, 0
34800, 3262752, 0, 0, 0
34901, 3301726, 0, 0, 0
35000, 3472273, 0, 0, 0
35101, 3303488, 0, 0, 0
35201, 3274379, 0, 0, 0
35300, 3883660, 0, 0, 0
35401, 3008247, 0, 0, 0
35500, 3467380, 0, 0, 0
35600, 3303954, 0, 0, 0
35700, 3367176, 0, 0, 0
35800, 3566542, 0, 0, 0
35900, 3766913, 0, 0, 0
36000, 3869961, 0, 0, 0
36100, 3326299, 0, 0, 0
36202, 3157803, 0, 0, 0
36303, 3519739, 0, 0, 0
36400, 3149831, 0, 0, 0
36501, 2944783, 0, 0, 0
36601, 3977163, 0, 0, 0
36700, 3380612, 0, 0, 0
36801, 3383778, 0, 0, 0
36900, 3676481, 0, 0, 0
37001, 3328225, 0, 0, 0
37102, 3446064, 0, 0, 0
37202, 3832589, 0, 0, 0
37300, 3509572, 0, 0, 0
37400, 3545228, 0, 0, 0
37500, 3353201, 0, 0, 0
37601, 2945707, 0, 0, 0
37702, 3352041, 0, 0, 0
37800, 3774111, 0, 0, 0
37900, 3418592, 0, 0, 0
38000, 3255886, 0, 0, 0
38100, 3468627, 0, 0, 0
38201, 3382041, 0, 0, 0
38300, 3283123, 0, 0, 0
38400, 3130700, 0, 0, 0
38500, 3334057, 0, 0, 0
38603, 3396446, 0, 0, 0
38701, 3356501, 0, 0, 0
38801, 3524126, 0, 0, 0
38900, 3545024, 0, 0, 0
39001, 3468905, 0, 0, 0
39101, 2875763, 0, 0, 0
39200, 3840795, 0, 0, 0
39300, 3265985, 0, 0, 0
39401, 3895025, 0, 0, 0
39501, 3721833, 0, 0, 0
39602, 3239142, 0, 0, 0
39700, 3307984, 0, 0, 0
39800, 3729872, 0, 0, 0
39900, 3649290, 0, 0, 0
40000, 2984762, 0, 0, 0
40100, 3500565, 0, 0, 0
40202, 3579882, 0, 0, 0
40301, 3574631, 0, 0, 0
40400, 3617567, 0, 0, 0
40503, 3511035, 0, 0, 0
40600, 3737209, 0, 0, 0
40702, 3307072, 0, 0, 0
40801, 3591344, 0, 0, 0
40900, 3255039, 0, 0, 0
41000, 3177850, 0, 0, 0
41100, 3507685, 0, 0, 0
41200, 3503082, 0, 0, 0
41300, 3343435, 0, 0, 0
41401, 3829099, 0, 0, 0
41500, 3677994, 0, 0, 0
41600, 3549350, 0, 0, 0
41701, 3490159, 0, 0, 0
41800, 3370096, 0, 0, 0
41902, 3306721, 0, 0, 0
42001, 3289548, 0, 0, 0
42100, 3980823, 0, 0, 0
42201, 3406875, 0, 0, 0
42302, 3318135, 0, 0, 0
42400, 3801694, 0, 0, 0
42500, 3800080, 0, 0, 0
42602, 3558680, 0, 0, 0
42700, 3419761, 0, 0, 0
42801, 3310851, 0, 0, 0
42902, 3486133, 0, 0, 0
43000, 3780836, 0, 0, 0
43100, 4113181, 0, 0, 0
43200, 3600755, 0, 0, 0
43301, 3427896, 0, 0, 0
43402, 3144688, 0, 0, 0
43501, 3370264, 0, 0, 0
43601, 3602664, 0, 0, 0
43701, 3532389, 0, 0, 0
43800, 3266485, 0, 0, 0
43900, 4065038, 0, 0, 0
44000, 3341328, 0, 0, 0
44101, 3455920, 0, 0, 0
44200, 3712647, 0, 0, 0
44301, 3907108, 0, 0, 0
44400, 3759629, 0, 0, 0
44501, 3597793, 0, 0, 0
44602, 3975229, 0, 0, 0
44700, 3729437, 0, 0, 0
44800, 3836949, 0, 0, 0
44901, 3967269, 0, 0, 0
45000, 3851421, 0, 0, 0
45101, 3659890, 0, 0, 0
45200, 3452520, 0, 0, 0
45300, 3602391, 0, 0, 0
45401, 3599339, 0, 0, 0
45502, 3795978, 0, 0, 0
45601, 3608274, 0, 0, 0
45700, 3907588, 0, 0, 0
45801, 3216049, 0, 0, 0
45900, 3709517, 0, 0, 0
46001, 3638356, 0, 0, 0
46100, 3734196, 0, 0, 0
46200, 3429736, 0, 0, 0
46300, 3954138, 0, 0, 0
46400, 3835448, 0, 0, 0
46501, 3541980, 0, 0, 0
46601, 3267428, 0, 0, 0
46702, 3953903, 0, 0, 0
46800, 3978948, 0, 0, 0
46901, 3518267, 0, 0, 0
47000, 3428729, 0, 0, 0
47102, 3521175, 0, 0, 0
47201, 3652113, 0, 0, 0
47300, 3494594, 0, 0, 0
47401, 3757938, 0, 0, 0
47501, 3920016, 0, 0, 0
47600, 3235394, 0, 0, 0
47703, 4027627, 0, 0, 0
47801, 3844394, 0, 0, 0
47900, 3181848, 0, 0, 0
48000, 3641381, 0, 0, 0
48101, 3551950, 0, 0, 0
48200, 4338243, 0, 0, 0
48301, 2958963, 0, 0, 0
48403, 4214371, 0, 0, 0
48501, 3349974, 0, 0, 0
48600, 3413798, 0, 0, 0
48700, 3846701, 0, 0, 0
48801, 3304115, 0, 0, 0
48900, 3694116, 0, 0, 0
49001, 3758940, 0, 0, 0
49101, 3230076, 0, 0, 0
49203, 3613345, 0, 0, 0
49300, 3327749, 0, 0, 0
49402, 3133489, 0, 0, 0
49501, 3455195, 0, 0, 0
49600, 3541071, 0, 0, 0
49702, 3499882, 0, 0, 0
49801, 3753349, 0, 0, 0
49900, 3594747, 0, 0, 0
50000, 3654563, 0, 0, 0
50102, 3705184, 0, 0, 0
50203, 3900100, 0, 0, 0
50300, 3649624, 0, 0, 0
50400, 3498830, 0, 0, 0
50503, 3274535, 0, 0, 0
50601, 3877846, 0, 0, 0
50703, 3739212, 0, 0, 0
50800, 3543673, 0, 0, 0
50900, 3451437, 0, 0, 0
51000, 3415851, 0, 0, 0
51101, 3413988, 0, 0, 0
51200, 3963508, 0, 0, 0
51301, 3604091, 0, 0, 0
51402, 3791682, 0, 0, 0
51501, 3700041, 0, 0, 0
51600, 3529796, 0, 0, 0
51701, 3732476, 0, 0, 0
51800, 3413469, 0, 0, 0
51901, 3743307, 0, 0, 0
52002, 3554182, 0, 0, 0
52100, 4202019, 0, 0, 0
52202, 3340067, 0, 0, 0
52301, 3824936, 0, 0, 0
52401, 4294999, 0, 0, 0
52501, 3367549, 0, 0, 0
52600, 3927214, 0, 0, 0
52700, 3307852, 0, 0, 0
52800, 3705985, 0, 0, 0
52900, 3547383, 0, 0, 0
53000, 3575854, 0, 0, 0
53103, 4093670, 0, 0, 0
53200, 3399897, 0, 0, 0
53301, 3457026, 0, 0, 0
53401, 4084689, 0, 0, 0
53501, 3203819, 0, 0, 0
53600, 3288367, 0, 0, 0
53700, 3590298, 0, 0, 0
53801, 3344547, 0, 0, 0
53900, 3571510, 0, 0, 0
54003, 3504760, 0, 0, 0
54101, 3611206, 0, 0, 0
54204, 3378805, 0, 0, 0
54304, 3507677, 0, 0, 0
54400, 3283184, 0, 0, 0
54500, 3314167, 0, 0, 0
54602, 3752775, 0, 0, 0
54702, 3760844, 0, 0, 0
54800, 3822040, 0, 0, 0
54901, 3575176, 0, 0, 0
55000, 3157375, 0, 0, 0
55100, 3308534, 0, 0, 0
55202, 3361535, 0, 0, 0
55302, 3478280, 0, 0, 0
55400, 3313930, 0, 0, 0
55500, 3816736, 0, 0, 0
55601, 3574762, 0, 0, 0
55702, 4230690, 0, 0, 0
55800, 4428360, 0, 0, 0
55901, 3675033, 0, 0, 0
56001, 3695088, 0, 0, 0
56101, 3522020, 0, 0, 0
56201, 3723316, 0, 0, 0
56303, 3939182, 0, 0, 0
56400, 3830167, 0, 0, 0
56500, 3807863, 0, 0, 0
56601, 3442600, 0, 0, 0
56701, 3637215, 0, 0, 0
56802, 3737469, 0, 0, 0
56902, 3706833, 0, 0, 0
57001, 3330760, 0, 0, 0
57102, 3491584, 0, 0, 0
57202, 3339869, 0, 0, 0
57301, 3805276, 0, 0, 0
57400, 3427651, 0, 0, 0
57501, 3734037, 0, 0, 0
57601, 3848662, 0, 0, 0
57701, 3446375, 0, 0, 0
57802, 3583348, 0, 0, 0
57901, 3362656, 0, 0, 0
58001, 3495106, 0, 0, 0
58100, 3384021, 0, 0, 0
58202, 3656074, 0, 0, 0
58300, 3621007, 0, 0, 0
58403, 4059767, 0, 0, 0
58500, 4011748, 0, 0, 0
58602, 3637732, 0, 0, 0
58703, 3836787, 0, 0, 0
58801, 3725102, 0, 0, 0
58901, 3977983, 0, 0, 0
59000, 4049835, 0, 0, 0
59102, 3774620, 0, 0, 0
59201, 3709304, 0, 0, 0
59302, 3418072, 0, 0, 0
59402, 3409924, 0, 0, 0
59500, 3646811, 0, 0, 0
59600, 3811105, 0, 0, 0
59700, 3614694, 0, 0, 0
59801, 3788132, 0, 0, 0
59902, 3375923, 0, 0, 0
60000, 3116636, 0, 0, 0
60001, 2494397, 0, 0, 0
