250, 384, 0, 0, 0
350, 420, 0, 0, 0
450, 340, 0, 0, 0
550, 400, 0, 0, 0
650, 370, 0, 0, 0
749, 363, 0, 0, 0
849, 320, 0, 0, 0
949, 330, 0, 0, 0
1049, 410, 0, 0, 0
1149, 410, 0, 0, 0
1249, 330, 0, 0, 0
1349, 360, 0, 0, 0
1449, 400, 0, 0, 0
1549, 420, 0, 0, 0
1650, 350, 0, 0, 0
1749, 353, 0, 0, 0
1849, 380, 0, 0, 0
1949, 360, 0, 0, 0
2049, 370, 0, 0, 0
2149, 390, 0, 0, 0
2249, 380, 0, 0, 0
2349, 350, 0, 0, 0
2449, 380, 0, 0, 0
2549, 390, 0, 0, 0
2649, 350, 0, 0, 0
2749, 380, 0, 0, 0
2849, 400, 0, 0, 0
2950, 320, 0, 0, 0
3050, 420, 0, 0, 0
3150, 340, 0, 0, 0
3249, 414, 0, 0, 0
3349, 350, 0, 0, 0
3449, 360, 0, 0, 0
3549, 310, 0, 0, 0
3649, 370, 0, 0, 0
3749, 410, 0, 0, 0
3849, 390, 0, 0, 0
3949, 400, 0, 0, 0
4049, 360, 0, 0, 0
4149, 410, 0, 0, 0
4250, 420, 0, 0, 0
4350, 420, 0, 0, 0
4450, 350, 0, 0, 0
4550, 370, 0, 0, 0
4650, 370, 0, 0, 0
4749, 424, 0, 0, 0
4849, 430, 0, 0, 0
4949, 320, 0, 0, 0
5049, 310, 0, 0, 0
5149, 360, 0, 0, 0
5249, 390, 0, 0, 0
5349, 360, 0, 0, 0
5449, 440, 0, 0, 0
5550, 350, 0, 0, 0
5650, 380, 0, 0, 0
5749, 424, 0, 0, 0
5849, 330, 0, 0, 0
5949, 400, 0, 0, 0
6049, 360, 0, 0, 0
6149, 340, 0, 0, 0
6249, 400, 0, 0, 0
6349, 340, 0, 0, 0
6449, 350, 0, 0, 0
6549, 390, 0, 0, 0
6649, 390, 0, 0, 0
6749, 410, 0, 0, 0
6850, 350, 0, 0, 0
6950, 330, 0, 0, 0
7050, 440, 0, 0, 0
7150, 350, 0, 0, 0
7249, 404, 0, 0, 0
7349, 410, 0, 0, 0
7449, 400, 0, 0, 0
7549, 370, 0, 0, 0
7649, 380, 0, 0, 0
7749, 340, 0, 0, 0
7849, 410, 0, 0, 0
7949, 360, 0, 0, 0
8050, 400, 0, 0, 0
8150, 390, 0, 0, 0
8249, 454, 0, 0, 0
8349, 450, 0, 0, 0
8449, 410, 0, 0, 0
8549, 400, 0, 0, 0
8649, 410, 0, 0, 0
8749, 380, 0, 0, 0
8849, 330, 0, 0, 0
8949, 350, 0, 0, 0
9049, 350, 0, 0, 0
9149, 360, 0, 0, 0
9250, 370, 0, 0, 0
9350, 440, 0, 0, 0
9450, 360, 0, 0, 0
9550, 330, 0, 0, 0
9650, 330, 0, 0, 0
9749, 393, 0, 0, 0
9849, 330, 0, 0, 0
9949, 370, 0, 0, 0
10049, 370, 0, 0, 0
10149, 360, 0, 0, 0
10249, 370, 0, 0, 0
10349, 360, 0, 0, 0
10449, 400, 0, 0, 0
10550, 350, 0, 0, 0
10650, 390, 0, 0, 0
10749, 414, 0, 0, 0
10849, 360, 0, 0, 0
10949, 400, 0, 0, 0
11049, 410, 0, 0, 0
11149, 400, 0, 0, 0
11249, 410, 0, 0, 0
11349, 380, 0, 0, 0
11449, 380, 0, 0, 0
11549, 380, 0, 0, 0
11649, 360, 0, 0, 0
11749, 360, 0, 0, 0
11850, 420, 0, 0, 0
11950, 390, 0, 0, 0
12050, 330, 0, 0, 0
12150, 360, 0, 0, 0
12249, 373, 0, 0, 0
12349, 360, 0, 0, 0
12449, 400, 0, 0, 0
12549, 380, 0, 0, 0
12649, 380, 0, 0, 0
12749, 380, 0, 0, 0
12849, 370, 0, 0, 0
12949, 370, 0, 0, 0
13050, 360, 0, 0, 0
13150, 350, 0, 0, 0
13249, 363, 0, 0, 0
13349, 360, 0, 0, 0
13449, 350, 0, 0, 0
13549, 300, 0, 0, 0
13649, 410, 0, 0, 0
13749, 350, 0, 0, 0
13849, 350, 0, 0, 0
13949, 360, 0, 0, 0
14049, 390, 0, 0, 0
14149, 390, 0, 0, 0
14249, 330, 0, 0, 0
14349, 300, 0, 0, 0
14450, 320, 0, 0, 0
14550, 360, 0, 0, 0
14650, 310, 0, 0, 0
14749, 333, 0, 0, 0
14849, 390, 0, 0, 0
14949, 360, 0, 0, 0
15049, 360, 0, 0, 0
15149, 370, 0, 0, 0
15249, 420, 0, 0, 0
15349, 360, 0, 0, 0
15449, 360, 0, 0, 0
15549, 410, 0, 0, 0
15649, 380, 0, 0, 0
15750, 370, 0, 0, 0
15850, 320, 0, 0, 0
15950, 330, 0, 0, 0
16050, 310, 0, 0, 0
16150, 350, 0, 0, 0
16249, 353, 0, 0, 0
16349, 400, 0, 0, 0
16449, 410, 0, 0, 0
16549, 380, 0, 0, 0
16649, 370, 0, 0, 0
16749, 390, 0, 0, 0
16849, 360, 0, 0, 0
16949, 400, 0, 0, 0
17050, 320, 0, 0, 0
17150, 380, 0, 0, 0
17249, 353, 0, 0, 0
17349, 360, 0, 0, 0
17449, 400, 0, 0, 0
17549, 350, 0, 0, 0
17649, 330, 0, 0, 0
17749, 380, 0, 0, 0
17849, 380, 0, 0, 0
17949, 320, 0, 0, 0
18049, 370, 0, 0, 0
18149, 400, 0, 0, 0
18249, 410, 0, 0, 0
18349, 370, 0, 0, 0
18450, 380, 0, 0, 0
18550, 340, 0, 0, 0
18650, 340, 0, 0, 0
18749, 353, 0, 0, 0
18849, 400, 0, 0, 0
18949, 350, 0, 0, 0
19049, 350, 0, 0, 0
19149, 320, 0, 0, 0
19249, 330, 0, 0, 0
19349, 410, 0, 0, 0
19449, 400, 0, 0, 0
19549, 420, 0, 0, 0
19649, 390, 0, 0, 0
19749, 380, 0, 0, 0
19849, 340, 0, 0, 0
19950, 330, 0, 0, 0
20050, 390, 0, 0, 0
20150, 360, 0, 0, 0
20249, 444, 0, 0, 0
20349, 400, 0, 0, 0
20449, 380, 0, 0, 0
20549, 370, 0, 0, 0
20649, 420, 0, 0, 0
20749, 340, 0, 0, 0
20849, 360, 0, 0, 0
20949, 380, 0, 0, 0
21050, 400, 0, 0, 0
21150, 330, 0, 0, 0
21249, 414, 0, 0, 0
21349, 380, 0, 0, 0
21449, 350, 0, 0, 0
21549, 380, 0, 0, 0
21649, 360, 0, 0, 0
21749, 360, 0, 0, 0
21849, 380, 0, 0, 0
21949, 370, 0, 0, 0
22049, 370, 0, 0, 0
22149, 330, 0, 0, 0
22250, 400, 0, 0, 0
22350, 360, 0, 0, 0
22450, 320, 0, 0, 0
22550, 280, 0, 0, 0
22650, 380, 0, 0, 0
22749, 363, 0, 0, 0
22849, 380, 0, 0, 0
22949, 410, 0, 0, 0
23049, 350, 0, 0, 0
23149, 370, 0, 0, 0
23249, 370, 0, 0, 0
23349, 360, 0, 0, 0
23449, 340, 0, 0, 0
23550, 370, 0, 0, 0
23650, 370, 0, 0, 0
23749, 353, 0, 0, 0
23849, 380, 0, 0, 0
23949, 310, 0, 0, 0
24049, 350, 0, 0, 0
24149, 350, 0, 0, 0
24249, 310, 0, 0, 0
24349, 300, 0, 0, 0
24449, 340, 0, 0, 0
24550, 320, 0, 0, 0
24650, 340, 0, 0, 0
24749, 363, 0, 0, 0
24849, 410, 0, 0, 0
24949, 340, 0, 0, 0
25049, 410, 0, 0, 0
25149, 340, 0, 0, 0
25249, 320, 0, 0, 0
25349, 370, 0, 0, 0
25449, 360, 0, 0, 0
25549, 370, 0, 0, 0
25649, 370, 0, 0, 0
25750, 360, 0, 0, 0
25850, 390, 0, 0, 0
25950, 400, 0, 0, 0
26050, 420, 0, 0, 0
26150, 360, 0, 0, 0
26249, 404, 0, 0, 0
26349, 370, 0, 0, 0
26449, 390, 0, 0, 0
26549, 340, 0, 0, 0
26650, 360, 0, 0, 0
26749, 333, 0, 0, 0
26849, 350, 0, 0, 0
26949, 410, 0, 0, 0
27049, 400, 0, 0, 0
27149, 360, 0, 0, 0
27249, 350, 0, 0, 0
27349, 380, 0, 0, 0
27449, 360, 0, 0, 0
27549, 340, 0, 0, 0
27649, 380, 0, 0, 0
27750, 390, 0, 0, 0
27850, 350, 0, 0, 0
27950, 340, 0, 0, 0
28050, 360, 0, 0, 0
28150, 370, 0, 0, 0
28249, 383, 0, 0, 0
28349, 330, 0, 0, 0
28449, 370, 0, 0, 0
28549, 370, 0, 0, 0
28649, 400, 0, 0, 0
28749, 390, 0, 0, 0
28849, 340, 0, 0, 0
28950, 410, 0, 0, 0
29050, 370, 0, 0, 0
29150, 340, 0, 0, 0
29249, 373, 0, 0, 0
29349, 330, 0, 0, 0
29449, 360, 0, 0, 0
29549, 410, 0, 0, 0
29649, 350, 0, 0, 0
29749, 340, 0, 0, 0
29849, 360, 0, 0, 0
29949, 370, 0, 0, 0
30050, 360, 0, 0, 0
30150, 300, 0, 0, 0
30249, 383, 0, 0, 0
30349, 320, 0, 0, 0
30449, 370, 0, 0, 0
30549, 370, 0, 0, 0
30649, 370, 0, 0, 0
30749, 400, 0, 0, 0
30849, 380, 0, 0, 0
30949, 350, 0, 0, 0
31049, 370, 0, 0, 0
31149, 380, 0, 0, 0
31250, 420, 0, 0, 0
31350, 330, 0, 0, 0
31450, 450, 0, 0, 0
31550, 350, 0, 0, 0
31650, 380, 0, 0, 0
31749, 363, 0, 0, 0
31849, 320, 0, 0, 0
31949, 400, 0, 0, 0
32049, 330, 0, 0, 0
32149, 400, 0, 0, 0
32249, 330, 0, 0, 0
32349, 350, 0, 0, 0
32450, 380, 0, 0, 0
32550, 360, 0, 0, 0
32650, 360, 0, 0, 0
32749, 353, 0, 0, 0
32849, 390, 0, 0, 0
32949, 360, 0, 0, 0
33049, 350, 0, 0, 0
33149, 370, 0, 0, 0
33249, 370, 0, 0, 0
33349, 360, 0, 0, 0
33449, 400, 0, 0, 0
33550, 420, 0, 0, 0
33650, 390, 0, 0, 0
33749, 363, 0, 0, 0
33849, 420, 0, 0, 0
33949, 390, 0, 0, 0
34049, 410, 0, 0, 0
34149, 380, 0, 0, 0
34249, 420, 0, 0, 0
34349, 370, 0, 0, 0
34449, 360, 0, 0, 0
34550, 430, 0, 0, 0
34650, 350, 0, 0, 0
34749, 383, 0, 0, 0
34849, 380, 0, 0, 0
34949, 330, 0, 0, 0
35049, 350, 0, 0, 0
35149, 380, 0, 0, 0
35249, 310, 0, 0, 0
35349, 340, 0, 0, 0
35449, 320, 0, 0, 0
35550, 390, 0, 0, 0
35650, 380, 0, 0, 0
35749, 434, 0, 0, 0
35849, 390, 0, 0, 0
35949, 360, 0, 0, 0
36049, 350, 0, 0, 0
36149, 380, 0, 0, 0
36249, 370, 0, 0, 0
36349, 390, 0, 0, 0
36449, 310, 0, 0, 0
36549, 480, 0, 0, 0
36649, 380, 0, 0, 0
36750, 370, 0, 0, 0
36850, 370, 0, 0, 0
36950, 370, 0, 0, 0
37050, 390, 0, 0, 0
37150, 400, 0, 0, 0
37249, 393, 0, 0, 0
37349, 350, 0, 0, 0
37449, 300, 0, 0, 0
37549, 340, 0, 0, 0
37649, 400, 0, 0, 0
37749, 380, 0, 0, 0
37849, 380, 0, 0, 0
37949, 380, 0, 0, 0
38050, 330, 0, 0, 0
38150, 430, 0, 0, 0
38249, 404, 0, 0, 0
38349, 330, 0, 0, 0
38449, 410, 0, 0, 0
38549, 340, 0, 0, 0
38649, 380, 0, 0, 0
38749, 360, 0, 0, 0
38849, 350, 0, 0, 0
38949, 410, 0, 0, 0
39050, 390, 0, 0, 0
39150, 350, 0, 0, 0
39249, 393, 0, 0, 0
39349, 350, 0, 0, 0
39449, 390, 0, 0, 0
39549, 320, 0, 0, 0
39649, 430, 0, 0, 0
39749, 330, 0, 0, 0
39849, 360, 0, 0, 0
39949, 410, 0, 0, 0
40049, 350, 0, 0, 0
40150, 370, 0, 0, 0
40249, 353, 0, 0, 0
40349, 410, 0, 0, 0
40449, 370, 0, 0, 0
40549, 330, 0, 0, 0
40649, 420, 0, 0, 0
40749, 370, 0, 0, 0
40849, 350, 0, 0, 0
40949, 390, 0, 0, 0
41049, 350, 0, 0, 0
41149, 430, 0, 0, 0
41250, 340, 0, 0, 0
41350, 350, 0, 0, 0
41450, 370, 0, 0, 0
41550, 350, 0, 0, 0
41650, 350, 0, 0, 0
41749, 383, 0, 0, 0
41849, 440, 0, 0, 0
41949, 320, 0, 0, 0
42049, 380, 0, 0, 0
42149, 330, 0, 0, 0
42249, 380, 0, 0, 0
42349, 390, 0, 0, 0
42449, 340, 0, 0, 0
42550, 370, 0, 0, 0
42650, 350, 0, 0, 0
42749, 333, 0, 0, 0
42849, 380, 0, 0, 0
42949, 380, 0, 0, 0
43049, 350, 0, 0, 0
43149, 320, 0, 0, 0
43249, 390, 0, 0, 0
43349, 390, 0, 0, 0
43449, 340, 0, 0, 0
43550, 370, 0, 0, 0
43650, 350, 0, 0, 0
43749, 393, 0, 0, 0
43849, 370, 0, 0, 0
43949, 370, 0, 0, 0
44049, 370, 0, 0, 0
44149, 340, 0, 0, 0
44249, 340, 0, 0, 0
44349, 400, 0, 0, 0
44449, 370, 0, 0, 0
44549, 400, 0, 0, 0
44649, 360, 0, 0, 0
44750, 410, 0, 0, 0
44850, 370, 0, 0, 0
44950, 430, 0, 0, 0
45050, 420, 0, 0, 0
45150, 340, 0, 0, 0
45249, 404, 0, 0, 0
45349, 390, 0, 0, 0
45449, 370, 0, 0, 0
45549, 410, 0, 0, 0
45649, 400, 0, 0, 0
45750, 370, 0, 0, 0
45850, 410, 0, 0, 0
45950, 400, 0, 0, 0
46050, 300, 0, 0, 0
46150, 360, 0, 0, 0
46249, 393, 0, 0, 0
46349, 320, 0, 0, 0
46449, 350, 0, 0, 0
46549, 350, 0, 0, 0
46649, 370, 0, 0, 0
46750, 470, 0, 0, 0
46850, 320, 0, 0, 0
46950, 330, 0, 0, 0
47050, 340, 0, 0, 0
47150, 420, 0, 0, 0
47249, 363, 0, 0, 0
47349, 410, 0, 0, 0
47449, 350, 0, 0, 0
47549, 400, 0, 0, 0
47649, 320, 0, 0, 0
47749, 380, 0, 0, 0
47849, 380, 0, 0, 0
47950, 350, 0, 0, 0
48050, 410, 0, 0, 0
48150, 390, 0, 0, 0
48249, 353, 0, 0, 0
48349, 360, 0, 0, 0
48449, 370, 0, 0, 0
48549, 360, 0, 0, 0
48649, 380, 0, 0, 0
48749, 390, 0, 0, 0
48849, 340, 0, 0, 0
48949, 370, 0, 0, 0
49049, 380, 0, 0, 0
49150, 330, 0, 0, 0
49249, 373, 0, 0, 0
49349, 370, 0, 0, 0
49449, 410, 0, 0, 0
49549, 320, 0, 0, 0
49649, 370, 0, 0, 0
49749, 370, 0, 0, 0
49849, 390, 0, 0, 0
49949, 390, 0, 0, 0
50049, 410, 0, 0, 0
50149, 350, 0, 0, 0
50250, 320, 0, 0, 0
50350, 370, 0, 0, 0
50450, 400, 0, 0, 0
50550, 390, 0, 0, 0
50650, 360, 0, 0, 0
50749, 393, 0, 0, 0
50849, 390, 0, 0, 0
50949, 470, 0, 0, 0
51049, 370, 0, 0, 0
51149, 310, 0, 0, 0
51250, 340, 0, 0, 0
51350, 350, 0, 0, 0
51450, 340, 0, 0, 0
51550, 320, 0, 0, 0
51650, 370, 0, 0, 0
51749, 333, 0, 0, 0
51849, 340, 0, 0, 0
51949, 390, 0, 0, 0
52049, 430, 0, 0, 0
52149, 290, 0, 0, 0
52249, 360, 0, 0, 0
52349, 380, 0, 0, 0
52449, 360, 0, 0, 0
52550, 380, 0, 0, 0
52650, 320, 0, 0, 0
52749, 373, 0, 0, 0
52849, 340, 0, 0, 0
52949, 390, 0, 0, 0
53049, 360, 0, 0, 0
53149, 390, 0, 0, 0
53249, 350, 0, 0, 0
53349, 370, 0, 0, 0
53449, 360, 0, 0, 0
53549, 400, 0, 0, 0
53649, 310, 0, 0, 0
53749, 370, 0, 0, 0
53850, 380, 0, 0, 0
53950, 370, 0, 0, 0
54050, 340, 0, 0, 0
54150, 350, 0, 0, 0
54249, 393, 0, 0, 0
54349, 340, 0, 0, 0
54449, 350, 0, 0, 0
54549, 390, 0, 0, 0
54649, 420, 0, 0, 0
54749, 370, 0, 0, 0
54849, 370, 0, 0, 0
54949, 300, 0, 0, 0
55049, 370, 0, 0, 0
55149, 350, 0, 0, 0
55250, 310, 0, 0, 0
55350, 400, 0, 0, 0
55450, 350, 0, 0, 0
55550, 360, 0, 0, 0
55650, 410, 0, 0, 0
55749, 373, 0, 0, 0
55849, 380, 0, 0, 0
55949, 420, 0, 0, 0
56049, 400, 0, 0, 0
56149, 360, 0, 0, 0
56249, 380, 0, 0, 0
56349, 360, 0, 0, 0
56449, 290, 0, 0, 0
56550, 410, 0, 0, 0
56650, 370, 0, 0, 0
56749, 353, 0, 0, 0
56849, 350, 0, 0, 0
56949, 320, 0, 0, 0
57049, 350, 0, 0, 0
57149, 400, 0, 0, 0
57249, 360, 0, 0, 0
57349, 350, 0, 0, 0
57449, 370, 0, 0, 0
57549, 400, 0, 0, 0
57649, 310, 0, 0, 0
57750, 450, 0, 0, 0
57850, 380, 0, 0, 0
57950, 350, 0, 0, 0
58050, 340, 0, 0, 0
58150, 350, 0, 0, 0
58249, 393, 0, 0, 0
58349, 370, 0, 0, 0
58449, 350, 0, 0, 0
58549, 350, 0, 0, 0
58649, 360, 0, 0, 0
58749, 390, 0, 0, 0
58849, 350, 0, 0, 0
58949, 410, 0, 0, 0
59050, 380, 0, 0, 0
59150, 370, 0, 0, 0
59249, 353, 0, 0, 0
59349, 390, 0, 0, 0
59449, 310, 0, 0, 0
59549, 390, 0, 0, 0
59649, 340, 0, 0, 0
59749, 360, 0, 0, 0
59849, 370, 0, 0, 0
59949, 350, 0, 0, 0
