101, 2977295, 0, 0, 0
200, 3503453, 0, 0, 0
300, 3432176, 0, 0, 0
402, 3637055, 0, 0, 0
500, 3251043, 0, 0, 0
602, 3384882, 0, 0, 0
705, 3214342, 0, 0, 0
801, 3211394, 0, 0, 0
902, 3231516, 0, 0, 0
1002, 3426017, 0, 0, 0
1101, 3105197, 0, 0, 0
1200, 3158572, 0, 0, 0
1301, 3146998, 0, 0, 0
1401, 3023796, 0, 0, 0
1500, 3096225, 0, 0, 0
1600, 3225168, 0, 0, 0
1700, 3293223, 0, 0, 0
1802, 3200343, 0, 0, 0
1900, 3480231, 0, 0, 0
2001, 2959114, 0, 0, 0
2103, 3374421, 0, 0, 0
2202, 3007706, 0, 0, 0
2302, 3451179, 0, 0, 0
2401, 3383315, 0, 0, 0
2502, 2884237, 0, 0, 0
2602, 3101619, 0, 0, 0
2701, 2662900, 0, 0, 0
2801, 3450215, 0, 0, 0
2903, 3379881, 0, 0, 0
3000, 3115322, 0, 0, 0
3100, 3240123, 0, 0, 0
3202, 2992840, 0, 0, 0
3300, 3250516, 0, 0, 0
3400, 3024123, 0, 0, 0
3500, 3023127, 0, 0, 0
3600, 3425826, 0, 0, 0
3702, 3282966, 0, 0, 0
3803, 3040142, 0, 0, 0
3903, 3326868, 0, 0, 0
4001, 2966956, 0, 0, 0
4103, 3280495, 0, 0, 0
4200, 3126365, 0, 0, 0
4300, 3317812, 0, 0, 0
4400, 3425931, 0, 0, 0
4501, 2895066, 0, 0, 0
4600, 3370184, 0, 0, 0
4700, 3230783, 0, 0, 0
4801, 3367718, 0, 0, 0
4903, 3061443, 0, 0, 0
5002, 2829386, 0, 0, 0
5101, 2993257, 0, 0, 0
5200, 2997974, 0, 0, 0
5300, 3666461, 0, 0, 0
5401, 3253734, 0, 0, 0
5502, 3067930, 0, 0, 0
5600, 3042738, 0, 0, 0
5702, 3001816, 0, 0, 0
5802, 3007682, 0, 0, 0
5900, 3627891, 0, 0, 0
6002, 3266099, 0, 0, 0
6100, 3077862, 0, 0, 0
6201, 3603105, 0, 0, 0
6303, 3160663, 0, 0, 0
6402, 3280685, 0, 0, 0
6502, 3235348, 0, 0, 0
6601, 3065336, 0, 0, 0
6700, 2903751, 0, 0, 0
6800, 3029378, 0, 0, 0
6902, 2978096, 0, 0, 0
7002, 3347658, 0, 0, 0
7100, 3345526, 0, 0, 0
7201, 3262156, 0, 0, 0
7301, 2926217, 0, 0, 0
7402, 3481212, 0, 0, 0
7502, 2837806, 0, 0, 0
7600, 2975344, 0, 0, 0
7702, 3372904, 0, 0, 0
7801, 3314613, 0, 0, 0
7901, 3298425, 0, 0, 0
8000, 3181840, 0, 0, 0
8102, 3090580, 0, 0, 0
8201, 3073307, 0, 0, 0
8301, 3244525, 0, 0, 0
8400, 3163029, 0, 0, 0
8500, 3120775, 0, 0, 0
8601, 3352651, 0, 0, 0
8704, 3023453, 0, 0, 0
8801, 2476411, 0, 0, 0
8900, 3311166, 0, 0, 0
9000, 3197930, 0, 0, 0
9100, 2842812, 0, 0, 0
9201, 3472279, 0, 0, 0
9302, 3144777, 0, 0, 0
9400, 2810139, 0, 0, 0
9504, 3121282, 0, 0, 0
9601, 3142186, 0, 0, 0
9703, 2976806, 0, 0, 0
9801, 3276835, 0, 0, 0
9901, 3107830, 0, 0, 0
10001, 3012329, 0, 0, 0
10101, 2687074, 0, 0, 0
10203, 3085872, 0, 0, 0
10300, 3233618, 0, 0, 0
10402, 3190606, 0, 0, 0
10503, 3133980, 0, 0, 0
10600, 3342986, 0, 0, 0
10700, 2914626, 0, 0, 0
10801, 3065473, 0, 0, 0
10900, 2980603, 0, 0, 0
11000, 3566733, 0, 0, 0
11103, 3014111, 0, 0, 0
11203, 3030019, 0, 0, 0
11300, 3330433, 0, 0, 0
11400, 3211415, 0, 0, 0
11500, 3113484, 0, 0, 0
11602, 3283711, 0, 0, 0
11701, 2904318, 0, 0, 0
11800, 3289167, 0, 0, 0
11900, 2856654, 0, 0, 0
12002, 2668676, 0, 0, 0
12100, 3154246, 0, 0, 0
12200, 2770250, 0, 0, 0
12300, 3108348, 0, 0, 0
12401, 2983505, 0, 0, 0
12504, 3509201, 0, 0, 0
12601, 3243618, 0, 0, 0
12700, 3282280, 0, 0, 0
12804, 3054234, 0, 0, 0
12902, 2960222, 0, 0, 0
13000, 2962544, 0, 0, 0
13100, 3436525, 0, 0, 0
13202, 2823747, 0, 0, 0
13301, 3396112, 0, 0, 0
13402, 3254061, 0, 0, 0
13500, 3250391, 0, 0, 0
13602, 3003328, 0, 0, 0
13704, 3268901, 0, 0, 0
13800, 3177535, 0, 0, 0
13901, 2980531, 0, 0, 0
14004, 3005398, 0, 0, 0
14100, 2984494, 0, 0, 0
14203, 3027315, 0, 0, 0
14301, 3622286, 0, 0, 0
14400, 3301089, 0, 0, 0
14501, 2876780, 0, 0, 0
14600, 3168419, 0, 0, 0
14701, 3152894, 0, 0, 0
14802, 3237248, 0, 0, 0
14900, 3067108, 0, 0, 0
15003, 3662118, 0, 0, 0
15101, 3174268, 0, 0, 0
15202, 3133694, 0, 0, 0
15300, 3486393, 0, 0, 0
15403, 3534040, 0, 0, 0
15502, 3303064, 0, 0, 0
15600, 2945859, 0, 0, 0
15701, 2986231, 0, 0, 0
15801, 3556658, 0, 0, 0
15903, 3502926, 0, 0, 0
16003, 3003693, 0, 0, 0
16101, 2636856, 0, 0, 0
16200, 3318381, 0, 0, 0
16300, 2930586, 0, 0, 0
16401, 3236631, 0, 0, 0
16502, 2956415, 0, 0, 0
16601, 3406889, 0, 0, 0
16700, 2742407, 0, 0, 0
16800, 3028482, 0, 0, 0
16900, 2838864, 0, 0, 0
17002, 3522198, 0, 0, 0
17100, 3486124, 0, 0, 0
17200, 3021708, 0, 0, 0
17302, 3075734, 0, 0, 0
17402, 3098529, 0, 0, 0
17504, 3081105, 0, 0, 0
17602, 3170693, 0, 0, 0
17701, 3087670, 0, 0, 0
17800, 3178918, 0, 0, 0
17902, 2893780, 0, 0, 0
18001, 3293471, 0, 0, 0
18102, 3495721, 0, 0, 0
18202, 3111359, 0, 0, 0
18301, 3068742, 0, 0, 0
18402, 3051077, 0, 0, 0
18501, 3294992, 0, 0, 0
18600, 3407867, 0, 0, 0
18701, 3139039, 0, 0, 0
18800, 3398641, 0, 0, 0
18902, 3393847, 0, 0, 0
19001, 2908247, 0, 0, 0
19100, 3283242, 0, 0, 0
19203, 3211525, 0, 0, 0
19301, 3050107, 0, 0, 0
19402, 3472440, 0, 0, 0
19502, 2938503, 0, 0, 0
19600, 3136135, 0, 0, 0
19702, 3188620, 0, 0, 0
19802, 3115510, 0, 0, 0
19902, 3436747, 0, 0, 0
20000, 2978566, 0, 0, 0
20101, 2959925, 0, 0, 0
20200, 2962837, 0, 0, 0
20303, 3442889, 0, 0, 0
20402, 2726046, 0, 0, 0
20500, 3381179, 0, 0, 0
20601, 3145852, 0, 0, 0
20705, 3338283, 0, 0, 0
20800, 3409499, 0, 0, 0
20900, 3435325, 0, 0, 0
21003, 3205668, 0, 0, 0
21101, 3631333, 0, 0, 0
21202, 3230757, 0, 0, 0
21302, 3206586, 0, 0, 0
21402, 3221458, 0, 0, 0
21502, 3137771, 0, 0, 0
21600, 3037141, 0, 0, 0
21703, 3308939, 0, 0, 0
21800, 3132699, 0, 0, 0
21901, 3148073, 0, 0, 0
22001, 2676980, 0, 0, 0
22102, 3620594, 0, 0, 0
22201, 2728534, 0, 0, 0
22302, 3267193, 0, 0, 0
22402, 3411696, 0, 0, 0
22502, 3335210, 0, 0, 0
22601, 3090312, 0, 0, 0
22703, 3377435, 0, 0, 0
22803, 3430969, 0, 0, 0
22900, 3029311, 0, 0, 0
23002, 3282139, 0, 0, 0
23100, 2956173, 0, 0, 0
23201, 3610242, 0, 0, 0
23302, 3037767, 0, 0, 0
23401, 3304435, 0, 0, 0
23501, 3226749, 0, 0, 0
23602, 3041292, 0, 0, 0
23702, 3097318, 0, 0, 0
23800, 3152038, 0, 0, 0
23903, 2870956, 0, 0, 0
24004, 3033273, 0, 0, 0
24101, 2856112, 0, 0, 0
24200, 3187051, 0, 0, 0
24303, 3302055, 0, 0, 0
24401, 3265861, 0, 0, 0
24501, 3308904, 0, 0, 0
24602, 3472880, 0, 0, 0
24702, 3456637, 0, 0, 0
24802, 3113952, 0, 0, 0
24904, 3507935, 0, 0, 0
25003, 3403717, 0, 0, 0
25100, 2939001, 0, 0, 0
25202, 3481483, 0, 0, 0
25300, 2966615, 0, 0, 0
25403, 3422737, 0, 0, 0
25502, 3287080, 0, 0, 0
25603, 3490565, 0, 0, 0
25701, 3373174, 0, 0, 0
25801, 3101044, 0, 0, 0
25901, 2932435, 0, 0, 0
26002, 2883278, 0, 0, 0
26101, 3788806, 0, 0, 0
26203, 3912519, 0, 0, 0
26301, 2805511, 0, 0, 0
26401, 3560732, 0, 0, 0
26501, 3304172, 0, 0, 0
26602, 3042123, 0, 0, 0
26704, 3399021, 0, 0, 0
26802, 2783038, 0, 0, 0
26901, 3418547, 0, 0, 0
27001, 3112488, 0, 0, 0
27102, 2885911, 0, 0, 0
27200, 3249380, 0, 0, 0
27302, 3508967, 0, 0, 0
27400, 3367048, 0, 0, 0
27500, 3024626, 0, 0, 0
27600, 3032594, 0, 0, 0
27702, 3387325, 0, 0, 0
27801, 2994263, 0, 0, 0
27900, 3157580, 0, 0, 0
28003, 3121337, 0, 0, 0
28102, 2807182, 0, 0, 0
28201, 3207347, 0, 0, 0
28300, 3060789, 0, 0, 0
28401, 3167862, 0, 0, 0
28500, 3185850, 0, 0, 0
28601, 3026817, 0, 0, 0
28701, 3590265, 0, 0, 0
28802, 3353936, 0, 0, 0
28901, 3067244, 0, 0, 0
29002, 3621213, 0, 0, 0
29103, 2862922, 0, 0, 0
29201, 2886758, 0, 0, 0
29303, 2729006, 0, 0, 0
29401, 2814601, 0, 0, 0
29500, 3155893, 0, 0, 0
29600, 3217900, 0, 0, 0
29702, 2927729, 0, 0, 0
29801, 3062895, 0, 0, 0
29902, 2965806, 0, 0, 0
30001, 3294726, 0, 0, 0
30100, 3303062, 0, 0, 0
30201, 3444341, 0, 0, 0
30300, 3288449, 0, 0, 0
30404, 3366194, 0, 0, 0
30502, 3143236, 0, 0, 0
30601, 2893246, 0, 0, 0
30700, 3293162, 0, 0, 0
30804, 2798990, 0, 0, 0
30901, 2551756, 0, 0, 0
31001, 2920895, 0, 0, 0
31102, 3074838, 0, 0, 0
31201, 3644524, 0, 0, 0
31301, 2770691, 0, 0, 0
31401, 2925870, 0, 0, 0
31502, 3253737, 0, 0, 0
31602, 3121654, 0, 0, 0
31705, 2920803, 0, 0, 0
31800, 3070097, 0, 0, 0
31900, 3022253, 0, 0, 0
32001, 3455576, 0, 0, 0
32102, 3158804, 0, 0, 0
32203, 3358159, 0, 0, 0
32301, 2958795, 0, 0, 0
32400, 3282374, 0, 0, 0
32500, 3119057, 0, 0, 0
32601, 2951637, 0, 0, 0
32701, 2933415, 0, 0, 0
32801, 3113381, 0, 0, 0
32904, 3425558, 0, 0, 0
33003, 2916610, 0, 0, 0
33102, 2820220, 0, 0, 0
33201, 2988645, 0, 0, 0
33300, 3175681, 0, 0, 0
33402, 2985854, 0, 0, 0
33500, 2869244, 0, 0, 0
33600, 3451825, 0, 0, 0
33700, 3022571, 0, 0, 0
33800, 3021720, 0, 0, 0
33901, 3590039, 0, 0, 0
34002, 2944680, 0, 0, 0
34103, 2971745, 0, 0, 0
34201, 2573659, 0, 0, 0
34302, 3156532, 0, 0, 0
34403, 3118949, 0, 0, 0
34500, 3049460, 0, 0, 0
34600, 2756944, 0, 0, 0
34702, 3180470, 0, 0, 0
34800, 2959302, 0, 0, 0
34900, 3308197, 0, 0, 0
35002, 2999289, 0, 0, 0
35100, 3155081, 0, 0, 0
35203, 3014474, 0, 0, 0
35302, 2991509, 0, 0, 0
35403, 3345226, 0, 0, 0
35502, 3307787, 0, 0, 0
35602, 3011418, 0, 0, 0
35700, 3255823, 0, 0, 0
35802, 3280770, 0, 0, 0
35901, 2995673, 0, 0, 0
36001, 3213144, 0, 0, 0
36100, 2823718, 0, 0, 0
36203, 3101072, 0, 0, 0
36301, 2967856, 0, 0, 0
36402, 2882688, 0, 0, 0
36502, 3311257, 0, 0, 0
36603, 3363177, 0, 0, 0
36702, 3083224, 0, 0, 0
36800, 3605941, 0, 0, 0
36903, 3551468, 0, 0, 0
37000, 3215188, 0, 0, 0
37103, 2780022, 0, 0, 0
37204, 3041735, 0, 0, 0
37301, 3477881, 0, 0, 0
37403, 3064973, 0, 0, 0
37504, 3269188, 0, 0, 0
37600, 3299752, 0, 0, 0
37700, 3325038, 0, 0, 0
37800, 2669760, 0, 0, 0
37900, 3323760, 0, 0, 0
38001, 3255620, 0, 0, 0
38100, 3539662, 0, 0, 0
38200, 3016744, 0, 0, 0
38300, 3542496, 0, 0, 0
38402, 3525548, 0, 0, 0
38500, 2952213, 0, 0, 0
38601, 3608783, 0, 0, 0
38700, 3095446, 0, 0, 0
38800, 3430199, 0, 0, 0
38900, 3319000, 0, 0, 0
39000, 3006422, 0, 0, 0
39100, 3450863, 0, 0, 0
39204, 3241666, 0, 0, 0
39300, 3186981, 0, 0, 0
39402, 3188165, 0, 0, 0
39501, 3070479, 0, 0, 0
39602, 2965791, 0, 0, 0
39700, 3156929, 0, 0, 0
39803, 3192441, 0, 0, 0
39900, 3469263, 0, 0, 0
40001, 3477642, 0, 0, 0
40101, 3214747, 0, 0, 0
40202, 3246490, 0, 0, 0
40303, 3348807, 0, 0, 0
40402, 3194554, 0, 0, 0
40501, 3530199, 0, 0, 0
40602, 3236394, 0, 0, 0
40701, 3538788, 0, 0, 0
40802, 3229390, 0, 0, 0
40904, 3187947, 0, 0, 0
41003, 3412794, 0, 0, 0
41102, 2985340, 0, 0, 0
41200, 3156876, 0, 0, 0
41301, 2721191, 0, 0, 0
41400, 2905317, 0, 0, 0
41504, 3244125, 0, 0, 0
41600, 2983560, 0, 0, 0
41701, 3038693, 0, 0, 0
41800, 3431685, 0, 0, 0
41900, 2996013, 0, 0, 0
42002, 3299956, 0, 0, 0
42104, 3378338, 0, 0, 0
42203, 3281587, 0, 0, 0
42301, 3493339, 0, 0, 0
42401, 3577937, 0, 0, 0
42503, 2976982, 0, 0, 0
42602, 3544367, 0, 0, 0
42701, 3295517, 0, 0, 0
42801, 2919514, 0, 0, 0
42901, 3214963, 0, 0, 0
43002, 3726345, 0, 0, 0
43100, 3269972, 0, 0, 0
43200, 3003384, 0, 0, 0
43301, 2894103, 0, 0, 0
43401, 3212681, 0, 0, 0
43502, 2872561, 0, 0, 0
43600, 2954840, 0, 0, 0
43700, 2686585, 0, 0, 0
43801, 2977412, 0, 0, 0
43901, 3213651, 0, 0, 0
44000, 2975655, 0, 0, 0
44102, 3192446, 0, 0, 0
44201, 3077406, 0, 0, 0
44301, 3219367, 0, 0, 0
44400, 3101780, 0, 0, 0
44500, 3301475, 0, 0, 0
44601, 3471781, 0, 0, 0
44702, 3057622, 0, 0, 0
44800, 3155010, 0, 0, 0
44901, 3486265, 0, 0, 0
45002, 3135159, 0, 0, 0
45102, 2830991, 0, 0, 0
45201, 2835369, 0, 0, 0
45302, 3149690, 0, 0, 0
45403, 3225299, 0, 0, 0
45502, 3000769, 0, 0, 0
45601, 2893079, 0, 0, 0
45700, 3088767, 0, 0, 0
45800, 2951976, 0, 0, 0
45900, 3205728, 0, 0, 0
46002, 2888066, 0, 0, 0
46101, 3535874, 0, 0, 0
46200, 2987695, 0, 0, 0
46300, 3226439, 0, 0, 0
46402, 2892948, 0, 0, 0
46501, 3010191, 0, 0, 0
46602, 3034740, 0, 0, 0
46702, 3460657, 0, 0, 0
46800, 3363892, 0, 0, 0
46902, 3272752, 0, 0, 0
47001, 2731899, 0, 0, 0
47102, 3047604, 0, 0, 0
47202, 3225759, 0, 0, 0
47300, 3496957, 0, 0, 0
47400, 3427486, 0, 0, 0
47500, 3574190, 0, 0, 0
47601, 3475864, 0, 0, 0
47703, 3492056, 0, 0, 0
47801, 3160477, 0, 0, 0
47901, 3203847, 0, 0, 0
48002, 3272944, 0, 0, 0
48100, 3042748, 0, 0, 0
48202, 3285318, 0, 0, 0
48301, 3523745, 0, 0, 0
48401, 3029689, 0, 0, 0
48500, 2971041, 0, 0, 0
48601, 3481775, 0, 0, 0
48702, 3234309, 0, 0, 0
48800, 2971855, 0, 0, 0
48902, 3294189, 0, 0, 0
49000, 2635510, 0, 0, 0
49101, 3126665, 0, 0, 0
49200, 3201160, 0, 0, 0
49302, 3072018, 0, 0, 0
49400, 2784531, 0, 0, 0
49500, 2930171, 0, 0, 0
49601, 2974426, 0, 0, 0
49700, 3276433, 0, 0, 0
49802, 3099115, 0, 0, 0
49901, 2811715, 0, 0, 0
50002, 3145895, 0, 0, 0
50101, 2912883, 0, 0, 0
50202, 2941711, 0, 0, 0
50302, 3706198, 0, 0, 0
50401, 3293749, 0, 0, 0
50500, 3413956, 0, 0, 0
50601, 3046413, 0, 0, 0
50700, 2823036, 0, 0, 0
50801, 3459830, 0, 0, 0
50900, 3076393, 0, 0, 0
51001, 3059172, 0, 0, 0
51103, 3065065, 0, 0, 0
51202, 3001359, 0, 0, 0
51300, 3157070, 0, 0, 0
51402, 3264313, 0, 0, 0
51500, 3057429, 0, 0, 0
51600, 2941617, 0, 0, 0
51702, 2832080, 0, 0, 0
51803, 3450040, 0, 0, 0
51901, 3065157, 0, 0, 0
52001, 3320594, 0, 0, 0
52100, 3090296, 0, 0, 0
52200, 3201181, 0, 0, 0
52300, 3127069, 0, 0, 0
52400, 3314723, 0, 0, 0
52502, 3179382, 0, 0, 0
52601, 3300034, 0, 0, 0
52701, 2926636, 0, 0, 0
52802, 3361846, 0, 0, 0
52901, 3531571, 0, 0, 0
53000, 3526707, 0, 0, 0
53100, 2760227, 0, 0, 0
53200, 3454211, 0, 0, 0
53301, 3227419, 0, 0, 0
53402, 3163590, 0, 0, 0
53500, 2956278, 0, 0, 0
53600, 3117794, 0, 0, 0
53703, 3096429, 0, 0, 0
53805, 3092219, 0, 0, 0
53901, 3293130, 0, 0, 0
54000, 2669628, 0, 0, 0
54101, 3255211, 0, 0, 0
54201, 3000598, 0, 0, 0
54303, 3194851, 0, 0, 0
54402, 2804679, 0, 0, 0
54500, 2967988, 0, 0, 0
54601, 3160371, 0, 0, 0
54700, 2975469, 0, 0, 0
54803, 3219062, 0, 0, 0
54901, 3152124, 0, 0, 0
55004, 3017473, 0, 0, 0
55102, 2960710, 0, 0, 0
55203, 2859351, 0, 0, 0
55300, 2861095, 0, 0, 0
55403, 3210407, 0, 0, 0
55503, 3094605, 0, 0, 0
55600, 3031650, 0, 0, 0
55702, 2900672, 0, 0, 0
55804, 3280575, 0, 0, 0
55902, 2791422, 0, 0, 0
56000, 3265740, 0, 0, 0
56104, 3329813, 0, 0, 0
56203, 3097341, 0, 0, 0
56300, 3226119, 0, 0, 0
56402, 3188613, 0, 0, 0
56501, 3390307, 0, 0, 0
56600, 3081572, 0, 0, 0
56703, 3201856, 0, 0, 0
56800, 3333546, 0, 0, 0
56900, 3442958, 0, 0, 0
57002, 2834886, 0, 0, 0
57103, 3454914, 0, 0, 0
57200, 2765937, 0, 0, 0
57303, 3424709, 0, 0, 0
57401, 3277858, 0, 0, 0
57501, 3324118, 0, 0, 0
57601, 3199382, 0, 0, 0
57702, 3469902, 0, 0, 0
57801, 3397210, 0, 0, 0
57903, 2993572, 0, 0, 0
58002, 3530262, 0, 0, 0
58100, 3069211, 0, 0, 0
58200, 2932778, 0, 0, 0
58300, 3200141, 0, 0, 0
58402, 3092861, 0, 0, 0
58500, 3354754, 0, 0, 0
58602, 3168607, 0, 0, 0
58701, 3199609, 0, 0, 0
58801, 3324777, 0, 0, 0
58901, 3100689, 0, 0, 0
59000, 3404736, 0, 0, 0
59102, 3293726, 0, 0, 0
59201, 3175050, 0, 0, 0
59300, 2998725, 0, 0, 0
59401, 3728525, 0, 0, 0
59500, 3512609, 0, 0, 0
59601, 3611993, 0, 0, 0
59701, 3110975, 0, 0, 0
59802, 3598532, 0, 0, 0
59900, 3144118, 0, 0, 0
60001, 3155703, 0, 0, 0
