100, 6093, 0, 0, 0
200, 6672, 0, 0, 0
300, 6655, 0, 0, 0
401, 6320, 0, 0, 0
503, 5822, 0, 0, 0
603, 5908, 0, 0, 0
700, 5833, 0, 0, 0
801, 6021, 0, 0, 0
901, 5426, 0, 0, 0
1002, 6198, 0, 0, 0
1100, 5904, 0, 0, 0
1201, 6006, 0, 0, 0
1301, 5839, 0, 0, 0
1402, 6206, 0, 0, 0
1500, 6173, 0, 0, 0
1602, 6147, 0, 0, 0
1700, 6321, 0, 0, 0
1800, 6502, 0, 0, 0
1904, 6404, 0, 0, 0
2000, 6259, 0, 0, 0
2100, 5673, 0, 0, 0
2201, 5640, 0, 0, 0
2301, 6114, 0, 0, 0
2401, 5724, 0, 0, 0
2501, 5952, 0, 0, 0
2600, 6398, 0, 0, 0
2700, 5959, 0, 0, 0
2801, 5764, 0, 0, 0
2902, 6088, 0, 0, 0
3001, 6293, 0, 0, 0
3100, 5467, 0, 0, 0
3202, 6569, 0, 0, 0
3300, 5913, 0, 0, 0
3402, 6193, 0, 0, 0
3500, 6196, 0, 0, 0
3601, 5507, 0, 0, 0
3700, 6175, 0, 0, 0
3800, 5738, 0, 0, 0
3900, 6267, 0, 0, 0
4000, 6034, 0, 0, 0
4100, 5569, 0, 0, 0
4201, 5946, 0, 0, 0
4301, 5666, 0, 0, 0
4401, 5557, 0, 0, 0
4501, 5962, 0, 0, 0
4600, 6007, 0, 0, 0
4700, 6011, 0, 0, 0
4800, 6636, 0, 0, 0
4902, 6835, 0, 0, 0
5001, 5785, 0, 0, 0
5101, 5843, 0, 0, 0
5200, 5833, 0, 0, 0
5301, 6265, 0, 0, 0
5400, 6478, 0, 0, 0
5502, 6703, 0, 0, 0
5601, 5749, 0, 0, 0
5702, 6868, 0, 0, 0
5802, 6267, 0, 0, 0
5903, 6468, 0, 0, 0
6001, 5879, 0, 0, 0
6100, 6120, 0, 0, 0
6202, 5876, 0, 0, 0
6301, 5971, 0, 0, 0
6401, 6199, 0, 0, 0
6500, 5951, 0, 0, 0
6600, 6169, 0, 0, 0
6701, 5990, 0, 0, 0
6801, 6089, 0, 0, 0
6900, 6448, 0, 0, 0
7000, 6160, 0, 0, 0
7100, 5953, 0, 0, 0
7200, 5951, 0, 0, 0
7301, 6017, 0, 0, 0
7401, 6138, 0, 0, 0
7503, 6077, 0, 0, 0
7600, 6228, 0, 0, 0
7701, 6243, 0, 0, 0
7801, 6132, 0, 0, 0
7902, 6790, 0, 0, 0
8002, 6079, 0, 0, 0
8100, 6216, 0, 0, 0
8200, 6184, 0, 0, 0
8300, 6565, 0, 0, 0
8400, 6583, 0, 0, 0
8500, 6103, 0, 0, 0
8601, 6065, 0, 0, 0
8700, 6078, 0, 0, 0
8801, 6202, 0, 0, 0
8900, 6293, 0, 0, 0
9000, 6416, 0, 0, 0
9100, 6449, 0, 0, 0
9202, 5708, 0, 0, 0
9301, 6038, 0, 0, 0
9400, 5771, 0, 0, 0
9501, 5882, 0, 0, 0
9601, 5765, 0, 0, 0
9700, 6326, 0, 0, 0
9801, 6243, 0, 0, 0
9901, 5778, 0, 0, 0
10000, 6230, 0, 0, 0
10100, 6422, 0, 0, 0
10200, 5786, 0, 0, 0
10300, 5989, 0, 0, 0
10401, 6177, 0, 0, 0
10501, 6028, 0, 0, 0
10600, 6158, 0, 0, 0
10700, 5795, 0, 0, 0
10800, 6038, 0, 0, 0
10901, 5944, 0, 0, 0
11001, 6257, 0, 0, 0
11100, 6521, 0, 0, 0
11200, 6071, 0, 0, 0
11300, 5818, 0, 0, 0
11400, 5986, 0, 0, 0
11500, 6492, 0, 0, 0
11601, 6111, 0, 0, 0
11700, 6024, 0, 0, 0
11801, 6121, 0, 0, 0
11900, 6600, 0, 0, 0
12001, 6642, 0, 0, 0
12100, 6413, 0, 0, 0
12202, 6380, 0, 0, 0
12301, 6558, 0, 0, 0
12402, 6398, 0, 0, 0
12500, 6379, 0, 0, 0
12601, 5989, 0, 0, 0
12700, 6034, 0, 0, 0
12800, 5909, 0, 0, 0
12900, 5925, 0, 0, 0
13001, 5510, 0, 0, 0
13100, 6081, 0, 0, 0
13200, 6062, 0, 0, 0
13300, 6362, 0, 0, 0
13400, 6089, 0, 0, 0
13501, 6141, 0, 0, 0
13600, 6205, 0, 0, 0
13701, 6066, 0, 0, 0
13800, 6369, 0, 0, 0
13900, 6155, 0, 0, 0
14000, 6178, 0, 0, 0
14101, 6190, 0, 0, 0
14200, 5986, 0, 0, 0
14300, 6048, 0, 0, 0
14401, 5676, 0, 0, 0
14501, 5695, 0, 0, 0
14601, 5623, 0, 0, 0
14700, 6120, 0, 0, 0
14800, 5849, 0, 0, 0
14900, 6285, 0, 0, 0
15000, 5684, 0, 0, 0
15102, 6025, 0, 0, 0
15200, 5612, 0, 0, 0
15301, 5489, 0, 0, 0
15401, 6362, 0, 0, 0
15500, 5763, 0, 0, 0
15600, 5967, 0, 0, 0
15702, 6345, 0, 0, 0
15801, 5997, 0, 0, 0
15900, 5499, 0, 0, 0
16000, 5746, 0, 0, 0
16102, 5999, 0, 0, 0
16200, 5478, 0, 0, 0
16300, 6370, 0, 0, 0
16400, 5609, 0, 0, 0
16501, 6257, 0, 0, 0
16601, 6321, 0, 0, 0
16702, 6237, 0, 0, 0
16801, 5928, 0, 0, 0
16902, 6125, 0, 0, 0
17001, 6089, 0, 0, 0
17100, 5699, 0, 0, 0
17200, 6328, 0, 0, 0
17301, 6595, 0, 0, 0
17402, 6499, 0, 0, 0
17500, 6080, 0, 0, 0
17601, 5862, 0, 0, 0
17701, 6025, 0, 0, 0
17800, 5945, 0, 0, 0
17902, 6275, 0, 0, 0
18000, 6641, 0, 0, 0
18101, 6404, 0, 0, 0
18201, 5876, 0, 0, 0
18301, 5498, 0, 0, 0
18402, 5052, 0, 0, 0
18500, 5763, 0, 0, 0
18600, 6029, 0, 0, 0
18700, 5876, 0, 0, 0
18801, 6367, 0, 0, 0
18900, 6452, 0, 0, 0
19002, 6572, 0, 0, 0
19101, 6273, 0, 0, 0
19200, 6061, 0, 0, 0
19300, 6185, 0, 0, 0
19400, 6233, 0, 0, 0
19502, 6007, 0, 0, 0
19600, 5840, 0, 0, 0
19701, 5617, 0, 0, 0
19801, 5843, 0, 0, 0
19901, 5748, 0, 0, 0
20001, 5589, 0, 0, 0
20101, 5827, 0, 0, 0
20201, 5991, 0, 0, 0
20302, 5738, 0, 0, 0
20400, 6160, 0, 0, 0
20501, 6122, 0, 0, 0
20601, 6152, 0, 0, 0
20700, 6773, 0, 0, 0
20801, 6548, 0, 0, 0
20900, 6365, 0, 0, 0
21001, 6236, 0, 0, 0
21100, 5729, 0, 0, 0
21201, 6361, 0, 0, 0
21300, 6517, 0, 0, 0
21400, 6597, 0, 0, 0
21500, 6351, 0, 0, 0
21603, 5911, 0, 0, 0
21701, 6137, 0, 0, 0
21801, 5968, 0, 0, 0
21900, 6373, 0, 0, 0
22001, 6231, 0, 0, 0
22101, 6266, 0, 0, 0
22201, 5207, 0, 0, 0
22302, 6011, 0, 0, 0
22401, 6110, 0, 0, 0
22501, 5923, 0, 0, 0
22600, 5334, 0, 0, 0
22702, 5560, 0, 0, 0
22800, 6205, 0, 0, 0
22900, 5914, 0, 0, 0
23000, 6528, 0, 0, 0
23101, 6145, 0, 0, 0
23200, 6414, 0, 0, 0
23301, 6664, 0, 0, 0
23402, 6455, 0, 0, 0
23501, 6384, 0, 0, 0
23600, 6061, 0, 0, 0
23700, 6640, 0, 0, 0
23802, 6186, 0, 0, 0
23900, 6835, 0, 0, 0
24001, 6131, 0, 0, 0
24101, 5934, 0, 0, 0
24201, 5823, 0, 0, 0
24300, 5811, 0, 0, 0
24401, 6416, 0, 0, 0
24501, 6433, 0, 0, 0
24600, 6387, 0, 0, 0
24700, 6387, 0, 0, 0
24801, 6194, 0, 0, 0
24900, 6144, 0, 0, 0
25000, 5970, 0, 0, 0
25100, 6160, 0, 0, 0
25202, 5532, 0, 0, 0
25300, 6542, 0, 0, 0
25400, 6029, 0, 0, 0
25500, 6221, 0, 0, 0
25601, 5924, 0, 0, 0
25700, 5887, 0, 0, 0
25800, 6595, 0, 0, 0
25900, 6542, 0, 0, 0
26000, 6094, 0, 0, 0
26101, 6325, 0, 0, 0
26200, 6096, 0, 0, 0
26301, 5919, 0, 0, 0
26403, 5825, 0, 0, 0
26500, 5772, 0, 0, 0
26600, 5187, 0, 0, 0
26701, 5827, 0, 0, 0
26800, 5631, 0, 0, 0
26900, 5919, 0, 0, 0
27002, 6366, 0, 0, 0
27102, 5670, 0, 0, 0
27200, 5762, 0, 0, 0
27302, 6375, 0, 0, 0
27400, 5814, 0, 0, 0
27501, 6018, 0, 0, 0
27601, 6350, 0, 0, 0
27701, 5739, 0, 0, 0
27802, 6185, 0, 0, 0
27901, 7021, 0, 0, 0
28001, 6092, 0, 0, 0
28101, 5834, 0, 0, 0
28200, 6358, 0, 0, 0
28300, 6682, 0, 0, 0
28402, 7374, 0, 0, 0
28500, 6051, 0, 0, 0
28602, 6012, 0, 0, 0
28700, 6459, 0, 0, 0
28801, 6019, 0, 0, 0
28901, 6299, 0, 0, 0
29001, 5991, 0, 0, 0
29101, 6148, 0, 0, 0
29200, 5890, 0, 0, 0
29300, 5899, 0, 0, 0
29402, 6068, 0, 0, 0
29501, 6251, 0, 0, 0
29600, 6063, 0, 0, 0
29700, 5617, 0, 0, 0
29800, 5869, 0, 0, 0
29900, 5745, 0, 0, 0
30001, 6107, 0, 0, 0
30101, 6030, 0, 0, 0
30202, 5911, 0, 0, 0
30300, 6153, 0, 0, 0
30400, 5995, 0, 0, 0
30501, 5730, 0, 0, 0
30601, 5880, 0, 0, 0
30700, 6331, 0, 0, 0
30800, 6178, 0, 0, 0
30901, 5859, 0, 0, 0
31001, 6090, 0, 0, 0
31100, 6356, 0, 0, 0
31201, 5864, 0, 0, 0
31301, 6118, 0, 0, 0
31400, 6106, 0, 0, 0
31500, 6299, 0, 0, 0
31600, 6200, 0, 0, 0
31700, 6275, 0, 0, 0
31800, 6098, 0, 0, 0
31901, 6164, 0, 0, 0
32001, 6908, 0, 0, 0
32101, 6145, 0, 0, 0
32200, 6904, 0, 0, 0
32302, 6068, 0, 0, 0
32401, 5738, 0, 0, 0
32500, 6260, 0, 0, 0
32600, 6269, 0, 0, 0
32703, 6185, 0, 0, 0
32801, 6352, 0, 0, 0
32900, 6247, 0, 0, 0
33000, 5941, 0, 0, 0
33100, 6097, 0, 0, 0
33201, 6103, 0, 0, 0
33302, 6035, 0, 0, 0
33401, 6155, 0, 0, 0
33500, 6452, 0, 0, 0
33600, 6147, 0, 0, 0
33701, 6088, 0, 0, 0
33801, 6439, 0, 0, 0
33900, 6159, 0, 0, 0
34000, 5997, 0, 0, 0
34101, 6328, 0, 0, 0
34201, 5828, 0, 0, 0
34300, 6491, 0, 0, 0
34400, 6528, 0, 0, 0
34501, 6563, 0, 0, 0
34600, 5660, 0, 0, 0
34700, 5898, 0, 0, 0
34800, 5947, 0, 0, 0
34900, 6063, 0, 0, 0
35000, 6387, 0, 0, 0
35102, 5993, 0, 0, 0
35201, 6248, 0, 0, 0
35300, 5753, 0, 0, 0
35400, 6174, 0, 0, 0
35500, 5632, 0, 0, 0
35600, 5631, 0, 0, 0
35700, 6193, 0, 0, 0
35802, 5751, 0, 0, 0
35900, 5835, 0, 0, 0
36000, 6352, 0, 0, 0
36100, 5950, 0, 0, 0
36200, 6100, 0, 0, 0
36301, 5714, 0, 0, 0
36400, 5450, 0, 0, 0
36500, 6055, 0, 0, 0
36601, 6061, 0, 0, 0
36701, 6060, 0, 0, 0
36800, 6091, 0, 0, 0
36900, 6436, 0, 0, 0
37001, 5948, 0, 0, 0
37100, 6137, 0, 0, 0
37200, 5730, 0, 0, 0
37300, 5403, 0, 0, 0
37402, 5967, 0, 0, 0
37501, 6068, 0, 0, 0
37600, 6252, 0, 0, 0
37701, 6156, 0, 0, 0
37800, 5882, 0, 0, 0
37901, 6240, 0, 0, 0
38001, 5872, 0, 0, 0
38101, 6326, 0, 0, 0
38200, 6239, 0, 0, 0
38301, 6349, 0, 0, 0
38401, 6173, 0, 0, 0
38503, 5645, 0, 0, 0
38600, 5850, 0, 0, 0
38700, 5982, 0, 0, 0
38802, 6036, 0, 0, 0
38900, 5616, 0, 0, 0
39000, 6281, 0, 0, 0
39101, 6231, 0, 0, 0
39201, 6011, 0, 0, 0
39301, 5827, 0, 0, 0
39400, 6452, 0, 0, 0
39501, 6398, 0, 0, 0
39601, 6255, 0, 0, 0
39703, 6410, 0, 0, 0
39803, 6151, 0, 0, 0
39900, 6216, 0, 0, 0
40000, 5945, 0, 0, 0
40100, 6142, 0, 0, 0
40200, 5872, 0, 0, 0
40300, 5254, 0, 0, 0
40400, 5450, 0, 0, 0
40501, 5532, 0, 0, 0
40602, 6150, 0, 0, 0
40701, 5741, 0, 0, 0
40803, 5983, 0, 0, 0
40901, 5876, 0, 0, 0
41002, 5780, 0, 0, 0
41100, 5819, 0, 0, 0
41200, 5840, 0, 0, 0
41301, 5964, 0, 0, 0
41401, 5887, 0, 0, 0
41500, 6421, 0, 0, 0
41601, 6565, 0, 0, 0
41700, 5983, 0, 0, 0
41803, 5548, 0, 0, 0
41900, 5967, 0, 0, 0
42000, 5730, 0, 0, 0
42100, 5814, 0, 0, 0
42200, 5917, 0, 0, 0
42300, 5758, 0, 0, 0
42401, 5604, 0, 0, 0
42500, 5509, 0, 0, 0
42600, 5676, 0, 0, 0
42700, 5928, 0, 0, 0
42800, 5973, 0, 0, 0
42900, 6063, 0, 0, 0
43000, 6142, 0, 0, 0
43100, 6155, 0, 0, 0
43200, 5989, 0, 0, 0
43301, 5362, 0, 0, 0
43400, 5900, 0, 0, 0
43500, 5416, 0, 0, 0
43601, 5687, 0, 0, 0
43700, 6240, 0, 0, 0
43801, 5662, 0, 0, 0
43900, 5568, 0, 0, 0
44001, 5672, 0, 0, 0
44100, 5785, 0, 0, 0
44202, 5898, 0, 0, 0
44301, 6025, 0, 0, 0
44402, 6311, 0, 0, 0
44500, 6283, 0, 0, 0
44600, 5800, 0, 0, 0
44700, 6031, 0, 0, 0
44800, 6020, 0, 0, 0
44900, 6263, 0, 0, 0
45000, 5884, 0, 0, 0
45101, 6007, 0, 0, 0
45201, 6107, 0, 0, 0
45300, 5603, 0, 0, 0
45401, 5949, 0, 0, 0
45501, 6462, 0, 0, 0
45601, 6161, 0, 0, 0
45701, 6027, 0, 0, 0
45800, 6491, 0, 0, 0
45901, 6546, 0, 0, 0
46001, 5814, 0, 0, 0
46102, 5380, 0, 0, 0
46201, 6217, 0, 0, 0
46300, 5747, 0, 0, 0
46400, 5788, 0, 0, 0
46501, 6553, 0, 0, 0
46600, 6239, 0, 0, 0
46700, 5789, 0, 0, 0
46801, 6001, 0, 0, 0
46900, 6143, 0, 0, 0
47000, 5745, 0, 0, 0
47100, 6019, 0, 0, 0
47200, 6001, 0, 0, 0
47301, 5991, 0, 0, 0
47400, 6136, 0, 0, 0
47500, 5882, 0, 0, 0
47602, 6077, 0, 0, 0
47700, 6034, 0, 0, 0
47802, 6092, 0, 0, 0
47900, 6241, 0, 0, 0
48002, 6286, 0, 0, 0
48100, 6077, 0, 0, 0
48201, 5868, 0, 0, 0
48300, 6144, 0, 0, 0
48400, 5666, 0, 0, 0
48500, 5778, 0, 0, 0
48600, 6195, 0, 0, 0
48700, 5856, 0, 0, 0
48800, 6022, 0, 0, 0
48902, 6046, 0, 0, 0
49001, 6207, 0, 0, 0
49100, 6004, 0, 0, 0
49201, 5829, 0, 0, 0
49301, 6031, 0, 0, 0
49400, 5500, 0, 0, 0
49500, 5934, 0, 0, 0
49601, 5613, 0, 0, 0
49702, 5837, 0, 0, 0
49800, 5686, 0, 0, 0
49900, 6232, 0, 0, 0
50001, 6227, 0, 0, 0
50101, 6312, 0, 0, 0
50200, 6373, 0, 0, 0
50301, 5619, 0, 0, 0
50401, 5763, 0, 0, 0
50502, 5850, 0, 0, 0
50600, 5953, 0, 0, 0
50700, 6044, 0, 0, 0
50802, 5686, 0, 0, 0
50901, 6253, 0, 0, 0
51000, 6190, 0, 0, 0
51100, 5819, 0, 0, 0
51201, 6193, 0, 0, 0
51300, 6114, 0, 0, 0
51400, 5541, 0, 0, 0
51500, 5883, 0, 0, 0
51600, 6182, 0, 0, 0
51700, 6180, 0, 0, 0
51802, 6343, 0, 0, 0
51901, 5753, 0, 0, 0
52000, 6068, 0, 0, 0
52100, 5931, 0, 0, 0
52201, 6186, 0, 0, 0
52301, 6198, 0, 0, 0
52401, 5936, 0, 0, 0
52500, 5945, 0, 0, 0
52600, 5742, 0, 0, 0
52701, 5592, 0, 0, 0
52801, 5853, 0, 0, 0
52900, 5792, 0, 0, 0
53000, 5233, 0, 0, 0
53102, 5596, 0, 0, 0
53202, 5432, 0, 0, 0
53300, 4973, 0, 0, 0
53400, 5839, 0, 0, 0
53500, 5161, 0, 0, 0
53600, 5718, 0, 0, 0
53700, 5915, 0, 0, 0
53800, 5795, 0, 0, 0
53900, 5890, 0, 0, 0
54000, 5776, 0, 0, 0
54101, 5603, 0, 0, 0
54201, 5711, 0, 0, 0
54300, 5533, 0, 0, 0
54400, 6076, 0, 0, 0
54503, 5543, 0, 0, 0
54601, 5977, 0, 0, 0
54701, 5875, 0, 0, 0
54802, 5615, 0, 0, 0
54901, 6019, 0, 0, 0
55001, 5643, 0, 0, 0
55101, 5460, 0, 0, 0
55200, 5809, 0, 0, 0
55301, 5544, 0, 0, 0
55400, 5431, 0, 0, 0
55501, 5974, 0, 0, 0
55600, 6246, 0, 0, 0
55701, 5714, 0, 0, 0
55802, 5937, 0, 0, 0
55900, 5802, 0, 0, 0
56002, 5870, 0, 0, 0
56103, 5446, 0, 0, 0
56202, 5532, 0, 0, 0
56301, 5860, 0, 0, 0
56401, 5535, 0, 0, 0
56501, 5630, 0, 0, 0
56602, 5823, 0, 0, 0
56701, 5788, 0, 0, 0
56800, 6230, 0, 0, 0
56902, 6209, 0, 0, 0
57000, 6235, 0, 0, 0
57100, 4887, 0, 0, 0
57201, 5519, 0, 0, 0
57301, 5963, 0, 0, 0
57400, 5693, 0, 0, 0
57501, 5886, 0, 0, 0
57600, 6250, 0, 0, 0
57700, 6170, 0, 0, 0
57800, 5746, 0, 0, 0
57900, 6009, 0, 0, 0
58000, 5930, 0, 0, 0
58101, 5711, 0, 0, 0
58202, 5818, 0, 0, 0
58301, 5897, 0, 0, 0
58401, 6243, 0, 0, 0
58500, 6387, 0, 0, 0
58601, 6032, 0, 0, 0
58700, 5807, 0, 0, 0
58800, 5544, 0, 0, 0
58900, 5974, 0, 0, 0
59000, 5761, 0, 0, 0
59101, 5860, 0, 0, 0
59200, 5420, 0, 0, 0
59300, 5582, 0, 0, 0
59400, 5662, 0, 0, 0
59501, 5618, 0, 0, 0
59600, 5921, 0, 0, 0
59702, 6144, 0, 0, 0
59800, 5991, 0, 0, 0
59902, 6422, 0, 0, 0
60001, 6686, 0, 0, 0
