100, 804247, 0, 0, 0
200, 812400, 0, 0, 0
300, 810522, 0, 0, 0
400, 831924, 0, 0, 0
500, 821085, 0, 0, 0
600, 792418, 0, 0, 0
700, 816607, 0, 0, 0
800, 795183, 0, 0, 0
900, 792490, 0, 0, 0
1000, 784123, 0, 0, 0
1100, 793477, 0, 0, 0
1200, 796091, 0, 0, 0
1300, 790893, 0, 0, 0
1400, 784720, 0, 0, 0
1500, 796871, 0, 0, 0
1600, 784659, 0, 0, 0
1700, 784455, 0, 0, 0
1800, 768999, 0, 0, 0
1900, 766419, 0, 0, 0
2000, 783463, 0, 0, 0
2100, 787586, 0, 0, 0
2200, 762088, 0, 0, 0
2300, 779409, 0, 0, 0
2400, 777077, 0, 0, 0
2500, 765086, 0, 0, 0
2600, 785506, 0, 0, 0
2700, 786166, 0, 0, 0
2800, 776516, 0, 0, 0
2900, 780428, 0, 0, 0
3000, 783756, 0, 0, 0
3100, 769881, 0, 0, 0
3200, 788311, 0, 0, 0
3300, 792816, 0, 0, 0
3400, 769222, 0, 0, 0
3500, 781167, 0, 0, 0
3600, 787810, 0, 0, 0
3700, 818605, 0, 0, 0
3800, 780824, 0, 0, 0
3900, 785583, 0, 0, 0
4000, 783965, 0, 0, 0
4100, 781993, 0, 0, 0
4200, 784475, 0, 0, 0
4300, 772592, 0, 0, 0
4400, 781646, 0, 0, 0
4500, 778286, 0, 0, 0
4600, 780084, 0, 0, 0
4700, 782000, 0, 0, 0
4800, 784300, 0, 0, 0
4900, 786219, 0, 0, 0
5000, 781072, 0, 0, 0
5100, 780919, 0, 0, 0
5200, 773976, 0, 0, 0
5300, 781760, 0, 0, 0
5400, 771036, 0, 0, 0
5500, 782227, 0, 0, 0
5600, 795048, 0, 0, 0
5700, 789058, 0, 0, 0
5800, 779933, 0, 0, 0
5900, 769857, 0, 0, 0
6000, 777949, 0, 0, 0
6100, 784933, 0, 0, 0
6200, 773130, 0, 0, 0
6300, 776681, 0, 0, 0
6400, 794740, 0, 0, 0
6500, 781517, 0, 0, 0
6600, 781334, 0, 0, 0
6700, 817916, 0, 0, 0
6800, 782596, 0, 0, 0
6900, 776249, 0, 0, 0
7000, 786893, 0, 0, 0
7100, 780210, 0, 0, 0
7200, 789790, 0, 0, 0
7300, 783083, 0, 0, 0
7400, 767520, 0, 0, 0
7500, 777957, 0, 0, 0
7600, 777028, 0, 0, 0
7700, 788275, 0, 0, 0
7800, 785658, 0, 0, 0
7900, 782835, 0, 0, 0
8000, 782682, 0, 0, 0
8100, 767839, 0, 0, 0
8200, 769160, 0, 0, 0
8300, 776693, 0, 0, 0
8400, 778937, 0, 0, 0
8500, 782467, 0, 0, 0
8600, 785506, 0, 0, 0
8700, 786993, 0, 0, 0
8800, 787191, 0, 0, 0
8900, 815462, 0, 0, 0
9000, 794457, 0, 0, 0
9100, 799271, 0, 0, 0
9200, 779376, 0, 0, 0
9300, 790059, 0, 0, 0
9400, 784232, 0, 0, 0
9500, 784581, 0, 0, 0
9600, 794468, 0, 0, 0
9700, 818608, 0, 0, 0
9800, 810449, 0, 0, 0
9900, 798462, 0, 0, 0
10000, 779380, 0, 0, 0
10100, 790393, 0, 0, 0
10200, 794833, 0, 0, 0
10300, 788865, 0, 0, 0
10400, 789534, 0, 0, 0
10500, 801687, 0, 0, 0
10600, 772824, 0, 0, 0
10700, 791698, 0, 0, 0
10800, 797903, 0, 0, 0
10900, 776687, 0, 0, 0
11000, 778131, 0, 0, 0
11100, 783043, 0, 0, 0
11200, 783924, 0, 0, 0
11300, 779845, 0, 0, 0
11400, 789485, 0, 0, 0
11500, 796355, 0, 0, 0
11600, 777249, 0, 0, 0
11700, 777349, 0, 0, 0
11800, 789267, 0, 0, 0
11900, 780645, 0, 0, 0
12000, 792831, 0, 0, 0
12100, 775597, 0, 0, 0
12200, 789030, 0, 0, 0
12300, 783308, 0, 0, 0
12400, 783024, 0, 0, 0
12500, 765046, 0, 0, 0
12600, 765283, 0, 0, 0
12700, 784581, 0, 0, 0
12800, 786716, 0, 0, 0
12900, 771937, 0, 0, 0
13000, 770695, 0, 0, 0
13100, 781040, 0, 0, 0
13200, 780713, 0, 0, 0
13300, 776864, 0, 0, 0
13400, 765177, 0, 0, 0
13500, 797473, 0, 0, 0
13600, 818947, 0, 0, 0
13700, 798408, 0, 0, 0
13800, 789568, 0, 0, 0
13900, 801303, 0, 0, 0
14000, 817493, 0, 0, 0
14100, 803799, 0, 0, 0
14200, 778665, 0, 0, 0
14300, 782795, 0, 0, 0
14400, 777728, 0, 0, 0
14500, 778353, 0, 0, 0
14600, 780746, 0, 0, 0
14700, 777810, 0, 0, 0
14800, 777780, 0, 0, 0
14900, 785632, 0, 0, 0
15000, 803496, 0, 0, 0
15100, 808438, 0, 0, 0
15200, 790436, 0, 0, 0
15300, 793012, 0, 0, 0
15400, 798286, 0, 0, 0
15500, 801992, 0, 0, 0
15600, 792375, 0, 0, 0
15700, 823662, 0, 0, 0
15800, 814076, 0, 0, 0
15900, 789237, 0, 0, 0
16000, 773667, 0, 0, 0
16100, 774306, 0, 0, 0
16200, 779874, 0, 0, 0
16300, 791405, 0, 0, 0
16400, 780682, 0, 0, 0
16500, 783394, 0, 0, 0
16600, 781589, 0, 0, 0
16700, 789285, 0, 0, 0
16800, 788089, 0, 0, 0
16900, 779561, 0, 0, 0
17000, 782434, 0, 0, 0
17100, 765864, 0, 0, 0
17200, 778588, 0, 0, 0
17300, 785717, 0, 0, 0
17400, 788683, 0, 0, 0
17500, 770862, 0, 0, 0
17600, 782595, 0, 0, 0
17700, 783091, 0, 0, 0
17800, 783825, 0, 0, 0
17900, 786211, 0, 0, 0
18000, 778256, 0, 0, 0
18100, 777453, 0, 0, 0
18200, 779754, 0, 0, 0
18300, 781689, 0, 0, 0
18400, 785402, 0, 0, 0
18500, 774575, 0, 0, 0
18600, 771474, 0, 0, 0
18700, 805853, 0, 0, 0
18800, 772136, 0, 0, 0
18900, 766163, 0, 0, 0
19000, 786469, 0, 0, 0
19100, 770400, 0, 0, 0
19200, 790710, 0, 0, 0
19300, 785163, 0, 0, 0
19400, 775389, 0, 0, 0
19500, 774508, 0, 0, 0
19600, 789079, 0, 0, 0
19700, 780413, 0, 0, 0
19800, 777241, 0, 0, 0
19900, 787099, 0, 0, 0
20000, 774623, 0, 0, 0
20100, 782680, 0, 0, 0
20200, 791680, 0, 0, 0
20300, 789382, 0, 0, 0
20400, 803158, 0, 0, 0
20500, 787692, 0, 0, 0
20600, 797321, 0, 0, 0
20700, 791951, 0, 0, 0
20800, 796455, 0, 0, 0
20900, 790068, 0, 0, 0
21000, 789361, 0, 0, 0
21100, 775082, 0, 0, 0
21200, 794550, 0, 0, 0
21300, 800358, 0, 0, 0
21400, 813636, 0, 0, 0
21500, 787367, 0, 0, 0
21600, 785568, 0, 0, 0
21700, 787205, 0, 0, 0
21800, 783498, 0, 0, 0
21900, 777504, 0, 0, 0
22000, 777935, 0, 0, 0
22100, 772785, 0, 0, 0
22200, 778380, 0, 0, 0
22300, 776301, 0, 0, 0
22400, 792080, 0, 0, 0
22500, 781076, 0, 0, 0
22600, 785267, 0, 0, 0
22700, 781267, 0, 0, 0
22800, 784437, 0, 0, 0
22900, 790965, 0, 0, 0
23000, 778757, 0, 0, 0
23100, 786363, 0, 0, 0
23200, 784205, 0, 0, 0
23300, 784656, 0, 0, 0
23400, 778616, 0, 0, 0
23500, 788240, 0, 0, 0
23600, 781078, 0, 0, 0
23700, 784823, 0, 0, 0
23800, 776285, 0, 0, 0
23900, 778031, 0, 0, 0
24000, 783491, 0, 0, 0
24100, 777331, 0, 0, 0
24200, 770941, 0, 0, 0
24300, 779443, 0, 0, 0
24400, 791722, 0, 0, 0
24500, 789640, 0, 0, 0
24600, 791173, 0, 0, 0
24700, 819031, 0, 0, 0
24800, 782740, 0, 0, 0
24900, 787430, 0, 0, 0
25000, 785146, 0, 0, 0
25100, 779495, 0, 0, 0
25200, 779407, 0, 0, 0
25300, 772444, 0, 0, 0
25400, 789979, 0, 0, 0
25500, 777145, 0, 0, 0
25600, 785022, 0, 0, 0
25700, 784827, 0, 0, 0
25800, 770236, 0, 0, 0
25900, 795601, 0, 0, 0
26000, 772091, 0, 0, 0
26100, 773675, 0, 0, 0
26200, 778725, 0, 0, 0
26300, 774247, 0, 0, 0
26400, 786336, 0, 0, 0
26500, 785153, 0, 0, 0
26600, 775189, 0, 0, 0
26700, 792473, 0, 0, 0
26800, 775527, 0, 0, 0
26900, 776198, 0, 0, 0
27000, 778041, 0, 0, 0
27100, 779598, 0, 0, 0
27200, 784246, 0, 0, 0
27300, 777242, 0, 0, 0
27400, 776188, 0, 0, 0
27500, 769089, 0, 0, 0
27600, 778396, 0, 0, 0
27700, 813712, 0, 0, 0
27800, 776358, 0, 0, 0
27900, 783370, 0, 0, 0
28000, 781201, 0, 0, 0
28100, 790711, 0, 0, 0
28200, 791550, 0, 0, 0
28300, 774929, 0, 0, 0
28400, 791626, 0, 0, 0
28500, 778447, 0, 0, 0
28600, 767805, 0, 0, 0
28700, 781535, 0, 0, 0
28800, 779282, 0, 0, 0
28900, 775190, 0, 0, 0
29000, 781534, 0, 0, 0
29100, 786092, 0, 0, 0
29200, 770844, 0, 0, 0
29300, 763469, 0, 0, 0
29400, 779705, 0, 0, 0
29500, 776740, 0, 0, 0
29600, 827710, 0, 0, 0
29700, 790545, 0, 0, 0
29800, 809462, 0, 0, 0
29900, 785979, 0, 0, 0
30000, 783180, 0, 0, 0
30100, 808976, 0, 0, 0
30200, 787005, 0, 0, 0
30300, 794423, 0, 0, 0
30400, 789251, 0, 0, 0
30500, 794220, 0, 0, 0
30600, 795911, 0, 0, 0
30700, 834034, 0, 0, 0
30800, 788862, 0, 0, 0
30900, 785591, 0, 0, 0
31000, 802927, 0, 0, 0
31100, 804125, 0, 0, 0
31200, 811295, 0, 0, 0
31300, 799143, 0, 0, 0
31400, 795875, 0, 0, 0
31500, 784032, 0, 0, 0
31600, 798357, 0, 0, 0
31700, 786114, 0, 0, 0
31800, 780147, 0, 0, 0
31900, 778969, 0, 0, 0
32000, 778995, 0, 0, 0
32100, 784748, 0, 0, 0
32200, 786962, 0, 0, 0
32300, 776280, 0, 0, 0
32400, 783639, 0, 0, 0
32500, 775493, 0, 0, 0
32600, 773047, 0, 0, 0
32700, 783094, 0, 0, 0
32800, 776229, 0, 0, 0
32900, 775812, 0, 0, 0
33000, 776319, 0, 0, 0
33100, 784236, 0, 0, 0
33200, 775014, 0, 0, 0
33300, 777151, 0, 0, 0
33400, 805212, 0, 0, 0
33500, 776797, 0, 0, 0
33600, 778613, 0, 0, 0
33700, 826630, 0, 0, 0
33800, 783948, 0, 0, 0
33900, 783415, 0, 0, 0
34000, 780809, 0, 0, 0
34100, 780325, 0, 0, 0
34200, 782896, 0, 0, 0
34300, 791501, 0, 0, 0
34400, 785733, 0, 0, 0
34500, 782038, 0, 0, 0
34600, 791938, 0, 0, 0
34700, 786558, 0, 0, 0
34800, 778249, 0, 0, 0
34900, 780907, 0, 0, 0
35000, 797741, 0, 0, 0
35100, 779983, 0, 0, 0
35200, 783455, 0, 0, 0
35300, 776306, 0, 0, 0
35400, 812210, 0, 0, 0
35500, 780538, 0, 0, 0
35600, 774819, 0, 0, 0
35700, 775066, 0, 0, 0
35800, 776918, 0, 0, 0
35900, 775829, 0, 0, 0
36000, 774724, 0, 0, 0
36100, 783852, 0, 0, 0
36200, 786018, 0, 0, 0
36300, 782463, 0, 0, 0
36400, 798507, 0, 0, 0
36500, 771299, 0, 0, 0
36600, 772344, 0, 0, 0
36700, 773266, 0, 0, 0
36800, 773299, 0, 0, 0
36900, 783678, 0, 0, 0
37000, 770225, 0, 0, 0
37100, 785360, 0, 0, 0
37200, 765402, 0, 0, 0
37300, 778797, 0, 0, 0
37400, 783955, 0, 0, 0
37500, 787836, 0, 0, 0
37600, 786101, 0, 0, 0
37700, 779545, 0, 0, 0
37800, 779919, 0, 0, 0
37900, 769471, 0, 0, 0
38000, 776599, 0, 0, 0
38100, 774473, 0, 0, 0
38200, 772083, 0, 0, 0
38300, 778196, 0, 0, 0
38400, 778884, 0, 0, 0
38500, 772426, 0, 0, 0
38600, 781878, 0, 0, 0
38700, 771665, 0, 0, 0
38800, 780352, 0, 0, 0
38900, 776771, 0, 0, 0
39000, 774423, 0, 0, 0
39100, 774088, 0, 0, 0
39200, 769636, 0, 0, 0
39300, 779850, 0, 0, 0
39400, 782738, 0, 0, 0
39500, 773432, 0, 0, 0
39600, 809230, 0, 0, 0
39700, 805693, 0, 0, 0
39800, 793176, 0, 0, 0
39900, 793180, 0, 0, 0
40000, 793342, 0, 0, 0
40100, 790369, 0, 0, 0
40200, 804192, 0, 0, 0
40300, 816054, 0, 0, 0
40400, 799502, 0, 0, 0
40500, 795020, 0, 0, 0
40600, 790607, 0, 0, 0
40700, 798536, 0, 0, 0
40800, 783499, 0, 0, 0
40900, 797010, 0, 0, 0
41000, 798578, 0, 0, 0
41100, 782330, 0, 0, 0
41200, 781463, 0, 0, 0
41300, 788005, 0, 0, 0
41400, 773271, 0, 0, 0
41500, 791415, 0, 0, 0
41600, 785273, 0, 0, 0
41700, 791874, 0, 0, 0
41800, 777338, 0, 0, 0
41900, 802315, 0, 0, 0
42000, 782751, 0, 0, 0
42100, 773289, 0, 0, 0
42200, 782256, 0, 0, 0
42300, 784945, 0, 0, 0
42400, 768513, 0, 0, 0
42500, 789319, 0, 0, 0
42600, 783567, 0, 0, 0
42700, 807873, 0, 0, 0
42800, 769381, 0, 0, 0
42900, 781833, 0, 0, 0
43000, 781241, 0, 0, 0
43100, 781771, 0, 0, 0
43200, 788322, 0, 0, 0
43300, 776183, 0, 0, 0
43400, 780421, 0, 0, 0
43500, 773801, 0, 0, 0
43600, 777284, 0, 0, 0
43700, 779005, 0, 0, 0
43800, 778197, 0, 0, 0
43900, 789228, 0, 0, 0
44000, 772328, 0, 0, 0
44100, 790882, 0, 0, 0
44200, 772585, 0, 0, 0
44300, 774008, 0, 0, 0
44400, 797150, 0, 0, 0
44500, 775544, 0, 0, 0
44600, 780232, 0, 0, 0
44700, 778534, 0, 0, 0
44800, 775634, 0, 0, 0
44900, 789374, 0, 0, 0
45000, 785364, 0, 0, 0
45100, 790499, 0, 0, 0
45200, 773238, 0, 0, 0
45300, 782803, 0, 0, 0
45400, 796692, 0, 0, 0
45500, 789976, 0, 0, 0
45600, 794421, 0, 0, 0
45700, 806154, 0, 0, 0
45800, 779458, 0, 0, 0
45900, 791387, 0, 0, 0
46000, 777116, 0, 0, 0
46100, 775958, 0, 0, 0
46200, 774591, 0, 0, 0
46300, 780977, 0, 0, 0
46400, 795201, 0, 0, 0
46500, 783623, 0, 0, 0
46600, 785212, 0, 0, 0
46700, 792699, 0, 0, 0
46800, 776422, 0, 0, 0
46900, 779880, 0, 0, 0
47000, 777697, 0, 0, 0
47100, 775835, 0, 0, 0
47200, 774512, 0, 0, 0
47300, 774064, 0, 0, 0
47400, 792469, 0, 0, 0
47500, 774423, 0, 0, 0
47600, 779021, 0, 0, 0
47700, 770481, 0, 0, 0
47800, 782504, 0, 0, 0
47900, 786434, 0, 0, 0
48000, 774810, 0, 0, 0
48100, 788989, 0, 0, 0
48200, 777891, 0, 0, 0
48300, 766094, 0, 0, 0
48400, 783993, 0, 0, 0
48500, 771672, 0, 0, 0
48600, 778981, 0, 0, 0
48700, 786120, 0, 0, 0
48800, 781587, 0, 0, 0
48900, 785649, 0, 0, 0
49000, 783092, 0, 0, 0
49100, 786843, 0, 0, 0
49200, 776716, 0, 0, 0
49300, 771799, 0, 0, 0
49400, 788063, 0, 0, 0
49500, 786421, 0, 0, 0
49600, 795472, 0, 0, 0
49700, 782733, 0, 0, 0
49800, 805419, 0, 0, 0
49900, 823917, 0, 0, 0
50000, 822294, 0, 0, 0
50100, 802875, 0, 0, 0
50200, 808046, 0, 0, 0
50300, 811874, 0, 0, 0
50400, 819225, 0, 0, 0
50500, 813244, 0, 0, 0
50600, 805729, 0, 0, 0
50700, 813643, 0, 0, 0
50800, 787515, 0, 0, 0
50900, 787901, 0, 0, 0
51000, 799853, 0, 0, 0
51100, 781153, 0, 0, 0
51200, 793439, 0, 0, 0
51300, 800682, 0, 0, 0
51400, 796171, 0, 0, 0
51500, 794857, 0, 0, 0
51600, 777556, 0, 0, 0
51700, 801739, 0, 0, 0
51800, 779790, 0, 0, 0
51900, 789137, 0, 0, 0
52000, 783535, 0, 0, 0
52100, 779244, 0, 0, 0
52200, 772267, 0, 0, 0
52300, 767138, 0, 0, 0
52400, 771397, 0, 0, 0
52500, 772192, 0, 0, 0
52600, 804547, 0, 0, 0
52700, 776668, 0, 0, 0
52800, 780376, 0, 0, 0
52900, 770103, 0, 0, 0
53000, 770902, 0, 0, 0
53100, 768485, 0, 0, 0
53200, 777658, 0, 0, 0
53300, 780971, 0, 0, 0
53400, 776765, 0, 0, 0
53500, 784476, 0, 0, 0
53600, 791591, 0, 0, 0
53700, 775607, 0, 0, 0
53800, 791653, 0, 0, 0
53900, 784333, 0, 0, 0
54000, 786065, 0, 0, 0
54100, 779854, 0, 0, 0
54200, 782589, 0, 0, 0
54300, 776020, 0, 0, 0
54400, 781432, 0, 0, 0
54500, 786129, 0, 0, 0
54600, 772639, 0, 0, 0
54700, 811906, 0, 0, 0
54800, 781216, 0, 0, 0
54900, 774784, 0, 0, 0
55000, 783009, 0, 0, 0
55100, 785115, 0, 0, 0
55200, 777048, 0, 0, 0
55300, 787640, 0, 0, 0
55400, 772111, 0, 0, 0
55500, 778150, 0, 0, 0
55600, 775834, 0, 0, 0
55700, 789623, 0, 0, 0
55800, 783305, 0, 0, 0
55900, 783104, 0, 0, 0
56000, 791093, 0, 0, 0
56100, 784066, 0, 0, 0
56200, 780911, 0, 0, 0
56300, 779716, 0, 0, 0
56400, 784902, 0, 0, 0
56500, 786153, 0, 0, 0
56600, 776832, 0, 0, 0
56700, 777709, 0, 0, 0
56800, 787202, 0, 0, 0
56900, 767896, 0, 0, 0
57000, 777873, 0, 0, 0
57100, 770781, 0, 0, 0
57200, 773740, 0, 0, 0
57300, 766958, 0, 0, 0
57400, 776072, 0, 0, 0
57500, 775829, 0, 0, 0
57600, 773240, 0, 0, 0
57700, 801343, 0, 0, 0
57800, 768572, 0, 0, 0
57900, 783541, 0, 0, 0
58000, 777448, 0, 0, 0
58100, 778001, 0, 0, 0
58200, 780148, 0, 0, 0
58300, 771135, 0, 0, 0
58400, 782758, 0, 0, 0
58500, 765058, 0, 0, 0
58600, 783289, 0, 0, 0
58700, 773937, 0, 0, 0
58800, 779251, 0, 0, 0
58900, 773906, 0, 0, 0
59000, 778945, 0, 0, 0
59100, 778957, 0, 0, 0
59200, 768363, 0, 0, 0
59300, 768672, 0, 0, 0
59400, 784559, 0, 0, 0
59500, 768791, 0, 0, 0
59600, 806035, 0, 0, 0
59700, 787324, 0, 0, 0
59800, 789451, 0, 0, 0
59900, 787222, 0, 0, 0
60000, 794939, 0, 0, 0
60100, 785482, 0, 0, 0
60200, 787813, 0, 0, 0
60300, 788402, 0, 0, 0
60400, 800548, 0, 0, 0
60500, 788981, 0, 0, 0
60600, 808811, 0, 0, 0
60700, 825938, 0, 0, 0
60800, 803519, 0, 0, 0
60900, 807334, 0, 0, 0
61000, 801601, 0, 0, 0
61100, 817509, 0, 0, 0
61200, 812820, 0, 0, 0
61300, 799594, 0, 0, 0
61400, 785020, 0, 0, 0
61500, 801548, 0, 0, 0
61600, 794276, 0, 0, 0
61700, 779210, 0, 0, 0
61800, 785357, 0, 0, 0
61900, 781532, 0, 0, 0
62000, 777120, 0, 0, 0
62100, 796648, 0, 0, 0
62200, 772602, 0, 0, 0
62300, 778575, 0, 0, 0
62400, 782062, 0, 0, 0
62500, 780484, 0, 0, 0
62600, 778260, 0, 0, 0
62700, 766920, 0, 0, 0
62800, 771195, 0, 0, 0
62900, 775767, 0, 0, 0
63000, 776351, 0, 0, 0
63100, 778037, 0, 0, 0
63200, 785873, 0, 0, 0
63300, 783688, 0, 0, 0
63400, 773015, 0, 0, 0
63500, 777968, 0, 0, 0
63600, 784219, 0, 0, 0
63700, 814962, 0, 0, 0
63800, 784212, 0, 0, 0
63900, 782558, 0, 0, 0
64000, 771814, 0, 0, 0
64100, 783322, 0, 0, 0
64200, 778116, 0, 0, 0
64300, 777036, 0, 0, 0
64400, 786266, 0, 0, 0
64500, 774932, 0, 0, 0
64600, 779153, 0, 0, 0
64700, 776625, 0, 0, 0
64800, 783661, 0, 0, 0
64900, 789183, 0, 0, 0
65000, 779083, 0, 0, 0
65100, 779362, 0, 0, 0
65200, 770144, 0, 0, 0
65300, 781073, 0, 0, 0
65400, 783546, 0, 0, 0
65500, 778646, 0, 0, 0
65600, 771364, 0, 0, 0
65700, 774174, 0, 0, 0
65800, 780394, 0, 0, 0
65900, 780284, 0, 0, 0
66000, 775005, 0, 0, 0
66100, 777303, 0, 0, 0
66200, 781344, 0, 0, 0
66300, 784219, 0, 0, 0
66400, 802607, 0, 0, 0
66500, 782412, 0, 0, 0
66600, 771022, 0, 0, 0
66700, 801485, 0, 0, 0
66800, 769444, 0, 0, 0
66900, 787364, 0, 0, 0
67000, 778818, 0, 0, 0
67100, 766859, 0, 0, 0
67200, 776526, 0, 0, 0
67300, 785655, 0, 0, 0
67400, 774003, 0, 0, 0
67500, 775747, 0, 0, 0
67600, 767816, 0, 0, 0
67700, 787232, 0, 0, 0
67800, 782057, 0, 0, 0
67900, 780547, 0, 0, 0
68000, 778549, 0, 0, 0
68100, 776391, 0, 0, 0
68200, 769817, 0, 0, 0
68300, 773218, 0, 0, 0
68400, 771967, 0, 0, 0
68500, 782129, 0, 0, 0
68600, 779577, 0, 0, 0
68700, 778000, 0, 0, 0
68800, 777823, 0, 0, 0
68900, 790375, 0, 0, 0
69000, 791570, 0, 0, 0
69100, 799409, 0, 0, 0
69200, 792703, 0, 0, 0
69300, 763500, 0, 0, 0
69400, 782932, 0, 0, 0
69500, 785504, 0, 0, 0
69600, 801918, 0, 0, 0
69700, 791485, 0, 0, 0
69800, 786304, 0, 0, 0
69900, 779995, 0, 0, 0
70000, 793829, 0, 0, 0
70100, 794863, 0, 0, 0
70200, 780511, 0, 0, 0
70300, 777014, 0, 0, 0
70400, 786446, 0, 0, 0
70500, 782030, 0, 0, 0
70600, 799142, 0, 0, 0
70700, 800564, 0, 0, 0
70800, 783384, 0, 0, 0
70900, 790388, 0, 0, 0
71000, 803454, 0, 0, 0
71100, 789027, 0, 0, 0
71200, 790745, 0, 0, 0
71300, 787733, 0, 0, 0
71400, 779473, 0, 0, 0
71500, 782351, 0, 0, 0
71600, 801443, 0, 0, 0
71700, 780772, 0, 0, 0
71800, 782085, 0, 0, 0
71900, 791718, 0, 0, 0
72000, 784459, 0, 0, 0
72100, 781809, 0, 0, 0
72200, 781939, 0, 0, 0
72300, 783150, 0, 0, 0
72400, 778633, 0, 0, 0
72500, 782365, 0, 0, 0
72600, 772131, 0, 0, 0
72700, 814441, 0, 0, 0
72800, 796548, 0, 0, 0
72900, 768526, 0, 0, 0
73000, 782134, 0, 0, 0
73100, 777251, 0, 0, 0
73200, 783102, 0, 0, 0
73300, 768389, 0, 0, 0
73400, 776799, 0, 0, 0
73500, 777527, 0, 0, 0
73600, 772545, 0, 0, 0
73700, 780982, 0, 0, 0
73800, 779700, 0, 0, 0
73900, 764141, 0, 0, 0
74000, 766988, 0, 0, 0
74100, 769678, 0, 0, 0
74200, 780028, 0, 0, 0
74300, 786357, 0, 0, 0
74400, 770047, 0, 0, 0
74500, 774636, 0, 0, 0
74600, 778540, 0, 0, 0
74700, 777915, 0, 0, 0
74800, 767958, 0, 0, 0
74900, 791912, 0, 0, 0
75000, 775365, 0, 0, 0
75100, 778437, 0, 0, 0
75200, 774391, 0, 0, 0
75300, 776765, 0, 0, 0
75400, 786426, 0, 0, 0
75500, 775979, 0, 0, 0
75600, 781721, 0, 0, 0
75700, 818358, 0, 0, 0
75800, 780934, 0, 0, 0
75900, 809990, 0, 0, 0
76000, 800574, 0, 0, 0
76100, 808850, 0, 0, 0
76200, 793812, 0, 0, 0
76300, 804383, 0, 0, 0
76400, 821921, 0, 0, 0
76500, 808980, 0, 0, 0
76600, 814841, 0, 0, 0
76700, 814097, 0, 0, 0
76800, 806287, 0, 0, 0
76900, 822856, 0, 0, 0
77000, 807454, 0, 0, 0
77100, 806845, 0, 0, 0
77200, 827198, 0, 0, 0
77300, 789728, 0, 0, 0
77400, 774015, 0, 0, 0
77500, 772400, 0, 0, 0
77600, 796764, 0, 0, 0
77700, 768266, 0, 0, 0
77800, 773959, 0, 0, 0
77900, 773239, 0, 0, 0
78000, 786812, 0, 0, 0
78100, 768331, 0, 0, 0
78200, 775395, 0, 0, 0
78300, 778607, 0, 0, 0
78400, 781300, 0, 0, 0
78500, 784503, 0, 0, 0
78600, 777490, 0, 0, 0
78700, 811500, 0, 0, 0
78800, 791283, 0, 0, 0
78900, 781081, 0, 0, 0
79000, 786573, 0, 0, 0
79100, 766961, 0, 0, 0
79200, 764640, 0, 0, 0
79300, 781536, 0, 0, 0
79400, 787730, 0, 0, 0
79500, 785078, 0, 0, 0
79600, 784742, 0, 0, 0
79700, 788779, 0, 0, 0
79800, 784169, 0, 0, 0
79900, 796871, 0, 0, 0
80000, 794215, 0, 0, 0
80100, 793878, 0, 0, 0
80200, 783042, 0, 0, 0
80300, 779530, 0, 0, 0
80400, 788124, 0, 0, 0
80500, 786108, 0, 0, 0
80600, 786991, 0, 0, 0
80700, 785094, 0, 0, 0
80800, 779740, 0, 0, 0
80900, 805314, 0, 0, 0
81000, 794644, 0, 0, 0
81100, 795018, 0, 0, 0
81200, 795139, 0, 0, 0
81300, 781237, 0, 0, 0
81400, 791021, 0, 0, 0
81500, 797485, 0, 0, 0
81600, 777126, 0, 0, 0
81700, 785631, 0, 0, 0
81800, 785524, 0, 0, 0
81900, 789043, 0, 0, 0
82000, 773795, 0, 0, 0
82100, 794757, 0, 0, 0
82200, 779216, 0, 0, 0
82300, 772826, 0, 0, 0
82400, 765906, 0, 0, 0
82500, 776557, 0, 0, 0
82600, 777824, 0, 0, 0
82700, 769222, 0, 0, 0
82800, 780496, 0, 0, 0
82900, 780835, 0, 0, 0
83000, 773403, 0, 0, 0
83100, 770683, 0, 0, 0
83200, 767326, 0, 0, 0
83300, 776946, 0, 0, 0
83400, 786597, 0, 0, 0
83500, 775106, 0, 0, 0
83600, 766385, 0, 0, 0
83700, 768632, 0, 0, 0
83800, 768327, 0, 0, 0
83900, 784928, 0, 0, 0
84000, 792727, 0, 0, 0
84100, 780764, 0, 0, 0
84200, 779447, 0, 0, 0
84300, 777941, 0, 0, 0
84400, 773414, 0, 0, 0
84500, 778912, 0, 0, 0
84600, 772255, 0, 0, 0
84700, 820307, 0, 0, 0
84800, 786777, 0, 0, 0
84900, 781131, 0, 0, 0
85000, 793459, 0, 0, 0
85100, 789389, 0, 0, 0
85200, 771272, 0, 0, 0
85300, 784616, 0, 0, 0
85400, 776074, 0, 0, 0
85500, 775734, 0, 0, 0
85600, 789733, 0, 0, 0
85700, 782643, 0, 0, 0
85800, 773126, 0, 0, 0
85900, 780873, 0, 0, 0
86000, 784918, 0, 0, 0
86100, 785658, 0, 0, 0
86200, 778655, 0, 0, 0
86300, 783610, 0, 0, 0
86400, 778684, 0, 0, 0
86500, 779906, 0, 0, 0
86600, 779269, 0, 0, 0
86700, 766311, 0, 0, 0
86800, 782245, 0, 0, 0
86900, 769993, 0, 0, 0
87000, 786047, 0, 0, 0
87100, 788081, 0, 0, 0
87200, 792116, 0, 0, 0
87300, 799538, 0, 0, 0
87400, 785225, 0, 0, 0
87500, 788100, 0, 0, 0
87600, 779087, 0, 0, 0
87700, 817587, 0, 0, 0
87800, 778929, 0, 0, 0
87900, 783474, 0, 0, 0
88000, 783412, 0, 0, 0
88100, 779934, 0, 0, 0
88200, 770499, 0, 0, 0
88300, 778183, 0, 0, 0
88400, 772487, 0, 0, 0
88500, 777083, 0, 0, 0
88600, 777033, 0, 0, 0
88700, 768206, 0, 0, 0
88800, 787956, 0, 0, 0
88900, 775797, 0, 0, 0
89000, 774720, 0, 0, 0
89100, 782767, 0, 0, 0
89200, 773999, 0, 0, 0
89300, 772706, 0, 0, 0
89400, 791616, 0, 0, 0
89500, 772486, 0, 0, 0
89600, 801038, 0, 0, 0
89700, 787168, 0, 0, 0
89800, 782345, 0, 0, 0
89900, 779657, 0, 0, 0
90000, 796055, 0, 0, 0
