250, 438272, 0, 0, 0
350, 435200, 0, 0, 0
450, 414720, 0, 0, 0
550, 455680, 0, 0, 0
650, 404480, 0, 0, 0
749, 362020, 0, 0, 0
849, 384000, 0, 0, 0
949, 414720, 0, 0, 0
1049, 460800, 0, 0, 0
1149, 491520, 0, 0, 0
1249, 399360, 0, 0, 0
1349, 409600, 0, 0, 0
1449, 409600, 0, 0, 0
1550, 450560, 0, 0, 0
1650, 430080, 0, 0, 0
1749, 413737, 0, 0, 0
1849, 414720, 0, 0, 0
1949, 419840, 0, 0, 0
2049, 409600, 0, 0, 0
2149, 460800, 0, 0, 0
2249, 353280, 0, 0, 0
2349, 445440, 0, 0, 0
2449, 353280, 0, 0, 0
2549, 465920, 0, 0, 0
2649, 404480, 0, 0, 0
2749, 394240, 0, 0, 0
2849, 450560, 0, 0, 0
2950, 394240, 0, 0, 0
3050, 404480, 0, 0, 0
3150, 389120, 0, 0, 0
3249, 460282, 0, 0, 0
3349, 404480, 0, 0, 0
3449, 399360, 0, 0, 0
3549, 368640, 0, 0, 0
3649, 486400, 0, 0, 0
3749, 460800, 0, 0, 0
3849, 363520, 0, 0, 0
3949, 358400, 0, 0, 0
4049, 399360, 0, 0, 0
4149, 404480, 0, 0, 0
4250, 404480, 0, 0, 0
4350, 414720, 0, 0, 0
4450, 465920, 0, 0, 0
4550, 445440, 0, 0, 0
4650, 465920, 0, 0, 0
4749, 408565, 0, 0, 0
4849, 419840, 0, 0, 0
4949, 414720, 0, 0, 0
5049, 445440, 0, 0, 0
5149, 419840, 0, 0, 0
5249, 450560, 0, 0, 0
5349, 496640, 0, 0, 0
5449, 450560, 0, 0, 0
5549, 378880, 0, 0, 0
5649, 414720, 0, 0, 0
5749, 414720, 0, 0, 0
5850, 486400, 0, 0, 0
5950, 394240, 0, 0, 0
6050, 332800, 0, 0, 0
6150, 414720, 0, 0, 0
6249, 398222, 0, 0, 0
6349, 378880, 0, 0, 0
6449, 424960, 0, 0, 0
6549, 394240, 0, 0, 0
6649, 384000, 0, 0, 0
6749, 471040, 0, 0, 0
6849, 384000, 0, 0, 0
6949, 430080, 0, 0, 0
7049, 481280, 0, 0, 0
7149, 455680, 0, 0, 0
7250, 445440, 0, 0, 0
7350, 404480, 0, 0, 0
7450, 404480, 0, 0, 0
7550, 358400, 0, 0, 0
7650, 435200, 0, 0, 0
7749, 377535, 0, 0, 0
7849, 409600, 0, 0, 0
7949, 404480, 0, 0, 0
8049, 378880, 0, 0, 0
8149, 373760, 0, 0, 0
8249, 491520, 0, 0, 0
8349, 409600, 0, 0, 0
8449, 389120, 0, 0, 0
8549, 399360, 0, 0, 0
8650, 409600, 0, 0, 0
8750, 424960, 0, 0, 0
8850, 501760, 0, 0, 0
8950, 440320, 0, 0, 0
9050, 481280, 0, 0, 0
9150, 414720, 0, 0, 0
9249, 424080, 0, 0, 0
9349, 430080, 0, 0, 0
9449, 512000, 0, 0, 0
9549, 430080, 0, 0, 0
9649, 384000, 0, 0, 0
9749, 465920, 0, 0, 0
9849, 450560, 0, 0, 0
9949, 368640, 0, 0, 0
10050, 460800, 0, 0, 0
10150, 389120, 0, 0, 0
10249, 444767, 0, 0, 0
10349, 353280, 0, 0, 0
10449, 440320, 0, 0, 0
10549, 419840, 0, 0, 0
10649, 348160, 0, 0, 0
10749, 450560, 0, 0, 0
10849, 414720, 0, 0, 0
10949, 378880, 0, 0, 0
11049, 399360, 0, 0, 0
11149, 419840, 0, 0, 0
11250, 389120, 0, 0, 0
11350, 424960, 0, 0, 0
11450, 414720, 0, 0, 0
11550, 455680, 0, 0, 0
11650, 486400, 0, 0, 0
11749, 418909, 0, 0, 0
11849, 378880, 0, 0, 0
11949, 445440, 0, 0, 0
12049, 419840, 0, 0, 0
12149, 409600, 0, 0, 0
12249, 378880, 0, 0, 0
12349, 455680, 0, 0, 0
12449, 399360, 0, 0, 0
12550, 358400, 0, 0, 0
12650, 404480, 0, 0, 0
12750, 445440, 0, 0, 0
12850, 394240, 0, 0, 0
12950, 430080, 0, 0, 0
13050, 414720, 0, 0, 0
13150, 358400, 0, 0, 0
13250, 419840, 0, 0, 0
13350, 414720, 0, 0, 0
13450, 404480, 0, 0, 0
13551, 435200, 0, 0, 0
13651, 445440, 0, 0, 0
13751, 373760, 0, 0, 0
13851, 481280, 0, 0, 0
13951, 358400, 0, 0, 0
14051, 476160, 0, 0, 0
14151, 501760, 0, 0, 0
14250, 439595, 0, 0, 0
14350, 409600, 0, 0, 0
14450, 455680, 0, 0, 0
14550, 445440, 0, 0, 0
14650, 424960, 0, 0, 0
14750, 455680, 0, 0, 0
14851, 424960, 0, 0, 0
14951, 424960, 0, 0, 0
15051, 358400, 0, 0, 0
15151, 460800, 0, 0, 0
15250, 449939, 0, 0, 0
15350, 409600, 0, 0, 0
15450, 409600, 0, 0, 0
15550, 404480, 0, 0, 0
15650, 373760, 0, 0, 0
15750, 435200, 0, 0, 0
15850, 440320, 0, 0, 0
15950, 430080, 0, 0, 0
16051, 430080, 0, 0, 0
16151, 455680, 0, 0, 0
16251, 481280, 0, 0, 0
16351, 384000, 0, 0, 0
16451, 409600, 0, 0, 0
16551, 409600, 0, 0, 0
16651, 409600, 0, 0, 0
16750, 393050, 0, 0, 0
16850, 476160, 0, 0, 0
16950, 455680, 0, 0, 0
17050, 465920, 0, 0, 0
17150, 424960, 0, 0, 0
17250, 414720, 0, 0, 0
17350, 486400, 0, 0, 0
17450, 409600, 0, 0, 0
17551, 353280, 0, 0, 0
17651, 389120, 0, 0, 0
17751, 394240, 0, 0, 0
17851, 378880, 0, 0, 0
17951, 394240, 0, 0, 0
18051, 384000, 0, 0, 0
18151, 430080, 0, 0, 0
18250, 403393, 0, 0, 0
18350, 378880, 0, 0, 0
18450, 430080, 0, 0, 0
18550, 378880, 0, 0, 0
18650, 378880, 0, 0, 0
18750, 465920, 0, 0, 0
18850, 455680, 0, 0, 0
18950, 476160, 0, 0, 0
19051, 414720, 0, 0, 0
19151, 384000, 0, 0, 0
19251, 435200, 0, 0, 0
19351, 419840, 0, 0, 0
19451, 404480, 0, 0, 0
19551, 435200, 0, 0, 0
19651, 409600, 0, 0, 0
19750, 413737, 0, 0, 0
19850, 404480, 0, 0, 0
19950, 445440, 0, 0, 0
20050, 465920, 0, 0, 0
20150, 455680, 0, 0, 0
20250, 394240, 0, 0, 0
20350, 465920, 0, 0, 0
20451, 394240, 0, 0, 0
20551, 409600, 0, 0, 0
20651, 430080, 0, 0, 0
20750, 393050, 0, 0, 0
20850, 343040, 0, 0, 0
20950, 414720, 0, 0, 0
21050, 440320, 0, 0, 0
21150, 445440, 0, 0, 0
21250, 399360, 0, 0, 0
21350, 460800, 0, 0, 0
21450, 348160, 0, 0, 0
21550, 399360, 0, 0, 0
21650, 486400, 0, 0, 0
21750, 399360, 0, 0, 0
21851, 343040, 0, 0, 0
21951, 506880, 0, 0, 0
22051, 430080, 0, 0, 0
22151, 476160, 0, 0, 0
22250, 393050, 0, 0, 0
22350, 368640, 0, 0, 0
22450, 430080, 0, 0, 0
22550, 409600, 0, 0, 0
22650, 419840, 0, 0, 0
22750, 440320, 0, 0, 0
22850, 389120, 0, 0, 0
22950, 486400, 0, 0, 0
23050, 363520, 0, 0, 0
23150, 394240, 0, 0, 0
23250, 435200, 0, 0, 0
23350, 394240, 0, 0, 0
23451, 409600, 0, 0, 0
23551, 378880, 0, 0, 0
23651, 399360, 0, 0, 0
23750, 382707, 0, 0, 0
23850, 404480, 0, 0, 0
23950, 348160, 0, 0, 0
24050, 435200, 0, 0, 0
24150, 465920, 0, 0, 0
24250, 465920, 0, 0, 0
24350, 399360, 0, 0, 0
24450, 378880, 0, 0, 0
24550, 414720, 0, 0, 0
24650, 337920, 0, 0, 0
24750, 394240, 0, 0, 0
24850, 476160, 0, 0, 0
24951, 409600, 0, 0, 0
25051, 404480, 0, 0, 0
25151, 399360, 0, 0, 0
25250, 398222, 0, 0, 0
25350, 378880, 0, 0, 0
25450, 419840, 0, 0, 0
25550, 378880, 0, 0, 0
25650, 389120, 0, 0, 0
25750, 404480, 0, 0, 0
25850, 358400, 0, 0, 0
25950, 378880, 0, 0, 0
26050, 384000, 0, 0, 0
26150, 399360, 0, 0, 0
26250, 430080, 0, 0, 0
26351, 409600, 0, 0, 0
26451, 373760, 0, 0, 0
26551, 404480, 0, 0, 0
26651, 476160, 0, 0, 0
26750, 377535, 0, 0, 0
26850, 435200, 0, 0, 0
26950, 404480, 0, 0, 0
27050, 378880, 0, 0, 0
27150, 404480, 0, 0, 0
27250, 476160, 0, 0, 0
27350, 440320, 0, 0, 0
27450, 424960, 0, 0, 0
27551, 363520, 0, 0, 0
27651, 455680, 0, 0, 0
27751, 445440, 0, 0, 0
27851, 409600, 0, 0, 0
27951, 373760, 0, 0, 0
28051, 435200, 0, 0, 0
28151, 450560, 0, 0, 0
28250, 387878, 0, 0, 0
28350, 455680, 0, 0, 0
28450, 399360, 0, 0, 0
28550, 373760, 0, 0, 0
28651, 435200, 0, 0, 0
28751, 378880, 0, 0, 0
28851, 348160, 0, 0, 0
28951, 409600, 0, 0, 0
29051, 445440, 0, 0, 0
29151, 522240, 0, 0, 0
29250, 387878, 0, 0, 0
29350, 460800, 0, 0, 0
29450, 414720, 0, 0, 0
29550, 409600, 0, 0, 0
29650, 373760, 0, 0, 0
29751, 414720, 0, 0, 0
29851, 481280, 0, 0, 0
29951, 424960, 0, 0, 0
30051, 424960, 0, 0, 0
30151, 368640, 0, 0, 0
30250, 408565, 0, 0, 0
30350, 409600, 0, 0, 0
30450, 384000, 0, 0, 0
30550, 389120, 0, 0, 0
30650, 414720, 0, 0, 0
30751, 414720, 0, 0, 0
30851, 409600, 0, 0, 0
30951, 348160, 0, 0, 0
31051, 450560, 0, 0, 0
31151, 409600, 0, 0, 0
31250, 393050, 0, 0, 0
31350, 378880, 0, 0, 0
31450, 430080, 0, 0, 0
31550, 455680, 0, 0, 0
31650, 409600, 0, 0, 0
31750, 435200, 0, 0, 0
31851, 430080, 0, 0, 0
31951, 368640, 0, 0, 0
32051, 409600, 0, 0, 0
32151, 394240, 0, 0, 0
32250, 398222, 0, 0, 0
32350, 399360, 0, 0, 0
32450, 337920, 0, 0, 0
32550, 394240, 0, 0, 0
32650, 465920, 0, 0, 0
32750, 440320, 0, 0, 0
32850, 414720, 0, 0, 0
32951, 455680, 0, 0, 0
33051, 435200, 0, 0, 0
33151, 465920, 0, 0, 0
33250, 455111, 0, 0, 0
33350, 476160, 0, 0, 0
33450, 419840, 0, 0, 0
33550, 414720, 0, 0, 0
33650, 414720, 0, 0, 0
33750, 353280, 0, 0, 0
33850, 481280, 0, 0, 0
33950, 435200, 0, 0, 0
34051, 445440, 0, 0, 0
34151, 419840, 0, 0, 0
34250, 439595, 0, 0, 0
34350, 460800, 0, 0, 0
34450, 424960, 0, 0, 0
34550, 409600, 0, 0, 0
34650, 435200, 0, 0, 0
34750, 471040, 0, 0, 0
34850, 373760, 0, 0, 0
34950, 450560, 0, 0, 0
35051, 373760, 0, 0, 0
35151, 419840, 0, 0, 0
35251, 353280, 0, 0, 0
35351, 394240, 0, 0, 0
35451, 414720, 0, 0, 0
35551, 496640, 0, 0, 0
35651, 414720, 0, 0, 0
35750, 387878, 0, 0, 0
35850, 435200, 0, 0, 0
35950, 476160, 0, 0, 0
36050, 419840, 0, 0, 0
36151, 481280, 0, 0, 0
36251, 450560, 0, 0, 0
36351, 373760, 0, 0, 0
36451, 471040, 0, 0, 0
36551, 435200, 0, 0, 0
36651, 471040, 0, 0, 0
36750, 491313, 0, 0, 0
36850, 348160, 0, 0, 0
36950, 501760, 0, 0, 0
37050, 445440, 0, 0, 0
37150, 363520, 0, 0, 0
37251, 465920, 0, 0, 0
37351, 409600, 0, 0, 0
37451, 409600, 0, 0, 0
37551, 389120, 0, 0, 0
37651, 419840, 0, 0, 0
37750, 434424, 0, 0, 0
37850, 389120, 0, 0, 0
37950, 486400, 0, 0, 0
38050, 424960, 0, 0, 0
38150, 435200, 0, 0, 0
38250, 471040, 0, 0, 0
38350, 460800, 0, 0, 0
38450, 409600, 0, 0, 0
38551, 378880, 0, 0, 0
38651, 414720, 0, 0, 0
38750, 408565, 0, 0, 0
38850, 378880, 0, 0, 0
38950, 414720, 0, 0, 0
39050, 394240, 0, 0, 0
39150, 455680, 0, 0, 0
39250, 465920, 0, 0, 0
39350, 409600, 0, 0, 0
39450, 450560, 0, 0, 0
39551, 424960, 0, 0, 0
39651, 471040, 0, 0, 0
39751, 424960, 0, 0, 0
39851, 419840, 0, 0, 0
39951, 414720, 0, 0, 0
40051, 445440, 0, 0, 0
40151, 450560, 0, 0, 0
40250, 439595, 0, 0, 0
40350, 378880, 0, 0, 0
40450, 394240, 0, 0, 0
40550, 517120, 0, 0, 0
40651, 384000, 0, 0, 0
40751, 414720, 0, 0, 0
40851, 419840, 0, 0, 0
40951, 394240, 0, 0, 0
41051, 404480, 0, 0, 0
41151, 506880, 0, 0, 0
41250, 455111, 0, 0, 0
41350, 465920, 0, 0, 0
41450, 409600, 0, 0, 0
41550, 424960, 0, 0, 0
41651, 384000, 0, 0, 0
41751, 404480, 0, 0, 0
41851, 435200, 0, 0, 0
41951, 394240, 0, 0, 0
42051, 409600, 0, 0, 0
42151, 506880, 0, 0, 0
42250, 434424, 0, 0, 0
42350, 404480, 0, 0, 0
42450, 440320, 0, 0, 0
42550, 389120, 0, 0, 0
42650, 419840, 0, 0, 0
42751, 419840, 0, 0, 0
42851, 424960, 0, 0, 0
42951, 353280, 0, 0, 0
43051, 424960, 0, 0, 0
43151, 414720, 0, 0, 0
43250, 398222, 0, 0, 0
43350, 440320, 0, 0, 0
43450, 409600, 0, 0, 0
43550, 332800, 0, 0, 0
43650, 327680, 0, 0, 0
43751, 419840, 0, 0, 0
43851, 384000, 0, 0, 0
43951, 404480, 0, 0, 0
44051, 404480, 0, 0, 0
44151, 343040, 0, 0, 0
44250, 362020, 0, 0, 0
44350, 373760, 0, 0, 0
44450, 419840, 0, 0, 0
44550, 358400, 0, 0, 0
44650, 424960, 0, 0, 0
44750, 384000, 0, 0, 0
44850, 373760, 0, 0, 0
44950, 430080, 0, 0, 0
45051, 496640, 0, 0, 0
45151, 419840, 0, 0, 0
45251, 414720, 0, 0, 0
45351, 465920, 0, 0, 0
45451, 419840, 0, 0, 0
45551, 424960, 0, 0, 0
45651, 404480, 0, 0, 0
45750, 372363, 0, 0, 0
45850, 414720, 0, 0, 0
45950, 424960, 0, 0, 0
46050, 476160, 0, 0, 0
46151, 424960, 0, 0, 0
46251, 373760, 0, 0, 0
46351, 368640, 0, 0, 0
46451, 414720, 0, 0, 0
46551, 455680, 0, 0, 0
46651, 476160, 0, 0, 0
46750, 429252, 0, 0, 0
46850, 322560, 0, 0, 0
46950, 460800, 0, 0, 0
47050, 471040, 0, 0, 0
47150, 440320, 0, 0, 0
47250, 450560, 0, 0, 0
47350, 399360, 0, 0, 0
47450, 394240, 0, 0, 0
47551, 414720, 0, 0, 0
47651, 394240, 0, 0, 0
47751, 389120, 0, 0, 0
47851, 419840, 0, 0, 0
47951, 450560, 0, 0, 0
48051, 358400, 0, 0, 0
48151, 435200, 0, 0, 0
48250, 434424, 0, 0, 0
48350, 450560, 0, 0, 0
48450, 353280, 0, 0, 0
48550, 435200, 0, 0, 0
48651, 368640, 0, 0, 0
48751, 353280, 0, 0, 0
48851, 399360, 0, 0, 0
48951, 460800, 0, 0, 0
49051, 435200, 0, 0, 0
49151, 430080, 0, 0, 0
49250, 455111, 0, 0, 0
49350, 378880, 0, 0, 0
49450, 378880, 0, 0, 0
49550, 404480, 0, 0, 0
49650, 343040, 0, 0, 0
49750, 399360, 0, 0, 0
49850, 419840, 0, 0, 0
49951, 348160, 0, 0, 0
50051, 394240, 0, 0, 0
50151, 394240, 0, 0, 0
50250, 434424, 0, 0, 0
50350, 414720, 0, 0, 0
50450, 373760, 0, 0, 0
50550, 358400, 0, 0, 0
50650, 419840, 0, 0, 0
50750, 404480, 0, 0, 0
50850, 409600, 0, 0, 0
50950, 368640, 0, 0, 0
51050, 435200, 0, 0, 0
51150, 337920, 0, 0, 0
51251, 460800, 0, 0, 0
51351, 358400, 0, 0, 0
51451, 409600, 0, 0, 0
51551, 384000, 0, 0, 0
51651, 353280, 0, 0, 0
51750, 491313, 0, 0, 0
51850, 440320, 0, 0, 0
51950, 404480, 0, 0, 0
52050, 424960, 0, 0, 0
52150, 373760, 0, 0, 0
52250, 389120, 0, 0, 0
52350, 394240, 0, 0, 0
52450, 419840, 0, 0, 0
52550, 384000, 0, 0, 0
52651, 404480, 0, 0, 0
52751, 404480, 0, 0, 0
52851, 394240, 0, 0, 0
52951, 384000, 0, 0, 0
53051, 389120, 0, 0, 0
53151, 445440, 0, 0, 0
53250, 429252, 0, 0, 0
53350, 373760, 0, 0, 0
53450, 358400, 0, 0, 0
53550, 384000, 0, 0, 0
53650, 409600, 0, 0, 0
53750, 343040, 0, 0, 0
53850, 348160, 0, 0, 0
53950, 414720, 0, 0, 0
54051, 414720, 0, 0, 0
54151, 348160, 0, 0, 0
54251, 414720, 0, 0, 0
54351, 389120, 0, 0, 0
54451, 430080, 0, 0, 0
54551, 445440, 0, 0, 0
54651, 399360, 0, 0, 0
54750, 424080, 0, 0, 0
54850, 394240, 0, 0, 0
54950, 445440, 0, 0, 0
55050, 435200, 0, 0, 0
55150, 378880, 0, 0, 0
55250, 435200, 0, 0, 0
55350, 399360, 0, 0, 0
55450, 363520, 0, 0, 0
55551, 348160, 0, 0, 0
55651, 358400, 0, 0, 0
55750, 398222, 0, 0, 0
55850, 404480, 0, 0, 0
55950, 363520, 0, 0, 0
56050, 348160, 0, 0, 0
56150, 373760, 0, 0, 0
56250, 363520, 0, 0, 0
56350, 302080, 0, 0, 0
56450, 348160, 0, 0, 0
56550, 271360, 0, 0, 0
56650, 348160, 0, 0, 0
56751, 322560, 0, 0, 0
56851, 404480, 0, 0, 0
56951, 378880, 0, 0, 0
57051, 353280, 0, 0, 0
57151, 363520, 0, 0, 0
57250, 336161, 0, 0, 0
57350, 384000, 0, 0, 0
57450, 409600, 0, 0, 0
57550, 348160, 0, 0, 0
57650, 296960, 0, 0, 0
57750, 409600, 0, 0, 0
57850, 307200, 0, 0, 0
57950, 419840, 0, 0, 0
58050, 327680, 0, 0, 0
58150, 291840, 0, 0, 0
58251, 378880, 0, 0, 0
58351, 332800, 0, 0, 0
58451, 332800, 0, 0, 0
58551, 404480, 0, 0, 0
58651, 394240, 0, 0, 0
58750, 372363, 0, 0, 0
58850, 337920, 0, 0, 0
58950, 424960, 0, 0, 0
59050, 322560, 0, 0, 0
59150, 271360, 0, 0, 0
59250, 337920, 0, 0, 0
59350, 399360, 0, 0, 0
59450, 384000, 0, 0, 0
59551, 399360, 0, 0, 0
59651, 394240, 0, 0, 0
59751, 368640, 0, 0, 0
59851, 337920, 0, 0, 0
59951, 322560, 0, 0, 0
