100, 12881352, 0, 0, 0
203, 12138950, 0, 0, 0
302, 20580071, 0, 0, 0
402, 17633375, 0, 0, 0
502, 17573920, 0, 0, 0
603, 14672229, 0, 0, 0
732, 21440592, 0, 0, 0
800, 30019547, 0, 0, 0
903, 15910984, 0, 0, 0
1001, 15167886, 0, 0, 0
1101, 17924793, 0, 0, 0
1200, 17677437, 0, 0, 0
1318, 17563571, 0, 0, 0
1403, 20308160, 0, 0, 0
1502, 17735650, 0, 0, 0
1602, 17474867, 0, 0, 0
1706, 17640347, 0, 0, 0
1805, 18156654, 0, 0, 0
1902, 26244063, 0, 0, 0
2001, 20045480, 0, 0, 0
2101, 11375572, 0, 0, 0
2201, 15823627, 0, 0, 0
2301, 17890010, 0, 0, 0
2401, 20727167, 0, 0, 0
2509, 20573433, 0, 0, 0
2601, 20436341, 0, 0, 0
2705, 17594023, 0, 0, 0
2802, 16949672, 0, 0, 0
2909, 12871609, 0, 0, 0
3004, 15837476, 0, 0, 0
3100, 25140021, 0, 0, 0
3200, 16700186, 0, 0, 0
3303, 15312220, 0, 0, 0
3405, 17653559, 0, 0, 0
3503, 22209043, 0, 0, 0
3604, 16891369, 0, 0, 0
3702, 18628982, 0, 0, 0
3801, 17170525, 0, 0, 0
3910, 15657463, 0, 0, 0
4010, 31884402, 0, 0, 0
4100, 20772527, 0, 0, 0
4202, 18316945, 0, 0, 0
4312, 14813441, 0, 0, 0
4400, 19230965, 0, 0, 0
4503, 16754631, 0, 0, 0
4605, 20692751, 0, 0, 0
4708, 13327056, 0, 0, 0
4803, 17967539, 0, 0, 0
4904, 14800826, 0, 0, 0
5005, 18914851, 0, 0, 0
5106, 21052359, 0, 0, 0
5204, 17573604, 0, 0, 0
5304, 13484305, 0, 0, 0
5403, 23709115, 0, 0, 0
5507, 19039014, 0, 0, 0
5601, 20566893, 0, 0, 0
5704, 17858312, 0, 0, 0
5812, 18812574, 0, 0, 0
5903, 18922650, 0, 0, 0
6001, 18530110, 0, 0, 0
6102, 18738622, 0, 0, 0
6202, 20922802, 0, 0, 0
6306, 20197693, 0, 0, 0
6407, 28147971, 0, 0, 0
6503, 19516400, 0, 0, 0
6601, 16849539, 0, 0, 0
6701, 25378009, 0, 0, 0
6811, 18637858, 0, 0, 0
6906, 19004634, 0, 0, 0
7002, 15950798, 0, 0, 0
7104, 20429188, 0, 0, 0
7200, 29423324, 0, 0, 0
7306, 25635861, 0, 0, 0
7414, 15352677, 0, 0, 0
7512, 18271515, 0, 0, 0
7600, 21257494, 0, 0, 0
7702, 18780963, 0, 0, 0
7801, 16388806, 0, 0, 0
7901, 19514238, 0, 0, 0
8008, 16722339, 0, 0, 0
8100, 15206015, 0, 0, 0
8217, 21955683, 0, 0, 0
8302, 16855053, 0, 0, 0
8400, 18299828, 0, 0, 0
8501, 19906253, 0, 0, 0
8605, 19691971, 0, 0, 0
8706, 16701520, 0, 0, 0
8805, 21983377, 0, 0, 0
8901, 24536429, 0, 0, 0
9000, 14232219, 0, 0, 0
9100, 15672288, 0, 0, 0
9207, 18711475, 0, 0, 0
9306, 26016044, 0, 0, 0
9403, 14272846, 0, 0, 0
9504, 20148637, 0, 0, 0
9603, 24558597, 0, 0, 0
9702, 19061402, 0, 0, 0
9801, 19436984, 0, 0, 0
9907, 21996784, 0, 0, 0
10004, 20866447, 0, 0, 0
10100, 16994056, 0, 0, 0
10214, 14523469, 0, 0, 0
10300, 14906961, 0, 0, 0
10400, 14422590, 0, 0, 0
10505, 20420580, 0, 0, 0
10608, 25525470, 0, 0, 0
10707, 14995059, 0, 0, 0
10805, 23190531, 0, 0, 0
10901, 17954911, 0, 0, 0
11002, 13323147, 0, 0, 0
11100, 16386323, 0, 0, 0
11207, 18285998, 0, 0, 0
11303, 21108541, 0, 0, 0
11402, 16765806, 0, 0, 0
11507, 19625044, 0, 0, 0
11611, 16738019, 0, 0, 0
11700, 16170777, 0, 0, 0
11800, 13522886, 0, 0, 0
11900, 15056510, 0, 0, 0
12004, 20796398, 0, 0, 0
12101, 15447012, 0, 0, 0
12200, 18144675, 0, 0, 0
12303, 18714668, 0, 0, 0
12401, 21987329, 0, 0, 0
12502, 19741573, 0, 0, 0
12605, 17878377, 0, 0, 0
12700, 18955431, 0, 0, 0
12801, 20767287, 0, 0, 0
12904, 16701814, 0, 0, 0
13000, 18845043, 0, 0, 0
13106, 17659816, 0, 0, 0
13200, 14344312, 0, 0, 0
13303, 16070465, 0, 0, 0
13404, 15439651, 0, 0, 0
13505, 15670706, 0, 0, 0
13603, 17659478, 0, 0, 0
13705, 19621076, 0, 0, 0
13801, 18058207, 0, 0, 0
13903, 20334416, 0, 0, 0
14001, 17603336, 0, 0, 0
14103, 19253161, 0, 0, 0
14200, 14709277, 0, 0, 0
14307, 24501905, 0, 0, 0
14400, 16752380, 0, 0, 0
14502, 24346639, 0, 0, 0
14602, 17408602, 0, 0, 0
14706, 16612998, 0, 0, 0
14801, 20262548, 0, 0, 0
14900, 14395081, 0, 0, 0
15002, 13043682, 0, 0, 0
15103, 15364183, 0, 0, 0
15200, 15325501, 0, 0, 0
15300, 17053573, 0, 0, 0
15409, 14239871, 0, 0, 0
15502, 16967947, 0, 0, 0
15606, 15151823, 0, 0, 0
15703, 14922543, 0, 0, 0
15802, 17179090, 0, 0, 0
15901, 16861681, 0, 0, 0
16004, 17740477, 0, 0, 0
16107, 17555740, 0, 0, 0
16200, 17120296, 0, 0, 0
16300, 13783298, 0, 0, 0
16400, 19570844, 0, 0, 0
16500, 17638054, 0, 0, 0
16600, 19197397, 0, 0, 0
16700, 18039634, 0, 0, 0
16800, 15596527, 0, 0, 0
16901, 22271072, 0, 0, 0
17004, 18272668, 0, 0, 0
17101, 17393185, 0, 0, 0
17202, 18552032, 0, 0, 0
17303, 25378027, 0, 0, 0
17401, 15299631, 0, 0, 0
17500, 19438013, 0, 0, 0
17600, 13767265, 0, 0, 0
17708, 15618298, 0, 0, 0
17801, 19785543, 0, 0, 0
17901, 15905798, 0, 0, 0
18000, 22162289, 0, 0, 0
18100, 17751418, 0, 0, 0
18201, 16669605, 0, 0, 0
18301, 20099904, 0, 0, 0
18400, 18594054, 0, 0, 0
18503, 19308654, 0, 0, 0
18605, 14898812, 0, 0, 0
18707, 19299104, 0, 0, 0
18802, 15536165, 0, 0, 0
18900, 19099365, 0, 0, 0
19000, 16229353, 0, 0, 0
19101, 16253681, 0, 0, 0
19203, 19287823, 0, 0, 0
19312, 18288667, 0, 0, 0
19400, 14891614, 0, 0, 0
19507, 19226827, 0, 0, 0
19614, 17325143, 0, 0, 0
19703, 14394094, 0, 0, 0
19801, 13567306, 0, 0, 0
19900, 21044338, 0, 0, 0
20008, 15524117, 0, 0, 0
20102, 13347841, 0, 0, 0
20202, 18275867, 0, 0, 0
20300, 21903964, 0, 0, 0
20407, 16548837, 0, 0, 0
20507, 19384599, 0, 0, 0
20600, 18183923, 0, 0, 0
20703, 13893847, 0, 0, 0
20804, 14039305, 0, 0, 0
20902, 16030330, 0, 0, 0
21010, 17462521, 0, 0, 0
21109, 14517109, 0, 0, 0
21202, 11106021, 0, 0, 0
21301, 15724410, 0, 0, 0
21411, 21470075, 0, 0, 0
21502, 16406414, 0, 0, 0
21607, 12203359, 0, 0, 0
21700, 13935779, 0, 0, 0
21800, 18761168, 0, 0, 0
21900, 20889206, 0, 0, 0
22001, 13954694, 0, 0, 0
22102, 18727169, 0, 0, 0
22201, 15323220, 0, 0, 0
22301, 18205684, 0, 0, 0
22401, 18403228, 0, 0, 0
22503, 25187806, 0, 0, 0
22609, 13344796, 0, 0, 0
22706, 14668076, 0, 0, 0
22802, 17109737, 0, 0, 0
22900, 16751815, 0, 0, 0
23005, 16521609, 0, 0, 0
23104, 13871075, 0, 0, 0
23202, 14623539, 0, 0, 0
23300, 19990074, 0, 0, 0
23401, 15124829, 0, 0, 0
23503, 17113604, 0, 0, 0
23607, 17139439, 0, 0, 0
23700, 22653766, 0, 0, 0
23801, 18177056, 0, 0, 0
23901, 17118192, 0, 0, 0
24009, 15507371, 0, 0, 0
24105, 16464077, 0, 0, 0
24200, 19793904, 0, 0, 0
24310, 16994837, 0, 0, 0
24405, 15557539, 0, 0, 0
24502, 22003568, 0, 0, 0
24600, 14605961, 0, 0, 0
24705, 13207769, 0, 0, 0
24801, 19561619, 0, 0, 0
24900, 15467405, 0, 0, 0
25003, 23503437, 0, 0, 0
25104, 16228508, 0, 0, 0
25216, 21439226, 0, 0, 0
25300, 18243015, 0, 0, 0
25412, 15070138, 0, 0, 0
25500, 21211354, 0, 0, 0
25605, 12205339, 0, 0, 0
25700, 18428980, 0, 0, 0
25801, 24959643, 0, 0, 0
25900, 13841240, 0, 0, 0
26007, 10985184, 0, 0, 0
26104, 15400002, 0, 0, 0
26201, 16296096, 0, 0, 0
26300, 26525046, 0, 0, 0
26400, 14881535, 0, 0, 0
26506, 19462121, 0, 0, 0
26602, 16559971, 0, 0, 0
26700, 14064603, 0, 0, 0
26801, 25078793, 0, 0, 0
26900, 14997176, 0, 0, 0
27000, 19111240, 0, 0, 0
27100, 14551453, 0, 0, 0
27211, 22565043, 0, 0, 0
27308, 15919359, 0, 0, 0
27402, 17584879, 0, 0, 0
27507, 12679364, 0, 0, 0
27600, 23457619, 0, 0, 0
27703, 15278190, 0, 0, 0
27800, 15660238, 0, 0, 0
27905, 16803524, 0, 0, 0
28000, 16176957, 0, 0, 0
28111, 16898289, 0, 0, 0
28203, 19003012, 0, 0, 0
28300, 13640391, 0, 0, 0
28406, 15229526, 0, 0, 0
28503, 21803409, 0, 0, 0
28601, 15454682, 0, 0, 0
28707, 21852740, 0, 0, 0
28806, 22069039, 0, 0, 0
28903, 12884495, 0, 0, 0
29000, 16228956, 0, 0, 0
29100, 14266751, 0, 0, 0
29201, 14955380, 0, 0, 0
29301, 18797492, 0, 0, 0
29404, 16895742, 0, 0, 0
29501, 16557252, 0, 0, 0
29600, 16530463, 0, 0, 0
29700, 14927296, 0, 0, 0
29801, 11235765, 0, 0, 0
29900, 12340831, 0, 0, 0
30004, 18135839, 0, 0, 0
30108, 14844905, 0, 0, 0
30200, 19713567, 0, 0, 0
30302, 20805585, 0, 0, 0
30402, 13081702, 0, 0, 0
30505, 24531166, 0, 0, 0
30604, 18732130, 0, 0, 0
30702, 15416991, 0, 0, 0
30803, 12316748, 0, 0, 0
30903, 12685854, 0, 0, 0
31006, 16978480, 0, 0, 0
31105, 17086635, 0, 0, 0
31204, 16093883, 0, 0, 0
31300, 20985430, 0, 0, 0
31401, 15385018, 0, 0, 0
31501, 15691680, 0, 0, 0
31603, 17578083, 0, 0, 0
31700, 13783272, 0, 0, 0
31802, 12634941, 0, 0, 0
31901, 14444466, 0, 0, 0
32002, 18884154, 0, 0, 0
32103, 18045065, 0, 0, 0
32204, 16342010, 0, 0, 0
32302, 18333648, 0, 0, 0
32400, 18695887, 0, 0, 0
32507, 18281216, 0, 0, 0
32603, 22131163, 0, 0, 0
32701, 15471555, 0, 0, 0
32808, 20188808, 0, 0, 0
32901, 13386537, 0, 0, 0
33000, 15939921, 0, 0, 0
33102, 20900916, 0, 0, 0
33206, 15771866, 0, 0, 0
33302, 22396630, 0, 0, 0
33403, 14885542, 0, 0, 0
33502, 16798894, 0, 0, 0
33602, 14919596, 0, 0, 0
33700, 17037660, 0, 0, 0
33808, 16708953, 0, 0, 0
33905, 13764500, 0, 0, 0
34000, 21395443, 0, 0, 0
34104, 14802778, 0, 0, 0
34200, 14789479, 0, 0, 0
34301, 19514442, 0, 0, 0
34401, 14801671, 0, 0, 0
34504, 18045078, 0, 0, 0
34607, 15818077, 0, 0, 0
34705, 14568736, 0, 0, 0
34801, 21045385, 0, 0, 0
34905, 16352366, 0, 0, 0
35001, 19741778, 0, 0, 0
35104, 16126854, 0, 0, 0
35200, 14204414, 0, 0, 0
35304, 15619791, 0, 0, 0
35400, 15973503, 0, 0, 0
35500, 21272970, 0, 0, 0
35602, 15566373, 0, 0, 0
35738, 24859107, 0, 0, 0
35800, 26849409, 0, 0, 0
35907, 19226683, 0, 0, 0
36002, 14473629, 0, 0, 0
36100, 26050756, 0, 0, 0
36207, 16423110, 0, 0, 0
36316, 16700312, 0, 0, 0
36401, 25086227, 0, 0, 0
36503, 19488780, 0, 0, 0
36604, 15556029, 0, 0, 0
36703, 17894141, 0, 0, 0
36803, 13021490, 0, 0, 0
36900, 16375546, 0, 0, 0
37000, 23145727, 0, 0, 0
37103, 18243073, 0, 0, 0
37200, 14015054, 0, 0, 0
37300, 20549347, 0, 0, 0
37402, 17160117, 0, 0, 0
37500, 22282331, 0, 0, 0
37602, 22479868, 0, 0, 0
37711, 14076563, 0, 0, 0
37801, 18457033, 0, 0, 0
37902, 19976460, 0, 0, 0
38001, 19014522, 0, 0, 0
38102, 12373942, 0, 0, 0
38202, 19790878, 0, 0, 0
38302, 20987380, 0, 0, 0
38400, 21332666, 0, 0, 0
38500, 18556107, 0, 0, 0
38602, 14654353, 0, 0, 0
38703, 13605608, 0, 0, 0
38805, 21780617, 0, 0, 0
38905, 16910274, 0, 0, 0
39007, 19321437, 0, 0, 0
39102, 23693422, 0, 0, 0
39206, 13540000, 0, 0, 0
39302, 23895191, 0, 0, 0
39401, 12104042, 0, 0, 0
39500, 18492581, 0, 0, 0
39609, 15174958, 0, 0, 0
39702, 13861376, 0, 0, 0
39803, 17149751, 0, 0, 0
39903, 12496193, 0, 0, 0
40000, 13068967, 0, 0, 0
40100, 15973174, 0, 0, 0
40213, 16110438, 0, 0, 0
40303, 18019905, 0, 0, 0
40403, 18628106, 0, 0, 0
40503, 20337935, 0, 0, 0
40601, 17469718, 0, 0, 0
40702, 15718979, 0, 0, 0
40806, 17321987, 0, 0, 0
40903, 15870402, 0, 0, 0
41003, 20508551, 0, 0, 0
41101, 14648425, 0, 0, 0
41200, 15395291, 0, 0, 0
41300, 14569339, 0, 0, 0
41404, 22815556, 0, 0, 0
41500, 13486652, 0, 0, 0
41601, 15353123, 0, 0, 0
41705, 16603496, 0, 0, 0
41801, 17523615, 0, 0, 0
41902, 15941393, 0, 0, 0
42004, 18805089, 0, 0, 0
42101, 18140361, 0, 0, 0
42201, 18522841, 0, 0, 0
42300, 13427462, 0, 0, 0
42401, 16811716, 0, 0, 0
42502, 16815530, 0, 0, 0
42601, 22375919, 0, 0, 0
42702, 15150381, 0, 0, 0
42801, 18716002, 0, 0, 0
42907, 13526907, 0, 0, 0
43001, 10657631, 0, 0, 0
43101, 21369843, 0, 0, 0
43204, 18329182, 0, 0, 0
43304, 18067475, 0, 0, 0
43401, 20990745, 0, 0, 0
43501, 14617929, 0, 0, 0
43602, 17943869, 0, 0, 0
43700, 15631812, 0, 0, 0
43801, 19050684, 0, 0, 0
43900, 11989202, 0, 0, 0
44007, 16605963, 0, 0, 0
44101, 16450970, 0, 0, 0
44200, 19062654, 0, 0, 0
44306, 14687903, 0, 0, 0
44400, 16543016, 0, 0, 0
44500, 15796713, 0, 0, 0
44609, 17481071, 0, 0, 0
44701, 13975113, 0, 0, 0
44805, 15635884, 0, 0, 0
44901, 12009973, 0, 0, 0
45001, 16992483, 0, 0, 0
45106, 11470689, 0, 0, 0
45200, 17401455, 0, 0, 0
45301, 15026579, 0, 0, 0
45403, 18536882, 0, 0, 0
45505, 13649786, 0, 0, 0
45602, 14421444, 0, 0, 0
45702, 21851212, 0, 0, 0
45800, 17444501, 0, 0, 0
45903, 15156261, 0, 0, 0
46000, 15279961, 0, 0, 0
46102, 13558649, 0, 0, 0
46225, 11634213, 0, 0, 0
46300, 30695616, 0, 0, 0
46408, 15292078, 0, 0, 0
46502, 19036106, 0, 0, 0
46611, 15853466, 0, 0, 0
46701, 21162412, 0, 0, 0
46800, 14252898, 0, 0, 0
46901, 19312046, 0, 0, 0
47009, 16245063, 0, 0, 0
47103, 14988211, 0, 0, 0
47200, 18720509, 0, 0, 0
47303, 14598720, 0, 0, 0
47400, 17049463, 0, 0, 0
47501, 15969909, 0, 0, 0
47604, 16212589, 0, 0, 0
47701, 17611593, 0, 0, 0
47802, 20530902, 0, 0, 0
47907, 22801792, 0, 0, 0
48001, 16406847, 0, 0, 0
48100, 19083011, 0, 0, 0
48210, 18313106, 0, 0, 0
48300, 21772618, 0, 0, 0
48400, 17787023, 0, 0, 0
48502, 32104168, 0, 0, 0
48601, 16426042, 0, 0, 0
48704, 19999097, 0, 0, 0
48803, 14832575, 0, 0, 0
48905, 23206542, 0, 0, 0
49005, 21228377, 0, 0, 0
49104, 17516711, 0, 0, 0
49202, 17044167, 0, 0, 0
49300, 13413494, 0, 0, 0
49400, 19704229, 0, 0, 0
49502, 24923380, 0, 0, 0
49603, 17827659, 0, 0, 0
49700, 20806192, 0, 0, 0
49800, 21716109, 0, 0, 0
49904, 17699324, 0, 0, 0
50005, 17326325, 0, 0, 0
50100, 20122535, 0, 0, 0
50207, 15461343, 0, 0, 0
50301, 23148973, 0, 0, 0
50400, 16332469, 0, 0, 0
50500, 17672878, 0, 0, 0
50600, 16702158, 0, 0, 0
50703, 18535834, 0, 0, 0
50803, 17571635, 0, 0, 0
50900, 18666635, 0, 0, 0
51000, 21029176, 0, 0, 0
51104, 16559461, 0, 0, 0
51203, 18112561, 0, 0, 0
51300, 18301496, 0, 0, 0
51413, 20233464, 0, 0, 0
51503, 18629502, 0, 0, 0
51602, 20107515, 0, 0, 0
51704, 16125524, 0, 0, 0
51800, 18460107, 0, 0, 0
51903, 22100889, 0, 0, 0
52007, 17493472, 0, 0, 0
52101, 21517819, 0, 0, 0
52203, 17380167, 0, 0, 0
52301, 14562857, 0, 0, 0
52405, 19267226, 0, 0, 0
52502, 20291449, 0, 0, 0
52608, 15875411, 0, 0, 0
52700, 20051640, 0, 0, 0
52800, 16499144, 0, 0, 0
52903, 19173625, 0, 0, 0
53002, 16475207, 0, 0, 0
53103, 16052587, 0, 0, 0
53206, 20801458, 0, 0, 0
53300, 19476665, 0, 0, 0
53414, 19436841, 0, 0, 0
53502, 17900492, 0, 0, 0
53600, 16490361, 0, 0, 0
53703, 17023740, 0, 0, 0
53812, 15181541, 0, 0, 0
53904, 16903299, 0, 0, 0
54006, 19292177, 0, 0, 0
54109, 13086726, 0, 0, 0
54200, 24747574, 0, 0, 0
54302, 20322211, 0, 0, 0
54402, 17197135, 0, 0, 0
54500, 20086250, 0, 0, 0
54601, 23207324, 0, 0, 0
54702, 18281493, 0, 0, 0
54802, 23843159, 0, 0, 0
54900, 17391355, 0, 0, 0
55002, 22084488, 0, 0, 0
55107, 21888728, 0, 0, 0
55205, 15295349, 0, 0, 0
55303, 21411046, 0, 0, 0
55413, 19096504, 0, 0, 0
55500, 25435203, 0, 0, 0
55611, 18973999, 0, 0, 0
55705, 20202243, 0, 0, 0
55804, 17355937, 0, 0, 0
55900, 22346521, 0, 0, 0
56002, 18300457, 0, 0, 0
56100, 18127205, 0, 0, 0
56201, 22275062, 0, 0, 0
56301, 20501083, 0, 0, 0
56405, 14835026, 0, 0, 0
56507, 17446538, 0, 0, 0
56608, 12472669, 0, 0, 0
56706, 19999396, 0, 0, 0
56800, 20123753, 0, 0, 0
56914, 20635095, 0, 0, 0
57001, 15043881, 0, 0, 0
57101, 11113723, 0, 0, 0
57200, 21648502, 0, 0, 0
57308, 21412383, 0, 0, 0
57407, 25050050, 0, 0, 0
57503, 26285545, 0, 0, 0
57604, 21129075, 0, 0, 0
57701, 18069438, 0, 0, 0
57803, 15698235, 0, 0, 0
57901, 13778229, 0, 0, 0
58002, 19717789, 0, 0, 0
58103, 21983017, 0, 0, 0
58205, 20054724, 0, 0, 0
58305, 20556907, 0, 0, 0
58400, 24417879, 0, 0, 0
58506, 20606712, 0, 0, 0
58601, 17870829, 0, 0, 0
58702, 18210648, 0, 0, 0
58802, 17261669, 0, 0, 0
58900, 18935435, 0, 0, 0
59004, 13896990, 0, 0, 0
59102, 19787889, 0, 0, 0
59201, 15145964, 0, 0, 0
59303, 18225716, 0, 0, 0
59414, 20190947, 0, 0, 0
59500, 21380839, 0, 0, 0
59601, 21593242, 0, 0, 0
59702, 18825975, 0, 0, 0
59801, 14040915, 0, 0, 0
59901, 18183185, 0, 0, 0
60001, 21494810, 0, 0, 0
60003, 7636868, 0, 0, 0
