250, 112, 0, 0, 0
350, 120, 0, 0, 0
450, 110, 0, 0, 0
550, 110, 0, 0, 0
650, 120, 0, 0, 0
749, 121, 0, 0, 0
849, 130, 0, 0, 0
949, 110, 0, 0, 0
1049, 100, 0, 0, 0
1149, 120, 0, 0, 0
1250, 130, 0, 0, 0
1350, 100, 0, 0, 0
1450, 150, 0, 0, 0
1550, 90, 0, 0, 0
1650, 130, 0, 0, 0
1749, 131, 0, 0, 0
1849, 140, 0, 0, 0
1949, 120, 0, 0, 0
2049, 120, 0, 0, 0
2149, 130, 0, 0, 0
2249, 90, 0, 0, 0
2350, 110, 0, 0, 0
2450, 100, 0, 0, 0
2550, 100, 0, 0, 0
2650, 130, 0, 0, 0
2749, 101, 0, 0, 0
2849, 130, 0, 0, 0
2949, 110, 0, 0, 0
3049, 140, 0, 0, 0
3149, 130, 0, 0, 0
3249, 100, 0, 0, 0
3349, 120, 0, 0, 0
3449, 130, 0, 0, 0
3550, 100, 0, 0, 0
3650, 100, 0, 0, 0
3749, 121, 0, 0, 0
3849, 100, 0, 0, 0
3949, 110, 0, 0, 0
4049, 150, 0, 0, 0
4149, 120, 0, 0, 0
4249, 110, 0, 0, 0
4349, 130, 0, 0, 0
4449, 180, 0, 0, 0
4550, 130, 0, 0, 0
4650, 160, 0, 0, 0
4749, 131, 0, 0, 0
4849, 80, 0, 0, 0
4949, 120, 0, 0, 0
5049, 100, 0, 0, 0
5149, 110, 0, 0, 0
5249, 120, 0, 0, 0
5349, 100, 0, 0, 0
5449, 90, 0, 0, 0
5550, 120, 0, 0, 0
5650, 70, 0, 0, 0
5749, 121, 0, 0, 0
5849, 90, 0, 0, 0
5949, 120, 0, 0, 0
6049, 120, 0, 0, 0
6149, 160, 0, 0, 0
6249, 100, 0, 0, 0
6349, 70, 0, 0, 0
6449, 130, 0, 0, 0
6550, 100, 0, 0, 0
6650, 110, 0, 0, 0
6749, 121, 0, 0, 0
6849, 120, 0, 0, 0
6949, 110, 0, 0, 0
7049, 100, 0, 0, 0
7149, 110, 0, 0, 0
7249, 110, 0, 0, 0
7349, 100, 0, 0, 0
7449, 110, 0, 0, 0
7549, 100, 0, 0, 0
7650, 110, 0, 0, 0
7750, 100, 0, 0, 0
7850, 110, 0, 0, 0
7950, 150, 0, 0, 0
8050, 110, 0, 0, 0
8150, 130, 0, 0, 0
8249, 90, 0, 0, 0
8349, 70, 0, 0, 0
8449, 110, 0, 0, 0
8549, 120, 0, 0, 0
8650, 120, 0, 0, 0
8749, 171, 0, 0, 0
8849, 110, 0, 0, 0
8949, 90, 0, 0, 0
9049, 110, 0, 0, 0
9149, 120, 0, 0, 0
9249, 100, 0, 0, 0
9349, 80, 0, 0, 0
9449, 110, 0, 0, 0
9549, 110, 0, 0, 0
9649, 60, 0, 0, 0
9750, 110, 0, 0, 0
9850, 110, 0, 0, 0
9950, 120, 0, 0, 0
10050, 110, 0, 0, 0
10150, 100, 0, 0, 0
10249, 131, 0, 0, 0
10349, 100, 0, 0, 0
10449, 110, 0, 0, 0
10549, 90, 0, 0, 0
10649, 110, 0, 0, 0
10749, 120, 0, 0, 0
10849, 120, 0, 0, 0
10950, 130, 0, 0, 0
11050, 80, 0, 0, 0
11150, 100, 0, 0, 0
11249, 90, 0, 0, 0
11349, 140, 0, 0, 0
11449, 120, 0, 0, 0
11549, 80, 0, 0, 0
11649, 110, 0, 0, 0
11749, 90, 0, 0, 0
11849, 110, 0, 0, 0
11949, 120, 0, 0, 0
12050, 110, 0, 0, 0
12150, 90, 0, 0, 0
12249, 141, 0, 0, 0
12349, 100, 0, 0, 0
12449, 110, 0, 0, 0
12549, 100, 0, 0, 0
12649, 80, 0, 0, 0
12752, 156, 0, 0, 0
12852, 130, 0, 0, 0
12952, 90, 0, 0, 0
13052, 100, 0, 0, 0
13152, 130, 0, 0, 0
13251, 90, 0, 0, 0
13351, 100, 0, 0, 0
13451, 110, 0, 0, 0
13551, 110, 0, 0, 0
13651, 80, 0, 0, 0
13752, 70, 0, 0, 0
13852, 80, 0, 0, 0
13952, 110, 0, 0, 0
14052, 100, 0, 0, 0
14152, 100, 0, 0, 0
14251, 90, 0, 0, 0
14351, 130, 0, 0, 0
14451, 110, 0, 0, 0
14551, 110, 0, 0, 0
14651, 120, 0, 0, 0
14751, 140, 0, 0, 0
14851, 100, 0, 0, 0
14952, 130, 0, 0, 0
15052, 100, 0, 0, 0
15152, 150, 0, 0, 0
15251, 131, 0, 0, 0
15351, 140, 0, 0, 0
15451, 140, 0, 0, 0
15551, 130, 0, 0, 0
15651, 120, 0, 0, 0
15751, 120, 0, 0, 0
15851, 100, 0, 0, 0
15951, 90, 0, 0, 0
16052, 90, 0, 0, 0
16152, 110, 0, 0, 0
16251, 101, 0, 0, 0
16351, 110, 0, 0, 0
16451, 110, 0, 0, 0
16551, 110, 0, 0, 0
16651, 140, 0, 0, 0
16751, 120, 0, 0, 0
16851, 110, 0, 0, 0
16951, 100, 0, 0, 0
17052, 130, 0, 0, 0
17152, 120, 0, 0, 0
17251, 131, 0, 0, 0
17351, 150, 0, 0, 0
17451, 150, 0, 0, 0
17551, 100, 0, 0, 0
17651, 140, 0, 0, 0
17751, 90, 0, 0, 0
17851, 120, 0, 0, 0
17951, 110, 0, 0, 0
18051, 110, 0, 0, 0
18152, 150, 0, 0, 0
18251, 80, 0, 0, 0
18351, 130, 0, 0, 0
18451, 120, 0, 0, 0
18551, 100, 0, 0, 0
18651, 80, 0, 0, 0
18751, 110, 0, 0, 0
18851, 110, 0, 0, 0
18951, 100, 0, 0, 0
19051, 130, 0, 0, 0
19151, 120, 0, 0, 0
19251, 171, 0, 0, 0
19351, 180, 0, 0, 0
19451, 100, 0, 0, 0
19551, 120, 0, 0, 0
19651, 100, 0, 0, 0
19751, 90, 0, 0, 0
19851, 120, 0, 0, 0
19951, 100, 0, 0, 0
20051, 130, 0, 0, 0
20151, 100, 0, 0, 0
20252, 160, 0, 0, 0
20352, 120, 0, 0, 0
20452, 110, 0, 0, 0
20552, 110, 0, 0, 0
20652, 110, 0, 0, 0
20751, 121, 0, 0, 0
20851, 140, 0, 0, 0
20951, 100, 0, 0, 0
21051, 110, 0, 0, 0
21151, 100, 0, 0, 0
21251, 121, 0, 0, 0
21351, 60, 0, 0, 0
21451, 110, 0, 0, 0
21551, 90, 0, 0, 0
21651, 130, 0, 0, 0
21751, 150, 0, 0, 0
21851, 120, 0, 0, 0
21951, 100, 0, 0, 0
22051, 100, 0, 0, 0
22151, 70, 0, 0, 0
22251, 90, 0, 0, 0
22351, 140, 0, 0, 0
22451, 140, 0, 0, 0
22551, 100, 0, 0, 0
22651, 100, 0, 0, 0
22751, 100, 0, 0, 0
22851, 100, 0, 0, 0
22951, 80, 0, 0, 0
23051, 100, 0, 0, 0
23151, 110, 0, 0, 0
23251, 101, 0, 0, 0
23351, 130, 0, 0, 0
23451, 100, 0, 0, 0
23551, 140, 0, 0, 0
23651, 170, 0, 0, 0
23751, 120, 0, 0, 0
23851, 120, 0, 0, 0
23951, 120, 0, 0, 0
24051, 90, 0, 0, 0
24152, 130, 0, 0, 0
24251, 141, 0, 0, 0
24351, 70, 0, 0, 0
24451, 110, 0, 0, 0
24551, 130, 0, 0, 0
24651, 160, 0, 0, 0
24751, 100, 0, 0, 0
24851, 110, 0, 0, 0
24951, 90, 0, 0, 0
25052, 100, 0, 0, 0
25152, 90, 0, 0, 0
25251, 90, 0, 0, 0
25351, 110, 0, 0, 0
25451, 80, 0, 0, 0
25551, 110, 0, 0, 0
25651, 100, 0, 0, 0
25751, 60, 0, 0, 0
25851, 80, 0, 0, 0
25951, 130, 0, 0, 0
26052, 130, 0, 0, 0
26152, 100, 0, 0, 0
26251, 141, 0, 0, 0
26351, 110, 0, 0, 0
26451, 120, 0, 0, 0
26551, 130, 0, 0, 0
26651, 130, 0, 0, 0
26751, 100, 0, 0, 0
26851, 110, 0, 0, 0
26951, 130, 0, 0, 0
27052, 120, 0, 0, 0
27152, 160, 0, 0, 0
27251, 141, 0, 0, 0
27351, 90, 0, 0, 0
27451, 100, 0, 0, 0
27551, 80, 0, 0, 0
27651, 100, 0, 0, 0
27751, 90, 0, 0, 0
27851, 110, 0, 0, 0
27951, 130, 0, 0, 0
28051, 140, 0, 0, 0
28152, 110, 0, 0, 0
28251, 70, 0, 0, 0
28351, 120, 0, 0, 0
28451, 110, 0, 0, 0
28551, 110, 0, 0, 0
28651, 110, 0, 0, 0
28751, 120, 0, 0, 0
28851, 90, 0, 0, 0
28951, 140, 0, 0, 0
29051, 140, 0, 0, 0
29151, 140, 0, 0, 0
29252, 110, 0, 0, 0
29352, 120, 0, 0, 0
29452, 130, 0, 0, 0
29552, 100, 0, 0, 0
29652, 140, 0, 0, 0
29751, 101, 0, 0, 0
29851, 90, 0, 0, 0
29951, 140, 0, 0, 0
30051, 100, 0, 0, 0
30152, 150, 0, 0, 0
30251, 70, 0, 0, 0
30351, 150, 0, 0, 0
30451, 160, 0, 0, 0
30551, 140, 0, 0, 0
30651, 110, 0, 0, 0
30751, 130, 0, 0, 0
30851, 110, 0, 0, 0
30951, 110, 0, 0, 0
31051, 120, 0, 0, 0
31151, 180, 0, 0, 0
31251, 101, 0, 0, 0
31351, 70, 0, 0, 0
31451, 100, 0, 0, 0
31551, 140, 0, 0, 0
31651, 90, 0, 0, 0
31751, 120, 0, 0, 0
31851, 100, 0, 0, 0
31951, 100, 0, 0, 0
32051, 100, 0, 0, 0
32151, 130, 0, 0, 0
32251, 110, 0, 0, 0
32352, 90, 0, 0, 0
32452, 100, 0, 0, 0
32552, 140, 0, 0, 0
32652, 100, 0, 0, 0
32751, 90, 0, 0, 0
32851, 160, 0, 0, 0
32951, 90, 0, 0, 0
33051, 130, 0, 0, 0
33151, 110, 0, 0, 0
33251, 80, 0, 0, 0
33351, 150, 0, 0, 0
33452, 190, 0, 0, 0
33552, 120, 0, 0, 0
33652, 130, 0, 0, 0
33751, 70, 0, 0, 0
33851, 130, 0, 0, 0
33951, 70, 0, 0, 0
34051, 100, 0, 0, 0
34151, 100, 0, 0, 0
34251, 90, 0, 0, 0
34351, 130, 0, 0, 0
34451, 120, 0, 0, 0
34552, 110, 0, 0, 0
34652, 150, 0, 0, 0
34751, 90, 0, 0, 0
34851, 80, 0, 0, 0
34951, 100, 0, 0, 0
35051, 80, 0, 0, 0
35151, 120, 0, 0, 0
35251, 100, 0, 0, 0
35351, 130, 0, 0, 0
35451, 120, 0, 0, 0
35552, 80, 0, 0, 0
35652, 100, 0, 0, 0
35751, 70, 0, 0, 0
35851, 110, 0, 0, 0
35951, 130, 0, 0, 0
36051, 70, 0, 0, 0
36151, 150, 0, 0, 0
36251, 130, 0, 0, 0
36351, 100, 0, 0, 0
36451, 90, 0, 0, 0
36552, 100, 0, 0, 0
36652, 80, 0, 0, 0
36751, 141, 0, 0, 0
36851, 120, 0, 0, 0
36951, 140, 0, 0, 0
37051, 130, 0, 0, 0
37151, 120, 0, 0, 0
37251, 140, 0, 0, 0
37351, 70, 0, 0, 0
37451, 150, 0, 0, 0
37552, 120, 0, 0, 0
37652, 110, 0, 0, 0
37751, 131, 0, 0, 0
37851, 110, 0, 0, 0
37951, 130, 0, 0, 0
38051, 120, 0, 0, 0
38151, 180, 0, 0, 0
38251, 100, 0, 0, 0
38351, 110, 0, 0, 0
38451, 150, 0, 0, 0
38552, 100, 0, 0, 0
38652, 130, 0, 0, 0
38751, 80, 0, 0, 0
38851, 140, 0, 0, 0
38951, 120, 0, 0, 0
39051, 150, 0, 0, 0
39151, 120, 0, 0, 0
39251, 130, 0, 0, 0
39351, 130, 0, 0, 0
39451, 130, 0, 0, 0
39552, 120, 0, 0, 0
39652, 150, 0, 0, 0
39751, 111, 0, 0, 0
39851, 120, 0, 0, 0
39951, 110, 0, 0, 0
40051, 110, 0, 0, 0
40151, 120, 0, 0, 0
40251, 130, 0, 0, 0
40351, 120, 0, 0, 0
40451, 140, 0, 0, 0
40552, 120, 0, 0, 0
40652, 90, 0, 0, 0
40751, 111, 0, 0, 0
40851, 90, 0, 0, 0
40951, 130, 0, 0, 0
41051, 120, 0, 0, 0
41151, 120, 0, 0, 0
41251, 190, 0, 0, 0
41351, 120, 0, 0, 0
41451, 150, 0, 0, 0
41552, 120, 0, 0, 0
41652, 80, 0, 0, 0
41751, 90, 0, 0, 0
41851, 130, 0, 0, 0
41951, 70, 0, 0, 0
42051, 100, 0, 0, 0
42151, 150, 0, 0, 0
42251, 80, 0, 0, 0
42351, 120, 0, 0, 0
42451, 100, 0, 0, 0
42551, 70, 0, 0, 0
42652, 120, 0, 0, 0
42751, 111, 0, 0, 0
42851, 90, 0, 0, 0
42951, 110, 0, 0, 0
43051, 90, 0, 0, 0
43151, 110, 0, 0, 0
43251, 70, 0, 0, 0
43351, 100, 0, 0, 0
43451, 90, 0, 0, 0
43551, 110, 0, 0, 0
43651, 160, 0, 0, 0
43752, 150, 0, 0, 0
43852, 80, 0, 0, 0
43952, 100, 0, 0, 0
44052, 90, 0, 0, 0
44152, 130, 0, 0, 0
44251, 90, 0, 0, 0
44351, 120, 0, 0, 0
44451, 90, 0, 0, 0
44551, 130, 0, 0, 0
44651, 130, 0, 0, 0
44751, 110, 0, 0, 0
44852, 110, 0, 0, 0
44952, 120, 0, 0, 0
45052, 90, 0, 0, 0
45152, 130, 0, 0, 0
45251, 50, 0, 0, 0
45351, 130, 0, 0, 0
45451, 90, 0, 0, 0
45551, 120, 0, 0, 0
45651, 120, 0, 0, 0
45751, 110, 0, 0, 0
45851, 120, 0, 0, 0
45952, 70, 0, 0, 0
46052, 110, 0, 0, 0
46152, 110, 0, 0, 0
46251, 151, 0, 0, 0
46351, 140, 0, 0, 0
46451, 120, 0, 0, 0
46551, 80, 0, 0, 0
46651, 150, 0, 0, 0
46751, 120, 0, 0, 0
46851, 140, 0, 0, 0
46951, 70, 0, 0, 0
47052, 130, 0, 0, 0
47152, 130, 0, 0, 0
47251, 90, 0, 0, 0
47351, 90, 0, 0, 0
47451, 140, 0, 0, 0
47551, 110, 0, 0, 0
47651, 100, 0, 0, 0
47751, 140, 0, 0, 0
47851, 130, 0, 0, 0
47951, 110, 0, 0, 0
48052, 130, 0, 0, 0
48152, 110, 0, 0, 0
48251, 161, 0, 0, 0
48351, 110, 0, 0, 0
48451, 110, 0, 0, 0
48551, 100, 0, 0, 0
48651, 90, 0, 0, 0
48751, 80, 0, 0, 0
48851, 90, 0, 0, 0
48951, 100, 0, 0, 0
49052, 90, 0, 0, 0
49152, 120, 0, 0, 0
49251, 101, 0, 0, 0
49351, 80, 0, 0, 0
49451, 120, 0, 0, 0
49551, 140, 0, 0, 0
49651, 110, 0, 0, 0
49751, 110, 0, 0, 0
49851, 100, 0, 0, 0
49951, 90, 0, 0, 0
50052, 120, 0, 0, 0
50152, 120, 0, 0, 0
50251, 121, 0, 0, 0
50351, 100, 0, 0, 0
50451, 100, 0, 0, 0
50551, 120, 0, 0, 0
50651, 100, 0, 0, 0
50751, 110, 0, 0, 0
50851, 100, 0, 0, 0
50951, 100, 0, 0, 0
51052, 130, 0, 0, 0
51152, 100, 0, 0, 0
51251, 111, 0, 0, 0
51351, 100, 0, 0, 0
51451, 140, 0, 0, 0
51551, 130, 0, 0, 0
51651, 120, 0, 0, 0
51751, 110, 0, 0, 0
51851, 100, 0, 0, 0
51951, 120, 0, 0, 0
52052, 100, 0, 0, 0
52152, 140, 0, 0, 0
52251, 111, 0, 0, 0
52351, 110, 0, 0, 0
52451, 150, 0, 0, 0
52551, 130, 0, 0, 0
52651, 110, 0, 0, 0
52751, 110, 0, 0, 0
52851, 120, 0, 0, 0
52951, 80, 0, 0, 0
53052, 110, 0, 0, 0
53152, 90, 0, 0, 0
53251, 121, 0, 0, 0
53351, 130, 0, 0, 0
53451, 110, 0, 0, 0
53551, 90, 0, 0, 0
53651, 70, 0, 0, 0
53751, 110, 0, 0, 0
53851, 120, 0, 0, 0
53951, 120, 0, 0, 0
54051, 70, 0, 0, 0
54151, 120, 0, 0, 0
54251, 101, 0, 0, 0
54351, 100, 0, 0, 0
54451, 100, 0, 0, 0
54551, 130, 0, 0, 0
54651, 120, 0, 0, 0
54751, 100, 0, 0, 0
54851, 100, 0, 0, 0
54951, 130, 0, 0, 0
55051, 100, 0, 0, 0
55151, 120, 0, 0, 0
55252, 80, 0, 0, 0
55352, 90, 0, 0, 0
55452, 100, 0, 0, 0
55552, 100, 0, 0, 0
55652, 110, 0, 0, 0
55751, 121, 0, 0, 0
55851, 100, 0, 0, 0
55951, 120, 0, 0, 0
56051, 90, 0, 0, 0
56151, 110, 0, 0, 0
56252, 120, 0, 0, 0
56352, 110, 0, 0, 0
56452, 130, 0, 0, 0
56552, 120, 0, 0, 0
56652, 110, 0, 0, 0
56751, 131, 0, 0, 0
56851, 100, 0, 0, 0
56951, 110, 0, 0, 0
57051, 100, 0, 0, 0
57151, 70, 0, 0, 0
57252, 120, 0, 0, 0
57352, 130, 0, 0, 0
57452, 90, 0, 0, 0
57552, 100, 0, 0, 0
57652, 100, 0, 0, 0
57751, 101, 0, 0, 0
57851, 110, 0, 0, 0
57951, 100, 0, 0, 0
58051, 90, 0, 0, 0
58151, 100, 0, 0, 0
58252, 120, 0, 0, 0
58352, 150, 0, 0, 0
58452, 70, 0, 0, 0
58552, 100, 0, 0, 0
58652, 90, 0, 0, 0
58751, 111, 0, 0, 0
58851, 110, 0, 0, 0
58951, 120, 0, 0, 0
59051, 120, 0, 0, 0
59151, 120, 0, 0, 0
59251, 90, 0, 0, 0
59351, 100, 0, 0, 0
59452, 80, 0, 0, 0
59552, 90, 0, 0, 0
59652, 140, 0, 0, 0
59751, 80, 0, 0, 0
59851, 100, 0, 0, 0
59951, 160, 0, 0, 0
