250, 452, 0, 0, 0
350, 440, 0, 0, 0
450, 450, 0, 0, 0
550, 490, 0, 0, 0
650, 480, 0, 0, 0
749, 454, 0, 0, 0
849, 480, 0, 0, 0
949, 490, 0, 0, 0
1049, 460, 0, 0, 0
1149, 470, 0, 0, 0
1249, 470, 0, 0, 0
1349, 470, 0, 0, 0
1449, 450, 0, 0, 0
1550, 460, 0, 0, 0
1650, 470, 0, 0, 0
1749, 454, 0, 0, 0
1849, 470, 0, 0, 0
1949, 460, 0, 0, 0
2049, 470, 0, 0, 0
2149, 480, 0, 0, 0
2249, 450, 0, 0, 0
2349, 490, 0, 0, 0
2449, 450, 0, 0, 0
2550, 470, 0, 0, 0
2650, 460, 0, 0, 0
2749, 464, 0, 0, 0
2849, 450, 0, 0, 0
2949, 460, 0, 0, 0
3049, 470, 0, 0, 0
3149, 490, 0, 0, 0
3249, 450, 0, 0, 0
3349, 440, 0, 0, 0
3449, 450, 0, 0, 0
3549, 470, 0, 0, 0
3649, 480, 0, 0, 0
3749, 470, 0, 0, 0
3849, 470, 0, 0, 0
3949, 450, 0, 0, 0
4050, 450, 0, 0, 0
4150, 480, 0, 0, 0
4249, 444, 0, 0, 0
4349, 490, 0, 0, 0
4449, 460, 0, 0, 0
4549, 460, 0, 0, 0
4649, 450, 0, 0, 0
4749, 450, 0, 0, 0
4849, 470, 0, 0, 0
4949, 460, 0, 0, 0
5049, 470, 0, 0, 0
5149, 410, 0, 0, 0
5249, 470, 0, 0, 0
5349, 490, 0, 0, 0
5449, 470, 0, 0, 0
5550, 450, 0, 0, 0
5650, 440, 0, 0, 0
5749, 444, 0, 0, 0
5849, 440, 0, 0, 0
5949, 510, 0, 0, 0
6049, 470, 0, 0, 0
6149, 460, 0, 0, 0
6249, 470, 0, 0, 0
6349, 440, 0, 0, 0
6449, 450, 0, 0, 0
6549, 460, 0, 0, 0
6649, 460, 0, 0, 0
6749, 470, 0, 0, 0
6849, 470, 0, 0, 0
6949, 470, 0, 0, 0
7050, 510, 0, 0, 0
7150, 430, 0, 0, 0
7249, 474, 0, 0, 0
7349, 480, 0, 0, 0
7449, 440, 0, 0, 0
7549, 460, 0, 0, 0
7649, 470, 0, 0, 0
7749, 430, 0, 0, 0
7849, 480, 0, 0, 0
7949, 500, 0, 0, 0
8049, 430, 0, 0, 0
8149, 450, 0, 0, 0
8249, 480, 0, 0, 0
8349, 460, 0, 0, 0
8450, 450, 0, 0, 0
8550, 440, 0, 0, 0
8650, 470, 0, 0, 0
8749, 444, 0, 0, 0
8849, 460, 0, 0, 0
8949, 470, 0, 0, 0
9049, 470, 0, 0, 0
9149, 460, 0, 0, 0
9249, 460, 0, 0, 0
9349, 460, 0, 0, 0
9449, 490, 0, 0, 0
9549, 470, 0, 0, 0
9649, 450, 0, 0, 0
9749, 450, 0, 0, 0
9850, 450, 0, 0, 0
9950, 470, 0, 0, 0
10050, 470, 0, 0, 0
10150, 480, 0, 0, 0
10249, 484, 0, 0, 0
10349, 460, 0, 0, 0
10449, 490, 0, 0, 0
10549, 450, 0, 0, 0
10649, 490, 0, 0, 0
10749, 500, 0, 0, 0
10849, 470, 0, 0, 0
10949, 510, 0, 0, 0
11050, 500, 0, 0, 0
11150, 460, 0, 0, 0
11249, 474, 0, 0, 0
11349, 470, 0, 0, 0
11449, 460, 0, 0, 0
11549, 420, 0, 0, 0
11649, 460, 0, 0, 0
11749, 470, 0, 0, 0
11849, 500, 0, 0, 0
11949, 500, 0, 0, 0
12049, 450, 0, 0, 0
12149, 460, 0, 0, 0
12250, 470, 0, 0, 0
12350, 480, 0, 0, 0
12450, 420, 0, 0, 0
12550, 470, 0, 0, 0
12650, 490, 0, 0, 0
12749, 474, 0, 0, 0
12849, 470, 0, 0, 0
12949, 440, 0, 0, 0
13049, 470, 0, 0, 0
13149, 480, 0, 0, 0
13249, 470, 0, 0, 0
13349, 470, 0, 0, 0
13449, 460, 0, 0, 0
13550, 480, 0, 0, 0
13650, 500, 0, 0, 0
13749, 464, 0, 0, 0
13849, 410, 0, 0, 0
13949, 470, 0, 0, 0
14049, 500, 0, 0, 0
14149, 470, 0, 0, 0
14249, 490, 0, 0, 0
14349, 440, 0, 0, 0
14449, 450, 0, 0, 0
14549, 450, 0, 0, 0
14649, 470, 0, 0, 0
14749, 430, 0, 0, 0
14849, 440, 0, 0, 0
14949, 460, 0, 0, 0
15050, 460, 0, 0, 0
15150, 480, 0, 0, 0
15249, 464, 0, 0, 0
15349, 490, 0, 0, 0
15449, 500, 0, 0, 0
15549, 420, 0, 0, 0
15649, 470, 0, 0, 0
15749, 460, 0, 0, 0
15849, 400, 0, 0, 0
15949, 490, 0, 0, 0
16049, 470, 0, 0, 0
16149, 440, 0, 0, 0
16249, 430, 0, 0, 0
16350, 470, 0, 0, 0
16450, 440, 0, 0, 0
16550, 470, 0, 0, 0
16650, 460, 0, 0, 0
16749, 494, 0, 0, 0
16849, 450, 0, 0, 0
16949, 470, 0, 0, 0
17049, 460, 0, 0, 0
17149, 490, 0, 0, 0
17249, 470, 0, 0, 0
17349, 460, 0, 0, 0
17449, 450, 0, 0, 0
17550, 450, 0, 0, 0
17650, 480, 0, 0, 0
17749, 474, 0, 0, 0
17849, 440, 0, 0, 0
17949, 480, 0, 0, 0
18049, 460, 0, 0, 0
18149, 460, 0, 0, 0
18249, 460, 0, 0, 0
18349, 480, 0, 0, 0
18449, 460, 0, 0, 0
18549, 470, 0, 0, 0
18649, 470, 0, 0, 0
18750, 470, 0, 0, 0
18850, 520, 0, 0, 0
18950, 450, 0, 0, 0
19050, 450, 0, 0, 0
19150, 490, 0, 0, 0
19249, 474, 0, 0, 0
19349, 450, 0, 0, 0
19449, 440, 0, 0, 0
19549, 460, 0, 0, 0
19649, 460, 0, 0, 0
19749, 480, 0, 0, 0
19849, 470, 0, 0, 0
19949, 460, 0, 0, 0
20049, 470, 0, 0, 0
20150, 460, 0, 0, 0
20249, 484, 0, 0, 0
20349, 450, 0, 0, 0
20449, 470, 0, 0, 0
20549, 470, 0, 0, 0
20649, 440, 0, 0, 0
20749, 490, 0, 0, 0
20849, 440, 0, 0, 0
20949, 500, 0, 0, 0
21049, 480, 0, 0, 0
21149, 480, 0, 0, 0
21249, 470, 0, 0, 0
21349, 490, 0, 0, 0
21449, 480, 0, 0, 0
21550, 470, 0, 0, 0
21650, 480, 0, 0, 0
21749, 444, 0, 0, 0
21849, 490, 0, 0, 0
21949, 460, 0, 0, 0
22049, 470, 0, 0, 0
22149, 460, 0, 0, 0
22249, 440, 0, 0, 0
22349, 430, 0, 0, 0
22449, 520, 0, 0, 0
22549, 510, 0, 0, 0
22649, 480, 0, 0, 0
22749, 460, 0, 0, 0
22849, 450, 0, 0, 0
22950, 450, 0, 0, 0
23050, 480, 0, 0, 0
23150, 450, 0, 0, 0
23249, 515, 0, 0, 0
23349, 460, 0, 0, 0
23449, 470, 0, 0, 0
23549, 470, 0, 0, 0
23649, 460, 0, 0, 0
23749, 490, 0, 0, 0
23849, 480, 0, 0, 0
23949, 490, 0, 0, 0
24049, 450, 0, 0, 0
24149, 450, 0, 0, 0
24250, 500, 0, 0, 0
24350, 480, 0, 0, 0
24450, 480, 0, 0, 0
24550, 480, 0, 0, 0
24650, 460, 0, 0, 0
24749, 464, 0, 0, 0
24849, 450, 0, 0, 0
24949, 490, 0, 0, 0
25049, 480, 0, 0, 0
25149, 450, 0, 0, 0
25249, 450, 0, 0, 0
25349, 480, 0, 0, 0
25449, 470, 0, 0, 0
25550, 470, 0, 0, 0
25650, 490, 0, 0, 0
25749, 464, 0, 0, 0
25849, 460, 0, 0, 0
25949, 530, 0, 0, 0
26049, 460, 0, 0, 0
26149, 500, 0, 0, 0
26249, 470, 0, 0, 0
26349, 490, 0, 0, 0
26449, 460, 0, 0, 0
26549, 440, 0, 0, 0
26649, 450, 0, 0, 0
26749, 460, 0, 0, 0
26850, 510, 0, 0, 0
26950, 450, 0, 0, 0
27050, 460, 0, 0, 0
27150, 480, 0, 0, 0
27249, 494, 0, 0, 0
27349, 460, 0, 0, 0
27449, 500, 0, 0, 0
27549, 440, 0, 0, 0
27649, 450, 0, 0, 0
27749, 460, 0, 0, 0
27849, 480, 0, 0, 0
27949, 460, 0, 0, 0
28049, 450, 0, 0, 0
28149, 430, 0, 0, 0
28250, 460, 0, 0, 0
28350, 490, 0, 0, 0
28450, 460, 0, 0, 0
28550, 450, 0, 0, 0
28650, 460, 0, 0, 0
28749, 444, 0, 0, 0
28849, 450, 0, 0, 0
28949, 440, 0, 0, 0
29049, 490, 0, 0, 0
29149, 490, 0, 0, 0
29249, 470, 0, 0, 0
29349, 470, 0, 0, 0
29449, 480, 0, 0, 0
29550, 470, 0, 0, 0
29650, 470, 0, 0, 0
29749, 474, 0, 0, 0
29849, 440, 0, 0, 0
29949, 470, 0, 0, 0
30049, 440, 0, 0, 0
30149, 470, 0, 0, 0
30249, 480, 0, 0, 0
30349, 470, 0, 0, 0
30449, 450, 0, 0, 0
30549, 470, 0, 0, 0
30649, 480, 0, 0, 0
30749, 450, 0, 0, 0
30850, 470, 0, 0, 0
30950, 480, 0, 0, 0
31050, 480, 0, 0, 0
31150, 460, 0, 0, 0
31249, 454, 0, 0, 0
31349, 490, 0, 0, 0
31449, 490, 0, 0, 0
31549, 480, 0, 0, 0
31649, 480, 0, 0, 0
31749, 450, 0, 0, 0
31849, 510, 0, 0, 0
31949, 470, 0, 0, 0
32049, 510, 0, 0, 0
32150, 500, 0, 0, 0
32249, 464, 0, 0, 0
32349, 490, 0, 0, 0
32449, 490, 0, 0, 0
32549, 480, 0, 0, 0
32649, 520, 0, 0, 0
32749, 500, 0, 0, 0
32849, 470, 0, 0, 0
32949, 470, 0, 0, 0
33049, 470, 0, 0, 0
33149, 510, 0, 0, 0
33249, 510, 0, 0, 0
33350, 460, 0, 0, 0
33450, 480, 0, 0, 0
33550, 450, 0, 0, 0
33650, 440, 0, 0, 0
33749, 464, 0, 0, 0
33849, 500, 0, 0, 0
33949, 460, 0, 0, 0
34049, 450, 0, 0, 0
34149, 460, 0, 0, 0
34249, 470, 0, 0, 0
34349, 480, 0, 0, 0
34449, 480, 0, 0, 0
34549, 460, 0, 0, 0
34649, 480, 0, 0, 0
34749, 460, 0, 0, 0
34850, 450, 0, 0, 0
34950, 470, 0, 0, 0
35050, 500, 0, 0, 0
35150, 460, 0, 0, 0
35249, 464, 0, 0, 0
35349, 460, 0, 0, 0
35449, 460, 0, 0, 0
35549, 480, 0, 0, 0
35649, 470, 0, 0, 0
35749, 480, 0, 0, 0
35849, 460, 0, 0, 0
35949, 460, 0, 0, 0
36049, 470, 0, 0, 0
36149, 480, 0, 0, 0
36250, 480, 0, 0, 0
36350, 530, 0, 0, 0
36450, 480, 0, 0, 0
36550, 490, 0, 0, 0
36650, 460, 0, 0, 0
36749, 454, 0, 0, 0
36849, 480, 0, 0, 0
36949, 460, 0, 0, 0
37049, 470, 0, 0, 0
37149, 480, 0, 0, 0
37249, 460, 0, 0, 0
37349, 440, 0, 0, 0
37449, 460, 0, 0, 0
37549, 470, 0, 0, 0
37649, 440, 0, 0, 0
37750, 450, 0, 0, 0
37850, 450, 0, 0, 0
37950, 480, 0, 0, 0
38050, 430, 0, 0, 0
38150, 450, 0, 0, 0
38249, 454, 0, 0, 0
38349, 480, 0, 0, 0
38449, 480, 0, 0, 0
38549, 470, 0, 0, 0
38649, 440, 0, 0, 0
38750, 460, 0, 0, 0
38850, 480, 0, 0, 0
38950, 440, 0, 0, 0
39050, 460, 0, 0, 0
39150, 470, 0, 0, 0
39249, 454, 0, 0, 0
39349, 470, 0, 0, 0
39449, 480, 0, 0, 0
39549, 500, 0, 0, 0
39649, 440, 0, 0, 0
39749, 470, 0, 0, 0
39849, 480, 0, 0, 0
39949, 470, 0, 0, 0
40050, 500, 0, 0, 0
40150, 500, 0, 0, 0
40249, 494, 0, 0, 0
40349, 480, 0, 0, 0
40449, 460, 0, 0, 0
40549, 460, 0, 0, 0
40649, 490, 0, 0, 0
40749, 470, 0, 0, 0
40849, 480, 0, 0, 0
40949, 490, 0, 0, 0
41049, 460, 0, 0, 0
41149, 460, 0, 0, 0
41250, 460, 0, 0, 0
41350, 470, 0, 0, 0
41450, 470, 0, 0, 0
41550, 480, 0, 0, 0
41650, 450, 0, 0, 0
41749, 464, 0, 0, 0
41849, 460, 0, 0, 0
41949, 460, 0, 0, 0
42049, 500, 0, 0, 0
42149, 480, 0, 0, 0
42249, 470, 0, 0, 0
42349, 460, 0, 0, 0
42450, 470, 0, 0, 0
42550, 470, 0, 0, 0
42650, 440, 0, 0, 0
42749, 474, 0, 0, 0
42849, 470, 0, 0, 0
42949, 450, 0, 0, 0
43049, 460, 0, 0, 0
43149, 460, 0, 0, 0
43249, 440, 0, 0, 0
43349, 470, 0, 0, 0
43449, 460, 0, 0, 0
43549, 410, 0, 0, 0
43650, 450, 0, 0, 0
43749, 444, 0, 0, 0
43849, 450, 0, 0, 0
43949, 410, 0, 0, 0
44049, 440, 0, 0, 0
44149, 490, 0, 0, 0
44249, 470, 0, 0, 0
44349, 470, 0, 0, 0
44449, 470, 0, 0, 0
44549, 450, 0, 0, 0
44649, 450, 0, 0, 0
44749, 490, 0, 0, 0
44850, 440, 0, 0, 0
44950, 480, 0, 0, 0
45050, 490, 0, 0, 0
45150, 460, 0, 0, 0
45249, 454, 0, 0, 0
45349, 440, 0, 0, 0
45449, 510, 0, 0, 0
45549, 490, 0, 0, 0
45649, 480, 0, 0, 0
45749, 490, 0, 0, 0
45849, 480, 0, 0, 0
45949, 470, 0, 0, 0
46050, 480, 0, 0, 0
46150, 470, 0, 0, 0
46249, 454, 0, 0, 0
46349, 470, 0, 0, 0
46449, 470, 0, 0, 0
46549, 500, 0, 0, 0
46649, 500, 0, 0, 0
46749, 490, 0, 0, 0
46849, 500, 0, 0, 0
46949, 460, 0, 0, 0
47049, 460, 0, 0, 0
47150, 440, 0, 0, 0
47249, 525, 0, 0, 0
47349, 460, 0, 0, 0
47449, 470, 0, 0, 0
47549, 470, 0, 0, 0
47649, 470, 0, 0, 0
47749, 490, 0, 0, 0
47849, 460, 0, 0, 0
47949, 460, 0, 0, 0
48049, 440, 0, 0, 0
48149, 420, 0, 0, 0
48250, 480, 0, 0, 0
48350, 480, 0, 0, 0
48450, 480, 0, 0, 0
48550, 470, 0, 0, 0
48650, 460, 0, 0, 0
48749, 494, 0, 0, 0
48849, 460, 0, 0, 0
48949, 480, 0, 0, 0
49049, 500, 0, 0, 0
49149, 490, 0, 0, 0
49249, 480, 0, 0, 0
49349, 500, 0, 0, 0
49449, 480, 0, 0, 0
49550, 460, 0, 0, 0
49650, 460, 0, 0, 0
49749, 464, 0, 0, 0
49849, 470, 0, 0, 0
49949, 490, 0, 0, 0
50049, 460, 0, 0, 0
50149, 450, 0, 0, 0
50249, 470, 0, 0, 0
50349, 460, 0, 0, 0
50449, 470, 0, 0, 0
50549, 480, 0, 0, 0
50650, 500, 0, 0, 0
50749, 424, 0, 0, 0
50849, 460, 0, 0, 0
50949, 450, 0, 0, 0
51049, 470, 0, 0, 0
51149, 490, 0, 0, 0
51249, 450, 0, 0, 0
51349, 470, 0, 0, 0
51449, 460, 0, 0, 0
51549, 470, 0, 0, 0
51649, 450, 0, 0, 0
51749, 500, 0, 0, 0
51850, 450, 0, 0, 0
51950, 470, 0, 0, 0
52050, 520, 0, 0, 0
52150, 470, 0, 0, 0
52249, 484, 0, 0, 0
52349, 470, 0, 0, 0
52449, 440, 0, 0, 0
52549, 450, 0, 0, 0
52649, 450, 0, 0, 0
52749, 490, 0, 0, 0
52849, 460, 0, 0, 0
52949, 470, 0, 0, 0
53050, 460, 0, 0, 0
53150, 550, 0, 0, 0
53249, 525, 0, 0, 0
53349, 470, 0, 0, 0
53449, 480, 0, 0, 0
53549, 490, 0, 0, 0
53649, 460, 0, 0, 0
53749, 500, 0, 0, 0
53849, 480, 0, 0, 0
53949, 450, 0, 0, 0
54049, 440, 0, 0, 0
54149, 520, 0, 0, 0
54249, 470, 0, 0, 0
54350, 460, 0, 0, 0
54450, 460, 0, 0, 0
54550, 480, 0, 0, 0
54650, 470, 0, 0, 0
54749, 444, 0, 0, 0
54849, 480, 0, 0, 0
54949, 510, 0, 0, 0
55049, 510, 0, 0, 0
55149, 480, 0, 0, 0
55249, 470, 0, 0, 0
55349, 480, 0, 0, 0
55449, 460, 0, 0, 0
55550, 460, 0, 0, 0
55650, 480, 0, 0, 0
55749, 434, 0, 0, 0
55849, 490, 0, 0, 0
55949, 470, 0, 0, 0
56049, 460, 0, 0, 0
56149, 430, 0, 0, 0
56249, 470, 0, 0, 0
56349, 470, 0, 0, 0
56449, 460, 0, 0, 0
56549, 470, 0, 0, 0
56649, 460, 0, 0, 0
56750, 470, 0, 0, 0
56850, 490, 0, 0, 0
56950, 470, 0, 0, 0
57050, 460, 0, 0, 0
57150, 460, 0, 0, 0
57249, 444, 0, 0, 0
57349, 510, 0, 0, 0
57449, 490, 0, 0, 0
57549, 460, 0, 0, 0
57649, 480, 0, 0, 0
57749, 510, 0, 0, 0
57849, 460, 0, 0, 0
57949, 460, 0, 0, 0
58050, 480, 0, 0, 0
58150, 520, 0, 0, 0
58249, 484, 0, 0, 0
58349, 460, 0, 0, 0
58449, 440, 0, 0, 0
58549, 520, 0, 0, 0
58649, 460, 0, 0, 0
58749, 470, 0, 0, 0
58849, 470, 0, 0, 0
58949, 460, 0, 0, 0
59049, 440, 0, 0, 0
59149, 460, 0, 0, 0
59250, 450, 0, 0, 0
59350, 500, 0, 0, 0
59450, 470, 0, 0, 0
59550, 500, 0, 0, 0
59650, 450, 0, 0, 0
59749, 464, 0, 0, 0
59849, 470, 0, 0, 0
59949, 500, 0, 0, 0
