106, 5303681, 0, 0, 0
209, 4493515, 0, 0, 0
301, 4388200, 0, 0, 0
401, 5866022, 0, 0, 0
503, 6387930, 0, 0, 0
613, 5488112, 0, 0, 0
705, 5367775, 0, 0, 0
804, 5817067, 0, 0, 0
908, 6966148, 0, 0, 0
1001, 5464485, 0, 0, 0
1101, 5868364, 0, 0, 0
1201, 6287589, 0, 0, 0
1307, 5881151, 0, 0, 0
1409, 6337460, 0, 0, 0
1502, 6224248, 0, 0, 0
1600, 6109842, 0, 0, 0
1705, 7016592, 0, 0, 0
1808, 8588594, 0, 0, 0
1909, 5558606, 0, 0, 0
2011, 6386455, 0, 0, 0
2101, 4770862, 0, 0, 0
2202, 5041185, 0, 0, 0
2300, 5132654, 0, 0, 0
2402, 4272969, 0, 0, 0
2504, 4230999, 0, 0, 0
2605, 6276451, 0, 0, 0
2703, 6581889, 0, 0, 0
2802, 4676976, 0, 0, 0
2906, 5490386, 0, 0, 0
3005, 4953727, 0, 0, 0
3109, 6474498, 0, 0, 0
3202, 4912598, 0, 0, 0
3303, 6328107, 0, 0, 0
3411, 6351461, 0, 0, 0
3503, 7603559, 0, 0, 0
3600, 7445480, 0, 0, 0
3704, 5776122, 0, 0, 0
3802, 6162170, 0, 0, 0
3905, 6072684, 0, 0, 0
4000, 5530109, 0, 0, 0
4111, 5556580, 0, 0, 0
4208, 5707805, 0, 0, 0
4300, 4867957, 0, 0, 0
4400, 5267555, 0, 0, 0
4508, 4872396, 0, 0, 0
4618, 6859276, 0, 0, 0
4704, 5081680, 0, 0, 0
4800, 5975110, 0, 0, 0
4903, 4927890, 0, 0, 0
5000, 4814443, 0, 0, 0
5103, 4306717, 0, 0, 0
5201, 4655051, 0, 0, 0
5300, 6226243, 0, 0, 0
5406, 5851036, 0, 0, 0
5504, 4671188, 0, 0, 0
5607, 6840416, 0, 0, 0
5721, 8150856, 0, 0, 0
5802, 5818202, 0, 0, 0
5902, 3834973, 0, 0, 0
6001, 5830205, 0, 0, 0
6105, 5770444, 0, 0, 0
6201, 5653606, 0, 0, 0
6306, 6557828, 0, 0, 0
6401, 5239534, 0, 0, 0
6504, 5179134, 0, 0, 0
6612, 6304727, 0, 0, 0
6701, 6398183, 0, 0, 0
6803, 5363249, 0, 0, 0
6903, 4967224, 0, 0, 0
7005, 6006770, 0, 0, 0
7104, 6642767, 0, 0, 0
7206, 5655274, 0, 0, 0
7300, 5890870, 0, 0, 0
7404, 7922375, 0, 0, 0
7502, 5766499, 0, 0, 0
7606, 4985051, 0, 0, 0
7706, 7656605, 0, 0, 0
7803, 4612689, 0, 0, 0
7912, 6410119, 0, 0, 0
8000, 6276283, 0, 0, 0
8102, 4654579, 0, 0, 0
8205, 7348561, 0, 0, 0
8302, 6043699, 0, 0, 0
8400, 4926686, 0, 0, 0
8504, 4507147, 0, 0, 0
8604, 5234626, 0, 0, 0
8704, 5584042, 0, 0, 0
8800, 7375639, 0, 0, 0
8901, 6713741, 0, 0, 0
9001, 6233791, 0, 0, 0
9103, 6840827, 0, 0, 0
9204, 4177059, 0, 0, 0
9308, 6967527, 0, 0, 0
9405, 4815031, 0, 0, 0
9507, 4875245, 0, 0, 0
9605, 6121886, 0, 0, 0
9700, 4535150, 0, 0, 0
9805, 4182044, 0, 0, 0
9901, 6008728, 0, 0, 0
10007, 5850061, 0, 0, 0
10101, 6280372, 0, 0, 0
10204, 6039753, 0, 0, 0
10300, 6454445, 0, 0, 0
10403, 6840824, 0, 0, 0
10508, 5847357, 0, 0, 0
10600, 6089675, 0, 0, 0
10703, 6428026, 0, 0, 0
10813, 6877910, 0, 0, 0
10905, 6562303, 0, 0, 0
11003, 5808336, 0, 0, 0
11107, 4726079, 0, 0, 0
11209, 5051840, 0, 0, 0
11302, 7778158, 0, 0, 0
11404, 5652670, 0, 0, 0
11504, 7148243, 0, 0, 0
11600, 6395302, 0, 0, 0
11708, 6735072, 0, 0, 0
11821, 8118766, 0, 0, 0
11900, 5606957, 0, 0, 0
12008, 5698129, 0, 0, 0
12100, 5413683, 0, 0, 0
12204, 5203826, 0, 0, 0
12303, 5787556, 0, 0, 0
12410, 5355192, 0, 0, 0
12501, 4791257, 0, 0, 0
12607, 3786906, 0, 0, 0
12700, 6187071, 0, 0, 0
12802, 5665932, 0, 0, 0
12901, 4319278, 0, 0, 0
13003, 5995217, 0, 0, 0
13107, 5739912, 0, 0, 0
13202, 7361431, 0, 0, 0
13303, 5029093, 0, 0, 0
13415, 5094535, 0, 0, 0
13502, 5090729, 0, 0, 0
13601, 7079000, 0, 0, 0
13700, 5805152, 0, 0, 0
13801, 5634224, 0, 0, 0
13900, 6558180, 0, 0, 0
14003, 5728754, 0, 0, 0
14102, 5813233, 0, 0, 0
14201, 5256098, 0, 0, 0
14306, 6542433, 0, 0, 0
14403, 6922872, 0, 0, 0
14502, 4956239, 0, 0, 0
14607, 6149422, 0, 0, 0
14701, 5520862, 0, 0, 0
14802, 5044169, 0, 0, 0
14903, 6325127, 0, 0, 0
15003, 4995268, 0, 0, 0
15108, 8100493, 0, 0, 0
15203, 5248151, 0, 0, 0
15309, 5306277, 0, 0, 0
15404, 5290010, 0, 0, 0
15500, 6849630, 0, 0, 0
15604, 6886704, 0, 0, 0
15702, 5175394, 0, 0, 0
15809, 6305523, 0, 0, 0
15904, 3942467, 0, 0, 0
16001, 6099068, 0, 0, 0
16105, 6465582, 0, 0, 0
16209, 6109574, 0, 0, 0
16311, 6016105, 0, 0, 0
16402, 4753788, 0, 0, 0
16508, 6654712, 0, 0, 0
16606, 6511296, 0, 0, 0
16705, 8241781, 0, 0, 0
16802, 7509295, 0, 0, 0
16902, 5253991, 0, 0, 0
17001, 5206302, 0, 0, 0
17101, 4750472, 0, 0, 0
17201, 3840160, 0, 0, 0
17305, 6148650, 0, 0, 0
17403, 5121060, 0, 0, 0
17512, 5178879, 0, 0, 0
17605, 5830320, 0, 0, 0
17704, 4730342, 0, 0, 0
17804, 7663154, 0, 0, 0
17904, 7652367, 0, 0, 0
18006, 5122688, 0, 0, 0
18106, 5257673, 0, 0, 0
18213, 5338148, 0, 0, 0
18300, 5123044, 0, 0, 0
18401, 4833559, 0, 0, 0
18500, 5196477, 0, 0, 0
18601, 5037123, 0, 0, 0
18706, 6182168, 0, 0, 0
18801, 6344162, 0, 0, 0
18905, 5460280, 0, 0, 0
19001, 5656501, 0, 0, 0
19103, 4823790, 0, 0, 0
19201, 5486050, 0, 0, 0
19310, 7237330, 0, 0, 0
19402, 4616097, 0, 0, 0
19511, 6020335, 0, 0, 0
19611, 5864686, 0, 0, 0
19701, 5286376, 0, 0, 0
19816, 6096648, 0, 0, 0
19905, 4415223, 0, 0, 0
20008, 9339178, 0, 0, 0
20100, 5463206, 0, 0, 0
20203, 6841636, 0, 0, 0
20302, 4683374, 0, 0, 0
20413, 4138892, 0, 0, 0
20500, 6166065, 0, 0, 0
20602, 5100762, 0, 0, 0
20706, 8040300, 0, 0, 0
20804, 8165003, 0, 0, 0
20903, 6188138, 0, 0, 0
21007, 5154352, 0, 0, 0
21103, 6918040, 0, 0, 0
21200, 8008176, 0, 0, 0
21307, 5345903, 0, 0, 0
21400, 7741459, 0, 0, 0
21516, 6487816, 0, 0, 0
21605, 5218277, 0, 0, 0
21709, 6122908, 0, 0, 0
21800, 6938317, 0, 0, 0
21906, 7081318, 0, 0, 0
22000, 6701645, 0, 0, 0
22103, 12899866, 0, 0, 0
22205, 7304665, 0, 0, 0
22304, 6161044, 0, 0, 0
22403, 9880830, 0, 0, 0
22503, 5294790, 0, 0, 0
22602, 6610217, 0, 0, 0
22702, 7669667, 0, 0, 0
22804, 5985789, 0, 0, 0
22908, 6939997, 0, 0, 0
23003, 5553199, 0, 0, 0
23103, 5549208, 0, 0, 0
23207, 5492784, 0, 0, 0
23307, 7716642, 0, 0, 0
23405, 6950486, 0, 0, 0
23501, 6416009, 0, 0, 0
23600, 8282869, 0, 0, 0
23705, 5830422, 0, 0, 0
23810, 7501524, 0, 0, 0
23900, 6896514, 0, 0, 0
24001, 7170239, 0, 0, 0
24104, 4906496, 0, 0, 0
24210, 6619472, 0, 0, 0
24309, 5860488, 0, 0, 0
24409, 6664969, 0, 0, 0
24500, 5066603, 0, 0, 0
24602, 5069504, 0, 0, 0
24701, 6579450, 0, 0, 0
24802, 6360427, 0, 0, 0
24906, 7963429, 0, 0, 0
25000, 6731220, 0, 0, 0
25102, 5977968, 0, 0, 0
25201, 4944965, 0, 0, 0
25300, 7109414, 0, 0, 0
25406, 8081072, 0, 0, 0
25507, 7209275, 0, 0, 0
25604, 7459116, 0, 0, 0
25708, 6936014, 0, 0, 0
25800, 5454833, 0, 0, 0
25905, 5494682, 0, 0, 0
26002, 7432066, 0, 0, 0
26104, 5696229, 0, 0, 0
26204, 6235498, 0, 0, 0
26308, 4516267, 0, 0, 0
26404, 8770276, 0, 0, 0
26502, 5142263, 0, 0, 0
26603, 5938850, 0, 0, 0
26701, 7561276, 0, 0, 0
26810, 9831281, 0, 0, 0
26904, 5253640, 0, 0, 0
27006, 5081588, 0, 0, 0
27104, 5787365, 0, 0, 0
27200, 6347893, 0, 0, 0
27303, 6440238, 0, 0, 0
27416, 7100737, 0, 0, 0
27503, 5064118, 0, 0, 0
27601, 5810478, 0, 0, 0
27703, 6362010, 0, 0, 0
27805, 6797348, 0, 0, 0
27902, 6045885, 0, 0, 0
28003, 6321820, 0, 0, 0
28101, 7521908, 0, 0, 0
28206, 7488797, 0, 0, 0
28304, 5448342, 0, 0, 0
28407, 8582559, 0, 0, 0
28509, 6776082, 0, 0, 0
28608, 6192456, 0, 0, 0
28706, 7557498, 0, 0, 0
28800, 5183952, 0, 0, 0
28906, 10615815, 0, 0, 0
29006, 5913908, 0, 0, 0
29104, 6095077, 0, 0, 0
29204, 8375730, 0, 0, 0
29302, 6075792, 0, 0, 0
29409, 6719514, 0, 0, 0
29507, 7512232, 0, 0, 0
29601, 6236565, 0, 0, 0
29704, 6435105, 0, 0, 0
29803, 4991711, 0, 0, 0
29907, 6456603, 0, 0, 0
30000, 5168353, 0, 0, 0
30100, 5542914, 0, 0, 0
30207, 7157317, 0, 0, 0
30305, 6967865, 0, 0, 0
30400, 4763454, 0, 0, 0
30503, 5398974, 0, 0, 0
30600, 7515470, 0, 0, 0
30702, 6777235, 0, 0, 0
30816, 5699830, 0, 0, 0
30910, 5840784, 0, 0, 0
31004, 6745084, 0, 0, 0
31107, 5717995, 0, 0, 0
31201, 7206515, 0, 0, 0
31302, 6302843, 0, 0, 0
31407, 6212716, 0, 0, 0
31506, 6180851, 0, 0, 0
31600, 5848851, 0, 0, 0
31702, 6767173, 0, 0, 0
31803, 7807698, 0, 0, 0
31901, 5432694, 0, 0, 0
32009, 6371898, 0, 0, 0
32102, 6151050, 0, 0, 0
32211, 6453573, 0, 0, 0
32308, 6872623, 0, 0, 0
32401, 6213172, 0, 0, 0
32500, 6166959, 0, 0, 0
32601, 7770325, 0, 0, 0
32706, 6998193, 0, 0, 0
32802, 4797172, 0, 0, 0
32904, 6008083, 0, 0, 0
33001, 5362201, 0, 0, 0
33111, 7365811, 0, 0, 0
33210, 8242896, 0, 0, 0
33302, 5750672, 0, 0, 0
33402, 6230017, 0, 0, 0
33500, 6108808, 0, 0, 0
33612, 6588749, 0, 0, 0
33700, 5492519, 0, 0, 0
33804, 5484048, 0, 0, 0
33901, 6436761, 0, 0, 0
34004, 6087896, 0, 0, 0
34101, 5112835, 0, 0, 0
34202, 10055456, 0, 0, 0
34306, 6483796, 0, 0, 0
34401, 7905300, 0, 0, 0
34505, 7479890, 0, 0, 0
34607, 6795553, 0, 0, 0
34702, 4135155, 0, 0, 0
34801, 4475209, 0, 0, 0
34907, 6597758, 0, 0, 0
35004, 7459481, 0, 0, 0
35101, 5717945, 0, 0, 0
35209, 7198884, 0, 0, 0
35307, 5466405, 0, 0, 0
35403, 5319685, 0, 0, 0
35501, 6083871, 0, 0, 0
35600, 6191509, 0, 0, 0
35712, 7993916, 0, 0, 0
35808, 8732116, 0, 0, 0
35900, 8344722, 0, 0, 0
36004, 6978319, 0, 0, 0
36102, 6074771, 0, 0, 0
36203, 6755524, 0, 0, 0
36308, 6151050, 0, 0, 0
36405, 6921554, 0, 0, 0
36508, 6095443, 0, 0, 0
36604, 5335544, 0, 0, 0
36701, 6918808, 0, 0, 0
36802, 6270151, 0, 0, 0
36901, 6220086, 0, 0, 0
37004, 6444273, 0, 0, 0
37102, 5737166, 0, 0, 0
37206, 7996700, 0, 0, 0
37305, 7047803, 0, 0, 0
37403, 5465829, 0, 0, 0
37506, 6891979, 0, 0, 0
37603, 5649943, 0, 0, 0
37702, 4316322, 0, 0, 0
37806, 5782855, 0, 0, 0
37901, 6776752, 0, 0, 0
38002, 6700884, 0, 0, 0
38101, 6188670, 0, 0, 0
38203, 6801244, 0, 0, 0
38311, 5998913, 0, 0, 0
38402, 6534364, 0, 0, 0
38503, 7211369, 0, 0, 0
38609, 7061619, 0, 0, 0
38703, 6703953, 0, 0, 0
38802, 6172197, 0, 0, 0
38903, 6308964, 0, 0, 0
39000, 6096923, 0, 0, 0
39103, 7335703, 0, 0, 0
39208, 5500280, 0, 0, 0
39301, 4658088, 0, 0, 0
39407, 5898407, 0, 0, 0
39502, 6292521, 0, 0, 0
39604, 7291472, 0, 0, 0
39703, 6588667, 0, 0, 0
39809, 7113912, 0, 0, 0
39900, 8261691, 0, 0, 0
40011, 8493134, 0, 0, 0
40101, 5289620, 0, 0, 0
40204, 6472759, 0, 0, 0
40302, 5742304, 0, 0, 0
40404, 5124700, 0, 0, 0
40504, 5867037, 0, 0, 0
40604, 5265897, 0, 0, 0
40711, 8854218, 0, 0, 0
40805, 6757631, 0, 0, 0
40902, 5685905, 0, 0, 0
41008, 5566088, 0, 0, 0
41102, 7213896, 0, 0, 0
41201, 9021217, 0, 0, 0
41302, 7191669, 0, 0, 0
41402, 6289427, 0, 0, 0
41503, 5034141, 0, 0, 0
41608, 6528127, 0, 0, 0
41700, 7074850, 0, 0, 0
41802, 7339577, 0, 0, 0
41909, 5915710, 0, 0, 0
42004, 5934485, 0, 0, 0
42103, 5844066, 0, 0, 0
42202, 4692527, 0, 0, 0
42306, 5782986, 0, 0, 0
42402, 6392292, 0, 0, 0
42507, 5529395, 0, 0, 0
42601, 6255689, 0, 0, 0
42700, 7049493, 0, 0, 0
42801, 6304807, 0, 0, 0
42902, 7244690, 0, 0, 0
43002, 6628338, 0, 0, 0
43102, 7707124, 0, 0, 0
43203, 6335104, 0, 0, 0
43301, 5721690, 0, 0, 0
43406, 6586802, 0, 0, 0
43501, 6326097, 0, 0, 0
43601, 5533018, 0, 0, 0
43703, 7861420, 0, 0, 0
43800, 4417213, 0, 0, 0
43902, 6373931, 0, 0, 0
44003, 7738745, 0, 0, 0
44103, 6669695, 0, 0, 0
44205, 7298895, 0, 0, 0
44300, 7931224, 0, 0, 0
44407, 7133867, 0, 0, 0
44502, 6329882, 0, 0, 0
44614, 7989319, 0, 0, 0
44709, 6320133, 0, 0, 0
44806, 7404196, 0, 0, 0
44904, 7057720, 0, 0, 0
45004, 5522530, 0, 0, 0
45109, 6549439, 0, 0, 0
45204, 6352591, 0, 0, 0
45301, 7423868, 0, 0, 0
45401, 7754926, 0, 0, 0
45500, 6581737, 0, 0, 0
45600, 6244738, 0, 0, 0
45701, 5580885, 0, 0, 0
45800, 6211261, 0, 0, 0
45902, 6372798, 0, 0, 0
46011, 7730582, 0, 0, 0
46100, 6408625, 0, 0, 0
46208, 5691583, 0, 0, 0
46304, 5985558, 0, 0, 0
46400, 5997168, 0, 0, 0
46507, 6270541, 0, 0, 0
46605, 8930394, 0, 0, 0
46714, 6798674, 0, 0, 0
46802, 6252467, 0, 0, 0
46912, 6461650, 0, 0, 0
47008, 7430922, 0, 0, 0
47101, 7120578, 0, 0, 0
47203, 7294132, 0, 0, 0
47306, 7889025, 0, 0, 0
47403, 6527323, 0, 0, 0
47504, 6676085, 0, 0, 0
47600, 9652701, 0, 0, 0
47701, 8378878, 0, 0, 0
47800, 7049247, 0, 0, 0
47902, 7336914, 0, 0, 0
48003, 6711263, 0, 0, 0
48103, 5892119, 0, 0, 0
48203, 5883992, 0, 0, 0
48308, 7002397, 0, 0, 0
48412, 9378448, 0, 0, 0
48504, 7085389, 0, 0, 0
48601, 7478638, 0, 0, 0
48703, 6379587, 0, 0, 0
48801, 8914434, 0, 0, 0
48903, 7792140, 0, 0, 0
49000, 8806916, 0, 0, 0
49100, 7151237, 0, 0, 0
49203, 7396093, 0, 0, 0
49305, 7266581, 0, 0, 0
49406, 7227173, 0, 0, 0
49507, 7759048, 0, 0, 0
49604, 8748265, 0, 0, 0
49704, 6277930, 0, 0, 0
49808, 7442924, 0, 0, 0
49903, 6739921, 0, 0, 0
50015, 9384605, 0, 0, 0
50102, 6684463, 0, 0, 0
50203, 7210909, 0, 0, 0
50309, 7579160, 0, 0, 0
50403, 6710851, 0, 0, 0
50501, 5713163, 0, 0, 0
50600, 4988892, 0, 0, 0
50707, 6661155, 0, 0, 0
50802, 7283077, 0, 0, 0
50911, 7798657, 0, 0, 0
51003, 9184554, 0, 0, 0
51103, 6230347, 0, 0, 0
51207, 7478758, 0, 0, 0
51300, 6175242, 0, 0, 0
51400, 6634031, 0, 0, 0
51510, 6123236, 0, 0, 0
51602, 7645480, 0, 0, 0
51702, 7740550, 0, 0, 0
51802, 6657011, 0, 0, 0
51903, 6282729, 0, 0, 0
52003, 6684181, 0, 0, 0
52105, 7795464, 0, 0, 0
52207, 5714766, 0, 0, 0
52304, 5690806, 0, 0, 0
52411, 9674488, 0, 0, 0
52502, 8326505, 0, 0, 0
52601, 6153685, 0, 0, 0
52702, 6306950, 0, 0, 0
52808, 7600019, 0, 0, 0
52901, 6207160, 0, 0, 0
53005, 6482724, 0, 0, 0
53105, 6647627, 0, 0, 0
53207, 7269362, 0, 0, 0
53303, 7391571, 0, 0, 0
53408, 8043171, 0, 0, 0
53505, 8102305, 0, 0, 0
53600, 7961732, 0, 0, 0
53702, 7243402, 0, 0, 0
53805, 10312134, 0, 0, 0
53902, 6904614, 0, 0, 0
54012, 7316331, 0, 0, 0
54108, 7398239, 0, 0, 0
54200, 4409362, 0, 0, 0
54304, 6899124, 0, 0, 0
54405, 6700155, 0, 0, 0
54501, 8063134, 0, 0, 0
54600, 9008798, 0, 0, 0
54718, 7860586, 0, 0, 0
54800, 7456056, 0, 0, 0
54907, 6670357, 0, 0, 0
55003, 7939011, 0, 0, 0
55120, 7364697, 0, 0, 0
55201, 13361825, 0, 0, 0
55301, 8379824, 0, 0, 0
55403, 6786120, 0, 0, 0
55507, 7956192, 0, 0, 0
55601, 7268833, 0, 0, 0
55701, 5887137, 0, 0, 0
55806, 8056198, 0, 0, 0
55906, 6214449, 0, 0, 0
56000, 5916567, 0, 0, 0
56102, 8462393, 0, 0, 0
56212, 7838815, 0, 0, 0
56305, 7142961, 0, 0, 0
56404, 6197861, 0, 0, 0
56503, 5810139, 0, 0, 0
56604, 4807725, 0, 0, 0
56703, 5870787, 0, 0, 0
56800, 5688128, 0, 0, 0
56906, 7044317, 0, 0, 0
57010, 7969053, 0, 0, 0
57109, 7101855, 0, 0, 0
57201, 5736556, 0, 0, 0
57301, 6676741, 0, 0, 0
57407, 7035439, 0, 0, 0
57503, 8062839, 0, 0, 0
57603, 5856792, 0, 0, 0
57706, 6445465, 0, 0, 0
57803, 8750951, 0, 0, 0
57906, 6908903, 0, 0, 0
58010, 6937821, 0, 0, 0
58104, 7188314, 0, 0, 0
58201, 5088195, 0, 0, 0
58303, 5389045, 0, 0, 0
58405, 7261193, 0, 0, 0
58506, 7210915, 0, 0, 0
58601, 6799952, 0, 0, 0
58700, 8207376, 0, 0, 0
58804, 8743823, 0, 0, 0
58900, 8669768, 0, 0, 0
59005, 6565261, 0, 0, 0
59100, 6810863, 0, 0, 0
59200, 9058166, 0, 0, 0
59300, 6237506, 0, 0, 0
59401, 7219376, 0, 0, 0
59505, 7449747, 0, 0, 0
59605, 5843820, 0, 0, 0
59706, 5606669, 0, 0, 0
59805, 6635873, 0, 0, 0
59900, 7257690, 0, 0, 0
60003, 7975751, 0, 0, 0
