250, 936, 0, 0, 0
350, 1300, 0, 0, 0
450, 820, 0, 0, 0
550, 1080, 0, 0, 0
650, 900, 0, 0, 0
749, 1040, 0, 0, 0
849, 940, 0, 0, 0
949, 1090, 0, 0, 0
1049, 1020, 0, 0, 0
1149, 980, 0, 0, 0
1249, 970, 0, 0, 0
1349, 890, 0, 0, 0
1449, 1010, 0, 0, 0
1549, 1280, 0, 0, 0
1649, 980, 0, 0, 0
1749, 1140, 0, 0, 0
1849, 950, 0, 0, 0
1949, 1110, 0, 0, 0
2050, 950, 0, 0, 0
2150, 1310, 0, 0, 0
2249, 969, 0, 0, 0
2349, 1080, 0, 0, 0
2449, 950, 0, 0, 0
2549, 990, 0, 0, 0
2649, 940, 0, 0, 0
2749, 990, 0, 0, 0
2849, 830, 0, 0, 0
2949, 990, 0, 0, 0
3049, 970, 0, 0, 0
3149, 1140, 0, 0, 0
3249, 1030, 0, 0, 0
3349, 1080, 0, 0, 0
3449, 1010, 0, 0, 0
3549, 1070, 0, 0, 0
3649, 1040, 0, 0, 0
3750, 880, 0, 0, 0
3850, 970, 0, 0, 0
3950, 1160, 0, 0, 0
4050, 1220, 0, 0, 0
4150, 1140, 0, 0, 0
4249, 1080, 0, 0, 0
4349, 1110, 0, 0, 0
4449, 1160, 0, 0, 0
4549, 1140, 0, 0, 0
4649, 1090, 0, 0, 0
4749, 1080, 0, 0, 0
4849, 860, 0, 0, 0
4949, 960, 0, 0, 0
5049, 1150, 0, 0, 0
5149, 1220, 0, 0, 0
5249, 990, 0, 0, 0
5349, 970, 0, 0, 0
5449, 1170, 0, 0, 0
5550, 950, 0, 0, 0
5650, 880, 0, 0, 0
5749, 1070, 0, 0, 0
5849, 1130, 0, 0, 0
5949, 910, 0, 0, 0
6049, 990, 0, 0, 0
6149, 970, 0, 0, 0
6249, 1000, 0, 0, 0
6349, 930, 0, 0, 0
6449, 990, 0, 0, 0
6549, 1080, 0, 0, 0
6649, 1050, 0, 0, 0
6749, 1030, 0, 0, 0
6849, 940, 0, 0, 0
6949, 900, 0, 0, 0
7049, 1010, 0, 0, 0
7150, 1100, 0, 0, 0
7250, 900, 0, 0, 0
7350, 1110, 0, 0, 0
7450, 960, 0, 0, 0
7550, 950, 0, 0, 0
7650, 1220, 0, 0, 0
7749, 848, 0, 0, 0
7849, 1100, 0, 0, 0
7949, 780, 0, 0, 0
8049, 1080, 0, 0, 0
8149, 910, 0, 0, 0
8249, 1130, 0, 0, 0
8349, 1040, 0, 0, 0
8449, 1100, 0, 0, 0
8549, 900, 0, 0, 0
8649, 1120, 0, 0, 0
8750, 1150, 0, 0, 0
8850, 1080, 0, 0, 0
8950, 970, 0, 0, 0
9050, 1070, 0, 0, 0
9150, 930, 0, 0, 0
9249, 1000, 0, 0, 0
9349, 1230, 0, 0, 0
9449, 910, 0, 0, 0
9549, 1040, 0, 0, 0
9649, 940, 0, 0, 0
9749, 1030, 0, 0, 0
9849, 1040, 0, 0, 0
9949, 940, 0, 0, 0
10049, 880, 0, 0, 0
10149, 1070, 0, 0, 0
10249, 1050, 0, 0, 0
10349, 1020, 0, 0, 0
10449, 950, 0, 0, 0
10550, 900, 0, 0, 0
10650, 980, 0, 0, 0
10749, 1090, 0, 0, 0
10849, 1010, 0, 0, 0
10949, 1030, 0, 0, 0
11049, 1110, 0, 0, 0
11149, 1120, 0, 0, 0
11249, 1130, 0, 0, 0
11349, 940, 0, 0, 0
11449, 830, 0, 0, 0
11549, 940, 0, 0, 0
11649, 1060, 0, 0, 0
11749, 990, 0, 0, 0
11849, 1210, 0, 0, 0
11949, 950, 0, 0, 0
12049, 980, 0, 0, 0
12149, 1050, 0, 0, 0
12249, 970, 0, 0, 0
12349, 980, 0, 0, 0
12449, 890, 0, 0, 0
12550, 1070, 0, 0, 0
12650, 1060, 0, 0, 0
12749, 1020, 0, 0, 0
12849, 1190, 0, 0, 0
12949, 990, 0, 0, 0
13049, 1170, 0, 0, 0
13149, 980, 0, 0, 0
13249, 990, 0, 0, 0
13349, 980, 0, 0, 0
13449, 990, 0, 0, 0
13549, 980, 0, 0, 0
13649, 1070, 0, 0, 0
13749, 880, 0, 0, 0
13849, 950, 0, 0, 0
13949, 1040, 0, 0, 0
14049, 930, 0, 0, 0
14149, 1170, 0, 0, 0
14249, 1070, 0, 0, 0
14349, 1090, 0, 0, 0
14450, 970, 0, 0, 0
14550, 950, 0, 0, 0
14650, 930, 0, 0, 0
14749, 1050, 0, 0, 0
14849, 1140, 0, 0, 0
14949, 1080, 0, 0, 0
15049, 1190, 0, 0, 0
15149, 900, 0, 0, 0
15249, 1110, 0, 0, 0
15349, 840, 0, 0, 0
15449, 950, 0, 0, 0
15549, 910, 0, 0, 0
15649, 810, 0, 0, 0
15749, 1000, 0, 0, 0
15849, 990, 0, 0, 0
15949, 900, 0, 0, 0
16049, 980, 0, 0, 0
16149, 800, 0, 0, 0
16250, 1150, 0, 0, 0
16350, 1140, 0, 0, 0
16450, 1110, 0, 0, 0
16550, 920, 0, 0, 0
16650, 980, 0, 0, 0
16749, 1020, 0, 0, 0
16849, 750, 0, 0, 0
16949, 960, 0, 0, 0
17049, 1010, 0, 0, 0
17149, 970, 0, 0, 0
17249, 910, 0, 0, 0
17349, 1130, 0, 0, 0
17449, 1010, 0, 0, 0
17549, 900, 0, 0, 0
17649, 1080, 0, 0, 0
17749, 940, 0, 0, 0
17849, 1000, 0, 0, 0
17949, 890, 0, 0, 0
18050, 1050, 0, 0, 0
18150, 1060, 0, 0, 0
18249, 1060, 0, 0, 0
18349, 920, 0, 0, 0
18449, 860, 0, 0, 0
18549, 940, 0, 0, 0
18649, 1020, 0, 0, 0
18749, 960, 0, 0, 0
18849, 1050, 0, 0, 0
18949, 1000, 0, 0, 0
19049, 1130, 0, 0, 0
19149, 1020, 0, 0, 0
19249, 950, 0, 0, 0
19349, 1040, 0, 0, 0
19449, 1020, 0, 0, 0
19550, 920, 0, 0, 0
19650, 1040, 0, 0, 0
19749, 919, 0, 0, 0
19849, 960, 0, 0, 0
19949, 960, 0, 0, 0
20049, 1010, 0, 0, 0
20149, 940, 0, 0, 0
20249, 1060, 0, 0, 0
20349, 990, 0, 0, 0
20449, 1020, 0, 0, 0
20549, 780, 0, 0, 0
20649, 900, 0, 0, 0
20749, 900, 0, 0, 0
20849, 1030, 0, 0, 0
20949, 990, 0, 0, 0
21049, 980, 0, 0, 0
21149, 1070, 0, 0, 0
21250, 990, 0, 0, 0
21350, 1050, 0, 0, 0
21450, 1050, 0, 0, 0
21550, 1000, 0, 0, 0
21650, 980, 0, 0, 0
21749, 949, 0, 0, 0
21849, 1070, 0, 0, 0
21949, 1110, 0, 0, 0
22049, 1050, 0, 0, 0
22149, 1050, 0, 0, 0
22249, 960, 0, 0, 0
22349, 1020, 0, 0, 0
22449, 1020, 0, 0, 0
22549, 880, 0, 0, 0
22649, 840, 0, 0, 0
22749, 880, 0, 0, 0
22849, 980, 0, 0, 0
22950, 1030, 0, 0, 0
23050, 930, 0, 0, 0
23150, 910, 0, 0, 0
23249, 909, 0, 0, 0
23349, 1040, 0, 0, 0
23449, 940, 0, 0, 0
23549, 1340, 0, 0, 0
23649, 1000, 0, 0, 0
23749, 1090, 0, 0, 0
23849, 1010, 0, 0, 0
23949, 980, 0, 0, 0
24049, 1060, 0, 0, 0
24149, 880, 0, 0, 0
24249, 1010, 0, 0, 0
24349, 930, 0, 0, 0
24449, 1020, 0, 0, 0
24549, 1020, 0, 0, 0
24650, 890, 0, 0, 0
24749, 909, 0, 0, 0
24849, 980, 0, 0, 0
24949, 920, 0, 0, 0
25049, 950, 0, 0, 0
25149, 1080, 0, 0, 0
25249, 890, 0, 0, 0
25349, 960, 0, 0, 0
25449, 950, 0, 0, 0
25549, 990, 0, 0, 0
25649, 1000, 0, 0, 0
25749, 1060, 0, 0, 0
25849, 890, 0, 0, 0
25949, 1110, 0, 0, 0
26049, 1030, 0, 0, 0
26149, 1110, 0, 0, 0
26249, 940, 0, 0, 0
26349, 990, 0, 0, 0
26450, 860, 0, 0, 0
26550, 1040, 0, 0, 0
26650, 890, 0, 0, 0
26749, 838, 0, 0, 0
26849, 850, 0, 0, 0
26949, 1020, 0, 0, 0
27049, 900, 0, 0, 0
27149, 810, 0, 0, 0
27249, 1240, 0, 0, 0
27349, 810, 0, 0, 0
27449, 1070, 0, 0, 0
27549, 970, 0, 0, 0
27649, 930, 0, 0, 0
27749, 1110, 0, 0, 0
27849, 890, 0, 0, 0
27949, 1060, 0, 0, 0
28050, 880, 0, 0, 0
28150, 1130, 0, 0, 0
28249, 1050, 0, 0, 0
28349, 1170, 0, 0, 0
28449, 910, 0, 0, 0
28549, 1080, 0, 0, 0
28649, 1040, 0, 0, 0
28749, 980, 0, 0, 0
28849, 1050, 0, 0, 0
28949, 1210, 0, 0, 0
29049, 900, 0, 0, 0
29149, 950, 0, 0, 0
29249, 970, 0, 0, 0
29349, 870, 0, 0, 0
29449, 1010, 0, 0, 0
29549, 940, 0, 0, 0
29649, 990, 0, 0, 0
29750, 930, 0, 0, 0
29850, 950, 0, 0, 0
29950, 1070, 0, 0, 0
30050, 910, 0, 0, 0
30150, 970, 0, 0, 0
30249, 919, 0, 0, 0
30349, 860, 0, 0, 0
30449, 980, 0, 0, 0
30549, 850, 0, 0, 0
30649, 1030, 0, 0, 0
30749, 960, 0, 0, 0
30849, 1070, 0, 0, 0
30949, 1040, 0, 0, 0
31049, 800, 0, 0, 0
31149, 890, 0, 0, 0
31249, 1010, 0, 0, 0
31349, 880, 0, 0, 0
31450, 910, 0, 0, 0
31550, 970, 0, 0, 0
31650, 1050, 0, 0, 0
31749, 1030, 0, 0, 0
31849, 890, 0, 0, 0
31949, 950, 0, 0, 0
32049, 1020, 0, 0, 0
32149, 1040, 0, 0, 0
32249, 1030, 0, 0, 0
32349, 1010, 0, 0, 0
32449, 1000, 0, 0, 0
32549, 760, 0, 0, 0
32649, 980, 0, 0, 0
32749, 950, 0, 0, 0
32849, 1130, 0, 0, 0
32949, 860, 0, 0, 0
33049, 930, 0, 0, 0
33149, 1030, 0, 0, 0
33250, 1020, 0, 0, 0
33350, 1180, 0, 0, 0
33450, 950, 0, 0, 0
33550, 970, 0, 0, 0
33650, 940, 0, 0, 0
33749, 1070, 0, 0, 0
33849, 990, 0, 0, 0
33949, 780, 0, 0, 0
34049, 920, 0, 0, 0
34149, 1000, 0, 0, 0
34249, 1000, 0, 0, 0
34349, 880, 0, 0, 0
34449, 980, 0, 0, 0
34549, 980, 0, 0, 0
34649, 950, 0, 0, 0
34749, 990, 0, 0, 0
34850, 970, 0, 0, 0
34950, 1000, 0, 0, 0
35050, 1030, 0, 0, 0
35150, 950, 0, 0, 0
35249, 1010, 0, 0, 0
35349, 1010, 0, 0, 0
35449, 1030, 0, 0, 0
35549, 910, 0, 0, 0
35649, 960, 0, 0, 0
35749, 840, 0, 0, 0
35849, 850, 0, 0, 0
35949, 1020, 0, 0, 0
36049, 980, 0, 0, 0
36149, 1020, 0, 0, 0
36249, 950, 0, 0, 0
36349, 970, 0, 0, 0
36449, 970, 0, 0, 0
36549, 960, 0, 0, 0
36650, 1180, 0, 0, 0
36749, 909, 0, 0, 0
36849, 1080, 0, 0, 0
36949, 820, 0, 0, 0
37049, 900, 0, 0, 0
37149, 970, 0, 0, 0
37249, 1060, 0, 0, 0
37349, 1100, 0, 0, 0
37449, 1030, 0, 0, 0
37549, 1040, 0, 0, 0
37649, 970, 0, 0, 0
37749, 1150, 0, 0, 0
37849, 970, 0, 0, 0
37949, 960, 0, 0, 0
38049, 900, 0, 0, 0
38149, 1070, 0, 0, 0
38249, 840, 0, 0, 0
38350, 880, 0, 0, 0
38450, 940, 0, 0, 0
38550, 980, 0, 0, 0
38650, 1110, 0, 0, 0
38749, 1060, 0, 0, 0
38849, 990, 0, 0, 0
38949, 910, 0, 0, 0
39049, 1040, 0, 0, 0
39149, 1070, 0, 0, 0
39249, 1050, 0, 0, 0
39349, 1030, 0, 0, 0
39449, 1190, 0, 0, 0
39549, 800, 0, 0, 0
39649, 1080, 0, 0, 0
39749, 1090, 0, 0, 0
39849, 970, 0, 0, 0
39949, 960, 0, 0, 0
40050, 930, 0, 0, 0
40150, 1060, 0, 0, 0
40249, 1030, 0, 0, 0
40349, 1060, 0, 0, 0
40449, 810, 0, 0, 0
40549, 950, 0, 0, 0
40649, 920, 0, 0, 0
40749, 900, 0, 0, 0
40849, 1080, 0, 0, 0
40949, 960, 0, 0, 0
41049, 1070, 0, 0, 0
41149, 1080, 0, 0, 0
41249, 930, 0, 0, 0
41349, 990, 0, 0, 0
41449, 1030, 0, 0, 0
41549, 930, 0, 0, 0
41649, 940, 0, 0, 0
41750, 930, 0, 0, 0
41850, 910, 0, 0, 0
41950, 960, 0, 0, 0
42050, 900, 0, 0, 0
42150, 900, 0, 0, 0
42249, 1080, 0, 0, 0
42349, 920, 0, 0, 0
42449, 940, 0, 0, 0
42549, 970, 0, 0, 0
42649, 870, 0, 0, 0
42749, 1150, 0, 0, 0
42849, 900, 0, 0, 0
42949, 780, 0, 0, 0
43049, 1040, 0, 0, 0
43149, 1000, 0, 0, 0
43249, 890, 0, 0, 0
43349, 960, 0, 0, 0
43449, 1040, 0, 0, 0
43550, 940, 0, 0, 0
43650, 890, 0, 0, 0
43749, 939, 0, 0, 0
43849, 910, 0, 0, 0
43949, 1030, 0, 0, 0
44049, 1070, 0, 0, 0
44149, 1000, 0, 0, 0
44249, 1020, 0, 0, 0
44349, 840, 0, 0, 0
44449, 1040, 0, 0, 0
44549, 1000, 0, 0, 0
44649, 1080, 0, 0, 0
44749, 1040, 0, 0, 0
44849, 960, 0, 0, 0
44949, 960, 0, 0, 0
45049, 950, 0, 0, 0
45149, 1010, 0, 0, 0
45249, 1060, 0, 0, 0
45350, 1000, 0, 0, 0
45450, 970, 0, 0, 0
45550, 990, 0, 0, 0
45650, 1080, 0, 0, 0
45749, 949, 0, 0, 0
45849, 1080, 0, 0, 0
45949, 1030, 0, 0, 0
46049, 880, 0, 0, 0
46149, 940, 0, 0, 0
46249, 870, 0, 0, 0
46349, 1030, 0, 0, 0
46449, 960, 0, 0, 0
46549, 1000, 0, 0, 0
46649, 960, 0, 0, 0
46749, 1070, 0, 0, 0
46849, 1030, 0, 0, 0
46949, 970, 0, 0, 0
47050, 980, 0, 0, 0
47150, 870, 0, 0, 0
47249, 838, 0, 0, 0
47349, 980, 0, 0, 0
47449, 1060, 0, 0, 0
47549, 1030, 0, 0, 0
47649, 1010, 0, 0, 0
47749, 1060, 0, 0, 0
47849, 1000, 0, 0, 0
47949, 1000, 0, 0, 0
48049, 1130, 0, 0, 0
48149, 950, 0, 0, 0
48249, 1010, 0, 0, 0
48349, 1120, 0, 0, 0
48449, 1120, 0, 0, 0
48549, 890, 0, 0, 0
48649, 940, 0, 0, 0
48750, 1070, 0, 0, 0
48850, 880, 0, 0, 0
48950, 1040, 0, 0, 0
49050, 860, 0, 0, 0
49150, 920, 0, 0, 0
49249, 858, 0, 0, 0
49349, 750, 0, 0, 0
49449, 1030, 0, 0, 0
49549, 890, 0, 0, 0
49649, 930, 0, 0, 0
49749, 1000, 0, 0, 0
49849, 1020, 0, 0, 0
49949, 1150, 0, 0, 0
50049, 970, 0, 0, 0
50149, 910, 0, 0, 0
50249, 930, 0, 0, 0
50349, 990, 0, 0, 0
50449, 960, 0, 0, 0
50550, 900, 0, 0, 0
50650, 950, 0, 0, 0
50749, 959, 0, 0, 0
50849, 900, 0, 0, 0
50949, 840, 0, 0, 0
51049, 950, 0, 0, 0
51149, 830, 0, 0, 0
51249, 980, 0, 0, 0
51349, 1010, 0, 0, 0
51449, 930, 0, 0, 0
51549, 910, 0, 0, 0
51649, 970, 0, 0, 0
51749, 1100, 0, 0, 0
51849, 800, 0, 0, 0
51949, 1130, 0, 0, 0
52049, 940, 0, 0, 0
52149, 1000, 0, 0, 0
52250, 800, 0, 0, 0
52350, 880, 0, 0, 0
52450, 880, 0, 0, 0
52550, 940, 0, 0, 0
52650, 1040, 0, 0, 0
52749, 757, 0, 0, 0
52849, 1020, 0, 0, 0
52949, 910, 0, 0, 0
53049, 980, 0, 0, 0
53149, 840, 0, 0, 0
53249, 830, 0, 0, 0
53349, 900, 0, 0, 0
53449, 840, 0, 0, 0
53549, 830, 0, 0, 0
53649, 710, 0, 0, 0
53749, 900, 0, 0, 0
53849, 920, 0, 0, 0
53949, 850, 0, 0, 0
54050, 830, 0, 0, 0
54150, 760, 0, 0, 0
54249, 848, 0, 0, 0
54349, 870, 0, 0, 0
54449, 860, 0, 0, 0
54549, 870, 0, 0, 0
54649, 840, 0, 0, 0
54749, 780, 0, 0, 0
54849, 710, 0, 0, 0
54949, 840, 0, 0, 0
55049, 930, 0, 0, 0
55149, 930, 0, 0, 0
55249, 870, 0, 0, 0
55349, 850, 0, 0, 0
55449, 750, 0, 0, 0
55549, 920, 0, 0, 0
55649, 1000, 0, 0, 0
55749, 1010, 0, 0, 0
55850, 850, 0, 0, 0
55950, 990, 0, 0, 0
56050, 910, 0, 0, 0
56150, 780, 0, 0, 0
56249, 787, 0, 0, 0
56349, 850, 0, 0, 0
56449, 920, 0, 0, 0
56549, 1030, 0, 0, 0
56649, 890, 0, 0, 0
56749, 830, 0, 0, 0
56849, 820, 0, 0, 0
56949, 760, 0, 0, 0
57049, 870, 0, 0, 0
57149, 810, 0, 0, 0
57249, 790, 0, 0, 0
57349, 750, 0, 0, 0
57449, 940, 0, 0, 0
57549, 910, 0, 0, 0
57649, 820, 0, 0, 0
57750, 850, 0, 0, 0
57850, 850, 0, 0, 0
57950, 910, 0, 0, 0
58050, 990, 0, 0, 0
58150, 810, 0, 0, 0
58249, 737, 0, 0, 0
58349, 770, 0, 0, 0
58449, 910, 0, 0, 0
58549, 940, 0, 0, 0
58649, 630, 0, 0, 0
58749, 770, 0, 0, 0
58849, 940, 0, 0, 0
58949, 890, 0, 0, 0
59049, 760, 0, 0, 0
59149, 870, 0, 0, 0
59249, 760, 0, 0, 0
59349, 800, 0, 0, 0
59449, 870, 0, 0, 0
59550, 800, 0, 0, 0
59650, 890, 0, 0, 0
59749, 828, 0, 0, 0
59849, 810, 0, 0, 0
59949, 940, 0, 0, 0
