250, 2224, 0, 0, 0
250, 1040, 1, 0, 0
350, 2400, 0, 0, 0
350, 1040, 1, 0, 0
450, 2250, 0, 0, 0
450, 1180, 1, 0, 0
550, 2430, 0, 0, 0
550, 1040, 1, 0, 0
650, 2450, 0, 0, 0
650, 1040, 1, 0, 0
749, 2444, 0, 0, 0
749, 1030, 1, 0, 0
849, 2430, 0, 0, 0
849, 1010, 1, 0, 0
949, 2330, 0, 0, 0
949, 1040, 1, 0, 0
1049, 2340, 0, 0, 0
1049, 1000, 1, 0, 0
1150, 2530, 0, 0, 0
1150, 910, 1, 0, 0
1249, 2525, 0, 0, 0
1249, 969, 1, 0, 0
1349, 2390, 0, 0, 0
1349, 1050, 1, 0, 0
1449, 2370, 0, 0, 0
1449, 1040, 1, 0, 0
1549, 2580, 0, 0, 0
1549, 1000, 1, 0, 0
1649, 2730, 0, 0, 0
1649, 970, 1, 0, 0
1749, 2440, 0, 0, 0
1749, 1060, 1, 0, 0
1849, 2420, 0, 0, 0
1849, 1030, 1, 0, 0
1949, 2340, 0, 0, 0
1949, 1090, 1, 0, 0
2049, 2440, 0, 0, 0
2049, 1050, 1, 0, 0
2150, 2670, 0, 0, 0
2150, 970, 1, 0, 0
2250, 2640, 0, 0, 0
2250, 970, 1, 0, 0
2350, 2320, 0, 0, 0
2350, 1050, 1, 0, 0
2450, 2190, 0, 0, 0
2450, 1160, 1, 0, 0
2550, 2240, 0, 0, 0
2550, 1140, 1, 0, 0
2650, 2350, 0, 0, 0
2650, 1090, 1, 0, 0
2749, 2383, 0, 0, 0
2749, 1101, 1, 0, 0
2849, 2290, 0, 0, 0
2849, 1060, 1, 0, 0
2949, 2150, 0, 0, 0
2949, 1110, 1, 0, 0
3049, 2370, 0, 0, 0
3049, 1030, 1, 0, 0
3149, 2250, 0, 0, 0
3149, 1060, 1, 0, 0
3250, 2410, 0, 0, 0
3250, 1100, 1, 0, 0
3350, 2250, 0, 0, 0
3350, 1040, 1, 0, 0
3450, 2370, 0, 0, 0
3450, 1040, 1, 0, 0
3550, 2390, 0, 0, 0
3550, 1070, 1, 0, 0
3650, 2410, 0, 0, 0
3650, 1060, 1, 0, 0
3749, 2606, 0, 0, 0
3749, 1000, 1, 0, 0
3849, 2470, 0, 0, 0
3849, 1040, 1, 0, 0
3949, 2130, 0, 0, 0
3949, 1120, 1, 0, 0
4049, 2170, 0, 0, 0
4049, 1060, 1, 0, 0
4149, 2280, 0, 0, 0
4149, 1140, 1, 0, 0
4250, 2440, 0, 0, 0
4250, 1050, 1, 0, 0
4350, 2410, 0, 0, 0
4350, 1040, 1, 0, 0
4450, 2530, 0, 0, 0
4450, 940, 1, 0, 0
4550, 2360, 0, 0, 0
4550, 990, 1, 0, 0
4650, 2320, 0, 0, 0
4650, 1010, 1, 0, 0
4749, 2505, 0, 0, 0
4749, 949, 1, 0, 0
4849, 2490, 0, 0, 0
4849, 980, 1, 0, 0
4949, 2610, 0, 0, 0
4949, 1000, 1, 0, 0
5049, 2410, 0, 0, 0
5049, 980, 1, 0, 0
5149, 2670, 0, 0, 0
5149, 910, 1, 0, 0
5250, 2350, 0, 0, 0
5250, 1070, 1, 0, 0
5350, 2290, 0, 0, 0
5350, 1040, 1, 0, 0
5450, 2340, 0, 0, 0
5450, 1050, 1, 0, 0
5550, 2280, 0, 0, 0
5550, 1060, 1, 0, 0
5650, 2540, 0, 0, 0
5650, 900, 1, 0, 0
5749, 2323, 0, 0, 0
5749, 1030, 1, 0, 0
5849, 2310, 0, 0, 0
5849, 1030, 1, 0, 0
5949, 2380, 0, 0, 0
5949, 960, 1, 0, 0
6049, 2400, 0, 0, 0
6049, 990, 1, 0, 0
6149, 2400, 0, 0, 0
6149, 1040, 1, 0, 0
6250, 2230, 0, 0, 0
6250, 1150, 1, 0, 0
6350, 2540, 0, 0, 0
6350, 1000, 1, 0, 0
6450, 2400, 0, 0, 0
6450, 1050, 1, 0, 0
6550, 2190, 0, 0, 0
6550, 1110, 1, 0, 0
6650, 2200, 0, 0, 0
6650, 1160, 1, 0, 0
6749, 2606, 0, 0, 0
6749, 969, 1, 0, 0
6849, 2570, 0, 0, 0
6849, 970, 1, 0, 0
6949, 2480, 0, 0, 0
6949, 1030, 1, 0, 0
7049, 2600, 0, 0, 0
7049, 970, 1, 0, 0
7149, 2390, 0, 0, 0
7149, 1020, 1, 0, 0
7250, 2590, 0, 0, 0
7250, 980, 1, 0, 0
7350, 2210, 0, 0, 0
7350, 1150, 1, 0, 0
7450, 2470, 0, 0, 0
7450, 990, 1, 0, 0
7550, 2380, 0, 0, 0
7550, 1030, 1, 0, 0
7650, 2590, 0, 0, 0
7650, 960, 1, 0, 0
7749, 2343, 0, 0, 0
7749, 1060, 1, 0, 0
7849, 2270, 0, 0, 0
7849, 1100, 1, 0, 0
7949, 2430, 0, 0, 0
7949, 970, 1, 0, 0
8049, 2600, 0, 0, 0
8049, 910, 1, 0, 0
8149, 2130, 0, 0, 0
8149, 1100, 1, 0, 0
8250, 2010, 0, 0, 0
8250, 1140, 1, 0, 0
8350, 2600, 0, 0, 0
8350, 940, 1, 0, 0
8450, 2650, 0, 0, 0
8450, 960, 1, 0, 0
8550, 2440, 0, 0, 0
8550, 1070, 1, 0, 0
8650, 2260, 0, 0, 0
8650, 1150, 1, 0, 0
8749, 2555, 0, 0, 0
8749, 939, 1, 0, 0
8849, 2670, 0, 0, 0
8849, 970, 1, 0, 0
8949, 2280, 0, 0, 0
8949, 1080, 1, 0, 0
9049, 2410, 0, 0, 0
9049, 1070, 1, 0, 0
9149, 2240, 0, 0, 0
9149, 1030, 1, 0, 0
9250, 2330, 0, 0, 0
9250, 1050, 1, 0, 0
9350, 2360, 0, 0, 0
9350, 1000, 1, 0, 0
9450, 2350, 0, 0, 0
9450, 1040, 1, 0, 0
9550, 2530, 0, 0, 0
9550, 990, 1, 0, 0
9650, 2550, 0, 0, 0
9650, 950, 1, 0, 0
9749, 2232, 0, 0, 0
9749, 1111, 1, 0, 0
9849, 2200, 0, 0, 0
9849, 1060, 1, 0, 0
9949, 2320, 0, 0, 0
9949, 1040, 1, 0, 0
10049, 2590, 0, 0, 0
10049, 950, 1, 0, 0
10149, 2580, 0, 0, 0
10149, 970, 1, 0, 0
10250, 2830, 0, 0, 0
10250, 910, 1, 0, 0
10350, 2580, 0, 0, 0
10350, 990, 1, 0, 0
10450, 2570, 0, 0, 0
10450, 940, 1, 0, 0
10550, 2430, 0, 0, 0
10550, 1050, 1, 0, 0
10650, 2300, 0, 0, 0
10650, 1030, 1, 0, 0
10749, 2252, 0, 0, 0
10749, 1040, 1, 0, 0
10849, 2630, 0, 0, 0
10849, 900, 1, 0, 0
10949, 2640, 0, 0, 0
10949, 970, 1, 0, 0
11049, 2430, 0, 0, 0
11049, 1050, 1, 0, 0
11149, 2500, 0, 0, 0
11149, 980, 1, 0, 0
11249, 2340, 0, 0, 0
11249, 1070, 1, 0, 0
11350, 2380, 0, 0, 0
11350, 1130, 1, 0, 0
11450, 2660, 0, 0, 0
11450, 990, 1, 0, 0
11550, 2650, 0, 0, 0
11550, 1020, 1, 0, 0
11650, 2300, 0, 0, 0
11650, 1160, 1, 0, 0
11749, 2363, 0, 0, 0
11749, 1181, 1, 0, 0
11849, 2670, 0, 0, 0
11849, 980, 1, 0, 0
11949, 2340, 0, 0, 0
11949, 1060, 1, 0, 0
12049, 2400, 0, 0, 0
12049, 1050, 1, 0, 0
12149, 2460, 0, 0, 0
12149, 1060, 1, 0, 0
12249, 2440, 0, 0, 0
12249, 1100, 1, 0, 0
12349, 2520, 0, 0, 0
12349, 1010, 1, 0, 0
12450, 2240, 0, 0, 0
12450, 1160, 1, 0, 0
12550, 2390, 0, 0, 0
12550, 1050, 1, 0, 0
12650, 2530, 0, 0, 0
12650, 980, 1, 0, 0
12749, 2595, 0, 0, 0
12749, 1020, 1, 0, 0
12849, 2300, 0, 0, 0
12849, 1130, 1, 0, 0
12949, 2230, 0, 0, 0
12949, 1080, 1, 0, 0
13049, 2650, 0, 0, 0
13049, 960, 1, 0, 0
13149, 2140, 0, 0, 0
13149, 1170, 1, 0, 0
13249, 2030, 0, 0, 0
13249, 1130, 1, 0, 0
13349, 2440, 0, 0, 0
13349, 1040, 1, 0, 0
13449, 2030, 0, 0, 0
13449, 1180, 1, 0, 0
13550, 2400, 0, 0, 0
13550, 1030, 1, 0, 0
13650, 2450, 0, 0, 0
13650, 1080, 1, 0, 0
13749, 2454, 0, 0, 0
13749, 1040, 1, 0, 0
13849, 2420, 0, 0, 0
13849, 1040, 1, 0, 0
13949, 2350, 0, 0, 0
13949, 1070, 1, 0, 0
14049, 2600, 0, 0, 0
14049, 970, 1, 0, 0
14149, 2200, 0, 0, 0
14149, 1150, 1, 0, 0
14249, 2240, 0, 0, 0
14249, 1090, 1, 0, 0
14349, 2400, 0, 0, 0
14349, 1030, 1, 0, 0
14449, 2150, 0, 0, 0
14449, 1210, 1, 0, 0
14550, 2500, 0, 0, 0
14550, 1040, 1, 0, 0
14650, 2650, 0, 0, 0
14650, 890, 1, 0, 0
14749, 2404, 0, 0, 0
14749, 1101, 1, 0, 0
14849, 2430, 0, 0, 0
14849, 1020, 1, 0, 0
14949, 2320, 0, 0, 0
14949, 1050, 1, 0, 0
15049, 2710, 0, 0, 0
15049, 900, 1, 0, 0
15149, 2490, 0, 0, 0
15149, 1050, 1, 0, 0
15249, 2570, 0, 0, 0
15249, 990, 1, 0, 0
15349, 2270, 0, 0, 0
15349, 1150, 1, 0, 0
15449, 2440, 0, 0, 0
15449, 1070, 1, 0, 0
15550, 2690, 0, 0, 0
15550, 930, 1, 0, 0
15650, 2330, 0, 0, 0
15650, 1080, 1, 0, 0
15749, 2444, 0, 0, 0
15749, 1090, 1, 0, 0
15849, 2530, 0, 0, 0
15849, 1040, 1, 0, 0
15949, 2560, 0, 0, 0
15949, 1020, 1, 0, 0
16049, 2650, 0, 0, 0
16049, 1010, 1, 0, 0
16149, 2070, 0, 0, 0
16149, 1130, 1, 0, 0
16249, 2360, 0, 0, 0
16249, 1040, 1, 0, 0
16349, 2290, 0, 0, 0
16349, 1120, 1, 0, 0
16449, 2390, 0, 0, 0
16449, 1070, 1, 0, 0
16550, 2330, 0, 0, 0
16550, 1090, 1, 0, 0
16650, 2530, 0, 0, 0
16650, 990, 1, 0, 0
16749, 2848, 0, 0, 0
16749, 868, 1, 0, 0
16849, 2490, 0, 0, 0
16849, 1060, 1, 0, 0
16949, 2610, 0, 0, 0
16949, 990, 1, 0, 0
17049, 2310, 0, 0, 0
17049, 1130, 1, 0, 0
17149, 2450, 0, 0, 0
17149, 1030, 1, 0, 0
17249, 2520, 0, 0, 0
17249, 940, 1, 0, 0
17349, 2450, 0, 0, 0
17349, 1000, 1, 0, 0
17449, 2600, 0, 0, 0
17449, 880, 1, 0, 0
17549, 2510, 0, 0, 0
17549, 950, 1, 0, 0
17650, 2250, 0, 0, 0
17650, 1010, 1, 0, 0
17749, 2494, 0, 0, 0
17749, 989, 1, 0, 0
17849, 2360, 0, 0, 0
17849, 1050, 1, 0, 0
17949, 2520, 0, 0, 0
17949, 950, 1, 0, 0
18049, 2290, 0, 0, 0
18049, 1110, 1, 0, 0
18149, 2540, 0, 0, 0
18149, 1090, 1, 0, 0
18250, 2330, 0, 0, 0
18250, 1090, 1, 0, 0
18350, 2340, 0, 0, 0
18350, 1030, 1, 0, 0
18450, 2470, 0, 0, 0
18450, 1040, 1, 0, 0
18550, 2260, 0, 0, 0
18550, 1070, 1, 0, 0
18650, 2210, 0, 0, 0
18650, 1080, 1, 0, 0
18749, 2303, 0, 0, 0
18749, 1060, 1, 0, 0
18849, 2460, 0, 0, 0
18849, 910, 1, 0, 0
18949, 2300, 0, 0, 0
18949, 1020, 1, 0, 0
19049, 2530, 0, 0, 0
19049, 980, 1, 0, 0
19149, 2490, 0, 0, 0
19149, 960, 1, 0, 0
19250, 2410, 0, 0, 0
19250, 1040, 1, 0, 0
19350, 2280, 0, 0, 0
19350, 1050, 1, 0, 0
19450, 2340, 0, 0, 0
19450, 1030, 1, 0, 0
19550, 2040, 0, 0, 0
19550, 1110, 1, 0, 0
19650, 2420, 0, 0, 0
19650, 960, 1, 0, 0
19749, 2393, 0, 0, 0
19749, 979, 1, 0, 0
19849, 2390, 0, 0, 0
19849, 1050, 1, 0, 0
19949, 2400, 0, 0, 0
19949, 1040, 1, 0, 0
20049, 2270, 0, 0, 0
20049, 1070, 1, 0, 0
20149, 2030, 0, 0, 0
20149, 1100, 1, 0, 0
20250, 2120, 0, 0, 0
20250, 1130, 1, 0, 0
20350, 2360, 0, 0, 0
20350, 1030, 1, 0, 0
20450, 2320, 0, 0, 0
20450, 1030, 1, 0, 0
20550, 2320, 0, 0, 0
20550, 1030, 1, 0, 0
20650, 2400, 0, 0, 0
20650, 980, 1, 0, 0
20749, 2696, 0, 0, 0
20749, 909, 1, 0, 0
20849, 2170, 0, 0, 0
20849, 1080, 1, 0, 0
20949, 2130, 0, 0, 0
20949, 1180, 1, 0, 0
21049, 2470, 0, 0, 0
21049, 1050, 1, 0, 0
21149, 2540, 0, 0, 0
21149, 950, 1, 0, 0
21250, 2500, 0, 0, 0
21250, 960, 1, 0, 0
21350, 2400, 0, 0, 0
21350, 1040, 1, 0, 0
21450, 2350, 0, 0, 0
21450, 1060, 1, 0, 0
21550, 2430, 0, 0, 0
21550, 990, 1, 0, 0
21650, 2410, 0, 0, 0
21650, 1060, 1, 0, 0
21749, 2484, 0, 0, 0
21749, 1050, 1, 0, 0
21849, 2640, 0, 0, 0
21849, 1040, 1, 0, 0
21949, 2360, 0, 0, 0
21949, 1100, 1, 0, 0
22049, 2420, 0, 0, 0
22049, 1040, 1, 0, 0
22149, 2630, 0, 0, 0
22149, 1000, 1, 0, 0
22249, 2470, 0, 0, 0
22249, 1010, 1, 0, 0
22350, 2610, 0, 0, 0
22350, 980, 1, 0, 0
22450, 2620, 0, 0, 0
22450, 1080, 1, 0, 0
22550, 2430, 0, 0, 0
22550, 1030, 1, 0, 0
22650, 2460, 0, 0, 0
22650, 1080, 1, 0, 0
22749, 2444, 0, 0, 0
22749, 1101, 1, 0, 0
22849, 2660, 0, 0, 0
22849, 990, 1, 0, 0
22949, 2470, 0, 0, 0
22949, 1080, 1, 0, 0
23049, 2610, 0, 0, 0
23049, 990, 1, 0, 0
23149, 2610, 0, 0, 0
23149, 1000, 1, 0, 0
23249, 2350, 0, 0, 0
23249, 1140, 1, 0, 0
23349, 2440, 0, 0, 0
23349, 1120, 1, 0, 0
23450, 2360, 0, 0, 0
23450, 1110, 1, 0, 0
23550, 2640, 0, 0, 0
23550, 980, 1, 0, 0
23650, 2620, 0, 0, 0
23650, 1030, 1, 0, 0
23749, 2626, 0, 0, 0
23749, 959, 1, 0, 0
23849, 2720, 0, 0, 0
23849, 960, 1, 0, 0
23949, 2390, 0, 0, 0
23949, 1070, 1, 0, 0
24049, 2390, 0, 0, 0
24049, 1080, 1, 0, 0
24149, 2350, 0, 0, 0
24149, 990, 1, 0, 0
24249, 2650, 0, 0, 0
24249, 990, 1, 0, 0
24349, 2450, 0, 0, 0
24349, 1010, 1, 0, 0
24449, 2400, 0, 0, 0
24449, 1130, 1, 0, 0
24550, 2210, 0, 0, 0
24550, 1170, 1, 0, 0
24650, 2490, 0, 0, 0
24650, 1060, 1, 0, 0
24749, 2434, 0, 0, 0
24749, 1101, 1, 0, 0
24849, 2330, 0, 0, 0
24849, 1120, 1, 0, 0
24949, 2260, 0, 0, 0
24949, 1090, 1, 0, 0
25049, 2370, 0, 0, 0
25049, 1100, 1, 0, 0
25149, 2590, 0, 0, 0
25149, 1030, 1, 0, 0
25249, 2490, 0, 0, 0
25249, 1060, 1, 0, 0
25349, 2540, 0, 0, 0
25349, 1060, 1, 0, 0
25449, 2370, 0, 0, 0
25449, 1070, 1, 0, 0
25550, 2270, 0, 0, 0
25550, 1160, 1, 0, 0
25650, 2660, 0, 0, 0
25650, 1040, 1, 0, 0
25749, 2727, 0, 0, 0
25749, 959, 1, 0, 0
25849, 2570, 0, 0, 0
25849, 970, 1, 0, 0
25949, 2530, 0, 0, 0
25949, 1010, 1, 0, 0
26049, 2470, 0, 0, 0
26049, 980, 1, 0, 0
26149, 2330, 0, 0, 0
26149, 1150, 1, 0, 0
26249, 2180, 0, 0, 0
26249, 1190, 1, 0, 0
26349, 2610, 0, 0, 0
26349, 1030, 1, 0, 0
26449, 2570, 0, 0, 0
26449, 980, 1, 0, 0
26550, 2240, 0, 0, 0
26550, 1140, 1, 0, 0
26650, 2370, 0, 0, 0
26650, 1030, 1, 0, 0
26749, 2474, 0, 0, 0
26749, 1101, 1, 0, 0
26849, 2600, 0, 0, 0
26849, 1040, 1, 0, 0
26949, 2400, 0, 0, 0
26949, 1040, 1, 0, 0
27049, 2410, 0, 0, 0
27049, 1060, 1, 0, 0
27149, 2280, 0, 0, 0
27149, 1150, 1, 0, 0
27249, 2230, 0, 0, 0
27249, 1180, 1, 0, 0
27349, 2100, 0, 0, 0
27349, 1230, 1, 0, 0
27449, 2390, 0, 0, 0
27449, 1100, 1, 0, 0
27550, 2720, 0, 0, 0
27550, 940, 1, 0, 0
27650, 2730, 0, 0, 0
27650, 970, 1, 0, 0
27749, 2444, 0, 0, 0
27749, 1121, 1, 0, 0
27849, 2510, 0, 0, 0
27849, 1040, 1, 0, 0
27949, 2430, 0, 0, 0
27949, 1110, 1, 0, 0
28049, 2580, 0, 0, 0
28049, 1050, 1, 0, 0
28149, 2750, 0, 0, 0
28149, 970, 1, 0, 0
28249, 2330, 0, 0, 0
28249, 1160, 1, 0, 0
28349, 2610, 0, 0, 0
28349, 990, 1, 0, 0
28449, 2490, 0, 0, 0
28449, 1060, 1, 0, 0
28550, 2450, 0, 0, 0
28550, 1120, 1, 0, 0
28650, 2750, 0, 0, 0
28650, 950, 1, 0, 0
28749, 2525, 0, 0, 0
28749, 1000, 1, 0, 0
28849, 2430, 0, 0, 0
28849, 1080, 1, 0, 0
28949, 2430, 0, 0, 0
28949, 1080, 1, 0, 0
29049, 2400, 0, 0, 0
29049, 1150, 1, 0, 0
29149, 2380, 0, 0, 0
29149, 1190, 1, 0, 0
29249, 2500, 0, 0, 0
29249, 1050, 1, 0, 0
29349, 2440, 0, 0, 0
29349, 1070, 1, 0, 0
29449, 2750, 0, 0, 0
29449, 910, 1, 0, 0
29550, 2400, 0, 0, 0
29550, 1070, 1, 0, 0
29650, 2580, 0, 0, 0
29650, 1010, 1, 0, 0
29749, 2484, 0, 0, 0
29749, 1030, 1, 0, 0
29849, 2580, 0, 0, 0
29849, 1000, 1, 0, 0
29949, 2350, 0, 0, 0
29949, 1110, 1, 0, 0
30049, 2620, 0, 0, 0
30049, 950, 1, 0, 0
30149, 2520, 0, 0, 0
30149, 1070, 1, 0, 0
30249, 2340, 0, 0, 0
30249, 1160, 1, 0, 0
30349, 2640, 0, 0, 0
30349, 980, 1, 0, 0
30449, 2640, 0, 0, 0
30449, 990, 1, 0, 0
30549, 2390, 0, 0, 0
30549, 1070, 1, 0, 0
30649, 2520, 0, 0, 0
30649, 1010, 1, 0, 0
30750, 2580, 0, 0, 0
30750, 1000, 1, 0, 0
30850, 2430, 0, 0, 0
30850, 1050, 1, 0, 0
30950, 2410, 0, 0, 0
30950, 1070, 1, 0, 0
31050, 2650, 0, 0, 0
31050, 1000, 1, 0, 0
31150, 2340, 0, 0, 0
31150, 1050, 1, 0, 0
31249, 2434, 0, 0, 0
31249, 1020, 1, 0, 0
31349, 2350, 0, 0, 0
31349, 1110, 1, 0, 0
31449, 2630, 0, 0, 0
31449, 1040, 1, 0, 0
31549, 2490, 0, 0, 0
31549, 1080, 1, 0, 0
31649, 2140, 0, 0, 0
31649, 1270, 1, 0, 0
31750, 2550, 0, 0, 0
31750, 1010, 1, 0, 0
31850, 2240, 0, 0, 0
31850, 1160, 1, 0, 0
31950, 2690, 0, 0, 0
31950, 1060, 1, 0, 0
32050, 2630, 0, 0, 0
32050, 1030, 1, 0, 0
32150, 2820, 0, 0, 0
32150, 960, 1, 0, 0
32249, 2474, 0, 0, 0
32249, 1050, 1, 0, 0
32349, 2370, 0, 0, 0
32349, 1160, 1, 0, 0
32449, 2560, 0, 0, 0
32449, 1060, 1, 0, 0
32549, 2720, 0, 0, 0
32549, 930, 1, 0, 0
32649, 2410, 0, 0, 0
32649, 1030, 1, 0, 0
32750, 2190, 0, 0, 0
32750, 1220, 1, 0, 0
32850, 2370, 0, 0, 0
32850, 1150, 1, 0, 0
32950, 2450, 0, 0, 0
32950, 1040, 1, 0, 0
33050, 2420, 0, 0, 0
33050, 1110, 1, 0, 0
33150, 2310, 0, 0, 0
33150, 1060, 1, 0, 0
33249, 2343, 0, 0, 0
33249, 1070, 1, 0, 0
33349, 2160, 0, 0, 0
33349, 1090, 1, 0, 0
33449, 2310, 0, 0, 0
33449, 970, 1, 0, 0
33549, 2340, 0, 0, 0
33549, 980, 1, 0, 0
33649, 2270, 0, 0, 0
33649, 1030, 1, 0, 0
33750, 2400, 0, 0, 0
33750, 1000, 1, 0, 0
33850, 2440, 0, 0, 0
33850, 990, 1, 0, 0
33950, 2190, 0, 0, 0
33950, 1120, 1, 0, 0
34050, 2380, 0, 0, 0
34050, 1000, 1, 0, 0
34150, 2210, 0, 0, 0
34150, 1090, 1, 0, 0
34249, 2141, 0, 0, 0
34249, 1101, 1, 0, 0
34349, 2590, 0, 0, 0
34349, 990, 1, 0, 0
34449, 2660, 0, 0, 0
34449, 900, 1, 0, 0
34549, 2350, 0, 0, 0
34549, 1040, 1, 0, 0
34649, 2290, 0, 0, 0
34649, 1050, 1, 0, 0
34750, 2420, 0, 0, 0
34750, 1000, 1, 0, 0
34850, 2440, 0, 0, 0
34850, 960, 1, 0, 0
34950, 2300, 0, 0, 0
34950, 1080, 1, 0, 0
35050, 2360, 0, 0, 0
35050, 990, 1, 0, 0
35150, 2190, 0, 0, 0
35150, 1030, 1, 0, 0
35249, 2545, 0, 0, 0
35249, 878, 1, 0, 0
35349, 2080, 0, 0, 0
35349, 1100, 1, 0, 0
35449, 2550, 0, 0, 0
35449, 860, 1, 0, 0
35549, 2230, 0, 0, 0
35549, 1100, 1, 0, 0
35649, 2230, 0, 0, 0
35649, 1080, 1, 0, 0
35750, 2240, 0, 0, 0
35750, 1040, 1, 0, 0
35850, 2570, 0, 0, 0
35850, 980, 1, 0, 0
35950, 2330, 0, 0, 0
35950, 1020, 1, 0, 0
36050, 2460, 0, 0, 0
36050, 990, 1, 0, 0
36150, 2470, 0, 0, 0
36150, 1000, 1, 0, 0
36249, 2272, 0, 0, 0
36249, 979, 1, 0, 0
36349, 2180, 0, 0, 0
36349, 1090, 1, 0, 0
36449, 2190, 0, 0, 0
36449, 1130, 1, 0, 0
36549, 2200, 0, 0, 0
36549, 1040, 1, 0, 0
36649, 2250, 0, 0, 0
36649, 1070, 1, 0, 0
36750, 2370, 0, 0, 0
36750, 1080, 1, 0, 0
36850, 2420, 0, 0, 0
36850, 980, 1, 0, 0
36950, 2410, 0, 0, 0
36950, 1040, 1, 0, 0
37050, 2300, 0, 0, 0
37050, 1070, 1, 0, 0
37150, 2350, 0, 0, 0
37150, 1000, 1, 0, 0
37249, 2343, 0, 0, 0
37249, 989, 1, 0, 0
37349, 2510, 0, 0, 0
37349, 990, 1, 0, 0
37449, 2480, 0, 0, 0
37449, 990, 1, 0, 0
37549, 2420, 0, 0, 0
37549, 1020, 1, 0, 0
37649, 2240, 0, 0, 0
37649, 1100, 1, 0, 0
37750, 2440, 0, 0, 0
37750, 970, 1, 0, 0
37850, 2410, 0, 0, 0
37850, 990, 1, 0, 0
37950, 2380, 0, 0, 0
37950, 1010, 1, 0, 0
38050, 2450, 0, 0, 0
38050, 1000, 1, 0, 0
38150, 2540, 0, 0, 0
38150, 980, 1, 0, 0
38249, 2030, 0, 0, 0
38249, 1151, 1, 0, 0
38349, 2260, 0, 0, 0
38349, 1030, 1, 0, 0
38449, 2170, 0, 0, 0
38449, 1100, 1, 0, 0
38549, 2210, 0, 0, 0
38549, 1090, 1, 0, 0
38649, 2330, 0, 0, 0
38649, 940, 1, 0, 0
38750, 2490, 0, 0, 0
38750, 940, 1, 0, 0
38850, 2510, 0, 0, 0
38850, 990, 1, 0, 0
38950, 2470, 0, 0, 0
38950, 980, 1, 0, 0
39050, 2390, 0, 0, 0
39050, 1040, 1, 0, 0
39150, 2510, 0, 0, 0
39150, 990, 1, 0, 0
39249, 2292, 0, 0, 0
39249, 1080, 1, 0, 0
39349, 2270, 0, 0, 0
39349, 1090, 1, 0, 0
39449, 2110, 0, 0, 0
39449, 1080, 1, 0, 0
39549, 2110, 0, 0, 0
39549, 1040, 1, 0, 0
39649, 2430, 0, 0, 0
39649, 970, 1, 0, 0
39749, 2270, 0, 0, 0
39749, 1050, 1, 0, 0
39850, 2320, 0, 0, 0
39850, 980, 1, 0, 0
39950, 2520, 0, 0, 0
39950, 1010, 1, 0, 0
40050, 2510, 0, 0, 0
40050, 1010, 1, 0, 0
40150, 2250, 0, 0, 0
40150, 1080, 1, 0, 0
40249, 2090, 0, 0, 0
40249, 1191, 1, 0, 0
40349, 2220, 0, 0, 0
40349, 1070, 1, 0, 0
40449, 2410, 0, 0, 0
40449, 990, 1, 0, 0
40549, 2230, 0, 0, 0
40549, 1040, 1, 0, 0
40649, 2540, 0, 0, 0
40649, 910, 1, 0, 0
40749, 2200, 0, 0, 0
40749, 1140, 1, 0, 0
40850, 2300, 0, 0, 0
40850, 1010, 1, 0, 0
40950, 2520, 0, 0, 0
40950, 970, 1, 0, 0
41050, 2450, 0, 0, 0
41050, 980, 1, 0, 0
41150, 2480, 0, 0, 0
41150, 960, 1, 0, 0
41249, 2505, 0, 0, 0
41249, 1000, 1, 0, 0
41349, 2490, 0, 0, 0
41349, 950, 1, 0, 0
41449, 2550, 0, 0, 0
41449, 980, 1, 0, 0
41549, 2300, 0, 0, 0
41549, 1060, 1, 0, 0
41649, 2490, 0, 0, 0
41649, 980, 1, 0, 0
41749, 2250, 0, 0, 0
41749, 1090, 1, 0, 0
41850, 2360, 0, 0, 0
41850, 1040, 1, 0, 0
41950, 2350, 0, 0, 0
41950, 1080, 1, 0, 0
42050, 2190, 0, 0, 0
42050, 1140, 1, 0, 0
42150, 2120, 0, 0, 0
42150, 1120, 1, 0, 0
42249, 2585, 0, 0, 0
42249, 959, 1, 0, 0
42349, 2320, 0, 0, 0
42349, 1090, 1, 0, 0
42449, 2270, 0, 0, 0
42449, 1060, 1, 0, 0
42549, 2290, 0, 0, 0
42549, 1090, 1, 0, 0
42649, 2440, 0, 0, 0
42649, 1130, 1, 0, 0
42749, 2120, 0, 0, 0
42749, 1170, 1, 0, 0
42849, 2700, 0, 0, 0
42849, 980, 1, 0, 0
42950, 2520, 0, 0, 0
42950, 1010, 1, 0, 0
43050, 2440, 0, 0, 0
43050, 980, 1, 0, 0
43150, 2330, 0, 0, 0
43150, 1090, 1, 0, 0
43249, 2161, 0, 0, 0
43249, 1151, 1, 0, 0
43349, 2220, 0, 0, 0
43349, 1140, 1, 0, 0
43449, 2310, 0, 0, 0
43449, 1100, 1, 0, 0
43549, 2530, 0, 0, 0
43549, 970, 1, 0, 0
43649, 2600, 0, 0, 0
43649, 950, 1, 0, 0
43749, 2480, 0, 0, 0
43749, 980, 1, 0, 0
43849, 2280, 0, 0, 0
43849, 1100, 1, 0, 0
43949, 2510, 0, 0, 0
43949, 1030, 1, 0, 0
44050, 2300, 0, 0, 0
44050, 1080, 1, 0, 0
44150, 2560, 0, 0, 0
44150, 940, 1, 0, 0
44249, 2212, 0, 0, 0
44249, 1080, 1, 0, 0
44349, 2490, 0, 0, 0
44349, 970, 1, 0, 0
44449, 2350, 0, 0, 0
44449, 1090, 1, 0, 0
44549, 2340, 0, 0, 0
44549, 1070, 1, 0, 0
44649, 2430, 0, 0, 0
44649, 1000, 1, 0, 0
44749, 2600, 0, 0, 0
44749, 980, 1, 0, 0
44849, 2230, 0, 0, 0
44849, 1080, 1, 0, 0
44949, 2310, 0, 0, 0
44949, 1020, 1, 0, 0
45050, 2440, 0, 0, 0
45050, 1010, 1, 0, 0
45150, 2200, 0, 0, 0
45150, 1080, 1, 0, 0
45249, 2505, 0, 0, 0
45249, 1020, 1, 0, 0
45349, 2570, 0, 0, 0
45349, 930, 1, 0, 0
45449, 2330, 0, 0, 0
45449, 1110, 1, 0, 0
45549, 2460, 0, 0, 0
45549, 1010, 1, 0, 0
45649, 2460, 0, 0, 0
45649, 960, 1, 0, 0
45749, 2380, 0, 0, 0
45749, 1080, 1, 0, 0
45849, 1860, 0, 0, 0
45849, 1280, 1, 0, 0
45949, 2320, 0, 0, 0
45949, 1050, 1, 0, 0
46049, 2450, 0, 0, 0
46049, 1000, 1, 0, 0
46150, 2280, 0, 0, 0
46150, 1090, 1, 0, 0
46249, 2272, 0, 0, 0
46249, 1030, 1, 0, 0
46349, 2440, 0, 0, 0
46349, 1020, 1, 0, 0
46449, 2600, 0, 0, 0
46449, 920, 1, 0, 0
46549, 2260, 0, 0, 0
46549, 1090, 1, 0, 0
46649, 2150, 0, 0, 0
46649, 1150, 1, 0, 0
46749, 2490, 0, 0, 0
46749, 1000, 1, 0, 0
46849, 2340, 0, 0, 0
46849, 1060, 1, 0, 0
46949, 2520, 0, 0, 0
46949, 1010, 1, 0, 0
47049, 2370, 0, 0, 0
47049, 1070, 1, 0, 0
47149, 2510, 0, 0, 0
47149, 1020, 1, 0, 0
47250, 2480, 0, 0, 0
47250, 980, 1, 0, 0
47350, 2450, 0, 0, 0
47350, 970, 1, 0, 0
47450, 2430, 0, 0, 0
47450, 1010, 1, 0, 0
47550, 2630, 0, 0, 0
47550, 930, 1, 0, 0
47650, 2670, 0, 0, 0
47650, 910, 1, 0, 0
47749, 2303, 0, 0, 0
47749, 1020, 1, 0, 0
47849, 2260, 0, 0, 0
47849, 1100, 1, 0, 0
47949, 2690, 0, 0, 0
47949, 910, 1, 0, 0
48049, 2290, 0, 0, 0
48049, 1140, 1, 0, 0
48149, 2530, 0, 0, 0
48149, 970, 1, 0, 0
48250, 2690, 0, 0, 0
48250, 910, 1, 0, 0
48350, 2400, 0, 0, 0
48350, 1020, 1, 0, 0
48450, 2330, 0, 0, 0
48450, 1070, 1, 0, 0
48550, 2760, 0, 0, 0
48550, 820, 1, 0, 0
48650, 2400, 0, 0, 0
48650, 1020, 1, 0, 0
48749, 2555, 0, 0, 0
48749, 979, 1, 0, 0
48849, 2460, 0, 0, 0
48849, 1030, 1, 0, 0
48949, 2490, 0, 0, 0
48949, 1020, 1, 0, 0
49049, 2340, 0, 0, 0
49049, 1060, 1, 0, 0
49149, 2290, 0, 0, 0
49149, 1070, 1, 0, 0
49250, 2450, 0, 0, 0
49250, 1020, 1, 0, 0
49350, 2330, 0, 0, 0
49350, 1060, 1, 0, 0
49450, 2430, 0, 0, 0
49450, 1000, 1, 0, 0
49550, 2270, 0, 0, 0
49550, 1040, 1, 0, 0
49650, 2040, 0, 0, 0
49650, 1130, 1, 0, 0
49749, 2191, 0, 0, 0
49749, 1090, 1, 0, 0
49849, 2140, 0, 0, 0
49849, 1140, 1, 0, 0
49949, 2350, 0, 0, 0
49949, 1050, 1, 0, 0
50049, 2260, 0, 0, 0
50049, 1000, 1, 0, 0
50149, 2510, 0, 0, 0
50149, 910, 1, 0, 0
50250, 2250, 0, 0, 0
50250, 1090, 1, 0, 0
50350, 2320, 0, 0, 0
50350, 1020, 1, 0, 0
50450, 2240, 0, 0, 0
50450, 1070, 1, 0, 0
50550, 2350, 0, 0, 0
50550, 970, 1, 0, 0
50650, 2460, 0, 0, 0
50650, 1020, 1, 0, 0
50749, 2323, 0, 0, 0
50749, 1010, 1, 0, 0
50849, 2160, 0, 0, 0
50849, 1080, 1, 0, 0
50949, 2440, 0, 0, 0
50949, 1000, 1, 0, 0
51049, 2290, 0, 0, 0
51049, 990, 1, 0, 0
51149, 2390, 0, 0, 0
51149, 940, 1, 0, 0
51250, 2210, 0, 0, 0
51250, 1030, 1, 0, 0
51350, 2390, 0, 0, 0
51350, 1000, 1, 0, 0
51450, 2120, 0, 0, 0
51450, 1210, 1, 0, 0
51550, 2290, 0, 0, 0
51550, 1020, 1, 0, 0
51650, 2310, 0, 0, 0
51650, 990, 1, 0, 0
51749, 2151, 0, 0, 0
51749, 1101, 1, 0, 0
51849, 2350, 0, 0, 0
51849, 1000, 1, 0, 0
51949, 2180, 0, 0, 0
51949, 1130, 1, 0, 0
52049, 2460, 0, 0, 0
52049, 940, 1, 0, 0
52150, 2120, 0, 0, 0
52150, 1130, 1, 0, 0
52249, 2454, 0, 0, 0
52249, 1000, 1, 0, 0
52349, 2230, 0, 0, 0
52349, 1080, 1, 0, 0
52449, 2330, 0, 0, 0
52449, 1030, 1, 0, 0
52549, 2140, 0, 0, 0
52549, 1070, 1, 0, 0
52649, 2470, 0, 0, 0
52649, 930, 1, 0, 0
52749, 2060, 0, 0, 0
52749, 1110, 1, 0, 0
52849, 2400, 0, 0, 0
52849, 980, 1, 0, 0
52949, 2360, 0, 0, 0
52949, 980, 1, 0, 0
53049, 2390, 0, 0, 0
53049, 970, 1, 0, 0
53150, 2130, 0, 0, 0
53150, 1070, 1, 0, 0
53249, 2676, 0, 0, 0
53249, 878, 1, 0, 0
53349, 2310, 0, 0, 0
53349, 1050, 1, 0, 0
53449, 2330, 0, 0, 0
53449, 1060, 1, 0, 0
53549, 2590, 0, 0, 0
53549, 950, 1, 0, 0
53649, 2280, 0, 0, 0
53649, 1030, 1, 0, 0
53749, 2430, 0, 0, 0
53749, 950, 1, 0, 0
53849, 2700, 0, 0, 0
53849, 930, 1, 0, 0
53949, 2270, 0, 0, 0
53949, 1090, 1, 0, 0
54049, 2310, 0, 0, 0
54049, 1050, 1, 0, 0
54150, 2360, 0, 0, 0
54150, 1070, 1, 0, 0
54249, 2494, 0, 0, 0
54249, 979, 1, 0, 0
54349, 2210, 0, 0, 0
54349, 1080, 1, 0, 0
54449, 2480, 0, 0, 0
54449, 1000, 1, 0, 0
54549, 2340, 0, 0, 0
54549, 990, 1, 0, 0
54649, 2430, 0, 0, 0
54649, 900, 1, 0, 0
54749, 2150, 0, 0, 0
54749, 1050, 1, 0, 0
54849, 2270, 0, 0, 0
54849, 940, 1, 0, 0
54949, 2420, 0, 0, 0
54949, 960, 1, 0, 0
55050, 2050, 0, 0, 0
55050, 1130, 1, 0, 0
55150, 2380, 0, 0, 0
55150, 980, 1, 0, 0
55249, 2424, 0, 0, 0
55249, 989, 1, 0, 0
55349, 2230, 0, 0, 0
55349, 1080, 1, 0, 0
55449, 2300, 0, 0, 0
55449, 1050, 1, 0, 0
55549, 2470, 0, 0, 0
55549, 1000, 1, 0, 0
55649, 2180, 0, 0, 0
55649, 1070, 1, 0, 0
55749, 2030, 0, 0, 0
55749, 1180, 1, 0, 0
55849, 2340, 0, 0, 0
55849, 1060, 1, 0, 0
55949, 2400, 0, 0, 0
55949, 1020, 1, 0, 0
56050, 2390, 0, 0, 0
56050, 1030, 1, 0, 0
56150, 2490, 0, 0, 0
56150, 1020, 1, 0, 0
56249, 2464, 0, 0, 0
56249, 1010, 1, 0, 0
56349, 2480, 0, 0, 0
56349, 930, 1, 0, 0
56449, 2220, 0, 0, 0
56449, 1080, 1, 0, 0
56549, 2490, 0, 0, 0
56549, 960, 1, 0, 0
56649, 2450, 0, 0, 0
56649, 1060, 1, 0, 0
56749, 2360, 0, 0, 0
56749, 1010, 1, 0, 0
56849, 2380, 0, 0, 0
56849, 1020, 1, 0, 0
56949, 2120, 0, 0, 0
56949, 1120, 1, 0, 0
57050, 2200, 0, 0, 0
57050, 1140, 1, 0, 0
57150, 2360, 0, 0, 0
57150, 1020, 1, 0, 0
57249, 2545, 0, 0, 0
57249, 949, 1, 0, 0
57349, 2390, 0, 0, 0
57349, 960, 1, 0, 0
57449, 2310, 0, 0, 0
57449, 920, 1, 0, 0
57549, 2360, 0, 0, 0
57549, 960, 1, 0, 0
57649, 2260, 0, 0, 0
57649, 1040, 1, 0, 0
57749, 2250, 0, 0, 0
57749, 1050, 1, 0, 0
57849, 2400, 0, 0, 0
57849, 950, 1, 0, 0
57949, 2460, 0, 0, 0
57949, 960, 1, 0, 0
58050, 2390, 0, 0, 0
58050, 1010, 1, 0, 0
58150, 2450, 0, 0, 0
58150, 1010, 1, 0, 0
58249, 2212, 0, 0, 0
58249, 1171, 1, 0, 0
58349, 2410, 0, 0, 0
58349, 1040, 1, 0, 0
58449, 2300, 0, 0, 0
58449, 1120, 1, 0, 0
58549, 2300, 0, 0, 0
58549, 1100, 1, 0, 0
58649, 2560, 0, 0, 0
58649, 970, 1, 0, 0
58749, 2420, 0, 0, 0
58749, 1000, 1, 0, 0
58849, 2320, 0, 0, 0
58849, 1080, 1, 0, 0
58949, 2520, 0, 0, 0
58949, 1010, 1, 0, 0
59049, 2290, 0, 0, 0
59049, 1090, 1, 0, 0
59150, 2200, 0, 0, 0
59150, 1170, 1, 0, 0
59249, 2656, 0, 0, 0
59249, 909, 1, 0, 0
59349, 2630, 0, 0, 0
59349, 910, 1, 0, 0
59449, 2680, 0, 0, 0
59449, 960, 1, 0, 0
59549, 2430, 0, 0, 0
59549, 1000, 1, 0, 0
59649, 2230, 0, 0, 0
59649, 1150, 1, 0, 0
59749, 2420, 0, 0, 0
59749, 970, 1, 0, 0
59849, 2290, 0, 0, 0
59849, 1040, 1, 0, 0
59949, 2200, 0, 0, 0
59949, 1150, 1, 0, 0
60049, 2220, 0, 0, 0
60049, 1100, 1, 0, 0
60149, 2550, 0, 0, 0
60149, 970, 1, 0, 0
60250, 2490, 0, 0, 0
60250, 980, 1, 0, 0
60350, 2450, 0, 0, 0
60350, 1020, 1, 0, 0
60450, 2300, 0, 0, 0
60450, 1070, 1, 0, 0
60550, 2380, 0, 0, 0
60550, 1000, 1, 0, 0
60650, 2130, 0, 0, 0
60650, 1140, 1, 0, 0
60749, 2464, 0, 0, 0
60749, 949, 1, 0, 0
60849, 2410, 0, 0, 0
60849, 1030, 1, 0, 0
60949, 2430, 0, 0, 0
60949, 960, 1, 0, 0
61049, 2310, 0, 0, 0
61049, 1010, 1, 0, 0
61149, 2360, 0, 0, 0
61149, 1030, 1, 0, 0
61250, 2270, 0, 0, 0
61250, 1030, 1, 0, 0
61350, 2220, 0, 0, 0
61350, 1020, 1, 0, 0
61450, 2420, 0, 0, 0
61450, 970, 1, 0, 0
61550, 2340, 0, 0, 0
61550, 1010, 1, 0, 0
61650, 2390, 0, 0, 0
61650, 960, 1, 0, 0
61749, 2292, 0, 0, 0
61749, 929, 1, 0, 0
61849, 2250, 0, 0, 0
61849, 1040, 1, 0, 0
61949, 2400, 0, 0, 0
61949, 1000, 1, 0, 0
62049, 2410, 0, 0, 0
62049, 980, 1, 0, 0
62149, 2220, 0, 0, 0
62149, 1040, 1, 0, 0
62250, 2400, 0, 0, 0
62250, 930, 1, 0, 0
62350, 2580, 0, 0, 0
62350, 870, 1, 0, 0
62450, 2300, 0, 0, 0
62450, 1030, 1, 0, 0
62550, 2220, 0, 0, 0
62550, 1040, 1, 0, 0
62650, 2400, 0, 0, 0
62650, 960, 1, 0, 0
62749, 2121, 0, 0, 0
62749, 1030, 1, 0, 0
62849, 2460, 0, 0, 0
62849, 980, 1, 0, 0
62949, 2510, 0, 0, 0
62949, 970, 1, 0, 0
63049, 2260, 0, 0, 0
63049, 1020, 1, 0, 0
63149, 2590, 0, 0, 0
63149, 930, 1, 0, 0
63250, 2530, 0, 0, 0
63250, 910, 1, 0, 0
63350, 2420, 0, 0, 0
63350, 930, 1, 0, 0
63450, 2430, 0, 0, 0
63450, 1010, 1, 0, 0
63550, 2430, 0, 0, 0
63550, 1000, 1, 0, 0
63650, 2150, 0, 0, 0
63650, 1090, 1, 0, 0
63749, 2363, 0, 0, 0
63749, 1030, 1, 0, 0
63849, 2220, 0, 0, 0
63849, 1030, 1, 0, 0
63949, 2300, 0, 0, 0
63949, 990, 1, 0, 0
64049, 2480, 0, 0, 0
64049, 980, 1, 0, 0
64149, 2370, 0, 0, 0
64149, 920, 1, 0, 0
64250, 2200, 0, 0, 0
64250, 1090, 1, 0, 0
64350, 2180, 0, 0, 0
64350, 1020, 1, 0, 0
64450, 2400, 0, 0, 0
64450, 940, 1, 0, 0
64550, 2350, 0, 0, 0
64550, 970, 1, 0, 0
64650, 2490, 0, 0, 0
64650, 860, 1, 0, 0
64749, 2484, 0, 0, 0
64749, 898, 1, 0, 0
64849, 2400, 0, 0, 0
64849, 910, 1, 0, 0
64949, 2330, 0, 0, 0
64949, 950, 1, 0, 0
65049, 2370, 0, 0, 0
65049, 960, 1, 0, 0
65149, 2140, 0, 0, 0
65149, 1040, 1, 0, 0
65250, 2240, 0, 0, 0
65250, 1010, 1, 0, 0
65350, 2330, 0, 0, 0
65350, 910, 1, 0, 0
65450, 2460, 0, 0, 0
65450, 910, 1, 0, 0
65550, 2130, 0, 0, 0
65550, 1010, 1, 0, 0
65650, 2400, 0, 0, 0
65650, 960, 1, 0, 0
65749, 2424, 0, 0, 0
65749, 939, 1, 0, 0
65849, 2320, 0, 0, 0
65849, 880, 1, 0, 0
65949, 2330, 0, 0, 0
65949, 990, 1, 0, 0
66049, 2320, 0, 0, 0
66049, 940, 1, 0, 0
66149, 2300, 0, 0, 0
66149, 940, 1, 0, 0
66250, 2260, 0, 0, 0
66250, 960, 1, 0, 0
66350, 2060, 0, 0, 0
66350, 1040, 1, 0, 0
66450, 2430, 0, 0, 0
66450, 930, 1, 0, 0
66550, 2150, 0, 0, 0
66550, 1000, 1, 0, 0
66650, 2270, 0, 0, 0
66650, 1010, 1, 0, 0
66749, 2333, 0, 0, 0
66749, 949, 1, 0, 0
66849, 2240, 0, 0, 0
66849, 970, 1, 0, 0
66949, 2080, 0, 0, 0
66949, 1020, 1, 0, 0
67049, 2220, 0, 0, 0
67049, 910, 1, 0, 0
67149, 2260, 0, 0, 0
67149, 880, 1, 0, 0
67250, 2210, 0, 0, 0
67250, 970, 1, 0, 0
67350, 2180, 0, 0, 0
67350, 1000, 1, 0, 0
67450, 2060, 0, 0, 0
67450, 1080, 1, 0, 0
67550, 2390, 0, 0, 0
67550, 1000, 1, 0, 0
67650, 2110, 0, 0, 0
67650, 1050, 1, 0, 0
67749, 2393, 0, 0, 0
67749, 858, 1, 0, 0
67849, 2060, 0, 0, 0
67849, 1050, 1, 0, 0
67949, 2300, 0, 0, 0
67949, 960, 1, 0, 0
68049, 2350, 0, 0, 0
68049, 970, 1, 0, 0
68149, 2140, 0, 0, 0
68149, 1050, 1, 0, 0
68250, 2340, 0, 0, 0
68250, 920, 1, 0, 0
68350, 2380, 0, 0, 0
68350, 960, 1, 0, 0
68450, 2530, 0, 0, 0
68450, 920, 1, 0, 0
68550, 2290, 0, 0, 0
68550, 1000, 1, 0, 0
68650, 2050, 0, 0, 0
68650, 1090, 1, 0, 0
68749, 2373, 0, 0, 0
68749, 989, 1, 0, 0
68849, 2130, 0, 0, 0
68849, 1100, 1, 0, 0
68949, 2470, 0, 0, 0
68949, 920, 1, 0, 0
69049, 2440, 0, 0, 0
69049, 990, 1, 0, 0
69149, 2400, 0, 0, 0
69149, 990, 1, 0, 0
69250, 2300, 0, 0, 0
69250, 960, 1, 0, 0
69350, 2390, 0, 0, 0
69350, 930, 1, 0, 0
69450, 2260, 0, 0, 0
69450, 1020, 1, 0, 0
69550, 2420, 0, 0, 0
69550, 980, 1, 0, 0
69650, 2330, 0, 0, 0
69650, 1000, 1, 0, 0
69749, 2434, 0, 0, 0
69749, 969, 1, 0, 0
69849, 2520, 0, 0, 0
69849, 940, 1, 0, 0
69949, 2420, 0, 0, 0
69949, 1020, 1, 0, 0
70049, 2220, 0, 0, 0
70049, 1090, 1, 0, 0
70149, 2290, 0, 0, 0
70149, 980, 1, 0, 0
70249, 2580, 0, 0, 0
70249, 910, 1, 0, 0
70350, 2440, 0, 0, 0
70350, 1000, 1, 0, 0
70450, 2460, 0, 0, 0
70450, 1060, 1, 0, 0
70550, 2560, 0, 0, 0
70550, 1020, 1, 0, 0
70650, 2570, 0, 0, 0
70650, 910, 1, 0, 0
70749, 2555, 0, 0, 0
70749, 909, 1, 0, 0
70849, 2340, 0, 0, 0
70849, 1070, 1, 0, 0
70949, 2480, 0, 0, 0
70949, 930, 1, 0, 0
71049, 2430, 0, 0, 0
71049, 1040, 1, 0, 0
71149, 2450, 0, 0, 0
71149, 970, 1, 0, 0
71249, 2060, 0, 0, 0
71249, 1090, 1, 0, 0
71349, 2350, 0, 0, 0
71349, 960, 1, 0, 0
71450, 2380, 0, 0, 0
71450, 1000, 1, 0, 0
71550, 2460, 0, 0, 0
71550, 940, 1, 0, 0
71650, 2330, 0, 0, 0
71650, 930, 1, 0, 0
71749, 2393, 0, 0, 0
71749, 979, 1, 0, 0
71849, 2210, 0, 0, 0
71849, 1050, 1, 0, 0
71949, 2390, 0, 0, 0
71949, 980, 1, 0, 0
72049, 2310, 0, 0, 0
72049, 1020, 1, 0, 0
72149, 2020, 0, 0, 0
72149, 1120, 1, 0, 0
72249, 2250, 0, 0, 0
72249, 1090, 1, 0, 0
72349, 2390, 0, 0, 0
72349, 1000, 1, 0, 0
72449, 2500, 0, 0, 0
72449, 950, 1, 0, 0
72550, 2140, 0, 0, 0
72550, 1110, 1, 0, 0
72650, 2470, 0, 0, 0
72650, 950, 1, 0, 0
72749, 2555, 0, 0, 0
72749, 919, 1, 0, 0
72849, 2330, 0, 0, 0
72849, 1050, 1, 0, 0
72949, 2560, 0, 0, 0
72949, 950, 1, 0, 0
73049, 2100, 0, 0, 0
73049, 1160, 1, 0, 0
73149, 2360, 0, 0, 0
73149, 1040, 1, 0, 0
73249, 2510, 0, 0, 0
73249, 950, 1, 0, 0
73349, 2180, 0, 0, 0
73349, 1060, 1, 0, 0
73449, 2350, 0, 0, 0
73449, 1080, 1, 0, 0
73550, 2460, 0, 0, 0
73550, 950, 1, 0, 0
73650, 2450, 0, 0, 0
73650, 1030, 1, 0, 0
73749, 2272, 0, 0, 0
73749, 1141, 1, 0, 0
73849, 2400, 0, 0, 0
73849, 1040, 1, 0, 0
73949, 2400, 0, 0, 0
73949, 1080, 1, 0, 0
74049, 2550, 0, 0, 0
74049, 1000, 1, 0, 0
74149, 2680, 0, 0, 0
74149, 930, 1, 0, 0
74249, 2340, 0, 0, 0
74249, 1050, 1, 0, 0
74349, 2320, 0, 0, 0
74349, 1080, 1, 0, 0
74449, 2530, 0, 0, 0
74449, 950, 1, 0, 0
74550, 2530, 0, 0, 0
74550, 1000, 1, 0, 0
74650, 2330, 0, 0, 0
74650, 1070, 1, 0, 0
74749, 2313, 0, 0, 0
74749, 1131, 1, 0, 0
74849, 2510, 0, 0, 0
74849, 1080, 1, 0, 0
74949, 2290, 0, 0, 0
74949, 1100, 1, 0, 0
75049, 2380, 0, 0, 0
75049, 1060, 1, 0, 0
75149, 2320, 0, 0, 0
75149, 1060, 1, 0, 0
75249, 2510, 0, 0, 0
75249, 1040, 1, 0, 0
75349, 2280, 0, 0, 0
75349, 1110, 1, 0, 0
75449, 2710, 0, 0, 0
75449, 930, 1, 0, 0
75550, 2400, 0, 0, 0
75550, 1110, 1, 0, 0
75650, 2740, 0, 0, 0
75650, 920, 1, 0, 0
75749, 2111, 0, 0, 0
75749, 1181, 1, 0, 0
75849, 2450, 0, 0, 0
75849, 1050, 1, 0, 0
75949, 2370, 0, 0, 0
75949, 1060, 1, 0, 0
76049, 2460, 0, 0, 0
76049, 1060, 1, 0, 0
76149, 2390, 0, 0, 0
76149, 1080, 1, 0, 0
76249, 2380, 0, 0, 0
76249, 1070, 1, 0, 0
76349, 2100, 0, 0, 0
76349, 1160, 1, 0, 0
76449, 2180, 0, 0, 0
76449, 1110, 1, 0, 0
76550, 2610, 0, 0, 0
76550, 930, 1, 0, 0
76650, 2430, 0, 0, 0
76650, 1070, 1, 0, 0
76749, 2484, 0, 0, 0
76749, 979, 1, 0, 0
76849, 2340, 0, 0, 0
76849, 1060, 1, 0, 0
76949, 2360, 0, 0, 0
76949, 1080, 1, 0, 0
77049, 2300, 0, 0, 0
77049, 1120, 1, 0, 0
77149, 2370, 0, 0, 0
77149, 1090, 1, 0, 0
77249, 2430, 0, 0, 0
77249, 1040, 1, 0, 0
77349, 2520, 0, 0, 0
77349, 950, 1, 0, 0
77449, 2370, 0, 0, 0
77449, 1090, 1, 0, 0
77550, 2670, 0, 0, 0
77550, 990, 1, 0, 0
77650, 2240, 0, 0, 0
77650, 1170, 1, 0, 0
77749, 2303, 0, 0, 0
77749, 1131, 1, 0, 0
77849, 2310, 0, 0, 0
77849, 1090, 1, 0, 0
77949, 2530, 0, 0, 0
77949, 1050, 1, 0, 0
78049, 2520, 0, 0, 0
78049, 990, 1, 0, 0
78149, 2640, 0, 0, 0
78149, 940, 1, 0, 0
78249, 2390, 0, 0, 0
78249, 1040, 1, 0, 0
78349, 2540, 0, 0, 0
78349, 990, 1, 0, 0
78449, 2480, 0, 0, 0
78449, 1020, 1, 0, 0
78550, 2270, 0, 0, 0
78550, 1140, 1, 0, 0
78650, 2310, 0, 0, 0
78650, 1060, 1, 0, 0
78749, 2121, 0, 0, 0
78749, 1161, 1, 0, 0
78849, 2930, 0, 0, 0
78849, 860, 1, 0, 0
78949, 2530, 0, 0, 0
78949, 980, 1, 0, 0
79049, 2430, 0, 0, 0
79049, 1030, 1, 0, 0
79149, 2630, 0, 0, 0
79149, 970, 1, 0, 0
79249, 2230, 0, 0, 0
79249, 1140, 1, 0, 0
79349, 2330, 0, 0, 0
79349, 1130, 1, 0, 0
79449, 2730, 0, 0, 0
79449, 850, 1, 0, 0
79549, 2470, 0, 0, 0
79549, 1010, 1, 0, 0
79650, 2420, 0, 0, 0
79650, 1050, 1, 0, 0
79749, 2575, 0, 0, 0
79749, 1010, 1, 0, 0
79849, 2490, 0, 0, 0
79849, 1010, 1, 0, 0
79949, 2690, 0, 0, 0
79949, 960, 1, 0, 0
80049, 2600, 0, 0, 0
80049, 970, 1, 0, 0
80149, 2330, 0, 0, 0
80149, 1070, 1, 0, 0
80249, 2510, 0, 0, 0
80249, 1040, 1, 0, 0
80349, 2700, 0, 0, 0
80349, 970, 1, 0, 0
80449, 2570, 0, 0, 0
80449, 940, 1, 0, 0
80550, 2190, 0, 0, 0
80550, 1040, 1, 0, 0
80650, 2240, 0, 0, 0
80650, 1070, 1, 0, 0
80749, 2232, 0, 0, 0
80749, 1060, 1, 0, 0
80849, 2300, 0, 0, 0
80849, 1100, 1, 0, 0
80949, 2250, 0, 0, 0
80949, 1120, 1, 0, 0
81049, 2380, 0, 0, 0
81049, 1040, 1, 0, 0
81149, 2330, 0, 0, 0
81149, 1030, 1, 0, 0
81249, 2330, 0, 0, 0
81249, 1030, 1, 0, 0
81349, 2200, 0, 0, 0
81349, 1130, 1, 0, 0
81449, 2560, 0, 0, 0
81449, 960, 1, 0, 0
81549, 2170, 0, 0, 0
81549, 1140, 1, 0, 0
81650, 2160, 0, 0, 0
81650, 1060, 1, 0, 0
81750, 2420, 0, 0, 0
81750, 990, 1, 0, 0
81850, 2210, 0, 0, 0
81850, 1120, 1, 0, 0
81950, 2510, 0, 0, 0
81950, 1000, 1, 0, 0
82050, 2220, 0, 0, 0
82050, 1150, 1, 0, 0
82150, 2320, 0, 0, 0
82150, 1020, 1, 0, 0
82249, 2414, 0, 0, 0
82249, 1040, 1, 0, 0
82349, 2300, 0, 0, 0
82349, 1060, 1, 0, 0
82449, 2530, 0, 0, 0
82449, 970, 1, 0, 0
82549, 2250, 0, 0, 0
82549, 1050, 1, 0, 0
82649, 2270, 0, 0, 0
82649, 1030, 1, 0, 0
82750, 2370, 0, 0, 0
82750, 1030, 1, 0, 0
82850, 2630, 0, 0, 0
82850, 920, 1, 0, 0
82950, 2420, 0, 0, 0
82950, 970, 1, 0, 0
83050, 2180, 0, 0, 0
83050, 1120, 1, 0, 0
83150, 2530, 0, 0, 0
83150, 980, 1, 0, 0
83249, 2333, 0, 0, 0
83249, 989, 1, 0, 0
83349, 2330, 0, 0, 0
83349, 1020, 1, 0, 0
83449, 2590, 0, 0, 0
83449, 980, 1, 0, 0
83549, 2300, 0, 0, 0
83549, 1140, 1, 0, 0
83649, 2470, 0, 0, 0
83649, 1060, 1, 0, 0
83750, 2230, 0, 0, 0
83750, 1180, 1, 0, 0
83850, 2500, 0, 0, 0
83850, 1030, 1, 0, 0
83950, 2480, 0, 0, 0
83950, 1010, 1, 0, 0
84050, 2450, 0, 0, 0
84050, 990, 1, 0, 0
84150, 2390, 0, 0, 0
84150, 1060, 1, 0, 0
84249, 2505, 0, 0, 0
84249, 1030, 1, 0, 0
84349, 2190, 0, 0, 0
84349, 1130, 1, 0, 0
84449, 2580, 0, 0, 0
84449, 1020, 1, 0, 0
84549, 2380, 0, 0, 0
84549, 1040, 1, 0, 0
84649, 2440, 0, 0, 0
84649, 1070, 1, 0, 0
84750, 2480, 0, 0, 0
84750, 1040, 1, 0, 0
84850, 2290, 0, 0, 0
84850, 1160, 1, 0, 0
84950, 2360, 0, 0, 0
84950, 1000, 1, 0, 0
85050, 2550, 0, 0, 0
85050, 1040, 1, 0, 0
85150, 2570, 0, 0, 0
85150, 970, 1, 0, 0
85249, 2313, 0, 0, 0
85249, 1090, 1, 0, 0
85349, 2390, 0, 0, 0
85349, 1070, 1, 0, 0
85449, 2270, 0, 0, 0
85449, 1110, 1, 0, 0
85549, 2430, 0, 0, 0
85549, 1080, 1, 0, 0
85649, 2410, 0, 0, 0
85649, 990, 1, 0, 0
85750, 2340, 0, 0, 0
85750, 1110, 1, 0, 0
85850, 2130, 0, 0, 0
85850, 1090, 1, 0, 0
85950, 2520, 0, 0, 0
85950, 970, 1, 0, 0
86050, 2510, 0, 0, 0
86050, 950, 1, 0, 0
86150, 2530, 0, 0, 0
86150, 980, 1, 0, 0
86249, 2252, 0, 0, 0
86249, 1121, 1, 0, 0
86349, 2380, 0, 0, 0
86349, 1020, 1, 0, 0
86449, 2600, 0, 0, 0
86449, 900, 1, 0, 0
86549, 2420, 0, 0, 0
86549, 1030, 1, 0, 0
86649, 2140, 0, 0, 0
86649, 1100, 1, 0, 0
86750, 2630, 0, 0, 0
86750, 880, 1, 0, 0
86850, 2300, 0, 0, 0
86850, 1040, 1, 0, 0
86950, 2220, 0, 0, 0
86950, 1080, 1, 0, 0
87050, 2250, 0, 0, 0
87050, 1030, 1, 0, 0
87150, 2420, 0, 0, 0
87150, 980, 1, 0, 0
87249, 2282, 0, 0, 0
87249, 1060, 1, 0, 0
87349, 2170, 0, 0, 0
87349, 1140, 1, 0, 0
87449, 2210, 0, 0, 0
87449, 1080, 1, 0, 0
87549, 2380, 0, 0, 0
87549, 1030, 1, 0, 0
87649, 2190, 0, 0, 0
87649, 1090, 1, 0, 0
87750, 2260, 0, 0, 0
87750, 1030, 1, 0, 0
87850, 1990, 0, 0, 0
87850, 1180, 1, 0, 0
87950, 2310, 0, 0, 0
87950, 1060, 1, 0, 0
88050, 2360, 0, 0, 0
88050, 1030, 1, 0, 0
88150, 2460, 0, 0, 0
88150, 1010, 1, 0, 0
88249, 2323, 0, 0, 0
88249, 1060, 1, 0, 0
88349, 2260, 0, 0, 0
88349, 1030, 1, 0, 0
88449, 2380, 0, 0, 0
88449, 980, 1, 0, 0
88549, 2310, 0, 0, 0
88549, 1060, 1, 0, 0
88649, 2410, 0, 0, 0
88649, 1030, 1, 0, 0
88750, 2450, 0, 0, 0
88750, 1020, 1, 0, 0
88850, 2250, 0, 0, 0
88850, 1030, 1, 0, 0
88950, 2580, 0, 0, 0
88950, 940, 1, 0, 0
89050, 2440, 0, 0, 0
89050, 1010, 1, 0, 0
89150, 2650, 0, 0, 0
89150, 880, 1, 0, 0
89249, 2272, 0, 0, 0
89249, 1090, 1, 0, 0
89349, 2390, 0, 0, 0
89349, 1020, 1, 0, 0
89449, 2640, 0, 0, 0
89449, 890, 1, 0, 0
89549, 2300, 0, 0, 0
89549, 1000, 1, 0, 0
89649, 2170, 0, 0, 0
89649, 1100, 1, 0, 0
89749, 2310, 0, 0, 0
89749, 1000, 1, 0, 0
89850, 2300, 0, 0, 0
89850, 1070, 1, 0, 0
89950, 2580, 0, 0, 0
89950, 900, 1, 0, 0
