250, 258048, 0, 0, 0
350, 266240, 0, 0, 0
450, 291840, 0, 0, 0
550, 256000, 0, 0, 0
650, 276480, 0, 0, 0
749, 299959, 0, 0, 0
849, 230400, 0, 0, 0
949, 261120, 0, 0, 0
1049, 276480, 0, 0, 0
1149, 281600, 0, 0, 0
1249, 235520, 0, 0, 0
1349, 256000, 0, 0, 0
1449, 281600, 0, 0, 0
1549, 296960, 0, 0, 0
1650, 271360, 0, 0, 0
1749, 258585, 0, 0, 0
1849, 250880, 0, 0, 0
1949, 266240, 0, 0, 0
2049, 230400, 0, 0, 0
2149, 281600, 0, 0, 0
2249, 256000, 0, 0, 0
2349, 261120, 0, 0, 0
2449, 271360, 0, 0, 0
2549, 225280, 0, 0, 0
2649, 296960, 0, 0, 0
2749, 276480, 0, 0, 0
2849, 240640, 0, 0, 0
2949, 235520, 0, 0, 0
3049, 276480, 0, 0, 0
3149, 281600, 0, 0, 0
3250, 281600, 0, 0, 0
3350, 276480, 0, 0, 0
3450, 276480, 0, 0, 0
3550, 291840, 0, 0, 0
3650, 266240, 0, 0, 0
3749, 268929, 0, 0, 0
3849, 271360, 0, 0, 0
3949, 215040, 0, 0, 0
4049, 281600, 0, 0, 0
4149, 261120, 0, 0, 0
4249, 271360, 0, 0, 0
4349, 276480, 0, 0, 0
4449, 250880, 0, 0, 0
4549, 261120, 0, 0, 0
4649, 281600, 0, 0, 0
4750, 307200, 0, 0, 0
4850, 307200, 0, 0, 0
4950, 240640, 0, 0, 0
5050, 240640, 0, 0, 0
5150, 286720, 0, 0, 0
5249, 258585, 0, 0, 0
5349, 245760, 0, 0, 0
5449, 281600, 0, 0, 0
5549, 281600, 0, 0, 0
5649, 230400, 0, 0, 0
5749, 245760, 0, 0, 0
5849, 245760, 0, 0, 0
5949, 250880, 0, 0, 0
6050, 245760, 0, 0, 0
6150, 276480, 0, 0, 0
6249, 268929, 0, 0, 0
6349, 291840, 0, 0, 0
6449, 250880, 0, 0, 0
6549, 245760, 0, 0, 0
6649, 271360, 0, 0, 0
6749, 240640, 0, 0, 0
6849, 256000, 0, 0, 0
6949, 281600, 0, 0, 0
7049, 230400, 0, 0, 0
7149, 261120, 0, 0, 0
7249, 281600, 0, 0, 0
7350, 276480, 0, 0, 0
7450, 261120, 0, 0, 0
7550, 281600, 0, 0, 0
7650, 266240, 0, 0, 0
7749, 279272, 0, 0, 0
7849, 256000, 0, 0, 0
7949, 302080, 0, 0, 0
8049, 286720, 0, 0, 0
8149, 256000, 0, 0, 0
8249, 256000, 0, 0, 0
8349, 256000, 0, 0, 0
8449, 302080, 0, 0, 0
8549, 271360, 0, 0, 0
8649, 276480, 0, 0, 0
8749, 271360, 0, 0, 0
8849, 240640, 0, 0, 0
8950, 276480, 0, 0, 0
9050, 271360, 0, 0, 0
9150, 235520, 0, 0, 0
9249, 289616, 0, 0, 0
9349, 276480, 0, 0, 0
9449, 245760, 0, 0, 0
9549, 276480, 0, 0, 0
9649, 307200, 0, 0, 0
9749, 261120, 0, 0, 0
9849, 281600, 0, 0, 0
9949, 261120, 0, 0, 0
10049, 250880, 0, 0, 0
10149, 296960, 0, 0, 0
10249, 276480, 0, 0, 0
10349, 240640, 0, 0, 0
10449, 266240, 0, 0, 0
10550, 250880, 0, 0, 0
10650, 266240, 0, 0, 0
10749, 263757, 0, 0, 0
10849, 250880, 0, 0, 0
10949, 307200, 0, 0, 0
11049, 281600, 0, 0, 0
11149, 271360, 0, 0, 0
11249, 286720, 0, 0, 0
11349, 250880, 0, 0, 0
11449, 271360, 0, 0, 0
11549, 245760, 0, 0, 0
11649, 240640, 0, 0, 0
11749, 286720, 0, 0, 0
11849, 307200, 0, 0, 0
11949, 286720, 0, 0, 0
12049, 271360, 0, 0, 0
12150, 245760, 0, 0, 0
12249, 294787, 0, 0, 0
12349, 276480, 0, 0, 0
12449, 291840, 0, 0, 0
12549, 276480, 0, 0, 0
12649, 235520, 0, 0, 0
12749, 276480, 0, 0, 0
12849, 256000, 0, 0, 0
12949, 245760, 0, 0, 0
13049, 261120, 0, 0, 0
13149, 240640, 0, 0, 0
13249, 317440, 0, 0, 0
13349, 250880, 0, 0, 0
13449, 230400, 0, 0, 0
13549, 296960, 0, 0, 0
13649, 256000, 0, 0, 0
13750, 276480, 0, 0, 0
13850, 240640, 0, 0, 0
13950, 296960, 0, 0, 0
14050, 256000, 0, 0, 0
14150, 276480, 0, 0, 0
14249, 243070, 0, 0, 0
14349, 256000, 0, 0, 0
14449, 266240, 0, 0, 0
14549, 271360, 0, 0, 0
14649, 281600, 0, 0, 0
14749, 276480, 0, 0, 0
14849, 250880, 0, 0, 0
14949, 261120, 0, 0, 0
15049, 286720, 0, 0, 0
15149, 266240, 0, 0, 0
15249, 276480, 0, 0, 0
15350, 271360, 0, 0, 0
15450, 245760, 0, 0, 0
15550, 245760, 0, 0, 0
15650, 286720, 0, 0, 0
15749, 279272, 0, 0, 0
15849, 327680, 0, 0, 0
15949, 296960, 0, 0, 0
16049, 245760, 0, 0, 0
16149, 296960, 0, 0, 0
16249, 245760, 0, 0, 0
16349, 271360, 0, 0, 0
16449, 276480, 0, 0, 0
16549, 250880, 0, 0, 0
16649, 281600, 0, 0, 0
16749, 296960, 0, 0, 0
16849, 281600, 0, 0, 0
16949, 240640, 0, 0, 0
17050, 286720, 0, 0, 0
17150, 250880, 0, 0, 0
17249, 268929, 0, 0, 0
17349, 230400, 0, 0, 0
17449, 276480, 0, 0, 0
17549, 296960, 0, 0, 0
17649, 291840, 0, 0, 0
17749, 276480, 0, 0, 0
17849, 261120, 0, 0, 0
17949, 261120, 0, 0, 0
18049, 271360, 0, 0, 0
18149, 225280, 0, 0, 0
18249, 276480, 0, 0, 0
18349, 276480, 0, 0, 0
18449, 281600, 0, 0, 0
18549, 291840, 0, 0, 0
18650, 276480, 0, 0, 0
18750, 286720, 0, 0, 0
18850, 271360, 0, 0, 0
18950, 286720, 0, 0, 0
19050, 256000, 0, 0, 0
19150, 276480, 0, 0, 0
19249, 253414, 0, 0, 0
19349, 256000, 0, 0, 0
19449, 266240, 0, 0, 0
19549, 296960, 0, 0, 0
19649, 256000, 0, 0, 0
19749, 317440, 0, 0, 0
19849, 286720, 0, 0, 0
19949, 261120, 0, 0, 0
20049, 276480, 0, 0, 0
20150, 266240, 0, 0, 0
20250, 281600, 0, 0, 0
20350, 296960, 0, 0, 0
20450, 266240, 0, 0, 0
20550, 276480, 0, 0, 0
20650, 266240, 0, 0, 0
20749, 284444, 0, 0, 0
20849, 256000, 0, 0, 0
20949, 256000, 0, 0, 0
21049, 291840, 0, 0, 0
21149, 250880, 0, 0, 0
21249, 235520, 0, 0, 0
21349, 322560, 0, 0, 0
21449, 256000, 0, 0, 0
21549, 261120, 0, 0, 0
21650, 291840, 0, 0, 0
21749, 263757, 0, 0, 0
21849, 240640, 0, 0, 0
21949, 235520, 0, 0, 0
22049, 250880, 0, 0, 0
22149, 261120, 0, 0, 0
22249, 256000, 0, 0, 0
22349, 261120, 0, 0, 0
22449, 276480, 0, 0, 0
22549, 276480, 0, 0, 0
22649, 266240, 0, 0, 0
22749, 276480, 0, 0, 0
22849, 276480, 0, 0, 0
22949, 256000, 0, 0, 0
23050, 230400, 0, 0, 0
23150, 271360, 0, 0, 0
23249, 310303, 0, 0, 0
23349, 261120, 0, 0, 0
23449, 261120, 0, 0, 0
23549, 286720, 0, 0, 0
23649, 256000, 0, 0, 0
23749, 302080, 0, 0, 0
23849, 281600, 0, 0, 0
23949, 266240, 0, 0, 0
24049, 266240, 0, 0, 0
24149, 312320, 0, 0, 0
24249, 240640, 0, 0, 0
24349, 291840, 0, 0, 0
24449, 266240, 0, 0, 0
24549, 302080, 0, 0, 0
24649, 286720, 0, 0, 0
24750, 261120, 0, 0, 0
24850, 271360, 0, 0, 0
24950, 291840, 0, 0, 0
25050, 245760, 0, 0, 0
25150, 261120, 0, 0, 0
25249, 237898, 0, 0, 0
25349, 245760, 0, 0, 0
25449, 245760, 0, 0, 0
25549, 261120, 0, 0, 0
25649, 271360, 0, 0, 0
25749, 250880, 0, 0, 0
25849, 312320, 0, 0, 0
25949, 209920, 0, 0, 0
26049, 281600, 0, 0, 0
26149, 286720, 0, 0, 0
26250, 291840, 0, 0, 0
26350, 266240, 0, 0, 0
26450, 266240, 0, 0, 0
26550, 296960, 0, 0, 0
26650, 266240, 0, 0, 0
26749, 268929, 0, 0, 0
26849, 296960, 0, 0, 0
26949, 271360, 0, 0, 0
27049, 296960, 0, 0, 0
27149, 286720, 0, 0, 0
27249, 276480, 0, 0, 0
27349, 225280, 0, 0, 0
27449, 317440, 0, 0, 0
27549, 235520, 0, 0, 0
27649, 261120, 0, 0, 0
27750, 276480, 0, 0, 0
27850, 276480, 0, 0, 0
27950, 271360, 0, 0, 0
28050, 261120, 0, 0, 0
28150, 261120, 0, 0, 0
28249, 268929, 0, 0, 0
28349, 266240, 0, 0, 0
28449, 291840, 0, 0, 0
28549, 276480, 0, 0, 0
28649, 230400, 0, 0, 0
28749, 250880, 0, 0, 0
28849, 240640, 0, 0, 0
28949, 256000, 0, 0, 0
29049, 281600, 0, 0, 0
29149, 250880, 0, 0, 0
29250, 250880, 0, 0, 0
29350, 235520, 0, 0, 0
29450, 250880, 0, 0, 0
29550, 281600, 0, 0, 0
29650, 276480, 0, 0, 0
29749, 268929, 0, 0, 0
29849, 230400, 0, 0, 0
29949, 271360, 0, 0, 0
30049, 281600, 0, 0, 0
30149, 276480, 0, 0, 0
30249, 317440, 0, 0, 0
30349, 286720, 0, 0, 0
30449, 281600, 0, 0, 0
30549, 271360, 0, 0, 0
30649, 296960, 0, 0, 0
30750, 261120, 0, 0, 0
30850, 281600, 0, 0, 0
30950, 296960, 0, 0, 0
31050, 235520, 0, 0, 0
31150, 286720, 0, 0, 0
31249, 248242, 0, 0, 0
31349, 261120, 0, 0, 0
31449, 291840, 0, 0, 0
31549, 261120, 0, 0, 0
31649, 250880, 0, 0, 0
31749, 286720, 0, 0, 0
31849, 281600, 0, 0, 0
31949, 250880, 0, 0, 0
32049, 266240, 0, 0, 0
32149, 261120, 0, 0, 0
32250, 256000, 0, 0, 0
32350, 256000, 0, 0, 0
32450, 266240, 0, 0, 0
32550, 256000, 0, 0, 0
32650, 240640, 0, 0, 0
32749, 268929, 0, 0, 0
32849, 271360, 0, 0, 0
32949, 276480, 0, 0, 0
33049, 250880, 0, 0, 0
33149, 256000, 0, 0, 0
33249, 266240, 0, 0, 0
33349, 245760, 0, 0, 0
33449, 250880, 0, 0, 0
33549, 281600, 0, 0, 0
33649, 307200, 0, 0, 0
33750, 307200, 0, 0, 0
33850, 266240, 0, 0, 0
33950, 271360, 0, 0, 0
34050, 286720, 0, 0, 0
34150, 256000, 0, 0, 0
34249, 237898, 0, 0, 0
34349, 235520, 0, 0, 0
34449, 266240, 0, 0, 0
34549, 256000, 0, 0, 0
34649, 261120, 0, 0, 0
34749, 266240, 0, 0, 0
34849, 312320, 0, 0, 0
34949, 261120, 0, 0, 0
35050, 281600, 0, 0, 0
35150, 296960, 0, 0, 0
35249, 248242, 0, 0, 0
35349, 245760, 0, 0, 0
35449, 261120, 0, 0, 0
35549, 235520, 0, 0, 0
35649, 245760, 0, 0, 0
35749, 220160, 0, 0, 0
35849, 250880, 0, 0, 0
35949, 261120, 0, 0, 0
36049, 271360, 0, 0, 0
36149, 276480, 0, 0, 0
36249, 281600, 0, 0, 0
36349, 276480, 0, 0, 0
36449, 266240, 0, 0, 0
36550, 296960, 0, 0, 0
36650, 296960, 0, 0, 0
36749, 253414, 0, 0, 0
36849, 261120, 0, 0, 0
36949, 276480, 0, 0, 0
37049, 276480, 0, 0, 0
37149, 235520, 0, 0, 0
37249, 266240, 0, 0, 0
37349, 250880, 0, 0, 0
37449, 256000, 0, 0, 0
37549, 271360, 0, 0, 0
37649, 286720, 0, 0, 0
37749, 256000, 0, 0, 0
37849, 230400, 0, 0, 0
37949, 286720, 0, 0, 0
38049, 256000, 0, 0, 0
38150, 281600, 0, 0, 0
38249, 268929, 0, 0, 0
38349, 250880, 0, 0, 0
38449, 286720, 0, 0, 0
38549, 276480, 0, 0, 0
38649, 240640, 0, 0, 0
38749, 261120, 0, 0, 0
38849, 312320, 0, 0, 0
38949, 266240, 0, 0, 0
39049, 286720, 0, 0, 0
39149, 235520, 0, 0, 0
39249, 245760, 0, 0, 0
39349, 240640, 0, 0, 0
39449, 276480, 0, 0, 0
39549, 276480, 0, 0, 0
39650, 235520, 0, 0, 0
39749, 263757, 0, 0, 0
39849, 256000, 0, 0, 0
39949, 266240, 0, 0, 0
40049, 296960, 0, 0, 0
40149, 240640, 0, 0, 0
40249, 266240, 0, 0, 0
40349, 266240, 0, 0, 0
40449, 276480, 0, 0, 0
40549, 307200, 0, 0, 0
40649, 296960, 0, 0, 0
40749, 266240, 0, 0, 0
40849, 276480, 0, 0, 0
40949, 261120, 0, 0, 0
41049, 261120, 0, 0, 0
41150, 281600, 0, 0, 0
41249, 294787, 0, 0, 0
41349, 245760, 0, 0, 0
41449, 266240, 0, 0, 0
41549, 281600, 0, 0, 0
41649, 220160, 0, 0, 0
41749, 230400, 0, 0, 0
41849, 281600, 0, 0, 0
41949, 291840, 0, 0, 0
42049, 266240, 0, 0, 0
42149, 271360, 0, 0, 0
42249, 291840, 0, 0, 0
42349, 256000, 0, 0, 0
42449, 276480, 0, 0, 0
42550, 261120, 0, 0, 0
42650, 220160, 0, 0, 0
42749, 263757, 0, 0, 0
42849, 235520, 0, 0, 0
42949, 266240, 0, 0, 0
43049, 266240, 0, 0, 0
43149, 271360, 0, 0, 0
43249, 261120, 0, 0, 0
43349, 261120, 0, 0, 0
43449, 281600, 0, 0, 0
43549, 271360, 0, 0, 0
43649, 245760, 0, 0, 0
43749, 286720, 0, 0, 0
43849, 240640, 0, 0, 0
43949, 276480, 0, 0, 0
44050, 271360, 0, 0, 0
44150, 261120, 0, 0, 0
44249, 243070, 0, 0, 0
44349, 256000, 0, 0, 0
44449, 261120, 0, 0, 0
44549, 209920, 0, 0, 0
44649, 271360, 0, 0, 0
44749, 266240, 0, 0, 0
44849, 266240, 0, 0, 0
44949, 250880, 0, 0, 0
45049, 225280, 0, 0, 0
45149, 286720, 0, 0, 0
45249, 256000, 0, 0, 0
45349, 266240, 0, 0, 0
45450, 296960, 0, 0, 0
45550, 225280, 0, 0, 0
45650, 240640, 0, 0, 0
45749, 289616, 0, 0, 0
45849, 286720, 0, 0, 0
45949, 250880, 0, 0, 0
46049, 250880, 0, 0, 0
46149, 266240, 0, 0, 0
46249, 240640, 0, 0, 0
46349, 266240, 0, 0, 0
46449, 312320, 0, 0, 0
46549, 261120, 0, 0, 0
46649, 271360, 0, 0, 0
46750, 256000, 0, 0, 0
46850, 286720, 0, 0, 0
46950, 256000, 0, 0, 0
47050, 286720, 0, 0, 0
47150, 286720, 0, 0, 0
47249, 232727, 0, 0, 0
47349, 256000, 0, 0, 0
47449, 250880, 0, 0, 0
47549, 240640, 0, 0, 0
47649, 281600, 0, 0, 0
47749, 302080, 0, 0, 0
47849, 230400, 0, 0, 0
47949, 245760, 0, 0, 0
48049, 250880, 0, 0, 0
48149, 256000, 0, 0, 0
48250, 266240, 0, 0, 0
48350, 271360, 0, 0, 0
48450, 230400, 0, 0, 0
48550, 245760, 0, 0, 0
48650, 266240, 0, 0, 0
48749, 227555, 0, 0, 0
48849, 245760, 0, 0, 0
48949, 250880, 0, 0, 0
49049, 204800, 0, 0, 0
49149, 209920, 0, 0, 0
49249, 256000, 0, 0, 0
49349, 250880, 0, 0, 0
49449, 235520, 0, 0, 0
49549, 220160, 0, 0, 0
49649, 235520, 0, 0, 0
49750, 240640, 0, 0, 0
49850, 209920, 0, 0, 0
49950, 235520, 0, 0, 0
50050, 220160, 0, 0, 0
50150, 225280, 0, 0, 0
50249, 258585, 0, 0, 0
50349, 240640, 0, 0, 0
50449, 235520, 0, 0, 0
50549, 235520, 0, 0, 0
50649, 240640, 0, 0, 0
50749, 235520, 0, 0, 0
50849, 266240, 0, 0, 0
50949, 256000, 0, 0, 0
51049, 215040, 0, 0, 0
51149, 189440, 0, 0, 0
51250, 225280, 0, 0, 0
51350, 256000, 0, 0, 0
51450, 230400, 0, 0, 0
51550, 204800, 0, 0, 0
51650, 250880, 0, 0, 0
51749, 212040, 0, 0, 0
51849, 261120, 0, 0, 0
51949, 230400, 0, 0, 0
52049, 245760, 0, 0, 0
52149, 194560, 0, 0, 0
52249, 250880, 0, 0, 0
52349, 235520, 0, 0, 0
52449, 209920, 0, 0, 0
52549, 189440, 0, 0, 0
52649, 261120, 0, 0, 0
52750, 209920, 0, 0, 0
52850, 225280, 0, 0, 0
52950, 220160, 0, 0, 0
53050, 184320, 0, 0, 0
53150, 209920, 0, 0, 0
53249, 227555, 0, 0, 0
53349, 230400, 0, 0, 0
53449, 250880, 0, 0, 0
53549, 240640, 0, 0, 0
53649, 204800, 0, 0, 0
53749, 240640, 0, 0, 0
53849, 240640, 0, 0, 0
53949, 215040, 0, 0, 0
54049, 215040, 0, 0, 0
54149, 225280, 0, 0, 0
54249, 215040, 0, 0, 0
54350, 225280, 0, 0, 0
54450, 209920, 0, 0, 0
54550, 240640, 0, 0, 0
54650, 209920, 0, 0, 0
54749, 227555, 0, 0, 0
54849, 215040, 0, 0, 0
54949, 209920, 0, 0, 0
55049, 235520, 0, 0, 0
55149, 230400, 0, 0, 0
55249, 230400, 0, 0, 0
55349, 225280, 0, 0, 0
55449, 209920, 0, 0, 0
55549, 245760, 0, 0, 0
55649, 240640, 0, 0, 0
55749, 235520, 0, 0, 0
55849, 209920, 0, 0, 0
55950, 220160, 0, 0, 0
56050, 256000, 0, 0, 0
56150, 250880, 0, 0, 0
56249, 212040, 0, 0, 0
56349, 261120, 0, 0, 0
56449, 235520, 0, 0, 0
56549, 245760, 0, 0, 0
56649, 230400, 0, 0, 0
56749, 256000, 0, 0, 0
56849, 261120, 0, 0, 0
56949, 225280, 0, 0, 0
57049, 235520, 0, 0, 0
57149, 235520, 0, 0, 0
57249, 199680, 0, 0, 0
57350, 250880, 0, 0, 0
57450, 225280, 0, 0, 0
57550, 240640, 0, 0, 0
57650, 215040, 0, 0, 0
57749, 248242, 0, 0, 0
57849, 230400, 0, 0, 0
57949, 235520, 0, 0, 0
58049, 240640, 0, 0, 0
58149, 235520, 0, 0, 0
58249, 240640, 0, 0, 0
58349, 215040, 0, 0, 0
58449, 240640, 0, 0, 0
58549, 240640, 0, 0, 0
58649, 240640, 0, 0, 0
58749, 230400, 0, 0, 0
58849, 240640, 0, 0, 0
58950, 266240, 0, 0, 0
59050, 225280, 0, 0, 0
59150, 204800, 0, 0, 0
59249, 212040, 0, 0, 0
59349, 209920, 0, 0, 0
59449, 235520, 0, 0, 0
59549, 256000, 0, 0, 0
59649, 215040, 0, 0, 0
59749, 220160, 0, 0, 0
59849, 235520, 0, 0, 0
59949, 225280, 0, 0, 0
