250, 320, 0, 0, 0
350, 300, 0, 0, 0
450, 470, 0, 0, 0
550, 310, 0, 0, 0
650, 310, 0, 0, 0
749, 303, 0, 0, 0
849, 370, 0, 0, 0
949, 290, 0, 0, 0
1049, 310, 0, 0, 0
1149, 290, 0, 0, 0
1249, 350, 0, 0, 0
1350, 440, 0, 0, 0
1450, 450, 0, 0, 0
1550, 240, 0, 0, 0
1650, 280, 0, 0, 0
1749, 313, 0, 0, 0
1849, 390, 0, 0, 0
1949, 290, 0, 0, 0
2049, 310, 0, 0, 0
2149, 320, 0, 0, 0
2249, 300, 0, 0, 0
2349, 310, 0, 0, 0
2449, 410, 0, 0, 0
2549, 350, 0, 0, 0
2649, 350, 0, 0, 0
2750, 300, 0, 0, 0
2850, 410, 0, 0, 0
2950, 280, 0, 0, 0
3050, 400, 0, 0, 0
3150, 320, 0, 0, 0
3249, 303, 0, 0, 0
3349, 390, 0, 0, 0
3449, 330, 0, 0, 0
3549, 360, 0, 0, 0
3649, 320, 0, 0, 0
3749, 380, 0, 0, 0
3849, 390, 0, 0, 0
3949, 260, 0, 0, 0
4050, 310, 0, 0, 0
4150, 290, 0, 0, 0
4249, 323, 0, 0, 0
4349, 340, 0, 0, 0
4449, 270, 0, 0, 0
4549, 380, 0, 0, 0
4649, 450, 0, 0, 0
4749, 420, 0, 0, 0
4849, 330, 0, 0, 0
4949, 190, 0, 0, 0
5049, 310, 0, 0, 0
5149, 230, 0, 0, 0
5250, 310, 0, 0, 0
5350, 380, 0, 0, 0
5450, 320, 0, 0, 0
5550, 330, 0, 0, 0
5650, 340, 0, 0, 0
5749, 272, 0, 0, 0
5849, 290, 0, 0, 0
5949, 310, 0, 0, 0
6049, 340, 0, 0, 0
6149, 280, 0, 0, 0
6249, 320, 0, 0, 0
6349, 330, 0, 0, 0
6450, 290, 0, 0, 0
6550, 340, 0, 0, 0
6650, 300, 0, 0, 0
6749, 313, 0, 0, 0
6849, 300, 0, 0, 0
6949, 360, 0, 0, 0
7049, 490, 0, 0, 0
7149, 370, 0, 0, 0
7249, 290, 0, 0, 0
7349, 290, 0, 0, 0
7449, 370, 0, 0, 0
7550, 270, 0, 0, 0
7650, 280, 0, 0, 0
7749, 393, 0, 0, 0
7849, 310, 0, 0, 0
7949, 290, 0, 0, 0
8049, 270, 0, 0, 0
8149, 340, 0, 0, 0
8249, 340, 0, 0, 0
8349, 370, 0, 0, 0
8449, 400, 0, 0, 0
8549, 370, 0, 0, 0
8649, 320, 0, 0, 0
8750, 290, 0, 0, 0
8850, 380, 0, 0, 0
8950, 400, 0, 0, 0
9050, 280, 0, 0, 0
9150, 370, 0, 0, 0
9249, 434, 0, 0, 0
9349, 230, 0, 0, 0
9449, 380, 0, 0, 0
9549, 360, 0, 0, 0
9649, 290, 0, 0, 0
9750, 340, 0, 0, 0
9850, 330, 0, 0, 0
9950, 330, 0, 0, 0
10050, 340, 0, 0, 0
10150, 290, 0, 0, 0
10249, 373, 0, 0, 0
10349, 360, 0, 0, 0
10449, 310, 0, 0, 0
10549, 480, 0, 0, 0
10649, 360, 0, 0, 0
10749, 370, 0, 0, 0
10849, 360, 0, 0, 0
10949, 380, 0, 0, 0
11050, 330, 0, 0, 0
11150, 430, 0, 0, 0
11249, 333, 0, 0, 0
11349, 280, 0, 0, 0
11449, 250, 0, 0, 0
11549, 360, 0, 0, 0
11649, 410, 0, 0, 0
11749, 340, 0, 0, 0
11849, 490, 0, 0, 0
11949, 320, 0, 0, 0
12049, 400, 0, 0, 0
12149, 460, 0, 0, 0
12250, 350, 0, 0, 0
12350, 280, 0, 0, 0
12450, 300, 0, 0, 0
12550, 240, 0, 0, 0
12650, 240, 0, 0, 0
12749, 313, 0, 0, 0
12849, 350, 0, 0, 0
12949, 320, 0, 0, 0
13049, 290, 0, 0, 0
13149, 370, 0, 0, 0
13249, 270, 0, 0, 0
13349, 270, 0, 0, 0
13449, 430, 0, 0, 0
13550, 330, 0, 0, 0
13650, 440, 0, 0, 0
13749, 363, 0, 0, 0
13849, 380, 0, 0, 0
13949, 300, 0, 0, 0
14049, 440, 0, 0, 0
14149, 380, 0, 0, 0
14249, 320, 0, 0, 0
14349, 330, 0, 0, 0
14449, 300, 0, 0, 0
14549, 440, 0, 0, 0
14649, 240, 0, 0, 0
14749, 350, 0, 0, 0
14849, 390, 0, 0, 0
14950, 320, 0, 0, 0
15050, 320, 0, 0, 0
15150, 390, 0, 0, 0
15249, 373, 0, 0, 0
15349, 300, 0, 0, 0
15449, 330, 0, 0, 0
15549, 320, 0, 0, 0
15649, 340, 0, 0, 0
15749, 340, 0, 0, 0
15849, 410, 0, 0, 0
15949, 410, 0, 0, 0
16049, 330, 0, 0, 0
16149, 320, 0, 0, 0
16250, 230, 0, 0, 0
16350, 350, 0, 0, 0
16450, 300, 0, 0, 0
16550, 410, 0, 0, 0
16650, 320, 0, 0, 0
16749, 343, 0, 0, 0
16849, 240, 0, 0, 0
16949, 320, 0, 0, 0
17049, 290, 0, 0, 0
17150, 280, 0, 0, 0
17250, 310, 0, 0, 0
17350, 520, 0, 0, 0
17450, 300, 0, 0, 0
17550, 370, 0, 0, 0
17650, 310, 0, 0, 0
17749, 303, 0, 0, 0
17849, 270, 0, 0, 0
17949, 390, 0, 0, 0
18049, 350, 0, 0, 0
18149, 270, 0, 0, 0
18249, 330, 0, 0, 0
18349, 530, 0, 0, 0
18449, 330, 0, 0, 0
18550, 370, 0, 0, 0
18650, 360, 0, 0, 0
18749, 252, 0, 0, 0
18849, 370, 0, 0, 0
18949, 250, 0, 0, 0
19049, 430, 0, 0, 0
19149, 330, 0, 0, 0
19249, 290, 0, 0, 0
19349, 340, 0, 0, 0
19449, 290, 0, 0, 0
19549, 320, 0, 0, 0
19649, 390, 0, 0, 0
19750, 360, 0, 0, 0
19850, 280, 0, 0, 0
19950, 340, 0, 0, 0
20050, 280, 0, 0, 0
20150, 260, 0, 0, 0
20249, 181, 0, 0, 0
20349, 350, 0, 0, 0
20449, 190, 0, 0, 0
20549, 460, 0, 0, 0
20649, 350, 0, 0, 0
20749, 320, 0, 0, 0
20849, 370, 0, 0, 0
20949, 340, 0, 0, 0
21049, 330, 0, 0, 0
21150, 410, 0, 0, 0
21250, 320, 0, 0, 0
21350, 330, 0, 0, 0
21450, 380, 0, 0, 0
21550, 300, 0, 0, 0
21650, 370, 0, 0, 0
21749, 414, 0, 0, 0
21849, 360, 0, 0, 0
21949, 420, 0, 0, 0
22049, 380, 0, 0, 0
22149, 270, 0, 0, 0
22249, 400, 0, 0, 0
22349, 340, 0, 0, 0
22449, 340, 0, 0, 0
22550, 370, 0, 0, 0
22650, 340, 0, 0, 0
22749, 313, 0, 0, 0
22849, 340, 0, 0, 0
22949, 280, 0, 0, 0
23049, 370, 0, 0, 0
23149, 230, 0, 0, 0
23249, 310, 0, 0, 0
23349, 370, 0, 0, 0
23449, 250, 0, 0, 0
23549, 350, 0, 0, 0
23649, 340, 0, 0, 0
23750, 390, 0, 0, 0
23850, 260, 0, 0, 0
23950, 360, 0, 0, 0
24050, 320, 0, 0, 0
24150, 260, 0, 0, 0
24249, 232, 0, 0, 0
24349, 450, 0, 0, 0
24449, 360, 0, 0, 0
24549, 320, 0, 0, 0
24649, 410, 0, 0, 0
24749, 230, 0, 0, 0
24849, 290, 0, 0, 0
24949, 310, 0, 0, 0
25050, 140, 0, 0, 0
25150, 410, 0, 0, 0
25249, 272, 0, 0, 0
25349, 300, 0, 0, 0
25449, 330, 0, 0, 0
25549, 350, 0, 0, 0
25649, 280, 0, 0, 0
25749, 280, 0, 0, 0
25849, 290, 0, 0, 0
25949, 310, 0, 0, 0
26049, 430, 0, 0, 0
26149, 350, 0, 0, 0
26249, 360, 0, 0, 0
26349, 240, 0, 0, 0
26450, 420, 0, 0, 0
26550, 210, 0, 0, 0
26650, 420, 0, 0, 0
26749, 333, 0, 0, 0
26849, 280, 0, 0, 0
26949, 340, 0, 0, 0
27049, 290, 0, 0, 0
27149, 220, 0, 0, 0
27249, 270, 0, 0, 0
27349, 450, 0, 0, 0
27449, 280, 0, 0, 0
27549, 310, 0, 0, 0
27649, 280, 0, 0, 0
27750, 240, 0, 0, 0
27850, 320, 0, 0, 0
27950, 410, 0, 0, 0
28050, 340, 0, 0, 0
28150, 280, 0, 0, 0
28249, 363, 0, 0, 0
28349, 400, 0, 0, 0
28449, 320, 0, 0, 0
28549, 360, 0, 0, 0
28649, 290, 0, 0, 0
28749, 320, 0, 0, 0
28849, 280, 0, 0, 0
28949, 200, 0, 0, 0
29050, 310, 0, 0, 0
29150, 350, 0, 0, 0
29249, 424, 0, 0, 0
29349, 270, 0, 0, 0
29449, 330, 0, 0, 0
29549, 420, 0, 0, 0
29649, 390, 0, 0, 0
29749, 310, 0, 0, 0
29849, 380, 0, 0, 0
29949, 370, 0, 0, 0
30049, 310, 0, 0, 0
30149, 350, 0, 0, 0
30250, 340, 0, 0, 0
30350, 340, 0, 0, 0
30450, 290, 0, 0, 0
30550, 330, 0, 0, 0
30650, 340, 0, 0, 0
30749, 363, 0, 0, 0
30849, 330, 0, 0, 0
30949, 330, 0, 0, 0
31049, 340, 0, 0, 0
31149, 330, 0, 0, 0
31249, 340, 0, 0, 0
31349, 470, 0, 0, 0
31449, 330, 0, 0, 0
31550, 370, 0, 0, 0
31650, 320, 0, 0, 0
31749, 252, 0, 0, 0
31849, 330, 0, 0, 0
31949, 200, 0, 0, 0
32049, 250, 0, 0, 0
32149, 360, 0, 0, 0
32249, 460, 0, 0, 0
32349, 280, 0, 0, 0
32449, 380, 0, 0, 0
32549, 280, 0, 0, 0
32649, 300, 0, 0, 0
32749, 340, 0, 0, 0
32850, 400, 0, 0, 0
32950, 350, 0, 0, 0
33050, 390, 0, 0, 0
33150, 440, 0, 0, 0
33249, 292, 0, 0, 0
33349, 440, 0, 0, 0
33449, 330, 0, 0, 0
33549, 290, 0, 0, 0
33649, 290, 0, 0, 0
33749, 310, 0, 0, 0
33849, 360, 0, 0, 0
33949, 340, 0, 0, 0
34049, 320, 0, 0, 0
34150, 450, 0, 0, 0
34249, 323, 0, 0, 0
34349, 250, 0, 0, 0
34449, 350, 0, 0, 0
34549, 340, 0, 0, 0
34649, 430, 0, 0, 0
34749, 360, 0, 0, 0
34849, 250, 0, 0, 0
34949, 400, 0, 0, 0
35049, 250, 0, 0, 0
35149, 310, 0, 0, 0
35249, 300, 0, 0, 0
35349, 330, 0, 0, 0
35449, 320, 0, 0, 0
35550, 270, 0, 0, 0
35650, 250, 0, 0, 0
35749, 434, 0, 0, 0
35849, 310, 0, 0, 0
35949, 230, 0, 0, 0
36049, 440, 0, 0, 0
36149, 360, 0, 0, 0
36249, 390, 0, 0, 0
36349, 370, 0, 0, 0
36449, 250, 0, 0, 0
36549, 280, 0, 0, 0
36649, 280, 0, 0, 0
36750, 270, 0, 0, 0
36850, 440, 0, 0, 0
36950, 430, 0, 0, 0
37050, 260, 0, 0, 0
37150, 290, 0, 0, 0
37249, 323, 0, 0, 0
37349, 340, 0, 0, 0
37449, 330, 0, 0, 0
37549, 350, 0, 0, 0
37649, 320, 0, 0, 0
37749, 280, 0, 0, 0
37849, 340, 0, 0, 0
37949, 370, 0, 0, 0
38050, 310, 0, 0, 0
38150, 310, 0, 0, 0
38249, 292, 0, 0, 0
38349, 300, 0, 0, 0
38449, 280, 0, 0, 0
38549, 420, 0, 0, 0
38649, 310, 0, 0, 0
38749, 230, 0, 0, 0
38849, 280, 0, 0, 0
38949, 310, 0, 0, 0
39049, 370, 0, 0, 0
39149, 280, 0, 0, 0
39250, 300, 0, 0, 0
39350, 420, 0, 0, 0
39450, 350, 0, 0, 0
39550, 380, 0, 0, 0
39650, 260, 0, 0, 0
39749, 292, 0, 0, 0
39849, 330, 0, 0, 0
39949, 280, 0, 0, 0
40049, 310, 0, 0, 0
40149, 340, 0, 0, 0
40249, 330, 0, 0, 0
40349, 370, 0, 0, 0
40450, 270, 0, 0, 0
40550, 320, 0, 0, 0
40650, 350, 0, 0, 0
40749, 282, 0, 0, 0
40849, 250, 0, 0, 0
40949, 310, 0, 0, 0
41049, 280, 0, 0, 0
41149, 330, 0, 0, 0
41249, 320, 0, 0, 0
41349, 320, 0, 0, 0
41449, 250, 0, 0, 0
41549, 320, 0, 0, 0
41649, 370, 0, 0, 0
41750, 370, 0, 0, 0
41850, 310, 0, 0, 0
41950, 390, 0, 0, 0
42050, 260, 0, 0, 0
42150, 300, 0, 0, 0
42249, 292, 0, 0, 0
42349, 350, 0, 0, 0
42449, 310, 0, 0, 0
42549, 340, 0, 0, 0
42649, 400, 0, 0, 0
42749, 360, 0, 0, 0
42849, 260, 0, 0, 0
42950, 370, 0, 0, 0
43050, 410, 0, 0, 0
43150, 180, 0, 0, 0
43249, 242, 0, 0, 0
43349, 290, 0, 0, 0
43449, 450, 0, 0, 0
43549, 240, 0, 0, 0
43649, 300, 0, 0, 0
43749, 320, 0, 0, 0
43849, 320, 0, 0, 0
43949, 410, 0, 0, 0
44049, 300, 0, 0, 0
44150, 310, 0, 0, 0
44249, 313, 0, 0, 0
44349, 360, 0, 0, 0
44449, 380, 0, 0, 0
44549, 330, 0, 0, 0
44649, 420, 0, 0, 0
44749, 280, 0, 0, 0
44849, 320, 0, 0, 0
44949, 250, 0, 0, 0
45049, 300, 0, 0, 0
45149, 210, 0, 0, 0
45249, 300, 0, 0, 0
45349, 320, 0, 0, 0
45450, 290, 0, 0, 0
45550, 350, 0, 0, 0
45650, 310, 0, 0, 0
45749, 272, 0, 0, 0
45849, 370, 0, 0, 0
45949, 320, 0, 0, 0
46049, 340, 0, 0, 0
46149, 360, 0, 0, 0
46249, 320, 0, 0, 0
46349, 220, 0, 0, 0
46449, 310, 0, 0, 0
46549, 360, 0, 0, 0
46649, 460, 0, 0, 0
46750, 310, 0, 0, 0
46850, 240, 0, 0, 0
46950, 310, 0, 0, 0
47050, 320, 0, 0, 0
47150, 380, 0, 0, 0
47249, 313, 0, 0, 0
47349, 350, 0, 0, 0
47449, 350, 0, 0, 0
47549, 380, 0, 0, 0
47649, 280, 0, 0, 0
47749, 360, 0, 0, 0
47849, 370, 0, 0, 0
47949, 240, 0, 0, 0
48050, 370, 0, 0, 0
48150, 360, 0, 0, 0
48249, 404, 0, 0, 0
48349, 340, 0, 0, 0
48449, 340, 0, 0, 0
48549, 290, 0, 0, 0
48649, 260, 0, 0, 0
48749, 320, 0, 0, 0
48849, 280, 0, 0, 0
48949, 250, 0, 0, 0
49049, 280, 0, 0, 0
49150, 280, 0, 0, 0
49250, 330, 0, 0, 0
49350, 340, 0, 0, 0
49450, 270, 0, 0, 0
49550, 240, 0, 0, 0
49650, 330, 0, 0, 0
49749, 282, 0, 0, 0
49849, 350, 0, 0, 0
49949, 340, 0, 0, 0
50049, 300, 0, 0, 0
50149, 270, 0, 0, 0
50249, 350, 0, 0, 0
50350, 250, 0, 0, 0
50450, 280, 0, 0, 0
50550, 340, 0, 0, 0
50650, 260, 0, 0, 0
50749, 343, 0, 0, 0
50849, 410, 0, 0, 0
50949, 200, 0, 0, 0
51049, 250, 0, 0, 0
51149, 240, 0, 0, 0
51249, 300, 0, 0, 0
51349, 330, 0, 0, 0
51449, 210, 0, 0, 0
51550, 410, 0, 0, 0
51650, 280, 0, 0, 0
51749, 373, 0, 0, 0
51849, 310, 0, 0, 0
51949, 330, 0, 0, 0
52049, 310, 0, 0, 0
52149, 300, 0, 0, 0
52249, 250, 0, 0, 0
52349, 280, 0, 0, 0
52449, 260, 0, 0, 0
52549, 230, 0, 0, 0
52649, 220, 0, 0, 0
52750, 370, 0, 0, 0
52850, 200, 0, 0, 0
52950, 320, 0, 0, 0
53050, 310, 0, 0, 0
53150, 260, 0, 0, 0
53249, 424, 0, 0, 0
53349, 270, 0, 0, 0
53449, 290, 0, 0, 0
53549, 340, 0, 0, 0
53649, 290, 0, 0, 0
53749, 360, 0, 0, 0
53849, 300, 0, 0, 0
53950, 360, 0, 0, 0
54050, 420, 0, 0, 0
54150, 240, 0, 0, 0
54249, 292, 0, 0, 0
54349, 420, 0, 0, 0
54449, 390, 0, 0, 0
54549, 410, 0, 0, 0
54649, 400, 0, 0, 0
54749, 370, 0, 0, 0
54849, 330, 0, 0, 0
54949, 310, 0, 0, 0
55049, 390, 0, 0, 0
55149, 330, 0, 0, 0
55250, 300, 0, 0, 0
55350, 290, 0, 0, 0
55450, 280, 0, 0, 0
55550, 420, 0, 0, 0
55650, 410, 0, 0, 0
55749, 262, 0, 0, 0
55849, 260, 0, 0, 0
55949, 330, 0, 0, 0
56049, 350, 0, 0, 0
56149, 250, 0, 0, 0
56249, 260, 0, 0, 0
56349, 370, 0, 0, 0
56449, 320, 0, 0, 0
56550, 310, 0, 0, 0
56650, 300, 0, 0, 0
56749, 333, 0, 0, 0
56849, 340, 0, 0, 0
56949, 360, 0, 0, 0
57049, 330, 0, 0, 0
57149, 410, 0, 0, 0
57249, 380, 0, 0, 0
57349, 380, 0, 0, 0
57449, 340, 0, 0, 0
57549, 320, 0, 0, 0
57649, 270, 0, 0, 0
57750, 290, 0, 0, 0
57850, 340, 0, 0, 0
57950, 310, 0, 0, 0
58050, 280, 0, 0, 0
58150, 370, 0, 0, 0
58249, 313, 0, 0, 0
58349, 300, 0, 0, 0
58449, 300, 0, 0, 0
58549, 220, 0, 0, 0
58649, 310, 0, 0, 0
58749, 350, 0, 0, 0
58849, 300, 0, 0, 0
58949, 270, 0, 0, 0
59050, 250, 0, 0, 0
59150, 250, 0, 0, 0
59249, 303, 0, 0, 0
59349, 260, 0, 0, 0
59449, 320, 0, 0, 0
59549, 290, 0, 0, 0
59649, 300, 0, 0, 0
59749, 320, 0, 0, 0
59849, 160, 0, 0, 0
59949, 160, 0, 0, 0
