100, 954055, 0, 0, 0
200, 1040681, 0, 0, 0
300, 1006245, 0, 0, 0
400, 949427, 0, 0, 0
500, 1030106, 0, 0, 0
600, 1030972, 0, 0, 0
700, 976415, 0, 0, 0
801, 1010360, 0, 0, 0
900, 1110797, 0, 0, 0
1000, 1047299, 0, 0, 0
1101, 1083391, 0, 0, 0
1200, 989075, 0, 0, 0
1301, 1052999, 0, 0, 0
1400, 1030744, 0, 0, 0
1500, 1069993, 0, 0, 0
1601, 987647, 0, 0, 0
1700, 1007685, 0, 0, 0
1800, 1013591, 0, 0, 0
1901, 985105, 0, 0, 0
2000, 1044145, 0, 0, 0
2101, 997616, 0, 0, 0
2200, 976499, 0, 0, 0
2300, 1017914, 0, 0, 0
2400, 1017357, 0, 0, 0
2500, 1047097, 0, 0, 0
2601, 919397, 0, 0, 0
2700, 1072399, 0, 0, 0
2801, 1030461, 0, 0, 0
2900, 1051228, 0, 0, 0
3000, 988810, 0, 0, 0
3101, 1109776, 0, 0, 0
3201, 914001, 0, 0, 0
3300, 1082535, 0, 0, 0
3400, 1038443, 0, 0, 0
3501, 1022082, 0, 0, 0
3600, 1039865, 0, 0, 0
3700, 1007721, 0, 0, 0
3800, 959920, 0, 0, 0
3900, 1028351, 0, 0, 0
4000, 1033006, 0, 0, 0
4100, 1128651, 0, 0, 0
4200, 962461, 0, 0, 0
4301, 1031401, 0, 0, 0
4401, 998765, 0, 0, 0
4500, 955803, 0, 0, 0
4600, 956078, 0, 0, 0
4700, 967133, 0, 0, 0
4800, 994576, 0, 0, 0
4900, 1034016, 0, 0, 0
5000, 1003105, 0, 0, 0
5100, 972451, 0, 0, 0
5200, 967509, 0, 0, 0
5301, 1016871, 0, 0, 0
5400, 1030896, 0, 0, 0
5500, 1039858, 0, 0, 0
5601, 1062046, 0, 0, 0
5700, 1030434, 0, 0, 0
5800, 965931, 0, 0, 0
5900, 991759, 0, 0, 0
6000, 1122379, 0, 0, 0
6100, 993689, 0, 0, 0
6200, 996541, 0, 0, 0
6300, 1024867, 0, 0, 0
6400, 1065261, 0, 0, 0
6500, 1132211, 0, 0, 0
6600, 1025243, 0, 0, 0
6700, 1016638, 0, 0, 0
6801, 1025972, 0, 0, 0
6900, 1049076, 0, 0, 0
7000, 968125, 0, 0, 0
7100, 1091347, 0, 0, 0
7200, 922144, 0, 0, 0
7300, 986054, 0, 0, 0
7400, 1105796, 0, 0, 0
7500, 1126742, 0, 0, 0
7600, 1041655, 0, 0, 0
7700, 992230, 0, 0, 0
7800, 1111891, 0, 0, 0
7900, 1187197, 0, 0, 0
8000, 1117266, 0, 0, 0
8100, 1130477, 0, 0, 0
8200, 1015115, 0, 0, 0
8300, 1033573, 0, 0, 0
8400, 1056674, 0, 0, 0
8500, 1066696, 0, 0, 0
8600, 1038999, 0, 0, 0
8700, 1091467, 0, 0, 0
8800, 980193, 0, 0, 0
8900, 1117208, 0, 0, 0
9001, 983213, 0, 0, 0
9101, 1009731, 0, 0, 0
9200, 1073658, 0, 0, 0
9300, 1102339, 0, 0, 0
9400, 1045545, 0, 0, 0
9500, 1014641, 0, 0, 0
9600, 1005147, 0, 0, 0
9701, 1114665, 0, 0, 0
9800, 1087933, 0, 0, 0
9900, 1071335, 0, 0, 0
10001, 1089309, 0, 0, 0
10100, 1037209, 0, 0, 0
10201, 1131305, 0, 0, 0
10300, 1071173, 0, 0, 0
10401, 1000820, 0, 0, 0
10500, 1102180, 0, 0, 0
10601, 995336, 0, 0, 0
10700, 1001603, 0, 0, 0
10800, 1030556, 0, 0, 0
10901, 1101043, 0, 0, 0
11001, 1008570, 0, 0, 0
11101, 1040206, 0, 0, 0
11201, 1054368, 0, 0, 0
11300, 1132269, 0, 0, 0
11400, 1087547, 0, 0, 0
11500, 1050237, 0, 0, 0
11600, 1007640, 0, 0, 0
11701, 933835, 0, 0, 0
11800, 1084908, 0, 0, 0
11900, 1041685, 0, 0, 0
12000, 1166012, 0, 0, 0
12100, 1017255, 0, 0, 0
12200, 1018928, 0, 0, 0
12300, 946612, 0, 0, 0
12401, 983119, 0, 0, 0
12500, 1035970, 0, 0, 0
12600, 999025, 0, 0, 0
12701, 1084941, 0, 0, 0
12800, 1127668, 0, 0, 0
12900, 1063371, 0, 0, 0
13000, 1132570, 0, 0, 0
13100, 1037653, 0, 0, 0
13200, 1122565, 0, 0, 0
13300, 1058603, 0, 0, 0
13401, 1074301, 0, 0, 0
13500, 986128, 0, 0, 0
13600, 987507, 0, 0, 0
13700, 976160, 0, 0, 0
13800, 1019936, 0, 0, 0
13900, 919641, 0, 0, 0
14001, 994462, 0, 0, 0
14100, 1171756, 0, 0, 0
14201, 974374, 0, 0, 0
14300, 1030199, 0, 0, 0
14400, 1100043, 0, 0, 0
14501, 1113626, 0, 0, 0
14601, 951107, 0, 0, 0
14700, 1021240, 0, 0, 0
14800, 985836, 0, 0, 0
14900, 1031396, 0, 0, 0
15000, 1053491, 0, 0, 0
15100, 987868, 0, 0, 0
15200, 1042293, 0, 0, 0
15300, 1035166, 0, 0, 0
15400, 1056959, 0, 0, 0
15501, 1165383, 0, 0, 0
15600, 1050263, 0, 0, 0
15700, 952434, 0, 0, 0
15800, 1050560, 0, 0, 0
15900, 1014922, 0, 0, 0
16000, 1057031, 0, 0, 0
16100, 1053226, 0, 0, 0
16200, 1088820, 0, 0, 0
16300, 1010211, 0, 0, 0
16400, 1027019, 0, 0, 0
16500, 1080933, 0, 0, 0
16600, 1064954, 0, 0, 0
16700, 1034633, 0, 0, 0
16800, 998676, 0, 0, 0
16900, 1039416, 0, 0, 0
17000, 1019275, 0, 0, 0
17100, 1072523, 0, 0, 0
17201, 985492, 0, 0, 0
17300, 999333, 0, 0, 0
17400, 954167, 0, 0, 0
17500, 984393, 0, 0, 0
17601, 1014012, 0, 0, 0
17700, 1073390, 0, 0, 0
17800, 1038789, 0, 0, 0
17900, 960183, 0, 0, 0
18001, 977834, 0, 0, 0
18100, 996979, 0, 0, 0
18200, 975940, 0, 0, 0
18300, 1009191, 0, 0, 0
18400, 1006753, 0, 0, 0
18500, 1022611, 0, 0, 0
18600, 1008872, 0, 0, 0
18700, 1117976, 0, 0, 0
18800, 1132361, 0, 0, 0
18900, 1045846, 0, 0, 0
19000, 979883, 0, 0, 0
19101, 995190, 0, 0, 0
19200, 973911, 0, 0, 0
19300, 1002032, 0, 0, 0
19400, 1046939, 0, 0, 0
19500, 1053762, 0, 0, 0
19600, 1141097, 0, 0, 0
19700, 1046187, 0, 0, 0
19800, 1137996, 0, 0, 0
19900, 1035323, 0, 0, 0
20000, 1012131, 0, 0, 0
20101, 978075, 0, 0, 0
20200, 1097837, 0, 0, 0
20300, 1024403, 0, 0, 0
20400, 941643, 0, 0, 0
20500, 971414, 0, 0, 0
20600, 1064405, 0, 0, 0
20700, 1027379, 0, 0, 0
20800, 995951, 0, 0, 0
20900, 1005159, 0, 0, 0
21000, 1104255, 0, 0, 0
21101, 1076236, 0, 0, 0
21201, 1109512, 0, 0, 0
21300, 1119937, 0, 0, 0
21400, 1087478, 0, 0, 0
21500, 996071, 0, 0, 0
21600, 1218773, 0, 0, 0
21701, 1062515, 0, 0, 0
21800, 976075, 0, 0, 0
21900, 997218, 0, 0, 0
22000, 1095296, 0, 0, 0
22101, 960941, 0, 0, 0
22201, 1073530, 0, 0, 0
22300, 968809, 0, 0, 0
22400, 1059853, 0, 0, 0
22500, 1028865, 0, 0, 0
22600, 1028250, 0, 0, 0
22701, 970528, 0, 0, 0
22800, 1036919, 0, 0, 0
22900, 1031409, 0, 0, 0
23000, 1154954, 0, 0, 0
23100, 1076132, 0, 0, 0
23200, 1071863, 0, 0, 0
23300, 1051642, 0, 0, 0
23401, 1095883, 0, 0, 0
23500, 1107653, 0, 0, 0
23600, 976561, 0, 0, 0
23700, 992264, 0, 0, 0
23801, 975707, 0, 0, 0
23900, 1031864, 0, 0, 0
24001, 1066070, 0, 0, 0
24100, 1053528, 0, 0, 0
24201, 1069349, 0, 0, 0
24300, 1068668, 0, 0, 0
24400, 955435, 0, 0, 0
24500, 1075388, 0, 0, 0
24600, 1060863, 0, 0, 0
24701, 1006623, 0, 0, 0
24800, 1045228, 0, 0, 0
24900, 1051313, 0, 0, 0
25001, 944940, 0, 0, 0
25100, 1105552, 0, 0, 0
25201, 1000399, 0, 0, 0
25301, 969252, 0, 0, 0
25400, 1030625, 0, 0, 0
25500, 1054155, 0, 0, 0
25600, 1018982, 0, 0, 0
25700, 992863, 0, 0, 0
25800, 1064666, 0, 0, 0
25900, 1096145, 0, 0, 0
26000, 1021871, 0, 0, 0
26100, 1003745, 0, 0, 0
26200, 1039354, 0, 0, 0
26301, 1024059, 0, 0, 0
26401, 1078931, 0, 0, 0
26500, 1158003, 0, 0, 0
26600, 1096723, 0, 0, 0
26700, 1069719, 0, 0, 0
26801, 1036254, 0, 0, 0
26900, 1051775, 0, 0, 0
27001, 1111257, 0, 0, 0
27100, 1062661, 0, 0, 0
27200, 1098164, 0, 0, 0
27300, 1033940, 0, 0, 0
27401, 1088676, 0, 0, 0
27500, 1075942, 0, 0, 0
27600, 972288, 0, 0, 0
27700, 1078251, 0, 0, 0
27800, 952667, 0, 0, 0
27900, 1043741, 0, 0, 0
28001, 1128142, 0, 0, 0
28100, 1017379, 0, 0, 0
28200, 1036987, 0, 0, 0
28300, 1080801, 0, 0, 0
28400, 1179595, 0, 0, 0
28501, 1034601, 0, 0, 0
28600, 1087411, 0, 0, 0
28701, 984240, 0, 0, 0
28800, 1000425, 0, 0, 0
28900, 1097734, 0, 0, 0
29000, 1102557, 0, 0, 0
29101, 1001406, 0, 0, 0
29200, 1074461, 0, 0, 0
29301, 970025, 0, 0, 0
29401, 1032275, 0, 0, 0
29500, 1030822, 0, 0, 0
29600, 956881, 0, 0, 0
29700, 1072865, 0, 0, 0
29801, 1034164, 0, 0, 0
29900, 1116564, 0, 0, 0
30000, 1035302, 0, 0, 0
30100, 1033070, 0, 0, 0
30201, 1008815, 0, 0, 0
30300, 1125195, 0, 0, 0
30400, 1081221, 0, 0, 0
30500, 1045317, 0, 0, 0
30600, 1071253, 0, 0, 0
30700, 982021, 0, 0, 0
30800, 1169256, 0, 0, 0
30900, 1143426, 0, 0, 0
31000, 1096822, 0, 0, 0
31100, 1096656, 0, 0, 0
31200, 999221, 0, 0, 0
31300, 981849, 0, 0, 0
31400, 1151481, 0, 0, 0
31500, 1093543, 0, 0, 0
31600, 967922, 0, 0, 0
31701, 1011705, 0, 0, 0
31800, 1110851, 0, 0, 0
31901, 1053633, 0, 0, 0
32001, 1077217, 0, 0, 0
32100, 1116160, 0, 0, 0
32200, 1043815, 0, 0, 0
32300, 1143132, 0, 0, 0
32400, 1008291, 0, 0, 0
32500, 1004019, 0, 0, 0
32601, 988419, 0, 0, 0
32700, 1021997, 0, 0, 0
32801, 1056298, 0, 0, 0
32901, 1007414, 0, 0, 0
33000, 1117386, 0, 0, 0
33100, 1093865, 0, 0, 0
33200, 1061841, 0, 0, 0
33300, 1027112, 0, 0, 0
33401, 972711, 0, 0, 0
33500, 1077692, 0, 0, 0
33601, 1090518, 0, 0, 0
33700, 1026892, 0, 0, 0
33800, 1029850, 0, 0, 0
33901, 1061538, 0, 0, 0
34000, 1114254, 0, 0, 0
34101, 1068666, 0, 0, 0
34200, 1055295, 0, 0, 0
34300, 949436, 0, 0, 0
34400, 997796, 0, 0, 0
34500, 1065601, 0, 0, 0
34600, 1042715, 0, 0, 0
34701, 936211, 0, 0, 0
34800, 1029876, 0, 0, 0
34900, 1029721, 0, 0, 0
35000, 1151990, 0, 0, 0
35100, 1029296, 0, 0, 0
35200, 1052466, 0, 0, 0
35300, 1034103, 0, 0, 0
35400, 995397, 0, 0, 0
35500, 1122129, 0, 0, 0
35601, 1111693, 0, 0, 0
35700, 1100332, 0, 0, 0
35801, 997831, 0, 0, 0
35901, 1130895, 0, 0, 0
36001, 1052171, 0, 0, 0
36101, 980507, 0, 0, 0
36200, 1090363, 0, 0, 0
36300, 1071374, 0, 0, 0
36400, 1110318, 0, 0, 0
36500, 920226, 0, 0, 0
36600, 987035, 0, 0, 0
36701, 1020307, 0, 0, 0
36800, 1061604, 0, 0, 0
36900, 999444, 0, 0, 0
37000, 1075623, 0, 0, 0
37100, 1107685, 0, 0, 0
37200, 1063192, 0, 0, 0
37300, 1026965, 0, 0, 0
37400, 1075912, 0, 0, 0
37500, 1169647, 0, 0, 0
37601, 961954, 0, 0, 0
37700, 1087198, 0, 0, 0
37800, 1031277, 0, 0, 0
37900, 1042305, 0, 0, 0
38000, 1014940, 0, 0, 0
38100, 1028993, 0, 0, 0
38200, 1048448, 0, 0, 0
38301, 952639, 0, 0, 0
38400, 1061514, 0, 0, 0
38501, 1060549, 0, 0, 0
38600, 1069985, 0, 0, 0
38700, 1104257, 0, 0, 0
38801, 1108138, 0, 0, 0
38901, 1095760, 0, 0, 0
39000, 994583, 0, 0, 0
39100, 970625, 0, 0, 0
39201, 1022002, 0, 0, 0
39301, 1028543, 0, 0, 0
39400, 1032370, 0, 0, 0
39500, 1022998, 0, 0, 0
39600, 1010842, 0, 0, 0
39700, 1011315, 0, 0, 0
39800, 1053688, 0, 0, 0
39900, 1155876, 0, 0, 0
40000, 1112121, 0, 0, 0
40101, 990570, 0, 0, 0
40201, 1028170, 0, 0, 0
40300, 1118512, 0, 0, 0
40400, 1063256, 0, 0, 0
40500, 1161315, 0, 0, 0
40601, 1123962, 0, 0, 0
40700, 1120900, 0, 0, 0
40800, 1032500, 0, 0, 0
40900, 1002920, 0, 0, 0
41001, 1099488, 0, 0, 0
41101, 1105061, 0, 0, 0
41200, 1046187, 0, 0, 0
41301, 1103378, 0, 0, 0
41400, 1055544, 0, 0, 0
41500, 1048482, 0, 0, 0
41601, 1057863, 0, 0, 0
41700, 1046744, 0, 0, 0
41801, 1063852, 0, 0, 0
41901, 1001812, 0, 0, 0
42000, 1081934, 0, 0, 0
42101, 1111121, 0, 0, 0
42200, 1088848, 0, 0, 0
42300, 1011739, 0, 0, 0
42400, 1058342, 0, 0, 0
42500, 989391, 0, 0, 0
42600, 1119886, 0, 0, 0
42700, 1035988, 0, 0, 0
42800, 1118056, 0, 0, 0
42901, 1026660, 0, 0, 0
43001, 1108735, 0, 0, 0
43100, 1071519, 0, 0, 0
43200, 1061389, 0, 0, 0
43300, 1064658, 0, 0, 0
43400, 1065498, 0, 0, 0
43500, 1087567, 0, 0, 0
43600, 1012872, 0, 0, 0
43700, 1100292, 0, 0, 0
43801, 1045814, 0, 0, 0
43901, 1109450, 0, 0, 0
44000, 1018259, 0, 0, 0
44101, 1041213, 0, 0, 0
44200, 1191132, 0, 0, 0
44301, 1098549, 0, 0, 0
44400, 1004245, 0, 0, 0
44500, 1009232, 0, 0, 0
44600, 1112087, 0, 0, 0
44700, 1016434, 0, 0, 0
44800, 1123419, 0, 0, 0
44900, 1120898, 0, 0, 0
45000, 977490, 0, 0, 0
45102, 1156986, 0, 0, 0
45200, 1046838, 0, 0, 0
45301, 1060487, 0, 0, 0
45400, 956326, 0, 0, 0
45501, 1007879, 0, 0, 0
45600, 1033844, 0, 0, 0
45700, 1043792, 0, 0, 0
45800, 1034513, 0, 0, 0
45900, 1051585, 0, 0, 0
46000, 1049383, 0, 0, 0
46100, 1051244, 0, 0, 0
46201, 1094401, 0, 0, 0
46301, 1110501, 0, 0, 0
46400, 1075493, 0, 0, 0
46500, 1120187, 0, 0, 0
46600, 1060732, 0, 0, 0
46700, 1104139, 0, 0, 0
46800, 1089975, 0, 0, 0
46900, 1023320, 0, 0, 0
47000, 1069087, 0, 0, 0
47100, 1155799, 0, 0, 0
47200, 1101959, 0, 0, 0
47302, 1026066, 0, 0, 0
47401, 992437, 0, 0, 0
47500, 1039539, 0, 0, 0
47600, 1008377, 0, 0, 0
47701, 1027038, 0, 0, 0
47800, 989582, 0, 0, 0
47900, 1027662, 0, 0, 0
48000, 1059077, 0, 0, 0
48100, 975895, 0, 0, 0
48201, 1013176, 0, 0, 0
48301, 1044044, 0, 0, 0
48401, 1068811, 0, 0, 0
48500, 954407, 0, 0, 0
48600, 917294, 0, 0, 0
48701, 1199109, 0, 0, 0
48800, 999605, 0, 0, 0
48900, 991414, 0, 0, 0
49000, 1085652, 0, 0, 0
49100, 1053172, 0, 0, 0
49201, 1071748, 0, 0, 0
49300, 1043148, 0, 0, 0
49400, 1129089, 0, 0, 0
49500, 1085297, 0, 0, 0
49600, 1044134, 0, 0, 0
49700, 1234657, 0, 0, 0
49800, 1073199, 0, 0, 0
49900, 1050314, 0, 0, 0
50000, 1013663, 0, 0, 0
50101, 1099591, 0, 0, 0
50200, 1100226, 0, 0, 0
50300, 956645, 0, 0, 0
50400, 1067728, 0, 0, 0
50501, 1072272, 0, 0, 0
50600, 1083500, 0, 0, 0
50700, 1094117, 0, 0, 0
50800, 992577, 0, 0, 0
50900, 1117970, 0, 0, 0
51000, 1116593, 0, 0, 0
51100, 1123985, 0, 0, 0
51200, 1079808, 0, 0, 0
51300, 1058778, 0, 0, 0
51400, 1062679, 0, 0, 0
51500, 1038111, 0, 0, 0
51600, 1171596, 0, 0, 0
51700, 1092277, 0, 0, 0
51800, 1046764, 0, 0, 0
51900, 987621, 0, 0, 0
52000, 1134191, 0, 0, 0
52100, 1077378, 0, 0, 0
52200, 1201981, 0, 0, 0
52301, 1096698, 0, 0, 0
52400, 1195384, 0, 0, 0
52500, 945520, 0, 0, 0
52600, 1043065, 0, 0, 0
52700, 1045705, 0, 0, 0
52801, 1084717, 0, 0, 0
52900, 1075102, 0, 0, 0
53000, 1072412, 0, 0, 0
53100, 1050469, 0, 0, 0
53200, 1045102, 0, 0, 0
53300, 992554, 0, 0, 0
53400, 1021430, 0, 0, 0
53501, 1017847, 0, 0, 0
53600, 1030154, 0, 0, 0
53700, 1122087, 0, 0, 0
53800, 1041995, 0, 0, 0
53900, 1066331, 0, 0, 0
54001, 1124299, 0, 0, 0
54101, 1030271, 0, 0, 0
54201, 998269, 0, 0, 0
54300, 980194, 0, 0, 0
54400, 1029377, 0, 0, 0
54500, 991915, 0, 0, 0
54600, 1020546, 0, 0, 0
54700, 1096337, 0, 0, 0
54800, 1080151, 0, 0, 0
54900, 1092075, 0, 0, 0
55000, 1084620, 0, 0, 0
55100, 1042901, 0, 0, 0
55200, 1041690, 0, 0, 0
55300, 1096305, 0, 0, 0
55400, 1008374, 0, 0, 0
55500, 1126702, 0, 0, 0
55600, 1038224, 0, 0, 0
55700, 1221430, 0, 0, 0
55800, 1176060, 0, 0, 0
55900, 1079838, 0, 0, 0
56000, 1142371, 0, 0, 0
56100, 1062827, 0, 0, 0
56200, 1031998, 0, 0, 0
56300, 1120077, 0, 0, 0
56400, 1150957, 0, 0, 0
56500, 1051109, 0, 0, 0
56600, 1158851, 0, 0, 0
56700, 1134044, 0, 0, 0
56800, 1060832, 0, 0, 0
56900, 1038510, 0, 0, 0
57001, 1066629, 0, 0, 0
57100, 1050826, 0, 0, 0
57200, 1013146, 0, 0, 0
57300, 1003274, 0, 0, 0
57400, 1059602, 0, 0, 0
57501, 1125616, 0, 0, 0
57600, 1075320, 0, 0, 0
57701, 1101033, 0, 0, 0
57801, 1050651, 0, 0, 0
57901, 1010166, 0, 0, 0
58000, 1023208, 0, 0, 0
58100, 1069985, 0, 0, 0
58200, 1034648, 0, 0, 0
58300, 1178330, 0, 0, 0
58400, 1065415, 0, 0, 0
58500, 1060140, 0, 0, 0
58601, 1001802, 0, 0, 0
58700, 1074052, 0, 0, 0
58801, 966034, 0, 0, 0
58900, 1070860, 0, 0, 0
59001, 1177723, 0, 0, 0
59101, 1030150, 0, 0, 0
59200, 1074611, 0, 0, 0
59300, 1052400, 0, 0, 0
59401, 1050661, 0, 0, 0
59500, 992462, 0, 0, 0
59600, 1014509, 0, 0, 0
59700, 1065506, 0, 0, 0
59800, 1092953, 0, 0, 0
59900, 1106124, 0, 0, 0
60000, 1099668, 0, 0, 0
