100, 4044161, 0, 0, 0
200, 2987757, 0, 0, 0
300, 3830833, 0, 0, 0
400, 3212297, 0, 0, 0
500, 3518798, 0, 0, 0
600, 4332407, 0, 0, 0
701, 2923571, 0, 0, 0
800, 3891706, 0, 0, 0
900, 3734009, 0, 0, 0
1000, 3951007, 0, 0, 0
1100, 3159257, 0, 0, 0
1200, 3250259, 0, 0, 0
1300, 3722058, 0, 0, 0
1400, 4108763, 0, 0, 0
1500, 3143826, 0, 0, 0
1600, 2701378, 0, 0, 0
1700, 3362496, 0, 0, 0
1801, 3585072, 0, 0, 0
1900, 3874578, 0, 0, 0
2000, 2661213, 0, 0, 0
2100, 4800018, 0, 0, 0
2200, 5822076, 0, 0, 0
2300, 3433973, 0, 0, 0
2400, 2893776, 0, 0, 0
2500, 3455330, 0, 0, 0
2600, 5399524, 0, 0, 0
2700, 3042005, 0, 0, 0
2800, 5950820, 0, 0, 0
2900, 3423936, 0, 0, 0
3000, 4386619, 0, 0, 0
3100, 3288094, 0, 0, 0
3200, 2603341, 0, 0, 0
3300, 3117557, 0, 0, 0
3400, 3477651, 0, 0, 0
3500, 3164944, 0, 0, 0
3600, 3004778, 0, 0, 0
3700, 3927611, 0, 0, 0
3800, 4743323, 0, 0, 0
3900, 5687893, 0, 0, 0
4000, 3070351, 0, 0, 0
4100, 4270098, 0, 0, 0
4200, 3534517, 0, 0, 0
4300, 6802904, 0, 0, 0
4400, 3644966, 0, 0, 0
4500, 4867494, 0, 0, 0
4600, 4159514, 0, 0, 0
4700, 3993618, 0, 0, 0
4800, 3441338, 0, 0, 0
4900, 3128377, 0, 0, 0
5000, 2509987, 0, 0, 0
5100, 3530927, 0, 0, 0
5200, 3147159, 0, 0, 0
5300, 3139102, 0, 0, 0
5400, 3047719, 0, 0, 0
5500, 2981020, 0, 0, 0
5600, 3331560, 0, 0, 0
5700, 3146940, 0, 0, 0
5800, 5597631, 0, 0, 0
5900, 3397395, 0, 0, 0
6000, 3023574, 0, 0, 0
6100, 3620421, 0, 0, 0
6200, 4399332, 0, 0, 0
6300, 3543246, 0, 0, 0
6400, 4180506, 0, 0, 0
6500, 2682668, 0, 0, 0
6600, 2909888, 0, 0, 0
6700, 4722241, 0, 0, 0
6800, 3311259, 0, 0, 0
6900, 2772079, 0, 0, 0
7000, 3239120, 0, 0, 0
7100, 3413834, 0, 0, 0
7200, 3045080, 0, 0, 0
7300, 3073139, 0, 0, 0
7400, 3205270, 0, 0, 0
7500, 3283195, 0, 0, 0
7600, 2798629, 0, 0, 0
7700, 3372227, 0, 0, 0
7800, 5154187, 0, 0, 0
7900, 3428388, 0, 0, 0
8000, 3106309, 0, 0, 0
8100, 4098883, 0, 0, 0
8200, 2764958, 0, 0, 0
8300, 3158793, 0, 0, 0
8400, 3620499, 0, 0, 0
8500, 3405701, 0, 0, 0
8600, 3437003, 0, 0, 0
8700, 3300021, 0, 0, 0
8800, 4427355, 0, 0, 0
8900, 3848050, 0, 0, 0
9000, 4669953, 0, 0, 0
9100, 3793476, 0, 0, 0
9200, 5672984, 0, 0, 0
9300, 4376402, 0, 0, 0
9400, 3178487, 0, 0, 0
9500, 3093986, 0, 0, 0
9600, 3877278, 0, 0, 0
9700, 3570938, 0, 0, 0
9800, 4310257, 0, 0, 0
9900, 3350312, 0, 0, 0
10000, 3585924, 0, 0, 0
10100, 3220634, 0, 0, 0
10200, 7081183, 0, 0, 0
10300, 3528448, 0, 0, 0
10400, 3554895, 0, 0, 0
10500, 3656208, 0, 0, 0
10600, 5634841, 0, 0, 0
10700, 4492796, 0, 0, 0
10800, 3465240, 0, 0, 0
10900, 3238535, 0, 0, 0
11000, 4684934, 0, 0, 0
11100, 3930843, 0, 0, 0
11200, 4024778, 0, 0, 0
11300, 2565325, 0, 0, 0
11400, 2848114, 0, 0, 0
11500, 3927436, 0, 0, 0
11600, 2883685, 0, 0, 0
11700, 2765677, 0, 0, 0
11800, 3487981, 0, 0, 0
11900, 3260783, 0, 0, 0
12000, 3265715, 0, 0, 0
12100, 4188799, 0, 0, 0
12200, 4085513, 0, 0, 0
12300, 4552948, 0, 0, 0
12400, 4658149, 0, 0, 0
12500, 3499787, 0, 0, 0
12600, 3071221, 0, 0, 0
12700, 2706933, 0, 0, 0
12800, 5179480, 0, 0, 0
12900, 3096913, 0, 0, 0
13000, 2928258, 0, 0, 0
13100, 5404248, 0, 0, 0
13200, 3268546, 0, 0, 0
13300, 3159157, 0, 0, 0
13400, 4429203, 0, 0, 0
13500, 3503450, 0, 0, 0
13600, 3457622, 0, 0, 0
13700, 4328629, 0, 0, 0
13800, 2940212, 0, 0, 0
13900, 6303720, 0, 0, 0
14000, 4154256, 0, 0, 0
14100, 8395345, 0, 0, 0
14200, 3380966, 0, 0, 0
14300, 2767130, 0, 0, 0
14400, 2998158, 0, 0, 0
14500, 3186409, 0, 0, 0
14600, 4041178, 0, 0, 0
14700, 5069528, 0, 0, 0
14800, 4401566, 0, 0, 0
14900, 2888713, 0, 0, 0
15000, 2609607, 0, 0, 0
15100, 2843357, 0, 0, 0
15200, 3318097, 0, 0, 0
15300, 3708373, 0, 0, 0
15400, 3294729, 0, 0, 0
15500, 3529914, 0, 0, 0
15600, 2450222, 0, 0, 0
15700, 4178260, 0, 0, 0
15800, 5251775, 0, 0, 0
15900, 2522457, 0, 0, 0
16000, 6970791, 0, 0, 0
16100, 2764414, 0, 0, 0
16200, 4396526, 0, 0, 0
16300, 3556984, 0, 0, 0
16400, 2954924, 0, 0, 0
16500, 6412077, 0, 0, 0
16600, 3323409, 0, 0, 0
16700, 2672219, 0, 0, 0
16800, 3724643, 0, 0, 0
16900, 3483644, 0, 0, 0
17003, 3153586, 0, 0, 0
17100, 5738159, 0, 0, 0
17200, 4127447, 0, 0, 0
17300, 3371416, 0, 0, 0
17400, 3050363, 0, 0, 0
17500, 2967743, 0, 0, 0
17600, 3994738, 0, 0, 0
17700, 3844817, 0, 0, 0
17800, 5868102, 0, 0, 0
17900, 3821008, 0, 0, 0
18000, 2739655, 0, 0, 0
18100, 3030060, 0, 0, 0
18200, 3956100, 0, 0, 0
18300, 3455533, 0, 0, 0
18400, 4908140, 0, 0, 0
18500, 4009978, 0, 0, 0
18600, 5570010, 0, 0, 0
18700, 3123782, 0, 0, 0
18800, 3049511, 0, 0, 0
18900, 3607028, 0, 0, 0
19000, 4914922, 0, 0, 0
19100, 2759399, 0, 0, 0
19200, 6454411, 0, 0, 0
19300, 5908366, 0, 0, 0
19400, 4084979, 0, 0, 0
19500, 3550114, 0, 0, 0
19600, 3393773, 0, 0, 0
19700, 2923569, 0, 0, 0
19800, 2837006, 0, 0, 0
19900, 2577958, 0, 0, 0
20000, 3297110, 0, 0, 0
20100, 2955294, 0, 0, 0
20200, 2978242, 0, 0, 0
20300, 3454895, 0, 0, 0
20400, 3847372, 0, 0, 0
20500, 5060793, 0, 0, 0
20600, 5113507, 0, 0, 0
20700, 5479878, 0, 0, 0
20800, 3126976, 0, 0, 0
20900, 4310681, 0, 0, 0
21000, 3184576, 0, 0, 0
21100, 2954813, 0, 0, 0
21201, 3026843, 0, 0, 0
21300, 5501568, 0, 0, 0
21400, 4872473, 0, 0, 0
21500, 3277856, 0, 0, 0
21600, 2237866, 0, 0, 0
21700, 5090467, 0, 0, 0
21800, 3075058, 0, 0, 0
21900, 2876159, 0, 0, 0
22000, 4386579, 0, 0, 0
22100, 4592605, 0, 0, 0
22200, 3167642, 0, 0, 0
22300, 2440665, 0, 0, 0
22400, 2977506, 0, 0, 0
22500, 3107048, 0, 0, 0
22600, 3068845, 0, 0, 0
22700, 2818867, 0, 0, 0
22800, 2823155, 0, 0, 0
22900, 3300800, 0, 0, 0
23000, 3516091, 0, 0, 0
23100, 3856687, 0, 0, 0
23200, 2876710, 0, 0, 0
23300, 2455284, 0, 0, 0
23400, 2470308, 0, 0, 0
23500, 3021869, 0, 0, 0
23600, 3603127, 0, 0, 0
23700, 2735125, 0, 0, 0
23800, 3179806, 0, 0, 0
23900, 4039665, 0, 0, 0
24000, 3561993, 0, 0, 0
24100, 3387340, 0, 0, 0
24200, 3768723, 0, 0, 0
24300, 3816448, 0, 0, 0
24400, 4928992, 0, 0, 0
24500, 4051497, 0, 0, 0
24600, 3863118, 0, 0, 0
24700, 2706495, 0, 0, 0
24800, 2812038, 0, 0, 0
24900, 3118688, 0, 0, 0
25000, 3844174, 0, 0, 0
25100, 3033121, 0, 0, 0
25200, 2909079, 0, 0, 0
25300, 3969615, 0, 0, 0
25400, 3512323, 0, 0, 0
25500, 3070821, 0, 0, 0
25600, 2952271, 0, 0, 0
25700, 3860094, 0, 0, 0
25800, 2523304, 0, 0, 0
25900, 3501991, 0, 0, 0
26001, 3169765, 0, 0, 0
26100, 2860547, 0, 0, 0
26200, 4083995, 0, 0, 0
26300, 2713760, 0, 0, 0
26400, 3237701, 0, 0, 0
26500, 4269137, 0, 0, 0
26600, 2942344, 0, 0, 0
26700, 2705332, 0, 0, 0
26800, 2532126, 0, 0, 0
26900, 2921915, 0, 0, 0
27000, 2928092, 0, 0, 0
27100, 3293669, 0, 0, 0
27200, 2478550, 0, 0, 0
27300, 3309812, 0, 0, 0
27400, 4782872, 0, 0, 0
27500, 2105999, 0, 0, 0
27600, 5250099, 0, 0, 0
27700, 4170791, 0, 0, 0
27800, 2775163, 0, 0, 0
27900, 2537193, 0, 0, 0
28000, 3690113, 0, 0, 0
28100, 2958785, 0, 0, 0
28200, 3319452, 0, 0, 0
28300, 3352122, 0, 0, 0
28400, 2752254, 0, 0, 0
28500, 3019171, 0, 0, 0
28600, 2922886, 0, 0, 0
28700, 3899724, 0, 0, 0
28800, 4429001, 0, 0, 0
28900, 4977765, 0, 0, 0
29000, 3257313, 0, 0, 0
29100, 4290022, 0, 0, 0
29200, 5056453, 0, 0, 0
29300, 2988121, 0, 0, 0
29400, 3233837, 0, 0, 0
29500, 2574933, 0, 0, 0
29600, 3281900, 0, 0, 0
29700, 3583513, 0, 0, 0
29800, 3382851, 0, 0, 0
29900, 3180742, 0, 0, 0
30000, 3364743, 0, 0, 0
30100, 3571489, 0, 0, 0
30200, 3956327, 0, 0, 0
30300, 3949740, 0, 0, 0
30400, 2838665, 0, 0, 0
30500, 3450622, 0, 0, 0
30600, 3697589, 0, 0, 0
30700, 2515689, 0, 0, 0
30800, 2850201, 0, 0, 0
30900, 2754196, 0, 0, 0
31000, 3459103, 0, 0, 0
31100, 3473552, 0, 0, 0
31200, 5765606, 0, 0, 0
31300, 4255514, 0, 0, 0
31400, 3260176, 0, 0, 0
31500, 2606634, 0, 0, 0
31600, 2911487, 0, 0, 0
31700, 2698875, 0, 0, 0
31800, 2759130, 0, 0, 0
31900, 2578037, 0, 0, 0
32000, 3519008, 0, 0, 0
32100, 3256730, 0, 0, 0
32200, 4070282, 0, 0, 0
32300, 3634108, 0, 0, 0
32400, 3240748, 0, 0, 0
32500, 3546552, 0, 0, 0
32600, 2283433, 0, 0, 0
32700, 3084368, 0, 0, 0
32800, 2881880, 0, 0, 0
32900, 4787069, 0, 0, 0
33000, 2887254, 0, 0, 0
33100, 7109969, 0, 0, 0
33200, 3472679, 0, 0, 0
33300, 3033374, 0, 0, 0
33400, 3144089, 0, 0, 0
33500, 4588524, 0, 0, 0
33600, 3668639, 0, 0, 0
33700, 2826109, 0, 0, 0
33800, 4077547, 0, 0, 0
33900, 3073570, 0, 0, 0
34000, 3060805, 0, 0, 0
34100, 2962204, 0, 0, 0
34200, 2784752, 0, 0, 0
34300, 2937172, 0, 0, 0
34400, 2688604, 0, 0, 0
34500, 2421671, 0, 0, 0
34600, 4982070, 0, 0, 0
34700, 3568430, 0, 0, 0
34800, 4581611, 0, 0, 0
34900, 3038929, 0, 0, 0
35000, 7354115, 0, 0, 0
35100, 5174775, 0, 0, 0
35200, 2469123, 0, 0, 0
35300, 4459266, 0, 0, 0
35400, 3784486, 0, 0, 0
35500, 5338278, 0, 0, 0
35600, 4352340, 0, 0, 0
35700, 2840326, 0, 0, 0
35800, 5226177, 0, 0, 0
35900, 4126200, 0, 0, 0
36000, 2540113, 0, 0, 0
36100, 4337457, 0, 0, 0
36200, 2794268, 0, 0, 0
36300, 3316921, 0, 0, 0
36400, 3665893, 0, 0, 0
36500, 3578435, 0, 0, 0
36600, 2715228, 0, 0, 0
36700, 3433748, 0, 0, 0
36800, 2853449, 0, 0, 0
36900, 5896074, 0, 0, 0
37000, 2283907, 0, 0, 0
37100, 2848716, 0, 0, 0
37200, 2966880, 0, 0, 0
37300, 3410027, 0, 0, 0
37400, 4306881, 0, 0, 0
37500, 2318210, 0, 0, 0
37600, 3227612, 0, 0, 0
37700, 3113399, 0, 0, 0
37800, 5915036, 0, 0, 0
37900, 2634748, 0, 0, 0
38000, 3130482, 0, 0, 0
38100, 2758656, 0, 0, 0
38200, 3682971, 0, 0, 0
38300, 4573856, 0, 0, 0
38400, 3576814, 0, 0, 0
38500, 2664542, 0, 0, 0
38600, 3265364, 0, 0, 0
38700, 2527008, 0, 0, 0
38800, 2990340, 0, 0, 0
38900, 2532594, 0, 0, 0
39000, 3441762, 0, 0, 0
39100, 3726600, 0, 0, 0
39200, 4864453, 0, 0, 0
39300, 3705474, 0, 0, 0
39400, 4026615, 0, 0, 0
39500, 4462804, 0, 0, 0
39600, 3195363, 0, 0, 0
39700, 3143990, 0, 0, 0
39800, 2502777, 0, 0, 0
39900, 3186596, 0, 0, 0
40000, 4015159, 0, 0, 0
40100, 3183841, 0, 0, 0
40200, 3389120, 0, 0, 0
40300, 4393699, 0, 0, 0
40400, 3951714, 0, 0, 0
40500, 4852097, 0, 0, 0
40600, 3002104, 0, 0, 0
40700, 3125201, 0, 0, 0
40800, 2949097, 0, 0, 0
40900, 3204620, 0, 0, 0
41000, 3390347, 0, 0, 0
41100, 2801640, 0, 0, 0
41200, 3704202, 0, 0, 0
41300, 4937405, 0, 0, 0
41402, 3825596, 0, 0, 0
41500, 5992264, 0, 0, 0
41601, 4896919, 0, 0, 0
41700, 4205595, 0, 0, 0
41800, 3363483, 0, 0, 0
41900, 8626092, 0, 0, 0
42000, 3420963, 0, 0, 0
42100, 4749805, 0, 0, 0
42200, 3170141, 0, 0, 0
42300, 4168955, 0, 0, 0
42400, 2900893, 0, 0, 0
42500, 3627190, 0, 0, 0
42600, 3518349, 0, 0, 0
42700, 2855779, 0, 0, 0
42800, 7156977, 0, 0, 0
42900, 3102916, 0, 0, 0
43001, 11220271, 0, 0, 0
43100, 3360092, 0, 0, 0
43200, 2590225, 0, 0, 0
43300, 2903334, 0, 0, 0
43400, 3773006, 0, 0, 0
43500, 3267855, 0, 0, 0
43600, 2455857, 0, 0, 0
43700, 2425472, 0, 0, 0
43800, 2746694, 0, 0, 0
43900, 7683932, 0, 0, 0
44000, 2820348, 0, 0, 0
44100, 3358732, 0, 0, 0
44200, 3253118, 0, 0, 0
44300, 3037036, 0, 0, 0
44400, 2694081, 0, 0, 0
44500, 2770361, 0, 0, 0
44600, 3561156, 0, 0, 0
44700, 2981484, 0, 0, 0
44800, 2741772, 0, 0, 0
44900, 7082596, 0, 0, 0
45000, 5058984, 0, 0, 0
45100, 3580925, 0, 0, 0
45200, 4013639, 0, 0, 0
45300, 2834444, 0, 0, 0
45400, 2474736, 0, 0, 0
45500, 2812642, 0, 0, 0
45600, 3129437, 0, 0, 0
45700, 2847545, 0, 0, 0
45800, 2923330, 0, 0, 0
45900, 2801001, 0, 0, 0
46000, 3625265, 0, 0, 0
46100, 5328397, 0, 0, 0
46200, 3676005, 0, 0, 0
46300, 3032840, 0, 0, 0
46400, 3223773, 0, 0, 0
46500, 2883429, 0, 0, 0
46600, 3994259, 0, 0, 0
46700, 2947056, 0, 0, 0
46800, 2392260, 0, 0, 0
46900, 3339591, 0, 0, 0
47000, 3083651, 0, 0, 0
47100, 2534254, 0, 0, 0
47200, 3180859, 0, 0, 0
47300, 4570579, 0, 0, 0
47400, 3385844, 0, 0, 0
47500, 3021572, 0, 0, 0
47600, 2924913, 0, 0, 0
47700, 4847001, 0, 0, 0
47800, 3653240, 0, 0, 0
47900, 3196775, 0, 0, 0
48000, 3330654, 0, 0, 0
48100, 3423260, 0, 0, 0
48200, 3961716, 0, 0, 0
48300, 2497629, 0, 0, 0
48400, 3604220, 0, 0, 0
48500, 3704296, 0, 0, 0
48600, 2566110, 0, 0, 0
48700, 3288199, 0, 0, 0
48800, 3642319, 0, 0, 0
48900, 3111993, 0, 0, 0
49000, 3920378, 0, 0, 0
49100, 3434756, 0, 0, 0
49200, 2755423, 0, 0, 0
49300, 2941735, 0, 0, 0
49400, 3302820, 0, 0, 0
49500, 4624461, 0, 0, 0
49600, 2786045, 0, 0, 0
49700, 3138206, 0, 0, 0
49800, 2751239, 0, 0, 0
49900, 3367156, 0, 0, 0
50000, 2777183, 0, 0, 0
50100, 2701663, 0, 0, 0
50200, 2952770, 0, 0, 0
50300, 2443965, 0, 0, 0
50400, 8364546, 0, 0, 0
50500, 3652753, 0, 0, 0
50600, 2770818, 0, 0, 0
50700, 2907808, 0, 0, 0
50800, 4055846, 0, 0, 0
50900, 4869633, 0, 0, 0
51000, 2910328, 0, 0, 0
51100, 3002404, 0, 0, 0
51200, 2663037, 0, 0, 0
51300, 3071805, 0, 0, 0
51400, 3381043, 0, 0, 0
51500, 2944315, 0, 0, 0
51600, 3270681, 0, 0, 0
51700, 4001183, 0, 0, 0
51800, 2639750, 0, 0, 0
51900, 2855389, 0, 0, 0
52000, 2674352, 0, 0, 0
52100, 2759292, 0, 0, 0
52200, 2418041, 0, 0, 0
52301, 3443306, 0, 0, 0
52400, 3713417, 0, 0, 0
52500, 3051259, 0, 0, 0
52600, 4059699, 0, 0, 0
52700, 2829980, 0, 0, 0
52800, 3471550, 0, 0, 0
52900, 2702031, 0, 0, 0
53000, 2816883, 0, 0, 0
53100, 2472182, 0, 0, 0
53200, 3132615, 0, 0, 0
53300, 2484139, 0, 0, 0
53400, 3185979, 0, 0, 0
53500, 2773517, 0, 0, 0
53600, 2852530, 0, 0, 0
53700, 3281653, 0, 0, 0
53800, 3547683, 0, 0, 0
53900, 2952834, 0, 0, 0
54000, 2797249, 0, 0, 0
54100, 5458857, 0, 0, 0
54200, 3286169, 0, 0, 0
54300, 3258156, 0, 0, 0
54400, 4862375, 0, 0, 0
54500, 3898351, 0, 0, 0
54600, 2726777, 0, 0, 0
54700, 4044025, 0, 0, 0
54800, 2821845, 0, 0, 0
54900, 2532079, 0, 0, 0
55000, 2882525, 0, 0, 0
55100, 3890542, 0, 0, 0
55200, 3671852, 0, 0, 0
55300, 2895455, 0, 0, 0
55400, 4043891, 0, 0, 0
55500, 3429636, 0, 0, 0
55600, 3349095, 0, 0, 0
55700, 3482302, 0, 0, 0
55800, 5034503, 0, 0, 0
55900, 3068781, 0, 0, 0
56000, 3494037, 0, 0, 0
56100, 2397831, 0, 0, 0
56200, 3192288, 0, 0, 0
56300, 3667567, 0, 0, 0
56400, 2830414, 0, 0, 0
56500, 2964869, 0, 0, 0
56600, 4700085, 0, 0, 0
56703, 2964990, 0, 0, 0
56800, 3858927, 0, 0, 0
56900, 3175079, 0, 0, 0
57000, 2767374, 0, 0, 0
57100, 2785325, 0, 0, 0
57200, 3095659, 0, 0, 0
57300, 5341634, 0, 0, 0
57400, 3273285, 0, 0, 0
57500, 2758715, 0, 0, 0
57600, 4450667, 0, 0, 0
57700, 2803321, 0, 0, 0
57800, 2664615, 0, 0, 0
57900, 3962650, 0, 0, 0
58000, 3805861, 0, 0, 0
58100, 2678697, 0, 0, 0
58200, 2935101, 0, 0, 0
58300, 2665313, 0, 0, 0
58400, 3514055, 0, 0, 0
58500, 3306765, 0, 0, 0
58600, 2406440, 0, 0, 0
58700, 3656833, 0, 0, 0
58800, 2635981, 0, 0, 0
58900, 3079808, 0, 0, 0
59000, 3816343, 0, 0, 0
59100, 3160013, 0, 0, 0
59200, 5489021, 0, 0, 0
59300, 3312153, 0, 0, 0
59400, 4388564, 0, 0, 0
59500, 4853924, 0, 0, 0
59600, 3111647, 0, 0, 0
59700, 3387036, 0, 0, 0
59800, 4513264, 0, 0, 0
59900, 3301778, 0, 0, 0
60000, 3026757, 0, 0, 0
60100, 6812477, 0, 0, 0
60200, 6756565, 0, 0, 0
60300, 3529971, 0, 0, 0
60400, 3352632, 0, 0, 0
60500, 3987288, 0, 0, 0
60600, 3298637, 0, 0, 0
60700, 2792421, 0, 0, 0
60800, 2737348, 0, 0, 0
60900, 3135593, 0, 0, 0
61000, 3566908, 0, 0, 0
61100, 4079184, 0, 0, 0
61200, 3249967, 0, 0, 0
61300, 2996711, 0, 0, 0
61400, 4297664, 0, 0, 0
61500, 3248402, 0, 0, 0
61600, 3033317, 0, 0, 0
61700, 2855536, 0, 0, 0
61800, 3071740, 0, 0, 0
61900, 4051526, 0, 0, 0
62000, 3221632, 0, 0, 0
62100, 4802311, 0, 0, 0
62200, 3857863, 0, 0, 0
62300, 3561903, 0, 0, 0
62400, 4412178, 0, 0, 0
62500, 2547858, 0, 0, 0
62600, 4106935, 0, 0, 0
62700, 3627826, 0, 0, 0
62800, 3528315, 0, 0, 0
62900, 5579511, 0, 0, 0
63000, 3199684, 0, 0, 0
63100, 3455995, 0, 0, 0
63200, 2646892, 0, 0, 0
63300, 3025044, 0, 0, 0
63400, 3095825, 0, 0, 0
63500, 3681781, 0, 0, 0
63600, 3373007, 0, 0, 0
63700, 2939412, 0, 0, 0
63800, 2574394, 0, 0, 0
63900, 2939507, 0, 0, 0
64000, 2472558, 0, 0, 0
64100, 3137446, 0, 0, 0
64200, 3143458, 0, 0, 0
64300, 3713147, 0, 0, 0
64400, 3560232, 0, 0, 0
64500, 5378820, 0, 0, 0
64600, 2955358, 0, 0, 0
64700, 3722113, 0, 0, 0
64800, 4045207, 0, 0, 0
64900, 3792561, 0, 0, 0
65000, 5016607, 0, 0, 0
65100, 2348753, 0, 0, 0
65200, 3641719, 0, 0, 0
65300, 3902008, 0, 0, 0
65400, 5037160, 0, 0, 0
65500, 3425599, 0, 0, 0
65600, 3143210, 0, 0, 0
65700, 3483830, 0, 0, 0
65800, 5131562, 0, 0, 0
65900, 6190819, 0, 0, 0
66000, 3932225, 0, 0, 0
66100, 4593036, 0, 0, 0
66200, 3922572, 0, 0, 0
66300, 4674851, 0, 0, 0
66400, 2915445, 0, 0, 0
66500, 3823498, 0, 0, 0
66600, 2665090, 0, 0, 0
66700, 2803367, 0, 0, 0
66800, 6326470, 0, 0, 0
66900, 5883334, 0, 0, 0
67000, 2960015, 0, 0, 0
67100, 2843770, 0, 0, 0
67200, 4008899, 0, 0, 0
67300, 3711503, 0, 0, 0
67400, 2916036, 0, 0, 0
67500, 2966145, 0, 0, 0
67600, 3248186, 0, 0, 0
67700, 2701183, 0, 0, 0
67800, 3647985, 0, 0, 0
67900, 2729194, 0, 0, 0
68000, 2547422, 0, 0, 0
68100, 4467585, 0, 0, 0
68200, 2701713, 0, 0, 0
68300, 3664592, 0, 0, 0
68400, 3005419, 0, 0, 0
68500, 3538318, 0, 0, 0
68600, 2588948, 0, 0, 0
68700, 3430370, 0, 0, 0
68800, 3019170, 0, 0, 0
68900, 2607669, 0, 0, 0
69000, 2866106, 0, 0, 0
69100, 2577065, 0, 0, 0
69200, 4887290, 0, 0, 0
69300, 4819695, 0, 0, 0
69400, 3111134, 0, 0, 0
69500, 2860058, 0, 0, 0
69600, 3937228, 0, 0, 0
69700, 3274143, 0, 0, 0
69800, 2813559, 0, 0, 0
69900, 2770428, 0, 0, 0
70000, 3131461, 0, 0, 0
70100, 2907907, 0, 0, 0
70200, 2752152, 0, 0, 0
70300, 2659174, 0, 0, 0
70400, 3078490, 0, 0, 0
70500, 2583852, 0, 0, 0
70600, 3048992, 0, 0, 0
70700, 2796164, 0, 0, 0
70804, 3931514, 0, 0, 0
70900, 5556677, 0, 0, 0
71000, 4624702, 0, 0, 0
71100, 5322452, 0, 0, 0
71200, 4617353, 0, 0, 0
71300, 2951873, 0, 0, 0
71400, 3438393, 0, 0, 0
71500, 2950782, 0, 0, 0
71600, 2717391, 0, 0, 0
71700, 2262228, 0, 0, 0
71800, 3496774, 0, 0, 0
71900, 2747136, 0, 0, 0
72000, 3136201, 0, 0, 0
72100, 4782707, 0, 0, 0
72207, 3342860, 0, 0, 0
72300, 4934067, 0, 0, 0
72400, 3035772, 0, 0, 0
72500, 4036834, 0, 0, 0
72600, 2970062, 0, 0, 0
72700, 3179538, 0, 0, 0
72800, 4027211, 0, 0, 0
72900, 4436335, 0, 0, 0
73000, 3138487, 0, 0, 0
73100, 2957873, 0, 0, 0
73200, 2133104, 0, 0, 0
73300, 2933181, 0, 0, 0
73400, 3468490, 0, 0, 0
73500, 3280811, 0, 0, 0
73600, 2711729, 0, 0, 0
73700, 3412856, 0, 0, 0
73800, 3386184, 0, 0, 0
73900, 4830732, 0, 0, 0
74000, 3898546, 0, 0, 0
74100, 4628341, 0, 0, 0
74200, 3238076, 0, 0, 0
74300, 3409464, 0, 0, 0
74400, 6258614, 0, 0, 0
74500, 3041699, 0, 0, 0
74600, 4657083, 0, 0, 0
74700, 2830508, 0, 0, 0
74800, 4336171, 0, 0, 0
74900, 2990300, 0, 0, 0
75000, 2730977, 0, 0, 0
75100, 2565889, 0, 0, 0
75201, 5062629, 0, 0, 0
75300, 4867107, 0, 0, 0
75400, 2166943, 0, 0, 0
75500, 2917492, 0, 0, 0
75600, 3030223, 0, 0, 0
75700, 4925190, 0, 0, 0
75800, 3909600, 0, 0, 0
75900, 2478284, 0, 0, 0
76000, 2885116, 0, 0, 0
76100, 6284786, 0, 0, 0
76200, 3839807, 0, 0, 0
76300, 3060007, 0, 0, 0
76400, 2990033, 0, 0, 0
76500, 3771538, 0, 0, 0
76600, 3240853, 0, 0, 0
76700, 2846866, 0, 0, 0
76800, 2767502, 0, 0, 0
76900, 3258810, 0, 0, 0
77000, 3741463, 0, 0, 0
77100, 3184546, 0, 0, 0
77200, 5164781, 0, 0, 0
77300, 2567661, 0, 0, 0
77400, 3894208, 0, 0, 0
77500, 3920249, 0, 0, 0
77600, 2467375, 0, 0, 0
77700, 2972615, 0, 0, 0
77800, 2721925, 0, 0, 0
77900, 3033171, 0, 0, 0
78000, 7935851, 0, 0, 0
78100, 3010922, 0, 0, 0
78200, 3778831, 0, 0, 0
78300, 2531772, 0, 0, 0
78400, 4279066, 0, 0, 0
78500, 4247052, 0, 0, 0
78600, 3478298, 0, 0, 0
78700, 3221359, 0, 0, 0
78800, 4569332, 0, 0, 0
78900, 3276378, 0, 0, 0
79000, 3832467, 0, 0, 0
79100, 2822928, 0, 0, 0
79200, 3187288, 0, 0, 0
79300, 2452719, 0, 0, 0
79400, 2743013, 0, 0, 0
79500, 7136121, 0, 0, 0
79600, 2724703, 0, 0, 0
79700, 3411191, 0, 0, 0
79800, 3911476, 0, 0, 0
79900, 3105576, 0, 0, 0
80000, 2892086, 0, 0, 0
80100, 3032720, 0, 0, 0
80200, 2878529, 0, 0, 0
80300, 2809085, 0, 0, 0
80400, 3792934, 0, 0, 0
80500, 4759534, 0, 0, 0
80600, 5899177, 0, 0, 0
80700, 3305539, 0, 0, 0
80800, 2399152, 0, 0, 0
80900, 2260763, 0, 0, 0
81000, 2660774, 0, 0, 0
81100, 3154389, 0, 0, 0
81200, 5364686, 0, 0, 0
81300, 2689653, 0, 0, 0
81400, 3724422, 0, 0, 0
81500, 3051259, 0, 0, 0
81600, 2817956, 0, 0, 0
81700, 3850389, 0, 0, 0
81800, 3297840, 0, 0, 0
81900, 2689476, 0, 0, 0
82000, 3067469, 0, 0, 0
82100, 3149859, 0, 0, 0
82200, 2814459, 0, 0, 0
82300, 3959823, 0, 0, 0
82400, 2822318, 0, 0, 0
82500, 4929474, 0, 0, 0
82600, 3670150, 0, 0, 0
82700, 3108187, 0, 0, 0
82800, 4951781, 0, 0, 0
82900, 3032576, 0, 0, 0
83000, 2748632, 0, 0, 0
83100, 2725798, 0, 0, 0
83200, 2936129, 0, 0, 0
83300, 4707694, 0, 0, 0
83403, 4535888, 0, 0, 0
83500, 8245911, 0, 0, 0
83600, 3143359, 0, 0, 0
83700, 3280715, 0, 0, 0
83800, 3813565, 0, 0, 0
83900, 3146411, 0, 0, 0
84000, 3514053, 0, 0, 0
84100, 3299075, 0, 0, 0
84200, 5122955, 0, 0, 0
84300, 3199240, 0, 0, 0
84400, 3792620, 0, 0, 0
84500, 4406608, 0, 0, 0
84600, 4492529, 0, 0, 0
84700, 3469880, 0, 0, 0
84800, 5218746, 0, 0, 0
84900, 6118422, 0, 0, 0
85000, 3930444, 0, 0, 0
85100, 3432120, 0, 0, 0
85200, 3884384, 0, 0, 0
85300, 5569005, 0, 0, 0
85400, 2168691, 0, 0, 0
85500, 2792967, 0, 0, 0
85600, 3046952, 0, 0, 0
85700, 2501270, 0, 0, 0
85800, 3396426, 0, 0, 0
85900, 3211029, 0, 0, 0
86000, 3449539, 0, 0, 0
86100, 2950378, 0, 0, 0
86200, 2820487, 0, 0, 0
86300, 3531032, 0, 0, 0
86400, 2559222, 0, 0, 0
86500, 2826161, 0, 0, 0
86600, 2952421, 0, 0, 0
86700, 2740874, 0, 0, 0
86800, 3151443, 0, 0, 0
86900, 4281870, 0, 0, 0
87001, 2640805, 0, 0, 0
87100, 4781831, 0, 0, 0
87200, 3911066, 0, 0, 0
87300, 4345704, 0, 0, 0
87400, 3325544, 0, 0, 0
87500, 3082394, 0, 0, 0
87600, 2868843, 0, 0, 0
87700, 3966658, 0, 0, 0
87800, 3824419, 0, 0, 0
87900, 3206393, 0, 0, 0
88000, 3318919, 0, 0, 0
88100, 3782030, 0, 0, 0
88200, 3071883, 0, 0, 0
88300, 4398286, 0, 0, 0
88400, 3460765, 0, 0, 0
88500, 2763404, 0, 0, 0
88600, 2788735, 0, 0, 0
88700, 3255236, 0, 0, 0
88800, 6525763, 0, 0, 0
88900, 3856375, 0, 0, 0
89000, 2774661, 0, 0, 0
89100, 4024146, 0, 0, 0
89200, 3283019, 0, 0, 0
89300, 3465042, 0, 0, 0
89400, 3189696, 0, 0, 0
89500, 3359024, 0, 0, 0
89600, 3754176, 0, 0, 0
89700, 3452888, 0, 0, 0
89800, 2875626, 0, 0, 0
89900, 3164202, 0, 0, 0
90000, 2906769, 0, 0, 0
90002, 3826626, 0, 0, 0
