102, 16861999, 0, 0, 0
200, 15037367, 0, 0, 0
304, 14180485, 0, 0, 0
401, 19241810, 0, 0, 0
502, 18095518, 0, 0, 0
605, 18295959, 0, 0, 0
701, 14847324, 0, 0, 0
804, 15486549, 0, 0, 0
904, 20894371, 0, 0, 0
1000, 15339637, 0, 0, 0
1106, 15862754, 0, 0, 0
1200, 15882567, 0, 0, 0
1300, 17501203, 0, 0, 0
1400, 14129512, 0, 0, 0
1506, 19427374, 0, 0, 0
1601, 22186851, 0, 0, 0
1702, 19745468, 0, 0, 0
1800, 21354558, 0, 0, 0
1901, 35662659, 0, 0, 0
2002, 22306568, 0, 0, 0
2103, 16147236, 0, 0, 0
2202, 15779779, 0, 0, 0
2303, 16475710, 0, 0, 0
2401, 20159501, 0, 0, 0
2502, 16646595, 0, 0, 0
2601, 18694305, 0, 0, 0
2703, 17809371, 0, 0, 0
2800, 14576435, 0, 0, 0
2903, 19162283, 0, 0, 0
3004, 17215219, 0, 0, 0
3102, 16675345, 0, 0, 0
3205, 22318835, 0, 0, 0
3303, 18809084, 0, 0, 0
3405, 17486409, 0, 0, 0
3500, 13592457, 0, 0, 0
3602, 19153294, 0, 0, 0
3704, 15661681, 0, 0, 0
3805, 14843255, 0, 0, 0
3902, 23029292, 0, 0, 0
4001, 22338068, 0, 0, 0
4100, 17554971, 0, 0, 0
4206, 15674029, 0, 0, 0
4303, 16512842, 0, 0, 0
4401, 19161453, 0, 0, 0
4505, 21368564, 0, 0, 0
4601, 14548828, 0, 0, 0
4701, 16199451, 0, 0, 0
4802, 16958984, 0, 0, 0
4903, 17203390, 0, 0, 0
5005, 20213993, 0, 0, 0
5100, 17167696, 0, 0, 0
5204, 16944709, 0, 0, 0
5303, 17409615, 0, 0, 0
5407, 18780048, 0, 0, 0
5506, 15853901, 0, 0, 0
5622, 18785469, 0, 0, 0
5700, 18738309, 0, 0, 0
5801, 24003840, 0, 0, 0
5912, 19711584, 0, 0, 0
6007, 13957028, 0, 0, 0
6101, 17931483, 0, 0, 0
6200, 16053040, 0, 0, 0
6301, 13269994, 0, 0, 0
6406, 17559017, 0, 0, 0
6504, 16508111, 0, 0, 0
6606, 20708274, 0, 0, 0
6701, 15395532, 0, 0, 0
6820, 15041133, 0, 0, 0
6903, 17578544, 0, 0, 0
7004, 13745053, 0, 0, 0
7101, 17290186, 0, 0, 0
7200, 16633134, 0, 0, 0
7303, 15607203, 0, 0, 0
7410, 20451951, 0, 0, 0
7507, 15415392, 0, 0, 0
7605, 22812464, 0, 0, 0
7705, 16577114, 0, 0, 0
7809, 17730614, 0, 0, 0
7901, 16839625, 0, 0, 0
8002, 14340360, 0, 0, 0
8100, 17719884, 0, 0, 0
8202, 14254477, 0, 0, 0
8301, 22676111, 0, 0, 0
8407, 17992819, 0, 0, 0
8507, 15844415, 0, 0, 0
8607, 17767515, 0, 0, 0
8703, 19765899, 0, 0, 0
8802, 16795439, 0, 0, 0
8906, 15926277, 0, 0, 0
9003, 19567722, 0, 0, 0
9104, 21002264, 0, 0, 0
9205, 18566881, 0, 0, 0
9302, 18689570, 0, 0, 0
9403, 14270980, 0, 0, 0
9501, 18819858, 0, 0, 0
9601, 21579178, 0, 0, 0
9700, 19671434, 0, 0, 0
9806, 18619479, 0, 0, 0
9910, 19638756, 0, 0, 0
10003, 16642117, 0, 0, 0
10102, 18292464, 0, 0, 0
10210, 17191734, 0, 0, 0
10306, 20881164, 0, 0, 0
10405, 17295501, 0, 0, 0
10502, 20057939, 0, 0, 0
10604, 20909071, 0, 0, 0
10703, 20237140, 0, 0, 0
10800, 16942088, 0, 0, 0
10901, 14915234, 0, 0, 0
11004, 18551591, 0, 0, 0
11114, 19578453, 0, 0, 0
11203, 19554587, 0, 0, 0
11304, 12938435, 0, 0, 0
11403, 14952441, 0, 0, 0
11505, 14789704, 0, 0, 0
11605, 17085130, 0, 0, 0
11702, 18603151, 0, 0, 0
11800, 17248656, 0, 0, 0
11910, 19321887, 0, 0, 0
12002, 18024753, 0, 0, 0
12103, 16149401, 0, 0, 0
12208, 16593783, 0, 0, 0
12302, 21551701, 0, 0, 0
12406, 17000805, 0, 0, 0
12508, 16519724, 0, 0, 0
12601, 16470733, 0, 0, 0
12704, 16838513, 0, 0, 0
12804, 18279237, 0, 0, 0
12904, 22004670, 0, 0, 0
13001, 24541234, 0, 0, 0
13106, 23510585, 0, 0, 0
13214, 16582861, 0, 0, 0
13309, 17837685, 0, 0, 0
13403, 20338619, 0, 0, 0
13505, 22328652, 0, 0, 0
13601, 16848520, 0, 0, 0
13700, 18717878, 0, 0, 0
13811, 17664814, 0, 0, 0
13900, 15421897, 0, 0, 0
14002, 21145639, 0, 0, 0
14101, 14805888, 0, 0, 0
14202, 16208211, 0, 0, 0
14309, 18118199, 0, 0, 0
14400, 19816655, 0, 0, 0
14504, 21238217, 0, 0, 0
14600, 17834345, 0, 0, 0
14704, 19585367, 0, 0, 0
14801, 17205249, 0, 0, 0
14903, 22690610, 0, 0, 0
15000, 16982639, 0, 0, 0
15115, 18859568, 0, 0, 0
15201, 19129228, 0, 0, 0
15300, 26020663, 0, 0, 0
15404, 18538505, 0, 0, 0
15500, 19977692, 0, 0, 0
15604, 13968234, 0, 0, 0
15701, 15798163, 0, 0, 0
15803, 14118719, 0, 0, 0
15903, 14796351, 0, 0, 0
16002, 24989194, 0, 0, 0
16105, 16162114, 0, 0, 0
16206, 15881171, 0, 0, 0
16304, 16680414, 0, 0, 0
16403, 15251208, 0, 0, 0
16510, 17702576, 0, 0, 0
16608, 17735998, 0, 0, 0
16704, 22287617, 0, 0, 0
16803, 18378115, 0, 0, 0
16901, 13702410, 0, 0, 0
17000, 18511786, 0, 0, 0
17106, 21272865, 0, 0, 0
17217, 17744549, 0, 0, 0
17303, 21358941, 0, 0, 0
17400, 20211614, 0, 0, 0
17509, 21902989, 0, 0, 0
17602, 18718646, 0, 0, 0
17701, 13369079, 0, 0, 0
17806, 16742321, 0, 0, 0
17919, 20844778, 0, 0, 0
18001, 23031670, 0, 0, 0
18100, 25918232, 0, 0, 0
18205, 17637902, 0, 0, 0
18302, 16421213, 0, 0, 0
18401, 17694102, 0, 0, 0
18500, 21407527, 0, 0, 0
18602, 17724157, 0, 0, 0
18701, 17284103, 0, 0, 0
18801, 21160729, 0, 0, 0
18900, 16924900, 0, 0, 0
19002, 14837253, 0, 0, 0
19103, 20106290, 0, 0, 0
19202, 14817586, 0, 0, 0
19300, 19099830, 0, 0, 0
19404, 18180525, 0, 0, 0
19500, 18988817, 0, 0, 0
19606, 17104505, 0, 0, 0
19704, 20085422, 0, 0, 0
19804, 20077617, 0, 0, 0
19907, 19198219, 0, 0, 0
20000, 12715762, 0, 0, 0
20103, 17337179, 0, 0, 0
20203, 20909765, 0, 0, 0
20303, 18069037, 0, 0, 0
20411, 17725095, 0, 0, 0
20507, 16059632, 0, 0, 0
20603, 15871449, 0, 0, 0
20702, 18798301, 0, 0, 0
20803, 15476961, 0, 0, 0
20900, 17049141, 0, 0, 0
21000, 17265213, 0, 0, 0
21106, 20950231, 0, 0, 0
21205, 19670622, 0, 0, 0
21302, 17051639, 0, 0, 0
21401, 17530816, 0, 0, 0
21502, 14723301, 0, 0, 0
21603, 17316676, 0, 0, 0
21700, 15621376, 0, 0, 0
21803, 20170435, 0, 0, 0
21901, 16589954, 0, 0, 0
22005, 22793530, 0, 0, 0
22111, 18546187, 0, 0, 0
22203, 20473592, 0, 0, 0
22302, 22728713, 0, 0, 0
22403, 15810811, 0, 0, 0
22501, 16432449, 0, 0, 0
22603, 18279540, 0, 0, 0
22703, 19468628, 0, 0, 0
22802, 23515272, 0, 0, 0
22901, 15504111, 0, 0, 0
23008, 15057097, 0, 0, 0
23108, 15284119, 0, 0, 0
23206, 24028673, 0, 0, 0
23301, 27215279, 0, 0, 0
23402, 17248253, 0, 0, 0
23501, 17427436, 0, 0, 0
23609, 13566517, 0, 0, 0
23705, 14718656, 0, 0, 0
23803, 19938992, 0, 0, 0
23905, 17621597, 0, 0, 0
24000, 14823852, 0, 0, 0
24106, 17228570, 0, 0, 0
24201, 15153945, 0, 0, 0
24301, 25092010, 0, 0, 0
24401, 15840344, 0, 0, 0
24508, 18292432, 0, 0, 0
24602, 17373234, 0, 0, 0
24703, 15432593, 0, 0, 0
24803, 20158509, 0, 0, 0
24901, 14695593, 0, 0, 0
25000, 15895124, 0, 0, 0
25109, 13013795, 0, 0, 0
25207, 13466608, 0, 0, 0
25301, 22581809, 0, 0, 0
25406, 17934856, 0, 0, 0
25518, 18588393, 0, 0, 0
25607, 17658077, 0, 0, 0
25700, 16953595, 0, 0, 0
25801, 21526594, 0, 0, 0
25903, 17774817, 0, 0, 0
26007, 20788578, 0, 0, 0
26104, 17393431, 0, 0, 0
26206, 15809499, 0, 0, 0
26301, 15380305, 0, 0, 0
26402, 16099260, 0, 0, 0
26503, 22006193, 0, 0, 0
26604, 16773169, 0, 0, 0
26700, 14608502, 0, 0, 0
26801, 19830346, 0, 0, 0
26902, 16255731, 0, 0, 0
27001, 17917869, 0, 0, 0
27100, 21635350, 0, 0, 0
27200, 18381983, 0, 0, 0
27303, 17347159, 0, 0, 0
27400, 16178566, 0, 0, 0
27500, 18240322, 0, 0, 0
27600, 22474251, 0, 0, 0
27702, 17397760, 0, 0, 0
27805, 15025477, 0, 0, 0
27905, 16150827, 0, 0, 0
28000, 15691622, 0, 0, 0
28101, 19953416, 0, 0, 0
28200, 21116491, 0, 0, 0
28304, 16775246, 0, 0, 0
28405, 13742449, 0, 0, 0
28505, 15018530, 0, 0, 0
28602, 17757895, 0, 0, 0
28703, 30492272, 0, 0, 0
28808, 14624177, 0, 0, 0
28902, 21131079, 0, 0, 0
29000, 14049094, 0, 0, 0
29103, 19629246, 0, 0, 0
29201, 16165830, 0, 0, 0
29305, 19806802, 0, 0, 0
29405, 19662954, 0, 0, 0
29504, 13155565, 0, 0, 0
29604, 20248827, 0, 0, 0
29703, 24718699, 0, 0, 0
29804, 14527583, 0, 0, 0
29901, 19473379, 0, 0, 0
30005, 16142766, 0, 0, 0
30101, 16129003, 0, 0, 0
30200, 15067089, 0, 0, 0
30300, 18892547, 0, 0, 0
30406, 17206559, 0, 0, 0
30506, 15691269, 0, 0, 0
30609, 23735004, 0, 0, 0
30700, 17725253, 0, 0, 0
30805, 14711390, 0, 0, 0
30907, 15344043, 0, 0, 0
31000, 15284884, 0, 0, 0
31104, 12138398, 0, 0, 0
31200, 20768393, 0, 0, 0
31305, 16146260, 0, 0, 0
31402, 18112428, 0, 0, 0
31517, 12005636, 0, 0, 0
31601, 17442667, 0, 0, 0
31703, 20397775, 0, 0, 0
31813, 20630539, 0, 0, 0
31903, 22113929, 0, 0, 0
32011, 18063693, 0, 0, 0
32101, 20508722, 0, 0, 0
32204, 20840403, 0, 0, 0
32300, 17114206, 0, 0, 0
32403, 11623620, 0, 0, 0
32500, 17574797, 0, 0, 0
32602, 17155145, 0, 0, 0
32706, 21371075, 0, 0, 0
32803, 15930590, 0, 0, 0
32909, 14884488, 0, 0, 0
33009, 20053585, 0, 0, 0
33103, 18984319, 0, 0, 0
33205, 14267529, 0, 0, 0
33304, 19860223, 0, 0, 0
33402, 16770902, 0, 0, 0
33504, 19075942, 0, 0, 0
33605, 18127767, 0, 0, 0
33702, 17353571, 0, 0, 0
33800, 16530444, 0, 0, 0
33901, 16269640, 0, 0, 0
34006, 20086134, 0, 0, 0
34100, 19218447, 0, 0, 0
34204, 19216671, 0, 0, 0
34302, 17573903, 0, 0, 0
34402, 14391225, 0, 0, 0
34513, 16056574, 0, 0, 0
34600, 26045073, 0, 0, 0
34704, 19258361, 0, 0, 0
34806, 18248587, 0, 0, 0
34902, 18084855, 0, 0, 0
35004, 22446787, 0, 0, 0
35101, 19591958, 0, 0, 0
35207, 16349719, 0, 0, 0
35305, 20663231, 0, 0, 0
35400, 18185233, 0, 0, 0
35502, 16927085, 0, 0, 0
35601, 21897517, 0, 0, 0
35707, 17719742, 0, 0, 0
35802, 17881388, 0, 0, 0
35901, 14239512, 0, 0, 0
36003, 16202472, 0, 0, 0
36100, 17214788, 0, 0, 0
36205, 15539406, 0, 0, 0
36306, 18027225, 0, 0, 0
36401, 21205609, 0, 0, 0
36513, 15555359, 0, 0, 0
36600, 23316207, 0, 0, 0
36704, 14401568, 0, 0, 0
36804, 15933326, 0, 0, 0
36900, 20340899, 0, 0, 0
37006, 15560551, 0, 0, 0
37100, 18583803, 0, 0, 0
37201, 18118611, 0, 0, 0
37307, 17048704, 0, 0, 0
37409, 17492888, 0, 0, 0
37503, 25203533, 0, 0, 0
37605, 17044964, 0, 0, 0
37700, 16234463, 0, 0, 0
37803, 17376068, 0, 0, 0
37902, 17783805, 0, 0, 0
38000, 16216257, 0, 0, 0
38102, 19722108, 0, 0, 0
38201, 20965089, 0, 0, 0
38300, 15887580, 0, 0, 0
38404, 18536597, 0, 0, 0
38505, 17783041, 0, 0, 0
38600, 18636213, 0, 0, 0
38701, 17999237, 0, 0, 0
38807, 14744209, 0, 0, 0
38900, 15794422, 0, 0, 0
39004, 14412482, 0, 0, 0
39100, 18833277, 0, 0, 0
39200, 35012295, 0, 0, 0
39305, 15598829, 0, 0, 0
39402, 16289871, 0, 0, 0
39510, 14009555, 0, 0, 0
39606, 19766096, 0, 0, 0
39702, 15046542, 0, 0, 0
39809, 17486550, 0, 0, 0
39901, 16004542, 0, 0, 0
40004, 14983841, 0, 0, 0
40101, 18910028, 0, 0, 0
40200, 15748458, 0, 0, 0
40300, 14924463, 0, 0, 0
40402, 20944236, 0, 0, 0
40501, 17697039, 0, 0, 0
40600, 15756771, 0, 0, 0
40703, 15969331, 0, 0, 0
40800, 19606822, 0, 0, 0
40904, 20376196, 0, 0, 0
41004, 21944923, 0, 0, 0
41101, 18356004, 0, 0, 0
41201, 15987366, 0, 0, 0
41303, 17307441, 0, 0, 0
41418, 19740454, 0, 0, 0
41505, 22601930, 0, 0, 0
41603, 14573233, 0, 0, 0
41708, 20181371, 0, 0, 0
41801, 18054537, 0, 0, 0
41900, 15692979, 0, 0, 0
42001, 17153931, 0, 0, 0
42103, 16679626, 0, 0, 0
42205, 18948390, 0, 0, 0
42302, 16570915, 0, 0, 0
42406, 20599042, 0, 0, 0
42504, 20375900, 0, 0, 0
42603, 21697607, 0, 0, 0
42701, 18411612, 0, 0, 0
42802, 19040190, 0, 0, 0
42906, 13403826, 0, 0, 0
43000, 21093627, 0, 0, 0
43101, 14227569, 0, 0, 0
43200, 15168328, 0, 0, 0
43300, 16314634, 0, 0, 0
43401, 17293780, 0, 0, 0
43503, 17389106, 0, 0, 0
43601, 18841847, 0, 0, 0
43702, 19713383, 0, 0, 0
43800, 15891831, 0, 0, 0
43900, 17546626, 0, 0, 0
44003, 16983282, 0, 0, 0
44104, 11325931, 0, 0, 0
44201, 14074043, 0, 0, 0
44300, 16856697, 0, 0, 0
44407, 19168310, 0, 0, 0
44502, 16653190, 0, 0, 0
44602, 16877210, 0, 0, 0
44703, 19070852, 0, 0, 0
44804, 16760832, 0, 0, 0
44903, 14096852, 0, 0, 0
45003, 18069810, 0, 0, 0
45103, 18430171, 0, 0, 0
45205, 17543561, 0, 0, 0
45302, 15987782, 0, 0, 0
45402, 17128627, 0, 0, 0
45500, 15422240, 0, 0, 0
45601, 19114884, 0, 0, 0
45700, 18027177, 0, 0, 0
45800, 18867488, 0, 0, 0
45904, 16424414, 0, 0, 0
46003, 15660410, 0, 0, 0
46100, 17417494, 0, 0, 0
46200, 15071105, 0, 0, 0
46305, 16789623, 0, 0, 0
46406, 21593886, 0, 0, 0
46502, 18538303, 0, 0, 0
46605, 14889226, 0, 0, 0
46703, 17141106, 0, 0, 0
46806, 22090046, 0, 0, 0
46904, 19437080, 0, 0, 0
47007, 16448447, 0, 0, 0
47107, 17419017, 0, 0, 0
47204, 16629733, 0, 0, 0
47310, 20427554, 0, 0, 0
47401, 15505238, 0, 0, 0
47502, 16081223, 0, 0, 0
47606, 16743249, 0, 0, 0
47700, 17292324, 0, 0, 0
47802, 10432502, 0, 0, 0
47903, 14957047, 0, 0, 0
48005, 14911610, 0, 0, 0
48100, 17590198, 0, 0, 0
48203, 18875366, 0, 0, 0
48304, 18580464, 0, 0, 0
48403, 20267196, 0, 0, 0
48506, 20288439, 0, 0, 0
48604, 20408423, 0, 0, 0
48702, 17780734, 0, 0, 0
48806, 18521345, 0, 0, 0
48901, 23547829, 0, 0, 0
49007, 29279446, 0, 0, 0
49101, 24921310, 0, 0, 0
49200, 16023951, 0, 0, 0
49301, 15976090, 0, 0, 0
49406, 13737461, 0, 0, 0
49501, 17906003, 0, 0, 0
49601, 16622449, 0, 0, 0
49707, 15552217, 0, 0, 0
49803, 24256900, 0, 0, 0
49907, 22503537, 0, 0, 0
50017, 14928643, 0, 0, 0
50102, 14811262, 0, 0, 0
50212, 18565170, 0, 0, 0
50301, 15956338, 0, 0, 0
50408, 15329130, 0, 0, 0
50500, 20862081, 0, 0, 0
50604, 15344273, 0, 0, 0
50704, 19162299, 0, 0, 0
50800, 19480971, 0, 0, 0
50906, 14712648, 0, 0, 0
51002, 20599665, 0, 0, 0
51106, 18001829, 0, 0, 0
51200, 17793079, 0, 0, 0
51303, 18137016, 0, 0, 0
51409, 27058270, 0, 0, 0
51507, 20493565, 0, 0, 0
51603, 20884897, 0, 0, 0
51701, 18856107, 0, 0, 0
51806, 19832751, 0, 0, 0
51905, 21092599, 0, 0, 0
52002, 15602644, 0, 0, 0
52101, 17764720, 0, 0, 0
52204, 23856389, 0, 0, 0
52302, 20512813, 0, 0, 0
52401, 19559849, 0, 0, 0
52508, 23654786, 0, 0, 0
52608, 20617320, 0, 0, 0
52710, 18079397, 0, 0, 0
52805, 13411054, 0, 0, 0
52911, 13906787, 0, 0, 0
53000, 16926829, 0, 0, 0
53106, 16955195, 0, 0, 0
53201, 17611978, 0, 0, 0
53301, 14659635, 0, 0, 0
53408, 9833472, 0, 0, 0
53504, 18367084, 0, 0, 0
53604, 16417385, 0, 0, 0
53702, 15653568, 0, 0, 0
53801, 20428166, 0, 0, 0
53902, 14975007, 0, 0, 0
54007, 14664889, 0, 0, 0
54102, 21099591, 0, 0, 0
54202, 16525080, 0, 0, 0
54303, 16798897, 0, 0, 0
54402, 15967007, 0, 0, 0
54501, 19077539, 0, 0, 0
54601, 20662301, 0, 0, 0
54702, 17158293, 0, 0, 0
54802, 17158626, 0, 0, 0
54901, 16915048, 0, 0, 0
55000, 17592854, 0, 0, 0
55103, 18419826, 0, 0, 0
55204, 20744416, 0, 0, 0
55302, 21123060, 0, 0, 0
55404, 17050194, 0, 0, 0
55503, 19903730, 0, 0, 0
55603, 16948385, 0, 0, 0
55703, 17782193, 0, 0, 0
55804, 17334561, 0, 0, 0
55905, 15737328, 0, 0, 0
56000, 15999298, 0, 0, 0
56100, 21014476, 0, 0, 0
56212, 17015148, 0, 0, 0
56301, 19421281, 0, 0, 0
56402, 14671409, 0, 0, 0
56500, 15841891, 0, 0, 0
56601, 11907657, 0, 0, 0
56701, 21611330, 0, 0, 0
56801, 12567693, 0, 0, 0
56900, 15600659, 0, 0, 0
57014, 17202380, 0, 0, 0
57102, 16690586, 0, 0, 0
57200, 12060488, 0, 0, 0
57300, 19230798, 0, 0, 0
57400, 23552303, 0, 0, 0
57504, 17592038, 0, 0, 0
57602, 15780578, 0, 0, 0
57703, 22923886, 0, 0, 0
57800, 15962787, 0, 0, 0
57900, 18777413, 0, 0, 0
58002, 17621384, 0, 0, 0
58112, 18407269, 0, 0, 0
58207, 22452425, 0, 0, 0
58314, 19657575, 0, 0, 0
58404, 18394617, 0, 0, 0
58503, 15802456, 0, 0, 0
58602, 25426108, 0, 0, 0
58702, 18023685, 0, 0, 0
58808, 22505568, 0, 0, 0
58903, 14533708, 0, 0, 0
59001, 11293881, 0, 0, 0
59101, 17697368, 0, 0, 0
59215, 21484811, 0, 0, 0
59300, 16950473, 0, 0, 0
59402, 15377133, 0, 0, 0
59501, 18806527, 0, 0, 0
59601, 16845875, 0, 0, 0
59701, 15634907, 0, 0, 0
59803, 15891535, 0, 0, 0
59900, 19107752, 0, 0, 0
60000, 16685991, 0, 0, 0
60104, 18739994, 0, 0, 0
60202, 14824599, 0, 0, 0
60307, 18628949, 0, 0, 0
60405, 16707629, 0, 0, 0
60500, 29030762, 0, 0, 0
60608, 22282733, 0, 0, 0
60705, 18499870, 0, 0, 0
60802, 17471254, 0, 0, 0
60905, 14459992, 0, 0, 0
61004, 13680528, 0, 0, 0
61103, 21602338, 0, 0, 0
61201, 13406811, 0, 0, 0
61300, 15829223, 0, 0, 0
61417, 16482352, 0, 0, 0
61521, 24293771, 0, 0, 0
61603, 17086866, 0, 0, 0
61701, 17006443, 0, 0, 0
61801, 17442403, 0, 0, 0
61901, 14835476, 0, 0, 0
62009, 15904844, 0, 0, 0
62106, 26206846, 0, 0, 0
62204, 19438821, 0, 0, 0
62300, 19566413, 0, 0, 0
62401, 18725722, 0, 0, 0
62502, 16958079, 0, 0, 0
62601, 17962955, 0, 0, 0
62702, 16798803, 0, 0, 0
62801, 21547517, 0, 0, 0
62904, 15730015, 0, 0, 0
63007, 20848860, 0, 0, 0
63102, 21589839, 0, 0, 0
63200, 24358738, 0, 0, 0
63300, 19187486, 0, 0, 0
63404, 17277667, 0, 0, 0
63505, 18279590, 0, 0, 0
63603, 19739273, 0, 0, 0
63715, 13148448, 0, 0, 0
63800, 15703761, 0, 0, 0
63925, 17782505, 0, 0, 0
64006, 20952862, 0, 0, 0
64101, 16984048, 0, 0, 0
64201, 13921432, 0, 0, 0
64303, 12841782, 0, 0, 0
64403, 17560045, 0, 0, 0
64507, 14839501, 0, 0, 0
64605, 18742233, 0, 0, 0
64702, 18379008, 0, 0, 0
64800, 18859751, 0, 0, 0
64900, 15401994, 0, 0, 0
65000, 19338811, 0, 0, 0
65101, 25695129, 0, 0, 0
65203, 16546256, 0, 0, 0
65300, 18034928, 0, 0, 0
65406, 20369531, 0, 0, 0
65503, 16969877, 0, 0, 0
65600, 15827185, 0, 0, 0
65710, 19418428, 0, 0, 0
65803, 20193138, 0, 0, 0
65901, 18390107, 0, 0, 0
66000, 18938104, 0, 0, 0
66102, 17731935, 0, 0, 0
66200, 16314497, 0, 0, 0
66301, 16816996, 0, 0, 0
66400, 17333768, 0, 0, 0
66503, 16920208, 0, 0, 0
66600, 15683793, 0, 0, 0
66701, 16554129, 0, 0, 0
66800, 19300108, 0, 0, 0
66904, 17671627, 0, 0, 0
67000, 24081027, 0, 0, 0
67101, 16825090, 0, 0, 0
67204, 14651319, 0, 0, 0
67309, 15394540, 0, 0, 0
67400, 17311430, 0, 0, 0
67504, 16045397, 0, 0, 0
67600, 16769672, 0, 0, 0
67703, 18633922, 0, 0, 0
67801, 19296824, 0, 0, 0
67901, 16170072, 0, 0, 0
68000, 18173549, 0, 0, 0
68101, 14724906, 0, 0, 0
68202, 23553390, 0, 0, 0
68305, 11025623, 0, 0, 0
68403, 17501677, 0, 0, 0
68501, 19852002, 0, 0, 0
68605, 14578611, 0, 0, 0
68701, 17216928, 0, 0, 0
68800, 19405847, 0, 0, 0
68902, 14128840, 0, 0, 0
69003, 17247937, 0, 0, 0
69113, 19589087, 0, 0, 0
69203, 15174545, 0, 0, 0
69301, 17581426, 0, 0, 0
69412, 17315488, 0, 0, 0
69504, 16910020, 0, 0, 0
69600, 16411663, 0, 0, 0
69704, 16858954, 0, 0, 0
69801, 19835863, 0, 0, 0
69907, 15939593, 0, 0, 0
70002, 16079740, 0, 0, 0
70112, 15981858, 0, 0, 0
70202, 18923198, 0, 0, 0
70311, 16706040, 0, 0, 0
70402, 19608971, 0, 0, 0
70504, 17698881, 0, 0, 0
70602, 18637341, 0, 0, 0
70706, 16517048, 0, 0, 0
70804, 17730105, 0, 0, 0
70902, 18360676, 0, 0, 0
71001, 19237427, 0, 0, 0
71100, 21469648, 0, 0, 0
71205, 14348326, 0, 0, 0
71300, 22146788, 0, 0, 0
71404, 19859523, 0, 0, 0
71503, 20541974, 0, 0, 0
71606, 23573916, 0, 0, 0
71704, 20285827, 0, 0, 0
71811, 17486556, 0, 0, 0
71901, 17989151, 0, 0, 0
72002, 16137376, 0, 0, 0
72102, 17181084, 0, 0, 0
72206, 21890590, 0, 0, 0
72300, 16886040, 0, 0, 0
72405, 19093254, 0, 0, 0
72504, 17738910, 0, 0, 0
72601, 14392479, 0, 0, 0
72704, 19784688, 0, 0, 0
72800, 16533244, 0, 0, 0
72912, 18511118, 0, 0, 0
73000, 17468960, 0, 0, 0
73102, 15748431, 0, 0, 0
73202, 16423501, 0, 0, 0
73300, 17719873, 0, 0, 0
73400, 18762429, 0, 0, 0
73502, 18491710, 0, 0, 0
73601, 13268026, 0, 0, 0
73703, 15014901, 0, 0, 0
73804, 20030203, 0, 0, 0
73900, 17322031, 0, 0, 0
74003, 16613616, 0, 0, 0
74100, 16640126, 0, 0, 0
74201, 19661166, 0, 0, 0
74304, 15525886, 0, 0, 0
74410, 24887957, 0, 0, 0
74504, 18443873, 0, 0, 0
74608, 16466209, 0, 0, 0
74702, 17798532, 0, 0, 0
74803, 17355987, 0, 0, 0
74900, 23569140, 0, 0, 0
75000, 18187344, 0, 0, 0
75106, 18865903, 0, 0, 0
75205, 15105490, 0, 0, 0
75301, 16751042, 0, 0, 0
75402, 16471401, 0, 0, 0
75503, 16578432, 0, 0, 0
75600, 16146825, 0, 0, 0
75700, 14767655, 0, 0, 0
75801, 17467906, 0, 0, 0
75900, 20989383, 0, 0, 0
76001, 15726759, 0, 0, 0
76111, 16735603, 0, 0, 0
76203, 20932368, 0, 0, 0
76301, 15606437, 0, 0, 0
76403, 24870545, 0, 0, 0
76501, 18216537, 0, 0, 0
76600, 13647008, 0, 0, 0
76700, 16910507, 0, 0, 0
76800, 15863980, 0, 0, 0
76902, 17269955, 0, 0, 0
77007, 23510432, 0, 0, 0
77100, 13451570, 0, 0, 0
77206, 14489263, 0, 0, 0
77303, 25240947, 0, 0, 0
77401, 15736845, 0, 0, 0
77502, 15773842, 0, 0, 0
77608, 23101359, 0, 0, 0
77703, 22507079, 0, 0, 0
77802, 14627749, 0, 0, 0
77902, 17414860, 0, 0, 0
78004, 18373980, 0, 0, 0
78104, 25013640, 0, 0, 0
78207, 14767607, 0, 0, 0
78302, 18353242, 0, 0, 0
78405, 20494501, 0, 0, 0
78501, 16590552, 0, 0, 0
78600, 19958997, 0, 0, 0
78703, 15304668, 0, 0, 0
78801, 18306217, 0, 0, 0
78907, 15973041, 0, 0, 0
79002, 18615443, 0, 0, 0
79107, 14276112, 0, 0, 0
79206, 18693788, 0, 0, 0
79300, 17071542, 0, 0, 0
79403, 20912731, 0, 0, 0
79505, 18569089, 0, 0, 0
79602, 20062187, 0, 0, 0
79710, 18158047, 0, 0, 0
79808, 18162119, 0, 0, 0
79904, 19715553, 0, 0, 0
80007, 19520870, 0, 0, 0
80101, 19039419, 0, 0, 0
80201, 16259875, 0, 0, 0
80307, 18478084, 0, 0, 0
80401, 18160906, 0, 0, 0
80501, 14792192, 0, 0, 0
80607, 17252170, 0, 0, 0
80701, 16718319, 0, 0, 0
80801, 17002748, 0, 0, 0
80901, 15825244, 0, 0, 0
81008, 18223190, 0, 0, 0
81101, 18936953, 0, 0, 0
81201, 14997254, 0, 0, 0
81301, 18392239, 0, 0, 0
81400, 13836793, 0, 0, 0
81508, 24187964, 0, 0, 0
81604, 25029198, 0, 0, 0
81700, 21493655, 0, 0, 0
81801, 18834823, 0, 0, 0
81901, 15010710, 0, 0, 0
82003, 13555503, 0, 0, 0
82101, 12841930, 0, 0, 0
82203, 18293567, 0, 0, 0
82304, 19304731, 0, 0, 0
82402, 15389839, 0, 0, 0
82503, 17372012, 0, 0, 0
82604, 16143983, 0, 0, 0
82711, 16330617, 0, 0, 0
82802, 19595612, 0, 0, 0
82905, 15324688, 0, 0, 0
83001, 19292081, 0, 0, 0
83100, 15142570, 0, 0, 0
83208, 19818529, 0, 0, 0
83305, 19927170, 0, 0, 0
83403, 15751643, 0, 0, 0
83503, 21432543, 0, 0, 0
83604, 15676645, 0, 0, 0
83701, 16263454, 0, 0, 0
83805, 17167581, 0, 0, 0
83902, 17909919, 0, 0, 0
84006, 20678819, 0, 0, 0
84100, 12650702, 0, 0, 0
84202, 21533235, 0, 0, 0
84308, 19697293, 0, 0, 0
84400, 17486034, 0, 0, 0
84505, 14633216, 0, 0, 0
84603, 17183663, 0, 0, 0
84700, 17227160, 0, 0, 0
84814, 16922474, 0, 0, 0
84905, 19391284, 0, 0, 0
85001, 20309102, 0, 0, 0
85103, 18035876, 0, 0, 0
85212, 20788727, 0, 0, 0
85302, 18510396, 0, 0, 0
85401, 20497146, 0, 0, 0
85500, 18505046, 0, 0, 0
85601, 16373035, 0, 0, 0
85700, 14733990, 0, 0, 0
85816, 24749903, 0, 0, 0
85901, 23172335, 0, 0, 0
86000, 17877065, 0, 0, 0
86102, 15569000, 0, 0, 0
86202, 16972988, 0, 0, 0
86304, 15919569, 0, 0, 0
86402, 16172863, 0, 0, 0
86503, 19189053, 0, 0, 0
86604, 15386053, 0, 0, 0
86704, 19243779, 0, 0, 0
86800, 16357445, 0, 0, 0
86906, 17005134, 0, 0, 0
87002, 18946078, 0, 0, 0
87100, 16250481, 0, 0, 0
87205, 18199732, 0, 0, 0
87300, 16729982, 0, 0, 0
87407, 16896630, 0, 0, 0
87510, 21771573, 0, 0, 0
87604, 17205444, 0, 0, 0
87708, 19599279, 0, 0, 0
87801, 17008797, 0, 0, 0
87900, 15534768, 0, 0, 0
88001, 13671483, 0, 0, 0
88102, 22287556, 0, 0, 0
88203, 15081223, 0, 0, 0
88310, 19864919, 0, 0, 0
88400, 12802505, 0, 0, 0
88500, 14966907, 0, 0, 0
88604, 16305050, 0, 0, 0
88709, 20905488, 0, 0, 0
88803, 22836078, 0, 0, 0
88901, 23956170, 0, 0, 0
89004, 21637402, 0, 0, 0
89103, 17290141, 0, 0, 0
89209, 18026233, 0, 0, 0
89308, 18566844, 0, 0, 0
89401, 16035988, 0, 0, 0
89503, 15656770, 0, 0, 0
89610, 16309106, 0, 0, 0
89701, 17887356, 0, 0, 0
89808, 19807373, 0, 0, 0
89900, 16474189, 0, 0, 0
90002, 17421448, 0, 0, 0
90101, 22737274, 0, 0, 0
90203, 19207877, 0, 0, 0
90302, 17240861, 0, 0, 0
90401, 17058944, 0, 0, 0
90502, 19227225, 0, 0, 0
90602, 16547651, 0, 0, 0
90704, 20701852, 0, 0, 0
90802, 17058114, 0, 0, 0
90904, 13574270, 0, 0, 0
91000, 17179794, 0, 0, 0
91100, 15870085, 0, 0, 0
91211, 18827209, 0, 0, 0
91301, 15328130, 0, 0, 0
91400, 15188454, 0, 0, 0
91506, 21453305, 0, 0, 0
91605, 17912995, 0, 0, 0
91701, 16659234, 0, 0, 0
91805, 13037163, 0, 0, 0
91904, 15468595, 0, 0, 0
92001, 19711918, 0, 0, 0
92100, 15801806, 0, 0, 0
92204, 18277590, 0, 0, 0
92308, 20252910, 0, 0, 0
92400, 14745543, 0, 0, 0
92502, 18115874, 0, 0, 0
92600, 19233459, 0, 0, 0
92700, 16743872, 0, 0, 0
92803, 22727899, 0, 0, 0
92907, 15831598, 0, 0, 0
93000, 15463575, 0, 0, 0
93107, 19410025, 0, 0, 0
93205, 16091806, 0, 0, 0
93301, 17231990, 0, 0, 0
93401, 19108806, 0, 0, 0
93508, 23312642, 0, 0, 0
93600, 24657268, 0, 0, 0
93711, 15282478, 0, 0, 0
93800, 15856674, 0, 0, 0
93902, 17215607, 0, 0, 0
94008, 16105296, 0, 0, 0
94101, 23940518, 0, 0, 0
94201, 19114405, 0, 0, 0
94304, 17314780, 0, 0, 0
94401, 14264682, 0, 0, 0
94500, 14002876, 0, 0, 0
94601, 21119286, 0, 0, 0
94700, 15344754, 0, 0, 0
94803, 15572320, 0, 0, 0
94902, 15783388, 0, 0, 0
95001, 15702572, 0, 0, 0
95108, 16244912, 0, 0, 0
95200, 19216644, 0, 0, 0
95301, 13268893, 0, 0, 0
95404, 19406048, 0, 0, 0
95500, 22092327, 0, 0, 0
95605, 16496426, 0, 0, 0
95702, 21785519, 0, 0, 0
95803, 19214524, 0, 0, 0
95900, 18385359, 0, 0, 0
96000, 19505510, 0, 0, 0
96109, 17562594, 0, 0, 0
96203, 15192604, 0, 0, 0
96300, 18188754, 0, 0, 0
96404, 17699784, 0, 0, 0
96502, 15226567, 0, 0, 0
96616, 17154884, 0, 0, 0
96709, 26043595, 0, 0, 0
96804, 19577273, 0, 0, 0
96905, 19128807, 0, 0, 0
97000, 17612956, 0, 0, 0
97104, 15832277, 0, 0, 0
97204, 14798083, 0, 0, 0
97312, 19227537, 0, 0, 0
97406, 14817076, 0, 0, 0
97508, 22699843, 0, 0, 0
97607, 16657748, 0, 0, 0
97704, 22172425, 0, 0, 0
97800, 18045256, 0, 0, 0
97900, 22417731, 0, 0, 0
98002, 16058689, 0, 0, 0
98102, 20639092, 0, 0, 0
98203, 15153686, 0, 0, 0
98301, 19226585, 0, 0, 0
98400, 20440052, 0, 0, 0
98523, 18406019, 0, 0, 0
98602, 22334795, 0, 0, 0
98702, 15194166, 0, 0, 0
98807, 19723801, 0, 0, 0
98905, 18047297, 0, 0, 0
99001, 18451647, 0, 0, 0
99107, 16057351, 0, 0, 0
99201, 21276920, 0, 0, 0
99301, 19360172, 0, 0, 0
99402, 17908238, 0, 0, 0
99502, 14950259, 0, 0, 0
99604, 13263051, 0, 0, 0
99700, 17143262, 0, 0, 0
99803, 17434367, 0, 0, 0
99902, 16189561, 0, 0, 0
100009, 20859772, 0, 0, 0
100100, 17140196, 0, 0, 0
100201, 20228443, 0, 0, 0
100305, 19718246, 0, 0, 0
100404, 14235042, 0, 0, 0
100502, 17356647, 0, 0, 0
100606, 16041348, 0, 0, 0
100704, 16263457, 0, 0, 0
100800, 17230504, 0, 0, 0
100905, 24435298, 0, 0, 0
101005, 19118491, 0, 0, 0
101102, 20920432, 0, 0, 0
101200, 19084693, 0, 0, 0
101306, 21147357, 0, 0, 0
101405, 16165775, 0, 0, 0
101500, 16233937, 0, 0, 0
101600, 18198244, 0, 0, 0
101705, 17102560, 0, 0, 0
101800, 16421779, 0, 0, 0
101900, 18824098, 0, 0, 0
102010, 16568404, 0, 0, 0
102104, 17453688, 0, 0, 0
102200, 16563392, 0, 0, 0
102301, 16653861, 0, 0, 0
102404, 17109296, 0, 0, 0
102505, 22522826, 0, 0, 0
102607, 17377355, 0, 0, 0
102709, 19446148, 0, 0, 0
102811, 18359772, 0, 0, 0
102902, 19032272, 0, 0, 0
103009, 17554036, 0, 0, 0
103105, 21733198, 0, 0, 0
103206, 16411310, 0, 0, 0
103302, 18108135, 0, 0, 0
103400, 15056330, 0, 0, 0
103501, 15441582, 0, 0, 0
103600, 20647216, 0, 0, 0
103700, 19778778, 0, 0, 0
103808, 18534811, 0, 0, 0
103904, 18012838, 0, 0, 0
104002, 15910576, 0, 0, 0
104103, 18246857, 0, 0, 0
104202, 17781272, 0, 0, 0
104309, 17021923, 0, 0, 0
104400, 19708937, 0, 0, 0
104502, 17335619, 0, 0, 0
104601, 17676270, 0, 0, 0
104707, 13103122, 0, 0, 0
104802, 19034780, 0, 0, 0
104900, 17784387, 0, 0, 0
105001, 16413108, 0, 0, 0
105100, 16922104, 0, 0, 0
105209, 19197919, 0, 0, 0
105303, 16948455, 0, 0, 0
105403, 15722832, 0, 0, 0
105502, 21117090, 0, 0, 0
105603, 22075949, 0, 0, 0
105703, 15849277, 0, 0, 0
105806, 17971843, 0, 0, 0
105901, 16733538, 0, 0, 0
106017, 17413293, 0, 0, 0
106102, 18858800, 0, 0, 0
106200, 15409313, 0, 0, 0
106304, 20158076, 0, 0, 0
106403, 16356045, 0, 0, 0
106508, 16136132, 0, 0, 0
106601, 25429278, 0, 0, 0
106711, 17672110, 0, 0, 0
106807, 16538583, 0, 0, 0
106900, 14260231, 0, 0, 0
107001, 14894987, 0, 0, 0
107105, 16826310, 0, 0, 0
107200, 16487695, 0, 0, 0
107310, 16280420, 0, 0, 0
107401, 16631589, 0, 0, 0
107503, 18499803, 0, 0, 0
107610, 16651045, 0, 0, 0
107700, 17073308, 0, 0, 0
107800, 16327815, 0, 0, 0
107908, 14686205, 0, 0, 0
108003, 16769294, 0, 0, 0
108100, 19634168, 0, 0, 0
108201, 18619164, 0, 0, 0
108300, 21812373, 0, 0, 0
108404, 19290172, 0, 0, 0
108503, 18451351, 0, 0, 0
108604, 17683795, 0, 0, 0
108701, 23714567, 0, 0, 0
108802, 23062484, 0, 0, 0
108902, 24366803, 0, 0, 0
109005, 18286303, 0, 0, 0
109101, 15855419, 0, 0, 0
109208, 19439796, 0, 0, 0
109301, 19354784, 0, 0, 0
109401, 18323149, 0, 0, 0
109506, 21966127, 0, 0, 0
109606, 17466780, 0, 0, 0
109701, 16143584, 0, 0, 0
109800, 21267640, 0, 0, 0
109907, 19080525, 0, 0, 0
110000, 27955304, 0, 0, 0
110105, 22048630, 0, 0, 0
110201, 16735318, 0, 0, 0
110306, 19940600, 0, 0, 0
110400, 14908274, 0, 0, 0
110501, 20854497, 0, 0, 0
110602, 19002639, 0, 0, 0
110701, 16272911, 0, 0, 0
110800, 20551620, 0, 0, 0
110901, 19134020, 0, 0, 0
111001, 15866257, 0, 0, 0
111100, 21871715, 0, 0, 0
111204, 15913617, 0, 0, 0
111309, 22146768, 0, 0, 0
111404, 14777147, 0, 0, 0
111501, 14294217, 0, 0, 0
111600, 20945711, 0, 0, 0
111706, 18744150, 0, 0, 0
111805, 16621841, 0, 0, 0
111902, 19038136, 0, 0, 0
112003, 13179104, 0, 0, 0
112101, 18462082, 0, 0, 0
112200, 12842002, 0, 0, 0
112305, 16708462, 0, 0, 0
112405, 17836994, 0, 0, 0
112504, 13644668, 0, 0, 0
112602, 17844004, 0, 0, 0
112701, 14067886, 0, 0, 0
112801, 18085045, 0, 0, 0
112901, 14720960, 0, 0, 0
113000, 19371056, 0, 0, 0
113101, 18725217, 0, 0, 0
113200, 17319824, 0, 0, 0
113311, 17734301, 0, 0, 0
113404, 23709891, 0, 0, 0
113501, 19799905, 0, 0, 0
113600, 16054827, 0, 0, 0
113709, 20221042, 0, 0, 0
113802, 16705153, 0, 0, 0
113905, 18344157, 0, 0, 0
114004, 15491817, 0, 0, 0
114104, 16577674, 0, 0, 0
114202, 16067110, 0, 0, 0
114302, 19855157, 0, 0, 0
114400, 17286157, 0, 0, 0
114500, 18932196, 0, 0, 0
114601, 16433355, 0, 0, 0
114703, 15707281, 0, 0, 0
114801, 14559782, 0, 0, 0
114903, 23177099, 0, 0, 0
115000, 18022776, 0, 0, 0
115100, 15936435, 0, 0, 0
115205, 16628750, 0, 0, 0
115306, 19412866, 0, 0, 0
115411, 15058102, 0, 0, 0
115500, 20172374, 0, 0, 0
115606, 17557966, 0, 0, 0
115702, 16005007, 0, 0, 0
115804, 16106114, 0, 0, 0
115910, 16308259, 0, 0, 0
116001, 21927094, 0, 0, 0
116106, 20951333, 0, 0, 0
116201, 20679071, 0, 0, 0
116300, 18321389, 0, 0, 0
116404, 19991561, 0, 0, 0
116500, 19631077, 0, 0, 0
116600, 14256751, 0, 0, 0
116701, 32737938, 0, 0, 0
116807, 17557645, 0, 0, 0
116915, 18023183, 0, 0, 0
117007, 17539392, 0, 0, 0
117105, 23018367, 0, 0, 0
117206, 23584458, 0, 0, 0
117301, 15641358, 0, 0, 0
117407, 17956437, 0, 0, 0
117504, 20919190, 0, 0, 0
117603, 18674050, 0, 0, 0
117701, 19979355, 0, 0, 0
117801, 19295403, 0, 0, 0
117900, 19797577, 0, 0, 0
118004, 21126096, 0, 0, 0
118103, 16417132, 0, 0, 0
118207, 25060568, 0, 0, 0
118311, 16303064, 0, 0, 0
118403, 12963412, 0, 0, 0
118500, 22340770, 0, 0, 0
118600, 14872204, 0, 0, 0
118707, 16842828, 0, 0, 0
118800, 17007810, 0, 0, 0
118904, 17254950, 0, 0, 0
119008, 18636140, 0, 0, 0
119106, 17989321, 0, 0, 0
119205, 28180757, 0, 0, 0
119320, 20793891, 0, 0, 0
119403, 20265503, 0, 0, 0
119503, 25298817, 0, 0, 0
119604, 16864459, 0, 0, 0
119717, 17327659, 0, 0, 0
119822, 29792706, 0, 0, 0
119901, 21113860, 0, 0, 0
120006, 12959870, 0, 0, 0
120111, 20620389, 0, 0, 0
120204, 16761555, 0, 0, 0
120310, 19881360, 0, 0, 0
120400, 13844500, 0, 0, 0
120502, 17327883, 0, 0, 0
120600, 15411869, 0, 0, 0
120701, 20160317, 0, 0, 0
120806, 23200109, 0, 0, 0
120902, 21863608, 0, 0, 0
121008, 15941853, 0, 0, 0
121104, 17493156, 0, 0, 0
121202, 17476812, 0, 0, 0
121312, 19109827, 0, 0, 0
121402, 17294652, 0, 0, 0
121503, 17157758, 0, 0, 0
121600, 14582235, 0, 0, 0
121704, 17198292, 0, 0, 0
121811, 16925017, 0, 0, 0
121901, 17223889, 0, 0, 0
122000, 19046140, 0, 0, 0
122105, 16370307, 0, 0, 0
122200, 14867840, 0, 0, 0
122311, 16800141, 0, 0, 0
122414, 19057159, 0, 0, 0
122500, 16294772, 0, 0, 0
122602, 14542469, 0, 0, 0
122704, 15528210, 0, 0, 0
122804, 16354959, 0, 0, 0
122911, 19013159, 0, 0, 0
123005, 16841831, 0, 0, 0
123100, 13146831, 0, 0, 0
123208, 14305233, 0, 0, 0
123306, 19682185, 0, 0, 0
123409, 22685422, 0, 0, 0
123501, 18756567, 0, 0, 0
123601, 17360920, 0, 0, 0
123712, 20571796, 0, 0, 0
123806, 15941281, 0, 0, 0
123900, 21642137, 0, 0, 0
124000, 18281112, 0, 0, 0
124100, 18404905, 0, 0, 0
124200, 19258601, 0, 0, 0
124302, 25503974, 0, 0, 0
124402, 20164118, 0, 0, 0
124500, 20261354, 0, 0, 0
124602, 16769403, 0, 0, 0
124701, 18885144, 0, 0, 0
124806, 15697267, 0, 0, 0
124902, 17397416, 0, 0, 0
125003, 17201538, 0, 0, 0
125102, 17508821, 0, 0, 0
125200, 16323813, 0, 0, 0
125304, 17982607, 0, 0, 0
125407, 20119564, 0, 0, 0
125501, 21920581, 0, 0, 0
125600, 16812074, 0, 0, 0
125701, 16155232, 0, 0, 0
125802, 18430028, 0, 0, 0
125903, 17563949, 0, 0, 0
126001, 22967793, 0, 0, 0
126106, 17336475, 0, 0, 0
126209, 19977716, 0, 0, 0
126301, 17613686, 0, 0, 0
126400, 13359144, 0, 0, 0
126505, 18757780, 0, 0, 0
126604, 15640932, 0, 0, 0
126702, 19173712, 0, 0, 0
126813, 16082846, 0, 0, 0
126900, 22188063, 0, 0, 0
127002, 17553524, 0, 0, 0
127100, 15689170, 0, 0, 0
127201, 15537199, 0, 0, 0
127304, 17032501, 0, 0, 0
127400, 18107417, 0, 0, 0
127505, 15457230, 0, 0, 0
127629, 17484781, 0, 0, 0
127700, 18179437, 0, 0, 0
127807, 15846273, 0, 0, 0
127904, 19029097, 0, 0, 0
128005, 12331337, 0, 0, 0
128103, 15252250, 0, 0, 0
128205, 14680514, 0, 0, 0
128307, 22036263, 0, 0, 0
128400, 16638663, 0, 0, 0
128500, 16873854, 0, 0, 0
128603, 20006059, 0, 0, 0
128704, 17177319, 0, 0, 0
128805, 17045921, 0, 0, 0
128914, 19636804, 0, 0, 0
129007, 24173941, 0, 0, 0
129100, 16275610, 0, 0, 0
129201, 20526178, 0, 0, 0
129308, 18056220, 0, 0, 0
129402, 18134467, 0, 0, 0
129506, 15231194, 0, 0, 0
129600, 16754280, 0, 0, 0
129701, 15841926, 0, 0, 0
129800, 15767819, 0, 0, 0
129906, 19848741, 0, 0, 0
130000, 16950132, 0, 0, 0
130103, 24370628, 0, 0, 0
130201, 14367980, 0, 0, 0
130300, 23095922, 0, 0, 0
130401, 18497691, 0, 0, 0
130504, 16218857, 0, 0, 0
130600, 18371238, 0, 0, 0
130702, 15201740, 0, 0, 0
130801, 17237222, 0, 0, 0
130906, 17123805, 0, 0, 0
131000, 29402249, 0, 0, 0
131101, 19159868, 0, 0, 0
131201, 18466481, 0, 0, 0
131300, 18177556, 0, 0, 0
131405, 17529390, 0, 0, 0
131505, 19393344, 0, 0, 0
131601, 15847332, 0, 0, 0
131700, 16889261, 0, 0, 0
131808, 15044044, 0, 0, 0
131900, 20116038, 0, 0, 0
132000, 19070877, 0, 0, 0
132100, 15486440, 0, 0, 0
132202, 26340503, 0, 0, 0
132305, 17449351, 0, 0, 0
132402, 14470139, 0, 0, 0
132503, 14453542, 0, 0, 0
132604, 19217336, 0, 0, 0
132701, 16216338, 0, 0, 0
132806, 13834810, 0, 0, 0
132903, 24658650, 0, 0, 0
133001, 13506648, 0, 0, 0
133105, 15003484, 0, 0, 0
133204, 20553725, 0, 0, 0
133301, 16292296, 0, 0, 0
133416, 16956158, 0, 0, 0
133500, 17838230, 0, 0, 0
133605, 17577178, 0, 0, 0
133701, 16750017, 0, 0, 0
133804, 17174672, 0, 0, 0
133900, 15016641, 0, 0, 0
134003, 14843810, 0, 0, 0
134102, 14238348, 0, 0, 0
134200, 20011648, 0, 0, 0
134306, 15039448, 0, 0, 0
134401, 14467895, 0, 0, 0
134509, 20814910, 0, 0, 0
134602, 23676101, 0, 0, 0
134710, 19486187, 0, 0, 0
134800, 18694304, 0, 0, 0
134901, 19090636, 0, 0, 0
135010, 16433883, 0, 0, 0
135109, 17489311, 0, 0, 0
135201, 24678574, 0, 0, 0
135312, 18387772, 0, 0, 0
135400, 16058547, 0, 0, 0
135501, 13762342, 0, 0, 0
135602, 15517021, 0, 0, 0
135700, 14862986, 0, 0, 0
135802, 14154492, 0, 0, 0
135901, 17353958, 0, 0, 0
136002, 16444203, 0, 0, 0
136102, 22744124, 0, 0, 0
136206, 20264225, 0, 0, 0
136304, 17526672, 0, 0, 0
136400, 15731068, 0, 0, 0
136502, 21242431, 0, 0, 0
136602, 19099560, 0, 0, 0
136701, 18861171, 0, 0, 0
136800, 17971257, 0, 0, 0
136905, 16749515, 0, 0, 0
137017, 17613047, 0, 0, 0
137113, 32177771, 0, 0, 0
137201, 21945994, 0, 0, 0
137304, 16385264, 0, 0, 0
137406, 19626709, 0, 0, 0
137500, 20646286, 0, 0, 0
137606, 14157314, 0, 0, 0
137703, 19345819, 0, 0, 0
137800, 14657347, 0, 0, 0
137905, 14101097, 0, 0, 0
138014, 19687217, 0, 0, 0
138104, 15616922, 0, 0, 0
138203, 18454135, 0, 0, 0
138310, 19079847, 0, 0, 0
138400, 21995332, 0, 0, 0
138504, 14262321, 0, 0, 0
138605, 18218259, 0, 0, 0
138711, 14760775, 0, 0, 0
138800, 18039549, 0, 0, 0
138903, 13749402, 0, 0, 0
139000, 16590119, 0, 0, 0
139101, 17159443, 0, 0, 0
139203, 16913404, 0, 0, 0
139301, 18412389, 0, 0, 0
139400, 15248187, 0, 0, 0
139511, 18518951, 0, 0, 0
139611, 18019229, 0, 0, 0
139700, 21881122, 0, 0, 0
139806, 13502304, 0, 0, 0
139903, 16005743, 0, 0, 0
140002, 19709596, 0, 0, 0
140101, 17646440, 0, 0, 0
140200, 21175981, 0, 0, 0
140303, 15555895, 0, 0, 0
140403, 19481679, 0, 0, 0
140500, 14874511, 0, 0, 0
140601, 18149132, 0, 0, 0
140701, 23263131, 0, 0, 0
140806, 17999503, 0, 0, 0
140913, 15687233, 0, 0, 0
141006, 16140494, 0, 0, 0
141101, 15291249, 0, 0, 0
141205, 20568494, 0, 0, 0
141303, 17787817, 0, 0, 0
141406, 11915935, 0, 0, 0
141503, 15519820, 0, 0, 0
141602, 13860389, 0, 0, 0
141700, 15552507, 0, 0, 0
141815, 19705609, 0, 0, 0
141900, 16078939, 0, 0, 0
142002, 17745441, 0, 0, 0
142111, 15918413, 0, 0, 0
142207, 15331736, 0, 0, 0
142306, 16556339, 0, 0, 0
142402, 19365083, 0, 0, 0
142509, 16806073, 0, 0, 0
142601, 17525868, 0, 0, 0
142703, 18165120, 0, 0, 0
142800, 20280969, 0, 0, 0
142900, 13659728, 0, 0, 0
143000, 20447056, 0, 0, 0
143103, 12289765, 0, 0, 0
143200, 15610971, 0, 0, 0
143301, 17331365, 0, 0, 0
143408, 17929714, 0, 0, 0
143500, 17833076, 0, 0, 0
143604, 19913599, 0, 0, 0
143703, 16141392, 0, 0, 0
143813, 16438778, 0, 0, 0
143903, 21506338, 0, 0, 0
144008, 17214153, 0, 0, 0
144104, 16364162, 0, 0, 0
144201, 26730159, 0, 0, 0
144301, 14105732, 0, 0, 0
144402, 14536651, 0, 0, 0
144500, 18210717, 0, 0, 0
144612, 19670854, 0, 0, 0
144701, 19496348, 0, 0, 0
144806, 15632608, 0, 0, 0
144902, 16696104, 0, 0, 0
145002, 16905075, 0, 0, 0
145107, 17279516, 0, 0, 0
145200, 16834033, 0, 0, 0
145300, 19875774, 0, 0, 0
145401, 15677897, 0, 0, 0
145500, 13115618, 0, 0, 0
145600, 22357410, 0, 0, 0
145700, 18127420, 0, 0, 0
145801, 14161177, 0, 0, 0
145900, 15905831, 0, 0, 0
146000, 24677753, 0, 0, 0
146101, 16547313, 0, 0, 0
146200, 18464550, 0, 0, 0
146305, 14185438, 0, 0, 0
146407, 20480674, 0, 0, 0
146510, 17325360, 0, 0, 0
146607, 15162860, 0, 0, 0
146705, 16830335, 0, 0, 0
146802, 18736277, 0, 0, 0
146900, 17958069, 0, 0, 0
147003, 17572058, 0, 0, 0
147106, 21704717, 0, 0, 0
147201, 15281470, 0, 0, 0
147300, 15474019, 0, 0, 0
147405, 21089765, 0, 0, 0
147502, 21027134, 0, 0, 0
147603, 19420147, 0, 0, 0
147706, 18235672, 0, 0, 0
147807, 19940472, 0, 0, 0
147908, 18942945, 0, 0, 0
148000, 12176913, 0, 0, 0
148103, 16475390, 0, 0, 0
148200, 18073331, 0, 0, 0
148305, 21355959, 0, 0, 0
148400, 17828102, 0, 0, 0
148511, 17928791, 0, 0, 0
148607, 16648980, 0, 0, 0
148712, 22357327, 0, 0, 0
148800, 15787021, 0, 0, 0
148907, 16794871, 0, 0, 0
149011, 19438777, 0, 0, 0
149101, 15994065, 0, 0, 0
149204, 14947511, 0, 0, 0
149305, 20059178, 0, 0, 0
149407, 20474045, 0, 0, 0
149502, 18076982, 0, 0, 0
149602, 14585886, 0, 0, 0
149704, 20350449, 0, 0, 0
149800, 13750851, 0, 0, 0
149904, 18638101, 0, 0, 0
150000, 19491442, 0, 0, 0
150103, 18027288, 0, 0, 0
150202, 15234475, 0, 0, 0
150306, 18930277, 0, 0, 0
150404, 15615690, 0, 0, 0
150502, 16867452, 0, 0, 0
150604, 17055278, 0, 0, 0
150702, 14322649, 0, 0, 0
150800, 22741026, 0, 0, 0
150904, 15320817, 0, 0, 0
151006, 21186030, 0, 0, 0
151105, 14663879, 0, 0, 0
151200, 21586837, 0, 0, 0
151303, 15571870, 0, 0, 0
151405, 18892960, 0, 0, 0
151510, 16421563, 0, 0, 0
151611, 16835459, 0, 0, 0
151701, 17875199, 0, 0, 0
151800, 17772850, 0, 0, 0
151900, 21739910, 0, 0, 0
152002, 21325871, 0, 0, 0
152117, 15927720, 0, 0, 0
152200, 20357369, 0, 0, 0
152306, 22771530, 0, 0, 0
152400, 14064340, 0, 0, 0
152500, 15825002, 0, 0, 0
152602, 17742470, 0, 0, 0
152704, 16517123, 0, 0, 0
152801, 16199545, 0, 0, 0
152915, 16444018, 0, 0, 0
153004, 16965721, 0, 0, 0
153101, 20713870, 0, 0, 0
153200, 19084508, 0, 0, 0
153302, 22329565, 0, 0, 0
153400, 15943531, 0, 0, 0
153500, 19460967, 0, 0, 0
153602, 16666305, 0, 0, 0
153701, 17180150, 0, 0, 0
153807, 16944569, 0, 0, 0
153903, 23195144, 0, 0, 0
154002, 16272887, 0, 0, 0
154100, 21141253, 0, 0, 0
154200, 17577884, 0, 0, 0
154300, 18036511, 0, 0, 0
154404, 16294772, 0, 0, 0
154509, 21211529, 0, 0, 0
154605, 18502446, 0, 0, 0
154700, 19456946, 0, 0, 0
154801, 16042453, 0, 0, 0
154901, 17037671, 0, 0, 0
155001, 16341222, 0, 0, 0
155109, 16664201, 0, 0, 0
155200, 15404200, 0, 0, 0
155309, 17569882, 0, 0, 0
155401, 22061043, 0, 0, 0
155502, 20333485, 0, 0, 0
155600, 16702279, 0, 0, 0
155708, 16518843, 0, 0, 0
155804, 18580751, 0, 0, 0
155903, 18160404, 0, 0, 0
156011, 16421023, 0, 0, 0
156101, 15547234, 0, 0, 0
156204, 16345914, 0, 0, 0
156302, 23593901, 0, 0, 0
156407, 27171860, 0, 0, 0
156503, 21020950, 0, 0, 0
156604, 18818646, 0, 0, 0
156701, 19346888, 0, 0, 0
156800, 19065241, 0, 0, 0
156900, 20398223, 0, 0, 0
157000, 15059644, 0, 0, 0
157103, 12522328, 0, 0, 0
157201, 19492614, 0, 0, 0
157302, 14997845, 0, 0, 0
157408, 15436802, 0, 0, 0
157509, 16312075, 0, 0, 0
157611, 16336348, 0, 0, 0
157702, 19835233, 0, 0, 0
157802, 16258796, 0, 0, 0
157901, 19052648, 0, 0, 0
158004, 21390799, 0, 0, 0
158107, 15877421, 0, 0, 0
158201, 19067853, 0, 0, 0
158304, 22370069, 0, 0, 0
158402, 19689064, 0, 0, 0
158500, 16513636, 0, 0, 0
158603, 14996848, 0, 0, 0
158701, 18522635, 0, 0, 0
158801, 16110746, 0, 0, 0
158903, 15478935, 0, 0, 0
159005, 16793854, 0, 0, 0
159101, 16511553, 0, 0, 0
159200, 18023491, 0, 0, 0
159304, 19807418, 0, 0, 0
159401, 15901917, 0, 0, 0
159504, 15119298, 0, 0, 0
159607, 13902970, 0, 0, 0
159700, 15858399, 0, 0, 0
159804, 15827598, 0, 0, 0
159902, 20428603, 0, 0, 0
160005, 21128039, 0, 0, 0
160102, 19646070, 0, 0, 0
160201, 18521661, 0, 0, 0
160300, 20498525, 0, 0, 0
160400, 17981544, 0, 0, 0
160505, 15602789, 0, 0, 0
160600, 24096344, 0, 0, 0
160700, 16953902, 0, 0, 0
160805, 17104348, 0, 0, 0
160901, 16759480, 0, 0, 0
161002, 18740607, 0, 0, 0
161100, 17150860, 0, 0, 0
161212, 14459903, 0, 0, 0
161301, 19857648, 0, 0, 0
161414, 19256730, 0, 0, 0
161512, 20512147, 0, 0, 0
161608, 17539672, 0, 0, 0
161705, 15634566, 0, 0, 0
161803, 14553644, 0, 0, 0
161901, 17773715, 0, 0, 0
162001, 19426069, 0, 0, 0
162100, 16763358, 0, 0, 0
162204, 19286508, 0, 0, 0
162305, 19257734, 0, 0, 0
162405, 15257339, 0, 0, 0
162500, 18693437, 0, 0, 0
162614, 16658315, 0, 0, 0
162702, 19670929, 0, 0, 0
162800, 22208935, 0, 0, 0
162900, 17878317, 0, 0, 0
163000, 19602731, 0, 0, 0
163111, 18762810, 0, 0, 0
163201, 14504140, 0, 0, 0
163306, 17957839, 0, 0, 0
163401, 21928372, 0, 0, 0
163501, 21308587, 0, 0, 0
163607, 16982867, 0, 0, 0
163711, 20243463, 0, 0, 0
163802, 22129789, 0, 0, 0
163906, 16059108, 0, 0, 0
164000, 19033032, 0, 0, 0
164100, 16570886, 0, 0, 0
164204, 14970707, 0, 0, 0
164302, 21484552, 0, 0, 0
164403, 16477980, 0, 0, 0
164500, 18100534, 0, 0, 0
164606, 17798982, 0, 0, 0
164700, 17822873, 0, 0, 0
164800, 18612175, 0, 0, 0
164908, 22923042, 0, 0, 0
165008, 20977927, 0, 0, 0
165106, 19024924, 0, 0, 0
165206, 20289366, 0, 0, 0
165300, 19578058, 0, 0, 0
165402, 16540402, 0, 0, 0
165500, 19734554, 0, 0, 0
165604, 13966040, 0, 0, 0
165703, 22940690, 0, 0, 0
165800, 17916843, 0, 0, 0
165900, 16850965, 0, 0, 0
166006, 20349779, 0, 0, 0
166103, 22550775, 0, 0, 0
166201, 13706484, 0, 0, 0
166302, 13807291, 0, 0, 0
166401, 16450124, 0, 0, 0
166504, 18941316, 0, 0, 0
166600, 18240857, 0, 0, 0
166700, 16137960, 0, 0, 0
166801, 19763979, 0, 0, 0
166900, 20309968, 0, 0, 0
167002, 19143187, 0, 0, 0
167105, 19176212, 0, 0, 0
167205, 17993326, 0, 0, 0
167301, 14920406, 0, 0, 0
167403, 18368046, 0, 0, 0
167500, 17811343, 0, 0, 0
167605, 16725254, 0, 0, 0
167703, 20640014, 0, 0, 0
167801, 14532162, 0, 0, 0
167904, 16973411, 0, 0, 0
168001, 17729188, 0, 0, 0
168105, 17987148, 0, 0, 0
168205, 19049074, 0, 0, 0
168328, 15267897, 0, 0, 0
168400, 21120373, 0, 0, 0
168505, 20803681, 0, 0, 0
168600, 17605602, 0, 0, 0
168702, 20292330, 0, 0, 0
168806, 15095992, 0, 0, 0
168902, 25888142, 0, 0, 0
169001, 18229886, 0, 0, 0
169100, 17126595, 0, 0, 0
169204, 18005438, 0, 0, 0
169300, 17405215, 0, 0, 0
169405, 17418879, 0, 0, 0
169501, 21295073, 0, 0, 0
169605, 17375399, 0, 0, 0
169700, 16801392, 0, 0, 0
169801, 16751298, 0, 0, 0
169903, 16088813, 0, 0, 0
170000, 20994880, 0, 0, 0
170100, 16206096, 0, 0, 0
170202, 18170879, 0, 0, 0
170303, 17028634, 0, 0, 0
170401, 13855471, 0, 0, 0
170501, 19568957, 0, 0, 0
170601, 15854158, 0, 0, 0
170700, 19914567, 0, 0, 0
170802, 17156339, 0, 0, 0
170908, 17997387, 0, 0, 0
171000, 21071291, 0, 0, 0
171104, 15536524, 0, 0, 0
171206, 14918369, 0, 0, 0
171300, 19093816, 0, 0, 0
171400, 17168819, 0, 0, 0
171504, 16824433, 0, 0, 0
171602, 19254984, 0, 0, 0
171716, 19930673, 0, 0, 0
171802, 14892572, 0, 0, 0
171903, 19827520, 0, 0, 0
172007, 20392773, 0, 0, 0
172101, 22625561, 0, 0, 0
172203, 21504476, 0, 0, 0
172304, 16572803, 0, 0, 0
172404, 17740262, 0, 0, 0
172500, 15728053, 0, 0, 0
172604, 20700090, 0, 0, 0
172703, 18318135, 0, 0, 0
172805, 15484380, 0, 0, 0
172900, 14863817, 0, 0, 0
173004, 14798241, 0, 0, 0
173101, 19070959, 0, 0, 0
173201, 15240055, 0, 0, 0
173312, 18135544, 0, 0, 0
173407, 20983676, 0, 0, 0
173500, 13100859, 0, 0, 0
173603, 23601228, 0, 0, 0
173700, 19846788, 0, 0, 0
173801, 19616982, 0, 0, 0
173902, 18673625, 0, 0, 0
174002, 19412766, 0, 0, 0
174111, 15059128, 0, 0, 0
174203, 16423228, 0, 0, 0
174302, 16013428, 0, 0, 0
174402, 16946814, 0, 0, 0
174506, 18638273, 0, 0, 0
174600, 15842518, 0, 0, 0
174705, 23321680, 0, 0, 0
174800, 17488076, 0, 0, 0
174901, 16698400, 0, 0, 0
175000, 13428256, 0, 0, 0
175105, 14491218, 0, 0, 0
175206, 16170691, 0, 0, 0
175305, 22475307, 0, 0, 0
175409, 24452803, 0, 0, 0
175502, 21189422, 0, 0, 0
175604, 15008078, 0, 0, 0
175701, 15679867, 0, 0, 0
175801, 15502319, 0, 0, 0
175904, 19201198, 0, 0, 0
176001, 25431831, 0, 0, 0
176106, 14570683, 0, 0, 0
176204, 21001826, 0, 0, 0
176306, 19204375, 0, 0, 0
176405, 17014416, 0, 0, 0
176501, 15664531, 0, 0, 0
176600, 16846049, 0, 0, 0
176706, 19259532, 0, 0, 0
176800, 13727633, 0, 0, 0
176906, 17553861, 0, 0, 0
177011, 16483306, 0, 0, 0
177107, 17850849, 0, 0, 0
177207, 17570551, 0, 0, 0
177304, 18899466, 0, 0, 0
177404, 23916514, 0, 0, 0
177501, 19210070, 0, 0, 0
177601, 19915757, 0, 0, 0
177706, 18522537, 0, 0, 0
177809, 22472684, 0, 0, 0
177903, 17192373, 0, 0, 0
178000, 19109961, 0, 0, 0
178103, 12467915, 0, 0, 0
178203, 16150151, 0, 0, 0
178307, 12853953, 0, 0, 0
178406, 17627377, 0, 0, 0
178500, 21597067, 0, 0, 0
178600, 17449008, 0, 0, 0
178702, 14199784, 0, 0, 0
178804, 18312049, 0, 0, 0
178901, 17432161, 0, 0, 0
179002, 15858417, 0, 0, 0
179105, 23060261, 0, 0, 0
179201, 12550312, 0, 0, 0
179302, 13729888, 0, 0, 0
179402, 12416804, 0, 0, 0
179500, 19607029, 0, 0, 0
179601, 16851546, 0, 0, 0
179713, 14462932, 0, 0, 0
179802, 23187983, 0, 0, 0
179903, 18574115, 0, 0, 0
180003, 20829914, 0, 0, 0
180010, 19154984, 0, 0, 0
