102, 25464502, 0, 0, 0
200, 10370079, 0, 0, 0
301, 15706103, 0, 0, 0
401, 12768526, 0, 0, 0
503, 15691315, 0, 0, 0
601, 14848659, 0, 0, 0
703, 15784649, 0, 0, 0
800, 32086100, 0, 0, 0
900, 14399523, 0, 0, 0
1001, 33311620, 0, 0, 0
1104, 14264943, 0, 0, 0
1200, 21230504, 0, 0, 0
1302, 15286436, 0, 0, 0
1401, 24933925, 0, 0, 0
1500, 19482525, 0, 0, 0
1600, 13840776, 0, 0, 0
1700, 11651987, 0, 0, 0
1804, 15443877, 0, 0, 0
1900, 23450455, 0, 0, 0
2006, 23943864, 0, 0, 0
2100, 16582727, 0, 0, 0
2200, 10244497, 0, 0, 0
2301, 22332299, 0, 0, 0
2401, 14715645, 0, 0, 0
2502, 11184107, 0, 0, 0
2600, 18565227, 0, 0, 0
2700, 12768294, 0, 0, 0
2800, 10967896, 0, 0, 0
2901, 16932649, 0, 0, 0
3006, 18540310, 0, 0, 0
3101, 47128118, 0, 0, 0
3200, 23805056, 0, 0, 0
3301, 10745527, 0, 0, 0
3400, 15777334, 0, 0, 0
3500, 12126505, 0, 0, 0
3600, 15825031, 0, 0, 0
3701, 11425992, 0, 0, 0
3802, 17192031, 0, 0, 0
3901, 21909265, 0, 0, 0
4000, 13128630, 0, 0, 0
4101, 20511186, 0, 0, 0
4201, 10205241, 0, 0, 0
4302, 14453694, 0, 0, 0
4404, 20723698, 0, 0, 0
4500, 28932275, 0, 0, 0
4600, 20947587, 0, 0, 0
4700, 18781050, 0, 0, 0
4800, 17196224, 0, 0, 0
4900, 10728916, 0, 0, 0
5000, 14663886, 0, 0, 0
5100, 29973417, 0, 0, 0
5200, 25500984, 0, 0, 0
5301, 17029532, 0, 0, 0
5401, 17550546, 0, 0, 0
5500, 17578690, 0, 0, 0
5600, 7436950, 0, 0, 0
5700, 16190756, 0, 0, 0
5800, 11772027, 0, 0, 0
5901, 20132957, 0, 0, 0
6000, 18998267, 0, 0, 0
6100, 31595854, 0, 0, 0
6208, 18365940, 0, 0, 0
6300, 10750338, 0, 0, 0
6402, 29626855, 0, 0, 0
6500, 11685146, 0, 0, 0
6600, 20370601, 0, 0, 0
6700, 24432381, 0, 0, 0
6800, 18546935, 0, 0, 0
6900, 12993123, 0, 0, 0
7000, 13517938, 0, 0, 0
7100, 19011141, 0, 0, 0
7201, 12986577, 0, 0, 0
7301, 15306143, 0, 0, 0
7403, 14315043, 0, 0, 0
7500, 31660757, 0, 0, 0
7601, 12604389, 0, 0, 0
7701, 18021755, 0, 0, 0
7802, 16897056, 0, 0, 0
7900, 15005968, 0, 0, 0
8000, 22871275, 0, 0, 0
8101, 10204039, 0, 0, 0
8201, 14612255, 0, 0, 0
8301, 20869961, 0, 0, 0
8400, 18248807, 0, 0, 0
8501, 15141379, 0, 0, 0
8600, 28127576, 0, 0, 0
8700, 29369492, 0, 0, 0
8802, 8893142, 0, 0, 0
8900, 23333478, 0, 0, 0
9002, 10980865, 0, 0, 0
9105, 14909907, 0, 0, 0
9200, 14802524, 0, 0, 0
9300, 18112535, 0, 0, 0
9405, 15390518, 0, 0, 0
9501, 18676846, 0, 0, 0
9604, 20168189, 0, 0, 0
9700, 26246029, 0, 0, 0
9800, 14928859, 0, 0, 0
9903, 15933481, 0, 0, 0
10013, 18398922, 0, 0, 0
10100, 31796419, 0, 0, 0
10204, 16138314, 0, 0, 0
10302, 18524159, 0, 0, 0
10403, 20702335, 0, 0, 0
10500, 12248215, 0, 0, 0
10600, 19528617, 0, 0, 0
10701, 14995385, 0, 0, 0
10800, 13251652, 0, 0, 0
10900, 16243260, 0, 0, 0
11000, 10703547, 0, 0, 0
11100, 36042456, 0, 0, 0
11200, 17636564, 0, 0, 0
11303, 13887239, 0, 0, 0
11410, 20388062, 0, 0, 0
11500, 20412800, 0, 0, 0
11602, 16930895, 0, 0, 0
11701, 16448074, 0, 0, 0
11800, 14160791, 0, 0, 0
11901, 13863569, 0, 0, 0
12002, 17574413, 0, 0, 0
12100, 19596460, 0, 0, 0
12200, 14979581, 0, 0, 0
12304, 20363069, 0, 0, 0
12402, 19909943, 0, 0, 0
12500, 23507175, 0, 0, 0
12601, 16627863, 0, 0, 0
12701, 13756848, 0, 0, 0
12802, 16230364, 0, 0, 0
12901, 17443696, 0, 0, 0
13008, 36868402, 0, 0, 0
13100, 24921114, 0, 0, 0
13201, 28023827, 0, 0, 0
13300, 17005004, 0, 0, 0
13400, 14993271, 0, 0, 0
13500, 13159409, 0, 0, 0
13601, 25460287, 0, 0, 0
13702, 21844772, 0, 0, 0
13801, 12081066, 0, 0, 0
13901, 23620216, 0, 0, 0
14000, 11707785, 0, 0, 0
14103, 14765551, 0, 0, 0
14201, 17035349, 0, 0, 0
14301, 23644172, 0, 0, 0
14400, 21414349, 0, 0, 0
14500, 15593771, 0, 0, 0
14600, 28161855, 0, 0, 0
14700, 14840630, 0, 0, 0
14800, 16918490, 0, 0, 0
14902, 12729701, 0, 0, 0
15002, 17480921, 0, 0, 0
15105, 24628901, 0, 0, 0
15201, 12544634, 0, 0, 0
15300, 17788010, 0, 0, 0
15400, 15073145, 0, 0, 0
15503, 14847810, 0, 0, 0
15602, 11802927, 0, 0, 0
15701, 29909550, 0, 0, 0
15802, 24243963, 0, 0, 0
15901, 14859167, 0, 0, 0
16000, 16609794, 0, 0, 0
16100, 21094536, 0, 0, 0
16200, 15864458, 0, 0, 0
16302, 18742311, 0, 0, 0
16400, 21756190, 0, 0, 0
16500, 16111297, 0, 0, 0
16600, 10806677, 0, 0, 0
16700, 14748243, 0, 0, 0
16801, 13329089, 0, 0, 0
16900, 16650543, 0, 0, 0
17000, 16318224, 0, 0, 0
17101, 14077185, 0, 0, 0
17201, 16701284, 0, 0, 0
17303, 13494637, 0, 0, 0
17400, 18346834, 0, 0, 0
17500, 20538783, 0, 0, 0
17601, 12337682, 0, 0, 0
17700, 24917427, 0, 0, 0
17803, 18306610, 0, 0, 0
17900, 9909256, 0, 0, 0
18000, 22291497, 0, 0, 0
18100, 15308488, 0, 0, 0
18200, 19064187, 0, 0, 0
18300, 15902537, 0, 0, 0
18400, 15192985, 0, 0, 0
18501, 13352765, 0, 0, 0
18600, 21560005, 0, 0, 0
18701, 19192068, 0, 0, 0
18803, 16690848, 0, 0, 0
18903, 17084303, 0, 0, 0
19001, 16850480, 0, 0, 0
19101, 11437296, 0, 0, 0
19201, 17936103, 0, 0, 0
19301, 17312839, 0, 0, 0
19401, 22629442, 0, 0, 0
19501, 18862053, 0, 0, 0
19603, 25698237, 0, 0, 0
19700, 26577631, 0, 0, 0
19802, 20016700, 0, 0, 0
19900, 13972977, 0, 0, 0
20002, 11744804, 0, 0, 0
20101, 12980358, 0, 0, 0
20200, 10994445, 0, 0, 0
20302, 16288547, 0, 0, 0
20401, 18034500, 0, 0, 0
20500, 17211486, 0, 0, 0
20600, 14303685, 0, 0, 0
20701, 15597077, 0, 0, 0
20800, 16076093, 0, 0, 0
20900, 18391524, 0, 0, 0
21002, 19034369, 0, 0, 0
21100, 17171946, 0, 0, 0
21200, 14935534, 0, 0, 0
21300, 18619975, 0, 0, 0
21400, 22354959, 0, 0, 0
21501, 12664526, 0, 0, 0
21602, 15257599, 0, 0, 0
21701, 19520020, 0, 0, 0
21801, 11109201, 0, 0, 0
21902, 10892296, 0, 0, 0
22000, 14373439, 0, 0, 0
22100, 18772250, 0, 0, 0
22202, 17975390, 0, 0, 0
22301, 20964835, 0, 0, 0
22400, 18721713, 0, 0, 0
22501, 14965811, 0, 0, 0
22601, 15253694, 0, 0, 0
22700, 15334683, 0, 0, 0
22800, 15393151, 0, 0, 0
22901, 14591446, 0, 0, 0
23000, 27704234, 0, 0, 0
23100, 16229018, 0, 0, 0
23200, 10130642, 0, 0, 0
23300, 16091157, 0, 0, 0
23400, 18417123, 0, 0, 0
23501, 20647994, 0, 0, 0
23602, 21240105, 0, 0, 0
23701, 18051950, 0, 0, 0
23801, 16098421, 0, 0, 0
23900, 16911893, 0, 0, 0
24000, 16266945, 0, 0, 0
24102, 26577687, 0, 0, 0
24200, 27316160, 0, 0, 0
24300, 13560224, 0, 0, 0
24401, 10190088, 0, 0, 0
24504, 15290069, 0, 0, 0
24601, 19079594, 0, 0, 0
24700, 14892886, 0, 0, 0
24800, 20259548, 0, 0, 0
24900, 18426054, 0, 0, 0
25000, 23951715, 0, 0, 0
25100, 13275832, 0, 0, 0
25200, 13606655, 0, 0, 0
25308, 14782645, 0, 0, 0
25402, 19872740, 0, 0, 0
25500, 24291292, 0, 0, 0
25601, 11389572, 0, 0, 0
25701, 13793463, 0, 0, 0
25801, 20320354, 0, 0, 0
25900, 13688976, 0, 0, 0
26000, 13624451, 0, 0, 0
26101, 20747626, 0, 0, 0
26203, 18009986, 0, 0, 0
26300, 12895618, 0, 0, 0
26403, 16233699, 0, 0, 0
26503, 20534812, 0, 0, 0
26601, 24678989, 0, 0, 0
26702, 14965302, 0, 0, 0
26800, 24262733, 0, 0, 0
26900, 28922498, 0, 0, 0
27000, 16547238, 0, 0, 0
27104, 11944042, 0, 0, 0
27200, 12324617, 0, 0, 0
27300, 13811349, 0, 0, 0
27404, 13886385, 0, 0, 0
27503, 15676380, 0, 0, 0
27600, 13451980, 0, 0, 0
27702, 18776400, 0, 0, 0
27803, 19008924, 0, 0, 0
27902, 11396197, 0, 0, 0
28000, 15820952, 0, 0, 0
28101, 8724242, 0, 0, 0
28200, 27537245, 0, 0, 0
28301, 21665852, 0, 0, 0
28401, 19103119, 0, 0, 0
28500, 19307496, 0, 0, 0
28600, 22641678, 0, 0, 0
28700, 10391795, 0, 0, 0
28800, 19199839, 0, 0, 0
28901, 13954458, 0, 0, 0
29000, 12168334, 0, 0, 0
29100, 20741041, 0, 0, 0
29201, 30267791, 0, 0, 0
29301, 19337619, 0, 0, 0
29401, 13311613, 0, 0, 0
29500, 18856959, 0, 0, 0
29601, 21174504, 0, 0, 0
29700, 16757687, 0, 0, 0
29801, 10349145, 0, 0, 0
29900, 7691171, 0, 0, 0
30000, 13914786, 0, 0, 0
30102, 16035019, 0, 0, 0
30200, 17181028, 0, 0, 0
30302, 12876237, 0, 0, 0
30400, 9982080, 0, 0, 0
30501, 26987704, 0, 0, 0
30600, 25869531, 0, 0, 0
30700, 24426264, 0, 0, 0
30801, 17304084, 0, 0, 0
30900, 11903214, 0, 0, 0
31000, 13113973, 0, 0, 0
31100, 15858847, 0, 0, 0
31201, 10508238, 0, 0, 0
31301, 13360355, 0, 0, 0
31400, 8934779, 0, 0, 0
31501, 14970528, 0, 0, 0
31601, 20564092, 0, 0, 0
31702, 11732140, 0, 0, 0
31800, 24399843, 0, 0, 0
31902, 13380839, 0, 0, 0
32000, 22600642, 0, 0, 0
32102, 20096412, 0, 0, 0
32204, 25017899, 0, 0, 0
32305, 22957252, 0, 0, 0
32401, 20283453, 0, 0, 0
32500, 19203279, 0, 0, 0
32601, 16251454, 0, 0, 0
32700, 18186517, 0, 0, 0
32800, 12143455, 0, 0, 0
32900, 21281997, 0, 0, 0
33001, 15261779, 0, 0, 0
33105, 21501817, 0, 0, 0
33203, 19924039, 0, 0, 0
33305, 15739631, 0, 0, 0
33405, 12069036, 0, 0, 0
33500, 19719874, 0, 0, 0
33601, 13973523, 0, 0, 0
33700, 17061304, 0, 0, 0
33800, 18650454, 0, 0, 0
33902, 8911302, 0, 0, 0
34000, 20586938, 0, 0, 0
34102, 18538452, 0, 0, 0
34201, 16814921, 0, 0, 0
34300, 18499855, 0, 0, 0
34400, 17131016, 0, 0, 0
34501, 13980945, 0, 0, 0
34600, 15340913, 0, 0, 0
34700, 15246063, 0, 0, 0
34803, 14683704, 0, 0, 0
34900, 13127739, 0, 0, 0
35000, 9235053, 0, 0, 0
35100, 33229519, 0, 0, 0
35200, 11081458, 0, 0, 0
35301, 11854253, 0, 0, 0
35400, 11500534, 0, 0, 0
35500, 12808710, 0, 0, 0
35600, 16001059, 0, 0, 0
35702, 14622436, 0, 0, 0
35801, 19795899, 0, 0, 0
35901, 22237716, 0, 0, 0
36000, 16889485, 0, 0, 0
36102, 15769670, 0, 0, 0
36200, 14940876, 0, 0, 0
36300, 18375543, 0, 0, 0
36407, 22496475, 0, 0, 0
36500, 19214927, 0, 0, 0
36600, 17910290, 0, 0, 0
36700, 16087685, 0, 0, 0
36800, 12482737, 0, 0, 0
36901, 14594899, 0, 0, 0
37001, 14917086, 0, 0, 0
37100, 15416954, 0, 0, 0
37201, 18177949, 0, 0, 0
37301, 24018936, 0, 0, 0
37400, 16928117, 0, 0, 0
37500, 12282778, 0, 0, 0
37602, 15525873, 0, 0, 0
37700, 20624008, 0, 0, 0
37800, 16437825, 0, 0, 0
37902, 10689635, 0, 0, 0
38000, 11242401, 0, 0, 0
38100, 23647749, 0, 0, 0
38200, 11270565, 0, 0, 0
38300, 15075771, 0, 0, 0
38401, 22455340, 0, 0, 0
38503, 15462961, 0, 0, 0
38600, 15386779, 0, 0, 0
38700, 19607304, 0, 0, 0
38800, 12901497, 0, 0, 0
38901, 13046996, 0, 0, 0
39001, 12923014, 0, 0, 0
39100, 34327601, 0, 0, 0
39201, 18711365, 0, 0, 0
39301, 17168291, 0, 0, 0
39400, 22909483, 0, 0, 0
39500, 23003179, 0, 0, 0
39600, 21923502, 0, 0, 0
39701, 15131456, 0, 0, 0
39800, 14793331, 0, 0, 0
39900, 18435158, 0, 0, 0
40001, 16543764, 0, 0, 0
40102, 19022148, 0, 0, 0
40201, 26978412, 0, 0, 0
40301, 17408999, 0, 0, 0
40401, 28799804, 0, 0, 0
40500, 14949248, 0, 0, 0
40601, 22423557, 0, 0, 0
40701, 15800171, 0, 0, 0
40801, 31297019, 0, 0, 0
40900, 17629024, 0, 0, 0
41000, 20030994, 0, 0, 0
41100, 10248541, 0, 0, 0
41200, 15674343, 0, 0, 0
41300, 11108179, 0, 0, 0
41402, 19669264, 0, 0, 0
41500, 15879882, 0, 0, 0
41600, 22561065, 0, 0, 0
41701, 13067433, 0, 0, 0
41800, 22334847, 0, 0, 0
41900, 14548939, 0, 0, 0
42000, 14234195, 0, 0, 0
42102, 25544341, 0, 0, 0
42203, 14951228, 0, 0, 0
42300, 25573280, 0, 0, 0
42400, 14902354, 0, 0, 0
42501, 6396692, 0, 0, 0
42600, 13892649, 0, 0, 0
42702, 22489306, 0, 0, 0
42800, 35632587, 0, 0, 0
42900, 24043346, 0, 0, 0
43001, 17530462, 0, 0, 0
43102, 17400313, 0, 0, 0
43200, 20756641, 0, 0, 0
43300, 20247033, 0, 0, 0
43400, 10228475, 0, 0, 0
43502, 12171231, 0, 0, 0
43600, 15158181, 0, 0, 0
43701, 14206575, 0, 0, 0
43803, 26536503, 0, 0, 0
43900, 9053849, 0, 0, 0
44002, 17165781, 0, 0, 0
44102, 13948667, 0, 0, 0
44201, 24994561, 0, 0, 0
44300, 30823109, 0, 0, 0
44401, 8805868, 0, 0, 0
44502, 18602617, 0, 0, 0
44600, 11710779, 0, 0, 0
44701, 8525223, 0, 0, 0
44804, 21147980, 0, 0, 0
44900, 19074346, 0, 0, 0
45002, 13278625, 0, 0, 0
45100, 18571373, 0, 0, 0
45200, 10510092, 0, 0, 0
45300, 7338942, 0, 0, 0
45402, 13280414, 0, 0, 0
45502, 22200807, 0, 0, 0
45600, 19564480, 0, 0, 0
45701, 24875229, 0, 0, 0
45802, 16184682, 0, 0, 0
45901, 35576759, 0, 0, 0
46000, 33872965, 0, 0, 0
46100, 18154039, 0, 0, 0
46200, 9051400, 0, 0, 0
46303, 16180669, 0, 0, 0
46400, 19872176, 0, 0, 0
46502, 14690373, 0, 0, 0
46601, 13581803, 0, 0, 0
46700, 22677520, 0, 0, 0
46800, 12879031, 0, 0, 0
46903, 25350682, 0, 0, 0
47000, 19945605, 0, 0, 0
47100, 22656322, 0, 0, 0
47201, 16048908, 0, 0, 0
47300, 9508839, 0, 0, 0
47400, 21446847, 0, 0, 0
47502, 12802767, 0, 0, 0
47600, 22211095, 0, 0, 0
47701, 10917075, 0, 0, 0
47800, 12350169, 0, 0, 0
47901, 14623834, 0, 0, 0
48000, 28224372, 0, 0, 0
48103, 28778285, 0, 0, 0
48200, 18474572, 0, 0, 0
48301, 30272961, 0, 0, 0
48400, 20777479, 0, 0, 0
48501, 11552350, 0, 0, 0
48604, 15402010, 0, 0, 0
48700, 36421223, 0, 0, 0
48801, 8237394, 0, 0, 0
48900, 26649757, 0, 0, 0
49001, 16660575, 0, 0, 0
49100, 16779363, 0, 0, 0
49202, 17226577, 0, 0, 0
49300, 6174031, 0, 0, 0
49400, 27614642, 0, 0, 0
49501, 12174226, 0, 0, 0
49600, 12937690, 0, 0, 0
49700, 15273595, 0, 0, 0
49801, 23169958, 0, 0, 0
49901, 19900617, 0, 0, 0
50000, 17337336, 0, 0, 0
50101, 10191964, 0, 0, 0
50201, 20932635, 0, 0, 0
50301, 10324167, 0, 0, 0
50404, 19583650, 0, 0, 0
50501, 23528769, 0, 0, 0
50600, 11652629, 0, 0, 0
50702, 14810610, 0, 0, 0
50800, 35005900, 0, 0, 0
50900, 17078024, 0, 0, 0
51000, 14490290, 0, 0, 0
51101, 38718254, 0, 0, 0
51201, 22964351, 0, 0, 0
51302, 13408249, 0, 0, 0
51406, 14895126, 0, 0, 0
51500, 14935939, 0, 0, 0
51600, 30891502, 0, 0, 0
51702, 15295760, 0, 0, 0
51801, 27247936, 0, 0, 0
51901, 10619009, 0, 0, 0
52002, 49026996, 0, 0, 0
52101, 23145182, 0, 0, 0
52200, 20683837, 0, 0, 0
52301, 12037146, 0, 0, 0
52400, 21340039, 0, 0, 0
52500, 29668396, 0, 0, 0
52600, 26277455, 0, 0, 0
52700, 21577314, 0, 0, 0
52802, 12554009, 0, 0, 0
52906, 23220345, 0, 0, 0
53001, 17671981, 0, 0, 0
53100, 9582124, 0, 0, 0
53204, 34530420, 0, 0, 0
53316, 24720886, 0, 0, 0
53400, 37172912, 0, 0, 0
53502, 28074263, 0, 0, 0
53600, 31339911, 0, 0, 0
53700, 28081608, 0, 0, 0
53800, 22341292, 0, 0, 0
53903, 11945734, 0, 0, 0
54000, 15456426, 0, 0, 0
54100, 28293891, 0, 0, 0
54201, 19098815, 0, 0, 0
54302, 10071842, 0, 0, 0
54400, 21938579, 0, 0, 0
54503, 21852667, 0, 0, 0
54600, 26445377, 0, 0, 0
54700, 20944840, 0, 0, 0
54801, 10763962, 0, 0, 0
54900, 33302170, 0, 0, 0
55001, 22657556, 0, 0, 0
55102, 12927671, 0, 0, 0
55201, 27057039, 0, 0, 0
55300, 13273019, 0, 0, 0
55403, 11176794, 0, 0, 0
55500, 20836136, 0, 0, 0
55600, 21252454, 0, 0, 0
55702, 13815827, 0, 0, 0
55801, 11325648, 0, 0, 0
55904, 25899650, 0, 0, 0
56018, 33105897, 0, 0, 0
56100, 25246552, 0, 0, 0
56200, 15864019, 0, 0, 0
56300, 17109041, 0, 0, 0
56400, 19140942, 0, 0, 0
56500, 12704249, 0, 0, 0
56600, 11320138, 0, 0, 0
56701, 14984408, 0, 0, 0
56801, 14784462, 0, 0, 0
56902, 21425066, 0, 0, 0
57000, 13495357, 0, 0, 0
57100, 21570445, 0, 0, 0
57202, 11431516, 0, 0, 0
57300, 12788490, 0, 0, 0
57404, 20819988, 0, 0, 0
57501, 18601635, 0, 0, 0
57600, 23048607, 0, 0, 0
57700, 15576108, 0, 0, 0
57801, 19367975, 0, 0, 0
57900, 37699093, 0, 0, 0
58004, 11975754, 0, 0, 0
58101, 27585708, 0, 0, 0
58200, 14394720, 0, 0, 0
58301, 12961460, 0, 0, 0
58408, 30406201, 0, 0, 0
58500, 17567970, 0, 0, 0
58600, 28580213, 0, 0, 0
58700, 16893790, 0, 0, 0
58801, 23799498, 0, 0, 0
58900, 21386066, 0, 0, 0
59000, 12357945, 0, 0, 0
59101, 23201010, 0, 0, 0
59202, 15314778, 0, 0, 0
59302, 26560702, 0, 0, 0
59416, 26415851, 0, 0, 0
59501, 34734631, 0, 0, 0
59600, 10281197, 0, 0, 0
59700, 15297543, 0, 0, 0
59810, 8789950, 0, 0, 0
59901, 24980554, 0, 0, 0
60010, 23523992, 0, 0, 0
60077, 210058931, 0, 0, 0
