100, 636478, 0, 0, 0
200, 551310, 0, 0, 0
300, 502138, 0, 0, 0
400, 581559, 0, 0, 0
500, 551543, 0, 0, 0
600, 646735, 0, 0, 0
700, 559392, 0, 0, 0
800, 670626, 0, 0, 0
900, 523749, 0, 0, 0
1000, 551712, 0, 0, 0
1100, 532359, 0, 0, 0
1200, 564280, 0, 0, 0
1300, 479267, 0, 0, 0
1400, 548783, 0, 0, 0
1500, 546194, 0, 0, 0
1601, 605971, 0, 0, 0
1700, 617181, 0, 0, 0
1800, 597153, 0, 0, 0
1900, 588816, 0, 0, 0
2001, 613276, 0, 0, 0
2100, 562368, 0, 0, 0
2200, 504428, 0, 0, 0
2300, 571655, 0, 0, 0
2400, 576283, 0, 0, 0
2500, 511866, 0, 0, 0
2600, 536732, 0, 0, 0
2700, 531691, 0, 0, 0
2800, 526820, 0, 0, 0
2900, 574221, 0, 0, 0
3000, 520877, 0, 0, 0
3100, 536365, 0, 0, 0
3200, 536207, 0, 0, 0
3300, 581236, 0, 0, 0
3400, 687236, 0, 0, 0
3500, 591545, 0, 0, 0
3600, 486785, 0, 0, 0
3700, 551312, 0, 0, 0
3800, 638969, 0, 0, 0
3900, 546586, 0, 0, 0
4000, 578089, 0, 0, 0
4100, 579995, 0, 0, 0
4200, 593032, 0, 0, 0
4300, 495140, 0, 0, 0
4400, 604668, 0, 0, 0
4500, 575053, 0, 0, 0
4600, 549218, 0, 0, 0
4700, 644355, 0, 0, 0
4800, 677373, 0, 0, 0
4900, 594575, 0, 0, 0
5000, 586006, 0, 0, 0
5100, 602359, 0, 0, 0
5200, 625620, 0, 0, 0
5300, 518590, 0, 0, 0
5400, 524776, 0, 0, 0
5500, 616786, 0, 0, 0
5601, 605763, 0, 0, 0
5700, 575681, 0, 0, 0
5800, 582305, 0, 0, 0
5900, 667302, 0, 0, 0
6000, 516237, 0, 0, 0
6100, 521486, 0, 0, 0
6200, 643991, 0, 0, 0
6300, 581319, 0, 0, 0
6400, 537151, 0, 0, 0
6500, 627648, 0, 0, 0
6600, 688535, 0, 0, 0
6700, 496518, 0, 0, 0
6800, 555240, 0, 0, 0
6900, 529776, 0, 0, 0
7000, 576027, 0, 0, 0
7100, 573125, 0, 0, 0
7200, 506528, 0, 0, 0
7300, 594547, 0, 0, 0
7400, 566919, 0, 0, 0
7500, 580083, 0, 0, 0
7601, 787683, 0, 0, 0
7700, 596737, 0, 0, 0
7800, 587222, 0, 0, 0
7900, 522557, 0, 0, 0
8000, 581289, 0, 0, 0
8100, 575130, 0, 0, 0
8200, 498488, 0, 0, 0
8300, 559391, 0, 0, 0
8400, 601699, 0, 0, 0
8500, 539145, 0, 0, 0
8600, 743489, 0, 0, 0
8700, 689346, 0, 0, 0
8800, 586456, 0, 0, 0
8900, 629926, 0, 0, 0
9000, 589692, 0, 0, 0
9100, 606785, 0, 0, 0
9200, 629123, 0, 0, 0
9300, 585302, 0, 0, 0
9400, 514975, 0, 0, 0
9500, 833807, 0, 0, 0
9600, 527588, 0, 0, 0
9700, 548596, 0, 0, 0
9800, 710694, 0, 0, 0
9900, 523376, 0, 0, 0
10000, 541162, 0, 0, 0
10100, 589986, 0, 0, 0
10200, 515980, 0, 0, 0
10300, 582766, 0, 0, 0
10400, 579159, 0, 0, 0
10500, 552609, 0, 0, 0
10600, 529610, 0, 0, 0
10700, 611750, 0, 0, 0
10800, 577540, 0, 0, 0
10900, 533390, 0, 0, 0
11000, 608448, 0, 0, 0
11100, 630522, 0, 0, 0
11200, 534714, 0, 0, 0
11300, 567442, 0, 0, 0
11400, 568121, 0, 0, 0
11500, 580098, 0, 0, 0
11600, 655484, 0, 0, 0
11700, 527747, 0, 0, 0
11800, 531847, 0, 0, 0
11900, 642751, 0, 0, 0
12000, 598468, 0, 0, 0
12100, 647540, 0, 0, 0
12200, 621362, 0, 0, 0
12300, 604144, 0, 0, 0
12400, 569950, 0, 0, 0
12500, 570677, 0, 0, 0
12600, 511108, 0, 0, 0
12700, 587810, 0, 0, 0
12800, 545624, 0, 0, 0
12900, 662631, 0, 0, 0
13000, 734799, 0, 0, 0
13100, 641773, 0, 0, 0
13200, 535782, 0, 0, 0
13300, 543423, 0, 0, 0
13400, 523433, 0, 0, 0
13500, 558662, 0, 0, 0
13600, 731514, 0, 0, 0
13700, 622785, 0, 0, 0
13800, 584948, 0, 0, 0
13900, 525864, 0, 0, 0
14000, 598251, 0, 0, 0
14100, 554491, 0, 0, 0
14200, 550640, 0, 0, 0
14300, 634752, 0, 0, 0
14400, 621655, 0, 0, 0
14500, 568110, 0, 0, 0
14600, 668858, 0, 0, 0
14700, 589191, 0, 0, 0
14800, 629865, 0, 0, 0
14900, 553220, 0, 0, 0
15000, 607528, 0, 0, 0
15100, 542581, 0, 0, 0
15200, 627184, 0, 0, 0
15300, 650443, 0, 0, 0
15400, 539934, 0, 0, 0
15500, 548483, 0, 0, 0
15600, 542161, 0, 0, 0
15700, 556496, 0, 0, 0
15800, 504691, 0, 0, 0
15900, 602454, 0, 0, 0
16000, 651671, 0, 0, 0
16100, 551181, 0, 0, 0
16200, 687655, 0, 0, 0
16300, 550879, 0, 0, 0
16400, 609990, 0, 0, 0
16500, 700325, 0, 0, 0
16600, 796573, 0, 0, 0
16700, 526235, 0, 0, 0
16800, 661566, 0, 0, 0
16900, 513007, 0, 0, 0
17000, 588543, 0, 0, 0
17100, 556247, 0, 0, 0
17200, 573018, 0, 0, 0
17300, 583145, 0, 0, 0
17400, 531251, 0, 0, 0
17500, 650834, 0, 0, 0
17600, 588707, 0, 0, 0
17700, 544543, 0, 0, 0
17800, 515909, 0, 0, 0
17900, 537112, 0, 0, 0
18000, 680141, 0, 0, 0
18100, 685728, 0, 0, 0
18200, 541232, 0, 0, 0
18300, 507007, 0, 0, 0
18400, 546042, 0, 0, 0
18500, 565650, 0, 0, 0
18600, 615412, 0, 0, 0
18700, 576693, 0, 0, 0
18800, 561724, 0, 0, 0
18900, 630585, 0, 0, 0
19000, 634760, 0, 0, 0
19100, 541953, 0, 0, 0
19200, 555313, 0, 0, 0
19300, 563257, 0, 0, 0
19400, 519659, 0, 0, 0
19500, 526353, 0, 0, 0
19600, 618702, 0, 0, 0
19700, 535715, 0, 0, 0
19800, 702896, 0, 0, 0
19900, 728911, 0, 0, 0
20000, 560683, 0, 0, 0
20100, 534382, 0, 0, 0
20200, 561961, 0, 0, 0
20300, 682043, 0, 0, 0
20400, 501492, 0, 0, 0
20500, 484584, 0, 0, 0
20600, 571223, 0, 0, 0
20700, 493833, 0, 0, 0
20801, 643337, 0, 0, 0
20900, 591926, 0, 0, 0
21000, 555187, 0, 0, 0
21100, 569363, 0, 0, 0
21200, 582496, 0, 0, 0
21300, 642885, 0, 0, 0
21400, 539354, 0, 0, 0
21500, 598252, 0, 0, 0
21600, 560101, 0, 0, 0
21700, 546666, 0, 0, 0
21800, 520976, 0, 0, 0
21900, 517503, 0, 0, 0
22000, 515069, 0, 0, 0
22100, 551549, 0, 0, 0
22200, 704183, 0, 0, 0
22300, 633621, 0, 0, 0
22401, 504951, 0, 0, 0
22500, 521276, 0, 0, 0
22600, 529074, 0, 0, 0
22700, 580075, 0, 0, 0
22800, 540497, 0, 0, 0
22900, 570354, 0, 0, 0
23001, 569069, 0, 0, 0
23100, 621738, 0, 0, 0
23200, 659399, 0, 0, 0
23300, 646323, 0, 0, 0
23400, 715369, 0, 0, 0
23500, 535292, 0, 0, 0
23600, 648958, 0, 0, 0
23700, 483693, 0, 0, 0
23800, 632506, 0, 0, 0
23900, 814439, 0, 0, 0
24000, 520566, 0, 0, 0
24100, 542423, 0, 0, 0
24200, 638014, 0, 0, 0
24300, 566939, 0, 0, 0
24400, 650656, 0, 0, 0
24500, 595880, 0, 0, 0
24600, 616060, 0, 0, 0
24700, 526922, 0, 0, 0
24800, 644117, 0, 0, 0
24900, 661344, 0, 0, 0
25000, 563428, 0, 0, 0
25100, 565191, 0, 0, 0
25200, 603780, 0, 0, 0
25300, 531226, 0, 0, 0
25400, 557385, 0, 0, 0
25500, 551649, 0, 0, 0
25600, 553012, 0, 0, 0
25700, 613447, 0, 0, 0
25800, 690275, 0, 0, 0
25900, 596617, 0, 0, 0
26000, 491620, 0, 0, 0
26100, 567775, 0, 0, 0
26200, 569696, 0, 0, 0
26300, 769603, 0, 0, 0
26400, 636406, 0, 0, 0
26500, 569509, 0, 0, 0
26600, 606610, 0, 0, 0
26700, 467526, 0, 0, 0
26800, 638330, 0, 0, 0
26900, 634729, 0, 0, 0
27000, 568997, 0, 0, 0
27100, 587669, 0, 0, 0
27200, 567442, 0, 0, 0
27300, 606437, 0, 0, 0
27400, 575405, 0, 0, 0
27500, 580644, 0, 0, 0
27600, 564669, 0, 0, 0
27700, 530273, 0, 0, 0
27800, 550942, 0, 0, 0
27900, 563113, 0, 0, 0
28000, 604357, 0, 0, 0
28100, 557227, 0, 0, 0
28200, 575115, 0, 0, 0
28300, 595119, 0, 0, 0
28400, 750883, 0, 0, 0
28500, 658092, 0, 0, 0
28600, 553948, 0, 0, 0
28700, 629609, 0, 0, 0
28800, 886798, 0, 0, 0
28900, 594230, 0, 0, 0
29000, 623616, 0, 0, 0
29100, 633221, 0, 0, 0
29200, 605535, 0, 0, 0
29300, 559654, 0, 0, 0
29400, 581138, 0, 0, 0
29500, 630890, 0, 0, 0
29600, 551476, 0, 0, 0
29700, 604836, 0, 0, 0
29800, 600583, 0, 0, 0
29900, 499254, 0, 0, 0
30000, 528426, 0, 0, 0
30100, 527208, 0, 0, 0
30200, 547991, 0, 0, 0
30300, 616115, 0, 0, 0
30400, 566423, 0, 0, 0
30500, 583603, 0, 0, 0
30600, 577355, 0, 0, 0
30700, 561251, 0, 0, 0
30800, 589094, 0, 0, 0
30900, 672231, 0, 0, 0
31000, 579827, 0, 0, 0
31100, 604120, 0, 0, 0
31200, 559123, 0, 0, 0
31300, 572791, 0, 0, 0
31400, 880237, 0, 0, 0
31500, 544193, 0, 0, 0
31600, 557887, 0, 0, 0
31700, 668547, 0, 0, 0
31800, 509865, 0, 0, 0
31900, 666273, 0, 0, 0
32000, 618144, 0, 0, 0
32100, 456939, 0, 0, 0
32200, 496088, 0, 0, 0
32300, 652464, 0, 0, 0
32400, 628426, 0, 0, 0
32500, 625369, 0, 0, 0
32600, 662777, 0, 0, 0
32700, 540139, 0, 0, 0
32800, 595326, 0, 0, 0
32900, 583401, 0, 0, 0
33000, 597489, 0, 0, 0
33100, 658298, 0, 0, 0
33200, 536442, 0, 0, 0
33300, 599831, 0, 0, 0
33400, 752861, 0, 0, 0
33500, 488568, 0, 0, 0
33600, 559745, 0, 0, 0
33700, 781134, 0, 0, 0
33800, 591739, 0, 0, 0
33900, 548384, 0, 0, 0
34000, 564907, 0, 0, 0
34100, 628163, 0, 0, 0
34200, 625837, 0, 0, 0
34300, 556031, 0, 0, 0
34400, 627206, 0, 0, 0
34500, 525054, 0, 0, 0
34600, 702608, 0, 0, 0
34700, 522140, 0, 0, 0
34800, 662461, 0, 0, 0
34900, 492575, 0, 0, 0
35000, 528587, 0, 0, 0
35100, 555362, 0, 0, 0
35200, 598738, 0, 0, 0
35300, 530247, 0, 0, 0
35400, 568477, 0, 0, 0
35500, 594043, 0, 0, 0
35600, 561736, 0, 0, 0
35700, 566370, 0, 0, 0
35800, 664016, 0, 0, 0
35900, 557136, 0, 0, 0
36000, 651174, 0, 0, 0
36100, 653530, 0, 0, 0
36200, 622517, 0, 0, 0
36300, 664718, 0, 0, 0
36400, 790334, 0, 0, 0
36500, 628657, 0, 0, 0
36600, 592389, 0, 0, 0
36700, 559314, 0, 0, 0
36800, 780425, 0, 0, 0
36900, 627571, 0, 0, 0
37000, 588776, 0, 0, 0
37100, 577832, 0, 0, 0
37200, 537409, 0, 0, 0
37300, 557408, 0, 0, 0
37400, 537661, 0, 0, 0
37500, 570488, 0, 0, 0
37600, 632568, 0, 0, 0
37700, 516721, 0, 0, 0
37800, 656754, 0, 0, 0
37900, 605106, 0, 0, 0
38000, 557637, 0, 0, 0
38100, 552915, 0, 0, 0
38200, 625560, 0, 0, 0
38300, 563024, 0, 0, 0
38400, 707141, 0, 0, 0
38500, 646896, 0, 0, 0
38600, 544973, 0, 0, 0
38700, 630489, 0, 0, 0
38800, 574745, 0, 0, 0
38900, 543858, 0, 0, 0
39000, 522496, 0, 0, 0
39100, 524254, 0, 0, 0
39200, 623549, 0, 0, 0
39300, 701134, 0, 0, 0
39400, 595161, 0, 0, 0
39500, 616645, 0, 0, 0
39600, 578883, 0, 0, 0
39700, 562641, 0, 0, 0
39800, 692214, 0, 0, 0
39900, 560551, 0, 0, 0
40000, 544947, 0, 0, 0
40100, 598526, 0, 0, 0
40200, 581545, 0, 0, 0
40300, 588444, 0, 0, 0
40400, 584729, 0, 0, 0
40500, 549639, 0, 0, 0
40600, 502200, 0, 0, 0
40700, 596975, 0, 0, 0
40800, 688081, 0, 0, 0
40900, 612475, 0, 0, 0
41000, 632508, 0, 0, 0
41100, 497273, 0, 0, 0
41200, 571840, 0, 0, 0
41300, 572103, 0, 0, 0
41400, 591656, 0, 0, 0
41500, 570507, 0, 0, 0
41600, 629288, 0, 0, 0
41700, 671411, 0, 0, 0
41800, 697518, 0, 0, 0
41900, 546215, 0, 0, 0
42000, 519885, 0, 0, 0
42100, 539143, 0, 0, 0
42200, 651170, 0, 0, 0
42300, 600817, 0, 0, 0
42400, 960963, 0, 0, 0
42501, 611563, 0, 0, 0
42600, 563449, 0, 0, 0
42700, 607411, 0, 0, 0
42800, 570954, 0, 0, 0
42900, 555891, 0, 0, 0
43000, 625833, 0, 0, 0
43100, 601663, 0, 0, 0
43200, 643579, 0, 0, 0
43300, 535805, 0, 0, 0
43400, 513618, 0, 0, 0
43500, 549846, 0, 0, 0
43600, 535778, 0, 0, 0
43700, 603292, 0, 0, 0
43800, 686138, 0, 0, 0
43900, 539736, 0, 0, 0
44000, 584570, 0, 0, 0
44100, 534465, 0, 0, 0
44200, 542297, 0, 0, 0
44300, 543327, 0, 0, 0
44400, 638111, 0, 0, 0
44500, 554507, 0, 0, 0
44600, 624593, 0, 0, 0
44700, 514039, 0, 0, 0
44800, 567750, 0, 0, 0
44900, 587596, 0, 0, 0
45000, 520959, 0, 0, 0
45100, 519661, 0, 0, 0
45200, 521844, 0, 0, 0
45300, 635298, 0, 0, 0
45400, 593552, 0, 0, 0
45500, 647872, 0, 0, 0
45600, 645129, 0, 0, 0
45700, 527478, 0, 0, 0
45800, 583345, 0, 0, 0
45900, 565350, 0, 0, 0
46000, 561233, 0, 0, 0
46100, 565172, 0, 0, 0
46200, 618884, 0, 0, 0
46300, 552323, 0, 0, 0
46400, 550544, 0, 0, 0
46500, 544065, 0, 0, 0
46600, 559325, 0, 0, 0
46700, 514627, 0, 0, 0
46800, 529019, 0, 0, 0
46900, 474534, 0, 0, 0
47000, 527447, 0, 0, 0
47100, 541243, 0, 0, 0
47200, 587272, 0, 0, 0
47300, 562872, 0, 0, 0
47400, 511305, 0, 0, 0
47500, 583608, 0, 0, 0
47600, 684006, 0, 0, 0
47700, 589731, 0, 0, 0
47800, 675630, 0, 0, 0
47900, 693723, 0, 0, 0
48000, 512949, 0, 0, 0
48100, 605854, 0, 0, 0
48200, 641283, 0, 0, 0
48300, 560030, 0, 0, 0
48400, 547830, 0, 0, 0
48500, 622837, 0, 0, 0
48600, 686241, 0, 0, 0
48700, 573620, 0, 0, 0
48800, 547580, 0, 0, 0
48900, 604216, 0, 0, 0
49000, 496675, 0, 0, 0
49100, 563917, 0, 0, 0
49200, 609456, 0, 0, 0
49300, 617559, 0, 0, 0
49400, 581404, 0, 0, 0
49500, 735269, 0, 0, 0
49600, 567937, 0, 0, 0
49700, 571028, 0, 0, 0
49800, 555999, 0, 0, 0
49900, 692362, 0, 0, 0
50000, 654571, 0, 0, 0
50100, 638333, 0, 0, 0
50200, 661222, 0, 0, 0
50300, 581132, 0, 0, 0
50400, 652709, 0, 0, 0
50500, 636156, 0, 0, 0
50600, 531749, 0, 0, 0
50700, 621804, 0, 0, 0
50800, 608538, 0, 0, 0
50900, 768460, 0, 0, 0
51000, 499073, 0, 0, 0
51100, 553740, 0, 0, 0
51200, 599698, 0, 0, 0
51300, 527547, 0, 0, 0
51400, 544071, 0, 0, 0
51500, 685362, 0, 0, 0
51600, 626456, 0, 0, 0
51700, 544311, 0, 0, 0
51800, 530592, 0, 0, 0
51900, 544929, 0, 0, 0
52000, 495922, 0, 0, 0
52100, 514367, 0, 0, 0
52200, 548830, 0, 0, 0
52300, 522927, 0, 0, 0
52400, 506373, 0, 0, 0
52500, 567158, 0, 0, 0
52600, 567998, 0, 0, 0
52700, 522189, 0, 0, 0
52800, 581057, 0, 0, 0
52900, 597514, 0, 0, 0
53000, 636187, 0, 0, 0
53100, 618431, 0, 0, 0
53200, 562427, 0, 0, 0
53300, 571432, 0, 0, 0
53400, 597564, 0, 0, 0
53500, 590994, 0, 0, 0
53600, 610043, 0, 0, 0
53700, 529892, 0, 0, 0
53800, 586382, 0, 0, 0
53900, 606192, 0, 0, 0
54000, 607832, 0, 0, 0
54100, 536432, 0, 0, 0
54200, 563787, 0, 0, 0
54300, 565807, 0, 0, 0
54400, 555449, 0, 0, 0
54500, 575404, 0, 0, 0
54600, 554122, 0, 0, 0
54700, 587881, 0, 0, 0
54800, 636765, 0, 0, 0
54900, 607503, 0, 0, 0
55000, 557464, 0, 0, 0
55100, 605462, 0, 0, 0
55200, 641614, 0, 0, 0
55300, 616982, 0, 0, 0
55400, 583555, 0, 0, 0
55500, 586326, 0, 0, 0
55600, 568592, 0, 0, 0
55700, 578443, 0, 0, 0
55800, 604727, 0, 0, 0
55900, 515673, 0, 0, 0
56000, 521102, 0, 0, 0
56101, 580694, 0, 0, 0
56200, 612313, 0, 0, 0
56300, 557980, 0, 0, 0
56400, 577853, 0, 0, 0
56500, 545267, 0, 0, 0
56600, 568602, 0, 0, 0
56700, 504975, 0, 0, 0
56800, 643989, 0, 0, 0
56900, 547443, 0, 0, 0
57000, 604416, 0, 0, 0
57100, 594820, 0, 0, 0
57200, 814420, 0, 0, 0
57300, 602127, 0, 0, 0
57400, 594353, 0, 0, 0
57500, 552684, 0, 0, 0
57600, 582872, 0, 0, 0
57700, 623717, 0, 0, 0
57800, 593492, 0, 0, 0
57900, 551875, 0, 0, 0
58000, 584783, 0, 0, 0
58100, 580606, 0, 0, 0
58200, 674630, 0, 0, 0
58300, 874077, 0, 0, 0
58400, 525874, 0, 0, 0
58500, 578405, 0, 0, 0
58600, 530966, 0, 0, 0
58700, 626819, 0, 0, 0
58800, 547323, 0, 0, 0
58900, 572354, 0, 0, 0
59000, 558783, 0, 0, 0
59100, 589845, 0, 0, 0
59200, 575751, 0, 0, 0
59300, 524718, 0, 0, 0
59400, 507218, 0, 0, 0
59500, 566827, 0, 0, 0
59600, 552016, 0, 0, 0
59700, 589754, 0, 0, 0
59800, 505816, 0, 0, 0
59900, 518573, 0, 0, 0
60000, 583844, 0, 0, 0
60100, 607310, 0, 0, 0
60200, 510780, 0, 0, 0
60300, 538636, 0, 0, 0
60400, 501622, 0, 0, 0
60500, 588238, 0, 0, 0
60600, 604428, 0, 0, 0
60700, 623171, 0, 0, 0
60800, 568448, 0, 0, 0
60900, 604229, 0, 0, 0
61000, 572985, 0, 0, 0
61100, 590552, 0, 0, 0
61200, 550660, 0, 0, 0
61300, 645276, 0, 0, 0
61400, 484316, 0, 0, 0
61500, 659226, 0, 0, 0
61600, 533533, 0, 0, 0
61700, 591123, 0, 0, 0
61800, 573565, 0, 0, 0
61900, 591294, 0, 0, 0
62000, 674807, 0, 0, 0
62100, 593999, 0, 0, 0
62200, 532078, 0, 0, 0
62300, 557411, 0, 0, 0
62400, 582506, 0, 0, 0
62500, 522327, 0, 0, 0
62600, 628410, 0, 0, 0
62700, 543626, 0, 0, 0
62800, 539622, 0, 0, 0
62900, 517361, 0, 0, 0
63000, 546150, 0, 0, 0
63100, 557999, 0, 0, 0
63200, 530273, 0, 0, 0
63300, 565190, 0, 0, 0
63400, 648176, 0, 0, 0
63500, 582676, 0, 0, 0
63600, 535075, 0, 0, 0
63700, 538987, 0, 0, 0
63800, 571747, 0, 0, 0
63900, 546220, 0, 0, 0
64000, 625357, 0, 0, 0
64100, 501464, 0, 0, 0
64200, 537444, 0, 0, 0
64300, 580460, 0, 0, 0
64400, 504473, 0, 0, 0
64500, 623334, 0, 0, 0
64600, 621907, 0, 0, 0
64700, 586530, 0, 0, 0
64800, 595798, 0, 0, 0
64900, 679464, 0, 0, 0
65000, 481253, 0, 0, 0
65101, 651650, 0, 0, 0
65201, 573890, 0, 0, 0
65300, 623577, 0, 0, 0
65400, 583658, 0, 0, 0
65500, 569206, 0, 0, 0
65600, 588323, 0, 0, 0
65700, 549952, 0, 0, 0
65800, 545186, 0, 0, 0
65900, 636427, 0, 0, 0
66000, 586050, 0, 0, 0
66100, 516357, 0, 0, 0
66200, 545082, 0, 0, 0
66300, 568454, 0, 0, 0
66400, 653806, 0, 0, 0
66500, 552817, 0, 0, 0
66600, 565752, 0, 0, 0
66700, 550376, 0, 0, 0
66800, 531600, 0, 0, 0
66900, 600617, 0, 0, 0
67000, 548851, 0, 0, 0
67100, 597889, 0, 0, 0
67200, 656279, 0, 0, 0
67300, 587912, 0, 0, 0
67400, 537818, 0, 0, 0
67500, 543961, 0, 0, 0
67600, 545376, 0, 0, 0
67700, 603445, 0, 0, 0
67800, 527964, 0, 0, 0
67900, 575269, 0, 0, 0
68000, 565513, 0, 0, 0
68100, 533934, 0, 0, 0
68200, 622402, 0, 0, 0
68300, 679387, 0, 0, 0
68400, 601527, 0, 0, 0
68500, 521827, 0, 0, 0
68600, 575070, 0, 0, 0
68700, 598125, 0, 0, 0
68800, 510253, 0, 0, 0
68900, 530923, 0, 0, 0
69000, 567370, 0, 0, 0
69100, 531077, 0, 0, 0
69200, 496378, 0, 0, 0
69300, 537159, 0, 0, 0
69400, 583756, 0, 0, 0
69500, 607771, 0, 0, 0
69600, 510795, 0, 0, 0
69700, 602784, 0, 0, 0
69800, 538796, 0, 0, 0
69900, 475550, 0, 0, 0
70000, 611810, 0, 0, 0
70100, 521388, 0, 0, 0
70200, 522668, 0, 0, 0
70300, 561888, 0, 0, 0
70400, 554681, 0, 0, 0
70500, 495473, 0, 0, 0
70600, 521444, 0, 0, 0
70700, 494474, 0, 0, 0
70800, 578030, 0, 0, 0
70900, 552469, 0, 0, 0
71000, 692695, 0, 0, 0
71100, 619858, 0, 0, 0
71200, 577350, 0, 0, 0
71300, 548465, 0, 0, 0
71400, 591197, 0, 0, 0
71500, 518298, 0, 0, 0
71600, 574702, 0, 0, 0
71700, 658222, 0, 0, 0
71800, 644011, 0, 0, 0
71900, 539430, 0, 0, 0
72000, 545411, 0, 0, 0
72100, 552575, 0, 0, 0
72200, 532671, 0, 0, 0
72300, 555950, 0, 0, 0
72400, 537832, 0, 0, 0
72500, 556019, 0, 0, 0
72600, 515637, 0, 0, 0
72700, 577430, 0, 0, 0
72800, 566555, 0, 0, 0
72900, 575945, 0, 0, 0
73000, 562508, 0, 0, 0
73100, 556932, 0, 0, 0
73200, 503105, 0, 0, 0
73300, 587634, 0, 0, 0
73400, 546978, 0, 0, 0
73500, 573998, 0, 0, 0
73600, 524880, 0, 0, 0
73700, 551362, 0, 0, 0
73800, 483635, 0, 0, 0
73900, 484128, 0, 0, 0
74000, 536212, 0, 0, 0
74100, 484166, 0, 0, 0
74200, 561595, 0, 0, 0
74300, 541286, 0, 0, 0
74400, 526175, 0, 0, 0
74500, 660582, 0, 0, 0
74600, 514332, 0, 0, 0
74700, 627953, 0, 0, 0
74800, 572012, 0, 0, 0
74900, 526851, 0, 0, 0
75000, 500517, 0, 0, 0
75100, 495264, 0, 0, 0
75200, 605314, 0, 0, 0
75300, 525784, 0, 0, 0
75400, 564101, 0, 0, 0
75500, 575321, 0, 0, 0
75600, 736727, 0, 0, 0
75700, 474953, 0, 0, 0
75800, 521920, 0, 0, 0
75900, 645512, 0, 0, 0
76000, 612628, 0, 0, 0
76100, 567460, 0, 0, 0
76201, 555637, 0, 0, 0
76300, 609268, 0, 0, 0
76400, 577331, 0, 0, 0
76500, 551706, 0, 0, 0
76600, 495362, 0, 0, 0
76700, 509839, 0, 0, 0
76801, 631944, 0, 0, 0
76900, 530469, 0, 0, 0
77000, 506086, 0, 0, 0
77100, 555073, 0, 0, 0
77200, 636241, 0, 0, 0
77300, 613075, 0, 0, 0
77400, 582236, 0, 0, 0
77500, 571264, 0, 0, 0
77600, 647830, 0, 0, 0
77700, 544913, 0, 0, 0
77800, 538999, 0, 0, 0
77900, 545801, 0, 0, 0
78000, 569325, 0, 0, 0
78100, 527508, 0, 0, 0
78200, 504800, 0, 0, 0
78300, 502197, 0, 0, 0
78400, 534734, 0, 0, 0
78500, 556927, 0, 0, 0
78600, 560746, 0, 0, 0
78700, 508590, 0, 0, 0
78800, 601524, 0, 0, 0
78900, 497831, 0, 0, 0
79000, 586334, 0, 0, 0
79100, 513510, 0, 0, 0
79200, 506059, 0, 0, 0
79300, 520178, 0, 0, 0
79400, 506643, 0, 0, 0
79500, 532575, 0, 0, 0
79600, 515232, 0, 0, 0
79700, 516153, 0, 0, 0
79800, 495724, 0, 0, 0
79900, 509453, 0, 0, 0
80000, 455980, 0, 0, 0
80100, 549830, 0, 0, 0
80200, 572232, 0, 0, 0
80300, 566331, 0, 0, 0
80400, 548746, 0, 0, 0
80500, 551412, 0, 0, 0
80600, 528760, 0, 0, 0
80700, 639548, 0, 0, 0
80800, 513957, 0, 0, 0
80900, 474091, 0, 0, 0
81000, 599371, 0, 0, 0
81100, 547679, 0, 0, 0
81200, 499434, 0, 0, 0
81300, 475077, 0, 0, 0
81400, 542499, 0, 0, 0
81500, 558017, 0, 0, 0
81600, 506551, 0, 0, 0
81700, 506760, 0, 0, 0
81800, 500499, 0, 0, 0
81900, 505869, 0, 0, 0
82000, 535773, 0, 0, 0
82100, 586202, 0, 0, 0
82200, 599469, 0, 0, 0
82300, 560001, 0, 0, 0
82400, 489457, 0, 0, 0
82500, 514141, 0, 0, 0
82600, 591855, 0, 0, 0
82700, 521525, 0, 0, 0
82800, 474412, 0, 0, 0
82900, 569342, 0, 0, 0
83000, 536649, 0, 0, 0
83100, 556477, 0, 0, 0
83200, 530259, 0, 0, 0
83300, 545990, 0, 0, 0
83400, 549854, 0, 0, 0
83500, 551460, 0, 0, 0
83600, 542957, 0, 0, 0
83700, 514636, 0, 0, 0
83800, 548702, 0, 0, 0
83900, 696242, 0, 0, 0
84000, 585433, 0, 0, 0
84100, 539655, 0, 0, 0
84200, 547826, 0, 0, 0
84300, 614219, 0, 0, 0
84400, 567406, 0, 0, 0
84500, 691436, 0, 0, 0
84600, 546014, 0, 0, 0
84700, 606564, 0, 0, 0
84800, 545876, 0, 0, 0
84900, 504003, 0, 0, 0
85000, 496270, 0, 0, 0
85100, 494740, 0, 0, 0
85200, 513569, 0, 0, 0
85300, 608802, 0, 0, 0
85400, 545753, 0, 0, 0
85500, 526331, 0, 0, 0
85600, 622118, 0, 0, 0
85700, 748086, 0, 0, 0
85800, 527618, 0, 0, 0
85900, 542596, 0, 0, 0
86000, 487075, 0, 0, 0
86100, 579859, 0, 0, 0
86200, 521344, 0, 0, 0
86300, 497500, 0, 0, 0
86400, 490652, 0, 0, 0
86500, 535322, 0, 0, 0
86600, 534654, 0, 0, 0
86700, 581335, 0, 0, 0
86800, 511430, 0, 0, 0
86900, 580882, 0, 0, 0
87000, 569982, 0, 0, 0
87100, 506803, 0, 0, 0
87200, 508835, 0, 0, 0
87300, 636382, 0, 0, 0
87400, 518024, 0, 0, 0
87500, 512025, 0, 0, 0
87600, 531806, 0, 0, 0
87700, 563200, 0, 0, 0
87800, 471841, 0, 0, 0
87900, 510802, 0, 0, 0
88000, 545876, 0, 0, 0
88100, 501169, 0, 0, 0
88200, 487376, 0, 0, 0
88300, 553548, 0, 0, 0
88400, 542756, 0, 0, 0
88500, 540198, 0, 0, 0
88600, 527153, 0, 0, 0
88700, 573936, 0, 0, 0
88800, 610308, 0, 0, 0
88900, 516399, 0, 0, 0
89000, 535010, 0, 0, 0
89100, 484141, 0, 0, 0
89200, 554816, 0, 0, 0
89300, 546180, 0, 0, 0
89400, 511383, 0, 0, 0
89500, 604726, 0, 0, 0
89600, 586989, 0, 0, 0
89700, 495269, 0, 0, 0
89800, 607601, 0, 0, 0
89900, 560171, 0, 0, 0
90000, 593394, 0, 0, 0
