250, 1136, 0, 0, 0
350, 1010, 0, 0, 0
450, 1040, 0, 0, 0
550, 1000, 0, 0, 0
650, 1140, 0, 0, 0
749, 1030, 0, 0, 0
849, 1110, 0, 0, 0
949, 1040, 0, 0, 0
1049, 1050, 0, 0, 0
1149, 1140, 0, 0, 0
1249, 1090, 0, 0, 0
1349, 1110, 0, 0, 0
1449, 1080, 0, 0, 0
1550, 1040, 0, 0, 0
1650, 1050, 0, 0, 0
1749, 1080, 0, 0, 0
1849, 1050, 0, 0, 0
1949, 1170, 0, 0, 0
2049, 1200, 0, 0, 0
2149, 1120, 0, 0, 0
2249, 1080, 0, 0, 0
2349, 1090, 0, 0, 0
2449, 1110, 0, 0, 0
2549, 1080, 0, 0, 0
2649, 1140, 0, 0, 0
2750, 1020, 0, 0, 0
2850, 1170, 0, 0, 0
2950, 1120, 0, 0, 0
3050, 1070, 0, 0, 0
3150, 1310, 0, 0, 0
3249, 1080, 0, 0, 0
3349, 1060, 0, 0, 0
3449, 1140, 0, 0, 0
3549, 980, 0, 0, 0
3649, 1100, 0, 0, 0
3749, 1130, 0, 0, 0
3849, 1160, 0, 0, 0
3949, 990, 0, 0, 0
4050, 1190, 0, 0, 0
4150, 1070, 0, 0, 0
4249, 1111, 0, 0, 0
4349, 1000, 0, 0, 0
4449, 1150, 0, 0, 0
4549, 1090, 0, 0, 0
4649, 1120, 0, 0, 0
4749, 1130, 0, 0, 0
4849, 1060, 0, 0, 0
4949, 1060, 0, 0, 0
5049, 1130, 0, 0, 0
5149, 990, 0, 0, 0
5249, 1110, 0, 0, 0
5349, 1130, 0, 0, 0
5450, 1150, 0, 0, 0
5550, 1000, 0, 0, 0
5650, 1110, 0, 0, 0
5749, 1040, 0, 0, 0
5849, 1150, 0, 0, 0
5949, 1010, 0, 0, 0
6049, 1040, 0, 0, 0
6149, 1040, 0, 0, 0
6249, 1010, 0, 0, 0
6349, 1070, 0, 0, 0
6449, 1020, 0, 0, 0
6549, 1140, 0, 0, 0
6649, 1090, 0, 0, 0
6750, 1190, 0, 0, 0
6850, 1030, 0, 0, 0
6950, 1060, 0, 0, 0
7050, 1040, 0, 0, 0
7150, 1050, 0, 0, 0
7249, 1010, 0, 0, 0
7349, 1000, 0, 0, 0
7449, 990, 0, 0, 0
7549, 1080, 0, 0, 0
7649, 1020, 0, 0, 0
7749, 1020, 0, 0, 0
7849, 1050, 0, 0, 0
7949, 1060, 0, 0, 0
8050, 1080, 0, 0, 0
8150, 1080, 0, 0, 0
8249, 929, 0, 0, 0
8349, 1130, 0, 0, 0
8449, 990, 0, 0, 0
8549, 1050, 0, 0, 0
8649, 1070, 0, 0, 0
8749, 1090, 0, 0, 0
8849, 1060, 0, 0, 0
8949, 1010, 0, 0, 0
9049, 1070, 0, 0, 0
9149, 1000, 0, 0, 0
9249, 1070, 0, 0, 0
9349, 1050, 0, 0, 0
9450, 1060, 0, 0, 0
9550, 1060, 0, 0, 0
9650, 1030, 0, 0, 0
9749, 1090, 0, 0, 0
9849, 1160, 0, 0, 0
9949, 930, 0, 0, 0
10049, 1030, 0, 0, 0
10149, 1050, 0, 0, 0
10249, 1000, 0, 0, 0
10349, 1010, 0, 0, 0
10449, 1020, 0, 0, 0
10549, 960, 0, 0, 0
10649, 940, 0, 0, 0
10750, 1050, 0, 0, 0
10850, 1070, 0, 0, 0
10950, 960, 0, 0, 0
11050, 1160, 0, 0, 0
11150, 980, 0, 0, 0
11249, 1020, 0, 0, 0
11349, 1030, 0, 0, 0
11449, 1010, 0, 0, 0
11549, 1030, 0, 0, 0
11649, 970, 0, 0, 0
11749, 1100, 0, 0, 0
11849, 1030, 0, 0, 0
11949, 1070, 0, 0, 0
12049, 1060, 0, 0, 0
12149, 1110, 0, 0, 0
12250, 1100, 0, 0, 0
12350, 1020, 0, 0, 0
12450, 1050, 0, 0, 0
12550, 1050, 0, 0, 0
12650, 1020, 0, 0, 0
12749, 989, 0, 0, 0
12849, 1010, 0, 0, 0
12949, 980, 0, 0, 0
13049, 960, 0, 0, 0
13149, 1140, 0, 0, 0
13249, 1050, 0, 0, 0
13349, 1140, 0, 0, 0
13449, 1020, 0, 0, 0
13550, 1060, 0, 0, 0
13650, 1080, 0, 0, 0
13749, 1111, 0, 0, 0
13849, 990, 0, 0, 0
13949, 1090, 0, 0, 0
14049, 1150, 0, 0, 0
14149, 1040, 0, 0, 0
14249, 1000, 0, 0, 0
14349, 1000, 0, 0, 0
14449, 1040, 0, 0, 0
14549, 960, 0, 0, 0
14649, 1090, 0, 0, 0
14749, 1070, 0, 0, 0
14850, 1050, 0, 0, 0
14950, 1030, 0, 0, 0
15050, 1090, 0, 0, 0
15150, 970, 0, 0, 0
15249, 1040, 0, 0, 0
15349, 990, 0, 0, 0
15449, 1010, 0, 0, 0
15549, 1050, 0, 0, 0
15649, 980, 0, 0, 0
15749, 1020, 0, 0, 0
15849, 1040, 0, 0, 0
15949, 960, 0, 0, 0
16049, 990, 0, 0, 0
16150, 1030, 0, 0, 0
16250, 1000, 0, 0, 0
16350, 1050, 0, 0, 0
16450, 1080, 0, 0, 0
16550, 1030, 0, 0, 0
16650, 980, 0, 0, 0
16749, 1040, 0, 0, 0
16849, 1020, 0, 0, 0
16949, 1050, 0, 0, 0
17049, 1050, 0, 0, 0
17149, 1050, 0, 0, 0
17249, 1000, 0, 0, 0
17350, 950, 0, 0, 0
17450, 960, 0, 0, 0
17550, 1060, 0, 0, 0
17650, 990, 0, 0, 0
17749, 1070, 0, 0, 0
17849, 970, 0, 0, 0
17949, 960, 0, 0, 0
18049, 1120, 0, 0, 0
18149, 1010, 0, 0, 0
18249, 1080, 0, 0, 0
18349, 1040, 0, 0, 0
18449, 940, 0, 0, 0
18549, 950, 0, 0, 0
18649, 990, 0, 0, 0
18750, 1010, 0, 0, 0
18850, 1050, 0, 0, 0
18950, 940, 0, 0, 0
19050, 930, 0, 0, 0
19150, 960, 0, 0, 0
19249, 1000, 0, 0, 0
19349, 1070, 0, 0, 0
19449, 1020, 0, 0, 0
19549, 1010, 0, 0, 0
19649, 910, 0, 0, 0
19749, 920, 0, 0, 0
19849, 970, 0, 0, 0
19949, 1010, 0, 0, 0
20049, 1020, 0, 0, 0
20150, 1050, 0, 0, 0
20250, 1090, 0, 0, 0
20350, 940, 0, 0, 0
20450, 1090, 0, 0, 0
20550, 1120, 0, 0, 0
20650, 1150, 0, 0, 0
20749, 1101, 0, 0, 0
20849, 950, 0, 0, 0
20949, 1000, 0, 0, 0
21049, 1030, 0, 0, 0
21149, 1130, 0, 0, 0
21249, 960, 0, 0, 0
21349, 1080, 0, 0, 0
21449, 970, 0, 0, 0
21549, 940, 0, 0, 0
21650, 1010, 0, 0, 0
21749, 1040, 0, 0, 0
21849, 940, 0, 0, 0
21949, 980, 0, 0, 0
22049, 1050, 0, 0, 0
22149, 1000, 0, 0, 0
22249, 910, 0, 0, 0
22349, 1020, 0, 0, 0
22449, 970, 0, 0, 0
22549, 1060, 0, 0, 0
22649, 1040, 0, 0, 0
22749, 1050, 0, 0, 0
22849, 1010, 0, 0, 0
22949, 1000, 0, 0, 0
23050, 1020, 0, 0, 0
23150, 1140, 0, 0, 0
23249, 959, 0, 0, 0
23349, 960, 0, 0, 0
23449, 990, 0, 0, 0
23549, 1090, 0, 0, 0
23649, 1010, 0, 0, 0
23749, 1050, 0, 0, 0
23849, 1020, 0, 0, 0
23949, 980, 0, 0, 0
24049, 950, 0, 0, 0
24149, 970, 0, 0, 0
24249, 1040, 0, 0, 0
24349, 1090, 0, 0, 0
24449, 1020, 0, 0, 0
24550, 980, 0, 0, 0
24650, 1010, 0, 0, 0
24749, 1010, 0, 0, 0
24849, 1050, 0, 0, 0
24949, 930, 0, 0, 0
25049, 1010, 0, 0, 0
25149, 1000, 0, 0, 0
25249, 880, 0, 0, 0
25349, 1050, 0, 0, 0
25449, 1000, 0, 0, 0
25549, 990, 0, 0, 0
25649, 940, 0, 0, 0
25749, 1010, 0, 0, 0
25849, 980, 0, 0, 0
25950, 1030, 0, 0, 0
26050, 940, 0, 0, 0
26150, 1010, 0, 0, 0
26249, 1060, 0, 0, 0
26349, 1100, 0, 0, 0
26449, 1010, 0, 0, 0
26549, 930, 0, 0, 0
26649, 1040, 0, 0, 0
26749, 910, 0, 0, 0
26849, 1010, 0, 0, 0
26949, 1030, 0, 0, 0
27049, 940, 0, 0, 0
27149, 970, 0, 0, 0
27249, 1090, 0, 0, 0
27349, 980, 0, 0, 0
27450, 1040, 0, 0, 0
27550, 1050, 0, 0, 0
27650, 1010, 0, 0, 0
27749, 959, 0, 0, 0
27849, 1030, 0, 0, 0
27949, 1090, 0, 0, 0
28049, 990, 0, 0, 0
28149, 1000, 0, 0, 0
28249, 1020, 0, 0, 0
28349, 1010, 0, 0, 0
28449, 930, 0, 0, 0
28549, 980, 0, 0, 0
28649, 980, 0, 0, 0
28749, 920, 0, 0, 0
28849, 970, 0, 0, 0
28949, 980, 0, 0, 0
29050, 990, 0, 0, 0
29150, 1020, 0, 0, 0
29249, 1000, 0, 0, 0
29349, 900, 0, 0, 0
29449, 980, 0, 0, 0
29549, 1000, 0, 0, 0
29649, 1050, 0, 0, 0
29749, 1000, 0, 0, 0
29849, 930, 0, 0, 0
29949, 1130, 0, 0, 0
30049, 1080, 0, 0, 0
30149, 990, 0, 0, 0
30249, 1020, 0, 0, 0
30349, 1050, 0, 0, 0
30450, 1070, 0, 0, 0
30550, 890, 0, 0, 0
30650, 1080, 0, 0, 0
30749, 969, 0, 0, 0
30849, 990, 0, 0, 0
30949, 1010, 0, 0, 0
31049, 1080, 0, 0, 0
31149, 880, 0, 0, 0
31249, 960, 0, 0, 0
31349, 980, 0, 0, 0
31449, 1080, 0, 0, 0
31549, 960, 0, 0, 0
31649, 990, 0, 0, 0
31750, 1050, 0, 0, 0
31850, 1000, 0, 0, 0
31950, 1030, 0, 0, 0
32050, 1010, 0, 0, 0
32150, 970, 0, 0, 0
32249, 1010, 0, 0, 0
32349, 1010, 0, 0, 0
32449, 1000, 0, 0, 0
32549, 980, 0, 0, 0
32649, 1010, 0, 0, 0
32749, 1060, 0, 0, 0
32849, 1040, 0, 0, 0
32949, 950, 0, 0, 0
33049, 1090, 0, 0, 0
33150, 1000, 0, 0, 0
33249, 989, 0, 0, 0
33349, 1020, 0, 0, 0
33449, 880, 0, 0, 0
33549, 1050, 0, 0, 0
33649, 1000, 0, 0, 0
33749, 950, 0, 0, 0
33849, 990, 0, 0, 0
33949, 980, 0, 0, 0
34049, 1080, 0, 0, 0
34149, 1010, 0, 0, 0
34249, 970, 0, 0, 0
34349, 990, 0, 0, 0
34450, 1040, 0, 0, 0
34550, 1140, 0, 0, 0
34650, 1040, 0, 0, 0
34749, 1050, 0, 0, 0
34849, 990, 0, 0, 0
34949, 1030, 0, 0, 0
35049, 1030, 0, 0, 0
35149, 1140, 0, 0, 0
35249, 1080, 0, 0, 0
35349, 1070, 0, 0, 0
35449, 1030, 0, 0, 0
35549, 1060, 0, 0, 0
35649, 940, 0, 0, 0
35750, 950, 0, 0, 0
35850, 1010, 0, 0, 0
35950, 990, 0, 0, 0
36050, 940, 0, 0, 0
36150, 930, 0, 0, 0
36249, 989, 0, 0, 0
36349, 1020, 0, 0, 0
36449, 950, 0, 0, 0
36549, 910, 0, 0, 0
36649, 1000, 0, 0, 0
36749, 1080, 0, 0, 0
36849, 960, 0, 0, 0
36949, 910, 0, 0, 0
37049, 880, 0, 0, 0
37149, 970, 0, 0, 0
37250, 960, 0, 0, 0
37350, 1050, 0, 0, 0
37450, 1060, 0, 0, 0
37550, 990, 0, 0, 0
37650, 1020, 0, 0, 0
37749, 1121, 0, 0, 0
37849, 1120, 0, 0, 0
37949, 950, 0, 0, 0
38049, 930, 0, 0, 0
38149, 1060, 0, 0, 0
38249, 970, 0, 0, 0
38349, 1040, 0, 0, 0
38449, 930, 0, 0, 0
38549, 1080, 0, 0, 0
38649, 1000, 0, 0, 0
38750, 990, 0, 0, 0
38850, 950, 0, 0, 0
38950, 970, 0, 0, 0
39050, 1000, 0, 0, 0
39150, 1010, 0, 0, 0
39249, 1000, 0, 0, 0
39349, 980, 0, 0, 0
39449, 1050, 0, 0, 0
39549, 1020, 0, 0, 0
39649, 960, 0, 0, 0
39749, 1020, 0, 0, 0
39849, 960, 0, 0, 0
39949, 970, 0, 0, 0
40049, 1050, 0, 0, 0
40149, 1050, 0, 0, 0
40250, 1050, 0, 0, 0
40350, 990, 0, 0, 0
40450, 930, 0, 0, 0
40550, 970, 0, 0, 0
40650, 920, 0, 0, 0
40749, 979, 0, 0, 0
40849, 1100, 0, 0, 0
40949, 980, 0, 0, 0
41049, 990, 0, 0, 0
41149, 1080, 0, 0, 0
41249, 1080, 0, 0, 0
41349, 960, 0, 0, 0
41449, 1100, 0, 0, 0
41549, 1050, 0, 0, 0
41650, 1090, 0, 0, 0
41749, 959, 0, 0, 0
41849, 950, 0, 0, 0
41949, 930, 0, 0, 0
42049, 1030, 0, 0, 0
42149, 1090, 0, 0, 0
42249, 1030, 0, 0, 0
42349, 1080, 0, 0, 0
42449, 1070, 0, 0, 0
42549, 1030, 0, 0, 0
42649, 1040, 0, 0, 0
42749, 1000, 0, 0, 0
42849, 940, 0, 0, 0
42949, 1010, 0, 0, 0
43050, 1010, 0, 0, 0
43150, 1000, 0, 0, 0
43249, 1020, 0, 0, 0
43349, 970, 0, 0, 0
43449, 1000, 0, 0, 0
43549, 1040, 0, 0, 0
43649, 1080, 0, 0, 0
43749, 1080, 0, 0, 0
43849, 1030, 0, 0, 0
43949, 1090, 0, 0, 0
44049, 1020, 0, 0, 0
44149, 1090, 0, 0, 0
44249, 980, 0, 0, 0
44350, 1010, 0, 0, 0
44450, 970, 0, 0, 0
44550, 970, 0, 0, 0
44650, 810, 0, 0, 0
44749, 868, 0, 0, 0
44849, 830, 0, 0, 0
44949, 840, 0, 0, 0
45049, 890, 0, 0, 0
45149, 800, 0, 0, 0
45249, 840, 0, 0, 0
45349, 830, 0, 0, 0
45449, 890, 0, 0, 0
45549, 850, 0, 0, 0
45649, 800, 0, 0, 0
45750, 890, 0, 0, 0
45850, 820, 0, 0, 0
45950, 810, 0, 0, 0
46050, 850, 0, 0, 0
46150, 850, 0, 0, 0
46249, 898, 0, 0, 0
46349, 840, 0, 0, 0
46449, 830, 0, 0, 0
46549, 820, 0, 0, 0
46649, 820, 0, 0, 0
46749, 840, 0, 0, 0
46849, 830, 0, 0, 0
46949, 810, 0, 0, 0
47050, 820, 0, 0, 0
47150, 810, 0, 0, 0
47249, 838, 0, 0, 0
47349, 870, 0, 0, 0
47449, 850, 0, 0, 0
47549, 870, 0, 0, 0
47649, 850, 0, 0, 0
47749, 870, 0, 0, 0
47849, 850, 0, 0, 0
47949, 800, 0, 0, 0
48049, 820, 0, 0, 0
48149, 830, 0, 0, 0
48249, 830, 0, 0, 0
48349, 810, 0, 0, 0
48449, 820, 0, 0, 0
48550, 800, 0, 0, 0
48650, 810, 0, 0, 0
48749, 838, 0, 0, 0
48849, 830, 0, 0, 0
48949, 880, 0, 0, 0
49049, 870, 0, 0, 0
49149, 860, 0, 0, 0
49249, 830, 0, 0, 0
49349, 830, 0, 0, 0
49449, 880, 0, 0, 0
49549, 840, 0, 0, 0
49649, 860, 0, 0, 0
49749, 860, 0, 0, 0
49849, 790, 0, 0, 0
49949, 910, 0, 0, 0
50050, 820, 0, 0, 0
50150, 860, 0, 0, 0
50249, 858, 0, 0, 0
50349, 830, 0, 0, 0
50449, 860, 0, 0, 0
50549, 890, 0, 0, 0
50649, 860, 0, 0, 0
50749, 830, 0, 0, 0
50849, 860, 0, 0, 0
50949, 850, 0, 0, 0
51049, 850, 0, 0, 0
51149, 860, 0, 0, 0
51249, 850, 0, 0, 0
51349, 850, 0, 0, 0
51449, 870, 0, 0, 0
51550, 890, 0, 0, 0
51650, 860, 0, 0, 0
51749, 838, 0, 0, 0
51849, 800, 0, 0, 0
51949, 810, 0, 0, 0
52049, 840, 0, 0, 0
52149, 870, 0, 0, 0
52249, 860, 0, 0, 0
52349, 920, 0, 0, 0
52449, 860, 0, 0, 0
52549, 830, 0, 0, 0
52649, 830, 0, 0, 0
52749, 820, 0, 0, 0
52849, 870, 0, 0, 0
52949, 810, 0, 0, 0
53050, 850, 0, 0, 0
53150, 900, 0, 0, 0
53249, 898, 0, 0, 0
53349, 780, 0, 0, 0
53449, 900, 0, 0, 0
53549, 870, 0, 0, 0
53649, 810, 0, 0, 0
53749, 870, 0, 0, 0
53849, 850, 0, 0, 0
53949, 830, 0, 0, 0
54049, 840, 0, 0, 0
54149, 880, 0, 0, 0
54249, 810, 0, 0, 0
54349, 820, 0, 0, 0
54449, 840, 0, 0, 0
54550, 890, 0, 0, 0
54650, 840, 0, 0, 0
54749, 808, 0, 0, 0
54849, 830, 0, 0, 0
54949, 770, 0, 0, 0
55049, 790, 0, 0, 0
55149, 810, 0, 0, 0
55249, 830, 0, 0, 0
55349, 910, 0, 0, 0
55449, 790, 0, 0, 0
55549, 840, 0, 0, 0
55649, 840, 0, 0, 0
55749, 820, 0, 0, 0
55849, 820, 0, 0, 0
55949, 880, 0, 0, 0
56050, 870, 0, 0, 0
56150, 810, 0, 0, 0
56249, 919, 0, 0, 0
56349, 860, 0, 0, 0
56449, 840, 0, 0, 0
56549, 860, 0, 0, 0
56649, 880, 0, 0, 0
56749, 900, 0, 0, 0
56849, 890, 0, 0, 0
56949, 880, 0, 0, 0
57049, 880, 0, 0, 0
57149, 810, 0, 0, 0
57249, 840, 0, 0, 0
57349, 830, 0, 0, 0
57450, 850, 0, 0, 0
57550, 820, 0, 0, 0
57650, 830, 0, 0, 0
57749, 858, 0, 0, 0
57849, 880, 0, 0, 0
57949, 780, 0, 0, 0
58049, 840, 0, 0, 0
58149, 830, 0, 0, 0
58249, 870, 0, 0, 0
58349, 860, 0, 0, 0
58449, 860, 0, 0, 0
58549, 850, 0, 0, 0
58649, 880, 0, 0, 0
58749, 860, 0, 0, 0
58849, 890, 0, 0, 0
58949, 880, 0, 0, 0
59050, 850, 0, 0, 0
59150, 800, 0, 0, 0
59249, 848, 0, 0, 0
59349, 810, 0, 0, 0
59449, 820, 0, 0, 0
59549, 830, 0, 0, 0
59649, 860, 0, 0, 0
59749, 870, 0, 0, 0
59849, 900, 0, 0, 0
59949, 910, 0, 0, 0
