250, 245760, 0, 0, 0
350, 276480, 0, 0, 0
450, 245760, 0, 0, 0
550, 220160, 0, 0, 0
650, 220160, 0, 0, 0
749, 263757, 0, 0, 0
849, 209920, 0, 0, 0
949, 261120, 0, 0, 0
1049, 250880, 0, 0, 0
1149, 215040, 0, 0, 0
1249, 235520, 0, 0, 0
1349, 266240, 0, 0, 0
1449, 199680, 0, 0, 0
1550, 250880, 0, 0, 0
1650, 225280, 0, 0, 0
1749, 232727, 0, 0, 0
1849, 225280, 0, 0, 0
1949, 250880, 0, 0, 0
2049, 245760, 0, 0, 0
2149, 163840, 0, 0, 0
2249, 256000, 0, 0, 0
2349, 245760, 0, 0, 0
2449, 281600, 0, 0, 0
2549, 230400, 0, 0, 0
2649, 230400, 0, 0, 0
2749, 240640, 0, 0, 0
2849, 215040, 0, 0, 0
2949, 240640, 0, 0, 0
3050, 250880, 0, 0, 0
3150, 256000, 0, 0, 0
3249, 217212, 0, 0, 0
3349, 179200, 0, 0, 0
3449, 199680, 0, 0, 0
3549, 235520, 0, 0, 0
3649, 235520, 0, 0, 0
3749, 245760, 0, 0, 0
3849, 230400, 0, 0, 0
3949, 225280, 0, 0, 0
4049, 256000, 0, 0, 0
4149, 215040, 0, 0, 0
4249, 225280, 0, 0, 0
4349, 240640, 0, 0, 0
4449, 256000, 0, 0, 0
4550, 245760, 0, 0, 0
4650, 225280, 0, 0, 0
4749, 248242, 0, 0, 0
4849, 281600, 0, 0, 0
4949, 235520, 0, 0, 0
5049, 271360, 0, 0, 0
5149, 225280, 0, 0, 0
5249, 230400, 0, 0, 0
5349, 250880, 0, 0, 0
5449, 209920, 0, 0, 0
5549, 286720, 0, 0, 0
5649, 245760, 0, 0, 0
5749, 230400, 0, 0, 0
5849, 250880, 0, 0, 0
5950, 215040, 0, 0, 0
6050, 199680, 0, 0, 0
6150, 235520, 0, 0, 0
6249, 258585, 0, 0, 0
6349, 215040, 0, 0, 0
6449, 245760, 0, 0, 0
6549, 225280, 0, 0, 0
6649, 245760, 0, 0, 0
6749, 189440, 0, 0, 0
6849, 256000, 0, 0, 0
6949, 189440, 0, 0, 0
7049, 235520, 0, 0, 0
7149, 245760, 0, 0, 0
7250, 225280, 0, 0, 0
7350, 281600, 0, 0, 0
7450, 204800, 0, 0, 0
7550, 256000, 0, 0, 0
7650, 220160, 0, 0, 0
7749, 253414, 0, 0, 0
7849, 215040, 0, 0, 0
7949, 220160, 0, 0, 0
8049, 240640, 0, 0, 0
8149, 256000, 0, 0, 0
8249, 220160, 0, 0, 0
8349, 220160, 0, 0, 0
8449, 250880, 0, 0, 0
8549, 209920, 0, 0, 0
8649, 230400, 0, 0, 0
8750, 220160, 0, 0, 0
8850, 250880, 0, 0, 0
8950, 230400, 0, 0, 0
9050, 225280, 0, 0, 0
9150, 204800, 0, 0, 0
9249, 227555, 0, 0, 0
9349, 261120, 0, 0, 0
9449, 261120, 0, 0, 0
9549, 204800, 0, 0, 0
9649, 250880, 0, 0, 0
9749, 215040, 0, 0, 0
9849, 276480, 0, 0, 0
9949, 235520, 0, 0, 0
10050, 256000, 0, 0, 0
10150, 215040, 0, 0, 0
10249, 227555, 0, 0, 0
10349, 230400, 0, 0, 0
10449, 256000, 0, 0, 0
10549, 245760, 0, 0, 0
10649, 276480, 0, 0, 0
10749, 215040, 0, 0, 0
10849, 240640, 0, 0, 0
10949, 250880, 0, 0, 0
11049, 230400, 0, 0, 0
11149, 199680, 0, 0, 0
11249, 240640, 0, 0, 0
11349, 225280, 0, 0, 0
11449, 271360, 0, 0, 0
11550, 225280, 0, 0, 0
11650, 240640, 0, 0, 0
11749, 227555, 0, 0, 0
11849, 230400, 0, 0, 0
11949, 235520, 0, 0, 0
12049, 240640, 0, 0, 0
12149, 261120, 0, 0, 0
12249, 266240, 0, 0, 0
12349, 220160, 0, 0, 0
12449, 225280, 0, 0, 0
12549, 194560, 0, 0, 0
12649, 215040, 0, 0, 0
12750, 225280, 0, 0, 0
12850, 276480, 0, 0, 0
12950, 256000, 0, 0, 0
13050, 261120, 0, 0, 0
13150, 220160, 0, 0, 0
13249, 258585, 0, 0, 0
13349, 276480, 0, 0, 0
13449, 266240, 0, 0, 0
13549, 240640, 0, 0, 0
13649, 240640, 0, 0, 0
13749, 230400, 0, 0, 0
13849, 204800, 0, 0, 0
13949, 225280, 0, 0, 0
14050, 250880, 0, 0, 0
14150, 250880, 0, 0, 0
14249, 232727, 0, 0, 0
14349, 215040, 0, 0, 0
14449, 225280, 0, 0, 0
14549, 230400, 0, 0, 0
14649, 189440, 0, 0, 0
14749, 230400, 0, 0, 0
14849, 189440, 0, 0, 0
14949, 220160, 0, 0, 0
15049, 276480, 0, 0, 0
15149, 230400, 0, 0, 0
15249, 235520, 0, 0, 0
15350, 225280, 0, 0, 0
15450, 220160, 0, 0, 0
15550, 225280, 0, 0, 0
15650, 225280, 0, 0, 0
15749, 258585, 0, 0, 0
15849, 230400, 0, 0, 0
15949, 240640, 0, 0, 0
16049, 215040, 0, 0, 0
16149, 230400, 0, 0, 0
16249, 250880, 0, 0, 0
16349, 230400, 0, 0, 0
16449, 204800, 0, 0, 0
16549, 189440, 0, 0, 0
16649, 261120, 0, 0, 0
16750, 281600, 0, 0, 0
16850, 215040, 0, 0, 0
16950, 199680, 0, 0, 0
17050, 209920, 0, 0, 0
17150, 240640, 0, 0, 0
17249, 206868, 0, 0, 0
17349, 240640, 0, 0, 0
17449, 220160, 0, 0, 0
17549, 225280, 0, 0, 0
17649, 235520, 0, 0, 0
17749, 240640, 0, 0, 0
17849, 194560, 0, 0, 0
17949, 199680, 0, 0, 0
18050, 225280, 0, 0, 0
18150, 276480, 0, 0, 0
18249, 243070, 0, 0, 0
18349, 245760, 0, 0, 0
18449, 209920, 0, 0, 0
18549, 245760, 0, 0, 0
18649, 220160, 0, 0, 0
18749, 266240, 0, 0, 0
18849, 220160, 0, 0, 0
18949, 245760, 0, 0, 0
19049, 230400, 0, 0, 0
19149, 215040, 0, 0, 0
19249, 240640, 0, 0, 0
19349, 261120, 0, 0, 0
19449, 266240, 0, 0, 0
19550, 256000, 0, 0, 0
19650, 245760, 0, 0, 0
19749, 263757, 0, 0, 0
19849, 250880, 0, 0, 0
19949, 230400, 0, 0, 0
20049, 271360, 0, 0, 0
20149, 179200, 0, 0, 0
20249, 209920, 0, 0, 0
20349, 204800, 0, 0, 0
20449, 245760, 0, 0, 0
20549, 225280, 0, 0, 0
20649, 240640, 0, 0, 0
20750, 266240, 0, 0, 0
20850, 225280, 0, 0, 0
20950, 245760, 0, 0, 0
21050, 189440, 0, 0, 0
21150, 189440, 0, 0, 0
21249, 232727, 0, 0, 0
21349, 204800, 0, 0, 0
21449, 271360, 0, 0, 0
21549, 220160, 0, 0, 0
21649, 235520, 0, 0, 0
21749, 225280, 0, 0, 0
21849, 215040, 0, 0, 0
21949, 256000, 0, 0, 0
22049, 189440, 0, 0, 0
22150, 235520, 0, 0, 0
22249, 263757, 0, 0, 0
22349, 204800, 0, 0, 0
22449, 220160, 0, 0, 0
22549, 250880, 0, 0, 0
22649, 256000, 0, 0, 0
22749, 199680, 0, 0, 0
22849, 209920, 0, 0, 0
22949, 230400, 0, 0, 0
23049, 235520, 0, 0, 0
23149, 225280, 0, 0, 0
23249, 256000, 0, 0, 0
23349, 261120, 0, 0, 0
23449, 225280, 0, 0, 0
23550, 215040, 0, 0, 0
23650, 245760, 0, 0, 0
23749, 243070, 0, 0, 0
23849, 240640, 0, 0, 0
23949, 240640, 0, 0, 0
24049, 286720, 0, 0, 0
24149, 230400, 0, 0, 0
24249, 250880, 0, 0, 0
24349, 189440, 0, 0, 0
24449, 215040, 0, 0, 0
24549, 225280, 0, 0, 0
24649, 215040, 0, 0, 0
24749, 245760, 0, 0, 0
24850, 225280, 0, 0, 0
24950, 250880, 0, 0, 0
25050, 266240, 0, 0, 0
25150, 240640, 0, 0, 0
25249, 237898, 0, 0, 0
25349, 209920, 0, 0, 0
25449, 235520, 0, 0, 0
25549, 245760, 0, 0, 0
25649, 199680, 0, 0, 0
25749, 256000, 0, 0, 0
25849, 199680, 0, 0, 0
25949, 225280, 0, 0, 0
26049, 245760, 0, 0, 0
26149, 230400, 0, 0, 0
26249, 199680, 0, 0, 0
26350, 215040, 0, 0, 0
26450, 245760, 0, 0, 0
26550, 296960, 0, 0, 0
26650, 220160, 0, 0, 0
26749, 232727, 0, 0, 0
26849, 194560, 0, 0, 0
26949, 256000, 0, 0, 0
27049, 225280, 0, 0, 0
27149, 230400, 0, 0, 0
27249, 266240, 0, 0, 0
27349, 230400, 0, 0, 0
27449, 225280, 0, 0, 0
27549, 266240, 0, 0, 0
27649, 240640, 0, 0, 0
27750, 209920, 0, 0, 0
27850, 256000, 0, 0, 0
27950, 215040, 0, 0, 0
28050, 271360, 0, 0, 0
28150, 204800, 0, 0, 0
28249, 212040, 0, 0, 0
28349, 230400, 0, 0, 0
28449, 209920, 0, 0, 0
28549, 220160, 0, 0, 0
28649, 281600, 0, 0, 0
28749, 194560, 0, 0, 0
28849, 230400, 0, 0, 0
28949, 220160, 0, 0, 0
29050, 209920, 0, 0, 0
29150, 199680, 0, 0, 0
29249, 212040, 0, 0, 0
29349, 194560, 0, 0, 0
29449, 261120, 0, 0, 0
29549, 230400, 0, 0, 0
29649, 235520, 0, 0, 0
29749, 225280, 0, 0, 0
29849, 179200, 0, 0, 0
29949, 240640, 0, 0, 0
30049, 225280, 0, 0, 0
30149, 179200, 0, 0, 0
30249, 204800, 0, 0, 0
30350, 220160, 0, 0, 0
30450, 215040, 0, 0, 0
30550, 235520, 0, 0, 0
30650, 174080, 0, 0, 0
30749, 227555, 0, 0, 0
30849, 230400, 0, 0, 0
30949, 225280, 0, 0, 0
31049, 256000, 0, 0, 0
31149, 240640, 0, 0, 0
31249, 256000, 0, 0, 0
31349, 261120, 0, 0, 0
31449, 256000, 0, 0, 0
31549, 281600, 0, 0, 0
31649, 209920, 0, 0, 0
31749, 261120, 0, 0, 0
31850, 276480, 0, 0, 0
31950, 245760, 0, 0, 0
32050, 230400, 0, 0, 0
32150, 209920, 0, 0, 0
32249, 201696, 0, 0, 0
32349, 225280, 0, 0, 0
32449, 225280, 0, 0, 0
32549, 230400, 0, 0, 0
32649, 256000, 0, 0, 0
32749, 230400, 0, 0, 0
32849, 220160, 0, 0, 0
32949, 230400, 0, 0, 0
33049, 225280, 0, 0, 0
33149, 250880, 0, 0, 0
33250, 209920, 0, 0, 0
33350, 256000, 0, 0, 0
33450, 261120, 0, 0, 0
33550, 235520, 0, 0, 0
33650, 230400, 0, 0, 0
33749, 217212, 0, 0, 0
33849, 261120, 0, 0, 0
33949, 209920, 0, 0, 0
34049, 209920, 0, 0, 0
34149, 225280, 0, 0, 0
34249, 225280, 0, 0, 0
34349, 245760, 0, 0, 0
34449, 225280, 0, 0, 0
34550, 235520, 0, 0, 0
34650, 235520, 0, 0, 0
34749, 217212, 0, 0, 0
34849, 230400, 0, 0, 0
34949, 199680, 0, 0, 0
35049, 261120, 0, 0, 0
35149, 220160, 0, 0, 0
35249, 235520, 0, 0, 0
35349, 225280, 0, 0, 0
35449, 209920, 0, 0, 0
35549, 240640, 0, 0, 0
35649, 204800, 0, 0, 0
35750, 199680, 0, 0, 0
35850, 230400, 0, 0, 0
35950, 209920, 0, 0, 0
36050, 256000, 0, 0, 0
36150, 250880, 0, 0, 0
36249, 274101, 0, 0, 0
36349, 240640, 0, 0, 0
36449, 256000, 0, 0, 0
36549, 271360, 0, 0, 0
36649, 240640, 0, 0, 0
36749, 225280, 0, 0, 0
36849, 225280, 0, 0, 0
36949, 220160, 0, 0, 0
37049, 230400, 0, 0, 0
37150, 230400, 0, 0, 0
37249, 196525, 0, 0, 0
37349, 245760, 0, 0, 0
37449, 230400, 0, 0, 0
37549, 235520, 0, 0, 0
37649, 230400, 0, 0, 0
37749, 215040, 0, 0, 0
37849, 225280, 0, 0, 0
37949, 240640, 0, 0, 0
38049, 250880, 0, 0, 0
38149, 245760, 0, 0, 0
38249, 225280, 0, 0, 0
38349, 230400, 0, 0, 0
38449, 225280, 0, 0, 0
38550, 209920, 0, 0, 0
38650, 204800, 0, 0, 0
38749, 217212, 0, 0, 0
38849, 256000, 0, 0, 0
38949, 245760, 0, 0, 0
39049, 189440, 0, 0, 0
39149, 245760, 0, 0, 0
39249, 266240, 0, 0, 0
39349, 240640, 0, 0, 0
39449, 225280, 0, 0, 0
39549, 245760, 0, 0, 0
39649, 250880, 0, 0, 0
39750, 256000, 0, 0, 0
39850, 230400, 0, 0, 0
39950, 230400, 0, 0, 0
40050, 250880, 0, 0, 0
40150, 194560, 0, 0, 0
40249, 243070, 0, 0, 0
40349, 225280, 0, 0, 0
40449, 250880, 0, 0, 0
40549, 291840, 0, 0, 0
40649, 266240, 0, 0, 0
40749, 240640, 0, 0, 0
40849, 189440, 0, 0, 0
40949, 245760, 0, 0, 0
41049, 256000, 0, 0, 0
41149, 256000, 0, 0, 0
41250, 199680, 0, 0, 0
41350, 245760, 0, 0, 0
41450, 163840, 0, 0, 0
41550, 179200, 0, 0, 0
41650, 194560, 0, 0, 0
41749, 227555, 0, 0, 0
41849, 230400, 0, 0, 0
41949, 261120, 0, 0, 0
42049, 209920, 0, 0, 0
42149, 245760, 0, 0, 0
42249, 230400, 0, 0, 0
42349, 230400, 0, 0, 0
42449, 225280, 0, 0, 0
42550, 220160, 0, 0, 0
42650, 250880, 0, 0, 0
42749, 237898, 0, 0, 0
42849, 225280, 0, 0, 0
42949, 256000, 0, 0, 0
43049, 209920, 0, 0, 0
43149, 266240, 0, 0, 0
43249, 235520, 0, 0, 0
43349, 245760, 0, 0, 0
43449, 250880, 0, 0, 0
43549, 266240, 0, 0, 0
43649, 220160, 0, 0, 0
43749, 215040, 0, 0, 0
43849, 235520, 0, 0, 0
43949, 245760, 0, 0, 0
44050, 225280, 0, 0, 0
44150, 230400, 0, 0, 0
44249, 243070, 0, 0, 0
44349, 220160, 0, 0, 0
44449, 245760, 0, 0, 0
44549, 209920, 0, 0, 0
44649, 225280, 0, 0, 0
44749, 245760, 0, 0, 0
44849, 276480, 0, 0, 0
44949, 199680, 0, 0, 0
45049, 230400, 0, 0, 0
45149, 199680, 0, 0, 0
45251, 243326, 0, 0, 0
45351, 230400, 0, 0, 0
45451, 235520, 0, 0, 0
45551, 230400, 0, 0, 0
45651, 230400, 0, 0, 0
45750, 268929, 0, 0, 0
45850, 225280, 0, 0, 0
45950, 256000, 0, 0, 0
46050, 215040, 0, 0, 0
46151, 225280, 0, 0, 0
46251, 209920, 0, 0, 0
46351, 286720, 0, 0, 0
46451, 250880, 0, 0, 0
46551, 266240, 0, 0, 0
46651, 204800, 0, 0, 0
46750, 227555, 0, 0, 0
46850, 199680, 0, 0, 0
46950, 240640, 0, 0, 0
47050, 225280, 0, 0, 0
47150, 215040, 0, 0, 0
47250, 235520, 0, 0, 0
47350, 235520, 0, 0, 0
47451, 240640, 0, 0, 0
47551, 266240, 0, 0, 0
47651, 204800, 0, 0, 0
47751, 220160, 0, 0, 0
47851, 225280, 0, 0, 0
47951, 194560, 0, 0, 0
48051, 225280, 0, 0, 0
48151, 204800, 0, 0, 0
48250, 201696, 0, 0, 0
48350, 271360, 0, 0, 0
48450, 209920, 0, 0, 0
48550, 235520, 0, 0, 0
48650, 220160, 0, 0, 0
48751, 215040, 0, 0, 0
48851, 230400, 0, 0, 0
48951, 215040, 0, 0, 0
49051, 261120, 0, 0, 0
49151, 225280, 0, 0, 0
49250, 253414, 0, 0, 0
49350, 240640, 0, 0, 0
49450, 204800, 0, 0, 0
49550, 220160, 0, 0, 0
49650, 220160, 0, 0, 0
49750, 204800, 0, 0, 0
49850, 230400, 0, 0, 0
49950, 230400, 0, 0, 0
50050, 184320, 0, 0, 0
50151, 225280, 0, 0, 0
50251, 230400, 0, 0, 0
50351, 215040, 0, 0, 0
50451, 225280, 0, 0, 0
50551, 250880, 0, 0, 0
50651, 235520, 0, 0, 0
50750, 237898, 0, 0, 0
50850, 199680, 0, 0, 0
50950, 215040, 0, 0, 0
51050, 245760, 0, 0, 0
51150, 220160, 0, 0, 0
51250, 215040, 0, 0, 0
51350, 225280, 0, 0, 0
51450, 235520, 0, 0, 0
51551, 199680, 0, 0, 0
51651, 235520, 0, 0, 0
51751, 225280, 0, 0, 0
51851, 204800, 0, 0, 0
51951, 209920, 0, 0, 0
52051, 235520, 0, 0, 0
52151, 199680, 0, 0, 0
52250, 212040, 0, 0, 0
52350, 245760, 0, 0, 0
52450, 230400, 0, 0, 0
52550, 235520, 0, 0, 0
52650, 225280, 0, 0, 0
52750, 215040, 0, 0, 0
52850, 230400, 0, 0, 0
52950, 209920, 0, 0, 0
53051, 199680, 0, 0, 0
53151, 209920, 0, 0, 0
53251, 225280, 0, 0, 0
53351, 225280, 0, 0, 0
53451, 266240, 0, 0, 0
53551, 235520, 0, 0, 0
53651, 225280, 0, 0, 0
53750, 217212, 0, 0, 0
53850, 235520, 0, 0, 0
53950, 220160, 0, 0, 0
54050, 256000, 0, 0, 0
54150, 199680, 0, 0, 0
54250, 256000, 0, 0, 0
54351, 189440, 0, 0, 0
54451, 225280, 0, 0, 0
54551, 189440, 0, 0, 0
54651, 220160, 0, 0, 0
54751, 215040, 0, 0, 0
54851, 256000, 0, 0, 0
54951, 209920, 0, 0, 0
55051, 245760, 0, 0, 0
55151, 199680, 0, 0, 0
55250, 206868, 0, 0, 0
55350, 204800, 0, 0, 0
55450, 271360, 0, 0, 0
55550, 230400, 0, 0, 0
55651, 240640, 0, 0, 0
55751, 189440, 0, 0, 0
55851, 199680, 0, 0, 0
55951, 230400, 0, 0, 0
56051, 230400, 0, 0, 0
56151, 256000, 0, 0, 0
56250, 232727, 0, 0, 0
56350, 220160, 0, 0, 0
56450, 235520, 0, 0, 0
56550, 225280, 0, 0, 0
56650, 225280, 0, 0, 0
56750, 215040, 0, 0, 0
56850, 225280, 0, 0, 0
56950, 204800, 0, 0, 0
57051, 230400, 0, 0, 0
57151, 225280, 0, 0, 0
57251, 215040, 0, 0, 0
57351, 240640, 0, 0, 0
57451, 245760, 0, 0, 0
57551, 250880, 0, 0, 0
57651, 230400, 0, 0, 0
57750, 206868, 0, 0, 0
57850, 189440, 0, 0, 0
57950, 220160, 0, 0, 0
58050, 194560, 0, 0, 0
58150, 250880, 0, 0, 0
58250, 199680, 0, 0, 0
58351, 220160, 0, 0, 0
58451, 230400, 0, 0, 0
58551, 215040, 0, 0, 0
58651, 225280, 0, 0, 0
58751, 225280, 0, 0, 0
58851, 230400, 0, 0, 0
58951, 235520, 0, 0, 0
59051, 199680, 0, 0, 0
59151, 209920, 0, 0, 0
59250, 206868, 0, 0, 0
59350, 256000, 0, 0, 0
59450, 225280, 0, 0, 0
59550, 215040, 0, 0, 0
59650, 256000, 0, 0, 0
59751, 215040, 0, 0, 0
59851, 204800, 0, 0, 0
59951, 235520, 0, 0, 0
