250, 160192, 0, 0, 0
350, 150240, 0, 0, 0
450, 169600, 0, 0, 0
550, 162560, 0, 0, 0
650, 145280, 0, 0, 0
749, 157414, 0, 0, 0
849, 144480, 0, 0, 0
949, 161920, 0, 0, 0
1049, 160800, 0, 0, 0
1149, 151040, 0, 0, 0
1249, 130240, 0, 0, 0
1349, 153120, 0, 0, 0
1449, 142560, 0, 0, 0
1550, 136800, 0, 0, 0
1650, 150240, 0, 0, 0
1749, 142707, 0, 0, 0
1849, 158720, 0, 0, 0
1949, 166080, 0, 0, 0
2049, 145120, 0, 0, 0
2149, 145760, 0, 0, 0
2249, 149760, 0, 0, 0
2349, 153280, 0, 0, 0
2449, 148320, 0, 0, 0
2549, 163840, 0, 0, 0
2649, 157120, 0, 0, 0
2749, 132800, 0, 0, 0
2849, 147840, 0, 0, 0
2949, 150400, 0, 0, 0
3050, 168800, 0, 0, 0
3150, 104960, 0, 0, 0
3249, 151111, 0, 0, 0
3349, 161440, 0, 0, 0
3449, 141440, 0, 0, 0
3549, 158720, 0, 0, 0
3649, 145120, 0, 0, 0
3749, 130560, 0, 0, 0
3849, 152960, 0, 0, 0
3949, 160320, 0, 0, 0
4049, 151040, 0, 0, 0
4149, 147360, 0, 0, 0
4249, 146400, 0, 0, 0
4349, 147040, 0, 0, 0
4450, 168800, 0, 0, 0
4550, 170560, 0, 0, 0
4650, 159680, 0, 0, 0
4749, 150787, 0, 0, 0
4849, 115360, 0, 0, 0
4949, 164960, 0, 0, 0
5049, 161600, 0, 0, 0
5149, 149120, 0, 0, 0
5249, 155200, 0, 0, 0
5349, 145600, 0, 0, 0
5449, 132480, 0, 0, 0
5549, 164320, 0, 0, 0
5649, 173280, 0, 0, 0
5749, 154400, 0, 0, 0
5850, 157440, 0, 0, 0
5950, 118880, 0, 0, 0
6050, 147840, 0, 0, 0
6150, 127840, 0, 0, 0
6249, 135919, 0, 0, 0
6349, 157760, 0, 0, 0
6449, 156480, 0, 0, 0
6549, 160640, 0, 0, 0
6649, 158240, 0, 0, 0
6749, 168960, 0, 0, 0
6849, 153920, 0, 0, 0
6949, 151360, 0, 0, 0
7049, 143840, 0, 0, 0
7149, 160480, 0, 0, 0
7250, 154560, 0, 0, 0
7350, 132640, 0, 0, 0
7450, 164480, 0, 0, 0
7550, 176800, 0, 0, 0
7650, 161760, 0, 0, 0
7749, 155959, 0, 0, 0
7849, 171840, 0, 0, 0
7949, 174880, 0, 0, 0
8049, 135360, 0, 0, 0
8149, 159680, 0, 0, 0
8249, 170880, 0, 0, 0
8349, 160160, 0, 0, 0
8449, 162880, 0, 0, 0
8550, 165440, 0, 0, 0
8650, 170720, 0, 0, 0
8749, 165979, 0, 0, 0
8849, 148640, 0, 0, 0
8949, 155200, 0, 0, 0
9049, 165120, 0, 0, 0
9149, 164320, 0, 0, 0
9249, 151040, 0, 0, 0
9349, 151840, 0, 0, 0
9449, 150240, 0, 0, 0
9549, 139840, 0, 0, 0
9649, 152800, 0, 0, 0
9749, 161920, 0, 0, 0
9849, 141760, 0, 0, 0
9949, 144960, 0, 0, 0
10050, 153760, 0, 0, 0
10150, 155680, 0, 0, 0
10249, 155959, 0, 0, 0
10349, 161920, 0, 0, 0
10449, 157920, 0, 0, 0
10549, 171680, 0, 0, 0
10649, 155680, 0, 0, 0
10749, 159360, 0, 0, 0
10849, 157760, 0, 0, 0
10949, 147040, 0, 0, 0
11049, 154400, 0, 0, 0
11149, 157600, 0, 0, 0
11249, 159360, 0, 0, 0
11349, 145920, 0, 0, 0
11449, 143840, 0, 0, 0
11550, 134240, 0, 0, 0
11650, 156320, 0, 0, 0
11749, 147393, 0, 0, 0
11849, 136000, 0, 0, 0
11949, 153760, 0, 0, 0
12049, 142080, 0, 0, 0
12149, 166240, 0, 0, 0
12249, 158400, 0, 0, 0
12349, 169440, 0, 0, 0
12449, 164480, 0, 0, 0
12549, 142240, 0, 0, 0
12649, 147680, 0, 0, 0
12749, 170720, 0, 0, 0
12849, 152000, 0, 0, 0
12949, 153920, 0, 0, 0
13050, 151040, 0, 0, 0
13150, 147360, 0, 0, 0
13249, 147878, 0, 0, 0
13349, 168320, 0, 0, 0
13449, 153920, 0, 0, 0
13549, 168320, 0, 0, 0
13649, 150880, 0, 0, 0
13749, 158400, 0, 0, 0
13849, 159360, 0, 0, 0
13949, 135200, 0, 0, 0
14049, 165280, 0, 0, 0
14149, 148960, 0, 0, 0
14249, 140000, 0, 0, 0
14349, 161600, 0, 0, 0
14450, 166080, 0, 0, 0
14550, 144480, 0, 0, 0
14650, 157120, 0, 0, 0
14749, 155151, 0, 0, 0
14849, 125920, 0, 0, 0
14949, 140480, 0, 0, 0
15049, 168960, 0, 0, 0
15149, 150560, 0, 0, 0
15249, 173760, 0, 0, 0
15349, 150240, 0, 0, 0
15449, 128000, 0, 0, 0
15549, 153120, 0, 0, 0
15649, 170080, 0, 0, 0
15750, 167840, 0, 0, 0
15850, 154400, 0, 0, 0
15950, 154880, 0, 0, 0
16050, 150240, 0, 0, 0
16150, 159840, 0, 0, 0
16249, 171797, 0, 0, 0
16349, 171520, 0, 0, 0
16449, 165280, 0, 0, 0
16549, 140640, 0, 0, 0
16649, 157600, 0, 0, 0
16749, 136000, 0, 0, 0
16849, 144480, 0, 0, 0
16949, 169760, 0, 0, 0
17049, 147520, 0, 0, 0
17149, 163200, 0, 0, 0
17250, 160000, 0, 0, 0
17350, 158400, 0, 0, 0
17450, 169760, 0, 0, 0
17550, 147200, 0, 0, 0
17650, 162080, 0, 0, 0
17749, 164848, 0, 0, 0
17849, 165120, 0, 0, 0
17949, 158560, 0, 0, 0
18049, 161760, 0, 0, 0
18149, 156640, 0, 0, 0
18249, 152960, 0, 0, 0
18349, 150880, 0, 0, 0
18449, 166080, 0, 0, 0
18549, 158880, 0, 0, 0
18649, 160480, 0, 0, 0
18750, 168320, 0, 0, 0
18850, 146720, 0, 0, 0
18950, 168480, 0, 0, 0
19050, 158400, 0, 0, 0
19150, 154880, 0, 0, 0
19249, 152080, 0, 0, 0
19349, 119200, 0, 0, 0
19449, 161280, 0, 0, 0
19549, 162880, 0, 0, 0
19649, 161920, 0, 0, 0
19749, 149120, 0, 0, 0
19849, 149600, 0, 0, 0
19949, 139360, 0, 0, 0
20049, 139680, 0, 0, 0
20150, 140480, 0, 0, 0
20250, 128640, 0, 0, 0
20350, 159040, 0, 0, 0
20450, 156960, 0, 0, 0
20550, 161120, 0, 0, 0
20650, 154400, 0, 0, 0
20749, 160323, 0, 0, 0
20849, 158080, 0, 0, 0
20949, 168480, 0, 0, 0
21049, 175040, 0, 0, 0
21149, 161760, 0, 0, 0
21249, 173120, 0, 0, 0
21349, 159520, 0, 0, 0
21449, 178400, 0, 0, 0
21549, 171200, 0, 0, 0
21649, 166880, 0, 0, 0
21750, 155200, 0, 0, 0
21850, 164960, 0, 0, 0
21950, 171680, 0, 0, 0
22050, 161600, 0, 0, 0
22150, 164800, 0, 0, 0
22249, 166787, 0, 0, 0
22349, 168640, 0, 0, 0
22449, 159520, 0, 0, 0
22549, 150240, 0, 0, 0
22649, 167040, 0, 0, 0
22749, 153440, 0, 0, 0
22849, 159520, 0, 0, 0
22949, 154880, 0, 0, 0
23049, 156320, 0, 0, 0
23149, 132960, 0, 0, 0
23250, 154400, 0, 0, 0
23350, 169920, 0, 0, 0
23450, 155680, 0, 0, 0
23550, 161440, 0, 0, 0
23650, 160640, 0, 0, 0
23749, 161292, 0, 0, 0
23849, 158560, 0, 0, 0
23949, 166080, 0, 0, 0
24049, 124960, 0, 0, 0
24149, 165600, 0, 0, 0
24249, 150720, 0, 0, 0
24349, 156480, 0, 0, 0
24449, 163360, 0, 0, 0
24549, 147680, 0, 0, 0
24650, 174080, 0, 0, 0
24750, 147360, 0, 0, 0
24850, 160480, 0, 0, 0
24950, 142400, 0, 0, 0
25050, 153760, 0, 0, 0
25150, 156320, 0, 0, 0
25249, 153212, 0, 0, 0
25349, 148000, 0, 0, 0
25449, 156640, 0, 0, 0
25549, 167680, 0, 0, 0
25649, 161120, 0, 0, 0
25749, 173120, 0, 0, 0
25849, 158720, 0, 0, 0
25949, 161120, 0, 0, 0
26050, 163680, 0, 0, 0
26150, 173120, 0, 0, 0
26249, 154989, 0, 0, 0
26349, 146400, 0, 0, 0
26449, 159200, 0, 0, 0
26549, 144000, 0, 0, 0
26649, 160960, 0, 0, 0
26749, 161440, 0, 0, 0
26849, 156000, 0, 0, 0
26949, 167520, 0, 0, 0
27049, 173120, 0, 0, 0
27149, 145280, 0, 0, 0
27249, 166240, 0, 0, 0
27349, 156640, 0, 0, 0
27450, 158720, 0, 0, 0
27550, 166240, 0, 0, 0
27650, 151520, 0, 0, 0
27749, 168242, 0, 0, 0
27849, 167040, 0, 0, 0
27949, 159680, 0, 0, 0
28049, 172320, 0, 0, 0
28149, 162560, 0, 0, 0
28249, 154080, 0, 0, 0
28349, 163840, 0, 0, 0
28449, 170400, 0, 0, 0
28549, 162560, 0, 0, 0
28649, 152480, 0, 0, 0
28750, 173600, 0, 0, 0
28850, 151040, 0, 0, 0
28950, 161600, 0, 0, 0
29050, 171200, 0, 0, 0
29150, 135040, 0, 0, 0
29249, 147555, 0, 0, 0
29349, 162720, 0, 0, 0
29449, 146400, 0, 0, 0
29549, 165120, 0, 0, 0
29649, 161920, 0, 0, 0
29749, 156320, 0, 0, 0
29849, 157440, 0, 0, 0
29949, 151040, 0, 0, 0
30049, 148320, 0, 0, 0
30150, 141120, 0, 0, 0
30250, 144800, 0, 0, 0
30350, 165440, 0, 0, 0
30450, 137120, 0, 0, 0
30550, 134560, 0, 0, 0
30650, 168960, 0, 0, 0
30749, 132040, 0, 0, 0
30849, 133440, 0, 0, 0
30949, 138560, 0, 0, 0
31049, 165280, 0, 0, 0
31149, 139520, 0, 0, 0
31249, 165760, 0, 0, 0
31349, 150720, 0, 0, 0
31449, 125120, 0, 0, 0
31550, 163680, 0, 0, 0
31650, 136480, 0, 0, 0
31749, 158868, 0, 0, 0
31849, 165280, 0, 0, 0
31949, 168160, 0, 0, 0
32049, 163840, 0, 0, 0
32149, 165920, 0, 0, 0
32249, 145920, 0, 0, 0
32349, 161600, 0, 0, 0
32449, 161120, 0, 0, 0
32549, 161760, 0, 0, 0
32649, 159040, 0, 0, 0
32749, 162400, 0, 0, 0
32849, 165760, 0, 0, 0
32949, 152480, 0, 0, 0
33050, 147040, 0, 0, 0
33150, 159520, 0, 0, 0
33249, 153858, 0, 0, 0
33349, 160160, 0, 0, 0
33449, 161600, 0, 0, 0
33549, 158560, 0, 0, 0
33649, 159200, 0, 0, 0
33749, 154240, 0, 0, 0
33849, 155360, 0, 0, 0
33949, 169920, 0, 0, 0
34049, 161440, 0, 0, 0
34149, 144480, 0, 0, 0
34249, 148000, 0, 0, 0
34349, 160800, 0, 0, 0
34449, 150240, 0, 0, 0
34550, 157280, 0, 0, 0
34650, 142400, 0, 0, 0
34749, 155636, 0, 0, 0
34849, 150240, 0, 0, 0
34949, 168960, 0, 0, 0
35049, 155040, 0, 0, 0
35149, 177760, 0, 0, 0
35249, 172480, 0, 0, 0
35349, 140960, 0, 0, 0
35449, 167360, 0, 0, 0
35549, 160000, 0, 0, 0
35649, 169760, 0, 0, 0
35749, 173600, 0, 0, 0
35849, 152800, 0, 0, 0
35949, 156640, 0, 0, 0
36050, 149760, 0, 0, 0
36150, 139200, 0, 0, 0
36249, 156121, 0, 0, 0
36349, 155840, 0, 0, 0
36449, 140160, 0, 0, 0
36549, 152640, 0, 0, 0
36649, 148000, 0, 0, 0
36749, 120640, 0, 0, 0
36849, 149120, 0, 0, 0
36949, 141920, 0, 0, 0
37049, 136320, 0, 0, 0
37149, 157760, 0, 0, 0
37249, 153920, 0, 0, 0
37350, 164960, 0, 0, 0
37450, 121920, 0, 0, 0
37550, 129760, 0, 0, 0
37650, 162080, 0, 0, 0
37749, 146585, 0, 0, 0
37849, 159040, 0, 0, 0
37949, 143360, 0, 0, 0
38049, 154880, 0, 0, 0
38149, 165760, 0, 0, 0
38249, 142080, 0, 0, 0
38349, 141760, 0, 0, 0
38449, 147520, 0, 0, 0
38549, 143040, 0, 0, 0
38649, 135520, 0, 0, 0
38750, 151040, 0, 0, 0
38850, 150560, 0, 0, 0
38950, 134880, 0, 0, 0
39050, 150080, 0, 0, 0
39150, 168480, 0, 0, 0
39249, 173898, 0, 0, 0
39349, 157600, 0, 0, 0
39449, 153920, 0, 0, 0
39549, 152000, 0, 0, 0
39649, 168320, 0, 0, 0
39749, 160320, 0, 0, 0
39849, 170400, 0, 0, 0
39949, 155840, 0, 0, 0
40050, 171040, 0, 0, 0
40150, 160960, 0, 0, 0
40249, 132202, 0, 0, 0
40349, 126080, 0, 0, 0
40449, 119840, 0, 0, 0
40549, 171200, 0, 0, 0
40649, 114720, 0, 0, 0
40749, 133600, 0, 0, 0
40849, 145920, 0, 0, 0
40949, 164320, 0, 0, 0
41049, 157120, 0, 0, 0
41149, 163840, 0, 0, 0
41249, 137760, 0, 0, 0
41349, 169120, 0, 0, 0
41449, 153920, 0, 0, 0
41550, 152000, 0, 0, 0
41650, 164640, 0, 0, 0
41749, 134787, 0, 0, 0
41849, 159680, 0, 0, 0
41949, 161920, 0, 0, 0
42049, 161600, 0, 0, 0
42149, 123520, 0, 0, 0
42249, 165920, 0, 0, 0
42349, 157760, 0, 0, 0
42449, 138560, 0, 0, 0
42549, 163360, 0, 0, 0
42649, 176640, 0, 0, 0
42750, 172640, 0, 0, 0
42850, 171200, 0, 0, 0
42950, 166400, 0, 0, 0
43050, 161760, 0, 0, 0
43150, 171200, 0, 0, 0
43249, 157252, 0, 0, 0
43349, 171040, 0, 0, 0
43449, 157600, 0, 0, 0
43549, 174240, 0, 0, 0
43649, 152480, 0, 0, 0
43749, 155840, 0, 0, 0
43849, 140320, 0, 0, 0
43949, 160320, 0, 0, 0
44049, 151360, 0, 0, 0
44149, 151840, 0, 0, 0
44250, 166400, 0, 0, 0
44350, 155840, 0, 0, 0
44450, 156320, 0, 0, 0
44550, 148000, 0, 0, 0
44650, 152000, 0, 0, 0
44749, 171151, 0, 0, 0
44849, 152480, 0, 0, 0
44949, 154560, 0, 0, 0
45049, 170720, 0, 0, 0
45149, 169600, 0, 0, 0
45249, 160480, 0, 0, 0
45349, 164320, 0, 0, 0
45449, 169440, 0, 0, 0
45549, 150240, 0, 0, 0
45649, 161120, 0, 0, 0
45750, 164800, 0, 0, 0
45850, 170560, 0, 0, 0
45950, 166560, 0, 0, 0
46050, 165440, 0, 0, 0
46150, 146720, 0, 0, 0
46249, 138666, 0, 0, 0
46349, 133760, 0, 0, 0
46449, 152800, 0, 0, 0
46549, 160800, 0, 0, 0
46649, 161120, 0, 0, 0
46749, 142560, 0, 0, 0
46849, 124960, 0, 0, 0
46949, 164800, 0, 0, 0
47049, 156000, 0, 0, 0
47149, 152160, 0, 0, 0
47250, 154240, 0, 0, 0
47350, 154720, 0, 0, 0
47450, 161760, 0, 0, 0
47550, 137600, 0, 0, 0
47650, 163840, 0, 0, 0
47749, 142707, 0, 0, 0
47849, 156960, 0, 0, 0
47949, 168320, 0, 0, 0
48049, 135520, 0, 0, 0
48149, 164640, 0, 0, 0
48249, 160320, 0, 0, 0
48349, 145440, 0, 0, 0
48449, 155520, 0, 0, 0
48549, 157120, 0, 0, 0
48650, 153120, 0, 0, 0
48750, 161760, 0, 0, 0
48850, 155520, 0, 0, 0
48950, 145440, 0, 0, 0
49050, 172320, 0, 0, 0
49150, 180640, 0, 0, 0
49249, 169212, 0, 0, 0
49349, 150560, 0, 0, 0
49449, 147840, 0, 0, 0
49549, 157600, 0, 0, 0
49649, 154880, 0, 0, 0
49749, 166080, 0, 0, 0
49849, 141920, 0, 0, 0
49949, 161920, 0, 0, 0
50050, 135840, 0, 0, 0
50150, 152320, 0, 0, 0
50249, 162747, 0, 0, 0
50349, 130400, 0, 0, 0
50449, 129440, 0, 0, 0
50549, 166880, 0, 0, 0
50649, 162400, 0, 0, 0
50749, 151840, 0, 0, 0
50849, 156160, 0, 0, 0
50949, 144480, 0, 0, 0
51049, 165920, 0, 0, 0
51149, 140320, 0, 0, 0
51249, 157760, 0, 0, 0
51349, 166880, 0, 0, 0
51450, 139680, 0, 0, 0
51550, 146400, 0, 0, 0
51650, 149920, 0, 0, 0
51749, 166303, 0, 0, 0
51849, 148160, 0, 0, 0
51949, 155200, 0, 0, 0
52049, 162560, 0, 0, 0
52149, 158880, 0, 0, 0
52249, 164480, 0, 0, 0
52349, 160000, 0, 0, 0
52449, 151840, 0, 0, 0
52549, 171520, 0, 0, 0
52649, 154560, 0, 0, 0
52750, 143520, 0, 0, 0
52850, 157120, 0, 0, 0
52950, 139520, 0, 0, 0
53050, 162880, 0, 0, 0
53150, 163840, 0, 0, 0
53249, 146585, 0, 0, 0
53349, 148480, 0, 0, 0
53449, 174720, 0, 0, 0
53549, 127040, 0, 0, 0
53649, 169120, 0, 0, 0
53749, 167680, 0, 0, 0
53849, 153920, 0, 0, 0
53949, 172320, 0, 0, 0
54050, 172640, 0, 0, 0
54150, 148480, 0, 0, 0
54249, 157252, 0, 0, 0
54349, 161760, 0, 0, 0
54449, 162560, 0, 0, 0
54549, 151040, 0, 0, 0
54649, 153760, 0, 0, 0
54749, 138720, 0, 0, 0
54849, 159840, 0, 0, 0
54949, 177440, 0, 0, 0
55049, 169120, 0, 0, 0
55149, 152160, 0, 0, 0
55249, 143680, 0, 0, 0
55349, 147200, 0, 0, 0
55449, 158400, 0, 0, 0
55550, 164480, 0, 0, 0
55650, 149600, 0, 0, 0
55749, 162909, 0, 0, 0
55849, 140480, 0, 0, 0
55949, 162560, 0, 0, 0
56049, 151040, 0, 0, 0
56149, 144160, 0, 0, 0
56249, 165760, 0, 0, 0
56349, 158720, 0, 0, 0
56449, 143520, 0, 0, 0
56549, 153760, 0, 0, 0
56649, 157600, 0, 0, 0
56749, 168800, 0, 0, 0
56849, 171840, 0, 0, 0
56949, 142560, 0, 0, 0
57050, 169120, 0, 0, 0
57150, 164480, 0, 0, 0
57249, 158868, 0, 0, 0
57349, 145440, 0, 0, 0
57449, 155200, 0, 0, 0
57549, 158080, 0, 0, 0
57649, 138240, 0, 0, 0
57749, 144320, 0, 0, 0
57849, 152000, 0, 0, 0
57949, 144800, 0, 0, 0
58049, 165280, 0, 0, 0
58149, 139200, 0, 0, 0
58249, 161120, 0, 0, 0
58349, 145440, 0, 0, 0
58449, 121280, 0, 0, 0
58550, 122400, 0, 0, 0
58650, 145120, 0, 0, 0
58749, 158060, 0, 0, 0
58849, 156960, 0, 0, 0
58949, 141280, 0, 0, 0
59049, 140640, 0, 0, 0
59149, 145440, 0, 0, 0
59249, 133920, 0, 0, 0
59349, 146720, 0, 0, 0
59449, 151840, 0, 0, 0
59549, 158240, 0, 0, 0
59649, 136000, 0, 0, 0
59749, 164000, 0, 0, 0
59850, 161440, 0, 0, 0
59950, 136640, 0, 0, 0
60050, 146560, 0, 0, 0
60150, 168960, 0, 0, 0
60249, 174707, 0, 0, 0
60349, 145920, 0, 0, 0
60449, 130720, 0, 0, 0
60549, 133600, 0, 0, 0
60649, 145760, 0, 0, 0
60749, 155360, 0, 0, 0
60849, 148640, 0, 0, 0
60949, 151360, 0, 0, 0
61049, 164960, 0, 0, 0
61149, 160160, 0, 0, 0
61250, 164160, 0, 0, 0
61350, 160640, 0, 0, 0
61450, 153120, 0, 0, 0
61550, 162080, 0, 0, 0
61650, 143200, 0, 0, 0
61749, 153050, 0, 0, 0
61849, 165920, 0, 0, 0
61949, 154880, 0, 0, 0
62049, 158560, 0, 0, 0
62149, 139360, 0, 0, 0
62249, 134240, 0, 0, 0
62349, 120000, 0, 0, 0
62449, 129920, 0, 0, 0
62549, 124480, 0, 0, 0
62649, 144640, 0, 0, 0
62750, 156160, 0, 0, 0
62850, 143040, 0, 0, 0
62950, 131360, 0, 0, 0
63050, 134560, 0, 0, 0
63150, 152160, 0, 0, 0
63249, 144000, 0, 0, 0
63349, 142080, 0, 0, 0
63449, 152640, 0, 0, 0
63549, 145920, 0, 0, 0
63649, 165760, 0, 0, 0
63749, 157280, 0, 0, 0
63849, 130720, 0, 0, 0
63949, 144160, 0, 0, 0
64049, 141280, 0, 0, 0
64150, 167840, 0, 0, 0
64250, 158560, 0, 0, 0
64350, 158880, 0, 0, 0
64450, 167040, 0, 0, 0
64550, 151840, 0, 0, 0
64650, 147360, 0, 0, 0
64749, 154020, 0, 0, 0
64849, 168800, 0, 0, 0
64949, 155840, 0, 0, 0
65049, 127520, 0, 0, 0
65149, 135840, 0, 0, 0
65249, 165440, 0, 0, 0
65349, 160160, 0, 0, 0
65449, 144960, 0, 0, 0
65549, 151360, 0, 0, 0
65649, 160320, 0, 0, 0
65750, 141440, 0, 0, 0
65850, 164160, 0, 0, 0
65950, 148640, 0, 0, 0
66050, 157120, 0, 0, 0
66150, 152320, 0, 0, 0
66249, 147070, 0, 0, 0
66349, 166720, 0, 0, 0
66449, 160480, 0, 0, 0
66549, 140000, 0, 0, 0
66649, 164800, 0, 0, 0
66749, 164480, 0, 0, 0
66849, 157440, 0, 0, 0
66949, 153600, 0, 0, 0
67050, 151840, 0, 0, 0
67150, 162240, 0, 0, 0
67249, 102787, 0, 0, 0
67349, 150400, 0, 0, 0
67449, 132320, 0, 0, 0
67549, 150240, 0, 0, 0
67649, 166720, 0, 0, 0
67749, 153920, 0, 0, 0
67849, 136320, 0, 0, 0
67949, 156640, 0, 0, 0
68049, 146080, 0, 0, 0
68149, 148320, 0, 0, 0
68249, 156160, 0, 0, 0
68349, 148960, 0, 0, 0
68449, 167200, 0, 0, 0
68550, 152960, 0, 0, 0
68650, 128480, 0, 0, 0
68749, 148040, 0, 0, 0
68849, 144640, 0, 0, 0
68949, 132160, 0, 0, 0
69049, 164640, 0, 0, 0
69149, 148960, 0, 0, 0
69249, 152160, 0, 0, 0
69349, 132960, 0, 0, 0
69449, 160800, 0, 0, 0
69549, 153440, 0, 0, 0
69649, 154080, 0, 0, 0
69749, 132160, 0, 0, 0
69850, 155680, 0, 0, 0
69950, 154240, 0, 0, 0
70050, 139200, 0, 0, 0
70150, 137120, 0, 0, 0
70249, 138343, 0, 0, 0
70349, 156960, 0, 0, 0
70449, 154880, 0, 0, 0
70549, 157280, 0, 0, 0
70649, 137440, 0, 0, 0
70749, 154880, 0, 0, 0
70849, 153760, 0, 0, 0
70949, 147520, 0, 0, 0
71049, 145760, 0, 0, 0
71150, 153600, 0, 0, 0
71250, 145440, 0, 0, 0
71350, 124480, 0, 0, 0
71450, 152000, 0, 0, 0
71550, 125760, 0, 0, 0
71650, 148800, 0, 0, 0
71749, 152242, 0, 0, 0
71849, 133920, 0, 0, 0
71949, 159040, 0, 0, 0
72049, 143680, 0, 0, 0
72149, 121920, 0, 0, 0
72249, 148480, 0, 0, 0
72349, 149600, 0, 0, 0
72449, 146560, 0, 0, 0
72550, 153920, 0, 0, 0
72650, 132320, 0, 0, 0
72749, 165979, 0, 0, 0
72849, 156480, 0, 0, 0
72949, 149760, 0, 0, 0
73049, 128320, 0, 0, 0
73149, 155520, 0, 0, 0
73249, 160800, 0, 0, 0
73349, 165120, 0, 0, 0
73449, 151680, 0, 0, 0
73549, 162080, 0, 0, 0
73649, 157440, 0, 0, 0
73749, 158880, 0, 0, 0
73850, 154400, 0, 0, 0
73950, 149600, 0, 0, 0
74050, 148640, 0, 0, 0
74150, 143200, 0, 0, 0
74249, 152242, 0, 0, 0
74349, 135360, 0, 0, 0
74449, 167200, 0, 0, 0
74549, 157280, 0, 0, 0
74649, 168320, 0, 0, 0
74749, 134400, 0, 0, 0
74849, 122400, 0, 0, 0
74949, 152640, 0, 0, 0
75049, 158880, 0, 0, 0
75149, 158400, 0, 0, 0
75249, 137440, 0, 0, 0
75350, 160800, 0, 0, 0
75450, 155360, 0, 0, 0
75550, 155840, 0, 0, 0
75650, 138400, 0, 0, 0
75749, 159838, 0, 0, 0
75849, 159360, 0, 0, 0
75949, 136160, 0, 0, 0
76049, 152640, 0, 0, 0
76149, 142080, 0, 0, 0
76249, 149760, 0, 0, 0
76349, 140800, 0, 0, 0
76449, 157600, 0, 0, 0
76549, 164640, 0, 0, 0
76649, 160960, 0, 0, 0
76750, 160640, 0, 0, 0
76850, 162240, 0, 0, 0
76950, 147200, 0, 0, 0
77050, 148320, 0, 0, 0
77150, 144000, 0, 0, 0
77249, 160484, 0, 0, 0
77349, 158240, 0, 0, 0
77449, 161920, 0, 0, 0
77549, 152000, 0, 0, 0
77649, 156160, 0, 0, 0
77749, 167200, 0, 0, 0
77849, 141920, 0, 0, 0
77949, 156640, 0, 0, 0
78049, 134240, 0, 0, 0
78149, 152160, 0, 0, 0
78249, 143520, 0, 0, 0
78350, 168000, 0, 0, 0
78450, 144960, 0, 0, 0
78550, 168000, 0, 0, 0
78650, 143840, 0, 0, 0
78749, 157575, 0, 0, 0
78849, 170880, 0, 0, 0
78949, 128480, 0, 0, 0
79049, 117920, 0, 0, 0
79149, 148800, 0, 0, 0
79249, 154080, 0, 0, 0
79349, 143840, 0, 0, 0
79449, 158080, 0, 0, 0
79549, 147840, 0, 0, 0
79650, 144160, 0, 0, 0
79750, 151200, 0, 0, 0
79850, 162560, 0, 0, 0
79950, 157600, 0, 0, 0
80050, 146720, 0, 0, 0
80150, 163520, 0, 0, 0
80249, 132202, 0, 0, 0
80349, 159040, 0, 0, 0
80449, 129600, 0, 0, 0
80549, 159360, 0, 0, 0
80649, 146240, 0, 0, 0
80749, 141600, 0, 0, 0
80849, 156000, 0, 0, 0
80949, 154400, 0, 0, 0
81050, 152640, 0, 0, 0
81150, 139040, 0, 0, 0
81249, 150949, 0, 0, 0
81349, 133760, 0, 0, 0
81449, 161920, 0, 0, 0
81549, 142080, 0, 0, 0
81649, 157440, 0, 0, 0
81749, 128160, 0, 0, 0
81849, 141440, 0, 0, 0
81949, 165120, 0, 0, 0
82049, 134720, 0, 0, 0
82149, 150080, 0, 0, 0
82249, 124480, 0, 0, 0
82349, 139520, 0, 0, 0
82449, 157120, 0, 0, 0
82550, 128160, 0, 0, 0
82650, 159200, 0, 0, 0
82749, 168080, 0, 0, 0
82849, 152160, 0, 0, 0
82949, 152160, 0, 0, 0
83049, 159040, 0, 0, 0
83149, 166720, 0, 0, 0
83249, 156960, 0, 0, 0
83349, 152960, 0, 0, 0
83449, 152000, 0, 0, 0
83549, 131040, 0, 0, 0
83649, 145120, 0, 0, 0
83749, 143680, 0, 0, 0
83850, 152480, 0, 0, 0
83950, 115040, 0, 0, 0
84050, 131200, 0, 0, 0
84150, 148960, 0, 0, 0
84249, 167111, 0, 0, 0
84349, 152000, 0, 0, 0
84449, 135200, 0, 0, 0
84549, 145760, 0, 0, 0
84649, 140480, 0, 0, 0
84749, 158880, 0, 0, 0
84849, 155200, 0, 0, 0
84949, 165760, 0, 0, 0
85049, 155840, 0, 0, 0
85149, 150560, 0, 0, 0
85250, 152640, 0, 0, 0
85350, 154720, 0, 0, 0
85450, 156480, 0, 0, 0
85550, 157280, 0, 0, 0
85650, 105440, 0, 0, 0
85749, 146747, 0, 0, 0
85849, 142400, 0, 0, 0
85949, 159840, 0, 0, 0
86049, 165600, 0, 0, 0
86149, 146560, 0, 0, 0
86249, 158080, 0, 0, 0
86349, 145600, 0, 0, 0
86449, 149280, 0, 0, 0
86549, 155200, 0, 0, 0
86649, 164800, 0, 0, 0
86750, 150240, 0, 0, 0
86850, 158240, 0, 0, 0
86950, 149120, 0, 0, 0
87050, 153440, 0, 0, 0
87150, 142080, 0, 0, 0
87249, 140767, 0, 0, 0
87349, 149920, 0, 0, 0
87449, 147680, 0, 0, 0
87549, 148480, 0, 0, 0
87649, 157120, 0, 0, 0
87749, 155840, 0, 0, 0
87849, 153280, 0, 0, 0
87949, 164000, 0, 0, 0
88049, 153280, 0, 0, 0
88149, 164480, 0, 0, 0
88250, 160480, 0, 0, 0
88350, 164320, 0, 0, 0
88450, 153440, 0, 0, 0
88550, 162080, 0, 0, 0
88650, 153120, 0, 0, 0
88749, 164525, 0, 0, 0
88849, 151200, 0, 0, 0
88949, 141760, 0, 0, 0
89049, 141280, 0, 0, 0
89149, 138560, 0, 0, 0
89249, 133120, 0, 0, 0
89349, 153440, 0, 0, 0
89449, 156160, 0, 0, 0
89549, 155200, 0, 0, 0
89649, 157760, 0, 0, 0
89750, 156480, 0, 0, 0
89850, 160480, 0, 0, 0
89950, 144000, 0, 0, 0
