250, 84224, 0, 0, 0
350, 82400, 0, 0, 0
450, 84640, 0, 0, 0
550, 84960, 0, 0, 0
650, 83520, 0, 0, 0
749, 83232, 0, 0, 0
849, 84320, 0, 0, 0
949, 85120, 0, 0, 0
1049, 84000, 0, 0, 0
1149, 81920, 0, 0, 0
1249, 84480, 0, 0, 0
1349, 84480, 0, 0, 0
1449, 84480, 0, 0, 0
1549, 83360, 0, 0, 0
1649, 82560, 0, 0, 0
1750, 83520, 0, 0, 0
1850, 83200, 0, 0, 0
1950, 85120, 0, 0, 0
2050, 82560, 0, 0, 0
2150, 84160, 0, 0, 0
2249, 83717, 0, 0, 0
2349, 83360, 0, 0, 0
2449, 83040, 0, 0, 0
2549, 83840, 0, 0, 0
2649, 85440, 0, 0, 0
2749, 84480, 0, 0, 0
2849, 83040, 0, 0, 0
2949, 84480, 0, 0, 0
3049, 84960, 0, 0, 0
3149, 85920, 0, 0, 0
3250, 83200, 0, 0, 0
3350, 82720, 0, 0, 0
3450, 85120, 0, 0, 0
3550, 84160, 0, 0, 0
3650, 83680, 0, 0, 0
3749, 85494, 0, 0, 0
3849, 82240, 0, 0, 0
3949, 83520, 0, 0, 0
4049, 84640, 0, 0, 0
4149, 84640, 0, 0, 0
4249, 84640, 0, 0, 0
4349, 84320, 0, 0, 0
4449, 84320, 0, 0, 0
4549, 82880, 0, 0, 0
4649, 83040, 0, 0, 0
4750, 83680, 0, 0, 0
4850, 84000, 0, 0, 0
4950, 84160, 0, 0, 0
5050, 83040, 0, 0, 0
5150, 83360, 0, 0, 0
5249, 83717, 0, 0, 0
5349, 85600, 0, 0, 0
5449, 83360, 0, 0, 0
5549, 84480, 0, 0, 0
5649, 84000, 0, 0, 0
5749, 82560, 0, 0, 0
5849, 84000, 0, 0, 0
5949, 83680, 0, 0, 0
6049, 83360, 0, 0, 0
6149, 84160, 0, 0, 0
6250, 83840, 0, 0, 0
6350, 86240, 0, 0, 0
6450, 84480, 0, 0, 0
6550, 83360, 0, 0, 0
6650, 82720, 0, 0, 0
6749, 82747, 0, 0, 0
6849, 84960, 0, 0, 0
6949, 84640, 0, 0, 0
7049, 84320, 0, 0, 0
7149, 84480, 0, 0, 0
7249, 83680, 0, 0, 0
7349, 83040, 0, 0, 0
7449, 84320, 0, 0, 0
7549, 83040, 0, 0, 0
7649, 84000, 0, 0, 0
7750, 84160, 0, 0, 0
7850, 83360, 0, 0, 0
7950, 82400, 0, 0, 0
8050, 84480, 0, 0, 0
8150, 83840, 0, 0, 0
8249, 84686, 0, 0, 0
8349, 84160, 0, 0, 0
8449, 84480, 0, 0, 0
8549, 83520, 0, 0, 0
8649, 83680, 0, 0, 0
8749, 83040, 0, 0, 0
8849, 83360, 0, 0, 0
8949, 83360, 0, 0, 0
9049, 84320, 0, 0, 0
9149, 81120, 0, 0, 0
9249, 83360, 0, 0, 0
9349, 83040, 0, 0, 0
9449, 85280, 0, 0, 0
9550, 84960, 0, 0, 0
9650, 84480, 0, 0, 0
9749, 84848, 0, 0, 0
9849, 84320, 0, 0, 0
9949, 84320, 0, 0, 0
10049, 84000, 0, 0, 0
10149, 85440, 0, 0, 0
10249, 84640, 0, 0, 0
10349, 85600, 0, 0, 0
10449, 83680, 0, 0, 0
10549, 83840, 0, 0, 0
10649, 85120, 0, 0, 0
10749, 83680, 0, 0, 0
10849, 84000, 0, 0, 0
10949, 85440, 0, 0, 0
11049, 85120, 0, 0, 0
11150, 83360, 0, 0, 0
11250, 84480, 0, 0, 0
11350, 84160, 0, 0, 0
11450, 84480, 0, 0, 0
11550, 85120, 0, 0, 0
11650, 84160, 0, 0, 0
11749, 84040, 0, 0, 0
11849, 84320, 0, 0, 0
11949, 85280, 0, 0, 0
12049, 84320, 0, 0, 0
12149, 86080, 0, 0, 0
12249, 85120, 0, 0, 0
12349, 83840, 0, 0, 0
12449, 82400, 0, 0, 0
12549, 84800, 0, 0, 0
12649, 84320, 0, 0, 0
12750, 84800, 0, 0, 0
12850, 83360, 0, 0, 0
12950, 85120, 0, 0, 0
13050, 86560, 0, 0, 0
13150, 83520, 0, 0, 0
13249, 84686, 0, 0, 0
13349, 84800, 0, 0, 0
13449, 83520, 0, 0, 0
13549, 84960, 0, 0, 0
13649, 85600, 0, 0, 0
13749, 83040, 0, 0, 0
13849, 84480, 0, 0, 0
13949, 85280, 0, 0, 0
14049, 84800, 0, 0, 0
14149, 84960, 0, 0, 0
14250, 84000, 0, 0, 0
14350, 84160, 0, 0, 0
14450, 82080, 0, 0, 0
14550, 85600, 0, 0, 0
14650, 84800, 0, 0, 0
14749, 85656, 0, 0, 0
14849, 84480, 0, 0, 0
14949, 84320, 0, 0, 0
15049, 84320, 0, 0, 0
15149, 84160, 0, 0, 0
15249, 84800, 0, 0, 0
15349, 84960, 0, 0, 0
15449, 85120, 0, 0, 0
15549, 84480, 0, 0, 0
15649, 81920, 0, 0, 0
15750, 84480, 0, 0, 0
15850, 86240, 0, 0, 0
15950, 85280, 0, 0, 0
16050, 85600, 0, 0, 0
16150, 84000, 0, 0, 0
16249, 85333, 0, 0, 0
16349, 84000, 0, 0, 0
16449, 84160, 0, 0, 0
16549, 84160, 0, 0, 0
16649, 85280, 0, 0, 0
16749, 84320, 0, 0, 0
16849, 84320, 0, 0, 0
16949, 83360, 0, 0, 0
17049, 84480, 0, 0, 0
17149, 82880, 0, 0, 0
17249, 85440, 0, 0, 0
17350, 85280, 0, 0, 0
17450, 86240, 0, 0, 0
17550, 84640, 0, 0, 0
17650, 85120, 0, 0, 0
17749, 85171, 0, 0, 0
17849, 83680, 0, 0, 0
17949, 85440, 0, 0, 0
18049, 84320, 0, 0, 0
18149, 84480, 0, 0, 0
18249, 84160, 0, 0, 0
18349, 85760, 0, 0, 0
18449, 84160, 0, 0, 0
18549, 81600, 0, 0, 0
18649, 82720, 0, 0, 0
18749, 84640, 0, 0, 0
18849, 85920, 0, 0, 0
18949, 84480, 0, 0, 0
19050, 82880, 0, 0, 0
19150, 80640, 0, 0, 0
19249, 83555, 0, 0, 0
19349, 83040, 0, 0, 0
19449, 84000, 0, 0, 0
19549, 84640, 0, 0, 0
19649, 84000, 0, 0, 0
19749, 83200, 0, 0, 0
19849, 83840, 0, 0, 0
19949, 84640, 0, 0, 0
20049, 85440, 0, 0, 0
20149, 83840, 0, 0, 0
20249, 82720, 0, 0, 0
20349, 83360, 0, 0, 0
20449, 84160, 0, 0, 0
20550, 84000, 0, 0, 0
20650, 83360, 0, 0, 0
20749, 84525, 0, 0, 0
20849, 83520, 0, 0, 0
20949, 85600, 0, 0, 0
21049, 84480, 0, 0, 0
21149, 84480, 0, 0, 0
21249, 85280, 0, 0, 0
21349, 84480, 0, 0, 0
21449, 84640, 0, 0, 0
21549, 84800, 0, 0, 0
21649, 84160, 0, 0, 0
21749, 83680, 0, 0, 0
21849, 83200, 0, 0, 0
21949, 83680, 0, 0, 0
22050, 84640, 0, 0, 0
22150, 83520, 0, 0, 0
22249, 85010, 0, 0, 0
22349, 86400, 0, 0, 0
22449, 84640, 0, 0, 0
22549, 83680, 0, 0, 0
22649, 83680, 0, 0, 0
22749, 84160, 0, 0, 0
22849, 83680, 0, 0, 0
22949, 83040, 0, 0, 0
23049, 84000, 0, 0, 0
23149, 84000, 0, 0, 0
23249, 86720, 0, 0, 0
23349, 85440, 0, 0, 0
23449, 85280, 0, 0, 0
23550, 83520, 0, 0, 0
23650, 85600, 0, 0, 0
23749, 85010, 0, 0, 0
23849, 83840, 0, 0, 0
23949, 85120, 0, 0, 0
24049, 82720, 0, 0, 0
24149, 84960, 0, 0, 0
24249, 86240, 0, 0, 0
24349, 85440, 0, 0, 0
24449, 83200, 0, 0, 0
24549, 84000, 0, 0, 0
24649, 83840, 0, 0, 0
24749, 83840, 0, 0, 0
24849, 84800, 0, 0, 0
24949, 83840, 0, 0, 0
25050, 82880, 0, 0, 0
25150, 85920, 0, 0, 0
25249, 83717, 0, 0, 0
25349, 84480, 0, 0, 0
25449, 84640, 0, 0, 0
25549, 85600, 0, 0, 0
25649, 85760, 0, 0, 0
25749, 85760, 0, 0, 0
25849, 83520, 0, 0, 0
25949, 81600, 0, 0, 0
26049, 83360, 0, 0, 0
26149, 84480, 0, 0, 0
26249, 84800, 0, 0, 0
26349, 85280, 0, 0, 0
26449, 84000, 0, 0, 0
26550, 84960, 0, 0, 0
26650, 86560, 0, 0, 0
26749, 86787, 0, 0, 0
26849, 84800, 0, 0, 0
26949, 85920, 0, 0, 0
27049, 84160, 0, 0, 0
27149, 84320, 0, 0, 0
27249, 84800, 0, 0, 0
27349, 83680, 0, 0, 0
27449, 84160, 0, 0, 0
27549, 84640, 0, 0, 0
27649, 83520, 0, 0, 0
27749, 84160, 0, 0, 0
27849, 84160, 0, 0, 0
27949, 84160, 0, 0, 0
28049, 82400, 0, 0, 0
28150, 82880, 0, 0, 0
28250, 86400, 0, 0, 0
28350, 84960, 0, 0, 0
28450, 86080, 0, 0, 0
28550, 84320, 0, 0, 0
28650, 86080, 0, 0, 0
28749, 84363, 0, 0, 0
28849, 84160, 0, 0, 0
28949, 83360, 0, 0, 0
29049, 84640, 0, 0, 0
29149, 84640, 0, 0, 0
29249, 84320, 0, 0, 0
29349, 85920, 0, 0, 0
29449, 83840, 0, 0, 0
29549, 84000, 0, 0, 0
29649, 84480, 0, 0, 0
29750, 85600, 0, 0, 0
29850, 84800, 0, 0, 0
29950, 83520, 0, 0, 0
30050, 84800, 0, 0, 0
30150, 85920, 0, 0, 0
30249, 85494, 0, 0, 0
30349, 84000, 0, 0, 0
30449, 85920, 0, 0, 0
30549, 84960, 0, 0, 0
30649, 85760, 0, 0, 0
30749, 85600, 0, 0, 0
30849, 83680, 0, 0, 0
30949, 85120, 0, 0, 0
31049, 84000, 0, 0, 0
31149, 84800, 0, 0, 0
31249, 86240, 0, 0, 0
31349, 83840, 0, 0, 0
31449, 85600, 0, 0, 0
31550, 85440, 0, 0, 0
31650, 86240, 0, 0, 0
31749, 83878, 0, 0, 0
31849, 83360, 0, 0, 0
31949, 83040, 0, 0, 0
32049, 84160, 0, 0, 0
32149, 83200, 0, 0, 0
32249, 82880, 0, 0, 0
32349, 82720, 0, 0, 0
32449, 83040, 0, 0, 0
32549, 84320, 0, 0, 0
32649, 84320, 0, 0, 0
32749, 82720, 0, 0, 0
32849, 83680, 0, 0, 0
32950, 83200, 0, 0, 0
33050, 82560, 0, 0, 0
33150, 83360, 0, 0, 0
33249, 83070, 0, 0, 0
33349, 83360, 0, 0, 0
33449, 81600, 0, 0, 0
33549, 83200, 0, 0, 0
33649, 82080, 0, 0, 0
33749, 81920, 0, 0, 0
33849, 82400, 0, 0, 0
33949, 83840, 0, 0, 0
34049, 83360, 0, 0, 0
34149, 80800, 0, 0, 0
34249, 81760, 0, 0, 0
34349, 82080, 0, 0, 0
34450, 83360, 0, 0, 0
34550, 83360, 0, 0, 0
34650, 83040, 0, 0, 0
34749, 82424, 0, 0, 0
34849, 81760, 0, 0, 0
34949, 81120, 0, 0, 0
35049, 83520, 0, 0, 0
35149, 82080, 0, 0, 0
35249, 83040, 0, 0, 0
35349, 83200, 0, 0, 0
35449, 83200, 0, 0, 0
35549, 80640, 0, 0, 0
35649, 76800, 0, 0, 0
35749, 77280, 0, 0, 0
35849, 78720, 0, 0, 0
35949, 77760, 0, 0, 0
36050, 77920, 0, 0, 0
36150, 80960, 0, 0, 0
36249, 79353, 0, 0, 0
36349, 80320, 0, 0, 0
36449, 78240, 0, 0, 0
36549, 78720, 0, 0, 0
36649, 79200, 0, 0, 0
36749, 80000, 0, 0, 0
36849, 80320, 0, 0, 0
36949, 79040, 0, 0, 0
37049, 79680, 0, 0, 0
37149, 80160, 0, 0, 0
37249, 79840, 0, 0, 0
37349, 79520, 0, 0, 0
37449, 79040, 0, 0, 0
37550, 78560, 0, 0, 0
37650, 79040, 0, 0, 0
37749, 80161, 0, 0, 0
37849, 80000, 0, 0, 0
37949, 79360, 0, 0, 0
38049, 79840, 0, 0, 0
38149, 78080, 0, 0, 0
38249, 80000, 0, 0, 0
38349, 78880, 0, 0, 0
38449, 79840, 0, 0, 0
38549, 80800, 0, 0, 0
38649, 78400, 0, 0, 0
38749, 78080, 0, 0, 0
38849, 79360, 0, 0, 0
38949, 78560, 0, 0, 0
39049, 78400, 0, 0, 0
39149, 79200, 0, 0, 0
39250, 78240, 0, 0, 0
39350, 79040, 0, 0, 0
39450, 79520, 0, 0, 0
39550, 81760, 0, 0, 0
39650, 80320, 0, 0, 0
39749, 80323, 0, 0, 0
39849, 79040, 0, 0, 0
39949, 80800, 0, 0, 0
40049, 78400, 0, 0, 0
40149, 79520, 0, 0, 0
40249, 78560, 0, 0, 0
40349, 79360, 0, 0, 0
40449, 80320, 0, 0, 0
40549, 80960, 0, 0, 0
40649, 79040, 0, 0, 0
40749, 80000, 0, 0, 0
40849, 80960, 0, 0, 0
40950, 79360, 0, 0, 0
41050, 81280, 0, 0, 0
41150, 77280, 0, 0, 0
41249, 79353, 0, 0, 0
41349, 77920, 0, 0, 0
41449, 80000, 0, 0, 0
41549, 80160, 0, 0, 0
41649, 80000, 0, 0, 0
41749, 80000, 0, 0, 0
41849, 80800, 0, 0, 0
41949, 81440, 0, 0, 0
42049, 80320, 0, 0, 0
42149, 80160, 0, 0, 0
42249, 79680, 0, 0, 0
42349, 80640, 0, 0, 0
42450, 80480, 0, 0, 0
42550, 80640, 0, 0, 0
42650, 80640, 0, 0, 0
42749, 81292, 0, 0, 0
42849, 79200, 0, 0, 0
42949, 79840, 0, 0, 0
43049, 79200, 0, 0, 0
43149, 79680, 0, 0, 0
43249, 80960, 0, 0, 0
43349, 80800, 0, 0, 0
43449, 78880, 0, 0, 0
43549, 80800, 0, 0, 0
43649, 80000, 0, 0, 0
43750, 78240, 0, 0, 0
43850, 79360, 0, 0, 0
43950, 79840, 0, 0, 0
44050, 80160, 0, 0, 0
44150, 79520, 0, 0, 0
44249, 79515, 0, 0, 0
44349, 78400, 0, 0, 0
44449, 80000, 0, 0, 0
44549, 79680, 0, 0, 0
44649, 80960, 0, 0, 0
44749, 81440, 0, 0, 0
44849, 79360, 0, 0, 0
44949, 79680, 0, 0, 0
45049, 78720, 0, 0, 0
45149, 80320, 0, 0, 0
45250, 81760, 0, 0, 0
45350, 81280, 0, 0, 0
45450, 81440, 0, 0, 0
45550, 80320, 0, 0, 0
45650, 80960, 0, 0, 0
45749, 80646, 0, 0, 0
45849, 79520, 0, 0, 0
45949, 80480, 0, 0, 0
46049, 79680, 0, 0, 0
46149, 79360, 0, 0, 0
46249, 79200, 0, 0, 0
46349, 80800, 0, 0, 0
46449, 81760, 0, 0, 0
46549, 78880, 0, 0, 0
46649, 80480, 0, 0, 0
46750, 79520, 0, 0, 0
46850, 80480, 0, 0, 0
46950, 78240, 0, 0, 0
47050, 79520, 0, 0, 0
47150, 80160, 0, 0, 0
47249, 79838, 0, 0, 0
47349, 80800, 0, 0, 0
47449, 78880, 0, 0, 0
47549, 79040, 0, 0, 0
47649, 82080, 0, 0, 0
47749, 81920, 0, 0, 0
47849, 79360, 0, 0, 0
47949, 81600, 0, 0, 0
48049, 80160, 0, 0, 0
48149, 79680, 0, 0, 0
48249, 81280, 0, 0, 0
48349, 80640, 0, 0, 0
48450, 81760, 0, 0, 0
48550, 79040, 0, 0, 0
48650, 79840, 0, 0, 0
48749, 80323, 0, 0, 0
48849, 81760, 0, 0, 0
48949, 79520, 0, 0, 0
49049, 80000, 0, 0, 0
49149, 79520, 0, 0, 0
49249, 79520, 0, 0, 0
49349, 80160, 0, 0, 0
49449, 79680, 0, 0, 0
49549, 80800, 0, 0, 0
49649, 80640, 0, 0, 0
49749, 79360, 0, 0, 0
49849, 80480, 0, 0, 0
49949, 76800, 0, 0, 0
50049, 79840, 0, 0, 0
50150, 80800, 0, 0, 0
50249, 80808, 0, 0, 0
50349, 80800, 0, 0, 0
50449, 79040, 0, 0, 0
50549, 80000, 0, 0, 0
50649, 80800, 0, 0, 0
50749, 80320, 0, 0, 0
50849, 79360, 0, 0, 0
50949, 81600, 0, 0, 0
51049, 80800, 0, 0, 0
51149, 79520, 0, 0, 0
51249, 80000, 0, 0, 0
51349, 79360, 0, 0, 0
51449, 79520, 0, 0, 0
51549, 78720, 0, 0, 0
51649, 80320, 0, 0, 0
51750, 80800, 0, 0, 0
51850, 79040, 0, 0, 0
51950, 80640, 0, 0, 0
52050, 80480, 0, 0, 0
52150, 79680, 0, 0, 0
52249, 80808, 0, 0, 0
52349, 79360, 0, 0, 0
52449, 77440, 0, 0, 0
52549, 78880, 0, 0, 0
52649, 79840, 0, 0, 0
52749, 80800, 0, 0, 0
52849, 78240, 0, 0, 0
52949, 81280, 0, 0, 0
53049, 81440, 0, 0, 0
53149, 81600, 0, 0, 0
53250, 80480, 0, 0, 0
53350, 80800, 0, 0, 0
53450, 80480, 0, 0, 0
53550, 80480, 0, 0, 0
53650, 81280, 0, 0, 0
53749, 80808, 0, 0, 0
53849, 81440, 0, 0, 0
53949, 82240, 0, 0, 0
54049, 79520, 0, 0, 0
54149, 81120, 0, 0, 0
54249, 81280, 0, 0, 0
54349, 80160, 0, 0, 0
54449, 81760, 0, 0, 0
54549, 79520, 0, 0, 0
54650, 80000, 0, 0, 0
54750, 80960, 0, 0, 0
54850, 79040, 0, 0, 0
54950, 80000, 0, 0, 0
55050, 82080, 0, 0, 0
55150, 80000, 0, 0, 0
55249, 81616, 0, 0, 0
55349, 79520, 0, 0, 0
55449, 81760, 0, 0, 0
55549, 81920, 0, 0, 0
55649, 80480, 0, 0, 0
55749, 81280, 0, 0, 0
55849, 80320, 0, 0, 0
55949, 80800, 0, 0, 0
56049, 79200, 0, 0, 0
56149, 82240, 0, 0, 0
56250, 79680, 0, 0, 0
56350, 80640, 0, 0, 0
56450, 79520, 0, 0, 0
56550, 80000, 0, 0, 0
56650, 80960, 0, 0, 0
56749, 79515, 0, 0, 0
56849, 81920, 0, 0, 0
56949, 80320, 0, 0, 0
57049, 80800, 0, 0, 0
57149, 78400, 0, 0, 0
57249, 79840, 0, 0, 0
57349, 80000, 0, 0, 0
57449, 80640, 0, 0, 0
57549, 80640, 0, 0, 0
57649, 82080, 0, 0, 0
57750, 80480, 0, 0, 0
57850, 79840, 0, 0, 0
57950, 80160, 0, 0, 0
58050, 80000, 0, 0, 0
58150, 80480, 0, 0, 0
58249, 79515, 0, 0, 0
58349, 81600, 0, 0, 0
58449, 80000, 0, 0, 0
58549, 80320, 0, 0, 0
58649, 79840, 0, 0, 0
58749, 79680, 0, 0, 0
58849, 80480, 0, 0, 0
58949, 80640, 0, 0, 0
59049, 81120, 0, 0, 0
59149, 81280, 0, 0, 0
59249, 81120, 0, 0, 0
59350, 78880, 0, 0, 0
59450, 82400, 0, 0, 0
59550, 80320, 0, 0, 0
59650, 80800, 0, 0, 0
59749, 80646, 0, 0, 0
59849, 80320, 0, 0, 0
59949, 80320, 0, 0, 0
60049, 80320, 0, 0, 0
60149, 79200, 0, 0, 0
60249, 79840, 0, 0, 0
60349, 79520, 0, 0, 0
60449, 80960, 0, 0, 0
60549, 79680, 0, 0, 0
60649, 80640, 0, 0, 0
60749, 80960, 0, 0, 0
60849, 79840, 0, 0, 0
60950, 80000, 0, 0, 0
61050, 79840, 0, 0, 0
61150, 80800, 0, 0, 0
61249, 81131, 0, 0, 0
61349, 80000, 0, 0, 0
61449, 80640, 0, 0, 0
61549, 79360, 0, 0, 0
61649, 78880, 0, 0, 0
61749, 79680, 0, 0, 0
61849, 80960, 0, 0, 0
61949, 80640, 0, 0, 0
62049, 81760, 0, 0, 0
62149, 80320, 0, 0, 0
62249, 80960, 0, 0, 0
62349, 81440, 0, 0, 0
62449, 79520, 0, 0, 0
62550, 82080, 0, 0, 0
62650, 80960, 0, 0, 0
62749, 81616, 0, 0, 0
62849, 79680, 0, 0, 0
62949, 80480, 0, 0, 0
63049, 80160, 0, 0, 0
63149, 79840, 0, 0, 0
63249, 80160, 0, 0, 0
63349, 79840, 0, 0, 0
63449, 79040, 0, 0, 0
63549, 80480, 0, 0, 0
63649, 81280, 0, 0, 0
63749, 81600, 0, 0, 0
63849, 81920, 0, 0, 0
63949, 81440, 0, 0, 0
64050, 81920, 0, 0, 0
64150, 79520, 0, 0, 0
64249, 80484, 0, 0, 0
64349, 80160, 0, 0, 0
64449, 81280, 0, 0, 0
64549, 80640, 0, 0, 0
64649, 81920, 0, 0, 0
64749, 81280, 0, 0, 0
64849, 79200, 0, 0, 0
64949, 82880, 0, 0, 0
65049, 80960, 0, 0, 0
65149, 83200, 0, 0, 0
65249, 80800, 0, 0, 0
65349, 80160, 0, 0, 0
65449, 80160, 0, 0, 0
65550, 79520, 0, 0, 0
65650, 80320, 0, 0, 0
65749, 82101, 0, 0, 0
65849, 82400, 0, 0, 0
65949, 82400, 0, 0, 0
66049, 80160, 0, 0, 0
66149, 80000, 0, 0, 0
66249, 78880, 0, 0, 0
66349, 82400, 0, 0, 0
66449, 80320, 0, 0, 0
66549, 80160, 0, 0, 0
66649, 79840, 0, 0, 0
66749, 81440, 0, 0, 0
66849, 79200, 0, 0, 0
66949, 79200, 0, 0, 0
67049, 80000, 0, 0, 0
67150, 82400, 0, 0, 0
67249, 81939, 0, 0, 0
67349, 79200, 0, 0, 0
67449, 80320, 0, 0, 0
67549, 80640, 0, 0, 0
67649, 80160, 0, 0, 0
67749, 81440, 0, 0, 0
67849, 81920, 0, 0, 0
67949, 81440, 0, 0, 0
68049, 82400, 0, 0, 0
68149, 80160, 0, 0, 0
68249, 80480, 0, 0, 0
68349, 80800, 0, 0, 0
68449, 79680, 0, 0, 0
68549, 79680, 0, 0, 0
68649, 80960, 0, 0, 0
68749, 82080, 0, 0, 0
68850, 80800, 0, 0, 0
68950, 81440, 0, 0, 0
69050, 81440, 0, 0, 0
69150, 81280, 0, 0, 0
69249, 79676, 0, 0, 0
69349, 80800, 0, 0, 0
69449, 81600, 0, 0, 0
69549, 79680, 0, 0, 0
69649, 80960, 0, 0, 0
69749, 80320, 0, 0, 0
69849, 80960, 0, 0, 0
69949, 80320, 0, 0, 0
70049, 80480, 0, 0, 0
70149, 80800, 0, 0, 0
70249, 79360, 0, 0, 0
70349, 79840, 0, 0, 0
70449, 81920, 0, 0, 0
70550, 78720, 0, 0, 0
70650, 79840, 0, 0, 0
70749, 78868, 0, 0, 0
70849, 80480, 0, 0, 0
70949, 80320, 0, 0, 0
71049, 82560, 0, 0, 0
71149, 81440, 0, 0, 0
71249, 80800, 0, 0, 0
71349, 80800, 0, 0, 0
71449, 81440, 0, 0, 0
71549, 82880, 0, 0, 0
71649, 79840, 0, 0, 0
71749, 79360, 0, 0, 0
71849, 80160, 0, 0, 0
71949, 80160, 0, 0, 0
72050, 79840, 0, 0, 0
72150, 80960, 0, 0, 0
72249, 80646, 0, 0, 0
72349, 80000, 0, 0, 0
72449, 80640, 0, 0, 0
72549, 80640, 0, 0, 0
72649, 80160, 0, 0, 0
72749, 80800, 0, 0, 0
72849, 80000, 0, 0, 0
72949, 80000, 0, 0, 0
73049, 79680, 0, 0, 0
73149, 80640, 0, 0, 0
73249, 80320, 0, 0, 0
73349, 81280, 0, 0, 0
73449, 79840, 0, 0, 0
73550, 79840, 0, 0, 0
73650, 79360, 0, 0, 0
73749, 78707, 0, 0, 0
73849, 79840, 0, 0, 0
73949, 79840, 0, 0, 0
74049, 77920, 0, 0, 0
74149, 80800, 0, 0, 0
74249, 79840, 0, 0, 0
74349, 81280, 0, 0, 0
74449, 79680, 0, 0, 0
74549, 79360, 0, 0, 0
74649, 78400, 0, 0, 0
74749, 80800, 0, 0, 0
74849, 79040, 0, 0, 0
74949, 78880, 0, 0, 0
75050, 80640, 0, 0, 0
75150, 81280, 0, 0, 0
75249, 80000, 0, 0, 0
75349, 80800, 0, 0, 0
75449, 81280, 0, 0, 0
75549, 80800, 0, 0, 0
75649, 80480, 0, 0, 0
75749, 79840, 0, 0, 0
75849, 80800, 0, 0, 0
75949, 78720, 0, 0, 0
76049, 78560, 0, 0, 0
76149, 80800, 0, 0, 0
76249, 79520, 0, 0, 0
76349, 80320, 0, 0, 0
76449, 80480, 0, 0, 0
76550, 80000, 0, 0, 0
76650, 80960, 0, 0, 0
76749, 79676, 0, 0, 0
76849, 80960, 0, 0, 0
76949, 80480, 0, 0, 0
77049, 80480, 0, 0, 0
77149, 80640, 0, 0, 0
77249, 81760, 0, 0, 0
77349, 80480, 0, 0, 0
77449, 80480, 0, 0, 0
77549, 79840, 0, 0, 0
77649, 79040, 0, 0, 0
77749, 78880, 0, 0, 0
77849, 79680, 0, 0, 0
77949, 81120, 0, 0, 0
78049, 80640, 0, 0, 0
78150, 79360, 0, 0, 0
78249, 80161, 0, 0, 0
78349, 79680, 0, 0, 0
78449, 80160, 0, 0, 0
78549, 80800, 0, 0, 0
78649, 79680, 0, 0, 0
78749, 80160, 0, 0, 0
78849, 81120, 0, 0, 0
78949, 80480, 0, 0, 0
79049, 82240, 0, 0, 0
79149, 80480, 0, 0, 0
79249, 79200, 0, 0, 0
79349, 81600, 0, 0, 0
79449, 80000, 0, 0, 0
79549, 82240, 0, 0, 0
79649, 79520, 0, 0, 0
79750, 81440, 0, 0, 0
79850, 80000, 0, 0, 0
79950, 82080, 0, 0, 0
80050, 79360, 0, 0, 0
80150, 79680, 0, 0, 0
80249, 81131, 0, 0, 0
80349, 80960, 0, 0, 0
80449, 81280, 0, 0, 0
80549, 81440, 0, 0, 0
80649, 81760, 0, 0, 0
80749, 81440, 0, 0, 0
80849, 81760, 0, 0, 0
80949, 80160, 0, 0, 0
81049, 81120, 0, 0, 0
81149, 80480, 0, 0, 0
81250, 81760, 0, 0, 0
81350, 81120, 0, 0, 0
81450, 82080, 0, 0, 0
81550, 81120, 0, 0, 0
81650, 80960, 0, 0, 0
81749, 82262, 0, 0, 0
81849, 82560, 0, 0, 0
81949, 81600, 0, 0, 0
82049, 80000, 0, 0, 0
82149, 80000, 0, 0, 0
82249, 81280, 0, 0, 0
82349, 82080, 0, 0, 0
82449, 81920, 0, 0, 0
82549, 79680, 0, 0, 0
82649, 81280, 0, 0, 0
82749, 80800, 0, 0, 0
82850, 80960, 0, 0, 0
82950, 79520, 0, 0, 0
83050, 80800, 0, 0, 0
83150, 81600, 0, 0, 0
83249, 81777, 0, 0, 0
83349, 80800, 0, 0, 0
83449, 82720, 0, 0, 0
83549, 81760, 0, 0, 0
83649, 80480, 0, 0, 0
83749, 81280, 0, 0, 0
83849, 80800, 0, 0, 0
83949, 80000, 0, 0, 0
84049, 81120, 0, 0, 0
84149, 80960, 0, 0, 0
84249, 81280, 0, 0, 0
84349, 80960, 0, 0, 0
84449, 79840, 0, 0, 0
84550, 82720, 0, 0, 0
84650, 80640, 0, 0, 0
84749, 80323, 0, 0, 0
84849, 80640, 0, 0, 0
84949, 80960, 0, 0, 0
85049, 80800, 0, 0, 0
85149, 82080, 0, 0, 0
85249, 80160, 0, 0, 0
85349, 81440, 0, 0, 0
85449, 83040, 0, 0, 0
85549, 81280, 0, 0, 0
85649, 82560, 0, 0, 0
85749, 82560, 0, 0, 0
85849, 80480, 0, 0, 0
85949, 79200, 0, 0, 0
86049, 80000, 0, 0, 0
86149, 81600, 0, 0, 0
86250, 79680, 0, 0, 0
86350, 79840, 0, 0, 0
86450, 79840, 0, 0, 0
86550, 79680, 0, 0, 0
86650, 81920, 0, 0, 0
86749, 80969, 0, 0, 0
86849, 80160, 0, 0, 0
86949, 80160, 0, 0, 0
87049, 82400, 0, 0, 0
87149, 81920, 0, 0, 0
87249, 82400, 0, 0, 0
87349, 81120, 0, 0, 0
87449, 80800, 0, 0, 0
87549, 81920, 0, 0, 0
87649, 79680, 0, 0, 0
87750, 80960, 0, 0, 0
87850, 80480, 0, 0, 0
87950, 80640, 0, 0, 0
88050, 80160, 0, 0, 0
88150, 80480, 0, 0, 0
88249, 81454, 0, 0, 0
88349, 79680, 0, 0, 0
88449, 82560, 0, 0, 0
88549, 79360, 0, 0, 0
88649, 81280, 0, 0, 0
88749, 83520, 0, 0, 0
88849, 79360, 0, 0, 0
88949, 80160, 0, 0, 0
89049, 80000, 0, 0, 0
89149, 80640, 0, 0, 0
89250, 79040, 0, 0, 0
89350, 79360, 0, 0, 0
89450, 81920, 0, 0, 0
89550, 81600, 0, 0, 0
89650, 81280, 0, 0, 0
89749, 80484, 0, 0, 0
89849, 80320, 0, 0, 0
89949, 78880, 0, 0, 0
