250, 84288, 0, 0, 0
350, 84480, 0, 0, 0
450, 84480, 0, 0, 0
550, 84480, 0, 0, 0
650, 85280, 0, 0, 0
749, 83555, 0, 0, 0
849, 85120, 0, 0, 0
949, 83840, 0, 0, 0
1049, 83840, 0, 0, 0
1149, 82720, 0, 0, 0
1250, 84160, 0, 0, 0
1350, 83840, 0, 0, 0
1450, 83360, 0, 0, 0
1550, 84160, 0, 0, 0
1650, 83680, 0, 0, 0
1749, 85818, 0, 0, 0
1849, 83840, 0, 0, 0
1949, 85600, 0, 0, 0
2049, 85440, 0, 0, 0
2149, 84480, 0, 0, 0
2249, 83360, 0, 0, 0
2350, 84320, 0, 0, 0
2450, 84160, 0, 0, 0
2550, 83840, 0, 0, 0
2650, 85440, 0, 0, 0
2749, 85656, 0, 0, 0
2849, 85280, 0, 0, 0
2949, 83360, 0, 0, 0
3049, 84000, 0, 0, 0
3149, 84640, 0, 0, 0
3249, 82240, 0, 0, 0
3349, 84160, 0, 0, 0
3449, 84640, 0, 0, 0
3550, 83200, 0, 0, 0
3650, 83840, 0, 0, 0
3749, 84363, 0, 0, 0
3849, 84480, 0, 0, 0
3949, 83360, 0, 0, 0
4049, 84960, 0, 0, 0
4149, 85440, 0, 0, 0
4249, 86560, 0, 0, 0
4349, 83840, 0, 0, 0
4449, 84480, 0, 0, 0
4550, 84000, 0, 0, 0
4650, 84000, 0, 0, 0
4749, 82909, 0, 0, 0
4849, 85440, 0, 0, 0
4949, 83520, 0, 0, 0
5049, 84960, 0, 0, 0
5149, 84640, 0, 0, 0
5249, 85600, 0, 0, 0
5349, 83840, 0, 0, 0
5449, 82880, 0, 0, 0
5549, 85440, 0, 0, 0
5649, 84960, 0, 0, 0
5750, 84480, 0, 0, 0
5850, 83520, 0, 0, 0
5950, 87840, 0, 0, 0
6050, 85760, 0, 0, 0
6150, 83360, 0, 0, 0
6249, 84363, 0, 0, 0
6349, 81440, 0, 0, 0
6449, 83680, 0, 0, 0
6549, 83360, 0, 0, 0
6649, 85920, 0, 0, 0
6749, 84640, 0, 0, 0
6849, 85120, 0, 0, 0
6950, 84800, 0, 0, 0
7050, 87360, 0, 0, 0
7150, 82880, 0, 0, 0
7249, 85494, 0, 0, 0
7349, 83680, 0, 0, 0
7449, 85280, 0, 0, 0
7549, 83520, 0, 0, 0
7649, 82240, 0, 0, 0
7749, 83360, 0, 0, 0
7849, 84320, 0, 0, 0
7949, 83680, 0, 0, 0
8050, 83680, 0, 0, 0
8150, 83680, 0, 0, 0
8249, 82909, 0, 0, 0
8349, 84640, 0, 0, 0
8449, 82560, 0, 0, 0
8549, 83360, 0, 0, 0
8649, 84160, 0, 0, 0
8749, 83360, 0, 0, 0
8849, 82240, 0, 0, 0
8949, 84000, 0, 0, 0
9049, 84160, 0, 0, 0
9149, 84160, 0, 0, 0
9250, 84160, 0, 0, 0
9350, 82240, 0, 0, 0
9450, 82880, 0, 0, 0
9550, 84800, 0, 0, 0
9650, 84640, 0, 0, 0
9749, 85010, 0, 0, 0
9849, 84640, 0, 0, 0
9949, 84800, 0, 0, 0
10049, 84640, 0, 0, 0
10149, 84160, 0, 0, 0
10249, 84000, 0, 0, 0
10349, 83840, 0, 0, 0
10450, 83840, 0, 0, 0
10550, 85120, 0, 0, 0
10650, 84160, 0, 0, 0
10749, 83717, 0, 0, 0
10849, 84320, 0, 0, 0
10949, 84800, 0, 0, 0
11049, 84640, 0, 0, 0
11149, 84320, 0, 0, 0
11249, 83680, 0, 0, 0
11349, 84640, 0, 0, 0
11449, 84000, 0, 0, 0
11550, 84160, 0, 0, 0
11650, 83040, 0, 0, 0
11749, 82585, 0, 0, 0
11849, 84160, 0, 0, 0
11949, 84320, 0, 0, 0
12049, 85120, 0, 0, 0
12149, 82720, 0, 0, 0
12249, 83360, 0, 0, 0
12349, 85120, 0, 0, 0
12449, 84480, 0, 0, 0
12549, 85440, 0, 0, 0
12650, 84960, 0, 0, 0
12750, 83200, 0, 0, 0
12850, 84800, 0, 0, 0
12950, 84000, 0, 0, 0
13050, 84800, 0, 0, 0
13150, 84320, 0, 0, 0
13249, 84848, 0, 0, 0
13349, 84960, 0, 0, 0
13449, 83840, 0, 0, 0
13549, 83360, 0, 0, 0
13649, 85280, 0, 0, 0
13750, 84000, 0, 0, 0
13850, 84160, 0, 0, 0
13950, 85120, 0, 0, 0
14050, 83040, 0, 0, 0
14150, 83040, 0, 0, 0
14249, 83717, 0, 0, 0
14349, 82880, 0, 0, 0
14449, 82880, 0, 0, 0
14549, 83520, 0, 0, 0
14649, 85920, 0, 0, 0
14749, 84640, 0, 0, 0
14849, 83840, 0, 0, 0
14949, 84320, 0, 0, 0
15050, 84160, 0, 0, 0
15150, 84640, 0, 0, 0
15249, 83232, 0, 0, 0
15349, 85120, 0, 0, 0
15449, 84800, 0, 0, 0
15549, 84640, 0, 0, 0
15649, 83200, 0, 0, 0
15749, 85760, 0, 0, 0
15849, 84800, 0, 0, 0
15949, 83520, 0, 0, 0
16050, 85440, 0, 0, 0
16150, 84320, 0, 0, 0
16249, 85010, 0, 0, 0
16349, 86080, 0, 0, 0
16449, 84480, 0, 0, 0
16549, 85280, 0, 0, 0
16649, 84160, 0, 0, 0
16749, 83520, 0, 0, 0
16849, 84640, 0, 0, 0
16949, 85280, 0, 0, 0
17049, 84160, 0, 0, 0
17149, 85280, 0, 0, 0
17250, 82880, 0, 0, 0
17350, 84000, 0, 0, 0
17450, 85440, 0, 0, 0
17550, 83840, 0, 0, 0
17650, 82560, 0, 0, 0
17749, 87272, 0, 0, 0
17849, 86400, 0, 0, 0
17949, 84000, 0, 0, 0
18049, 83680, 0, 0, 0
18149, 85760, 0, 0, 0
18249, 83520, 0, 0, 0
18349, 84960, 0, 0, 0
18450, 82720, 0, 0, 0
18550, 84640, 0, 0, 0
18650, 86400, 0, 0, 0
18749, 86464, 0, 0, 0
18849, 85440, 0, 0, 0
18949, 85600, 0, 0, 0
19049, 83520, 0, 0, 0
19149, 82240, 0, 0, 0
19249, 81440, 0, 0, 0
19349, 85120, 0, 0, 0
19449, 83680, 0, 0, 0
19550, 83360, 0, 0, 0
19650, 85760, 0, 0, 0
19749, 84202, 0, 0, 0
19849, 84160, 0, 0, 0
19949, 86240, 0, 0, 0
20049, 85600, 0, 0, 0
20149, 84480, 0, 0, 0
20249, 83360, 0, 0, 0
20349, 85600, 0, 0, 0
20449, 84640, 0, 0, 0
20549, 85120, 0, 0, 0
20649, 83040, 0, 0, 0
20750, 84320, 0, 0, 0
20850, 84160, 0, 0, 0
20950, 84640, 0, 0, 0
21050, 84640, 0, 0, 0
21150, 85120, 0, 0, 0
21249, 85979, 0, 0, 0
21349, 85920, 0, 0, 0
21449, 85440, 0, 0, 0
21549, 84160, 0, 0, 0
21649, 84320, 0, 0, 0
21750, 84480, 0, 0, 0
21850, 84960, 0, 0, 0
21950, 85440, 0, 0, 0
22050, 84000, 0, 0, 0
22150, 86400, 0, 0, 0
22249, 83717, 0, 0, 0
22349, 84000, 0, 0, 0
22449, 83360, 0, 0, 0
22549, 83200, 0, 0, 0
22649, 84320, 0, 0, 0
22749, 84000, 0, 0, 0
22849, 85280, 0, 0, 0
22949, 83360, 0, 0, 0
23050, 86720, 0, 0, 0
23150, 82560, 0, 0, 0
23249, 85333, 0, 0, 0
23349, 85600, 0, 0, 0
23449, 83200, 0, 0, 0
23549, 82720, 0, 0, 0
23649, 83360, 0, 0, 0
23749, 84000, 0, 0, 0
23849, 83520, 0, 0, 0
23949, 83680, 0, 0, 0
24049, 84160, 0, 0, 0
24150, 85760, 0, 0, 0
24250, 85920, 0, 0, 0
24350, 84640, 0, 0, 0
24450, 84960, 0, 0, 0
24550, 81760, 0, 0, 0
24650, 84640, 0, 0, 0
24749, 86141, 0, 0, 0
24849, 85120, 0, 0, 0
24949, 86080, 0, 0, 0
25049, 86080, 0, 0, 0
25149, 84480, 0, 0, 0
25250, 84160, 0, 0, 0
25350, 86080, 0, 0, 0
25450, 85120, 0, 0, 0
25550, 85920, 0, 0, 0
25650, 85920, 0, 0, 0
25749, 82262, 0, 0, 0
25849, 84320, 0, 0, 0
25949, 84000, 0, 0, 0
26049, 84640, 0, 0, 0
26149, 82560, 0, 0, 0
26249, 84320, 0, 0, 0
26349, 83840, 0, 0, 0
26449, 87040, 0, 0, 0
26550, 83840, 0, 0, 0
26650, 85600, 0, 0, 0
26749, 85979, 0, 0, 0
26849, 84480, 0, 0, 0
26949, 84000, 0, 0, 0
27049, 85760, 0, 0, 0
27149, 86080, 0, 0, 0
27249, 87040, 0, 0, 0
27349, 86400, 0, 0, 0
27449, 85280, 0, 0, 0
27550, 84960, 0, 0, 0
27650, 85760, 0, 0, 0
27749, 85333, 0, 0, 0
27849, 84000, 0, 0, 0
27949, 84640, 0, 0, 0
28049, 85760, 0, 0, 0
28149, 83680, 0, 0, 0
28249, 84320, 0, 0, 0
28349, 86080, 0, 0, 0
28449, 84480, 0, 0, 0
28549, 85440, 0, 0, 0
28649, 86080, 0, 0, 0
28750, 83040, 0, 0, 0
28850, 82560, 0, 0, 0
28950, 84000, 0, 0, 0
29050, 84960, 0, 0, 0
29150, 83520, 0, 0, 0
29249, 83717, 0, 0, 0
29349, 85440, 0, 0, 0
29449, 84960, 0, 0, 0
29549, 84000, 0, 0, 0
29649, 84000, 0, 0, 0
29749, 83680, 0, 0, 0
29850, 83040, 0, 0, 0
29950, 83040, 0, 0, 0
30050, 84320, 0, 0, 0
30150, 84000, 0, 0, 0
30249, 82101, 0, 0, 0
30349, 85760, 0, 0, 0
30449, 84640, 0, 0, 0
30549, 85280, 0, 0, 0
30649, 85760, 0, 0, 0
30749, 84800, 0, 0, 0
30849, 84000, 0, 0, 0
30949, 84480, 0, 0, 0
31050, 85920, 0, 0, 0
31150, 84800, 0, 0, 0
31249, 84363, 0, 0, 0
31349, 84480, 0, 0, 0
31449, 83360, 0, 0, 0
31549, 84800, 0, 0, 0
31649, 85280, 0, 0, 0
31749, 84960, 0, 0, 0
31849, 80480, 0, 0, 0
31949, 82240, 0, 0, 0
32049, 83520, 0, 0, 0
32149, 81600, 0, 0, 0
32250, 83840, 0, 0, 0
32350, 84000, 0, 0, 0
32450, 83680, 0, 0, 0
32550, 81760, 0, 0, 0
32650, 83040, 0, 0, 0
32749, 85333, 0, 0, 0
32849, 82240, 0, 0, 0
32949, 83680, 0, 0, 0
33049, 84640, 0, 0, 0
33149, 83840, 0, 0, 0
33250, 85120, 0, 0, 0
33350, 82080, 0, 0, 0
33450, 84000, 0, 0, 0
33550, 82880, 0, 0, 0
33650, 82880, 0, 0, 0
33749, 83717, 0, 0, 0
33849, 82240, 0, 0, 0
33949, 83520, 0, 0, 0
34049, 83680, 0, 0, 0
34149, 84000, 0, 0, 0
34249, 80640, 0, 0, 0
34349, 82880, 0, 0, 0
34449, 82720, 0, 0, 0
34550, 83840, 0, 0, 0
34650, 81920, 0, 0, 0
34749, 81777, 0, 0, 0
34849, 81760, 0, 0, 0
34949, 81440, 0, 0, 0
35049, 83680, 0, 0, 0
35149, 82880, 0, 0, 0
35249, 81760, 0, 0, 0
35349, 81440, 0, 0, 0
35449, 82880, 0, 0, 0
35549, 83040, 0, 0, 0
35650, 84800, 0, 0, 0
35749, 83878, 0, 0, 0
35849, 83520, 0, 0, 0
35949, 80960, 0, 0, 0
36049, 80320, 0, 0, 0
36149, 80960, 0, 0, 0
36249, 80800, 0, 0, 0
36349, 81440, 0, 0, 0
36449, 81600, 0, 0, 0
36549, 82240, 0, 0, 0
36649, 81600, 0, 0, 0
36750, 80320, 0, 0, 0
36850, 81120, 0, 0, 0
36950, 80960, 0, 0, 0
37050, 80960, 0, 0, 0
37150, 81440, 0, 0, 0
37249, 81777, 0, 0, 0
37349, 82240, 0, 0, 0
37449, 81920, 0, 0, 0
37549, 80320, 0, 0, 0
37649, 81120, 0, 0, 0
37749, 81280, 0, 0, 0
37849, 81920, 0, 0, 0
37949, 81600, 0, 0, 0
38050, 82560, 0, 0, 0
38150, 82080, 0, 0, 0
38249, 80000, 0, 0, 0
38349, 80800, 0, 0, 0
38449, 81280, 0, 0, 0
38549, 83040, 0, 0, 0
38649, 83200, 0, 0, 0
38749, 83200, 0, 0, 0
38849, 77920, 0, 0, 0
38949, 80000, 0, 0, 0
39049, 81600, 0, 0, 0
39150, 83680, 0, 0, 0
39249, 84363, 0, 0, 0
39349, 81440, 0, 0, 0
39449, 82080, 0, 0, 0
39549, 82720, 0, 0, 0
39649, 81600, 0, 0, 0
39749, 82080, 0, 0, 0
39849, 80000, 0, 0, 0
39949, 82240, 0, 0, 0
40049, 80320, 0, 0, 0
40149, 80960, 0, 0, 0
40250, 80640, 0, 0, 0
40350, 80640, 0, 0, 0
40450, 82560, 0, 0, 0
40550, 82080, 0, 0, 0
40650, 83200, 0, 0, 0
40749, 82101, 0, 0, 0
40849, 82080, 0, 0, 0
40949, 80800, 0, 0, 0
41049, 80800, 0, 0, 0
41149, 82240, 0, 0, 0
41249, 82400, 0, 0, 0
41350, 82880, 0, 0, 0
41450, 82560, 0, 0, 0
41550, 81920, 0, 0, 0
41650, 81920, 0, 0, 0
41749, 82262, 0, 0, 0
41849, 82080, 0, 0, 0
41949, 83200, 0, 0, 0
42049, 81920, 0, 0, 0
42149, 81440, 0, 0, 0
42249, 82080, 0, 0, 0
42349, 83680, 0, 0, 0
42449, 83040, 0, 0, 0
42550, 82080, 0, 0, 0
42650, 83200, 0, 0, 0
42749, 82747, 0, 0, 0
42849, 82400, 0, 0, 0
42949, 82560, 0, 0, 0
43049, 80160, 0, 0, 0
43149, 83200, 0, 0, 0
43249, 82880, 0, 0, 0
43349, 82560, 0, 0, 0
43449, 81120, 0, 0, 0
43549, 82240, 0, 0, 0
43649, 81760, 0, 0, 0
43750, 82400, 0, 0, 0
43850, 80480, 0, 0, 0
43950, 82560, 0, 0, 0
44050, 81120, 0, 0, 0
44150, 81600, 0, 0, 0
44249, 81777, 0, 0, 0
44349, 80000, 0, 0, 0
44449, 79040, 0, 0, 0
44549, 80000, 0, 0, 0
44649, 79840, 0, 0, 0
44749, 80000, 0, 0, 0
44850, 79360, 0, 0, 0
44950, 80160, 0, 0, 0
45050, 80800, 0, 0, 0
45150, 79040, 0, 0, 0
45249, 79838, 0, 0, 0
45349, 81440, 0, 0, 0
45449, 83040, 0, 0, 0
45549, 79360, 0, 0, 0
45649, 81440, 0, 0, 0
45749, 80480, 0, 0, 0
45849, 80320, 0, 0, 0
45949, 79200, 0, 0, 0
46050, 82080, 0, 0, 0
46150, 79520, 0, 0, 0
46249, 78222, 0, 0, 0
46349, 80000, 0, 0, 0
46449, 80160, 0, 0, 0
46549, 80800, 0, 0, 0
46649, 80480, 0, 0, 0
46749, 79040, 0, 0, 0
46849, 80160, 0, 0, 0
46949, 79200, 0, 0, 0
47049, 81760, 0, 0, 0
47149, 79040, 0, 0, 0
47250, 79840, 0, 0, 0
47350, 81280, 0, 0, 0
47450, 79680, 0, 0, 0
47550, 80160, 0, 0, 0
47650, 80320, 0, 0, 0
47749, 77575, 0, 0, 0
47849, 79200, 0, 0, 0
47949, 80960, 0, 0, 0
48049, 79200, 0, 0, 0
48149, 80480, 0, 0, 0
48249, 79520, 0, 0, 0
48349, 79840, 0, 0, 0
48449, 79680, 0, 0, 0
48550, 80960, 0, 0, 0
48650, 79200, 0, 0, 0
48749, 80808, 0, 0, 0
48849, 81120, 0, 0, 0
48949, 81120, 0, 0, 0
49049, 79840, 0, 0, 0
49149, 81280, 0, 0, 0
49249, 79680, 0, 0, 0
49349, 81440, 0, 0, 0
49449, 78400, 0, 0, 0
49550, 80640, 0, 0, 0
49650, 80000, 0, 0, 0
49749, 80484, 0, 0, 0
49849, 80160, 0, 0, 0
49949, 80000, 0, 0, 0
50049, 80160, 0, 0, 0
50149, 80000, 0, 0, 0
50249, 79520, 0, 0, 0
50349, 80640, 0, 0, 0
50449, 81120, 0, 0, 0
50549, 80960, 0, 0, 0
50649, 80640, 0, 0, 0
50750, 80320, 0, 0, 0
50850, 80960, 0, 0, 0
50950, 79200, 0, 0, 0
51050, 81280, 0, 0, 0
51150, 80960, 0, 0, 0
51249, 80161, 0, 0, 0
51349, 79520, 0, 0, 0
51449, 80160, 0, 0, 0
51549, 78560, 0, 0, 0
51649, 78240, 0, 0, 0
51749, 80480, 0, 0, 0
51849, 79040, 0, 0, 0
51950, 80160, 0, 0, 0
52050, 80960, 0, 0, 0
52150, 79200, 0, 0, 0
52249, 79353, 0, 0, 0
52349, 79680, 0, 0, 0
52449, 78080, 0, 0, 0
52549, 79840, 0, 0, 0
52649, 80640, 0, 0, 0
52749, 79200, 0, 0, 0
52849, 80640, 0, 0, 0
52949, 80800, 0, 0, 0
53050, 80800, 0, 0, 0
53150, 80160, 0, 0, 0
53249, 80323, 0, 0, 0
53349, 81280, 0, 0, 0
53449, 80320, 0, 0, 0
53549, 82400, 0, 0, 0
53649, 78400, 0, 0, 0
53749, 81440, 0, 0, 0
53849, 81760, 0, 0, 0
53949, 82240, 0, 0, 0
54049, 82240, 0, 0, 0
54149, 80640, 0, 0, 0
54250, 80960, 0, 0, 0
54350, 81760, 0, 0, 0
54450, 80320, 0, 0, 0
54550, 80160, 0, 0, 0
54650, 80320, 0, 0, 0
54749, 81939, 0, 0, 0
54849, 79840, 0, 0, 0
54949, 80640, 0, 0, 0
55049, 80160, 0, 0, 0
55149, 80800, 0, 0, 0
55250, 80320, 0, 0, 0
55350, 80160, 0, 0, 0
55450, 81760, 0, 0, 0
55550, 81920, 0, 0, 0
55650, 82080, 0, 0, 0
55749, 81131, 0, 0, 0
55849, 78720, 0, 0, 0
55949, 80320, 0, 0, 0
56049, 79040, 0, 0, 0
56149, 80320, 0, 0, 0
56249, 81600, 0, 0, 0
56349, 82080, 0, 0, 0
56449, 80640, 0, 0, 0
56550, 80160, 0, 0, 0
56650, 81120, 0, 0, 0
56749, 80484, 0, 0, 0
56849, 81120, 0, 0, 0
56949, 80480, 0, 0, 0
57049, 79520, 0, 0, 0
57149, 80320, 0, 0, 0
57249, 80480, 0, 0, 0
57349, 80480, 0, 0, 0
57449, 81280, 0, 0, 0
57549, 79840, 0, 0, 0
57649, 80800, 0, 0, 0
57750, 80480, 0, 0, 0
57850, 80480, 0, 0, 0
57950, 81280, 0, 0, 0
58050, 80160, 0, 0, 0
58150, 80640, 0, 0, 0
58249, 79191, 0, 0, 0
58349, 80640, 0, 0, 0
58449, 81920, 0, 0, 0
58549, 81120, 0, 0, 0
58649, 82240, 0, 0, 0
58750, 80640, 0, 0, 0
58850, 81120, 0, 0, 0
58950, 80320, 0, 0, 0
59050, 78880, 0, 0, 0
59150, 80000, 0, 0, 0
59249, 79676, 0, 0, 0
59349, 79680, 0, 0, 0
59449, 81440, 0, 0, 0
59549, 80480, 0, 0, 0
59649, 81120, 0, 0, 0
59749, 80000, 0, 0, 0
59849, 79520, 0, 0, 0
59950, 79360, 0, 0, 0
60050, 81120, 0, 0, 0
60150, 80160, 0, 0, 0
60249, 80161, 0, 0, 0
60349, 79680, 0, 0, 0
60449, 79680, 0, 0, 0
60549, 82240, 0, 0, 0
60649, 80480, 0, 0, 0
60749, 80320, 0, 0, 0
60849, 80960, 0, 0, 0
60949, 82880, 0, 0, 0
61050, 82400, 0, 0, 0
61150, 80480, 0, 0, 0
61249, 78707, 0, 0, 0
61349, 79360, 0, 0, 0
61449, 81120, 0, 0, 0
61549, 78880, 0, 0, 0
61649, 80000, 0, 0, 0
61749, 81760, 0, 0, 0
61849, 80000, 0, 0, 0
61949, 82080, 0, 0, 0
62049, 82080, 0, 0, 0
62149, 80480, 0, 0, 0
62250, 80960, 0, 0, 0
62350, 81600, 0, 0, 0
62450, 80960, 0, 0, 0
62550, 81120, 0, 0, 0
62650, 81120, 0, 0, 0
62749, 80969, 0, 0, 0
62849, 78720, 0, 0, 0
62949, 79040, 0, 0, 0
63049, 81440, 0, 0, 0
63149, 80320, 0, 0, 0
63249, 82400, 0, 0, 0
63349, 80640, 0, 0, 0
63450, 82400, 0, 0, 0
63550, 80800, 0, 0, 0
63650, 80640, 0, 0, 0
63749, 80808, 0, 0, 0
63849, 80960, 0, 0, 0
63949, 80160, 0, 0, 0
64049, 80160, 0, 0, 0
64149, 79360, 0, 0, 0
64249, 81600, 0, 0, 0
64349, 82080, 0, 0, 0
64449, 81120, 0, 0, 0
64550, 81440, 0, 0, 0
64650, 81280, 0, 0, 0
64749, 80161, 0, 0, 0
64849, 81280, 0, 0, 0
64949, 81120, 0, 0, 0
65049, 79840, 0, 0, 0
65149, 81600, 0, 0, 0
65249, 81760, 0, 0, 0
65349, 81440, 0, 0, 0
65449, 80320, 0, 0, 0
65549, 81120, 0, 0, 0
65649, 81600, 0, 0, 0
65750, 80800, 0, 0, 0
65850, 81440, 0, 0, 0
65950, 80160, 0, 0, 0
66050, 80480, 0, 0, 0
66150, 80640, 0, 0, 0
66249, 79515, 0, 0, 0
66349, 81760, 0, 0, 0
66449, 81600, 0, 0, 0
66549, 79840, 0, 0, 0
66649, 78560, 0, 0, 0
66749, 80000, 0, 0, 0
66849, 78720, 0, 0, 0
66950, 80160, 0, 0, 0
67050, 80000, 0, 0, 0
67150, 80960, 0, 0, 0
67249, 81454, 0, 0, 0
67349, 81760, 0, 0, 0
67449, 80480, 0, 0, 0
67549, 81600, 0, 0, 0
67649, 83840, 0, 0, 0
67749, 81760, 0, 0, 0
67849, 79360, 0, 0, 0
67949, 80480, 0, 0, 0
68050, 81120, 0, 0, 0
68150, 81600, 0, 0, 0
68249, 81616, 0, 0, 0
68349, 80800, 0, 0, 0
68449, 80800, 0, 0, 0
68549, 80640, 0, 0, 0
68649, 81920, 0, 0, 0
68749, 81280, 0, 0, 0
68849, 80800, 0, 0, 0
68949, 81760, 0, 0, 0
69049, 79360, 0, 0, 0
69149, 79840, 0, 0, 0
69250, 80160, 0, 0, 0
69350, 80960, 0, 0, 0
69450, 79680, 0, 0, 0
69550, 80960, 0, 0, 0
69650, 80800, 0, 0, 0
69749, 81292, 0, 0, 0
69849, 80640, 0, 0, 0
69949, 80160, 0, 0, 0
70049, 82240, 0, 0, 0
70149, 78880, 0, 0, 0
70249, 81120, 0, 0, 0
70349, 80960, 0, 0, 0
70449, 79360, 0, 0, 0
70550, 79200, 0, 0, 0
70650, 79360, 0, 0, 0
70749, 79515, 0, 0, 0
70849, 81280, 0, 0, 0
70949, 80640, 0, 0, 0
71049, 80640, 0, 0, 0
71149, 81920, 0, 0, 0
71249, 79200, 0, 0, 0
71349, 80000, 0, 0, 0
71449, 81280, 0, 0, 0
71550, 81920, 0, 0, 0
71650, 80960, 0, 0, 0
71749, 80000, 0, 0, 0
71849, 81280, 0, 0, 0
71949, 82080, 0, 0, 0
72049, 82560, 0, 0, 0
72149, 81600, 0, 0, 0
72249, 80320, 0, 0, 0
72349, 80320, 0, 0, 0
72449, 80160, 0, 0, 0
72549, 81280, 0, 0, 0
72649, 81440, 0, 0, 0
72750, 80000, 0, 0, 0
72850, 80160, 0, 0, 0
72950, 80960, 0, 0, 0
73050, 80960, 0, 0, 0
73150, 80640, 0, 0, 0
73249, 79515, 0, 0, 0
73349, 80320, 0, 0, 0
73449, 80160, 0, 0, 0
73549, 79520, 0, 0, 0
73649, 81440, 0, 0, 0
73749, 79200, 0, 0, 0
73849, 80960, 0, 0, 0
73949, 80000, 0, 0, 0
74050, 80800, 0, 0, 0
74150, 81280, 0, 0, 0
74249, 80808, 0, 0, 0
74349, 79840, 0, 0, 0
74449, 81120, 0, 0, 0
74549, 80000, 0, 0, 0
74649, 80960, 0, 0, 0
74749, 80800, 0, 0, 0
74849, 79520, 0, 0, 0
74949, 79360, 0, 0, 0
75050, 80480, 0, 0, 0
75150, 80480, 0, 0, 0
75249, 79838, 0, 0, 0
75349, 81440, 0, 0, 0
75449, 81280, 0, 0, 0
75549, 81600, 0, 0, 0
75649, 81600, 0, 0, 0
75749, 80320, 0, 0, 0
75849, 83360, 0, 0, 0
75949, 79680, 0, 0, 0
76049, 82560, 0, 0, 0
76149, 82240, 0, 0, 0
76250, 80320, 0, 0, 0
76350, 81760, 0, 0, 0
76450, 80480, 0, 0, 0
76550, 81600, 0, 0, 0
76650, 80960, 0, 0, 0
76749, 81454, 0, 0, 0
76849, 82560, 0, 0, 0
76949, 81600, 0, 0, 0
77049, 81600, 0, 0, 0
77149, 79040, 0, 0, 0
77249, 79520, 0, 0, 0
77349, 81440, 0, 0, 0
77450, 80960, 0, 0, 0
77550, 82240, 0, 0, 0
77650, 80800, 0, 0, 0
77749, 80646, 0, 0, 0
77849, 80640, 0, 0, 0
77949, 81280, 0, 0, 0
78049, 79520, 0, 0, 0
78149, 81280, 0, 0, 0
78249, 81440, 0, 0, 0
78349, 81760, 0, 0, 0
78449, 80800, 0, 0, 0
78550, 80480, 0, 0, 0
78650, 83840, 0, 0, 0
78749, 81777, 0, 0, 0
78849, 80320, 0, 0, 0
78949, 80800, 0, 0, 0
79049, 81440, 0, 0, 0
79149, 81120, 0, 0, 0
79249, 80320, 0, 0, 0
79349, 79840, 0, 0, 0
79449, 79680, 0, 0, 0
79549, 81440, 0, 0, 0
79649, 79360, 0, 0, 0
79750, 80640, 0, 0, 0
79850, 81280, 0, 0, 0
79950, 81600, 0, 0, 0
80050, 82240, 0, 0, 0
80150, 80640, 0, 0, 0
80249, 80323, 0, 0, 0
80349, 80480, 0, 0, 0
80449, 80480, 0, 0, 0
80549, 82080, 0, 0, 0
80649, 82080, 0, 0, 0
80749, 81440, 0, 0, 0
80850, 81280, 0, 0, 0
80950, 80320, 0, 0, 0
81050, 80480, 0, 0, 0
81150, 80000, 0, 0, 0
81249, 79676, 0, 0, 0
81349, 80640, 0, 0, 0
81449, 78240, 0, 0, 0
81549, 79840, 0, 0, 0
81649, 82400, 0, 0, 0
81749, 80800, 0, 0, 0
81849, 79840, 0, 0, 0
81949, 81920, 0, 0, 0
82050, 81440, 0, 0, 0
82150, 79840, 0, 0, 0
82249, 80161, 0, 0, 0
82349, 79360, 0, 0, 0
82449, 80800, 0, 0, 0
82549, 79520, 0, 0, 0
82649, 79680, 0, 0, 0
82749, 79360, 0, 0, 0
82849, 81600, 0, 0, 0
82949, 80800, 0, 0, 0
83049, 80960, 0, 0, 0
83150, 82560, 0, 0, 0
83250, 81600, 0, 0, 0
83350, 81600, 0, 0, 0
83450, 80640, 0, 0, 0
83550, 81920, 0, 0, 0
83650, 79840, 0, 0, 0
83749, 81939, 0, 0, 0
83849, 80800, 0, 0, 0
83949, 80160, 0, 0, 0
84049, 80960, 0, 0, 0
84149, 80160, 0, 0, 0
84250, 81600, 0, 0, 0
84350, 79840, 0, 0, 0
84450, 81440, 0, 0, 0
84550, 82080, 0, 0, 0
84650, 82560, 0, 0, 0
84749, 79838, 0, 0, 0
84849, 80160, 0, 0, 0
84949, 82560, 0, 0, 0
85049, 80640, 0, 0, 0
85149, 82080, 0, 0, 0
85249, 80960, 0, 0, 0
85349, 80160, 0, 0, 0
85449, 81600, 0, 0, 0
85550, 82400, 0, 0, 0
85650, 81120, 0, 0, 0
85749, 81292, 0, 0, 0
85849, 79840, 0, 0, 0
85949, 78720, 0, 0, 0
86049, 79680, 0, 0, 0
86149, 78080, 0, 0, 0
86249, 80640, 0, 0, 0
86349, 79520, 0, 0, 0
86449, 81600, 0, 0, 0
86550, 79840, 0, 0, 0
86650, 79200, 0, 0, 0
86749, 81777, 0, 0, 0
86849, 80000, 0, 0, 0
86949, 80320, 0, 0, 0
87049, 78880, 0, 0, 0
87149, 81600, 0, 0, 0
87249, 80960, 0, 0, 0
87349, 79200, 0, 0, 0
87449, 78720, 0, 0, 0
87549, 80800, 0, 0, 0
87649, 80320, 0, 0, 0
87750, 80480, 0, 0, 0
87850, 80160, 0, 0, 0
87950, 80000, 0, 0, 0
88050, 79680, 0, 0, 0
88150, 82080, 0, 0, 0
88249, 78707, 0, 0, 0
88349, 79840, 0, 0, 0
88449, 80320, 0, 0, 0
88549, 80160, 0, 0, 0
88649, 80480, 0, 0, 0
88749, 80480, 0, 0, 0
88849, 80320, 0, 0, 0
88950, 80640, 0, 0, 0
89050, 80160, 0, 0, 0
89150, 80960, 0, 0, 0
89249, 75959, 0, 0, 0
89349, 79520, 0, 0, 0
89449, 80160, 0, 0, 0
89549, 79680, 0, 0, 0
89649, 81120, 0, 0, 0
89749, 79040, 0, 0, 0
89849, 80800, 0, 0, 0
89949, 80960, 0, 0, 0
