100, 1043524, 0, 0, 0
200, 1048891, 0, 0, 0
300, 1030114, 0, 0, 0
400, 1066170, 0, 0, 0
500, 1092231, 0, 0, 0
600, 1050320, 0, 0, 0
700, 1027834, 0, 0, 0
800, 1005620, 0, 0, 0
900, 1015390, 0, 0, 0
1000, 1027184, 0, 0, 0
1100, 1010990, 0, 0, 0
1200, 1015883, 0, 0, 0
1300, 1009076, 0, 0, 0
1400, 1012515, 0, 0, 0
1500, 1031209, 0, 0, 0
1600, 1011191, 0, 0, 0
1700, 1022742, 0, 0, 0
1800, 997465, 0, 0, 0
1900, 1007436, 0, 0, 0
2000, 1006992, 0, 0, 0
2100, 1017411, 0, 0, 0
2200, 1043648, 0, 0, 0
2300, 1010656, 0, 0, 0
2400, 1081475, 0, 0, 0
2500, 1019773, 0, 0, 0
2600, 1006215, 0, 0, 0
2700, 1011526, 0, 0, 0
2800, 1037019, 0, 0, 0
2900, 1011222, 0, 0, 0
3000, 1007302, 0, 0, 0
3100, 1021459, 0, 0, 0
3200, 1011089, 0, 0, 0
3300, 1007620, 0, 0, 0
3400, 1018388, 0, 0, 0
3500, 1041838, 0, 0, 0
3600, 1036161, 0, 0, 0
3700, 1010775, 0, 0, 0
3800, 1010303, 0, 0, 0
3900, 995796, 0, 0, 0
4000, 1043392, 0, 0, 0
4100, 1033834, 0, 0, 0
4200, 1039106, 0, 0, 0
4300, 1014251, 0, 0, 0
4400, 1022816, 0, 0, 0
4500, 1023407, 0, 0, 0
4600, 1023186, 0, 0, 0
4700, 1046114, 0, 0, 0
4800, 1029046, 0, 0, 0
4900, 1045235, 0, 0, 0
5000, 1064386, 0, 0, 0
5100, 1042615, 0, 0, 0
5200, 1065143, 0, 0, 0
5300, 1020025, 0, 0, 0
5400, 1089757, 0, 0, 0
5500, 1032692, 0, 0, 0
5600, 1031005, 0, 0, 0
5700, 1010805, 0, 0, 0
5800, 1016216, 0, 0, 0
5900, 1042007, 0, 0, 0
6000, 1002814, 0, 0, 0
6100, 1012031, 0, 0, 0
6200, 1010839, 0, 0, 0
6300, 986038, 0, 0, 0
6400, 1001358, 0, 0, 0
6500, 1000197, 0, 0, 0
6600, 998786, 0, 0, 0
6700, 1044968, 0, 0, 0
6800, 1052296, 0, 0, 0
6900, 1043215, 0, 0, 0
7000, 1034590, 0, 0, 0
7100, 1042062, 0, 0, 0
7200, 1033117, 0, 0, 0
7300, 1039576, 0, 0, 0
7400, 1060595, 0, 0, 0
7500, 1038051, 0, 0, 0
7600, 1057556, 0, 0, 0
7700, 1033399, 0, 0, 0
7800, 1029523, 0, 0, 0
7900, 1052261, 0, 0, 0
8000, 1032969, 0, 0, 0
8100, 1033146, 0, 0, 0
8200, 1022740, 0, 0, 0
8300, 1020676, 0, 0, 0
8400, 1020212, 0, 0, 0
8500, 996063, 0, 0, 0
8600, 994226, 0, 0, 0
8700, 996311, 0, 0, 0
8800, 1005053, 0, 0, 0
8900, 996042, 0, 0, 0
9000, 1002041, 0, 0, 0
9100, 1001399, 0, 0, 0
9200, 1004873, 0, 0, 0
9300, 999027, 0, 0, 0
9400, 987052, 0, 0, 0
9500, 985563, 0, 0, 0
9600, 989886, 0, 0, 0
9700, 1004878, 0, 0, 0
9800, 1010927, 0, 0, 0
9900, 1001463, 0, 0, 0
10000, 995621, 0, 0, 0
10100, 994338, 0, 0, 0
10200, 1008852, 0, 0, 0
10300, 1020020, 0, 0, 0
10400, 1029233, 0, 0, 0
10500, 1019429, 0, 0, 0
10600, 977994, 0, 0, 0
10700, 983096, 0, 0, 0
10800, 966257, 0, 0, 0
10900, 983257, 0, 0, 0
11000, 981268, 0, 0, 0
11100, 1007818, 0, 0, 0
11200, 983799, 0, 0, 0
11300, 970113, 0, 0, 0
11400, 1041634, 0, 0, 0
11500, 968236, 0, 0, 0
11600, 977938, 0, 0, 0
11700, 966377, 0, 0, 0
11800, 980920, 0, 0, 0
11900, 973813, 0, 0, 0
12000, 982513, 0, 0, 0
12100, 984689, 0, 0, 0
12201, 973850, 0, 0, 0
12300, 971321, 0, 0, 0
12400, 973348, 0, 0, 0
12500, 984395, 0, 0, 0
12600, 970708, 0, 0, 0
12700, 972224, 0, 0, 0
12800, 980709, 0, 0, 0
12900, 956509, 0, 0, 0
13000, 969710, 0, 0, 0
13100, 966021, 0, 0, 0
13200, 942854, 0, 0, 0
13300, 958825, 0, 0, 0
13400, 946425, 0, 0, 0
13500, 970341, 0, 0, 0
13600, 963928, 0, 0, 0
13700, 937570, 0, 0, 0
13800, 949492, 0, 0, 0
13900, 955211, 0, 0, 0
14000, 991989, 0, 0, 0
14100, 957526, 0, 0, 0
14200, 967938, 0, 0, 0
14300, 957370, 0, 0, 0
14400, 1020341, 0, 0, 0
14500, 942488, 0, 0, 0
14600, 969148, 0, 0, 0
14700, 967612, 0, 0, 0
14800, 970034, 0, 0, 0
14900, 937019, 0, 0, 0
15000, 969957, 0, 0, 0
15100, 972928, 0, 0, 0
15200, 975825, 0, 0, 0
15300, 961604, 0, 0, 0
15400, 943256, 0, 0, 0
15500, 979652, 0, 0, 0
15600, 1007845, 0, 0, 0
15700, 983222, 0, 0, 0
15800, 971892, 0, 0, 0
15900, 954437, 0, 0, 0
16000, 946334, 0, 0, 0
16100, 934330, 0, 0, 0
16200, 944792, 0, 0, 0
16300, 927457, 0, 0, 0
16400, 926386, 0, 0, 0
16500, 937183, 0, 0, 0
16600, 928317, 0, 0, 0
16700, 924125, 0, 0, 0
16800, 927186, 0, 0, 0
16900, 919570, 0, 0, 0
17000, 923184, 0, 0, 0
17100, 929741, 0, 0, 0
17200, 945991, 0, 0, 0
17300, 941715, 0, 0, 0
17400, 935782, 0, 0, 0
17500, 933710, 0, 0, 0
17600, 934514, 0, 0, 0
17700, 921316, 0, 0, 0
17800, 926259, 0, 0, 0
17900, 941543, 0, 0, 0
18000, 921074, 0, 0, 0
18100, 933222, 0, 0, 0
18200, 928493, 0, 0, 0
18300, 913074, 0, 0, 0
18400, 915135, 0, 0, 0
18500, 927493, 0, 0, 0
18600, 917708, 0, 0, 0
18700, 931353, 0, 0, 0
18800, 930434, 0, 0, 0
18900, 913904, 0, 0, 0
19000, 929704, 0, 0, 0
19100, 935296, 0, 0, 0
19200, 924309, 0, 0, 0
19300, 909150, 0, 0, 0
19400, 909522, 0, 0, 0
19500, 924545, 0, 0, 0
19600, 943804, 0, 0, 0
19700, 924205, 0, 0, 0
19800, 921000, 0, 0, 0
19900, 929264, 0, 0, 0
20000, 907217, 0, 0, 0
20100, 926427, 0, 0, 0
20200, 937432, 0, 0, 0
20300, 927333, 0, 0, 0
20400, 978615, 0, 0, 0
20500, 926413, 0, 0, 0
20600, 914611, 0, 0, 0
20700, 924284, 0, 0, 0
20800, 927489, 0, 0, 0
20900, 944550, 0, 0, 0
21000, 944036, 0, 0, 0
21100, 928008, 0, 0, 0
21200, 916142, 0, 0, 0
21300, 903715, 0, 0, 0
21400, 943219, 0, 0, 0
21500, 928786, 0, 0, 0
21600, 929700, 0, 0, 0
21700, 925746, 0, 0, 0
21800, 926945, 0, 0, 0
21900, 927761, 0, 0, 0
22000, 916131, 0, 0, 0
22100, 910276, 0, 0, 0
22200, 923024, 0, 0, 0
22300, 920375, 0, 0, 0
22400, 936761, 0, 0, 0
22500, 921609, 0, 0, 0
22600, 939538, 0, 0, 0
22700, 926638, 0, 0, 0
22800, 940425, 0, 0, 0
22900, 921896, 0, 0, 0
23000, 945537, 0, 0, 0
23100, 920692, 0, 0, 0
23200, 934189, 0, 0, 0
23300, 946470, 0, 0, 0
23400, 956779, 0, 0, 0
23500, 915401, 0, 0, 0
23600, 936387, 0, 0, 0
23700, 917063, 0, 0, 0
23800, 929354, 0, 0, 0
23900, 928510, 0, 0, 0
24000, 939195, 0, 0, 0
24100, 941818, 0, 0, 0
24200, 948053, 0, 0, 0
24300, 943569, 0, 0, 0
24400, 926110, 0, 0, 0
24500, 929701, 0, 0, 0
24600, 938220, 0, 0, 0
24700, 936356, 0, 0, 0
24800, 933283, 0, 0, 0
24900, 956472, 0, 0, 0
25000, 944537, 0, 0, 0
25100, 935807, 0, 0, 0
25200, 940433, 0, 0, 0
25300, 937443, 0, 0, 0
25400, 956939, 0, 0, 0
25500, 940941, 0, 0, 0
25600, 955612, 0, 0, 0
25700, 928238, 0, 0, 0
25800, 938646, 0, 0, 0
25900, 959413, 0, 0, 0
26000, 926893, 0, 0, 0
26100, 944031, 0, 0, 0
26200, 928950, 0, 0, 0
26300, 956724, 0, 0, 0
26400, 967131, 0, 0, 0
26500, 918261, 0, 0, 0
26600, 946023, 0, 0, 0
26700, 921798, 0, 0, 0
26800, 917452, 0, 0, 0
26900, 925489, 0, 0, 0
27000, 916040, 0, 0, 0
27100, 910910, 0, 0, 0
27200, 911152, 0, 0, 0
27300, 911980, 0, 0, 0
27400, 913114, 0, 0, 0
27500, 922980, 0, 0, 0
27600, 929669, 0, 0, 0
27700, 932300, 0, 0, 0
27800, 925063, 0, 0, 0
27900, 918884, 0, 0, 0
28000, 917678, 0, 0, 0
28100, 922290, 0, 0, 0
28200, 940911, 0, 0, 0
28300, 921788, 0, 0, 0
28400, 925586, 0, 0, 0
28500, 931056, 0, 0, 0
28600, 935907, 0, 0, 0
28700, 936847, 0, 0, 0
28800, 942937, 0, 0, 0
28900, 951061, 0, 0, 0
29000, 924283, 0, 0, 0
29100, 932064, 0, 0, 0
29200, 919200, 0, 0, 0
29300, 926583, 0, 0, 0
29400, 930019, 0, 0, 0
29500, 944744, 0, 0, 0
29600, 926473, 0, 0, 0
29700, 927505, 0, 0, 0
29800, 928645, 0, 0, 0
29900, 930232, 0, 0, 0
30000, 930153, 0, 0, 0
30100, 933745, 0, 0, 0
30200, 927628, 0, 0, 0
30300, 933236, 0, 0, 0
30400, 926473, 0, 0, 0
30500, 940360, 0, 0, 0
30600, 938862, 0, 0, 0
30700, 938413, 0, 0, 0
30800, 943662, 0, 0, 0
30900, 952682, 0, 0, 0
31000, 927748, 0, 0, 0
31100, 945700, 0, 0, 0
31200, 927254, 0, 0, 0
31300, 930967, 0, 0, 0
31400, 963684, 0, 0, 0
31500, 981073, 0, 0, 0
31600, 974619, 0, 0, 0
31700, 932210, 0, 0, 0
31800, 934617, 0, 0, 0
31900, 938762, 0, 0, 0
32000, 927147, 0, 0, 0
32100, 958875, 0, 0, 0
32200, 956301, 0, 0, 0
32300, 964825, 0, 0, 0
32400, 972211, 0, 0, 0
32500, 929312, 0, 0, 0
32600, 945016, 0, 0, 0
32700, 944392, 0, 0, 0
32800, 936013, 0, 0, 0
32900, 930153, 0, 0, 0
33000, 935955, 0, 0, 0
33100, 939213, 0, 0, 0
33200, 934689, 0, 0, 0
33300, 947421, 0, 0, 0
33400, 942312, 0, 0, 0
33500, 935678, 0, 0, 0
33600, 943361, 0, 0, 0
33700, 942492, 0, 0, 0
33800, 927199, 0, 0, 0
33900, 934176, 0, 0, 0
34000, 958611, 0, 0, 0
34100, 947564, 0, 0, 0
34200, 945617, 0, 0, 0
34300, 964581, 0, 0, 0
34400, 968379, 0, 0, 0
34500, 962236, 0, 0, 0
34600, 954387, 0, 0, 0
34700, 973695, 0, 0, 0
34800, 943173, 0, 0, 0
34900, 954034, 0, 0, 0
35000, 953026, 0, 0, 0
35100, 936214, 0, 0, 0
35200, 968126, 0, 0, 0
35300, 955597, 0, 0, 0
35400, 983686, 0, 0, 0
35500, 951436, 0, 0, 0
35600, 980606, 0, 0, 0
35700, 971926, 0, 0, 0
35800, 967038, 0, 0, 0
35900, 990939, 0, 0, 0
36000, 1000441, 0, 0, 0
36100, 1005631, 0, 0, 0
36200, 1008866, 0, 0, 0
36300, 1022246, 0, 0, 0
36400, 1004933, 0, 0, 0
36500, 1005390, 0, 0, 0
36600, 1010776, 0, 0, 0
36700, 1021111, 0, 0, 0
36800, 1032051, 0, 0, 0
36900, 1020930, 0, 0, 0
37000, 991077, 0, 0, 0
37100, 1034405, 0, 0, 0
37200, 1001285, 0, 0, 0
37300, 1010548, 0, 0, 0
37400, 1017647, 0, 0, 0
37500, 989861, 0, 0, 0
37600, 1018856, 0, 0, 0
37700, 1005656, 0, 0, 0
37800, 1020288, 0, 0, 0
37900, 1003906, 0, 0, 0
38000, 999670, 0, 0, 0
38100, 990214, 0, 0, 0
38200, 1009156, 0, 0, 0
38301, 1021313, 0, 0, 0
38400, 1033751, 0, 0, 0
38500, 1020936, 0, 0, 0
38600, 1011082, 0, 0, 0
38700, 1025184, 0, 0, 0
38800, 1011783, 0, 0, 0
38900, 1011138, 0, 0, 0
39000, 1012683, 0, 0, 0
39100, 1012701, 0, 0, 0
39200, 1018335, 0, 0, 0
39300, 997631, 0, 0, 0
39400, 1016410, 0, 0, 0
39500, 1006753, 0, 0, 0
39600, 1016308, 0, 0, 0
39700, 1016364, 0, 0, 0
39800, 1022968, 0, 0, 0
39900, 997418, 0, 0, 0
40000, 1001506, 0, 0, 0
40100, 1012891, 0, 0, 0
40200, 996590, 0, 0, 0
40300, 1015796, 0, 0, 0
40400, 986987, 0, 0, 0
40500, 1016080, 0, 0, 0
40600, 1007516, 0, 0, 0
40700, 995056, 0, 0, 0
40800, 991793, 0, 0, 0
40900, 1020345, 0, 0, 0
41000, 1006648, 0, 0, 0
41100, 1014846, 0, 0, 0
41200, 1011949, 0, 0, 0
41300, 1022253, 0, 0, 0
41400, 1067008, 0, 0, 0
41500, 1017396, 0, 0, 0
41600, 1013184, 0, 0, 0
41700, 1010544, 0, 0, 0
41800, 1019572, 0, 0, 0
41900, 1034223, 0, 0, 0
42000, 1041745, 0, 0, 0
42100, 1045042, 0, 0, 0
42200, 1021517, 0, 0, 0
42300, 1019648, 0, 0, 0
42400, 1039458, 0, 0, 0
42500, 1032728, 0, 0, 0
42600, 1030672, 0, 0, 0
42700, 1016905, 0, 0, 0
42800, 1018492, 0, 0, 0
42900, 1008008, 0, 0, 0
43000, 1038071, 0, 0, 0
43100, 1009447, 0, 0, 0
43200, 1004699, 0, 0, 0
43300, 1011230, 0, 0, 0
43400, 996886, 0, 0, 0
43500, 1012125, 0, 0, 0
43600, 1027426, 0, 0, 0
43700, 1014972, 0, 0, 0
43800, 1007300, 0, 0, 0
43900, 1012587, 0, 0, 0
44000, 1018355, 0, 0, 0
44100, 1037682, 0, 0, 0
44200, 1028419, 0, 0, 0
44300, 1027782, 0, 0, 0
44400, 1084359, 0, 0, 0
44500, 1043206, 0, 0, 0
44600, 1054808, 0, 0, 0
44700, 1028323, 0, 0, 0
44800, 1039137, 0, 0, 0
44900, 1034630, 0, 0, 0
45000, 1029805, 0, 0, 0
45100, 1031317, 0, 0, 0
45200, 1025207, 0, 0, 0
45300, 1021168, 0, 0, 0
45400, 1047872, 0, 0, 0
45500, 1081354, 0, 0, 0
45600, 1065978, 0, 0, 0
45700, 1092723, 0, 0, 0
45800, 1067022, 0, 0, 0
45900, 1072760, 0, 0, 0
46000, 1075828, 0, 0, 0
46100, 1060224, 0, 0, 0
46200, 1067613, 0, 0, 0
46300, 1070232, 0, 0, 0
46400, 1067998, 0, 0, 0
46500, 1070883, 0, 0, 0
46600, 1047927, 0, 0, 0
46700, 1053362, 0, 0, 0
46800, 1069340, 0, 0, 0
46900, 1064628, 0, 0, 0
47000, 1060440, 0, 0, 0
47100, 1075279, 0, 0, 0
47200, 1094441, 0, 0, 0
47300, 1059599, 0, 0, 0
47400, 1114041, 0, 0, 0
47500, 1080495, 0, 0, 0
47600, 1085849, 0, 0, 0
47700, 1069570, 0, 0, 0
47800, 1072220, 0, 0, 0
47900, 1070360, 0, 0, 0
48000, 1075600, 0, 0, 0
48100, 1046559, 0, 0, 0
48200, 1087033, 0, 0, 0
48300, 1050927, 0, 0, 0
48400, 1055612, 0, 0, 0
48500, 1057019, 0, 0, 0
48600, 1057727, 0, 0, 0
48700, 1063898, 0, 0, 0
48800, 1058783, 0, 0, 0
48900, 1059742, 0, 0, 0
49000, 1048363, 0, 0, 0
49100, 1066474, 0, 0, 0
49200, 1057157, 0, 0, 0
49300, 1076853, 0, 0, 0
49400, 1065608, 0, 0, 0
49500, 1076026, 0, 0, 0
49600, 1088892, 0, 0, 0
49700, 1095888, 0, 0, 0
49800, 1098737, 0, 0, 0
49900, 1106243, 0, 0, 0
50000, 1086032, 0, 0, 0
50100, 1074791, 0, 0, 0
50200, 1070263, 0, 0, 0
50300, 1083146, 0, 0, 0
50400, 1116553, 0, 0, 0
50500, 1066219, 0, 0, 0
50600, 1051622, 0, 0, 0
50700, 1044065, 0, 0, 0
50800, 1070126, 0, 0, 0
50900, 1050188, 0, 0, 0
51000, 1061204, 0, 0, 0
51100, 1044093, 0, 0, 0
51200, 1072528, 0, 0, 0
51300, 1072052, 0, 0, 0
51400, 1090205, 0, 0, 0
51500, 1053729, 0, 0, 0
51600, 1073760, 0, 0, 0
51700, 1084953, 0, 0, 0
51800, 1068851, 0, 0, 0
51900, 1064495, 0, 0, 0
52000, 1079187, 0, 0, 0
52100, 1071803, 0, 0, 0
52200, 1066395, 0, 0, 0
52300, 1061329, 0, 0, 0
52400, 1074275, 0, 0, 0
52500, 1097996, 0, 0, 0
52600, 1082502, 0, 0, 0
52700, 1088174, 0, 0, 0
52800, 1073333, 0, 0, 0
52900, 1073897, 0, 0, 0
53000, 1057729, 0, 0, 0
53100, 1075888, 0, 0, 0
53200, 1060739, 0, 0, 0
53300, 1062289, 0, 0, 0
53400, 1122756, 0, 0, 0
53500, 1062129, 0, 0, 0
53600, 1069239, 0, 0, 0
53700, 1076983, 0, 0, 0
53800, 1071300, 0, 0, 0
53900, 1063862, 0, 0, 0
54000, 1084591, 0, 0, 0
54100, 1097119, 0, 0, 0
54200, 1087362, 0, 0, 0
54300, 1077520, 0, 0, 0
54400, 1093215, 0, 0, 0
54500, 1080995, 0, 0, 0
54600, 1080318, 0, 0, 0
54700, 1086550, 0, 0, 0
54800, 1072279, 0, 0, 0
54900, 1082902, 0, 0, 0
55000, 1084129, 0, 0, 0
55100, 1090987, 0, 0, 0
55200, 1101915, 0, 0, 0
55300, 1092374, 0, 0, 0
55400, 1088549, 0, 0, 0
55500, 1090109, 0, 0, 0
55600, 1103307, 0, 0, 0
55700, 1101348, 0, 0, 0
55800, 1073146, 0, 0, 0
55900, 1101318, 0, 0, 0
56000, 1057316, 0, 0, 0
56101, 1068913, 0, 0, 0
56200, 1082592, 0, 0, 0
56300, 1066096, 0, 0, 0
56400, 1080966, 0, 0, 0
56500, 1067236, 0, 0, 0
56600, 1050476, 0, 0, 0
56700, 1065527, 0, 0, 0
56800, 1088142, 0, 0, 0
56900, 1061129, 0, 0, 0
57000, 1065284, 0, 0, 0
57100, 1065943, 0, 0, 0
57200, 1049551, 0, 0, 0
57300, 1050152, 0, 0, 0
57400, 1103349, 0, 0, 0
57500, 1060841, 0, 0, 0
57600, 1077249, 0, 0, 0
57700, 1065731, 0, 0, 0
57800, 1095583, 0, 0, 0
57900, 1116310, 0, 0, 0
58000, 1085954, 0, 0, 0
58100, 1071334, 0, 0, 0
58200, 1064929, 0, 0, 0
58300, 1093379, 0, 0, 0
58400, 1076377, 0, 0, 0
58500, 1063256, 0, 0, 0
58600, 1082792, 0, 0, 0
58700, 1063561, 0, 0, 0
58800, 1083580, 0, 0, 0
58900, 1067440, 0, 0, 0
59000, 1065456, 0, 0, 0
59100, 1074713, 0, 0, 0
59200, 1078247, 0, 0, 0
59300, 1058354, 0, 0, 0
59400, 1116962, 0, 0, 0
59500, 1081055, 0, 0, 0
59600, 1078756, 0, 0, 0
59700, 1053607, 0, 0, 0
59800, 1095426, 0, 0, 0
59900, 1085882, 0, 0, 0
60000, 1083643, 0, 0, 0
60100, 1097267, 0, 0, 0
60200, 1062437, 0, 0, 0
60300, 1089054, 0, 0, 0
60400, 1068654, 0, 0, 0
60500, 1076068, 0, 0, 0
60600, 1060221, 0, 0, 0
60700, 1081458, 0, 0, 0
60800, 1092665, 0, 0, 0
60900, 1090177, 0, 0, 0
61000, 1065678, 0, 0, 0
61100, 1076505, 0, 0, 0
61200, 1075184, 0, 0, 0
61300, 1082251, 0, 0, 0
61400, 1056264, 0, 0, 0
61500, 1074235, 0, 0, 0
61600, 1081617, 0, 0, 0
61700, 1088100, 0, 0, 0
61800, 1056401, 0, 0, 0
61900, 1074610, 0, 0, 0
62000, 1050376, 0, 0, 0
62100, 1092361, 0, 0, 0
62200, 1083267, 0, 0, 0
62300, 1083656, 0, 0, 0
62400, 1152603, 0, 0, 0
62500, 1073698, 0, 0, 0
62600, 1081908, 0, 0, 0
62700, 1075179, 0, 0, 0
62800, 1066616, 0, 0, 0
62900, 1054399, 0, 0, 0
63000, 1090877, 0, 0, 0
63100, 1096846, 0, 0, 0
63200, 1114550, 0, 0, 0
63300, 1086563, 0, 0, 0
63400, 1074302, 0, 0, 0
63500, 1066533, 0, 0, 0
63600, 1102109, 0, 0, 0
63700, 1085246, 0, 0, 0
63800, 1055611, 0, 0, 0
63901, 1077453, 0, 0, 0
64000, 1111564, 0, 0, 0
64100, 1103156, 0, 0, 0
64200, 1098251, 0, 0, 0
64300, 1079656, 0, 0, 0
64400, 1077447, 0, 0, 0
64500, 1072644, 0, 0, 0
64600, 1091796, 0, 0, 0
64700, 1102712, 0, 0, 0
64800, 1075610, 0, 0, 0
64900, 1073849, 0, 0, 0
65000, 1088588, 0, 0, 0
65100, 1103653, 0, 0, 0
65200, 1076075, 0, 0, 0
65300, 1095745, 0, 0, 0
65400, 1090444, 0, 0, 0
65500, 1086540, 0, 0, 0
65600, 1111383, 0, 0, 0
65700, 1106598, 0, 0, 0
65800, 1072856, 0, 0, 0
65900, 1085995, 0, 0, 0
66000, 1067050, 0, 0, 0
66100, 1094358, 0, 0, 0
66200, 1069771, 0, 0, 0
66300, 1066013, 0, 0, 0
66400, 1053799, 0, 0, 0
66500, 1076734, 0, 0, 0
66600, 1057691, 0, 0, 0
66700, 1060840, 0, 0, 0
66800, 1071987, 0, 0, 0
66900, 1073893, 0, 0, 0
67000, 1058668, 0, 0, 0
67100, 1068299, 0, 0, 0
67200, 1068918, 0, 0, 0
67300, 1059833, 0, 0, 0
67400, 1081845, 0, 0, 0
67500, 1080316, 0, 0, 0
67600, 1069658, 0, 0, 0
67700, 1063394, 0, 0, 0
67800, 1070985, 0, 0, 0
67900, 1086245, 0, 0, 0
68000, 1076337, 0, 0, 0
68100, 1056322, 0, 0, 0
68200, 1080733, 0, 0, 0
68300, 1113906, 0, 0, 0
68400, 1179044, 0, 0, 0
68500, 1151044, 0, 0, 0
68600, 1102050, 0, 0, 0
68700, 1093369, 0, 0, 0
68800, 1111206, 0, 0, 0
68900, 1105671, 0, 0, 0
69000, 1096603, 0, 0, 0
69100, 1116405, 0, 0, 0
69200, 1123014, 0, 0, 0
69300, 1140054, 0, 0, 0
69400, 1092933, 0, 0, 0
69500, 1072945, 0, 0, 0
69600, 1057882, 0, 0, 0
69700, 1086798, 0, 0, 0
69800, 1071929, 0, 0, 0
69900, 1091080, 0, 0, 0
70000, 1067479, 0, 0, 0
70100, 1085668, 0, 0, 0
70200, 1064443, 0, 0, 0
70300, 1075975, 0, 0, 0
70400, 1061116, 0, 0, 0
70500, 1079299, 0, 0, 0
70600, 1071892, 0, 0, 0
70700, 1068909, 0, 0, 0
70800, 1066469, 0, 0, 0
70900, 1076800, 0, 0, 0
71000, 1074955, 0, 0, 0
71100, 1065838, 0, 0, 0
71200, 1059165, 0, 0, 0
71300, 1060921, 0, 0, 0
71400, 1123974, 0, 0, 0
71500, 1056185, 0, 0, 0
71600, 1088617, 0, 0, 0
71700, 1072638, 0, 0, 0
71800, 1072892, 0, 0, 0
71900, 1069188, 0, 0, 0
72000, 1074280, 0, 0, 0
72100, 1081409, 0, 0, 0
72200, 1065521, 0, 0, 0
72300, 1077981, 0, 0, 0
72400, 1067025, 0, 0, 0
72500, 1107497, 0, 0, 0
72600, 1072668, 0, 0, 0
72700, 1066706, 0, 0, 0
72800, 1077189, 0, 0, 0
72900, 1057323, 0, 0, 0
73000, 1060846, 0, 0, 0
73100, 1079934, 0, 0, 0
73200, 1068164, 0, 0, 0
73300, 1072842, 0, 0, 0
73400, 1083932, 0, 0, 0
73500, 1070954, 0, 0, 0
73600, 1082695, 0, 0, 0
73700, 1086220, 0, 0, 0
73800, 1105545, 0, 0, 0
73900, 1086658, 0, 0, 0
74000, 1096158, 0, 0, 0
74100, 1101301, 0, 0, 0
74200, 1084009, 0, 0, 0
74300, 1096756, 0, 0, 0
74400, 1150784, 0, 0, 0
74500, 1094367, 0, 0, 0
74600, 1099632, 0, 0, 0
74700, 1076759, 0, 0, 0
74800, 1096460, 0, 0, 0
74900, 1075777, 0, 0, 0
75000, 1101085, 0, 0, 0
75100, 1081897, 0, 0, 0
75200, 1096674, 0, 0, 0
75300, 1075504, 0, 0, 0
75400, 1095348, 0, 0, 0
75500, 1077620, 0, 0, 0
75600, 1093717, 0, 0, 0
75700, 1104303, 0, 0, 0
75800, 1111421, 0, 0, 0
75900, 1084075, 0, 0, 0
76000, 1066244, 0, 0, 0
76100, 1076197, 0, 0, 0
76200, 1064013, 0, 0, 0
76300, 1080460, 0, 0, 0
76400, 1072009, 0, 0, 0
76500, 1062543, 0, 0, 0
76600, 1068297, 0, 0, 0
76700, 1069464, 0, 0, 0
76800, 1079313, 0, 0, 0
76900, 1063692, 0, 0, 0
77001, 1061798, 0, 0, 0
77100, 1078373, 0, 0, 0
77200, 1077297, 0, 0, 0
77300, 1072333, 0, 0, 0
77400, 1105183, 0, 0, 0
77500, 1066044, 0, 0, 0
77600, 1079442, 0, 0, 0
77700, 1068489, 0, 0, 0
77800, 1072090, 0, 0, 0
77900, 1082482, 0, 0, 0
78000, 1057518, 0, 0, 0
78100, 1074764, 0, 0, 0
78200, 1077512, 0, 0, 0
78300, 1075382, 0, 0, 0
78400, 1053258, 0, 0, 0
78500, 1070548, 0, 0, 0
78600, 1085264, 0, 0, 0
78700, 1103894, 0, 0, 0
78800, 1081915, 0, 0, 0
78900, 1107185, 0, 0, 0
79000, 1089962, 0, 0, 0
79100, 1085698, 0, 0, 0
79200, 1095540, 0, 0, 0
79300, 1060673, 0, 0, 0
79400, 1054966, 0, 0, 0
79500, 1085291, 0, 0, 0
79600, 1107433, 0, 0, 0
79700, 1060609, 0, 0, 0
79800, 1060771, 0, 0, 0
79900, 1077839, 0, 0, 0
80000, 1059757, 0, 0, 0
80100, 1085016, 0, 0, 0
80200, 1081678, 0, 0, 0
80300, 1082178, 0, 0, 0
80400, 1127796, 0, 0, 0
80500, 1062017, 0, 0, 0
80600, 1077722, 0, 0, 0
80700, 1056835, 0, 0, 0
80800, 1091715, 0, 0, 0
80900, 1079057, 0, 0, 0
81000, 1077193, 0, 0, 0
81100, 1074175, 0, 0, 0
81200, 1074209, 0, 0, 0
81300, 1081436, 0, 0, 0
81400, 1093414, 0, 0, 0
81500, 1058822, 0, 0, 0
81600, 1061158, 0, 0, 0
81700, 1081155, 0, 0, 0
81800, 1082981, 0, 0, 0
81900, 1074780, 0, 0, 0
82000, 1070282, 0, 0, 0
82100, 1073430, 0, 0, 0
82200, 1063564, 0, 0, 0
82300, 1073657, 0, 0, 0
82400, 1105504, 0, 0, 0
82500, 1073315, 0, 0, 0
82600, 1078431, 0, 0, 0
82700, 1081519, 0, 0, 0
82800, 1078359, 0, 0, 0
82900, 1080407, 0, 0, 0
83000, 1073847, 0, 0, 0
83100, 1073704, 0, 0, 0
83200, 1065384, 0, 0, 0
83300, 1076766, 0, 0, 0
83400, 1120707, 0, 0, 0
83500, 1086999, 0, 0, 0
83600, 1073662, 0, 0, 0
83700, 1067688, 0, 0, 0
83800, 1062557, 0, 0, 0
83901, 1076327, 0, 0, 0
84000, 1088520, 0, 0, 0
84100, 1081268, 0, 0, 0
84200, 1097300, 0, 0, 0
84300, 1115766, 0, 0, 0
84400, 1111689, 0, 0, 0
84500, 1078701, 0, 0, 0
84600, 1078200, 0, 0, 0
84700, 1080894, 0, 0, 0
84800, 1091612, 0, 0, 0
84900, 1101561, 0, 0, 0
85000, 1080458, 0, 0, 0
85100, 1091687, 0, 0, 0
85200, 1083243, 0, 0, 0
85300, 1066379, 0, 0, 0
85400, 1080557, 0, 0, 0
85500, 1075378, 0, 0, 0
85600, 1073861, 0, 0, 0
85700, 1085896, 0, 0, 0
85800, 1088131, 0, 0, 0
85900, 1077815, 0, 0, 0
86000, 1069567, 0, 0, 0
86100, 1085059, 0, 0, 0
86200, 1071882, 0, 0, 0
86300, 1069444, 0, 0, 0
86400, 1119470, 0, 0, 0
86500, 1068591, 0, 0, 0
86600, 1080024, 0, 0, 0
86700, 1070839, 0, 0, 0
86800, 1064327, 0, 0, 0
86900, 1087515, 0, 0, 0
87000, 1064861, 0, 0, 0
87100, 1065743, 0, 0, 0
87200, 1076992, 0, 0, 0
87300, 1049348, 0, 0, 0
87400, 1084174, 0, 0, 0
87500, 1075145, 0, 0, 0
87600, 1073529, 0, 0, 0
87700, 1076776, 0, 0, 0
87800, 1064827, 0, 0, 0
87900, 1075730, 0, 0, 0
88000, 1067930, 0, 0, 0
88100, 1070595, 0, 0, 0
88200, 1066350, 0, 0, 0
88300, 1078931, 0, 0, 0
88400, 1088828, 0, 0, 0
88500, 1072332, 0, 0, 0
88600, 1079545, 0, 0, 0
88700, 1084755, 0, 0, 0
88800, 1071600, 0, 0, 0
88900, 1080302, 0, 0, 0
89000, 1061961, 0, 0, 0
89100, 1054894, 0, 0, 0
89200, 1061250, 0, 0, 0
89300, 1061869, 0, 0, 0
89400, 1117736, 0, 0, 0
89500, 1086175, 0, 0, 0
89600, 1097771, 0, 0, 0
89700, 1087959, 0, 0, 0
89800, 1078597, 0, 0, 0
89900, 1070230, 0, 0, 0
90000, 1053474, 0, 0, 0
90000, 695577, 0, 0, 0
