101, 20737845, 0, 0, 0
200, 35362904, 0, 0, 0
300, 24799956, 0, 0, 0
400, 14990254, 0, 0, 0
500, 10947753, 0, 0, 0
600, 17683620, 0, 0, 0
700, 17602641, 0, 0, 0
800, 12040850, 0, 0, 0
900, 14839816, 0, 0, 0
1000, 13190720, 0, 0, 0
1100, 9143674, 0, 0, 0
1200, 10643466, 0, 0, 0
1300, 15881682, 0, 0, 0
1400, 10095402, 0, 0, 0
1500, 16000567, 0, 0, 0
1600, 12075011, 0, 0, 0
1700, 9292101, 0, 0, 0
1800, 26604337, 0, 0, 0
1901, 31767519, 0, 0, 0
2000, 14950116, 0, 0, 0
2100, 14025211, 0, 0, 0
2202, 10001512, 0, 0, 0
2300, 15980340, 0, 0, 0
2400, 9455230, 0, 0, 0
2500, 15680031, 0, 0, 0
2600, 10599011, 0, 0, 0
2700, 11037279, 0, 0, 0
2800, 22020149, 0, 0, 0
2900, 25917026, 0, 0, 0
3000, 17465118, 0, 0, 0
3100, 16065434, 0, 0, 0
3200, 13966583, 0, 0, 0
3300, 9258458, 0, 0, 0
3400, 12601338, 0, 0, 0
3500, 16465060, 0, 0, 0
3600, 8581847, 0, 0, 0
3700, 6961036, 0, 0, 0
3800, 17298303, 0, 0, 0
3900, 11429955, 0, 0, 0
4000, 21013122, 0, 0, 0
4100, 17831593, 0, 0, 0
4201, 15345888, 0, 0, 0
4300, 15212432, 0, 0, 0
4400, 17130074, 0, 0, 0
4500, 17110374, 0, 0, 0
4605, 18399828, 0, 0, 0
4700, 22670472, 0, 0, 0
4800, 18554370, 0, 0, 0
4914, 17627701, 0, 0, 0
5000, 19720557, 0, 0, 0
5100, 16104425, 0, 0, 0
5200, 15950563, 0, 0, 0
5300, 17531205, 0, 0, 0
5400, 10892662, 0, 0, 0
5500, 24188739, 0, 0, 0
5600, 18542817, 0, 0, 0
5700, 14156835, 0, 0, 0
5800, 21976050, 0, 0, 0
5900, 13657733, 0, 0, 0
6000, 13839316, 0, 0, 0
6100, 15894132, 0, 0, 0
6200, 11994477, 0, 0, 0
6300, 12405216, 0, 0, 0
6400, 19514455, 0, 0, 0
6500, 27777264, 0, 0, 0
6601, 19531537, 0, 0, 0
6700, 11218319, 0, 0, 0
6800, 22705212, 0, 0, 0
6900, 12817081, 0, 0, 0
7000, 13871314, 0, 0, 0
7100, 18535153, 0, 0, 0
7200, 19264594, 0, 0, 0
7300, 14974167, 0, 0, 0
7401, 16285534, 0, 0, 0
7500, 16326642, 0, 0, 0
7600, 17447229, 0, 0, 0
7700, 20172502, 0, 0, 0
7800, 13680535, 0, 0, 0
7900, 22057018, 0, 0, 0
8000, 15937050, 0, 0, 0
8100, 22053041, 0, 0, 0
8200, 14449150, 0, 0, 0
8300, 16232408, 0, 0, 0
8400, 16551251, 0, 0, 0
8500, 15927571, 0, 0, 0
8600, 13189532, 0, 0, 0
8701, 17915158, 0, 0, 0
8802, 16832567, 0, 0, 0
8902, 22960560, 0, 0, 0
9000, 15694023, 0, 0, 0
9100, 17170285, 0, 0, 0
9200, 16171278, 0, 0, 0
9300, 20667706, 0, 0, 0
9400, 16981463, 0, 0, 0
9500, 21285419, 0, 0, 0
9600, 12724282, 0, 0, 0
9700, 21331049, 0, 0, 0
9800, 15412334, 0, 0, 0
9901, 9936807, 0, 0, 0
10000, 22992108, 0, 0, 0
10100, 16122856, 0, 0, 0
10200, 14329961, 0, 0, 0
10300, 12015268, 0, 0, 0
10400, 12518431, 0, 0, 0
10500, 12542154, 0, 0, 0
10600, 26877417, 0, 0, 0
10700, 17985341, 0, 0, 0
10805, 18646429, 0, 0, 0
10902, 30167834, 0, 0, 0
11000, 16434573, 0, 0, 0
11100, 17996920, 0, 0, 0
11200, 19449082, 0, 0, 0
11300, 12425625, 0, 0, 0
11400, 12336830, 0, 0, 0
11500, 19680724, 0, 0, 0
11600, 10920658, 0, 0, 0
11700, 19531525, 0, 0, 0
11800, 17820426, 0, 0, 0
11900, 22791497, 0, 0, 0
12001, 18619621, 0, 0, 0
12100, 15098829, 0, 0, 0
12200, 16611049, 0, 0, 0
12300, 34713218, 0, 0, 0
12400, 14886419, 0, 0, 0
12500, 18315232, 0, 0, 0
12600, 29890495, 0, 0, 0
12700, 20690151, 0, 0, 0
12800, 13059432, 0, 0, 0
12900, 13424483, 0, 0, 0
13001, 21531340, 0, 0, 0
13100, 13005044, 0, 0, 0
13202, 16434822, 0, 0, 0
13300, 14418916, 0, 0, 0
13400, 14673879, 0, 0, 0
13500, 13503055, 0, 0, 0
13600, 11397014, 0, 0, 0
13700, 12818127, 0, 0, 0
13800, 11161073, 0, 0, 0
13900, 10441876, 0, 0, 0
14000, 19839360, 0, 0, 0
14101, 15000362, 0, 0, 0
14200, 13123623, 0, 0, 0
14300, 11875919, 0, 0, 0
14400, 16616689, 0, 0, 0
14500, 10334779, 0, 0, 0
14600, 13153792, 0, 0, 0
14700, 12612790, 0, 0, 0
14802, 21716604, 0, 0, 0
14901, 19285670, 0, 0, 0
15000, 17699122, 0, 0, 0
15100, 19578726, 0, 0, 0
15201, 19623082, 0, 0, 0
15300, 15190884, 0, 0, 0
15400, 17168977, 0, 0, 0
15500, 21451408, 0, 0, 0
15602, 19220985, 0, 0, 0
15700, 18613238, 0, 0, 0
15800, 14973895, 0, 0, 0
15900, 17442370, 0, 0, 0
16000, 17027923, 0, 0, 0
16100, 16068766, 0, 0, 0
16200, 17024199, 0, 0, 0
16300, 13906497, 0, 0, 0
16401, 17802350, 0, 0, 0
16500, 19958266, 0, 0, 0
16600, 17511754, 0, 0, 0
16700, 15543617, 0, 0, 0
16800, 17901809, 0, 0, 0
16902, 16747261, 0, 0, 0
17000, 18778132, 0, 0, 0
17100, 21729055, 0, 0, 0
17201, 16707203, 0, 0, 0
17302, 20940621, 0, 0, 0
17402, 23833243, 0, 0, 0
17500, 18841679, 0, 0, 0
17601, 14535283, 0, 0, 0
17700, 18768187, 0, 0, 0
17800, 17661836, 0, 0, 0
17900, 14449947, 0, 0, 0
18000, 16740492, 0, 0, 0
18100, 17120308, 0, 0, 0
18200, 18065968, 0, 0, 0
18301, 18239257, 0, 0, 0
18400, 21384983, 0, 0, 0
18500, 17241478, 0, 0, 0
18600, 21486086, 0, 0, 0
18701, 17372050, 0, 0, 0
18800, 25782099, 0, 0, 0
18900, 16369948, 0, 0, 0
19000, 20671941, 0, 0, 0
19100, 17212837, 0, 0, 0
19200, 18645701, 0, 0, 0
19301, 18559571, 0, 0, 0
19400, 19550614, 0, 0, 0
19500, 20120996, 0, 0, 0
19600, 19567959, 0, 0, 0
19700, 19406045, 0, 0, 0
19800, 14867482, 0, 0, 0
19900, 20233393, 0, 0, 0
20005, 20653186, 0, 0, 0
20104, 19602220, 0, 0, 0
20200, 21144253, 0, 0, 0
20301, 18033224, 0, 0, 0
20400, 15265014, 0, 0, 0
20500, 23270704, 0, 0, 0
20600, 14354724, 0, 0, 0
20700, 15927021, 0, 0, 0
20800, 13166492, 0, 0, 0
20900, 14461234, 0, 0, 0
21001, 17534206, 0, 0, 0
21102, 13427027, 0, 0, 0
21201, 22448759, 0, 0, 0
21300, 15443299, 0, 0, 0
21400, 16476739, 0, 0, 0
21500, 13540374, 0, 0, 0
21601, 16496680, 0, 0, 0
21700, 18388861, 0, 0, 0
21800, 18556246, 0, 0, 0
21900, 19260843, 0, 0, 0
22001, 15523046, 0, 0, 0
22100, 11544479, 0, 0, 0
22200, 18032211, 0, 0, 0
22300, 17810109, 0, 0, 0
22400, 12923104, 0, 0, 0
22500, 14560824, 0, 0, 0
22600, 11892643, 0, 0, 0
22700, 18044342, 0, 0, 0
22800, 16958499, 0, 0, 0
22900, 17629619, 0, 0, 0
23001, 14164502, 0, 0, 0
23100, 16859766, 0, 0, 0
23200, 14949764, 0, 0, 0
23301, 17196766, 0, 0, 0
23400, 21241642, 0, 0, 0
23501, 17152596, 0, 0, 0
23600, 15436996, 0, 0, 0
23700, 13119084, 0, 0, 0
23800, 22104646, 0, 0, 0
23900, 17341657, 0, 0, 0
24000, 16209658, 0, 0, 0
24100, 14086042, 0, 0, 0
24200, 16275106, 0, 0, 0
24301, 19025816, 0, 0, 0
24400, 19938911, 0, 0, 0
24500, 13593879, 0, 0, 0
24600, 19241743, 0, 0, 0
24700, 16328053, 0, 0, 0
24800, 15687657, 0, 0, 0
24906, 20197078, 0, 0, 0
25000, 22600553, 0, 0, 0
25100, 16824890, 0, 0, 0
25200, 14193600, 0, 0, 0
25301, 16210035, 0, 0, 0
25400, 10404771, 0, 0, 0
25500, 12590842, 0, 0, 0
25600, 15619440, 0, 0, 0
25700, 14448704, 0, 0, 0
25800, 12456663, 0, 0, 0
25900, 20247926, 0, 0, 0
26000, 14321703, 0, 0, 0
26100, 9759050, 0, 0, 0
26204, 18094660, 0, 0, 0
26302, 20984273, 0, 0, 0
26400, 15934477, 0, 0, 0
26500, 12591462, 0, 0, 0
26600, 15339341, 0, 0, 0
26700, 15935052, 0, 0, 0
26800, 16862330, 0, 0, 0
26903, 17776746, 0, 0, 0
27000, 14996698, 0, 0, 0
27100, 17949774, 0, 0, 0
27200, 17968214, 0, 0, 0
27300, 13791631, 0, 0, 0
27400, 15444975, 0, 0, 0
27500, 20020487, 0, 0, 0
27601, 20259733, 0, 0, 0
27701, 17088301, 0, 0, 0
27800, 19648670, 0, 0, 0
27900, 19146901, 0, 0, 0
28000, 17847594, 0, 0, 0
28100, 10393821, 0, 0, 0
28200, 16337621, 0, 0, 0
28300, 17381008, 0, 0, 0
28401, 14015807, 0, 0, 0
28500, 24433491, 0, 0, 0
28600, 16633268, 0, 0, 0
28700, 10892896, 0, 0, 0
28800, 9545411, 0, 0, 0
28900, 15488635, 0, 0, 0
29001, 45208948, 0, 0, 0
29100, 27570916, 0, 0, 0
29203, 12901330, 0, 0, 0
29301, 11358707, 0, 0, 0
29401, 15057404, 0, 0, 0
29500, 11218509, 0, 0, 0
29601, 14039917, 0, 0, 0
29700, 23401742, 0, 0, 0
29803, 13695616, 0, 0, 0
29900, 12916547, 0, 0, 0
30000, 19214079, 0, 0, 0
30101, 16022800, 0, 0, 0
30200, 13425299, 0, 0, 0
30300, 12402842, 0, 0, 0
30400, 15303837, 0, 0, 0
30500, 13785504, 0, 0, 0
30600, 10845721, 0, 0, 0
30700, 15050530, 0, 0, 0
30800, 11800574, 0, 0, 0
30901, 14986981, 0, 0, 0
31000, 14532714, 0, 0, 0
31101, 15403564, 0, 0, 0
31200, 20483438, 0, 0, 0
31300, 14518850, 0, 0, 0
31400, 17595391, 0, 0, 0
31500, 13728849, 0, 0, 0
31600, 23934459, 0, 0, 0
31700, 16383893, 0, 0, 0
31800, 15474924, 0, 0, 0
31900, 12423314, 0, 0, 0
32000, 14289125, 0, 0, 0
32100, 12323159, 0, 0, 0
32200, 12918433, 0, 0, 0
32300, 18463203, 0, 0, 0
32400, 16974735, 0, 0, 0
32500, 13207284, 0, 0, 0
32601, 16717809, 0, 0, 0
32700, 15498245, 0, 0, 0
32800, 15846135, 0, 0, 0
32900, 18597429, 0, 0, 0
33000, 18728416, 0, 0, 0
33100, 19474482, 0, 0, 0
33201, 16800557, 0, 0, 0
33300, 11801382, 0, 0, 0
33400, 19322417, 0, 0, 0
33500, 18361973, 0, 0, 0
33600, 14767817, 0, 0, 0
33704, 15172829, 0, 0, 0
33802, 13990969, 0, 0, 0
33900, 15430045, 0, 0, 0
34000, 16397129, 0, 0, 0
34101, 27757662, 0, 0, 0
34200, 15609049, 0, 0, 0
34300, 15588117, 0, 0, 0
34401, 12818810, 0, 0, 0
34501, 18101221, 0, 0, 0
34600, 14506986, 0, 0, 0
34700, 13823003, 0, 0, 0
34800, 21477209, 0, 0, 0
34901, 15756029, 0, 0, 0
35000, 22232220, 0, 0, 0
35100, 19267844, 0, 0, 0
35200, 16762192, 0, 0, 0
35300, 18351751, 0, 0, 0
35400, 20334616, 0, 0, 0
35500, 19476699, 0, 0, 0
35600, 16931810, 0, 0, 0
35700, 14178771, 0, 0, 0
35801, 13264947, 0, 0, 0
35900, 18546693, 0, 0, 0
36000, 16659794, 0, 0, 0
36100, 13827596, 0, 0, 0
36200, 17564419, 0, 0, 0
36300, 12216298, 0, 0, 0
36400, 15089018, 0, 0, 0
36500, 17670067, 0, 0, 0
36600, 16683111, 0, 0, 0
36700, 15638735, 0, 0, 0
36800, 20027340, 0, 0, 0
36901, 20204455, 0, 0, 0
37000, 16435299, 0, 0, 0
37100, 14089736, 0, 0, 0
37200, 18233760, 0, 0, 0
37300, 19491678, 0, 0, 0
37401, 21554117, 0, 0, 0
37500, 19173748, 0, 0, 0
37600, 12527122, 0, 0, 0
37700, 13998065, 0, 0, 0
37800, 13173861, 0, 0, 0
37900, 15596658, 0, 0, 0
38000, 16241785, 0, 0, 0
38100, 14472960, 0, 0, 0
38200, 15827276, 0, 0, 0
38301, 13659244, 0, 0, 0
38400, 16099533, 0, 0, 0
38500, 14841629, 0, 0, 0
38600, 18088014, 0, 0, 0
38703, 17483680, 0, 0, 0
38800, 15975227, 0, 0, 0
38900, 16111264, 0, 0, 0
39000, 12725624, 0, 0, 0
39100, 15372971, 0, 0, 0
39201, 10109037, 0, 0, 0
39300, 17595481, 0, 0, 0
39400, 20005878, 0, 0, 0
39502, 21289505, 0, 0, 0
39600, 24263284, 0, 0, 0
39700, 13789251, 0, 0, 0
39800, 11566315, 0, 0, 0
39900, 14726678, 0, 0, 0
40000, 14405318, 0, 0, 0
40100, 18732471, 0, 0, 0
40200, 21063923, 0, 0, 0
40300, 20066415, 0, 0, 0
40400, 18116446, 0, 0, 0
40501, 13590536, 0, 0, 0
40600, 16288755, 0, 0, 0
40700, 23641883, 0, 0, 0
40800, 20543943, 0, 0, 0
40900, 15637477, 0, 0, 0
41000, 17508864, 0, 0, 0
41100, 14034877, 0, 0, 0
41201, 18728799, 0, 0, 0
41301, 17207122, 0, 0, 0
41400, 20319354, 0, 0, 0
41500, 19490822, 0, 0, 0
41602, 17578102, 0, 0, 0
41700, 17040115, 0, 0, 0
41801, 17101606, 0, 0, 0
41901, 14769587, 0, 0, 0
42001, 17977274, 0, 0, 0
42100, 19193559, 0, 0, 0
42200, 16802112, 0, 0, 0
42300, 24904259, 0, 0, 0
42400, 21078003, 0, 0, 0
42500, 13653706, 0, 0, 0
42600, 15666996, 0, 0, 0
42700, 17858915, 0, 0, 0
42800, 15139413, 0, 0, 0
42901, 17511048, 0, 0, 0
43000, 14524378, 0, 0, 0
43101, 14777789, 0, 0, 0
43200, 19974691, 0, 0, 0
43300, 16726984, 0, 0, 0
43401, 19615290, 0, 0, 0
43500, 19503999, 0, 0, 0
43600, 17160856, 0, 0, 0
43701, 14162831, 0, 0, 0
43800, 24115631, 0, 0, 0
43900, 16977140, 0, 0, 0
44001, 15321278, 0, 0, 0
44100, 16181106, 0, 0, 0
44200, 21404155, 0, 0, 0
44300, 18719559, 0, 0, 0
44400, 17399865, 0, 0, 0
44500, 18194172, 0, 0, 0
44600, 16560590, 0, 0, 0
44700, 13966237, 0, 0, 0
44800, 15989313, 0, 0, 0
44900, 16534599, 0, 0, 0
45000, 17585122, 0, 0, 0
45100, 13912729, 0, 0, 0
45200, 16682511, 0, 0, 0
45300, 30623008, 0, 0, 0
45400, 15200172, 0, 0, 0
45500, 17829008, 0, 0, 0
45600, 17030121, 0, 0, 0
45700, 12897457, 0, 0, 0
45800, 13448954, 0, 0, 0
45900, 23503621, 0, 0, 0
46000, 13518999, 0, 0, 0
46101, 9521735, 0, 0, 0
46200, 22049906, 0, 0, 0
46300, 14275468, 0, 0, 0
46401, 21292537, 0, 0, 0
46500, 16757176, 0, 0, 0
46600, 13110142, 0, 0, 0
46700, 14296499, 0, 0, 0
46800, 17337778, 0, 0, 0
46900, 18490246, 0, 0, 0
47000, 15625192, 0, 0, 0
47100, 15081103, 0, 0, 0
47201, 19619355, 0, 0, 0
47300, 15888202, 0, 0, 0
47401, 22526237, 0, 0, 0
47500, 13018119, 0, 0, 0
47601, 16839011, 0, 0, 0
47700, 12774541, 0, 0, 0
47800, 17468270, 0, 0, 0
47900, 16724001, 0, 0, 0
48000, 21189236, 0, 0, 0
48100, 19596756, 0, 0, 0
48200, 25759657, 0, 0, 0
48300, 18790988, 0, 0, 0
48400, 17836952, 0, 0, 0
48500, 13199705, 0, 0, 0
48600, 20834708, 0, 0, 0
48702, 19852671, 0, 0, 0
48803, 22533998, 0, 0, 0
48902, 19867905, 0, 0, 0
49000, 18189524, 0, 0, 0
49100, 15164896, 0, 0, 0
49204, 16569432, 0, 0, 0
49301, 21685903, 0, 0, 0
49404, 17492118, 0, 0, 0
49500, 17960124, 0, 0, 0
49600, 19827985, 0, 0, 0
49700, 16199198, 0, 0, 0
49802, 21207389, 0, 0, 0
49905, 14255812, 0, 0, 0
50001, 21354306, 0, 0, 0
50100, 16432346, 0, 0, 0
50200, 18511992, 0, 0, 0
50300, 18680200, 0, 0, 0
50400, 20553948, 0, 0, 0
50501, 26510808, 0, 0, 0
50600, 17955055, 0, 0, 0
50700, 15227391, 0, 0, 0
50806, 17486553, 0, 0, 0
50900, 18780239, 0, 0, 0
51000, 14689199, 0, 0, 0
51100, 14878521, 0, 0, 0
51200, 14400122, 0, 0, 0
51300, 16487736, 0, 0, 0
51400, 16461644, 0, 0, 0
51500, 13267207, 0, 0, 0
51600, 14745083, 0, 0, 0
51700, 15950493, 0, 0, 0
51801, 16602089, 0, 0, 0
51900, 16637927, 0, 0, 0
52000, 21791174, 0, 0, 0
52100, 17584984, 0, 0, 0
52200, 15349686, 0, 0, 0
52300, 18225670, 0, 0, 0
52400, 17789021, 0, 0, 0
52500, 17966653, 0, 0, 0
52600, 16433286, 0, 0, 0
52701, 19042373, 0, 0, 0
52801, 16378405, 0, 0, 0
52900, 17708047, 0, 0, 0
53000, 21076212, 0, 0, 0
53100, 17452001, 0, 0, 0
53200, 20786963, 0, 0, 0
53300, 16605886, 0, 0, 0
53400, 18527617, 0, 0, 0
53500, 18815616, 0, 0, 0
53600, 19928663, 0, 0, 0
53701, 15376454, 0, 0, 0
53801, 16459958, 0, 0, 0
53900, 15988371, 0, 0, 0
54000, 18309218, 0, 0, 0
54100, 15349951, 0, 0, 0
54203, 17929579, 0, 0, 0
54300, 15292755, 0, 0, 0
54400, 14711716, 0, 0, 0
54500, 17929539, 0, 0, 0
54602, 16807271, 0, 0, 0
54700, 21426329, 0, 0, 0
54801, 17845208, 0, 0, 0
54900, 18685901, 0, 0, 0
55000, 13016400, 0, 0, 0
55100, 15232845, 0, 0, 0
55201, 13546578, 0, 0, 0
55301, 20469692, 0, 0, 0
55400, 21314307, 0, 0, 0
55500, 17467629, 0, 0, 0
55600, 15498358, 0, 0, 0
55700, 15328466, 0, 0, 0
55800, 18318827, 0, 0, 0
55900, 18770327, 0, 0, 0
56002, 16654859, 0, 0, 0
56100, 14760986, 0, 0, 0
56200, 16841833, 0, 0, 0
56300, 17289064, 0, 0, 0
56400, 14077554, 0, 0, 0
56500, 15978568, 0, 0, 0
56600, 15753868, 0, 0, 0
56700, 14148801, 0, 0, 0
56800, 16323991, 0, 0, 0
56901, 12032778, 0, 0, 0
57000, 20039224, 0, 0, 0
57100, 19929109, 0, 0, 0
57201, 16501685, 0, 0, 0
57300, 17617231, 0, 0, 0
57400, 13809615, 0, 0, 0
57500, 13075479, 0, 0, 0
57600, 18817694, 0, 0, 0
57701, 19435909, 0, 0, 0
57800, 17496171, 0, 0, 0
57903, 14867025, 0, 0, 0
58000, 18177709, 0, 0, 0
58101, 22337287, 0, 0, 0
58200, 20536145, 0, 0, 0
58301, 19549905, 0, 0, 0
58400, 19655006, 0, 0, 0
58500, 18685201, 0, 0, 0
58600, 20749786, 0, 0, 0
58700, 23286289, 0, 0, 0
58800, 20255781, 0, 0, 0
58900, 21141619, 0, 0, 0
59000, 19268531, 0, 0, 0
59100, 19563472, 0, 0, 0
59202, 18179905, 0, 0, 0
59300, 21138091, 0, 0, 0
59402, 20852655, 0, 0, 0
59501, 20911240, 0, 0, 0
59601, 17599912, 0, 0, 0
59700, 17957225, 0, 0, 0
59800, 14293332, 0, 0, 0
59901, 18341729, 0, 0, 0
60000, 17868620, 0, 0, 0
60100, 20837481, 0, 0, 0
60200, 15598495, 0, 0, 0
60300, 17692252, 0, 0, 0
60400, 14278986, 0, 0, 0
60500, 18891289, 0, 0, 0
60600, 27069868, 0, 0, 0
60700, 17173989, 0, 0, 0
60801, 14760078, 0, 0, 0
60900, 15678537, 0, 0, 0
61000, 12223013, 0, 0, 0
61100, 17812051, 0, 0, 0
61200, 17041364, 0, 0, 0
61300, 14982852, 0, 0, 0
61400, 17986709, 0, 0, 0
61500, 16437273, 0, 0, 0
61601, 14709448, 0, 0, 0
61700, 24179951, 0, 0, 0
61800, 18700823, 0, 0, 0
61900, 19140665, 0, 0, 0
62000, 16935357, 0, 0, 0
62100, 15253605, 0, 0, 0
62200, 15565647, 0, 0, 0
62300, 13590665, 0, 0, 0
62400, 15911109, 0, 0, 0
62500, 19256594, 0, 0, 0
62600, 17239424, 0, 0, 0
62700, 19707459, 0, 0, 0
62800, 16236249, 0, 0, 0
62900, 17061954, 0, 0, 0
63000, 12752920, 0, 0, 0
63100, 18157800, 0, 0, 0
63200, 23554657, 0, 0, 0
63300, 18525216, 0, 0, 0
63400, 20562339, 0, 0, 0
63500, 22244534, 0, 0, 0
63600, 16827558, 0, 0, 0
63700, 15219231, 0, 0, 0
63800, 16143683, 0, 0, 0
63900, 18165056, 0, 0, 0
64000, 19719187, 0, 0, 0
64100, 19010503, 0, 0, 0
64200, 14949297, 0, 0, 0
64300, 21854859, 0, 0, 0
64400, 18869850, 0, 0, 0
64500, 20902848, 0, 0, 0
64600, 13858819, 0, 0, 0
64700, 17542310, 0, 0, 0
64800, 14857396, 0, 0, 0
64900, 18661365, 0, 0, 0
65000, 15969470, 0, 0, 0
65100, 15009143, 0, 0, 0
65200, 16352196, 0, 0, 0
65300, 14809419, 0, 0, 0
65400, 14953909, 0, 0, 0
65506, 18522992, 0, 0, 0
65600, 22116845, 0, 0, 0
65726, 15074069, 0, 0, 0
65800, 20844369, 0, 0, 0
65900, 16688293, 0, 0, 0
66000, 16418891, 0, 0, 0
66100, 21061329, 0, 0, 0
66200, 16043137, 0, 0, 0
66300, 20034654, 0, 0, 0
66405, 18308498, 0, 0, 0
66500, 22171491, 0, 0, 0
66600, 14752740, 0, 0, 0
66701, 26214951, 0, 0, 0
66800, 22488627, 0, 0, 0
66901, 24398382, 0, 0, 0
67000, 15610544, 0, 0, 0
67100, 19109880, 0, 0, 0
67200, 15071778, 0, 0, 0
67300, 18617191, 0, 0, 0
67400, 17133532, 0, 0, 0
67500, 12930398, 0, 0, 0
67600, 23159793, 0, 0, 0
67702, 18347500, 0, 0, 0
67800, 14372238, 0, 0, 0
67900, 18413478, 0, 0, 0
68000, 14786334, 0, 0, 0
68100, 21057651, 0, 0, 0
68200, 16048442, 0, 0, 0
68300, 18087950, 0, 0, 0
68400, 21529651, 0, 0, 0
68501, 19592122, 0, 0, 0
68600, 21195388, 0, 0, 0
68701, 15950777, 0, 0, 0
68800, 21516211, 0, 0, 0
68900, 13193306, 0, 0, 0
69002, 17627192, 0, 0, 0
69100, 13916578, 0, 0, 0
69200, 12919119, 0, 0, 0
69300, 11454868, 0, 0, 0
69400, 14573910, 0, 0, 0
69500, 14653227, 0, 0, 0
69600, 17951621, 0, 0, 0
69700, 12357020, 0, 0, 0
69800, 13444257, 0, 0, 0
69901, 23241334, 0, 0, 0
70000, 24591183, 0, 0, 0
70100, 18224865, 0, 0, 0
70200, 18244788, 0, 0, 0
70300, 22382919, 0, 0, 0
70400, 18559254, 0, 0, 0
70500, 22197571, 0, 0, 0
70600, 18231466, 0, 0, 0
70700, 21633044, 0, 0, 0
70800, 23298713, 0, 0, 0
70902, 21633508, 0, 0, 0
71004, 17902723, 0, 0, 0
71100, 23083807, 0, 0, 0
71200, 21798921, 0, 0, 0
71302, 19792077, 0, 0, 0
71400, 20794500, 0, 0, 0
71502, 16717192, 0, 0, 0
71600, 19242898, 0, 0, 0
71701, 23466618, 0, 0, 0
71800, 26935138, 0, 0, 0
71900, 20847494, 0, 0, 0
72000, 19742507, 0, 0, 0
72101, 23087519, 0, 0, 0
72200, 18361611, 0, 0, 0
72300, 15826906, 0, 0, 0
72400, 14763604, 0, 0, 0
72500, 19930766, 0, 0, 0
72601, 18638349, 0, 0, 0
72700, 16728789, 0, 0, 0
72801, 19918963, 0, 0, 0
72900, 19821888, 0, 0, 0
73000, 20097360, 0, 0, 0
73100, 20781513, 0, 0, 0
73204, 22338867, 0, 0, 0
73300, 17055258, 0, 0, 0
73400, 17574963, 0, 0, 0
73500, 18130379, 0, 0, 0
73600, 18520183, 0, 0, 0
73702, 18787040, 0, 0, 0
73813, 25844332, 0, 0, 0
73901, 18685642, 0, 0, 0
74000, 16978424, 0, 0, 0
74100, 21528302, 0, 0, 0
74200, 18495068, 0, 0, 0
74301, 21266946, 0, 0, 0
74400, 19727388, 0, 0, 0
74500, 19811834, 0, 0, 0
74600, 16808410, 0, 0, 0
74701, 16476897, 0, 0, 0
74800, 15370228, 0, 0, 0
74900, 16469252, 0, 0, 0
75000, 18658773, 0, 0, 0
75100, 17049712, 0, 0, 0
75201, 14455775, 0, 0, 0
75300, 21561790, 0, 0, 0
75401, 19537168, 0, 0, 0
75500, 19959301, 0, 0, 0
75600, 21856152, 0, 0, 0
75700, 18953106, 0, 0, 0
75800, 18989242, 0, 0, 0
75900, 17456176, 0, 0, 0
76000, 20637375, 0, 0, 0
76101, 22048877, 0, 0, 0
76200, 22297052, 0, 0, 0
76300, 18747770, 0, 0, 0
76401, 27820680, 0, 0, 0
76500, 20763341, 0, 0, 0
76600, 14691059, 0, 0, 0
76700, 21064430, 0, 0, 0
76800, 16655611, 0, 0, 0
76900, 16144427, 0, 0, 0
77004, 21052623, 0, 0, 0
77100, 18271478, 0, 0, 0
77200, 15104159, 0, 0, 0
77300, 24083126, 0, 0, 0
77400, 20528304, 0, 0, 0
77500, 16452438, 0, 0, 0
77601, 18477276, 0, 0, 0
77700, 21604442, 0, 0, 0
77800, 19838944, 0, 0, 0
77900, 22094632, 0, 0, 0
78000, 17669333, 0, 0, 0
78101, 18106871, 0, 0, 0
78200, 19846837, 0, 0, 0
78300, 17618668, 0, 0, 0
78403, 14918846, 0, 0, 0
78501, 16933140, 0, 0, 0
78600, 17607140, 0, 0, 0
78700, 16044832, 0, 0, 0
78800, 19748169, 0, 0, 0
78900, 11537472, 0, 0, 0
79000, 21416070, 0, 0, 0
79100, 14938609, 0, 0, 0
79200, 20539170, 0, 0, 0
79302, 24247017, 0, 0, 0
79401, 18746181, 0, 0, 0
79500, 17131218, 0, 0, 0
79600, 18159148, 0, 0, 0
79700, 21051515, 0, 0, 0
79800, 17295443, 0, 0, 0
79900, 20096973, 0, 0, 0
80000, 19268525, 0, 0, 0
80100, 17148439, 0, 0, 0
80202, 19178490, 0, 0, 0
80300, 18305309, 0, 0, 0
80401, 19805496, 0, 0, 0
80500, 22691825, 0, 0, 0
80600, 20760157, 0, 0, 0
80702, 17553369, 0, 0, 0
80802, 25024785, 0, 0, 0
80901, 20796101, 0, 0, 0
81000, 17867987, 0, 0, 0
81100, 22891970, 0, 0, 0
81202, 22640717, 0, 0, 0
81300, 15163942, 0, 0, 0
81406, 16729788, 0, 0, 0
81500, 23729866, 0, 0, 0
81600, 20963447, 0, 0, 0
81701, 20618887, 0, 0, 0
81800, 19023298, 0, 0, 0
81900, 18931303, 0, 0, 0
82000, 15708802, 0, 0, 0
82101, 16636149, 0, 0, 0
82200, 14907073, 0, 0, 0
82300, 19273436, 0, 0, 0
82400, 20008274, 0, 0, 0
82500, 19532778, 0, 0, 0
82600, 19615503, 0, 0, 0
82700, 16869448, 0, 0, 0
82800, 17366838, 0, 0, 0
82901, 17371839, 0, 0, 0
83001, 20109630, 0, 0, 0
83101, 19683709, 0, 0, 0
83200, 19498281, 0, 0, 0
83300, 16661390, 0, 0, 0
83400, 22178168, 0, 0, 0
83500, 16653339, 0, 0, 0
83600, 19056428, 0, 0, 0
83701, 19557441, 0, 0, 0
83800, 21494497, 0, 0, 0
83901, 13735399, 0, 0, 0
84000, 13355148, 0, 0, 0
84100, 20927660, 0, 0, 0
84200, 24584258, 0, 0, 0
84300, 18259338, 0, 0, 0
84400, 18648562, 0, 0, 0
84502, 29705244, 0, 0, 0
84600, 21979234, 0, 0, 0
84700, 23331504, 0, 0, 0
84801, 21035926, 0, 0, 0
84900, 17690439, 0, 0, 0
85000, 18267200, 0, 0, 0
85101, 16082042, 0, 0, 0
85200, 16518032, 0, 0, 0
85300, 15895641, 0, 0, 0
85404, 16971285, 0, 0, 0
85500, 15104902, 0, 0, 0
85601, 16139588, 0, 0, 0
85700, 14801183, 0, 0, 0
85800, 19353456, 0, 0, 0
85902, 16116808, 0, 0, 0
86000, 21467194, 0, 0, 0
86101, 22312992, 0, 0, 0
86207, 20945200, 0, 0, 0
86300, 19654924, 0, 0, 0
86400, 16685652, 0, 0, 0
86500, 17223678, 0, 0, 0
86601, 15755787, 0, 0, 0
86700, 17328512, 0, 0, 0
86800, 22487778, 0, 0, 0
86900, 19155023, 0, 0, 0
87000, 18213926, 0, 0, 0
87100, 24972804, 0, 0, 0
87200, 18465811, 0, 0, 0
87300, 17084975, 0, 0, 0
87400, 21968920, 0, 0, 0
87500, 20878566, 0, 0, 0
87600, 19245660, 0, 0, 0
87700, 26114551, 0, 0, 0
87800, 15031874, 0, 0, 0
87900, 18534256, 0, 0, 0
88000, 16721246, 0, 0, 0
88100, 16497274, 0, 0, 0
88200, 19544832, 0, 0, 0
88300, 18118174, 0, 0, 0
88400, 19381372, 0, 0, 0
88500, 19312451, 0, 0, 0
88602, 18090271, 0, 0, 0
88700, 18039860, 0, 0, 0
88800, 16532779, 0, 0, 0
88900, 18420496, 0, 0, 0
89000, 15514925, 0, 0, 0
89100, 17941933, 0, 0, 0
89200, 16414170, 0, 0, 0
89300, 18216606, 0, 0, 0
89402, 23373500, 0, 0, 0
89500, 21592791, 0, 0, 0
89600, 21445937, 0, 0, 0
89701, 20105819, 0, 0, 0
89800, 18282743, 0, 0, 0
89900, 14876611, 0, 0, 0
90001, 22814268, 0, 0, 0
90040, 59576035, 0, 0, 0
