101, 10480, 0, 0, 0
201, 9256, 0, 0, 0
300, 10062, 0, 0, 0
400, 9727, 0, 0, 0
501, 9783, 0, 0, 0
601, 9824, 0, 0, 0
701, 9021, 0, 0, 0
801, 9704, 0, 0, 0
902, 9949, 0, 0, 0
1001, 8990, 0, 0, 0
1101, 8496, 0, 0, 0
1200, 9091, 0, 0, 0
1300, 8881, 0, 0, 0
1400, 8651, 0, 0, 0
1500, 9170, 0, 0, 0
1600, 8101, 0, 0, 0
1701, 9156, 0, 0, 0
1801, 10052, 0, 0, 0
1900, 9968, 0, 0, 0
2002, 8820, 0, 0, 0
2100, 7942, 0, 0, 0
2201, 9380, 0, 0, 0
2300, 10094, 0, 0, 0
2401, 10001, 0, 0, 0
2500, 9793, 0, 0, 0
2601, 9304, 0, 0, 0
2700, 8726, 0, 0, 0
2801, 10157, 0, 0, 0
2900, 9092, 0, 0, 0
3000, 8887, 0, 0, 0
3100, 8501, 0, 0, 0
3201, 8885, 0, 0, 0
3300, 9227, 0, 0, 0
3402, 9188, 0, 0, 0
3500, 9238, 0, 0, 0
3601, 11237, 0, 0, 0
3701, 8868, 0, 0, 0
3800, 10519, 0, 0, 0
3900, 9956, 0, 0, 0
4000, 9311, 0, 0, 0
4100, 9369, 0, 0, 0
4201, 8078, 0, 0, 0
4301, 10425, 0, 0, 0
4400, 10530, 0, 0, 0
4500, 10741, 0, 0, 0
4601, 10405, 0, 0, 0
4700, 10669, 0, 0, 0
4800, 11587, 0, 0, 0
4901, 9458, 0, 0, 0
5001, 11212, 0, 0, 0
5100, 8901, 0, 0, 0
5201, 9993, 0, 0, 0
5300, 8829, 0, 0, 0
5401, 8419, 0, 0, 0
5502, 8693, 0, 0, 0
5601, 9052, 0, 0, 0
5701, 9907, 0, 0, 0
5800, 9933, 0, 0, 0
5900, 9272, 0, 0, 0
6000, 9387, 0, 0, 0
6100, 8616, 0, 0, 0
6201, 8516, 0, 0, 0
6302, 8490, 0, 0, 0
6402, 9081, 0, 0, 0
6501, 10458, 0, 0, 0
6600, 9587, 0, 0, 0
6701, 9117, 0, 0, 0
6801, 8763, 0, 0, 0
6900, 11155, 0, 0, 0
7001, 8620, 0, 0, 0
7100, 9352, 0, 0, 0
7201, 10654, 0, 0, 0
7301, 11109, 0, 0, 0
7400, 9470, 0, 0, 0
7501, 9148, 0, 0, 0
7601, 8128, 0, 0, 0
7701, 10446, 0, 0, 0
7801, 10604, 0, 0, 0
7901, 9391, 0, 0, 0
8001, 10734, 0, 0, 0
8100, 9352, 0, 0, 0
8201, 10145, 0, 0, 0
8301, 8539, 0, 0, 0
8402, 10445, 0, 0, 0
8500, 9140, 0, 0, 0
8601, 9474, 0, 0, 0
8703, 9460, 0, 0, 0
8801, 9427, 0, 0, 0
8901, 10370, 0, 0, 0
9001, 9686, 0, 0, 0
9101, 9765, 0, 0, 0
9200, 9513, 0, 0, 0
9301, 9296, 0, 0, 0
9401, 9373, 0, 0, 0
9501, 10439, 0, 0, 0
9601, 8878, 0, 0, 0
9701, 8079, 0, 0, 0
9800, 9555, 0, 0, 0
9900, 9658, 0, 0, 0
10002, 7921, 0, 0, 0
10100, 9175, 0, 0, 0
10201, 9404, 0, 0, 0
10302, 10408, 0, 0, 0
10400, 9264, 0, 0, 0
10500, 8911, 0, 0, 0
10600, 8113, 0, 0, 0
10701, 8685, 0, 0, 0
10800, 8854, 0, 0, 0
10901, 10203, 0, 0, 0
11000, 9303, 0, 0, 0
11101, 8801, 0, 0, 0
11202, 9545, 0, 0, 0
11300, 8255, 0, 0, 0
11401, 8989, 0, 0, 0
11501, 9484, 0, 0, 0
11601, 10192, 0, 0, 0
11701, 8639, 0, 0, 0
11801, 8201, 0, 0, 0
11900, 8729, 0, 0, 0
12002, 8850, 0, 0, 0
12101, 10096, 0, 0, 0
12202, 10248, 0, 0, 0
12300, 10661, 0, 0, 0
12402, 10733, 0, 0, 0
12500, 8102, 0, 0, 0
12601, 9493, 0, 0, 0
12700, 11109, 0, 0, 0
12800, 9172, 0, 0, 0
12900, 8388, 0, 0, 0
13001, 8879, 0, 0, 0
13101, 7649, 0, 0, 0
13200, 10472, 0, 0, 0
13301, 9521, 0, 0, 0
13401, 8722, 0, 0, 0
13501, 9866, 0, 0, 0
13600, 9208, 0, 0, 0
13701, 8104, 0, 0, 0
13800, 8947, 0, 0, 0
13900, 7890, 0, 0, 0
14001, 7767, 0, 0, 0
14101, 8670, 0, 0, 0
14202, 8161, 0, 0, 0
14302, 8629, 0, 0, 0
14400, 10992, 0, 0, 0
14500, 10598, 0, 0, 0
14600, 8508, 0, 0, 0
14700, 10278, 0, 0, 0
14800, 9399, 0, 0, 0
14900, 8562, 0, 0, 0
15000, 9231, 0, 0, 0
15101, 8665, 0, 0, 0
15201, 8574, 0, 0, 0
15300, 9611, 0, 0, 0
15401, 10922, 0, 0, 0
15500, 9819, 0, 0, 0
15600, 10279, 0, 0, 0
15700, 10968, 0, 0, 0
15800, 10345, 0, 0, 0
15902, 10539, 0, 0, 0
16001, 10063, 0, 0, 0
16101, 10037, 0, 0, 0
16200, 8569, 0, 0, 0
16300, 10371, 0, 0, 0
16400, 9985, 0, 0, 0
16501, 10046, 0, 0, 0
16600, 10952, 0, 0, 0
16701, 9812, 0, 0, 0
16801, 10181, 0, 0, 0
16901, 9590, 0, 0, 0
17000, 8742, 0, 0, 0
17100, 10645, 0, 0, 0
17200, 10029, 0, 0, 0
17302, 10534, 0, 0, 0
17401, 9326, 0, 0, 0
17501, 10008, 0, 0, 0
17600, 9677, 0, 0, 0
17701, 9745, 0, 0, 0
17800, 10671, 0, 0, 0
17902, 10122, 0, 0, 0
18000, 9230, 0, 0, 0
18100, 8144, 0, 0, 0
18201, 8319, 0, 0, 0
18300, 9822, 0, 0, 0
18400, 10531, 0, 0, 0
18500, 10276, 0, 0, 0
18601, 10297, 0, 0, 0
18701, 10016, 0, 0, 0
18800, 9450, 0, 0, 0
18901, 10205, 0, 0, 0
19001, 8452, 0, 0, 0
19101, 9140, 0, 0, 0
19201, 9289, 0, 0, 0
19301, 9566, 0, 0, 0
19401, 9179, 0, 0, 0
19500, 8896, 0, 0, 0
19602, 10268, 0, 0, 0
19700, 8828, 0, 0, 0
19802, 9609, 0, 0, 0
19900, 9384, 0, 0, 0
20000, 9502, 0, 0, 0
20101, 8972, 0, 0, 0
20202, 8931, 0, 0, 0
20300, 9752, 0, 0, 0
20401, 9581, 0, 0, 0
20501, 10471, 0, 0, 0
20602, 10502, 0, 0, 0
20701, 10038, 0, 0, 0
20802, 9583, 0, 0, 0
20900, 9072, 0, 0, 0
21001, 10241, 0, 0, 0
21100, 9491, 0, 0, 0
21200, 9511, 0, 0, 0
21301, 8304, 0, 0, 0
21400, 10409, 0, 0, 0
21501, 9237, 0, 0, 0
21600, 9687, 0, 0, 0
21701, 9364, 0, 0, 0
21800, 8230, 0, 0, 0
21901, 8878, 0, 0, 0
22000, 8103, 0, 0, 0
22100, 8835, 0, 0, 0
22200, 8858, 0, 0, 0
22301, 8194, 0, 0, 0
22402, 8808, 0, 0, 0
22500, 9454, 0, 0, 0
22600, 9316, 0, 0, 0
22701, 8681, 0, 0, 0
22800, 8619, 0, 0, 0
22901, 10648, 0, 0, 0
23001, 9461, 0, 0, 0
23100, 8020, 0, 0, 0
23202, 9673, 0, 0, 0
23301, 9821, 0, 0, 0
23400, 10374, 0, 0, 0
23501, 9824, 0, 0, 0
23602, 9892, 0, 0, 0
23700, 9421, 0, 0, 0
23800, 9348, 0, 0, 0
23901, 9204, 0, 0, 0
24001, 8466, 0, 0, 0
24100, 10543, 0, 0, 0
24200, 9893, 0, 0, 0
24300, 12318, 0, 0, 0
24401, 9537, 0, 0, 0
24500, 10124, 0, 0, 0
24602, 9406, 0, 0, 0
24701, 8227, 0, 0, 0
24802, 9502, 0, 0, 0
24902, 9536, 0, 0, 0
25000, 10990, 0, 0, 0
25100, 8687, 0, 0, 0
25201, 9257, 0, 0, 0
25301, 9551, 0, 0, 0
25401, 9965, 0, 0, 0
25501, 10035, 0, 0, 0
25601, 10626, 0, 0, 0
25700, 10057, 0, 0, 0
25801, 10661, 0, 0, 0
25902, 10578, 0, 0, 0
26000, 9711, 0, 0, 0
26102, 11283, 0, 0, 0
26200, 9933, 0, 0, 0
26300, 9523, 0, 0, 0
26402, 9592, 0, 0, 0
26500, 9470, 0, 0, 0
26602, 9770, 0, 0, 0
26700, 8387, 0, 0, 0
26801, 7874, 0, 0, 0
26901, 8528, 0, 0, 0
27001, 9150, 0, 0, 0
27100, 9519, 0, 0, 0
27200, 8291, 0, 0, 0
27301, 9819, 0, 0, 0
27401, 9571, 0, 0, 0
27500, 9058, 0, 0, 0
27601, 9815, 0, 0, 0
27700, 9789, 0, 0, 0
27801, 10040, 0, 0, 0
27900, 11047, 0, 0, 0
28002, 9452, 0, 0, 0
28101, 9759, 0, 0, 0
28202, 10370, 0, 0, 0
28301, 9172, 0, 0, 0
28401, 8927, 0, 0, 0
28503, 8682, 0, 0, 0
28601, 8694, 0, 0, 0
28701, 11340, 0, 0, 0
28802, 10017, 0, 0, 0
28900, 9278, 0, 0, 0
29000, 10189, 0, 0, 0
29101, 9754, 0, 0, 0
29201, 10134, 0, 0, 0
29302, 11094, 0, 0, 0
29401, 9516, 0, 0, 0
29500, 10008, 0, 0, 0
29601, 9174, 0, 0, 0
29703, 9268, 0, 0, 0
29800, 9029, 0, 0, 0
29900, 10046, 0, 0, 0
30000, 10010, 0, 0, 0
30100, 9988, 0, 0, 0
30200, 9928, 0, 0, 0
30300, 10350, 0, 0, 0
30401, 10424, 0, 0, 0
30501, 9735, 0, 0, 0
30600, 9051, 0, 0, 0
30700, 11275, 0, 0, 0
30802, 11508, 0, 0, 0
30900, 9395, 0, 0, 0
31000, 8077, 0, 0, 0
31101, 9219, 0, 0, 0
31200, 7367, 0, 0, 0
31301, 10137, 0, 0, 0
31400, 10230, 0, 0, 0
31501, 9837, 0, 0, 0
31600, 9092, 0, 0, 0
31700, 9300, 0, 0, 0
31801, 9516, 0, 0, 0
31901, 10182, 0, 0, 0
32002, 9576, 0, 0, 0
32100, 9395, 0, 0, 0
32201, 10133, 0, 0, 0
32301, 9669, 0, 0, 0
32400, 8803, 0, 0, 0
32501, 9160, 0, 0, 0
32600, 8425, 0, 0, 0
32700, 10504, 0, 0, 0
32800, 10415, 0, 0, 0
32902, 9616, 0, 0, 0
33000, 10856, 0, 0, 0
33100, 8429, 0, 0, 0
33201, 9090, 0, 0, 0
33300, 9579, 0, 0, 0
33401, 10176, 0, 0, 0
33500, 10775, 0, 0, 0
33602, 10104, 0, 0, 0
33700, 9203, 0, 0, 0
33800, 10282, 0, 0, 0
33900, 9525, 0, 0, 0
34001, 9567, 0, 0, 0
34101, 10774, 0, 0, 0
34200, 9427, 0, 0, 0
34300, 8831, 0, 0, 0
34402, 9247, 0, 0, 0
34500, 9861, 0, 0, 0
34600, 10306, 0, 0, 0
34701, 9513, 0, 0, 0
34801, 9230, 0, 0, 0
34900, 8856, 0, 0, 0
35000, 9701, 0, 0, 0
35103, 8945, 0, 0, 0
35201, 9314, 0, 0, 0
35300, 9812, 0, 0, 0
35400, 9704, 0, 0, 0
35500, 9414, 0, 0, 0
35600, 9510, 0, 0, 0
35701, 8797, 0, 0, 0
35801, 8110, 0, 0, 0
35901, 9806, 0, 0, 0
36001, 8899, 0, 0, 0
36102, 10816, 0, 0, 0
36200, 9854, 0, 0, 0
36301, 9520, 0, 0, 0
36400, 9476, 0, 0, 0
36500, 9772, 0, 0, 0
36602, 9057, 0, 0, 0
36700, 8727, 0, 0, 0
36802, 8419, 0, 0, 0
36901, 7705, 0, 0, 0
37000, 9702, 0, 0, 0
37100, 10000, 0, 0, 0
37200, 10255, 0, 0, 0
37301, 8697, 0, 0, 0
37401, 9604, 0, 0, 0
37501, 8798, 0, 0, 0
37601, 8156, 0, 0, 0
37702, 7993, 0, 0, 0
37802, 11568, 0, 0, 0
37902, 10774, 0, 0, 0
38001, 9832, 0, 0, 0
38102, 9543, 0, 0, 0
38200, 9812, 0, 0, 0
38301, 9105, 0, 0, 0
38401, 9538, 0, 0, 0
38500, 10135, 0, 0, 0
38600, 10693, 0, 0, 0
38701, 9195, 0, 0, 0
38801, 10451, 0, 0, 0
38901, 8562, 0, 0, 0
39001, 9326, 0, 0, 0
39101, 9554, 0, 0, 0
39200, 8823, 0, 0, 0
39302, 9458, 0, 0, 0
39401, 9652, 0, 0, 0
39501, 9431, 0, 0, 0
39600, 9078, 0, 0, 0
39701, 9649, 0, 0, 0
39800, 9456, 0, 0, 0
39901, 8449, 0, 0, 0
40002, 9466, 0, 0, 0
40101, 9632, 0, 0, 0
40201, 9028, 0, 0, 0
40300, 9249, 0, 0, 0
40400, 8644, 0, 0, 0
40501, 10314, 0, 0, 0
40601, 10508, 0, 0, 0
40700, 10758, 0, 0, 0
40801, 10433, 0, 0, 0
40901, 9141, 0, 0, 0
41000, 9401, 0, 0, 0
41101, 8384, 0, 0, 0
41200, 8410, 0, 0, 0
41301, 8846, 0, 0, 0
41401, 7934, 0, 0, 0
41501, 8065, 0, 0, 0
41600, 9127, 0, 0, 0
41701, 9235, 0, 0, 0
41801, 8655, 0, 0, 0
41900, 8250, 0, 0, 0
42000, 9810, 0, 0, 0
42100, 10172, 0, 0, 0
42201, 9828, 0, 0, 0
42302, 9480, 0, 0, 0
42400, 9212, 0, 0, 0
42500, 9079, 0, 0, 0
42601, 9219, 0, 0, 0
42701, 10707, 0, 0, 0
42801, 9866, 0, 0, 0
42901, 9847, 0, 0, 0
43002, 9974, 0, 0, 0
43101, 9201, 0, 0, 0
43202, 9592, 0, 0, 0
43300, 7941, 0, 0, 0
43401, 9135, 0, 0, 0
43501, 9289, 0, 0, 0
43603, 8727, 0, 0, 0
43700, 10680, 0, 0, 0
43802, 9588, 0, 0, 0
43900, 12798, 0, 0, 0
44001, 9239, 0, 0, 0
44100, 9423, 0, 0, 0
44200, 9100, 0, 0, 0
44301, 9684, 0, 0, 0
44402, 9991, 0, 0, 0
44500, 9829, 0, 0, 0
44601, 8913, 0, 0, 0
44701, 8156, 0, 0, 0
44802, 9957, 0, 0, 0
44901, 8969, 0, 0, 0
45001, 11091, 0, 0, 0
45101, 10007, 0, 0, 0
45201, 8896, 0, 0, 0
45301, 9361, 0, 0, 0
45401, 8245, 0, 0, 0
45502, 9366, 0, 0, 0
45600, 8089, 0, 0, 0
45701, 9215, 0, 0, 0
45802, 10120, 0, 0, 0
45901, 9901, 0, 0, 0
46000, 10009, 0, 0, 0
46101, 9280, 0, 0, 0
46201, 8645, 0, 0, 0
46301, 8321, 0, 0, 0
46401, 9109, 0, 0, 0
46502, 9186, 0, 0, 0
46601, 9418, 0, 0, 0
46700, 11677, 0, 0, 0
46801, 11156, 0, 0, 0
46902, 10175, 0, 0, 0
47000, 10308, 0, 0, 0
47101, 9156, 0, 0, 0
47201, 9076, 0, 0, 0
47300, 8256, 0, 0, 0
47400, 8226, 0, 0, 0
47500, 9522, 0, 0, 0
47601, 9187, 0, 0, 0
47700, 8626, 0, 0, 0
47800, 8244, 0, 0, 0
47901, 9756, 0, 0, 0
48001, 10510, 0, 0, 0
48100, 10042, 0, 0, 0
48200, 10028, 0, 0, 0
48300, 9252, 0, 0, 0
48402, 8914, 0, 0, 0
48500, 10269, 0, 0, 0
48601, 8741, 0, 0, 0
48700, 9866, 0, 0, 0
48802, 9082, 0, 0, 0
48902, 9066, 0, 0, 0
49000, 8310, 0, 0, 0
49101, 9612, 0, 0, 0
49202, 9831, 0, 0, 0
49300, 9270, 0, 0, 0
49402, 9438, 0, 0, 0
49500, 9025, 0, 0, 0
49601, 9119, 0, 0, 0
49700, 11853, 0, 0, 0
49800, 10862, 0, 0, 0
49900, 8677, 0, 0, 0
50000, 10254, 0, 0, 0
50101, 8925, 0, 0, 0
50201, 9571, 0, 0, 0
50301, 8809, 0, 0, 0
50402, 8918, 0, 0, 0
50502, 9651, 0, 0, 0
50601, 9315, 0, 0, 0
50701, 9417, 0, 0, 0
50801, 9258, 0, 0, 0
50900, 10253, 0, 0, 0
51002, 9149, 0, 0, 0
51100, 9121, 0, 0, 0
51201, 11000, 0, 0, 0
51300, 9503, 0, 0, 0
51400, 9819, 0, 0, 0
51502, 9452, 0, 0, 0
51601, 8152, 0, 0, 0
51701, 9020, 0, 0, 0
51802, 9004, 0, 0, 0
51901, 9132, 0, 0, 0
52000, 8919, 0, 0, 0
52101, 9649, 0, 0, 0
52201, 8951, 0, 0, 0
52301, 10438, 0, 0, 0
52400, 8831, 0, 0, 0
52501, 9693, 0, 0, 0
52601, 9414, 0, 0, 0
52700, 10678, 0, 0, 0
52800, 10635, 0, 0, 0
52900, 8700, 0, 0, 0
53002, 9483, 0, 0, 0
53100, 8885, 0, 0, 0
53201, 10214, 0, 0, 0
53301, 9046, 0, 0, 0
53400, 9625, 0, 0, 0
53500, 10060, 0, 0, 0
53602, 9025, 0, 0, 0
53700, 10233, 0, 0, 0
53801, 10914, 0, 0, 0
53901, 10537, 0, 0, 0
54000, 10859, 0, 0, 0
54100, 8867, 0, 0, 0
54201, 9296, 0, 0, 0
54301, 9512, 0, 0, 0
54401, 8795, 0, 0, 0
54500, 9789, 0, 0, 0
54600, 9613, 0, 0, 0
54700, 9252, 0, 0, 0
54800, 10300, 0, 0, 0
54900, 8916, 0, 0, 0
55000, 11028, 0, 0, 0
55100, 9411, 0, 0, 0
55202, 8939, 0, 0, 0
55301, 9858, 0, 0, 0
55400, 9305, 0, 0, 0
55501, 9471, 0, 0, 0
55601, 9504, 0, 0, 0
55700, 8951, 0, 0, 0
55800, 9014, 0, 0, 0
55901, 8376, 0, 0, 0
56002, 9316, 0, 0, 0
56101, 8472, 0, 0, 0
56202, 9001, 0, 0, 0
56300, 9118, 0, 0, 0
56402, 8183, 0, 0, 0
56500, 9111, 0, 0, 0
56602, 8513, 0, 0, 0
56701, 9821, 0, 0, 0
56802, 9991, 0, 0, 0
56900, 10391, 0, 0, 0
57001, 10243, 0, 0, 0
57100, 10525, 0, 0, 0
57201, 10879, 0, 0, 0
57300, 9815, 0, 0, 0
57400, 9818, 0, 0, 0
57502, 9460, 0, 0, 0
57601, 9822, 0, 0, 0
57701, 9713, 0, 0, 0
57800, 11094, 0, 0, 0
57901, 9469, 0, 0, 0
58000, 10073, 0, 0, 0
58101, 10291, 0, 0, 0
58201, 9280, 0, 0, 0
58300, 9150, 0, 0, 0
58402, 9543, 0, 0, 0
58501, 9924, 0, 0, 0
58603, 9583, 0, 0, 0
58702, 8688, 0, 0, 0
58800, 9378, 0, 0, 0
58902, 10260, 0, 0, 0
59000, 9892, 0, 0, 0
59101, 9841, 0, 0, 0
59202, 9030, 0, 0, 0
59300, 9119, 0, 0, 0
59400, 9303, 0, 0, 0
59502, 8821, 0, 0, 0
59601, 9623, 0, 0, 0
59701, 9735, 0, 0, 0
59801, 8468, 0, 0, 0
59900, 8083, 0, 0, 0
60000, 9771, 0, 0, 0
60100, 9966, 0, 0, 0
60201, 10679, 0, 0, 0
60302, 9654, 0, 0, 0
60400, 9877, 0, 0, 0
60500, 8398, 0, 0, 0
60601, 10778, 0, 0, 0
60700, 9181, 0, 0, 0
60801, 8369, 0, 0, 0
60901, 8071, 0, 0, 0
61001, 8410, 0, 0, 0
61101, 9223, 0, 0, 0
61200, 10029, 0, 0, 0
61300, 10026, 0, 0, 0
61400, 10644, 0, 0, 0
61500, 9480, 0, 0, 0
61600, 8410, 0, 0, 0
61701, 10363, 0, 0, 0
61800, 9765, 0, 0, 0
61901, 8900, 0, 0, 0
62001, 9248, 0, 0, 0
62100, 9224, 0, 0, 0
62201, 10418, 0, 0, 0
62300, 9532, 0, 0, 0
62401, 9525, 0, 0, 0
62500, 9852, 0, 0, 0
62600, 9506, 0, 0, 0
62700, 8078, 0, 0, 0
62800, 8754, 0, 0, 0
62901, 9437, 0, 0, 0
63000, 9402, 0, 0, 0
63102, 9366, 0, 0, 0
63200, 9413, 0, 0, 0
63301, 9352, 0, 0, 0
63401, 9677, 0, 0, 0
63503, 9360, 0, 0, 0
63602, 8259, 0, 0, 0
63702, 10268, 0, 0, 0
63800, 10758, 0, 0, 0
63901, 9652, 0, 0, 0
64002, 11752, 0, 0, 0
64100, 9778, 0, 0, 0
64201, 11231, 0, 0, 0
64300, 10148, 0, 0, 0
64401, 9561, 0, 0, 0
64501, 9446, 0, 0, 0
64600, 9632, 0, 0, 0
64700, 9932, 0, 0, 0
64800, 10154, 0, 0, 0
64900, 9584, 0, 0, 0
65001, 11047, 0, 0, 0
65102, 10209, 0, 0, 0
65202, 10492, 0, 0, 0
65300, 9579, 0, 0, 0
65400, 8839, 0, 0, 0
65501, 9085, 0, 0, 0
65602, 10825, 0, 0, 0
65701, 9151, 0, 0, 0
65801, 9504, 0, 0, 0
65901, 10349, 0, 0, 0
66001, 10315, 0, 0, 0
66100, 10016, 0, 0, 0
66202, 10200, 0, 0, 0
66301, 8743, 0, 0, 0
66400, 9989, 0, 0, 0
66502, 9585, 0, 0, 0
66600, 9372, 0, 0, 0
66700, 9068, 0, 0, 0
66801, 10183, 0, 0, 0
66902, 11644, 0, 0, 0
67001, 8221, 0, 0, 0
67100, 11510, 0, 0, 0
67202, 10656, 0, 0, 0
67301, 9510, 0, 0, 0
67402, 9782, 0, 0, 0
67501, 9458, 0, 0, 0
67601, 9065, 0, 0, 0
67701, 9835, 0, 0, 0
67801, 9937, 0, 0, 0
67902, 10459, 0, 0, 0
68002, 10538, 0, 0, 0
68100, 9448, 0, 0, 0
68200, 9108, 0, 0, 0
68300, 9697, 0, 0, 0
68402, 10922, 0, 0, 0
68501, 10335, 0, 0, 0
68600, 10299, 0, 0, 0
68700, 9636, 0, 0, 0
68801, 10248, 0, 0, 0
68902, 9202, 0, 0, 0
69001, 9887, 0, 0, 0
69100, 10064, 0, 0, 0
69201, 10218, 0, 0, 0
69300, 10441, 0, 0, 0
69400, 8891, 0, 0, 0
69501, 8833, 0, 0, 0
69601, 9914, 0, 0, 0
69701, 8144, 0, 0, 0
69800, 9919, 0, 0, 0
69901, 10833, 0, 0, 0
70001, 8207, 0, 0, 0
70100, 11744, 0, 0, 0
70200, 9782, 0, 0, 0
70302, 8829, 0, 0, 0
70402, 8982, 0, 0, 0
70500, 9812, 0, 0, 0
70600, 9888, 0, 0, 0
70700, 8799, 0, 0, 0
70802, 10268, 0, 0, 0
70900, 10663, 0, 0, 0
71001, 8796, 0, 0, 0
71100, 7937, 0, 0, 0
71201, 8402, 0, 0, 0
71302, 8359, 0, 0, 0
71402, 7522, 0, 0, 0
71501, 8050, 0, 0, 0
71602, 9408, 0, 0, 0
71700, 8033, 0, 0, 0
71802, 9564, 0, 0, 0
71900, 9323, 0, 0, 0
72001, 10385, 0, 0, 0
72101, 9421, 0, 0, 0
72200, 9241, 0, 0, 0
72300, 9701, 0, 0, 0
72400, 9587, 0, 0, 0
72501, 10314, 0, 0, 0
72600, 9045, 0, 0, 0
72700, 10346, 0, 0, 0
72801, 10798, 0, 0, 0
72901, 9034, 0, 0, 0
73001, 10122, 0, 0, 0
73101, 9784, 0, 0, 0
73201, 10319, 0, 0, 0
73301, 9881, 0, 0, 0
73400, 10369, 0, 0, 0
73500, 8690, 0, 0, 0
73600, 8550, 0, 0, 0
73702, 9614, 0, 0, 0
73801, 9254, 0, 0, 0
73900, 9397, 0, 0, 0
74000, 11106, 0, 0, 0
74101, 10278, 0, 0, 0
74202, 9880, 0, 0, 0
74301, 10406, 0, 0, 0
74402, 9973, 0, 0, 0
74501, 8778, 0, 0, 0
74601, 10507, 0, 0, 0
74700, 10236, 0, 0, 0
74800, 9169, 0, 0, 0
74901, 8852, 0, 0, 0
75001, 8865, 0, 0, 0
75100, 10562, 0, 0, 0
75200, 9040, 0, 0, 0
75300, 9307, 0, 0, 0
75401, 9925, 0, 0, 0
75501, 10823, 0, 0, 0
75601, 9118, 0, 0, 0
75700, 9376, 0, 0, 0
75802, 8926, 0, 0, 0
75901, 9725, 0, 0, 0
76001, 9087, 0, 0, 0
76100, 9145, 0, 0, 0
76201, 10408, 0, 0, 0
76301, 10075, 0, 0, 0
76401, 8936, 0, 0, 0
76502, 9971, 0, 0, 0
76600, 10920, 0, 0, 0
76701, 8590, 0, 0, 0
76802, 8502, 0, 0, 0
76901, 8956, 0, 0, 0
77001, 9439, 0, 0, 0
77101, 10400, 0, 0, 0
77201, 10848, 0, 0, 0
77300, 9197, 0, 0, 0
77401, 10616, 0, 0, 0
77501, 8619, 0, 0, 0
77601, 11422, 0, 0, 0
77700, 8290, 0, 0, 0
77800, 8816, 0, 0, 0
77901, 7808, 0, 0, 0
78000, 10781, 0, 0, 0
78101, 10024, 0, 0, 0
78202, 8791, 0, 0, 0
78302, 8874, 0, 0, 0
78401, 9104, 0, 0, 0
78500, 11295, 0, 0, 0
78601, 10518, 0, 0, 0
78700, 9792, 0, 0, 0
78801, 10763, 0, 0, 0
78900, 8630, 0, 0, 0
79000, 9714, 0, 0, 0
79101, 9785, 0, 0, 0
79200, 9041, 0, 0, 0
79300, 10693, 0, 0, 0
79400, 8745, 0, 0, 0
79501, 10969, 0, 0, 0
79601, 9257, 0, 0, 0
79700, 9735, 0, 0, 0
79800, 8890, 0, 0, 0
79901, 8813, 0, 0, 0
80002, 8865, 0, 0, 0
80100, 9850, 0, 0, 0
80200, 10784, 0, 0, 0
80300, 10721, 0, 0, 0
80401, 10845, 0, 0, 0
80501, 9314, 0, 0, 0
80600, 11084, 0, 0, 0
80702, 11716, 0, 0, 0
80802, 10484, 0, 0, 0
80901, 9949, 0, 0, 0
81001, 8296, 0, 0, 0
81101, 8788, 0, 0, 0
81201, 10068, 0, 0, 0
81300, 9142, 0, 0, 0
81400, 10695, 0, 0, 0
81501, 9710, 0, 0, 0
81601, 9949, 0, 0, 0
81701, 10123, 0, 0, 0
81801, 10235, 0, 0, 0
81901, 9216, 0, 0, 0
82000, 8893, 0, 0, 0
82101, 9982, 0, 0, 0
82200, 9640, 0, 0, 0
82301, 10084, 0, 0, 0
82401, 10466, 0, 0, 0
82500, 9717, 0, 0, 0
82600, 8985, 0, 0, 0
82700, 8699, 0, 0, 0
82800, 9217, 0, 0, 0
82900, 7546, 0, 0, 0
83001, 8776, 0, 0, 0
83101, 10246, 0, 0, 0
83200, 9638, 0, 0, 0
83302, 8463, 0, 0, 0
83402, 8742, 0, 0, 0
83500, 8910, 0, 0, 0
83600, 8925, 0, 0, 0
83700, 10716, 0, 0, 0
83800, 8119, 0, 0, 0
83900, 9596, 0, 0, 0
84003, 10278, 0, 0, 0
84102, 8813, 0, 0, 0
84201, 9519, 0, 0, 0
84301, 10075, 0, 0, 0
84401, 9380, 0, 0, 0
84501, 9073, 0, 0, 0
84602, 10670, 0, 0, 0
84701, 9968, 0, 0, 0
84800, 10761, 0, 0, 0
84901, 10716, 0, 0, 0
85002, 10004, 0, 0, 0
85102, 9103, 0, 0, 0
85200, 9520, 0, 0, 0
85300, 9312, 0, 0, 0
85400, 8940, 0, 0, 0
85501, 8433, 0, 0, 0
85601, 9030, 0, 0, 0
85702, 9834, 0, 0, 0
85801, 10570, 0, 0, 0
85900, 11270, 0, 0, 0
86000, 10697, 0, 0, 0
86102, 10729, 0, 0, 0
86200, 9517, 0, 0, 0
86300, 10406, 0, 0, 0
86401, 9869, 0, 0, 0
86500, 8965, 0, 0, 0
86601, 8560, 0, 0, 0
86700, 10174, 0, 0, 0
86802, 9912, 0, 0, 0
86901, 9186, 0, 0, 0
87000, 9351, 0, 0, 0
87100, 8299, 0, 0, 0
87201, 9049, 0, 0, 0
87301, 9976, 0, 0, 0
87401, 10444, 0, 0, 0
87501, 10053, 0, 0, 0
87600, 11165, 0, 0, 0
87701, 12347, 0, 0, 0
87802, 9673, 0, 0, 0
87901, 9941, 0, 0, 0
88001, 9298, 0, 0, 0
88100, 10586, 0, 0, 0
88200, 8622, 0, 0, 0
88301, 9051, 0, 0, 0
88401, 10614, 0, 0, 0
88501, 9779, 0, 0, 0
88600, 11611, 0, 0, 0
88701, 9764, 0, 0, 0
88800, 8589, 0, 0, 0
88902, 8243, 0, 0, 0
89001, 8803, 0, 0, 0
89100, 9780, 0, 0, 0
89201, 8763, 0, 0, 0
89302, 11032, 0, 0, 0
89401, 11130, 0, 0, 0
89501, 7607, 0, 0, 0
89601, 8294, 0, 0, 0
89701, 8331, 0, 0, 0
89802, 8347, 0, 0, 0
89902, 10902, 0, 0, 0
90002, 9952, 0, 0, 0
