250, 2240, 0, 0, 0
250, 924, 1, 0, 0
350, 2170, 0, 0, 0
350, 1030, 1, 0, 0
450, 2120, 0, 0, 0
450, 1030, 1, 0, 0
550, 2300, 0, 0, 0
550, 1000, 1, 0, 0
650, 2220, 0, 0, 0
650, 920, 1, 0, 0
749, 2121, 0, 0, 0
749, 1000, 1, 0, 0
849, 2250, 0, 0, 0
849, 900, 1, 0, 0
949, 2270, 0, 0, 0
949, 890, 1, 0, 0
1049, 2130, 0, 0, 0
1049, 980, 1, 0, 0
1149, 2240, 0, 0, 0
1149, 910, 1, 0, 0
1249, 2240, 0, 0, 0
1249, 950, 1, 0, 0
1349, 2340, 0, 0, 0
1349, 940, 1, 0, 0
1449, 1950, 0, 0, 0
1449, 1040, 1, 0, 0
1550, 2070, 0, 0, 0
1550, 950, 1, 0, 0
1650, 2260, 0, 0, 0
1650, 940, 1, 0, 0
1749, 2343, 0, 0, 0
1749, 878, 1, 0, 0
1849, 2090, 0, 0, 0
1849, 1020, 1, 0, 0
1949, 1990, 0, 0, 0
1949, 1070, 1, 0, 0
2049, 2150, 0, 0, 0
2049, 980, 1, 0, 0
2149, 2270, 0, 0, 0
2149, 860, 1, 0, 0
2249, 2130, 0, 0, 0
2249, 970, 1, 0, 0
2349, 2100, 0, 0, 0
2349, 1020, 1, 0, 0
2449, 2260, 0, 0, 0
2449, 1000, 1, 0, 0
2549, 2030, 0, 0, 0
2549, 950, 1, 0, 0
2649, 1970, 0, 0, 0
2649, 1000, 1, 0, 0
2750, 2080, 0, 0, 0
2750, 990, 1, 0, 0
2850, 2380, 0, 0, 0
2850, 850, 1, 0, 0
2950, 2210, 0, 0, 0
2950, 950, 1, 0, 0
3050, 2430, 0, 0, 0
3050, 910, 1, 0, 0
3150, 2250, 0, 0, 0
3150, 960, 1, 0, 0
3249, 2464, 0, 0, 0
3249, 878, 1, 0, 0
3349, 2140, 0, 0, 0
3349, 1040, 1, 0, 0
3449, 1940, 0, 0, 0
3449, 1050, 1, 0, 0
3549, 2190, 0, 0, 0
3549, 1000, 1, 0, 0
3649, 2040, 0, 0, 0
3649, 1050, 1, 0, 0
3749, 2280, 0, 0, 0
3749, 940, 1, 0, 0
3849, 2080, 0, 0, 0
3849, 960, 1, 0, 0
3949, 2190, 0, 0, 0
3949, 930, 1, 0, 0
4050, 2210, 0, 0, 0
4050, 960, 1, 0, 0
4150, 2250, 0, 0, 0
4150, 920, 1, 0, 0
4249, 2252, 0, 0, 0
4249, 1010, 1, 0, 0
4349, 2370, 0, 0, 0
4349, 840, 1, 0, 0
4449, 2410, 0, 0, 0
4449, 930, 1, 0, 0
4549, 2440, 0, 0, 0
4549, 900, 1, 0, 0
4649, 2150, 0, 0, 0
4649, 1010, 1, 0, 0
4749, 2290, 0, 0, 0
4749, 910, 1, 0, 0
4849, 2320, 0, 0, 0
4849, 960, 1, 0, 0
4949, 2370, 0, 0, 0
4949, 860, 1, 0, 0
5049, 2080, 0, 0, 0
5049, 990, 1, 0, 0
5149, 2410, 0, 0, 0
5149, 890, 1, 0, 0
5250, 1900, 0, 0, 0
5250, 1020, 1, 0, 0
5350, 2170, 0, 0, 0
5350, 930, 1, 0, 0
5450, 2330, 0, 0, 0
5450, 830, 1, 0, 0
5550, 2230, 0, 0, 0
5550, 890, 1, 0, 0
5650, 2280, 0, 0, 0
5650, 890, 1, 0, 0
5749, 2252, 0, 0, 0
5749, 909, 1, 0, 0
5849, 1960, 0, 0, 0
5849, 1120, 1, 0, 0
5949, 2080, 0, 0, 0
5949, 1060, 1, 0, 0
6049, 2170, 0, 0, 0
6049, 1010, 1, 0, 0
6149, 2110, 0, 0, 0
6149, 1030, 1, 0, 0
6249, 2280, 0, 0, 0
6249, 970, 1, 0, 0
6349, 1940, 0, 0, 0
6349, 1060, 1, 0, 0
6449, 2280, 0, 0, 0
6449, 990, 1, 0, 0
6550, 2070, 0, 0, 0
6550, 1020, 1, 0, 0
6650, 2220, 0, 0, 0
6650, 920, 1, 0, 0
6749, 2040, 0, 0, 0
6749, 1040, 1, 0, 0
6849, 2200, 0, 0, 0
6849, 850, 1, 0, 0
6949, 2140, 0, 0, 0
6949, 1010, 1, 0, 0
7049, 2230, 0, 0, 0
7049, 940, 1, 0, 0
7149, 2250, 0, 0, 0
7149, 1020, 1, 0, 0
7249, 2320, 0, 0, 0
7249, 900, 1, 0, 0
7349, 2190, 0, 0, 0
7349, 970, 1, 0, 0
7449, 2090, 0, 0, 0
7449, 1040, 1, 0, 0
7549, 1990, 0, 0, 0
7549, 1030, 1, 0, 0
7649, 2170, 0, 0, 0
7649, 950, 1, 0, 0
7750, 1990, 0, 0, 0
7750, 1030, 1, 0, 0
7850, 2130, 0, 0, 0
7850, 940, 1, 0, 0
7950, 2400, 0, 0, 0
7950, 830, 1, 0, 0
8050, 2400, 0, 0, 0
8050, 900, 1, 0, 0
8150, 2110, 0, 0, 0
8150, 1000, 1, 0, 0
8249, 2262, 0, 0, 0
8249, 1000, 1, 0, 0
8349, 2480, 0, 0, 0
8349, 880, 1, 0, 0
8449, 2300, 0, 0, 0
8449, 940, 1, 0, 0
8549, 2440, 0, 0, 0
8549, 890, 1, 0, 0
8649, 2330, 0, 0, 0
8649, 970, 1, 0, 0
8749, 2440, 0, 0, 0
8749, 800, 1, 0, 0
8849, 2160, 0, 0, 0
8849, 960, 1, 0, 0
8949, 2230, 0, 0, 0
8949, 1010, 1, 0, 0
9050, 2110, 0, 0, 0
9050, 990, 1, 0, 0
9150, 2150, 0, 0, 0
9150, 1020, 1, 0, 0
9249, 2262, 0, 0, 0
9249, 868, 1, 0, 0
9349, 2270, 0, 0, 0
9349, 900, 1, 0, 0
9449, 2280, 0, 0, 0
9449, 980, 1, 0, 0
9549, 2180, 0, 0, 0
9549, 990, 1, 0, 0
9649, 2240, 0, 0, 0
9649, 970, 1, 0, 0
9749, 2300, 0, 0, 0
9749, 880, 1, 0, 0
9849, 2290, 0, 0, 0
9849, 980, 1, 0, 0
9949, 2010, 0, 0, 0
9949, 1020, 1, 0, 0
10049, 2380, 0, 0, 0
10049, 900, 1, 0, 0
10149, 2130, 0, 0, 0
10149, 1020, 1, 0, 0
10250, 2070, 0, 0, 0
10250, 1040, 1, 0, 0
10350, 1960, 0, 0, 0
10350, 1070, 1, 0, 0
10450, 2370, 0, 0, 0
10450, 860, 1, 0, 0
10550, 2260, 0, 0, 0
10550, 880, 1, 0, 0
10650, 2310, 0, 0, 0
10650, 910, 1, 0, 0
10749, 2222, 0, 0, 0
10749, 959, 1, 0, 0
10849, 2310, 0, 0, 0
10849, 900, 1, 0, 0
10949, 2340, 0, 0, 0
10949, 890, 1, 0, 0
11049, 2380, 0, 0, 0
11049, 970, 1, 0, 0
11149, 2110, 0, 0, 0
11149, 1060, 1, 0, 0
11249, 2210, 0, 0, 0
11249, 940, 1, 0, 0
11349, 2310, 0, 0, 0
11349, 910, 1, 0, 0
11449, 2330, 0, 0, 0
11449, 910, 1, 0, 0
11550, 2220, 0, 0, 0
11550, 1000, 1, 0, 0
11650, 2160, 0, 0, 0
11650, 1040, 1, 0, 0
11749, 2262, 0, 0, 0
11749, 909, 1, 0, 0
11849, 2330, 0, 0, 0
11849, 880, 1, 0, 0
11949, 2200, 0, 0, 0
11949, 990, 1, 0, 0
12049, 1930, 0, 0, 0
12049, 1100, 1, 0, 0
12149, 2300, 0, 0, 0
12149, 940, 1, 0, 0
12249, 2470, 0, 0, 0
12249, 830, 1, 0, 0
12349, 2210, 0, 0, 0
12349, 980, 1, 0, 0
12449, 2160, 0, 0, 0
12449, 1040, 1, 0, 0
12549, 2180, 0, 0, 0
12549, 970, 1, 0, 0
12649, 2380, 0, 0, 0
12649, 880, 1, 0, 0
12750, 2440, 0, 0, 0
12750, 840, 1, 0, 0
12850, 2130, 0, 0, 0
12850, 1040, 1, 0, 0
12950, 2190, 0, 0, 0
12950, 970, 1, 0, 0
13050, 2130, 0, 0, 0
13050, 990, 1, 0, 0
13150, 2120, 0, 0, 0
13150, 970, 1, 0, 0
13249, 2272, 0, 0, 0
13249, 979, 1, 0, 0
13349, 2170, 0, 0, 0
13349, 970, 1, 0, 0
13449, 2380, 0, 0, 0
13449, 880, 1, 0, 0
13549, 2490, 0, 0, 0
13549, 880, 1, 0, 0
13649, 2080, 0, 0, 0
13649, 1000, 1, 0, 0
13749, 2150, 0, 0, 0
13749, 1040, 1, 0, 0
13849, 2030, 0, 0, 0
13849, 980, 1, 0, 0
13949, 2140, 0, 0, 0
13949, 950, 1, 0, 0
14050, 2390, 0, 0, 0
14050, 830, 1, 0, 0
14150, 2390, 0, 0, 0
14150, 890, 1, 0, 0
14249, 2525, 0, 0, 0
14249, 808, 1, 0, 0
14349, 2260, 0, 0, 0
14349, 890, 1, 0, 0
14449, 2310, 0, 0, 0
14449, 850, 1, 0, 0
14549, 2190, 0, 0, 0
14549, 930, 1, 0, 0
14649, 2210, 0, 0, 0
14649, 970, 1, 0, 0
14749, 2260, 0, 0, 0
14749, 980, 1, 0, 0
14849, 2370, 0, 0, 0
14849, 980, 1, 0, 0
14949, 2470, 0, 0, 0
14949, 840, 1, 0, 0
15049, 2290, 0, 0, 0
15049, 930, 1, 0, 0
15149, 2330, 0, 0, 0
15149, 900, 1, 0, 0
15250, 2250, 0, 0, 0
15250, 980, 1, 0, 0
15350, 2080, 0, 0, 0
15350, 1000, 1, 0, 0
15450, 2280, 0, 0, 0
15450, 930, 1, 0, 0
15550, 2310, 0, 0, 0
15550, 930, 1, 0, 0
15650, 2350, 0, 0, 0
15650, 900, 1, 0, 0
15749, 2090, 0, 0, 0
15749, 1000, 1, 0, 0
15849, 1950, 0, 0, 0
15849, 1100, 1, 0, 0
15949, 2470, 0, 0, 0
15949, 840, 1, 0, 0
16049, 2300, 0, 0, 0
16049, 940, 1, 0, 0
16149, 2000, 0, 0, 0
16149, 1050, 1, 0, 0
16249, 2350, 0, 0, 0
16249, 960, 1, 0, 0
16349, 2170, 0, 0, 0
16349, 970, 1, 0, 0
16449, 2240, 0, 0, 0
16449, 900, 1, 0, 0
16550, 2230, 0, 0, 0
16550, 980, 1, 0, 0
16650, 2100, 0, 0, 0
16650, 1050, 1, 0, 0
16749, 2080, 0, 0, 0
16749, 949, 1, 0, 0
16849, 2310, 0, 0, 0
16849, 850, 1, 0, 0
16949, 2280, 0, 0, 0
16949, 860, 1, 0, 0
17049, 1940, 0, 0, 0
17049, 970, 1, 0, 0
17149, 2070, 0, 0, 0
17149, 960, 1, 0, 0
17249, 2180, 0, 0, 0
17249, 950, 1, 0, 0
17349, 2240, 0, 0, 0
17349, 870, 1, 0, 0
17449, 1880, 0, 0, 0
17449, 1110, 1, 0, 0
17549, 1980, 0, 0, 0
17549, 1060, 1, 0, 0
17649, 2150, 0, 0, 0
17649, 950, 1, 0, 0
17750, 2000, 0, 0, 0
17750, 1110, 1, 0, 0
17850, 2150, 0, 0, 0
17850, 960, 1, 0, 0
17950, 2270, 0, 0, 0
17950, 890, 1, 0, 0
18050, 2210, 0, 0, 0
18050, 980, 1, 0, 0
18150, 1990, 0, 0, 0
18150, 1080, 1, 0, 0
18249, 2333, 0, 0, 0
18249, 858, 1, 0, 0
18349, 2280, 0, 0, 0
18349, 920, 1, 0, 0
18449, 2160, 0, 0, 0
18449, 920, 1, 0, 0
18549, 2010, 0, 0, 0
18549, 1080, 1, 0, 0
18649, 2180, 0, 0, 0
18649, 970, 1, 0, 0
18749, 2110, 0, 0, 0
18749, 920, 1, 0, 0
18849, 1880, 0, 0, 0
18849, 1000, 1, 0, 0
18949, 2030, 0, 0, 0
18949, 990, 1, 0, 0
19050, 2410, 0, 0, 0
19050, 810, 1, 0, 0
19150, 2320, 0, 0, 0
19150, 860, 1, 0, 0
19249, 2111, 0, 0, 0
19249, 949, 1, 0, 0
19349, 2120, 0, 0, 0
19349, 1010, 1, 0, 0
19449, 2180, 0, 0, 0
19449, 920, 1, 0, 0
19549, 2420, 0, 0, 0
19549, 860, 1, 0, 0
19649, 2280, 0, 0, 0
19649, 940, 1, 0, 0
19749, 2310, 0, 0, 0
19749, 850, 1, 0, 0
19849, 2000, 0, 0, 0
19849, 980, 1, 0, 0
19949, 1960, 0, 0, 0
19949, 1030, 1, 0, 0
20049, 2460, 0, 0, 0
20049, 810, 1, 0, 0
20149, 2160, 0, 0, 0
20149, 940, 1, 0, 0
20250, 2280, 0, 0, 0
20250, 920, 1, 0, 0
20350, 2080, 0, 0, 0
20350, 990, 1, 0, 0
20450, 2190, 0, 0, 0
20450, 880, 1, 0, 0
20550, 2240, 0, 0, 0
20550, 850, 1, 0, 0
20650, 2070, 0, 0, 0
20650, 880, 1, 0, 0
20749, 2030, 0, 0, 0
20749, 1030, 1, 0, 0
20849, 2240, 0, 0, 0
20849, 950, 1, 0, 0
20949, 1990, 0, 0, 0
20949, 1030, 1, 0, 0
21049, 2250, 0, 0, 0
21049, 900, 1, 0, 0
21149, 2090, 0, 0, 0
21149, 1020, 1, 0, 0
21249, 2130, 0, 0, 0
21249, 960, 1, 0, 0
21349, 2350, 0, 0, 0
21349, 890, 1, 0, 0
21449, 2490, 0, 0, 0
21449, 780, 1, 0, 0
21550, 2100, 0, 0, 0
21550, 890, 1, 0, 0
21650, 2350, 0, 0, 0
21650, 880, 1, 0, 0
21749, 1969, 0, 0, 0
21749, 1020, 1, 0, 0
21849, 2120, 0, 0, 0
21849, 940, 1, 0, 0
21949, 2360, 0, 0, 0
21949, 870, 1, 0, 0
22049, 2340, 0, 0, 0
22049, 840, 1, 0, 0
22149, 2250, 0, 0, 0
22149, 870, 1, 0, 0
22249, 2350, 0, 0, 0
22249, 800, 1, 0, 0
22349, 2170, 0, 0, 0
22349, 890, 1, 0, 0
22449, 2100, 0, 0, 0
22449, 950, 1, 0, 0
22549, 2280, 0, 0, 0
22549, 880, 1, 0, 0
22649, 2180, 0, 0, 0
22649, 920, 1, 0, 0
22750, 2190, 0, 0, 0
22750, 910, 1, 0, 0
22850, 2080, 0, 0, 0
22850, 940, 1, 0, 0
22950, 2250, 0, 0, 0
22950, 990, 1, 0, 0
23050, 2110, 0, 0, 0
23050, 980, 1, 0, 0
23150, 2030, 0, 0, 0
23150, 940, 1, 0, 0
23249, 2131, 0, 0, 0
23249, 959, 1, 0, 0
23349, 2270, 0, 0, 0
23349, 900, 1, 0, 0
23449, 1990, 0, 0, 0
23449, 1000, 1, 0, 0
23549, 2100, 0, 0, 0
23549, 1020, 1, 0, 0
23649, 2140, 0, 0, 0
23649, 900, 1, 0, 0
23749, 2160, 0, 0, 0
23749, 910, 1, 0, 0
23849, 2330, 0, 0, 0
23849, 930, 1, 0, 0
23949, 2150, 0, 0, 0
23949, 900, 1, 0, 0
24050, 2230, 0, 0, 0
24050, 920, 1, 0, 0
24150, 2270, 0, 0, 0
24150, 910, 1, 0, 0
24249, 2313, 0, 0, 0
24249, 838, 1, 0, 0
24349, 2020, 0, 0, 0
24349, 1050, 1, 0, 0
24449, 2180, 0, 0, 0
24449, 930, 1, 0, 0
24549, 1900, 0, 0, 0
24549, 1080, 1, 0, 0
24649, 2340, 0, 0, 0
24649, 880, 1, 0, 0
24749, 2260, 0, 0, 0
24749, 970, 1, 0, 0
24849, 2100, 0, 0, 0
24849, 950, 1, 0, 0
24949, 2300, 0, 0, 0
24949, 920, 1, 0, 0
25049, 1980, 0, 0, 0
25049, 960, 1, 0, 0
25149, 1980, 0, 0, 0
25149, 1080, 1, 0, 0
25250, 1930, 0, 0, 0
25250, 950, 1, 0, 0
25350, 2100, 0, 0, 0
25350, 1000, 1, 0, 0
25450, 1980, 0, 0, 0
25450, 1000, 1, 0, 0
25550, 2230, 0, 0, 0
25550, 930, 1, 0, 0
25650, 2210, 0, 0, 0
25650, 950, 1, 0, 0
25749, 2393, 0, 0, 0
25749, 838, 1, 0, 0
25849, 2230, 0, 0, 0
25849, 910, 1, 0, 0
25949, 2150, 0, 0, 0
25949, 1000, 1, 0, 0
26049, 1940, 0, 0, 0
26049, 1090, 1, 0, 0
26149, 2270, 0, 0, 0
26149, 970, 1, 0, 0
26249, 2390, 0, 0, 0
26249, 910, 1, 0, 0
26349, 2450, 0, 0, 0
26349, 920, 1, 0, 0
26449, 2210, 0, 0, 0
26449, 960, 1, 0, 0
26550, 2240, 0, 0, 0
26550, 970, 1, 0, 0
26650, 2090, 0, 0, 0
26650, 1050, 1, 0, 0
26749, 2333, 0, 0, 0
26749, 878, 1, 0, 0
26849, 2160, 0, 0, 0
26849, 950, 1, 0, 0
26949, 2400, 0, 0, 0
26949, 880, 1, 0, 0
27049, 2100, 0, 0, 0
27049, 960, 1, 0, 0
27149, 2260, 0, 0, 0
27149, 1010, 1, 0, 0
27249, 2270, 0, 0, 0
27249, 940, 1, 0, 0
27349, 2280, 0, 0, 0
27349, 880, 1, 0, 0
27449, 2240, 0, 0, 0
27449, 900, 1, 0, 0
27549, 2160, 0, 0, 0
27549, 910, 1, 0, 0
27649, 2570, 0, 0, 0
27649, 860, 1, 0, 0
27750, 2060, 0, 0, 0
27750, 970, 1, 0, 0
27850, 2120, 0, 0, 0
27850, 980, 1, 0, 0
27950, 2150, 0, 0, 0
27950, 950, 1, 0, 0
28050, 2260, 0, 0, 0
28050, 880, 1, 0, 0
28150, 2330, 0, 0, 0
28150, 890, 1, 0, 0
28249, 2272, 0, 0, 0
28249, 949, 1, 0, 0
28349, 2280, 0, 0, 0
28349, 930, 1, 0, 0
28449, 2410, 0, 0, 0
28449, 930, 1, 0, 0
28549, 2150, 0, 0, 0
28549, 1010, 1, 0, 0
28649, 2250, 0, 0, 0
28649, 940, 1, 0, 0
28749, 2180, 0, 0, 0
28749, 970, 1, 0, 0
28849, 2020, 0, 0, 0
28849, 1040, 1, 0, 0
28949, 2400, 0, 0, 0
28949, 850, 1, 0, 0
29050, 2350, 0, 0, 0
29050, 920, 1, 0, 0
29150, 2330, 0, 0, 0
29150, 870, 1, 0, 0
29249, 2505, 0, 0, 0
29249, 878, 1, 0, 0
29349, 2320, 0, 0, 0
29349, 940, 1, 0, 0
29449, 2140, 0, 0, 0
29449, 1010, 1, 0, 0
29549, 2170, 0, 0, 0
29549, 930, 1, 0, 0
29649, 2260, 0, 0, 0
29649, 940, 1, 0, 0
29749, 2260, 0, 0, 0
29749, 890, 1, 0, 0
29849, 2140, 0, 0, 0
29849, 870, 1, 0, 0
29949, 1970, 0, 0, 0
29949, 960, 1, 0, 0
30049, 1940, 0, 0, 0
30049, 1000, 1, 0, 0
30149, 2060, 0, 0, 0
30149, 980, 1, 0, 0
30250, 2060, 0, 0, 0
30250, 950, 1, 0, 0
30350, 2150, 0, 0, 0
30350, 900, 1, 0, 0
30450, 2050, 0, 0, 0
30450, 960, 1, 0, 0
30550, 1960, 0, 0, 0
30550, 950, 1, 0, 0
30650, 2010, 0, 0, 0
30650, 950, 1, 0, 0
30749, 2333, 0, 0, 0
30749, 868, 1, 0, 0
30849, 2200, 0, 0, 0
30849, 970, 1, 0, 0
30949, 2210, 0, 0, 0
30949, 910, 1, 0, 0
31049, 2200, 0, 0, 0
31049, 940, 1, 0, 0
31149, 1990, 0, 0, 0
31149, 1000, 1, 0, 0
31249, 2280, 0, 0, 0
31249, 990, 1, 0, 0
31349, 2400, 0, 0, 0
31349, 870, 1, 0, 0
31449, 2420, 0, 0, 0
31449, 830, 1, 0, 0
31550, 2240, 0, 0, 0
31550, 960, 1, 0, 0
31650, 2210, 0, 0, 0
31650, 910, 1, 0, 0
31749, 2262, 0, 0, 0
31749, 858, 1, 0, 0
31849, 2190, 0, 0, 0
31849, 1060, 1, 0, 0
31949, 2040, 0, 0, 0
31949, 1030, 1, 0, 0
32049, 2040, 0, 0, 0
32049, 950, 1, 0, 0
32149, 2170, 0, 0, 0
32149, 900, 1, 0, 0
32249, 2330, 0, 0, 0
32249, 880, 1, 0, 0
32349, 2000, 0, 0, 0
32349, 1010, 1, 0, 0
32449, 2000, 0, 0, 0
32449, 1030, 1, 0, 0
32549, 2280, 0, 0, 0
32549, 910, 1, 0, 0
32649, 2270, 0, 0, 0
32649, 880, 1, 0, 0
32750, 2090, 0, 0, 0
32750, 910, 1, 0, 0
32850, 2220, 0, 0, 0
32850, 940, 1, 0, 0
32950, 2040, 0, 0, 0
32950, 970, 1, 0, 0
33050, 1800, 0, 0, 0
33050, 1090, 1, 0, 0
33150, 2040, 0, 0, 0
33150, 1030, 1, 0, 0
33249, 1868, 0, 0, 0
33249, 1090, 1, 0, 0
33349, 2250, 0, 0, 0
33349, 890, 1, 0, 0
33449, 2410, 0, 0, 0
33449, 830, 1, 0, 0
33549, 2400, 0, 0, 0
33549, 890, 1, 0, 0
33649, 2230, 0, 0, 0
33649, 940, 1, 0, 0
33749, 2350, 0, 0, 0
33749, 910, 1, 0, 0
33849, 2040, 0, 0, 0
33849, 1000, 1, 0, 0
33949, 2210, 0, 0, 0
33949, 910, 1, 0, 0
34050, 2210, 0, 0, 0
34050, 890, 1, 0, 0
34150, 2210, 0, 0, 0
34150, 880, 1, 0, 0
34249, 2111, 0, 0, 0
34249, 979, 1, 0, 0
34349, 2260, 0, 0, 0
34349, 900, 1, 0, 0
34449, 2260, 0, 0, 0
34449, 910, 1, 0, 0
34549, 2090, 0, 0, 0
34549, 960, 1, 0, 0
34649, 2160, 0, 0, 0
34649, 890, 1, 0, 0
34749, 2400, 0, 0, 0
34749, 880, 1, 0, 0
34849, 2290, 0, 0, 0
34849, 900, 1, 0, 0
34949, 2050, 0, 0, 0
34949, 1030, 1, 0, 0
35049, 2300, 0, 0, 0
35049, 910, 1, 0, 0
35149, 1990, 0, 0, 0
35149, 940, 1, 0, 0
35250, 1980, 0, 0, 0
35250, 1040, 1, 0, 0
35350, 2150, 0, 0, 0
35350, 920, 1, 0, 0
35450, 2130, 0, 0, 0
35450, 970, 1, 0, 0
35550, 2420, 0, 0, 0
35550, 800, 1, 0, 0
35650, 2210, 0, 0, 0
35650, 890, 1, 0, 0
35749, 2151, 0, 0, 0
35749, 959, 1, 0, 0
35849, 2240, 0, 0, 0
35849, 850, 1, 0, 0
35949, 2320, 0, 0, 0
35949, 880, 1, 0, 0
36049, 2160, 0, 0, 0
36049, 940, 1, 0, 0
36149, 2120, 0, 0, 0
36149, 900, 1, 0, 0
36249, 2180, 0, 0, 0
36249, 850, 1, 0, 0
36349, 2330, 0, 0, 0
36349, 910, 1, 0, 0
36449, 2070, 0, 0, 0
36449, 950, 1, 0, 0
36550, 1920, 0, 0, 0
36550, 1010, 1, 0, 0
36650, 2370, 0, 0, 0
36650, 850, 1, 0, 0
36749, 2212, 0, 0, 0
36749, 858, 1, 0, 0
36849, 2250, 0, 0, 0
36849, 920, 1, 0, 0
36949, 2080, 0, 0, 0
36949, 920, 1, 0, 0
37049, 2300, 0, 0, 0
37049, 830, 1, 0, 0
37149, 2000, 0, 0, 0
37149, 980, 1, 0, 0
37249, 2300, 0, 0, 0
37249, 880, 1, 0, 0
37349, 2200, 0, 0, 0
37349, 920, 1, 0, 0
37449, 2320, 0, 0, 0
37449, 860, 1, 0, 0
37549, 2110, 0, 0, 0
37549, 980, 1, 0, 0
37649, 2160, 0, 0, 0
37649, 940, 1, 0, 0
37749, 2170, 0, 0, 0
37749, 910, 1, 0, 0
37850, 2190, 0, 0, 0
37850, 910, 1, 0, 0
37950, 2210, 0, 0, 0
37950, 890, 1, 0, 0
38050, 1940, 0, 0, 0
38050, 1030, 1, 0, 0
38150, 1960, 0, 0, 0
38150, 1000, 1, 0, 0
38249, 2131, 0, 0, 0
38249, 919, 1, 0, 0
38349, 1970, 0, 0, 0
38349, 970, 1, 0, 0
38449, 2180, 0, 0, 0
38449, 880, 1, 0, 0
38549, 2130, 0, 0, 0
38549, 960, 1, 0, 0
38649, 2450, 0, 0, 0
38649, 760, 1, 0, 0
38749, 2220, 0, 0, 0
38749, 890, 1, 0, 0
38849, 2160, 0, 0, 0
38849, 890, 1, 0, 0
38949, 2010, 0, 0, 0
38949, 1010, 1, 0, 0
39050, 2140, 0, 0, 0
39050, 860, 1, 0, 0
39150, 2150, 0, 0, 0
39150, 840, 1, 0, 0
39249, 2252, 0, 0, 0
39249, 747, 1, 0, 0
39349, 1870, 0, 0, 0
39349, 1040, 1, 0, 0
39449, 1840, 0, 0, 0
39449, 950, 1, 0, 0
39549, 1980, 0, 0, 0
39549, 930, 1, 0, 0
39649, 2040, 0, 0, 0
39649, 870, 1, 0, 0
39749, 2020, 0, 0, 0
39749, 910, 1, 0, 0
39849, 1930, 0, 0, 0
39849, 950, 1, 0, 0
39949, 2000, 0, 0, 0
39949, 970, 1, 0, 0
40049, 2090, 0, 0, 0
40049, 830, 1, 0, 0
40149, 1910, 0, 0, 0
40149, 990, 1, 0, 0
40250, 2230, 0, 0, 0
40250, 900, 1, 0, 0
40350, 2090, 0, 0, 0
40350, 900, 1, 0, 0
40450, 2070, 0, 0, 0
40450, 970, 1, 0, 0
40550, 2230, 0, 0, 0
40550, 840, 1, 0, 0
40650, 2100, 0, 0, 0
40650, 880, 1, 0, 0
40749, 1858, 0, 0, 0
40749, 949, 1, 0, 0
40849, 2070, 0, 0, 0
40849, 940, 1, 0, 0
40949, 1970, 0, 0, 0
40949, 930, 1, 0, 0
41049, 1950, 0, 0, 0
41049, 940, 1, 0, 0
41149, 1990, 0, 0, 0
41149, 1000, 1, 0, 0
41249, 2250, 0, 0, 0
41249, 850, 1, 0, 0
41349, 2400, 0, 0, 0
41349, 770, 1, 0, 0
41449, 2020, 0, 0, 0
41449, 930, 1, 0, 0
41550, 2110, 0, 0, 0
41550, 880, 1, 0, 0
41650, 1920, 0, 0, 0
41650, 900, 1, 0, 0
41749, 2222, 0, 0, 0
41749, 848, 1, 0, 0
41849, 2170, 0, 0, 0
41849, 860, 1, 0, 0
41949, 2000, 0, 0, 0
41949, 950, 1, 0, 0
42049, 2140, 0, 0, 0
42049, 940, 1, 0, 0
42149, 1880, 0, 0, 0
42149, 910, 1, 0, 0
42249, 2340, 0, 0, 0
42249, 810, 1, 0, 0
42349, 1940, 0, 0, 0
42349, 950, 1, 0, 0
42449, 2270, 0, 0, 0
42449, 790, 1, 0, 0
42549, 2010, 0, 0, 0
42549, 990, 1, 0, 0
42649, 1930, 0, 0, 0
42649, 930, 1, 0, 0
42750, 1960, 0, 0, 0
42750, 940, 1, 0, 0
42850, 2080, 0, 0, 0
42850, 880, 1, 0, 0
42950, 2170, 0, 0, 0
42950, 810, 1, 0, 0
43050, 2130, 0, 0, 0
43050, 910, 1, 0, 0
43150, 2100, 0, 0, 0
43150, 910, 1, 0, 0
43249, 2090, 0, 0, 0
43249, 909, 1, 0, 0
43349, 2210, 0, 0, 0
43349, 840, 1, 0, 0
43449, 1980, 0, 0, 0
43449, 950, 1, 0, 0
43549, 1910, 0, 0, 0
43549, 1000, 1, 0, 0
43649, 2040, 0, 0, 0
43649, 920, 1, 0, 0
43749, 1990, 0, 0, 0
43749, 930, 1, 0, 0
43849, 1960, 0, 0, 0
43849, 940, 1, 0, 0
43949, 1980, 0, 0, 0
43949, 970, 1, 0, 0
44050, 2170, 0, 0, 0
44050, 830, 1, 0, 0
44150, 2000, 0, 0, 0
44150, 920, 1, 0, 0
44249, 2070, 0, 0, 0
44249, 939, 1, 0, 0
44349, 2120, 0, 0, 0
44349, 880, 1, 0, 0
44449, 2010, 0, 0, 0
44449, 950, 1, 0, 0
44549, 2170, 0, 0, 0
44549, 860, 1, 0, 0
44649, 2200, 0, 0, 0
44649, 860, 1, 0, 0
44749, 2190, 0, 0, 0
44749, 890, 1, 0, 0
44849, 2080, 0, 0, 0
44849, 870, 1, 0, 0
44949, 1950, 0, 0, 0
44949, 950, 1, 0, 0
45049, 1930, 0, 0, 0
45049, 950, 1, 0, 0
45150, 2240, 0, 0, 0
45150, 760, 1, 0, 0
45249, 2060, 0, 0, 0
45249, 858, 1, 0, 0
45349, 2110, 0, 0, 0
45349, 890, 1, 0, 0
45449, 2180, 0, 0, 0
45449, 860, 1, 0, 0
45549, 2170, 0, 0, 0
45549, 850, 1, 0, 0
45649, 1970, 0, 0, 0
45649, 1000, 1, 0, 0
45749, 2000, 0, 0, 0
45749, 980, 1, 0, 0
45849, 1970, 0, 0, 0
45849, 950, 1, 0, 0
45949, 1950, 0, 0, 0
45949, 950, 1, 0, 0
46049, 1950, 0, 0, 0
46049, 970, 1, 0, 0
46149, 2120, 0, 0, 0
46149, 860, 1, 0, 0
46249, 2260, 0, 0, 0
46249, 810, 1, 0, 0
46350, 2170, 0, 0, 0
46350, 890, 1, 0, 0
46450, 2210, 0, 0, 0
46450, 820, 1, 0, 0
46550, 2060, 0, 0, 0
46550, 930, 1, 0, 0
46650, 1950, 0, 0, 0
46650, 870, 1, 0, 0
46749, 2161, 0, 0, 0
46749, 838, 1, 0, 0
46849, 1800, 0, 0, 0
46849, 1020, 1, 0, 0
46949, 2180, 0, 0, 0
46949, 840, 1, 0, 0
47049, 1850, 0, 0, 0
47049, 1020, 1, 0, 0
47149, 2030, 0, 0, 0
47149, 980, 1, 0, 0
47249, 2210, 0, 0, 0
47249, 850, 1, 0, 0
47349, 1990, 0, 0, 0
47349, 980, 1, 0, 0
47449, 2070, 0, 0, 0
47449, 930, 1, 0, 0
47550, 2290, 0, 0, 0
47550, 850, 1, 0, 0
47650, 2190, 0, 0, 0
47650, 940, 1, 0, 0
47749, 2212, 0, 0, 0
47749, 919, 1, 0, 0
47849, 2040, 0, 0, 0
47849, 1010, 1, 0, 0
47949, 1850, 0, 0, 0
47949, 1100, 1, 0, 0
48049, 2140, 0, 0, 0
48049, 930, 1, 0, 0
48149, 2130, 0, 0, 0
48149, 900, 1, 0, 0
48249, 2120, 0, 0, 0
48249, 950, 1, 0, 0
48349, 2270, 0, 0, 0
48349, 850, 1, 0, 0
48449, 2090, 0, 0, 0
48449, 920, 1, 0, 0
48549, 1950, 0, 0, 0
48549, 1060, 1, 0, 0
48649, 2320, 0, 0, 0
48649, 930, 1, 0, 0
48750, 2380, 0, 0, 0
48750, 800, 1, 0, 0
48850, 2140, 0, 0, 0
48850, 840, 1, 0, 0
48950, 1970, 0, 0, 0
48950, 930, 1, 0, 0
49050, 2310, 0, 0, 0
49050, 800, 1, 0, 0
49150, 2220, 0, 0, 0
49150, 880, 1, 0, 0
49249, 2313, 0, 0, 0
49249, 838, 1, 0, 0
49349, 2010, 0, 0, 0
49349, 980, 1, 0, 0
49449, 2210, 0, 0, 0
49449, 800, 1, 0, 0
49549, 1850, 0, 0, 0
49549, 1010, 1, 0, 0
49649, 2190, 0, 0, 0
49649, 870, 1, 0, 0
49749, 2100, 0, 0, 0
49749, 980, 1, 0, 0
49849, 1960, 0, 0, 0
49849, 1000, 1, 0, 0
49949, 1950, 0, 0, 0
49949, 1010, 1, 0, 0
50050, 1940, 0, 0, 0
50050, 970, 1, 0, 0
50150, 2230, 0, 0, 0
50150, 910, 1, 0, 0
50249, 2252, 0, 0, 0
50249, 888, 1, 0, 0
50349, 1970, 0, 0, 0
50349, 950, 1, 0, 0
50449, 2040, 0, 0, 0
50449, 1050, 1, 0, 0
50549, 2210, 0, 0, 0
50549, 860, 1, 0, 0
50649, 1830, 0, 0, 0
50649, 1030, 1, 0, 0
50749, 2000, 0, 0, 0
50749, 990, 1, 0, 0
50849, 2300, 0, 0, 0
50849, 850, 1, 0, 0
50949, 2270, 0, 0, 0
50949, 900, 1, 0, 0
51049, 2220, 0, 0, 0
51049, 890, 1, 0, 0
51149, 1950, 0, 0, 0
51149, 960, 1, 0, 0
51250, 2080, 0, 0, 0
51250, 950, 1, 0, 0
51350, 1820, 0, 0, 0
51350, 1110, 1, 0, 0
51450, 2190, 0, 0, 0
51450, 950, 1, 0, 0
51550, 2060, 0, 0, 0
51550, 970, 1, 0, 0
51650, 2330, 0, 0, 0
51650, 870, 1, 0, 0
51749, 2282, 0, 0, 0
51749, 828, 1, 0, 0
51849, 2240, 0, 0, 0
51849, 860, 1, 0, 0
51949, 2010, 0, 0, 0
51949, 1080, 1, 0, 0
52049, 2270, 0, 0, 0
52049, 850, 1, 0, 0
52149, 2010, 0, 0, 0
52149, 970, 1, 0, 0
52249, 2320, 0, 0, 0
52249, 890, 1, 0, 0
52350, 2180, 0, 0, 0
52350, 930, 1, 0, 0
52450, 2120, 0, 0, 0
52450, 950, 1, 0, 0
52550, 2160, 0, 0, 0
52550, 920, 1, 0, 0
52650, 1990, 0, 0, 0
52650, 960, 1, 0, 0
52749, 2272, 0, 0, 0
52749, 919, 1, 0, 0
52849, 2200, 0, 0, 0
52849, 940, 1, 0, 0
52949, 2330, 0, 0, 0
52949, 880, 1, 0, 0
53049, 2100, 0, 0, 0
53049, 960, 1, 0, 0
53149, 2030, 0, 0, 0
53149, 960, 1, 0, 0
53249, 2240, 0, 0, 0
53249, 910, 1, 0, 0
53349, 2030, 0, 0, 0
53349, 960, 1, 0, 0
53449, 2090, 0, 0, 0
53449, 960, 1, 0, 0
53550, 2300, 0, 0, 0
53550, 810, 1, 0, 0
53650, 2150, 0, 0, 0
53650, 920, 1, 0, 0
53749, 2222, 0, 0, 0
53749, 949, 1, 0, 0
53849, 2130, 0, 0, 0
53849, 930, 1, 0, 0
53949, 2200, 0, 0, 0
53949, 870, 1, 0, 0
54049, 2180, 0, 0, 0
54049, 910, 1, 0, 0
54149, 1690, 0, 0, 0
54149, 1120, 1, 0, 0
54249, 1980, 0, 0, 0
54249, 1030, 1, 0, 0
54349, 2210, 0, 0, 0
54349, 870, 1, 0, 0
54449, 2080, 0, 0, 0
54449, 960, 1, 0, 0
54549, 2030, 0, 0, 0
54549, 1020, 1, 0, 0
54649, 2160, 0, 0, 0
54649, 950, 1, 0, 0
54750, 2300, 0, 0, 0
54750, 880, 1, 0, 0
54850, 2340, 0, 0, 0
54850, 830, 1, 0, 0
54950, 1990, 0, 0, 0
54950, 980, 1, 0, 0
55050, 1930, 0, 0, 0
55050, 1020, 1, 0, 0
55150, 2180, 0, 0, 0
55150, 970, 1, 0, 0
55249, 2171, 0, 0, 0
55249, 959, 1, 0, 0
55349, 2220, 0, 0, 0
55349, 910, 1, 0, 0
55449, 2340, 0, 0, 0
55449, 860, 1, 0, 0
55549, 1970, 0, 0, 0
55549, 1000, 1, 0, 0
55649, 2350, 0, 0, 0
55649, 810, 1, 0, 0
55749, 2150, 0, 0, 0
55749, 930, 1, 0, 0
55849, 2120, 0, 0, 0
55849, 850, 1, 0, 0
55949, 2130, 0, 0, 0
55949, 870, 1, 0, 0
56050, 2230, 0, 0, 0
56050, 850, 1, 0, 0
56150, 2410, 0, 0, 0
56150, 750, 1, 0, 0
56249, 2060, 0, 0, 0
56249, 939, 1, 0, 0
56349, 2070, 0, 0, 0
56349, 960, 1, 0, 0
56449, 2250, 0, 0, 0
56449, 830, 1, 0, 0
56549, 2200, 0, 0, 0
56549, 860, 1, 0, 0
56649, 1940, 0, 0, 0
56649, 1000, 1, 0, 0
56749, 2180, 0, 0, 0
56749, 900, 1, 0, 0
56849, 2430, 0, 0, 0
56849, 800, 1, 0, 0
56949, 2150, 0, 0, 0
56949, 910, 1, 0, 0
57049, 2110, 0, 0, 0
57049, 890, 1, 0, 0
57149, 2250, 0, 0, 0
57149, 830, 1, 0, 0
57249, 2470, 0, 0, 0
57249, 730, 1, 0, 0
57350, 2020, 0, 0, 0
57350, 990, 1, 0, 0
57450, 2290, 0, 0, 0
57450, 810, 1, 0, 0
57550, 2130, 0, 0, 0
57550, 890, 1, 0, 0
57650, 2190, 0, 0, 0
57650, 920, 1, 0, 0
57749, 2060, 0, 0, 0
57749, 919, 1, 0, 0
57849, 2020, 0, 0, 0
57849, 970, 1, 0, 0
57949, 2070, 0, 0, 0
57949, 860, 1, 0, 0
58049, 2210, 0, 0, 0
58049, 940, 1, 0, 0
58149, 2060, 0, 0, 0
58149, 930, 1, 0, 0
58249, 2070, 0, 0, 0
58249, 920, 1, 0, 0
58349, 1990, 0, 0, 0
58349, 860, 1, 0, 0
58449, 1830, 0, 0, 0
58449, 1060, 1, 0, 0
58550, 1900, 0, 0, 0
58550, 940, 1, 0, 0
58650, 1900, 0, 0, 0
58650, 1030, 1, 0, 0
58749, 2121, 0, 0, 0
58749, 888, 1, 0, 0
58849, 2050, 0, 0, 0
58849, 920, 1, 0, 0
58949, 1860, 0, 0, 0
58949, 1000, 1, 0, 0
59049, 2340, 0, 0, 0
59049, 770, 1, 0, 0
59149, 2050, 0, 0, 0
59149, 900, 1, 0, 0
59249, 2040, 0, 0, 0
59249, 940, 1, 0, 0
59349, 1990, 0, 0, 0
59349, 920, 1, 0, 0
59449, 2260, 0, 0, 0
59449, 860, 1, 0, 0
59549, 1960, 0, 0, 0
59549, 860, 1, 0, 0
59649, 2000, 0, 0, 0
59649, 960, 1, 0, 0
59750, 2080, 0, 0, 0
59750, 920, 1, 0, 0
59850, 2100, 0, 0, 0
59850, 950, 1, 0, 0
59950, 2110, 0, 0, 0
59950, 920, 1, 0, 0
60050, 2170, 0, 0, 0
60050, 880, 1, 0, 0
60150, 2160, 0, 0, 0
60150, 890, 1, 0, 0
60249, 1979, 0, 0, 0
60249, 919, 1, 0, 0
60349, 2130, 0, 0, 0
60349, 890, 1, 0, 0
60449, 1660, 0, 0, 0
60449, 1070, 1, 0, 0
60549, 2140, 0, 0, 0
60549, 850, 1, 0, 0
60649, 2140, 0, 0, 0
60649, 930, 1, 0, 0
60749, 1970, 0, 0, 0
60749, 960, 1, 0, 0
60849, 1980, 0, 0, 0
60849, 990, 1, 0, 0
60950, 2220, 0, 0, 0
60950, 920, 1, 0, 0
61050, 1930, 0, 0, 0
61050, 1000, 1, 0, 0
61150, 2150, 0, 0, 0
61150, 810, 1, 0, 0
61249, 1777, 0, 0, 0
61249, 949, 1, 0, 0
61349, 2150, 0, 0, 0
61349, 850, 1, 0, 0
61449, 1910, 0, 0, 0
61449, 960, 1, 0, 0
61549, 1940, 0, 0, 0
61549, 930, 1, 0, 0
61649, 2040, 0, 0, 0
61649, 950, 1, 0, 0
61749, 2070, 0, 0, 0
61749, 910, 1, 0, 0
61849, 2170, 0, 0, 0
61849, 840, 1, 0, 0
61949, 1880, 0, 0, 0
61949, 990, 1, 0, 0
62050, 2120, 0, 0, 0
62050, 880, 1, 0, 0
62150, 2020, 0, 0, 0
62150, 900, 1, 0, 0
62249, 2282, 0, 0, 0
62249, 888, 1, 0, 0
62349, 2010, 0, 0, 0
62349, 910, 1, 0, 0
62449, 2450, 0, 0, 0
62449, 840, 1, 0, 0
62549, 2170, 0, 0, 0
62549, 910, 1, 0, 0
62649, 2060, 0, 0, 0
62649, 1020, 1, 0, 0
62749, 2170, 0, 0, 0
62749, 890, 1, 0, 0
62849, 2230, 0, 0, 0
62849, 890, 1, 0, 0
62949, 2220, 0, 0, 0
62949, 910, 1, 0, 0
63049, 2200, 0, 0, 0
63049, 930, 1, 0, 0
63149, 2440, 0, 0, 0
63149, 790, 1, 0, 0
63250, 2020, 0, 0, 0
63250, 960, 1, 0, 0
63350, 1950, 0, 0, 0
63350, 1020, 1, 0, 0
63450, 2180, 0, 0, 0
63450, 840, 1, 0, 0
63550, 2030, 0, 0, 0
63550, 910, 1, 0, 0
63650, 1920, 0, 0, 0
63650, 950, 1, 0, 0
63749, 2131, 0, 0, 0
63749, 868, 1, 0, 0
63849, 2160, 0, 0, 0
63849, 890, 1, 0, 0
63949, 2110, 0, 0, 0
63949, 880, 1, 0, 0
64049, 2260, 0, 0, 0
64049, 810, 1, 0, 0
64149, 1990, 0, 0, 0
64149, 960, 1, 0, 0
64249, 2190, 0, 0, 0
64249, 920, 1, 0, 0
64350, 2260, 0, 0, 0
64350, 840, 1, 0, 0
64450, 1880, 0, 0, 0
64450, 990, 1, 0, 0
64550, 1940, 0, 0, 0
64550, 940, 1, 0, 0
64650, 2070, 0, 0, 0
64650, 890, 1, 0, 0
64749, 2222, 0, 0, 0
64749, 848, 1, 0, 0
64849, 1960, 0, 0, 0
64849, 960, 1, 0, 0
64949, 2000, 0, 0, 0
64949, 1000, 1, 0, 0
65049, 2220, 0, 0, 0
65049, 830, 1, 0, 0
65149, 2000, 0, 0, 0
65149, 960, 1, 0, 0
65249, 1860, 0, 0, 0
65249, 1100, 1, 0, 0
65349, 1960, 0, 0, 0
65349, 940, 1, 0, 0
65449, 2080, 0, 0, 0
65449, 940, 1, 0, 0
65550, 2060, 0, 0, 0
65550, 980, 1, 0, 0
65650, 2280, 0, 0, 0
65650, 860, 1, 0, 0
65749, 2272, 0, 0, 0
65749, 858, 1, 0, 0
65849, 2220, 0, 0, 0
65849, 930, 1, 0, 0
65949, 2270, 0, 0, 0
65949, 860, 1, 0, 0
66049, 2030, 0, 0, 0
66049, 1010, 1, 0, 0
66149, 2370, 0, 0, 0
66149, 870, 1, 0, 0
66249, 2210, 0, 0, 0
66249, 990, 1, 0, 0
66349, 2230, 0, 0, 0
66349, 870, 1, 0, 0
66449, 2060, 0, 0, 0
66449, 990, 1, 0, 0
66549, 2070, 0, 0, 0
66549, 960, 1, 0, 0
66649, 1850, 0, 0, 0
66649, 1020, 1, 0, 0
66750, 2020, 0, 0, 0
66750, 1000, 1, 0, 0
66850, 2250, 0, 0, 0
66850, 860, 1, 0, 0
66950, 2300, 0, 0, 0
66950, 880, 1, 0, 0
67050, 2160, 0, 0, 0
67050, 960, 1, 0, 0
67150, 2310, 0, 0, 0
67150, 860, 1, 0, 0
67249, 2202, 0, 0, 0
67249, 878, 1, 0, 0
67349, 2130, 0, 0, 0
67349, 1000, 1, 0, 0
67449, 1940, 0, 0, 0
67449, 1000, 1, 0, 0
67549, 2230, 0, 0, 0
67549, 870, 1, 0, 0
67649, 2380, 0, 0, 0
67649, 850, 1, 0, 0
67749, 2090, 0, 0, 0
67749, 960, 1, 0, 0
67849, 2270, 0, 0, 0
67849, 840, 1, 0, 0
67949, 2040, 0, 0, 0
67949, 960, 1, 0, 0
68050, 2110, 0, 0, 0
68050, 960, 1, 0, 0
68150, 2130, 0, 0, 0
68150, 1000, 1, 0, 0
68249, 2060, 0, 0, 0
68249, 979, 1, 0, 0
68349, 1950, 0, 0, 0
68349, 1030, 1, 0, 0
68449, 2330, 0, 0, 0
68449, 860, 1, 0, 0
68549, 2200, 0, 0, 0
68549, 850, 1, 0, 0
68649, 1860, 0, 0, 0
68649, 1010, 1, 0, 0
68749, 2370, 0, 0, 0
68749, 850, 1, 0, 0
68849, 2280, 0, 0, 0
68849, 850, 1, 0, 0
68949, 1830, 0, 0, 0
68949, 1100, 1, 0, 0
69049, 2160, 0, 0, 0
69049, 980, 1, 0, 0
69149, 2240, 0, 0, 0
69149, 860, 1, 0, 0
69250, 2430, 0, 0, 0
69250, 780, 1, 0, 0
69350, 2430, 0, 0, 0
69350, 850, 1, 0, 0
69450, 2210, 0, 0, 0
69450, 880, 1, 0, 0
69550, 1950, 0, 0, 0
69550, 1000, 1, 0, 0
69650, 2180, 0, 0, 0
69650, 970, 1, 0, 0
69749, 2121, 0, 0, 0
69749, 989, 1, 0, 0
69849, 2250, 0, 0, 0
69849, 890, 1, 0, 0
69949, 1920, 0, 0, 0
69949, 1060, 1, 0, 0
70049, 1940, 0, 0, 0
70049, 990, 1, 0, 0
70149, 2350, 0, 0, 0
70149, 840, 1, 0, 0
70249, 2200, 0, 0, 0
70249, 880, 1, 0, 0
70349, 2170, 0, 0, 0
70349, 930, 1, 0, 0
70449, 2150, 0, 0, 0
70449, 930, 1, 0, 0
70550, 2240, 0, 0, 0
70550, 900, 1, 0, 0
70650, 1800, 0, 0, 0
70650, 1030, 1, 0, 0
70749, 2212, 0, 0, 0
70749, 898, 1, 0, 0
70849, 2060, 0, 0, 0
70849, 950, 1, 0, 0
70949, 2360, 0, 0, 0
70949, 840, 1, 0, 0
71049, 2160, 0, 0, 0
71049, 930, 1, 0, 0
71149, 2160, 0, 0, 0
71149, 910, 1, 0, 0
71249, 2050, 0, 0, 0
71249, 1000, 1, 0, 0
71349, 2190, 0, 0, 0
71349, 930, 1, 0, 0
71449, 2130, 0, 0, 0
71449, 1000, 1, 0, 0
71549, 2170, 0, 0, 0
71549, 880, 1, 0, 0
71649, 2260, 0, 0, 0
71649, 900, 1, 0, 0
71749, 2150, 0, 0, 0
71749, 930, 1, 0, 0
71850, 2180, 0, 0, 0
71850, 860, 1, 0, 0
71950, 2180, 0, 0, 0
71950, 870, 1, 0, 0
72050, 2010, 0, 0, 0
72050, 1010, 1, 0, 0
72150, 2250, 0, 0, 0
72150, 910, 1, 0, 0
72249, 2141, 0, 0, 0
72249, 929, 1, 0, 0
72349, 2190, 0, 0, 0
72349, 910, 1, 0, 0
72449, 2330, 0, 0, 0
72449, 870, 1, 0, 0
72549, 2340, 0, 0, 0
72549, 930, 1, 0, 0
72649, 2280, 0, 0, 0
72649, 890, 1, 0, 0
72749, 1940, 0, 0, 0
72749, 990, 1, 0, 0
72849, 2220, 0, 0, 0
72849, 880, 1, 0, 0
72949, 2080, 0, 0, 0
72949, 1010, 1, 0, 0
73050, 2270, 0, 0, 0
73050, 880, 1, 0, 0
73150, 2150, 0, 0, 0
73150, 890, 1, 0, 0
73249, 2232, 0, 0, 0
73249, 939, 1, 0, 0
73349, 2400, 0, 0, 0
73349, 870, 1, 0, 0
73449, 2340, 0, 0, 0
73449, 900, 1, 0, 0
73549, 2340, 0, 0, 0
73549, 880, 1, 0, 0
73649, 2170, 0, 0, 0
73649, 940, 1, 0, 0
73749, 2250, 0, 0, 0
73749, 890, 1, 0, 0
73849, 2210, 0, 0, 0
73849, 940, 1, 0, 0
73949, 2150, 0, 0, 0
73949, 980, 1, 0, 0
74049, 2130, 0, 0, 0
74049, 990, 1, 0, 0
74149, 2130, 0, 0, 0
74149, 940, 1, 0, 0
74250, 2140, 0, 0, 0
74250, 970, 1, 0, 0
74350, 2380, 0, 0, 0
74350, 880, 1, 0, 0
74450, 2290, 0, 0, 0
74450, 910, 1, 0, 0
74550, 2060, 0, 0, 0
74550, 1020, 1, 0, 0
74650, 2110, 0, 0, 0
74650, 960, 1, 0, 0
74749, 2232, 0, 0, 0
74749, 959, 1, 0, 0
74849, 2210, 0, 0, 0
74849, 890, 1, 0, 0
74949, 2340, 0, 0, 0
74949, 860, 1, 0, 0
75049, 2340, 0, 0, 0
75049, 850, 1, 0, 0
75149, 2420, 0, 0, 0
75149, 810, 1, 0, 0
75249, 2150, 0, 0, 0
75249, 920, 1, 0, 0
75349, 2150, 0, 0, 0
75349, 950, 1, 0, 0
75449, 2300, 0, 0, 0
75449, 840, 1, 0, 0
75550, 2090, 0, 0, 0
75550, 970, 1, 0, 0
75650, 2110, 0, 0, 0
75650, 980, 1, 0, 0
75749, 2363, 0, 0, 0
75749, 878, 1, 0, 0
75849, 2270, 0, 0, 0
75849, 950, 1, 0, 0
75949, 1990, 0, 0, 0
75949, 1000, 1, 0, 0
76049, 2340, 0, 0, 0
76049, 840, 1, 0, 0
76149, 2260, 0, 0, 0
76149, 900, 1, 0, 0
76249, 2240, 0, 0, 0
76249, 890, 1, 0, 0
76349, 2160, 0, 0, 0
76349, 900, 1, 0, 0
76449, 2270, 0, 0, 0
76449, 890, 1, 0, 0
76549, 2200, 0, 0, 0
76549, 930, 1, 0, 0
76649, 2130, 0, 0, 0
76649, 870, 1, 0, 0
76750, 1930, 0, 0, 0
76750, 1000, 1, 0, 0
76850, 2250, 0, 0, 0
76850, 830, 1, 0, 0
76950, 2190, 0, 0, 0
76950, 950, 1, 0, 0
77050, 1970, 0, 0, 0
77050, 980, 1, 0, 0
77150, 2210, 0, 0, 0
77150, 930, 1, 0, 0
77249, 2353, 0, 0, 0
77249, 919, 1, 0, 0
77349, 2110, 0, 0, 0
77349, 960, 1, 0, 0
77449, 2050, 0, 0, 0
77449, 970, 1, 0, 0
77549, 2220, 0, 0, 0
77549, 950, 1, 0, 0
77649, 2380, 0, 0, 0
77649, 870, 1, 0, 0
77749, 2130, 0, 0, 0
77749, 1010, 1, 0, 0
77849, 1950, 0, 0, 0
77849, 980, 1, 0, 0
77949, 2080, 0, 0, 0
77949, 880, 1, 0, 0
78050, 2050, 0, 0, 0
78050, 1040, 1, 0, 0
78150, 2220, 0, 0, 0
78150, 830, 1, 0, 0
78249, 2161, 0, 0, 0
78249, 909, 1, 0, 0
78349, 1890, 0, 0, 0
78349, 1020, 1, 0, 0
78449, 2230, 0, 0, 0
78449, 870, 1, 0, 0
78549, 2100, 0, 0, 0
78549, 980, 1, 0, 0
78649, 2120, 0, 0, 0
78649, 960, 1, 0, 0
78749, 2300, 0, 0, 0
78749, 920, 1, 0, 0
78849, 2250, 0, 0, 0
78849, 890, 1, 0, 0
78949, 2390, 0, 0, 0
78949, 870, 1, 0, 0
79049, 2210, 0, 0, 0
79049, 920, 1, 0, 0
79149, 1990, 0, 0, 0
79149, 1140, 1, 0, 0
79250, 2240, 0, 0, 0
79250, 890, 1, 0, 0
79350, 2040, 0, 0, 0
79350, 1020, 1, 0, 0
79450, 2300, 0, 0, 0
79450, 890, 1, 0, 0
79550, 2230, 0, 0, 0
79550, 870, 1, 0, 0
79650, 2010, 0, 0, 0
79650, 960, 1, 0, 0
79749, 2262, 0, 0, 0
79749, 848, 1, 0, 0
79849, 2200, 0, 0, 0
79849, 900, 1, 0, 0
79949, 2260, 0, 0, 0
79949, 910, 1, 0, 0
80049, 2210, 0, 0, 0
80049, 940, 1, 0, 0
80149, 2190, 0, 0, 0
80149, 950, 1, 0, 0
80249, 2200, 0, 0, 0
80249, 940, 1, 0, 0
80349, 2250, 0, 0, 0
80349, 920, 1, 0, 0
80449, 2380, 0, 0, 0
80449, 860, 1, 0, 0
80550, 2180, 0, 0, 0
80550, 920, 1, 0, 0
80650, 2090, 0, 0, 0
80650, 1000, 1, 0, 0
80749, 2202, 0, 0, 0
80749, 939, 1, 0, 0
80849, 2360, 0, 0, 0
80849, 860, 1, 0, 0
80949, 2220, 0, 0, 0
80949, 910, 1, 0, 0
81049, 2290, 0, 0, 0
81049, 950, 1, 0, 0
81149, 2240, 0, 0, 0
81149, 960, 1, 0, 0
81249, 2370, 0, 0, 0
81249, 880, 1, 0, 0
81349, 2440, 0, 0, 0
81349, 850, 1, 0, 0
81449, 2320, 0, 0, 0
81449, 870, 1, 0, 0
81549, 2090, 0, 0, 0
81549, 990, 1, 0, 0
81649, 2420, 0, 0, 0
81649, 860, 1, 0, 0
81750, 2180, 0, 0, 0
81750, 940, 1, 0, 0
81850, 2250, 0, 0, 0
81850, 890, 1, 0, 0
81950, 1880, 0, 0, 0
81950, 1050, 1, 0, 0
82050, 2280, 0, 0, 0
82050, 890, 1, 0, 0
82150, 2130, 0, 0, 0
82150, 920, 1, 0, 0
82249, 2131, 0, 0, 0
82249, 949, 1, 0, 0
82349, 2380, 0, 0, 0
82349, 800, 1, 0, 0
82449, 2260, 0, 0, 0
82449, 890, 1, 0, 0
82549, 2140, 0, 0, 0
82549, 970, 1, 0, 0
82649, 2130, 0, 0, 0
82649, 990, 1, 0, 0
82749, 2240, 0, 0, 0
82749, 880, 1, 0, 0
82849, 1940, 0, 0, 0
82849, 1010, 1, 0, 0
82949, 1900, 0, 0, 0
82949, 1060, 1, 0, 0
83050, 2200, 0, 0, 0
83050, 920, 1, 0, 0
83150, 2090, 0, 0, 0
83150, 970, 1, 0, 0
83249, 2404, 0, 0, 0
83249, 858, 1, 0, 0
83349, 2040, 0, 0, 0
83349, 1040, 1, 0, 0
83449, 2260, 0, 0, 0
83449, 900, 1, 0, 0
83549, 2390, 0, 0, 0
83549, 790, 1, 0, 0
83649, 1970, 0, 0, 0
83649, 980, 1, 0, 0
83749, 2410, 0, 0, 0
83749, 850, 1, 0, 0
83849, 2000, 0, 0, 0
83849, 990, 1, 0, 0
83949, 1920, 0, 0, 0
83949, 1050, 1, 0, 0
84049, 2270, 0, 0, 0
84049, 790, 1, 0, 0
84149, 2120, 0, 0, 0
84149, 930, 1, 0, 0
84250, 2010, 0, 0, 0
84250, 1010, 1, 0, 0
84350, 2230, 0, 0, 0
84350, 960, 1, 0, 0
84450, 2280, 0, 0, 0
84450, 880, 1, 0, 0
84550, 2160, 0, 0, 0
84550, 900, 1, 0, 0
84650, 2010, 0, 0, 0
84650, 980, 1, 0, 0
84749, 2010, 0, 0, 0
84749, 1020, 1, 0, 0
84849, 2310, 0, 0, 0
84849, 890, 1, 0, 0
84949, 2160, 0, 0, 0
84949, 930, 1, 0, 0
85049, 2350, 0, 0, 0
85049, 820, 1, 0, 0
85149, 2240, 0, 0, 0
85149, 880, 1, 0, 0
85249, 2090, 0, 0, 0
85249, 920, 1, 0, 0
85349, 2020, 0, 0, 0
85349, 1000, 1, 0, 0
85449, 2230, 0, 0, 0
85449, 850, 1, 0, 0
85550, 2180, 0, 0, 0
85550, 900, 1, 0, 0
85650, 2220, 0, 0, 0
85650, 920, 1, 0, 0
85749, 2212, 0, 0, 0
85749, 969, 1, 0, 0
85849, 2070, 0, 0, 0
85849, 1000, 1, 0, 0
85949, 1970, 0, 0, 0
85949, 1000, 1, 0, 0
86049, 2170, 0, 0, 0
86049, 980, 1, 0, 0
86149, 2140, 0, 0, 0
86149, 930, 1, 0, 0
86249, 2130, 0, 0, 0
86249, 920, 1, 0, 0
86349, 2130, 0, 0, 0
86349, 950, 1, 0, 0
86449, 2170, 0, 0, 0
86449, 950, 1, 0, 0
86549, 2340, 0, 0, 0
86549, 860, 1, 0, 0
86649, 2370, 0, 0, 0
86649, 900, 1, 0, 0
86750, 2070, 0, 0, 0
86750, 1000, 1, 0, 0
86850, 2250, 0, 0, 0
86850, 860, 1, 0, 0
86950, 1920, 0, 0, 0
86950, 1050, 1, 0, 0
87050, 2130, 0, 0, 0
87050, 930, 1, 0, 0
87150, 2240, 0, 0, 0
87150, 930, 1, 0, 0
87249, 2272, 0, 0, 0
87249, 959, 1, 0, 0
87349, 2080, 0, 0, 0
87349, 980, 1, 0, 0
87449, 2230, 0, 0, 0
87449, 1010, 1, 0, 0
87549, 1990, 0, 0, 0
87549, 1060, 1, 0, 0
87649, 1990, 0, 0, 0
87649, 1010, 1, 0, 0
87749, 2410, 0, 0, 0
87749, 900, 1, 0, 0
87849, 2270, 0, 0, 0
87849, 870, 1, 0, 0
87949, 2060, 0, 0, 0
87949, 1020, 1, 0, 0
88050, 2210, 0, 0, 0
88050, 890, 1, 0, 0
88150, 2160, 0, 0, 0
88150, 990, 1, 0, 0
88249, 2141, 0, 0, 0
88249, 989, 1, 0, 0
88349, 2100, 0, 0, 0
88349, 990, 1, 0, 0
88449, 2130, 0, 0, 0
88449, 980, 1, 0, 0
88549, 2230, 0, 0, 0
88549, 980, 1, 0, 0
88649, 2280, 0, 0, 0
88649, 900, 1, 0, 0
88749, 2140, 0, 0, 0
88749, 960, 1, 0, 0
88849, 2320, 0, 0, 0
88849, 860, 1, 0, 0
88949, 2140, 0, 0, 0
88949, 1020, 1, 0, 0
89049, 2170, 0, 0, 0
89049, 950, 1, 0, 0
89149, 1920, 0, 0, 0
89149, 1020, 1, 0, 0
89250, 2020, 0, 0, 0
89250, 1060, 1, 0, 0
89350, 2290, 0, 0, 0
89350, 860, 1, 0, 0
89450, 2340, 0, 0, 0
89450, 850, 1, 0, 0
89550, 2360, 0, 0, 0
89550, 880, 1, 0, 0
89650, 2330, 0, 0, 0
89650, 880, 1, 0, 0
89749, 2181, 0, 0, 0
89749, 888, 1, 0, 0
89849, 2260, 0, 0, 0
89849, 890, 1, 0, 0
89949, 2080, 0, 0, 0
89949, 1010, 1, 0, 0
