100, 4876, 0, 0, 0
200, 4755, 0, 0, 0
300, 4683, 0, 0, 0
400, 4573, 0, 0, 0
501, 4629, 0, 0, 0
600, 4968, 0, 0, 0
700, 4521, 0, 0, 0
800, 4418, 0, 0, 0
900, 4991, 0, 0, 0
1000, 4518, 0, 0, 0
1100, 4270, 0, 0, 0
1200, 4517, 0, 0, 0
1300, 4746, 0, 0, 0
1400, 4708, 0, 0, 0
1501, 4522, 0, 0, 0
1600, 4759, 0, 0, 0
1700, 4521, 0, 0, 0
1801, 4697, 0, 0, 0
1900, 4749, 0, 0, 0
2001, 4607, 0, 0, 0
2100, 4594, 0, 0, 0
2200, 4686, 0, 0, 0
2301, 4596, 0, 0, 0
2400, 4737, 0, 0, 0
2500, 5082, 0, 0, 0
2600, 4527, 0, 0, 0
2700, 4554, 0, 0, 0
2801, 4907, 0, 0, 0
2900, 4299, 0, 0, 0
3001, 4203, 0, 0, 0
3100, 4997, 0, 0, 0
3200, 5135, 0, 0, 0
3300, 5477, 0, 0, 0
3401, 4558, 0, 0, 0
3500, 4503, 0, 0, 0
3600, 5059, 0, 0, 0
3700, 4186, 0, 0, 0
3800, 4410, 0, 0, 0
3900, 4301, 0, 0, 0
4000, 4416, 0, 0, 0
4100, 5183, 0, 0, 0
4200, 5116, 0, 0, 0
4300, 5134, 0, 0, 0
4400, 5113, 0, 0, 0
4502, 5073, 0, 0, 0
4601, 4485, 0, 0, 0
4701, 4940, 0, 0, 0
4800, 5278, 0, 0, 0
4900, 4789, 0, 0, 0
5000, 5022, 0, 0, 0
5100, 4954, 0, 0, 0
5201, 5022, 0, 0, 0
5300, 5289, 0, 0, 0
5400, 5105, 0, 0, 0
5500, 5310, 0, 0, 0
5600, 5473, 0, 0, 0
5700, 5355, 0, 0, 0
5800, 4954, 0, 0, 0
5900, 5113, 0, 0, 0
6000, 4609, 0, 0, 0
6100, 4912, 0, 0, 0
6200, 4799, 0, 0, 0
6301, 4916, 0, 0, 0
6400, 5132, 0, 0, 0
6500, 5133, 0, 0, 0
6600, 5289, 0, 0, 0
6700, 5073, 0, 0, 0
6800, 5095, 0, 0, 0
6900, 4968, 0, 0, 0
7000, 4765, 0, 0, 0
7100, 4719, 0, 0, 0
7200, 5155, 0, 0, 0
7300, 5028, 0, 0, 0
7400, 4809, 0, 0, 0
7500, 4417, 0, 0, 0
7600, 4913, 0, 0, 0
7700, 5127, 0, 0, 0
7801, 4981, 0, 0, 0
7901, 4918, 0, 0, 0
8000, 4942, 0, 0, 0
8101, 4865, 0, 0, 0
8200, 4533, 0, 0, 0
8301, 4813, 0, 0, 0
8400, 4852, 0, 0, 0
8500, 4701, 0, 0, 0
8600, 5214, 0, 0, 0
8700, 5469, 0, 0, 0
8800, 4927, 0, 0, 0
8900, 4782, 0, 0, 0
9000, 4832, 0, 0, 0
9101, 5055, 0, 0, 0
9201, 4952, 0, 0, 0
9300, 4847, 0, 0, 0
9400, 4734, 0, 0, 0
9500, 4964, 0, 0, 0
9601, 5162, 0, 0, 0
9700, 5120, 0, 0, 0
9801, 5042, 0, 0, 0
9900, 5148, 0, 0, 0
10000, 4960, 0, 0, 0
10100, 4688, 0, 0, 0
10201, 4776, 0, 0, 0
10300, 4690, 0, 0, 0
10400, 5035, 0, 0, 0
10501, 4715, 0, 0, 0
10600, 4587, 0, 0, 0
10700, 4790, 0, 0, 0
10800, 4750, 0, 0, 0
10900, 4950, 0, 0, 0
11000, 4477, 0, 0, 0
11101, 4427, 0, 0, 0
11201, 4194, 0, 0, 0
11301, 4426, 0, 0, 0
11400, 4544, 0, 0, 0
11501, 3989, 0, 0, 0
11600, 4148, 0, 0, 0
11700, 4749, 0, 0, 0
11800, 5300, 0, 0, 0
11900, 5437, 0, 0, 0
12000, 5269, 0, 0, 0
12100, 4757, 0, 0, 0
12200, 4854, 0, 0, 0
12301, 5264, 0, 0, 0
12400, 5206, 0, 0, 0
12500, 5027, 0, 0, 0
12600, 4946, 0, 0, 0
12700, 4960, 0, 0, 0
12800, 5193, 0, 0, 0
12900, 5070, 0, 0, 0
13000, 4712, 0, 0, 0
13100, 5394, 0, 0, 0
13200, 5443, 0, 0, 0
13301, 5284, 0, 0, 0
13401, 4938, 0, 0, 0
13500, 4836, 0, 0, 0
13600, 5025, 0, 0, 0
13700, 4542, 0, 0, 0
13800, 4510, 0, 0, 0
13900, 4617, 0, 0, 0
14000, 5170, 0, 0, 0
14100, 4668, 0, 0, 0
14202, 4959, 0, 0, 0
14301, 4680, 0, 0, 0
14400, 4857, 0, 0, 0
14500, 4601, 0, 0, 0
14600, 4889, 0, 0, 0
14700, 4744, 0, 0, 0
14800, 5050, 0, 0, 0
14900, 5314, 0, 0, 0
15000, 4601, 0, 0, 0
15101, 5577, 0, 0, 0
15200, 5055, 0, 0, 0
15301, 4805, 0, 0, 0
15400, 5145, 0, 0, 0
15500, 5475, 0, 0, 0
15600, 4989, 0, 0, 0
15701, 5004, 0, 0, 0
15801, 5219, 0, 0, 0
15900, 5002, 0, 0, 0
16000, 5021, 0, 0, 0
16100, 4914, 0, 0, 0
16200, 4580, 0, 0, 0
16300, 4888, 0, 0, 0
16400, 5269, 0, 0, 0
16500, 5140, 0, 0, 0
16600, 4759, 0, 0, 0
16701, 4564, 0, 0, 0
16800, 4659, 0, 0, 0
16901, 4839, 0, 0, 0
17000, 5060, 0, 0, 0
17100, 5021, 0, 0, 0
17201, 4888, 0, 0, 0
17300, 4864, 0, 0, 0
17401, 5137, 0, 0, 0
17500, 5225, 0, 0, 0
17600, 5269, 0, 0, 0
17700, 5602, 0, 0, 0
17800, 4916, 0, 0, 0
17900, 5041, 0, 0, 0
18000, 5202, 0, 0, 0
18101, 4926, 0, 0, 0
18201, 4503, 0, 0, 0
18300, 4549, 0, 0, 0
18400, 4831, 0, 0, 0
18500, 4883, 0, 0, 0
18600, 4156, 0, 0, 0
18700, 4695, 0, 0, 0
18800, 4540, 0, 0, 0
18900, 4496, 0, 0, 0
19000, 5057, 0, 0, 0
19100, 4696, 0, 0, 0
19200, 4514, 0, 0, 0
19300, 4924, 0, 0, 0
19401, 4732, 0, 0, 0
19501, 5482, 0, 0, 0
19600, 5508, 0, 0, 0
19700, 4699, 0, 0, 0
19800, 4733, 0, 0, 0
19901, 5309, 0, 0, 0
20000, 5461, 0, 0, 0
20100, 5316, 0, 0, 0
20200, 5219, 0, 0, 0
20300, 5110, 0, 0, 0
20400, 4976, 0, 0, 0
20501, 4911, 0, 0, 0
20601, 4972, 0, 0, 0
20701, 4661, 0, 0, 0
20800, 5394, 0, 0, 0
20900, 5000, 0, 0, 0
21000, 4576, 0, 0, 0
21100, 5051, 0, 0, 0
21200, 4932, 0, 0, 0
21300, 4832, 0, 0, 0
21400, 4844, 0, 0, 0
21500, 5056, 0, 0, 0
21601, 5004, 0, 0, 0
21700, 4977, 0, 0, 0
21800, 4774, 0, 0, 0
21900, 4757, 0, 0, 0
22000, 4902, 0, 0, 0
22100, 5018, 0, 0, 0
22201, 4805, 0, 0, 0
22300, 5067, 0, 0, 0
22400, 5651, 0, 0, 0
22500, 5611, 0, 0, 0
22600, 5859, 0, 0, 0
22700, 5456, 0, 0, 0
22800, 4926, 0, 0, 0
22900, 5173, 0, 0, 0
23001, 5314, 0, 0, 0
23100, 4994, 0, 0, 0
23200, 4911, 0, 0, 0
23300, 5030, 0, 0, 0
23400, 4532, 0, 0, 0
23500, 4987, 0, 0, 0
23600, 5396, 0, 0, 0
23700, 5327, 0, 0, 0
23801, 5221, 0, 0, 0
23900, 5088, 0, 0, 0
24000, 5026, 0, 0, 0
24100, 4840, 0, 0, 0
24200, 5061, 0, 0, 0
24300, 5083, 0, 0, 0
24401, 4904, 0, 0, 0
24500, 5157, 0, 0, 0
24600, 4985, 0, 0, 0
24700, 5008, 0, 0, 0
24800, 4965, 0, 0, 0
24900, 4881, 0, 0, 0
25001, 5196, 0, 0, 0
25100, 5006, 0, 0, 0
25201, 4821, 0, 0, 0
25300, 5499, 0, 0, 0
25400, 5099, 0, 0, 0
25500, 4883, 0, 0, 0
25600, 5181, 0, 0, 0
25700, 4660, 0, 0, 0
25800, 4523, 0, 0, 0
25900, 4990, 0, 0, 0
26000, 5046, 0, 0, 0
26100, 5295, 0, 0, 0
26201, 4696, 0, 0, 0
26300, 4634, 0, 0, 0
26400, 4621, 0, 0, 0
26500, 4616, 0, 0, 0
26600, 4664, 0, 0, 0
26700, 4583, 0, 0, 0
26801, 4851, 0, 0, 0
26900, 5089, 0, 0, 0
27001, 5167, 0, 0, 0
27101, 5085, 0, 0, 0
27200, 5141, 0, 0, 0
27300, 4744, 0, 0, 0
27400, 4809, 0, 0, 0
27500, 4945, 0, 0, 0
27600, 4668, 0, 0, 0
27700, 4763, 0, 0, 0
27800, 4845, 0, 0, 0
27900, 4700, 0, 0, 0
28000, 4943, 0, 0, 0
28100, 4943, 0, 0, 0
28201, 5310, 0, 0, 0
28301, 4785, 0, 0, 0
28401, 4831, 0, 0, 0
28501, 5053, 0, 0, 0
28600, 4953, 0, 0, 0
28701, 5217, 0, 0, 0
28800, 5198, 0, 0, 0
28900, 5329, 0, 0, 0
29000, 5375, 0, 0, 0
29100, 5248, 0, 0, 0
29200, 5126, 0, 0, 0
29300, 5006, 0, 0, 0
29401, 5247, 0, 0, 0
29500, 4930, 0, 0, 0
29600, 5459, 0, 0, 0
29700, 4929, 0, 0, 0
29801, 4929, 0, 0, 0
29900, 5128, 0, 0, 0
30000, 5083, 0, 0, 0
30101, 4969, 0, 0, 0
30201, 5567, 0, 0, 0
30300, 4773, 0, 0, 0
30400, 4477, 0, 0, 0
30500, 4786, 0, 0, 0
30601, 4357, 0, 0, 0
30700, 4701, 0, 0, 0
30800, 5126, 0, 0, 0
30901, 4759, 0, 0, 0
31000, 5020, 0, 0, 0
31101, 4810, 0, 0, 0
31200, 4869, 0, 0, 0
31300, 4874, 0, 0, 0
31400, 4647, 0, 0, 0
31501, 5402, 0, 0, 0
31600, 5018, 0, 0, 0
31700, 4463, 0, 0, 0
31800, 4951, 0, 0, 0
31900, 5095, 0, 0, 0
32001, 5015, 0, 0, 0
32100, 4761, 0, 0, 0
32200, 4600, 0, 0, 0
32300, 4623, 0, 0, 0
32400, 4807, 0, 0, 0
32500, 4798, 0, 0, 0
32600, 5065, 0, 0, 0
32700, 4224, 0, 0, 0
32800, 4768, 0, 0, 0
32900, 4550, 0, 0, 0
33000, 5102, 0, 0, 0
33100, 4944, 0, 0, 0
33200, 4930, 0, 0, 0
33300, 4645, 0, 0, 0
33400, 4622, 0, 0, 0
33500, 4753, 0, 0, 0
33600, 4593, 0, 0, 0
33700, 5104, 0, 0, 0
33800, 4968, 0, 0, 0
33900, 4975, 0, 0, 0
34000, 4793, 0, 0, 0
34100, 4934, 0, 0, 0
34201, 4656, 0, 0, 0
34300, 4592, 0, 0, 0
34401, 5104, 0, 0, 0
34500, 4904, 0, 0, 0
34601, 5343, 0, 0, 0
34700, 5029, 0, 0, 0
34800, 4986, 0, 0, 0
34900, 4865, 0, 0, 0
35000, 5022, 0, 0, 0
35100, 5205, 0, 0, 0
35200, 4908, 0, 0, 0
35300, 5061, 0, 0, 0
35400, 4919, 0, 0, 0
35500, 5003, 0, 0, 0
35601, 4811, 0, 0, 0
35700, 4617, 0, 0, 0
35800, 4909, 0, 0, 0
35900, 5018, 0, 0, 0
36001, 5007, 0, 0, 0
36100, 5002, 0, 0, 0
36200, 4688, 0, 0, 0
36301, 4617, 0, 0, 0
36401, 5110, 0, 0, 0
36500, 5110, 0, 0, 0
36600, 5045, 0, 0, 0
36700, 4786, 0, 0, 0
36800, 5125, 0, 0, 0
36900, 4577, 0, 0, 0
37000, 4638, 0, 0, 0
37100, 5152, 0, 0, 0
37201, 5033, 0, 0, 0
37300, 4798, 0, 0, 0
37400, 5105, 0, 0, 0
37500, 4723, 0, 0, 0
37601, 4881, 0, 0, 0
37700, 4715, 0, 0, 0
37800, 4701, 0, 0, 0
37900, 5167, 0, 0, 0
38001, 5158, 0, 0, 0
38100, 5299, 0, 0, 0
38200, 5191, 0, 0, 0
38300, 5294, 0, 0, 0
38400, 5233, 0, 0, 0
38500, 5302, 0, 0, 0
38601, 4529, 0, 0, 0
38700, 4613, 0, 0, 0
38800, 4619, 0, 0, 0
38900, 5300, 0, 0, 0
39000, 5384, 0, 0, 0
39100, 5458, 0, 0, 0
39201, 5056, 0, 0, 0
39300, 5043, 0, 0, 0
39400, 4987, 0, 0, 0
39500, 4626, 0, 0, 0
39600, 5097, 0, 0, 0
39701, 4967, 0, 0, 0
39801, 5269, 0, 0, 0
39900, 5167, 0, 0, 0
40001, 5139, 0, 0, 0
40100, 5078, 0, 0, 0
40200, 5229, 0, 0, 0
40300, 5138, 0, 0, 0
40400, 5383, 0, 0, 0
40500, 5284, 0, 0, 0
40600, 4604, 0, 0, 0
40700, 4487, 0, 0, 0
40800, 4312, 0, 0, 0
40901, 4794, 0, 0, 0
41000, 4986, 0, 0, 0
41100, 5141, 0, 0, 0
41200, 5251, 0, 0, 0
41300, 4508, 0, 0, 0
41400, 4679, 0, 0, 0
41500, 4976, 0, 0, 0
41600, 5166, 0, 0, 0
41700, 5235, 0, 0, 0
41800, 5247, 0, 0, 0
41902, 5475, 0, 0, 0
42000, 5115, 0, 0, 0
42100, 4848, 0, 0, 0
42200, 5011, 0, 0, 0
42300, 4572, 0, 0, 0
42400, 5018, 0, 0, 0
42501, 4785, 0, 0, 0
42600, 5194, 0, 0, 0
42700, 5118, 0, 0, 0
42800, 5151, 0, 0, 0
42900, 5221, 0, 0, 0
43000, 5016, 0, 0, 0
43100, 4497, 0, 0, 0
43200, 4972, 0, 0, 0
43301, 4629, 0, 0, 0
43400, 4818, 0, 0, 0
43500, 4946, 0, 0, 0
43600, 4509, 0, 0, 0
43700, 4707, 0, 0, 0
43800, 4777, 0, 0, 0
43900, 4862, 0, 0, 0
44000, 4604, 0, 0, 0
44100, 4938, 0, 0, 0
44200, 4434, 0, 0, 0
44300, 4611, 0, 0, 0
44400, 4563, 0, 0, 0
44500, 4761, 0, 0, 0
44600, 4757, 0, 0, 0
44700, 4899, 0, 0, 0
44801, 4957, 0, 0, 0
44900, 4968, 0, 0, 0
45001, 5207, 0, 0, 0
45100, 4991, 0, 0, 0
45200, 4625, 0, 0, 0
45300, 4881, 0, 0, 0
45401, 4789, 0, 0, 0
45501, 5197, 0, 0, 0
45601, 5049, 0, 0, 0
45700, 4780, 0, 0, 0
45800, 5187, 0, 0, 0
45901, 4639, 0, 0, 0
46000, 5485, 0, 0, 0
46100, 5113, 0, 0, 0
46200, 5362, 0, 0, 0
46300, 5071, 0, 0, 0
46400, 5546, 0, 0, 0
46500, 5593, 0, 0, 0
46600, 5049, 0, 0, 0
46701, 5134, 0, 0, 0
46800, 5008, 0, 0, 0
46901, 5419, 0, 0, 0
47000, 5208, 0, 0, 0
47100, 5273, 0, 0, 0
47200, 4423, 0, 0, 0
47301, 5073, 0, 0, 0
47401, 4658, 0, 0, 0
47500, 5005, 0, 0, 0
47600, 4838, 0, 0, 0
47700, 4783, 0, 0, 0
47800, 4520, 0, 0, 0
47900, 4798, 0, 0, 0
48001, 5036, 0, 0, 0
48100, 4751, 0, 0, 0
48201, 4909, 0, 0, 0
48301, 4656, 0, 0, 0
48400, 4498, 0, 0, 0
48500, 4880, 0, 0, 0
48600, 4692, 0, 0, 0
48700, 5131, 0, 0, 0
48800, 5191, 0, 0, 0
48900, 5406, 0, 0, 0
49000, 5270, 0, 0, 0
49101, 5066, 0, 0, 0
49200, 5213, 0, 0, 0
49300, 5158, 0, 0, 0
49400, 4432, 0, 0, 0
49500, 3678, 0, 0, 0
49600, 4636, 0, 0, 0
49701, 5169, 0, 0, 0
49801, 4689, 0, 0, 0
49900, 4976, 0, 0, 0
50000, 5165, 0, 0, 0
50100, 5191, 0, 0, 0
50200, 4956, 0, 0, 0
50300, 4696, 0, 0, 0
50400, 4259, 0, 0, 0
50500, 5001, 0, 0, 0
50600, 5524, 0, 0, 0
50701, 5879, 0, 0, 0
50800, 5422, 0, 0, 0
50901, 4771, 0, 0, 0
51000, 4705, 0, 0, 0
51100, 5140, 0, 0, 0
51200, 5271, 0, 0, 0
51300, 4903, 0, 0, 0
51401, 4874, 0, 0, 0
51500, 4509, 0, 0, 0
51600, 4453, 0, 0, 0
51700, 4772, 0, 0, 0
51800, 4744, 0, 0, 0
51900, 5090, 0, 0, 0
52000, 4504, 0, 0, 0
52100, 5044, 0, 0, 0
52200, 4544, 0, 0, 0
52300, 4879, 0, 0, 0
52401, 4598, 0, 0, 0
52500, 5072, 0, 0, 0
52600, 4794, 0, 0, 0
52700, 4800, 0, 0, 0
52800, 4462, 0, 0, 0
52900, 4876, 0, 0, 0
53000, 4985, 0, 0, 0
53100, 4441, 0, 0, 0
53201, 4792, 0, 0, 0
53300, 4852, 0, 0, 0
53401, 4955, 0, 0, 0
53500, 4819, 0, 0, 0
53600, 4789, 0, 0, 0
53701, 4928, 0, 0, 0
53800, 5558, 0, 0, 0
53900, 5254, 0, 0, 0
54000, 4815, 0, 0, 0
54100, 5204, 0, 0, 0
54201, 5294, 0, 0, 0
54300, 4930, 0, 0, 0
54400, 5074, 0, 0, 0
54500, 5078, 0, 0, 0
54600, 4674, 0, 0, 0
54700, 4659, 0, 0, 0
54801, 4284, 0, 0, 0
54900, 4481, 0, 0, 0
55000, 4848, 0, 0, 0
55100, 4830, 0, 0, 0
55200, 5284, 0, 0, 0
55300, 5542, 0, 0, 0
55400, 4671, 0, 0, 0
55500, 4527, 0, 0, 0
55600, 5223, 0, 0, 0
55700, 5271, 0, 0, 0
55801, 4689, 0, 0, 0
55900, 4981, 0, 0, 0
56000, 5578, 0, 0, 0
56101, 5475, 0, 0, 0
56200, 4951, 0, 0, 0
56300, 5287, 0, 0, 0
56400, 5339, 0, 0, 0
56500, 5132, 0, 0, 0
56600, 4953, 0, 0, 0
56701, 4453, 0, 0, 0
56800, 4960, 0, 0, 0
56900, 4771, 0, 0, 0
57001, 4832, 0, 0, 0
57100, 4828, 0, 0, 0
57200, 4665, 0, 0, 0
57300, 4771, 0, 0, 0
57401, 4964, 0, 0, 0
57501, 4473, 0, 0, 0
57601, 4512, 0, 0, 0
57700, 4791, 0, 0, 0
57800, 4848, 0, 0, 0
57900, 4778, 0, 0, 0
58000, 4580, 0, 0, 0
58100, 5083, 0, 0, 0
58200, 4546, 0, 0, 0
58300, 4528, 0, 0, 0
58400, 4993, 0, 0, 0
58500, 4870, 0, 0, 0
58600, 4607, 0, 0, 0
58700, 4504, 0, 0, 0
58800, 4563, 0, 0, 0
58900, 4666, 0, 0, 0
59000, 4882, 0, 0, 0
59100, 5120, 0, 0, 0
59200, 4859, 0, 0, 0
59300, 4958, 0, 0, 0
59400, 4978, 0, 0, 0
59500, 4888, 0, 0, 0
59601, 5058, 0, 0, 0
59700, 4760, 0, 0, 0
59800, 5057, 0, 0, 0
59900, 4400, 0, 0, 0
60000, 5192, 0, 0, 0
