100, 1387207, 0, 0, 0
200, 1348002, 0, 0, 0
301, 1315564, 0, 0, 0
400, 1314836, 0, 0, 0
500, 1343544, 0, 0, 0
600, 1384680, 0, 0, 0
700, 1361187, 0, 0, 0
800, 1331368, 0, 0, 0
900, 1383068, 0, 0, 0
1000, 1382885, 0, 0, 0
1101, 1390402, 0, 0, 0
1201, 1469103, 0, 0, 0
1300, 1387001, 0, 0, 0
1400, 1513136, 0, 0, 0
1500, 1337783, 0, 0, 0
1600, 1391126, 0, 0, 0
1700, 1403725, 0, 0, 0
1801, 1465874, 0, 0, 0
1900, 1473495, 0, 0, 0
2000, 1332341, 0, 0, 0
2100, 1347768, 0, 0, 0
2200, 1333640, 0, 0, 0
2300, 1349548, 0, 0, 0
2400, 1403356, 0, 0, 0
2500, 1362134, 0, 0, 0
2601, 1378111, 0, 0, 0
2700, 1382105, 0, 0, 0
2800, 1307232, 0, 0, 0
2900, 1318145, 0, 0, 0
3001, 1407033, 0, 0, 0
3100, 1409284, 0, 0, 0
3200, 1348397, 0, 0, 0
3300, 1407928, 0, 0, 0
3400, 1333912, 0, 0, 0
3501, 1272566, 0, 0, 0
3600, 1393845, 0, 0, 0
3701, 1288193, 0, 0, 0
3800, 1293916, 0, 0, 0
3900, 1425022, 0, 0, 0
4000, 1363606, 0, 0, 0
4100, 1341905, 0, 0, 0
4200, 1322818, 0, 0, 0
4300, 1309389, 0, 0, 0
4400, 1342707, 0, 0, 0
4501, 1322617, 0, 0, 0
4601, 1291577, 0, 0, 0
4700, 1283098, 0, 0, 0
4800, 1344723, 0, 0, 0
4900, 1327503, 0, 0, 0
5000, 1282717, 0, 0, 0
5100, 1336781, 0, 0, 0
5200, 1382772, 0, 0, 0
5300, 1326924, 0, 0, 0
5400, 1266909, 0, 0, 0
5501, 1326758, 0, 0, 0
5600, 1320807, 0, 0, 0
5700, 1327135, 0, 0, 0
5800, 1373699, 0, 0, 0
5900, 1371192, 0, 0, 0
6000, 1340460, 0, 0, 0
6101, 1325680, 0, 0, 0
6201, 1341521, 0, 0, 0
6300, 1319385, 0, 0, 0
6400, 1349406, 0, 0, 0
6501, 1371016, 0, 0, 0
6601, 1417962, 0, 0, 0
6700, 1343513, 0, 0, 0
6800, 1340821, 0, 0, 0
6900, 1478730, 0, 0, 0
7000, 1426760, 0, 0, 0
7101, 1410246, 0, 0, 0
7200, 1386149, 0, 0, 0
7300, 1435014, 0, 0, 0
7401, 1391455, 0, 0, 0
7501, 1397914, 0, 0, 0
7600, 1454756, 0, 0, 0
7700, 1406143, 0, 0, 0
7800, 1320233, 0, 0, 0
7900, 1293283, 0, 0, 0
8000, 1301253, 0, 0, 0
8100, 1360067, 0, 0, 0
8200, 1323355, 0, 0, 0
8300, 1364294, 0, 0, 0
8401, 1353278, 0, 0, 0
8500, 1373495, 0, 0, 0
8600, 1363268, 0, 0, 0
8700, 1398373, 0, 0, 0
8800, 1356798, 0, 0, 0
8900, 1340627, 0, 0, 0
9000, 1440402, 0, 0, 0
9100, 1486483, 0, 0, 0
9200, 1385476, 0, 0, 0
9300, 1345792, 0, 0, 0
9400, 1376488, 0, 0, 0
9500, 1318232, 0, 0, 0
9600, 1367746, 0, 0, 0
9700, 1330738, 0, 0, 0
9801, 1318118, 0, 0, 0
9901, 1328749, 0, 0, 0
10000, 1312584, 0, 0, 0
10100, 1391062, 0, 0, 0
10200, 1302169, 0, 0, 0
10301, 1344500, 0, 0, 0
10400, 1316005, 0, 0, 0
10500, 1376386, 0, 0, 0
10600, 1332147, 0, 0, 0
10700, 1335134, 0, 0, 0
10800, 1315830, 0, 0, 0
10901, 1394956, 0, 0, 0
11000, 1477778, 0, 0, 0
11100, 1289385, 0, 0, 0
11200, 1341681, 0, 0, 0
11300, 1323172, 0, 0, 0
11401, 1442588, 0, 0, 0
11500, 1344999, 0, 0, 0
11601, 1352953, 0, 0, 0
11700, 1352472, 0, 0, 0
11800, 1329823, 0, 0, 0
11901, 1334359, 0, 0, 0
12000, 1372701, 0, 0, 0
12100, 1413610, 0, 0, 0
12200, 1293057, 0, 0, 0
12300, 1317485, 0, 0, 0
12401, 1352999, 0, 0, 0
12500, 1353608, 0, 0, 0
12601, 1395082, 0, 0, 0
12701, 1401763, 0, 0, 0
12800, 1300674, 0, 0, 0
12900, 1306167, 0, 0, 0
13001, 1317971, 0, 0, 0
13100, 1351450, 0, 0, 0
13200, 1320453, 0, 0, 0
13300, 1375849, 0, 0, 0
13400, 1364155, 0, 0, 0
13500, 1465568, 0, 0, 0
13601, 1429513, 0, 0, 0
13700, 1425926, 0, 0, 0
13800, 1366474, 0, 0, 0
13900, 1365632, 0, 0, 0
14000, 1366235, 0, 0, 0
14100, 1340850, 0, 0, 0
14200, 1328777, 0, 0, 0
14301, 1450614, 0, 0, 0
14400, 1388371, 0, 0, 0
14500, 1363653, 0, 0, 0
14600, 1389226, 0, 0, 0
14700, 1349414, 0, 0, 0
14800, 1342546, 0, 0, 0
14900, 1374264, 0, 0, 0
15000, 1346900, 0, 0, 0
15101, 1332809, 0, 0, 0
15201, 1381351, 0, 0, 0
15300, 1435572, 0, 0, 0
15400, 1467388, 0, 0, 0
15500, 1475531, 0, 0, 0
15601, 1499083, 0, 0, 0
15700, 1539615, 0, 0, 0
15800, 1387709, 0, 0, 0
15901, 1391580, 0, 0, 0
16001, 1327044, 0, 0, 0
16101, 1403792, 0, 0, 0
16200, 1349282, 0, 0, 0
16301, 1398465, 0, 0, 0
16400, 1350102, 0, 0, 0
16501, 1353893, 0, 0, 0
16601, 1319715, 0, 0, 0
16700, 1421391, 0, 0, 0
16800, 1423511, 0, 0, 0
16900, 1485984, 0, 0, 0
17000, 1387748, 0, 0, 0
17100, 1342908, 0, 0, 0
17201, 1449915, 0, 0, 0
17300, 1428424, 0, 0, 0
17400, 1469971, 0, 0, 0
17500, 1356787, 0, 0, 0
17600, 1396397, 0, 0, 0
17700, 1332807, 0, 0, 0
17800, 1410024, 0, 0, 0
17900, 1331695, 0, 0, 0
18001, 1305294, 0, 0, 0
18100, 1416331, 0, 0, 0
18200, 1376076, 0, 0, 0
18300, 1328187, 0, 0, 0
18400, 1322311, 0, 0, 0
18500, 1452465, 0, 0, 0
18601, 1413684, 0, 0, 0
18700, 1404792, 0, 0, 0
18801, 1323029, 0, 0, 0
18900, 1374421, 0, 0, 0
19000, 1348669, 0, 0, 0
19100, 1334375, 0, 0, 0
19201, 1356713, 0, 0, 0
19300, 1333875, 0, 0, 0
19401, 1357546, 0, 0, 0
19500, 1412274, 0, 0, 0
19601, 1392660, 0, 0, 0
19700, 1389639, 0, 0, 0
19801, 1327508, 0, 0, 0
19901, 1342032, 0, 0, 0
20000, 1330745, 0, 0, 0
20100, 1362512, 0, 0, 0
20200, 1425750, 0, 0, 0
20300, 1347110, 0, 0, 0
20400, 1360132, 0, 0, 0
20500, 1296611, 0, 0, 0
20600, 1333802, 0, 0, 0
20700, 1389284, 0, 0, 0
20800, 1442235, 0, 0, 0
20900, 1397212, 0, 0, 0
21000, 1424146, 0, 0, 0
21100, 1378423, 0, 0, 0
21200, 1403803, 0, 0, 0
21300, 1344787, 0, 0, 0
21400, 1344080, 0, 0, 0
21501, 1288965, 0, 0, 0
21600, 1322095, 0, 0, 0
21700, 1389070, 0, 0, 0
21800, 1366533, 0, 0, 0
21900, 1344245, 0, 0, 0
22001, 1434044, 0, 0, 0
22101, 1364551, 0, 0, 0
22200, 1300057, 0, 0, 0
22300, 1363611, 0, 0, 0
22400, 1262942, 0, 0, 0
22500, 1301341, 0, 0, 0
22600, 1350135, 0, 0, 0
22700, 1366855, 0, 0, 0
22801, 1367664, 0, 0, 0
22901, 1368709, 0, 0, 0
23000, 1314345, 0, 0, 0
23100, 1367143, 0, 0, 0
23200, 1318451, 0, 0, 0
23300, 1377093, 0, 0, 0
23400, 1376556, 0, 0, 0
23500, 1318015, 0, 0, 0
23600, 1283947, 0, 0, 0
23700, 1437762, 0, 0, 0
23800, 1417935, 0, 0, 0
23900, 1466393, 0, 0, 0
24001, 1336419, 0, 0, 0
24100, 1394570, 0, 0, 0
24200, 1467405, 0, 0, 0
24300, 1467271, 0, 0, 0
24400, 1455979, 0, 0, 0
24501, 1339506, 0, 0, 0
24601, 1312000, 0, 0, 0
24700, 1404494, 0, 0, 0
24800, 1408114, 0, 0, 0
24901, 1414635, 0, 0, 0
25000, 1392548, 0, 0, 0
25101, 1429693, 0, 0, 0
25200, 1351754, 0, 0, 0
25300, 1369005, 0, 0, 0
25400, 1364147, 0, 0, 0
25501, 1385442, 0, 0, 0
25600, 1357852, 0, 0, 0
25700, 1357306, 0, 0, 0
25800, 1350620, 0, 0, 0
25900, 1268316, 0, 0, 0
26000, 1342661, 0, 0, 0
26100, 1402155, 0, 0, 0
26200, 1267645, 0, 0, 0
26300, 1286184, 0, 0, 0
26401, 1379295, 0, 0, 0
26500, 1346475, 0, 0, 0
26601, 1323037, 0, 0, 0
26700, 1435697, 0, 0, 0
26800, 1416349, 0, 0, 0
26901, 1390616, 0, 0, 0
27001, 1346124, 0, 0, 0
27100, 1380046, 0, 0, 0
27200, 1341201, 0, 0, 0
27301, 1330804, 0, 0, 0
27401, 1368176, 0, 0, 0
27500, 1386319, 0, 0, 0
27601, 1399842, 0, 0, 0
27700, 1430716, 0, 0, 0
27801, 1453556, 0, 0, 0
27900, 1345170, 0, 0, 0
28001, 1312651, 0, 0, 0
28100, 1466848, 0, 0, 0
28200, 1406498, 0, 0, 0
28300, 1316408, 0, 0, 0
28400, 1289790, 0, 0, 0
28501, 1345886, 0, 0, 0
28600, 1310823, 0, 0, 0
28700, 1366043, 0, 0, 0
28800, 1341956, 0, 0, 0
28900, 1370435, 0, 0, 0
29001, 1320031, 0, 0, 0
29100, 1433324, 0, 0, 0
29200, 1326289, 0, 0, 0
29300, 1345054, 0, 0, 0
29400, 1334206, 0, 0, 0
29500, 1305694, 0, 0, 0
29600, 1382386, 0, 0, 0
29700, 1349211, 0, 0, 0
29800, 1325749, 0, 0, 0
29900, 1316102, 0, 0, 0
30000, 1340895, 0, 0, 0
30101, 1427785, 0, 0, 0
30201, 1342928, 0, 0, 0
30300, 1341273, 0, 0, 0
30400, 1309613, 0, 0, 0
30500, 1313203, 0, 0, 0
30600, 1352477, 0, 0, 0
30700, 1343823, 0, 0, 0
30800, 1346063, 0, 0, 0
30901, 1418412, 0, 0, 0
31000, 1346153, 0, 0, 0
31100, 1331416, 0, 0, 0
31201, 1353052, 0, 0, 0
31301, 1328061, 0, 0, 0
31400, 1358248, 0, 0, 0
31500, 1317228, 0, 0, 0
31600, 1349197, 0, 0, 0
31701, 1376022, 0, 0, 0
31800, 1303179, 0, 0, 0
31900, 1341297, 0, 0, 0
32000, 1328575, 0, 0, 0
32101, 1392168, 0, 0, 0
32201, 1383020, 0, 0, 0
32300, 1426389, 0, 0, 0
32400, 1426053, 0, 0, 0
32501, 1389394, 0, 0, 0
32600, 1347729, 0, 0, 0
32700, 1347642, 0, 0, 0
32800, 1398935, 0, 0, 0
32900, 1447434, 0, 0, 0
33000, 1415498, 0, 0, 0
33101, 1377014, 0, 0, 0
33201, 1384260, 0, 0, 0
33300, 1353262, 0, 0, 0
33400, 1506572, 0, 0, 0
33501, 1431648, 0, 0, 0
33600, 1458524, 0, 0, 0
33700, 1353799, 0, 0, 0
33801, 1361981, 0, 0, 0
33900, 1344383, 0, 0, 0
34001, 1366206, 0, 0, 0
34100, 1404849, 0, 0, 0
34200, 1362090, 0, 0, 0
34300, 1330859, 0, 0, 0
34400, 1327759, 0, 0, 0
34501, 1313672, 0, 0, 0
34600, 1459789, 0, 0, 0
34700, 1379945, 0, 0, 0
34800, 1477565, 0, 0, 0
34901, 1499298, 0, 0, 0
35000, 1420226, 0, 0, 0
35100, 1452099, 0, 0, 0
35200, 1334913, 0, 0, 0
35300, 1392304, 0, 0, 0
35400, 1379576, 0, 0, 0
35501, 1396118, 0, 0, 0
35600, 1368979, 0, 0, 0
35701, 1320667, 0, 0, 0
35801, 1420174, 0, 0, 0
35900, 1411842, 0, 0, 0
36000, 1399658, 0, 0, 0
36100, 1472021, 0, 0, 0
36200, 1413870, 0, 0, 0
36300, 1332975, 0, 0, 0
36400, 1336866, 0, 0, 0
36500, 1316032, 0, 0, 0
36600, 1323335, 0, 0, 0
36701, 1319484, 0, 0, 0
36800, 1409825, 0, 0, 0
36900, 1317813, 0, 0, 0
37001, 1329326, 0, 0, 0
37100, 1350218, 0, 0, 0
37200, 1315395, 0, 0, 0
37300, 1357577, 0, 0, 0
37401, 1353282, 0, 0, 0
37500, 1337623, 0, 0, 0
37600, 1324386, 0, 0, 0
37701, 1317793, 0, 0, 0
37800, 1298300, 0, 0, 0
37900, 1349539, 0, 0, 0
38000, 1377750, 0, 0, 0
38101, 1389674, 0, 0, 0
38200, 1317963, 0, 0, 0
38301, 1360779, 0, 0, 0
38401, 1425186, 0, 0, 0
38501, 1440772, 0, 0, 0
38600, 1317691, 0, 0, 0
38700, 1298938, 0, 0, 0
38801, 1361426, 0, 0, 0
38901, 1385127, 0, 0, 0
39001, 1379220, 0, 0, 0
39100, 1318110, 0, 0, 0
39200, 1397427, 0, 0, 0
39300, 1364288, 0, 0, 0
39400, 1401711, 0, 0, 0
39500, 1463929, 0, 0, 0
39600, 1385039, 0, 0, 0
39700, 1350154, 0, 0, 0
39800, 1332996, 0, 0, 0
39900, 1423044, 0, 0, 0
40000, 1464443, 0, 0, 0
40100, 1442838, 0, 0, 0
40200, 1397959, 0, 0, 0
40300, 1299449, 0, 0, 0
40400, 1402208, 0, 0, 0
40501, 1348638, 0, 0, 0
40600, 1414924, 0, 0, 0
40701, 1467691, 0, 0, 0
40800, 1367676, 0, 0, 0
40901, 1462766, 0, 0, 0
41001, 1381936, 0, 0, 0
41100, 1325650, 0, 0, 0
41201, 1358801, 0, 0, 0
41300, 1314228, 0, 0, 0
41400, 1343495, 0, 0, 0
41500, 1381359, 0, 0, 0
41600, 1384065, 0, 0, 0
41700, 1402224, 0, 0, 0
41800, 1384797, 0, 0, 0
41900, 1358306, 0, 0, 0
42001, 1359577, 0, 0, 0
42100, 1332287, 0, 0, 0
42200, 1389435, 0, 0, 0
42300, 1377675, 0, 0, 0
42400, 1384287, 0, 0, 0
42501, 1329812, 0, 0, 0
42600, 1355070, 0, 0, 0
42700, 1329778, 0, 0, 0
42800, 1379646, 0, 0, 0
42900, 1364698, 0, 0, 0
43000, 1344535, 0, 0, 0
43101, 1322743, 0, 0, 0
43200, 1334109, 0, 0, 0
43301, 1405598, 0, 0, 0
43400, 1376808, 0, 0, 0
43500, 1453048, 0, 0, 0
43600, 1382747, 0, 0, 0
43701, 1357744, 0, 0, 0
43800, 1266818, 0, 0, 0
43900, 1427665, 0, 0, 0
44000, 1266842, 0, 0, 0
44101, 1356289, 0, 0, 0
44201, 1327830, 0, 0, 0
44300, 1304876, 0, 0, 0
44401, 1353978, 0, 0, 0
44500, 1300396, 0, 0, 0
44600, 1393112, 0, 0, 0
44701, 1416175, 0, 0, 0
44801, 1381559, 0, 0, 0
44900, 1434108, 0, 0, 0
45000, 1398230, 0, 0, 0
45100, 1387784, 0, 0, 0
45200, 1379069, 0, 0, 0
45300, 1406427, 0, 0, 0
45400, 1376435, 0, 0, 0
45501, 1360421, 0, 0, 0
45600, 1327139, 0, 0, 0
45700, 1370609, 0, 0, 0
45800, 1426095, 0, 0, 0
45900, 1412920, 0, 0, 0
46000, 1305736, 0, 0, 0
46101, 1305731, 0, 0, 0
46200, 1427450, 0, 0, 0
46300, 1349994, 0, 0, 0
46400, 1315507, 0, 0, 0
46500, 1326246, 0, 0, 0
46601, 1301580, 0, 0, 0
46700, 1330564, 0, 0, 0
46801, 1324239, 0, 0, 0
46900, 1339754, 0, 0, 0
47000, 1358398, 0, 0, 0
47100, 1346985, 0, 0, 0
47200, 1333864, 0, 0, 0
47300, 1325027, 0, 0, 0
47400, 1327997, 0, 0, 0
47500, 1445073, 0, 0, 0
47600, 1457518, 0, 0, 0
47701, 1375498, 0, 0, 0
47800, 1400806, 0, 0, 0
47901, 1377050, 0, 0, 0
48000, 1377177, 0, 0, 0
48101, 1349323, 0, 0, 0
48200, 1303133, 0, 0, 0
48300, 1375290, 0, 0, 0
48400, 1314898, 0, 0, 0
48500, 1287720, 0, 0, 0
48600, 1373467, 0, 0, 0
48700, 1260418, 0, 0, 0
48800, 1353772, 0, 0, 0
48901, 1273478, 0, 0, 0
49000, 1304364, 0, 0, 0
49100, 1359020, 0, 0, 0
49200, 1304106, 0, 0, 0
49300, 1318491, 0, 0, 0
49401, 1372651, 0, 0, 0
49500, 1369608, 0, 0, 0
49600, 1423479, 0, 0, 0
49702, 1402706, 0, 0, 0
49800, 1337091, 0, 0, 0
49901, 1390800, 0, 0, 0
50000, 1318729, 0, 0, 0
50101, 1335403, 0, 0, 0
50200, 1433849, 0, 0, 0
50300, 1304147, 0, 0, 0
50400, 1408575, 0, 0, 0
50500, 1381934, 0, 0, 0
50600, 1450643, 0, 0, 0
50700, 1337143, 0, 0, 0
50800, 1355346, 0, 0, 0
50900, 1355438, 0, 0, 0
51001, 1371719, 0, 0, 0
51100, 1370367, 0, 0, 0
51200, 1423585, 0, 0, 0
51300, 1422738, 0, 0, 0
51401, 1427130, 0, 0, 0
51500, 1373282, 0, 0, 0
51600, 1387669, 0, 0, 0
51700, 1372719, 0, 0, 0
51801, 1322124, 0, 0, 0
51900, 1245030, 0, 0, 0
52000, 1300340, 0, 0, 0
52101, 1316494, 0, 0, 0
52200, 1277929, 0, 0, 0
52300, 1331633, 0, 0, 0
52400, 1295445, 0, 0, 0
52501, 1282220, 0, 0, 0
52601, 1367811, 0, 0, 0
52700, 1278470, 0, 0, 0
52800, 1312237, 0, 0, 0
52901, 1314809, 0, 0, 0
53001, 1295514, 0, 0, 0
53100, 1320015, 0, 0, 0
53200, 1361029, 0, 0, 0
53300, 1297644, 0, 0, 0
53400, 1307993, 0, 0, 0
53500, 1290425, 0, 0, 0
53600, 1343003, 0, 0, 0
53700, 1309320, 0, 0, 0
53800, 1226106, 0, 0, 0
53900, 1306431, 0, 0, 0
54000, 1306094, 0, 0, 0
54100, 1271123, 0, 0, 0
54200, 1320562, 0, 0, 0
54300, 1296137, 0, 0, 0
54400, 1310091, 0, 0, 0
54501, 1282809, 0, 0, 0
54600, 1355875, 0, 0, 0
54700, 1387646, 0, 0, 0
54800, 1304455, 0, 0, 0
54900, 1313837, 0, 0, 0
55001, 1293953, 0, 0, 0
55100, 1256388, 0, 0, 0
55200, 1339133, 0, 0, 0
55300, 1289992, 0, 0, 0
55400, 1346025, 0, 0, 0
55500, 1405801, 0, 0, 0
55600, 1414538, 0, 0, 0
55700, 1381452, 0, 0, 0
55800, 1401832, 0, 0, 0
55900, 1385592, 0, 0, 0
56000, 1327254, 0, 0, 0
56100, 1385831, 0, 0, 0
56200, 1365716, 0, 0, 0
56300, 1352173, 0, 0, 0
56401, 1361022, 0, 0, 0
56500, 1331311, 0, 0, 0
56600, 1274262, 0, 0, 0
56701, 1292159, 0, 0, 0
56801, 1257131, 0, 0, 0
56900, 1268228, 0, 0, 0
57000, 1313494, 0, 0, 0
57101, 1283031, 0, 0, 0
57201, 1359134, 0, 0, 0
57300, 1302983, 0, 0, 0
57400, 1327190, 0, 0, 0
57500, 1270109, 0, 0, 0
57600, 1366634, 0, 0, 0
57700, 1310178, 0, 0, 0
57801, 1285584, 0, 0, 0
57900, 1350150, 0, 0, 0
58001, 1329210, 0, 0, 0
58100, 1281370, 0, 0, 0
58200, 1318297, 0, 0, 0
58300, 1306464, 0, 0, 0
58401, 1287283, 0, 0, 0
58501, 1292227, 0, 0, 0
58600, 1256692, 0, 0, 0
58701, 1298604, 0, 0, 0
58801, 1322793, 0, 0, 0
58901, 1368081, 0, 0, 0
59000, 1351089, 0, 0, 0
59100, 1308551, 0, 0, 0
59200, 1347197, 0, 0, 0
59300, 1267749, 0, 0, 0
59401, 1357209, 0, 0, 0
59500, 1343358, 0, 0, 0
59600, 1309019, 0, 0, 0
59700, 1328657, 0, 0, 0
59800, 1289564, 0, 0, 0
59901, 1284103, 0, 0, 0
60000, 1238769, 0, 0, 0
60100, 1337672, 0, 0, 0
60201, 1371377, 0, 0, 0
60300, 1449012, 0, 0, 0
60400, 1387230, 0, 0, 0
60500, 1325872, 0, 0, 0
60600, 1340415, 0, 0, 0
60700, 1310202, 0, 0, 0
60800, 1347856, 0, 0, 0
60901, 1286091, 0, 0, 0
61001, 1289663, 0, 0, 0
61100, 1355981, 0, 0, 0
61200, 1387734, 0, 0, 0
61301, 1366738, 0, 0, 0
61400, 1299419, 0, 0, 0
61500, 1385775, 0, 0, 0
61600, 1303634, 0, 0, 0
61701, 1337148, 0, 0, 0
61800, 1333882, 0, 0, 0
61900, 1362180, 0, 0, 0
62001, 1358363, 0, 0, 0
62100, 1369305, 0, 0, 0
62200, 1262727, 0, 0, 0
62300, 1322513, 0, 0, 0
62400, 1275577, 0, 0, 0
62500, 1307949, 0, 0, 0
62600, 1309885, 0, 0, 0
62700, 1287280, 0, 0, 0
62800, 1268727, 0, 0, 0
62900, 1267404, 0, 0, 0
63000, 1304797, 0, 0, 0
63101, 1306066, 0, 0, 0
63201, 1317139, 0, 0, 0
63300, 1342920, 0, 0, 0
63400, 1304278, 0, 0, 0
63500, 1301385, 0, 0, 0
63600, 1272570, 0, 0, 0
63700, 1231683, 0, 0, 0
63800, 1296059, 0, 0, 0
63901, 1336451, 0, 0, 0
64000, 1312201, 0, 0, 0
64101, 1324364, 0, 0, 0
64201, 1421339, 0, 0, 0
64301, 1399493, 0, 0, 0
64401, 1400318, 0, 0, 0
64500, 1505148, 0, 0, 0
64600, 1323902, 0, 0, 0
64701, 1407604, 0, 0, 0
64800, 1300858, 0, 0, 0
64901, 1270713, 0, 0, 0
65000, 1364023, 0, 0, 0
65100, 1347611, 0, 0, 0
65200, 1388996, 0, 0, 0
65301, 1281059, 0, 0, 0
65400, 1301445, 0, 0, 0
65500, 1256212, 0, 0, 0
65601, 1336188, 0, 0, 0
65700, 1305079, 0, 0, 0
65800, 1434045, 0, 0, 0
65900, 1376768, 0, 0, 0
66000, 1312640, 0, 0, 0
66100, 1259814, 0, 0, 0
66200, 1417570, 0, 0, 0
66301, 1416853, 0, 0, 0
66400, 1450617, 0, 0, 0
66500, 1451615, 0, 0, 0
66600, 1370988, 0, 0, 0
66700, 1329121, 0, 0, 0
66800, 1327341, 0, 0, 0
66900, 1319124, 0, 0, 0
67000, 1308187, 0, 0, 0
67100, 1294662, 0, 0, 0
67200, 1306953, 0, 0, 0
67300, 1380905, 0, 0, 0
67400, 1343345, 0, 0, 0
67501, 1299399, 0, 0, 0
67601, 1309952, 0, 0, 0
67701, 1305663, 0, 0, 0
67801, 1349700, 0, 0, 0
67901, 1378981, 0, 0, 0
68000, 1332428, 0, 0, 0
68100, 1327589, 0, 0, 0
68200, 1273769, 0, 0, 0
68300, 1282762, 0, 0, 0
68400, 1244425, 0, 0, 0
68500, 1268492, 0, 0, 0
68600, 1282531, 0, 0, 0
68700, 1310326, 0, 0, 0
68801, 1247667, 0, 0, 0
68900, 1377082, 0, 0, 0
69000, 1343776, 0, 0, 0
69100, 1256431, 0, 0, 0
69200, 1312440, 0, 0, 0
69301, 1335860, 0, 0, 0
69400, 1314776, 0, 0, 0
69501, 1266912, 0, 0, 0
69600, 1337459, 0, 0, 0
69701, 1411756, 0, 0, 0
69800, 1297855, 0, 0, 0
69901, 1434663, 0, 0, 0
70001, 1461031, 0, 0, 0
70100, 1355579, 0, 0, 0
70200, 1260919, 0, 0, 0
70301, 1231616, 0, 0, 0
70400, 1305085, 0, 0, 0
70501, 1333636, 0, 0, 0
70600, 1212839, 0, 0, 0
70701, 1272035, 0, 0, 0
70800, 1299852, 0, 0, 0
70900, 1352448, 0, 0, 0
71001, 1276964, 0, 0, 0
71100, 1263142, 0, 0, 0
71200, 1351960, 0, 0, 0
71300, 1385765, 0, 0, 0
71400, 1342579, 0, 0, 0
71500, 1340049, 0, 0, 0
71600, 1341405, 0, 0, 0
71700, 1266837, 0, 0, 0
71801, 1337514, 0, 0, 0
71900, 1332185, 0, 0, 0
72000, 1361338, 0, 0, 0
72100, 1361186, 0, 0, 0
72200, 1421650, 0, 0, 0
72301, 1344167, 0, 0, 0
72400, 1371721, 0, 0, 0
72501, 1298766, 0, 0, 0
72600, 1294160, 0, 0, 0
72701, 1288300, 0, 0, 0
72800, 1296693, 0, 0, 0
72900, 1313149, 0, 0, 0
73000, 1359555, 0, 0, 0
73100, 1256349, 0, 0, 0
73201, 1268070, 0, 0, 0
73301, 1312604, 0, 0, 0
73400, 1300627, 0, 0, 0
73500, 1351103, 0, 0, 0
73600, 1451092, 0, 0, 0
73701, 1309180, 0, 0, 0
73801, 1297213, 0, 0, 0
73900, 1263335, 0, 0, 0
74001, 1267322, 0, 0, 0
74101, 1380523, 0, 0, 0
74200, 1318558, 0, 0, 0
74300, 1286405, 0, 0, 0
74400, 1348133, 0, 0, 0
74501, 1330423, 0, 0, 0
74600, 1321486, 0, 0, 0
74701, 1321252, 0, 0, 0
74800, 1248670, 0, 0, 0
74900, 1353296, 0, 0, 0
75001, 1294949, 0, 0, 0
75101, 1308692, 0, 0, 0
75201, 1260102, 0, 0, 0
75300, 1296803, 0, 0, 0
75400, 1235072, 0, 0, 0
75500, 1287920, 0, 0, 0
75600, 1312196, 0, 0, 0
75701, 1284798, 0, 0, 0
75800, 1473619, 0, 0, 0
75900, 1396746, 0, 0, 0
76001, 1394468, 0, 0, 0
76100, 1353843, 0, 0, 0
76200, 1342985, 0, 0, 0
76301, 1300482, 0, 0, 0
76400, 1315692, 0, 0, 0
76500, 1431889, 0, 0, 0
76601, 1386992, 0, 0, 0
76700, 1423937, 0, 0, 0
76801, 1376447, 0, 0, 0
76900, 1333915, 0, 0, 0
77000, 1440002, 0, 0, 0
77101, 1401169, 0, 0, 0
77200, 1253832, 0, 0, 0
77300, 1276060, 0, 0, 0
77401, 1278011, 0, 0, 0
77501, 1275714, 0, 0, 0
77600, 1264483, 0, 0, 0
77700, 1291202, 0, 0, 0
77801, 1304391, 0, 0, 0
77901, 1296266, 0, 0, 0
78001, 1273412, 0, 0, 0
78100, 1311804, 0, 0, 0
78201, 1322356, 0, 0, 0
78300, 1305188, 0, 0, 0
78400, 1358356, 0, 0, 0
78500, 1309501, 0, 0, 0
78600, 1311268, 0, 0, 0
78700, 1254708, 0, 0, 0
78800, 1395677, 0, 0, 0
78901, 1359536, 0, 0, 0
79000, 1321724, 0, 0, 0
79101, 1367719, 0, 0, 0
79200, 1341067, 0, 0, 0
79300, 1412537, 0, 0, 0
79401, 1412691, 0, 0, 0
79500, 1409158, 0, 0, 0
79601, 1358132, 0, 0, 0
79701, 1418948, 0, 0, 0
79800, 1310620, 0, 0, 0
79900, 1364912, 0, 0, 0
80000, 1380875, 0, 0, 0
80100, 1422892, 0, 0, 0
80200, 1364984, 0, 0, 0
80300, 1406890, 0, 0, 0
80400, 1377923, 0, 0, 0
80500, 1289075, 0, 0, 0
80601, 1302244, 0, 0, 0
80701, 1311305, 0, 0, 0
80800, 1334290, 0, 0, 0
80901, 1318853, 0, 0, 0
81000, 1322824, 0, 0, 0
81101, 1297289, 0, 0, 0
81201, 1346987, 0, 0, 0
81300, 1309056, 0, 0, 0
81400, 1294162, 0, 0, 0
81500, 1306034, 0, 0, 0
81600, 1350599, 0, 0, 0
81700, 1329750, 0, 0, 0
81800, 1300830, 0, 0, 0
81900, 1385341, 0, 0, 0
82000, 1349330, 0, 0, 0
82101, 1319832, 0, 0, 0
82200, 1338522, 0, 0, 0
82300, 1415835, 0, 0, 0
82400, 1397207, 0, 0, 0
82500, 1363002, 0, 0, 0
82601, 1324325, 0, 0, 0
82700, 1369024, 0, 0, 0
82800, 1340058, 0, 0, 0
82900, 1349141, 0, 0, 0
83000, 1367114, 0, 0, 0
83100, 1287220, 0, 0, 0
83200, 1347229, 0, 0, 0
83300, 1273473, 0, 0, 0
83401, 1353863, 0, 0, 0
83500, 1283892, 0, 0, 0
83601, 1288788, 0, 0, 0
83700, 1294541, 0, 0, 0
83800, 1330226, 0, 0, 0
83900, 1292534, 0, 0, 0
84000, 1353840, 0, 0, 0
84100, 1261188, 0, 0, 0
84200, 1327198, 0, 0, 0
84300, 1276307, 0, 0, 0
84400, 1333308, 0, 0, 0
84500, 1266871, 0, 0, 0
84601, 1290221, 0, 0, 0
84700, 1332142, 0, 0, 0
84800, 1307811, 0, 0, 0
84900, 1279970, 0, 0, 0
85000, 1319349, 0, 0, 0
85100, 1260378, 0, 0, 0
85200, 1351656, 0, 0, 0
85300, 1316909, 0, 0, 0
85400, 1313154, 0, 0, 0
85500, 1401919, 0, 0, 0
85600, 1339630, 0, 0, 0
85700, 1413600, 0, 0, 0
85801, 1367881, 0, 0, 0
85900, 1309914, 0, 0, 0
86001, 1342360, 0, 0, 0
86100, 1299410, 0, 0, 0
86200, 1339648, 0, 0, 0
86300, 1282892, 0, 0, 0
86400, 1401684, 0, 0, 0
86500, 1322199, 0, 0, 0
86601, 1389819, 0, 0, 0
86700, 1351631, 0, 0, 0
86801, 1389832, 0, 0, 0
86901, 1446898, 0, 0, 0
87001, 1344187, 0, 0, 0
87100, 1332426, 0, 0, 0
87200, 1323310, 0, 0, 0
87300, 1385899, 0, 0, 0
87400, 1350434, 0, 0, 0
87500, 1374131, 0, 0, 0
87601, 1455688, 0, 0, 0
87701, 1421721, 0, 0, 0
87800, 1361016, 0, 0, 0
87901, 1375742, 0, 0, 0
88001, 1268833, 0, 0, 0
88100, 1354798, 0, 0, 0
88200, 1522988, 0, 0, 0
88300, 1510743, 0, 0, 0
88400, 1396572, 0, 0, 0
88500, 1337680, 0, 0, 0
88600, 1371413, 0, 0, 0
88700, 1326951, 0, 0, 0
88800, 1347644, 0, 0, 0
88900, 1303289, 0, 0, 0
89000, 1251663, 0, 0, 0
89100, 1288812, 0, 0, 0
89200, 1399179, 0, 0, 0
89301, 1395875, 0, 0, 0
89400, 1372924, 0, 0, 0
89500, 1294328, 0, 0, 0
89601, 1340945, 0, 0, 0
89700, 1347612, 0, 0, 0
89800, 1345726, 0, 0, 0
89900, 1384977, 0, 0, 0
90000, 1286452, 0, 0, 0
