101, 6113, 0, 0, 0
200, 6890, 0, 0, 0
303, 6868, 0, 0, 0
401, 6041, 0, 0, 0
502, 6677, 0, 0, 0
600, 6431, 0, 0, 0
700, 5848, 0, 0, 0
803, 7049, 0, 0, 0
901, 6595, 0, 0, 0
1001, 5929, 0, 0, 0
1105, 6235, 0, 0, 0
1200, 6046, 0, 0, 0
1301, 6087, 0, 0, 0
1400, 6003, 0, 0, 0
1502, 5748, 0, 0, 0
1604, 6081, 0, 0, 0
1705, 6249, 0, 0, 0
1801, 6335, 0, 0, 0
1900, 6870, 0, 0, 0
2001, 6917, 0, 0, 0
2100, 6284, 0, 0, 0
2202, 6384, 0, 0, 0
2305, 6184, 0, 0, 0
2401, 7181, 0, 0, 0
2502, 6782, 0, 0, 0
2600, 7886, 0, 0, 0
2709, 6468, 0, 0, 0
2800, 6435, 0, 0, 0
2901, 6759, 0, 0, 0
3002, 6867, 0, 0, 0
3104, 6697, 0, 0, 0
3202, 6580, 0, 0, 0
3300, 6384, 0, 0, 0
3400, 6312, 0, 0, 0
3500, 6976, 0, 0, 0
3600, 6154, 0, 0, 0
3701, 6334, 0, 0, 0
3800, 6199, 0, 0, 0
3900, 6190, 0, 0, 0
4002, 6116, 0, 0, 0
4100, 6015, 0, 0, 0
4202, 6058, 0, 0, 0
4304, 5866, 0, 0, 0
4403, 6763, 0, 0, 0
4501, 6244, 0, 0, 0
4600, 6298, 0, 0, 0
4701, 6621, 0, 0, 0
4802, 5965, 0, 0, 0
4901, 6676, 0, 0, 0
5007, 6801, 0, 0, 0
5100, 6147, 0, 0, 0
5203, 6781, 0, 0, 0
5300, 6954, 0, 0, 0
5404, 6151, 0, 0, 0
5502, 6524, 0, 0, 0
5601, 7195, 0, 0, 0
5705, 6901, 0, 0, 0
5810, 6349, 0, 0, 0
5900, 6427, 0, 0, 0
6001, 6842, 0, 0, 0
6101, 6472, 0, 0, 0
6200, 7557, 0, 0, 0
6301, 6525, 0, 0, 0
6406, 6723, 0, 0, 0
6501, 6611, 0, 0, 0
6601, 6242, 0, 0, 0
6700, 6573, 0, 0, 0
6800, 6176, 0, 0, 0
6903, 6369, 0, 0, 0
7001, 6484, 0, 0, 0
7100, 7039, 0, 0, 0
7201, 7046, 0, 0, 0
7302, 6730, 0, 0, 0
7400, 6261, 0, 0, 0
7501, 6590, 0, 0, 0
7603, 6799, 0, 0, 0
7700, 6779, 0, 0, 0
7805, 7073, 0, 0, 0
7900, 6563, 0, 0, 0
8002, 6777, 0, 0, 0
8104, 5977, 0, 0, 0
8203, 6113, 0, 0, 0
8300, 6154, 0, 0, 0
8400, 6154, 0, 0, 0
8505, 6905, 0, 0, 0
8600, 7249, 0, 0, 0
8701, 6156, 0, 0, 0
8804, 6083, 0, 0, 0
8900, 6029, 0, 0, 0
9000, 6698, 0, 0, 0
9101, 5991, 0, 0, 0
9203, 6206, 0, 0, 0
9307, 6244, 0, 0, 0
9402, 6681, 0, 0, 0
9500, 6722, 0, 0, 0
9600, 7457, 0, 0, 0
9700, 6302, 0, 0, 0
9802, 6365, 0, 0, 0
9900, 6319, 0, 0, 0
10004, 6217, 0, 0, 0
10100, 6414, 0, 0, 0
10202, 6212, 0, 0, 0
10300, 5766, 0, 0, 0
10403, 6446, 0, 0, 0
10501, 6412, 0, 0, 0
10601, 6630, 0, 0, 0
10702, 6118, 0, 0, 0
10802, 6542, 0, 0, 0
10901, 6513, 0, 0, 0
11000, 6388, 0, 0, 0
11101, 5980, 0, 0, 0
11201, 6462, 0, 0, 0
11301, 6424, 0, 0, 0
11400, 6662, 0, 0, 0
11501, 6496, 0, 0, 0
11606, 7055, 0, 0, 0
11701, 6416, 0, 0, 0
11800, 6469, 0, 0, 0
11900, 6683, 0, 0, 0
12000, 6232, 0, 0, 0
12101, 6754, 0, 0, 0
12202, 6596, 0, 0, 0
12302, 7032, 0, 0, 0
12400, 6915, 0, 0, 0
12501, 7168, 0, 0, 0
12601, 6251, 0, 0, 0
12701, 6501, 0, 0, 0
12800, 6837, 0, 0, 0
12903, 6987, 0, 0, 0
13000, 7269, 0, 0, 0
13100, 6832, 0, 0, 0
13201, 6891, 0, 0, 0
13301, 5903, 0, 0, 0
13400, 6704, 0, 0, 0
13501, 6308, 0, 0, 0
13603, 5833, 0, 0, 0
13703, 6676, 0, 0, 0
13805, 6682, 0, 0, 0
13902, 6647, 0, 0, 0
14002, 6780, 0, 0, 0
14101, 6927, 0, 0, 0
14209, 7364, 0, 0, 0
14301, 6570, 0, 0, 0
14401, 6919, 0, 0, 0
14502, 6233, 0, 0, 0
14600, 6615, 0, 0, 0
14701, 6450, 0, 0, 0
14803, 6496, 0, 0, 0
14903, 6604, 0, 0, 0
15002, 6416, 0, 0, 0
15101, 6472, 0, 0, 0
15200, 6769, 0, 0, 0
15301, 6363, 0, 0, 0
15401, 6630, 0, 0, 0
15500, 6070, 0, 0, 0
15601, 6990, 0, 0, 0
15701, 6595, 0, 0, 0
15800, 6785, 0, 0, 0
15904, 7063, 0, 0, 0
16002, 6217, 0, 0, 0
16106, 7573, 0, 0, 0
16200, 6227, 0, 0, 0
16301, 6413, 0, 0, 0
16400, 7146, 0, 0, 0
16500, 6792, 0, 0, 0
16600, 6936, 0, 0, 0
16701, 7089, 0, 0, 0
16802, 6464, 0, 0, 0
16900, 7002, 0, 0, 0
17002, 7017, 0, 0, 0
17101, 6683, 0, 0, 0
17200, 6031, 0, 0, 0
17301, 6578, 0, 0, 0
17404, 6398, 0, 0, 0
17500, 6228, 0, 0, 0
17600, 6312, 0, 0, 0
17701, 6737, 0, 0, 0
17801, 6183, 0, 0, 0
17900, 6351, 0, 0, 0
18003, 6556, 0, 0, 0
18103, 6462, 0, 0, 0
18203, 6404, 0, 0, 0
18302, 6306, 0, 0, 0
18402, 6290, 0, 0, 0
18500, 6472, 0, 0, 0
18605, 6909, 0, 0, 0
18701, 6646, 0, 0, 0
18802, 6656, 0, 0, 0
18906, 6118, 0, 0, 0
19000, 6248, 0, 0, 0
19101, 6114, 0, 0, 0
19200, 6126, 0, 0, 0
19302, 6470, 0, 0, 0
19403, 6288, 0, 0, 0
19508, 6341, 0, 0, 0
19602, 6974, 0, 0, 0
19702, 6105, 0, 0, 0
19801, 6649, 0, 0, 0
19900, 7016, 0, 0, 0
20000, 6020, 0, 0, 0
20101, 6268, 0, 0, 0
20202, 6344, 0, 0, 0
20300, 5857, 0, 0, 0
20405, 5813, 0, 0, 0
20502, 6744, 0, 0, 0
20602, 6242, 0, 0, 0
20702, 6103, 0, 0, 0
20801, 6707, 0, 0, 0
20904, 6542, 0, 0, 0
21000, 7776, 0, 0, 0
21109, 7169, 0, 0, 0
21203, 6541, 0, 0, 0
21300, 7022, 0, 0, 0
21400, 7033, 0, 0, 0
21500, 7253, 0, 0, 0
21603, 6978, 0, 0, 0
21703, 5974, 0, 0, 0
21801, 6087, 0, 0, 0
21904, 6364, 0, 0, 0
22000, 6790, 0, 0, 0
22100, 6873, 0, 0, 0
22200, 6133, 0, 0, 0
22304, 6936, 0, 0, 0
22402, 6556, 0, 0, 0
22501, 6351, 0, 0, 0
22605, 6420, 0, 0, 0
22700, 6487, 0, 0, 0
22804, 6191, 0, 0, 0
22900, 6288, 0, 0, 0
23000, 6518, 0, 0, 0
23101, 6485, 0, 0, 0
23200, 6838, 0, 0, 0
23301, 6481, 0, 0, 0
23405, 6475, 0, 0, 0
23500, 6038, 0, 0, 0
23601, 6481, 0, 0, 0
23702, 6066, 0, 0, 0
23800, 6222, 0, 0, 0
23900, 6065, 0, 0, 0
24000, 6098, 0, 0, 0
24102, 6925, 0, 0, 0
24200, 6562, 0, 0, 0
24305, 5777, 0, 0, 0
24402, 6847, 0, 0, 0
24500, 6584, 0, 0, 0
24602, 6690, 0, 0, 0
24701, 6497, 0, 0, 0
24800, 6229, 0, 0, 0
24901, 6726, 0, 0, 0
25000, 6522, 0, 0, 0
25100, 6304, 0, 0, 0
25203, 6778, 0, 0, 0
25302, 7083, 0, 0, 0
25400, 6877, 0, 0, 0
25501, 6373, 0, 0, 0
25600, 6247, 0, 0, 0
25701, 6494, 0, 0, 0
25806, 6723, 0, 0, 0
25901, 6781, 0, 0, 0
26001, 6860, 0, 0, 0
26102, 6313, 0, 0, 0
26200, 6070, 0, 0, 0
26301, 6481, 0, 0, 0
26404, 5984, 0, 0, 0
26501, 7045, 0, 0, 0
26600, 7674, 0, 0, 0
26700, 6938, 0, 0, 0
26800, 6709, 0, 0, 0
26903, 6994, 0, 0, 0
27000, 6997, 0, 0, 0
27104, 7039, 0, 0, 0
27200, 6269, 0, 0, 0
27302, 6217, 0, 0, 0
27400, 6622, 0, 0, 0
27504, 6797, 0, 0, 0
27603, 6327, 0, 0, 0
27701, 7028, 0, 0, 0
27801, 6183, 0, 0, 0
27902, 6318, 0, 0, 0
28006, 6377, 0, 0, 0
28102, 6759, 0, 0, 0
28200, 6727, 0, 0, 0
28300, 6434, 0, 0, 0
28402, 6593, 0, 0, 0
28502, 6215, 0, 0, 0
28602, 6770, 0, 0, 0
28702, 6511, 0, 0, 0
28800, 6105, 0, 0, 0
28900, 6086, 0, 0, 0
29002, 5985, 0, 0, 0
29103, 6062, 0, 0, 0
29200, 6334, 0, 0, 0
29303, 6617, 0, 0, 0
29408, 6515, 0, 0, 0
29500, 7766, 0, 0, 0
29604, 7077, 0, 0, 0
29700, 6453, 0, 0, 0
29800, 6399, 0, 0, 0
29901, 7180, 0, 0, 0
30002, 6819, 0, 0, 0
30101, 7032, 0, 0, 0
30200, 6503, 0, 0, 0
30302, 7407, 0, 0, 0
30400, 6416, 0, 0, 0
30506, 6084, 0, 0, 0
30600, 6759, 0, 0, 0
30703, 6838, 0, 0, 0
30800, 6069, 0, 0, 0
30900, 6813, 0, 0, 0
31000, 6526, 0, 0, 0
31101, 6639, 0, 0, 0
31202, 6560, 0, 0, 0
31300, 6190, 0, 0, 0
31403, 5902, 0, 0, 0
31500, 6185, 0, 0, 0
31602, 6439, 0, 0, 0
31700, 6897, 0, 0, 0
31801, 6204, 0, 0, 0
31900, 6835, 0, 0, 0
32004, 7299, 0, 0, 0
32100, 6344, 0, 0, 0
32200, 6526, 0, 0, 0
32301, 6863, 0, 0, 0
32407, 7167, 0, 0, 0
32502, 6044, 0, 0, 0
32600, 6686, 0, 0, 0
32702, 6117, 0, 0, 0
32803, 6145, 0, 0, 0
32902, 6286, 0, 0, 0
33002, 7082, 0, 0, 0
33103, 6659, 0, 0, 0
33204, 6535, 0, 0, 0
33303, 6328, 0, 0, 0
33402, 6074, 0, 0, 0
33501, 6588, 0, 0, 0
33600, 6873, 0, 0, 0
33700, 6717, 0, 0, 0
33800, 6373, 0, 0, 0
33900, 7230, 0, 0, 0
34007, 7597, 0, 0, 0
34102, 7447, 0, 0, 0
34200, 6128, 0, 0, 0
34300, 6538, 0, 0, 0
34400, 5649, 0, 0, 0
34502, 6363, 0, 0, 0
34602, 6232, 0, 0, 0
34705, 6886, 0, 0, 0
34806, 6122, 0, 0, 0
34903, 6327, 0, 0, 0
35006, 6569, 0, 0, 0
35100, 6670, 0, 0, 0
35200, 6564, 0, 0, 0
35300, 7098, 0, 0, 0
35403, 6686, 0, 0, 0
35503, 6558, 0, 0, 0
35605, 6865, 0, 0, 0
35700, 6150, 0, 0, 0
35800, 6355, 0, 0, 0
35904, 6496, 0, 0, 0
36000, 6555, 0, 0, 0
36100, 6248, 0, 0, 0
36200, 6922, 0, 0, 0
36300, 6196, 0, 0, 0
36401, 6001, 0, 0, 0
36505, 6624, 0, 0, 0
36602, 6275, 0, 0, 0
36700, 6305, 0, 0, 0
36800, 6241, 0, 0, 0
36901, 6668, 0, 0, 0
37000, 6622, 0, 0, 0
37101, 6385, 0, 0, 0
37204, 6788, 0, 0, 0
37302, 6310, 0, 0, 0
37403, 7104, 0, 0, 0
37500, 7145, 0, 0, 0
37600, 7215, 0, 0, 0
37703, 6978, 0, 0, 0
37805, 6337, 0, 0, 0
37905, 6468, 0, 0, 0
38000, 6299, 0, 0, 0
38100, 6912, 0, 0, 0
38202, 6249, 0, 0, 0
38304, 6717, 0, 0, 0
38406, 6746, 0, 0, 0
38509, 6956, 0, 0, 0
38600, 7005, 0, 0, 0
38702, 6261, 0, 0, 0
38805, 6188, 0, 0, 0
38901, 6192, 0, 0, 0
39000, 6043, 0, 0, 0
39100, 6217, 0, 0, 0
39203, 6303, 0, 0, 0
39300, 7227, 0, 0, 0
39401, 6838, 0, 0, 0
39502, 6522, 0, 0, 0
39602, 6440, 0, 0, 0
39701, 6703, 0, 0, 0
39806, 6377, 0, 0, 0
39901, 6816, 0, 0, 0
40001, 6453, 0, 0, 0
40102, 6061, 0, 0, 0
40200, 6572, 0, 0, 0
40300, 6553, 0, 0, 0
40400, 6029, 0, 0, 0
40501, 6062, 0, 0, 0
40603, 6368, 0, 0, 0
40700, 6671, 0, 0, 0
40800, 6281, 0, 0, 0
40907, 7606, 0, 0, 0
41004, 6879, 0, 0, 0
41111, 6535, 0, 0, 0
41200, 6054, 0, 0, 0
41302, 5952, 0, 0, 0
41400, 6143, 0, 0, 0
41500, 6718, 0, 0, 0
41603, 6648, 0, 0, 0
41700, 7162, 0, 0, 0
41803, 6323, 0, 0, 0
41900, 7068, 0, 0, 0
42003, 5874, 0, 0, 0
42100, 6522, 0, 0, 0
42200, 7040, 0, 0, 0
42302, 5840, 0, 0, 0
42401, 5859, 0, 0, 0
42502, 6225, 0, 0, 0
42601, 6463, 0, 0, 0
42703, 6054, 0, 0, 0
42805, 6820, 0, 0, 0
42900, 5735, 0, 0, 0
43001, 6371, 0, 0, 0
43101, 6009, 0, 0, 0
43202, 5871, 0, 0, 0
43300, 5776, 0, 0, 0
43401, 6157, 0, 0, 0
43502, 6268, 0, 0, 0
43600, 6166, 0, 0, 0
43700, 6163, 0, 0, 0
43803, 6373, 0, 0, 0
43901, 6255, 0, 0, 0
44005, 6046, 0, 0, 0
44102, 6045, 0, 0, 0
44200, 6405, 0, 0, 0
44301, 6208, 0, 0, 0
44400, 6834, 0, 0, 0
44502, 6525, 0, 0, 0
44605, 7482, 0, 0, 0
44701, 6562, 0, 0, 0
44803, 6476, 0, 0, 0
44900, 6892, 0, 0, 0
45001, 6259, 0, 0, 0
45100, 6470, 0, 0, 0
45201, 5917, 0, 0, 0
45300, 6245, 0, 0, 0
45403, 6533, 0, 0, 0
45501, 6346, 0, 0, 0
45600, 6595, 0, 0, 0
45700, 6547, 0, 0, 0
45803, 6468, 0, 0, 0
45901, 6506, 0, 0, 0
46004, 6559, 0, 0, 0
46103, 6971, 0, 0, 0
46201, 6726, 0, 0, 0
46300, 6507, 0, 0, 0
46408, 6409, 0, 0, 0
46500, 7687, 0, 0, 0
46601, 6826, 0, 0, 0
46700, 6923, 0, 0, 0
46800, 6190, 0, 0, 0
46900, 6398, 0, 0, 0
47002, 6901, 0, 0, 0
47106, 6113, 0, 0, 0
47203, 6906, 0, 0, 0
47300, 6632, 0, 0, 0
47401, 6863, 0, 0, 0
47503, 6723, 0, 0, 0
47604, 6837, 0, 0, 0
47702, 6228, 0, 0, 0
47802, 6493, 0, 0, 0
47902, 6346, 0, 0, 0
48006, 6259, 0, 0, 0
48100, 6684, 0, 0, 0
48202, 6339, 0, 0, 0
48300, 6421, 0, 0, 0
48403, 6204, 0, 0, 0
48504, 6776, 0, 0, 0
48601, 7333, 0, 0, 0
48700, 7223, 0, 0, 0
48802, 6699, 0, 0, 0
48900, 6763, 0, 0, 0
49002, 6503, 0, 0, 0
49103, 7184, 0, 0, 0
49200, 6745, 0, 0, 0
49305, 6089, 0, 0, 0
49400, 6631, 0, 0, 0
49504, 7030, 0, 0, 0
49600, 6957, 0, 0, 0
49701, 6370, 0, 0, 0
49800, 6302, 0, 0, 0
49901, 6924, 0, 0, 0
50002, 5822, 0, 0, 0
50102, 7259, 0, 0, 0
50202, 6390, 0, 0, 0
50300, 6030, 0, 0, 0
50401, 6860, 0, 0, 0
50501, 6721, 0, 0, 0
50601, 6808, 0, 0, 0
50701, 6133, 0, 0, 0
50805, 6090, 0, 0, 0
50900, 6497, 0, 0, 0
51000, 6486, 0, 0, 0
51108, 6930, 0, 0, 0
51200, 6036, 0, 0, 0
51304, 6429, 0, 0, 0
51408, 6302, 0, 0, 0
51501, 6410, 0, 0, 0
51601, 5916, 0, 0, 0
51701, 6779, 0, 0, 0
51800, 7503, 0, 0, 0
51908, 6291, 0, 0, 0
52000, 6283, 0, 0, 0
52102, 6490, 0, 0, 0
52200, 5542, 0, 0, 0
52301, 5891, 0, 0, 0
52405, 6798, 0, 0, 0
52500, 6566, 0, 0, 0
52603, 6980, 0, 0, 0
52702, 6937, 0, 0, 0
52802, 6623, 0, 0, 0
52901, 6378, 0, 0, 0
53000, 7195, 0, 0, 0
53103, 6987, 0, 0, 0
53201, 7405, 0, 0, 0
53300, 6656, 0, 0, 0
53401, 6572, 0, 0, 0
53500, 6456, 0, 0, 0
53600, 6699, 0, 0, 0
53702, 6519, 0, 0, 0
53802, 6520, 0, 0, 0
53900, 6409, 0, 0, 0
54000, 6698, 0, 0, 0
54111, 6786, 0, 0, 0
54206, 6707, 0, 0, 0
54301, 6298, 0, 0, 0
54402, 6727, 0, 0, 0
54500, 7066, 0, 0, 0
54601, 6841, 0, 0, 0
54700, 7089, 0, 0, 0
54802, 6358, 0, 0, 0
54903, 6360, 0, 0, 0
55001, 6016, 0, 0, 0
55100, 6227, 0, 0, 0
55202, 5965, 0, 0, 0
55300, 6761, 0, 0, 0
55402, 6530, 0, 0, 0
55501, 7187, 0, 0, 0
55603, 6529, 0, 0, 0
55701, 7106, 0, 0, 0
55807, 6172, 0, 0, 0
55905, 7130, 0, 0, 0
56000, 7436, 0, 0, 0
56100, 6598, 0, 0, 0
56212, 6280, 0, 0, 0
56300, 6290, 0, 0, 0
56400, 6355, 0, 0, 0
56502, 6358, 0, 0, 0
56605, 6897, 0, 0, 0
56700, 7298, 0, 0, 0
56804, 7145, 0, 0, 0
56900, 6646, 0, 0, 0
57001, 6705, 0, 0, 0
57101, 7257, 0, 0, 0
57200, 6445, 0, 0, 0
57306, 6105, 0, 0, 0
57403, 6704, 0, 0, 0
57503, 6143, 0, 0, 0
57600, 6289, 0, 0, 0
57703, 6677, 0, 0, 0
57800, 6361, 0, 0, 0
57902, 6408, 0, 0, 0
58000, 6471, 0, 0, 0
58102, 6190, 0, 0, 0
58201, 6653, 0, 0, 0
58300, 6299, 0, 0, 0
58401, 6257, 0, 0, 0
58503, 5976, 0, 0, 0
58600, 6457, 0, 0, 0
58700, 6514, 0, 0, 0
58800, 6650, 0, 0, 0
58900, 6429, 0, 0, 0
59001, 6909, 0, 0, 0
59103, 7098, 0, 0, 0
59206, 6863, 0, 0, 0
59301, 6359, 0, 0, 0
59405, 6911, 0, 0, 0
59504, 6998, 0, 0, 0
59601, 6172, 0, 0, 0
59703, 6380, 0, 0, 0
59803, 6393, 0, 0, 0
59900, 5906, 0, 0, 0
60000, 6854, 0, 0, 0
60103, 6293, 0, 0, 0
60201, 6706, 0, 0, 0
60302, 6541, 0, 0, 0
60400, 6067, 0, 0, 0
60502, 5855, 0, 0, 0
60602, 6538, 0, 0, 0
60701, 6216, 0, 0, 0
60800, 6143, 0, 0, 0
60900, 6590, 0, 0, 0
61001, 6158, 0, 0, 0
61100, 6254, 0, 0, 0
61201, 6792, 0, 0, 0
61305, 6619, 0, 0, 0
61401, 6434, 0, 0, 0
61506, 5729, 0, 0, 0
61600, 6566, 0, 0, 0
61700, 6264, 0, 0, 0
61800, 6393, 0, 0, 0
61901, 6477, 0, 0, 0
62000, 6427, 0, 0, 0
62110, 6332, 0, 0, 0
62204, 6278, 0, 0, 0
62300, 6964, 0, 0, 0
62403, 7296, 0, 0, 0
62500, 6713, 0, 0, 0
62602, 7126, 0, 0, 0
62701, 6673, 0, 0, 0
62806, 6325, 0, 0, 0
62903, 6514, 0, 0, 0
63000, 6749, 0, 0, 0
63100, 6048, 0, 0, 0
63202, 6256, 0, 0, 0
63305, 5952, 0, 0, 0
63401, 6582, 0, 0, 0
63504, 6687, 0, 0, 0
63601, 6624, 0, 0, 0
63700, 6188, 0, 0, 0
63801, 6310, 0, 0, 0
63905, 6763, 0, 0, 0
64000, 7188, 0, 0, 0
64100, 6349, 0, 0, 0
64202, 6824, 0, 0, 0
64300, 7627, 0, 0, 0
64401, 6455, 0, 0, 0
64501, 6160, 0, 0, 0
64602, 7010, 0, 0, 0
64704, 6186, 0, 0, 0
64800, 6854, 0, 0, 0
64900, 6775, 0, 0, 0
65002, 6044, 0, 0, 0
65100, 6608, 0, 0, 0
65202, 5885, 0, 0, 0
65301, 6392, 0, 0, 0
65400, 7622, 0, 0, 0
65503, 6356, 0, 0, 0
65601, 6030, 0, 0, 0
65700, 6371, 0, 0, 0
65800, 5906, 0, 0, 0
65901, 5983, 0, 0, 0
66002, 6602, 0, 0, 0
66107, 6350, 0, 0, 0
66202, 6567, 0, 0, 0
66302, 6136, 0, 0, 0
66404, 6663, 0, 0, 0
66502, 6262, 0, 0, 0
66601, 6522, 0, 0, 0
66700, 6426, 0, 0, 0
66800, 6538, 0, 0, 0
66902, 6303, 0, 0, 0
67001, 6186, 0, 0, 0
67100, 6602, 0, 0, 0
67200, 6406, 0, 0, 0
67304, 6652, 0, 0, 0
67400, 6772, 0, 0, 0
67500, 6153, 0, 0, 0
67602, 6478, 0, 0, 0
67700, 6416, 0, 0, 0
67803, 6453, 0, 0, 0
67900, 6680, 0, 0, 0
68007, 6921, 0, 0, 0
68100, 6963, 0, 0, 0
68200, 6094, 0, 0, 0
68305, 7112, 0, 0, 0
68402, 6916, 0, 0, 0
68500, 7268, 0, 0, 0
68601, 6439, 0, 0, 0
68700, 6160, 0, 0, 0
68805, 6111, 0, 0, 0
68905, 6033, 0, 0, 0
69002, 6633, 0, 0, 0
69105, 6479, 0, 0, 0
69200, 6032, 0, 0, 0
69302, 6222, 0, 0, 0
69402, 6301, 0, 0, 0
69506, 6222, 0, 0, 0
69600, 6359, 0, 0, 0
69701, 6654, 0, 0, 0
69803, 6901, 0, 0, 0
69900, 6691, 0, 0, 0
70001, 6375, 0, 0, 0
70102, 6855, 0, 0, 0
70202, 7120, 0, 0, 0
70306, 5661, 0, 0, 0
70400, 6774, 0, 0, 0
70500, 6825, 0, 0, 0
70600, 6295, 0, 0, 0
70700, 6499, 0, 0, 0
70800, 6197, 0, 0, 0
70903, 6228, 0, 0, 0
71003, 6520, 0, 0, 0
71100, 6170, 0, 0, 0
71205, 6142, 0, 0, 0
71303, 6486, 0, 0, 0
71402, 6286, 0, 0, 0
71503, 6365, 0, 0, 0
71600, 7355, 0, 0, 0
71702, 6385, 0, 0, 0
71800, 6119, 0, 0, 0
71903, 6297, 0, 0, 0
72003, 6092, 0, 0, 0
72102, 6356, 0, 0, 0
72202, 6470, 0, 0, 0
72303, 5968, 0, 0, 0
72402, 6347, 0, 0, 0
72503, 6641, 0, 0, 0
72603, 6654, 0, 0, 0
72700, 6316, 0, 0, 0
72803, 5984, 0, 0, 0
72904, 6922, 0, 0, 0
73000, 6623, 0, 0, 0
73101, 5870, 0, 0, 0
73200, 6059, 0, 0, 0
73306, 6144, 0, 0, 0
73400, 6523, 0, 0, 0
73502, 6320, 0, 0, 0
73602, 6591, 0, 0, 0
73700, 6822, 0, 0, 0
73800, 5944, 0, 0, 0
73901, 6351, 0, 0, 0
74000, 7199, 0, 0, 0
74101, 6629, 0, 0, 0
74202, 6239, 0, 0, 0
74302, 6169, 0, 0, 0
74400, 6404, 0, 0, 0
74500, 6279, 0, 0, 0
74601, 6325, 0, 0, 0
74703, 6407, 0, 0, 0
74803, 6509, 0, 0, 0
74901, 5932, 0, 0, 0
75000, 6358, 0, 0, 0
75102, 6022, 0, 0, 0
75201, 6471, 0, 0, 0
75300, 6478, 0, 0, 0
75409, 6075, 0, 0, 0
75501, 6584, 0, 0, 0
75602, 6449, 0, 0, 0
75700, 6737, 0, 0, 0
75800, 6252, 0, 0, 0
75901, 6791, 0, 0, 0
76000, 6219, 0, 0, 0
76101, 7085, 0, 0, 0
76203, 7049, 0, 0, 0
76300, 6649, 0, 0, 0
76400, 6571, 0, 0, 0
76500, 7469, 0, 0, 0
76601, 6485, 0, 0, 0
76700, 6330, 0, 0, 0
76800, 6330, 0, 0, 0
76900, 6502, 0, 0, 0
77000, 6355, 0, 0, 0
77101, 6387, 0, 0, 0
77206, 6166, 0, 0, 0
77300, 6267, 0, 0, 0
77405, 6697, 0, 0, 0
77504, 6326, 0, 0, 0
77603, 6066, 0, 0, 0
77700, 6321, 0, 0, 0
77801, 6284, 0, 0, 0
77903, 6567, 0, 0, 0
78001, 6575, 0, 0, 0
78100, 6570, 0, 0, 0
78200, 6767, 0, 0, 0
78300, 6308, 0, 0, 0
78401, 6573, 0, 0, 0
78500, 5827, 0, 0, 0
78601, 6690, 0, 0, 0
78708, 6089, 0, 0, 0
78805, 6304, 0, 0, 0
78902, 6866, 0, 0, 0
79001, 6477, 0, 0, 0
79102, 6429, 0, 0, 0
79200, 6181, 0, 0, 0
79302, 6683, 0, 0, 0
79400, 7403, 0, 0, 0
79501, 6943, 0, 0, 0
79600, 7061, 0, 0, 0
79700, 7051, 0, 0, 0
79800, 7031, 0, 0, 0
79901, 6473, 0, 0, 0
80000, 6940, 0, 0, 0
80101, 6330, 0, 0, 0
80202, 6263, 0, 0, 0
80300, 6737, 0, 0, 0
80408, 6332, 0, 0, 0
80500, 7053, 0, 0, 0
80600, 6207, 0, 0, 0
80701, 5954, 0, 0, 0
80804, 6570, 0, 0, 0
80903, 6619, 0, 0, 0
81006, 6694, 0, 0, 0
81104, 6739, 0, 0, 0
81201, 6660, 0, 0, 0
81300, 5983, 0, 0, 0
81401, 6238, 0, 0, 0
81500, 6741, 0, 0, 0
81603, 6895, 0, 0, 0
81710, 6486, 0, 0, 0
81800, 6106, 0, 0, 0
81900, 6394, 0, 0, 0
82000, 6184, 0, 0, 0
82100, 5883, 0, 0, 0
82202, 5952, 0, 0, 0
82301, 6338, 0, 0, 0
82401, 5980, 0, 0, 0
82506, 6430, 0, 0, 0
82601, 6605, 0, 0, 0
82701, 5900, 0, 0, 0
82800, 6495, 0, 0, 0
82901, 6411, 0, 0, 0
83003, 6729, 0, 0, 0
83103, 7011, 0, 0, 0
83201, 6717, 0, 0, 0
83302, 6201, 0, 0, 0
83401, 6481, 0, 0, 0
83500, 6471, 0, 0, 0
83600, 6554, 0, 0, 0
83703, 7504, 0, 0, 0
83804, 7357, 0, 0, 0
83900, 6090, 0, 0, 0
84000, 6838, 0, 0, 0
84100, 6836, 0, 0, 0
84201, 7330, 0, 0, 0
84300, 6549, 0, 0, 0
84400, 6831, 0, 0, 0
84501, 7140, 0, 0, 0
84600, 6459, 0, 0, 0
84700, 7029, 0, 0, 0
84800, 7064, 0, 0, 0
84900, 6206, 0, 0, 0
85000, 6175, 0, 0, 0
85101, 5934, 0, 0, 0
85200, 6147, 0, 0, 0
85302, 6600, 0, 0, 0
85400, 6647, 0, 0, 0
85501, 6807, 0, 0, 0
85602, 7326, 0, 0, 0
85701, 7231, 0, 0, 0
85800, 6258, 0, 0, 0
85902, 6409, 0, 0, 0
86000, 7174, 0, 0, 0
86101, 6345, 0, 0, 0
86200, 6756, 0, 0, 0
86300, 7121, 0, 0, 0
86402, 6865, 0, 0, 0
86500, 6421, 0, 0, 0
86603, 6368, 0, 0, 0
86700, 6626, 0, 0, 0
86803, 7213, 0, 0, 0
86903, 6274, 0, 0, 0
87002, 5988, 0, 0, 0
87101, 6601, 0, 0, 0
87200, 6602, 0, 0, 0
87302, 6053, 0, 0, 0
87402, 6294, 0, 0, 0
87500, 6412, 0, 0, 0
87601, 6301, 0, 0, 0
87700, 6577, 0, 0, 0
87802, 6325, 0, 0, 0
87904, 7320, 0, 0, 0
88000, 6641, 0, 0, 0
88102, 6386, 0, 0, 0
88200, 7013, 0, 0, 0
88303, 6245, 0, 0, 0
88401, 6512, 0, 0, 0
88501, 7270, 0, 0, 0
88601, 6731, 0, 0, 0
88700, 7124, 0, 0, 0
88801, 7332, 0, 0, 0
88900, 7118, 0, 0, 0
89001, 6995, 0, 0, 0
89101, 6466, 0, 0, 0
89204, 6374, 0, 0, 0
89304, 6901, 0, 0, 0
89404, 6939, 0, 0, 0
89500, 6908, 0, 0, 0
89603, 7014, 0, 0, 0
89703, 6632, 0, 0, 0
89804, 7139, 0, 0, 0
89901, 6911, 0, 0, 0
90005, 6842, 0, 0, 0
90100, 6176, 0, 0, 0
90200, 6271, 0, 0, 0
90300, 6672, 0, 0, 0
90401, 7749, 0, 0, 0
90501, 7166, 0, 0, 0
90605, 6526, 0, 0, 0
90702, 6238, 0, 0, 0
90802, 6430, 0, 0, 0
90900, 6320, 0, 0, 0
91003, 6071, 0, 0, 0
91105, 6545, 0, 0, 0
91204, 6337, 0, 0, 0
91301, 6844, 0, 0, 0
91401, 6394, 0, 0, 0
91500, 6527, 0, 0, 0
91609, 5948, 0, 0, 0
91700, 6478, 0, 0, 0
91801, 6228, 0, 0, 0
91900, 6415, 0, 0, 0
92000, 6027, 0, 0, 0
92107, 6375, 0, 0, 0
92202, 6758, 0, 0, 0
92300, 6344, 0, 0, 0
92402, 6467, 0, 0, 0
92508, 6450, 0, 0, 0
92600, 7379, 0, 0, 0
92707, 7325, 0, 0, 0
92801, 7217, 0, 0, 0
92901, 6959, 0, 0, 0
93002, 6921, 0, 0, 0
93100, 7276, 0, 0, 0
93204, 7081, 0, 0, 0
93301, 6805, 0, 0, 0
93401, 6336, 0, 0, 0
93504, 6212, 0, 0, 0
93601, 6719, 0, 0, 0
93701, 6974, 0, 0, 0
93802, 7029, 0, 0, 0
93902, 6715, 0, 0, 0
94000, 6757, 0, 0, 0
94100, 6332, 0, 0, 0
94201, 7287, 0, 0, 0
94302, 6927, 0, 0, 0
94401, 6829, 0, 0, 0
94500, 7063, 0, 0, 0
94602, 6809, 0, 0, 0
94702, 6543, 0, 0, 0
94800, 6813, 0, 0, 0
94900, 6535, 0, 0, 0
95002, 6577, 0, 0, 0
95100, 6120, 0, 0, 0
95201, 6007, 0, 0, 0
95302, 6282, 0, 0, 0
95419, 6646, 0, 0, 0
95502, 7002, 0, 0, 0
95604, 7468, 0, 0, 0
95700, 6826, 0, 0, 0
95800, 6385, 0, 0, 0
95900, 6323, 0, 0, 0
96001, 5968, 0, 0, 0
96101, 6116, 0, 0, 0
96200, 6704, 0, 0, 0
96302, 6607, 0, 0, 0
96402, 6700, 0, 0, 0
96503, 6206, 0, 0, 0
96605, 6536, 0, 0, 0
96700, 6105, 0, 0, 0
96802, 6187, 0, 0, 0
96900, 6396, 0, 0, 0
97008, 6346, 0, 0, 0
97100, 6553, 0, 0, 0
97200, 6416, 0, 0, 0
97300, 6257, 0, 0, 0
97404, 5918, 0, 0, 0
97502, 6050, 0, 0, 0
97601, 6357, 0, 0, 0
97701, 6225, 0, 0, 0
97803, 5981, 0, 0, 0
97900, 6372, 0, 0, 0
98000, 6638, 0, 0, 0
98111, 6609, 0, 0, 0
98200, 5973, 0, 0, 0
98304, 6594, 0, 0, 0
98403, 6095, 0, 0, 0
98500, 6004, 0, 0, 0
98615, 6480, 0, 0, 0
98701, 5789, 0, 0, 0
98802, 7130, 0, 0, 0
98900, 7461, 0, 0, 0
99001, 6378, 0, 0, 0
99104, 6478, 0, 0, 0
99200, 6666, 0, 0, 0
99303, 6917, 0, 0, 0
99400, 7098, 0, 0, 0
99505, 7090, 0, 0, 0
99602, 6426, 0, 0, 0
99700, 6444, 0, 0, 0
99803, 7042, 0, 0, 0
99900, 7146, 0, 0, 0
100000, 6576, 0, 0, 0
100101, 7014, 0, 0, 0
100204, 6449, 0, 0, 0
100300, 6658, 0, 0, 0
100400, 6191, 0, 0, 0
100500, 7281, 0, 0, 0
100600, 6535, 0, 0, 0
100700, 6952, 0, 0, 0
100801, 6071, 0, 0, 0
100901, 6127, 0, 0, 0
101002, 6316, 0, 0, 0
101100, 6312, 0, 0, 0
101202, 5934, 0, 0, 0
101302, 6307, 0, 0, 0
101401, 5944, 0, 0, 0
101500, 6193, 0, 0, 0
101600, 5801, 0, 0, 0
101700, 6269, 0, 0, 0
101800, 6304, 0, 0, 0
101903, 5719, 0, 0, 0
102000, 6561, 0, 0, 0
102100, 6034, 0, 0, 0
102203, 6300, 0, 0, 0
102305, 7115, 0, 0, 0
102400, 5782, 0, 0, 0
102500, 7022, 0, 0, 0
102602, 5995, 0, 0, 0
102703, 6886, 0, 0, 0
102800, 7061, 0, 0, 0
102901, 6415, 0, 0, 0
103001, 6344, 0, 0, 0
103104, 6605, 0, 0, 0
103202, 6955, 0, 0, 0
103300, 6078, 0, 0, 0
103400, 6971, 0, 0, 0
103502, 6635, 0, 0, 0
103600, 7097, 0, 0, 0
103701, 6018, 0, 0, 0
103802, 6054, 0, 0, 0
103901, 5973, 0, 0, 0
104001, 6242, 0, 0, 0
104100, 6794, 0, 0, 0
104200, 7008, 0, 0, 0
104302, 6026, 0, 0, 0
104400, 7081, 0, 0, 0
104501, 6483, 0, 0, 0
104600, 5897, 0, 0, 0
104701, 6080, 0, 0, 0
104801, 6251, 0, 0, 0
104900, 6588, 0, 0, 0
105003, 6553, 0, 0, 0
105102, 6322, 0, 0, 0
105202, 6157, 0, 0, 0
105302, 6533, 0, 0, 0
105400, 6534, 0, 0, 0
105501, 6803, 0, 0, 0
105602, 6852, 0, 0, 0
105702, 7137, 0, 0, 0
105800, 6866, 0, 0, 0
105900, 6562, 0, 0, 0
106001, 6268, 0, 0, 0
106102, 6732, 0, 0, 0
106200, 6600, 0, 0, 0
106300, 6260, 0, 0, 0
106400, 6666, 0, 0, 0
106501, 7246, 0, 0, 0
106601, 7302, 0, 0, 0
106701, 6521, 0, 0, 0
106800, 6535, 0, 0, 0
106900, 6939, 0, 0, 0
107001, 6116, 0, 0, 0
107103, 6634, 0, 0, 0
107207, 6611, 0, 0, 0
107302, 6409, 0, 0, 0
107401, 6787, 0, 0, 0
107500, 6889, 0, 0, 0
107600, 6750, 0, 0, 0
107700, 5693, 0, 0, 0
107806, 6178, 0, 0, 0
107901, 6580, 0, 0, 0
108002, 6577, 0, 0, 0
108101, 6511, 0, 0, 0
108200, 6884, 0, 0, 0
108307, 7209, 0, 0, 0
108405, 6606, 0, 0, 0
108500, 6678, 0, 0, 0
108602, 6270, 0, 0, 0
108705, 6762, 0, 0, 0
108801, 5846, 0, 0, 0
108900, 6336, 0, 0, 0
109003, 5995, 0, 0, 0
109102, 6356, 0, 0, 0
109203, 6303, 0, 0, 0
109302, 6587, 0, 0, 0
109400, 6127, 0, 0, 0
109500, 6343, 0, 0, 0
109606, 6039, 0, 0, 0
109700, 6106, 0, 0, 0
109800, 6088, 0, 0, 0
109900, 6983, 0, 0, 0
110000, 6523, 0, 0, 0
110101, 6461, 0, 0, 0
110203, 6666, 0, 0, 0
110307, 6599, 0, 0, 0
110402, 6206, 0, 0, 0
110501, 6330, 0, 0, 0
110604, 6415, 0, 0, 0
110702, 6289, 0, 0, 0
110800, 6763, 0, 0, 0
110900, 6570, 0, 0, 0
111003, 6288, 0, 0, 0
111101, 6035, 0, 0, 0
111201, 6876, 0, 0, 0
111300, 6669, 0, 0, 0
111400, 6721, 0, 0, 0
111504, 6901, 0, 0, 0
111601, 6501, 0, 0, 0
111700, 7193, 0, 0, 0
111802, 6295, 0, 0, 0
111900, 6536, 0, 0, 0
112002, 6223, 0, 0, 0
112100, 6569, 0, 0, 0
112200, 6326, 0, 0, 0
112302, 6896, 0, 0, 0
112403, 6097, 0, 0, 0
112501, 6778, 0, 0, 0
112603, 6430, 0, 0, 0
112700, 6775, 0, 0, 0
112801, 6519, 0, 0, 0
112901, 6732, 0, 0, 0
113002, 6759, 0, 0, 0
113101, 7011, 0, 0, 0
113203, 7237, 0, 0, 0
113301, 6022, 0, 0, 0
113401, 6936, 0, 0, 0
113500, 6749, 0, 0, 0
113601, 7115, 0, 0, 0
113700, 6492, 0, 0, 0
113800, 6843, 0, 0, 0
113901, 6189, 0, 0, 0
114002, 6554, 0, 0, 0
114103, 6734, 0, 0, 0
114201, 7125, 0, 0, 0
114300, 6064, 0, 0, 0
114402, 6459, 0, 0, 0
114501, 6627, 0, 0, 0
114601, 5873, 0, 0, 0
114700, 6753, 0, 0, 0
114800, 5980, 0, 0, 0
114901, 6586, 0, 0, 0
115001, 6131, 0, 0, 0
115105, 7005, 0, 0, 0
115203, 6548, 0, 0, 0
115301, 6291, 0, 0, 0
115400, 6229, 0, 0, 0
115503, 6161, 0, 0, 0
115602, 6300, 0, 0, 0
115704, 6210, 0, 0, 0
115800, 6444, 0, 0, 0
115900, 6698, 0, 0, 0
116001, 6118, 0, 0, 0
116101, 6754, 0, 0, 0
116201, 6857, 0, 0, 0
116302, 6514, 0, 0, 0
116400, 6839, 0, 0, 0
116501, 7079, 0, 0, 0
116605, 6255, 0, 0, 0
116702, 6033, 0, 0, 0
116804, 6401, 0, 0, 0
116900, 6787, 0, 0, 0
117000, 6068, 0, 0, 0
117102, 6751, 0, 0, 0
117200, 7098, 0, 0, 0
117302, 6267, 0, 0, 0
117404, 6637, 0, 0, 0
117503, 6029, 0, 0, 0
117602, 6437, 0, 0, 0
117703, 6236, 0, 0, 0
117802, 6966, 0, 0, 0
117901, 6661, 0, 0, 0
118002, 6886, 0, 0, 0
118100, 7205, 0, 0, 0
118201, 6472, 0, 0, 0
118301, 6313, 0, 0, 0
118400, 5998, 0, 0, 0
118500, 6414, 0, 0, 0
118600, 5842, 0, 0, 0
118702, 6352, 0, 0, 0
118800, 6124, 0, 0, 0
118900, 6449, 0, 0, 0
119001, 6587, 0, 0, 0
119104, 6209, 0, 0, 0
119206, 6874, 0, 0, 0
119300, 6031, 0, 0, 0
119400, 6138, 0, 0, 0
119501, 6371, 0, 0, 0
119601, 5975, 0, 0, 0
119700, 6464, 0, 0, 0
119803, 6990, 0, 0, 0
119900, 7086, 0, 0, 0
120000, 6948, 0, 0, 0
120108, 6186, 0, 0, 0
120200, 6978, 0, 0, 0
120303, 6103, 0, 0, 0
120400, 6582, 0, 0, 0
120500, 6346, 0, 0, 0
120600, 6283, 0, 0, 0
120700, 6556, 0, 0, 0
120801, 6368, 0, 0, 0
120902, 6465, 0, 0, 0
121005, 6068, 0, 0, 0
121101, 6165, 0, 0, 0
121200, 7046, 0, 0, 0
121300, 6566, 0, 0, 0
121400, 6420, 0, 0, 0
121500, 6180, 0, 0, 0
121601, 5687, 0, 0, 0
121700, 5935, 0, 0, 0
121800, 5535, 0, 0, 0
121901, 5947, 0, 0, 0
122001, 6732, 0, 0, 0
122100, 6212, 0, 0, 0
122201, 6150, 0, 0, 0
122301, 6069, 0, 0, 0
122401, 6576, 0, 0, 0
122502, 6509, 0, 0, 0
122605, 6639, 0, 0, 0
122701, 8507, 0, 0, 0
122800, 6277, 0, 0, 0
122900, 6319, 0, 0, 0
123010, 6047, 0, 0, 0
123108, 7244, 0, 0, 0
123200, 6220, 0, 0, 0
123301, 6146, 0, 0, 0
123400, 6228, 0, 0, 0
123501, 6151, 0, 0, 0
123600, 5859, 0, 0, 0
123700, 5997, 0, 0, 0
123801, 6184, 0, 0, 0
123901, 6155, 0, 0, 0
124001, 6064, 0, 0, 0
124106, 6469, 0, 0, 0
124201, 6450, 0, 0, 0
124300, 5759, 0, 0, 0
124404, 6468, 0, 0, 0
124500, 6387, 0, 0, 0
124600, 6485, 0, 0, 0
124703, 6821, 0, 0, 0
124802, 5922, 0, 0, 0
124901, 6171, 0, 0, 0
125002, 5858, 0, 0, 0
125106, 6603, 0, 0, 0
125202, 6420, 0, 0, 0
125300, 6279, 0, 0, 0
125407, 6328, 0, 0, 0
125505, 6423, 0, 0, 0
125603, 6458, 0, 0, 0
125706, 5869, 0, 0, 0
125802, 6599, 0, 0, 0
125901, 6298, 0, 0, 0
126000, 6654, 0, 0, 0
126102, 6609, 0, 0, 0
126200, 6104, 0, 0, 0
126303, 6007, 0, 0, 0
126400, 6881, 0, 0, 0
126502, 6532, 0, 0, 0
126600, 6681, 0, 0, 0
126701, 6097, 0, 0, 0
126802, 6009, 0, 0, 0
126901, 6319, 0, 0, 0
127000, 6906, 0, 0, 0
127103, 6892, 0, 0, 0
127201, 6752, 0, 0, 0
127300, 6473, 0, 0, 0
127401, 6619, 0, 0, 0
127502, 6336, 0, 0, 0
127600, 6092, 0, 0, 0
127701, 6837, 0, 0, 0
127800, 6798, 0, 0, 0
127902, 6719, 0, 0, 0
128000, 6119, 0, 0, 0
128106, 6148, 0, 0, 0
128200, 6684, 0, 0, 0
128302, 5483, 0, 0, 0
128402, 6537, 0, 0, 0
128501, 6379, 0, 0, 0
128600, 7235, 0, 0, 0
128702, 7080, 0, 0, 0
128801, 8683, 0, 0, 0
128901, 6185, 0, 0, 0
129001, 6113, 0, 0, 0
129102, 6382, 0, 0, 0
129202, 6418, 0, 0, 0
129300, 6341, 0, 0, 0
129402, 6039, 0, 0, 0
129501, 6102, 0, 0, 0
129601, 6646, 0, 0, 0
129702, 6707, 0, 0, 0
129801, 6195, 0, 0, 0
129901, 6439, 0, 0, 0
130004, 6568, 0, 0, 0
130103, 6535, 0, 0, 0
130200, 6210, 0, 0, 0
130300, 7051, 0, 0, 0
130400, 6337, 0, 0, 0
130500, 6116, 0, 0, 0
130602, 5688, 0, 0, 0
130700, 6140, 0, 0, 0
130801, 6336, 0, 0, 0
130900, 6262, 0, 0, 0
131002, 6075, 0, 0, 0
131108, 6724, 0, 0, 0
131201, 6469, 0, 0, 0
131301, 6525, 0, 0, 0
131401, 6577, 0, 0, 0
131502, 7075, 0, 0, 0
131601, 7095, 0, 0, 0
131702, 6391, 0, 0, 0
131800, 6324, 0, 0, 0
131900, 7234, 0, 0, 0
132004, 6526, 0, 0, 0
132103, 6825, 0, 0, 0
132200, 6393, 0, 0, 0
132301, 6434, 0, 0, 0
132402, 6072, 0, 0, 0
132502, 6590, 0, 0, 0
132601, 6547, 0, 0, 0
132702, 6629, 0, 0, 0
132800, 6959, 0, 0, 0
132904, 6682, 0, 0, 0
133000, 6302, 0, 0, 0
133101, 6360, 0, 0, 0
133204, 6789, 0, 0, 0
133300, 6326, 0, 0, 0
133400, 6397, 0, 0, 0
133503, 6612, 0, 0, 0
133602, 6407, 0, 0, 0
133702, 6492, 0, 0, 0
133800, 5809, 0, 0, 0
133903, 6587, 0, 0, 0
134000, 5962, 0, 0, 0
134102, 6029, 0, 0, 0
134203, 6214, 0, 0, 0
134301, 6462, 0, 0, 0
134400, 6527, 0, 0, 0
134500, 6729, 0, 0, 0
134600, 6556, 0, 0, 0
134702, 6423, 0, 0, 0
134804, 6374, 0, 0, 0
134906, 6385, 0, 0, 0
135002, 6741, 0, 0, 0
135105, 6186, 0, 0, 0
135201, 6630, 0, 0, 0
135300, 6817, 0, 0, 0
135400, 7371, 0, 0, 0
135502, 6446, 0, 0, 0
135601, 6352, 0, 0, 0
135700, 6075, 0, 0, 0
135801, 5977, 0, 0, 0
135902, 6119, 0, 0, 0
136000, 6751, 0, 0, 0
136105, 6724, 0, 0, 0
136200, 6955, 0, 0, 0
136300, 7368, 0, 0, 0
136400, 6884, 0, 0, 0
136501, 6831, 0, 0, 0
136606, 6169, 0, 0, 0
136700, 6555, 0, 0, 0
136800, 6833, 0, 0, 0
136900, 6844, 0, 0, 0
137003, 6558, 0, 0, 0
137102, 6307, 0, 0, 0
137205, 6940, 0, 0, 0
137303, 6438, 0, 0, 0
137401, 6726, 0, 0, 0
137505, 6419, 0, 0, 0
137602, 6897, 0, 0, 0
137701, 6920, 0, 0, 0
137800, 6343, 0, 0, 0
137902, 6572, 0, 0, 0
138000, 6714, 0, 0, 0
138101, 6747, 0, 0, 0
138202, 7573, 0, 0, 0
138302, 6172, 0, 0, 0
138401, 7414, 0, 0, 0
138504, 6626, 0, 0, 0
138611, 6343, 0, 0, 0
138702, 6408, 0, 0, 0
138801, 6025, 0, 0, 0
138903, 6767, 0, 0, 0
139002, 6564, 0, 0, 0
139108, 6826, 0, 0, 0
139200, 6342, 0, 0, 0
139302, 6049, 0, 0, 0
139401, 6293, 0, 0, 0
139501, 6663, 0, 0, 0
139601, 6222, 0, 0, 0
139704, 6279, 0, 0, 0
139800, 6266, 0, 0, 0
139901, 5909, 0, 0, 0
140003, 6467, 0, 0, 0
140101, 6341, 0, 0, 0
140204, 6498, 0, 0, 0
140301, 6745, 0, 0, 0
140400, 7344, 0, 0, 0
140500, 6303, 0, 0, 0
140601, 7249, 0, 0, 0
140702, 6621, 0, 0, 0
140801, 6137, 0, 0, 0
140901, 6399, 0, 0, 0
141000, 6301, 0, 0, 0
141100, 6626, 0, 0, 0
141202, 6530, 0, 0, 0
141303, 6495, 0, 0, 0
141403, 5949, 0, 0, 0
141501, 6551, 0, 0, 0
141600, 6535, 0, 0, 0
141706, 5876, 0, 0, 0
141805, 7033, 0, 0, 0
141902, 6428, 0, 0, 0
142001, 6128, 0, 0, 0
142100, 5993, 0, 0, 0
142200, 6180, 0, 0, 0
142302, 6298, 0, 0, 0
142407, 6510, 0, 0, 0
142511, 6668, 0, 0, 0
142600, 6766, 0, 0, 0
142702, 5990, 0, 0, 0
142800, 5692, 0, 0, 0
142900, 6198, 0, 0, 0
143000, 5646, 0, 0, 0
143100, 6730, 0, 0, 0
143201, 6339, 0, 0, 0
143300, 5984, 0, 0, 0
143402, 6843, 0, 0, 0
143501, 6708, 0, 0, 0
143600, 6148, 0, 0, 0
143700, 6525, 0, 0, 0
143800, 5531, 0, 0, 0
143900, 6291, 0, 0, 0
144000, 6102, 0, 0, 0
144101, 5830, 0, 0, 0
144201, 6231, 0, 0, 0
144301, 6189, 0, 0, 0
144405, 5880, 0, 0, 0
144501, 6004, 0, 0, 0
144601, 6454, 0, 0, 0
144701, 5959, 0, 0, 0
144802, 6049, 0, 0, 0
144903, 6014, 0, 0, 0
145002, 6209, 0, 0, 0
145103, 6086, 0, 0, 0
145200, 6476, 0, 0, 0
145305, 6389, 0, 0, 0
145400, 5971, 0, 0, 0
145500, 6692, 0, 0, 0
145600, 6607, 0, 0, 0
145701, 5882, 0, 0, 0
145801, 5827, 0, 0, 0
145903, 6267, 0, 0, 0
146000, 5947, 0, 0, 0
146100, 6422, 0, 0, 0
146200, 6403, 0, 0, 0
146301, 6307, 0, 0, 0
146401, 6349, 0, 0, 0
146500, 6051, 0, 0, 0
146602, 6263, 0, 0, 0
146702, 6775, 0, 0, 0
146800, 5965, 0, 0, 0
146901, 6080, 0, 0, 0
147001, 6349, 0, 0, 0
147102, 7162, 0, 0, 0
147200, 6763, 0, 0, 0
147303, 7267, 0, 0, 0
147404, 6381, 0, 0, 0
147506, 6852, 0, 0, 0
147604, 7142, 0, 0, 0
147704, 6320, 0, 0, 0
147800, 6445, 0, 0, 0
147906, 7081, 0, 0, 0
148000, 6476, 0, 0, 0
148102, 6105, 0, 0, 0
148201, 6273, 0, 0, 0
148303, 7279, 0, 0, 0
148400, 6733, 0, 0, 0
148502, 6704, 0, 0, 0
148601, 7129, 0, 0, 0
148703, 6462, 0, 0, 0
148800, 6814, 0, 0, 0
148900, 6952, 0, 0, 0
149004, 6594, 0, 0, 0
149103, 6497, 0, 0, 0
149200, 5911, 0, 0, 0
149302, 6511, 0, 0, 0
149406, 6492, 0, 0, 0
149503, 6161, 0, 0, 0
149600, 6467, 0, 0, 0
149700, 6471, 0, 0, 0
149802, 6405, 0, 0, 0
149901, 6251, 0, 0, 0
150000, 6451, 0, 0, 0
150101, 6392, 0, 0, 0
150202, 6863, 0, 0, 0
150301, 7336, 0, 0, 0
150402, 6787, 0, 0, 0
150501, 6016, 0, 0, 0
150603, 6511, 0, 0, 0
150701, 6332, 0, 0, 0
150801, 6177, 0, 0, 0
150902, 6147, 0, 0, 0
151001, 5955, 0, 0, 0
151101, 6741, 0, 0, 0
151201, 6691, 0, 0, 0
151300, 6610, 0, 0, 0
151401, 6921, 0, 0, 0
151502, 6461, 0, 0, 0
151600, 6104, 0, 0, 0
151700, 6525, 0, 0, 0
151800, 6462, 0, 0, 0
151907, 6347, 0, 0, 0
152001, 6351, 0, 0, 0
152100, 6229, 0, 0, 0
152204, 6209, 0, 0, 0
152301, 6596, 0, 0, 0
152400, 6095, 0, 0, 0
152500, 6293, 0, 0, 0
152600, 6882, 0, 0, 0
152707, 6262, 0, 0, 0
152801, 6289, 0, 0, 0
152900, 6276, 0, 0, 0
153000, 6278, 0, 0, 0
153100, 6603, 0, 0, 0
153201, 6768, 0, 0, 0
153308, 6370, 0, 0, 0
153402, 6155, 0, 0, 0
153502, 6571, 0, 0, 0
153604, 6777, 0, 0, 0
153703, 6835, 0, 0, 0
153801, 6969, 0, 0, 0
153900, 6688, 0, 0, 0
154001, 6521, 0, 0, 0
154100, 5982, 0, 0, 0
154202, 6272, 0, 0, 0
154302, 6114, 0, 0, 0
154400, 8140, 0, 0, 0
154503, 6723, 0, 0, 0
154605, 7328, 0, 0, 0
154700, 6549, 0, 0, 0
154800, 6188, 0, 0, 0
154901, 6336, 0, 0, 0
155001, 6687, 0, 0, 0
155102, 6482, 0, 0, 0
155200, 6668, 0, 0, 0
155304, 6376, 0, 0, 0
155401, 6587, 0, 0, 0
155500, 6326, 0, 0, 0
155600, 6386, 0, 0, 0
155702, 6314, 0, 0, 0
155805, 6306, 0, 0, 0
155902, 6792, 0, 0, 0
156003, 6138, 0, 0, 0
156100, 6277, 0, 0, 0
156200, 6190, 0, 0, 0
156302, 6237, 0, 0, 0
156402, 6591, 0, 0, 0
156501, 6589, 0, 0, 0
156602, 6740, 0, 0, 0
156703, 6367, 0, 0, 0
156802, 6020, 0, 0, 0
156900, 4011, 0, 0, 0
157001, 3873, 0, 0, 0
157102, 4041, 0, 0, 0
157201, 3591, 0, 0, 0
157301, 3614, 0, 0, 0
157401, 3920, 0, 0, 0
157500, 3624, 0, 0, 0
157602, 4025, 0, 0, 0
157700, 3884, 0, 0, 0
157802, 3793, 0, 0, 0
157901, 3940, 0, 0, 0
158003, 4038, 0, 0, 0
158102, 4111, 0, 0, 0
158203, 5916, 0, 0, 0
158300, 5647, 0, 0, 0
158401, 5404, 0, 0, 0
158502, 5670, 0, 0, 0
158606, 6558, 0, 0, 0
158700, 5229, 0, 0, 0
158802, 6131, 0, 0, 0
158905, 5481, 0, 0, 0
159001, 5474, 0, 0, 0
159101, 4872, 0, 0, 0
159200, 5314, 0, 0, 0
159303, 6406, 0, 0, 0
159401, 5844, 0, 0, 0
159503, 6159, 0, 0, 0
159602, 7681, 0, 0, 0
159701, 6106, 0, 0, 0
159800, 6291, 0, 0, 0
159903, 6653, 0, 0, 0
160001, 5858, 0, 0, 0
160101, 5782, 0, 0, 0
160200, 6292, 0, 0, 0
160302, 7123, 0, 0, 0
160401, 7025, 0, 0, 0
160501, 6778, 0, 0, 0
160602, 6297, 0, 0, 0
160700, 6487, 0, 0, 0
160800, 6622, 0, 0, 0
160901, 7605, 0, 0, 0
161001, 7550, 0, 0, 0
161101, 7032, 0, 0, 0
161200, 6435, 0, 0, 0
161303, 7237, 0, 0, 0
161400, 7327, 0, 0, 0
161500, 6654, 0, 0, 0
161600, 7774, 0, 0, 0
161701, 7417, 0, 0, 0
161801, 7290, 0, 0, 0
161901, 7036, 0, 0, 0
162000, 6423, 0, 0, 0
162102, 6975, 0, 0, 0
162203, 6763, 0, 0, 0
162300, 7235, 0, 0, 0
162402, 7522, 0, 0, 0
162501, 7802, 0, 0, 0
162600, 7914, 0, 0, 0
162700, 7693, 0, 0, 0
162801, 6999, 0, 0, 0
162902, 6835, 0, 0, 0
163000, 7179, 0, 0, 0
163101, 6510, 0, 0, 0
163201, 6651, 0, 0, 0
163300, 6278, 0, 0, 0
163405, 7028, 0, 0, 0
163500, 7204, 0, 0, 0
163602, 6668, 0, 0, 0
163702, 7181, 0, 0, 0
163801, 6972, 0, 0, 0
163903, 7839, 0, 0, 0
164000, 6740, 0, 0, 0
164101, 6656, 0, 0, 0
164200, 6710, 0, 0, 0
164302, 6748, 0, 0, 0
164403, 7302, 0, 0, 0
164501, 6683, 0, 0, 0
164602, 6324, 0, 0, 0
164700, 6073, 0, 0, 0
164800, 6977, 0, 0, 0
164900, 6851, 0, 0, 0
165003, 6050, 0, 0, 0
165100, 6185, 0, 0, 0
165201, 5979, 0, 0, 0
165300, 6300, 0, 0, 0
165400, 6243, 0, 0, 0
165501, 6474, 0, 0, 0
165605, 6631, 0, 0, 0
165700, 6628, 0, 0, 0
165800, 6692, 0, 0, 0
165901, 6705, 0, 0, 0
166004, 6896, 0, 0, 0
166100, 6562, 0, 0, 0
166201, 6452, 0, 0, 0
166301, 6569, 0, 0, 0
166404, 6521, 0, 0, 0
166500, 6831, 0, 0, 0
166605, 6471, 0, 0, 0
166701, 6421, 0, 0, 0
166800, 7039, 0, 0, 0
166900, 6257, 0, 0, 0
167001, 6571, 0, 0, 0
167102, 6833, 0, 0, 0
167200, 6586, 0, 0, 0
167300, 6588, 0, 0, 0
167404, 6656, 0, 0, 0
167501, 6178, 0, 0, 0
167603, 6263, 0, 0, 0
167700, 6314, 0, 0, 0
167800, 6922, 0, 0, 0
167901, 6597, 0, 0, 0
168000, 6716, 0, 0, 0
168100, 6359, 0, 0, 0
168200, 6806, 0, 0, 0
168301, 5907, 0, 0, 0
168400, 6154, 0, 0, 0
168500, 5778, 0, 0, 0
168605, 6408, 0, 0, 0
168704, 6255, 0, 0, 0
168800, 6661, 0, 0, 0
168903, 6184, 0, 0, 0
169001, 6388, 0, 0, 0
169101, 6411, 0, 0, 0
169200, 6924, 0, 0, 0
169302, 6030, 0, 0, 0
169401, 6190, 0, 0, 0
169502, 6687, 0, 0, 0
169600, 6461, 0, 0, 0
169700, 6086, 0, 0, 0
169802, 6428, 0, 0, 0
169902, 6658, 0, 0, 0
170000, 7115, 0, 0, 0
170108, 7621, 0, 0, 0
170202, 7066, 0, 0, 0
170301, 6588, 0, 0, 0
170400, 6517, 0, 0, 0
170500, 6468, 0, 0, 0
170602, 7048, 0, 0, 0
170700, 7956, 0, 0, 0
170801, 7655, 0, 0, 0
170904, 6601, 0, 0, 0
171002, 6422, 0, 0, 0
171101, 6185, 0, 0, 0
171201, 6565, 0, 0, 0
171300, 7355, 0, 0, 0
171408, 6446, 0, 0, 0
171500, 7531, 0, 0, 0
171600, 7208, 0, 0, 0
171700, 7274, 0, 0, 0
171800, 6994, 0, 0, 0
171900, 7012, 0, 0, 0
172001, 6053, 0, 0, 0
172100, 6238, 0, 0, 0
172200, 6657, 0, 0, 0
172300, 6490, 0, 0, 0
172406, 7155, 0, 0, 0
172501, 7282, 0, 0, 0
172603, 7280, 0, 0, 0
172702, 8288, 0, 0, 0
172800, 7431, 0, 0, 0
172901, 7141, 0, 0, 0
173002, 6120, 0, 0, 0
173105, 6950, 0, 0, 0
173205, 6248, 0, 0, 0
173303, 6074, 0, 0, 0
173400, 6591, 0, 0, 0
173500, 6948, 0, 0, 0
173602, 7032, 0, 0, 0
173700, 6285, 0, 0, 0
173800, 6991, 0, 0, 0
173900, 6458, 0, 0, 0
174000, 6014, 0, 0, 0
174100, 6613, 0, 0, 0
174204, 6658, 0, 0, 0
174300, 6359, 0, 0, 0
174406, 5941, 0, 0, 0
174500, 6727, 0, 0, 0
174602, 7061, 0, 0, 0
174701, 6566, 0, 0, 0
174805, 5894, 0, 0, 0
174900, 5924, 0, 0, 0
175000, 6678, 0, 0, 0
175100, 6549, 0, 0, 0
175200, 6636, 0, 0, 0
175302, 7184, 0, 0, 0
175401, 6628, 0, 0, 0
175501, 6749, 0, 0, 0
175600, 7094, 0, 0, 0
175703, 6483, 0, 0, 0
175804, 6415, 0, 0, 0
175900, 6125, 0, 0, 0
176002, 6648, 0, 0, 0
176100, 6524, 0, 0, 0
176202, 6523, 0, 0, 0
176302, 6720, 0, 0, 0
176400, 6186, 0, 0, 0
176506, 6216, 0, 0, 0
176602, 6941, 0, 0, 0
176703, 6642, 0, 0, 0
176801, 6377, 0, 0, 0
176904, 6397, 0, 0, 0
177010, 6208, 0, 0, 0
177104, 6870, 0, 0, 0
177202, 6356, 0, 0, 0
177303, 6772, 0, 0, 0
177400, 6466, 0, 0, 0
177503, 5914, 0, 0, 0
177600, 6165, 0, 0, 0
177703, 6730, 0, 0, 0
177800, 6582, 0, 0, 0
177900, 6432, 0, 0, 0
178000, 6439, 0, 0, 0
178101, 8124, 0, 0, 0
178205, 6563, 0, 0, 0
178300, 6588, 0, 0, 0
178401, 6453, 0, 0, 0
178500, 6895, 0, 0, 0
178601, 6674, 0, 0, 0
178705, 6237, 0, 0, 0
178800, 6375, 0, 0, 0
178904, 6209, 0, 0, 0
179001, 7186, 0, 0, 0
179100, 7008, 0, 0, 0
179204, 6377, 0, 0, 0
179300, 6707, 0, 0, 0
179407, 7019, 0, 0, 0
179500, 6706, 0, 0, 0
179601, 6719, 0, 0, 0
179702, 6089, 0, 0, 0
179800, 7352, 0, 0, 0
179902, 6457, 0, 0, 0
180019, 6230, 0, 0, 0
