100, 8128, 0, 0, 0
201, 7837, 0, 0, 0
301, 7409, 0, 0, 0
400, 7475, 0, 0, 0
502, 6417, 0, 0, 0
600, 6581, 0, 0, 0
700, 6055, 0, 0, 0
805, 6519, 0, 0, 0
905, 5988, 0, 0, 0
1004, 6124, 0, 0, 0
1101, 6185, 0, 0, 0
1202, 6057, 0, 0, 0
1300, 6210, 0, 0, 0
1400, 6316, 0, 0, 0
1502, 6405, 0, 0, 0
1602, 6307, 0, 0, 0
1700, 6679, 0, 0, 0
1804, 6729, 0, 0, 0
1900, 7171, 0, 0, 0
2000, 7070, 0, 0, 0
2100, 6972, 0, 0, 0
2200, 7221, 0, 0, 0
2300, 6411, 0, 0, 0
2400, 7209, 0, 0, 0
2504, 6017, 0, 0, 0
2601, 7034, 0, 0, 0
2701, 6533, 0, 0, 0
2800, 6781, 0, 0, 0
2900, 6741, 0, 0, 0
3000, 6180, 0, 0, 0
3101, 7411, 0, 0, 0
3202, 6314, 0, 0, 0
3302, 7309, 0, 0, 0
3401, 6632, 0, 0, 0
3502, 6370, 0, 0, 0
3600, 6505, 0, 0, 0
3700, 6647, 0, 0, 0
3800, 5957, 0, 0, 0
3906, 6576, 0, 0, 0
4003, 6805, 0, 0, 0
4102, 6103, 0, 0, 0
4201, 6903, 0, 0, 0
4301, 6346, 0, 0, 0
4402, 5993, 0, 0, 0
4506, 7388, 0, 0, 0
4600, 6183, 0, 0, 0
4703, 6475, 0, 0, 0
4802, 6817, 0, 0, 0
4900, 6061, 0, 0, 0
5003, 6894, 0, 0, 0
5105, 5857, 0, 0, 0
5200, 6517, 0, 0, 0
5300, 6418, 0, 0, 0
5402, 7936, 0, 0, 0
5504, 7582, 0, 0, 0
5601, 5898, 0, 0, 0
5700, 6822, 0, 0, 0
5800, 7200, 0, 0, 0
5901, 6662, 0, 0, 0
6001, 7073, 0, 0, 0
6100, 6048, 0, 0, 0
6202, 6337, 0, 0, 0
6304, 6755, 0, 0, 0
6401, 7047, 0, 0, 0
6500, 6859, 0, 0, 0
6601, 7132, 0, 0, 0
6702, 7250, 0, 0, 0
6800, 6178, 0, 0, 0
6901, 7026, 0, 0, 0
7003, 6614, 0, 0, 0
7105, 6310, 0, 0, 0
7201, 7051, 0, 0, 0
7300, 7402, 0, 0, 0
7400, 6647, 0, 0, 0
7500, 7121, 0, 0, 0
7601, 6274, 0, 0, 0
7700, 6753, 0, 0, 0
7802, 6571, 0, 0, 0
7900, 6609, 0, 0, 0
8000, 7410, 0, 0, 0
8100, 7145, 0, 0, 0
8202, 6748, 0, 0, 0
8302, 6049, 0, 0, 0
8402, 7216, 0, 0, 0
8500, 6427, 0, 0, 0
8601, 6593, 0, 0, 0
8713, 7208, 0, 0, 0
8802, 7312, 0, 0, 0
8904, 7712, 0, 0, 0
9000, 7096, 0, 0, 0
9100, 6730, 0, 0, 0
9200, 7134, 0, 0, 0
9303, 6839, 0, 0, 0
9400, 6710, 0, 0, 0
9501, 6946, 0, 0, 0
9600, 6002, 0, 0, 0
9700, 6261, 0, 0, 0
9803, 6676, 0, 0, 0
9901, 6176, 0, 0, 0
10002, 6263, 0, 0, 0
10100, 7017, 0, 0, 0
10213, 6377, 0, 0, 0
10301, 7220, 0, 0, 0
10401, 6320, 0, 0, 0
10501, 6863, 0, 0, 0
10601, 6459, 0, 0, 0
10700, 6611, 0, 0, 0
10802, 6911, 0, 0, 0
10902, 7108, 0, 0, 0
11001, 6587, 0, 0, 0
11100, 5910, 0, 0, 0
11207, 7082, 0, 0, 0
11309, 6771, 0, 0, 0
11401, 7917, 0, 0, 0
11501, 6687, 0, 0, 0
11603, 7290, 0, 0, 0
11701, 7466, 0, 0, 0
11801, 6540, 0, 0, 0
11900, 6933, 0, 0, 0
12002, 6443, 0, 0, 0
12105, 5660, 0, 0, 0
12204, 6719, 0, 0, 0
12307, 6409, 0, 0, 0
12400, 6528, 0, 0, 0
12502, 8379, 0, 0, 0
12600, 7297, 0, 0, 0
12700, 7501, 0, 0, 0
12800, 6479, 0, 0, 0
12900, 7119, 0, 0, 0
13005, 7114, 0, 0, 0
13100, 6269, 0, 0, 0
13201, 6355, 0, 0, 0
13300, 6128, 0, 0, 0
13404, 6191, 0, 0, 0
13500, 7199, 0, 0, 0
13602, 6739, 0, 0, 0
13703, 6600, 0, 0, 0
13805, 6322, 0, 0, 0
13900, 6842, 0, 0, 0
14000, 6789, 0, 0, 0
14102, 6552, 0, 0, 0
14200, 6616, 0, 0, 0
14300, 6259, 0, 0, 0
14401, 5966, 0, 0, 0
14503, 6891, 0, 0, 0
14600, 6527, 0, 0, 0
14700, 6471, 0, 0, 0
14802, 6093, 0, 0, 0
14902, 6310, 0, 0, 0
15004, 7086, 0, 0, 0
15100, 6544, 0, 0, 0
15203, 6776, 0, 0, 0
15300, 6419, 0, 0, 0
15400, 6877, 0, 0, 0
15501, 7712, 0, 0, 0
15600, 7361, 0, 0, 0
15700, 6222, 0, 0, 0
15809, 6130, 0, 0, 0
15900, 6637, 0, 0, 0
16000, 7222, 0, 0, 0
16102, 6800, 0, 0, 0
16200, 6463, 0, 0, 0
16300, 5875, 0, 0, 0
16403, 6953, 0, 0, 0
16503, 6371, 0, 0, 0
16603, 7188, 0, 0, 0
16702, 6220, 0, 0, 0
16808, 7021, 0, 0, 0
16906, 7371, 0, 0, 0
17000, 7413, 0, 0, 0
17100, 6805, 0, 0, 0
17201, 7442, 0, 0, 0
17301, 7362, 0, 0, 0
17400, 7551, 0, 0, 0
17500, 6399, 0, 0, 0
17600, 6261, 0, 0, 0
17700, 6347, 0, 0, 0
17806, 6839, 0, 0, 0
17900, 6567, 0, 0, 0
18005, 7379, 0, 0, 0
18102, 7056, 0, 0, 0
18200, 6661, 0, 0, 0
18301, 6521, 0, 0, 0
18402, 6311, 0, 0, 0
18500, 5960, 0, 0, 0
18600, 5830, 0, 0, 0
18701, 6193, 0, 0, 0
18802, 5963, 0, 0, 0
18901, 5938, 0, 0, 0
19003, 6512, 0, 0, 0
19105, 5798, 0, 0, 0
19203, 6041, 0, 0, 0
19300, 5926, 0, 0, 0
19402, 5880, 0, 0, 0
19504, 6261, 0, 0, 0
19601, 6522, 0, 0, 0
19700, 6486, 0, 0, 0
19804, 6653, 0, 0, 0
19900, 7019, 0, 0, 0
20003, 7127, 0, 0, 0
20100, 6658, 0, 0, 0
20200, 6766, 0, 0, 0
20304, 6463, 0, 0, 0
20403, 6322, 0, 0, 0
20500, 5754, 0, 0, 0
20601, 6971, 0, 0, 0
20700, 5826, 0, 0, 0
20802, 6580, 0, 0, 0
20904, 7122, 0, 0, 0
21000, 5524, 0, 0, 0
21101, 5967, 0, 0, 0
21204, 4907, 0, 0, 0
21304, 4829, 0, 0, 0
21401, 4314, 0, 0, 0
21501, 4955, 0, 0, 0
21601, 4968, 0, 0, 0
21702, 5624, 0, 0, 0
21804, 5622, 0, 0, 0
21905, 5313, 0, 0, 0
22000, 4713, 0, 0, 0
22101, 5279, 0, 0, 0
22203, 5690, 0, 0, 0
22302, 5309, 0, 0, 0
22401, 6129, 0, 0, 0
22502, 7354, 0, 0, 0
22601, 6795, 0, 0, 0
22700, 6375, 0, 0, 0
22804, 6960, 0, 0, 0
22903, 6785, 0, 0, 0
23001, 6936, 0, 0, 0
23100, 6410, 0, 0, 0
23203, 7329, 0, 0, 0
23300, 6199, 0, 0, 0
23400, 7563, 0, 0, 0
23505, 6884, 0, 0, 0
23603, 7107, 0, 0, 0
23700, 6785, 0, 0, 0
23801, 6568, 0, 0, 0
23900, 6854, 0, 0, 0
24002, 7570, 0, 0, 0
24101, 6833, 0, 0, 0
24200, 7014, 0, 0, 0
24301, 7337, 0, 0, 0
24405, 7225, 0, 0, 0
24503, 6584, 0, 0, 0
24601, 6758, 0, 0, 0
24701, 6856, 0, 0, 0
24800, 6813, 0, 0, 0
24900, 6678, 0, 0, 0
25003, 7006, 0, 0, 0
25103, 7262, 0, 0, 0
25201, 6624, 0, 0, 0
25300, 6243, 0, 0, 0
25400, 6474, 0, 0, 0
25501, 6137, 0, 0, 0
25603, 6854, 0, 0, 0
25700, 6282, 0, 0, 0
25800, 6318, 0, 0, 0
25903, 6696, 0, 0, 0
26002, 6670, 0, 0, 0
26103, 6840, 0, 0, 0
26208, 6785, 0, 0, 0
26302, 6744, 0, 0, 0
26403, 6252, 0, 0, 0
26500, 6219, 0, 0, 0
26602, 6738, 0, 0, 0
26700, 6500, 0, 0, 0
26803, 6517, 0, 0, 0
26904, 6614, 0, 0, 0
27000, 6897, 0, 0, 0
27100, 6380, 0, 0, 0
27202, 6827, 0, 0, 0
27300, 6875, 0, 0, 0
27404, 6593, 0, 0, 0
27500, 6310, 0, 0, 0
27601, 6726, 0, 0, 0
27703, 6897, 0, 0, 0
27800, 6927, 0, 0, 0
27900, 6799, 0, 0, 0
28000, 6469, 0, 0, 0
28104, 6530, 0, 0, 0
28200, 7189, 0, 0, 0
28300, 7078, 0, 0, 0
28400, 6406, 0, 0, 0
28500, 6506, 0, 0, 0
28605, 6546, 0, 0, 0
28701, 6482, 0, 0, 0
28803, 6335, 0, 0, 0
28900, 6260, 0, 0, 0
29002, 6371, 0, 0, 0
29101, 6424, 0, 0, 0
29207, 6937, 0, 0, 0
29304, 7069, 0, 0, 0
29406, 7099, 0, 0, 0
29501, 6489, 0, 0, 0
29600, 7022, 0, 0, 0
29704, 7103, 0, 0, 0
29800, 7450, 0, 0, 0
29902, 6761, 0, 0, 0
30000, 7149, 0, 0, 0
30102, 6516, 0, 0, 0
30205, 6941, 0, 0, 0
30305, 6231, 0, 0, 0
30400, 6115, 0, 0, 0
30505, 6168, 0, 0, 0
30600, 6199, 0, 0, 0
30701, 6821, 0, 0, 0
30801, 6077, 0, 0, 0
30901, 6413, 0, 0, 0
31002, 6470, 0, 0, 0
31100, 6411, 0, 0, 0
31200, 6619, 0, 0, 0
31300, 6101, 0, 0, 0
31401, 6136, 0, 0, 0
31500, 6309, 0, 0, 0
31601, 6150, 0, 0, 0
31701, 6232, 0, 0, 0
31800, 7295, 0, 0, 0
31904, 7137, 0, 0, 0
32003, 7342, 0, 0, 0
32100, 7042, 0, 0, 0
32201, 6778, 0, 0, 0
32300, 6674, 0, 0, 0
32402, 6599, 0, 0, 0
32502, 6986, 0, 0, 0
32600, 6534, 0, 0, 0
32706, 6881, 0, 0, 0
32801, 7068, 0, 0, 0
32900, 6415, 0, 0, 0
33000, 6464, 0, 0, 0
33103, 6359, 0, 0, 0
33200, 6688, 0, 0, 0
33300, 6673, 0, 0, 0
33400, 6897, 0, 0, 0
33501, 6739, 0, 0, 0
33601, 6527, 0, 0, 0
33700, 6492, 0, 0, 0
33807, 6965, 0, 0, 0
33902, 7014, 0, 0, 0
34003, 6637, 0, 0, 0
34102, 6893, 0, 0, 0
34204, 6820, 0, 0, 0
34300, 7484, 0, 0, 0
34400, 6988, 0, 0, 0
34501, 6189, 0, 0, 0
34600, 6009, 0, 0, 0
34701, 6478, 0, 0, 0
34803, 6260, 0, 0, 0
34901, 6862, 0, 0, 0
35001, 6977, 0, 0, 0
35102, 6396, 0, 0, 0
35200, 6666, 0, 0, 0
35300, 7149, 0, 0, 0
35401, 6939, 0, 0, 0
35500, 7253, 0, 0, 0
35600, 7758, 0, 0, 0
35700, 6901, 0, 0, 0
35801, 7248, 0, 0, 0
35901, 6564, 0, 0, 0
36002, 7054, 0, 0, 0
36106, 6291, 0, 0, 0
36200, 7042, 0, 0, 0
36305, 5877, 0, 0, 0
36401, 6676, 0, 0, 0
36500, 6506, 0, 0, 0
36601, 7077, 0, 0, 0
36700, 6320, 0, 0, 0
36800, 6815, 0, 0, 0
36902, 6502, 0, 0, 0
37001, 6237, 0, 0, 0
37102, 6703, 0, 0, 0
37200, 7096, 0, 0, 0
37300, 7057, 0, 0, 0
37401, 6100, 0, 0, 0
37501, 6307, 0, 0, 0
37602, 6752, 0, 0, 0
37706, 6554, 0, 0, 0
37805, 6437, 0, 0, 0
37900, 6385, 0, 0, 0
38000, 7116, 0, 0, 0
38112, 7188, 0, 0, 0
38201, 7282, 0, 0, 0
38301, 7613, 0, 0, 0
38403, 7017, 0, 0, 0
38501, 6085, 0, 0, 0
38600, 6693, 0, 0, 0
38700, 6702, 0, 0, 0
38800, 6831, 0, 0, 0
38901, 6614, 0, 0, 0
39008, 6719, 0, 0, 0
39100, 6118, 0, 0, 0
39200, 6111, 0, 0, 0
39300, 7107, 0, 0, 0
39400, 6113, 0, 0, 0
39506, 7024, 0, 0, 0
39600, 7440, 0, 0, 0
39700, 6622, 0, 0, 0
39802, 5947, 0, 0, 0
39900, 5976, 0, 0, 0
40008, 6371, 0, 0, 0
40102, 6472, 0, 0, 0
40203, 6709, 0, 0, 0
40300, 7143, 0, 0, 0
40400, 7159, 0, 0, 0
40500, 6959, 0, 0, 0
40606, 7846, 0, 0, 0
40700, 6394, 0, 0, 0
40800, 5958, 0, 0, 0
40902, 6423, 0, 0, 0
41003, 7159, 0, 0, 0
41103, 6226, 0, 0, 0
41205, 6100, 0, 0, 0
41305, 6547, 0, 0, 0
41400, 5946, 0, 0, 0
41507, 5838, 0, 0, 0
41600, 6035, 0, 0, 0
41708, 6052, 0, 0, 0
41806, 6114, 0, 0, 0
41901, 6529, 0, 0, 0
42003, 6593, 0, 0, 0
42102, 6447, 0, 0, 0
42203, 5944, 0, 0, 0
42303, 6438, 0, 0, 0
42403, 6329, 0, 0, 0
42502, 6903, 0, 0, 0
42603, 6429, 0, 0, 0
42700, 6958, 0, 0, 0
42802, 6934, 0, 0, 0
42905, 6148, 0, 0, 0
43003, 6830, 0, 0, 0
43102, 7554, 0, 0, 0
43201, 6706, 0, 0, 0
43302, 7640, 0, 0, 0
43401, 6674, 0, 0, 0
43501, 6744, 0, 0, 0
43602, 6733, 0, 0, 0
43703, 6392, 0, 0, 0
43800, 6475, 0, 0, 0
43901, 6647, 0, 0, 0
44003, 6733, 0, 0, 0
44101, 7146, 0, 0, 0
44200, 7153, 0, 0, 0
44302, 7623, 0, 0, 0
44401, 7350, 0, 0, 0
44505, 7473, 0, 0, 0
44601, 7952, 0, 0, 0
44700, 7516, 0, 0, 0
44804, 6573, 0, 0, 0
44901, 7350, 0, 0, 0
45003, 6026, 0, 0, 0
45104, 6882, 0, 0, 0
45204, 6697, 0, 0, 0
45303, 7073, 0, 0, 0
45400, 6935, 0, 0, 0
45500, 6853, 0, 0, 0
45603, 6202, 0, 0, 0
45704, 6480, 0, 0, 0
45807, 6518, 0, 0, 0
45900, 6837, 0, 0, 0
46004, 7283, 0, 0, 0
46101, 7318, 0, 0, 0
46201, 7149, 0, 0, 0
46300, 7150, 0, 0, 0
46401, 6702, 0, 0, 0
46500, 6427, 0, 0, 0
46602, 6377, 0, 0, 0
46701, 6646, 0, 0, 0
46802, 7109, 0, 0, 0
46900, 6032, 0, 0, 0
47000, 7108, 0, 0, 0
47100, 6615, 0, 0, 0
47200, 6331, 0, 0, 0
47300, 5757, 0, 0, 0
47402, 6925, 0, 0, 0
47503, 6449, 0, 0, 0
47605, 6286, 0, 0, 0
47702, 6242, 0, 0, 0
47800, 6321, 0, 0, 0
47905, 6679, 0, 0, 0
48002, 6941, 0, 0, 0
48102, 6193, 0, 0, 0
48201, 6834, 0, 0, 0
48301, 6714, 0, 0, 0
48408, 7186, 0, 0, 0
48502, 6530, 0, 0, 0
48600, 6856, 0, 0, 0
48705, 6838, 0, 0, 0
48801, 6844, 0, 0, 0
48901, 6683, 0, 0, 0
49000, 7336, 0, 0, 0
49104, 6543, 0, 0, 0
49200, 7737, 0, 0, 0
49302, 6622, 0, 0, 0
49401, 6806, 0, 0, 0
49501, 6380, 0, 0, 0
49603, 6547, 0, 0, 0
49702, 6752, 0, 0, 0
49805, 6595, 0, 0, 0
49902, 6389, 0, 0, 0
50000, 8229, 0, 0, 0
50101, 6578, 0, 0, 0
50200, 7005, 0, 0, 0
50304, 6344, 0, 0, 0
50400, 6526, 0, 0, 0
50503, 6030, 0, 0, 0
50600, 6251, 0, 0, 0
50701, 6078, 0, 0, 0
50801, 6793, 0, 0, 0
50906, 7352, 0, 0, 0
51002, 6577, 0, 0, 0
51114, 6886, 0, 0, 0
51203, 7049, 0, 0, 0
51300, 6404, 0, 0, 0
51402, 5574, 0, 0, 0
51501, 6592, 0, 0, 0
51601, 6646, 0, 0, 0
51702, 6537, 0, 0, 0
51800, 6508, 0, 0, 0
51903, 6524, 0, 0, 0
52002, 6402, 0, 0, 0
52102, 6111, 0, 0, 0
52202, 6305, 0, 0, 0
52303, 6203, 0, 0, 0
52400, 6231, 0, 0, 0
52501, 6193, 0, 0, 0
52605, 6026, 0, 0, 0
52700, 6112, 0, 0, 0
52804, 6625, 0, 0, 0
52905, 6209, 0, 0, 0
53000, 6619, 0, 0, 0
53100, 6232, 0, 0, 0
53201, 7181, 0, 0, 0
53308, 5915, 0, 0, 0
53400, 6324, 0, 0, 0
53501, 5990, 0, 0, 0
53601, 6526, 0, 0, 0
53700, 6363, 0, 0, 0
53809, 6102, 0, 0, 0
53904, 6017, 0, 0, 0
54002, 6589, 0, 0, 0
54100, 5872, 0, 0, 0
54205, 6440, 0, 0, 0
54305, 6816, 0, 0, 0
54400, 6121, 0, 0, 0
54500, 6568, 0, 0, 0
54604, 6551, 0, 0, 0
54701, 6668, 0, 0, 0
54801, 6329, 0, 0, 0
54900, 6409, 0, 0, 0
55001, 6035, 0, 0, 0
55101, 5779, 0, 0, 0
55204, 6710, 0, 0, 0
55302, 6412, 0, 0, 0
55404, 6032, 0, 0, 0
55501, 8617, 0, 0, 0
55607, 6699, 0, 0, 0
55708, 6574, 0, 0, 0
55803, 6373, 0, 0, 0
55904, 6329, 0, 0, 0
56002, 6632, 0, 0, 0
56101, 6018, 0, 0, 0
56201, 6920, 0, 0, 0
56300, 6591, 0, 0, 0
56400, 6459, 0, 0, 0
56500, 6381, 0, 0, 0
56601, 6148, 0, 0, 0
56702, 6149, 0, 0, 0
56805, 6663, 0, 0, 0
56900, 6255, 0, 0, 0
57000, 6070, 0, 0, 0
57101, 6423, 0, 0, 0
57202, 6118, 0, 0, 0
57301, 6021, 0, 0, 0
57403, 6429, 0, 0, 0
57500, 6798, 0, 0, 0
57608, 6035, 0, 0, 0
57701, 7490, 0, 0, 0
57800, 7376, 0, 0, 0
57900, 6822, 0, 0, 0
58000, 6296, 0, 0, 0
58100, 6805, 0, 0, 0
58203, 6722, 0, 0, 0
58302, 6739, 0, 0, 0
58404, 6431, 0, 0, 0
58500, 6183, 0, 0, 0
58601, 6166, 0, 0, 0
58702, 6547, 0, 0, 0
58800, 6564, 0, 0, 0
58900, 7081, 0, 0, 0
59000, 7542, 0, 0, 0
59101, 6948, 0, 0, 0
59204, 5786, 0, 0, 0
59304, 6789, 0, 0, 0
59400, 5577, 0, 0, 0
59501, 6602, 0, 0, 0
59605, 6326, 0, 0, 0
59701, 6592, 0, 0, 0
59800, 6129, 0, 0, 0
59900, 6780, 0, 0, 0
60008, 6135, 0, 0, 0
