101, 12837, 0, 0, 0
200, 13028, 0, 0, 0
300, 10409, 0, 0, 0
400, 7695, 0, 0, 0
500, 11518, 0, 0, 0
601, 11346, 0, 0, 0
700, 10489, 0, 0, 0
801, 11233, 0, 0, 0
901, 13038, 0, 0, 0
1000, 13784, 0, 0, 0
1100, 11292, 0, 0, 0
1200, 9914, 0, 0, 0
1301, 9919, 0, 0, 0
1400, 8441, 0, 0, 0
1500, 9667, 0, 0, 0
1600, 9067, 0, 0, 0
1701, 8758, 0, 0, 0
1801, 12091, 0, 0, 0
1900, 12916, 0, 0, 0
2001, 9573, 0, 0, 0
2100, 10383, 0, 0, 0
2201, 9284, 0, 0, 0
2300, 10662, 0, 0, 0
2401, 17715, 0, 0, 0
2502, 16175, 0, 0, 0
2600, 10744, 0, 0, 0
2700, 12862, 0, 0, 0
2801, 11609, 0, 0, 0
2902, 12824, 0, 0, 0
3001, 10317, 0, 0, 0
3100, 17306, 0, 0, 0
3201, 9667, 0, 0, 0
3300, 10199, 0, 0, 0
3401, 9527, 0, 0, 0
3501, 15989, 0, 0, 0
3601, 12694, 0, 0, 0
3700, 9865, 0, 0, 0
3800, 11555, 0, 0, 0
3902, 15573, 0, 0, 0
4002, 10646, 0, 0, 0
4102, 16122, 0, 0, 0
4200, 13936, 0, 0, 0
4301, 13217, 0, 0, 0
4400, 11895, 0, 0, 0
4501, 10734, 0, 0, 0
4600, 11235, 0, 0, 0
4700, 12436, 0, 0, 0
4802, 13075, 0, 0, 0
4901, 13043, 0, 0, 0
5001, 13167, 0, 0, 0
5100, 14878, 0, 0, 0
5200, 13725, 0, 0, 0
5300, 11773, 0, 0, 0
5400, 12434, 0, 0, 0
5500, 11556, 0, 0, 0
5600, 14473, 0, 0, 0
5700, 10480, 0, 0, 0
5800, 9049, 0, 0, 0
5902, 14111, 0, 0, 0
6001, 11443, 0, 0, 0
6101, 12496, 0, 0, 0
6200, 10717, 0, 0, 0
6300, 13770, 0, 0, 0
6400, 14029, 0, 0, 0
6500, 13219, 0, 0, 0
6600, 17226, 0, 0, 0
6701, 9104, 0, 0, 0
6800, 9912, 0, 0, 0
6900, 14190, 0, 0, 0
7000, 19563, 0, 0, 0
7100, 17922, 0, 0, 0
7200, 11877, 0, 0, 0
7301, 15458, 0, 0, 0
7400, 14031, 0, 0, 0
7501, 16442, 0, 0, 0
7602, 12192, 0, 0, 0
7700, 11809, 0, 0, 0
7802, 9667, 0, 0, 0
7900, 8249, 0, 0, 0
8000, 7538, 0, 0, 0
8102, 10584, 0, 0, 0
8202, 8812, 0, 0, 0
8302, 13027, 0, 0, 0
8400, 14351, 0, 0, 0
8500, 12601, 0, 0, 0
8601, 9874, 0, 0, 0
8702, 10253, 0, 0, 0
8800, 10880, 0, 0, 0
8900, 9198, 0, 0, 0
9000, 11126, 0, 0, 0
9100, 16284, 0, 0, 0
9200, 10777, 0, 0, 0
9301, 11843, 0, 0, 0
9405, 11616, 0, 0, 0
9500, 14250, 0, 0, 0
9600, 14060, 0, 0, 0
9700, 10465, 0, 0, 0
9801, 10834, 0, 0, 0
9900, 9099, 0, 0, 0
10000, 12099, 0, 0, 0
10101, 10573, 0, 0, 0
10200, 17209, 0, 0, 0
10300, 13088, 0, 0, 0
10400, 17346, 0, 0, 0
10500, 12720, 0, 0, 0
10600, 11840, 0, 0, 0
10700, 13574, 0, 0, 0
10801, 9908, 0, 0, 0
10901, 9774, 0, 0, 0
11001, 11150, 0, 0, 0
11101, 10329, 0, 0, 0
11200, 10968, 0, 0, 0
11300, 10692, 0, 0, 0
11400, 11567, 0, 0, 0
11500, 10007, 0, 0, 0
11600, 15691, 0, 0, 0
11700, 10345, 0, 0, 0
11800, 10544, 0, 0, 0
11903, 16109, 0, 0, 0
12001, 13949, 0, 0, 0
12102, 14996, 0, 0, 0
12200, 7992, 0, 0, 0
12300, 8843, 0, 0, 0
12400, 12752, 0, 0, 0
12500, 10546, 0, 0, 0
12600, 12641, 0, 0, 0
12700, 12818, 0, 0, 0
12800, 13450, 0, 0, 0
12900, 10390, 0, 0, 0
13001, 7728, 0, 0, 0
13100, 9860, 0, 0, 0
13201, 9333, 0, 0, 0
13301, 14085, 0, 0, 0
13400, 9741, 0, 0, 0
13502, 10647, 0, 0, 0
13604, 11160, 0, 0, 0
13713, 9378, 0, 0, 0
13801, 10339, 0, 0, 0
13900, 9998, 0, 0, 0
14000, 12826, 0, 0, 0
14100, 16116, 0, 0, 0
14200, 10340, 0, 0, 0
14304, 9552, 0, 0, 0
14400, 12522, 0, 0, 0
14500, 12454, 0, 0, 0
14601, 16479, 0, 0, 0
14701, 12395, 0, 0, 0
14801, 15641, 0, 0, 0
14900, 17286, 0, 0, 0
15000, 12926, 0, 0, 0
15100, 12471, 0, 0, 0
15200, 11753, 0, 0, 0
15303, 10607, 0, 0, 0
15400, 11827, 0, 0, 0
15501, 9461, 0, 0, 0
15601, 12854, 0, 0, 0
15700, 14092, 0, 0, 0
15800, 10525, 0, 0, 0
15905, 10301, 0, 0, 0
16002, 11004, 0, 0, 0
16100, 9881, 0, 0, 0
16200, 12215, 0, 0, 0
16300, 11262, 0, 0, 0
16401, 14094, 0, 0, 0
16500, 13210, 0, 0, 0
16601, 11057, 0, 0, 0
16701, 14994, 0, 0, 0
16801, 12588, 0, 0, 0
16900, 12220, 0, 0, 0
17000, 12885, 0, 0, 0
17100, 10422, 0, 0, 0
17202, 11691, 0, 0, 0
17300, 10330, 0, 0, 0
17403, 11364, 0, 0, 0
17502, 8168, 0, 0, 0
17600, 9861, 0, 0, 0
17700, 10900, 0, 0, 0
17802, 11532, 0, 0, 0
17900, 16010, 0, 0, 0
18000, 12690, 0, 0, 0
18102, 11104, 0, 0, 0
18201, 11008, 0, 0, 0
18300, 10957, 0, 0, 0
18400, 15562, 0, 0, 0
18501, 10450, 0, 0, 0
18600, 8144, 0, 0, 0
18700, 9321, 0, 0, 0
18802, 10835, 0, 0, 0
18900, 11561, 0, 0, 0
19000, 14734, 0, 0, 0
19100, 14616, 0, 0, 0
19200, 9369, 0, 0, 0
19300, 10400, 0, 0, 0
19401, 10258, 0, 0, 0
19500, 11788, 0, 0, 0
19602, 12675, 0, 0, 0
19700, 11902, 0, 0, 0
19800, 14329, 0, 0, 0
19900, 12320, 0, 0, 0
20002, 7201, 0, 0, 0
20101, 9608, 0, 0, 0
20200, 11267, 0, 0, 0
20300, 11404, 0, 0, 0
20401, 10804, 0, 0, 0
20500, 10495, 0, 0, 0
20600, 10910, 0, 0, 0
20700, 10626, 0, 0, 0
20801, 7955, 0, 0, 0
20900, 10368, 0, 0, 0
21000, 13718, 0, 0, 0
21100, 11412, 0, 0, 0
21200, 13996, 0, 0, 0
21300, 10106, 0, 0, 0
21400, 7843, 0, 0, 0
21500, 8269, 0, 0, 0
21600, 9538, 0, 0, 0
21700, 11755, 0, 0, 0
21800, 13687, 0, 0, 0
21900, 9997, 0, 0, 0
22002, 9140, 0, 0, 0
22101, 9895, 0, 0, 0
22200, 11087, 0, 0, 0
22301, 10076, 0, 0, 0
22400, 9963, 0, 0, 0
22500, 9224, 0, 0, 0
22600, 12162, 0, 0, 0
22700, 13422, 0, 0, 0
22800, 10102, 0, 0, 0
22901, 10227, 0, 0, 0
23000, 11538, 0, 0, 0
23100, 12829, 0, 0, 0
23201, 14869, 0, 0, 0
23300, 14750, 0, 0, 0
23400, 11920, 0, 0, 0
23500, 13993, 0, 0, 0
23600, 14838, 0, 0, 0
23700, 9823, 0, 0, 0
23800, 9846, 0, 0, 0
23902, 13472, 0, 0, 0
24000, 14252, 0, 0, 0
24100, 15517, 0, 0, 0
24201, 12526, 0, 0, 0
24301, 14611, 0, 0, 0
24400, 12648, 0, 0, 0
24500, 10262, 0, 0, 0
24600, 13252, 0, 0, 0
24702, 11461, 0, 0, 0
24800, 10869, 0, 0, 0
24901, 8570, 0, 0, 0
25000, 9373, 0, 0, 0
25101, 11251, 0, 0, 0
25205, 14194, 0, 0, 0
25300, 9743, 0, 0, 0
25400, 12168, 0, 0, 0
25500, 14422, 0, 0, 0
25600, 12711, 0, 0, 0
25701, 14794, 0, 0, 0
25800, 19771, 0, 0, 0
25900, 14229, 0, 0, 0
26000, 15018, 0, 0, 0
26105, 8603, 0, 0, 0
26200, 13327, 0, 0, 0
26300, 12027, 0, 0, 0
26403, 14316, 0, 0, 0
26500, 15895, 0, 0, 0
26600, 14422, 0, 0, 0
26700, 15607, 0, 0, 0
26800, 12946, 0, 0, 0
26901, 12028, 0, 0, 0
27003, 13256, 0, 0, 0
27100, 15379, 0, 0, 0
27200, 15739, 0, 0, 0
27300, 13058, 0, 0, 0
27400, 12377, 0, 0, 0
27501, 14705, 0, 0, 0
27601, 10555, 0, 0, 0
27700, 10148, 0, 0, 0
27800, 10080, 0, 0, 0
27901, 10940, 0, 0, 0
28000, 8254, 0, 0, 0
28100, 10994, 0, 0, 0
28209, 11321, 0, 0, 0
28304, 13463, 0, 0, 0
28400, 18533, 0, 0, 0
28500, 13718, 0, 0, 0
28600, 14702, 0, 0, 0
28700, 15088, 0, 0, 0
28800, 13062, 0, 0, 0
28900, 13379, 0, 0, 0
29000, 13519, 0, 0, 0
29103, 16759, 0, 0, 0
29200, 11239, 0, 0, 0
29300, 16085, 0, 0, 0
29401, 13456, 0, 0, 0
29501, 10437, 0, 0, 0
29601, 10644, 0, 0, 0
29700, 9415, 0, 0, 0
29800, 11164, 0, 0, 0
29901, 11641, 0, 0, 0
30000, 12697, 0, 0, 0
30102, 12377, 0, 0, 0
30201, 11740, 0, 0, 0
30304, 14029, 0, 0, 0
30400, 11843, 0, 0, 0
30500, 10180, 0, 0, 0
30602, 13620, 0, 0, 0
30700, 13097, 0, 0, 0
30800, 12914, 0, 0, 0
30900, 14342, 0, 0, 0
31000, 9450, 0, 0, 0
31100, 10969, 0, 0, 0
31206, 11380, 0, 0, 0
31300, 11355, 0, 0, 0
31401, 11985, 0, 0, 0
31502, 8313, 0, 0, 0
31600, 9066, 0, 0, 0
31700, 12243, 0, 0, 0
31800, 10608, 0, 0, 0
31903, 10796, 0, 0, 0
32000, 10884, 0, 0, 0
32100, 10800, 0, 0, 0
32200, 10826, 0, 0, 0
32302, 12311, 0, 0, 0
32400, 11914, 0, 0, 0
32501, 13038, 0, 0, 0
32600, 12592, 0, 0, 0
32701, 12198, 0, 0, 0
32800, 13278, 0, 0, 0
32900, 11691, 0, 0, 0
33001, 11608, 0, 0, 0
33104, 15049, 0, 0, 0
33201, 16312, 0, 0, 0
33305, 11697, 0, 0, 0
33401, 16395, 0, 0, 0
33500, 17138, 0, 0, 0
33600, 14238, 0, 0, 0
33700, 10496, 0, 0, 0
33809, 9782, 0, 0, 0
33901, 9794, 0, 0, 0
34003, 8372, 0, 0, 0
34100, 14645, 0, 0, 0
34201, 9188, 0, 0, 0
34300, 10715, 0, 0, 0
34401, 11744, 0, 0, 0
34500, 14452, 0, 0, 0
34601, 11860, 0, 0, 0
34700, 15041, 0, 0, 0
34800, 24226, 0, 0, 0
34900, 19809, 0, 0, 0
35001, 15145, 0, 0, 0
35101, 15657, 0, 0, 0
35200, 14267, 0, 0, 0
35301, 11203, 0, 0, 0
35400, 11100, 0, 0, 0
35501, 11414, 0, 0, 0
35600, 13133, 0, 0, 0
35701, 17303, 0, 0, 0
35802, 16664, 0, 0, 0
35901, 16121, 0, 0, 0
36001, 19764, 0, 0, 0
36100, 17615, 0, 0, 0
36200, 17211, 0, 0, 0
36302, 21958, 0, 0, 0
36401, 18970, 0, 0, 0
36504, 10795, 0, 0, 0
36600, 11565, 0, 0, 0
36700, 11267, 0, 0, 0
36800, 12077, 0, 0, 0
36901, 14891, 0, 0, 0
37000, 10916, 0, 0, 0
37100, 13484, 0, 0, 0
37200, 13532, 0, 0, 0
37300, 13618, 0, 0, 0
37402, 11669, 0, 0, 0
37500, 13316, 0, 0, 0
37601, 11189, 0, 0, 0
37700, 13279, 0, 0, 0
37801, 12006, 0, 0, 0
37902, 12510, 0, 0, 0
38000, 9708, 0, 0, 0
38100, 10563, 0, 0, 0
38201, 12239, 0, 0, 0
38300, 11698, 0, 0, 0
38400, 13885, 0, 0, 0
38500, 10469, 0, 0, 0
38600, 10975, 0, 0, 0
38701, 10623, 0, 0, 0
38800, 10931, 0, 0, 0
38900, 9937, 0, 0, 0
39000, 13348, 0, 0, 0
39100, 11944, 0, 0, 0
39200, 14010, 0, 0, 0
39302, 14163, 0, 0, 0
39400, 14985, 0, 0, 0
39501, 12649, 0, 0, 0
39600, 14311, 0, 0, 0
39701, 12054, 0, 0, 0
39800, 11587, 0, 0, 0
39900, 13842, 0, 0, 0
40001, 14301, 0, 0, 0
40109, 10619, 0, 0, 0
40205, 13793, 0, 0, 0
40302, 14968, 0, 0, 0
40400, 12001, 0, 0, 0
40500, 13597, 0, 0, 0
40600, 11398, 0, 0, 0
40700, 13728, 0, 0, 0
40804, 15447, 0, 0, 0
40900, 16254, 0, 0, 0
41003, 9165, 0, 0, 0
41102, 9064, 0, 0, 0
41200, 16038, 0, 0, 0
41302, 11026, 0, 0, 0
41400, 11964, 0, 0, 0
41501, 10381, 0, 0, 0
41600, 13150, 0, 0, 0
41701, 13363, 0, 0, 0
41806, 10411, 0, 0, 0
41901, 10109, 0, 0, 0
42000, 11651, 0, 0, 0
42100, 12437, 0, 0, 0
42200, 11564, 0, 0, 0
42300, 11151, 0, 0, 0
42400, 11302, 0, 0, 0
42504, 11522, 0, 0, 0
42600, 13025, 0, 0, 0
42700, 14078, 0, 0, 0
42800, 12437, 0, 0, 0
42900, 11843, 0, 0, 0
43000, 11271, 0, 0, 0
43100, 10991, 0, 0, 0
43200, 11061, 0, 0, 0
43302, 8831, 0, 0, 0
43400, 11935, 0, 0, 0
43501, 9894, 0, 0, 0
43600, 12912, 0, 0, 0
43700, 12274, 0, 0, 0
43800, 12893, 0, 0, 0
43900, 12215, 0, 0, 0
44002, 10986, 0, 0, 0
44100, 16758, 0, 0, 0
44204, 7993, 0, 0, 0
44301, 8558, 0, 0, 0
44400, 14081, 0, 0, 0
44500, 10689, 0, 0, 0
44600, 9888, 0, 0, 0
44700, 8852, 0, 0, 0
44800, 10593, 0, 0, 0
44900, 14643, 0, 0, 0
45000, 13957, 0, 0, 0
45101, 10263, 0, 0, 0
45200, 11597, 0, 0, 0
45300, 11697, 0, 0, 0
45400, 15248, 0, 0, 0
45502, 11255, 0, 0, 0
45600, 10574, 0, 0, 0
45700, 12414, 0, 0, 0
45800, 15338, 0, 0, 0
45902, 15486, 0, 0, 0
46000, 11844, 0, 0, 0
46100, 11099, 0, 0, 0
46201, 10234, 0, 0, 0
46301, 13179, 0, 0, 0
46401, 14818, 0, 0, 0
46501, 12193, 0, 0, 0
46601, 13844, 0, 0, 0
46700, 14132, 0, 0, 0
46803, 13374, 0, 0, 0
46900, 11747, 0, 0, 0
47000, 11604, 0, 0, 0
47100, 14198, 0, 0, 0
47201, 10640, 0, 0, 0
47300, 12818, 0, 0, 0
47400, 16071, 0, 0, 0
47500, 11494, 0, 0, 0
47602, 12916, 0, 0, 0
47700, 12392, 0, 0, 0
47802, 13162, 0, 0, 0
47900, 10986, 0, 0, 0
48002, 11165, 0, 0, 0
48101, 11867, 0, 0, 0
48200, 9926, 0, 0, 0
48303, 12341, 0, 0, 0
48400, 15718, 0, 0, 0
48500, 11887, 0, 0, 0
48600, 12147, 0, 0, 0
48700, 13157, 0, 0, 0
48803, 16550, 0, 0, 0
48902, 15647, 0, 0, 0
49004, 11208, 0, 0, 0
49101, 13219, 0, 0, 0
49200, 13065, 0, 0, 0
49304, 11000, 0, 0, 0
49400, 11845, 0, 0, 0
49500, 12342, 0, 0, 0
49602, 14916, 0, 0, 0
49700, 16299, 0, 0, 0
49800, 10057, 0, 0, 0
49901, 13332, 0, 0, 0
50000, 13912, 0, 0, 0
50100, 13031, 0, 0, 0
50201, 12011, 0, 0, 0
50300, 12569, 0, 0, 0
50402, 11237, 0, 0, 0
50500, 10413, 0, 0, 0
50600, 11959, 0, 0, 0
50700, 11963, 0, 0, 0
50800, 15061, 0, 0, 0
50902, 12790, 0, 0, 0
51000, 15700, 0, 0, 0
51100, 13245, 0, 0, 0
51201, 13661, 0, 0, 0
51300, 9604, 0, 0, 0
51400, 10551, 0, 0, 0
51500, 15049, 0, 0, 0
51601, 13390, 0, 0, 0
51702, 19090, 0, 0, 0
51801, 19868, 0, 0, 0
51903, 14482, 0, 0, 0
52000, 13785, 0, 0, 0
52100, 14312, 0, 0, 0
52200, 10929, 0, 0, 0
52301, 14419, 0, 0, 0
52401, 12864, 0, 0, 0
52501, 13924, 0, 0, 0
52600, 10905, 0, 0, 0
52700, 13725, 0, 0, 0
52801, 12901, 0, 0, 0
52905, 13282, 0, 0, 0
53001, 10628, 0, 0, 0
53100, 12676, 0, 0, 0
53200, 13027, 0, 0, 0
53300, 11036, 0, 0, 0
53402, 11624, 0, 0, 0
53501, 17339, 0, 0, 0
53605, 19629, 0, 0, 0
53705, 11026, 0, 0, 0
53800, 9190, 0, 0, 0
53900, 9796, 0, 0, 0
54000, 16579, 0, 0, 0
54101, 15206, 0, 0, 0
54205, 11329, 0, 0, 0
54300, 12337, 0, 0, 0
54400, 11451, 0, 0, 0
54500, 12433, 0, 0, 0
54602, 10230, 0, 0, 0
54701, 10773, 0, 0, 0
54800, 13579, 0, 0, 0
54901, 14484, 0, 0, 0
55003, 13230, 0, 0, 0
55100, 8621, 0, 0, 0
55201, 7690, 0, 0, 0
55301, 8209, 0, 0, 0
55408, 11316, 0, 0, 0
55500, 8325, 0, 0, 0
55602, 10548, 0, 0, 0
55701, 13596, 0, 0, 0
55803, 10966, 0, 0, 0
55900, 11618, 0, 0, 0
56000, 9245, 0, 0, 0
56101, 10106, 0, 0, 0
56202, 11063, 0, 0, 0
56304, 11841, 0, 0, 0
56400, 12453, 0, 0, 0
56500, 13634, 0, 0, 0
56600, 13208, 0, 0, 0
56700, 16850, 0, 0, 0
56800, 16900, 0, 0, 0
56901, 15042, 0, 0, 0
57000, 15526, 0, 0, 0
57100, 15291, 0, 0, 0
57200, 15537, 0, 0, 0
57301, 14974, 0, 0, 0
57400, 16188, 0, 0, 0
57504, 13911, 0, 0, 0
57600, 14034, 0, 0, 0
57700, 12770, 0, 0, 0
57800, 13619, 0, 0, 0
57900, 14943, 0, 0, 0
58003, 11216, 0, 0, 0
58100, 12433, 0, 0, 0
58200, 14421, 0, 0, 0
58300, 13265, 0, 0, 0
58400, 13537, 0, 0, 0
58501, 13260, 0, 0, 0
58600, 15131, 0, 0, 0
58708, 13151, 0, 0, 0
58800, 12844, 0, 0, 0
58900, 11906, 0, 0, 0
59000, 9954, 0, 0, 0
59101, 10016, 0, 0, 0
59200, 9956, 0, 0, 0
59300, 11093, 0, 0, 0
59400, 11859, 0, 0, 0
59501, 14884, 0, 0, 0
59600, 10536, 0, 0, 0
59701, 11362, 0, 0, 0
59800, 11181, 0, 0, 0
59901, 12031, 0, 0, 0
60000, 19214, 0, 0, 0
60100, 10091, 0, 0, 0
60200, 10891, 0, 0, 0
60301, 11983, 0, 0, 0
60402, 15121, 0, 0, 0
60500, 14768, 0, 0, 0
60600, 10782, 0, 0, 0
60700, 10306, 0, 0, 0
60800, 14379, 0, 0, 0
60901, 14104, 0, 0, 0
61000, 9926, 0, 0, 0
61100, 12152, 0, 0, 0
61200, 13200, 0, 0, 0
61300, 10381, 0, 0, 0
61400, 10084, 0, 0, 0
61502, 8977, 0, 0, 0
61600, 8802, 0, 0, 0
61700, 10432, 0, 0, 0
61803, 10023, 0, 0, 0
61900, 11806, 0, 0, 0
62000, 12676, 0, 0, 0
62100, 10534, 0, 0, 0
62200, 14210, 0, 0, 0
62300, 11496, 0, 0, 0
62402, 15049, 0, 0, 0
62501, 11491, 0, 0, 0
62601, 13337, 0, 0, 0
62702, 8030, 0, 0, 0
62800, 11969, 0, 0, 0
62902, 14032, 0, 0, 0
63000, 13161, 0, 0, 0
63100, 13250, 0, 0, 0
63200, 9764, 0, 0, 0
63302, 11375, 0, 0, 0
63400, 10160, 0, 0, 0
63500, 11968, 0, 0, 0
63600, 12672, 0, 0, 0
63700, 12777, 0, 0, 0
63800, 9355, 0, 0, 0
63901, 9645, 0, 0, 0
64001, 11636, 0, 0, 0
64100, 15135, 0, 0, 0
64200, 17366, 0, 0, 0
64300, 10450, 0, 0, 0
64401, 9073, 0, 0, 0
64500, 12347, 0, 0, 0
64600, 9949, 0, 0, 0
64701, 12189, 0, 0, 0
64800, 16006, 0, 0, 0
64900, 12104, 0, 0, 0
65000, 11355, 0, 0, 0
65100, 12829, 0, 0, 0
65200, 11209, 0, 0, 0
65301, 11076, 0, 0, 0
65401, 11498, 0, 0, 0
65500, 13113, 0, 0, 0
65601, 9958, 0, 0, 0
65701, 13143, 0, 0, 0
65802, 12382, 0, 0, 0
65903, 12643, 0, 0, 0
66001, 11989, 0, 0, 0
66100, 12283, 0, 0, 0
66200, 10076, 0, 0, 0
66303, 11402, 0, 0, 0
66400, 11266, 0, 0, 0
66501, 14942, 0, 0, 0
66600, 13329, 0, 0, 0
66700, 13617, 0, 0, 0
66802, 15617, 0, 0, 0
66900, 16422, 0, 0, 0
67000, 10507, 0, 0, 0
67100, 9398, 0, 0, 0
67201, 10943, 0, 0, 0
67302, 9279, 0, 0, 0
67401, 11404, 0, 0, 0
67500, 17489, 0, 0, 0
67600, 13985, 0, 0, 0
67700, 10909, 0, 0, 0
67800, 11554, 0, 0, 0
67900, 10277, 0, 0, 0
68001, 8599, 0, 0, 0
68100, 11322, 0, 0, 0
68200, 9378, 0, 0, 0
68300, 9477, 0, 0, 0
68403, 9331, 0, 0, 0
68500, 9812, 0, 0, 0
68600, 9440, 0, 0, 0
68700, 10193, 0, 0, 0
68800, 10982, 0, 0, 0
68901, 15383, 0, 0, 0
69001, 14275, 0, 0, 0
69101, 12755, 0, 0, 0
69200, 10089, 0, 0, 0
69305, 12908, 0, 0, 0
69401, 9623, 0, 0, 0
69500, 13591, 0, 0, 0
69600, 11483, 0, 0, 0
69700, 11648, 0, 0, 0
69800, 14362, 0, 0, 0
69900, 17488, 0, 0, 0
70000, 11981, 0, 0, 0
70100, 10650, 0, 0, 0
70200, 12240, 0, 0, 0
70308, 10943, 0, 0, 0
70400, 11962, 0, 0, 0
70501, 12978, 0, 0, 0
70600, 14001, 0, 0, 0
70700, 13451, 0, 0, 0
70800, 13766, 0, 0, 0
70900, 10482, 0, 0, 0
71001, 10619, 0, 0, 0
71103, 10541, 0, 0, 0
71203, 14133, 0, 0, 0
71302, 11033, 0, 0, 0
71403, 11268, 0, 0, 0
71500, 8812, 0, 0, 0
71601, 14098, 0, 0, 0
71702, 10928, 0, 0, 0
71800, 13857, 0, 0, 0
71901, 13056, 0, 0, 0
72000, 12034, 0, 0, 0
72100, 12319, 0, 0, 0
72201, 8480, 0, 0, 0
72302, 9238, 0, 0, 0
72400, 12666, 0, 0, 0
72500, 9973, 0, 0, 0
72600, 9790, 0, 0, 0
72701, 11379, 0, 0, 0
72802, 14926, 0, 0, 0
72902, 16526, 0, 0, 0
73001, 9843, 0, 0, 0
73101, 10337, 0, 0, 0
73200, 8073, 0, 0, 0
73300, 8370, 0, 0, 0
73400, 13082, 0, 0, 0
73500, 14497, 0, 0, 0
73600, 13540, 0, 0, 0
73700, 13272, 0, 0, 0
73802, 9859, 0, 0, 0
73900, 10747, 0, 0, 0
74001, 11198, 0, 0, 0
74104, 10521, 0, 0, 0
74200, 13201, 0, 0, 0
74300, 12534, 0, 0, 0
74402, 11226, 0, 0, 0
74500, 14256, 0, 0, 0
74600, 16644, 0, 0, 0
74701, 14205, 0, 0, 0
74800, 12245, 0, 0, 0
74900, 10728, 0, 0, 0
75000, 11143, 0, 0, 0
75100, 12310, 0, 0, 0
75200, 10389, 0, 0, 0
75303, 12410, 0, 0, 0
75400, 16820, 0, 0, 0
75502, 15178, 0, 0, 0
75601, 14307, 0, 0, 0
75700, 13697, 0, 0, 0
75800, 11734, 0, 0, 0
75901, 12667, 0, 0, 0
76002, 11505, 0, 0, 0
76101, 12320, 0, 0, 0
76202, 10290, 0, 0, 0
76300, 12518, 0, 0, 0
76400, 9736, 0, 0, 0
76500, 12581, 0, 0, 0
76602, 11238, 0, 0, 0
76703, 12402, 0, 0, 0
76800, 11618, 0, 0, 0
76900, 13365, 0, 0, 0
77000, 15262, 0, 0, 0
77100, 12586, 0, 0, 0
77200, 12797, 0, 0, 0
77301, 16674, 0, 0, 0
77403, 15561, 0, 0, 0
77501, 13219, 0, 0, 0
77601, 14427, 0, 0, 0
77700, 13737, 0, 0, 0
77800, 12452, 0, 0, 0
77900, 11303, 0, 0, 0
78000, 12843, 0, 0, 0
78100, 15814, 0, 0, 0
78201, 15620, 0, 0, 0
78300, 11750, 0, 0, 0
78400, 11894, 0, 0, 0
78501, 12766, 0, 0, 0
78600, 11266, 0, 0, 0
78700, 8291, 0, 0, 0
78800, 16249, 0, 0, 0
78900, 16558, 0, 0, 0
79002, 17518, 0, 0, 0
79100, 14311, 0, 0, 0
79200, 10036, 0, 0, 0
79303, 17311, 0, 0, 0
79400, 14888, 0, 0, 0
79500, 13855, 0, 0, 0
79602, 18262, 0, 0, 0
79700, 14810, 0, 0, 0
79800, 13719, 0, 0, 0
79900, 16645, 0, 0, 0
80000, 11961, 0, 0, 0
80100, 14903, 0, 0, 0
80200, 11748, 0, 0, 0
80300, 13268, 0, 0, 0
80400, 17180, 0, 0, 0
80500, 14020, 0, 0, 0
80602, 13806, 0, 0, 0
80700, 12175, 0, 0, 0
80800, 13082, 0, 0, 0
80901, 11089, 0, 0, 0
81000, 11364, 0, 0, 0
81100, 8446, 0, 0, 0
81200, 9874, 0, 0, 0
81301, 12453, 0, 0, 0
81400, 13970, 0, 0, 0
81500, 11776, 0, 0, 0
81601, 14793, 0, 0, 0
81700, 12026, 0, 0, 0
81800, 12673, 0, 0, 0
81900, 9665, 0, 0, 0
82001, 13957, 0, 0, 0
82100, 15165, 0, 0, 0
82200, 11012, 0, 0, 0
82301, 13040, 0, 0, 0
82400, 12512, 0, 0, 0
82500, 11409, 0, 0, 0
82600, 11669, 0, 0, 0
82702, 12495, 0, 0, 0
82801, 15543, 0, 0, 0
82902, 14622, 0, 0, 0
83000, 11494, 0, 0, 0
83101, 13967, 0, 0, 0
83201, 13430, 0, 0, 0
83303, 11424, 0, 0, 0
83408, 11383, 0, 0, 0
83500, 11366, 0, 0, 0
83601, 14782, 0, 0, 0
83700, 10063, 0, 0, 0
83801, 11112, 0, 0, 0
83900, 13116, 0, 0, 0
84001, 10721, 0, 0, 0
84101, 11869, 0, 0, 0
84200, 13284, 0, 0, 0
84300, 11872, 0, 0, 0
84400, 11504, 0, 0, 0
84502, 8964, 0, 0, 0
84600, 16367, 0, 0, 0
84700, 12297, 0, 0, 0
84800, 8885, 0, 0, 0
84901, 8898, 0, 0, 0
85000, 8144, 0, 0, 0
85103, 10277, 0, 0, 0
85201, 14686, 0, 0, 0
85300, 10227, 0, 0, 0
85403, 10401, 0, 0, 0
85501, 9266, 0, 0, 0
85600, 13473, 0, 0, 0
85700, 15545, 0, 0, 0
85802, 14058, 0, 0, 0
85900, 11222, 0, 0, 0
86000, 14136, 0, 0, 0
86104, 11303, 0, 0, 0
86200, 14869, 0, 0, 0
86304, 13910, 0, 0, 0
86400, 16084, 0, 0, 0
86501, 16146, 0, 0, 0
86600, 9969, 0, 0, 0
86700, 9139, 0, 0, 0
86800, 12485, 0, 0, 0
86902, 11159, 0, 0, 0
87000, 13612, 0, 0, 0
87100, 12062, 0, 0, 0
87200, 11009, 0, 0, 0
87311, 8701, 0, 0, 0
87400, 8304, 0, 0, 0
87501, 11588, 0, 0, 0
87600, 11008, 0, 0, 0
87703, 13694, 0, 0, 0
87800, 13423, 0, 0, 0
87901, 12848, 0, 0, 0
88000, 10036, 0, 0, 0
88103, 14539, 0, 0, 0
88202, 12830, 0, 0, 0
88302, 15885, 0, 0, 0
88402, 9754, 0, 0, 0
88500, 11659, 0, 0, 0
88602, 13101, 0, 0, 0
88702, 13077, 0, 0, 0
88800, 11500, 0, 0, 0
88901, 10270, 0, 0, 0
89000, 9159, 0, 0, 0
89100, 10219, 0, 0, 0
89200, 13617, 0, 0, 0
89300, 9799, 0, 0, 0
89400, 12263, 0, 0, 0
89500, 9163, 0, 0, 0
89601, 8900, 0, 0, 0
89700, 12436, 0, 0, 0
89800, 12034, 0, 0, 0
89900, 9990, 0, 0, 0
90017, 12949, 0, 0, 0
