100, 391440, 0, 0, 0
103, 656032, 1, 0, 0
200, 657185, 1, 0, 0
201, 368707, 0, 0, 0
300, 666063, 1, 0, 0
301, 358543, 0, 0, 0
400, 390385, 0, 0, 0
401, 672264, 1, 0, 0
500, 639200, 1, 0, 0
503, 363255, 0, 0, 0
600, 676554, 1, 0, 0
600, 373756, 0, 0, 0
700, 372330, 0, 0, 0
701, 681158, 1, 0, 0
800, 659235, 1, 0, 0
800, 375901, 0, 0, 0
900, 368105, 0, 0, 0
900, 687949, 1, 0, 0
1000, 369777, 0, 0, 0
1000, 687615, 1, 0, 0
1100, 375047, 0, 0, 0
1100, 676464, 1, 0, 0
1200, 690421, 1, 0, 0
1201, 374983, 0, 0, 0
1300, 378117, 0, 0, 0
1301, 749909, 1, 0, 0
1400, 382562, 0, 0, 0
1401, 713185, 1, 0, 0
1500, 696647, 1, 0, 0
1501, 383853, 0, 0, 0
1600, 393827, 0, 0, 0
1604, 691254, 1, 0, 0
1700, 672996, 1, 0, 0
1700, 369588, 0, 0, 0
1800, 694506, 1, 0, 0
1801, 378068, 0, 0, 0
1900, 394191, 0, 0, 0
1902, 705340, 1, 0, 0
2000, 396346, 0, 0, 0
2002, 703530, 1, 0, 0
2100, 389936, 0, 0, 0
2101, 695798, 1, 0, 0
2200, 395065, 0, 0, 0
2200, 732849, 1, 0, 0
2300, 387622, 0, 0, 0
2302, 698619, 1, 0, 0
2400, 696952, 1, 0, 0
2401, 390777, 0, 0, 0
2500, 388688, 0, 0, 0
2501, 710990, 1, 0, 0
2600, 673881, 1, 0, 0
2601, 390502, 0, 0, 0
2700, 372842, 0, 0, 0
2703, 692608, 1, 0, 0
2800, 392653, 0, 0, 0
2801, 713034, 1, 0, 0
2900, 391579, 0, 0, 0
2901, 663910, 1, 0, 0
3000, 376428, 0, 0, 0
3001, 713519, 1, 0, 0
3100, 381108, 0, 0, 0
3107, 665240, 1, 0, 0
3200, 386886, 0, 0, 0
3203, 700524, 1, 0, 0
3300, 384669, 0, 0, 0
3301, 704792, 1, 0, 0
3400, 389123, 0, 0, 0
3402, 714803, 1, 0, 0
3500, 724515, 1, 0, 0
3500, 387815, 0, 0, 0
3600, 402915, 0, 0, 0
3602, 715715, 1, 0, 0
3700, 392031, 0, 0, 0
3700, 697551, 1, 0, 0
3800, 395466, 0, 0, 0
3802, 674979, 1, 0, 0
3900, 373787, 0, 0, 0
3900, 710040, 1, 0, 0
4000, 382341, 0, 0, 0
4001, 656200, 1, 0, 0
4100, 391201, 0, 0, 0
4101, 725669, 1, 0, 0
4200, 716371, 1, 0, 0
4200, 374561, 0, 0, 0
4300, 691764, 1, 0, 0
4301, 397183, 0, 0, 0
4400, 665604, 1, 0, 0
4400, 375938, 0, 0, 0
4500, 662890, 1, 0, 0
4501, 381072, 0, 0, 0
4600, 666091, 1, 0, 0
4602, 381001, 0, 0, 0
4700, 379311, 0, 0, 0
4700, 690515, 1, 0, 0
4800, 378878, 0, 0, 0
4800, 714490, 1, 0, 0
4900, 384415, 0, 0, 0
4900, 675563, 1, 0, 0
5000, 373073, 0, 0, 0
5001, 729387, 1, 0, 0
5100, 383690, 0, 0, 0
5101, 715154, 1, 0, 0
5200, 390881, 0, 0, 0
5201, 703499, 1, 0, 0
5300, 383720, 0, 0, 0
5300, 692601, 1, 0, 0
5400, 685470, 1, 0, 0
5401, 378667, 0, 0, 0
5500, 662723, 1, 0, 0
5500, 381621, 0, 0, 0
5600, 389886, 0, 0, 0
5601, 735777, 1, 0, 0
5700, 386080, 0, 0, 0
5701, 648094, 1, 0, 0
5800, 740159, 1, 0, 0
5801, 365224, 0, 0, 0
5900, 718966, 1, 0, 0
5901, 382051, 0, 0, 0
6000, 726758, 1, 0, 0
6000, 371660, 0, 0, 0
6100, 693476, 1, 0, 0
6100, 383103, 0, 0, 0
6200, 401688, 0, 0, 0
6202, 708874, 1, 0, 0
6300, 418060, 0, 0, 0
6301, 669864, 1, 0, 0
6400, 702350, 1, 0, 0
6400, 380113, 0, 0, 0
6500, 718499, 1, 0, 0
6500, 393478, 0, 0, 0
6600, 668716, 1, 0, 0
6600, 378793, 0, 0, 0
6700, 381833, 0, 0, 0
6705, 719046, 1, 0, 0
6800, 716739, 1, 0, 0
6800, 382256, 0, 0, 0
6900, 380850, 0, 0, 0
6902, 689011, 1, 0, 0
7000, 386633, 0, 0, 0
7005, 714200, 1, 0, 0
7100, 376576, 0, 0, 0
7101, 708514, 1, 0, 0
7200, 707007, 1, 0, 0
7201, 389875, 0, 0, 0
7300, 358976, 0, 0, 0
7301, 681057, 1, 0, 0
7400, 376361, 0, 0, 0
7401, 667751, 1, 0, 0
7500, 380060, 0, 0, 0
7502, 717621, 1, 0, 0
7600, 371943, 0, 0, 0
7601, 692956, 1, 0, 0
7700, 681106, 1, 0, 0
7700, 378084, 0, 0, 0
7800, 382760, 0, 0, 0
7803, 676193, 1, 0, 0
7900, 385012, 0, 0, 0
7901, 681919, 1, 0, 0
8000, 725617, 1, 0, 0
8000, 388576, 0, 0, 0
8100, 399959, 0, 0, 0
8103, 669761, 1, 0, 0
8200, 651204, 1, 0, 0
8200, 376805, 0, 0, 0
8300, 382896, 0, 0, 0
8300, 651064, 1, 0, 0
8400, 365471, 0, 0, 0
8401, 657822, 1, 0, 0
8500, 687445, 1, 0, 0
8500, 367018, 0, 0, 0
8600, 738430, 1, 0, 0
8601, 368401, 0, 0, 0
8700, 377294, 0, 0, 0
8700, 702654, 1, 0, 0
8800, 686850, 1, 0, 0
8801, 381105, 0, 0, 0
8900, 658454, 1, 0, 0
8900, 392776, 0, 0, 0
9000, 392444, 0, 0, 0
9002, 649650, 1, 0, 0
9100, 706324, 1, 0, 0
9100, 387045, 0, 0, 0
9200, 666340, 1, 0, 0
9200, 381659, 0, 0, 0
9300, 714634, 1, 0, 0
9303, 372095, 0, 0, 0
9400, 392664, 0, 0, 0
9401, 685405, 1, 0, 0
9500, 679491, 1, 0, 0
9500, 387722, 0, 0, 0
9600, 760830, 1, 0, 0
9600, 374083, 0, 0, 0
9700, 381525, 0, 0, 0
9701, 669269, 1, 0, 0
9800, 386492, 0, 0, 0
9801, 738502, 1, 0, 0
9900, 722909, 1, 0, 0
9900, 387650, 0, 0, 0
10000, 374924, 0, 0, 0
10000, 658785, 1, 0, 0
10100, 376959, 0, 0, 0
10103, 670578, 1, 0, 0
10200, 371650, 0, 0, 0
10202, 633244, 1, 0, 0
10300, 370045, 0, 0, 0
10301, 662574, 1, 0, 0
10400, 673715, 1, 0, 0
10401, 380807, 0, 0, 0
10500, 661479, 1, 0, 0
10500, 379555, 0, 0, 0
10600, 722592, 1, 0, 0
10601, 377070, 0, 0, 0
10700, 637798, 1, 0, 0
10700, 386188, 0, 0, 0
10800, 720978, 1, 0, 0
10800, 374101, 0, 0, 0
10900, 388879, 0, 0, 0
10900, 679563, 1, 0, 0
11000, 680381, 1, 0, 0
11001, 363980, 0, 0, 0
11100, 371588, 0, 0, 0
11101, 739563, 1, 0, 0
11200, 689461, 1, 0, 0
11202, 370833, 0, 0, 0
11300, 710450, 1, 0, 0
11300, 382308, 0, 0, 0
11400, 382122, 0, 0, 0
11400, 703394, 1, 0, 0
11500, 357170, 0, 0, 0
11501, 665809, 1, 0, 0
11600, 666645, 1, 0, 0
11601, 369771, 0, 0, 0
11700, 692588, 1, 0, 0
11702, 389242, 0, 0, 0
11800, 379738, 0, 0, 0
11801, 653706, 1, 0, 0
11900, 377665, 0, 0, 0
11901, 675213, 1, 0, 0
12000, 654254, 1, 0, 0
12000, 377324, 0, 0, 0
12100, 698583, 1, 0, 0
12101, 391569, 0, 0, 0
12200, 377429, 0, 0, 0
12200, 671055, 1, 0, 0
12300, 375924, 0, 0, 0
12302, 678209, 1, 0, 0
12400, 711217, 1, 0, 0
12400, 400335, 0, 0, 0
12500, 705658, 1, 0, 0
12501, 378004, 0, 0, 0
12600, 712326, 1, 0, 0
12601, 390050, 0, 0, 0
12700, 383990, 0, 0, 0
12702, 708182, 1, 0, 0
12800, 694002, 1, 0, 0
12800, 388111, 0, 0, 0
12900, 647182, 1, 0, 0
12900, 372455, 0, 0, 0
13000, 649213, 1, 0, 0
13002, 374999, 0, 0, 0
13100, 716870, 1, 0, 0
13101, 384229, 0, 0, 0
13200, 379222, 0, 0, 0
13201, 729150, 1, 0, 0
13300, 379488, 0, 0, 0
13301, 712501, 1, 0, 0
13400, 681990, 1, 0, 0
13400, 383290, 0, 0, 0
13500, 387017, 0, 0, 0
13501, 685411, 1, 0, 0
13600, 652065, 1, 0, 0
13600, 376901, 0, 0, 0
13700, 382686, 0, 0, 0
13700, 665130, 1, 0, 0
13800, 375349, 0, 0, 0
13800, 700809, 1, 0, 0
13900, 716982, 1, 0, 0
13901, 393036, 0, 0, 0
14000, 380578, 0, 0, 0
14001, 691336, 1, 0, 0
14100, 717121, 1, 0, 0
14100, 383856, 0, 0, 0
14200, 757414, 1, 0, 0
14200, 379788, 0, 0, 0
14300, 696334, 1, 0, 0
14301, 378973, 0, 0, 0
14400, 665367, 1, 0, 0
14401, 376735, 0, 0, 0
14500, 696545, 1, 0, 0
14500, 384963, 0, 0, 0
14600, 386427, 0, 0, 0
14601, 651103, 1, 0, 0
14700, 390057, 0, 0, 0
14701, 692022, 1, 0, 0
14800, 397249, 0, 0, 0
14801, 672012, 1, 0, 0
14900, 656375, 1, 0, 0
14901, 377294, 0, 0, 0
15000, 667133, 1, 0, 0
15001, 386636, 0, 0, 0
15100, 380759, 0, 0, 0
15100, 705048, 1, 0, 0
15200, 361999, 0, 0, 0
15202, 695974, 1, 0, 0
15300, 672472, 1, 0, 0
15300, 386102, 0, 0, 0
15400, 379850, 0, 0, 0
15401, 688298, 1, 0, 0
15500, 380624, 0, 0, 0
15502, 661901, 1, 0, 0
15600, 389765, 0, 0, 0
15601, 691664, 1, 0, 0
15700, 684228, 1, 0, 0
15700, 385608, 0, 0, 0
15800, 397701, 0, 0, 0
15802, 693947, 1, 0, 0
15900, 381648, 0, 0, 0
15901, 727570, 1, 0, 0
16000, 685810, 1, 0, 0
16000, 410085, 0, 0, 0
16100, 395502, 0, 0, 0
16100, 692189, 1, 0, 0
16200, 700784, 1, 0, 0
16200, 382229, 0, 0, 0
16300, 380025, 0, 0, 0
16301, 672095, 1, 0, 0
16400, 382735, 0, 0, 0
16402, 692196, 1, 0, 0
16500, 706234, 1, 0, 0
16501, 384743, 0, 0, 0
16600, 673938, 1, 0, 0
16602, 376277, 0, 0, 0
16700, 389594, 0, 0, 0
16701, 716639, 1, 0, 0
16800, 683848, 1, 0, 0
16800, 375246, 0, 0, 0
16900, 398068, 0, 0, 0
16901, 735964, 1, 0, 0
17000, 400018, 0, 0, 0
17001, 695492, 1, 0, 0
17100, 391071, 0, 0, 0
17100, 682594, 1, 0, 0
17200, 400281, 0, 0, 0
17200, 704199, 1, 0, 0
17300, 764966, 1, 0, 0
17300, 390218, 0, 0, 0
17400, 383936, 0, 0, 0
17403, 683423, 1, 0, 0
17500, 659291, 1, 0, 0
17500, 386261, 0, 0, 0
17600, 678143, 1, 0, 0
17600, 403068, 0, 0, 0
17700, 672077, 1, 0, 0
17700, 378424, 0, 0, 0
17800, 392034, 0, 0, 0
17801, 742531, 1, 0, 0
17900, 787853, 1, 0, 0
17901, 400168, 0, 0, 0
18000, 383470, 0, 0, 0
18001, 701584, 1, 0, 0
18100, 380528, 0, 0, 0
18101, 703062, 1, 0, 0
18200, 750099, 1, 0, 0
18201, 375870, 0, 0, 0
18300, 693040, 1, 0, 0
18301, 394836, 0, 0, 0
18400, 716312, 1, 0, 0
18400, 366420, 0, 0, 0
18500, 378323, 0, 0, 0
18501, 686853, 1, 0, 0
18600, 685982, 1, 0, 0
18600, 372483, 0, 0, 0
18700, 381778, 0, 0, 0
18703, 684380, 1, 0, 0
18800, 675860, 1, 0, 0
18802, 383917, 0, 0, 0
18900, 691303, 1, 0, 0
18901, 376977, 0, 0, 0
19000, 686570, 1, 0, 0
19000, 388417, 0, 0, 0
19100, 709495, 1, 0, 0
19100, 376440, 0, 0, 0
19201, 678882, 1, 0, 0
19202, 378800, 0, 0, 0
19300, 689065, 1, 0, 0
19300, 375506, 0, 0, 0
19400, 383446, 0, 0, 0
19402, 701759, 1, 0, 0
19500, 676648, 1, 0, 0
19500, 394063, 0, 0, 0
19600, 382568, 0, 0, 0
19601, 670205, 1, 0, 0
19701, 696046, 1, 0, 0
19701, 375180, 0, 0, 0
19800, 682070, 1, 0, 0
19800, 373985, 0, 0, 0
19900, 691810, 1, 0, 0
19900, 383395, 0, 0, 0
20000, 674834, 1, 0, 0
20000, 362916, 0, 0, 0
20100, 387035, 0, 0, 0
20101, 688625, 1, 0, 0
20200, 368718, 0, 0, 0
20202, 694410, 1, 0, 0
20300, 701669, 1, 0, 0
20301, 413832, 0, 0, 0
20400, 394857, 0, 0, 0
20402, 683309, 1, 0, 0
20500, 724285, 1, 0, 0
20501, 384249, 0, 0, 0
20600, 381352, 0, 0, 0
20601, 659783, 1, 0, 0
20700, 378274, 0, 0, 0
20700, 721248, 1, 0, 0
20800, 389665, 0, 0, 0
20801, 678436, 1, 0, 0
20900, 384237, 0, 0, 0
20900, 696371, 1, 0, 0
21000, 373562, 0, 0, 0
21003, 688987, 1, 0, 0
21100, 386779, 0, 0, 0
21103, 700871, 1, 0, 0
21200, 393092, 0, 0, 0
21200, 713407, 1, 0, 0
21300, 389321, 0, 0, 0
21302, 710522, 1, 0, 0
21400, 380221, 0, 0, 0
21400, 708243, 1, 0, 0
21500, 671163, 1, 0, 0
21502, 386998, 0, 0, 0
21600, 370059, 0, 0, 0
21601, 706263, 1, 0, 0
21700, 392898, 0, 0, 0
21701, 664803, 1, 0, 0
21800, 371463, 0, 0, 0
21801, 665435, 1, 0, 0
21900, 385223, 0, 0, 0
21901, 696385, 1, 0, 0
22000, 381626, 0, 0, 0
22002, 666239, 1, 0, 0
22100, 397991, 0, 0, 0
22101, 655105, 1, 0, 0
22200, 396308, 0, 0, 0
22201, 685203, 1, 0, 0
22300, 361800, 0, 0, 0
22302, 711266, 1, 0, 0
22400, 386062, 0, 0, 0
22401, 690760, 1, 0, 0
22500, 371266, 0, 0, 0
22503, 674509, 1, 0, 0
22600, 643251, 1, 0, 0
22600, 378118, 0, 0, 0
22700, 380315, 0, 0, 0
22700, 681119, 1, 0, 0
22800, 373791, 0, 0, 0
22800, 666333, 1, 0, 0
22900, 700428, 1, 0, 0
22901, 384921, 0, 0, 0
23000, 400216, 0, 0, 0
23001, 747289, 1, 0, 0
23100, 670888, 1, 0, 0
23102, 382038, 0, 0, 0
23200, 393726, 0, 0, 0
23201, 703224, 1, 0, 0
23300, 385286, 0, 0, 0
23301, 717315, 1, 0, 0
23400, 668650, 1, 0, 0
23400, 384225, 0, 0, 0
23500, 726335, 1, 0, 0
23500, 392537, 0, 0, 0
23600, 731546, 1, 0, 0
23600, 397054, 0, 0, 0
23700, 388243, 0, 0, 0
23701, 721058, 1, 0, 0
23800, 788312, 1, 0, 0
23800, 403007, 0, 0, 0
23900, 673349, 1, 0, 0
23901, 407308, 0, 0, 0
24000, 393404, 0, 0, 0
24003, 671598, 1, 0, 0
24100, 687830, 1, 0, 0
24101, 380082, 0, 0, 0
24200, 382605, 0, 0, 0
24200, 676709, 1, 0, 0
24300, 678130, 1, 0, 0
24300, 361573, 0, 0, 0
24400, 381915, 0, 0, 0
24402, 684515, 1, 0, 0
24500, 377935, 0, 0, 0
24500, 696852, 1, 0, 0
24600, 385873, 0, 0, 0
24601, 686530, 1, 0, 0
24700, 383182, 0, 0, 0
24701, 726817, 1, 0, 0
24800, 395445, 0, 0, 0
24800, 684615, 1, 0, 0
24900, 370807, 0, 0, 0
24903, 678637, 1, 0, 0
25000, 668436, 1, 0, 0
25000, 367425, 0, 0, 0
25100, 387668, 0, 0, 0
25102, 730001, 1, 0, 0
25200, 399518, 0, 0, 0
25202, 679149, 1, 0, 0
25300, 378370, 0, 0, 0
25300, 708008, 1, 0, 0
25400, 401077, 0, 0, 0
25401, 719840, 1, 0, 0
25500, 390809, 0, 0, 0
25500, 732541, 1, 0, 0
25600, 732382, 1, 0, 0
25602, 392407, 0, 0, 0
25700, 676789, 1, 0, 0
25700, 387099, 0, 0, 0
25800, 385915, 0, 0, 0
25800, 683416, 1, 0, 0
25900, 396384, 0, 0, 0
25903, 675002, 1, 0, 0
26000, 700111, 1, 0, 0
26000, 382357, 0, 0, 0
26100, 677730, 1, 0, 0
26100, 380017, 0, 0, 0
26200, 378234, 0, 0, 0
26201, 733454, 1, 0, 0
26300, 372707, 0, 0, 0
26300, 724306, 1, 0, 0
26400, 393366, 0, 0, 0
26400, 717762, 1, 0, 0
26500, 675139, 1, 0, 0
26501, 385550, 0, 0, 0
26600, 707999, 1, 0, 0
26600, 382449, 0, 0, 0
26700, 379768, 0, 0, 0
26705, 748100, 1, 0, 0
26800, 701716, 1, 0, 0
26801, 377936, 0, 0, 0
26900, 688853, 1, 0, 0
26901, 384387, 0, 0, 0
27000, 388191, 0, 0, 0
27003, 700778, 1, 0, 0
27100, 395920, 0, 0, 0
27100, 676792, 1, 0, 0
27200, 359939, 0, 0, 0
27202, 719278, 1, 0, 0
27300, 383572, 0, 0, 0
27300, 694431, 1, 0, 0
27400, 380786, 0, 0, 0
27402, 685503, 1, 0, 0
27500, 387266, 0, 0, 0
27500, 679814, 1, 0, 0
27600, 718714, 1, 0, 0
27600, 391259, 0, 0, 0
27700, 707702, 1, 0, 0
27700, 388174, 0, 0, 0
27800, 689193, 1, 0, 0
27800, 377347, 0, 0, 0
27900, 388715, 0, 0, 0
27900, 716774, 1, 0, 0
28000, 395728, 0, 0, 0
28002, 722322, 1, 0, 0
28100, 681822, 1, 0, 0
28100, 385532, 0, 0, 0
28200, 377678, 0, 0, 0
28201, 689199, 1, 0, 0
28300, 387662, 0, 0, 0
28300, 735069, 1, 0, 0
28400, 703216, 1, 0, 0
28400, 372651, 0, 0, 0
28500, 657412, 1, 0, 0
28500, 373903, 0, 0, 0
28600, 387068, 0, 0, 0
28607, 702103, 1, 0, 0
28700, 387714, 0, 0, 0
28700, 716685, 1, 0, 0
28800, 395636, 0, 0, 0
28800, 770975, 1, 0, 0
28900, 689022, 1, 0, 0
28901, 393837, 0, 0, 0
29000, 383025, 0, 0, 0
29002, 714108, 1, 0, 0
29100, 395565, 0, 0, 0
29100, 689497, 1, 0, 0
29200, 384016, 0, 0, 0
29201, 719652, 1, 0, 0
29300, 388953, 0, 0, 0
29300, 706767, 1, 0, 0
29400, 754815, 1, 0, 0
29400, 384132, 0, 0, 0
29500, 727413, 1, 0, 0
29500, 381274, 0, 0, 0
29600, 384298, 0, 0, 0
29601, 678308, 1, 0, 0
29700, 394186, 0, 0, 0
29700, 738356, 1, 0, 0
29800, 411041, 0, 0, 0
29800, 685416, 1, 0, 0
29900, 779602, 1, 0, 0
29901, 394879, 0, 0, 0
30000, 721456, 1, 0, 0
30001, 389464, 0, 0, 0
30100, 715834, 1, 0, 0
30101, 405252, 0, 0, 0
30200, 373104, 0, 0, 0
30201, 702157, 1, 0, 0
30301, 711608, 1, 0, 0
30302, 394384, 0, 0, 0
30400, 803552, 1, 0, 0
30401, 381765, 0, 0, 0
30500, 407374, 0, 0, 0
30501, 706739, 1, 0, 0
30600, 720527, 1, 0, 0
30601, 401198, 0, 0, 0
30700, 407707, 0, 0, 0
30702, 728491, 1, 0, 0
30800, 399954, 0, 0, 0
30800, 803369, 1, 0, 0
30900, 387086, 0, 0, 0
30901, 740670, 1, 0, 0
31000, 744653, 1, 0, 0
31000, 383762, 0, 0, 0
31100, 401069, 0, 0, 0
31100, 729883, 1, 0, 0
31200, 716831, 1, 0, 0
31201, 404225, 0, 0, 0
31300, 728692, 1, 0, 0
31302, 397442, 0, 0, 0
31400, 717610, 1, 0, 0
31402, 400024, 0, 0, 0
31500, 394585, 0, 0, 0
31502, 731924, 1, 0, 0
31600, 412409, 0, 0, 0
31602, 723275, 1, 0, 0
31700, 746707, 1, 0, 0
31700, 382870, 0, 0, 0
31800, 396249, 0, 0, 0
31801, 740396, 1, 0, 0
31900, 705363, 1, 0, 0
31901, 413851, 0, 0, 0
32000, 404744, 0, 0, 0
32001, 722372, 1, 0, 0
32100, 384486, 0, 0, 0
32102, 739126, 1, 0, 0
32200, 780906, 1, 0, 0
32200, 388429, 0, 0, 0
32300, 394649, 0, 0, 0
32301, 678390, 1, 0, 0
32400, 394356, 0, 0, 0
32402, 692431, 1, 0, 0
32500, 760761, 1, 0, 0
32500, 377564, 0, 0, 0
32600, 747846, 1, 0, 0
32601, 416263, 0, 0, 0
32700, 773365, 1, 0, 0
32702, 391111, 0, 0, 0
32800, 400544, 0, 0, 0
32801, 688059, 1, 0, 0
32900, 732728, 1, 0, 0
32904, 400460, 0, 0, 0
33000, 711867, 1, 0, 0
33000, 390954, 0, 0, 0
33100, 721136, 1, 0, 0
33100, 384235, 0, 0, 0
33200, 411941, 0, 0, 0
33202, 721853, 1, 0, 0
33300, 387344, 0, 0, 0
33300, 763891, 1, 0, 0
33400, 691149, 1, 0, 0
33401, 404804, 0, 0, 0
33500, 765921, 1, 0, 0
33500, 402717, 0, 0, 0
33600, 719395, 1, 0, 0
33600, 381808, 0, 0, 0
33700, 800047, 1, 0, 0
33701, 392908, 0, 0, 0
33800, 776270, 1, 0, 0
33801, 400147, 0, 0, 0
33900, 395660, 0, 0, 0
33902, 716551, 1, 0, 0
34000, 759752, 1, 0, 0
34000, 390333, 0, 0, 0
34100, 394801, 0, 0, 0
34100, 703440, 1, 0, 0
34200, 767829, 1, 0, 0
34200, 398353, 0, 0, 0
34300, 416460, 0, 0, 0
34302, 753894, 1, 0, 0
34400, 420744, 0, 0, 0
34400, 766709, 1, 0, 0
34500, 404038, 0, 0, 0
34502, 728838, 1, 0, 0
34600, 393836, 0, 0, 0
34603, 749514, 1, 0, 0
34700, 389969, 0, 0, 0
34702, 716993, 1, 0, 0
34800, 735165, 1, 0, 0
34801, 396352, 0, 0, 0
34900, 756402, 1, 0, 0
34902, 392059, 0, 0, 0
35000, 400603, 0, 0, 0
35003, 773690, 1, 0, 0
35100, 382506, 0, 0, 0
35102, 688797, 1, 0, 0
35200, 416088, 0, 0, 0
35201, 738898, 1, 0, 0
35300, 722011, 1, 0, 0
35302, 391773, 0, 0, 0
35400, 385504, 0, 0, 0
35402, 729067, 1, 0, 0
35500, 713632, 1, 0, 0
35500, 395297, 0, 0, 0
35600, 750826, 1, 0, 0
35600, 399706, 0, 0, 0
35700, 401228, 0, 0, 0
35702, 705024, 1, 0, 0
35800, 693863, 1, 0, 0
35804, 400562, 0, 0, 0
35900, 399958, 0, 0, 0
35901, 755252, 1, 0, 0
36000, 410971, 0, 0, 0
36001, 769687, 1, 0, 0
36100, 386228, 0, 0, 0
36101, 754547, 1, 0, 0
36200, 397702, 0, 0, 0
36201, 717150, 1, 0, 0
36300, 392163, 0, 0, 0
36300, 753720, 1, 0, 0
36400, 725055, 1, 0, 0
36401, 420254, 0, 0, 0
36500, 694868, 1, 0, 0
36501, 407610, 0, 0, 0
36600, 378021, 0, 0, 0
36601, 702002, 1, 0, 0
36700, 731017, 1, 0, 0
36700, 377530, 0, 0, 0
36800, 409614, 0, 0, 0
36802, 705198, 1, 0, 0
36900, 753665, 1, 0, 0
36900, 368642, 0, 0, 0
37000, 394382, 0, 0, 0
37000, 710187, 1, 0, 0
37100, 761108, 1, 0, 0
37101, 388467, 0, 0, 0
37200, 383815, 0, 0, 0
37201, 701856, 1, 0, 0
37300, 774875, 1, 0, 0
37301, 385577, 0, 0, 0
37400, 674080, 1, 0, 0
37400, 383991, 0, 0, 0
37500, 377194, 0, 0, 0
37500, 715060, 1, 0, 0
37600, 390016, 0, 0, 0
37602, 718737, 1, 0, 0
37700, 379076, 0, 0, 0
37704, 717499, 1, 0, 0
37800, 369305, 0, 0, 0
37801, 744297, 1, 0, 0
37900, 379605, 0, 0, 0
37900, 680418, 1, 0, 0
38001, 723122, 1, 0, 0
38001, 388406, 0, 0, 0
38100, 698799, 1, 0, 0
38100, 386976, 0, 0, 0
38200, 689735, 1, 0, 0
38201, 375033, 0, 0, 0
38300, 706056, 1, 0, 0
38300, 399539, 0, 0, 0
38400, 376565, 0, 0, 0
38403, 672895, 1, 0, 0
38500, 677857, 1, 0, 0
38501, 390654, 0, 0, 0
38600, 380560, 0, 0, 0
38601, 704222, 1, 0, 0
38700, 689734, 1, 0, 0
38701, 380183, 0, 0, 0
38800, 389325, 0, 0, 0
38800, 731742, 1, 0, 0
38900, 383512, 0, 0, 0
38903, 684520, 1, 0, 0
39000, 391086, 0, 0, 0
39002, 764972, 1, 0, 0
39100, 680348, 1, 0, 0
39100, 397253, 0, 0, 0
39200, 717978, 1, 0, 0
39202, 386543, 0, 0, 0
39300, 389736, 0, 0, 0
39301, 760377, 1, 0, 0
39400, 387432, 0, 0, 0
39404, 675506, 1, 0, 0
39500, 393654, 0, 0, 0
39502, 734563, 1, 0, 0
39600, 396154, 0, 0, 0
39602, 697383, 1, 0, 0
39700, 380677, 0, 0, 0
39700, 685641, 1, 0, 0
39800, 391779, 0, 0, 0
39802, 716257, 1, 0, 0
39900, 381596, 0, 0, 0
39901, 705083, 1, 0, 0
40000, 697975, 1, 0, 0
40000, 381837, 0, 0, 0
40100, 391596, 0, 0, 0
40101, 671313, 1, 0, 0
40200, 398227, 0, 0, 0
40201, 715556, 1, 0, 0
40301, 401532, 0, 0, 0
40302, 685268, 1, 0, 0
40400, 781361, 1, 0, 0
40401, 381885, 0, 0, 0
40500, 714572, 1, 0, 0
40500, 387808, 0, 0, 0
40600, 711898, 1, 0, 0
40601, 385094, 0, 0, 0
40700, 684371, 1, 0, 0
40701, 384007, 0, 0, 0
40800, 408185, 0, 0, 0
40801, 694427, 1, 0, 0
40900, 729946, 1, 0, 0
40900, 398535, 0, 0, 0
41000, 687200, 1, 0, 0
41001, 386939, 0, 0, 0
41100, 714832, 1, 0, 0
41100, 408173, 0, 0, 0
41200, 389497, 0, 0, 0
41201, 703928, 1, 0, 0
41300, 385984, 0, 0, 0
41302, 721759, 1, 0, 0
41400, 691258, 1, 0, 0
41400, 383314, 0, 0, 0
41500, 387727, 0, 0, 0
41501, 706767, 1, 0, 0
41600, 371420, 0, 0, 0
41600, 670159, 1, 0, 0
41700, 717243, 1, 0, 0
41701, 403676, 0, 0, 0
41800, 687588, 1, 0, 0
41801, 376340, 0, 0, 0
41900, 415506, 0, 0, 0
41900, 763706, 1, 0, 0
42000, 391119, 0, 0, 0
42001, 719559, 1, 0, 0
42100, 766272, 1, 0, 0
42100, 371183, 0, 0, 0
42200, 723108, 1, 0, 0
42200, 389151, 0, 0, 0
42300, 380142, 0, 0, 0
42301, 678199, 1, 0, 0
42400, 401185, 0, 0, 0
42401, 701811, 1, 0, 0
42500, 700012, 1, 0, 0
42500, 385384, 0, 0, 0
42600, 388441, 0, 0, 0
42601, 750800, 1, 0, 0
42700, 393105, 0, 0, 0
42701, 737121, 1, 0, 0
42800, 389008, 0, 0, 0
42800, 732739, 1, 0, 0
42900, 776467, 1, 0, 0
42900, 390012, 0, 0, 0
43000, 413294, 0, 0, 0
43001, 729480, 1, 0, 0
43100, 395485, 0, 0, 0
43101, 711351, 1, 0, 0
43200, 383136, 0, 0, 0
43202, 716421, 1, 0, 0
43300, 657995, 1, 0, 0
43300, 377484, 0, 0, 0
43400, 390164, 0, 0, 0
43401, 702432, 1, 0, 0
43500, 386653, 0, 0, 0
43503, 695480, 1, 0, 0
43600, 700578, 1, 0, 0
43600, 393509, 0, 0, 0
43700, 380788, 0, 0, 0
43700, 693565, 1, 0, 0
43800, 378738, 0, 0, 0
43800, 700118, 1, 0, 0
43900, 370306, 0, 0, 0
43903, 723936, 1, 0, 0
44000, 719000, 1, 0, 0
44000, 382269, 0, 0, 0
44100, 379305, 0, 0, 0
44100, 751728, 1, 0, 0
44200, 711862, 1, 0, 0
44200, 383282, 0, 0, 0
44300, 725684, 1, 0, 0
44300, 377550, 0, 0, 0
44400, 376102, 0, 0, 0
44401, 679286, 1, 0, 0
44500, 384177, 0, 0, 0
44501, 698437, 1, 0, 0
44600, 378282, 0, 0, 0
44600, 706792, 1, 0, 0
44700, 697912, 1, 0, 0
44702, 383236, 0, 0, 0
44800, 381864, 0, 0, 0
44801, 770621, 1, 0, 0
44900, 387325, 0, 0, 0
44901, 796463, 1, 0, 0
45000, 678031, 1, 0, 0
45001, 371022, 0, 0, 0
45100, 382386, 0, 0, 0
45101, 705314, 1, 0, 0
45200, 396561, 0, 0, 0
45202, 684089, 1, 0, 0
45300, 389978, 0, 0, 0
45301, 737350, 1, 0, 0
45400, 386000, 0, 0, 0
45401, 724496, 1, 0, 0
45500, 405384, 0, 0, 0
45501, 755117, 1, 0, 0
45600, 710228, 1, 0, 0
45601, 401436, 0, 0, 0
45700, 377875, 0, 0, 0
45702, 687989, 1, 0, 0
45800, 387101, 0, 0, 0
45801, 736428, 1, 0, 0
45900, 389713, 0, 0, 0
45902, 739073, 1, 0, 0
46000, 389001, 0, 0, 0
46004, 704682, 1, 0, 0
46100, 394217, 0, 0, 0
46100, 731941, 1, 0, 0
46200, 392177, 0, 0, 0
46201, 715255, 1, 0, 0
46300, 693382, 1, 0, 0
46300, 369875, 0, 0, 0
46400, 378732, 0, 0, 0
46401, 657727, 1, 0, 0
46500, 699088, 1, 0, 0
46500, 381561, 0, 0, 0
46600, 396515, 0, 0, 0
46600, 711128, 1, 0, 0
46700, 385607, 0, 0, 0
46701, 664463, 1, 0, 0
46800, 372549, 0, 0, 0
46805, 677494, 1, 0, 0
46900, 722180, 1, 0, 0
46901, 387033, 0, 0, 0
47000, 388223, 0, 0, 0
47001, 695361, 1, 0, 0
47100, 684171, 1, 0, 0
47100, 380434, 0, 0, 0
47200, 678630, 1, 0, 0
47200, 372270, 0, 0, 0
47300, 742392, 1, 0, 0
47300, 376918, 0, 0, 0
47400, 729182, 1, 0, 0
47401, 393793, 0, 0, 0
47500, 370602, 0, 0, 0
47501, 711899, 1, 0, 0
47600, 395499, 0, 0, 0
47601, 676266, 1, 0, 0
47700, 731092, 1, 0, 0
47702, 400748, 0, 0, 0
47800, 685814, 1, 0, 0
47800, 371585, 0, 0, 0
47900, 386841, 0, 0, 0
47901, 685133, 1, 0, 0
48000, 391770, 0, 0, 0
48002, 694102, 1, 0, 0
48100, 381181, 0, 0, 0
48101, 714227, 1, 0, 0
48200, 378728, 0, 0, 0
48202, 736590, 1, 0, 0
48300, 384618, 0, 0, 0
48300, 726468, 1, 0, 0
48400, 687723, 1, 0, 0
48400, 376398, 0, 0, 0
48500, 687892, 1, 0, 0
48500, 395284, 0, 0, 0
48600, 393042, 0, 0, 0
48604, 701483, 1, 0, 0
48700, 392614, 0, 0, 0
48700, 677101, 1, 0, 0
48800, 383022, 0, 0, 0
48800, 735396, 1, 0, 0
48900, 401871, 0, 0, 0
48900, 695262, 1, 0, 0
49000, 746394, 1, 0, 0
49002, 385794, 0, 0, 0
49100, 390488, 0, 0, 0
49103, 736281, 1, 0, 0
49200, 394811, 0, 0, 0
49200, 705216, 1, 0, 0
49300, 384582, 0, 0, 0
49302, 703129, 1, 0, 0
49400, 385421, 0, 0, 0
49400, 718570, 1, 0, 0
49500, 680947, 1, 0, 0
49501, 377329, 0, 0, 0
49600, 690042, 1, 0, 0
49601, 384150, 0, 0, 0
49700, 670745, 1, 0, 0
49700, 384010, 0, 0, 0
49800, 718534, 1, 0, 0
49801, 399882, 0, 0, 0
49900, 720872, 1, 0, 0
49900, 397239, 0, 0, 0
50000, 381582, 0, 0, 0
50001, 734657, 1, 0, 0
50100, 378052, 0, 0, 0
50100, 688162, 1, 0, 0
50200, 703926, 1, 0, 0
50201, 400771, 0, 0, 0
50300, 680233, 1, 0, 0
50300, 363972, 0, 0, 0
50400, 689274, 1, 0, 0
50400, 396614, 0, 0, 0
50500, 402690, 0, 0, 0
50501, 755046, 1, 0, 0
50600, 719636, 1, 0, 0
50602, 381941, 0, 0, 0
50700, 391068, 0, 0, 0
50700, 687187, 1, 0, 0
50800, 387467, 0, 0, 0
50800, 705666, 1, 0, 0
50900, 383016, 0, 0, 0
50901, 736034, 1, 0, 0
51000, 388794, 0, 0, 0
51001, 669954, 1, 0, 0
51100, 385503, 0, 0, 0
51101, 712886, 1, 0, 0
51200, 383692, 0, 0, 0
51203, 674249, 1, 0, 0
51300, 715121, 1, 0, 0
51300, 381637, 0, 0, 0
51400, 393511, 0, 0, 0
51400, 690552, 1, 0, 0
51500, 391837, 0, 0, 0
51501, 687548, 1, 0, 0
51600, 727854, 1, 0, 0
51603, 387278, 0, 0, 0
51700, 393310, 0, 0, 0
51701, 679558, 1, 0, 0
51800, 385992, 0, 0, 0
51801, 715906, 1, 0, 0
51900, 387418, 0, 0, 0
51900, 709952, 1, 0, 0
52000, 374013, 0, 0, 0
52001, 699021, 1, 0, 0
52100, 407666, 0, 0, 0
52101, 744391, 1, 0, 0
52200, 720638, 1, 0, 0
52201, 399350, 0, 0, 0
52300, 721273, 1, 0, 0
52300, 403331, 0, 0, 0
52400, 396249, 0, 0, 0
52403, 684119, 1, 0, 0
52500, 699897, 1, 0, 0
52502, 389945, 0, 0, 0
52600, 671850, 1, 0, 0
52600, 377351, 0, 0, 0
52700, 375099, 0, 0, 0
52701, 680085, 1, 0, 0
52800, 400506, 0, 0, 0
52800, 727222, 1, 0, 0
52900, 390960, 0, 0, 0
52900, 732594, 1, 0, 0
53000, 401580, 0, 0, 0
53003, 686072, 1, 0, 0
53100, 387288, 0, 0, 0
53100, 722186, 1, 0, 0
53200, 724923, 1, 0, 0
53202, 393787, 0, 0, 0
53300, 398234, 0, 0, 0
53301, 672626, 1, 0, 0
53400, 388093, 0, 0, 0
53401, 712277, 1, 0, 0
53500, 402921, 0, 0, 0
53500, 730780, 1, 0, 0
53600, 699432, 1, 0, 0
53601, 381591, 0, 0, 0
53700, 387208, 0, 0, 0
53700, 760208, 1, 0, 0
53800, 383269, 0, 0, 0
53801, 697039, 1, 0, 0
53900, 390170, 0, 0, 0
53901, 685761, 1, 0, 0
54000, 397423, 0, 0, 0
54001, 744655, 1, 0, 0
54100, 709332, 1, 0, 0
54100, 391816, 0, 0, 0
54200, 375821, 0, 0, 0
54201, 730944, 1, 0, 0
54300, 384615, 0, 0, 0
54302, 714993, 1, 0, 0
54400, 398831, 0, 0, 0
54401, 717090, 1, 0, 0
54500, 382461, 0, 0, 0
54501, 673347, 1, 0, 0
54600, 394190, 0, 0, 0
54600, 731189, 1, 0, 0
54700, 384872, 0, 0, 0
54700, 726779, 1, 0, 0
54800, 388865, 0, 0, 0
54800, 739302, 1, 0, 0
54900, 757671, 1, 0, 0
54900, 399819, 0, 0, 0
55000, 391446, 0, 0, 0
55001, 715895, 1, 0, 0
55100, 700803, 1, 0, 0
55101, 385279, 0, 0, 0
55200, 700699, 1, 0, 0
55201, 386582, 0, 0, 0
55300, 683069, 1, 0, 0
55301, 377033, 0, 0, 0
55400, 677646, 1, 0, 0
55400, 385035, 0, 0, 0
55500, 410988, 0, 0, 0
55502, 697683, 1, 0, 0
55600, 380543, 0, 0, 0
55602, 717012, 1, 0, 0
55700, 392003, 0, 0, 0
55702, 725374, 1, 0, 0
55800, 724517, 1, 0, 0
55801, 408942, 0, 0, 0
55900, 385255, 0, 0, 0
55900, 683862, 1, 0, 0
56000, 743752, 1, 0, 0
56000, 402619, 0, 0, 0
56100, 709017, 1, 0, 0
56101, 395991, 0, 0, 0
56200, 378806, 0, 0, 0
56201, 699939, 1, 0, 0
56300, 378596, 0, 0, 0
56302, 709300, 1, 0, 0
56400, 384769, 0, 0, 0
56401, 734213, 1, 0, 0
56500, 695805, 1, 0, 0
56500, 376010, 0, 0, 0
56600, 376169, 0, 0, 0
56601, 692280, 1, 0, 0
56700, 373824, 0, 0, 0
56701, 708808, 1, 0, 0
56800, 374711, 0, 0, 0
56800, 696856, 1, 0, 0
56900, 400935, 0, 0, 0
56901, 744795, 1, 0, 0
57000, 676968, 1, 0, 0
57000, 382800, 0, 0, 0
57100, 716614, 1, 0, 0
57100, 389354, 0, 0, 0
57200, 392537, 0, 0, 0
57201, 676423, 1, 0, 0
57300, 379977, 0, 0, 0
57300, 729349, 1, 0, 0
57400, 387045, 0, 0, 0
57401, 731775, 1, 0, 0
57500, 391025, 0, 0, 0
57500, 703749, 1, 0, 0
57600, 394543, 0, 0, 0
57602, 697394, 1, 0, 0
57700, 724225, 1, 0, 0
57700, 394206, 0, 0, 0
57800, 392232, 0, 0, 0
57801, 682338, 1, 0, 0
57900, 731489, 1, 0, 0
57902, 382976, 0, 0, 0
58000, 733549, 1, 0, 0
58000, 390494, 0, 0, 0
58100, 697893, 1, 0, 0
58101, 384914, 0, 0, 0
58200, 723599, 1, 0, 0
58201, 394501, 0, 0, 0
58300, 692177, 1, 0, 0
58300, 391487, 0, 0, 0
58400, 725389, 1, 0, 0
58400, 383721, 0, 0, 0
58502, 747386, 1, 0, 0
58502, 388931, 0, 0, 0
58600, 390720, 0, 0, 0
58600, 716417, 1, 0, 0
58700, 395543, 0, 0, 0
58701, 722429, 1, 0, 0
58800, 721969, 1, 0, 0
58800, 393090, 0, 0, 0
58900, 708562, 1, 0, 0
58901, 394193, 0, 0, 0
59000, 702636, 1, 0, 0
59000, 386143, 0, 0, 0
59100, 378021, 0, 0, 0
59102, 762051, 1, 0, 0
59200, 391704, 0, 0, 0
59202, 716601, 1, 0, 0
59300, 685170, 1, 0, 0
59301, 382939, 0, 0, 0
59400, 390354, 0, 0, 0
59401, 706248, 1, 0, 0
59500, 700621, 1, 0, 0
59501, 393213, 0, 0, 0
59600, 745359, 1, 0, 0
59601, 380888, 0, 0, 0
59700, 401213, 0, 0, 0
59701, 734106, 1, 0, 0
59800, 387356, 0, 0, 0
59800, 806226, 1, 0, 0
59900, 718431, 1, 0, 0
59902, 399779, 0, 0, 0
60000, 734116, 1, 0, 0
60001, 394474, 0, 0, 0
60100, 714962, 1, 0, 0
60100, 405289, 0, 0, 0
60200, 392651, 0, 0, 0
60201, 706098, 1, 0, 0
60300, 399665, 0, 0, 0
60302, 717951, 1, 0, 0
60400, 404680, 0, 0, 0
60402, 705955, 1, 0, 0
60500, 713261, 1, 0, 0
60500, 384508, 0, 0, 0
60600, 403757, 0, 0, 0
60601, 724693, 1, 0, 0
60700, 387821, 0, 0, 0
60701, 733006, 1, 0, 0
60800, 745962, 1, 0, 0
60801, 375509, 0, 0, 0
60900, 398781, 0, 0, 0
60901, 731330, 1, 0, 0
61000, 409439, 0, 0, 0
61001, 744376, 1, 0, 0
61100, 406011, 0, 0, 0
61101, 737356, 1, 0, 0
61200, 742761, 1, 0, 0
61201, 390613, 0, 0, 0
61300, 715742, 1, 0, 0
61300, 403377, 0, 0, 0
61400, 703708, 1, 0, 0
61401, 401079, 0, 0, 0
61500, 658715, 1, 0, 0
61500, 385622, 0, 0, 0
61600, 402346, 0, 0, 0
61601, 716111, 1, 0, 0
61700, 717732, 1, 0, 0
61702, 392773, 0, 0, 0
61800, 689548, 1, 0, 0
61801, 394948, 0, 0, 0
61900, 388684, 0, 0, 0
61901, 704048, 1, 0, 0
62000, 715293, 1, 0, 0
62000, 389395, 0, 0, 0
62100, 377791, 0, 0, 0
62100, 710421, 1, 0, 0
62200, 394031, 0, 0, 0
62200, 693761, 1, 0, 0
62301, 691276, 1, 0, 0
62302, 391694, 0, 0, 0
62400, 385697, 0, 0, 0
62401, 718064, 1, 0, 0
62500, 679652, 1, 0, 0
62501, 390582, 0, 0, 0
62600, 713366, 1, 0, 0
62601, 380016, 0, 0, 0
62700, 386547, 0, 0, 0
62703, 718807, 1, 0, 0
62800, 398023, 0, 0, 0
62801, 740738, 1, 0, 0
62900, 381228, 0, 0, 0
62901, 749042, 1, 0, 0
63000, 391976, 0, 0, 0
63000, 706355, 1, 0, 0
63100, 378105, 0, 0, 0
63103, 710716, 1, 0, 0
63200, 371558, 0, 0, 0
63203, 719509, 1, 0, 0
63300, 397824, 0, 0, 0
63301, 710637, 1, 0, 0
63400, 383176, 0, 0, 0
63401, 698346, 1, 0, 0
63500, 684248, 1, 0, 0
63501, 383275, 0, 0, 0
63600, 684741, 1, 0, 0
63601, 375842, 0, 0, 0
63700, 703794, 1, 0, 0
63701, 384911, 0, 0, 0
63800, 693202, 1, 0, 0
63801, 385901, 0, 0, 0
63900, 388146, 0, 0, 0
63900, 722360, 1, 0, 0
64000, 693775, 1, 0, 0
64000, 365399, 0, 0, 0
64100, 661711, 1, 0, 0
64101, 385096, 0, 0, 0
64200, 394147, 0, 0, 0
64201, 715393, 1, 0, 0
64300, 726543, 1, 0, 0
64301, 397920, 0, 0, 0
64400, 413645, 0, 0, 0
64401, 731795, 1, 0, 0
64500, 676613, 1, 0, 0
64501, 404417, 0, 0, 0
64600, 385767, 0, 0, 0
64601, 733976, 1, 0, 0
64700, 728127, 1, 0, 0
64700, 370457, 0, 0, 0
64800, 711879, 1, 0, 0
64801, 395919, 0, 0, 0
64900, 399659, 0, 0, 0
64900, 719472, 1, 0, 0
65000, 403830, 0, 0, 0
65003, 707836, 1, 0, 0
65100, 686042, 1, 0, 0
65101, 372312, 0, 0, 0
65200, 712661, 1, 0, 0
65200, 384245, 0, 0, 0
65300, 392292, 0, 0, 0
65301, 686175, 1, 0, 0
65400, 691227, 1, 0, 0
65402, 377350, 0, 0, 0
65500, 742477, 1, 0, 0
65501, 387064, 0, 0, 0
65600, 691364, 1, 0, 0
65600, 400191, 0, 0, 0
65700, 675717, 1, 0, 0
65701, 377678, 0, 0, 0
65800, 680368, 1, 0, 0
65800, 388842, 0, 0, 0
65900, 386635, 0, 0, 0
65900, 720021, 1, 0, 0
66000, 708247, 1, 0, 0
66001, 395718, 0, 0, 0
66100, 394192, 0, 0, 0
66101, 718600, 1, 0, 0
66200, 387847, 0, 0, 0
66203, 697221, 1, 0, 0
66300, 687202, 1, 0, 0
66301, 380318, 0, 0, 0
66400, 758316, 1, 0, 0
66400, 392622, 0, 0, 0
66500, 389471, 0, 0, 0
66501, 712514, 1, 0, 0
66600, 393155, 0, 0, 0
66601, 651476, 1, 0, 0
66700, 694945, 1, 0, 0
66701, 396835, 0, 0, 0
66800, 730656, 1, 0, 0
66801, 389844, 0, 0, 0
66900, 707026, 1, 0, 0
66900, 398382, 0, 0, 0
67000, 681452, 1, 0, 0
67000, 389915, 0, 0, 0
67100, 708097, 1, 0, 0
67100, 393853, 0, 0, 0
67200, 378811, 0, 0, 0
67202, 709809, 1, 0, 0
67300, 724034, 1, 0, 0
67301, 394241, 0, 0, 0
67400, 717972, 1, 0, 0
67403, 391963, 0, 0, 0
67500, 391159, 0, 0, 0
67500, 694988, 1, 0, 0
67600, 712013, 1, 0, 0
67600, 390740, 0, 0, 0
67700, 710958, 1, 0, 0
67700, 389429, 0, 0, 0
67800, 703416, 1, 0, 0
67800, 375527, 0, 0, 0
67900, 389030, 0, 0, 0
67903, 755652, 1, 0, 0
68000, 680781, 1, 0, 0
68001, 398508, 0, 0, 0
68100, 757031, 1, 0, 0
68100, 402900, 0, 0, 0
68200, 396877, 0, 0, 0
68202, 687638, 1, 0, 0
68300, 386850, 0, 0, 0
68300, 676945, 1, 0, 0
68400, 384577, 0, 0, 0
68401, 682744, 1, 0, 0
68500, 709228, 1, 0, 0
68500, 387538, 0, 0, 0
68600, 398491, 0, 0, 0
68601, 692479, 1, 0, 0
68700, 381981, 0, 0, 0
68704, 711100, 1, 0, 0
68800, 392610, 0, 0, 0
68801, 702136, 1, 0, 0
68900, 757229, 1, 0, 0
68900, 385854, 0, 0, 0
69000, 404016, 0, 0, 0
69001, 685865, 1, 0, 0
69100, 397443, 0, 0, 0
69100, 725898, 1, 0, 0
69200, 379947, 0, 0, 0
69203, 706992, 1, 0, 0
69300, 403496, 0, 0, 0
69301, 718818, 1, 0, 0
69400, 394009, 0, 0, 0
69403, 705450, 1, 0, 0
69500, 696364, 1, 0, 0
69500, 387040, 0, 0, 0
69600, 381080, 0, 0, 0
69603, 684709, 1, 0, 0
69700, 685980, 1, 0, 0
69700, 383631, 0, 0, 0
69800, 388344, 0, 0, 0
69801, 712727, 1, 0, 0
69900, 392381, 0, 0, 0
69900, 686973, 1, 0, 0
70000, 391254, 0, 0, 0
70001, 744137, 1, 0, 0
70100, 386026, 0, 0, 0
70100, 748409, 1, 0, 0
70200, 394923, 0, 0, 0
70200, 774651, 1, 0, 0
70300, 396352, 0, 0, 0
70300, 708150, 1, 0, 0
70400, 686392, 1, 0, 0
70400, 382310, 0, 0, 0
70500, 695763, 1, 0, 0
70500, 402408, 0, 0, 0
70600, 727225, 1, 0, 0
70600, 395517, 0, 0, 0
70700, 383392, 0, 0, 0
70705, 825815, 1, 0, 0
70800, 397636, 0, 0, 0
70801, 702215, 1, 0, 0
70900, 395742, 0, 0, 0
70900, 718615, 1, 0, 0
71000, 720171, 1, 0, 0
71001, 390786, 0, 0, 0
71100, 375105, 0, 0, 0
71101, 706309, 1, 0, 0
71200, 381274, 0, 0, 0
71202, 767311, 1, 0, 0
71300, 698736, 1, 0, 0
71300, 380898, 0, 0, 0
71400, 717891, 1, 0, 0
71400, 387629, 0, 0, 0
71500, 398483, 0, 0, 0
71501, 709964, 1, 0, 0
71600, 374902, 0, 0, 0
71600, 715640, 1, 0, 0
71700, 689214, 1, 0, 0
71700, 383417, 0, 0, 0
71800, 734122, 1, 0, 0
71800, 395752, 0, 0, 0
71900, 395715, 0, 0, 0
71903, 733323, 1, 0, 0
72000, 691142, 1, 0, 0
72000, 371386, 0, 0, 0
72100, 390180, 0, 0, 0
72101, 749626, 1, 0, 0
72200, 722599, 1, 0, 0
72200, 397713, 0, 0, 0
72300, 732686, 1, 0, 0
72301, 404371, 0, 0, 0
72400, 672335, 1, 0, 0
72401, 404556, 0, 0, 0
72500, 686794, 1, 0, 0
72501, 377127, 0, 0, 0
72600, 673639, 1, 0, 0
72600, 390523, 0, 0, 0
72700, 390969, 0, 0, 0
72701, 715047, 1, 0, 0
72800, 713766, 1, 0, 0
72801, 389124, 0, 0, 0
72900, 701661, 1, 0, 0
72900, 393143, 0, 0, 0
73000, 717045, 1, 0, 0
73000, 385578, 0, 0, 0
73100, 383708, 0, 0, 0
73101, 717268, 1, 0, 0
73200, 372339, 0, 0, 0
73201, 662580, 1, 0, 0
73300, 684763, 1, 0, 0
73300, 380984, 0, 0, 0
73400, 375687, 0, 0, 0
73401, 722911, 1, 0, 0
73500, 674059, 1, 0, 0
73501, 402028, 0, 0, 0
73600, 386831, 0, 0, 0
73601, 686279, 1, 0, 0
73700, 722798, 1, 0, 0
73700, 380431, 0, 0, 0
73800, 406645, 0, 0, 0
73800, 680242, 1, 0, 0
73900, 696882, 1, 0, 0
73901, 379284, 0, 0, 0
74000, 717806, 1, 0, 0
74000, 385763, 0, 0, 0
74100, 707430, 1, 0, 0
74100, 380099, 0, 0, 0
74200, 652696, 1, 0, 0
74200, 377575, 0, 0, 0
74300, 376050, 0, 0, 0
74301, 690306, 1, 0, 0
74400, 691524, 1, 0, 0
74400, 385177, 0, 0, 0
74500, 394698, 0, 0, 0
74501, 721004, 1, 0, 0
74730, 4464813, 1, 0, 0
74734, 395761, 0, 0, 0
74800, 389000, 0, 0, 0
74801, 783097, 1, 0, 0
74900, 700644, 1, 0, 0
74902, 393187, 0, 0, 0
75000, 733281, 1, 0, 0
75000, 404371, 0, 0, 0
75100, 740990, 1, 0, 0
75100, 396345, 0, 0, 0
75200, 391907, 0, 0, 0
75203, 684389, 1, 0, 0
75300, 701895, 1, 0, 0
75300, 384055, 0, 0, 0
75400, 741858, 1, 0, 0
75401, 380190, 0, 0, 0
75500, 394946, 0, 0, 0
75501, 701949, 1, 0, 0
75600, 399607, 0, 0, 0
75600, 695333, 1, 0, 0
75700, 397332, 0, 0, 0
75701, 721396, 1, 0, 0
75800, 405723, 0, 0, 0
75800, 711366, 1, 0, 0
75900, 400451, 0, 0, 0
75904, 711440, 1, 0, 0
76000, 712758, 1, 0, 0
76001, 410856, 0, 0, 0
76100, 715949, 1, 0, 0
76101, 411385, 0, 0, 0
76200, 396888, 0, 0, 0
76201, 724014, 1, 0, 0
76300, 726509, 1, 0, 0
76300, 386237, 0, 0, 0
76400, 689479, 1, 0, 0
76400, 408479, 0, 0, 0
76500, 396703, 0, 0, 0
76501, 698894, 1, 0, 0
76600, 397997, 0, 0, 0
76602, 724652, 1, 0, 0
76700, 384347, 0, 0, 0
76701, 714686, 1, 0, 0
76800, 704699, 1, 0, 0
76801, 397181, 0, 0, 0
76900, 386089, 0, 0, 0
76903, 779611, 1, 0, 0
77000, 747501, 1, 0, 0
77000, 403434, 0, 0, 0
77187, 2383435, 1, 0, 0
77190, 398628, 0, 0, 0
77200, 795670, 1, 0, 0
77200, 406804, 0, 0, 0
77300, 404607, 0, 0, 0
77301, 703056, 1, 0, 0
77400, 430542, 0, 0, 0
77402, 711883, 1, 0, 0
77500, 424237, 0, 0, 0
77500, 760194, 1, 0, 0
77600, 392380, 0, 0, 0
77601, 691738, 1, 0, 0
77700, 407193, 0, 0, 0
77702, 714987, 1, 0, 0
77800, 732040, 1, 0, 0
77802, 398643, 0, 0, 0
77900, 385934, 0, 0, 0
77904, 724392, 1, 0, 0
78000, 773975, 1, 0, 0
78001, 390792, 0, 0, 0
78100, 405223, 0, 0, 0
78103, 699016, 1, 0, 0
78200, 699317, 1, 0, 0
78200, 399416, 0, 0, 0
78300, 409558, 0, 0, 0
78301, 713301, 1, 0, 0
78400, 758694, 1, 0, 0
78400, 391855, 0, 0, 0
78500, 392823, 0, 0, 0
78501, 734681, 1, 0, 0
78600, 373609, 0, 0, 0
78600, 682030, 1, 0, 0
78700, 397872, 0, 0, 0
78701, 688312, 1, 0, 0
78800, 409530, 0, 0, 0
78801, 692839, 1, 0, 0
78900, 389974, 0, 0, 0
78901, 769397, 1, 0, 0
79000, 386111, 0, 0, 0
79001, 698586, 1, 0, 0
79100, 737704, 1, 0, 0
79102, 391843, 0, 0, 0
79200, 400883, 0, 0, 0
79200, 719259, 1, 0, 0
79300, 373801, 0, 0, 0
79301, 697189, 1, 0, 0
79400, 378862, 0, 0, 0
79400, 702000, 1, 0, 0
79500, 710446, 1, 0, 0
79500, 408223, 0, 0, 0
79600, 721935, 1, 0, 0
79600, 407024, 0, 0, 0
79700, 395165, 0, 0, 0
79703, 756760, 1, 0, 0
79800, 402637, 0, 0, 0
79802, 698609, 1, 0, 0
79900, 765828, 1, 0, 0
79900, 386683, 0, 0, 0
80000, 401082, 0, 0, 0
80003, 758824, 1, 0, 0
80100, 401606, 0, 0, 0
80101, 738602, 1, 0, 0
80200, 730807, 1, 0, 0
80200, 404976, 0, 0, 0
80300, 693309, 1, 0, 0
80300, 401286, 0, 0, 0
80400, 740816, 1, 0, 0
80402, 390145, 0, 0, 0
80500, 693541, 1, 0, 0
80500, 388044, 0, 0, 0
80600, 378857, 0, 0, 0
80601, 736597, 1, 0, 0
80700, 389380, 0, 0, 0
80701, 723625, 1, 0, 0
80800, 725860, 1, 0, 0
80800, 386771, 0, 0, 0
80900, 392255, 0, 0, 0
80900, 769806, 1, 0, 0
81000, 392318, 0, 0, 0
81001, 723844, 1, 0, 0
81100, 685067, 1, 0, 0
81101, 399864, 0, 0, 0
81200, 722810, 1, 0, 0
81200, 391976, 0, 0, 0
81300, 728961, 1, 0, 0
81301, 406941, 0, 0, 0
81400, 382786, 0, 0, 0
81402, 704151, 1, 0, 0
81500, 383915, 0, 0, 0
81501, 708475, 1, 0, 0
81600, 409400, 0, 0, 0
81601, 745513, 1, 0, 0
81700, 732058, 1, 0, 0
81701, 377722, 0, 0, 0
81800, 696756, 1, 0, 0
81801, 391057, 0, 0, 0
81900, 703534, 1, 0, 0
81901, 387258, 0, 0, 0
82000, 743751, 1, 0, 0
82001, 404135, 0, 0, 0
82100, 397250, 0, 0, 0
82101, 716047, 1, 0, 0
82200, 400143, 0, 0, 0
82202, 748485, 1, 0, 0
82300, 393622, 0, 0, 0
82300, 722879, 1, 0, 0
82400, 402058, 0, 0, 0
82401, 749750, 1, 0, 0
82500, 415658, 0, 0, 0
82501, 761912, 1, 0, 0
82600, 767650, 1, 0, 0
82601, 394652, 0, 0, 0
82700, 704235, 1, 0, 0
82700, 388478, 0, 0, 0
82800, 401777, 0, 0, 0
82801, 703514, 1, 0, 0
82900, 390887, 0, 0, 0
82901, 722120, 1, 0, 0
83000, 382389, 0, 0, 0
83003, 713398, 1, 0, 0
83100, 712703, 1, 0, 0
83100, 391719, 0, 0, 0
83200, 743875, 1, 0, 0
83201, 391324, 0, 0, 0
83300, 706601, 1, 0, 0
83301, 404095, 0, 0, 0
83400, 391818, 0, 0, 0
83400, 707330, 1, 0, 0
83500, 704304, 1, 0, 0
83501, 400107, 0, 0, 0
83600, 703796, 1, 0, 0
83600, 387077, 0, 0, 0
83700, 381853, 0, 0, 0
83701, 693928, 1, 0, 0
83800, 708017, 1, 0, 0
83802, 395921, 0, 0, 0
83900, 395068, 0, 0, 0
83902, 708523, 1, 0, 0
84000, 717810, 1, 0, 0
84000, 410523, 0, 0, 0
84100, 697378, 1, 0, 0
84100, 399757, 0, 0, 0
84200, 386222, 0, 0, 0
84201, 730735, 1, 0, 0
84300, 393977, 0, 0, 0
84301, 695659, 1, 0, 0
84400, 387353, 0, 0, 0
84401, 731207, 1, 0, 0
84500, 393945, 0, 0, 0
84501, 696133, 1, 0, 0
84600, 656803, 1, 0, 0
84601, 403823, 0, 0, 0
84700, 727646, 1, 0, 0
84700, 407437, 0, 0, 0
84800, 377832, 0, 0, 0
84801, 683679, 1, 0, 0
84900, 393586, 0, 0, 0
84901, 719447, 1, 0, 0
85000, 384600, 0, 0, 0
85001, 744256, 1, 0, 0
85100, 373373, 0, 0, 0
85101, 677006, 1, 0, 0
85200, 685846, 1, 0, 0
85200, 382726, 0, 0, 0
85300, 381288, 0, 0, 0
85301, 717216, 1, 0, 0
85400, 385957, 0, 0, 0
85406, 710007, 1, 0, 0
85500, 372841, 0, 0, 0
85501, 693298, 1, 0, 0
85600, 400991, 0, 0, 0
85600, 715459, 1, 0, 0
85700, 707031, 1, 0, 0
85700, 396536, 0, 0, 0
85800, 385768, 0, 0, 0
85802, 744655, 1, 0, 0
85900, 394082, 0, 0, 0
85901, 699880, 1, 0, 0
86000, 389744, 0, 0, 0
86000, 696210, 1, 0, 0
86100, 684587, 1, 0, 0
86100, 398525, 0, 0, 0
86200, 406402, 0, 0, 0
86201, 775502, 1, 0, 0
86300, 723161, 1, 0, 0
86301, 391326, 0, 0, 0
86400, 393972, 0, 0, 0
86401, 687284, 1, 0, 0
86500, 400406, 0, 0, 0
86501, 666111, 1, 0, 0
86600, 379844, 0, 0, 0
86601, 676180, 1, 0, 0
86700, 393588, 0, 0, 0
86700, 687267, 1, 0, 0
86800, 385603, 0, 0, 0
86802, 782678, 1, 0, 0
86900, 682307, 1, 0, 0
86900, 388711, 0, 0, 0
87000, 395193, 0, 0, 0
87001, 721926, 1, 0, 0
87100, 672947, 1, 0, 0
87101, 381822, 0, 0, 0
87200, 387869, 0, 0, 0
87200, 706249, 1, 0, 0
87300, 379924, 0, 0, 0
87301, 741729, 1, 0, 0
87400, 397192, 0, 0, 0
87402, 690964, 1, 0, 0
87500, 390198, 0, 0, 0
87501, 696001, 1, 0, 0
87600, 399841, 0, 0, 0
87601, 719117, 1, 0, 0
87700, 395575, 0, 0, 0
87701, 680877, 1, 0, 0
87800, 396466, 0, 0, 0
87801, 678297, 1, 0, 0
87900, 743324, 1, 0, 0
87900, 387910, 0, 0, 0
88000, 389064, 0, 0, 0
88000, 722852, 1, 0, 0
88100, 372301, 0, 0, 0
88101, 714126, 1, 0, 0
88200, 665981, 1, 0, 0
88201, 375854, 0, 0, 0
88300, 718431, 1, 0, 0
88301, 380863, 0, 0, 0
88400, 689821, 1, 0, 0
88400, 387927, 0, 0, 0
88500, 398133, 0, 0, 0
88504, 701484, 1, 0, 0
88600, 713184, 1, 0, 0
88601, 405995, 0, 0, 0
88700, 393045, 0, 0, 0
88700, 681835, 1, 0, 0
88800, 710847, 1, 0, 0
88800, 387996, 0, 0, 0
88900, 679245, 1, 0, 0
88901, 375613, 0, 0, 0
89000, 386999, 0, 0, 0
89000, 698293, 1, 0, 0
89100, 396417, 0, 0, 0
89102, 718983, 1, 0, 0
89200, 381700, 0, 0, 0
89201, 679447, 1, 0, 0
89300, 713548, 1, 0, 0
89301, 378304, 0, 0, 0
89400, 389958, 0, 0, 0
89402, 679523, 1, 0, 0
89500, 391280, 0, 0, 0
89500, 717618, 1, 0, 0
89600, 394567, 0, 0, 0
89600, 693967, 1, 0, 0
89700, 374302, 0, 0, 0
89704, 715765, 1, 0, 0
89800, 652314, 1, 0, 0
89800, 377115, 0, 0, 0
89900, 393446, 0, 0, 0
89901, 698241, 1, 0, 0
90000, 393781, 0, 0, 0
90000, 700785, 1, 0, 0
