100, 746482, 0, 0, 0
200, 779705, 0, 0, 0
300, 831600, 0, 0, 0
400, 795391, 0, 0, 0
500, 751949, 0, 0, 0
600, 778674, 0, 0, 0
700, 808076, 0, 0, 0
801, 810112, 0, 0, 0
900, 774114, 0, 0, 0
1000, 834354, 0, 0, 0
1100, 813684, 0, 0, 0
1200, 807348, 0, 0, 0
1300, 833142, 0, 0, 0
1401, 775215, 0, 0, 0
1500, 750972, 0, 0, 0
1600, 803334, 0, 0, 0
1700, 805254, 0, 0, 0
1800, 766588, 0, 0, 0
1900, 818097, 0, 0, 0
2000, 785244, 0, 0, 0
2100, 806744, 0, 0, 0
2201, 785311, 0, 0, 0
2300, 830567, 0, 0, 0
2400, 814468, 0, 0, 0
2500, 764082, 0, 0, 0
2600, 861098, 0, 0, 0
2700, 793127, 0, 0, 0
2800, 854403, 0, 0, 0
2901, 803748, 0, 0, 0
3000, 746054, 0, 0, 0
3101, 850303, 0, 0, 0
3200, 806567, 0, 0, 0
3300, 797383, 0, 0, 0
3400, 792294, 0, 0, 0
3500, 765113, 0, 0, 0
3600, 831069, 0, 0, 0
3700, 775292, 0, 0, 0
3800, 761923, 0, 0, 0
3900, 769229, 0, 0, 0
4000, 795016, 0, 0, 0
4100, 801128, 0, 0, 0
4200, 806218, 0, 0, 0
4300, 834237, 0, 0, 0
4400, 819195, 0, 0, 0
4500, 768837, 0, 0, 0
4600, 826172, 0, 0, 0
4700, 775650, 0, 0, 0
4800, 815797, 0, 0, 0
4900, 805276, 0, 0, 0
5000, 797560, 0, 0, 0
5100, 794087, 0, 0, 0
5200, 784287, 0, 0, 0
5300, 770151, 0, 0, 0
5400, 732546, 0, 0, 0
5500, 814664, 0, 0, 0
5600, 806116, 0, 0, 0
5700, 793341, 0, 0, 0
5800, 803332, 0, 0, 0
5900, 816152, 0, 0, 0
6001, 816176, 0, 0, 0
6100, 816250, 0, 0, 0
6200, 808835, 0, 0, 0
6300, 810233, 0, 0, 0
6400, 762061, 0, 0, 0
6500, 898926, 0, 0, 0
6600, 785894, 0, 0, 0
6700, 763183, 0, 0, 0
6801, 852900, 0, 0, 0
6900, 769053, 0, 0, 0
7000, 745080, 0, 0, 0
7100, 786764, 0, 0, 0
7200, 780672, 0, 0, 0
7300, 786987, 0, 0, 0
7400, 847091, 0, 0, 0
7500, 809723, 0, 0, 0
7600, 760154, 0, 0, 0
7700, 754350, 0, 0, 0
7800, 781655, 0, 0, 0
7900, 824075, 0, 0, 0
8000, 825283, 0, 0, 0
8100, 753489, 0, 0, 0
8200, 813330, 0, 0, 0
8300, 816330, 0, 0, 0
8400, 799411, 0, 0, 0
8500, 813876, 0, 0, 0
8600, 780341, 0, 0, 0
8700, 784920, 0, 0, 0
8800, 775524, 0, 0, 0
8900, 770668, 0, 0, 0
9000, 834582, 0, 0, 0
9100, 808142, 0, 0, 0
9200, 798489, 0, 0, 0
9300, 844245, 0, 0, 0
9400, 781971, 0, 0, 0
9500, 735191, 0, 0, 0
9600, 734093, 0, 0, 0
9700, 815168, 0, 0, 0
9800, 796503, 0, 0, 0
9900, 746154, 0, 0, 0
10001, 738769, 0, 0, 0
10100, 789504, 0, 0, 0
10200, 813617, 0, 0, 0
10300, 762318, 0, 0, 0
10400, 791321, 0, 0, 0
10500, 823756, 0, 0, 0
10600, 788835, 0, 0, 0
10701, 805864, 0, 0, 0
10800, 783168, 0, 0, 0
10900, 784671, 0, 0, 0
11000, 754711, 0, 0, 0
11100, 838954, 0, 0, 0
11200, 795507, 0, 0, 0
11300, 836126, 0, 0, 0
11401, 801088, 0, 0, 0
11500, 813790, 0, 0, 0
11600, 759694, 0, 0, 0
11700, 766457, 0, 0, 0
11800, 854837, 0, 0, 0
11901, 837361, 0, 0, 0
12000, 731907, 0, 0, 0
12100, 788849, 0, 0, 0
12200, 800978, 0, 0, 0
12300, 768830, 0, 0, 0
12400, 807736, 0, 0, 0
12500, 813675, 0, 0, 0
12600, 787493, 0, 0, 0
12700, 779869, 0, 0, 0
12800, 822766, 0, 0, 0
12900, 733526, 0, 0, 0
13000, 762794, 0, 0, 0
13100, 738249, 0, 0, 0
13200, 798074, 0, 0, 0
13300, 853338, 0, 0, 0
13400, 755671, 0, 0, 0
13500, 802589, 0, 0, 0
13600, 830708, 0, 0, 0
13700, 776669, 0, 0, 0
13800, 809940, 0, 0, 0
13900, 820999, 0, 0, 0
14000, 766445, 0, 0, 0
14100, 793453, 0, 0, 0
14200, 799631, 0, 0, 0
14300, 793612, 0, 0, 0
14400, 795796, 0, 0, 0
14500, 772120, 0, 0, 0
14600, 834683, 0, 0, 0
14700, 797856, 0, 0, 0
14801, 776327, 0, 0, 0
14900, 784529, 0, 0, 0
15000, 820715, 0, 0, 0
15100, 799565, 0, 0, 0
15200, 776274, 0, 0, 0
15300, 746227, 0, 0, 0
15400, 773095, 0, 0, 0
15500, 848371, 0, 0, 0
15600, 837211, 0, 0, 0
15700, 812291, 0, 0, 0
15800, 809143, 0, 0, 0
15900, 792375, 0, 0, 0
16000, 741673, 0, 0, 0
16100, 722515, 0, 0, 0
16200, 790285, 0, 0, 0
16300, 778205, 0, 0, 0
16400, 768053, 0, 0, 0
16500, 724033, 0, 0, 0
16600, 804247, 0, 0, 0
16701, 799478, 0, 0, 0
16800, 755544, 0, 0, 0
16900, 797450, 0, 0, 0
17001, 813627, 0, 0, 0
17100, 752901, 0, 0, 0
17200, 783743, 0, 0, 0
17300, 768856, 0, 0, 0
17400, 891726, 0, 0, 0
17500, 756725, 0, 0, 0
17600, 776373, 0, 0, 0
17700, 779914, 0, 0, 0
17800, 740221, 0, 0, 0
17900, 798913, 0, 0, 0
18000, 891319, 0, 0, 0
18100, 790368, 0, 0, 0
18200, 803223, 0, 0, 0
18300, 822853, 0, 0, 0
18400, 756588, 0, 0, 0
18500, 807790, 0, 0, 0
18600, 794953, 0, 0, 0
18700, 771324, 0, 0, 0
18801, 822107, 0, 0, 0
18900, 785305, 0, 0, 0
19000, 773687, 0, 0, 0
19100, 835544, 0, 0, 0
19200, 776760, 0, 0, 0
19300, 750008, 0, 0, 0
19400, 825715, 0, 0, 0
19500, 781188, 0, 0, 0
19600, 730087, 0, 0, 0
19700, 789950, 0, 0, 0
19800, 739007, 0, 0, 0
19900, 802608, 0, 0, 0
20000, 763574, 0, 0, 0
20100, 783319, 0, 0, 0
20200, 767893, 0, 0, 0
20300, 771881, 0, 0, 0
20400, 770946, 0, 0, 0
20500, 769383, 0, 0, 0
20600, 775333, 0, 0, 0
20700, 729794, 0, 0, 0
20801, 801831, 0, 0, 0
20900, 786138, 0, 0, 0
21000, 846438, 0, 0, 0
21100, 812740, 0, 0, 0
21200, 784245, 0, 0, 0
21300, 728485, 0, 0, 0
21400, 784338, 0, 0, 0
21500, 819600, 0, 0, 0
21600, 786829, 0, 0, 0
21700, 759099, 0, 0, 0
21800, 821885, 0, 0, 0
21900, 793795, 0, 0, 0
22000, 735989, 0, 0, 0
22100, 791952, 0, 0, 0
22200, 748770, 0, 0, 0
22300, 808587, 0, 0, 0
22400, 831357, 0, 0, 0
22500, 753069, 0, 0, 0
22600, 776856, 0, 0, 0
22700, 794116, 0, 0, 0
22800, 768357, 0, 0, 0
22900, 769336, 0, 0, 0
23000, 777645, 0, 0, 0
23100, 806962, 0, 0, 0
23200, 754550, 0, 0, 0
23300, 760431, 0, 0, 0
23400, 759966, 0, 0, 0
23500, 789018, 0, 0, 0
23600, 795244, 0, 0, 0
23700, 788466, 0, 0, 0
23800, 736829, 0, 0, 0
23900, 775712, 0, 0, 0
24000, 779544, 0, 0, 0
24100, 773382, 0, 0, 0
24201, 781042, 0, 0, 0
24300, 810358, 0, 0, 0
24400, 816045, 0, 0, 0
24500, 743465, 0, 0, 0
24600, 851615, 0, 0, 0
24700, 784375, 0, 0, 0
24800, 761909, 0, 0, 0
24900, 803575, 0, 0, 0
25000, 768669, 0, 0, 0
25100, 775466, 0, 0, 0
25200, 742487, 0, 0, 0
25300, 801008, 0, 0, 0
25400, 742150, 0, 0, 0
25500, 730174, 0, 0, 0
25600, 813620, 0, 0, 0
25700, 762884, 0, 0, 0
25800, 809476, 0, 0, 0
25900, 823907, 0, 0, 0
26000, 775817, 0, 0, 0
26100, 710917, 0, 0, 0
26200, 764861, 0, 0, 0
26300, 808042, 0, 0, 0
26400, 806205, 0, 0, 0
26500, 790146, 0, 0, 0
26600, 786457, 0, 0, 0
26700, 776240, 0, 0, 0
26800, 781710, 0, 0, 0
26900, 761920, 0, 0, 0
27000, 777902, 0, 0, 0
27100, 762773, 0, 0, 0
27200, 872363, 0, 0, 0
27300, 789559, 0, 0, 0
27400, 792809, 0, 0, 0
27500, 794846, 0, 0, 0
27600, 772928, 0, 0, 0
27700, 856626, 0, 0, 0
27800, 786446, 0, 0, 0
27900, 850537, 0, 0, 0
28000, 817133, 0, 0, 0
28100, 800698, 0, 0, 0
28200, 771124, 0, 0, 0
28300, 750972, 0, 0, 0
28400, 787385, 0, 0, 0
28500, 790612, 0, 0, 0
28600, 809674, 0, 0, 0
28700, 847565, 0, 0, 0
28800, 832842, 0, 0, 0
28900, 783533, 0, 0, 0
29000, 792463, 0, 0, 0
29101, 813008, 0, 0, 0
29200, 804622, 0, 0, 0
29300, 745355, 0, 0, 0
29400, 779661, 0, 0, 0
29500, 810452, 0, 0, 0
29600, 808547, 0, 0, 0
29700, 791151, 0, 0, 0
29800, 824412, 0, 0, 0
29900, 841219, 0, 0, 0
30000, 890831, 0, 0, 0
30100, 813464, 0, 0, 0
30200, 742439, 0, 0, 0
30300, 789794, 0, 0, 0
30400, 806008, 0, 0, 0
30500, 797406, 0, 0, 0
30600, 829583, 0, 0, 0
30700, 782247, 0, 0, 0
30800, 815650, 0, 0, 0
30900, 776304, 0, 0, 0
31000, 803950, 0, 0, 0
31100, 795984, 0, 0, 0
31200, 823860, 0, 0, 0
31300, 796644, 0, 0, 0
31400, 738669, 0, 0, 0
31500, 783800, 0, 0, 0
31600, 764066, 0, 0, 0
31700, 780607, 0, 0, 0
31800, 745975, 0, 0, 0
31900, 730423, 0, 0, 0
32000, 739461, 0, 0, 0
32100, 782023, 0, 0, 0
32200, 765124, 0, 0, 0
32300, 772937, 0, 0, 0
32400, 809919, 0, 0, 0
32500, 792904, 0, 0, 0
32600, 805024, 0, 0, 0
32700, 800674, 0, 0, 0
32800, 779216, 0, 0, 0
32900, 769519, 0, 0, 0
33000, 761264, 0, 0, 0
33100, 862758, 0, 0, 0
33200, 794995, 0, 0, 0
33300, 764191, 0, 0, 0
33400, 790151, 0, 0, 0
33500, 791832, 0, 0, 0
33600, 836146, 0, 0, 0
33700, 743756, 0, 0, 0
33800, 788131, 0, 0, 0
33900, 772960, 0, 0, 0
34000, 821606, 0, 0, 0
34100, 787902, 0, 0, 0
34200, 809027, 0, 0, 0
34300, 790838, 0, 0, 0
34400, 803921, 0, 0, 0
34500, 816154, 0, 0, 0
34600, 790847, 0, 0, 0
34700, 775745, 0, 0, 0
34800, 829574, 0, 0, 0
34900, 881373, 0, 0, 0
35000, 878776, 0, 0, 0
35100, 791961, 0, 0, 0
35200, 825345, 0, 0, 0
35300, 825658, 0, 0, 0
35400, 757185, 0, 0, 0
35500, 824938, 0, 0, 0
35600, 817128, 0, 0, 0
35700, 788067, 0, 0, 0
35800, 835223, 0, 0, 0
35900, 825815, 0, 0, 0
36000, 797949, 0, 0, 0
36100, 841900, 0, 0, 0
36200, 842482, 0, 0, 0
36300, 818219, 0, 0, 0
36400, 806420, 0, 0, 0
36500, 802996, 0, 0, 0
36600, 862371, 0, 0, 0
36700, 829182, 0, 0, 0
36800, 803253, 0, 0, 0
36900, 768710, 0, 0, 0
37000, 837720, 0, 0, 0
37100, 815948, 0, 0, 0
37200, 809544, 0, 0, 0
37300, 800086, 0, 0, 0
37400, 829265, 0, 0, 0
37500, 830999, 0, 0, 0
37600, 829248, 0, 0, 0
37700, 876327, 0, 0, 0
37800, 811812, 0, 0, 0
37900, 771440, 0, 0, 0
38000, 805059, 0, 0, 0
38100, 791796, 0, 0, 0
38200, 846576, 0, 0, 0
38300, 826654, 0, 0, 0
38400, 772504, 0, 0, 0
38500, 797989, 0, 0, 0
38600, 892885, 0, 0, 0
38700, 828983, 0, 0, 0
38800, 839509, 0, 0, 0
38901, 821621, 0, 0, 0
39000, 849499, 0, 0, 0
39100, 869610, 0, 0, 0
39200, 836374, 0, 0, 0
39300, 797622, 0, 0, 0
39400, 834257, 0, 0, 0
39500, 823374, 0, 0, 0
39600, 793305, 0, 0, 0
39700, 833346, 0, 0, 0
39800, 808185, 0, 0, 0
39900, 801908, 0, 0, 0
40000, 756192, 0, 0, 0
40100, 759258, 0, 0, 0
40200, 837248, 0, 0, 0
40300, 867896, 0, 0, 0
40400, 856977, 0, 0, 0
40500, 832494, 0, 0, 0
40600, 822624, 0, 0, 0
40700, 778168, 0, 0, 0
40800, 836712, 0, 0, 0
40900, 816317, 0, 0, 0
41000, 858026, 0, 0, 0
41100, 847753, 0, 0, 0
41200, 782947, 0, 0, 0
41300, 805221, 0, 0, 0
41400, 825026, 0, 0, 0
41500, 870310, 0, 0, 0
41600, 784118, 0, 0, 0
41700, 804856, 0, 0, 0
41800, 837501, 0, 0, 0
41900, 774119, 0, 0, 0
42000, 808276, 0, 0, 0
42100, 796717, 0, 0, 0
42200, 819072, 0, 0, 0
42300, 815980, 0, 0, 0
42400, 811290, 0, 0, 0
42500, 824118, 0, 0, 0
42600, 837474, 0, 0, 0
42700, 858128, 0, 0, 0
42800, 836739, 0, 0, 0
42900, 821536, 0, 0, 0
43000, 823291, 0, 0, 0
43100, 822132, 0, 0, 0
43200, 860454, 0, 0, 0
43300, 824604, 0, 0, 0
43400, 844587, 0, 0, 0
43500, 859375, 0, 0, 0
43600, 809153, 0, 0, 0
43700, 826204, 0, 0, 0
43800, 865716, 0, 0, 0
43900, 826057, 0, 0, 0
44000, 838448, 0, 0, 0
44100, 864306, 0, 0, 0
44200, 854757, 0, 0, 0
44300, 850465, 0, 0, 0
44400, 798303, 0, 0, 0
44500, 837167, 0, 0, 0
44601, 832099, 0, 0, 0
44700, 868875, 0, 0, 0
44800, 883443, 0, 0, 0
44900, 852096, 0, 0, 0
45000, 845318, 0, 0, 0
45100, 852448, 0, 0, 0
45200, 879342, 0, 0, 0
45300, 871328, 0, 0, 0
45400, 815658, 0, 0, 0
45500, 829693, 0, 0, 0
45600, 849616, 0, 0, 0
45700, 835627, 0, 0, 0
45800, 877424, 0, 0, 0
45900, 820818, 0, 0, 0
46000, 856467, 0, 0, 0
46100, 867206, 0, 0, 0
46200, 909061, 0, 0, 0
46300, 829279, 0, 0, 0
46400, 790183, 0, 0, 0
46500, 832213, 0, 0, 0
46600, 804887, 0, 0, 0
46700, 856992, 0, 0, 0
46801, 894727, 0, 0, 0
46900, 862210, 0, 0, 0
47000, 857855, 0, 0, 0
47100, 876265, 0, 0, 0
47200, 868285, 0, 0, 0
47300, 855349, 0, 0, 0
47400, 863912, 0, 0, 0
47500, 821354, 0, 0, 0
47600, 911253, 0, 0, 0
47700, 897132, 0, 0, 0
47800, 867562, 0, 0, 0
47900, 871761, 0, 0, 0
48000, 834087, 0, 0, 0
48100, 887657, 0, 0, 0
48200, 885148, 0, 0, 0
48300, 880443, 0, 0, 0
48400, 867786, 0, 0, 0
48500, 864452, 0, 0, 0
48600, 891418, 0, 0, 0
48700, 885987, 0, 0, 0
48800, 856883, 0, 0, 0
48900, 871402, 0, 0, 0
49000, 905654, 0, 0, 0
49100, 864848, 0, 0, 0
49200, 811965, 0, 0, 0
49300, 869400, 0, 0, 0
49400, 860604, 0, 0, 0
49500, 835616, 0, 0, 0
49600, 867243, 0, 0, 0
49700, 870000, 0, 0, 0
49800, 873421, 0, 0, 0
49900, 857912, 0, 0, 0
50000, 836912, 0, 0, 0
50100, 888244, 0, 0, 0
50200, 898626, 0, 0, 0
50300, 838980, 0, 0, 0
50400, 890173, 0, 0, 0
50500, 844708, 0, 0, 0
50600, 871564, 0, 0, 0
50700, 836795, 0, 0, 0
50800, 836379, 0, 0, 0
50900, 878842, 0, 0, 0
51000, 964355, 0, 0, 0
51100, 847512, 0, 0, 0
51200, 869349, 0, 0, 0
51300, 877644, 0, 0, 0
51400, 892053, 0, 0, 0
51500, 877351, 0, 0, 0
51600, 860719, 0, 0, 0
51700, 853480, 0, 0, 0
51800, 895479, 0, 0, 0
51900, 873276, 0, 0, 0
52000, 867730, 0, 0, 0
52100, 877578, 0, 0, 0
52200, 837065, 0, 0, 0
52300, 872692, 0, 0, 0
52400, 898773, 0, 0, 0
52500, 883764, 0, 0, 0
52600, 895124, 0, 0, 0
52700, 852597, 0, 0, 0
52800, 882155, 0, 0, 0
52900, 846158, 0, 0, 0
53000, 849580, 0, 0, 0
53100, 865937, 0, 0, 0
53200, 869590, 0, 0, 0
53300, 853831, 0, 0, 0
53400, 903576, 0, 0, 0
53500, 835368, 0, 0, 0
53600, 873955, 0, 0, 0
53700, 886933, 0, 0, 0
53800, 872031, 0, 0, 0
53900, 900994, 0, 0, 0
54000, 861152, 0, 0, 0
54100, 916865, 0, 0, 0
54200, 873227, 0, 0, 0
54300, 863785, 0, 0, 0
54400, 880986, 0, 0, 0
54501, 824161, 0, 0, 0
54600, 865978, 0, 0, 0
54700, 855006, 0, 0, 0
54800, 848991, 0, 0, 0
54900, 874693, 0, 0, 0
55000, 878341, 0, 0, 0
55100, 922439, 0, 0, 0
55200, 859787, 0, 0, 0
55300, 927084, 0, 0, 0
55400, 897255, 0, 0, 0
55500, 876669, 0, 0, 0
55601, 898293, 0, 0, 0
55700, 875289, 0, 0, 0
55800, 836557, 0, 0, 0
55900, 876484, 0, 0, 0
56000, 881358, 0, 0, 0
56100, 902351, 0, 0, 0
56200, 895644, 0, 0, 0
56300, 908399, 0, 0, 0
56400, 883069, 0, 0, 0
56501, 865411, 0, 0, 0
56600, 896299, 0, 0, 0
56700, 915384, 0, 0, 0
56800, 886841, 0, 0, 0
56900, 885077, 0, 0, 0
57000, 863489, 0, 0, 0
57100, 882895, 0, 0, 0
57200, 927774, 0, 0, 0
57300, 926487, 0, 0, 0
57400, 928960, 0, 0, 0
57500, 908540, 0, 0, 0
57601, 933028, 0, 0, 0
57700, 932756, 0, 0, 0
57800, 897337, 0, 0, 0
57900, 908260, 0, 0, 0
58000, 945101, 0, 0, 0
58100, 921989, 0, 0, 0
58200, 952462, 0, 0, 0
58300, 912279, 0, 0, 0
58400, 918501, 0, 0, 0
58500, 944064, 0, 0, 0
58600, 878170, 0, 0, 0
58700, 940456, 0, 0, 0
58801, 933203, 0, 0, 0
58900, 916326, 0, 0, 0
59000, 875483, 0, 0, 0
59100, 893187, 0, 0, 0
59200, 922329, 0, 0, 0
59300, 917207, 0, 0, 0
59400, 964614, 0, 0, 0
59500, 909960, 0, 0, 0
59600, 928813, 0, 0, 0
59700, 892050, 0, 0, 0
59800, 920468, 0, 0, 0
59900, 904808, 0, 0, 0
60003, 930931, 0, 0, 0
