250, 253952, 0, 0, 0
350, 245760, 0, 0, 0
450, 235520, 0, 0, 0
550, 296960, 0, 0, 0
650, 296960, 0, 0, 0
749, 279272, 0, 0, 0
849, 245760, 0, 0, 0
949, 194560, 0, 0, 0
1049, 245760, 0, 0, 0
1149, 317440, 0, 0, 0
1250, 235520, 0, 0, 0
1350, 235520, 0, 0, 0
1450, 245760, 0, 0, 0
1550, 348160, 0, 0, 0
1650, 276480, 0, 0, 0
1749, 279272, 0, 0, 0
1849, 307200, 0, 0, 0
1949, 235520, 0, 0, 0
2049, 235520, 0, 0, 0
2149, 266240, 0, 0, 0
2249, 296960, 0, 0, 0
2349, 256000, 0, 0, 0
2449, 235520, 0, 0, 0
2550, 266240, 0, 0, 0
2650, 266240, 0, 0, 0
2749, 310303, 0, 0, 0
2849, 327680, 0, 0, 0
2949, 225280, 0, 0, 0
3049, 225280, 0, 0, 0
3149, 235520, 0, 0, 0
3249, 276480, 0, 0, 0
3349, 327680, 0, 0, 0
3449, 245760, 0, 0, 0
3549, 327680, 0, 0, 0
3649, 266240, 0, 0, 0
3749, 256000, 0, 0, 0
3849, 276480, 0, 0, 0
3950, 276480, 0, 0, 0
4050, 256000, 0, 0, 0
4150, 256000, 0, 0, 0
4249, 299959, 0, 0, 0
4349, 286720, 0, 0, 0
4449, 194560, 0, 0, 0
4549, 256000, 0, 0, 0
4649, 286720, 0, 0, 0
4749, 266240, 0, 0, 0
4849, 194560, 0, 0, 0
4949, 194560, 0, 0, 0
5049, 225280, 0, 0, 0
5149, 235520, 0, 0, 0
5250, 296960, 0, 0, 0
5350, 256000, 0, 0, 0
5450, 225280, 0, 0, 0
5550, 256000, 0, 0, 0
5650, 204800, 0, 0, 0
5749, 310303, 0, 0, 0
5849, 256000, 0, 0, 0
5949, 266240, 0, 0, 0
6049, 286720, 0, 0, 0
6149, 235520, 0, 0, 0
6249, 256000, 0, 0, 0
6349, 266240, 0, 0, 0
6449, 245760, 0, 0, 0
6550, 276480, 0, 0, 0
6650, 266240, 0, 0, 0
6749, 248242, 0, 0, 0
6849, 225280, 0, 0, 0
6949, 296960, 0, 0, 0
7049, 276480, 0, 0, 0
7149, 215040, 0, 0, 0
7249, 245760, 0, 0, 0
7349, 286720, 0, 0, 0
7449, 225280, 0, 0, 0
7549, 276480, 0, 0, 0
7649, 348160, 0, 0, 0
7750, 256000, 0, 0, 0
7850, 256000, 0, 0, 0
7950, 215040, 0, 0, 0
8050, 256000, 0, 0, 0
8150, 215040, 0, 0, 0
8249, 258585, 0, 0, 0
8349, 266240, 0, 0, 0
8449, 215040, 0, 0, 0
8549, 235520, 0, 0, 0
8649, 245760, 0, 0, 0
8749, 235520, 0, 0, 0
8849, 286720, 0, 0, 0
8950, 235520, 0, 0, 0
9050, 245760, 0, 0, 0
9150, 235520, 0, 0, 0
9249, 289616, 0, 0, 0
9349, 307200, 0, 0, 0
9449, 276480, 0, 0, 0
9549, 235520, 0, 0, 0
9649, 317440, 0, 0, 0
9749, 296960, 0, 0, 0
9849, 286720, 0, 0, 0
9949, 256000, 0, 0, 0
10050, 256000, 0, 0, 0
10150, 245760, 0, 0, 0
10249, 258585, 0, 0, 0
10349, 225280, 0, 0, 0
10449, 307200, 0, 0, 0
10549, 286720, 0, 0, 0
10649, 204800, 0, 0, 0
10749, 327680, 0, 0, 0
10849, 266240, 0, 0, 0
10949, 235520, 0, 0, 0
11049, 245760, 0, 0, 0
11149, 286720, 0, 0, 0
11249, 317440, 0, 0, 0
11350, 194560, 0, 0, 0
11450, 235520, 0, 0, 0
11550, 276480, 0, 0, 0
11650, 215040, 0, 0, 0
11749, 227555, 0, 0, 0
11849, 225280, 0, 0, 0
11949, 286720, 0, 0, 0
12049, 286720, 0, 0, 0
12149, 296960, 0, 0, 0
12249, 245760, 0, 0, 0
12349, 235520, 0, 0, 0
12449, 245760, 0, 0, 0
12550, 225280, 0, 0, 0
12650, 286720, 0, 0, 0
12749, 310303, 0, 0, 0
12849, 276480, 0, 0, 0
12949, 235520, 0, 0, 0
13049, 266240, 0, 0, 0
13149, 286720, 0, 0, 0
13249, 276480, 0, 0, 0
13349, 276480, 0, 0, 0
13449, 266240, 0, 0, 0
13549, 245760, 0, 0, 0
13649, 276480, 0, 0, 0
13750, 307200, 0, 0, 0
13850, 327680, 0, 0, 0
13950, 307200, 0, 0, 0
14050, 266240, 0, 0, 0
14150, 266240, 0, 0, 0
14249, 258585, 0, 0, 0
14349, 174080, 0, 0, 0
14449, 235520, 0, 0, 0
14549, 286720, 0, 0, 0
14649, 296960, 0, 0, 0
14749, 215040, 0, 0, 0
14850, 256000, 0, 0, 0
14950, 266240, 0, 0, 0
15050, 256000, 0, 0, 0
15150, 194560, 0, 0, 0
15249, 196525, 0, 0, 0
15349, 276480, 0, 0, 0
15449, 348160, 0, 0, 0
15549, 266240, 0, 0, 0
15649, 215040, 0, 0, 0
15749, 266240, 0, 0, 0
15849, 307200, 0, 0, 0
15949, 296960, 0, 0, 0
16050, 276480, 0, 0, 0
16150, 245760, 0, 0, 0
16249, 289616, 0, 0, 0
16349, 225280, 0, 0, 0
16449, 256000, 0, 0, 0
16549, 215040, 0, 0, 0
16649, 204800, 0, 0, 0
16749, 194560, 0, 0, 0
16849, 204800, 0, 0, 0
16949, 235520, 0, 0, 0
17049, 266240, 0, 0, 0
17149, 225280, 0, 0, 0
17250, 317440, 0, 0, 0
17350, 276480, 0, 0, 0
17450, 256000, 0, 0, 0
17550, 245760, 0, 0, 0
17650, 235520, 0, 0, 0
17749, 258585, 0, 0, 0
17849, 225280, 0, 0, 0
17949, 235520, 0, 0, 0
18049, 286720, 0, 0, 0
18149, 276480, 0, 0, 0
18249, 307200, 0, 0, 0
18349, 286720, 0, 0, 0
18449, 286720, 0, 0, 0
18550, 235520, 0, 0, 0
18650, 317440, 0, 0, 0
18749, 217212, 0, 0, 0
18849, 286720, 0, 0, 0
18949, 286720, 0, 0, 0
19049, 194560, 0, 0, 0
19149, 256000, 0, 0, 0
19249, 296960, 0, 0, 0
19349, 235520, 0, 0, 0
19449, 256000, 0, 0, 0
19549, 256000, 0, 0, 0
19649, 225280, 0, 0, 0
19750, 266240, 0, 0, 0
19850, 307200, 0, 0, 0
19950, 327680, 0, 0, 0
20050, 245760, 0, 0, 0
20150, 256000, 0, 0, 0
20249, 258585, 0, 0, 0
20349, 266240, 0, 0, 0
20449, 296960, 0, 0, 0
20549, 317440, 0, 0, 0
20649, 327680, 0, 0, 0
20749, 266240, 0, 0, 0
20849, 245760, 0, 0, 0
20949, 235520, 0, 0, 0
21050, 266240, 0, 0, 0
21150, 286720, 0, 0, 0
21249, 289616, 0, 0, 0
21349, 266240, 0, 0, 0
21449, 307200, 0, 0, 0
21549, 286720, 0, 0, 0
21649, 256000, 0, 0, 0
21749, 245760, 0, 0, 0
21849, 276480, 0, 0, 0
21949, 245760, 0, 0, 0
22049, 307200, 0, 0, 0
22149, 286720, 0, 0, 0
22249, 184320, 0, 0, 0
22350, 225280, 0, 0, 0
22450, 256000, 0, 0, 0
22550, 276480, 0, 0, 0
22650, 266240, 0, 0, 0
22749, 268929, 0, 0, 0
22849, 245760, 0, 0, 0
22949, 225280, 0, 0, 0
23049, 276480, 0, 0, 0
23149, 245760, 0, 0, 0
23249, 235520, 0, 0, 0
23349, 235520, 0, 0, 0
23449, 235520, 0, 0, 0
23549, 256000, 0, 0, 0
23649, 235520, 0, 0, 0
23750, 194560, 0, 0, 0
23850, 174080, 0, 0, 0
23950, 256000, 0, 0, 0
24050, 184320, 0, 0, 0
24150, 296960, 0, 0, 0
24249, 279272, 0, 0, 0
24349, 235520, 0, 0, 0
24449, 225280, 0, 0, 0
24549, 245760, 0, 0, 0
24649, 266240, 0, 0, 0
24749, 276480, 0, 0, 0
24849, 266240, 0, 0, 0
24950, 235520, 0, 0, 0
25050, 235520, 0, 0, 0
25150, 235520, 0, 0, 0
25249, 248242, 0, 0, 0
25349, 286720, 0, 0, 0
25449, 276480, 0, 0, 0
25549, 276480, 0, 0, 0
25649, 256000, 0, 0, 0
25749, 348160, 0, 0, 0
25849, 296960, 0, 0, 0
25949, 245760, 0, 0, 0
26050, 235520, 0, 0, 0
26150, 286720, 0, 0, 0
26249, 227555, 0, 0, 0
26349, 348160, 0, 0, 0
26449, 235520, 0, 0, 0
26549, 337920, 0, 0, 0
26649, 286720, 0, 0, 0
26749, 256000, 0, 0, 0
26849, 256000, 0, 0, 0
26949, 245760, 0, 0, 0
27049, 276480, 0, 0, 0
27149, 286720, 0, 0, 0
27250, 163840, 0, 0, 0
27350, 245760, 0, 0, 0
27450, 348160, 0, 0, 0
27550, 307200, 0, 0, 0
27650, 204800, 0, 0, 0
27749, 279272, 0, 0, 0
27849, 286720, 0, 0, 0
27949, 276480, 0, 0, 0
28049, 266240, 0, 0, 0
28149, 235520, 0, 0, 0
28249, 296960, 0, 0, 0
28349, 276480, 0, 0, 0
28449, 194560, 0, 0, 0
28550, 225280, 0, 0, 0
28650, 307200, 0, 0, 0
28749, 320646, 0, 0, 0
28849, 296960, 0, 0, 0
28949, 204800, 0, 0, 0
29049, 266240, 0, 0, 0
29149, 256000, 0, 0, 0
29249, 276480, 0, 0, 0
29349, 245760, 0, 0, 0
29449, 235520, 0, 0, 0
29549, 286720, 0, 0, 0
29649, 307200, 0, 0, 0
29750, 225280, 0, 0, 0
29850, 286720, 0, 0, 0
29950, 296960, 0, 0, 0
30050, 194560, 0, 0, 0
30150, 235520, 0, 0, 0
30249, 258585, 0, 0, 0
30349, 256000, 0, 0, 0
30449, 256000, 0, 0, 0
30549, 276480, 0, 0, 0
30649, 235520, 0, 0, 0
30749, 307200, 0, 0, 0
30849, 225280, 0, 0, 0
30949, 235520, 0, 0, 0
31050, 286720, 0, 0, 0
31150, 296960, 0, 0, 0
31249, 268929, 0, 0, 0
31349, 286720, 0, 0, 0
31449, 276480, 0, 0, 0
31549, 204800, 0, 0, 0
31649, 307200, 0, 0, 0
31749, 225280, 0, 0, 0
31849, 276480, 0, 0, 0
31949, 327680, 0, 0, 0
32049, 225280, 0, 0, 0
32149, 286720, 0, 0, 0
32250, 225280, 0, 0, 0
32350, 256000, 0, 0, 0
32450, 276480, 0, 0, 0
32550, 245760, 0, 0, 0
32650, 215040, 0, 0, 0
32749, 248242, 0, 0, 0
32849, 256000, 0, 0, 0
32949, 296960, 0, 0, 0
33049, 256000, 0, 0, 0
33149, 296960, 0, 0, 0
33249, 184320, 0, 0, 0
33349, 266240, 0, 0, 0
33449, 256000, 0, 0, 0
33549, 307200, 0, 0, 0
33650, 307200, 0, 0, 0
33749, 258585, 0, 0, 0
33849, 266240, 0, 0, 0
33949, 296960, 0, 0, 0
34049, 235520, 0, 0, 0
34149, 245760, 0, 0, 0
34249, 276480, 0, 0, 0
34349, 276480, 0, 0, 0
34449, 256000, 0, 0, 0
34549, 235520, 0, 0, 0
34649, 296960, 0, 0, 0
34749, 276480, 0, 0, 0
34849, 286720, 0, 0, 0
34949, 256000, 0, 0, 0
35050, 225280, 0, 0, 0
35150, 245760, 0, 0, 0
35249, 279272, 0, 0, 0
35349, 256000, 0, 0, 0
35449, 286720, 0, 0, 0
35549, 204800, 0, 0, 0
35649, 317440, 0, 0, 0
35749, 276480, 0, 0, 0
35849, 286720, 0, 0, 0
35949, 204800, 0, 0, 0
36049, 215040, 0, 0, 0
36150, 307200, 0, 0, 0
36250, 286720, 0, 0, 0
36350, 225280, 0, 0, 0
36450, 256000, 0, 0, 0
36550, 245760, 0, 0, 0
36650, 327680, 0, 0, 0
36749, 268929, 0, 0, 0
36849, 256000, 0, 0, 0
36949, 235520, 0, 0, 0
37049, 276480, 0, 0, 0
37149, 235520, 0, 0, 0
37249, 215040, 0, 0, 0
37349, 256000, 0, 0, 0
37450, 296960, 0, 0, 0
37550, 256000, 0, 0, 0
37650, 235520, 0, 0, 0
37749, 227555, 0, 0, 0
37849, 276480, 0, 0, 0
37949, 296960, 0, 0, 0
38049, 327680, 0, 0, 0
38149, 235520, 0, 0, 0
38249, 204800, 0, 0, 0
38349, 235520, 0, 0, 0
38449, 245760, 0, 0, 0
38549, 225280, 0, 0, 0
38649, 215040, 0, 0, 0
38750, 266240, 0, 0, 0
38850, 225280, 0, 0, 0
38950, 204800, 0, 0, 0
39050, 235520, 0, 0, 0
39150, 337920, 0, 0, 0
39249, 258585, 0, 0, 0
39349, 296960, 0, 0, 0
39449, 266240, 0, 0, 0
39549, 286720, 0, 0, 0
39649, 204800, 0, 0, 0
39749, 225280, 0, 0, 0
39850, 215040, 0, 0, 0
39950, 296960, 0, 0, 0
40050, 235520, 0, 0, 0
40150, 256000, 0, 0, 0
40249, 186181, 0, 0, 0
40349, 245760, 0, 0, 0
40449, 296960, 0, 0, 0
40549, 235520, 0, 0, 0
40649, 235520, 0, 0, 0
40749, 296960, 0, 0, 0
40849, 256000, 0, 0, 0
40949, 337920, 0, 0, 0
41050, 256000, 0, 0, 0
41150, 245760, 0, 0, 0
41249, 279272, 0, 0, 0
41349, 256000, 0, 0, 0
41449, 225280, 0, 0, 0
41549, 235520, 0, 0, 0
41649, 184320, 0, 0, 0
41749, 256000, 0, 0, 0
41849, 215040, 0, 0, 0
41949, 225280, 0, 0, 0
42049, 245760, 0, 0, 0
42149, 245760, 0, 0, 0
42249, 245760, 0, 0, 0
42350, 276480, 0, 0, 0
42450, 286720, 0, 0, 0
42550, 245760, 0, 0, 0
42650, 225280, 0, 0, 0
42749, 320646, 0, 0, 0
42849, 245760, 0, 0, 0
42949, 317440, 0, 0, 0
43049, 256000, 0, 0, 0
43149, 204800, 0, 0, 0
43249, 204800, 0, 0, 0
43349, 358400, 0, 0, 0
43449, 266240, 0, 0, 0
43549, 204800, 0, 0, 0
43649, 286720, 0, 0, 0
43750, 276480, 0, 0, 0
43850, 276480, 0, 0, 0
43950, 276480, 0, 0, 0
44050, 286720, 0, 0, 0
44150, 256000, 0, 0, 0
44249, 258585, 0, 0, 0
44349, 245760, 0, 0, 0
44449, 286720, 0, 0, 0
44549, 276480, 0, 0, 0
44649, 235520, 0, 0, 0
44749, 225280, 0, 0, 0
44849, 204800, 0, 0, 0
44949, 286720, 0, 0, 0
45050, 204800, 0, 0, 0
45150, 215040, 0, 0, 0
45249, 268929, 0, 0, 0
45349, 225280, 0, 0, 0
45449, 286720, 0, 0, 0
45549, 256000, 0, 0, 0
45649, 225280, 0, 0, 0
45749, 266240, 0, 0, 0
45849, 245760, 0, 0, 0
45949, 286720, 0, 0, 0
46049, 204800, 0, 0, 0
46149, 327680, 0, 0, 0
46250, 215040, 0, 0, 0
46350, 225280, 0, 0, 0
46450, 266240, 0, 0, 0
46550, 256000, 0, 0, 0
46650, 245760, 0, 0, 0
46749, 227555, 0, 0, 0
46849, 296960, 0, 0, 0
46949, 215040, 0, 0, 0
47049, 256000, 0, 0, 0
47149, 245760, 0, 0, 0
47249, 256000, 0, 0, 0
47349, 327680, 0, 0, 0
47449, 245760, 0, 0, 0
47550, 307200, 0, 0, 0
47650, 256000, 0, 0, 0
47749, 217212, 0, 0, 0
47849, 266240, 0, 0, 0
47949, 245760, 0, 0, 0
48049, 296960, 0, 0, 0
48149, 225280, 0, 0, 0
48249, 194560, 0, 0, 0
48349, 296960, 0, 0, 0
48449, 317440, 0, 0, 0
48549, 256000, 0, 0, 0
48649, 307200, 0, 0, 0
48750, 245760, 0, 0, 0
48850, 266240, 0, 0, 0
48950, 296960, 0, 0, 0
49050, 256000, 0, 0, 0
49150, 245760, 0, 0, 0
49249, 258585, 0, 0, 0
49349, 225280, 0, 0, 0
49449, 317440, 0, 0, 0
49549, 225280, 0, 0, 0
49649, 235520, 0, 0, 0
49749, 286720, 0, 0, 0
49849, 245760, 0, 0, 0
49949, 296960, 0, 0, 0
50050, 266240, 0, 0, 0
50150, 215040, 0, 0, 0
50249, 248242, 0, 0, 0
50349, 348160, 0, 0, 0
50449, 245760, 0, 0, 0
50549, 235520, 0, 0, 0
50649, 215040, 0, 0, 0
50749, 337920, 0, 0, 0
50849, 245760, 0, 0, 0
50949, 286720, 0, 0, 0
51049, 307200, 0, 0, 0
51149, 256000, 0, 0, 0
51249, 256000, 0, 0, 0
51349, 245760, 0, 0, 0
51449, 245760, 0, 0, 0
51550, 256000, 0, 0, 0
51650, 204800, 0, 0, 0
51749, 330989, 0, 0, 0
51849, 276480, 0, 0, 0
51949, 266240, 0, 0, 0
52049, 307200, 0, 0, 0
52149, 276480, 0, 0, 0
52249, 225280, 0, 0, 0
52349, 225280, 0, 0, 0
52449, 286720, 0, 0, 0
52549, 245760, 0, 0, 0
52649, 245760, 0, 0, 0
52750, 327680, 0, 0, 0
52850, 307200, 0, 0, 0
52950, 266240, 0, 0, 0
53050, 235520, 0, 0, 0
53150, 215040, 0, 0, 0
53249, 248242, 0, 0, 0
53349, 256000, 0, 0, 0
53449, 256000, 0, 0, 0
53549, 215040, 0, 0, 0
53649, 225280, 0, 0, 0
53749, 245760, 0, 0, 0
53849, 256000, 0, 0, 0
53949, 256000, 0, 0, 0
54050, 286720, 0, 0, 0
54150, 256000, 0, 0, 0
54249, 320646, 0, 0, 0
54349, 266240, 0, 0, 0
54449, 348160, 0, 0, 0
54549, 327680, 0, 0, 0
54649, 245760, 0, 0, 0
54749, 266240, 0, 0, 0
54849, 307200, 0, 0, 0
54949, 337920, 0, 0, 0
55049, 225280, 0, 0, 0
55149, 266240, 0, 0, 0
55249, 296960, 0, 0, 0
55350, 276480, 0, 0, 0
55450, 276480, 0, 0, 0
55550, 245760, 0, 0, 0
55650, 225280, 0, 0, 0
55749, 237898, 0, 0, 0
55849, 204800, 0, 0, 0
55949, 266240, 0, 0, 0
56049, 245760, 0, 0, 0
56149, 266240, 0, 0, 0
56249, 286720, 0, 0, 0
56349, 276480, 0, 0, 0
56449, 286720, 0, 0, 0
56549, 235520, 0, 0, 0
56650, 204800, 0, 0, 0
56749, 175838, 0, 0, 0
56849, 276480, 0, 0, 0
56949, 296960, 0, 0, 0
57049, 307200, 0, 0, 0
57149, 235520, 0, 0, 0
57249, 225280, 0, 0, 0
57349, 235520, 0, 0, 0
57449, 276480, 0, 0, 0
57549, 276480, 0, 0, 0
57649, 235520, 0, 0, 0
57749, 256000, 0, 0, 0
57849, 245760, 0, 0, 0
57950, 266240, 0, 0, 0
58050, 225280, 0, 0, 0
58150, 215040, 0, 0, 0
58249, 227555, 0, 0, 0
58349, 286720, 0, 0, 0
58449, 235520, 0, 0, 0
58549, 256000, 0, 0, 0
58649, 204800, 0, 0, 0
58749, 296960, 0, 0, 0
58849, 286720, 0, 0, 0
58949, 276480, 0, 0, 0
59049, 245760, 0, 0, 0
59149, 235520, 0, 0, 0
59250, 225280, 0, 0, 0
59350, 235520, 0, 0, 0
59450, 266240, 0, 0, 0
59550, 327680, 0, 0, 0
59650, 296960, 0, 0, 0
59749, 237898, 0, 0, 0
59849, 194560, 0, 0, 0
59949, 235520, 0, 0, 0
