100, 13033480, 0, 0, 0
202, 9084057, 0, 0, 0
300, 11161666, 0, 0, 0
400, 11198442, 0, 0, 0
501, 10833994, 0, 0, 0
606, 14223441, 0, 0, 0
701, 17613407, 0, 0, 0
807, 10198492, 0, 0, 0
901, 12028604, 0, 0, 0
1000, 14862033, 0, 0, 0
1103, 10232243, 0, 0, 0
1200, 11826275, 0, 0, 0
1301, 11092177, 0, 0, 0
1401, 19820540, 0, 0, 0
1503, 11055303, 0, 0, 0
1603, 11903003, 0, 0, 0
1705, 12745244, 0, 0, 0
1802, 12537453, 0, 0, 0
1901, 9966346, 0, 0, 0
2003, 10905771, 0, 0, 0
2102, 12363120, 0, 0, 0
2200, 15961400, 0, 0, 0
2300, 9774436, 0, 0, 0
2404, 14845310, 0, 0, 0
2503, 11375411, 0, 0, 0
2602, 11413472, 0, 0, 0
2703, 10135331, 0, 0, 0
2802, 12358816, 0, 0, 0
2901, 11180675, 0, 0, 0
3000, 9505584, 0, 0, 0
3102, 12720596, 0, 0, 0
3207, 14457580, 0, 0, 0
3300, 13808435, 0, 0, 0
3400, 11268564, 0, 0, 0
3503, 8538567, 0, 0, 0
3601, 8366730, 0, 0, 0
3701, 12407218, 0, 0, 0
3809, 11617654, 0, 0, 0
3900, 11954238, 0, 0, 0
4000, 10470692, 0, 0, 0
4102, 14526124, 0, 0, 0
4200, 10322673, 0, 0, 0
4301, 11702855, 0, 0, 0
4403, 10072919, 0, 0, 0
4500, 9823329, 0, 0, 0
4607, 10082499, 0, 0, 0
4702, 12213114, 0, 0, 0
4802, 13787309, 0, 0, 0
4900, 9712126, 0, 0, 0
5005, 13324630, 0, 0, 0
5102, 11854964, 0, 0, 0
5210, 14008586, 0, 0, 0
5300, 9929956, 0, 0, 0
5401, 13533619, 0, 0, 0
5505, 11305445, 0, 0, 0
5609, 12739374, 0, 0, 0
5701, 8934642, 0, 0, 0
5801, 8758657, 0, 0, 0
5900, 9877768, 0, 0, 0
6000, 13112796, 0, 0, 0
6100, 15437644, 0, 0, 0
6200, 11562532, 0, 0, 0
6305, 10417123, 0, 0, 0
6402, 12500686, 0, 0, 0
6503, 10415864, 0, 0, 0
6604, 9966393, 0, 0, 0
6702, 26899888, 0, 0, 0
6803, 10286700, 0, 0, 0
6903, 10646369, 0, 0, 0
7002, 14291547, 0, 0, 0
7101, 13497665, 0, 0, 0
7208, 11021322, 0, 0, 0
7310, 8609476, 0, 0, 0
7400, 13019557, 0, 0, 0
7501, 11181495, 0, 0, 0
7602, 9146009, 0, 0, 0
7701, 9887908, 0, 0, 0
7802, 14093636, 0, 0, 0
7902, 14243846, 0, 0, 0
8000, 10643238, 0, 0, 0
8102, 12110828, 0, 0, 0
8202, 12267689, 0, 0, 0
8302, 12580370, 0, 0, 0
8400, 12156324, 0, 0, 0
8501, 12980361, 0, 0, 0
8600, 13605397, 0, 0, 0
8702, 10989750, 0, 0, 0
8805, 8974253, 0, 0, 0
8901, 12087651, 0, 0, 0
9000, 9248717, 0, 0, 0
9102, 12900974, 0, 0, 0
9200, 10872835, 0, 0, 0
9300, 12558356, 0, 0, 0
9400, 9125438, 0, 0, 0
9503, 12650205, 0, 0, 0
9600, 9706338, 0, 0, 0
9703, 11050356, 0, 0, 0
9800, 11934987, 0, 0, 0
9900, 11256789, 0, 0, 0
10000, 10945833, 0, 0, 0
10100, 9725658, 0, 0, 0
10211, 11149593, 0, 0, 0
10302, 15475517, 0, 0, 0
10402, 9919039, 0, 0, 0
10501, 11669412, 0, 0, 0
10604, 10122579, 0, 0, 0
10704, 10119887, 0, 0, 0
10800, 10453284, 0, 0, 0
10903, 12531936, 0, 0, 0
11001, 11524082, 0, 0, 0
11100, 13073274, 0, 0, 0
11200, 11887931, 0, 0, 0
11303, 12013646, 0, 0, 0
11400, 9679322, 0, 0, 0
11500, 13710328, 0, 0, 0
11600, 10148635, 0, 0, 0
11700, 11926929, 0, 0, 0
11800, 9961840, 0, 0, 0
11901, 11234013, 0, 0, 0
12001, 10701617, 0, 0, 0
12102, 10475477, 0, 0, 0
12202, 13486552, 0, 0, 0
12302, 12021833, 0, 0, 0
12405, 11234763, 0, 0, 0
12500, 9148574, 0, 0, 0
12600, 9863114, 0, 0, 0
12700, 9479631, 0, 0, 0
12800, 9279787, 0, 0, 0
12903, 12363922, 0, 0, 0
13000, 13648896, 0, 0, 0
13102, 10121181, 0, 0, 0
13205, 8339095, 0, 0, 0
13300, 12580178, 0, 0, 0
13401, 9241393, 0, 0, 0
13500, 11902118, 0, 0, 0
13600, 14108422, 0, 0, 0
13701, 10834514, 0, 0, 0
13800, 14166097, 0, 0, 0
13903, 10908424, 0, 0, 0
14001, 13591389, 0, 0, 0
14100, 12651736, 0, 0, 0
14201, 9594079, 0, 0, 0
14300, 11097456, 0, 0, 0
14400, 14597308, 0, 0, 0
14502, 11331292, 0, 0, 0
14603, 12826445, 0, 0, 0
14702, 10498830, 0, 0, 0
14801, 12672585, 0, 0, 0
14901, 11493716, 0, 0, 0
15000, 13160476, 0, 0, 0
15103, 14284953, 0, 0, 0
15202, 12053380, 0, 0, 0
15301, 12020322, 0, 0, 0
15402, 11913773, 0, 0, 0
15501, 15362197, 0, 0, 0
15600, 11060582, 0, 0, 0
15704, 12408429, 0, 0, 0
15800, 10868759, 0, 0, 0
15901, 10354910, 0, 0, 0
16001, 14657348, 0, 0, 0
16101, 12525616, 0, 0, 0
16201, 13594716, 0, 0, 0
16301, 11232576, 0, 0, 0
16405, 12556685, 0, 0, 0
16502, 13163354, 0, 0, 0
16600, 11654681, 0, 0, 0
16703, 14970506, 0, 0, 0
16800, 10473393, 0, 0, 0
16902, 11403024, 0, 0, 0
17003, 12743282, 0, 0, 0
17100, 13123819, 0, 0, 0
17200, 11509405, 0, 0, 0
17300, 11415707, 0, 0, 0
17402, 15586957, 0, 0, 0
17500, 10155609, 0, 0, 0
17602, 10829321, 0, 0, 0
17703, 10176786, 0, 0, 0
17803, 12841051, 0, 0, 0
17901, 11937313, 0, 0, 0
18001, 11155182, 0, 0, 0
18105, 8743103, 0, 0, 0
18201, 11972253, 0, 0, 0
18304, 11664346, 0, 0, 0
18404, 12572188, 0, 0, 0
18502, 13361805, 0, 0, 0
18601, 11038459, 0, 0, 0
18701, 12120966, 0, 0, 0
18800, 14150420, 0, 0, 0
18900, 11908512, 0, 0, 0
19001, 14868630, 0, 0, 0
19103, 8856669, 0, 0, 0
19201, 13701506, 0, 0, 0
19301, 11642526, 0, 0, 0
19401, 11702973, 0, 0, 0
19500, 9588776, 0, 0, 0
19605, 11891321, 0, 0, 0
19702, 12208266, 0, 0, 0
19800, 12980319, 0, 0, 0
19903, 9743307, 0, 0, 0
20000, 9686596, 0, 0, 0
20104, 15449837, 0, 0, 0
20205, 14320452, 0, 0, 0
20301, 12505659, 0, 0, 0
20401, 11135679, 0, 0, 0
20504, 14675604, 0, 0, 0
20607, 10648854, 0, 0, 0
20700, 9881328, 0, 0, 0
20801, 11365932, 0, 0, 0
20901, 18185939, 0, 0, 0
21001, 9746994, 0, 0, 0
21102, 11520809, 0, 0, 0
21200, 9803064, 0, 0, 0
21303, 8113034, 0, 0, 0
21400, 12201234, 0, 0, 0
21500, 12903961, 0, 0, 0
21601, 12653578, 0, 0, 0
21701, 13857270, 0, 0, 0
21803, 10706199, 0, 0, 0
21900, 10911066, 0, 0, 0
22000, 11091756, 0, 0, 0
22100, 12189808, 0, 0, 0
22200, 11500482, 0, 0, 0
22302, 10476154, 0, 0, 0
22404, 11124571, 0, 0, 0
22506, 11423455, 0, 0, 0
22601, 8697890, 0, 0, 0
22703, 11114183, 0, 0, 0
22801, 10027246, 0, 0, 0
22906, 11073837, 0, 0, 0
23002, 15132974, 0, 0, 0
23105, 9145235, 0, 0, 0
23205, 13154421, 0, 0, 0
23303, 11053202, 0, 0, 0
23400, 15284614, 0, 0, 0
23500, 11085158, 0, 0, 0
23602, 10262003, 0, 0, 0
23700, 10673080, 0, 0, 0
23803, 13008448, 0, 0, 0
23901, 14286166, 0, 0, 0
24001, 10257342, 0, 0, 0
24100, 10352701, 0, 0, 0
24200, 11651243, 0, 0, 0
24305, 9874096, 0, 0, 0
24402, 10340667, 0, 0, 0
24502, 17480402, 0, 0, 0
24600, 15896624, 0, 0, 0
24703, 11439554, 0, 0, 0
24801, 10247466, 0, 0, 0
24900, 11279910, 0, 0, 0
25001, 11312912, 0, 0, 0
25101, 11719255, 0, 0, 0
25200, 11480942, 0, 0, 0
25300, 9014363, 0, 0, 0
25400, 11850185, 0, 0, 0
25501, 13643649, 0, 0, 0
25600, 14191448, 0, 0, 0
25704, 10702396, 0, 0, 0
25800, 12697495, 0, 0, 0
25901, 10870469, 0, 0, 0
26000, 10541067, 0, 0, 0
26101, 11066727, 0, 0, 0
26203, 14488875, 0, 0, 0
26303, 11890519, 0, 0, 0
26400, 11623840, 0, 0, 0
26501, 13895643, 0, 0, 0
26601, 10011812, 0, 0, 0
26700, 14007477, 0, 0, 0
26800, 11155838, 0, 0, 0
26902, 14428868, 0, 0, 0
27001, 16279830, 0, 0, 0
27100, 9963977, 0, 0, 0
27201, 10774230, 0, 0, 0
27302, 12034581, 0, 0, 0
27402, 11330677, 0, 0, 0
27500, 12654747, 0, 0, 0
27602, 11039424, 0, 0, 0
27704, 14668078, 0, 0, 0
27800, 9819091, 0, 0, 0
27901, 10544964, 0, 0, 0
28000, 10252798, 0, 0, 0
28100, 12495471, 0, 0, 0
28202, 12857839, 0, 0, 0
28300, 13129793, 0, 0, 0
28401, 9129258, 0, 0, 0
28501, 8311755, 0, 0, 0
28603, 10430377, 0, 0, 0
28709, 18121921, 0, 0, 0
28800, 15514130, 0, 0, 0
28902, 10648074, 0, 0, 0
29002, 10784139, 0, 0, 0
29100, 12402452, 0, 0, 0
29201, 10541307, 0, 0, 0
29300, 12443524, 0, 0, 0
29408, 9882621, 0, 0, 0
29502, 13086238, 0, 0, 0
29603, 11437364, 0, 0, 0
29702, 10161671, 0, 0, 0
29800, 10383915, 0, 0, 0
29902, 12105130, 0, 0, 0
30000, 8605617, 0, 0, 0
30101, 11287496, 0, 0, 0
30201, 12209899, 0, 0, 0
30307, 11782490, 0, 0, 0
30400, 12050564, 0, 0, 0
30504, 12269632, 0, 0, 0
30603, 10284492, 0, 0, 0
30700, 10295328, 0, 0, 0
30802, 11825924, 0, 0, 0
30900, 10668733, 0, 0, 0
31000, 11407757, 0, 0, 0
31101, 10110556, 0, 0, 0
31201, 12355239, 0, 0, 0
31303, 11292360, 0, 0, 0
31400, 10706202, 0, 0, 0
31500, 13214451, 0, 0, 0
31601, 9633097, 0, 0, 0
31701, 12183834, 0, 0, 0
31802, 13560326, 0, 0, 0
31902, 12861785, 0, 0, 0
32002, 11284088, 0, 0, 0
32103, 12248695, 0, 0, 0
32201, 16000192, 0, 0, 0
32300, 13497874, 0, 0, 0
32409, 10173562, 0, 0, 0
32500, 11491244, 0, 0, 0
32600, 9631178, 0, 0, 0
32702, 10247145, 0, 0, 0
32800, 13040226, 0, 0, 0
32900, 12343182, 0, 0, 0
33002, 10192243, 0, 0, 0
33108, 13234694, 0, 0, 0
33200, 11109198, 0, 0, 0
33302, 10233773, 0, 0, 0
33403, 11004656, 0, 0, 0
33503, 13660671, 0, 0, 0
33601, 16288715, 0, 0, 0
33702, 10318990, 0, 0, 0
33800, 14372061, 0, 0, 0
33901, 13277098, 0, 0, 0
34000, 17396789, 0, 0, 0
34101, 11939530, 0, 0, 0
34202, 11156555, 0, 0, 0
34300, 11970585, 0, 0, 0
34400, 11113918, 0, 0, 0
34500, 12755488, 0, 0, 0
34606, 11855232, 0, 0, 0
34700, 10951599, 0, 0, 0
34800, 10888273, 0, 0, 0
34902, 10049132, 0, 0, 0
35001, 10382113, 0, 0, 0
35102, 11146682, 0, 0, 0
35201, 11088029, 0, 0, 0
35302, 10701862, 0, 0, 0
35400, 10387382, 0, 0, 0
35500, 11562457, 0, 0, 0
35600, 12528128, 0, 0, 0
35701, 9854984, 0, 0, 0
35803, 11031233, 0, 0, 0
35902, 9659872, 0, 0, 0
36000, 12245572, 0, 0, 0
36101, 13854417, 0, 0, 0
36201, 12876979, 0, 0, 0
36301, 12864162, 0, 0, 0
36401, 13026379, 0, 0, 0
36500, 11541711, 0, 0, 0
36600, 11188369, 0, 0, 0
36700, 10399422, 0, 0, 0
36805, 15873299, 0, 0, 0
36901, 13421182, 0, 0, 0
37000, 10178237, 0, 0, 0
37100, 12607483, 0, 0, 0
37202, 11614621, 0, 0, 0
37301, 11316739, 0, 0, 0
37401, 10596369, 0, 0, 0
37501, 10890217, 0, 0, 0
37602, 10287232, 0, 0, 0
37701, 11482427, 0, 0, 0
37804, 12734026, 0, 0, 0
37900, 14243767, 0, 0, 0
38000, 12448348, 0, 0, 0
38101, 13786837, 0, 0, 0
38201, 10809747, 0, 0, 0
38301, 12722612, 0, 0, 0
38400, 14515494, 0, 0, 0
38500, 11618842, 0, 0, 0
38600, 10560495, 0, 0, 0
38700, 9080675, 0, 0, 0
38802, 11804694, 0, 0, 0
38900, 18190969, 0, 0, 0
39002, 10313112, 0, 0, 0
39100, 15314627, 0, 0, 0
39202, 9327447, 0, 0, 0
39301, 17351829, 0, 0, 0
39400, 12527413, 0, 0, 0
39506, 9177264, 0, 0, 0
39600, 12835758, 0, 0, 0
39705, 12170258, 0, 0, 0
39800, 15031875, 0, 0, 0
39900, 8918627, 0, 0, 0
40000, 11942806, 0, 0, 0
40105, 12363688, 0, 0, 0
40206, 13035923, 0, 0, 0
40302, 14387855, 0, 0, 0
40401, 10565056, 0, 0, 0
40500, 12556764, 0, 0, 0
40603, 9927053, 0, 0, 0
40700, 12903430, 0, 0, 0
40801, 10743518, 0, 0, 0
40908, 11452752, 0, 0, 0
41002, 16252887, 0, 0, 0
41100, 11393052, 0, 0, 0
41200, 11163243, 0, 0, 0
41301, 10491810, 0, 0, 0
41400, 14223823, 0, 0, 0
41507, 14568261, 0, 0, 0
41600, 15665681, 0, 0, 0
41701, 11104028, 0, 0, 0
41801, 10519076, 0, 0, 0
41900, 12639700, 0, 0, 0
42003, 13002603, 0, 0, 0
42100, 11981374, 0, 0, 0
42200, 11259830, 0, 0, 0
42302, 11486510, 0, 0, 0
42401, 9058321, 0, 0, 0
42501, 10904656, 0, 0, 0
42603, 15364273, 0, 0, 0
42704, 9527449, 0, 0, 0
42800, 13198735, 0, 0, 0
42903, 10447258, 0, 0, 0
43000, 11267472, 0, 0, 0
43100, 11153849, 0, 0, 0
43200, 13764655, 0, 0, 0
43305, 12568526, 0, 0, 0
43403, 10577286, 0, 0, 0
43504, 11664660, 0, 0, 0
43600, 11742764, 0, 0, 0
43701, 12041055, 0, 0, 0
43803, 11828575, 0, 0, 0
43904, 10151036, 0, 0, 0
44000, 11143339, 0, 0, 0
44102, 11967686, 0, 0, 0
44201, 13016822, 0, 0, 0
44303, 12957600, 0, 0, 0
44404, 11213672, 0, 0, 0
44501, 11064877, 0, 0, 0
44602, 11658151, 0, 0, 0
44700, 9594275, 0, 0, 0
44801, 9562964, 0, 0, 0
44901, 9355749, 0, 0, 0
45001, 10828081, 0, 0, 0
45105, 12168905, 0, 0, 0
45200, 12310587, 0, 0, 0
45301, 15997921, 0, 0, 0
45400, 9766847, 0, 0, 0
45501, 13605878, 0, 0, 0
45602, 12860381, 0, 0, 0
45700, 12904805, 0, 0, 0
45802, 14829554, 0, 0, 0
45900, 11404238, 0, 0, 0
46002, 14985237, 0, 0, 0
46100, 12937715, 0, 0, 0
46201, 10593660, 0, 0, 0
46304, 9524004, 0, 0, 0
46400, 10878532, 0, 0, 0
46503, 10960080, 0, 0, 0
46602, 10782513, 0, 0, 0
46700, 10584415, 0, 0, 0
46802, 12565316, 0, 0, 0
46902, 11405072, 0, 0, 0
47002, 11090724, 0, 0, 0
47100, 13046740, 0, 0, 0
47200, 12423957, 0, 0, 0
47307, 12475386, 0, 0, 0
47400, 10407087, 0, 0, 0
47500, 11243205, 0, 0, 0
47605, 10538003, 0, 0, 0
47700, 13145267, 0, 0, 0
47805, 11807812, 0, 0, 0
47905, 13580101, 0, 0, 0
48000, 12460653, 0, 0, 0
48102, 12110515, 0, 0, 0
48205, 9852445, 0, 0, 0
48300, 13846443, 0, 0, 0
48401, 8852048, 0, 0, 0
48500, 12800278, 0, 0, 0
48600, 15137732, 0, 0, 0
48702, 12341974, 0, 0, 0
48800, 10011149, 0, 0, 0
48900, 9805053, 0, 0, 0
49001, 11265474, 0, 0, 0
49102, 10600264, 0, 0, 0
49202, 8054070, 0, 0, 0
49300, 10156025, 0, 0, 0
49400, 12562824, 0, 0, 0
49501, 12277442, 0, 0, 0
49602, 14640566, 0, 0, 0
49703, 11406175, 0, 0, 0
49802, 12939469, 0, 0, 0
49902, 9747386, 0, 0, 0
50001, 11601320, 0, 0, 0
50101, 10461387, 0, 0, 0
50201, 10667492, 0, 0, 0
50309, 14069034, 0, 0, 0
50400, 11036091, 0, 0, 0
50500, 10576619, 0, 0, 0
50605, 10400828, 0, 0, 0
50707, 12546344, 0, 0, 0
50801, 12956896, 0, 0, 0
50907, 12053358, 0, 0, 0
51000, 11987688, 0, 0, 0
51103, 10372576, 0, 0, 0
51202, 10471234, 0, 0, 0
51300, 12615403, 0, 0, 0
51403, 9526026, 0, 0, 0
51500, 11618037, 0, 0, 0
51601, 10159241, 0, 0, 0
51701, 13820695, 0, 0, 0
51801, 10470585, 0, 0, 0
51900, 13016884, 0, 0, 0
52002, 8948538, 0, 0, 0
52102, 14025543, 0, 0, 0
52200, 11075146, 0, 0, 0
52301, 10991877, 0, 0, 0
52400, 10443717, 0, 0, 0
52501, 15089979, 0, 0, 0
52602, 9005849, 0, 0, 0
52700, 11303932, 0, 0, 0
52801, 11066866, 0, 0, 0
52900, 10711481, 0, 0, 0
53003, 9534336, 0, 0, 0
53102, 11416501, 0, 0, 0
53203, 10691932, 0, 0, 0
53302, 11206339, 0, 0, 0
53400, 12904547, 0, 0, 0
53501, 12503380, 0, 0, 0
53600, 11692417, 0, 0, 0
53709, 13629393, 0, 0, 0
53800, 10966313, 0, 0, 0
53900, 13544036, 0, 0, 0
54002, 10417903, 0, 0, 0
54100, 9895137, 0, 0, 0
54201, 9871059, 0, 0, 0
54300, 11869826, 0, 0, 0
54404, 10147766, 0, 0, 0
54503, 9502280, 0, 0, 0
54600, 10987155, 0, 0, 0
54701, 9380087, 0, 0, 0
54802, 11248829, 0, 0, 0
54903, 12687371, 0, 0, 0
55003, 11587953, 0, 0, 0
55100, 11107778, 0, 0, 0
55201, 11467048, 0, 0, 0
55303, 10767992, 0, 0, 0
55401, 11823888, 0, 0, 0
55500, 11201349, 0, 0, 0
55600, 11407002, 0, 0, 0
55704, 10535578, 0, 0, 0
55800, 12256865, 0, 0, 0
55901, 11105718, 0, 0, 0
56000, 11119630, 0, 0, 0
56105, 10974694, 0, 0, 0
56201, 12880952, 0, 0, 0
56301, 11881243, 0, 0, 0
56400, 12742033, 0, 0, 0
56500, 13704944, 0, 0, 0
56601, 12401876, 0, 0, 0
56702, 13771314, 0, 0, 0
56800, 11862182, 0, 0, 0
56900, 13495317, 0, 0, 0
57000, 15052139, 0, 0, 0
57100, 11310283, 0, 0, 0
57202, 13479592, 0, 0, 0
57300, 13341075, 0, 0, 0
57400, 10560539, 0, 0, 0
57501, 11150622, 0, 0, 0
57600, 10612066, 0, 0, 0
57700, 9621614, 0, 0, 0
57804, 10587162, 0, 0, 0
57901, 13844619, 0, 0, 0
58003, 11505379, 0, 0, 0
58101, 10652103, 0, 0, 0
58200, 11566873, 0, 0, 0
58301, 12409227, 0, 0, 0
58400, 15623721, 0, 0, 0
58504, 11273500, 0, 0, 0
58601, 13020245, 0, 0, 0
58702, 12392478, 0, 0, 0
58804, 8664759, 0, 0, 0
58901, 7842548, 0, 0, 0
59021, 16084791, 0, 0, 0
59100, 15006133, 0, 0, 0
59208, 8230679, 0, 0, 0
59300, 9756920, 0, 0, 0
59401, 10266217, 0, 0, 0
59500, 13632180, 0, 0, 0
59601, 8257681, 0, 0, 0
59702, 9870228, 0, 0, 0
59802, 10554208, 0, 0, 0
59900, 11411988, 0, 0, 0
60001, 11268108, 0, 0, 0
60107, 14133616, 0, 0, 0
60202, 14697912, 0, 0, 0
60304, 9854954, 0, 0, 0
60400, 12342546, 0, 0, 0
60502, 10068894, 0, 0, 0
60600, 11294708, 0, 0, 0
60700, 11139492, 0, 0, 0
60800, 10718535, 0, 0, 0
60901, 11973623, 0, 0, 0
61004, 9588675, 0, 0, 0
61102, 11124445, 0, 0, 0
61203, 11612829, 0, 0, 0
61304, 10050248, 0, 0, 0
61402, 9588601, 0, 0, 0
61500, 10476834, 0, 0, 0
61607, 10975341, 0, 0, 0
61703, 11986730, 0, 0, 0
61803, 11461667, 0, 0, 0
61900, 12277660, 0, 0, 0
62003, 11482673, 0, 0, 0
62103, 10200391, 0, 0, 0
62200, 12509775, 0, 0, 0
62300, 13197517, 0, 0, 0
62400, 9196523, 0, 0, 0
62500, 11624654, 0, 0, 0
62600, 10985266, 0, 0, 0
62700, 13879876, 0, 0, 0
62801, 11324928, 0, 0, 0
62901, 12183858, 0, 0, 0
63002, 9074203, 0, 0, 0
63103, 14074930, 0, 0, 0
63200, 16239504, 0, 0, 0
63303, 10604807, 0, 0, 0
63400, 14325670, 0, 0, 0
63500, 13306861, 0, 0, 0
63601, 12741306, 0, 0, 0
63700, 9361587, 0, 0, 0
63800, 11252234, 0, 0, 0
63900, 10839317, 0, 0, 0
64001, 10085945, 0, 0, 0
64100, 13424913, 0, 0, 0
64200, 11380274, 0, 0, 0
64300, 11587059, 0, 0, 0
64402, 11415328, 0, 0, 0
64500, 11095463, 0, 0, 0
64600, 12532905, 0, 0, 0
64702, 10578826, 0, 0, 0
64800, 13423696, 0, 0, 0
64903, 13051104, 0, 0, 0
65002, 11471333, 0, 0, 0
65100, 10679979, 0, 0, 0
65200, 11869294, 0, 0, 0
65300, 10296503, 0, 0, 0
65401, 9103232, 0, 0, 0
65501, 9226948, 0, 0, 0
65600, 10686920, 0, 0, 0
65701, 12106226, 0, 0, 0
65800, 13515823, 0, 0, 0
65901, 10025014, 0, 0, 0
66002, 12417355, 0, 0, 0
66103, 15003383, 0, 0, 0
66200, 11634603, 0, 0, 0
66301, 12848531, 0, 0, 0
66404, 12058703, 0, 0, 0
66502, 12454175, 0, 0, 0
66601, 13045217, 0, 0, 0
66703, 9995594, 0, 0, 0
66801, 10710141, 0, 0, 0
66901, 10918535, 0, 0, 0
67000, 12202547, 0, 0, 0
67100, 10800543, 0, 0, 0
67204, 7847812, 0, 0, 0
67304, 9393979, 0, 0, 0
67402, 11566179, 0, 0, 0
67501, 11963323, 0, 0, 0
67603, 11705499, 0, 0, 0
67700, 11104698, 0, 0, 0
67800, 11837963, 0, 0, 0
67901, 9886362, 0, 0, 0
68004, 13062970, 0, 0, 0
68102, 12394710, 0, 0, 0
68200, 11558130, 0, 0, 0
68301, 11948402, 0, 0, 0
68400, 12475186, 0, 0, 0
68500, 9891339, 0, 0, 0
68601, 11260183, 0, 0, 0
68701, 12319854, 0, 0, 0
68800, 11711539, 0, 0, 0
68903, 13520054, 0, 0, 0
69001, 12457801, 0, 0, 0
69100, 11405374, 0, 0, 0
69203, 10265925, 0, 0, 0
69302, 11250948, 0, 0, 0
69401, 13747844, 0, 0, 0
69501, 12020195, 0, 0, 0
69600, 13134791, 0, 0, 0
69700, 12080142, 0, 0, 0
69800, 10023689, 0, 0, 0
69905, 10078025, 0, 0, 0
70003, 10240795, 0, 0, 0
70102, 10589077, 0, 0, 0
70201, 11274916, 0, 0, 0
70302, 9095844, 0, 0, 0
70405, 11765096, 0, 0, 0
70502, 11950622, 0, 0, 0
70600, 17964680, 0, 0, 0
70701, 11240723, 0, 0, 0
70801, 12000061, 0, 0, 0
70900, 9256916, 0, 0, 0
71002, 10949090, 0, 0, 0
71100, 11774258, 0, 0, 0
71204, 10580517, 0, 0, 0
71300, 10146333, 0, 0, 0
71401, 9327624, 0, 0, 0
71502, 9906360, 0, 0, 0
71600, 11579617, 0, 0, 0
71701, 12460377, 0, 0, 0
71801, 10809596, 0, 0, 0
71900, 11022485, 0, 0, 0
72000, 10989028, 0, 0, 0
72101, 12209350, 0, 0, 0
72201, 12891274, 0, 0, 0
72300, 10914028, 0, 0, 0
72402, 12467813, 0, 0, 0
72500, 10288628, 0, 0, 0
72600, 11735282, 0, 0, 0
72700, 11615222, 0, 0, 0
72800, 10608414, 0, 0, 0
72900, 10705232, 0, 0, 0
73000, 11722458, 0, 0, 0
73105, 12001785, 0, 0, 0
73200, 18972517, 0, 0, 0
73300, 12846606, 0, 0, 0
73400, 11500128, 0, 0, 0
73501, 12413778, 0, 0, 0
73600, 11643832, 0, 0, 0
73708, 10845711, 0, 0, 0
73803, 12283885, 0, 0, 0
73906, 10001535, 0, 0, 0
74001, 11039469, 0, 0, 0
74101, 11511448, 0, 0, 0
74201, 9841343, 0, 0, 0
74301, 11904198, 0, 0, 0
74402, 10884504, 0, 0, 0
74502, 10817579, 0, 0, 0
74602, 12423762, 0, 0, 0
74700, 11629502, 0, 0, 0
74803, 12020814, 0, 0, 0
74900, 10908205, 0, 0, 0
75000, 11643821, 0, 0, 0
75102, 10207944, 0, 0, 0
75200, 9933040, 0, 0, 0
75300, 12117731, 0, 0, 0
75400, 13010254, 0, 0, 0
75501, 11832196, 0, 0, 0
75601, 14257602, 0, 0, 0
75700, 7925735, 0, 0, 0
75800, 11646289, 0, 0, 0
75900, 12207831, 0, 0, 0
76011, 12031251, 0, 0, 0
76101, 14588476, 0, 0, 0
76200, 10243160, 0, 0, 0
76301, 10590067, 0, 0, 0
76400, 12760270, 0, 0, 0
76501, 14712838, 0, 0, 0
76601, 10519737, 0, 0, 0
76705, 11209243, 0, 0, 0
76803, 12140049, 0, 0, 0
76901, 9978577, 0, 0, 0
77000, 13074073, 0, 0, 0
77104, 11198611, 0, 0, 0
77204, 12990154, 0, 0, 0
77303, 13584748, 0, 0, 0
77403, 12315225, 0, 0, 0
77508, 11167855, 0, 0, 0
77602, 12128216, 0, 0, 0
77701, 11653159, 0, 0, 0
77804, 10584084, 0, 0, 0
77901, 11733581, 0, 0, 0
78000, 15380020, 0, 0, 0
78100, 11745022, 0, 0, 0
78202, 8939087, 0, 0, 0
78300, 9034317, 0, 0, 0
78404, 9400742, 0, 0, 0
78500, 14462101, 0, 0, 0
78602, 13296337, 0, 0, 0
78701, 14745099, 0, 0, 0
78800, 10851335, 0, 0, 0
78901, 13527613, 0, 0, 0
79000, 12164805, 0, 0, 0
79101, 11197250, 0, 0, 0
79203, 15204651, 0, 0, 0
79301, 13373252, 0, 0, 0
79403, 13037811, 0, 0, 0
79501, 12412153, 0, 0, 0
79601, 13351086, 0, 0, 0
79701, 10761579, 0, 0, 0
79800, 11939105, 0, 0, 0
79901, 8371980, 0, 0, 0
80000, 11836855, 0, 0, 0
80102, 10075378, 0, 0, 0
80207, 13419152, 0, 0, 0
80300, 10694268, 0, 0, 0
80401, 11816258, 0, 0, 0
80507, 12652224, 0, 0, 0
80603, 11694644, 0, 0, 0
80704, 10564072, 0, 0, 0
80802, 11973309, 0, 0, 0
80901, 12499386, 0, 0, 0
81005, 9816732, 0, 0, 0
81100, 13078774, 0, 0, 0
81201, 12066767, 0, 0, 0
81301, 11022483, 0, 0, 0
81401, 16243646, 0, 0, 0
81504, 8900039, 0, 0, 0
81600, 12190081, 0, 0, 0
81702, 8589594, 0, 0, 0
81800, 13445637, 0, 0, 0
81900, 14040170, 0, 0, 0
82002, 9924087, 0, 0, 0
82104, 12813852, 0, 0, 0
82200, 11830178, 0, 0, 0
82301, 12632108, 0, 0, 0
82402, 12930818, 0, 0, 0
82501, 11229056, 0, 0, 0
82601, 11949104, 0, 0, 0
82704, 10342049, 0, 0, 0
82800, 13357178, 0, 0, 0
82900, 12515404, 0, 0, 0
83000, 12576902, 0, 0, 0
83105, 11159864, 0, 0, 0
83202, 12757834, 0, 0, 0
83301, 9938115, 0, 0, 0
83401, 11107029, 0, 0, 0
83500, 12112581, 0, 0, 0
83600, 11638755, 0, 0, 0
83705, 10816077, 0, 0, 0
83804, 11709461, 0, 0, 0
83900, 13211718, 0, 0, 0
84000, 13291794, 0, 0, 0
84103, 11248134, 0, 0, 0
84200, 10714529, 0, 0, 0
84301, 10770029, 0, 0, 0
84400, 9691788, 0, 0, 0
84504, 10844572, 0, 0, 0
84602, 10785330, 0, 0, 0
84700, 11979621, 0, 0, 0
84806, 9333858, 0, 0, 0
84906, 13625915, 0, 0, 0
85001, 13236452, 0, 0, 0
85101, 10375471, 0, 0, 0
85203, 11344968, 0, 0, 0
85306, 9894098, 0, 0, 0
85404, 14846629, 0, 0, 0
85500, 10965496, 0, 0, 0
85601, 11912107, 0, 0, 0
85700, 11422596, 0, 0, 0
85800, 10347603, 0, 0, 0
85901, 13243424, 0, 0, 0
86000, 12704086, 0, 0, 0
86100, 9967052, 0, 0, 0
86200, 9379663, 0, 0, 0
86303, 11763351, 0, 0, 0
86402, 13995419, 0, 0, 0
86501, 11919800, 0, 0, 0
86607, 11239284, 0, 0, 0
86700, 10731318, 0, 0, 0
86800, 11609294, 0, 0, 0
86900, 10508114, 0, 0, 0
87001, 8387089, 0, 0, 0
87100, 11259937, 0, 0, 0
87200, 18271611, 0, 0, 0
87301, 11848444, 0, 0, 0
87400, 10117237, 0, 0, 0
87500, 10299628, 0, 0, 0
87601, 10140692, 0, 0, 0
87700, 10921281, 0, 0, 0
87802, 9552109, 0, 0, 0
87900, 13292121, 0, 0, 0
88004, 9351569, 0, 0, 0
88100, 11404783, 0, 0, 0
88201, 10093177, 0, 0, 0
88300, 12661499, 0, 0, 0
88401, 10408618, 0, 0, 0
88502, 9818028, 0, 0, 0
88601, 14050071, 0, 0, 0
88700, 9584855, 0, 0, 0
88801, 10326849, 0, 0, 0
88901, 10870584, 0, 0, 0
89002, 11884657, 0, 0, 0
89100, 11299430, 0, 0, 0
89204, 12056165, 0, 0, 0
89301, 12068099, 0, 0, 0
89402, 12087084, 0, 0, 0
89503, 12196959, 0, 0, 0
89603, 10205650, 0, 0, 0
89705, 14899727, 0, 0, 0
89804, 13747456, 0, 0, 0
89900, 12645524, 0, 0, 0
90000, 12799915, 0, 0, 0
90101, 10046132, 0, 0, 0
90203, 12909423, 0, 0, 0
90303, 9846763, 0, 0, 0
90400, 11895472, 0, 0, 0
90503, 9670737, 0, 0, 0
90603, 13732972, 0, 0, 0
90700, 14386640, 0, 0, 0
90800, 10442609, 0, 0, 0
90905, 13373167, 0, 0, 0
91000, 11325079, 0, 0, 0
91100, 11329610, 0, 0, 0
91200, 10678900, 0, 0, 0
91301, 11572217, 0, 0, 0
91400, 15752444, 0, 0, 0
91504, 11273201, 0, 0, 0
91607, 12874350, 0, 0, 0
91700, 13118390, 0, 0, 0
91801, 11567153, 0, 0, 0
91901, 9842835, 0, 0, 0
92002, 10386680, 0, 0, 0
92100, 8912853, 0, 0, 0
92203, 9047963, 0, 0, 0
92302, 14883625, 0, 0, 0
92400, 11629687, 0, 0, 0
92500, 11349376, 0, 0, 0
92601, 12626586, 0, 0, 0
92701, 11003807, 0, 0, 0
92801, 12928118, 0, 0, 0
92902, 9660998, 0, 0, 0
93000, 8729927, 0, 0, 0
93101, 11022976, 0, 0, 0
93201, 10297576, 0, 0, 0
93302, 11753846, 0, 0, 0
93402, 9651062, 0, 0, 0
93501, 10049782, 0, 0, 0
93600, 11160909, 0, 0, 0
93703, 11164862, 0, 0, 0
93801, 12181749, 0, 0, 0
93901, 11208940, 0, 0, 0
94000, 16079787, 0, 0, 0
94101, 8344448, 0, 0, 0
94202, 10223527, 0, 0, 0
94300, 11216785, 0, 0, 0
94402, 12068393, 0, 0, 0
94506, 11220486, 0, 0, 0
94600, 11366988, 0, 0, 0
94703, 11975805, 0, 0, 0
94805, 13413989, 0, 0, 0
94901, 10708325, 0, 0, 0
95004, 11237045, 0, 0, 0
95101, 13214822, 0, 0, 0
95207, 11948341, 0, 0, 0
95300, 10368378, 0, 0, 0
95402, 13866423, 0, 0, 0
95503, 12262351, 0, 0, 0
95603, 10489157, 0, 0, 0
95702, 10141199, 0, 0, 0
95803, 9459511, 0, 0, 0
95901, 13945274, 0, 0, 0
96000, 14910917, 0, 0, 0
96102, 9829684, 0, 0, 0
96203, 11185608, 0, 0, 0
96300, 12042044, 0, 0, 0
96402, 12897292, 0, 0, 0
96502, 9938688, 0, 0, 0
96603, 10622392, 0, 0, 0
96702, 8694913, 0, 0, 0
96800, 10416832, 0, 0, 0
96900, 13373734, 0, 0, 0
97002, 10905347, 0, 0, 0
97100, 12503132, 0, 0, 0
97201, 11324023, 0, 0, 0
97303, 11489631, 0, 0, 0
97401, 7855466, 0, 0, 0
97503, 9663386, 0, 0, 0
97603, 12265109, 0, 0, 0
97701, 10330057, 0, 0, 0
97800, 10147823, 0, 0, 0
97901, 10805527, 0, 0, 0
98000, 11040078, 0, 0, 0
98110, 16481703, 0, 0, 0
98200, 14463480, 0, 0, 0
98306, 9531830, 0, 0, 0
98408, 12283603, 0, 0, 0
98501, 11730636, 0, 0, 0
98600, 12560290, 0, 0, 0
98701, 9910492, 0, 0, 0
98800, 14775897, 0, 0, 0
98902, 11768048, 0, 0, 0
99003, 12069479, 0, 0, 0
99104, 9230391, 0, 0, 0
99200, 11966115, 0, 0, 0
99301, 11291896, 0, 0, 0
99403, 16889083, 0, 0, 0
99500, 11811022, 0, 0, 0
99600, 11177306, 0, 0, 0
99701, 10206235, 0, 0, 0
99800, 12462845, 0, 0, 0
99907, 15209655, 0, 0, 0
100001, 11811535, 0, 0, 0
100108, 11006937, 0, 0, 0
100202, 12581660, 0, 0, 0
100303, 11342835, 0, 0, 0
100408, 11040393, 0, 0, 0
100502, 10926775, 0, 0, 0
100601, 12022657, 0, 0, 0
100700, 13400621, 0, 0, 0
100801, 14491769, 0, 0, 0
100903, 10511828, 0, 0, 0
101003, 9445401, 0, 0, 0
101100, 12230788, 0, 0, 0
101201, 10374956, 0, 0, 0
101300, 12489900, 0, 0, 0
101401, 11057903, 0, 0, 0
101500, 12109742, 0, 0, 0
101602, 10840658, 0, 0, 0
101701, 9729278, 0, 0, 0
101801, 15163323, 0, 0, 0
101900, 13054407, 0, 0, 0
102000, 11711339, 0, 0, 0
102101, 10526739, 0, 0, 0
102203, 10910513, 0, 0, 0
102304, 15635745, 0, 0, 0
102402, 10665670, 0, 0, 0
102503, 11534559, 0, 0, 0
102600, 13648905, 0, 0, 0
102702, 11795065, 0, 0, 0
102803, 11348435, 0, 0, 0
102900, 11972316, 0, 0, 0
103001, 10314380, 0, 0, 0
103100, 11887980, 0, 0, 0
103204, 12793878, 0, 0, 0
103301, 13009534, 0, 0, 0
103400, 11311887, 0, 0, 0
103500, 12809996, 0, 0, 0
103606, 12285244, 0, 0, 0
103702, 11477213, 0, 0, 0
103802, 12379453, 0, 0, 0
103906, 9493242, 0, 0, 0
104001, 12198735, 0, 0, 0
104100, 10553557, 0, 0, 0
104201, 10873623, 0, 0, 0
104301, 12150280, 0, 0, 0
104400, 10363120, 0, 0, 0
104501, 10554633, 0, 0, 0
104608, 12928635, 0, 0, 0
104700, 11908637, 0, 0, 0
104800, 15413019, 0, 0, 0
104900, 12787318, 0, 0, 0
105001, 11596196, 0, 0, 0
105101, 11350100, 0, 0, 0
105201, 9901219, 0, 0, 0
105304, 12540880, 0, 0, 0
105400, 10683923, 0, 0, 0
105500, 12225155, 0, 0, 0
105600, 11353406, 0, 0, 0
105701, 10474602, 0, 0, 0
105801, 10048569, 0, 0, 0
105900, 12684771, 0, 0, 0
106000, 11139125, 0, 0, 0
106101, 9915676, 0, 0, 0
106200, 10385908, 0, 0, 0
106301, 14850950, 0, 0, 0
106403, 12571366, 0, 0, 0
106504, 8964937, 0, 0, 0
106602, 10204030, 0, 0, 0
106703, 11817840, 0, 0, 0
106802, 9354431, 0, 0, 0
106900, 10636920, 0, 0, 0
107001, 10895292, 0, 0, 0
107101, 11341838, 0, 0, 0
107200, 11947428, 0, 0, 0
107301, 11922965, 0, 0, 0
107400, 16837990, 0, 0, 0
107501, 11104926, 0, 0, 0
107600, 16760812, 0, 0, 0
107701, 10196865, 0, 0, 0
107803, 10987692, 0, 0, 0
107902, 11776909, 0, 0, 0
108001, 10432738, 0, 0, 0
108101, 9099263, 0, 0, 0
108203, 12440503, 0, 0, 0
108301, 12564907, 0, 0, 0
108406, 10991017, 0, 0, 0
108500, 13257298, 0, 0, 0
108601, 10402912, 0, 0, 0
108704, 9996473, 0, 0, 0
108800, 14512592, 0, 0, 0
108900, 11949014, 0, 0, 0
109000, 11950687, 0, 0, 0
109103, 12690861, 0, 0, 0
109200, 15610130, 0, 0, 0
109300, 11894292, 0, 0, 0
109400, 10173736, 0, 0, 0
109500, 12141678, 0, 0, 0
109600, 11097378, 0, 0, 0
109700, 11049029, 0, 0, 0
109805, 11639322, 0, 0, 0
109905, 12421240, 0, 0, 0
110002, 10351977, 0, 0, 0
110102, 13280728, 0, 0, 0
110200, 14330353, 0, 0, 0
110300, 11162547, 0, 0, 0
110401, 15931407, 0, 0, 0
110500, 11396167, 0, 0, 0
110600, 9944401, 0, 0, 0
110700, 14996259, 0, 0, 0
110805, 9940505, 0, 0, 0
110900, 10054745, 0, 0, 0
111000, 9336257, 0, 0, 0
111100, 9977460, 0, 0, 0
111205, 10593936, 0, 0, 0
111302, 16011007, 0, 0, 0
111403, 13597286, 0, 0, 0
111500, 10892240, 0, 0, 0
111600, 11439910, 0, 0, 0
111701, 9124585, 0, 0, 0
111803, 11234086, 0, 0, 0
111900, 11972253, 0, 0, 0
112000, 8940093, 0, 0, 0
112101, 11700509, 0, 0, 0
112200, 10576847, 0, 0, 0
112301, 12259716, 0, 0, 0
112401, 13718537, 0, 0, 0
112501, 12119649, 0, 0, 0
112600, 10207093, 0, 0, 0
112700, 11951783, 0, 0, 0
112808, 9911974, 0, 0, 0
112903, 9907999, 0, 0, 0
113006, 11270423, 0, 0, 0
113100, 12674726, 0, 0, 0
113200, 9305388, 0, 0, 0
113300, 13260957, 0, 0, 0
113401, 11231436, 0, 0, 0
113501, 10141992, 0, 0, 0
113600, 10604799, 0, 0, 0
113702, 10288796, 0, 0, 0
113800, 9933076, 0, 0, 0
113902, 9619447, 0, 0, 0
114000, 11456562, 0, 0, 0
114100, 11352445, 0, 0, 0
114201, 10845923, 0, 0, 0
114300, 11975195, 0, 0, 0
114400, 14374528, 0, 0, 0
114507, 12389687, 0, 0, 0
114602, 14626657, 0, 0, 0
114701, 11281187, 0, 0, 0
114801, 12606234, 0, 0, 0
114906, 13540853, 0, 0, 0
115002, 12055706, 0, 0, 0
115101, 11316489, 0, 0, 0
115202, 14958921, 0, 0, 0
115303, 13135509, 0, 0, 0
115409, 13214006, 0, 0, 0
115505, 9663735, 0, 0, 0
115600, 13602517, 0, 0, 0
115700, 12999281, 0, 0, 0
115800, 11093456, 0, 0, 0
115902, 10464749, 0, 0, 0
116002, 11951006, 0, 0, 0
116104, 9134368, 0, 0, 0
116208, 10723633, 0, 0, 0
116302, 11481321, 0, 0, 0
116405, 10487971, 0, 0, 0
116501, 12297169, 0, 0, 0
116600, 10354087, 0, 0, 0
116701, 15667301, 0, 0, 0
116804, 15297580, 0, 0, 0
116901, 15353627, 0, 0, 0
117002, 14619925, 0, 0, 0
117105, 10616999, 0, 0, 0
117201, 10350335, 0, 0, 0
117304, 9812816, 0, 0, 0
117402, 12731112, 0, 0, 0
117503, 12452193, 0, 0, 0
117600, 9814872, 0, 0, 0
117702, 13614957, 0, 0, 0
117808, 12980163, 0, 0, 0
117901, 10774479, 0, 0, 0
118000, 13801320, 0, 0, 0
118100, 11826599, 0, 0, 0
118200, 11997113, 0, 0, 0
118300, 11405050, 0, 0, 0
118402, 8805017, 0, 0, 0
118501, 11253076, 0, 0, 0
118603, 15249622, 0, 0, 0
118701, 14912090, 0, 0, 0
118800, 10607430, 0, 0, 0
118900, 12583801, 0, 0, 0
119000, 10007831, 0, 0, 0
119100, 13426711, 0, 0, 0
119202, 10061537, 0, 0, 0
119301, 13613604, 0, 0, 0
119400, 10379439, 0, 0, 0
119501, 9747602, 0, 0, 0
119601, 11305011, 0, 0, 0
119702, 14035514, 0, 0, 0
119800, 11098624, 0, 0, 0
119902, 9758654, 0, 0, 0
120000, 12020421, 0, 0, 0
120100, 10714910, 0, 0, 0
120200, 11519524, 0, 0, 0
120302, 10944848, 0, 0, 0
120406, 13676788, 0, 0, 0
120505, 10956719, 0, 0, 0
120600, 11260363, 0, 0, 0
120700, 9084686, 0, 0, 0
120800, 10307839, 0, 0, 0
120902, 11634773, 0, 0, 0
121002, 13033955, 0, 0, 0
121101, 9978659, 0, 0, 0
121201, 12401189, 0, 0, 0
121301, 13698560, 0, 0, 0
121400, 11731977, 0, 0, 0
121502, 10798062, 0, 0, 0
121602, 10911395, 0, 0, 0
121700, 12363029, 0, 0, 0
121800, 13490827, 0, 0, 0
121900, 13012366, 0, 0, 0
122001, 11190127, 0, 0, 0
122100, 11689502, 0, 0, 0
122201, 10384868, 0, 0, 0
122300, 11728179, 0, 0, 0
122404, 8150635, 0, 0, 0
122503, 9835674, 0, 0, 0
122601, 11446933, 0, 0, 0
122701, 10340895, 0, 0, 0
122800, 14007777, 0, 0, 0
122903, 12137531, 0, 0, 0
123001, 10415186, 0, 0, 0
123101, 8984035, 0, 0, 0
123206, 10379643, 0, 0, 0
123300, 12762123, 0, 0, 0
123401, 11165981, 0, 0, 0
123500, 10216007, 0, 0, 0
123603, 11293293, 0, 0, 0
123700, 8649631, 0, 0, 0
123800, 14340201, 0, 0, 0
123906, 10960811, 0, 0, 0
124000, 13875528, 0, 0, 0
124100, 10724700, 0, 0, 0
124202, 10672780, 0, 0, 0
124302, 10854142, 0, 0, 0
124400, 13750034, 0, 0, 0
124502, 11924580, 0, 0, 0
124601, 13410015, 0, 0, 0
124701, 13443100, 0, 0, 0
124802, 11888157, 0, 0, 0
124902, 12213222, 0, 0, 0
125002, 9785181, 0, 0, 0
125100, 10438589, 0, 0, 0
125202, 14110962, 0, 0, 0
125301, 14965214, 0, 0, 0
125401, 7557374, 0, 0, 0
125502, 8583877, 0, 0, 0
125600, 12112065, 0, 0, 0
125701, 12178684, 0, 0, 0
125804, 13490934, 0, 0, 0
125900, 10420561, 0, 0, 0
126001, 10715819, 0, 0, 0
126100, 14218247, 0, 0, 0
126201, 13244910, 0, 0, 0
126301, 11672485, 0, 0, 0
126400, 13945677, 0, 0, 0
126504, 10401037, 0, 0, 0
126602, 12283217, 0, 0, 0
126700, 11470705, 0, 0, 0
126805, 11458943, 0, 0, 0
126912, 16803622, 0, 0, 0
127001, 12920092, 0, 0, 0
127100, 11581898, 0, 0, 0
127200, 10854732, 0, 0, 0
127302, 12295226, 0, 0, 0
127403, 11095630, 0, 0, 0
127503, 10739129, 0, 0, 0
127602, 11866156, 0, 0, 0
127700, 12137446, 0, 0, 0
127801, 12337482, 0, 0, 0
127900, 12647706, 0, 0, 0
128001, 10233190, 0, 0, 0
128100, 9252158, 0, 0, 0
128202, 10579502, 0, 0, 0
128300, 9123911, 0, 0, 0
128406, 12588309, 0, 0, 0
128505, 14400593, 0, 0, 0
128600, 10798890, 0, 0, 0
128700, 9922621, 0, 0, 0
128801, 13370542, 0, 0, 0
128902, 11712148, 0, 0, 0
129000, 10133087, 0, 0, 0
129100, 12053894, 0, 0, 0
129200, 12913521, 0, 0, 0
129300, 8413216, 0, 0, 0
129406, 12905469, 0, 0, 0
129500, 12779162, 0, 0, 0
129604, 13803131, 0, 0, 0
129703, 10314326, 0, 0, 0
129802, 15305544, 0, 0, 0
129900, 11655862, 0, 0, 0
130003, 12925135, 0, 0, 0
130100, 8949373, 0, 0, 0
130200, 7764435, 0, 0, 0
130303, 9723430, 0, 0, 0
130400, 11257978, 0, 0, 0
130501, 10973599, 0, 0, 0
130606, 14294661, 0, 0, 0
130701, 13344648, 0, 0, 0
130802, 8418382, 0, 0, 0
130901, 9286545, 0, 0, 0
131000, 14143352, 0, 0, 0
131100, 9929000, 0, 0, 0
131200, 11474099, 0, 0, 0
131300, 9365675, 0, 0, 0
131400, 13341412, 0, 0, 0
131501, 9176034, 0, 0, 0
131605, 11311406, 0, 0, 0
131704, 12822745, 0, 0, 0
131800, 12143037, 0, 0, 0
131901, 11762285, 0, 0, 0
132000, 10088696, 0, 0, 0
132100, 12866896, 0, 0, 0
132200, 12562257, 0, 0, 0
132301, 10341453, 0, 0, 0
132401, 11305787, 0, 0, 0
132500, 9074204, 0, 0, 0
132603, 10714304, 0, 0, 0
132703, 12424380, 0, 0, 0
132800, 12992425, 0, 0, 0
132903, 11588716, 0, 0, 0
133003, 10951727, 0, 0, 0
133100, 10399114, 0, 0, 0
133202, 13428993, 0, 0, 0
133301, 10833268, 0, 0, 0
133400, 11457801, 0, 0, 0
133508, 10332687, 0, 0, 0
133600, 13418121, 0, 0, 0
133704, 10301363, 0, 0, 0
133800, 12423989, 0, 0, 0
133908, 9286711, 0, 0, 0
134001, 12253099, 0, 0, 0
134102, 11228425, 0, 0, 0
134201, 10561228, 0, 0, 0
134300, 13889439, 0, 0, 0
134400, 10400334, 0, 0, 0
134500, 9504848, 0, 0, 0
134604, 9791581, 0, 0, 0
134701, 9816417, 0, 0, 0
134800, 12785817, 0, 0, 0
134904, 11981417, 0, 0, 0
135005, 12554498, 0, 0, 0
135105, 12814870, 0, 0, 0
135201, 11575323, 0, 0, 0
135300, 12022761, 0, 0, 0
135402, 10627899, 0, 0, 0
135502, 10234485, 0, 0, 0
135600, 10437907, 0, 0, 0
135700, 12421204, 0, 0, 0
135806, 12714734, 0, 0, 0
135900, 10423207, 0, 0, 0
136001, 11187783, 0, 0, 0
136101, 11431886, 0, 0, 0
136202, 14397046, 0, 0, 0
136300, 9686562, 0, 0, 0
136402, 11383313, 0, 0, 0
136500, 10341640, 0, 0, 0
136601, 12421909, 0, 0, 0
136702, 13656295, 0, 0, 0
136804, 10460767, 0, 0, 0
136900, 12470849, 0, 0, 0
137002, 11102666, 0, 0, 0
137100, 11201615, 0, 0, 0
137206, 10992175, 0, 0, 0
137300, 10276680, 0, 0, 0
137401, 12710281, 0, 0, 0
137501, 11054911, 0, 0, 0
137600, 10410672, 0, 0, 0
137705, 11045343, 0, 0, 0
137803, 13792166, 0, 0, 0
137901, 10786853, 0, 0, 0
138000, 11991390, 0, 0, 0
138103, 10385664, 0, 0, 0
138200, 10082591, 0, 0, 0
138301, 11206333, 0, 0, 0
138401, 12898340, 0, 0, 0
138501, 9945886, 0, 0, 0
138602, 13450808, 0, 0, 0
138700, 12121674, 0, 0, 0
138801, 11490575, 0, 0, 0
138901, 11651786, 0, 0, 0
139000, 15158904, 0, 0, 0
139102, 11472225, 0, 0, 0
139200, 10333174, 0, 0, 0
139300, 10021233, 0, 0, 0
139400, 12202340, 0, 0, 0
139501, 10194182, 0, 0, 0
139603, 12071804, 0, 0, 0
139702, 10964328, 0, 0, 0
139800, 11569849, 0, 0, 0
139901, 11531240, 0, 0, 0
140003, 10172685, 0, 0, 0
140101, 12135401, 0, 0, 0
140201, 11233735, 0, 0, 0
140300, 10202882, 0, 0, 0
140401, 12801463, 0, 0, 0
140500, 18016425, 0, 0, 0
140600, 9810843, 0, 0, 0
140702, 9438668, 0, 0, 0
140800, 11113231, 0, 0, 0
140901, 8493929, 0, 0, 0
141002, 13844722, 0, 0, 0
141102, 14270602, 0, 0, 0
141201, 11865660, 0, 0, 0
141302, 10265763, 0, 0, 0
141400, 11473602, 0, 0, 0
141506, 10656322, 0, 0, 0
141600, 15993363, 0, 0, 0
141701, 13664335, 0, 0, 0
141801, 10556729, 0, 0, 0
141901, 11818392, 0, 0, 0
142001, 11274597, 0, 0, 0
142100, 9716463, 0, 0, 0
142200, 13186844, 0, 0, 0
142301, 9120525, 0, 0, 0
142402, 14385903, 0, 0, 0
142503, 11129118, 0, 0, 0
142602, 10061504, 0, 0, 0
142700, 8933577, 0, 0, 0
142802, 10458735, 0, 0, 0
142901, 12449885, 0, 0, 0
143000, 11424543, 0, 0, 0
143101, 12261735, 0, 0, 0
143204, 14363162, 0, 0, 0
143300, 11273241, 0, 0, 0
143401, 10630327, 0, 0, 0
143503, 10722802, 0, 0, 0
143605, 11967514, 0, 0, 0
143702, 11768582, 0, 0, 0
143804, 9979815, 0, 0, 0
143904, 11135200, 0, 0, 0
144000, 9442091, 0, 0, 0
144100, 13587819, 0, 0, 0
144200, 10493316, 0, 0, 0
144305, 10989588, 0, 0, 0
144400, 12050169, 0, 0, 0
144502, 11875518, 0, 0, 0
144602, 9502980, 0, 0, 0
144702, 9780243, 0, 0, 0
144802, 9211978, 0, 0, 0
144901, 12616007, 0, 0, 0
145001, 10004175, 0, 0, 0
145100, 10077349, 0, 0, 0
145203, 11574630, 0, 0, 0
145300, 12832520, 0, 0, 0
145402, 12291063, 0, 0, 0
145502, 11466885, 0, 0, 0
145602, 10318948, 0, 0, 0
145701, 13361394, 0, 0, 0
145808, 10473081, 0, 0, 0
145901, 11539164, 0, 0, 0
146005, 13900447, 0, 0, 0
146100, 13939146, 0, 0, 0
146202, 11016313, 0, 0, 0
146300, 11141000, 0, 0, 0
146402, 10233155, 0, 0, 0
146500, 13439844, 0, 0, 0
146600, 13830899, 0, 0, 0
146700, 9723541, 0, 0, 0
146800, 13706713, 0, 0, 0
146901, 12973414, 0, 0, 0
147000, 10479400, 0, 0, 0
147101, 12496052, 0, 0, 0
147200, 8553035, 0, 0, 0
147300, 11445733, 0, 0, 0
147404, 12311147, 0, 0, 0
147506, 13230646, 0, 0, 0
147600, 11485556, 0, 0, 0
147700, 10128985, 0, 0, 0
147801, 10133078, 0, 0, 0
147900, 13306593, 0, 0, 0
148004, 11144966, 0, 0, 0
148100, 10794096, 0, 0, 0
148202, 11048792, 0, 0, 0
148301, 9448980, 0, 0, 0
148404, 11281858, 0, 0, 0
148501, 10239183, 0, 0, 0
148606, 12826108, 0, 0, 0
148704, 11989855, 0, 0, 0
148800, 12197370, 0, 0, 0
148900, 11853497, 0, 0, 0
149006, 11611574, 0, 0, 0
149102, 10159077, 0, 0, 0
149202, 12957995, 0, 0, 0
149301, 11100959, 0, 0, 0
149400, 11127432, 0, 0, 0
149500, 15319337, 0, 0, 0
149602, 11684872, 0, 0, 0
149703, 15698571, 0, 0, 0
149802, 12338745, 0, 0, 0
149900, 12040259, 0, 0, 0
150005, 9089193, 0, 0, 0
150100, 11352291, 0, 0, 0
150202, 12967190, 0, 0, 0
150303, 10306378, 0, 0, 0
150400, 13194272, 0, 0, 0
150512, 9182403, 0, 0, 0
150602, 10998080, 0, 0, 0
150700, 13458448, 0, 0, 0
150801, 10647633, 0, 0, 0
150901, 10930945, 0, 0, 0
151005, 10902753, 0, 0, 0
151105, 14187079, 0, 0, 0
151201, 15019321, 0, 0, 0
151301, 12101416, 0, 0, 0
151405, 12538817, 0, 0, 0
151502, 9697573, 0, 0, 0
151600, 11018049, 0, 0, 0
151707, 10955740, 0, 0, 0
151801, 10144025, 0, 0, 0
151900, 11250355, 0, 0, 0
152001, 11527516, 0, 0, 0
152100, 11230750, 0, 0, 0
152202, 12544340, 0, 0, 0
152312, 11077641, 0, 0, 0
152401, 10804532, 0, 0, 0
152500, 10468052, 0, 0, 0
152601, 15455872, 0, 0, 0
152703, 11275353, 0, 0, 0
152801, 10837168, 0, 0, 0
152907, 10384753, 0, 0, 0
153001, 9452632, 0, 0, 0
153104, 11165268, 0, 0, 0
153203, 16490197, 0, 0, 0
153300, 9878868, 0, 0, 0
153400, 11663973, 0, 0, 0
153501, 9396283, 0, 0, 0
153606, 10036215, 0, 0, 0
153701, 12408003, 0, 0, 0
153800, 12950814, 0, 0, 0
153901, 12165460, 0, 0, 0
154009, 9804671, 0, 0, 0
154108, 12588814, 0, 0, 0
154200, 11407367, 0, 0, 0
154300, 9166291, 0, 0, 0
154404, 12429177, 0, 0, 0
154502, 11445798, 0, 0, 0
154600, 10505755, 0, 0, 0
154701, 12560126, 0, 0, 0
154801, 12267338, 0, 0, 0
154901, 10936862, 0, 0, 0
155002, 12130492, 0, 0, 0
155100, 11119096, 0, 0, 0
155201, 11088243, 0, 0, 0
155300, 10446708, 0, 0, 0
155400, 13311333, 0, 0, 0
155500, 13398595, 0, 0, 0
155604, 9999519, 0, 0, 0
155701, 10962643, 0, 0, 0
155800, 10897426, 0, 0, 0
155901, 10714263, 0, 0, 0
156000, 11236570, 0, 0, 0
156100, 12843488, 0, 0, 0
156201, 11698978, 0, 0, 0
156302, 14087579, 0, 0, 0
156400, 10667235, 0, 0, 0
156500, 10693728, 0, 0, 0
156601, 11492442, 0, 0, 0
156704, 8574514, 0, 0, 0
156802, 12558507, 0, 0, 0
156905, 10097105, 0, 0, 0
157005, 11989682, 0, 0, 0
157101, 12518080, 0, 0, 0
157203, 10260317, 0, 0, 0
157303, 11494107, 0, 0, 0
157400, 12768017, 0, 0, 0
157505, 12901079, 0, 0, 0
157600, 14261797, 0, 0, 0
157701, 9982991, 0, 0, 0
157800, 10112534, 0, 0, 0
157902, 12146547, 0, 0, 0
158004, 12180317, 0, 0, 0
158101, 16400569, 0, 0, 0
158200, 10983753, 0, 0, 0
158300, 11654344, 0, 0, 0
158400, 11112038, 0, 0, 0
158501, 11353269, 0, 0, 0
158600, 12776991, 0, 0, 0
158700, 10540122, 0, 0, 0
158803, 14303417, 0, 0, 0
158900, 12798647, 0, 0, 0
159000, 12073876, 0, 0, 0
159104, 13168345, 0, 0, 0
159205, 11084364, 0, 0, 0
159303, 14582337, 0, 0, 0
159406, 13289239, 0, 0, 0
159500, 12053682, 0, 0, 0
159600, 12298260, 0, 0, 0
159701, 13193095, 0, 0, 0
159802, 9960575, 0, 0, 0
159904, 12765798, 0, 0, 0
160000, 10152524, 0, 0, 0
160101, 11277897, 0, 0, 0
160201, 11230456, 0, 0, 0
160301, 10886317, 0, 0, 0
160400, 10250888, 0, 0, 0
160507, 13301735, 0, 0, 0
160600, 9763236, 0, 0, 0
160700, 14621943, 0, 0, 0
160801, 11401870, 0, 0, 0
160907, 10517725, 0, 0, 0
161000, 10407800, 0, 0, 0
161100, 13081974, 0, 0, 0
161200, 9484035, 0, 0, 0
161301, 15000977, 0, 0, 0
161403, 11536185, 0, 0, 0
161501, 16528184, 0, 0, 0
161601, 10748532, 0, 0, 0
161700, 10982419, 0, 0, 0
161800, 10282063, 0, 0, 0
161902, 9350262, 0, 0, 0
162002, 14997793, 0, 0, 0
162102, 10128769, 0, 0, 0
162200, 12136576, 0, 0, 0
162300, 10878437, 0, 0, 0
162400, 10904206, 0, 0, 0
162502, 10594371, 0, 0, 0
162603, 12574975, 0, 0, 0
162702, 12159670, 0, 0, 0
162802, 11611456, 0, 0, 0
162901, 11989159, 0, 0, 0
163001, 16107409, 0, 0, 0
163105, 16140482, 0, 0, 0
163200, 14061962, 0, 0, 0
163301, 11529488, 0, 0, 0
163402, 10068559, 0, 0, 0
163503, 9154372, 0, 0, 0
163601, 10075675, 0, 0, 0
163700, 10704448, 0, 0, 0
163802, 12462129, 0, 0, 0
163900, 11480389, 0, 0, 0
164000, 17454282, 0, 0, 0
164101, 12945730, 0, 0, 0
164200, 12695547, 0, 0, 0
164302, 10402277, 0, 0, 0
164401, 9925034, 0, 0, 0
164500, 12655962, 0, 0, 0
164606, 11186422, 0, 0, 0
164701, 13246201, 0, 0, 0
164803, 11290852, 0, 0, 0
164901, 9893574, 0, 0, 0
165002, 13217162, 0, 0, 0
165101, 11821298, 0, 0, 0
165200, 12000764, 0, 0, 0
165301, 13199585, 0, 0, 0
165401, 9750451, 0, 0, 0
165501, 14367259, 0, 0, 0
165605, 13034469, 0, 0, 0
165702, 10767058, 0, 0, 0
165802, 11559677, 0, 0, 0
165902, 9927710, 0, 0, 0
166000, 14294229, 0, 0, 0
166100, 12307598, 0, 0, 0
166203, 19060675, 0, 0, 0
166301, 14437617, 0, 0, 0
166400, 11911836, 0, 0, 0
166500, 12790650, 0, 0, 0
166603, 11080079, 0, 0, 0
166700, 13149581, 0, 0, 0
166800, 13979231, 0, 0, 0
166900, 10436758, 0, 0, 0
167002, 11627560, 0, 0, 0
167102, 11635686, 0, 0, 0
167201, 12208034, 0, 0, 0
167300, 11688051, 0, 0, 0
167405, 11119665, 0, 0, 0
167503, 11527762, 0, 0, 0
167601, 11642834, 0, 0, 0
167701, 12298391, 0, 0, 0
167801, 11399945, 0, 0, 0
167900, 10308691, 0, 0, 0
168000, 10106707, 0, 0, 0
168106, 15598851, 0, 0, 0
168201, 9805979, 0, 0, 0
168301, 10698931, 0, 0, 0
168402, 12746960, 0, 0, 0
168500, 11005603, 0, 0, 0
168602, 20104651, 0, 0, 0
168700, 11770974, 0, 0, 0
168801, 11614136, 0, 0, 0
168901, 13023818, 0, 0, 0
169003, 12213699, 0, 0, 0
169100, 11310742, 0, 0, 0
169201, 12130369, 0, 0, 0
169300, 11691309, 0, 0, 0
169402, 9442217, 0, 0, 0
169501, 9879372, 0, 0, 0
169606, 11144779, 0, 0, 0
169702, 16124048, 0, 0, 0
169803, 11772561, 0, 0, 0
169905, 9854319, 0, 0, 0
170002, 12144735, 0, 0, 0
170100, 10606685, 0, 0, 0
170202, 11678086, 0, 0, 0
170302, 10533969, 0, 0, 0
170401, 11574552, 0, 0, 0
170502, 13005976, 0, 0, 0
170600, 13547330, 0, 0, 0
170703, 11367047, 0, 0, 0
170801, 12796813, 0, 0, 0
170901, 11855609, 0, 0, 0
171003, 12033725, 0, 0, 0
171100, 12632652, 0, 0, 0
171201, 9118349, 0, 0, 0
171300, 12035919, 0, 0, 0
171412, 10500015, 0, 0, 0
171500, 10530627, 0, 0, 0
171600, 9541469, 0, 0, 0
171702, 12951316, 0, 0, 0
171800, 12413513, 0, 0, 0
171904, 10447724, 0, 0, 0
172002, 11647698, 0, 0, 0
172101, 10689526, 0, 0, 0
172202, 11713678, 0, 0, 0
172301, 10014204, 0, 0, 0
172400, 12904219, 0, 0, 0
172500, 10851614, 0, 0, 0
172600, 12705691, 0, 0, 0
172706, 10627487, 0, 0, 0
172801, 12063504, 0, 0, 0
172901, 11182624, 0, 0, 0
173001, 10898911, 0, 0, 0
173100, 13014444, 0, 0, 0
173201, 10518407, 0, 0, 0
173305, 9960042, 0, 0, 0
173400, 12670435, 0, 0, 0
173500, 11848530, 0, 0, 0
173601, 10685260, 0, 0, 0
173702, 12470378, 0, 0, 0
173800, 9809240, 0, 0, 0
173905, 13025529, 0, 0, 0
174000, 12663007, 0, 0, 0
174100, 12069312, 0, 0, 0
174202, 9887481, 0, 0, 0
174300, 9855956, 0, 0, 0
174401, 12030021, 0, 0, 0
174502, 11275085, 0, 0, 0
174604, 9309285, 0, 0, 0
174704, 9719456, 0, 0, 0
174804, 11288431, 0, 0, 0
174902, 10543759, 0, 0, 0
175000, 13022094, 0, 0, 0
175101, 13361988, 0, 0, 0
175201, 13537714, 0, 0, 0
175301, 11241134, 0, 0, 0
175403, 12177927, 0, 0, 0
175500, 11890711, 0, 0, 0
175606, 11717770, 0, 0, 0
175702, 10530711, 0, 0, 0
175802, 8313934, 0, 0, 0
175905, 9660495, 0, 0, 0
176000, 10701025, 0, 0, 0
176101, 12275130, 0, 0, 0
176209, 13629895, 0, 0, 0
176301, 10857654, 0, 0, 0
176401, 11001924, 0, 0, 0
176503, 12500408, 0, 0, 0
176601, 13338699, 0, 0, 0
176703, 13974800, 0, 0, 0
176802, 9285913, 0, 0, 0
176900, 11464894, 0, 0, 0
177000, 9446565, 0, 0, 0
177107, 9874370, 0, 0, 0
177203, 13907589, 0, 0, 0
177300, 10090494, 0, 0, 0
177404, 9175465, 0, 0, 0
177501, 10862339, 0, 0, 0
177600, 17426596, 0, 0, 0
177702, 10718479, 0, 0, 0
177801, 12935957, 0, 0, 0
177911, 9304258, 0, 0, 0
178002, 16309068, 0, 0, 0
178100, 11093953, 0, 0, 0
178200, 13605635, 0, 0, 0
178303, 13247761, 0, 0, 0
178404, 12398052, 0, 0, 0
178501, 11902904, 0, 0, 0
178602, 8792581, 0, 0, 0
178707, 9280994, 0, 0, 0
178805, 13330758, 0, 0, 0
178900, 9741979, 0, 0, 0
179002, 12788828, 0, 0, 0
179103, 13835597, 0, 0, 0
179207, 11684868, 0, 0, 0
179301, 11955881, 0, 0, 0
179400, 11921128, 0, 0, 0
179505, 11572044, 0, 0, 0
179600, 10487673, 0, 0, 0
179705, 10397644, 0, 0, 0
179802, 10335100, 0, 0, 0
179901, 11245232, 0, 0, 0
180000, 10966844, 0, 0, 0
180015, 21718298, 0, 0, 0
