102, 15874676, 0, 0, 0
200, 13612538, 0, 0, 0
302, 10912811, 0, 0, 0
402, 11075527, 0, 0, 0
502, 10317733, 0, 0, 0
619, 10493381, 0, 0, 0
700, 9506284, 0, 0, 0
804, 13456540, 0, 0, 0
905, 10380734, 0, 0, 0
1003, 14291108, 0, 0, 0
1101, 13345998, 0, 0, 0
1202, 10389114, 0, 0, 0
1304, 11088402, 0, 0, 0
1401, 10960365, 0, 0, 0
1502, 13799865, 0, 0, 0
1600, 8929403, 0, 0, 0
1700, 12422959, 0, 0, 0
1800, 14111156, 0, 0, 0
1902, 11991691, 0, 0, 0
2001, 11922126, 0, 0, 0
2100, 11362365, 0, 0, 0
2200, 10793621, 0, 0, 0
2300, 10122239, 0, 0, 0
2400, 12743956, 0, 0, 0
2508, 10500847, 0, 0, 0
2600, 14919801, 0, 0, 0
2700, 13268979, 0, 0, 0
2800, 12659017, 0, 0, 0
2901, 15493150, 0, 0, 0
3000, 9271557, 0, 0, 0
3101, 10471037, 0, 0, 0
3200, 10907047, 0, 0, 0
3300, 13249759, 0, 0, 0
3400, 12793577, 0, 0, 0
3504, 8971181, 0, 0, 0
3602, 13472002, 0, 0, 0
3700, 14315363, 0, 0, 0
3800, 6505159, 0, 0, 0
3900, 13113121, 0, 0, 0
4002, 16417642, 0, 0, 0
4101, 14638279, 0, 0, 0
4200, 12279796, 0, 0, 0
4300, 11481069, 0, 0, 0
4401, 16027134, 0, 0, 0
4504, 14350445, 0, 0, 0
4602, 10224708, 0, 0, 0
4703, 9882392, 0, 0, 0
4805, 14705120, 0, 0, 0
4900, 10697402, 0, 0, 0
5007, 9032858, 0, 0, 0
5103, 13274137, 0, 0, 0
5200, 11532074, 0, 0, 0
5302, 10885514, 0, 0, 0
5401, 11331394, 0, 0, 0
5500, 12630700, 0, 0, 0
5600, 14080283, 0, 0, 0
5700, 13804696, 0, 0, 0
5806, 11357917, 0, 0, 0
5904, 14001219, 0, 0, 0
6001, 10311787, 0, 0, 0
6100, 12472709, 0, 0, 0
6202, 11426152, 0, 0, 0
6304, 12038094, 0, 0, 0
6401, 11316656, 0, 0, 0
6502, 12252163, 0, 0, 0
6603, 12927677, 0, 0, 0
6700, 10138644, 0, 0, 0
6800, 11260013, 0, 0, 0
6901, 12895010, 0, 0, 0
7003, 9658073, 0, 0, 0
7101, 14304384, 0, 0, 0
7200, 12586644, 0, 0, 0
7300, 14034903, 0, 0, 0
7401, 12088123, 0, 0, 0
7502, 10258444, 0, 0, 0
7600, 10836279, 0, 0, 0
7709, 10134840, 0, 0, 0
7800, 16453544, 0, 0, 0
7902, 10321864, 0, 0, 0
8002, 12236751, 0, 0, 0
8103, 13429038, 0, 0, 0
8201, 9946555, 0, 0, 0
8306, 16077540, 0, 0, 0
8400, 10234208, 0, 0, 0
8500, 12720968, 0, 0, 0
8600, 11765195, 0, 0, 0
8700, 10583521, 0, 0, 0
8800, 13281246, 0, 0, 0
8901, 9308590, 0, 0, 0
9000, 8434451, 0, 0, 0
9100, 15905966, 0, 0, 0
9202, 11297663, 0, 0, 0
9301, 13330009, 0, 0, 0
9403, 9999908, 0, 0, 0
9502, 10543094, 0, 0, 0
9602, 10785076, 0, 0, 0
9709, 11978253, 0, 0, 0
9805, 13065999, 0, 0, 0
9901, 12896268, 0, 0, 0
10000, 11137503, 0, 0, 0
10100, 10334068, 0, 0, 0
10204, 13359834, 0, 0, 0
10301, 11903489, 0, 0, 0
10401, 12322079, 0, 0, 0
10503, 14269978, 0, 0, 0
10600, 13642053, 0, 0, 0
10700, 10385502, 0, 0, 0
10800, 11528680, 0, 0, 0
10901, 7877768, 0, 0, 0
11000, 12243699, 0, 0, 0
11101, 13342146, 0, 0, 0
11201, 10895477, 0, 0, 0
11305, 10208465, 0, 0, 0
11403, 11853525, 0, 0, 0
11503, 12181028, 0, 0, 0
11601, 12657779, 0, 0, 0
11700, 11152307, 0, 0, 0
11802, 11656633, 0, 0, 0
11900, 11797213, 0, 0, 0
12000, 10942730, 0, 0, 0
12102, 11750134, 0, 0, 0
12201, 11144200, 0, 0, 0
12301, 11781397, 0, 0, 0
12400, 12151540, 0, 0, 0
12504, 10032122, 0, 0, 0
12600, 14498541, 0, 0, 0
12707, 8912416, 0, 0, 0
12804, 10683851, 0, 0, 0
12900, 11285105, 0, 0, 0
13000, 12414741, 0, 0, 0
13101, 10982049, 0, 0, 0
13200, 12126329, 0, 0, 0
13300, 13045686, 0, 0, 0
13401, 12052458, 0, 0, 0
13500, 14107709, 0, 0, 0
13600, 10846256, 0, 0, 0
13700, 12043404, 0, 0, 0
13801, 11480582, 0, 0, 0
13901, 13615471, 0, 0, 0
14000, 13295354, 0, 0, 0
14100, 11412239, 0, 0, 0
14200, 10683771, 0, 0, 0
14300, 11435310, 0, 0, 0
14400, 11480465, 0, 0, 0
14503, 12482069, 0, 0, 0
14602, 12586265, 0, 0, 0
14701, 12596114, 0, 0, 0
14801, 12908616, 0, 0, 0
14900, 14525046, 0, 0, 0
15000, 10153138, 0, 0, 0
15102, 10441374, 0, 0, 0
15201, 12330880, 0, 0, 0
15300, 11837899, 0, 0, 0
15408, 10586642, 0, 0, 0
15501, 11756105, 0, 0, 0
15602, 12397205, 0, 0, 0
15701, 9334782, 0, 0, 0
15801, 11754079, 0, 0, 0
15900, 11918210, 0, 0, 0
16002, 10930294, 0, 0, 0
16101, 12885946, 0, 0, 0
16200, 12897966, 0, 0, 0
16301, 10302639, 0, 0, 0
16405, 14451132, 0, 0, 0
16500, 14231116, 0, 0, 0
16602, 12092342, 0, 0, 0
16703, 15357468, 0, 0, 0
16802, 15337881, 0, 0, 0
16903, 11820930, 0, 0, 0
17003, 11739108, 0, 0, 0
17101, 14127141, 0, 0, 0
17203, 11645079, 0, 0, 0
17301, 16647710, 0, 0, 0
17400, 12629035, 0, 0, 0
17500, 10466455, 0, 0, 0
17602, 9691871, 0, 0, 0
17704, 12833206, 0, 0, 0
17804, 11170531, 0, 0, 0
17900, 12070811, 0, 0, 0
18000, 12370193, 0, 0, 0
18102, 11446849, 0, 0, 0
18207, 11387762, 0, 0, 0
18301, 11681212, 0, 0, 0
18400, 11384998, 0, 0, 0
18501, 10209327, 0, 0, 0
18601, 13391234, 0, 0, 0
18703, 12826341, 0, 0, 0
18803, 12938686, 0, 0, 0
18900, 11867594, 0, 0, 0
19001, 9614851, 0, 0, 0
19102, 12520826, 0, 0, 0
19202, 13832400, 0, 0, 0
19301, 11805405, 0, 0, 0
19400, 12913959, 0, 0, 0
19506, 11318858, 0, 0, 0
19600, 13746802, 0, 0, 0
19702, 9985260, 0, 0, 0
19805, 12835615, 0, 0, 0
19904, 13078771, 0, 0, 0
20000, 10161746, 0, 0, 0
20100, 8830419, 0, 0, 0
20200, 11181818, 0, 0, 0
20303, 10129067, 0, 0, 0
20400, 14853418, 0, 0, 0
20502, 13637637, 0, 0, 0
20600, 13031378, 0, 0, 0
20701, 10718314, 0, 0, 0
20804, 11667523, 0, 0, 0
20902, 11575572, 0, 0, 0
21003, 14171611, 0, 0, 0
21102, 10707091, 0, 0, 0
21202, 12311151, 0, 0, 0
21304, 11569884, 0, 0, 0
21400, 11204655, 0, 0, 0
21502, 12317512, 0, 0, 0
21600, 16164855, 0, 0, 0
21701, 13321799, 0, 0, 0
21800, 12534466, 0, 0, 0
21901, 14163644, 0, 0, 0
22000, 12196637, 0, 0, 0
22100, 12568885, 0, 0, 0
22200, 11617391, 0, 0, 0
22300, 11305067, 0, 0, 0
22403, 15158232, 0, 0, 0
22501, 14649147, 0, 0, 0
22601, 12262563, 0, 0, 0
22700, 10930080, 0, 0, 0
22801, 11587734, 0, 0, 0
22901, 12538109, 0, 0, 0
23004, 13524120, 0, 0, 0
23100, 11400472, 0, 0, 0
23202, 9622478, 0, 0, 0
23301, 14314590, 0, 0, 0
23401, 10297892, 0, 0, 0
23501, 10385231, 0, 0, 0
23603, 12789165, 0, 0, 0
23700, 14655851, 0, 0, 0
23802, 8686870, 0, 0, 0
23902, 13910995, 0, 0, 0
24000, 11099079, 0, 0, 0
24104, 13577024, 0, 0, 0
24200, 12079806, 0, 0, 0
24300, 10280870, 0, 0, 0
24402, 14155939, 0, 0, 0
24502, 10465350, 0, 0, 0
24601, 10243106, 0, 0, 0
24714, 14436453, 0, 0, 0
24802, 15935103, 0, 0, 0
24903, 10196030, 0, 0, 0
25000, 11465113, 0, 0, 0
25102, 10435421, 0, 0, 0
25202, 10711365, 0, 0, 0
25302, 12799406, 0, 0, 0
25401, 9770342, 0, 0, 0
25502, 10636422, 0, 0, 0
25601, 10709243, 0, 0, 0
25703, 12711821, 0, 0, 0
25804, 12579630, 0, 0, 0
25903, 11402482, 0, 0, 0
26000, 11829870, 0, 0, 0
26102, 13025078, 0, 0, 0
26202, 11702088, 0, 0, 0
26300, 12113473, 0, 0, 0
26400, 12702903, 0, 0, 0
26502, 11728224, 0, 0, 0
26602, 14726262, 0, 0, 0
26700, 11342511, 0, 0, 0
26800, 11213930, 0, 0, 0
26900, 11259827, 0, 0, 0
27001, 13280599, 0, 0, 0
27106, 13538231, 0, 0, 0
27202, 10091890, 0, 0, 0
27301, 13457049, 0, 0, 0
27403, 9865894, 0, 0, 0
27500, 13568478, 0, 0, 0
27601, 11201049, 0, 0, 0
27700, 11695805, 0, 0, 0
27804, 10990103, 0, 0, 0
27902, 11910249, 0, 0, 0
28004, 11901193, 0, 0, 0
28103, 10264267, 0, 0, 0
28200, 12058874, 0, 0, 0
28300, 10678151, 0, 0, 0
28401, 17307722, 0, 0, 0
28501, 10725967, 0, 0, 0
28600, 11100283, 0, 0, 0
28700, 12739972, 0, 0, 0
28801, 13143563, 0, 0, 0
28901, 11241747, 0, 0, 0
29002, 11287325, 0, 0, 0
29102, 13268990, 0, 0, 0
29203, 10487405, 0, 0, 0
29300, 12069510, 0, 0, 0
29400, 11758327, 0, 0, 0
29502, 11023223, 0, 0, 0
29600, 13441104, 0, 0, 0
29704, 11321762, 0, 0, 0
29803, 11291745, 0, 0, 0
29905, 13801139, 0, 0, 0
30004, 13722676, 0, 0, 0
30100, 13182387, 0, 0, 0
30204, 11378804, 0, 0, 0
30303, 11868367, 0, 0, 0
30401, 12785231, 0, 0, 0
30500, 12626271, 0, 0, 0
30603, 12306752, 0, 0, 0
30700, 12527486, 0, 0, 0
30801, 10680340, 0, 0, 0
30908, 13744414, 0, 0, 0
31005, 12312814, 0, 0, 0
31100, 14640578, 0, 0, 0
31201, 15174902, 0, 0, 0
31300, 10079558, 0, 0, 0
31402, 12087325, 0, 0, 0
31502, 11459402, 0, 0, 0
31600, 16450147, 0, 0, 0
31701, 15486947, 0, 0, 0
31807, 9416669, 0, 0, 0
31902, 11840380, 0, 0, 0
32000, 12540354, 0, 0, 0
32100, 13362314, 0, 0, 0
32204, 9103705, 0, 0, 0
32303, 13714391, 0, 0, 0
32401, 11827673, 0, 0, 0
32502, 10855810, 0, 0, 0
32601, 13223911, 0, 0, 0
32700, 13187078, 0, 0, 0
32804, 11805677, 0, 0, 0
32901, 11660316, 0, 0, 0
33001, 10868341, 0, 0, 0
33102, 12178134, 0, 0, 0
33200, 10991386, 0, 0, 0
33302, 11095784, 0, 0, 0
33402, 10454139, 0, 0, 0
33500, 12686329, 0, 0, 0
33602, 10232036, 0, 0, 0
33700, 10023784, 0, 0, 0
33804, 12472917, 0, 0, 0
33901, 15076027, 0, 0, 0
34006, 12890181, 0, 0, 0
34103, 13824702, 0, 0, 0
34202, 13337502, 0, 0, 0
34300, 13500850, 0, 0, 0
34400, 12139125, 0, 0, 0
34509, 12619598, 0, 0, 0
34606, 13321858, 0, 0, 0
34702, 11945089, 0, 0, 0
34800, 12609207, 0, 0, 0
34903, 11599941, 0, 0, 0
35002, 14688520, 0, 0, 0
35106, 11480043, 0, 0, 0
35204, 14151086, 0, 0, 0
35300, 11389641, 0, 0, 0
35400, 11294745, 0, 0, 0
35500, 10920919, 0, 0, 0
35600, 13631226, 0, 0, 0
35704, 13160093, 0, 0, 0
35800, 12877358, 0, 0, 0
35900, 11310024, 0, 0, 0
36000, 15563457, 0, 0, 0
36101, 12296884, 0, 0, 0
36200, 13771936, 0, 0, 0
36302, 18964007, 0, 0, 0
36402, 13079751, 0, 0, 0
36504, 10054388, 0, 0, 0
36600, 12446491, 0, 0, 0
36701, 10276252, 0, 0, 0
36800, 14316412, 0, 0, 0
36901, 11972630, 0, 0, 0
37001, 9942986, 0, 0, 0
37101, 10850384, 0, 0, 0
37201, 17027912, 0, 0, 0
37301, 12447783, 0, 0, 0
37402, 11534692, 0, 0, 0
37501, 14490224, 0, 0, 0
37601, 9889639, 0, 0, 0
37700, 10214874, 0, 0, 0
37800, 10517542, 0, 0, 0
37901, 11706228, 0, 0, 0
38001, 10785273, 0, 0, 0
38101, 9139756, 0, 0, 0
38202, 10932182, 0, 0, 0
38302, 14486022, 0, 0, 0
38400, 13576425, 0, 0, 0
38501, 9211690, 0, 0, 0
38602, 12500741, 0, 0, 0
38700, 9957276, 0, 0, 0
38802, 12684258, 0, 0, 0
38900, 16124846, 0, 0, 0
39001, 14963054, 0, 0, 0
39101, 12059965, 0, 0, 0
39208, 12338636, 0, 0, 0
39300, 12713550, 0, 0, 0
39401, 9549836, 0, 0, 0
39501, 12530359, 0, 0, 0
39601, 12744168, 0, 0, 0
39704, 14227920, 0, 0, 0
39802, 13258146, 0, 0, 0
39900, 13999652, 0, 0, 0
40001, 18805054, 0, 0, 0
40101, 12089811, 0, 0, 0
40202, 11323430, 0, 0, 0
40300, 12739367, 0, 0, 0
40400, 11202142, 0, 0, 0
40502, 15572716, 0, 0, 0
40603, 11745911, 0, 0, 0
40702, 12299114, 0, 0, 0
40804, 9324973, 0, 0, 0
40900, 9256635, 0, 0, 0
41000, 14293317, 0, 0, 0
41101, 11834882, 0, 0, 0
41202, 14053984, 0, 0, 0
41303, 11458884, 0, 0, 0
41400, 11178752, 0, 0, 0
41501, 9343077, 0, 0, 0
41604, 9302299, 0, 0, 0
41703, 10999734, 0, 0, 0
41801, 14467053, 0, 0, 0
41901, 12378132, 0, 0, 0
42002, 11345561, 0, 0, 0
42102, 11406550, 0, 0, 0
42200, 11401056, 0, 0, 0
42300, 10004694, 0, 0, 0
42400, 11746472, 0, 0, 0
42505, 9990010, 0, 0, 0
42601, 12517165, 0, 0, 0
42702, 11279574, 0, 0, 0
42800, 11927155, 0, 0, 0
42902, 13161527, 0, 0, 0
43009, 10875920, 0, 0, 0
43100, 11892686, 0, 0, 0
43202, 11077725, 0, 0, 0
43300, 12038468, 0, 0, 0
43404, 8693886, 0, 0, 0
43500, 12047188, 0, 0, 0
43602, 11666865, 0, 0, 0
43700, 11551438, 0, 0, 0
43806, 12901860, 0, 0, 0
43900, 11930805, 0, 0, 0
44006, 10751745, 0, 0, 0
44101, 10716663, 0, 0, 0
44201, 11558685, 0, 0, 0
44301, 15554085, 0, 0, 0
44404, 12555891, 0, 0, 0
44500, 12300170, 0, 0, 0
44604, 11517505, 0, 0, 0
44700, 12032344, 0, 0, 0
44802, 16156357, 0, 0, 0
44903, 11687317, 0, 0, 0
45002, 11777148, 0, 0, 0
45102, 10772957, 0, 0, 0
45201, 10616710, 0, 0, 0
45303, 9778441, 0, 0, 0
45400, 9193526, 0, 0, 0
45501, 11174825, 0, 0, 0
45600, 12609998, 0, 0, 0
45704, 12283162, 0, 0, 0
45800, 11927759, 0, 0, 0
45900, 11393440, 0, 0, 0
46000, 10435973, 0, 0, 0
46100, 11765722, 0, 0, 0
46202, 10604116, 0, 0, 0
46302, 10463259, 0, 0, 0
46406, 11574268, 0, 0, 0
46503, 9863917, 0, 0, 0
46601, 11542698, 0, 0, 0
46700, 10653709, 0, 0, 0
46800, 12582159, 0, 0, 0
46900, 10266373, 0, 0, 0
47001, 14668622, 0, 0, 0
47105, 11531364, 0, 0, 0
47200, 13415585, 0, 0, 0
47300, 10783274, 0, 0, 0
47400, 10036247, 0, 0, 0
47501, 9755546, 0, 0, 0
47600, 11552241, 0, 0, 0
47704, 12726603, 0, 0, 0
47802, 11118367, 0, 0, 0
47903, 11210283, 0, 0, 0
48000, 11835449, 0, 0, 0
48100, 12376827, 0, 0, 0
48201, 12607737, 0, 0, 0
48302, 12001730, 0, 0, 0
48400, 11465840, 0, 0, 0
48500, 9317544, 0, 0, 0
48603, 9930977, 0, 0, 0
48703, 13460561, 0, 0, 0
48801, 11463865, 0, 0, 0
48900, 13321391, 0, 0, 0
49000, 12428594, 0, 0, 0
49102, 10051800, 0, 0, 0
49200, 12154845, 0, 0, 0
49300, 11799107, 0, 0, 0
49400, 10044163, 0, 0, 0
49500, 8065352, 0, 0, 0
49600, 14034118, 0, 0, 0
49700, 15290985, 0, 0, 0
49800, 12989198, 0, 0, 0
49901, 11580325, 0, 0, 0
50001, 12016511, 0, 0, 0
50101, 10915262, 0, 0, 0
50200, 13591286, 0, 0, 0
50301, 12530461, 0, 0, 0
50400, 13177189, 0, 0, 0
50500, 10824593, 0, 0, 0
50603, 11250173, 0, 0, 0
50701, 10169682, 0, 0, 0
50803, 13017025, 0, 0, 0
50904, 14831253, 0, 0, 0
51000, 12990540, 0, 0, 0
51100, 12585889, 0, 0, 0
51200, 13404453, 0, 0, 0
51305, 9725468, 0, 0, 0
51401, 13082046, 0, 0, 0
51506, 14202616, 0, 0, 0
51603, 15378093, 0, 0, 0
51703, 12670322, 0, 0, 0
51802, 15244731, 0, 0, 0
51903, 13513130, 0, 0, 0
52006, 14194443, 0, 0, 0
52102, 11522063, 0, 0, 0
52201, 9120420, 0, 0, 0
52300, 11926521, 0, 0, 0
52400, 12023824, 0, 0, 0
52503, 10387179, 0, 0, 0
52600, 13801870, 0, 0, 0
52701, 10338186, 0, 0, 0
52803, 10154841, 0, 0, 0
52900, 10262947, 0, 0, 0
53000, 12968158, 0, 0, 0
53101, 12250768, 0, 0, 0
53200, 11056416, 0, 0, 0
53301, 12806904, 0, 0, 0
53404, 10894936, 0, 0, 0
53501, 10994675, 0, 0, 0
53601, 11645528, 0, 0, 0
53700, 11821511, 0, 0, 0
53800, 13599671, 0, 0, 0
53900, 12228655, 0, 0, 0
54000, 12152230, 0, 0, 0
54106, 10783973, 0, 0, 0
54201, 12848732, 0, 0, 0
54300, 12229120, 0, 0, 0
54401, 10807274, 0, 0, 0
54503, 13564850, 0, 0, 0
54601, 12667611, 0, 0, 0
54707, 13019230, 0, 0, 0
54803, 15594280, 0, 0, 0
54900, 12771273, 0, 0, 0
55004, 10036800, 0, 0, 0
55100, 13768436, 0, 0, 0
55201, 10818075, 0, 0, 0
55301, 12490146, 0, 0, 0
55400, 14875701, 0, 0, 0
55501, 12242255, 0, 0, 0
55600, 11818874, 0, 0, 0
55705, 9393079, 0, 0, 0
55801, 9884227, 0, 0, 0
55904, 14901396, 0, 0, 0
56000, 11479551, 0, 0, 0
56104, 12420956, 0, 0, 0
56203, 14120419, 0, 0, 0
56301, 14092727, 0, 0, 0
56402, 12048067, 0, 0, 0
56503, 11279282, 0, 0, 0
56602, 11198982, 0, 0, 0
56703, 13638109, 0, 0, 0
56801, 12765869, 0, 0, 0
56901, 10432081, 0, 0, 0
57003, 11275030, 0, 0, 0
57102, 9875128, 0, 0, 0
57201, 14402313, 0, 0, 0
57300, 14147785, 0, 0, 0
57400, 10977076, 0, 0, 0
57500, 11131857, 0, 0, 0
57603, 9907227, 0, 0, 0
57705, 12360699, 0, 0, 0
57805, 11360458, 0, 0, 0
57901, 10322940, 0, 0, 0
58000, 9517912, 0, 0, 0
58100, 14123765, 0, 0, 0
58202, 13519936, 0, 0, 0
58300, 10365596, 0, 0, 0
58400, 10959330, 0, 0, 0
58502, 14096228, 0, 0, 0
58601, 12442230, 0, 0, 0
58700, 10639627, 0, 0, 0
58802, 8866520, 0, 0, 0
58902, 14423709, 0, 0, 0
59000, 8715804, 0, 0, 0
59108, 13193748, 0, 0, 0
59201, 20855012, 0, 0, 0
59301, 14907631, 0, 0, 0
59407, 13920487, 0, 0, 0
59500, 13034692, 0, 0, 0
59600, 14074599, 0, 0, 0
59703, 12566666, 0, 0, 0
59802, 11155829, 0, 0, 0
59905, 11285662, 0, 0, 0
60003, 12736440, 0, 0, 0
60101, 10638795, 0, 0, 0
60200, 11968013, 0, 0, 0
60304, 11756642, 0, 0, 0
60403, 12595909, 0, 0, 0
60501, 11592789, 0, 0, 0
60601, 16695384, 0, 0, 0
60702, 12274546, 0, 0, 0
60801, 11822123, 0, 0, 0
60906, 11205555, 0, 0, 0
61000, 14807942, 0, 0, 0
61102, 13470548, 0, 0, 0
61202, 11436524, 0, 0, 0
61301, 11358260, 0, 0, 0
61400, 10186280, 0, 0, 0
61501, 12961852, 0, 0, 0
61602, 11052877, 0, 0, 0
61702, 13888495, 0, 0, 0
61801, 10682523, 0, 0, 0
61901, 12130684, 0, 0, 0
62000, 11095991, 0, 0, 0
62103, 12275943, 0, 0, 0
62202, 12551909, 0, 0, 0
62304, 11000289, 0, 0, 0
62400, 10855996, 0, 0, 0
62501, 11423075, 0, 0, 0
62601, 11827142, 0, 0, 0
62705, 11006721, 0, 0, 0
62800, 13002364, 0, 0, 0
62900, 10070698, 0, 0, 0
63003, 11547629, 0, 0, 0
63102, 13794321, 0, 0, 0
63203, 10656632, 0, 0, 0
63303, 12968818, 0, 0, 0
63401, 12374344, 0, 0, 0
63502, 11148258, 0, 0, 0
63600, 13961505, 0, 0, 0
63702, 9642263, 0, 0, 0
63800, 13594492, 0, 0, 0
63904, 11456406, 0, 0, 0
64000, 11762258, 0, 0, 0
64101, 13949872, 0, 0, 0
64200, 13422505, 0, 0, 0
64302, 10219835, 0, 0, 0
64400, 12878730, 0, 0, 0
64506, 12318324, 0, 0, 0
64600, 13804825, 0, 0, 0
64701, 14825917, 0, 0, 0
64803, 11793933, 0, 0, 0
64900, 11368023, 0, 0, 0
65001, 12550214, 0, 0, 0
65100, 7844231, 0, 0, 0
65200, 15556533, 0, 0, 0
65302, 18594585, 0, 0, 0
65402, 11142320, 0, 0, 0
65505, 12722699, 0, 0, 0
65602, 11585246, 0, 0, 0
65703, 10980096, 0, 0, 0
65802, 12974517, 0, 0, 0
65901, 18637263, 0, 0, 0
66000, 16509682, 0, 0, 0
66100, 12409226, 0, 0, 0
66202, 11054608, 0, 0, 0
66300, 13377108, 0, 0, 0
66401, 12399602, 0, 0, 0
66502, 11224066, 0, 0, 0
66600, 13993061, 0, 0, 0
66700, 11816494, 0, 0, 0
66800, 9732061, 0, 0, 0
66900, 15588514, 0, 0, 0
67000, 11120857, 0, 0, 0
67101, 13042099, 0, 0, 0
67200, 11030630, 0, 0, 0
67304, 12454145, 0, 0, 0
67402, 11493994, 0, 0, 0
67502, 12585697, 0, 0, 0
67606, 11577229, 0, 0, 0
67701, 13412689, 0, 0, 0
67801, 13809354, 0, 0, 0
67900, 14403013, 0, 0, 0
68001, 13899003, 0, 0, 0
68102, 11810031, 0, 0, 0
68200, 10047235, 0, 0, 0
68302, 12600840, 0, 0, 0
68402, 11013504, 0, 0, 0
68500, 11677611, 0, 0, 0
68600, 10366111, 0, 0, 0
68700, 12879321, 0, 0, 0
68802, 9924225, 0, 0, 0
68900, 11643099, 0, 0, 0
69003, 10933141, 0, 0, 0
69102, 13353448, 0, 0, 0
69200, 13024154, 0, 0, 0
69300, 13248461, 0, 0, 0
69401, 11767213, 0, 0, 0
69502, 11653750, 0, 0, 0
69607, 10710901, 0, 0, 0
69700, 11515741, 0, 0, 0
69802, 9724360, 0, 0, 0
69909, 14694417, 0, 0, 0
70000, 15662660, 0, 0, 0
70101, 9527605, 0, 0, 0
70201, 11345025, 0, 0, 0
70301, 11444553, 0, 0, 0
70402, 11274509, 0, 0, 0
70500, 11042809, 0, 0, 0
70600, 13107951, 0, 0, 0
70700, 15072319, 0, 0, 0
70801, 12617264, 0, 0, 0
70901, 10074679, 0, 0, 0
71001, 12740190, 0, 0, 0
71108, 11608180, 0, 0, 0
71200, 9666856, 0, 0, 0
71301, 10426318, 0, 0, 0
71400, 13306664, 0, 0, 0
71500, 12390589, 0, 0, 0
71601, 11963852, 0, 0, 0
71702, 12011011, 0, 0, 0
71801, 15389923, 0, 0, 0
71903, 11577586, 0, 0, 0
72000, 12058161, 0, 0, 0
72100, 10638530, 0, 0, 0
72203, 11501142, 0, 0, 0
72301, 11908630, 0, 0, 0
72402, 13045007, 0, 0, 0
72502, 12124572, 0, 0, 0
72603, 13351066, 0, 0, 0
72703, 10915538, 0, 0, 0
72800, 20307443, 0, 0, 0
72904, 13013980, 0, 0, 0
73019, 10359871, 0, 0, 0
73100, 16071393, 0, 0, 0
73202, 12067976, 0, 0, 0
73301, 12622304, 0, 0, 0
73402, 11802818, 0, 0, 0
73505, 11694251, 0, 0, 0
73601, 12754121, 0, 0, 0
73702, 12573601, 0, 0, 0
73803, 13269453, 0, 0, 0
73903, 12519061, 0, 0, 0
74000, 10686572, 0, 0, 0
74101, 12033665, 0, 0, 0
74206, 13151677, 0, 0, 0
74300, 10800885, 0, 0, 0
74402, 12550810, 0, 0, 0
74501, 11339469, 0, 0, 0
74600, 10862601, 0, 0, 0
74701, 9931763, 0, 0, 0
74801, 12298314, 0, 0, 0
74901, 11536660, 0, 0, 0
75009, 14538502, 0, 0, 0
75106, 17006139, 0, 0, 0
75205, 13009157, 0, 0, 0
75304, 10999273, 0, 0, 0
75400, 12087203, 0, 0, 0
75500, 10911615, 0, 0, 0
75600, 11437256, 0, 0, 0
75700, 10135012, 0, 0, 0
75801, 9755770, 0, 0, 0
75903, 9367413, 0, 0, 0
76004, 10617773, 0, 0, 0
76101, 13049301, 0, 0, 0
76203, 12720772, 0, 0, 0
76300, 12440874, 0, 0, 0
76400, 14261631, 0, 0, 0
76501, 10668218, 0, 0, 0
76601, 11682131, 0, 0, 0
76702, 11999831, 0, 0, 0
76801, 12594532, 0, 0, 0
76901, 12798899, 0, 0, 0
77001, 10525583, 0, 0, 0
77102, 10236173, 0, 0, 0
77204, 10994337, 0, 0, 0
77301, 10370652, 0, 0, 0
77404, 11702397, 0, 0, 0
77502, 11387949, 0, 0, 0
77601, 12406909, 0, 0, 0
77702, 10437907, 0, 0, 0
77802, 11498598, 0, 0, 0
77901, 11650778, 0, 0, 0
78008, 12603465, 0, 0, 0
78100, 19853743, 0, 0, 0
78201, 12988668, 0, 0, 0
78302, 9645544, 0, 0, 0
78404, 9918286, 0, 0, 0
78501, 11898460, 0, 0, 0
78600, 11236455, 0, 0, 0
78702, 12688919, 0, 0, 0
78802, 13280907, 0, 0, 0
78901, 14670055, 0, 0, 0
79001, 12751322, 0, 0, 0
79101, 12182985, 0, 0, 0
79203, 11219307, 0, 0, 0
79302, 11120265, 0, 0, 0
79400, 14307770, 0, 0, 0
79500, 11101766, 0, 0, 0
79601, 12139178, 0, 0, 0
79701, 13106039, 0, 0, 0
79808, 12717887, 0, 0, 0
79900, 11176751, 0, 0, 0
80000, 11716909, 0, 0, 0
80100, 13119487, 0, 0, 0
80201, 11921619, 0, 0, 0
80303, 11419395, 0, 0, 0
80401, 14168594, 0, 0, 0
80504, 14653271, 0, 0, 0
80601, 14045882, 0, 0, 0
80700, 12592057, 0, 0, 0
80801, 9736920, 0, 0, 0
80900, 12698422, 0, 0, 0
81000, 9937856, 0, 0, 0
81100, 10284269, 0, 0, 0
81201, 12355824, 0, 0, 0
81301, 10163082, 0, 0, 0
81405, 13559839, 0, 0, 0
81500, 14231455, 0, 0, 0
81602, 10223350, 0, 0, 0
81704, 15592581, 0, 0, 0
81801, 10000487, 0, 0, 0
81901, 12009953, 0, 0, 0
82001, 14027740, 0, 0, 0
82103, 9153786, 0, 0, 0
82200, 12821716, 0, 0, 0
82303, 10065540, 0, 0, 0
82400, 14439404, 0, 0, 0
82501, 11371085, 0, 0, 0
82600, 11060790, 0, 0, 0
82700, 12843073, 0, 0, 0
82800, 12716959, 0, 0, 0
82903, 13779534, 0, 0, 0
83003, 9551952, 0, 0, 0
83101, 13592202, 0, 0, 0
83200, 14499687, 0, 0, 0
83301, 11056118, 0, 0, 0
83406, 11642101, 0, 0, 0
83504, 13113166, 0, 0, 0
83600, 12214431, 0, 0, 0
83704, 11636622, 0, 0, 0
83800, 12158922, 0, 0, 0
83900, 11418927, 0, 0, 0
84001, 14691192, 0, 0, 0
84100, 11372457, 0, 0, 0
84202, 11278484, 0, 0, 0
84302, 12719259, 0, 0, 0
84402, 13285248, 0, 0, 0
84500, 13992896, 0, 0, 0
84600, 10688954, 0, 0, 0
84700, 13547933, 0, 0, 0
84806, 14831608, 0, 0, 0
84900, 13468466, 0, 0, 0
85003, 11860859, 0, 0, 0
85101, 12313675, 0, 0, 0
85200, 12454585, 0, 0, 0
85300, 9328974, 0, 0, 0
85402, 13694017, 0, 0, 0
85502, 14366791, 0, 0, 0
85601, 12672048, 0, 0, 0
85700, 11571824, 0, 0, 0
85803, 11132326, 0, 0, 0
85902, 10870054, 0, 0, 0
86003, 12829460, 0, 0, 0
86102, 14522429, 0, 0, 0
86200, 14039750, 0, 0, 0
86304, 11542088, 0, 0, 0
86400, 10715373, 0, 0, 0
86500, 16694218, 0, 0, 0
86604, 14826938, 0, 0, 0
86706, 10666020, 0, 0, 0
86801, 13854026, 0, 0, 0
86900, 13249564, 0, 0, 0
87004, 10768687, 0, 0, 0
87101, 15354402, 0, 0, 0
87202, 11087718, 0, 0, 0
87301, 12413349, 0, 0, 0
87401, 11272499, 0, 0, 0
87507, 11571159, 0, 0, 0
87601, 13999099, 0, 0, 0
87700, 11539189, 0, 0, 0
87802, 11770182, 0, 0, 0
87902, 11194014, 0, 0, 0
88002, 12126057, 0, 0, 0
88102, 11661199, 0, 0, 0
88201, 13928331, 0, 0, 0
88302, 12481252, 0, 0, 0
88400, 9941635, 0, 0, 0
88500, 10923817, 0, 0, 0
88600, 11476177, 0, 0, 0
88702, 8385240, 0, 0, 0
88801, 13885912, 0, 0, 0
88904, 12166664, 0, 0, 0
89001, 15117789, 0, 0, 0
89101, 17957684, 0, 0, 0
89200, 12963980, 0, 0, 0
89300, 11767039, 0, 0, 0
89404, 11933204, 0, 0, 0
89501, 11418337, 0, 0, 0
89602, 13036920, 0, 0, 0
89708, 13262424, 0, 0, 0
89800, 12607617, 0, 0, 0
89900, 12817544, 0, 0, 0
90000, 16594387, 0, 0, 0
90100, 12120852, 0, 0, 0
90202, 13171789, 0, 0, 0
90300, 13055826, 0, 0, 0
90403, 12105906, 0, 0, 0
90501, 9659485, 0, 0, 0
90600, 12140921, 0, 0, 0
90702, 12321314, 0, 0, 0
90801, 12109401, 0, 0, 0
90900, 10385248, 0, 0, 0
91005, 10595662, 0, 0, 0
91100, 11065109, 0, 0, 0
91200, 10694508, 0, 0, 0
91304, 11062129, 0, 0, 0
91405, 12037026, 0, 0, 0
91500, 13202854, 0, 0, 0
91600, 10692314, 0, 0, 0
91703, 12235210, 0, 0, 0
91800, 12263524, 0, 0, 0
91900, 14423821, 0, 0, 0
92002, 11980393, 0, 0, 0
92101, 13825639, 0, 0, 0
92203, 15805382, 0, 0, 0
92300, 8957956, 0, 0, 0
92400, 10275350, 0, 0, 0
92502, 18106311, 0, 0, 0
92600, 12213340, 0, 0, 0
92700, 13119669, 0, 0, 0
92803, 11470843, 0, 0, 0
92902, 14046032, 0, 0, 0
93002, 10381800, 0, 0, 0
93104, 11446507, 0, 0, 0
93200, 12118351, 0, 0, 0
93300, 9021961, 0, 0, 0
93401, 13619410, 0, 0, 0
93503, 11412052, 0, 0, 0
93601, 13347323, 0, 0, 0
93701, 14312436, 0, 0, 0
93801, 11003867, 0, 0, 0
93900, 11504450, 0, 0, 0
94000, 16071171, 0, 0, 0
94101, 11790648, 0, 0, 0
94200, 11496010, 0, 0, 0
94300, 9249801, 0, 0, 0
94400, 12621380, 0, 0, 0
94502, 12679675, 0, 0, 0
94600, 12796026, 0, 0, 0
94704, 10812969, 0, 0, 0
94800, 11350561, 0, 0, 0
94902, 12213337, 0, 0, 0
95000, 11377231, 0, 0, 0
95102, 13327363, 0, 0, 0
95202, 12762343, 0, 0, 0
95300, 9863764, 0, 0, 0
95401, 12492781, 0, 0, 0
95500, 13937961, 0, 0, 0
95602, 12166813, 0, 0, 0
95701, 12358685, 0, 0, 0
95802, 11235059, 0, 0, 0
95901, 10457561, 0, 0, 0
96001, 11445337, 0, 0, 0
96104, 15673658, 0, 0, 0
96201, 11303201, 0, 0, 0
96301, 10446229, 0, 0, 0
96400, 10672812, 0, 0, 0
96502, 11557333, 0, 0, 0
96606, 11096654, 0, 0, 0
96700, 12242207, 0, 0, 0
96800, 12184337, 0, 0, 0
96900, 10701423, 0, 0, 0
97001, 11604305, 0, 0, 0
97105, 12265649, 0, 0, 0
97202, 11543071, 0, 0, 0
97302, 10824508, 0, 0, 0
97417, 13938902, 0, 0, 0
97500, 19419023, 0, 0, 0
97603, 15184112, 0, 0, 0
97705, 14478705, 0, 0, 0
97800, 10555589, 0, 0, 0
97900, 16312865, 0, 0, 0
98003, 10105279, 0, 0, 0
98102, 11055586, 0, 0, 0
98200, 16047780, 0, 0, 0
98304, 12019321, 0, 0, 0
98403, 14274875, 0, 0, 0
98502, 13782495, 0, 0, 0
98604, 13330853, 0, 0, 0
98701, 9983734, 0, 0, 0
98800, 9967995, 0, 0, 0
98907, 13835942, 0, 0, 0
99005, 10137899, 0, 0, 0
99101, 11083272, 0, 0, 0
99200, 12297899, 0, 0, 0
99300, 10118533, 0, 0, 0
99400, 12293477, 0, 0, 0
99501, 15111374, 0, 0, 0
99607, 10442038, 0, 0, 0
99701, 15740668, 0, 0, 0
99801, 13224831, 0, 0, 0
99902, 11736680, 0, 0, 0
100004, 10960157, 0, 0, 0
100102, 14085548, 0, 0, 0
100202, 14635099, 0, 0, 0
100303, 12687352, 0, 0, 0
100400, 10110490, 0, 0, 0
100501, 10507011, 0, 0, 0
100602, 13560067, 0, 0, 0
100701, 11654807, 0, 0, 0
100800, 12453198, 0, 0, 0
100908, 12724766, 0, 0, 0
101001, 12862895, 0, 0, 0
101100, 13329279, 0, 0, 0
101200, 12174059, 0, 0, 0
101302, 10946057, 0, 0, 0
101401, 12143706, 0, 0, 0
101500, 15040452, 0, 0, 0
101600, 10236476, 0, 0, 0
101700, 11496533, 0, 0, 0
101806, 12000446, 0, 0, 0
101903, 14396882, 0, 0, 0
102002, 11400880, 0, 0, 0
102104, 10715353, 0, 0, 0
102201, 10681551, 0, 0, 0
102300, 12752416, 0, 0, 0
102402, 10063215, 0, 0, 0
102504, 11121898, 0, 0, 0
102601, 11215743, 0, 0, 0
102705, 11796803, 0, 0, 0
102803, 13751840, 0, 0, 0
102904, 15508896, 0, 0, 0
103002, 12774363, 0, 0, 0
103102, 12811188, 0, 0, 0
103200, 10017296, 0, 0, 0
103300, 15229587, 0, 0, 0
103401, 15186952, 0, 0, 0
103504, 11609669, 0, 0, 0
103601, 11203197, 0, 0, 0
103703, 12507319, 0, 0, 0
103803, 11058293, 0, 0, 0
103901, 17152407, 0, 0, 0
104003, 11456871, 0, 0, 0
104100, 11444499, 0, 0, 0
104200, 10226081, 0, 0, 0
104301, 12057119, 0, 0, 0
104400, 13653604, 0, 0, 0
104501, 14065694, 0, 0, 0
104603, 10179105, 0, 0, 0
104700, 15172588, 0, 0, 0
104806, 14407154, 0, 0, 0
104903, 14981323, 0, 0, 0
105004, 11739279, 0, 0, 0
105100, 12257907, 0, 0, 0
105200, 12764360, 0, 0, 0
105301, 14746261, 0, 0, 0
105400, 11926531, 0, 0, 0
105500, 10803282, 0, 0, 0
105604, 11857570, 0, 0, 0
105700, 10138413, 0, 0, 0
105803, 10382893, 0, 0, 0
105902, 12923552, 0, 0, 0
106001, 11916285, 0, 0, 0
106100, 11957369, 0, 0, 0
106203, 15289188, 0, 0, 0
106300, 10911837, 0, 0, 0
106400, 10897545, 0, 0, 0
106502, 11280013, 0, 0, 0
106602, 11282786, 0, 0, 0
106702, 10880039, 0, 0, 0
106801, 12864955, 0, 0, 0
106900, 10282445, 0, 0, 0
107002, 12930220, 0, 0, 0
107100, 11786521, 0, 0, 0
107203, 10322318, 0, 0, 0
107303, 12253785, 0, 0, 0
107403, 11387290, 0, 0, 0
107501, 14632168, 0, 0, 0
107601, 14546670, 0, 0, 0
107701, 14072715, 0, 0, 0
107800, 13015092, 0, 0, 0
107905, 11217237, 0, 0, 0
108001, 13806415, 0, 0, 0
108101, 10207273, 0, 0, 0
108201, 9424729, 0, 0, 0
108305, 10310654, 0, 0, 0
108400, 14016003, 0, 0, 0
108502, 14414873, 0, 0, 0
108601, 12052196, 0, 0, 0
108702, 10778411, 0, 0, 0
108800, 11162547, 0, 0, 0
108902, 12062758, 0, 0, 0
109003, 11196547, 0, 0, 0
109108, 10568505, 0, 0, 0
109202, 11027323, 0, 0, 0
109304, 9488287, 0, 0, 0
109400, 11410717, 0, 0, 0
109502, 13900622, 0, 0, 0
109600, 11214962, 0, 0, 0
109702, 14087123, 0, 0, 0
109801, 14673006, 0, 0, 0
109901, 11191886, 0, 0, 0
110001, 12609230, 0, 0, 0
110101, 9784671, 0, 0, 0
110200, 10884291, 0, 0, 0
110301, 12766881, 0, 0, 0
110401, 14056415, 0, 0, 0
110504, 11979157, 0, 0, 0
110600, 12384797, 0, 0, 0
110701, 13833382, 0, 0, 0
110801, 9849967, 0, 0, 0
110903, 9108515, 0, 0, 0
111002, 12692871, 0, 0, 0
111100, 12445974, 0, 0, 0
111201, 11286006, 0, 0, 0
111301, 11177554, 0, 0, 0
111401, 10967454, 0, 0, 0
111506, 10717365, 0, 0, 0
111600, 12583724, 0, 0, 0
111700, 12375613, 0, 0, 0
111800, 10118275, 0, 0, 0
111900, 12484494, 0, 0, 0
112002, 9760177, 0, 0, 0
112101, 11484773, 0, 0, 0
112200, 11898172, 0, 0, 0
112302, 13959836, 0, 0, 0
112400, 10040562, 0, 0, 0
112501, 11119295, 0, 0, 0
112602, 11917354, 0, 0, 0
112704, 10355676, 0, 0, 0
112802, 12011796, 0, 0, 0
112903, 14007929, 0, 0, 0
113003, 11063596, 0, 0, 0
113100, 12452495, 0, 0, 0
113200, 16554828, 0, 0, 0
113301, 11033941, 0, 0, 0
113401, 10761546, 0, 0, 0
113500, 13525204, 0, 0, 0
113600, 13158350, 0, 0, 0
113701, 11316957, 0, 0, 0
113800, 11225000, 0, 0, 0
113903, 9172355, 0, 0, 0
114004, 12434512, 0, 0, 0
114101, 10232403, 0, 0, 0
114203, 14503976, 0, 0, 0
114302, 14824559, 0, 0, 0
114402, 10728107, 0, 0, 0
114501, 13298733, 0, 0, 0
114604, 10458603, 0, 0, 0
114701, 19266736, 0, 0, 0
114803, 15028508, 0, 0, 0
114900, 13575239, 0, 0, 0
115000, 8881644, 0, 0, 0
115101, 9529403, 0, 0, 0
115201, 12383978, 0, 0, 0
115301, 10131386, 0, 0, 0
115405, 9991376, 0, 0, 0
115501, 13385984, 0, 0, 0
115603, 15841035, 0, 0, 0
115703, 12364028, 0, 0, 0
115800, 13516850, 0, 0, 0
115902, 8993022, 0, 0, 0
116001, 16503690, 0, 0, 0
116105, 15206430, 0, 0, 0
116202, 12928589, 0, 0, 0
116302, 13787991, 0, 0, 0
116401, 10744444, 0, 0, 0
116505, 11692867, 0, 0, 0
116600, 12560303, 0, 0, 0
116703, 11266404, 0, 0, 0
116803, 11887045, 0, 0, 0
116901, 12062547, 0, 0, 0
117000, 12909730, 0, 0, 0
117100, 12444117, 0, 0, 0
117203, 12433101, 0, 0, 0
117301, 12952296, 0, 0, 0
117401, 11605367, 0, 0, 0
117500, 13627454, 0, 0, 0
117601, 11597270, 0, 0, 0
117703, 17001478, 0, 0, 0
117803, 10856863, 0, 0, 0
117901, 12778095, 0, 0, 0
118003, 12798486, 0, 0, 0
118103, 14535582, 0, 0, 0
118201, 11665416, 0, 0, 0
118303, 10848572, 0, 0, 0
118401, 10762395, 0, 0, 0
118503, 13111556, 0, 0, 0
118604, 19964684, 0, 0, 0
118701, 19405896, 0, 0, 0
118800, 8068907, 0, 0, 0
118904, 14403195, 0, 0, 0
119002, 14082571, 0, 0, 0
119102, 12239067, 0, 0, 0
119200, 14255552, 0, 0, 0
119304, 12529380, 0, 0, 0
119401, 12045408, 0, 0, 0
119500, 11947544, 0, 0, 0
119601, 10718312, 0, 0, 0
119702, 13500179, 0, 0, 0
119800, 11107060, 0, 0, 0
119900, 11648027, 0, 0, 0
120000, 11306432, 0, 0, 0
120103, 11828151, 0, 0, 0
120200, 13347733, 0, 0, 0
120300, 13676488, 0, 0, 0
120401, 9286935, 0, 0, 0
120500, 13095808, 0, 0, 0
120601, 10065788, 0, 0, 0
120700, 13729165, 0, 0, 0
120800, 12510395, 0, 0, 0
120902, 10979784, 0, 0, 0
121005, 13456215, 0, 0, 0
121100, 14625961, 0, 0, 0
121203, 12834609, 0, 0, 0
121303, 9752460, 0, 0, 0
121401, 14495261, 0, 0, 0
121500, 15419678, 0, 0, 0
121604, 11970274, 0, 0, 0
121700, 12118708, 0, 0, 0
121800, 12015118, 0, 0, 0
121907, 12695193, 0, 0, 0
122000, 10383080, 0, 0, 0
122102, 12480301, 0, 0, 0
122203, 9495991, 0, 0, 0
122301, 11208449, 0, 0, 0
122401, 12682589, 0, 0, 0
122500, 10658886, 0, 0, 0
122601, 13901956, 0, 0, 0
122702, 10355813, 0, 0, 0
122801, 11765219, 0, 0, 0
122901, 9491285, 0, 0, 0
123004, 12652357, 0, 0, 0
123101, 12543695, 0, 0, 0
123203, 12663546, 0, 0, 0
123301, 12383554, 0, 0, 0
123401, 13966062, 0, 0, 0
123501, 12175022, 0, 0, 0
123604, 12610459, 0, 0, 0
123701, 13743837, 0, 0, 0
123802, 9534787, 0, 0, 0
123900, 10979880, 0, 0, 0
124001, 10288534, 0, 0, 0
124102, 11614935, 0, 0, 0
124202, 12290069, 0, 0, 0
124301, 14431810, 0, 0, 0
124400, 10290803, 0, 0, 0
124501, 13052398, 0, 0, 0
124601, 11001712, 0, 0, 0
124714, 11244593, 0, 0, 0
124802, 16402406, 0, 0, 0
124900, 12800109, 0, 0, 0
125002, 11366970, 0, 0, 0
125107, 9396024, 0, 0, 0
125200, 14270587, 0, 0, 0
125301, 9723644, 0, 0, 0
125400, 13066221, 0, 0, 0
125509, 13268381, 0, 0, 0
125600, 14710173, 0, 0, 0
125701, 10291210, 0, 0, 0
125800, 12698654, 0, 0, 0
125901, 8963480, 0, 0, 0
126002, 13096326, 0, 0, 0
126100, 10990346, 0, 0, 0
126209, 10131606, 0, 0, 0
126302, 12869751, 0, 0, 0
126402, 12491190, 0, 0, 0
126500, 14261515, 0, 0, 0
126600, 12385527, 0, 0, 0
126700, 10363810, 0, 0, 0
126804, 13575544, 0, 0, 0
126902, 10471496, 0, 0, 0
127000, 13043621, 0, 0, 0
127100, 10864365, 0, 0, 0
127203, 11961400, 0, 0, 0
127303, 11874406, 0, 0, 0
127402, 10791579, 0, 0, 0
127503, 12507091, 0, 0, 0
127600, 13361403, 0, 0, 0
127703, 11813594, 0, 0, 0
127800, 10495439, 0, 0, 0
127905, 11406218, 0, 0, 0
128001, 13658744, 0, 0, 0
128100, 12862431, 0, 0, 0
128206, 12789535, 0, 0, 0
128300, 13986004, 0, 0, 0
128401, 13083442, 0, 0, 0
128504, 11410746, 0, 0, 0
128601, 13033953, 0, 0, 0
128704, 17326967, 0, 0, 0
128800, 9787244, 0, 0, 0
128900, 11051851, 0, 0, 0
129001, 11846415, 0, 0, 0
129100, 9934602, 0, 0, 0
129202, 14635445, 0, 0, 0
129303, 12323858, 0, 0, 0
129400, 11308916, 0, 0, 0
129500, 10378624, 0, 0, 0
129600, 14521799, 0, 0, 0
129704, 12413788, 0, 0, 0
129801, 14584712, 0, 0, 0
129906, 12556563, 0, 0, 0
130000, 15702425, 0, 0, 0
130111, 10797846, 0, 0, 0
130202, 20753496, 0, 0, 0
130300, 12650003, 0, 0, 0
130402, 10985409, 0, 0, 0
130500, 9792069, 0, 0, 0
130600, 10018151, 0, 0, 0
130700, 13041476, 0, 0, 0
130800, 13272966, 0, 0, 0
130901, 10252715, 0, 0, 0
131000, 11300502, 0, 0, 0
131102, 13202773, 0, 0, 0
131201, 9979419, 0, 0, 0
131300, 9207649, 0, 0, 0
131400, 11633341, 0, 0, 0
131500, 11457995, 0, 0, 0
131600, 9294410, 0, 0, 0
131703, 11512798, 0, 0, 0
131801, 11804958, 0, 0, 0
131902, 10469159, 0, 0, 0
132001, 10822621, 0, 0, 0
132100, 12059908, 0, 0, 0
132200, 10164690, 0, 0, 0
132300, 10545890, 0, 0, 0
132400, 13612241, 0, 0, 0
132502, 13517269, 0, 0, 0
132600, 11558429, 0, 0, 0
132701, 8926202, 0, 0, 0
132801, 13059567, 0, 0, 0
132900, 11738066, 0, 0, 0
133004, 11207462, 0, 0, 0
133103, 10506502, 0, 0, 0
133201, 10359867, 0, 0, 0
133301, 10043559, 0, 0, 0
133403, 11178031, 0, 0, 0
133501, 10677179, 0, 0, 0
133600, 8717828, 0, 0, 0
133703, 13092364, 0, 0, 0
133800, 11789348, 0, 0, 0
133901, 11801604, 0, 0, 0
134000, 11764407, 0, 0, 0
134103, 12100692, 0, 0, 0
134201, 12716587, 0, 0, 0
134303, 11827935, 0, 0, 0
134404, 9739373, 0, 0, 0
134500, 11647425, 0, 0, 0
134601, 12554997, 0, 0, 0
134703, 12631423, 0, 0, 0
134801, 11144643, 0, 0, 0
134903, 12066171, 0, 0, 0
135000, 12762716, 0, 0, 0
135100, 14594216, 0, 0, 0
135200, 10386128, 0, 0, 0
135305, 15417950, 0, 0, 0
135401, 12462918, 0, 0, 0
135502, 11804036, 0, 0, 0
135600, 8976814, 0, 0, 0
135703, 12008622, 0, 0, 0
135801, 11758864, 0, 0, 0
135900, 9047773, 0, 0, 0
136002, 10663040, 0, 0, 0
136104, 11475492, 0, 0, 0
136206, 11624050, 0, 0, 0
136302, 10991631, 0, 0, 0
136402, 14787746, 0, 0, 0
136503, 10527374, 0, 0, 0
136602, 12722147, 0, 0, 0
136702, 11071219, 0, 0, 0
136802, 11178426, 0, 0, 0
136902, 14375581, 0, 0, 0
137000, 11097488, 0, 0, 0
137100, 13187464, 0, 0, 0
137203, 9856727, 0, 0, 0
137301, 11265838, 0, 0, 0
137402, 10195565, 0, 0, 0
137504, 13806086, 0, 0, 0
137607, 11304344, 0, 0, 0
137701, 12537292, 0, 0, 0
137804, 9964651, 0, 0, 0
137902, 12439831, 0, 0, 0
138001, 11799103, 0, 0, 0
138101, 14191749, 0, 0, 0
138200, 11252007, 0, 0, 0
138300, 12473295, 0, 0, 0
138405, 9294042, 0, 0, 0
138501, 9933785, 0, 0, 0
138600, 12217993, 0, 0, 0
138700, 11450097, 0, 0, 0
138801, 8975468, 0, 0, 0
138900, 13088899, 0, 0, 0
139002, 10896537, 0, 0, 0
139102, 10942390, 0, 0, 0
139204, 11464639, 0, 0, 0
139300, 14990961, 0, 0, 0
139401, 14253686, 0, 0, 0
139501, 12840400, 0, 0, 0
139600, 10299945, 0, 0, 0
139710, 10271295, 0, 0, 0
139802, 11233775, 0, 0, 0
139902, 12563683, 0, 0, 0
140001, 11767086, 0, 0, 0
140101, 11212839, 0, 0, 0
140202, 11307682, 0, 0, 0
140302, 11030162, 0, 0, 0
140402, 8788634, 0, 0, 0
140501, 13518854, 0, 0, 0
140601, 15189529, 0, 0, 0
140701, 11352666, 0, 0, 0
140801, 11588407, 0, 0, 0
140900, 11694519, 0, 0, 0
141001, 11737669, 0, 0, 0
141103, 10509187, 0, 0, 0
141200, 13068472, 0, 0, 0
141303, 10086020, 0, 0, 0
141401, 11525623, 0, 0, 0
141501, 10743346, 0, 0, 0
141600, 10785230, 0, 0, 0
141702, 8656072, 0, 0, 0
141801, 13563808, 0, 0, 0
141900, 10839532, 0, 0, 0
142001, 11018621, 0, 0, 0
142103, 10478135, 0, 0, 0
142200, 11848577, 0, 0, 0
142301, 11425405, 0, 0, 0
142401, 16221984, 0, 0, 0
142502, 13344134, 0, 0, 0
142602, 11868668, 0, 0, 0
142702, 9244833, 0, 0, 0
142804, 15979985, 0, 0, 0
142910, 13004087, 0, 0, 0
143000, 14849321, 0, 0, 0
143100, 11409898, 0, 0, 0
143201, 9942409, 0, 0, 0
143302, 12484684, 0, 0, 0
143400, 10189341, 0, 0, 0
143501, 11716678, 0, 0, 0
143600, 11623374, 0, 0, 0
143702, 12707003, 0, 0, 0
143800, 12815567, 0, 0, 0
143903, 11162108, 0, 0, 0
144000, 11081822, 0, 0, 0
144101, 13119294, 0, 0, 0
144201, 13303185, 0, 0, 0
144301, 11847932, 0, 0, 0
144408, 11565713, 0, 0, 0
144501, 15076094, 0, 0, 0
144600, 11151491, 0, 0, 0
144702, 10543726, 0, 0, 0
144800, 10749699, 0, 0, 0
144900, 13050749, 0, 0, 0
145003, 12314215, 0, 0, 0
145101, 15906206, 0, 0, 0
145202, 12284656, 0, 0, 0
145301, 8110559, 0, 0, 0
145400, 10778245, 0, 0, 0
145500, 16236900, 0, 0, 0
145601, 11779507, 0, 0, 0
145704, 12714076, 0, 0, 0
145800, 12320271, 0, 0, 0
145902, 11570447, 0, 0, 0
146000, 13912927, 0, 0, 0
146100, 11609501, 0, 0, 0
146201, 12131108, 0, 0, 0
146300, 12557829, 0, 0, 0
146400, 11316305, 0, 0, 0
146501, 12803663, 0, 0, 0
146603, 9626399, 0, 0, 0
146701, 12214974, 0, 0, 0
146800, 16794873, 0, 0, 0
146902, 14422370, 0, 0, 0
147001, 10202767, 0, 0, 0
147102, 10867823, 0, 0, 0
147205, 12740227, 0, 0, 0
147300, 11192279, 0, 0, 0
147400, 12417719, 0, 0, 0
147504, 10828416, 0, 0, 0
147600, 11617980, 0, 0, 0
147703, 11616345, 0, 0, 0
147802, 13745524, 0, 0, 0
147901, 14069099, 0, 0, 0
148000, 8796762, 0, 0, 0
148101, 10543247, 0, 0, 0
148200, 15859851, 0, 0, 0
148301, 10485098, 0, 0, 0
148400, 15129772, 0, 0, 0
148501, 11376683, 0, 0, 0
148606, 12645094, 0, 0, 0
148701, 11876654, 0, 0, 0
148801, 10928678, 0, 0, 0
148902, 10554395, 0, 0, 0
149002, 10333176, 0, 0, 0
149100, 10902275, 0, 0, 0
149202, 10130263, 0, 0, 0
149300, 9222141, 0, 0, 0
149401, 11165985, 0, 0, 0
149501, 10000519, 0, 0, 0
149606, 12796742, 0, 0, 0
149701, 13121946, 0, 0, 0
149802, 12525238, 0, 0, 0
149900, 11642699, 0, 0, 0
150001, 11519931, 0, 0, 0
150105, 14483913, 0, 0, 0
150201, 12636634, 0, 0, 0
150301, 13117662, 0, 0, 0
150401, 12447557, 0, 0, 0
150503, 13792375, 0, 0, 0
150601, 9616343, 0, 0, 0
150705, 14448260, 0, 0, 0
150804, 13992308, 0, 0, 0
150907, 12416467, 0, 0, 0
151001, 11457839, 0, 0, 0
151100, 9475261, 0, 0, 0
151204, 10197682, 0, 0, 0
151307, 11922252, 0, 0, 0
151404, 14219324, 0, 0, 0
151500, 12293159, 0, 0, 0
151608, 13481390, 0, 0, 0
151702, 13794940, 0, 0, 0
151808, 12224184, 0, 0, 0
151900, 14446431, 0, 0, 0
152003, 11476503, 0, 0, 0
152100, 10003250, 0, 0, 0
152201, 12355803, 0, 0, 0
152301, 12020577, 0, 0, 0
152403, 11792788, 0, 0, 0
152500, 9204830, 0, 0, 0
152602, 12979069, 0, 0, 0
152701, 13860893, 0, 0, 0
152806, 13693980, 0, 0, 0
152901, 11762386, 0, 0, 0
153015, 12892323, 0, 0, 0
153100, 13316824, 0, 0, 0
153208, 11923339, 0, 0, 0
153300, 14999745, 0, 0, 0
153402, 10098170, 0, 0, 0
153500, 10449880, 0, 0, 0
153600, 12402455, 0, 0, 0
153700, 12427748, 0, 0, 0
153800, 10442923, 0, 0, 0
153902, 12927536, 0, 0, 0
154001, 7998766, 0, 0, 0
154102, 10379707, 0, 0, 0
154200, 12399559, 0, 0, 0
154302, 11212674, 0, 0, 0
154402, 13280581, 0, 0, 0
154501, 10199974, 0, 0, 0
154604, 12117428, 0, 0, 0
154704, 14038879, 0, 0, 0
154805, 11458160, 0, 0, 0
154902, 10737428, 0, 0, 0
155001, 11972572, 0, 0, 0
155104, 10640676, 0, 0, 0
155200, 12055185, 0, 0, 0
155300, 12341431, 0, 0, 0
155403, 11556120, 0, 0, 0
155500, 11181164, 0, 0, 0
155608, 11356669, 0, 0, 0
155702, 10807078, 0, 0, 0
155801, 13053092, 0, 0, 0
155900, 14525778, 0, 0, 0
156002, 13139201, 0, 0, 0
156103, 14455036, 0, 0, 0
156200, 11064829, 0, 0, 0
156300, 10196578, 0, 0, 0
156400, 14497592, 0, 0, 0
156501, 10875697, 0, 0, 0
156603, 10580164, 0, 0, 0
156701, 14692830, 0, 0, 0
156801, 10352921, 0, 0, 0
156901, 9689804, 0, 0, 0
157001, 12197456, 0, 0, 0
157101, 11942330, 0, 0, 0
157202, 15454588, 0, 0, 0
157302, 14422791, 0, 0, 0
157407, 13473246, 0, 0, 0
157500, 13295534, 0, 0, 0
157600, 14091380, 0, 0, 0
157707, 14479776, 0, 0, 0
157800, 11218078, 0, 0, 0
157901, 12224566, 0, 0, 0
158001, 14182948, 0, 0, 0
158100, 10698955, 0, 0, 0
158201, 12052396, 0, 0, 0
158300, 12196758, 0, 0, 0
158400, 10847675, 0, 0, 0
158500, 11986292, 0, 0, 0
158600, 11484529, 0, 0, 0
158702, 12749226, 0, 0, 0
158801, 12978760, 0, 0, 0
158900, 12475919, 0, 0, 0
159001, 11821350, 0, 0, 0
159103, 12943616, 0, 0, 0
159200, 15609147, 0, 0, 0
159307, 10956581, 0, 0, 0
159402, 10478827, 0, 0, 0
159502, 10477356, 0, 0, 0
159602, 11512387, 0, 0, 0
159706, 11230435, 0, 0, 0
159803, 12856500, 0, 0, 0
159902, 12347129, 0, 0, 0
160006, 9886249, 0, 0, 0
160104, 13119346, 0, 0, 0
160202, 10754811, 0, 0, 0
160300, 10089680, 0, 0, 0
160400, 11002461, 0, 0, 0
160500, 10651987, 0, 0, 0
160601, 10995728, 0, 0, 0
160701, 13705098, 0, 0, 0
160811, 13507980, 0, 0, 0
160905, 10895627, 0, 0, 0
161001, 11002474, 0, 0, 0
161100, 10621356, 0, 0, 0
161201, 13138142, 0, 0, 0
161301, 10185209, 0, 0, 0
161400, 8890095, 0, 0, 0
161501, 9847333, 0, 0, 0
161600, 11752913, 0, 0, 0
161700, 12483075, 0, 0, 0
161801, 13030976, 0, 0, 0
161900, 11587651, 0, 0, 0
162002, 12483275, 0, 0, 0
162103, 11946130, 0, 0, 0
162201, 12962960, 0, 0, 0
162300, 11824843, 0, 0, 0
162401, 14677085, 0, 0, 0
162501, 13617894, 0, 0, 0
162601, 10793485, 0, 0, 0
162702, 10160410, 0, 0, 0
162806, 14395437, 0, 0, 0
162905, 12231389, 0, 0, 0
163004, 10584907, 0, 0, 0
163100, 13146755, 0, 0, 0
163202, 11569938, 0, 0, 0
163300, 12860619, 0, 0, 0
163400, 10729103, 0, 0, 0
163501, 9085101, 0, 0, 0
163601, 12843822, 0, 0, 0
163701, 11940113, 0, 0, 0
163806, 8942387, 0, 0, 0
163900, 10920674, 0, 0, 0
164004, 10810413, 0, 0, 0
164100, 9934956, 0, 0, 0
164202, 12617273, 0, 0, 0
164301, 11004428, 0, 0, 0
164400, 9637637, 0, 0, 0
164501, 11413857, 0, 0, 0
164600, 10402457, 0, 0, 0
164701, 16302866, 0, 0, 0
164802, 12344642, 0, 0, 0
164914, 13544420, 0, 0, 0
165002, 12135329, 0, 0, 0
165100, 11758738, 0, 0, 0
165201, 12764706, 0, 0, 0
165303, 12214397, 0, 0, 0
165400, 13482608, 0, 0, 0
165500, 10672686, 0, 0, 0
165603, 9702326, 0, 0, 0
165703, 10650645, 0, 0, 0
165800, 12583219, 0, 0, 0
165901, 11173874, 0, 0, 0
166000, 11502620, 0, 0, 0
166101, 10737731, 0, 0, 0
166201, 9906014, 0, 0, 0
166303, 12009226, 0, 0, 0
166403, 11268941, 0, 0, 0
166501, 11159096, 0, 0, 0
166604, 9356733, 0, 0, 0
166701, 21279592, 0, 0, 0
166804, 12355594, 0, 0, 0
166902, 13707965, 0, 0, 0
167002, 12746190, 0, 0, 0
167103, 11927091, 0, 0, 0
167203, 12978059, 0, 0, 0
167307, 12199417, 0, 0, 0
167402, 13376396, 0, 0, 0
167500, 12345552, 0, 0, 0
167600, 11113942, 0, 0, 0
167706, 11046961, 0, 0, 0
167803, 11457529, 0, 0, 0
167901, 13309548, 0, 0, 0
168003, 13023399, 0, 0, 0
168101, 11537041, 0, 0, 0
168202, 12272357, 0, 0, 0
168301, 14765890, 0, 0, 0
168400, 14741023, 0, 0, 0
168504, 13653297, 0, 0, 0
168602, 9947531, 0, 0, 0
168702, 10170748, 0, 0, 0
168800, 9851784, 0, 0, 0
168901, 14843336, 0, 0, 0
169003, 9699687, 0, 0, 0
169100, 14245926, 0, 0, 0
169200, 12093730, 0, 0, 0
169300, 9053850, 0, 0, 0
169403, 10556155, 0, 0, 0
169502, 11038481, 0, 0, 0
169605, 11788778, 0, 0, 0
169700, 11120958, 0, 0, 0
169803, 11156431, 0, 0, 0
169903, 11521116, 0, 0, 0
170000, 16295105, 0, 0, 0
170100, 10432862, 0, 0, 0
170200, 11651070, 0, 0, 0
170300, 16468077, 0, 0, 0
170401, 11373062, 0, 0, 0
170500, 14870673, 0, 0, 0
170602, 11495025, 0, 0, 0
170700, 10500478, 0, 0, 0
170803, 11870982, 0, 0, 0
170903, 10899743, 0, 0, 0
171002, 12817316, 0, 0, 0
171101, 13777665, 0, 0, 0
171201, 13212618, 0, 0, 0
171300, 12351420, 0, 0, 0
171400, 10813461, 0, 0, 0
171501, 13811248, 0, 0, 0
171601, 13004628, 0, 0, 0
171702, 11478883, 0, 0, 0
171803, 10480251, 0, 0, 0
171900, 11920138, 0, 0, 0
172002, 10832935, 0, 0, 0
172101, 11281015, 0, 0, 0
172200, 13492217, 0, 0, 0
172301, 10730387, 0, 0, 0
172407, 11469141, 0, 0, 0
172501, 13497293, 0, 0, 0
172601, 12123093, 0, 0, 0
172700, 12929013, 0, 0, 0
172800, 11135236, 0, 0, 0
172902, 14046321, 0, 0, 0
173003, 12098209, 0, 0, 0
173106, 10862113, 0, 0, 0
173201, 10270108, 0, 0, 0
173300, 10517643, 0, 0, 0
173401, 9807116, 0, 0, 0
173500, 11624447, 0, 0, 0
173600, 13310075, 0, 0, 0
173701, 13486982, 0, 0, 0
173806, 10529650, 0, 0, 0
173903, 10388625, 0, 0, 0
174001, 13411888, 0, 0, 0
174101, 15084965, 0, 0, 0
174200, 10898183, 0, 0, 0
174302, 14136042, 0, 0, 0
174402, 14585651, 0, 0, 0
174501, 13816726, 0, 0, 0
174603, 13927044, 0, 0, 0
174702, 10711260, 0, 0, 0
174800, 10606928, 0, 0, 0
174905, 14144331, 0, 0, 0
175000, 11750294, 0, 0, 0
175102, 9982596, 0, 0, 0
175202, 11754566, 0, 0, 0
175300, 11611327, 0, 0, 0
175400, 11131923, 0, 0, 0
175500, 10245125, 0, 0, 0
175601, 13773427, 0, 0, 0
175701, 10475074, 0, 0, 0
175802, 13113698, 0, 0, 0
175902, 15985188, 0, 0, 0
176005, 11293723, 0, 0, 0
176101, 11875990, 0, 0, 0
176200, 11131875, 0, 0, 0
176300, 14774536, 0, 0, 0
176400, 10848449, 0, 0, 0
176500, 11497499, 0, 0, 0
176602, 12340466, 0, 0, 0
176700, 16664150, 0, 0, 0
176800, 14697956, 0, 0, 0
176902, 10275654, 0, 0, 0
177000, 9378893, 0, 0, 0
177100, 8595225, 0, 0, 0
177206, 8917442, 0, 0, 0
177300, 17529418, 0, 0, 0
177406, 11303657, 0, 0, 0
177505, 13680555, 0, 0, 0
177602, 13252210, 0, 0, 0
177702, 9059924, 0, 0, 0
177800, 9261914, 0, 0, 0
177900, 9236114, 0, 0, 0
178000, 10684161, 0, 0, 0
178101, 13204123, 0, 0, 0
178205, 9831881, 0, 0, 0
178301, 13045124, 0, 0, 0
178401, 10475057, 0, 0, 0
178501, 10671129, 0, 0, 0
178602, 14416487, 0, 0, 0
178700, 8021961, 0, 0, 0
178805, 12541077, 0, 0, 0
178901, 17197569, 0, 0, 0
179004, 12204544, 0, 0, 0
179103, 11422960, 0, 0, 0
179204, 13870547, 0, 0, 0
179305, 10554246, 0, 0, 0
179400, 12795122, 0, 0, 0
179505, 10681176, 0, 0, 0
179604, 10300938, 0, 0, 0
179702, 12748830, 0, 0, 0
179801, 10590404, 0, 0, 0
179902, 13658779, 0, 0, 0
180000, 12189179, 0, 0, 0
180032, 34874232, 0, 0, 0
