110, 17831890, 0, 0, 0
205, 16335771, 0, 0, 0
300, 21116465, 0, 0, 0
400, 21733183, 0, 0, 0
500, 36373595, 0, 0, 0
605, 20968918, 0, 0, 0
701, 11312670, 0, 0, 0
801, 14674462, 0, 0, 0
917, 31336797, 0, 0, 0
1003, 17731680, 0, 0, 0
1101, 20549897, 0, 0, 0
1217, 19865662, 0, 0, 0
1303, 23986303, 0, 0, 0
1413, 18998610, 0, 0, 0
1507, 20114683, 0, 0, 0
1603, 19305528, 0, 0, 0
1716, 19383331, 0, 0, 0
1804, 27139499, 0, 0, 0
1904, 19656333, 0, 0, 0
2026, 20564485, 0, 0, 0
2103, 18105484, 0, 0, 0
2203, 17354028, 0, 0, 0
2318, 16070224, 0, 0, 0
2420, 18433734, 0, 0, 0
2502, 16580980, 0, 0, 0
2609, 30529724, 0, 0, 0
2712, 16389868, 0, 0, 0
2803, 16770920, 0, 0, 0
2900, 18759066, 0, 0, 0
3013, 27983622, 0, 0, 0
3105, 20420938, 0, 0, 0
3219, 25355866, 0, 0, 0
3306, 28853949, 0, 0, 0
3418, 25099234, 0, 0, 0
3516, 18109213, 0, 0, 0
3622, 28205770, 0, 0, 0
3703, 25652490, 0, 0, 0
3820, 13887229, 0, 0, 0
3901, 25585042, 0, 0, 0
4003, 15495214, 0, 0, 0
4101, 30119607, 0, 0, 0
4202, 28246189, 0, 0, 0
4309, 17256811, 0, 0, 0
4431, 19240127, 0, 0, 0
4510, 20807485, 0, 0, 0
4620, 22937297, 0, 0, 0
4712, 22811441, 0, 0, 0
4800, 18739502, 0, 0, 0
4912, 21104343, 0, 0, 0
5006, 19456506, 0, 0, 0
5111, 24364965, 0, 0, 0
5206, 17402501, 0, 0, 0
5302, 17389811, 0, 0, 0
5410, 25269261, 0, 0, 0
5500, 17250227, 0, 0, 0
5602, 21050748, 0, 0, 0
5710, 14962173, 0, 0, 0
5803, 21542231, 0, 0, 0
5901, 21621711, 0, 0, 0
6002, 13598885, 0, 0, 0
6104, 19232534, 0, 0, 0
6210, 23674923, 0, 0, 0
6301, 18859697, 0, 0, 0
6400, 16275116, 0, 0, 0
6501, 17510678, 0, 0, 0
6602, 19421398, 0, 0, 0
6709, 19942374, 0, 0, 0
6806, 24684939, 0, 0, 0
6906, 34091920, 0, 0, 0
7005, 21995134, 0, 0, 0
7113, 15671765, 0, 0, 0
7206, 22880193, 0, 0, 0
7303, 17616471, 0, 0, 0
7403, 23674149, 0, 0, 0
7511, 17992451, 0, 0, 0
7614, 22560601, 0, 0, 0
7710, 24651788, 0, 0, 0
7823, 29896777, 0, 0, 0
7901, 18931214, 0, 0, 0
8000, 27187109, 0, 0, 0
8102, 18874767, 0, 0, 0
8206, 15078918, 0, 0, 0
8316, 16792386, 0, 0, 0
8407, 23681874, 0, 0, 0
8512, 30984969, 0, 0, 0
8610, 19737507, 0, 0, 0
8706, 20922923, 0, 0, 0
8817, 20303497, 0, 0, 0
8908, 18547366, 0, 0, 0
9000, 18242695, 0, 0, 0
9105, 20568100, 0, 0, 0
9231, 17608778, 0, 0, 0
9300, 25833435, 0, 0, 0
9410, 18392899, 0, 0, 0
9501, 23583517, 0, 0, 0
9601, 26290650, 0, 0, 0
9703, 27216498, 0, 0, 0
9801, 13473270, 0, 0, 0
9907, 23550449, 0, 0, 0
10026, 16791752, 0, 0, 0
10106, 22218330, 0, 0, 0
10201, 27087179, 0, 0, 0
10302, 17183081, 0, 0, 0
10413, 20790765, 0, 0, 0
10513, 23009256, 0, 0, 0
10607, 23685429, 0, 0, 0
10707, 19938789, 0, 0, 0
10810, 19676603, 0, 0, 0
10900, 18226982, 0, 0, 0
11001, 18654491, 0, 0, 0
11105, 12767330, 0, 0, 0
11201, 22973065, 0, 0, 0
11306, 19594672, 0, 0, 0
11408, 30303302, 0, 0, 0
11506, 23113092, 0, 0, 0
11601, 21407488, 0, 0, 0
11704, 30844950, 0, 0, 0
11804, 22518450, 0, 0, 0
11913, 20761890, 0, 0, 0
12012, 25671425, 0, 0, 0
12103, 31743352, 0, 0, 0
12202, 14672444, 0, 0, 0
12318, 27499493, 0, 0, 0
12408, 29519291, 0, 0, 0
12503, 19087554, 0, 0, 0
12609, 20728044, 0, 0, 0
12713, 20536067, 0, 0, 0
12811, 27739900, 0, 0, 0
12904, 19628426, 0, 0, 0
13016, 30257531, 0, 0, 0
13101, 16287553, 0, 0, 0
13204, 14382417, 0, 0, 0
13310, 20717734, 0, 0, 0
13401, 22866794, 0, 0, 0
13504, 18497612, 0, 0, 0
13615, 21908543, 0, 0, 0
13705, 17439379, 0, 0, 0
13806, 22867992, 0, 0, 0
13912, 25314390, 0, 0, 0
14001, 16837012, 0, 0, 0
14101, 17071201, 0, 0, 0
14213, 15199000, 0, 0, 0
14311, 22510274, 0, 0, 0
14403, 22903089, 0, 0, 0
14501, 18355195, 0, 0, 0
14606, 20214366, 0, 0, 0
14705, 18669992, 0, 0, 0
14801, 33406656, 0, 0, 0
14906, 20071150, 0, 0, 0
15005, 15305891, 0, 0, 0
15113, 19322575, 0, 0, 0
15201, 16829078, 0, 0, 0
15304, 24342460, 0, 0, 0
15410, 22960705, 0, 0, 0
15505, 17537886, 0, 0, 0
15614, 18597878, 0, 0, 0
15721, 17589031, 0, 0, 0
15807, 23715051, 0, 0, 0
15903, 30364545, 0, 0, 0
16006, 14283367, 0, 0, 0
16119, 40046738, 0, 0, 0
16202, 22576743, 0, 0, 0
16302, 14394576, 0, 0, 0
16419, 20612561, 0, 0, 0
16506, 28242035, 0, 0, 0
16601, 20669103, 0, 0, 0
16720, 22461998, 0, 0, 0
16802, 20376767, 0, 0, 0
16902, 16153374, 0, 0, 0
17002, 19426500, 0, 0, 0
17114, 26002210, 0, 0, 0
17202, 14352824, 0, 0, 0
17310, 17272665, 0, 0, 0
17408, 21458589, 0, 0, 0
17501, 24597558, 0, 0, 0
17607, 14235970, 0, 0, 0
17704, 24491019, 0, 0, 0
17814, 22670606, 0, 0, 0
17900, 21483142, 0, 0, 0
18003, 16611858, 0, 0, 0
18117, 24335364, 0, 0, 0
18200, 19527924, 0, 0, 0
18305, 19382850, 0, 0, 0
18400, 21036104, 0, 0, 0
18511, 18062976, 0, 0, 0
18612, 21076350, 0, 0, 0
18700, 17210177, 0, 0, 0
18804, 24920868, 0, 0, 0
18904, 17697560, 0, 0, 0
19007, 26684756, 0, 0, 0
19109, 16536131, 0, 0, 0
19205, 19507371, 0, 0, 0
19307, 15730498, 0, 0, 0
19407, 17547994, 0, 0, 0
19510, 21828767, 0, 0, 0
19618, 18049342, 0, 0, 0
19715, 25017939, 0, 0, 0
19803, 17096378, 0, 0, 0
19907, 17449106, 0, 0, 0
20002, 21501851, 0, 0, 0
20116, 28722900, 0, 0, 0
20211, 21066705, 0, 0, 0
20308, 14456773, 0, 0, 0
20401, 21315086, 0, 0, 0
20500, 18844820, 0, 0, 0
20602, 16262735, 0, 0, 0
20723, 18434812, 0, 0, 0
20815, 32783913, 0, 0, 0
20902, 12686307, 0, 0, 0
21006, 22992192, 0, 0, 0
21100, 14993986, 0, 0, 0
21209, 25690094, 0, 0, 0
21303, 13383697, 0, 0, 0
21404, 25891380, 0, 0, 0
21506, 21268030, 0, 0, 0
21607, 20079177, 0, 0, 0
21710, 31062934, 0, 0, 0
21800, 25786832, 0, 0, 0
21904, 17334314, 0, 0, 0
22006, 24566884, 0, 0, 0
22102, 16285706, 0, 0, 0
22200, 19681082, 0, 0, 0
22305, 14128689, 0, 0, 0
22417, 26281526, 0, 0, 0
22506, 16803127, 0, 0, 0
22647, 18693784, 0, 0, 0
22705, 21303607, 0, 0, 0
22807, 20870830, 0, 0, 0
22903, 17327768, 0, 0, 0
23012, 29753336, 0, 0, 0
23100, 26173750, 0, 0, 0
23200, 19987244, 0, 0, 0
23309, 23616700, 0, 0, 0
23402, 23900473, 0, 0, 0
23520, 27664983, 0, 0, 0
23606, 25519340, 0, 0, 0
23710, 18470240, 0, 0, 0
23824, 18820193, 0, 0, 0
23907, 18407555, 0, 0, 0
24013, 19260014, 0, 0, 0
24105, 16417793, 0, 0, 0
24211, 15832147, 0, 0, 0
24300, 16334534, 0, 0, 0
24405, 17622841, 0, 0, 0
24502, 24738744, 0, 0, 0
24602, 18360097, 0, 0, 0
24700, 15093768, 0, 0, 0
24803, 20310026, 0, 0, 0
24916, 16662504, 0, 0, 0
25002, 18128708, 0, 0, 0
25115, 17464910, 0, 0, 0
25214, 40457720, 0, 0, 0
25303, 26594929, 0, 0, 0
25402, 23998540, 0, 0, 0
25505, 21400848, 0, 0, 0
25611, 26762019, 0, 0, 0
25708, 15602682, 0, 0, 0
25802, 13964799, 0, 0, 0
25903, 27493584, 0, 0, 0
26005, 33185719, 0, 0, 0
26101, 22914172, 0, 0, 0
26204, 18526498, 0, 0, 0
26305, 15550009, 0, 0, 0
26406, 19630609, 0, 0, 0
26504, 15643772, 0, 0, 0
26603, 23069945, 0, 0, 0
26725, 24214298, 0, 0, 0
26813, 16007897, 0, 0, 0
26911, 34821468, 0, 0, 0
27000, 14545810, 0, 0, 0
27110, 27104024, 0, 0, 0
27205, 20801096, 0, 0, 0
27300, 19454118, 0, 0, 0
27409, 18794420, 0, 0, 0
27500, 17682567, 0, 0, 0
27605, 23884235, 0, 0, 0
27714, 19994132, 0, 0, 0
27804, 17546874, 0, 0, 0
27901, 19134961, 0, 0, 0
28015, 18801020, 0, 0, 0
28107, 25159418, 0, 0, 0
28201, 33173852, 0, 0, 0
28311, 30831831, 0, 0, 0
28406, 17215570, 0, 0, 0
28500, 23384822, 0, 0, 0
28613, 19761273, 0, 0, 0
28700, 20866915, 0, 0, 0
28800, 18971317, 0, 0, 0
28901, 19664584, 0, 0, 0
29005, 21495774, 0, 0, 0
29110, 19849480, 0, 0, 0
29203, 22512066, 0, 0, 0
29300, 23626839, 0, 0, 0
29410, 21316675, 0, 0, 0
29510, 20193494, 0, 0, 0
29606, 23341289, 0, 0, 0
29704, 17312366, 0, 0, 0
29807, 16901959, 0, 0, 0
29912, 21056298, 0, 0, 0
30003, 19029247, 0, 0, 0
30110, 19215228, 0, 0, 0
30212, 21150973, 0, 0, 0
30308, 21565790, 0, 0, 0
30413, 25677774, 0, 0, 0
30510, 19008435, 0, 0, 0
30602, 19977671, 0, 0, 0
30703, 20022501, 0, 0, 0
30806, 22401117, 0, 0, 0
30905, 17133610, 0, 0, 0
31008, 17005664, 0, 0, 0
31112, 21381291, 0, 0, 0
31205, 15782507, 0, 0, 0
31306, 22141707, 0, 0, 0
31404, 22120631, 0, 0, 0
31508, 17858052, 0, 0, 0
31613, 28224786, 0, 0, 0
31701, 22948385, 0, 0, 0
31809, 29145425, 0, 0, 0
31901, 20787473, 0, 0, 0
32000, 27374496, 0, 0, 0
32102, 24563665, 0, 0, 0
32213, 32631311, 0, 0, 0
32303, 33197083, 0, 0, 0
32401, 16964725, 0, 0, 0
32500, 24410657, 0, 0, 0
32608, 18470518, 0, 0, 0
32703, 17601088, 0, 0, 0
32801, 20509664, 0, 0, 0
32904, 20584915, 0, 0, 0
33004, 21625936, 0, 0, 0
33113, 17876073, 0, 0, 0
33200, 22130155, 0, 0, 0
33300, 28713294, 0, 0, 0
33410, 19284259, 0, 0, 0
33505, 20661277, 0, 0, 0
33607, 23100955, 0, 0, 0
33701, 24720929, 0, 0, 0
33800, 18058079, 0, 0, 0
33927, 20503340, 0, 0, 0
34011, 18701605, 0, 0, 0
34123, 23906790, 0, 0, 0
34202, 25956812, 0, 0, 0
34302, 18251646, 0, 0, 0
34407, 20374600, 0, 0, 0
34520, 20135031, 0, 0, 0
34604, 23092226, 0, 0, 0
34707, 21431306, 0, 0, 0
34805, 10673951, 0, 0, 0
34907, 20718090, 0, 0, 0
35015, 14230950, 0, 0, 0
35145, 20737849, 0, 0, 0
35207, 22570936, 0, 0, 0
35300, 23732707, 0, 0, 0
35418, 23213653, 0, 0, 0
35511, 21247852, 0, 0, 0
35608, 20805783, 0, 0, 0
35706, 12025369, 0, 0, 0
35803, 18114399, 0, 0, 0
35901, 21260539, 0, 0, 0
36005, 20674309, 0, 0, 0
36104, 17327213, 0, 0, 0
36207, 22273880, 0, 0, 0
36301, 18044589, 0, 0, 0
36404, 25396648, 0, 0, 0
36508, 17091989, 0, 0, 0
36609, 15571243, 0, 0, 0
36716, 31200953, 0, 0, 0
36804, 27735504, 0, 0, 0
36903, 18048260, 0, 0, 0
37003, 23459501, 0, 0, 0
37105, 20196646, 0, 0, 0
37203, 15985070, 0, 0, 0
37308, 17061707, 0, 0, 0
37415, 26716669, 0, 0, 0
37500, 24216208, 0, 0, 0
37624, 20252560, 0, 0, 0
37700, 12443916, 0, 0, 0
37809, 19540098, 0, 0, 0
37900, 20913672, 0, 0, 0
38002, 16242264, 0, 0, 0
38107, 28201298, 0, 0, 0
38219, 14417636, 0, 0, 0
38318, 20257431, 0, 0, 0
38420, 17462748, 0, 0, 0
38501, 14349321, 0, 0, 0
38600, 20864988, 0, 0, 0
38727, 32896946, 0, 0, 0
38804, 19732932, 0, 0, 0
38919, 16245696, 0, 0, 0
39020, 18876042, 0, 0, 0
39107, 29069778, 0, 0, 0
39209, 21264961, 0, 0, 0
39310, 17028592, 0, 0, 0
39404, 24260375, 0, 0, 0
39503, 21636676, 0, 0, 0
39624, 18460259, 0, 0, 0
39714, 16522309, 0, 0, 0
39807, 18635573, 0, 0, 0
39919, 19124104, 0, 0, 0
40001, 16577554, 0, 0, 0
40102, 27269854, 0, 0, 0
40221, 22977598, 0, 0, 0
40301, 14858731, 0, 0, 0
40403, 24557048, 0, 0, 0
40503, 23943956, 0, 0, 0
40614, 22922259, 0, 0, 0
40707, 24604432, 0, 0, 0
40805, 27644538, 0, 0, 0
40922, 28647736, 0, 0, 0
41009, 19142966, 0, 0, 0
41101, 28498679, 0, 0, 0
41229, 23077641, 0, 0, 0
41303, 27329078, 0, 0, 0
41401, 22710710, 0, 0, 0
41510, 11862082, 0, 0, 0
41608, 26894846, 0, 0, 0
41700, 25560595, 0, 0, 0
41833, 18252624, 0, 0, 0
41907, 18340445, 0, 0, 0
42001, 19838685, 0, 0, 0
42102, 22497351, 0, 0, 0
42201, 14981252, 0, 0, 0
42306, 14763272, 0, 0, 0
42402, 23056103, 0, 0, 0
42504, 16486296, 0, 0, 0
42603, 19757696, 0, 0, 0
42718, 20841582, 0, 0, 0
42807, 15471530, 0, 0, 0
42907, 28507499, 0, 0, 0
43005, 20688393, 0, 0, 0
43104, 24334780, 0, 0, 0
43201, 15375635, 0, 0, 0
43309, 17091454, 0, 0, 0
43410, 32609284, 0, 0, 0
43518, 17324044, 0, 0, 0
43612, 34013799, 0, 0, 0
43703, 22131282, 0, 0, 0
43810, 22693711, 0, 0, 0
43905, 18811455, 0, 0, 0
44001, 20096852, 0, 0, 0
44101, 14108411, 0, 0, 0
44209, 32247767, 0, 0, 0
44303, 26835910, 0, 0, 0
44410, 21973392, 0, 0, 0
44501, 18576714, 0, 0, 0
44605, 13940696, 0, 0, 0
44703, 13255598, 0, 0, 0
44831, 17050284, 0, 0, 0
44906, 35899508, 0, 0, 0
45019, 16177191, 0, 0, 0
45101, 18246593, 0, 0, 0
45211, 17509369, 0, 0, 0
45310, 22315111, 0, 0, 0
45411, 19489469, 0, 0, 0
45506, 21365702, 0, 0, 0
45600, 25788697, 0, 0, 0
45706, 26125805, 0, 0, 0
45802, 20050124, 0, 0, 0
45909, 25134578, 0, 0, 0
46010, 28034229, 0, 0, 0
46109, 21351204, 0, 0, 0
46207, 25099687, 0, 0, 0
46301, 20404018, 0, 0, 0
46403, 16929898, 0, 0, 0
46519, 16557502, 0, 0, 0
46614, 21652878, 0, 0, 0
46710, 17775541, 0, 0, 0
46809, 21587059, 0, 0, 0
46908, 21775007, 0, 0, 0
47000, 19069874, 0, 0, 0
47108, 20069155, 0, 0, 0
47212, 15747667, 0, 0, 0
47315, 16208048, 0, 0, 0
47404, 36386220, 0, 0, 0
47501, 15348672, 0, 0, 0
47634, 21729101, 0, 0, 0
47718, 21900204, 0, 0, 0
47810, 44601953, 0, 0, 0
47919, 21342888, 0, 0, 0
48009, 19317100, 0, 0, 0
48104, 17640494, 0, 0, 0
48207, 33839303, 0, 0, 0
48303, 13279025, 0, 0, 0
48400, 22540254, 0, 0, 0
48518, 25813925, 0, 0, 0
48603, 23273193, 0, 0, 0
48704, 22008420, 0, 0, 0
48800, 16229812, 0, 0, 0
48900, 17178726, 0, 0, 0
49004, 19542651, 0, 0, 0
49105, 18510310, 0, 0, 0
49231, 21748639, 0, 0, 0
49313, 22902475, 0, 0, 0
49401, 25545859, 0, 0, 0
49503, 19874276, 0, 0, 0
49627, 21836543, 0, 0, 0
49714, 27736869, 0, 0, 0
49807, 17093895, 0, 0, 0
49903, 15872227, 0, 0, 0
50014, 24751606, 0, 0, 0
50106, 35548348, 0, 0, 0
50204, 15311515, 0, 0, 0
50313, 30007939, 0, 0, 0
50406, 22558259, 0, 0, 0
50510, 22860464, 0, 0, 0
50613, 25783334, 0, 0, 0
50708, 17424465, 0, 0, 0
50801, 17018519, 0, 0, 0
50913, 24889640, 0, 0, 0
51010, 19760745, 0, 0, 0
51112, 18533733, 0, 0, 0
51202, 24094387, 0, 0, 0
51301, 24449136, 0, 0, 0
51405, 24029469, 0, 0, 0
51517, 26402785, 0, 0, 0
51604, 31975318, 0, 0, 0
51705, 15811515, 0, 0, 0
51804, 20720786, 0, 0, 0
51901, 44240703, 0, 0, 0
52003, 23530782, 0, 0, 0
52101, 18035763, 0, 0, 0
52218, 22195771, 0, 0, 0
52302, 27317216, 0, 0, 0
52401, 17641232, 0, 0, 0
52515, 26217502, 0, 0, 0
52607, 17387235, 0, 0, 0
52710, 26647693, 0, 0, 0
52804, 15175547, 0, 0, 0
52913, 19203937, 0, 0, 0
53007, 19328765, 0, 0, 0
53104, 31600337, 0, 0, 0
53206, 34386238, 0, 0, 0
53316, 30469868, 0, 0, 0
53413, 24451935, 0, 0, 0
53500, 17513232, 0, 0, 0
53605, 17775312, 0, 0, 0
53703, 25688734, 0, 0, 0
53808, 16132180, 0, 0, 0
53900, 18255452, 0, 0, 0
54005, 20901415, 0, 0, 0
54109, 15764690, 0, 0, 0
54208, 22426970, 0, 0, 0
54301, 20972799, 0, 0, 0
54403, 20230347, 0, 0, 0
54503, 30645929, 0, 0, 0
54604, 20750876, 0, 0, 0
54708, 18688512, 0, 0, 0
54803, 20848291, 0, 0, 0
54905, 20354642, 0, 0, 0
55003, 17495997, 0, 0, 0
55107, 14924292, 0, 0, 0
55225, 23517239, 0, 0, 0
55303, 22658011, 0, 0, 0
55400, 25392337, 0, 0, 0
55506, 25422163, 0, 0, 0
55602, 26200192, 0, 0, 0
55726, 24052310, 0, 0, 0
55801, 16557836, 0, 0, 0
55908, 20964553, 0, 0, 0
56012, 21095721, 0, 0, 0
56106, 16441188, 0, 0, 0
56213, 14074639, 0, 0, 0
56302, 17951576, 0, 0, 0
56407, 26427274, 0, 0, 0
56508, 17867103, 0, 0, 0
56614, 22028248, 0, 0, 0
56705, 23647298, 0, 0, 0
56821, 16386016, 0, 0, 0
56903, 20258768, 0, 0, 0
57000, 29418746, 0, 0, 0
57127, 29709564, 0, 0, 0
57203, 27467076, 0, 0, 0
57302, 21470670, 0, 0, 0
57414, 19396449, 0, 0, 0
57514, 20026224, 0, 0, 0
57609, 29879141, 0, 0, 0
57719, 22464208, 0, 0, 0
57807, 32611994, 0, 0, 0
57907, 14753703, 0, 0, 0
58017, 46514541, 0, 0, 0
58118, 19769065, 0, 0, 0
58200, 21517699, 0, 0, 0
58308, 22752339, 0, 0, 0
58404, 18069652, 0, 0, 0
58502, 22220770, 0, 0, 0
58601, 18747484, 0, 0, 0
58702, 20189568, 0, 0, 0
58801, 23881185, 0, 0, 0
58913, 23834282, 0, 0, 0
59002, 16889122, 0, 0, 0
59111, 20913686, 0, 0, 0
59205, 17814937, 0, 0, 0
59303, 16404416, 0, 0, 0
59405, 22611248, 0, 0, 0
59506, 24341300, 0, 0, 0
59604, 23585555, 0, 0, 0
59711, 14851381, 0, 0, 0
59840, 37382433, 0, 0, 0
59905, 23077653, 0, 0, 0
60003, 17430383, 0, 0, 0
60005, 9079458, 0, 0, 0
