110, 18367304, 0, 0, 0
200, 23108251, 0, 0, 0
321, 30048407, 0, 0, 0
403, 24805978, 0, 0, 0
503, 24744756, 0, 0, 0
605, 22943343, 0, 0, 0
702, 27518592, 0, 0, 0
803, 23532252, 0, 0, 0
903, 34455564, 0, 0, 0
1009, 22397908, 0, 0, 0
1107, 30865224, 0, 0, 0
1204, 20836909, 0, 0, 0
1307, 34695985, 0, 0, 0
1403, 18054427, 0, 0, 0
1508, 20437100, 0, 0, 0
1624, 25307685, 0, 0, 0
1700, 29830959, 0, 0, 0
1805, 33730505, 0, 0, 0
1910, 21523068, 0, 0, 0
2001, 22803728, 0, 0, 0
2103, 23432753, 0, 0, 0
2202, 26149646, 0, 0, 0
2304, 26423355, 0, 0, 0
2400, 23388126, 0, 0, 0
2503, 21616496, 0, 0, 0
2622, 58997396, 0, 0, 0
2702, 27739128, 0, 0, 0
2804, 22809891, 0, 0, 0
2911, 21373296, 0, 0, 0
3002, 26190926, 0, 0, 0
3107, 30898434, 0, 0, 0
3203, 23278977, 0, 0, 0
3303, 30222690, 0, 0, 0
3400, 20885602, 0, 0, 0
3502, 18072737, 0, 0, 0
3609, 23489312, 0, 0, 0
3701, 34037920, 0, 0, 0
3811, 32322408, 0, 0, 0
3901, 12371770, 0, 0, 0
4017, 34280677, 0, 0, 0
4101, 17276347, 0, 0, 0
4206, 18281039, 0, 0, 0
4303, 20216853, 0, 0, 0
4400, 19299153, 0, 0, 0
4500, 30888749, 0, 0, 0
4616, 31775225, 0, 0, 0
4702, 30746763, 0, 0, 0
4806, 27089380, 0, 0, 0
4906, 28725845, 0, 0, 0
5004, 19593236, 0, 0, 0
5107, 19607671, 0, 0, 0
5201, 28666144, 0, 0, 0
5301, 25501831, 0, 0, 0
5400, 20987495, 0, 0, 0
5500, 21724933, 0, 0, 0
5610, 18654876, 0, 0, 0
5703, 26587300, 0, 0, 0
5810, 24112051, 0, 0, 0
5901, 32454643, 0, 0, 0
6007, 16575740, 0, 0, 0
6100, 19961062, 0, 0, 0
6206, 40493108, 0, 0, 0
6306, 21393476, 0, 0, 0
6403, 28471980, 0, 0, 0
6512, 13209499, 0, 0, 0
6602, 21383995, 0, 0, 0
6715, 22302670, 0, 0, 0
6801, 31470706, 0, 0, 0
6908, 22406325, 0, 0, 0
7002, 27032367, 0, 0, 0
7105, 19298319, 0, 0, 0
7202, 16304699, 0, 0, 0
7304, 19819338, 0, 0, 0
7408, 20759995, 0, 0, 0
7503, 25611901, 0, 0, 0
7604, 22951348, 0, 0, 0
7714, 23329847, 0, 0, 0
7812, 26802043, 0, 0, 0
7905, 25711355, 0, 0, 0
8004, 36396090, 0, 0, 0
8107, 34555673, 0, 0, 0
8217, 26104606, 0, 0, 0
8309, 30687573, 0, 0, 0
8404, 27816689, 0, 0, 0
8506, 20720028, 0, 0, 0
8607, 20544753, 0, 0, 0
8703, 33367777, 0, 0, 0
8813, 27622059, 0, 0, 0
8908, 22254804, 0, 0, 0
9000, 29215297, 0, 0, 0
9128, 24965665, 0, 0, 0
9205, 59085480, 0, 0, 0
9311, 25453543, 0, 0, 0
9404, 26325615, 0, 0, 0
9500, 28874854, 0, 0, 0
9609, 29173178, 0, 0, 0
9700, 24418890, 0, 0, 0
9809, 31914804, 0, 0, 0
9900, 33900174, 0, 0, 0
10001, 24123182, 0, 0, 0
10103, 28463243, 0, 0, 0
10201, 19902220, 0, 0, 0
10300, 16161723, 0, 0, 0
10407, 14157795, 0, 0, 0
10507, 18047633, 0, 0, 0
10617, 19177041, 0, 0, 0
10701, 33708961, 0, 0, 0
10803, 18724001, 0, 0, 0
10915, 19812925, 0, 0, 0
11002, 18000050, 0, 0, 0
11103, 27471001, 0, 0, 0
11205, 15955247, 0, 0, 0
11314, 29153174, 0, 0, 0
11404, 26611498, 0, 0, 0
11502, 16864678, 0, 0, 0
11607, 28019408, 0, 0, 0
11704, 18908955, 0, 0, 0
11801, 27546122, 0, 0, 0
11906, 44863720, 0, 0, 0
12003, 28276158, 0, 0, 0
12101, 25569172, 0, 0, 0
12206, 26648003, 0, 0, 0
12309, 24738882, 0, 0, 0
12405, 27174578, 0, 0, 0
12502, 29824198, 0, 0, 0
12610, 28398299, 0, 0, 0
12703, 83755158, 0, 0, 0
12814, 24001343, 0, 0, 0
12913, 19914691, 0, 0, 0
13008, 19341212, 0, 0, 0
13110, 32750645, 0, 0, 0
13232, 25872294, 0, 0, 0
13300, 54800975, 0, 0, 0
13401, 23301659, 0, 0, 0
13500, 18988060, 0, 0, 0
13604, 27213776, 0, 0, 0
13702, 23162621, 0, 0, 0
13800, 25552086, 0, 0, 0
13903, 17678328, 0, 0, 0
14004, 39351647, 0, 0, 0
14112, 21476141, 0, 0, 0
14200, 36496121, 0, 0, 0
14303, 28919694, 0, 0, 0
14402, 30365387, 0, 0, 0
14511, 19991516, 0, 0, 0
14603, 28861522, 0, 0, 0
14703, 23987614, 0, 0, 0
14803, 32975337, 0, 0, 0
14901, 37224175, 0, 0, 0
15011, 29239258, 0, 0, 0
15103, 26728403, 0, 0, 0
15201, 26640673, 0, 0, 0
15311, 20357776, 0, 0, 0
15402, 25898502, 0, 0, 0
15500, 25211092, 0, 0, 0
15601, 21383358, 0, 0, 0
15717, 14957713, 0, 0, 0
15804, 42620287, 0, 0, 0
15904, 21420960, 0, 0, 0
16000, 31591277, 0, 0, 0
16125, 34987192, 0, 0, 0
16204, 44737312, 0, 0, 0
16300, 26450248, 0, 0, 0
16417, 16765375, 0, 0, 0
16507, 32704424, 0, 0, 0
16603, 22795175, 0, 0, 0
16700, 34151566, 0, 0, 0
16804, 16275917, 0, 0, 0
16906, 25033321, 0, 0, 0
17001, 17286859, 0, 0, 0
17102, 39967070, 0, 0, 0
17214, 17480146, 0, 0, 0
17303, 28123645, 0, 0, 0
17405, 21786614, 0, 0, 0
17501, 20127272, 0, 0, 0
17607, 34730119, 0, 0, 0
17700, 27123574, 0, 0, 0
17819, 18257193, 0, 0, 0
17909, 28140755, 0, 0, 0
18001, 40445179, 0, 0, 0
18100, 19617082, 0, 0, 0
18203, 26860570, 0, 0, 0
18301, 36167663, 0, 0, 0
18403, 26400874, 0, 0, 0
18509, 23045739, 0, 0, 0
18604, 27362549, 0, 0, 0
18700, 23739498, 0, 0, 0
18806, 27705774, 0, 0, 0
18904, 21281006, 0, 0, 0
19002, 21704781, 0, 0, 0
19103, 32184513, 0, 0, 0
19201, 48771162, 0, 0, 0
19310, 23825567, 0, 0, 0
19407, 20165960, 0, 0, 0
19501, 34171898, 0, 0, 0
19601, 19853591, 0, 0, 0
19700, 31263729, 0, 0, 0
19800, 39450801, 0, 0, 0
19910, 31197795, 0, 0, 0
20001, 31595615, 0, 0, 0
20102, 25836411, 0, 0, 0
20204, 19216880, 0, 0, 0
20313, 32022983, 0, 0, 0
20403, 17114098, 0, 0, 0
20506, 27898949, 0, 0, 0
20608, 32178553, 0, 0, 0
20701, 18025337, 0, 0, 0
20808, 36333857, 0, 0, 0
20904, 23330395, 0, 0, 0
21013, 22890053, 0, 0, 0
21102, 26930618, 0, 0, 0
21201, 19522299, 0, 0, 0
21319, 25527228, 0, 0, 0
21413, 36219455, 0, 0, 0
21501, 21726772, 0, 0, 0
21602, 28608712, 0, 0, 0
21711, 25637461, 0, 0, 0
21801, 38593134, 0, 0, 0
21906, 24037984, 0, 0, 0
22000, 28165833, 0, 0, 0
22102, 19803870, 0, 0, 0
22210, 14731509, 0, 0, 0
22309, 23300398, 0, 0, 0
22403, 23489688, 0, 0, 0
22504, 18494885, 0, 0, 0
22605, 24322441, 0, 0, 0
22704, 22077190, 0, 0, 0
22806, 32636034, 0, 0, 0
22901, 30477590, 0, 0, 0
23005, 20793800, 0, 0, 0
23100, 15984490, 0, 0, 0
23214, 23302890, 0, 0, 0
23300, 34505527, 0, 0, 0
23400, 23994335, 0, 0, 0
23508, 16586216, 0, 0, 0
23606, 27124140, 0, 0, 0
23704, 21825013, 0, 0, 0
23800, 18694540, 0, 0, 0
23907, 21594564, 0, 0, 0
24009, 32383776, 0, 0, 0
24114, 28939425, 0, 0, 0
24202, 29555459, 0, 0, 0
24305, 23832948, 0, 0, 0
24400, 19486136, 0, 0, 0
24510, 22081173, 0, 0, 0
24605, 25801930, 0, 0, 0
24713, 27782696, 0, 0, 0
24808, 34069966, 0, 0, 0
24903, 16639120, 0, 0, 0
25000, 20926151, 0, 0, 0
25114, 31096351, 0, 0, 0
25203, 24646196, 0, 0, 0
25327, 30374471, 0, 0, 0
25400, 34095024, 0, 0, 0
25507, 26714143, 0, 0, 0
25609, 22098643, 0, 0, 0
25716, 18823230, 0, 0, 0
25803, 19005993, 0, 0, 0
25900, 22339588, 0, 0, 0
26000, 20718470, 0, 0, 0
26116, 36067015, 0, 0, 0
26209, 35470024, 0, 0, 0
26301, 21488444, 0, 0, 0
26400, 21713187, 0, 0, 0
26510, 17648594, 0, 0, 0
26617, 24490703, 0, 0, 0
26700, 28600117, 0, 0, 0
26800, 25946281, 0, 0, 0
26921, 26385795, 0, 0, 0
27001, 22303089, 0, 0, 0
27105, 21277355, 0, 0, 0
27203, 33621747, 0, 0, 0
27300, 30657896, 0, 0, 0
27405, 20520557, 0, 0, 0
27507, 33778451, 0, 0, 0
27601, 23629421, 0, 0, 0
27703, 21965879, 0, 0, 0
27802, 29979620, 0, 0, 0
27906, 14108306, 0, 0, 0
28001, 23197103, 0, 0, 0
28106, 19843297, 0, 0, 0
28202, 24987454, 0, 0, 0
28300, 29926874, 0, 0, 0
28401, 19918522, 0, 0, 0
28501, 24301865, 0, 0, 0
28603, 29352875, 0, 0, 0
28708, 27536034, 0, 0, 0
28810, 23773430, 0, 0, 0
28903, 47579970, 0, 0, 0
29021, 16807285, 0, 0, 0
29119, 27389648, 0, 0, 0
29219, 23357554, 0, 0, 0
29307, 40508809, 0, 0, 0
29405, 26811833, 0, 0, 0
29511, 24057772, 0, 0, 0
29600, 30981022, 0, 0, 0
29700, 21683740, 0, 0, 0
29807, 19324939, 0, 0, 0
29908, 27988959, 0, 0, 0
30006, 19821967, 0, 0, 0
30112, 17584014, 0, 0, 0
30200, 25505734, 0, 0, 0
30301, 21471924, 0, 0, 0
30401, 25888826, 0, 0, 0
30527, 28334156, 0, 0, 0
30611, 22029402, 0, 0, 0
30712, 20685909, 0, 0, 0
30804, 31178070, 0, 0, 0
30908, 27923555, 0, 0, 0
31004, 22031659, 0, 0, 0
31105, 16699332, 0, 0, 0
31221, 39357655, 0, 0, 0
31313, 42440127, 0, 0, 0
31412, 34463686, 0, 0, 0
31512, 24808482, 0, 0, 0
31619, 25354493, 0, 0, 0
31700, 33720979, 0, 0, 0
31808, 33831764, 0, 0, 0
31912, 26766425, 0, 0, 0
32000, 20420927, 0, 0, 0
32107, 17515871, 0, 0, 0
32207, 33277879, 0, 0, 0
32314, 33208560, 0, 0, 0
32400, 22469303, 0, 0, 0
32500, 28088439, 0, 0, 0
32600, 30732400, 0, 0, 0
32711, 32427478, 0, 0, 0
32809, 19952408, 0, 0, 0
32911, 23962024, 0, 0, 0
33002, 28800099, 0, 0, 0
33104, 35598025, 0, 0, 0
33227, 17849522, 0, 0, 0
33309, 44189090, 0, 0, 0
33405, 69483985, 0, 0, 0
33500, 23993836, 0, 0, 0
33617, 50719828, 0, 0, 0
33703, 34795581, 0, 0, 0
33806, 27843888, 0, 0, 0
33909, 27165995, 0, 0, 0
34004, 27782834, 0, 0, 0
34103, 25722703, 0, 0, 0
34206, 19790782, 0, 0, 0
34314, 42253983, 0, 0, 0
34400, 28042920, 0, 0, 0
34503, 31494015, 0, 0, 0
34601, 20673306, 0, 0, 0
34701, 31281202, 0, 0, 0
34811, 24854272, 0, 0, 0
34909, 32485026, 0, 0, 0
35010, 34797999, 0, 0, 0
35100, 33502628, 0, 0, 0
35202, 24058298, 0, 0, 0
35302, 27546738, 0, 0, 0
35403, 27022813, 0, 0, 0
35500, 20390459, 0, 0, 0
35604, 23903841, 0, 0, 0
35700, 18724471, 0, 0, 0
35800, 18357377, 0, 0, 0
35901, 32609625, 0, 0, 0
36004, 18704072, 0, 0, 0
36102, 21014877, 0, 0, 0
36200, 31793940, 0, 0, 0
36300, 24878144, 0, 0, 0
36404, 17622395, 0, 0, 0
36500, 30648687, 0, 0, 0
36601, 30405972, 0, 0, 0
36706, 28189667, 0, 0, 0
36802, 21162062, 0, 0, 0
36906, 29309843, 0, 0, 0
37003, 40754540, 0, 0, 0
37103, 30070538, 0, 0, 0
37206, 20268285, 0, 0, 0
37308, 47910598, 0, 0, 0
37410, 27749804, 0, 0, 0
37534, 25257017, 0, 0, 0
37616, 27894757, 0, 0, 0
37701, 22258292, 0, 0, 0
37803, 12807571, 0, 0, 0
37920, 27234086, 0, 0, 0
38004, 12656478, 0, 0, 0
38101, 35266648, 0, 0, 0
38204, 17521889, 0, 0, 0
38312, 41546896, 0, 0, 0
38406, 28161666, 0, 0, 0
38517, 56189722, 0, 0, 0
38606, 14282745, 0, 0, 0
38704, 21902489, 0, 0, 0
38800, 29650943, 0, 0, 0
38900, 33008199, 0, 0, 0
39003, 21090337, 0, 0, 0
39102, 21885118, 0, 0, 0
39209, 28569831, 0, 0, 0
39303, 36312993, 0, 0, 0
39409, 22673310, 0, 0, 0
39503, 28198228, 0, 0, 0
39610, 33821543, 0, 0, 0
39701, 31799291, 0, 0, 0
39824, 28760884, 0, 0, 0
39908, 40444051, 0, 0, 0
40003, 28332430, 0, 0, 0
40101, 18754151, 0, 0, 0
40208, 30197802, 0, 0, 0
40311, 28529225, 0, 0, 0
40410, 21006969, 0, 0, 0
40501, 27809865, 0, 0, 0
40600, 27677811, 0, 0, 0
40701, 24400179, 0, 0, 0
40814, 17103677, 0, 0, 0
40902, 21909530, 0, 0, 0
41012, 28227153, 0, 0, 0
41109, 29864140, 0, 0, 0
41216, 21425222, 0, 0, 0
41304, 21968470, 0, 0, 0
41400, 27322338, 0, 0, 0
41501, 19656088, 0, 0, 0
41611, 24670957, 0, 0, 0
41707, 22635036, 0, 0, 0
41803, 28611017, 0, 0, 0
41908, 27873459, 0, 0, 0
42003, 21229382, 0, 0, 0
42106, 31219286, 0, 0, 0
42200, 20738990, 0, 0, 0
42357, 28521773, 0, 0, 0
42410, 30501078, 0, 0, 0
42503, 38781496, 0, 0, 0
42601, 20489624, 0, 0, 0
42701, 34633033, 0, 0, 0
42801, 17331367, 0, 0, 0
42901, 29929323, 0, 0, 0
43002, 35610461, 0, 0, 0
43107, 36869595, 0, 0, 0
43204, 22690155, 0, 0, 0
43300, 33470079, 0, 0, 0
43405, 17897237, 0, 0, 0
43500, 34346820, 0, 0, 0
43600, 27346152, 0, 0, 0
43706, 33209018, 0, 0, 0
43812, 28742585, 0, 0, 0
43904, 33956800, 0, 0, 0
44016, 15189259, 0, 0, 0
44120, 25474396, 0, 0, 0
44203, 15879108, 0, 0, 0
44314, 21247784, 0, 0, 0
44400, 26378166, 0, 0, 0
44500, 20649199, 0, 0, 0
44606, 47850174, 0, 0, 0
44704, 44358447, 0, 0, 0
44800, 23154431, 0, 0, 0
44900, 13782868, 0, 0, 0
45003, 12715695, 0, 0, 0
45101, 19217007, 0, 0, 0
45200, 27411697, 0, 0, 0
45314, 33896525, 0, 0, 0
45404, 24606343, 0, 0, 0
45506, 17227175, 0, 0, 0
45616, 24749075, 0, 0, 0
45700, 20050244, 0, 0, 0
45811, 53436667, 0, 0, 0
45913, 36588410, 0, 0, 0
46005, 24744350, 0, 0, 0
46100, 19235628, 0, 0, 0
46200, 19931790, 0, 0, 0
46327, 25647214, 0, 0, 0
46404, 23824694, 0, 0, 0
46500, 34995880, 0, 0, 0
46606, 32131049, 0, 0, 0
46709, 20094997, 0, 0, 0
46807, 36311700, 0, 0, 0
46904, 30307208, 0, 0, 0
47004, 23802947, 0, 0, 0
47103, 35340421, 0, 0, 0
47208, 29385848, 0, 0, 0
47301, 22147073, 0, 0, 0
47401, 24942049, 0, 0, 0
47503, 26651524, 0, 0, 0
47604, 17892686, 0, 0, 0
47713, 30571971, 0, 0, 0
47801, 27181344, 0, 0, 0
47904, 27359178, 0, 0, 0
48016, 28146997, 0, 0, 0
48105, 26019074, 0, 0, 0
48202, 23036808, 0, 0, 0
48300, 25455983, 0, 0, 0
48400, 22422313, 0, 0, 0
48505, 31295534, 0, 0, 0
48606, 34444322, 0, 0, 0
48701, 27963987, 0, 0, 0
48817, 27245498, 0, 0, 0
48904, 23043231, 0, 0, 0
49018, 25564200, 0, 0, 0
49102, 23765662, 0, 0, 0
49205, 29517923, 0, 0, 0
49300, 22429897, 0, 0, 0
49403, 29238945, 0, 0, 0
49501, 32428641, 0, 0, 0
49626, 26977899, 0, 0, 0
49701, 28887370, 0, 0, 0
49802, 24304919, 0, 0, 0
49903, 30868876, 0, 0, 0
50005, 33928429, 0, 0, 0
50110, 12056493, 0, 0, 0
50204, 25220474, 0, 0, 0
50302, 32747865, 0, 0, 0
50404, 33831533, 0, 0, 0
50501, 27579024, 0, 0, 0
50600, 29737977, 0, 0, 0
50709, 32569563, 0, 0, 0
50811, 30048765, 0, 0, 0
50901, 40068541, 0, 0, 0
51005, 26614919, 0, 0, 0
51113, 25663066, 0, 0, 0
51206, 29657100, 0, 0, 0
51306, 32643651, 0, 0, 0
51402, 23270083, 0, 0, 0
51502, 30800932, 0, 0, 0
51600, 45281105, 0, 0, 0
51707, 26873042, 0, 0, 0
51803, 30754561, 0, 0, 0
51900, 32012537, 0, 0, 0
52000, 14637267, 0, 0, 0
52104, 27489367, 0, 0, 0
52205, 51285144, 0, 0, 0
52302, 49273708, 0, 0, 0
52420, 49586260, 0, 0, 0
52504, 78814660, 0, 0, 0
52603, 45577464, 0, 0, 0
52701, 21699922, 0, 0, 0
52801, 22792164, 0, 0, 0
52920, 21571859, 0, 0, 0
53001, 24671028, 0, 0, 0
53106, 21629577, 0, 0, 0
53201, 14696485, 0, 0, 0
53305, 45978368, 0, 0, 0
53403, 29396269, 0, 0, 0
53506, 22244939, 0, 0, 0
53605, 82676616, 0, 0, 0
53701, 35125789, 0, 0, 0
53807, 27380291, 0, 0, 0
53900, 26069168, 0, 0, 0
54007, 27896005, 0, 0, 0
54100, 21875341, 0, 0, 0
54207, 34410970, 0, 0, 0
54300, 16939550, 0, 0, 0
54405, 32843660, 0, 0, 0
54500, 25245328, 0, 0, 0
54621, 23180040, 0, 0, 0
54704, 24099955, 0, 0, 0
54803, 40784375, 0, 0, 0
54909, 31027764, 0, 0, 0
55004, 18162037, 0, 0, 0
55103, 32778733, 0, 0, 0
55203, 21802744, 0, 0, 0
55311, 22557561, 0, 0, 0
55402, 22702343, 0, 0, 0
55500, 21128333, 0, 0, 0
55607, 16300384, 0, 0, 0
55703, 23704964, 0, 0, 0
55801, 29164749, 0, 0, 0
55901, 20698010, 0, 0, 0
56024, 29994417, 0, 0, 0
56100, 30000463, 0, 0, 0
56207, 23032371, 0, 0, 0
56303, 28181341, 0, 0, 0
56402, 30458529, 0, 0, 0
56508, 33402771, 0, 0, 0
56612, 17627036, 0, 0, 0
56707, 22946293, 0, 0, 0
56802, 30201182, 0, 0, 0
56904, 22694312, 0, 0, 0
57000, 16369306, 0, 0, 0
57105, 25477861, 0, 0, 0
57203, 29275205, 0, 0, 0
57302, 29099285, 0, 0, 0
57406, 27338775, 0, 0, 0
57502, 26722455, 0, 0, 0
57603, 28473395, 0, 0, 0
57700, 17228790, 0, 0, 0
57805, 20101257, 0, 0, 0
57900, 26194391, 0, 0, 0
58000, 29283988, 0, 0, 0
58100, 23717480, 0, 0, 0
58203, 26648773, 0, 0, 0
58314, 28311435, 0, 0, 0
58403, 20514224, 0, 0, 0
58503, 23738290, 0, 0, 0
58601, 38474718, 0, 0, 0
58715, 35020158, 0, 0, 0
58819, 22076071, 0, 0, 0
58903, 26429835, 0, 0, 0
59003, 20563326, 0, 0, 0
59111, 26166122, 0, 0, 0
59218, 30157549, 0, 0, 0
59305, 22381468, 0, 0, 0
59405, 57062217, 0, 0, 0
59500, 25647003, 0, 0, 0
59605, 27038138, 0, 0, 0
59711, 25591010, 0, 0, 0
59802, 34551783, 0, 0, 0
59924, 37643840, 0, 0, 0
60007, 40162798, 0, 0, 0
60034, 65216531, 0, 0, 0
