250, 47168, 0, 0, 0
350, 45280, 0, 0, 0
450, 42080, 0, 0, 0
550, 43040, 0, 0, 0
650, 45760, 0, 0, 0
749, 44767, 0, 0, 0
849, 43360, 0, 0, 0
949, 44800, 0, 0, 0
1049, 41440, 0, 0, 0
1149, 44160, 0, 0, 0
1250, 43840, 0, 0, 0
1350, 44640, 0, 0, 0
1450, 46720, 0, 0, 0
1550, 45280, 0, 0, 0
1650, 42880, 0, 0, 0
1749, 43151, 0, 0, 0
1849, 44640, 0, 0, 0
1949, 44480, 0, 0, 0
2049, 44160, 0, 0, 0
2149, 43360, 0, 0, 0
2250, 45440, 0, 0, 0
2350, 44320, 0, 0, 0
2450, 42720, 0, 0, 0
2550, 41760, 0, 0, 0
2650, 41920, 0, 0, 0
2749, 42020, 0, 0, 0
2849, 43360, 0, 0, 0
2949, 41920, 0, 0, 0
3049, 42080, 0, 0, 0
3149, 40960, 0, 0, 0
3249, 41440, 0, 0, 0
3349, 44320, 0, 0, 0
3449, 43680, 0, 0, 0
3550, 43520, 0, 0, 0
3650, 43360, 0, 0, 0
3749, 46060, 0, 0, 0
3849, 43200, 0, 0, 0
3949, 44800, 0, 0, 0
4049, 42560, 0, 0, 0
4149, 42880, 0, 0, 0
4249, 43680, 0, 0, 0
4349, 45600, 0, 0, 0
4450, 47360, 0, 0, 0
4550, 42560, 0, 0, 0
4650, 44000, 0, 0, 0
4749, 44282, 0, 0, 0
4849, 47520, 0, 0, 0
4949, 43840, 0, 0, 0
5049, 44640, 0, 0, 0
5149, 44160, 0, 0, 0
5249, 42880, 0, 0, 0
5349, 44000, 0, 0, 0
5449, 41280, 0, 0, 0
5550, 44800, 0, 0, 0
5650, 44000, 0, 0, 0
5749, 43474, 0, 0, 0
5849, 43360, 0, 0, 0
5949, 43680, 0, 0, 0
6049, 44320, 0, 0, 0
6149, 45120, 0, 0, 0
6249, 42880, 0, 0, 0
6349, 43200, 0, 0, 0
6449, 44640, 0, 0, 0
6549, 44000, 0, 0, 0
6649, 42720, 0, 0, 0
6749, 44160, 0, 0, 0
6849, 45440, 0, 0, 0
6950, 46080, 0, 0, 0
7050, 41440, 0, 0, 0
7150, 40640, 0, 0, 0
7249, 46545, 0, 0, 0
7349, 45600, 0, 0, 0
7449, 41280, 0, 0, 0
7549, 45760, 0, 0, 0
7649, 44480, 0, 0, 0
7749, 44320, 0, 0, 0
7849, 47520, 0, 0, 0
7949, 51040, 0, 0, 0
8049, 46560, 0, 0, 0
8149, 46240, 0, 0, 0
8249, 44800, 0, 0, 0
8349, 44640, 0, 0, 0
8450, 44640, 0, 0, 0
8550, 45440, 0, 0, 0
8650, 44960, 0, 0, 0
8749, 45414, 0, 0, 0
8849, 44160, 0, 0, 0
8949, 43680, 0, 0, 0
9049, 42400, 0, 0, 0
9149, 42400, 0, 0, 0
9249, 40800, 0, 0, 0
9349, 42080, 0, 0, 0
9449, 44960, 0, 0, 0
9549, 41600, 0, 0, 0
9649, 43680, 0, 0, 0
9749, 43040, 0, 0, 0
9850, 44320, 0, 0, 0
9950, 49120, 0, 0, 0
10050, 48320, 0, 0, 0
10150, 46400, 0, 0, 0
10249, 48000, 0, 0, 0
10349, 45760, 0, 0, 0
10449, 44480, 0, 0, 0
10549, 47200, 0, 0, 0
10649, 45280, 0, 0, 0
10749, 44160, 0, 0, 0
10849, 46240, 0, 0, 0
10949, 44000, 0, 0, 0
11050, 46720, 0, 0, 0
11150, 46080, 0, 0, 0
11249, 44121, 0, 0, 0
11349, 46720, 0, 0, 0
11449, 45280, 0, 0, 0
11549, 44960, 0, 0, 0
11649, 46720, 0, 0, 0
11749, 42240, 0, 0, 0
11849, 45600, 0, 0, 0
11949, 45120, 0, 0, 0
12049, 47040, 0, 0, 0
12149, 44480, 0, 0, 0
12250, 45440, 0, 0, 0
12350, 44000, 0, 0, 0
12450, 43360, 0, 0, 0
12550, 44480, 0, 0, 0
12650, 43840, 0, 0, 0
12749, 44282, 0, 0, 0
12849, 45440, 0, 0, 0
12949, 44160, 0, 0, 0
13049, 46720, 0, 0, 0
13149, 45440, 0, 0, 0
13250, 44640, 0, 0, 0
13350, 44320, 0, 0, 0
13450, 44320, 0, 0, 0
13550, 45120, 0, 0, 0
13650, 45120, 0, 0, 0
13749, 44444, 0, 0, 0
13849, 44000, 0, 0, 0
13949, 45760, 0, 0, 0
14049, 44160, 0, 0, 0
14149, 46720, 0, 0, 0
14249, 46080, 0, 0, 0
14349, 46720, 0, 0, 0
14449, 47520, 0, 0, 0
14550, 46080, 0, 0, 0
14650, 44480, 0, 0, 0
14749, 48646, 0, 0, 0
14849, 48480, 0, 0, 0
14949, 47840, 0, 0, 0
15049, 50720, 0, 0, 0
15149, 52800, 0, 0, 0
15249, 50240, 0, 0, 0
15349, 50720, 0, 0, 0
15449, 46880, 0, 0, 0
15549, 48960, 0, 0, 0
15649, 48000, 0, 0, 0
15750, 49600, 0, 0, 0
15850, 49920, 0, 0, 0
15950, 51200, 0, 0, 0
16050, 46720, 0, 0, 0
16150, 46720, 0, 0, 0
16249, 43474, 0, 0, 0
16349, 48800, 0, 0, 0
16449, 46560, 0, 0, 0
16549, 44640, 0, 0, 0
16649, 43360, 0, 0, 0
16749, 44320, 0, 0, 0
16850, 46720, 0, 0, 0
16950, 43840, 0, 0, 0
17050, 44640, 0, 0, 0
17150, 46240, 0, 0, 0
17249, 44444, 0, 0, 0
17349, 46240, 0, 0, 0
17449, 46560, 0, 0, 0
17549, 44160, 0, 0, 0
17649, 45280, 0, 0, 0
17749, 47840, 0, 0, 0
17849, 51840, 0, 0, 0
17949, 46560, 0, 0, 0
18050, 44480, 0, 0, 0
18150, 43360, 0, 0, 0
18249, 45898, 0, 0, 0
18349, 47040, 0, 0, 0
18449, 44640, 0, 0, 0
18549, 46400, 0, 0, 0
18649, 46400, 0, 0, 0
18749, 47360, 0, 0, 0
18849, 46560, 0, 0, 0
18949, 46240, 0, 0, 0
19050, 47360, 0, 0, 0
19150, 47040, 0, 0, 0
19249, 50747, 0, 0, 0
19349, 48000, 0, 0, 0
19449, 46880, 0, 0, 0
19549, 46080, 0, 0, 0
19649, 49120, 0, 0, 0
19749, 45920, 0, 0, 0
19849, 45120, 0, 0, 0
19949, 44640, 0, 0, 0
20049, 45280, 0, 0, 0
20149, 47040, 0, 0, 0
20250, 50720, 0, 0, 0
20350, 45920, 0, 0, 0
20450, 44640, 0, 0, 0
20550, 44800, 0, 0, 0
20650, 46560, 0, 0, 0
20749, 43151, 0, 0, 0
20849, 42560, 0, 0, 0
20949, 43520, 0, 0, 0
21049, 43520, 0, 0, 0
21149, 43360, 0, 0, 0
21249, 44320, 0, 0, 0
21349, 43520, 0, 0, 0
21449, 43680, 0, 0, 0
21549, 43840, 0, 0, 0
21649, 42400, 0, 0, 0
21750, 44320, 0, 0, 0
21850, 41600, 0, 0, 0
21950, 44320, 0, 0, 0
22050, 44640, 0, 0, 0
22150, 43680, 0, 0, 0
22249, 45090, 0, 0, 0
22349, 44480, 0, 0, 0
22449, 43360, 0, 0, 0
22549, 43840, 0, 0, 0
22649, 42240, 0, 0, 0
22749, 45600, 0, 0, 0
22849, 44160, 0, 0, 0
22949, 45600, 0, 0, 0
23050, 45440, 0, 0, 0
23150, 43520, 0, 0, 0
23249, 46060, 0, 0, 0
23349, 43840, 0, 0, 0
23449, 45440, 0, 0, 0
23549, 45760, 0, 0, 0
23649, 46720, 0, 0, 0
23749, 46080, 0, 0, 0
23849, 44960, 0, 0, 0
23949, 47200, 0, 0, 0
24049, 47040, 0, 0, 0
24149, 45120, 0, 0, 0
24249, 44160, 0, 0, 0
24349, 42880, 0, 0, 0
24449, 43520, 0, 0, 0
24550, 46880, 0, 0, 0
24650, 46560, 0, 0, 0
24749, 45898, 0, 0, 0
24849, 46720, 0, 0, 0
24949, 46880, 0, 0, 0
25049, 48320, 0, 0, 0
25149, 46560, 0, 0, 0
25249, 46080, 0, 0, 0
25349, 50880, 0, 0, 0
25449, 46400, 0, 0, 0
25550, 45600, 0, 0, 0
25650, 47360, 0, 0, 0
25749, 48000, 0, 0, 0
25849, 46720, 0, 0, 0
25949, 46560, 0, 0, 0
26049, 47520, 0, 0, 0
26149, 45440, 0, 0, 0
26249, 47200, 0, 0, 0
26349, 46240, 0, 0, 0
26450, 47200, 0, 0, 0
26550, 48320, 0, 0, 0
26650, 47520, 0, 0, 0
26749, 46383, 0, 0, 0
26849, 45120, 0, 0, 0
26949, 47040, 0, 0, 0
27049, 46560, 0, 0, 0
27149, 46560, 0, 0, 0
27250, 48160, 0, 0, 0
27350, 48640, 0, 0, 0
27450, 48960, 0, 0, 0
27550, 47200, 0, 0, 0
27650, 45440, 0, 0, 0
27749, 49454, 0, 0, 0
27849, 50240, 0, 0, 0
27949, 45600, 0, 0, 0
28049, 46720, 0, 0, 0
28149, 46720, 0, 0, 0
28249, 48640, 0, 0, 0
28350, 48640, 0, 0, 0
28450, 48000, 0, 0, 0
28550, 45120, 0, 0, 0
28650, 45440, 0, 0, 0
28749, 45898, 0, 0, 0
28849, 47840, 0, 0, 0
28949, 46400, 0, 0, 0
29049, 46240, 0, 0, 0
29149, 46880, 0, 0, 0
29250, 46080, 0, 0, 0
29350, 45760, 0, 0, 0
29450, 44320, 0, 0, 0
29550, 50560, 0, 0, 0
29650, 53440, 0, 0, 0
29750, 50585, 0, 0, 0
29850, 52320, 0, 0, 0
29950, 49600, 0, 0, 0
30050, 50240, 0, 0, 0
30150, 48320, 0, 0, 0
30249, 52686, 0, 0, 0
30349, 51360, 0, 0, 0
30449, 51040, 0, 0, 0
30550, 51040, 0, 0, 0
30650, 51520, 0, 0, 0
30749, 44767, 0, 0, 0
30849, 46720, 0, 0, 0
30949, 45760, 0, 0, 0
31049, 45280, 0, 0, 0
31149, 47520, 0, 0, 0
31249, 48160, 0, 0, 0
31349, 47360, 0, 0, 0
31449, 46240, 0, 0, 0
31550, 44160, 0, 0, 0
31650, 43040, 0, 0, 0
31749, 42020, 0, 0, 0
31849, 45120, 0, 0, 0
31949, 48160, 0, 0, 0
32049, 45120, 0, 0, 0
32149, 43840, 0, 0, 0
32249, 43680, 0, 0, 0
32349, 44640, 0, 0, 0
32449, 44960, 0, 0, 0
32550, 46080, 0, 0, 0
32650, 47040, 0, 0, 0
32749, 45898, 0, 0, 0
32849, 45760, 0, 0, 0
32949, 44320, 0, 0, 0
33049, 41920, 0, 0, 0
33149, 42720, 0, 0, 0
33249, 44960, 0, 0, 0
33349, 45920, 0, 0, 0
33449, 43680, 0, 0, 0
33549, 45280, 0, 0, 0
33649, 44320, 0, 0, 0
33750, 41920, 0, 0, 0
33850, 42240, 0, 0, 0
33950, 45120, 0, 0, 0
34050, 43200, 0, 0, 0
34150, 45440, 0, 0, 0
34249, 45737, 0, 0, 0
34349, 43200, 0, 0, 0
34449, 41280, 0, 0, 0
34549, 41920, 0, 0, 0
34649, 43680, 0, 0, 0
34750, 41920, 0, 0, 0
34850, 43200, 0, 0, 0
34950, 45760, 0, 0, 0
35050, 45120, 0, 0, 0
35150, 44480, 0, 0, 0
35249, 46545, 0, 0, 0
35349, 46080, 0, 0, 0
35449, 44640, 0, 0, 0
35549, 44800, 0, 0, 0
35650, 48960, 0, 0, 0
35749, 47030, 0, 0, 0
35849, 43360, 0, 0, 0
35949, 45600, 0, 0, 0
36049, 45280, 0, 0, 0
36149, 46080, 0, 0, 0
36249, 43040, 0, 0, 0
36349, 44000, 0, 0, 0
36449, 47360, 0, 0, 0
36549, 47360, 0, 0, 0
36649, 44480, 0, 0, 0
36750, 45920, 0, 0, 0
36850, 45440, 0, 0, 0
36950, 42880, 0, 0, 0
37050, 45440, 0, 0, 0
37150, 42880, 0, 0, 0
37249, 45575, 0, 0, 0
37349, 47200, 0, 0, 0
37449, 46240, 0, 0, 0
37549, 45120, 0, 0, 0
37649, 43200, 0, 0, 0
37750, 49760, 0, 0, 0
37850, 51360, 0, 0, 0
37950, 47040, 0, 0, 0
38050, 44160, 0, 0, 0
38150, 44160, 0, 0, 0
38249, 44929, 0, 0, 0
38349, 42880, 0, 0, 0
38449, 44480, 0, 0, 0
38549, 44480, 0, 0, 0
38650, 43040, 0, 0, 0
38749, 46060, 0, 0, 0
38849, 44320, 0, 0, 0
38949, 40800, 0, 0, 0
39049, 40160, 0, 0, 0
39149, 43360, 0, 0, 0
39249, 44160, 0, 0, 0
39349, 44960, 0, 0, 0
39449, 41920, 0, 0, 0
39550, 46720, 0, 0, 0
39650, 45440, 0, 0, 0
39749, 44929, 0, 0, 0
39849, 46400, 0, 0, 0
39949, 46080, 0, 0, 0
40049, 45120, 0, 0, 0
40149, 44640, 0, 0, 0
40249, 41280, 0, 0, 0
40349, 45440, 0, 0, 0
40449, 44480, 0, 0, 0
40549, 44000, 0, 0, 0
40649, 42880, 0, 0, 0
40749, 49920, 0, 0, 0
40850, 45440, 0, 0, 0
40950, 42560, 0, 0, 0
41050, 45760, 0, 0, 0
41150, 46720, 0, 0, 0
41249, 46222, 0, 0, 0
41349, 45600, 0, 0, 0
41449, 38240, 0, 0, 0
41549, 37600, 0, 0, 0
41649, 37440, 0, 0, 0
41749, 36640, 0, 0, 0
41850, 36640, 0, 0, 0
41950, 37920, 0, 0, 0
42050, 37920, 0, 0, 0
42150, 36960, 0, 0, 0
42249, 34909, 0, 0, 0
42349, 36800, 0, 0, 0
42450, 39200, 0, 0, 0
42550, 39520, 0, 0, 0
42650, 38880, 0, 0, 0
42749, 38787, 0, 0, 0
42849, 38560, 0, 0, 0
42949, 39520, 0, 0, 0
43049, 38240, 0, 0, 0
43149, 39040, 0, 0, 0
43249, 38720, 0, 0, 0
43350, 38400, 0, 0, 0
43450, 39520, 0, 0, 0
43550, 38880, 0, 0, 0
43650, 37280, 0, 0, 0
43749, 36848, 0, 0, 0
43849, 37440, 0, 0, 0
43949, 39040, 0, 0, 0
44049, 39040, 0, 0, 0
44149, 36640, 0, 0, 0
44249, 35520, 0, 0, 0
44349, 38240, 0, 0, 0
44449, 37280, 0, 0, 0
44549, 35840, 0, 0, 0
44649, 34560, 0, 0, 0
44750, 35360, 0, 0, 0
44850, 36800, 0, 0, 0
44950, 33920, 0, 0, 0
45050, 36320, 0, 0, 0
45150, 34720, 0, 0, 0
45249, 36202, 0, 0, 0
45349, 38240, 0, 0, 0
45449, 37280, 0, 0, 0
45549, 37120, 0, 0, 0
45649, 37920, 0, 0, 0
45749, 39040, 0, 0, 0
45850, 39040, 0, 0, 0
45950, 39200, 0, 0, 0
46050, 38560, 0, 0, 0
46150, 39360, 0, 0, 0
46249, 40242, 0, 0, 0
46349, 40480, 0, 0, 0
46449, 39840, 0, 0, 0
46549, 38880, 0, 0, 0
46649, 39840, 0, 0, 0
46749, 41280, 0, 0, 0
46849, 40800, 0, 0, 0
46949, 40480, 0, 0, 0
47049, 41600, 0, 0, 0
47149, 38560, 0, 0, 0
47250, 42560, 0, 0, 0
47350, 40000, 0, 0, 0
47450, 39840, 0, 0, 0
47550, 39840, 0, 0, 0
47650, 41280, 0, 0, 0
47749, 44606, 0, 0, 0
47849, 43680, 0, 0, 0
47949, 42720, 0, 0, 0
48049, 41120, 0, 0, 0
48149, 39040, 0, 0, 0
48249, 37920, 0, 0, 0
48349, 40480, 0, 0, 0
48449, 38880, 0, 0, 0
48550, 38080, 0, 0, 0
48650, 38240, 0, 0, 0
48749, 39111, 0, 0, 0
48849, 37120, 0, 0, 0
48949, 38880, 0, 0, 0
49049, 37920, 0, 0, 0
49149, 35680, 0, 0, 0
49249, 39040, 0, 0, 0
49349, 39360, 0, 0, 0
49449, 38400, 0, 0, 0
49549, 39520, 0, 0, 0
49649, 39840, 0, 0, 0
49749, 36640, 0, 0, 0
49850, 40000, 0, 0, 0
49950, 40320, 0, 0, 0
50050, 40800, 0, 0, 0
50150, 37120, 0, 0, 0
50249, 37333, 0, 0, 0
50349, 38560, 0, 0, 0
50449, 38400, 0, 0, 0
50550, 37920, 0, 0, 0
50650, 36800, 0, 0, 0
50749, 37333, 0, 0, 0
50849, 36640, 0, 0, 0
50949, 40480, 0, 0, 0
51049, 40480, 0, 0, 0
51149, 37440, 0, 0, 0
51249, 38240, 0, 0, 0
51349, 39840, 0, 0, 0
51449, 39840, 0, 0, 0
51549, 38240, 0, 0, 0
51650, 36640, 0, 0, 0
51749, 39111, 0, 0, 0
51849, 39200, 0, 0, 0
51949, 41280, 0, 0, 0
52049, 38240, 0, 0, 0
52149, 38560, 0, 0, 0
52249, 38400, 0, 0, 0
52349, 37760, 0, 0, 0
52449, 37600, 0, 0, 0
52550, 38880, 0, 0, 0
52650, 40800, 0, 0, 0
52749, 39919, 0, 0, 0
52849, 36960, 0, 0, 0
52949, 39200, 0, 0, 0
53049, 40960, 0, 0, 0
53149, 39040, 0, 0, 0
53249, 38080, 0, 0, 0
53349, 39840, 0, 0, 0
53449, 39040, 0, 0, 0
53549, 36160, 0, 0, 0
53649, 38240, 0, 0, 0
53749, 38400, 0, 0, 0
53849, 39040, 0, 0, 0
53950, 37920, 0, 0, 0
54050, 38240, 0, 0, 0
54150, 40320, 0, 0, 0
54249, 38949, 0, 0, 0
54349, 40320, 0, 0, 0
54449, 37120, 0, 0, 0
54549, 38880, 0, 0, 0
54649, 38560, 0, 0, 0
54749, 38626, 0, 0, 0
54849, 39200, 0, 0, 0
54949, 37440, 0, 0, 0
55049, 39040, 0, 0, 0
55149, 41120, 0, 0, 0
55249, 39200, 0, 0, 0
55349, 37120, 0, 0, 0
55449, 38560, 0, 0, 0
55550, 40480, 0, 0, 0
55650, 40000, 0, 0, 0
55749, 40565, 0, 0, 0
55849, 41920, 0, 0, 0
55949, 41440, 0, 0, 0
56049, 41440, 0, 0, 0
56149, 43200, 0, 0, 0
56249, 39200, 0, 0, 0
56349, 39200, 0, 0, 0
56449, 40960, 0, 0, 0
56549, 41120, 0, 0, 0
56649, 40640, 0, 0, 0
56749, 39040, 0, 0, 0
56850, 38080, 0, 0, 0
56950, 38240, 0, 0, 0
57050, 38560, 0, 0, 0
57150, 38880, 0, 0, 0
57249, 38787, 0, 0, 0
57349, 39680, 0, 0, 0
57449, 42080, 0, 0, 0
57549, 41120, 0, 0, 0
57649, 38720, 0, 0, 0
57749, 41280, 0, 0, 0
57849, 42880, 0, 0, 0
57949, 39040, 0, 0, 0
58049, 41760, 0, 0, 0
58149, 37920, 0, 0, 0
58249, 38949, 0, 0, 0
58349, 37920, 0, 0, 0
58449, 35840, 0, 0, 0
58549, 37920, 0, 0, 0
58649, 37760, 0, 0, 0
58749, 41280, 0, 0, 0
58849, 38400, 0, 0, 0
58949, 38720, 0, 0, 0
59049, 37920, 0, 0, 0
59149, 38080, 0, 0, 0
59250, 40000, 0, 0, 0
59350, 40800, 0, 0, 0
59450, 39520, 0, 0, 0
59550, 36640, 0, 0, 0
59650, 36480, 0, 0, 0
59749, 38464, 0, 0, 0
59849, 38080, 0, 0, 0
59949, 37440, 0, 0, 0
60049, 38080, 0, 0, 0
60149, 37760, 0, 0, 0
60250, 38560, 0, 0, 0
60350, 40000, 0, 0, 0
60450, 39840, 0, 0, 0
60550, 40480, 0, 0, 0
60650, 39200, 0, 0, 0
60749, 39919, 0, 0, 0
60849, 40960, 0, 0, 0
60949, 39360, 0, 0, 0
61049, 40160, 0, 0, 0
61149, 42400, 0, 0, 0
61249, 42080, 0, 0, 0
61349, 39360, 0, 0, 0
61449, 40480, 0, 0, 0
61550, 40000, 0, 0, 0
61650, 40160, 0, 0, 0
61749, 40404, 0, 0, 0
61849, 38240, 0, 0, 0
61949, 37760, 0, 0, 0
62049, 36480, 0, 0, 0
62149, 40000, 0, 0, 0
62249, 37600, 0, 0, 0
62349, 37280, 0, 0, 0
62449, 40160, 0, 0, 0
62549, 38720, 0, 0, 0
62649, 39840, 0, 0, 0
62749, 38560, 0, 0, 0
62849, 40800, 0, 0, 0
62949, 38720, 0, 0, 0
63050, 39200, 0, 0, 0
63150, 41760, 0, 0, 0
63249, 41373, 0, 0, 0
63349, 38880, 0, 0, 0
63449, 37440, 0, 0, 0
63549, 38080, 0, 0, 0
63650, 38240, 0, 0, 0
63749, 38626, 0, 0, 0
63849, 40640, 0, 0, 0
63949, 40480, 0, 0, 0
64049, 39200, 0, 0, 0
64149, 36960, 0, 0, 0
64249, 36320, 0, 0, 0
64349, 35520, 0, 0, 0
64449, 36000, 0, 0, 0
64550, 38080, 0, 0, 0
64650, 35840, 0, 0, 0
64749, 37171, 0, 0, 0
64849, 35360, 0, 0, 0
64949, 35520, 0, 0, 0
65049, 36160, 0, 0, 0
65150, 35520, 0, 0, 0
65249, 37171, 0, 0, 0
65349, 35840, 0, 0, 0
65449, 36480, 0, 0, 0
65549, 36800, 0, 0, 0
65649, 36320, 0, 0, 0
65749, 37280, 0, 0, 0
65849, 34400, 0, 0, 0
65949, 34080, 0, 0, 0
66050, 35840, 0, 0, 0
66150, 34880, 0, 0, 0
66249, 36848, 0, 0, 0
66349, 39200, 0, 0, 0
66449, 37120, 0, 0, 0
66549, 35680, 0, 0, 0
66649, 37920, 0, 0, 0
66749, 37280, 0, 0, 0
66849, 38080, 0, 0, 0
66949, 37120, 0, 0, 0
67050, 36640, 0, 0, 0
67150, 36480, 0, 0, 0
67249, 35393, 0, 0, 0
67349, 39360, 0, 0, 0
67449, 37920, 0, 0, 0
67549, 37280, 0, 0, 0
67649, 36480, 0, 0, 0
67750, 37760, 0, 0, 0
67850, 41120, 0, 0, 0
67950, 37600, 0, 0, 0
68050, 38240, 0, 0, 0
68150, 37120, 0, 0, 0
68249, 38464, 0, 0, 0
68349, 37760, 0, 0, 0
68449, 36800, 0, 0, 0
68549, 35520, 0, 0, 0
68649, 37760, 0, 0, 0
68750, 38880, 0, 0, 0
68850, 38720, 0, 0, 0
68950, 38560, 0, 0, 0
69050, 40800, 0, 0, 0
69150, 37760, 0, 0, 0
69249, 37818, 0, 0, 0
69349, 38880, 0, 0, 0
69449, 36960, 0, 0, 0
69550, 40000, 0, 0, 0
69650, 37760, 0, 0, 0
69749, 37818, 0, 0, 0
69849, 39840, 0, 0, 0
69949, 39520, 0, 0, 0
70049, 37760, 0, 0, 0
70149, 38720, 0, 0, 0
70249, 39520, 0, 0, 0
70349, 37760, 0, 0, 0
70450, 38080, 0, 0, 0
70550, 36160, 0, 0, 0
70650, 38880, 0, 0, 0
70749, 39434, 0, 0, 0
70849, 38880, 0, 0, 0
70949, 41280, 0, 0, 0
71049, 37760, 0, 0, 0
71149, 42560, 0, 0, 0
71250, 39360, 0, 0, 0
71350, 40960, 0, 0, 0
71450, 37920, 0, 0, 0
71550, 41440, 0, 0, 0
71650, 37920, 0, 0, 0
71749, 39111, 0, 0, 0
71849, 41120, 0, 0, 0
71949, 40800, 0, 0, 0
72049, 40000, 0, 0, 0
72149, 37600, 0, 0, 0
72249, 42020, 0, 0, 0
72349, 39840, 0, 0, 0
72449, 38080, 0, 0, 0
72549, 38240, 0, 0, 0
72649, 36800, 0, 0, 0
72749, 36640, 0, 0, 0
72849, 38080, 0, 0, 0
72949, 38880, 0, 0, 0
73050, 38720, 0, 0, 0
73150, 37120, 0, 0, 0
73249, 35878, 0, 0, 0
73349, 38880, 0, 0, 0
73449, 37920, 0, 0, 0
73549, 37760, 0, 0, 0
73649, 36320, 0, 0, 0
73750, 37280, 0, 0, 0
73850, 37440, 0, 0, 0
73950, 35840, 0, 0, 0
74050, 36960, 0, 0, 0
74150, 37760, 0, 0, 0
74249, 35878, 0, 0, 0
74349, 38560, 0, 0, 0
74449, 38400, 0, 0, 0
74550, 36960, 0, 0, 0
74650, 37600, 0, 0, 0
74749, 37010, 0, 0, 0
74849, 36160, 0, 0, 0
74949, 35040, 0, 0, 0
75049, 36960, 0, 0, 0
75149, 36640, 0, 0, 0
75250, 35680, 0, 0, 0
75350, 39680, 0, 0, 0
75450, 34880, 0, 0, 0
75550, 35680, 0, 0, 0
75650, 39040, 0, 0, 0
75749, 34909, 0, 0, 0
75849, 36800, 0, 0, 0
75950, 37600, 0, 0, 0
76050, 36640, 0, 0, 0
76150, 35200, 0, 0, 0
76249, 35393, 0, 0, 0
76349, 37440, 0, 0, 0
76449, 37760, 0, 0, 0
76550, 36160, 0, 0, 0
76650, 41440, 0, 0, 0
76749, 37010, 0, 0, 0
76849, 38720, 0, 0, 0
76949, 37920, 0, 0, 0
77049, 34240, 0, 0, 0
77149, 35360, 0, 0, 0
77249, 37600, 0, 0, 0
77349, 36480, 0, 0, 0
77449, 36480, 0, 0, 0
77550, 38240, 0, 0, 0
77650, 34880, 0, 0, 0
77749, 37979, 0, 0, 0
77849, 40480, 0, 0, 0
77949, 37120, 0, 0, 0
78049, 37760, 0, 0, 0
78149, 35520, 0, 0, 0
78249, 35680, 0, 0, 0
78349, 36640, 0, 0, 0
78449, 35520, 0, 0, 0
78549, 35680, 0, 0, 0
78649, 37440, 0, 0, 0
78750, 38560, 0, 0, 0
78850, 36640, 0, 0, 0
78950, 35200, 0, 0, 0
79050, 36320, 0, 0, 0
79150, 36480, 0, 0, 0
79249, 34262, 0, 0, 0
79349, 36800, 0, 0, 0
79449, 36960, 0, 0, 0
79549, 36960, 0, 0, 0
79649, 39200, 0, 0, 0
79749, 37600, 0, 0, 0
79850, 40000, 0, 0, 0
79950, 37760, 0, 0, 0
80050, 37120, 0, 0, 0
80150, 37440, 0, 0, 0
80249, 37656, 0, 0, 0
80349, 37920, 0, 0, 0
80449, 37760, 0, 0, 0
80549, 38560, 0, 0, 0
80649, 37440, 0, 0, 0
80750, 36800, 0, 0, 0
80850, 36640, 0, 0, 0
80950, 38080, 0, 0, 0
81050, 36480, 0, 0, 0
81150, 38880, 0, 0, 0
81249, 37171, 0, 0, 0
81349, 35520, 0, 0, 0
81449, 37600, 0, 0, 0
81550, 36320, 0, 0, 0
81650, 36640, 0, 0, 0
81749, 40888, 0, 0, 0
81849, 39040, 0, 0, 0
81949, 37440, 0, 0, 0
82049, 36160, 0, 0, 0
82149, 37280, 0, 0, 0
82249, 37760, 0, 0, 0
82349, 35840, 0, 0, 0
82449, 36480, 0, 0, 0
82549, 36480, 0, 0, 0
82649, 38880, 0, 0, 0
82750, 37440, 0, 0, 0
82850, 39040, 0, 0, 0
82950, 40640, 0, 0, 0
83050, 38560, 0, 0, 0
83150, 36480, 0, 0, 0
83249, 38626, 0, 0, 0
83349, 36000, 0, 0, 0
83449, 35840, 0, 0, 0
83549, 34720, 0, 0, 0
83649, 38880, 0, 0, 0
83750, 37120, 0, 0, 0
83850, 35840, 0, 0, 0
83950, 35680, 0, 0, 0
84050, 34240, 0, 0, 0
84150, 37280, 0, 0, 0
84249, 36202, 0, 0, 0
84349, 34400, 0, 0, 0
84449, 38240, 0, 0, 0
84550, 37760, 0, 0, 0
84650, 39200, 0, 0, 0
84749, 35878, 0, 0, 0
84849, 39360, 0, 0, 0
84949, 36800, 0, 0, 0
85049, 39520, 0, 0, 0
85149, 37600, 0, 0, 0
85249, 36000, 0, 0, 0
85349, 34400, 0, 0, 0
85450, 36480, 0, 0, 0
85550, 40160, 0, 0, 0
85650, 37920, 0, 0, 0
85749, 37979, 0, 0, 0
85849, 38880, 0, 0, 0
85949, 40320, 0, 0, 0
86049, 37120, 0, 0, 0
86149, 39520, 0, 0, 0
86249, 36640, 0, 0, 0
86349, 38880, 0, 0, 0
86450, 38080, 0, 0, 0
86550, 38560, 0, 0, 0
86650, 39840, 0, 0, 0
86749, 37333, 0, 0, 0
86849, 39840, 0, 0, 0
86949, 39040, 0, 0, 0
87049, 38880, 0, 0, 0
87149, 38240, 0, 0, 0
87250, 37600, 0, 0, 0
87350, 40000, 0, 0, 0
87450, 36000, 0, 0, 0
87550, 38080, 0, 0, 0
87650, 37920, 0, 0, 0
87749, 41858, 0, 0, 0
87849, 40160, 0, 0, 0
87949, 40160, 0, 0, 0
88049, 42880, 0, 0, 0
88149, 39200, 0, 0, 0
88250, 39840, 0, 0, 0
88350, 38880, 0, 0, 0
88450, 38720, 0, 0, 0
88550, 40000, 0, 0, 0
88650, 37600, 0, 0, 0
88749, 37656, 0, 0, 0
88849, 38880, 0, 0, 0
88949, 36960, 0, 0, 0
89049, 35520, 0, 0, 0
89149, 40480, 0, 0, 0
89250, 41760, 0, 0, 0
89350, 41440, 0, 0, 0
89450, 36800, 0, 0, 0
89550, 38400, 0, 0, 0
89650, 37920, 0, 0, 0
89749, 36686, 0, 0, 0
89849, 39520, 0, 0, 0
89949, 39040, 0, 0, 0
