100, 6787, 0, 0, 0
200, 6715, 0, 0, 0
303, 7111, 0, 0, 0
400, 6499, 0, 0, 0
505, 6181, 0, 0, 0
600, 6060, 0, 0, 0
702, 6343, 0, 0, 0
802, 5862, 0, 0, 0
901, 6080, 0, 0, 0
1000, 6455, 0, 0, 0
1102, 6677, 0, 0, 0
1202, 6720, 0, 0, 0
1304, 6673, 0, 0, 0
1402, 6380, 0, 0, 0
1500, 6444, 0, 0, 0
1600, 7078, 0, 0, 0
1702, 6534, 0, 0, 0
1802, 6258, 0, 0, 0
1901, 6971, 0, 0, 0
2000, 6765, 0, 0, 0
2102, 6943, 0, 0, 0
2200, 5982, 0, 0, 0
2300, 6625, 0, 0, 0
2403, 6389, 0, 0, 0
2500, 6716, 0, 0, 0
2601, 6584, 0, 0, 0
2700, 6350, 0, 0, 0
2802, 7411, 0, 0, 0
2901, 7302, 0, 0, 0
3001, 7183, 0, 0, 0
3101, 6933, 0, 0, 0
3202, 6626, 0, 0, 0
3303, 7128, 0, 0, 0
3401, 6421, 0, 0, 0
3502, 5879, 0, 0, 0
3602, 6462, 0, 0, 0
3703, 7000, 0, 0, 0
3801, 6602, 0, 0, 0
3900, 6037, 0, 0, 0
4000, 5823, 0, 0, 0
4103, 7642, 0, 0, 0
4203, 6881, 0, 0, 0
4302, 6072, 0, 0, 0
4400, 5365, 0, 0, 0
4501, 6832, 0, 0, 0
4600, 6468, 0, 0, 0
4702, 6365, 0, 0, 0
4800, 6461, 0, 0, 0
4901, 6265, 0, 0, 0
5001, 6387, 0, 0, 0
5102, 6207, 0, 0, 0
5200, 5894, 0, 0, 0
5300, 5556, 0, 0, 0
5400, 6188, 0, 0, 0
5500, 6000, 0, 0, 0
5602, 5860, 0, 0, 0
5701, 6342, 0, 0, 0
5800, 6244, 0, 0, 0
5900, 6026, 0, 0, 0
6003, 6047, 0, 0, 0
6103, 6446, 0, 0, 0
6201, 6424, 0, 0, 0
6300, 6855, 0, 0, 0
6402, 6011, 0, 0, 0
6500, 6730, 0, 0, 0
6600, 6313, 0, 0, 0
6702, 6335, 0, 0, 0
6804, 6120, 0, 0, 0
6900, 6355, 0, 0, 0
7000, 5743, 0, 0, 0
7100, 6196, 0, 0, 0
7200, 6456, 0, 0, 0
7303, 6479, 0, 0, 0
7400, 6008, 0, 0, 0
7500, 5841, 0, 0, 0
7603, 6357, 0, 0, 0
7701, 6565, 0, 0, 0
7801, 6150, 0, 0, 0
7904, 5536, 0, 0, 0
8000, 6070, 0, 0, 0
8101, 6057, 0, 0, 0
8200, 6211, 0, 0, 0
8302, 6504, 0, 0, 0
8401, 6791, 0, 0, 0
8500, 6856, 0, 0, 0
8600, 7039, 0, 0, 0
8700, 6394, 0, 0, 0
8801, 6804, 0, 0, 0
8900, 6525, 0, 0, 0
9000, 7041, 0, 0, 0
9100, 6549, 0, 0, 0
9201, 6162, 0, 0, 0
9300, 6367, 0, 0, 0
9400, 5831, 0, 0, 0
9502, 6153, 0, 0, 0
9602, 6114, 0, 0, 0
9702, 6288, 0, 0, 0
9800, 6124, 0, 0, 0
9902, 6035, 0, 0, 0
10002, 5652, 0, 0, 0
10100, 6130, 0, 0, 0
10204, 5703, 0, 0, 0
10303, 6439, 0, 0, 0
10401, 5768, 0, 0, 0
10502, 5976, 0, 0, 0
10600, 6151, 0, 0, 0
10701, 5638, 0, 0, 0
10801, 5635, 0, 0, 0
10903, 5995, 0, 0, 0
11001, 6174, 0, 0, 0
11101, 5885, 0, 0, 0
11200, 5932, 0, 0, 0
11302, 6035, 0, 0, 0
11400, 5901, 0, 0, 0
11508, 6514, 0, 0, 0
11601, 6421, 0, 0, 0
11700, 6611, 0, 0, 0
11802, 7123, 0, 0, 0
11900, 5838, 0, 0, 0
12002, 6827, 0, 0, 0
12102, 6679, 0, 0, 0
12200, 6180, 0, 0, 0
12301, 6760, 0, 0, 0
12404, 6381, 0, 0, 0
12500, 6529, 0, 0, 0
12601, 6536, 0, 0, 0
12702, 7028, 0, 0, 0
12802, 6814, 0, 0, 0
12901, 6687, 0, 0, 0
13000, 6011, 0, 0, 0
13102, 6056, 0, 0, 0
13200, 6378, 0, 0, 0
13300, 6072, 0, 0, 0
13400, 5843, 0, 0, 0
13500, 6452, 0, 0, 0
13600, 6018, 0, 0, 0
13702, 6617, 0, 0, 0
13801, 6084, 0, 0, 0
13900, 6550, 0, 0, 0
14001, 6043, 0, 0, 0
14103, 6433, 0, 0, 0
14201, 5883, 0, 0, 0
14300, 5834, 0, 0, 0
14401, 6509, 0, 0, 0
14501, 6386, 0, 0, 0
14603, 6097, 0, 0, 0
14703, 5832, 0, 0, 0
14801, 6666, 0, 0, 0
14900, 6094, 0, 0, 0
15000, 6103, 0, 0, 0
15100, 6118, 0, 0, 0
15200, 6385, 0, 0, 0
15301, 7106, 0, 0, 0
15403, 6676, 0, 0, 0
15500, 7228, 0, 0, 0
15601, 6981, 0, 0, 0
15701, 6682, 0, 0, 0
15803, 6814, 0, 0, 0
15901, 6064, 0, 0, 0
16000, 6035, 0, 0, 0
16102, 6630, 0, 0, 0
16200, 6736, 0, 0, 0
16302, 6264, 0, 0, 0
16404, 6270, 0, 0, 0
16500, 6342, 0, 0, 0
16600, 6349, 0, 0, 0
16702, 6340, 0, 0, 0
16802, 6742, 0, 0, 0
16900, 6045, 0, 0, 0
17001, 6365, 0, 0, 0
17100, 5894, 0, 0, 0
17200, 5753, 0, 0, 0
17300, 6214, 0, 0, 0
17400, 6082, 0, 0, 0
17501, 5794, 0, 0, 0
17601, 5824, 0, 0, 0
17700, 5924, 0, 0, 0
17804, 6481, 0, 0, 0
17902, 6612, 0, 0, 0
18001, 5903, 0, 0, 0
18102, 6743, 0, 0, 0
18201, 6562, 0, 0, 0
18302, 7634, 0, 0, 0
18400, 6698, 0, 0, 0
18500, 6416, 0, 0, 0
18601, 6442, 0, 0, 0
18702, 5792, 0, 0, 0
18803, 6045, 0, 0, 0
18900, 6214, 0, 0, 0
19003, 6627, 0, 0, 0
19101, 6354, 0, 0, 0
19203, 6226, 0, 0, 0
19302, 6367, 0, 0, 0
19400, 6223, 0, 0, 0
19504, 6705, 0, 0, 0
19602, 6841, 0, 0, 0
19700, 6528, 0, 0, 0
19802, 6156, 0, 0, 0
19901, 7065, 0, 0, 0
20000, 7221, 0, 0, 0
20100, 6541, 0, 0, 0
20203, 6505, 0, 0, 0
20302, 6062, 0, 0, 0
20403, 5925, 0, 0, 0
20500, 6218, 0, 0, 0
20600, 6391, 0, 0, 0
20701, 6655, 0, 0, 0
20800, 6228, 0, 0, 0
20902, 6232, 0, 0, 0
21000, 6820, 0, 0, 0
21100, 6078, 0, 0, 0
21204, 6007, 0, 0, 0
21300, 6334, 0, 0, 0
21402, 5809, 0, 0, 0
21500, 5956, 0, 0, 0
21600, 5879, 0, 0, 0
21702, 6053, 0, 0, 0
21800, 6436, 0, 0, 0
21901, 6624, 0, 0, 0
22002, 6834, 0, 0, 0
22102, 6476, 0, 0, 0
22201, 7059, 0, 0, 0
22300, 6164, 0, 0, 0
22400, 6050, 0, 0, 0
22500, 6468, 0, 0, 0
22600, 6002, 0, 0, 0
22701, 6648, 0, 0, 0
22800, 6386, 0, 0, 0
22901, 6721, 0, 0, 0
23000, 6325, 0, 0, 0
23100, 6871, 0, 0, 0
23201, 6475, 0, 0, 0
23300, 6362, 0, 0, 0
23401, 6661, 0, 0, 0
23502, 6627, 0, 0, 0
23600, 6503, 0, 0, 0
23701, 6422, 0, 0, 0
23800, 6499, 0, 0, 0
23901, 6448, 0, 0, 0
24000, 6352, 0, 0, 0
24102, 7030, 0, 0, 0
24200, 7161, 0, 0, 0
24302, 7017, 0, 0, 0
24404, 6546, 0, 0, 0
24500, 7291, 0, 0, 0
24602, 7131, 0, 0, 0
24701, 7532, 0, 0, 0
24800, 7626, 0, 0, 0
24900, 7139, 0, 0, 0
25000, 6903, 0, 0, 0
25103, 7075, 0, 0, 0
25200, 7117, 0, 0, 0
25300, 6741, 0, 0, 0
25401, 5777, 0, 0, 0
25502, 5990, 0, 0, 0
25602, 6081, 0, 0, 0
25703, 6214, 0, 0, 0
25804, 6128, 0, 0, 0
25901, 6482, 0, 0, 0
26000, 6920, 0, 0, 0
26101, 6397, 0, 0, 0
26201, 6909, 0, 0, 0
26300, 6524, 0, 0, 0
26401, 6807, 0, 0, 0
26503, 5962, 0, 0, 0
26603, 6459, 0, 0, 0
26700, 5756, 0, 0, 0
26800, 6270, 0, 0, 0
26900, 6976, 0, 0, 0
27000, 6302, 0, 0, 0
27100, 6083, 0, 0, 0
27203, 6823, 0, 0, 0
27300, 6830, 0, 0, 0
27400, 6296, 0, 0, 0
27500, 6609, 0, 0, 0
27602, 6548, 0, 0, 0
27700, 6254, 0, 0, 0
27801, 6058, 0, 0, 0
27900, 5933, 0, 0, 0
28002, 5860, 0, 0, 0
28101, 6051, 0, 0, 0
28202, 6382, 0, 0, 0
28302, 6306, 0, 0, 0
28401, 6137, 0, 0, 0
28502, 5709, 0, 0, 0
28603, 6579, 0, 0, 0
28701, 6227, 0, 0, 0
28801, 6217, 0, 0, 0
28901, 6416, 0, 0, 0
29001, 6628, 0, 0, 0
29104, 6528, 0, 0, 0
29200, 6980, 0, 0, 0
29300, 6560, 0, 0, 0
29405, 6686, 0, 0, 0
29500, 5832, 0, 0, 0
29603, 6477, 0, 0, 0
29703, 5773, 0, 0, 0
29802, 5787, 0, 0, 0
29901, 6502, 0, 0, 0
30002, 6134, 0, 0, 0
30100, 6332, 0, 0, 0
30201, 5982, 0, 0, 0
30302, 6748, 0, 0, 0
30400, 5995, 0, 0, 0
30501, 6528, 0, 0, 0
30601, 5992, 0, 0, 0
30700, 6107, 0, 0, 0
30801, 6055, 0, 0, 0
30901, 5944, 0, 0, 0
31004, 5958, 0, 0, 0
31100, 6252, 0, 0, 0
31200, 5970, 0, 0, 0
31302, 6188, 0, 0, 0
31404, 6265, 0, 0, 0
31501, 5901, 0, 0, 0
31600, 5939, 0, 0, 0
31702, 6657, 0, 0, 0
31801, 6178, 0, 0, 0
31904, 5966, 0, 0, 0
32007, 6437, 0, 0, 0
32103, 6053, 0, 0, 0
32200, 5707, 0, 0, 0
32301, 6615, 0, 0, 0
32402, 6424, 0, 0, 0
32501, 5779, 0, 0, 0
32600, 6564, 0, 0, 0
32700, 5825, 0, 0, 0
32806, 6471, 0, 0, 0
32901, 6608, 0, 0, 0
33001, 6292, 0, 0, 0
33101, 6367, 0, 0, 0
33203, 6504, 0, 0, 0
33303, 6762, 0, 0, 0
33401, 6023, 0, 0, 0
33500, 6005, 0, 0, 0
33601, 6380, 0, 0, 0
33704, 6328, 0, 0, 0
33800, 5907, 0, 0, 0
33900, 6247, 0, 0, 0
34001, 6288, 0, 0, 0
34103, 6370, 0, 0, 0
34203, 6161, 0, 0, 0
34300, 5825, 0, 0, 0
34400, 6435, 0, 0, 0
34501, 7153, 0, 0, 0
34600, 6485, 0, 0, 0
34701, 6122, 0, 0, 0
34805, 6339, 0, 0, 0
34904, 6211, 0, 0, 0
35001, 6311, 0, 0, 0
35104, 6209, 0, 0, 0
35205, 6328, 0, 0, 0
35302, 6594, 0, 0, 0
35400, 6424, 0, 0, 0
35500, 6545, 0, 0, 0
35601, 6149, 0, 0, 0
35701, 6513, 0, 0, 0
35802, 6819, 0, 0, 0
35901, 6199, 0, 0, 0
36000, 6740, 0, 0, 0
36100, 6357, 0, 0, 0
36203, 6566, 0, 0, 0
36302, 5998, 0, 0, 0
36401, 6316, 0, 0, 0
36502, 6282, 0, 0, 0
36600, 5989, 0, 0, 0
36703, 6052, 0, 0, 0
36803, 7046, 0, 0, 0
36902, 5938, 0, 0, 0
37000, 6198, 0, 0, 0
37101, 6356, 0, 0, 0
37200, 6541, 0, 0, 0
37301, 7115, 0, 0, 0
37402, 7200, 0, 0, 0
37501, 7215, 0, 0, 0
37600, 6188, 0, 0, 0
37701, 7039, 0, 0, 0
37801, 7172, 0, 0, 0
37900, 6716, 0, 0, 0
38001, 6252, 0, 0, 0
38102, 5909, 0, 0, 0
38200, 6325, 0, 0, 0
38303, 6233, 0, 0, 0
38401, 6373, 0, 0, 0
38500, 6558, 0, 0, 0
38601, 6847, 0, 0, 0
38702, 6953, 0, 0, 0
38800, 6674, 0, 0, 0
38900, 6780, 0, 0, 0
39001, 6648, 0, 0, 0
39102, 6352, 0, 0, 0
39200, 6231, 0, 0, 0
39303, 6730, 0, 0, 0
39400, 5781, 0, 0, 0
39502, 5826, 0, 0, 0
39601, 6299, 0, 0, 0
39702, 7036, 0, 0, 0
39800, 6720, 0, 0, 0
39901, 6366, 0, 0, 0
40001, 6338, 0, 0, 0
40102, 6615, 0, 0, 0
40200, 6434, 0, 0, 0
40300, 6672, 0, 0, 0
40401, 6423, 0, 0, 0
40502, 6081, 0, 0, 0
40606, 6371, 0, 0, 0
40700, 6629, 0, 0, 0
40800, 5657, 0, 0, 0
40900, 5913, 0, 0, 0
41001, 6343, 0, 0, 0
41100, 6101, 0, 0, 0
41201, 6364, 0, 0, 0
41304, 5726, 0, 0, 0
41402, 6447, 0, 0, 0
41503, 5936, 0, 0, 0
41602, 6144, 0, 0, 0
41704, 6182, 0, 0, 0
41800, 5869, 0, 0, 0
41901, 5658, 0, 0, 0
42000, 6734, 0, 0, 0
42100, 6053, 0, 0, 0
42200, 5848, 0, 0, 0
42300, 6445, 0, 0, 0
42405, 6372, 0, 0, 0
42501, 6354, 0, 0, 0
42602, 6213, 0, 0, 0
42700, 6276, 0, 0, 0
42801, 6261, 0, 0, 0
42902, 6219, 0, 0, 0
43000, 6492, 0, 0, 0
43101, 5808, 0, 0, 0
43200, 6395, 0, 0, 0
43302, 6153, 0, 0, 0
43401, 5634, 0, 0, 0
43500, 5973, 0, 0, 0
43602, 6553, 0, 0, 0
43700, 6579, 0, 0, 0
43800, 7430, 0, 0, 0
43901, 6110, 0, 0, 0
44000, 6411, 0, 0, 0
44100, 6134, 0, 0, 0
44200, 6081, 0, 0, 0
44303, 6501, 0, 0, 0
44401, 6079, 0, 0, 0
44502, 6369, 0, 0, 0
44600, 6157, 0, 0, 0
44701, 6218, 0, 0, 0
44801, 6524, 0, 0, 0
44905, 6357, 0, 0, 0
45001, 6283, 0, 0, 0
45105, 6714, 0, 0, 0
45203, 6204, 0, 0, 0
45302, 6645, 0, 0, 0
45400, 6440, 0, 0, 0
45500, 6683, 0, 0, 0
45600, 6352, 0, 0, 0
45701, 6616, 0, 0, 0
45802, 6204, 0, 0, 0
45900, 6493, 0, 0, 0
46000, 6849, 0, 0, 0
46101, 6428, 0, 0, 0
46202, 7025, 0, 0, 0
46301, 6785, 0, 0, 0
46400, 6892, 0, 0, 0
46500, 7018, 0, 0, 0
46601, 6715, 0, 0, 0
46700, 6410, 0, 0, 0
46803, 6390, 0, 0, 0
46900, 6704, 0, 0, 0
47000, 6593, 0, 0, 0
47100, 6666, 0, 0, 0
47205, 6834, 0, 0, 0
47302, 6135, 0, 0, 0
47403, 5974, 0, 0, 0
47501, 5606, 0, 0, 0
47603, 6145, 0, 0, 0
47703, 6433, 0, 0, 0
47800, 6038, 0, 0, 0
47902, 6734, 0, 0, 0
48000, 6855, 0, 0, 0
48103, 6293, 0, 0, 0
48202, 6839, 0, 0, 0
48301, 6743, 0, 0, 0
48400, 6500, 0, 0, 0
48502, 6484, 0, 0, 0
48600, 5849, 0, 0, 0
48701, 6628, 0, 0, 0
48803, 6484, 0, 0, 0
48903, 5866, 0, 0, 0
49003, 6000, 0, 0, 0
49103, 6138, 0, 0, 0
49201, 6649, 0, 0, 0
49302, 6318, 0, 0, 0
49401, 7342, 0, 0, 0
49502, 6929, 0, 0, 0
49600, 6414, 0, 0, 0
49700, 6329, 0, 0, 0
49800, 6858, 0, 0, 0
49901, 7067, 0, 0, 0
50001, 6538, 0, 0, 0
50101, 6085, 0, 0, 0
50200, 6696, 0, 0, 0
50300, 6911, 0, 0, 0
50400, 6334, 0, 0, 0
50500, 6393, 0, 0, 0
50601, 6382, 0, 0, 0
50700, 7024, 0, 0, 0
50801, 6716, 0, 0, 0
50901, 6904, 0, 0, 0
51004, 6412, 0, 0, 0
51102, 6102, 0, 0, 0
51200, 6148, 0, 0, 0
51302, 6835, 0, 0, 0
51401, 6415, 0, 0, 0
51500, 6560, 0, 0, 0
51600, 5846, 0, 0, 0
51700, 6184, 0, 0, 0
51801, 6385, 0, 0, 0
51902, 6399, 0, 0, 0
52002, 6346, 0, 0, 0
52103, 6635, 0, 0, 0
52202, 6045, 0, 0, 0
52300, 6129, 0, 0, 0
52400, 6569, 0, 0, 0
52501, 6635, 0, 0, 0
52601, 6116, 0, 0, 0
52703, 6242, 0, 0, 0
52802, 5745, 0, 0, 0
52901, 5954, 0, 0, 0
53001, 5823, 0, 0, 0
53100, 6481, 0, 0, 0
53201, 6111, 0, 0, 0
53301, 6652, 0, 0, 0
53400, 6506, 0, 0, 0
53501, 6492, 0, 0, 0
53602, 6731, 0, 0, 0
53706, 6110, 0, 0, 0
53804, 5249, 0, 0, 0
53900, 5687, 0, 0, 0
54000, 6406, 0, 0, 0
54105, 6914, 0, 0, 0
54200, 6856, 0, 0, 0
54300, 7216, 0, 0, 0
54401, 7542, 0, 0, 0
54500, 6529, 0, 0, 0
54600, 6383, 0, 0, 0
54701, 6098, 0, 0, 0
54802, 6526, 0, 0, 0
54903, 6760, 0, 0, 0
55000, 6528, 0, 0, 0
55100, 6208, 0, 0, 0
55201, 7578, 0, 0, 0
55301, 6941, 0, 0, 0
55402, 7063, 0, 0, 0
55502, 6564, 0, 0, 0
55602, 6478, 0, 0, 0
55701, 6663, 0, 0, 0
55801, 6285, 0, 0, 0
55901, 6618, 0, 0, 0
56000, 5910, 0, 0, 0
56101, 6553, 0, 0, 0
56200, 6209, 0, 0, 0
56301, 6222, 0, 0, 0
56404, 6565, 0, 0, 0
56501, 6249, 0, 0, 0
56600, 6395, 0, 0, 0
56701, 6112, 0, 0, 0
56800, 6915, 0, 0, 0
56901, 7040, 0, 0, 0
57000, 5979, 0, 0, 0
57100, 6275, 0, 0, 0
57200, 6997, 0, 0, 0
57302, 6849, 0, 0, 0
57402, 6105, 0, 0, 0
57504, 6506, 0, 0, 0
57602, 6343, 0, 0, 0
57702, 6411, 0, 0, 0
57801, 6597, 0, 0, 0
57903, 6670, 0, 0, 0
58003, 6591, 0, 0, 0
58106, 6580, 0, 0, 0
58200, 7007, 0, 0, 0
58301, 6836, 0, 0, 0
58403, 6227, 0, 0, 0
58501, 6070, 0, 0, 0
58602, 6118, 0, 0, 0
58700, 5963, 0, 0, 0
58800, 5650, 0, 0, 0
58903, 6181, 0, 0, 0
59003, 6153, 0, 0, 0
59101, 5941, 0, 0, 0
59200, 6443, 0, 0, 0
59300, 6536, 0, 0, 0
59401, 6177, 0, 0, 0
59500, 6555, 0, 0, 0
59601, 7162, 0, 0, 0
59701, 6393, 0, 0, 0
59800, 6389, 0, 0, 0
59900, 6297, 0, 0, 0
60001, 6519, 0, 0, 0
60100, 6220, 0, 0, 0
60202, 6260, 0, 0, 0
60301, 6280, 0, 0, 0
60401, 6362, 0, 0, 0
60502, 6356, 0, 0, 0
60603, 6814, 0, 0, 0
60700, 6573, 0, 0, 0
60801, 5954, 0, 0, 0
60905, 7000, 0, 0, 0
61000, 7068, 0, 0, 0
61101, 6021, 0, 0, 0
61202, 6644, 0, 0, 0
61300, 6739, 0, 0, 0
61400, 7027, 0, 0, 0
61500, 6359, 0, 0, 0
61600, 6411, 0, 0, 0
61701, 6507, 0, 0, 0
61802, 6725, 0, 0, 0
61909, 5933, 0, 0, 0
62000, 6274, 0, 0, 0
62100, 6002, 0, 0, 0
62201, 6681, 0, 0, 0
62301, 6475, 0, 0, 0
62401, 6179, 0, 0, 0
62508, 7021, 0, 0, 0
62603, 6439, 0, 0, 0
62702, 6264, 0, 0, 0
62804, 6334, 0, 0, 0
62903, 6214, 0, 0, 0
63002, 6361, 0, 0, 0
63102, 6061, 0, 0, 0
63200, 5868, 0, 0, 0
63300, 6193, 0, 0, 0
63400, 6627, 0, 0, 0
63500, 5887, 0, 0, 0
63600, 5668, 0, 0, 0
63705, 6129, 0, 0, 0
63804, 5996, 0, 0, 0
63900, 6028, 0, 0, 0
64000, 5864, 0, 0, 0
64101, 6055, 0, 0, 0
64201, 5873, 0, 0, 0
64300, 5655, 0, 0, 0
64400, 6439, 0, 0, 0
64501, 5985, 0, 0, 0
64602, 5493, 0, 0, 0
64702, 6292, 0, 0, 0
64804, 6298, 0, 0, 0
64900, 6381, 0, 0, 0
65000, 6576, 0, 0, 0
65102, 6532, 0, 0, 0
65203, 6362, 0, 0, 0
65301, 6737, 0, 0, 0
65401, 6103, 0, 0, 0
65503, 7024, 0, 0, 0
65601, 7248, 0, 0, 0
65700, 7489, 0, 0, 0
65801, 7465, 0, 0, 0
65908, 7656, 0, 0, 0
66000, 6237, 0, 0, 0
66100, 7712, 0, 0, 0
66201, 7244, 0, 0, 0
66300, 6948, 0, 0, 0
66401, 7838, 0, 0, 0
66501, 7138, 0, 0, 0
66601, 7082, 0, 0, 0
66700, 7455, 0, 0, 0
66803, 7883, 0, 0, 0
66901, 6797, 0, 0, 0
67002, 6762, 0, 0, 0
67102, 6804, 0, 0, 0
67202, 7006, 0, 0, 0
67301, 7275, 0, 0, 0
67403, 7078, 0, 0, 0
67500, 7464, 0, 0, 0
67600, 7451, 0, 0, 0
67701, 7492, 0, 0, 0
67800, 6698, 0, 0, 0
67901, 7226, 0, 0, 0
68001, 7430, 0, 0, 0
68101, 6771, 0, 0, 0
68200, 6551, 0, 0, 0
68301, 6880, 0, 0, 0
68401, 6714, 0, 0, 0
68501, 6800, 0, 0, 0
68602, 6886, 0, 0, 0
68703, 6449, 0, 0, 0
68801, 6100, 0, 0, 0
68902, 6367, 0, 0, 0
69004, 6426, 0, 0, 0
69104, 6427, 0, 0, 0
69200, 7867, 0, 0, 0
69301, 6998, 0, 0, 0
69402, 6609, 0, 0, 0
69502, 6768, 0, 0, 0
69605, 6577, 0, 0, 0
69702, 7252, 0, 0, 0
69800, 6502, 0, 0, 0
69900, 6453, 0, 0, 0
70001, 6363, 0, 0, 0
70103, 6643, 0, 0, 0
70202, 6736, 0, 0, 0
70300, 6281, 0, 0, 0
70400, 6017, 0, 0, 0
70500, 6161, 0, 0, 0
70600, 7427, 0, 0, 0
70702, 6240, 0, 0, 0
70803, 5886, 0, 0, 0
70900, 6364, 0, 0, 0
71002, 6578, 0, 0, 0
71101, 6396, 0, 0, 0
71200, 6093, 0, 0, 0
71304, 6160, 0, 0, 0
71402, 6138, 0, 0, 0
71501, 6212, 0, 0, 0
71601, 6271, 0, 0, 0
71700, 6250, 0, 0, 0
71802, 5658, 0, 0, 0
71903, 5938, 0, 0, 0
72000, 6094, 0, 0, 0
72100, 6296, 0, 0, 0
72202, 5762, 0, 0, 0
72300, 6859, 0, 0, 0
72401, 6511, 0, 0, 0
72501, 6016, 0, 0, 0
72601, 5990, 0, 0, 0
72701, 6476, 0, 0, 0
72803, 5884, 0, 0, 0
72902, 6370, 0, 0, 0
73001, 5772, 0, 0, 0
73100, 5861, 0, 0, 0
73202, 6132, 0, 0, 0
73302, 6157, 0, 0, 0
73401, 7176, 0, 0, 0
73501, 6984, 0, 0, 0
73600, 6533, 0, 0, 0
73700, 5955, 0, 0, 0
73802, 6782, 0, 0, 0
73900, 6067, 0, 0, 0
74000, 6113, 0, 0, 0
74101, 5898, 0, 0, 0
74202, 6332, 0, 0, 0
74300, 6060, 0, 0, 0
74400, 6310, 0, 0, 0
74501, 6431, 0, 0, 0
74600, 6219, 0, 0, 0
74700, 6655, 0, 0, 0
74803, 6590, 0, 0, 0
74903, 7142, 0, 0, 0
75002, 6759, 0, 0, 0
75104, 6822, 0, 0, 0
75201, 6652, 0, 0, 0
75302, 6469, 0, 0, 0
75400, 6441, 0, 0, 0
75500, 6375, 0, 0, 0
75601, 6456, 0, 0, 0
75702, 6295, 0, 0, 0
75802, 6518, 0, 0, 0
75901, 6767, 0, 0, 0
76000, 6000, 0, 0, 0
76101, 6537, 0, 0, 0
76200, 6529, 0, 0, 0
76303, 6414, 0, 0, 0
76401, 6613, 0, 0, 0
76502, 6681, 0, 0, 0
76600, 6079, 0, 0, 0
76701, 6079, 0, 0, 0
76802, 6420, 0, 0, 0
76906, 6437, 0, 0, 0
77002, 6330, 0, 0, 0
77105, 6791, 0, 0, 0
77203, 6314, 0, 0, 0
77300, 6233, 0, 0, 0
77402, 6721, 0, 0, 0
77503, 6233, 0, 0, 0
77600, 6610, 0, 0, 0
77700, 6819, 0, 0, 0
77803, 6622, 0, 0, 0
77905, 6410, 0, 0, 0
78001, 6470, 0, 0, 0
78102, 6305, 0, 0, 0
78200, 6643, 0, 0, 0
78300, 6714, 0, 0, 0
78403, 6224, 0, 0, 0
78500, 6724, 0, 0, 0
78602, 6094, 0, 0, 0
78700, 6084, 0, 0, 0
78802, 6181, 0, 0, 0
78901, 5798, 0, 0, 0
79002, 6392, 0, 0, 0
79101, 6840, 0, 0, 0
79201, 6261, 0, 0, 0
79301, 5835, 0, 0, 0
79400, 5974, 0, 0, 0
79502, 7103, 0, 0, 0
79601, 6336, 0, 0, 0
79701, 6021, 0, 0, 0
79802, 5848, 0, 0, 0
79901, 7020, 0, 0, 0
80001, 7016, 0, 0, 0
80100, 6477, 0, 0, 0
80200, 6373, 0, 0, 0
80300, 6115, 0, 0, 0
80402, 6209, 0, 0, 0
80503, 6379, 0, 0, 0
80601, 6182, 0, 0, 0
80700, 6414, 0, 0, 0
80801, 6067, 0, 0, 0
80902, 6275, 0, 0, 0
81003, 5895, 0, 0, 0
81102, 6028, 0, 0, 0
81203, 6370, 0, 0, 0
81300, 6181, 0, 0, 0
81400, 6193, 0, 0, 0
81505, 6529, 0, 0, 0
81604, 6996, 0, 0, 0
81704, 7762, 0, 0, 0
81801, 7443, 0, 0, 0
81901, 6391, 0, 0, 0
82001, 7307, 0, 0, 0
82100, 6416, 0, 0, 0
82200, 6378, 0, 0, 0
82300, 7233, 0, 0, 0
82403, 6717, 0, 0, 0
82502, 7013, 0, 0, 0
82600, 5928, 0, 0, 0
82701, 6335, 0, 0, 0
82802, 6011, 0, 0, 0
82902, 6377, 0, 0, 0
83002, 6264, 0, 0, 0
83101, 6562, 0, 0, 0
83203, 6581, 0, 0, 0
83300, 6675, 0, 0, 0
83401, 7110, 0, 0, 0
83504, 6467, 0, 0, 0
83603, 6375, 0, 0, 0
83705, 5933, 0, 0, 0
83802, 6488, 0, 0, 0
83900, 7000, 0, 0, 0
84004, 6365, 0, 0, 0
84101, 6669, 0, 0, 0
84200, 6831, 0, 0, 0
84301, 6906, 0, 0, 0
84401, 6638, 0, 0, 0
84500, 7215, 0, 0, 0
84603, 6535, 0, 0, 0
84702, 6280, 0, 0, 0
84801, 6689, 0, 0, 0
84900, 6181, 0, 0, 0
85001, 7088, 0, 0, 0
85101, 6345, 0, 0, 0
85200, 6277, 0, 0, 0
85303, 6212, 0, 0, 0
85400, 6419, 0, 0, 0
85502, 6662, 0, 0, 0
85600, 6707, 0, 0, 0
85703, 6857, 0, 0, 0
85801, 6633, 0, 0, 0
85902, 6931, 0, 0, 0
86000, 6598, 0, 0, 0
86101, 6606, 0, 0, 0
86203, 6836, 0, 0, 0
86300, 6986, 0, 0, 0
86400, 6814, 0, 0, 0
86500, 6428, 0, 0, 0
86603, 6511, 0, 0, 0
86703, 6426, 0, 0, 0
86801, 6334, 0, 0, 0
86903, 6849, 0, 0, 0
87002, 6439, 0, 0, 0
87102, 6708, 0, 0, 0
87204, 5858, 0, 0, 0
87301, 6565, 0, 0, 0
87403, 5938, 0, 0, 0
87500, 6633, 0, 0, 0
87601, 6769, 0, 0, 0
87701, 6549, 0, 0, 0
87800, 6138, 0, 0, 0
87900, 5997, 0, 0, 0
88001, 6023, 0, 0, 0
88102, 6788, 0, 0, 0
88200, 6502, 0, 0, 0
88300, 6341, 0, 0, 0
88402, 6508, 0, 0, 0
88501, 6075, 0, 0, 0
88603, 6077, 0, 0, 0
88700, 5798, 0, 0, 0
88802, 6216, 0, 0, 0
88900, 6189, 0, 0, 0
89003, 6420, 0, 0, 0
89100, 6523, 0, 0, 0
89204, 6644, 0, 0, 0
89300, 6379, 0, 0, 0
89402, 6189, 0, 0, 0
89500, 6327, 0, 0, 0
89602, 6145, 0, 0, 0
89702, 6247, 0, 0, 0
89800, 6073, 0, 0, 0
89900, 5836, 0, 0, 0
90001, 6201, 0, 0, 0
90100, 6740, 0, 0, 0
90200, 5956, 0, 0, 0
90302, 6440, 0, 0, 0
90404, 6343, 0, 0, 0
90501, 5703, 0, 0, 0
90600, 6016, 0, 0, 0
90700, 6802, 0, 0, 0
90800, 6583, 0, 0, 0
90902, 6508, 0, 0, 0
91000, 6523, 0, 0, 0
91102, 6351, 0, 0, 0
91200, 5912, 0, 0, 0
91301, 6001, 0, 0, 0
91401, 6712, 0, 0, 0
91501, 6478, 0, 0, 0
91606, 6370, 0, 0, 0
91700, 6191, 0, 0, 0
91800, 6007, 0, 0, 0
91901, 6071, 0, 0, 0
92000, 5853, 0, 0, 0
92100, 6827, 0, 0, 0
92200, 6092, 0, 0, 0
92301, 6518, 0, 0, 0
92400, 6648, 0, 0, 0
92503, 6704, 0, 0, 0
92600, 6520, 0, 0, 0
92700, 7130, 0, 0, 0
92800, 6412, 0, 0, 0
92901, 5695, 0, 0, 0
93001, 6912, 0, 0, 0
93101, 6710, 0, 0, 0
93201, 6661, 0, 0, 0
93301, 6756, 0, 0, 0
93401, 7009, 0, 0, 0
93500, 5753, 0, 0, 0
93605, 6664, 0, 0, 0
93705, 6586, 0, 0, 0
93802, 6453, 0, 0, 0
93902, 6217, 0, 0, 0
94002, 6546, 0, 0, 0
94101, 6574, 0, 0, 0
94205, 6505, 0, 0, 0
94300, 6900, 0, 0, 0
94400, 7018, 0, 0, 0
94501, 6377, 0, 0, 0
94600, 6273, 0, 0, 0
94703, 6261, 0, 0, 0
94802, 6155, 0, 0, 0
94904, 6619, 0, 0, 0
95006, 6513, 0, 0, 0
95101, 5919, 0, 0, 0
95202, 6347, 0, 0, 0
95302, 6355, 0, 0, 0
95403, 6590, 0, 0, 0
95500, 6198, 0, 0, 0
95602, 6759, 0, 0, 0
95701, 6361, 0, 0, 0
95800, 6423, 0, 0, 0
95903, 6114, 0, 0, 0
96001, 6242, 0, 0, 0
96102, 6490, 0, 0, 0
96200, 6834, 0, 0, 0
96300, 6901, 0, 0, 0
96400, 6225, 0, 0, 0
96501, 6418, 0, 0, 0
96600, 6491, 0, 0, 0
96703, 6709, 0, 0, 0
96803, 6642, 0, 0, 0
96900, 6629, 0, 0, 0
97001, 6552, 0, 0, 0
97101, 6825, 0, 0, 0
97201, 6724, 0, 0, 0
97310, 6605, 0, 0, 0
97402, 6386, 0, 0, 0
97500, 6311, 0, 0, 0
97600, 6706, 0, 0, 0
97700, 6458, 0, 0, 0
97804, 6300, 0, 0, 0
97900, 5906, 0, 0, 0
98000, 6112, 0, 0, 0
98103, 6415, 0, 0, 0
98200, 6071, 0, 0, 0
98301, 6474, 0, 0, 0
98400, 6391, 0, 0, 0
98500, 6318, 0, 0, 0
98603, 6298, 0, 0, 0
98700, 6364, 0, 0, 0
98802, 6490, 0, 0, 0
98901, 6791, 0, 0, 0
99004, 6884, 0, 0, 0
99101, 6378, 0, 0, 0
99201, 7165, 0, 0, 0
99301, 7408, 0, 0, 0
99400, 7329, 0, 0, 0
99501, 6556, 0, 0, 0
99601, 6735, 0, 0, 0
99703, 6377, 0, 0, 0
99804, 6378, 0, 0, 0
99902, 6561, 0, 0, 0
100001, 6581, 0, 0, 0
100100, 6555, 0, 0, 0
100202, 6637, 0, 0, 0
100300, 6910, 0, 0, 0
100400, 6575, 0, 0, 0
100502, 6084, 0, 0, 0
100601, 6086, 0, 0, 0
100700, 6418, 0, 0, 0
100800, 6538, 0, 0, 0
100901, 6488, 0, 0, 0
101003, 6510, 0, 0, 0
101101, 6024, 0, 0, 0
101201, 6333, 0, 0, 0
101301, 6393, 0, 0, 0
101403, 6368, 0, 0, 0
101500, 6677, 0, 0, 0
101605, 6525, 0, 0, 0
101704, 5993, 0, 0, 0
101800, 6727, 0, 0, 0
101902, 6600, 0, 0, 0
102001, 6243, 0, 0, 0
102104, 7069, 0, 0, 0
102203, 6497, 0, 0, 0
102302, 6967, 0, 0, 0
102400, 6435, 0, 0, 0
102501, 5783, 0, 0, 0
102601, 6273, 0, 0, 0
102700, 6398, 0, 0, 0
102805, 6385, 0, 0, 0
102904, 6297, 0, 0, 0
103002, 6915, 0, 0, 0
103103, 6489, 0, 0, 0
103200, 6717, 0, 0, 0
103302, 6582, 0, 0, 0
103403, 6566, 0, 0, 0
103501, 6355, 0, 0, 0
103600, 6376, 0, 0, 0
103701, 6716, 0, 0, 0
103801, 6511, 0, 0, 0
103900, 6406, 0, 0, 0
104001, 6465, 0, 0, 0
104102, 6528, 0, 0, 0
104201, 6578, 0, 0, 0
104300, 6054, 0, 0, 0
104402, 6971, 0, 0, 0
104500, 6592, 0, 0, 0
104602, 6359, 0, 0, 0
104700, 6619, 0, 0, 0
104800, 6308, 0, 0, 0
104901, 6201, 0, 0, 0
105000, 6682, 0, 0, 0
105100, 6462, 0, 0, 0
105200, 6806, 0, 0, 0
105302, 7042, 0, 0, 0
105401, 6850, 0, 0, 0
105506, 6298, 0, 0, 0
105602, 6242, 0, 0, 0
105701, 6698, 0, 0, 0
105802, 6526, 0, 0, 0
105901, 6462, 0, 0, 0
106000, 6614, 0, 0, 0
106101, 6289, 0, 0, 0
106200, 6088, 0, 0, 0
106303, 6367, 0, 0, 0
106403, 6287, 0, 0, 0
106503, 6435, 0, 0, 0
106600, 6886, 0, 0, 0
106702, 6846, 0, 0, 0
106801, 6305, 0, 0, 0
106900, 7012, 0, 0, 0
107001, 6158, 0, 0, 0
107101, 6091, 0, 0, 0
107204, 6045, 0, 0, 0
107304, 6432, 0, 0, 0
107401, 6881, 0, 0, 0
107500, 6260, 0, 0, 0
107603, 6501, 0, 0, 0
107700, 6844, 0, 0, 0
107801, 6157, 0, 0, 0
107902, 5909, 0, 0, 0
108000, 6256, 0, 0, 0
108100, 5613, 0, 0, 0
108204, 6480, 0, 0, 0
108302, 6843, 0, 0, 0
108401, 6757, 0, 0, 0
108500, 6075, 0, 0, 0
108600, 6681, 0, 0, 0
108700, 6200, 0, 0, 0
108800, 6736, 0, 0, 0
108902, 6633, 0, 0, 0
109002, 6213, 0, 0, 0
109103, 6634, 0, 0, 0
109203, 6474, 0, 0, 0
109300, 6429, 0, 0, 0
109401, 6312, 0, 0, 0
109502, 6088, 0, 0, 0
109605, 6506, 0, 0, 0
109703, 6242, 0, 0, 0
109800, 5947, 0, 0, 0
109901, 6648, 0, 0, 0
110000, 6793, 0, 0, 0
110100, 6102, 0, 0, 0
110204, 6582, 0, 0, 0
110307, 5926, 0, 0, 0
110402, 6332, 0, 0, 0
110500, 5939, 0, 0, 0
110600, 6097, 0, 0, 0
110703, 6383, 0, 0, 0
110804, 6250, 0, 0, 0
110901, 6239, 0, 0, 0
111002, 6282, 0, 0, 0
111103, 6218, 0, 0, 0
111202, 6453, 0, 0, 0
111300, 5837, 0, 0, 0
111404, 6212, 0, 0, 0
111500, 6803, 0, 0, 0
111601, 6310, 0, 0, 0
111700, 6256, 0, 0, 0
111804, 6366, 0, 0, 0
111902, 6244, 0, 0, 0
112003, 6103, 0, 0, 0
112100, 6024, 0, 0, 0
112200, 5644, 0, 0, 0
112302, 6014, 0, 0, 0
112401, 6228, 0, 0, 0
112501, 6483, 0, 0, 0
112602, 6305, 0, 0, 0
112702, 6202, 0, 0, 0
112800, 7085, 0, 0, 0
112900, 6502, 0, 0, 0
113001, 6288, 0, 0, 0
113101, 6559, 0, 0, 0
113200, 6124, 0, 0, 0
113301, 6427, 0, 0, 0
113401, 6004, 0, 0, 0
113503, 6310, 0, 0, 0
113602, 6826, 0, 0, 0
113703, 5999, 0, 0, 0
113801, 6165, 0, 0, 0
113902, 6103, 0, 0, 0
114003, 6261, 0, 0, 0
114100, 6846, 0, 0, 0
114200, 6792, 0, 0, 0
114302, 7088, 0, 0, 0
114400, 6124, 0, 0, 0
114501, 6548, 0, 0, 0
114602, 6045, 0, 0, 0
114700, 5804, 0, 0, 0
114801, 6448, 0, 0, 0
114900, 6567, 0, 0, 0
115001, 6751, 0, 0, 0
115102, 6578, 0, 0, 0
115203, 5926, 0, 0, 0
115300, 6201, 0, 0, 0
115400, 5880, 0, 0, 0
115501, 6057, 0, 0, 0
115602, 6538, 0, 0, 0
115700, 6837, 0, 0, 0
115800, 7197, 0, 0, 0
115903, 7184, 0, 0, 0
116001, 7003, 0, 0, 0
116102, 6303, 0, 0, 0
116201, 6368, 0, 0, 0
116303, 6823, 0, 0, 0
116403, 6155, 0, 0, 0
116500, 6555, 0, 0, 0
116600, 6998, 0, 0, 0
116701, 5649, 0, 0, 0
116800, 6422, 0, 0, 0
116903, 6944, 0, 0, 0
117002, 6640, 0, 0, 0
117100, 6236, 0, 0, 0
117200, 6271, 0, 0, 0
117300, 6484, 0, 0, 0
117402, 6724, 0, 0, 0
117502, 6352, 0, 0, 0
117604, 6271, 0, 0, 0
117700, 6439, 0, 0, 0
117800, 5741, 0, 0, 0
117901, 5757, 0, 0, 0
118001, 6868, 0, 0, 0
118100, 6467, 0, 0, 0
118202, 6466, 0, 0, 0
118300, 6068, 0, 0, 0
118401, 6279, 0, 0, 0
118500, 6852, 0, 0, 0
118601, 6306, 0, 0, 0
118701, 6309, 0, 0, 0
118803, 6421, 0, 0, 0
118900, 6480, 0, 0, 0
119001, 6715, 0, 0, 0
119106, 6808, 0, 0, 0
119201, 6924, 0, 0, 0
119301, 6258, 0, 0, 0
119402, 6468, 0, 0, 0
119502, 6358, 0, 0, 0
119601, 5926, 0, 0, 0
119701, 6071, 0, 0, 0
119800, 6876, 0, 0, 0
119902, 6000, 0, 0, 0
120001, 6390, 0, 0, 0
120103, 6796, 0, 0, 0
120202, 5944, 0, 0, 0
120301, 7458, 0, 0, 0
120401, 6791, 0, 0, 0
120500, 6730, 0, 0, 0
120600, 5591, 0, 0, 0
120702, 6535, 0, 0, 0
120802, 6283, 0, 0, 0
120903, 6289, 0, 0, 0
121001, 6618, 0, 0, 0
121103, 6889, 0, 0, 0
121200, 6301, 0, 0, 0
121301, 6237, 0, 0, 0
121402, 6379, 0, 0, 0
121503, 6742, 0, 0, 0
121600, 5987, 0, 0, 0
121701, 6121, 0, 0, 0
121802, 6017, 0, 0, 0
121900, 5933, 0, 0, 0
122004, 6658, 0, 0, 0
122100, 6080, 0, 0, 0
122203, 6288, 0, 0, 0
122300, 6138, 0, 0, 0
122401, 5899, 0, 0, 0
122501, 6528, 0, 0, 0
122602, 6003, 0, 0, 0
122700, 6424, 0, 0, 0
122800, 6109, 0, 0, 0
122902, 6481, 0, 0, 0
123005, 5940, 0, 0, 0
123100, 6109, 0, 0, 0
123200, 6297, 0, 0, 0
123300, 6727, 0, 0, 0
123401, 6292, 0, 0, 0
123502, 6138, 0, 0, 0
123600, 6412, 0, 0, 0
123704, 6170, 0, 0, 0
123803, 6241, 0, 0, 0
123904, 6517, 0, 0, 0
124000, 6591, 0, 0, 0
124101, 6724, 0, 0, 0
124200, 6642, 0, 0, 0
124300, 6917, 0, 0, 0
124402, 6691, 0, 0, 0
124500, 6379, 0, 0, 0
124600, 6535, 0, 0, 0
124701, 6535, 0, 0, 0
124801, 6320, 0, 0, 0
124905, 6447, 0, 0, 0
125001, 6556, 0, 0, 0
125102, 6336, 0, 0, 0
125204, 6492, 0, 0, 0
125302, 6526, 0, 0, 0
125402, 6410, 0, 0, 0
125500, 6158, 0, 0, 0
125601, 6939, 0, 0, 0
125700, 6377, 0, 0, 0
125803, 6250, 0, 0, 0
125903, 6846, 0, 0, 0
126003, 6538, 0, 0, 0
126102, 5999, 0, 0, 0
126200, 6845, 0, 0, 0
126300, 7086, 0, 0, 0
126402, 6487, 0, 0, 0
126501, 6553, 0, 0, 0
126601, 7314, 0, 0, 0
126700, 7355, 0, 0, 0
126800, 6978, 0, 0, 0
126903, 6071, 0, 0, 0
127001, 6087, 0, 0, 0
127102, 6280, 0, 0, 0
127203, 6743, 0, 0, 0
127302, 6284, 0, 0, 0
127401, 6576, 0, 0, 0
127501, 6569, 0, 0, 0
127602, 6041, 0, 0, 0
127703, 6589, 0, 0, 0
127801, 6134, 0, 0, 0
127902, 6463, 0, 0, 0
128000, 6202, 0, 0, 0
128103, 6450, 0, 0, 0
128202, 6682, 0, 0, 0
128300, 6730, 0, 0, 0
128400, 7460, 0, 0, 0
128500, 7496, 0, 0, 0
128602, 7363, 0, 0, 0
128707, 6644, 0, 0, 0
128800, 6563, 0, 0, 0
128900, 6986, 0, 0, 0
129001, 6671, 0, 0, 0
129100, 6346, 0, 0, 0
129203, 6765, 0, 0, 0
129300, 7293, 0, 0, 0
129401, 6547, 0, 0, 0
129500, 6934, 0, 0, 0
129600, 6030, 0, 0, 0
129700, 7016, 0, 0, 0
129801, 6002, 0, 0, 0
129904, 6690, 0, 0, 0
130000, 6153, 0, 0, 0
130102, 6328, 0, 0, 0
130200, 6803, 0, 0, 0
130305, 6122, 0, 0, 0
130400, 6618, 0, 0, 0
130503, 6266, 0, 0, 0
130603, 5886, 0, 0, 0
130700, 7037, 0, 0, 0
130802, 6627, 0, 0, 0
130903, 6711, 0, 0, 0
131001, 6685, 0, 0, 0
131100, 6569, 0, 0, 0
131200, 6289, 0, 0, 0
131300, 6491, 0, 0, 0
131402, 6506, 0, 0, 0
131503, 6636, 0, 0, 0
131603, 6541, 0, 0, 0
131701, 5790, 0, 0, 0
131801, 6225, 0, 0, 0
131901, 6383, 0, 0, 0
132000, 6264, 0, 0, 0
132101, 5987, 0, 0, 0
132200, 6288, 0, 0, 0
132300, 6361, 0, 0, 0
132403, 5909, 0, 0, 0
132502, 5933, 0, 0, 0
132600, 6100, 0, 0, 0
132706, 5884, 0, 0, 0
132801, 5901, 0, 0, 0
132900, 6239, 0, 0, 0
133000, 6195, 0, 0, 0
133100, 6102, 0, 0, 0
133200, 6250, 0, 0, 0
133303, 6275, 0, 0, 0
133401, 6447, 0, 0, 0
133503, 7130, 0, 0, 0
133601, 7132, 0, 0, 0
133701, 6532, 0, 0, 0
133803, 6623, 0, 0, 0
133902, 5834, 0, 0, 0
134002, 6264, 0, 0, 0
134101, 6539, 0, 0, 0
134203, 6421, 0, 0, 0
134301, 6769, 0, 0, 0
134401, 6992, 0, 0, 0
134503, 7176, 0, 0, 0
134600, 6428, 0, 0, 0
134701, 6199, 0, 0, 0
134801, 5851, 0, 0, 0
134901, 6002, 0, 0, 0
135001, 6001, 0, 0, 0
135104, 6187, 0, 0, 0
135204, 6356, 0, 0, 0
135301, 6402, 0, 0, 0
135405, 6645, 0, 0, 0
135500, 5877, 0, 0, 0
135600, 5995, 0, 0, 0
135704, 6106, 0, 0, 0
135801, 5958, 0, 0, 0
135902, 6278, 0, 0, 0
136000, 6718, 0, 0, 0
136100, 6467, 0, 0, 0
136200, 6023, 0, 0, 0
136300, 5782, 0, 0, 0
136403, 6088, 0, 0, 0
136504, 6509, 0, 0, 0
136602, 6282, 0, 0, 0
136700, 6841, 0, 0, 0
136800, 6463, 0, 0, 0
136900, 5775, 0, 0, 0
137000, 6701, 0, 0, 0
137101, 6241, 0, 0, 0
137201, 6743, 0, 0, 0
137302, 6149, 0, 0, 0
137400, 7015, 0, 0, 0
137500, 6501, 0, 0, 0
137604, 7045, 0, 0, 0
137700, 6676, 0, 0, 0
137801, 6951, 0, 0, 0
137906, 6331, 0, 0, 0
138000, 6226, 0, 0, 0
138101, 5329, 0, 0, 0
138203, 5712, 0, 0, 0
138301, 6524, 0, 0, 0
138401, 6620, 0, 0, 0
138502, 6519, 0, 0, 0
138602, 6547, 0, 0, 0
138701, 5999, 0, 0, 0
138800, 6428, 0, 0, 0
138903, 5950, 0, 0, 0
139003, 6214, 0, 0, 0
139100, 6163, 0, 0, 0
139201, 5895, 0, 0, 0
139301, 5843, 0, 0, 0
139400, 6196, 0, 0, 0
139501, 6441, 0, 0, 0
139600, 6490, 0, 0, 0
139703, 6553, 0, 0, 0
139803, 6386, 0, 0, 0
139900, 6254, 0, 0, 0
140003, 6410, 0, 0, 0
140104, 6254, 0, 0, 0
140203, 6421, 0, 0, 0
140303, 6673, 0, 0, 0
140400, 6570, 0, 0, 0
140501, 6473, 0, 0, 0
140600, 5961, 0, 0, 0
140701, 6489, 0, 0, 0
140802, 6171, 0, 0, 0
140900, 5990, 0, 0, 0
141000, 5872, 0, 0, 0
141100, 6460, 0, 0, 0
141203, 6535, 0, 0, 0
141302, 6439, 0, 0, 0
141400, 6549, 0, 0, 0
141502, 6659, 0, 0, 0
141601, 6197, 0, 0, 0
141700, 5986, 0, 0, 0
141802, 6054, 0, 0, 0
141901, 6193, 0, 0, 0
142000, 6383, 0, 0, 0
142101, 6254, 0, 0, 0
142201, 6334, 0, 0, 0
142302, 6686, 0, 0, 0
142402, 6630, 0, 0, 0
142503, 7041, 0, 0, 0
142604, 6784, 0, 0, 0
142701, 6162, 0, 0, 0
142804, 5511, 0, 0, 0
142900, 6299, 0, 0, 0
143001, 6993, 0, 0, 0
143104, 6201, 0, 0, 0
143202, 6355, 0, 0, 0
143300, 6562, 0, 0, 0
143401, 6289, 0, 0, 0
143500, 6436, 0, 0, 0
143601, 6283, 0, 0, 0
143700, 6100, 0, 0, 0
143800, 5952, 0, 0, 0
143902, 5995, 0, 0, 0
144001, 6434, 0, 0, 0
144101, 6883, 0, 0, 0
144200, 6454, 0, 0, 0
144300, 6275, 0, 0, 0
144401, 6624, 0, 0, 0
144502, 5871, 0, 0, 0
144601, 6249, 0, 0, 0
144704, 6094, 0, 0, 0
144801, 6067, 0, 0, 0
144901, 6481, 0, 0, 0
145001, 6212, 0, 0, 0
145100, 6375, 0, 0, 0
145201, 6226, 0, 0, 0
145301, 6262, 0, 0, 0
145403, 6361, 0, 0, 0
145503, 6515, 0, 0, 0
145600, 6395, 0, 0, 0
145703, 6295, 0, 0, 0
145800, 6365, 0, 0, 0
145903, 6347, 0, 0, 0
146001, 6682, 0, 0, 0
146102, 6747, 0, 0, 0
146203, 6868, 0, 0, 0
146301, 7429, 0, 0, 0
146405, 6628, 0, 0, 0
146502, 6370, 0, 0, 0
146600, 6332, 0, 0, 0
146700, 5955, 0, 0, 0
146801, 6025, 0, 0, 0
146900, 6076, 0, 0, 0
147004, 5853, 0, 0, 0
147101, 6716, 0, 0, 0
147200, 6392, 0, 0, 0
147300, 6345, 0, 0, 0
147402, 6066, 0, 0, 0
147501, 6687, 0, 0, 0
147601, 6129, 0, 0, 0
147700, 6429, 0, 0, 0
147801, 6658, 0, 0, 0
147902, 6414, 0, 0, 0
148002, 6537, 0, 0, 0
148103, 6929, 0, 0, 0
148200, 6890, 0, 0, 0
148301, 6349, 0, 0, 0
148400, 6541, 0, 0, 0
148500, 6386, 0, 0, 0
148604, 6665, 0, 0, 0
148702, 6348, 0, 0, 0
148805, 5670, 0, 0, 0
148900, 5945, 0, 0, 0
149004, 6458, 0, 0, 0
149102, 6195, 0, 0, 0
149205, 6541, 0, 0, 0
149301, 6978, 0, 0, 0
149403, 6722, 0, 0, 0
149502, 6004, 0, 0, 0
149602, 6526, 0, 0, 0
149700, 5922, 0, 0, 0
149802, 6066, 0, 0, 0
149900, 6460, 0, 0, 0
150005, 6265, 0, 0, 0
150100, 5555, 0, 0, 0
150204, 6218, 0, 0, 0
150303, 7229, 0, 0, 0
150402, 6559, 0, 0, 0
150502, 6631, 0, 0, 0
150600, 6071, 0, 0, 0
150703, 5850, 0, 0, 0
150801, 6233, 0, 0, 0
150900, 5807, 0, 0, 0
151001, 5932, 0, 0, 0
151100, 6398, 0, 0, 0
151200, 6590, 0, 0, 0
151305, 6623, 0, 0, 0
151401, 6829, 0, 0, 0
151502, 6444, 0, 0, 0
151601, 6606, 0, 0, 0
151703, 6351, 0, 0, 0
151802, 6227, 0, 0, 0
151906, 6356, 0, 0, 0
152001, 6480, 0, 0, 0
152103, 6370, 0, 0, 0
152201, 6660, 0, 0, 0
152302, 5836, 0, 0, 0
152403, 5793, 0, 0, 0
152504, 5279, 0, 0, 0
152601, 5880, 0, 0, 0
152700, 6208, 0, 0, 0
152801, 6202, 0, 0, 0
152902, 6463, 0, 0, 0
153001, 6364, 0, 0, 0
153100, 6000, 0, 0, 0
153205, 6049, 0, 0, 0
153300, 6125, 0, 0, 0
153400, 6012, 0, 0, 0
153501, 6038, 0, 0, 0
153601, 5894, 0, 0, 0
153701, 5984, 0, 0, 0
153802, 6556, 0, 0, 0
153900, 6059, 0, 0, 0
154001, 6149, 0, 0, 0
154101, 6825, 0, 0, 0
154200, 6337, 0, 0, 0
154300, 6223, 0, 0, 0
154400, 6431, 0, 0, 0
154500, 5969, 0, 0, 0
154601, 6530, 0, 0, 0
154701, 6554, 0, 0, 0
154802, 5808, 0, 0, 0
154901, 5885, 0, 0, 0
155001, 6559, 0, 0, 0
155101, 6285, 0, 0, 0
155200, 6151, 0, 0, 0
155303, 6184, 0, 0, 0
155403, 6185, 0, 0, 0
155504, 6519, 0, 0, 0
155603, 6229, 0, 0, 0
155705, 6446, 0, 0, 0
155801, 6338, 0, 0, 0
155900, 7163, 0, 0, 0
156003, 6073, 0, 0, 0
156105, 6139, 0, 0, 0
156200, 6188, 0, 0, 0
156304, 6300, 0, 0, 0
156400, 5819, 0, 0, 0
156502, 6054, 0, 0, 0
156601, 6491, 0, 0, 0
156701, 6711, 0, 0, 0
156807, 6227, 0, 0, 0
156901, 6180, 0, 0, 0
157004, 6226, 0, 0, 0
157100, 5881, 0, 0, 0
157201, 6359, 0, 0, 0
157303, 6369, 0, 0, 0
157402, 5844, 0, 0, 0
157507, 5563, 0, 0, 0
157601, 5767, 0, 0, 0
157703, 5480, 0, 0, 0
157804, 5881, 0, 0, 0
157900, 6131, 0, 0, 0
158002, 6245, 0, 0, 0
158100, 6391, 0, 0, 0
158201, 5948, 0, 0, 0
158301, 6109, 0, 0, 0
158401, 6179, 0, 0, 0
158501, 6248, 0, 0, 0
158602, 6132, 0, 0, 0
158700, 6208, 0, 0, 0
158802, 6450, 0, 0, 0
158901, 6515, 0, 0, 0
159002, 6256, 0, 0, 0
159105, 6476, 0, 0, 0
159202, 5847, 0, 0, 0
159303, 6503, 0, 0, 0
159400, 6367, 0, 0, 0
159500, 6001, 0, 0, 0
159601, 6345, 0, 0, 0
159700, 6627, 0, 0, 0
159803, 6247, 0, 0, 0
159902, 6143, 0, 0, 0
160001, 6305, 0, 0, 0
160101, 6489, 0, 0, 0
160200, 5929, 0, 0, 0
160301, 6394, 0, 0, 0
160400, 6055, 0, 0, 0
160504, 6146, 0, 0, 0
160601, 6310, 0, 0, 0
160704, 7105, 0, 0, 0
160800, 6410, 0, 0, 0
160903, 6038, 0, 0, 0
161000, 6619, 0, 0, 0
161104, 6946, 0, 0, 0
161202, 6695, 0, 0, 0
161300, 6318, 0, 0, 0
161402, 6147, 0, 0, 0
161500, 5901, 0, 0, 0
161600, 6047, 0, 0, 0
161701, 5698, 0, 0, 0
161800, 5925, 0, 0, 0
161903, 6387, 0, 0, 0
162000, 6242, 0, 0, 0
162100, 5768, 0, 0, 0
162201, 5694, 0, 0, 0
162302, 6178, 0, 0, 0
162400, 6208, 0, 0, 0
162503, 6090, 0, 0, 0
162603, 6399, 0, 0, 0
162700, 6375, 0, 0, 0
162800, 6211, 0, 0, 0
162900, 6636, 0, 0, 0
163001, 6432, 0, 0, 0
163103, 7109, 0, 0, 0
163200, 5960, 0, 0, 0
163302, 5872, 0, 0, 0
163400, 5992, 0, 0, 0
163500, 6425, 0, 0, 0
163603, 6242, 0, 0, 0
163705, 6405, 0, 0, 0
163801, 6311, 0, 0, 0
163900, 6270, 0, 0, 0
164000, 5666, 0, 0, 0
164100, 6090, 0, 0, 0
164203, 6217, 0, 0, 0
164304, 6033, 0, 0, 0
164401, 5830, 0, 0, 0
164501, 6088, 0, 0, 0
164600, 6508, 0, 0, 0
164703, 6515, 0, 0, 0
164801, 6739, 0, 0, 0
164900, 6325, 0, 0, 0
165001, 6325, 0, 0, 0
165100, 6352, 0, 0, 0
165200, 5777, 0, 0, 0
165302, 6927, 0, 0, 0
165400, 5736, 0, 0, 0
165503, 6049, 0, 0, 0
165603, 5911, 0, 0, 0
165701, 6119, 0, 0, 0
165804, 5824, 0, 0, 0
165902, 6563, 0, 0, 0
166000, 6086, 0, 0, 0
166101, 6874, 0, 0, 0
166204, 6469, 0, 0, 0
166300, 5963, 0, 0, 0
166401, 6718, 0, 0, 0
166502, 6763, 0, 0, 0
166605, 6538, 0, 0, 0
166702, 6752, 0, 0, 0
166804, 7158, 0, 0, 0
166903, 6603, 0, 0, 0
167000, 6453, 0, 0, 0
167101, 6910, 0, 0, 0
167203, 7263, 0, 0, 0
167301, 6981, 0, 0, 0
167400, 6767, 0, 0, 0
167505, 6088, 0, 0, 0
167602, 5307, 0, 0, 0
167700, 6351, 0, 0, 0
167802, 6326, 0, 0, 0
167900, 6300, 0, 0, 0
168000, 6273, 0, 0, 0
168101, 6316, 0, 0, 0
168200, 6177, 0, 0, 0
168302, 6263, 0, 0, 0
168400, 5845, 0, 0, 0
168503, 6101, 0, 0, 0
168600, 6081, 0, 0, 0
168701, 5851, 0, 0, 0
168803, 6301, 0, 0, 0
168903, 6467, 0, 0, 0
169000, 6926, 0, 0, 0
169102, 6836, 0, 0, 0
169202, 6914, 0, 0, 0
169303, 6477, 0, 0, 0
169404, 6752, 0, 0, 0
169502, 6723, 0, 0, 0
169600, 7035, 0, 0, 0
169700, 6146, 0, 0, 0
169801, 6567, 0, 0, 0
169900, 6175, 0, 0, 0
170001, 6000, 0, 0, 0
170100, 6152, 0, 0, 0
170203, 6599, 0, 0, 0
170300, 6605, 0, 0, 0
170400, 6057, 0, 0, 0
170501, 5992, 0, 0, 0
170602, 5953, 0, 0, 0
170702, 6547, 0, 0, 0
170801, 6695, 0, 0, 0
170901, 6403, 0, 0, 0
171004, 6253, 0, 0, 0
171100, 6548, 0, 0, 0
171203, 6369, 0, 0, 0
171304, 6920, 0, 0, 0
171403, 7060, 0, 0, 0
171500, 6151, 0, 0, 0
171606, 6466, 0, 0, 0
171700, 6172, 0, 0, 0
171800, 6129, 0, 0, 0
171900, 6748, 0, 0, 0
172001, 6000, 0, 0, 0
172100, 6026, 0, 0, 0
172200, 6308, 0, 0, 0
172300, 6598, 0, 0, 0
172401, 6671, 0, 0, 0
172504, 6444, 0, 0, 0
172601, 5953, 0, 0, 0
172700, 6880, 0, 0, 0
172800, 6750, 0, 0, 0
172900, 6310, 0, 0, 0
173000, 6114, 0, 0, 0
173100, 6471, 0, 0, 0
173202, 7234, 0, 0, 0
173302, 6884, 0, 0, 0
173400, 6127, 0, 0, 0
173500, 6615, 0, 0, 0
173601, 6959, 0, 0, 0
173700, 6842, 0, 0, 0
173804, 6599, 0, 0, 0
173900, 6431, 0, 0, 0
174002, 6347, 0, 0, 0
174101, 6483, 0, 0, 0
174202, 6087, 0, 0, 0
174300, 7114, 0, 0, 0
174400, 6905, 0, 0, 0
174500, 6635, 0, 0, 0
174602, 6160, 0, 0, 0
174701, 6525, 0, 0, 0
174803, 6368, 0, 0, 0
174902, 6154, 0, 0, 0
175004, 6488, 0, 0, 0
175100, 6553, 0, 0, 0
175202, 6220, 0, 0, 0
175300, 6517, 0, 0, 0
175400, 6174, 0, 0, 0
175501, 6283, 0, 0, 0
175600, 6506, 0, 0, 0
175701, 6603, 0, 0, 0
175800, 6897, 0, 0, 0
175900, 6281, 0, 0, 0
176002, 6305, 0, 0, 0
176103, 6451, 0, 0, 0
176201, 6319, 0, 0, 0
176300, 6493, 0, 0, 0
176401, 6688, 0, 0, 0
176503, 6820, 0, 0, 0
176601, 6805, 0, 0, 0
176701, 6456, 0, 0, 0
176801, 6170, 0, 0, 0
176905, 6529, 0, 0, 0
177001, 6141, 0, 0, 0
177101, 6413, 0, 0, 0
177208, 6924, 0, 0, 0
177300, 6494, 0, 0, 0
177403, 7031, 0, 0, 0
177501, 7092, 0, 0, 0
177600, 6631, 0, 0, 0
177700, 6905, 0, 0, 0
177800, 6692, 0, 0, 0
177900, 6274, 0, 0, 0
178001, 6734, 0, 0, 0
178101, 7303, 0, 0, 0
178200, 6059, 0, 0, 0
178300, 5985, 0, 0, 0
178401, 6129, 0, 0, 0
178500, 5893, 0, 0, 0
178602, 5450, 0, 0, 0
178701, 6458, 0, 0, 0
178801, 6597, 0, 0, 0
178901, 6499, 0, 0, 0
179000, 6544, 0, 0, 0
179100, 6679, 0, 0, 0
179200, 6311, 0, 0, 0
179303, 6245, 0, 0, 0
179400, 6452, 0, 0, 0
179503, 6199, 0, 0, 0
179600, 6367, 0, 0, 0
179702, 6492, 0, 0, 0
179800, 6770, 0, 0, 0
179900, 5998, 0, 0, 0
180001, 6215, 0, 0, 0
