250, 372, 0, 0, 0
350, 360, 0, 0, 0
450, 350, 0, 0, 0
550, 350, 0, 0, 0
650, 350, 0, 0, 0
750, 353, 0, 0, 0
850, 340, 0, 0, 0
950, 350, 0, 0, 0
1050, 380, 0, 0, 0
1150, 380, 0, 0, 0
1250, 353, 0, 0, 0
1350, 350, 0, 0, 0
1450, 350, 0, 0, 0
1550, 350, 0, 0, 0
1651, 350, 0, 0, 0
1751, 340, 0, 0, 0
1851, 350, 0, 0, 0
1951, 340, 0, 0, 0
2051, 360, 0, 0, 0
2152, 350, 0, 0, 0
2252, 330, 0, 0, 0
2352, 360, 0, 0, 0
2452, 360, 0, 0, 0
2552, 350, 0, 0, 0
2653, 350, 0, 0, 0
2753, 360, 0, 0, 0
2853, 350, 0, 0, 0
2953, 350, 0, 0, 0
3053, 360, 0, 0, 0
3153, 360, 0, 0, 0
3254, 370, 0, 0, 0
3354, 350, 0, 0, 0
3454, 370, 0, 0, 0
3554, 360, 0, 0, 0
3654, 360, 0, 0, 0
3755, 360, 0, 0, 0
3855, 360, 0, 0, 0
3955, 350, 0, 0, 0
4055, 380, 0, 0, 0
4156, 360, 0, 0, 0
4256, 360, 0, 0, 0
4356, 380, 0, 0, 0
4456, 360, 0, 0, 0
4557, 380, 0, 0, 0
4657, 370, 0, 0, 0
4757, 370, 0, 0, 0
4858, 360, 0, 0, 0
4958, 360, 0, 0, 0
5058, 370, 0, 0, 0
5158, 360, 0, 0, 0
5259, 350, 0, 0, 0
5359, 350, 0, 0, 0
5459, 370, 0, 0, 0
5560, 370, 0, 0, 0
5660, 380, 0, 0, 0
5760, 370, 0, 0, 0
5860, 360, 0, 0, 0
5960, 360, 0, 0, 0
6061, 360, 0, 0, 0
6161, 390, 0, 0, 0
6261, 410, 0, 0, 0
6361, 380, 0, 0, 0
6462, 390, 0, 0, 0
6562, 370, 0, 0, 0
6662, 360, 0, 0, 0
6762, 360, 0, 0, 0
6863, 380, 0, 0, 0
6963, 360, 0, 0, 0
7063, 370, 0, 0, 0
7163, 360, 0, 0, 0
7264, 370, 0, 0, 0
7364, 370, 0, 0, 0
7464, 360, 0, 0, 0
7564, 380, 0, 0, 0
7664, 380, 0, 0, 0
7765, 380, 0, 0, 0
7865, 370, 0, 0, 0
7965, 350, 0, 0, 0
8065, 360, 0, 0, 0
8166, 350, 0, 0, 0
8266, 360, 0, 0, 0
8366, 340, 0, 0, 0
8466, 350, 0, 0, 0
8567, 360, 0, 0, 0
8667, 330, 0, 0, 0
8767, 350, 0, 0, 0
8867, 330, 0, 0, 0
8967, 350, 0, 0, 0
9068, 340, 0, 0, 0
9168, 350, 0, 0, 0
9268, 360, 0, 0, 0
9369, 340, 0, 0, 0
9469, 340, 0, 0, 0
9569, 340, 0, 0, 0
9669, 340, 0, 0, 0
9770, 350, 0, 0, 0
9870, 350, 0, 0, 0
9970, 350, 0, 0, 0
10070, 350, 0, 0, 0
10170, 360, 0, 0, 0
10271, 340, 0, 0, 0
10371, 340, 0, 0, 0
10471, 350, 0, 0, 0
10571, 340, 0, 0, 0
10672, 330, 0, 0, 0
10772, 340, 0, 0, 0
10872, 340, 0, 0, 0
10972, 340, 0, 0, 0
11073, 350, 0, 0, 0
11173, 330, 0, 0, 0
11273, 350, 0, 0, 0
11373, 370, 0, 0, 0
11474, 350, 0, 0, 0
11574, 350, 0, 0, 0
11674, 360, 0, 0, 0
11775, 340, 0, 0, 0
11875, 330, 0, 0, 0
11975, 360, 0, 0, 0
12075, 350, 0, 0, 0
12175, 360, 0, 0, 0
12276, 350, 0, 0, 0
12376, 360, 0, 0, 0
12476, 350, 0, 0, 0
12577, 350, 0, 0, 0
12677, 360, 0, 0, 0
12777, 360, 0, 0, 0
12878, 360, 0, 0, 0
12978, 350, 0, 0, 0
13078, 350, 0, 0, 0
13178, 360, 0, 0, 0
13279, 340, 0, 0, 0
13379, 360, 0, 0, 0
13479, 380, 0, 0, 0
13579, 380, 0, 0, 0
13680, 340, 0, 0, 0
13780, 360, 0, 0, 0
13880, 370, 0, 0, 0
13980, 350, 0, 0, 0
14081, 360, 0, 0, 0
14181, 380, 0, 0, 0
14281, 370, 0, 0, 0
14381, 370, 0, 0, 0
14482, 350, 0, 0, 0
14582, 360, 0, 0, 0
14682, 350, 0, 0, 0
14783, 350, 0, 0, 0
14883, 370, 0, 0, 0
14983, 360, 0, 0, 0
15083, 360, 0, 0, 0
15183, 370, 0, 0, 0
15284, 370, 0, 0, 0
15384, 370, 0, 0, 0
15484, 360, 0, 0, 0
15585, 360, 0, 0, 0
15685, 370, 0, 0, 0
15785, 370, 0, 0, 0
15885, 370, 0, 0, 0
15985, 350, 0, 0, 0
16086, 350, 0, 0, 0
16186, 350, 0, 0, 0
16286, 350, 0, 0, 0
16386, 360, 0, 0, 0
16486, 370, 0, 0, 0
16587, 370, 0, 0, 0
16687, 360, 0, 0, 0
16787, 360, 0, 0, 0
16887, 370, 0, 0, 0
16988, 360, 0, 0, 0
17088, 350, 0, 0, 0
17188, 370, 0, 0, 0
17288, 350, 0, 0, 0
17389, 380, 0, 0, 0
17489, 360, 0, 0, 0
17589, 350, 0, 0, 0
17689, 380, 0, 0, 0
17790, 340, 0, 0, 0
17890, 350, 0, 0, 0
17990, 330, 0, 0, 0
18090, 350, 0, 0, 0
18190, 350, 0, 0, 0
18291, 350, 0, 0, 0
18391, 350, 0, 0, 0
18491, 350, 0, 0, 0
18591, 350, 0, 0, 0
18691, 350, 0, 0, 0
18792, 350, 0, 0, 0
18892, 350, 0, 0, 0
18992, 360, 0, 0, 0
19092, 360, 0, 0, 0
19193, 370, 0, 0, 0
19293, 360, 0, 0, 0
19393, 360, 0, 0, 0
19493, 370, 0, 0, 0
19594, 350, 0, 0, 0
19694, 380, 0, 0, 0
19794, 350, 0, 0, 0
19894, 350, 0, 0, 0
19994, 340, 0, 0, 0
20095, 350, 0, 0, 0
20195, 350, 0, 0, 0
20295, 340, 0, 0, 0
20395, 360, 0, 0, 0
20495, 360, 0, 0, 0
20596, 350, 0, 0, 0
20696, 350, 0, 0, 0
20796, 370, 0, 0, 0
20896, 350, 0, 0, 0
20997, 380, 0, 0, 0
21097, 370, 0, 0, 0
21197, 360, 0, 0, 0
21297, 340, 0, 0, 0
21398, 350, 0, 0, 0
21498, 350, 0, 0, 0
21598, 360, 0, 0, 0
21698, 350, 0, 0, 0
21798, 360, 0, 0, 0
21898, 340, 0, 0, 0
21999, 350, 0, 0, 0
22099, 340, 0, 0, 0
22199, 340, 0, 0, 0
22299, 370, 0, 0, 0
22399, 360, 0, 0, 0
22499, 340, 0, 0, 0
22599, 360, 0, 0, 0
22700, 330, 0, 0, 0
22800, 340, 0, 0, 0
22900, 330, 0, 0, 0
22999, 363, 0, 0, 0
23099, 360, 0, 0, 0
23199, 350, 0, 0, 0
23299, 360, 0, 0, 0
23399, 360, 0, 0, 0
23500, 360, 0, 0, 0
23600, 350, 0, 0, 0
23700, 350, 0, 0, 0
23800, 350, 0, 0, 0
23900, 360, 0, 0, 0
24000, 353, 0, 0, 0
24100, 350, 0, 0, 0
24200, 370, 0, 0, 0
24300, 350, 0, 0, 0
24400, 350, 0, 0, 0
24499, 353, 0, 0, 0
24599, 360, 0, 0, 0
24699, 340, 0, 0, 0
24800, 350, 0, 0, 0
24900, 360, 0, 0, 0
24999, 353, 0, 0, 0
25099, 340, 0, 0, 0
25199, 360, 0, 0, 0
25299, 340, 0, 0, 0
25399, 350, 0, 0, 0
25500, 340, 0, 0, 0
25600, 380, 0, 0, 0
25700, 360, 0, 0, 0
25800, 340, 0, 0, 0
25900, 330, 0, 0, 0
25999, 353, 0, 0, 0
26100, 360, 0, 0, 0
26200, 350, 0, 0, 0
26300, 350, 0, 0, 0
26400, 350, 0, 0, 0
26499, 353, 0, 0, 0
26599, 350, 0, 0, 0
26699, 350, 0, 0, 0
26800, 330, 0, 0, 0
26900, 350, 0, 0, 0
26999, 353, 0, 0, 0
27099, 350, 0, 0, 0
27199, 350, 0, 0, 0
27300, 350, 0, 0, 0
27400, 360, 0, 0, 0
27499, 333, 0, 0, 0
27599, 370, 0, 0, 0
27699, 360, 0, 0, 0
27799, 350, 0, 0, 0
27899, 350, 0, 0, 0
28000, 360, 0, 0, 0
28100, 360, 0, 0, 0
28200, 400, 0, 0, 0
28300, 380, 0, 0, 0
28400, 380, 0, 0, 0
28499, 393, 0, 0, 0
28599, 380, 0, 0, 0
28700, 380, 0, 0, 0
28800, 360, 0, 0, 0
28900, 390, 0, 0, 0
28999, 373, 0, 0, 0
29099, 360, 0, 0, 0
29199, 360, 0, 0, 0
29300, 370, 0, 0, 0
29400, 350, 0, 0, 0
29499, 373, 0, 0, 0
29599, 350, 0, 0, 0
29699, 360, 0, 0, 0
29800, 350, 0, 0, 0
29900, 360, 0, 0, 0
29999, 363, 0, 0, 0
30099, 360, 0, 0, 0
30199, 370, 0, 0, 0
30299, 370, 0, 0, 0
30399, 360, 0, 0, 0
30500, 360, 0, 0, 0
30600, 340, 0, 0, 0
30700, 350, 0, 0, 0
30800, 350, 0, 0, 0
30900, 330, 0, 0, 0
31000, 363, 0, 0, 0
31100, 360, 0, 0, 0
31200, 350, 0, 0, 0
31300, 350, 0, 0, 0
31400, 350, 0, 0, 0
31499, 353, 0, 0, 0
31599, 360, 0, 0, 0
31699, 340, 0, 0, 0
31799, 370, 0, 0, 0
31900, 360, 0, 0, 0
32000, 350, 0, 0, 0
32100, 350, 0, 0, 0
32200, 360, 0, 0, 0
32300, 370, 0, 0, 0
32400, 350, 0, 0, 0
32500, 353, 0, 0, 0
32600, 360, 0, 0, 0
32700, 340, 0, 0, 0
32800, 340, 0, 0, 0
32900, 360, 0, 0, 0
32999, 363, 0, 0, 0
33099, 370, 0, 0, 0
33200, 360, 0, 0, 0
33300, 350, 0, 0, 0
33400, 350, 0, 0, 0
33499, 373, 0, 0, 0
33599, 350, 0, 0, 0
33699, 360, 0, 0, 0
33800, 360, 0, 0, 0
33900, 350, 0, 0, 0
33999, 363, 0, 0, 0
34099, 360, 0, 0, 0
34199, 340, 0, 0, 0
34300, 370, 0, 0, 0
34400, 350, 0, 0, 0
34499, 353, 0, 0, 0
34599, 360, 0, 0, 0
34699, 360, 0, 0, 0
34799, 370, 0, 0, 0
34900, 350, 0, 0, 0
34999, 353, 0, 0, 0
35099, 360, 0, 0, 0
35199, 360, 0, 0, 0
35299, 350, 0, 0, 0
35400, 360, 0, 0, 0
35499, 343, 0, 0, 0
35599, 370, 0, 0, 0
35699, 360, 0, 0, 0
35799, 360, 0, 0, 0
35899, 360, 0, 0, 0
36000, 350, 0, 0, 0
36100, 350, 0, 0, 0
36200, 340, 0, 0, 0
36300, 360, 0, 0, 0
36400, 350, 0, 0, 0
36500, 373, 0, 0, 0
36600, 350, 0, 0, 0
36700, 360, 0, 0, 0
36800, 380, 0, 0, 0
36900, 370, 0, 0, 0
36999, 353, 0, 0, 0
37100, 360, 0, 0, 0
37200, 350, 0, 0, 0
37300, 340, 0, 0, 0
37400, 370, 0, 0, 0
37499, 363, 0, 0, 0
37599, 370, 0, 0, 0
37699, 360, 0, 0, 0
37800, 350, 0, 0, 0
37900, 350, 0, 0, 0
37999, 363, 0, 0, 0
38099, 350, 0, 0, 0
38199, 370, 0, 0, 0
38300, 370, 0, 0, 0
38400, 390, 0, 0, 0
38499, 363, 0, 0, 0
38599, 360, 0, 0, 0
38699, 360, 0, 0, 0
38799, 360, 0, 0, 0
38899, 350, 0, 0, 0
39000, 370, 0, 0, 0
39100, 370, 0, 0, 0
39200, 370, 0, 0, 0
39300, 370, 0, 0, 0
39400, 360, 0, 0, 0
39499, 363, 0, 0, 0
39599, 360, 0, 0, 0
39699, 370, 0, 0, 0
39800, 370, 0, 0, 0
39900, 380, 0, 0, 0
39999, 373, 0, 0, 0
40099, 360, 0, 0, 0
40199, 360, 0, 0, 0
40300, 370, 0, 0, 0
40400, 370, 0, 0, 0
40499, 373, 0, 0, 0
40599, 370, 0, 0, 0
40699, 370, 0, 0, 0
40799, 390, 0, 0, 0
40899, 360, 0, 0, 0
41000, 370, 0, 0, 0
41100, 360, 0, 0, 0
41200, 360, 0, 0, 0
41300, 360, 0, 0, 0
41400, 370, 0, 0, 0
41499, 353, 0, 0, 0
41599, 360, 0, 0, 0
41700, 370, 0, 0, 0
41800, 360, 0, 0, 0
41900, 350, 0, 0, 0
41999, 404, 0, 0, 0
42099, 350, 0, 0, 0
42199, 360, 0, 0, 0
42300, 370, 0, 0, 0
42400, 370, 0, 0, 0
42499, 383, 0, 0, 0
42599, 360, 0, 0, 0
42699, 340, 0, 0, 0
42799, 350, 0, 0, 0
42900, 360, 0, 0, 0
42999, 353, 0, 0, 0
43099, 350, 0, 0, 0
43199, 350, 0, 0, 0
43299, 370, 0, 0, 0
43399, 360, 0, 0, 0
43500, 360, 0, 0, 0
43600, 350, 0, 0, 0
43700, 380, 0, 0, 0
43800, 360, 0, 0, 0
43900, 370, 0, 0, 0
43999, 383, 0, 0, 0
44100, 390, 0, 0, 0
44200, 360, 0, 0, 0
44300, 360, 0, 0, 0
44400, 370, 0, 0, 0
44499, 363, 0, 0, 0
44599, 370, 0, 0, 0
44700, 380, 0, 0, 0
44800, 380, 0, 0, 0
44900, 350, 0, 0, 0
44999, 353, 0, 0, 0
45099, 360, 0, 0, 0
45200, 350, 0, 0, 0
45300, 360, 0, 0, 0
45400, 340, 0, 0, 0
45499, 353, 0, 0, 0
45599, 350, 0, 0, 0
45699, 350, 0, 0, 0
45800, 360, 0, 0, 0
45900, 360, 0, 0, 0
45999, 353, 0, 0, 0
46099, 360, 0, 0, 0
46199, 360, 0, 0, 0
46300, 360, 0, 0, 0
46400, 360, 0, 0, 0
46499, 363, 0, 0, 0
46599, 370, 0, 0, 0
46699, 360, 0, 0, 0
46799, 360, 0, 0, 0
46900, 350, 0, 0, 0
46999, 373, 0, 0, 0
47099, 360, 0, 0, 0
47199, 350, 0, 0, 0
47299, 350, 0, 0, 0
47399, 350, 0, 0, 0
47499, 370, 0, 0, 0
47600, 370, 0, 0, 0
47700, 360, 0, 0, 0
47800, 350, 0, 0, 0
47900, 340, 0, 0, 0
47999, 363, 0, 0, 0
48099, 360, 0, 0, 0
48199, 360, 0, 0, 0
48300, 340, 0, 0, 0
48400, 350, 0, 0, 0
48499, 353, 0, 0, 0
48599, 360, 0, 0, 0
48699, 350, 0, 0, 0
48800, 350, 0, 0, 0
48900, 360, 0, 0, 0
48999, 363, 0, 0, 0
49099, 350, 0, 0, 0
49199, 350, 0, 0, 0
49299, 360, 0, 0, 0
49400, 360, 0, 0, 0
49500, 370, 0, 0, 0
49600, 360, 0, 0, 0
49700, 360, 0, 0, 0
49800, 360, 0, 0, 0
49900, 340, 0, 0, 0
50000, 343, 0, 0, 0
50100, 360, 0, 0, 0
50200, 370, 0, 0, 0
50300, 340, 0, 0, 0
50400, 360, 0, 0, 0
50499, 343, 0, 0, 0
50600, 350, 0, 0, 0
50700, 360, 0, 0, 0
50800, 360, 0, 0, 0
50900, 350, 0, 0, 0
50999, 373, 0, 0, 0
51099, 360, 0, 0, 0
51200, 340, 0, 0, 0
51300, 370, 0, 0, 0
51400, 360, 0, 0, 0
51499, 353, 0, 0, 0
51599, 350, 0, 0, 0
51699, 360, 0, 0, 0
51800, 360, 0, 0, 0
51900, 350, 0, 0, 0
51999, 353, 0, 0, 0
52099, 350, 0, 0, 0
52199, 370, 0, 0, 0
52299, 350, 0, 0, 0
52399, 370, 0, 0, 0
52499, 350, 0, 0, 0
52600, 370, 0, 0, 0
52700, 360, 0, 0, 0
52800, 350, 0, 0, 0
52900, 350, 0, 0, 0
52999, 353, 0, 0, 0
53099, 360, 0, 0, 0
53199, 360, 0, 0, 0
53300, 380, 0, 0, 0
53400, 360, 0, 0, 0
53499, 353, 0, 0, 0
53599, 350, 0, 0, 0
53699, 360, 0, 0, 0
53799, 370, 0, 0, 0
53899, 360, 0, 0, 0
54000, 340, 0, 0, 0
54100, 380, 0, 0, 0
54200, 360, 0, 0, 0
54300, 380, 0, 0, 0
54400, 370, 0, 0, 0
54499, 363, 0, 0, 0
54599, 370, 0, 0, 0
54699, 350, 0, 0, 0
54799, 370, 0, 0, 0
54899, 350, 0, 0, 0
55000, 370, 0, 0, 0
55100, 370, 0, 0, 0
55200, 370, 0, 0, 0
55300, 340, 0, 0, 0
55400, 360, 0, 0, 0
55499, 373, 0, 0, 0
55599, 360, 0, 0, 0
55699, 360, 0, 0, 0
55800, 340, 0, 0, 0
55900, 360, 0, 0, 0
56000, 360, 0, 0, 0
56100, 350, 0, 0, 0
56200, 360, 0, 0, 0
56300, 370, 0, 0, 0
56400, 360, 0, 0, 0
56499, 373, 0, 0, 0
56599, 360, 0, 0, 0
56699, 390, 0, 0, 0
56800, 370, 0, 0, 0
56900, 360, 0, 0, 0
56999, 363, 0, 0, 0
57099, 390, 0, 0, 0
57199, 360, 0, 0, 0
57299, 400, 0, 0, 0
57399, 380, 0, 0, 0
57499, 370, 0, 0, 0
57599, 390, 0, 0, 0
57699, 390, 0, 0, 0
57800, 360, 0, 0, 0
57900, 370, 0, 0, 0
57999, 363, 0, 0, 0
58099, 360, 0, 0, 0
58199, 360, 0, 0, 0
58300, 360, 0, 0, 0
58400, 370, 0, 0, 0
58499, 353, 0, 0, 0
58599, 380, 0, 0, 0
58699, 360, 0, 0, 0
58799, 370, 0, 0, 0
58900, 350, 0, 0, 0
58999, 363, 0, 0, 0
59099, 360, 0, 0, 0
59199, 380, 0, 0, 0
59299, 370, 0, 0, 0
59399, 340, 0, 0, 0
59499, 360, 0, 0, 0
59599, 360, 0, 0, 0
59700, 340, 0, 0, 0
59800, 360, 0, 0, 0
59900, 360, 0, 0, 0
59999, 353, 0, 0, 0
60099, 360, 0, 0, 0
60199, 360, 0, 0, 0
60300, 350, 0, 0, 0
60400, 360, 0, 0, 0
60499, 353, 0, 0, 0
60599, 370, 0, 0, 0
60699, 350, 0, 0, 0
60800, 360, 0, 0, 0
60900, 360, 0, 0, 0
60999, 363, 0, 0, 0
61099, 360, 0, 0, 0
61199, 350, 0, 0, 0
61299, 350, 0, 0, 0
61399, 360, 0, 0, 0
61500, 350, 0, 0, 0
61600, 370, 0, 0, 0
61700, 350, 0, 0, 0
61800, 360, 0, 0, 0
61900, 350, 0, 0, 0
62000, 363, 0, 0, 0
62100, 370, 0, 0, 0
62200, 370, 0, 0, 0
62300, 370, 0, 0, 0
62400, 410, 0, 0, 0
62499, 373, 0, 0, 0
62599, 360, 0, 0, 0
62700, 370, 0, 0, 0
62800, 380, 0, 0, 0
62900, 360, 0, 0, 0
62999, 373, 0, 0, 0
63099, 380, 0, 0, 0
63199, 360, 0, 0, 0
63300, 360, 0, 0, 0
63400, 370, 0, 0, 0
63499, 373, 0, 0, 0
63599, 360, 0, 0, 0
63699, 380, 0, 0, 0
63799, 350, 0, 0, 0
63899, 370, 0, 0, 0
64000, 370, 0, 0, 0
64100, 380, 0, 0, 0
64200, 370, 0, 0, 0
64300, 350, 0, 0, 0
64400, 370, 0, 0, 0
64499, 383, 0, 0, 0
64599, 360, 0, 0, 0
64700, 390, 0, 0, 0
64800, 360, 0, 0, 0
64900, 370, 0, 0, 0
64999, 373, 0, 0, 0
65099, 350, 0, 0, 0
65199, 380, 0, 0, 0
65300, 370, 0, 0, 0
65400, 360, 0, 0, 0
65499, 373, 0, 0, 0
65599, 370, 0, 0, 0
65699, 370, 0, 0, 0
65799, 380, 0, 0, 0
65900, 350, 0, 0, 0
66000, 370, 0, 0, 0
66100, 360, 0, 0, 0
66200, 370, 0, 0, 0
66300, 380, 0, 0, 0
66400, 370, 0, 0, 0
66500, 383, 0, 0, 0
66600, 370, 0, 0, 0
66700, 370, 0, 0, 0
66800, 370, 0, 0, 0
66900, 370, 0, 0, 0
66999, 353, 0, 0, 0
67099, 370, 0, 0, 0
67199, 380, 0, 0, 0
67300, 370, 0, 0, 0
67400, 360, 0, 0, 0
67499, 373, 0, 0, 0
67599, 400, 0, 0, 0
67699, 380, 0, 0, 0
67799, 360, 0, 0, 0
67900, 350, 0, 0, 0
68000, 350, 0, 0, 0
68100, 340, 0, 0, 0
68200, 370, 0, 0, 0
68300, 360, 0, 0, 0
68400, 330, 0, 0, 0
68500, 353, 0, 0, 0
68600, 360, 0, 0, 0
68700, 350, 0, 0, 0
68800, 360, 0, 0, 0
68900, 350, 0, 0, 0
68999, 353, 0, 0, 0
69099, 350, 0, 0, 0
69199, 350, 0, 0, 0
69300, 370, 0, 0, 0
69400, 360, 0, 0, 0
69499, 363, 0, 0, 0
69599, 380, 0, 0, 0
69699, 370, 0, 0, 0
69800, 360, 0, 0, 0
69900, 370, 0, 0, 0
69999, 363, 0, 0, 0
70099, 380, 0, 0, 0
70199, 350, 0, 0, 0
70299, 380, 0, 0, 0
70399, 370, 0, 0, 0
70499, 360, 0, 0, 0
70599, 340, 0, 0, 0
70699, 370, 0, 0, 0
70800, 360, 0, 0, 0
70900, 350, 0, 0, 0
70999, 363, 0, 0, 0
71099, 360, 0, 0, 0
71199, 360, 0, 0, 0
71299, 360, 0, 0, 0
71399, 350, 0, 0, 0
71500, 360, 0, 0, 0
71600, 360, 0, 0, 0
71700, 370, 0, 0, 0
71800, 340, 0, 0, 0
71900, 360, 0, 0, 0
71999, 363, 0, 0, 0
72100, 360, 0, 0, 0
72200, 350, 0, 0, 0
72300, 380, 0, 0, 0
72400, 370, 0, 0, 0
72499, 363, 0, 0, 0
72599, 380, 0, 0, 0
72699, 370, 0, 0, 0
72800, 360, 0, 0, 0
72900, 370, 0, 0, 0
72999, 363, 0, 0, 0
73099, 370, 0, 0, 0
73199, 350, 0, 0, 0
73300, 340, 0, 0, 0
73400, 370, 0, 0, 0
73499, 343, 0, 0, 0
73599, 350, 0, 0, 0
73699, 360, 0, 0, 0
73799, 360, 0, 0, 0
73900, 360, 0, 0, 0
73999, 363, 0, 0, 0
74099, 350, 0, 0, 0
74199, 380, 0, 0, 0
74299, 360, 0, 0, 0
74399, 360, 0, 0, 0
74500, 380, 0, 0, 0
74600, 360, 0, 0, 0
74700, 360, 0, 0, 0
74800, 370, 0, 0, 0
74900, 360, 0, 0, 0
74999, 363, 0, 0, 0
75099, 360, 0, 0, 0
75200, 360, 0, 0, 0
75300, 370, 0, 0, 0
75400, 350, 0, 0, 0
75499, 373, 0, 0, 0
75599, 370, 0, 0, 0
75699, 350, 0, 0, 0
75800, 360, 0, 0, 0
75900, 360, 0, 0, 0
75999, 353, 0, 0, 0
76099, 360, 0, 0, 0
76199, 360, 0, 0, 0
76300, 370, 0, 0, 0
76400, 360, 0, 0, 0
76499, 363, 0, 0, 0
76599, 370, 0, 0, 0
76699, 360, 0, 0, 0
76799, 370, 0, 0, 0
76899, 360, 0, 0, 0
77000, 350, 0, 0, 0
77100, 350, 0, 0, 0
77200, 350, 0, 0, 0
77300, 360, 0, 0, 0
77400, 350, 0, 0, 0
77499, 363, 0, 0, 0
77599, 350, 0, 0, 0
77700, 390, 0, 0, 0
77800, 370, 0, 0, 0
77900, 350, 0, 0, 0
77999, 343, 0, 0, 0
78099, 350, 0, 0, 0
78199, 360, 0, 0, 0
78300, 360, 0, 0, 0
78400, 360, 0, 0, 0
78499, 363, 0, 0, 0
78599, 340, 0, 0, 0
78699, 360, 0, 0, 0
78800, 360, 0, 0, 0
78900, 360, 0, 0, 0
78999, 363, 0, 0, 0
79099, 350, 0, 0, 0
79199, 350, 0, 0, 0
79299, 360, 0, 0, 0
79400, 350, 0, 0, 0
79499, 343, 0, 0, 0
79599, 320, 0, 0, 0
79699, 320, 0, 0, 0
79799, 340, 0, 0, 0
79899, 320, 0, 0, 0
80000, 340, 0, 0, 0
80100, 360, 0, 0, 0
80200, 340, 0, 0, 0
80300, 330, 0, 0, 0
80400, 350, 0, 0, 0
80499, 333, 0, 0, 0
80599, 330, 0, 0, 0
80699, 340, 0, 0, 0
80800, 330, 0, 0, 0
80900, 350, 0, 0, 0
80999, 323, 0, 0, 0
81099, 340, 0, 0, 0
81199, 320, 0, 0, 0
81300, 340, 0, 0, 0
81400, 340, 0, 0, 0
81499, 343, 0, 0, 0
81599, 330, 0, 0, 0
81699, 330, 0, 0, 0
81799, 350, 0, 0, 0
81900, 330, 0, 0, 0
81999, 353, 0, 0, 0
82099, 330, 0, 0, 0
82199, 330, 0, 0, 0
82299, 340, 0, 0, 0
82399, 330, 0, 0, 0
82499, 340, 0, 0, 0
82600, 340, 0, 0, 0
82700, 320, 0, 0, 0
82800, 340, 0, 0, 0
82900, 360, 0, 0, 0
82999, 333, 0, 0, 0
83099, 320, 0, 0, 0
83199, 340, 0, 0, 0
83300, 310, 0, 0, 0
83400, 350, 0, 0, 0
83499, 343, 0, 0, 0
83599, 350, 0, 0, 0
83699, 330, 0, 0, 0
83799, 330, 0, 0, 0
83900, 320, 0, 0, 0
84000, 310, 0, 0, 0
84100, 340, 0, 0, 0
84200, 320, 0, 0, 0
84300, 330, 0, 0, 0
84400, 340, 0, 0, 0
84499, 323, 0, 0, 0
84600, 340, 0, 0, 0
84700, 330, 0, 0, 0
84800, 330, 0, 0, 0
84900, 330, 0, 0, 0
84999, 333, 0, 0, 0
85099, 330, 0, 0, 0
85199, 330, 0, 0, 0
85300, 330, 0, 0, 0
85400, 330, 0, 0, 0
85499, 363, 0, 0, 0
85599, 360, 0, 0, 0
85699, 340, 0, 0, 0
85799, 340, 0, 0, 0
85899, 340, 0, 0, 0
86000, 340, 0, 0, 0
86100, 370, 0, 0, 0
86200, 350, 0, 0, 0
86300, 350, 0, 0, 0
86400, 340, 0, 0, 0
86499, 353, 0, 0, 0
86599, 340, 0, 0, 0
86700, 350, 0, 0, 0
86800, 340, 0, 0, 0
86900, 330, 0, 0, 0
86999, 343, 0, 0, 0
87099, 350, 0, 0, 0
87199, 340, 0, 0, 0
87300, 350, 0, 0, 0
87400, 330, 0, 0, 0
87499, 343, 0, 0, 0
87599, 380, 0, 0, 0
87699, 350, 0, 0, 0
87800, 330, 0, 0, 0
87900, 340, 0, 0, 0
87999, 343, 0, 0, 0
88099, 310, 0, 0, 0
88199, 330, 0, 0, 0
88299, 330, 0, 0, 0
88399, 330, 0, 0, 0
88500, 340, 0, 0, 0
88600, 350, 0, 0, 0
88700, 330, 0, 0, 0
88800, 330, 0, 0, 0
88900, 340, 0, 0, 0
88999, 333, 0, 0, 0
89099, 370, 0, 0, 0
89199, 380, 0, 0, 0
89300, 360, 0, 0, 0
89400, 350, 0, 0, 0
89499, 373, 0, 0, 0
89599, 360, 0, 0, 0
89699, 350, 0, 0, 0
89799, 370, 0, 0, 0
89899, 380, 0, 0, 0
90000, 360, 0, 0, 0
