250, 168448, 0, 0, 0
350, 168960, 0, 0, 0
450, 175360, 0, 0, 0
550, 171520, 0, 0, 0
650, 175360, 0, 0, 0
749, 171959, 0, 0, 0
849, 165120, 0, 0, 0
949, 171520, 0, 0, 0
1049, 172800, 0, 0, 0
1149, 174080, 0, 0, 0
1249, 172800, 0, 0, 0
1349, 170240, 0, 0, 0
1449, 165120, 0, 0, 0
1549, 166400, 0, 0, 0
1649, 166400, 0, 0, 0
1750, 165120, 0, 0, 0
1850, 168960, 0, 0, 0
1950, 168960, 0, 0, 0
2050, 166400, 0, 0, 0
2150, 166400, 0, 0, 0
2249, 164202, 0, 0, 0
2349, 167680, 0, 0, 0
2449, 168960, 0, 0, 0
2549, 162560, 0, 0, 0
2649, 166400, 0, 0, 0
2749, 165120, 0, 0, 0
2849, 167680, 0, 0, 0
2949, 167680, 0, 0, 0
3049, 163840, 0, 0, 0
3149, 170240, 0, 0, 0
3249, 165120, 0, 0, 0
3349, 168960, 0, 0, 0
3450, 166400, 0, 0, 0
3550, 170240, 0, 0, 0
3650, 177920, 0, 0, 0
3749, 170666, 0, 0, 0
3849, 163840, 0, 0, 0
3949, 168960, 0, 0, 0
4049, 168960, 0, 0, 0
4149, 171520, 0, 0, 0
4249, 168960, 0, 0, 0
4349, 168960, 0, 0, 0
4449, 171520, 0, 0, 0
4549, 167680, 0, 0, 0
4649, 172800, 0, 0, 0
4749, 167680, 0, 0, 0
4849, 171520, 0, 0, 0
4949, 166400, 0, 0, 0
5050, 168960, 0, 0, 0
5150, 165120, 0, 0, 0
5249, 164202, 0, 0, 0
5349, 170240, 0, 0, 0
5449, 170240, 0, 0, 0
5549, 167680, 0, 0, 0
5649, 170240, 0, 0, 0
5749, 171520, 0, 0, 0
5849, 175360, 0, 0, 0
5949, 167680, 0, 0, 0
6049, 172800, 0, 0, 0
6149, 171520, 0, 0, 0
6249, 168960, 0, 0, 0
6349, 168960, 0, 0, 0
6449, 168960, 0, 0, 0
6549, 166400, 0, 0, 0
6650, 171520, 0, 0, 0
6749, 173252, 0, 0, 0
6849, 166400, 0, 0, 0
6949, 175360, 0, 0, 0
7049, 166400, 0, 0, 0
7149, 168960, 0, 0, 0
7249, 172800, 0, 0, 0
7349, 168960, 0, 0, 0
7449, 170240, 0, 0, 0
7549, 171520, 0, 0, 0
7649, 167680, 0, 0, 0
7749, 166400, 0, 0, 0
7849, 168960, 0, 0, 0
7949, 174080, 0, 0, 0
8049, 171520, 0, 0, 0
8150, 171520, 0, 0, 0
8250, 172800, 0, 0, 0
8350, 162560, 0, 0, 0
8450, 166400, 0, 0, 0
8550, 175360, 0, 0, 0
8650, 175360, 0, 0, 0
8749, 169373, 0, 0, 0
8849, 174080, 0, 0, 0
8949, 165120, 0, 0, 0
9049, 170240, 0, 0, 0
9149, 172800, 0, 0, 0
9249, 168960, 0, 0, 0
9349, 176640, 0, 0, 0
9449, 170240, 0, 0, 0
9549, 170240, 0, 0, 0
9649, 170240, 0, 0, 0
9750, 160000, 0, 0, 0
9850, 161280, 0, 0, 0
9950, 172800, 0, 0, 0
10050, 170240, 0, 0, 0
10150, 166400, 0, 0, 0
10249, 162909, 0, 0, 0
10349, 168960, 0, 0, 0
10449, 161280, 0, 0, 0
10549, 166400, 0, 0, 0
10649, 166400, 0, 0, 0
10749, 163840, 0, 0, 0
10849, 168960, 0, 0, 0
10949, 171520, 0, 0, 0
11049, 172800, 0, 0, 0
11149, 167680, 0, 0, 0
11250, 170240, 0, 0, 0
11350, 162560, 0, 0, 0
11450, 168960, 0, 0, 0
11550, 163840, 0, 0, 0
11650, 170240, 0, 0, 0
11749, 169373, 0, 0, 0
11849, 168960, 0, 0, 0
11949, 158720, 0, 0, 0
12049, 166400, 0, 0, 0
12149, 168960, 0, 0, 0
12249, 160000, 0, 0, 0
12349, 167680, 0, 0, 0
12449, 172800, 0, 0, 0
12549, 170240, 0, 0, 0
12649, 170240, 0, 0, 0
12750, 168960, 0, 0, 0
12850, 162560, 0, 0, 0
12950, 161280, 0, 0, 0
13050, 167680, 0, 0, 0
13150, 161280, 0, 0, 0
13249, 165494, 0, 0, 0
13349, 168960, 0, 0, 0
13449, 165120, 0, 0, 0
13549, 171520, 0, 0, 0
13649, 172800, 0, 0, 0
13749, 175360, 0, 0, 0
13849, 168960, 0, 0, 0
13949, 171520, 0, 0, 0
14049, 170240, 0, 0, 0
14149, 172800, 0, 0, 0
14250, 174080, 0, 0, 0
14350, 166400, 0, 0, 0
14450, 172800, 0, 0, 0
14550, 165120, 0, 0, 0
14650, 167680, 0, 0, 0
14749, 173252, 0, 0, 0
14849, 170240, 0, 0, 0
14949, 170240, 0, 0, 0
15049, 172800, 0, 0, 0
15149, 175360, 0, 0, 0
15249, 168960, 0, 0, 0
15349, 168960, 0, 0, 0
15449, 170240, 0, 0, 0
15549, 172800, 0, 0, 0
15649, 168960, 0, 0, 0
15750, 170240, 0, 0, 0
15850, 167680, 0, 0, 0
15950, 171520, 0, 0, 0
16050, 174080, 0, 0, 0
16150, 166400, 0, 0, 0
16249, 168080, 0, 0, 0
16349, 168960, 0, 0, 0
16449, 172800, 0, 0, 0
16549, 174080, 0, 0, 0
16649, 170240, 0, 0, 0
16749, 166400, 0, 0, 0
16849, 168960, 0, 0, 0
16949, 170240, 0, 0, 0
17049, 175360, 0, 0, 0
17149, 170240, 0, 0, 0
17249, 170240, 0, 0, 0
17350, 174080, 0, 0, 0
17450, 174080, 0, 0, 0
17550, 168960, 0, 0, 0
17650, 170240, 0, 0, 0
17749, 171959, 0, 0, 0
17849, 168960, 0, 0, 0
17949, 172800, 0, 0, 0
18049, 172800, 0, 0, 0
18149, 170240, 0, 0, 0
18249, 183040, 0, 0, 0
18349, 176640, 0, 0, 0
18449, 172800, 0, 0, 0
18549, 170240, 0, 0, 0
18649, 177920, 0, 0, 0
18749, 170240, 0, 0, 0
18849, 167680, 0, 0, 0
18949, 171520, 0, 0, 0
19050, 179200, 0, 0, 0
19150, 171520, 0, 0, 0
19249, 174545, 0, 0, 0
19349, 174080, 0, 0, 0
19449, 174080, 0, 0, 0
19549, 167680, 0, 0, 0
19649, 168960, 0, 0, 0
19749, 167680, 0, 0, 0
19849, 177920, 0, 0, 0
19949, 170240, 0, 0, 0
20049, 165120, 0, 0, 0
20149, 166400, 0, 0, 0
20249, 166400, 0, 0, 0
20349, 166400, 0, 0, 0
20449, 168960, 0, 0, 0
20549, 174080, 0, 0, 0
20649, 174080, 0, 0, 0
20750, 165120, 0, 0, 0
20850, 177920, 0, 0, 0
20950, 175360, 0, 0, 0
21050, 175360, 0, 0, 0
21150, 175360, 0, 0, 0
21249, 166787, 0, 0, 0
21349, 167680, 0, 0, 0
21449, 172800, 0, 0, 0
21549, 166400, 0, 0, 0
21649, 172800, 0, 0, 0
21749, 166400, 0, 0, 0
21849, 171520, 0, 0, 0
21949, 175360, 0, 0, 0
22049, 168960, 0, 0, 0
22149, 176640, 0, 0, 0
22249, 171520, 0, 0, 0
22349, 175360, 0, 0, 0
22450, 177920, 0, 0, 0
22550, 179200, 0, 0, 0
22650, 166400, 0, 0, 0
22749, 171959, 0, 0, 0
22849, 167680, 0, 0, 0
22949, 167680, 0, 0, 0
23049, 166400, 0, 0, 0
23149, 166400, 0, 0, 0
23249, 166400, 0, 0, 0
23349, 171520, 0, 0, 0
23449, 163840, 0, 0, 0
23549, 168960, 0, 0, 0
23649, 170240, 0, 0, 0
23749, 168960, 0, 0, 0
23849, 166400, 0, 0, 0
23949, 163840, 0, 0, 0
24049, 167680, 0, 0, 0
24150, 171520, 0, 0, 0
24250, 168960, 0, 0, 0
24350, 170240, 0, 0, 0
24450, 171520, 0, 0, 0
24550, 170240, 0, 0, 0
24650, 174080, 0, 0, 0
24749, 170666, 0, 0, 0
24849, 168960, 0, 0, 0
24949, 176640, 0, 0, 0
25049, 168960, 0, 0, 0
25149, 168960, 0, 0, 0
25249, 174080, 0, 0, 0
25349, 179200, 0, 0, 0
25449, 172800, 0, 0, 0
25549, 176640, 0, 0, 0
25649, 176640, 0, 0, 0
25750, 168960, 0, 0, 0
25850, 170240, 0, 0, 0
25950, 172800, 0, 0, 0
26050, 170240, 0, 0, 0
26150, 170240, 0, 0, 0
26249, 168080, 0, 0, 0
26349, 172800, 0, 0, 0
26449, 171520, 0, 0, 0
26549, 174080, 0, 0, 0
26649, 167680, 0, 0, 0
26749, 170240, 0, 0, 0
26849, 170240, 0, 0, 0
26949, 165120, 0, 0, 0
27049, 170240, 0, 0, 0
27149, 172800, 0, 0, 0
27250, 170240, 0, 0, 0
27350, 174080, 0, 0, 0
27450, 166400, 0, 0, 0
27550, 168960, 0, 0, 0
27650, 171520, 0, 0, 0
27749, 171959, 0, 0, 0
27849, 165120, 0, 0, 0
27949, 172800, 0, 0, 0
28049, 176640, 0, 0, 0
28149, 176640, 0, 0, 0
28249, 176640, 0, 0, 0
28349, 170240, 0, 0, 0
28449, 170240, 0, 0, 0
28549, 167680, 0, 0, 0
28649, 167680, 0, 0, 0
28750, 170240, 0, 0, 0
28850, 166400, 0, 0, 0
28950, 174080, 0, 0, 0
29050, 167680, 0, 0, 0
29150, 163840, 0, 0, 0
29249, 170666, 0, 0, 0
29349, 168960, 0, 0, 0
29449, 170240, 0, 0, 0
29549, 168960, 0, 0, 0
29649, 177920, 0, 0, 0
29749, 183040, 0, 0, 0
29849, 174080, 0, 0, 0
29949, 176640, 0, 0, 0
30049, 177920, 0, 0, 0
30149, 177920, 0, 0, 0
30249, 171520, 0, 0, 0
30349, 180480, 0, 0, 0
30450, 176640, 0, 0, 0
30550, 175360, 0, 0, 0
30650, 174080, 0, 0, 0
30749, 175838, 0, 0, 0
30849, 177920, 0, 0, 0
30949, 171520, 0, 0, 0
31049, 175360, 0, 0, 0
31149, 179200, 0, 0, 0
31249, 174080, 0, 0, 0
31349, 174080, 0, 0, 0
31449, 174080, 0, 0, 0
31549, 175360, 0, 0, 0
31649, 172800, 0, 0, 0
31749, 176640, 0, 0, 0
31849, 171520, 0, 0, 0
31949, 180480, 0, 0, 0
32050, 172800, 0, 0, 0
32150, 165120, 0, 0, 0
32249, 170666, 0, 0, 0
32349, 172800, 0, 0, 0
32449, 170240, 0, 0, 0
32549, 165120, 0, 0, 0
32649, 165120, 0, 0, 0
32749, 170240, 0, 0, 0
32849, 171520, 0, 0, 0
32949, 177920, 0, 0, 0
33049, 174080, 0, 0, 0
33149, 170240, 0, 0, 0
33249, 166400, 0, 0, 0
33349, 170240, 0, 0, 0
33449, 170240, 0, 0, 0
33549, 168960, 0, 0, 0
33650, 177920, 0, 0, 0
33749, 170666, 0, 0, 0
33849, 165120, 0, 0, 0
33949, 167680, 0, 0, 0
34049, 179200, 0, 0, 0
34149, 163840, 0, 0, 0
34249, 171520, 0, 0, 0
34349, 174080, 0, 0, 0
34449, 183040, 0, 0, 0
34549, 172800, 0, 0, 0
34649, 175360, 0, 0, 0
34749, 167680, 0, 0, 0
34849, 171520, 0, 0, 0
34949, 175360, 0, 0, 0
35049, 167680, 0, 0, 0
35149, 175360, 0, 0, 0
35250, 168960, 0, 0, 0
35350, 175360, 0, 0, 0
35450, 174080, 0, 0, 0
35550, 167680, 0, 0, 0
35650, 170240, 0, 0, 0
35749, 175838, 0, 0, 0
35849, 171520, 0, 0, 0
35949, 176640, 0, 0, 0
36049, 171520, 0, 0, 0
36149, 165120, 0, 0, 0
36249, 175360, 0, 0, 0
36349, 168960, 0, 0, 0
36449, 170240, 0, 0, 0
36549, 170240, 0, 0, 0
36649, 175360, 0, 0, 0
36750, 171520, 0, 0, 0
36850, 171520, 0, 0, 0
36950, 171520, 0, 0, 0
37050, 172800, 0, 0, 0
37150, 167680, 0, 0, 0
37249, 175838, 0, 0, 0
37349, 168960, 0, 0, 0
37449, 170240, 0, 0, 0
37549, 161280, 0, 0, 0
37649, 171520, 0, 0, 0
37749, 165120, 0, 0, 0
37849, 167680, 0, 0, 0
37949, 171520, 0, 0, 0
38049, 162560, 0, 0, 0
38149, 168960, 0, 0, 0
38250, 170240, 0, 0, 0
38350, 171520, 0, 0, 0
38450, 171520, 0, 0, 0
38550, 171520, 0, 0, 0
38650, 172800, 0, 0, 0
38749, 169373, 0, 0, 0
38849, 168960, 0, 0, 0
38949, 176640, 0, 0, 0
39049, 172800, 0, 0, 0
39149, 172800, 0, 0, 0
39249, 176640, 0, 0, 0
39349, 177920, 0, 0, 0
39449, 171520, 0, 0, 0
39549, 170240, 0, 0, 0
39649, 175360, 0, 0, 0
39749, 179200, 0, 0, 0
39849, 162560, 0, 0, 0
39949, 177920, 0, 0, 0
40050, 175360, 0, 0, 0
40150, 168960, 0, 0, 0
40249, 173252, 0, 0, 0
40349, 171520, 0, 0, 0
40449, 167680, 0, 0, 0
40549, 171520, 0, 0, 0
40649, 175360, 0, 0, 0
40749, 168960, 0, 0, 0
40849, 177920, 0, 0, 0
40949, 172800, 0, 0, 0
41049, 180480, 0, 0, 0
41149, 175360, 0, 0, 0
41249, 177920, 0, 0, 0
41349, 177920, 0, 0, 0
41449, 175360, 0, 0, 0
41550, 176640, 0, 0, 0
41650, 170240, 0, 0, 0
41749, 171959, 0, 0, 0
41849, 179200, 0, 0, 0
41949, 175360, 0, 0, 0
42049, 168960, 0, 0, 0
42149, 170240, 0, 0, 0
42249, 170240, 0, 0, 0
42349, 174080, 0, 0, 0
42449, 174080, 0, 0, 0
42549, 168960, 0, 0, 0
42649, 165120, 0, 0, 0
42749, 168960, 0, 0, 0
42849, 163840, 0, 0, 0
42949, 170240, 0, 0, 0
43050, 175360, 0, 0, 0
43150, 175360, 0, 0, 0
43249, 173252, 0, 0, 0
43349, 171520, 0, 0, 0
43449, 168960, 0, 0, 0
43549, 176640, 0, 0, 0
43649, 177920, 0, 0, 0
43749, 175360, 0, 0, 0
43849, 180480, 0, 0, 0
43949, 179200, 0, 0, 0
44049, 177920, 0, 0, 0
44149, 175360, 0, 0, 0
44249, 179200, 0, 0, 0
44349, 177920, 0, 0, 0
44449, 180480, 0, 0, 0
44550, 174080, 0, 0, 0
44650, 174080, 0, 0, 0
44749, 177131, 0, 0, 0
44849, 179200, 0, 0, 0
44949, 174080, 0, 0, 0
45049, 177920, 0, 0, 0
45149, 185600, 0, 0, 0
45249, 170240, 0, 0, 0
45349, 171520, 0, 0, 0
45449, 175360, 0, 0, 0
45549, 179200, 0, 0, 0
45649, 174080, 0, 0, 0
45749, 172800, 0, 0, 0
45849, 162560, 0, 0, 0
45949, 166400, 0, 0, 0
46049, 171520, 0, 0, 0
46149, 176640, 0, 0, 0
46250, 168960, 0, 0, 0
46350, 175360, 0, 0, 0
46450, 167680, 0, 0, 0
46550, 175360, 0, 0, 0
46650, 174080, 0, 0, 0
46749, 175838, 0, 0, 0
46849, 172800, 0, 0, 0
46949, 172800, 0, 0, 0
47049, 183040, 0, 0, 0
47149, 172800, 0, 0, 0
47249, 175360, 0, 0, 0
47349, 177920, 0, 0, 0
47449, 176640, 0, 0, 0
47549, 177920, 0, 0, 0
47649, 167680, 0, 0, 0
47749, 177920, 0, 0, 0
47850, 172800, 0, 0, 0
47950, 170240, 0, 0, 0
48050, 174080, 0, 0, 0
48150, 176640, 0, 0, 0
48249, 174545, 0, 0, 0
48349, 175360, 0, 0, 0
48449, 171520, 0, 0, 0
48549, 179200, 0, 0, 0
48649, 177920, 0, 0, 0
48749, 175360, 0, 0, 0
48849, 165120, 0, 0, 0
48949, 175360, 0, 0, 0
49049, 180480, 0, 0, 0
49149, 170240, 0, 0, 0
49249, 172800, 0, 0, 0
49349, 177920, 0, 0, 0
49449, 171520, 0, 0, 0
49550, 171520, 0, 0, 0
49650, 172800, 0, 0, 0
49749, 173252, 0, 0, 0
49849, 175360, 0, 0, 0
49949, 177920, 0, 0, 0
50049, 176640, 0, 0, 0
50149, 172800, 0, 0, 0
50249, 174080, 0, 0, 0
50349, 175360, 0, 0, 0
50449, 175360, 0, 0, 0
50549, 171520, 0, 0, 0
50649, 172800, 0, 0, 0
50749, 176640, 0, 0, 0
50849, 171520, 0, 0, 0
50949, 175360, 0, 0, 0
51049, 174080, 0, 0, 0
51149, 176640, 0, 0, 0
51250, 174080, 0, 0, 0
51350, 176640, 0, 0, 0
51450, 168960, 0, 0, 0
51550, 171520, 0, 0, 0
51650, 175360, 0, 0, 0
51749, 183595, 0, 0, 0
51849, 170240, 0, 0, 0
51949, 176640, 0, 0, 0
52049, 179200, 0, 0, 0
52149, 176640, 0, 0, 0
52249, 170240, 0, 0, 0
52349, 179200, 0, 0, 0
52449, 174080, 0, 0, 0
52549, 170240, 0, 0, 0
52649, 179200, 0, 0, 0
52749, 172800, 0, 0, 0
52849, 170240, 0, 0, 0
52949, 174080, 0, 0, 0
53050, 175360, 0, 0, 0
53150, 176640, 0, 0, 0
53249, 182303, 0, 0, 0
53349, 174080, 0, 0, 0
53449, 171520, 0, 0, 0
53549, 183040, 0, 0, 0
53649, 172800, 0, 0, 0
53749, 170240, 0, 0, 0
53849, 174080, 0, 0, 0
53949, 171520, 0, 0, 0
54049, 168960, 0, 0, 0
54149, 171520, 0, 0, 0
54249, 171520, 0, 0, 0
54349, 181760, 0, 0, 0
54449, 179200, 0, 0, 0
54549, 175360, 0, 0, 0
54649, 176640, 0, 0, 0
54750, 172800, 0, 0, 0
54850, 179200, 0, 0, 0
54950, 181760, 0, 0, 0
55050, 175360, 0, 0, 0
55150, 179200, 0, 0, 0
55249, 182303, 0, 0, 0
55349, 183040, 0, 0, 0
55449, 179200, 0, 0, 0
55549, 179200, 0, 0, 0
55649, 176640, 0, 0, 0
55749, 180480, 0, 0, 0
55849, 176640, 0, 0, 0
55949, 176640, 0, 0, 0
56049, 177920, 0, 0, 0
56149, 174080, 0, 0, 0
56249, 181760, 0, 0, 0
56350, 179200, 0, 0, 0
56450, 180480, 0, 0, 0
56550, 179200, 0, 0, 0
56650, 172800, 0, 0, 0
56749, 175838, 0, 0, 0
56849, 186880, 0, 0, 0
56949, 185600, 0, 0, 0
57049, 176640, 0, 0, 0
57149, 177920, 0, 0, 0
57249, 172800, 0, 0, 0
57349, 174080, 0, 0, 0
57449, 172800, 0, 0, 0
57549, 176640, 0, 0, 0
57649, 176640, 0, 0, 0
57749, 171520, 0, 0, 0
57849, 165120, 0, 0, 0
57949, 175360, 0, 0, 0
58050, 176640, 0, 0, 0
58150, 172800, 0, 0, 0
58249, 178424, 0, 0, 0
58349, 176640, 0, 0, 0
58449, 176640, 0, 0, 0
58549, 181760, 0, 0, 0
58649, 184320, 0, 0, 0
58749, 177920, 0, 0, 0
58849, 179200, 0, 0, 0
58949, 174080, 0, 0, 0
59049, 180480, 0, 0, 0
59149, 177920, 0, 0, 0
59249, 180480, 0, 0, 0
59349, 177920, 0, 0, 0
59449, 184320, 0, 0, 0
59549, 181760, 0, 0, 0
59649, 174080, 0, 0, 0
59750, 188160, 0, 0, 0
59850, 176640, 0, 0, 0
59950, 174080, 0, 0, 0
