102, 10548549, 0, 0, 0
200, 10588213, 0, 0, 0
302, 9920947, 0, 0, 0
406, 14417613, 0, 0, 0
519, 13529387, 0, 0, 0
600, 14000933, 0, 0, 0
701, 10198959, 0, 0, 0
803, 11780578, 0, 0, 0
900, 15408784, 0, 0, 0
1002, 10926668, 0, 0, 0
1100, 9898456, 0, 0, 0
1200, 12704523, 0, 0, 0
1303, 12863433, 0, 0, 0
1404, 13857013, 0, 0, 0
1503, 12528508, 0, 0, 0
1601, 12863044, 0, 0, 0
1700, 11952113, 0, 0, 0
1802, 13117704, 0, 0, 0
1900, 15049226, 0, 0, 0
2000, 12751449, 0, 0, 0
2100, 10769177, 0, 0, 0
2200, 11530528, 0, 0, 0
2301, 12140725, 0, 0, 0
2407, 11943175, 0, 0, 0
2500, 9567316, 0, 0, 0
2606, 9643955, 0, 0, 0
2706, 13556032, 0, 0, 0
2800, 11333629, 0, 0, 0
2903, 13009992, 0, 0, 0
3000, 11692157, 0, 0, 0
3102, 11113072, 0, 0, 0
3205, 10204767, 0, 0, 0
3303, 11379606, 0, 0, 0
3400, 10103687, 0, 0, 0
3500, 14848206, 0, 0, 0
3602, 13055331, 0, 0, 0
3701, 13861979, 0, 0, 0
3801, 10938388, 0, 0, 0
3900, 15564933, 0, 0, 0
4003, 12602619, 0, 0, 0
4101, 12156873, 0, 0, 0
4203, 9191937, 0, 0, 0
4300, 12013754, 0, 0, 0
4402, 12918537, 0, 0, 0
4506, 11778182, 0, 0, 0
4604, 15598238, 0, 0, 0
4704, 12935373, 0, 0, 0
4801, 12361312, 0, 0, 0
4902, 11546338, 0, 0, 0
5000, 12679936, 0, 0, 0
5101, 10783600, 0, 0, 0
5200, 11964587, 0, 0, 0
5300, 11776828, 0, 0, 0
5402, 9942566, 0, 0, 0
5504, 15606429, 0, 0, 0
5601, 9133551, 0, 0, 0
5700, 12229175, 0, 0, 0
5801, 8885998, 0, 0, 0
5913, 13992098, 0, 0, 0
6003, 12347604, 0, 0, 0
6105, 10500531, 0, 0, 0
6218, 16608835, 0, 0, 0
6303, 11524873, 0, 0, 0
6401, 10514058, 0, 0, 0
6503, 14280108, 0, 0, 0
6600, 19626793, 0, 0, 0
6700, 14689611, 0, 0, 0
6804, 9577358, 0, 0, 0
6903, 15163129, 0, 0, 0
7000, 13298957, 0, 0, 0
7100, 9438361, 0, 0, 0
7203, 10877032, 0, 0, 0
7301, 13240496, 0, 0, 0
7400, 11801436, 0, 0, 0
7504, 10067704, 0, 0, 0
7601, 10833875, 0, 0, 0
7700, 10555144, 0, 0, 0
7806, 11126850, 0, 0, 0
7901, 11802864, 0, 0, 0
8003, 12200490, 0, 0, 0
8107, 13013508, 0, 0, 0
8208, 13556592, 0, 0, 0
8300, 14487525, 0, 0, 0
8401, 10854729, 0, 0, 0
8507, 11670973, 0, 0, 0
8600, 12381272, 0, 0, 0
8704, 13947518, 0, 0, 0
8802, 9705276, 0, 0, 0
8902, 10800474, 0, 0, 0
9000, 12150907, 0, 0, 0
9100, 12827261, 0, 0, 0
9200, 9336608, 0, 0, 0
9312, 9902713, 0, 0, 0
9400, 12937390, 0, 0, 0
9502, 10418652, 0, 0, 0
9603, 10855012, 0, 0, 0
9702, 13446492, 0, 0, 0
9802, 15063107, 0, 0, 0
9907, 11299677, 0, 0, 0
10000, 10217733, 0, 0, 0
10105, 15534035, 0, 0, 0
10200, 11351464, 0, 0, 0
10301, 7907389, 0, 0, 0
10400, 9176190, 0, 0, 0
10506, 10836765, 0, 0, 0
10600, 9049739, 0, 0, 0
10700, 11107840, 0, 0, 0
10801, 11943547, 0, 0, 0
10906, 15177339, 0, 0, 0
11005, 12769595, 0, 0, 0
11102, 13325759, 0, 0, 0
11203, 11776531, 0, 0, 0
11300, 10747040, 0, 0, 0
11400, 10128722, 0, 0, 0
11501, 13289694, 0, 0, 0
11600, 11378289, 0, 0, 0
11700, 11475743, 0, 0, 0
11805, 9808680, 0, 0, 0
11900, 9822637, 0, 0, 0
12005, 13462071, 0, 0, 0
12103, 10750432, 0, 0, 0
12204, 12776306, 0, 0, 0
12306, 14962500, 0, 0, 0
12401, 10554979, 0, 0, 0
12500, 11307809, 0, 0, 0
12603, 11646502, 0, 0, 0
12700, 9439007, 0, 0, 0
12807, 12668013, 0, 0, 0
12903, 13578702, 0, 0, 0
13003, 16218121, 0, 0, 0
13100, 12739990, 0, 0, 0
13200, 10516284, 0, 0, 0
13305, 11806762, 0, 0, 0
13401, 16801833, 0, 0, 0
13504, 11141396, 0, 0, 0
13601, 14397515, 0, 0, 0
13702, 14377672, 0, 0, 0
13800, 15019419, 0, 0, 0
13903, 13529028, 0, 0, 0
14001, 12228408, 0, 0, 0
14106, 9157563, 0, 0, 0
14207, 12897133, 0, 0, 0
14307, 16090659, 0, 0, 0
14400, 13736756, 0, 0, 0
14504, 10378815, 0, 0, 0
14602, 9819589, 0, 0, 0
14705, 10115522, 0, 0, 0
14811, 12869128, 0, 0, 0
14900, 13001575, 0, 0, 0
15000, 9383943, 0, 0, 0
15109, 10884411, 0, 0, 0
15202, 9982368, 0, 0, 0
15302, 10916951, 0, 0, 0
15404, 16441680, 0, 0, 0
15501, 12455894, 0, 0, 0
15603, 11523703, 0, 0, 0
15702, 11370847, 0, 0, 0
15800, 16688716, 0, 0, 0
15902, 14761639, 0, 0, 0
16002, 9847918, 0, 0, 0
16106, 11114489, 0, 0, 0
16200, 14016851, 0, 0, 0
16302, 10526196, 0, 0, 0
16400, 15057025, 0, 0, 0
16504, 12709168, 0, 0, 0
16600, 11520374, 0, 0, 0
16700, 14399381, 0, 0, 0
16804, 9759959, 0, 0, 0
16915, 13937057, 0, 0, 0
17001, 20648989, 0, 0, 0
17103, 10530054, 0, 0, 0
17200, 13445768, 0, 0, 0
17301, 12134042, 0, 0, 0
17401, 12144695, 0, 0, 0
17503, 12825247, 0, 0, 0
17600, 10579588, 0, 0, 0
17703, 10204048, 0, 0, 0
17800, 13816572, 0, 0, 0
17901, 11046808, 0, 0, 0
18001, 15249911, 0, 0, 0
18100, 12056476, 0, 0, 0
18200, 11505322, 0, 0, 0
18301, 10446696, 0, 0, 0
18401, 11628251, 0, 0, 0
18507, 10019996, 0, 0, 0
18600, 9744356, 0, 0, 0
18700, 11709092, 0, 0, 0
18801, 13320723, 0, 0, 0
18900, 9823330, 0, 0, 0
19003, 13036920, 0, 0, 0
19102, 9639308, 0, 0, 0
19207, 13182661, 0, 0, 0
19301, 11516276, 0, 0, 0
19406, 13239065, 0, 0, 0
19504, 14256130, 0, 0, 0
19602, 10724706, 0, 0, 0
19700, 15057742, 0, 0, 0
19801, 12483400, 0, 0, 0
19905, 11008001, 0, 0, 0
20005, 14173261, 0, 0, 0
20100, 12832523, 0, 0, 0
20207, 11315117, 0, 0, 0
20301, 9161872, 0, 0, 0
20400, 14375749, 0, 0, 0
20500, 10551357, 0, 0, 0
20600, 11222842, 0, 0, 0
20700, 12278515, 0, 0, 0
20803, 11608372, 0, 0, 0
20901, 13149172, 0, 0, 0
21000, 11088927, 0, 0, 0
21102, 11835575, 0, 0, 0
21206, 13662712, 0, 0, 0
21300, 11085638, 0, 0, 0
21400, 7554185, 0, 0, 0
21501, 9571216, 0, 0, 0
21601, 11085910, 0, 0, 0
21700, 9401012, 0, 0, 0
21810, 12227883, 0, 0, 0
21904, 10310315, 0, 0, 0
22004, 11896170, 0, 0, 0
22102, 12222147, 0, 0, 0
22203, 10609684, 0, 0, 0
22301, 13122595, 0, 0, 0
22402, 10544929, 0, 0, 0
22501, 10908465, 0, 0, 0
22609, 11482942, 0, 0, 0
22700, 14136375, 0, 0, 0
22800, 12414089, 0, 0, 0
22901, 10345138, 0, 0, 0
23002, 12022716, 0, 0, 0
23102, 10271222, 0, 0, 0
23201, 14522102, 0, 0, 0
23301, 15219727, 0, 0, 0
23400, 9617419, 0, 0, 0
23501, 12814293, 0, 0, 0
23610, 10719929, 0, 0, 0
23704, 10875251, 0, 0, 0
23801, 9174779, 0, 0, 0
23901, 12136930, 0, 0, 0
24001, 13523096, 0, 0, 0
24119, 11840667, 0, 0, 0
24200, 15542041, 0, 0, 0
24309, 13026181, 0, 0, 0
24407, 10679652, 0, 0, 0
24502, 11673178, 0, 0, 0
24601, 12003000, 0, 0, 0
24702, 13131861, 0, 0, 0
24808, 12301993, 0, 0, 0
24903, 13154407, 0, 0, 0
25003, 14688785, 0, 0, 0
25101, 13347671, 0, 0, 0
25200, 11083460, 0, 0, 0
25300, 13629442, 0, 0, 0
25403, 9464399, 0, 0, 0
25503, 11822550, 0, 0, 0
25605, 11968969, 0, 0, 0
25704, 12099084, 0, 0, 0
25803, 12593986, 0, 0, 0
25900, 13166783, 0, 0, 0
26001, 8902178, 0, 0, 0
26104, 13718380, 0, 0, 0
26209, 11457810, 0, 0, 0
26300, 12725836, 0, 0, 0
26400, 10860711, 0, 0, 0
26508, 11495749, 0, 0, 0
26604, 12108652, 0, 0, 0
26701, 14148168, 0, 0, 0
26804, 14621819, 0, 0, 0
26900, 13118751, 0, 0, 0
27001, 11345338, 0, 0, 0
27103, 14230708, 0, 0, 0
27200, 12145673, 0, 0, 0
27301, 12934194, 0, 0, 0
27402, 10157704, 0, 0, 0
27503, 10235340, 0, 0, 0
27606, 11704478, 0, 0, 0
27703, 15679340, 0, 0, 0
27800, 8470942, 0, 0, 0
27902, 8827779, 0, 0, 0
28000, 9908138, 0, 0, 0
28101, 11833233, 0, 0, 0
28202, 11400215, 0, 0, 0
28301, 12929529, 0, 0, 0
28404, 13764942, 0, 0, 0
28501, 11176684, 0, 0, 0
28600, 11437183, 0, 0, 0
28700, 11601254, 0, 0, 0
28803, 10809620, 0, 0, 0
28902, 11795282, 0, 0, 0
29001, 8378292, 0, 0, 0
29101, 12018667, 0, 0, 0
29205, 12241947, 0, 0, 0
29301, 8879319, 0, 0, 0
29406, 10864739, 0, 0, 0
29502, 16726510, 0, 0, 0
29600, 10919028, 0, 0, 0
29700, 14278798, 0, 0, 0
29802, 14397466, 0, 0, 0
29902, 13114719, 0, 0, 0
30003, 10901309, 0, 0, 0
30100, 11733053, 0, 0, 0
30200, 13130319, 0, 0, 0
30310, 10880469, 0, 0, 0
30404, 14081751, 0, 0, 0
30501, 12902258, 0, 0, 0
30600, 12414028, 0, 0, 0
30700, 15628394, 0, 0, 0
30803, 11876818, 0, 0, 0
30900, 12625649, 0, 0, 0
31001, 14757764, 0, 0, 0
31100, 10934702, 0, 0, 0
31207, 11358404, 0, 0, 0
31309, 14278902, 0, 0, 0
31400, 12699340, 0, 0, 0
31501, 11719179, 0, 0, 0
31600, 9074953, 0, 0, 0
31701, 13078925, 0, 0, 0
31805, 11120301, 0, 0, 0
31907, 11744458, 0, 0, 0
32000, 12436834, 0, 0, 0
32102, 13581570, 0, 0, 0
32201, 16112451, 0, 0, 0
32300, 9279762, 0, 0, 0
32400, 12016305, 0, 0, 0
32501, 8167408, 0, 0, 0
32605, 11264184, 0, 0, 0
32700, 12022683, 0, 0, 0
32804, 10334791, 0, 0, 0
32900, 13211649, 0, 0, 0
33003, 12350927, 0, 0, 0
33100, 10131803, 0, 0, 0
33203, 14886454, 0, 0, 0
33301, 9566475, 0, 0, 0
33402, 12010816, 0, 0, 0
33503, 13951593, 0, 0, 0
33600, 13663225, 0, 0, 0
33707, 11139089, 0, 0, 0
33802, 12669218, 0, 0, 0
33900, 13774222, 0, 0, 0
34003, 13201438, 0, 0, 0
34102, 16728095, 0, 0, 0
34200, 16186694, 0, 0, 0
34306, 11926598, 0, 0, 0
34400, 9877589, 0, 0, 0
34500, 9260194, 0, 0, 0
34602, 14483878, 0, 0, 0
34701, 11964140, 0, 0, 0
34801, 18269472, 0, 0, 0
34903, 10959663, 0, 0, 0
35006, 13999237, 0, 0, 0
35109, 12558902, 0, 0, 0
35202, 11144126, 0, 0, 0
35300, 10507730, 0, 0, 0
35401, 14768730, 0, 0, 0
35501, 15489788, 0, 0, 0
35600, 14723438, 0, 0, 0
35700, 14840954, 0, 0, 0
35801, 13094056, 0, 0, 0
35900, 11841955, 0, 0, 0
36000, 11739342, 0, 0, 0
36100, 15506041, 0, 0, 0
36201, 13065586, 0, 0, 0
36300, 16218186, 0, 0, 0
36400, 11525422, 0, 0, 0
36509, 10563640, 0, 0, 0
36606, 14573841, 0, 0, 0
36703, 12200934, 0, 0, 0
36800, 11576798, 0, 0, 0
36904, 10435823, 0, 0, 0
37002, 12570770, 0, 0, 0
37100, 9567121, 0, 0, 0
37203, 12390491, 0, 0, 0
37300, 8905816, 0, 0, 0
37401, 11559682, 0, 0, 0
37507, 11371425, 0, 0, 0
37600, 14289882, 0, 0, 0
37700, 11922049, 0, 0, 0
37801, 14262007, 0, 0, 0
37905, 10137742, 0, 0, 0
38003, 14625873, 0, 0, 0
38103, 15831927, 0, 0, 0
38206, 12667224, 0, 0, 0
38306, 15150596, 0, 0, 0
38403, 13287391, 0, 0, 0
38503, 10525281, 0, 0, 0
38601, 11356100, 0, 0, 0
38701, 11840686, 0, 0, 0
38800, 12018967, 0, 0, 0
38901, 9155056, 0, 0, 0
39005, 12777611, 0, 0, 0
39101, 14890688, 0, 0, 0
39205, 13254522, 0, 0, 0
39300, 12631745, 0, 0, 0
39404, 16955951, 0, 0, 0
39500, 13391828, 0, 0, 0
39600, 11941833, 0, 0, 0
39704, 11750806, 0, 0, 0
39800, 11981718, 0, 0, 0
39900, 12122979, 0, 0, 0
40001, 12161234, 0, 0, 0
40104, 9717576, 0, 0, 0
40205, 10671743, 0, 0, 0
40302, 13393994, 0, 0, 0
40400, 15808551, 0, 0, 0
40501, 9691390, 0, 0, 0
40602, 11901076, 0, 0, 0
40701, 16003786, 0, 0, 0
40802, 14080419, 0, 0, 0
40900, 11421020, 0, 0, 0
41000, 11652776, 0, 0, 0
41100, 11166869, 0, 0, 0
41200, 10955363, 0, 0, 0
41301, 12847792, 0, 0, 0
41402, 10213995, 0, 0, 0
41501, 13640907, 0, 0, 0
41600, 10965790, 0, 0, 0
41707, 10760477, 0, 0, 0
41803, 12903112, 0, 0, 0
41900, 11846377, 0, 0, 0
42000, 11289007, 0, 0, 0
42100, 10218540, 0, 0, 0
42212, 13685630, 0, 0, 0
42303, 15510872, 0, 0, 0
42405, 14547503, 0, 0, 0
42502, 16809348, 0, 0, 0
42602, 9349059, 0, 0, 0
42710, 14110560, 0, 0, 0
42802, 12103802, 0, 0, 0
42903, 11648019, 0, 0, 0
43003, 13932383, 0, 0, 0
43100, 13950553, 0, 0, 0
43201, 12572735, 0, 0, 0
43300, 10344954, 0, 0, 0
43401, 12663273, 0, 0, 0
43500, 11984854, 0, 0, 0
43606, 12297308, 0, 0, 0
43707, 13553317, 0, 0, 0
43803, 15305765, 0, 0, 0
43900, 12872996, 0, 0, 0
44006, 13999621, 0, 0, 0
44100, 11926002, 0, 0, 0
44205, 15446226, 0, 0, 0
44300, 10525462, 0, 0, 0
44406, 15186513, 0, 0, 0
44501, 13010905, 0, 0, 0
44600, 10999702, 0, 0, 0
44701, 13599885, 0, 0, 0
44800, 11760225, 0, 0, 0
44903, 10546515, 0, 0, 0
45005, 18326113, 0, 0, 0
45103, 16368801, 0, 0, 0
45203, 12478909, 0, 0, 0
45304, 15947411, 0, 0, 0
45400, 14622358, 0, 0, 0
45501, 11200000, 0, 0, 0
45604, 15030350, 0, 0, 0
45701, 15021576, 0, 0, 0
45802, 11710820, 0, 0, 0
45906, 14506030, 0, 0, 0
46000, 13431817, 0, 0, 0
46100, 12624791, 0, 0, 0
46205, 11200421, 0, 0, 0
46302, 14239363, 0, 0, 0
46410, 10768362, 0, 0, 0
46502, 13443540, 0, 0, 0
46605, 10988097, 0, 0, 0
46707, 12909842, 0, 0, 0
46804, 10554320, 0, 0, 0
46901, 9941224, 0, 0, 0
47008, 13890468, 0, 0, 0
47102, 12270479, 0, 0, 0
47201, 10620353, 0, 0, 0
47301, 13025507, 0, 0, 0
47400, 12541063, 0, 0, 0
47502, 10920077, 0, 0, 0
47605, 16236703, 0, 0, 0
47701, 14997204, 0, 0, 0
47810, 12268609, 0, 0, 0
47905, 11200692, 0, 0, 0
48001, 12061555, 0, 0, 0
48105, 12156973, 0, 0, 0
48205, 17540669, 0, 0, 0
48301, 12894210, 0, 0, 0
48404, 12543332, 0, 0, 0
48501, 12672180, 0, 0, 0
48607, 14241490, 0, 0, 0
48700, 13739789, 0, 0, 0
48807, 13645534, 0, 0, 0
48908, 11010031, 0, 0, 0
49000, 13834503, 0, 0, 0
49104, 11358520, 0, 0, 0
49204, 14891292, 0, 0, 0
49307, 12887101, 0, 0, 0
49401, 18037103, 0, 0, 0
49500, 11223819, 0, 0, 0
49602, 13953861, 0, 0, 0
49700, 11627518, 0, 0, 0
49805, 14082670, 0, 0, 0
49904, 15309737, 0, 0, 0
50004, 11973895, 0, 0, 0
50100, 13097717, 0, 0, 0
50202, 13926815, 0, 0, 0
50303, 9820318, 0, 0, 0
50405, 13611491, 0, 0, 0
50501, 14633662, 0, 0, 0
50600, 13324433, 0, 0, 0
50705, 13349252, 0, 0, 0
50802, 14676038, 0, 0, 0
50904, 11455978, 0, 0, 0
51002, 14375817, 0, 0, 0
51101, 14514620, 0, 0, 0
51201, 12151389, 0, 0, 0
51301, 10228431, 0, 0, 0
51402, 9979101, 0, 0, 0
51503, 13758834, 0, 0, 0
51601, 12006352, 0, 0, 0
51700, 13219590, 0, 0, 0
51801, 13600487, 0, 0, 0
51901, 10356240, 0, 0, 0
52005, 13001261, 0, 0, 0
52100, 10595413, 0, 0, 0
52200, 12472400, 0, 0, 0
52303, 11000394, 0, 0, 0
52406, 12050977, 0, 0, 0
52501, 11077994, 0, 0, 0
52602, 11566477, 0, 0, 0
52700, 12907040, 0, 0, 0
52803, 11811979, 0, 0, 0
52904, 13866045, 0, 0, 0
53007, 12520023, 0, 0, 0
53100, 13197473, 0, 0, 0
53201, 12915498, 0, 0, 0
53307, 12905530, 0, 0, 0
53400, 11100440, 0, 0, 0
53500, 13363985, 0, 0, 0
53604, 14116690, 0, 0, 0
53701, 14429197, 0, 0, 0
53803, 14037495, 0, 0, 0
53902, 16127699, 0, 0, 0
54005, 11695690, 0, 0, 0
54102, 15172616, 0, 0, 0
54201, 15643198, 0, 0, 0
54301, 14214196, 0, 0, 0
54402, 10865701, 0, 0, 0
54505, 9817935, 0, 0, 0
54601, 12118005, 0, 0, 0
54700, 12652554, 0, 0, 0
54807, 18533016, 0, 0, 0
54903, 11061436, 0, 0, 0
55000, 12164696, 0, 0, 0
55111, 17040884, 0, 0, 0
55202, 17438115, 0, 0, 0
55305, 14102556, 0, 0, 0
55400, 14571407, 0, 0, 0
55506, 12813897, 0, 0, 0
55609, 13772453, 0, 0, 0
55702, 11176151, 0, 0, 0
55800, 14185164, 0, 0, 0
55901, 8545987, 0, 0, 0
56007, 9995281, 0, 0, 0
56102, 12774891, 0, 0, 0
56201, 12474041, 0, 0, 0
56300, 12538643, 0, 0, 0
56403, 14502756, 0, 0, 0
56501, 14732853, 0, 0, 0
56608, 15724377, 0, 0, 0
56706, 13180539, 0, 0, 0
56800, 14224852, 0, 0, 0
56906, 14933241, 0, 0, 0
57008, 17040226, 0, 0, 0
57100, 13403452, 0, 0, 0
57203, 12443235, 0, 0, 0
57309, 13884208, 0, 0, 0
57401, 12152132, 0, 0, 0
57505, 14801678, 0, 0, 0
57608, 16814364, 0, 0, 0
57701, 15783934, 0, 0, 0
57805, 9425674, 0, 0, 0
57902, 12089551, 0, 0, 0
58003, 11701327, 0, 0, 0
58105, 11598535, 0, 0, 0
58202, 10329641, 0, 0, 0
58304, 13531414, 0, 0, 0
58400, 17977392, 0, 0, 0
58500, 15237338, 0, 0, 0
58604, 12318828, 0, 0, 0
58715, 10612286, 0, 0, 0
58801, 13260793, 0, 0, 0
58902, 18074906, 0, 0, 0
59001, 12197493, 0, 0, 0
59104, 16182000, 0, 0, 0
59202, 15660751, 0, 0, 0
59302, 11930883, 0, 0, 0
59400, 10165727, 0, 0, 0
59504, 13324638, 0, 0, 0
59602, 12274290, 0, 0, 0
59700, 12378050, 0, 0, 0
59801, 9687222, 0, 0, 0
59908, 17329864, 0, 0, 0
60001, 14125729, 0, 0, 0
60014, 23576348, 0, 0, 0
