250, 384000, 0, 0, 0
350, 407040, 0, 0, 0
450, 407040, 0, 0, 0
550, 399360, 0, 0, 0
650, 391680, 0, 0, 0
749, 395636, 0, 0, 0
849, 422400, 0, 0, 0
949, 368640, 0, 0, 0
1049, 376320, 0, 0, 0
1149, 399360, 0, 0, 0
1250, 399360, 0, 0, 0
1350, 399360, 0, 0, 0
1450, 391680, 0, 0, 0
1550, 391680, 0, 0, 0
1650, 391680, 0, 0, 0
1749, 387878, 0, 0, 0
1849, 399360, 0, 0, 0
1949, 414720, 0, 0, 0
2049, 376320, 0, 0, 0
2149, 384000, 0, 0, 0
2249, 391680, 0, 0, 0
2349, 414720, 0, 0, 0
2449, 391680, 0, 0, 0
2550, 414720, 0, 0, 0
2650, 384000, 0, 0, 0
2749, 411151, 0, 0, 0
2849, 384000, 0, 0, 0
2949, 399360, 0, 0, 0
3049, 407040, 0, 0, 0
3149, 399360, 0, 0, 0
3249, 399360, 0, 0, 0
3349, 384000, 0, 0, 0
3449, 414720, 0, 0, 0
3549, 407040, 0, 0, 0
3649, 391680, 0, 0, 0
3750, 368640, 0, 0, 0
3850, 384000, 0, 0, 0
3950, 414720, 0, 0, 0
4050, 391680, 0, 0, 0
4150, 376320, 0, 0, 0
4249, 395636, 0, 0, 0
4349, 399360, 0, 0, 0
4449, 399360, 0, 0, 0
4549, 391680, 0, 0, 0
4649, 391680, 0, 0, 0
4749, 399360, 0, 0, 0
4849, 407040, 0, 0, 0
4949, 422400, 0, 0, 0
5049, 384000, 0, 0, 0
5149, 391680, 0, 0, 0
5250, 384000, 0, 0, 0
5350, 391680, 0, 0, 0
5450, 407040, 0, 0, 0
5550, 368640, 0, 0, 0
5650, 399360, 0, 0, 0
5749, 403393, 0, 0, 0
5849, 391680, 0, 0, 0
5949, 391680, 0, 0, 0
6049, 368640, 0, 0, 0
6149, 368640, 0, 0, 0
6249, 414720, 0, 0, 0
6349, 376320, 0, 0, 0
6449, 368640, 0, 0, 0
6550, 384000, 0, 0, 0
6650, 391680, 0, 0, 0
6749, 395636, 0, 0, 0
6849, 391680, 0, 0, 0
6949, 399360, 0, 0, 0
7049, 384000, 0, 0, 0
7149, 376320, 0, 0, 0
7249, 391680, 0, 0, 0
7349, 391680, 0, 0, 0
7449, 391680, 0, 0, 0
7549, 376320, 0, 0, 0
7649, 391680, 0, 0, 0
7750, 384000, 0, 0, 0
7850, 384000, 0, 0, 0
7950, 368640, 0, 0, 0
8050, 384000, 0, 0, 0
8150, 407040, 0, 0, 0
8249, 395636, 0, 0, 0
8349, 384000, 0, 0, 0
8449, 368640, 0, 0, 0
8549, 399360, 0, 0, 0
8649, 414720, 0, 0, 0
8749, 391680, 0, 0, 0
8850, 391680, 0, 0, 0
8950, 368640, 0, 0, 0
9050, 384000, 0, 0, 0
9150, 391680, 0, 0, 0
9249, 387878, 0, 0, 0
9349, 384000, 0, 0, 0
9449, 368640, 0, 0, 0
9549, 376320, 0, 0, 0
9649, 376320, 0, 0, 0
9749, 399360, 0, 0, 0
9849, 422400, 0, 0, 0
9949, 399360, 0, 0, 0
10050, 391680, 0, 0, 0
10150, 384000, 0, 0, 0
10249, 380121, 0, 0, 0
10349, 391680, 0, 0, 0
10449, 368640, 0, 0, 0
10549, 368640, 0, 0, 0
10649, 391680, 0, 0, 0
10749, 391680, 0, 0, 0
10849, 391680, 0, 0, 0
10949, 414720, 0, 0, 0
11049, 376320, 0, 0, 0
11149, 391680, 0, 0, 0
11250, 360960, 0, 0, 0
11350, 368640, 0, 0, 0
11450, 384000, 0, 0, 0
11550, 399360, 0, 0, 0
11650, 414720, 0, 0, 0
11749, 395636, 0, 0, 0
11849, 384000, 0, 0, 0
11949, 407040, 0, 0, 0
12049, 399360, 0, 0, 0
12149, 399360, 0, 0, 0
12249, 407040, 0, 0, 0
12350, 407040, 0, 0, 0
12450, 376320, 0, 0, 0
12550, 384000, 0, 0, 0
12650, 384000, 0, 0, 0
12749, 403393, 0, 0, 0
12849, 384000, 0, 0, 0
12949, 407040, 0, 0, 0
13049, 430080, 0, 0, 0
13149, 407040, 0, 0, 0
13249, 399360, 0, 0, 0
13349, 391680, 0, 0, 0
13449, 399360, 0, 0, 0
13550, 376320, 0, 0, 0
13650, 368640, 0, 0, 0
13749, 395636, 0, 0, 0
13849, 368640, 0, 0, 0
13949, 384000, 0, 0, 0
14049, 384000, 0, 0, 0
14149, 376320, 0, 0, 0
14249, 399360, 0, 0, 0
14349, 422400, 0, 0, 0
14449, 376320, 0, 0, 0
14550, 407040, 0, 0, 0
14650, 384000, 0, 0, 0
14749, 372363, 0, 0, 0
14849, 368640, 0, 0, 0
14949, 399360, 0, 0, 0
15049, 422400, 0, 0, 0
15149, 391680, 0, 0, 0
15249, 399360, 0, 0, 0
15349, 391680, 0, 0, 0
15449, 391680, 0, 0, 0
15549, 399360, 0, 0, 0
15649, 384000, 0, 0, 0
15750, 399360, 0, 0, 0
15850, 399360, 0, 0, 0
15950, 407040, 0, 0, 0
16050, 384000, 0, 0, 0
16150, 391680, 0, 0, 0
16249, 403393, 0, 0, 0
16349, 391680, 0, 0, 0
16449, 407040, 0, 0, 0
16549, 399360, 0, 0, 0
16649, 368640, 0, 0, 0
16749, 368640, 0, 0, 0
16849, 407040, 0, 0, 0
16950, 391680, 0, 0, 0
17050, 360960, 0, 0, 0
17150, 399360, 0, 0, 0
17249, 395636, 0, 0, 0
17349, 391680, 0, 0, 0
17449, 391680, 0, 0, 0
17549, 384000, 0, 0, 0
17649, 399360, 0, 0, 0
17749, 368640, 0, 0, 0
17849, 384000, 0, 0, 0
17949, 399360, 0, 0, 0
18049, 376320, 0, 0, 0
18150, 368640, 0, 0, 0
18250, 384000, 0, 0, 0
18350, 384000, 0, 0, 0
18450, 384000, 0, 0, 0
18550, 391680, 0, 0, 0
18650, 345600, 0, 0, 0
18749, 372363, 0, 0, 0
18849, 407040, 0, 0, 0
18949, 376320, 0, 0, 0
19049, 407040, 0, 0, 0
19149, 384000, 0, 0, 0
19249, 376320, 0, 0, 0
19349, 391680, 0, 0, 0
19449, 368640, 0, 0, 0
19550, 376320, 0, 0, 0
19650, 399360, 0, 0, 0
19749, 380121, 0, 0, 0
19849, 376320, 0, 0, 0
19949, 391680, 0, 0, 0
20049, 399360, 0, 0, 0
20149, 391680, 0, 0, 0
20249, 368640, 0, 0, 0
20349, 384000, 0, 0, 0
20449, 376320, 0, 0, 0
20549, 391680, 0, 0, 0
20649, 399360, 0, 0, 0
20750, 399360, 0, 0, 0
20850, 360960, 0, 0, 0
20950, 414720, 0, 0, 0
21050, 399360, 0, 0, 0
21150, 399360, 0, 0, 0
21249, 380121, 0, 0, 0
21349, 407040, 0, 0, 0
21449, 391680, 0, 0, 0
21549, 391680, 0, 0, 0
21649, 391680, 0, 0, 0
21749, 391680, 0, 0, 0
21849, 384000, 0, 0, 0
21949, 399360, 0, 0, 0
22050, 399360, 0, 0, 0
22150, 399360, 0, 0, 0
22249, 349090, 0, 0, 0
22349, 414720, 0, 0, 0
22449, 391680, 0, 0, 0
22549, 384000, 0, 0, 0
22649, 376320, 0, 0, 0
22749, 384000, 0, 0, 0
22849, 399360, 0, 0, 0
22949, 384000, 0, 0, 0
23049, 407040, 0, 0, 0
23150, 391680, 0, 0, 0
23249, 380121, 0, 0, 0
23349, 407040, 0, 0, 0
23449, 376320, 0, 0, 0
23549, 399360, 0, 0, 0
23649, 368640, 0, 0, 0
23749, 360960, 0, 0, 0
23849, 399360, 0, 0, 0
23949, 391680, 0, 0, 0
24049, 391680, 0, 0, 0
24149, 422400, 0, 0, 0
24249, 422400, 0, 0, 0
24350, 391680, 0, 0, 0
24450, 399360, 0, 0, 0
24550, 376320, 0, 0, 0
24650, 384000, 0, 0, 0
24749, 387878, 0, 0, 0
24849, 391680, 0, 0, 0
24949, 376320, 0, 0, 0
25049, 391680, 0, 0, 0
25149, 399360, 0, 0, 0
25249, 384000, 0, 0, 0
25349, 399360, 0, 0, 0
25449, 407040, 0, 0, 0
25550, 437760, 0, 0, 0
25650, 391680, 0, 0, 0
25749, 387878, 0, 0, 0
25849, 399360, 0, 0, 0
25949, 407040, 0, 0, 0
26049, 368640, 0, 0, 0
26149, 391680, 0, 0, 0
26249, 391680, 0, 0, 0
26349, 407040, 0, 0, 0
26449, 407040, 0, 0, 0
26549, 376320, 0, 0, 0
26649, 399360, 0, 0, 0
26749, 384000, 0, 0, 0
26850, 391680, 0, 0, 0
26950, 376320, 0, 0, 0
27050, 407040, 0, 0, 0
27150, 407040, 0, 0, 0
27249, 403393, 0, 0, 0
27349, 399360, 0, 0, 0
27449, 391680, 0, 0, 0
27549, 399360, 0, 0, 0
27649, 399360, 0, 0, 0
27749, 391680, 0, 0, 0
27849, 399360, 0, 0, 0
27949, 407040, 0, 0, 0
28050, 399360, 0, 0, 0
28150, 384000, 0, 0, 0
28249, 387878, 0, 0, 0
28349, 407040, 0, 0, 0
28449, 422400, 0, 0, 0
28549, 407040, 0, 0, 0
28649, 384000, 0, 0, 0
28749, 407040, 0, 0, 0
28849, 422400, 0, 0, 0
28949, 414720, 0, 0, 0
29049, 391680, 0, 0, 0
29149, 384000, 0, 0, 0
29249, 399360, 0, 0, 0
29349, 384000, 0, 0, 0
29450, 391680, 0, 0, 0
29550, 391680, 0, 0, 0
29650, 376320, 0, 0, 0
29749, 403393, 0, 0, 0
29849, 360960, 0, 0, 0
29949, 399360, 0, 0, 0
30049, 360960, 0, 0, 0
30149, 399360, 0, 0, 0
30249, 391680, 0, 0, 0
30349, 391680, 0, 0, 0
30449, 384000, 0, 0, 0
30549, 391680, 0, 0, 0
30650, 384000, 0, 0, 0
30750, 384000, 0, 0, 0
30850, 399360, 0, 0, 0
30950, 422400, 0, 0, 0
31050, 391680, 0, 0, 0
31150, 414720, 0, 0, 0
31249, 372363, 0, 0, 0
31349, 399360, 0, 0, 0
31449, 391680, 0, 0, 0
31549, 391680, 0, 0, 0
31649, 399360, 0, 0, 0
31750, 384000, 0, 0, 0
31850, 399360, 0, 0, 0
31950, 384000, 0, 0, 0
32050, 399360, 0, 0, 0
32150, 399360, 0, 0, 0
32249, 395636, 0, 0, 0
32349, 414720, 0, 0, 0
32449, 399360, 0, 0, 0
32549, 360960, 0, 0, 0
32649, 391680, 0, 0, 0
32749, 384000, 0, 0, 0
32849, 368640, 0, 0, 0
32950, 399360, 0, 0, 0
33050, 360960, 0, 0, 0
33150, 399360, 0, 0, 0
33249, 403393, 0, 0, 0
33349, 368640, 0, 0, 0
33449, 384000, 0, 0, 0
33549, 414720, 0, 0, 0
33649, 391680, 0, 0, 0
33749, 391680, 0, 0, 0
33849, 391680, 0, 0, 0
33949, 391680, 0, 0, 0
34049, 422400, 0, 0, 0
34149, 376320, 0, 0, 0
34250, 399360, 0, 0, 0
34350, 376320, 0, 0, 0
34450, 384000, 0, 0, 0
34550, 391680, 0, 0, 0
34650, 384000, 0, 0, 0
34749, 387878, 0, 0, 0
34849, 407040, 0, 0, 0
34949, 368640, 0, 0, 0
35049, 391680, 0, 0, 0
35149, 337920, 0, 0, 0
35249, 376320, 0, 0, 0
35349, 399360, 0, 0, 0
35449, 407040, 0, 0, 0
35550, 399360, 0, 0, 0
35650, 391680, 0, 0, 0
35749, 395636, 0, 0, 0
35849, 399360, 0, 0, 0
35949, 384000, 0, 0, 0
36049, 414720, 0, 0, 0
36149, 376320, 0, 0, 0
36249, 407040, 0, 0, 0
36349, 376320, 0, 0, 0
36449, 376320, 0, 0, 0
36549, 407040, 0, 0, 0
36649, 407040, 0, 0, 0
36750, 399360, 0, 0, 0
36850, 399360, 0, 0, 0
36950, 391680, 0, 0, 0
37050, 384000, 0, 0, 0
37150, 384000, 0, 0, 0
37249, 380121, 0, 0, 0
37349, 391680, 0, 0, 0
37449, 384000, 0, 0, 0
37549, 384000, 0, 0, 0
37649, 384000, 0, 0, 0
37749, 384000, 0, 0, 0
37849, 399360, 0, 0, 0
37949, 391680, 0, 0, 0
38050, 391680, 0, 0, 0
38150, 376320, 0, 0, 0
38249, 426666, 0, 0, 0
38349, 384000, 0, 0, 0
38449, 422400, 0, 0, 0
38549, 407040, 0, 0, 0
38649, 368640, 0, 0, 0
38749, 376320, 0, 0, 0
38849, 399360, 0, 0, 0
38949, 391680, 0, 0, 0
39049, 414720, 0, 0, 0
39149, 399360, 0, 0, 0
39250, 368640, 0, 0, 0
39350, 384000, 0, 0, 0
39450, 414720, 0, 0, 0
39550, 437760, 0, 0, 0
39650, 407040, 0, 0, 0
39749, 403393, 0, 0, 0
39849, 430080, 0, 0, 0
39949, 399360, 0, 0, 0
40049, 407040, 0, 0, 0
40149, 391680, 0, 0, 0
40249, 376320, 0, 0, 0
40349, 391680, 0, 0, 0
40449, 399360, 0, 0, 0
40550, 414720, 0, 0, 0
40650, 414720, 0, 0, 0
40749, 387878, 0, 0, 0
40849, 399360, 0, 0, 0
40949, 407040, 0, 0, 0
41049, 391680, 0, 0, 0
41149, 414720, 0, 0, 0
41249, 414720, 0, 0, 0
41349, 430080, 0, 0, 0
41449, 407040, 0, 0, 0
41549, 407040, 0, 0, 0
41649, 384000, 0, 0, 0
41750, 376320, 0, 0, 0
41850, 384000, 0, 0, 0
41950, 384000, 0, 0, 0
42050, 407040, 0, 0, 0
42150, 391680, 0, 0, 0
42249, 380121, 0, 0, 0
42349, 391680, 0, 0, 0
42449, 391680, 0, 0, 0
42549, 384000, 0, 0, 0
42649, 399360, 0, 0, 0
42749, 384000, 0, 0, 0
42849, 391680, 0, 0, 0
42949, 414720, 0, 0, 0
43050, 391680, 0, 0, 0
43150, 399360, 0, 0, 0
43249, 372363, 0, 0, 0
43349, 399360, 0, 0, 0
43449, 391680, 0, 0, 0
43549, 399360, 0, 0, 0
43649, 384000, 0, 0, 0
43749, 399360, 0, 0, 0
43849, 376320, 0, 0, 0
43949, 368640, 0, 0, 0
44049, 399360, 0, 0, 0
44149, 368640, 0, 0, 0
44249, 407040, 0, 0, 0
44350, 384000, 0, 0, 0
44450, 384000, 0, 0, 0
44550, 384000, 0, 0, 0
44650, 407040, 0, 0, 0
44749, 395636, 0, 0, 0
44849, 360960, 0, 0, 0
44949, 391680, 0, 0, 0
45049, 376320, 0, 0, 0
45149, 391680, 0, 0, 0
45249, 414720, 0, 0, 0
45349, 376320, 0, 0, 0
45449, 391680, 0, 0, 0
45549, 391680, 0, 0, 0
45649, 376320, 0, 0, 0
45750, 399360, 0, 0, 0
45850, 384000, 0, 0, 0
45950, 360960, 0, 0, 0
46050, 376320, 0, 0, 0
46150, 368640, 0, 0, 0
46249, 380121, 0, 0, 0
46349, 399360, 0, 0, 0
46449, 407040, 0, 0, 0
46549, 399360, 0, 0, 0
46649, 391680, 0, 0, 0
46749, 399360, 0, 0, 0
46849, 376320, 0, 0, 0
46950, 391680, 0, 0, 0
47050, 391680, 0, 0, 0
47150, 384000, 0, 0, 0
47249, 387878, 0, 0, 0
47349, 384000, 0, 0, 0
47449, 376320, 0, 0, 0
47549, 391680, 0, 0, 0
47649, 384000, 0, 0, 0
47749, 399360, 0, 0, 0
47849, 391680, 0, 0, 0
47949, 399360, 0, 0, 0
48049, 407040, 0, 0, 0
48149, 384000, 0, 0, 0
48250, 376320, 0, 0, 0
48350, 399360, 0, 0, 0
48450, 384000, 0, 0, 0
48550, 391680, 0, 0, 0
48650, 414720, 0, 0, 0
48749, 387878, 0, 0, 0
48849, 376320, 0, 0, 0
48949, 384000, 0, 0, 0
49049, 391680, 0, 0, 0
49149, 391680, 0, 0, 0
49249, 360960, 0, 0, 0
49350, 384000, 0, 0, 0
49450, 384000, 0, 0, 0
49550, 399360, 0, 0, 0
49650, 384000, 0, 0, 0
49749, 395636, 0, 0, 0
49849, 407040, 0, 0, 0
49949, 391680, 0, 0, 0
50049, 399360, 0, 0, 0
50149, 376320, 0, 0, 0
50249, 384000, 0, 0, 0
50349, 376320, 0, 0, 0
50449, 368640, 0, 0, 0
50549, 368640, 0, 0, 0
50650, 353280, 0, 0, 0
50749, 395636, 0, 0, 0
50849, 414720, 0, 0, 0
50949, 376320, 0, 0, 0
51049, 414720, 0, 0, 0
51149, 399360, 0, 0, 0
51249, 391680, 0, 0, 0
51349, 399360, 0, 0, 0
51449, 399360, 0, 0, 0
51549, 368640, 0, 0, 0
51649, 445440, 0, 0, 0
51749, 407040, 0, 0, 0
51849, 391680, 0, 0, 0
51950, 407040, 0, 0, 0
52050, 384000, 0, 0, 0
52150, 376320, 0, 0, 0
52249, 380121, 0, 0, 0
52349, 391680, 0, 0, 0
52449, 399360, 0, 0, 0
52549, 391680, 0, 0, 0
52649, 376320, 0, 0, 0
52749, 384000, 0, 0, 0
52849, 414720, 0, 0, 0
52949, 391680, 0, 0, 0
53049, 376320, 0, 0, 0
53150, 391680, 0, 0, 0
53249, 364606, 0, 0, 0
53349, 407040, 0, 0, 0
53449, 368640, 0, 0, 0
53549, 368640, 0, 0, 0
53649, 384000, 0, 0, 0
53749, 345600, 0, 0, 0
53849, 414720, 0, 0, 0
53949, 384000, 0, 0, 0
54049, 384000, 0, 0, 0
54149, 391680, 0, 0, 0
54250, 376320, 0, 0, 0
54350, 399360, 0, 0, 0
54450, 376320, 0, 0, 0
54550, 399360, 0, 0, 0
54650, 422400, 0, 0, 0
54749, 364606, 0, 0, 0
54849, 384000, 0, 0, 0
54949, 399360, 0, 0, 0
55049, 414720, 0, 0, 0
55149, 407040, 0, 0, 0
55249, 384000, 0, 0, 0
55350, 407040, 0, 0, 0
55450, 391680, 0, 0, 0
55550, 376320, 0, 0, 0
55650, 414720, 0, 0, 0
55749, 395636, 0, 0, 0
55849, 391680, 0, 0, 0
55949, 391680, 0, 0, 0
56049, 384000, 0, 0, 0
56149, 384000, 0, 0, 0
56249, 384000, 0, 0, 0
56349, 384000, 0, 0, 0
56450, 384000, 0, 0, 0
56550, 399360, 0, 0, 0
56650, 384000, 0, 0, 0
56749, 403393, 0, 0, 0
56849, 391680, 0, 0, 0
56949, 391680, 0, 0, 0
57049, 368640, 0, 0, 0
57149, 399360, 0, 0, 0
57249, 376320, 0, 0, 0
57349, 391680, 0, 0, 0
57449, 391680, 0, 0, 0
57550, 391680, 0, 0, 0
57650, 376320, 0, 0, 0
57749, 387878, 0, 0, 0
57849, 376320, 0, 0, 0
57949, 430080, 0, 0, 0
58049, 391680, 0, 0, 0
58149, 407040, 0, 0, 0
58249, 384000, 0, 0, 0
58349, 376320, 0, 0, 0
58449, 384000, 0, 0, 0
58549, 399360, 0, 0, 0
58649, 414720, 0, 0, 0
58750, 376320, 0, 0, 0
58850, 407040, 0, 0, 0
58950, 376320, 0, 0, 0
59050, 391680, 0, 0, 0
59150, 384000, 0, 0, 0
59249, 395636, 0, 0, 0
59349, 360960, 0, 0, 0
59449, 407040, 0, 0, 0
59549, 391680, 0, 0, 0
59649, 407040, 0, 0, 0
59749, 384000, 0, 0, 0
59850, 407040, 0, 0, 0
59950, 407040, 0, 0, 0
60050, 430080, 0, 0, 0
60150, 391680, 0, 0, 0
60249, 395636, 0, 0, 0
60349, 422400, 0, 0, 0
60449, 399360, 0, 0, 0
60549, 391680, 0, 0, 0
60649, 368640, 0, 0, 0
60749, 384000, 0, 0, 0
60849, 368640, 0, 0, 0
60950, 414720, 0, 0, 0
61050, 407040, 0, 0, 0
61150, 368640, 0, 0, 0
61249, 380121, 0, 0, 0
61349, 384000, 0, 0, 0
61449, 422400, 0, 0, 0
61549, 422400, 0, 0, 0
61649, 391680, 0, 0, 0
61749, 384000, 0, 0, 0
61849, 391680, 0, 0, 0
61949, 391680, 0, 0, 0
62050, 399360, 0, 0, 0
62150, 376320, 0, 0, 0
62249, 403393, 0, 0, 0
62349, 384000, 0, 0, 0
62449, 407040, 0, 0, 0
62549, 391680, 0, 0, 0
62649, 384000, 0, 0, 0
62749, 384000, 0, 0, 0
62849, 414720, 0, 0, 0
62949, 391680, 0, 0, 0
63049, 399360, 0, 0, 0
63150, 414720, 0, 0, 0
63249, 395636, 0, 0, 0
63349, 407040, 0, 0, 0
63449, 399360, 0, 0, 0
63549, 422400, 0, 0, 0
63649, 345600, 0, 0, 0
63749, 399360, 0, 0, 0
63849, 391680, 0, 0, 0
63949, 407040, 0, 0, 0
64049, 376320, 0, 0, 0
64149, 368640, 0, 0, 0
64249, 376320, 0, 0, 0
64349, 399360, 0, 0, 0
64449, 407040, 0, 0, 0
64550, 384000, 0, 0, 0
64650, 399360, 0, 0, 0
64749, 411151, 0, 0, 0
64849, 368640, 0, 0, 0
64949, 407040, 0, 0, 0
65049, 384000, 0, 0, 0
65149, 384000, 0, 0, 0
65249, 384000, 0, 0, 0
65349, 360960, 0, 0, 0
65449, 384000, 0, 0, 0
65549, 384000, 0, 0, 0
65649, 376320, 0, 0, 0
65750, 360960, 0, 0, 0
65850, 368640, 0, 0, 0
65950, 391680, 0, 0, 0
66050, 376320, 0, 0, 0
66150, 376320, 0, 0, 0
66249, 372363, 0, 0, 0
66349, 368640, 0, 0, 0
66449, 384000, 0, 0, 0
66549, 376320, 0, 0, 0
66649, 391680, 0, 0, 0
66749, 368640, 0, 0, 0
66849, 391680, 0, 0, 0
66949, 391680, 0, 0, 0
67050, 391680, 0, 0, 0
67150, 345600, 0, 0, 0
67249, 395636, 0, 0, 0
67349, 407040, 0, 0, 0
67449, 399360, 0, 0, 0
67549, 399360, 0, 0, 0
67649, 399360, 0, 0, 0
67749, 376320, 0, 0, 0
67849, 391680, 0, 0, 0
67949, 399360, 0, 0, 0
68049, 422400, 0, 0, 0
68149, 384000, 0, 0, 0
68250, 407040, 0, 0, 0
68350, 360960, 0, 0, 0
68450, 391680, 0, 0, 0
68550, 422400, 0, 0, 0
68650, 384000, 0, 0, 0
68749, 403393, 0, 0, 0
68849, 384000, 0, 0, 0
68949, 407040, 0, 0, 0
69050, 391680, 0, 0, 0
69150, 391680, 0, 0, 0
69249, 387878, 0, 0, 0
69349, 399360, 0, 0, 0
69449, 399360, 0, 0, 0
69549, 407040, 0, 0, 0
69649, 399360, 0, 0, 0
69749, 384000, 0, 0, 0
69849, 353280, 0, 0, 0
69949, 391680, 0, 0, 0
70049, 414720, 0, 0, 0
70149, 407040, 0, 0, 0
70250, 376320, 0, 0, 0
70350, 376320, 0, 0, 0
70450, 376320, 0, 0, 0
70550, 360960, 0, 0, 0
70650, 407040, 0, 0, 0
70749, 364606, 0, 0, 0
70849, 399360, 0, 0, 0
70949, 430080, 0, 0, 0
71049, 376320, 0, 0, 0
71149, 384000, 0, 0, 0
71249, 384000, 0, 0, 0
71349, 384000, 0, 0, 0
71450, 399360, 0, 0, 0
71550, 407040, 0, 0, 0
71650, 407040, 0, 0, 0
71749, 403393, 0, 0, 0
71849, 407040, 0, 0, 0
71949, 384000, 0, 0, 0
72049, 391680, 0, 0, 0
72149, 384000, 0, 0, 0
72249, 399360, 0, 0, 0
72349, 391680, 0, 0, 0
72449, 422400, 0, 0, 0
72549, 399360, 0, 0, 0
72649, 391680, 0, 0, 0
72750, 384000, 0, 0, 0
72850, 407040, 0, 0, 0
72950, 414720, 0, 0, 0
73050, 384000, 0, 0, 0
73150, 376320, 0, 0, 0
73249, 364606, 0, 0, 0
73349, 384000, 0, 0, 0
73449, 376320, 0, 0, 0
73549, 430080, 0, 0, 0
73649, 368640, 0, 0, 0
73749, 391680, 0, 0, 0
73849, 384000, 0, 0, 0
73949, 384000, 0, 0, 0
74050, 391680, 0, 0, 0
74150, 391680, 0, 0, 0
74249, 395636, 0, 0, 0
74349, 376320, 0, 0, 0
74449, 384000, 0, 0, 0
74549, 384000, 0, 0, 0
74649, 376320, 0, 0, 0
74749, 376320, 0, 0, 0
74849, 376320, 0, 0, 0
74949, 399360, 0, 0, 0
75049, 399360, 0, 0, 0
75149, 407040, 0, 0, 0
75249, 368640, 0, 0, 0
75350, 376320, 0, 0, 0
75450, 376320, 0, 0, 0
75550, 430080, 0, 0, 0
75650, 414720, 0, 0, 0
75749, 395636, 0, 0, 0
75849, 384000, 0, 0, 0
75949, 391680, 0, 0, 0
76049, 414720, 0, 0, 0
76149, 391680, 0, 0, 0
76249, 368640, 0, 0, 0
76349, 407040, 0, 0, 0
76449, 414720, 0, 0, 0
76550, 422400, 0, 0, 0
76650, 376320, 0, 0, 0
76749, 372363, 0, 0, 0
76849, 384000, 0, 0, 0
76949, 360960, 0, 0, 0
77049, 368640, 0, 0, 0
77149, 399360, 0, 0, 0
77249, 414720, 0, 0, 0
77349, 376320, 0, 0, 0
77449, 376320, 0, 0, 0
77549, 430080, 0, 0, 0
77649, 414720, 0, 0, 0
77749, 391680, 0, 0, 0
77849, 368640, 0, 0, 0
77950, 399360, 0, 0, 0
78050, 376320, 0, 0, 0
78150, 384000, 0, 0, 0
78249, 395636, 0, 0, 0
78349, 391680, 0, 0, 0
78449, 368640, 0, 0, 0
78549, 399360, 0, 0, 0
78649, 399360, 0, 0, 0
78749, 399360, 0, 0, 0
78849, 376320, 0, 0, 0
78949, 376320, 0, 0, 0
79050, 422400, 0, 0, 0
79150, 368640, 0, 0, 0
79249, 380121, 0, 0, 0
79349, 368640, 0, 0, 0
79449, 391680, 0, 0, 0
79549, 399360, 0, 0, 0
79649, 384000, 0, 0, 0
79749, 407040, 0, 0, 0
79849, 384000, 0, 0, 0
79949, 399360, 0, 0, 0
80049, 391680, 0, 0, 0
80149, 391680, 0, 0, 0
80249, 399360, 0, 0, 0
80349, 368640, 0, 0, 0
80450, 368640, 0, 0, 0
80550, 376320, 0, 0, 0
80650, 376320, 0, 0, 0
80749, 387878, 0, 0, 0
80849, 384000, 0, 0, 0
80949, 384000, 0, 0, 0
81049, 407040, 0, 0, 0
81149, 384000, 0, 0, 0
81249, 391680, 0, 0, 0
81349, 422400, 0, 0, 0
81449, 376320, 0, 0, 0
81550, 399360, 0, 0, 0
81650, 399360, 0, 0, 0
81749, 395636, 0, 0, 0
81849, 391680, 0, 0, 0
81949, 391680, 0, 0, 0
82049, 407040, 0, 0, 0
82149, 399360, 0, 0, 0
82249, 384000, 0, 0, 0
82349, 422400, 0, 0, 0
82449, 376320, 0, 0, 0
82549, 384000, 0, 0, 0
82649, 391680, 0, 0, 0
82750, 399360, 0, 0, 0
82850, 407040, 0, 0, 0
82950, 414720, 0, 0, 0
83050, 422400, 0, 0, 0
83150, 430080, 0, 0, 0
83249, 380121, 0, 0, 0
83349, 407040, 0, 0, 0
83449, 422400, 0, 0, 0
83549, 407040, 0, 0, 0
83649, 399360, 0, 0, 0
83750, 391680, 0, 0, 0
83850, 376320, 0, 0, 0
83950, 391680, 0, 0, 0
84050, 430080, 0, 0, 0
84150, 414720, 0, 0, 0
84249, 387878, 0, 0, 0
84349, 391680, 0, 0, 0
84449, 414720, 0, 0, 0
84549, 399360, 0, 0, 0
84649, 384000, 0, 0, 0
84749, 399360, 0, 0, 0
84849, 399360, 0, 0, 0
84949, 376320, 0, 0, 0
85050, 368640, 0, 0, 0
85150, 376320, 0, 0, 0
85249, 380121, 0, 0, 0
85349, 399360, 0, 0, 0
85449, 391680, 0, 0, 0
85549, 399360, 0, 0, 0
85649, 384000, 0, 0, 0
85749, 391680, 0, 0, 0
85849, 391680, 0, 0, 0
85949, 391680, 0, 0, 0
86050, 391680, 0, 0, 0
86150, 414720, 0, 0, 0
86249, 395636, 0, 0, 0
86349, 414720, 0, 0, 0
86449, 391680, 0, 0, 0
86549, 407040, 0, 0, 0
86649, 353280, 0, 0, 0
86749, 384000, 0, 0, 0
86849, 399360, 0, 0, 0
86949, 407040, 0, 0, 0
87050, 399360, 0, 0, 0
87150, 384000, 0, 0, 0
87249, 380121, 0, 0, 0
87349, 391680, 0, 0, 0
87449, 376320, 0, 0, 0
87549, 368640, 0, 0, 0
87649, 391680, 0, 0, 0
87749, 391680, 0, 0, 0
87849, 376320, 0, 0, 0
87949, 414720, 0, 0, 0
88050, 399360, 0, 0, 0
88150, 399360, 0, 0, 0
88249, 364606, 0, 0, 0
88349, 399360, 0, 0, 0
88449, 360960, 0, 0, 0
88549, 414720, 0, 0, 0
88649, 407040, 0, 0, 0
88749, 391680, 0, 0, 0
88849, 414720, 0, 0, 0
88949, 399360, 0, 0, 0
89049, 399360, 0, 0, 0
89149, 391680, 0, 0, 0
89250, 391680, 0, 0, 0
89350, 360960, 0, 0, 0
89450, 391680, 0, 0, 0
89550, 399360, 0, 0, 0
89650, 414720, 0, 0, 0
89749, 403393, 0, 0, 0
89849, 384000, 0, 0, 0
89949, 384000, 0, 0, 0
90049, 391680, 0, 0, 0
90149, 391680, 0, 0, 0
90249, 422400, 0, 0, 0
90350, 391680, 0, 0, 0
90450, 407040, 0, 0, 0
90550, 391680, 0, 0, 0
90650, 407040, 0, 0, 0
90749, 395636, 0, 0, 0
90849, 399360, 0, 0, 0
90949, 368640, 0, 0, 0
91049, 407040, 0, 0, 0
91149, 368640, 0, 0, 0
91249, 360960, 0, 0, 0
91349, 407040, 0, 0, 0
91449, 399360, 0, 0, 0
91550, 391680, 0, 0, 0
91650, 384000, 0, 0, 0
91749, 411151, 0, 0, 0
91849, 376320, 0, 0, 0
91949, 407040, 0, 0, 0
92049, 414720, 0, 0, 0
92149, 407040, 0, 0, 0
92249, 391680, 0, 0, 0
92349, 384000, 0, 0, 0
92449, 384000, 0, 0, 0
92549, 399360, 0, 0, 0
92649, 384000, 0, 0, 0
92750, 360960, 0, 0, 0
92850, 384000, 0, 0, 0
92950, 360960, 0, 0, 0
93050, 399360, 0, 0, 0
93150, 399360, 0, 0, 0
93249, 395636, 0, 0, 0
93349, 391680, 0, 0, 0
93449, 376320, 0, 0, 0
93549, 384000, 0, 0, 0
93649, 360960, 0, 0, 0
93750, 399360, 0, 0, 0
93850, 407040, 0, 0, 0
93950, 399360, 0, 0, 0
94050, 384000, 0, 0, 0
94150, 391680, 0, 0, 0
94249, 387878, 0, 0, 0
94349, 399360, 0, 0, 0
94449, 414720, 0, 0, 0
94549, 368640, 0, 0, 0
94649, 376320, 0, 0, 0
94749, 399360, 0, 0, 0
94849, 376320, 0, 0, 0
94949, 384000, 0, 0, 0
95049, 368640, 0, 0, 0
95150, 399360, 0, 0, 0
95249, 387878, 0, 0, 0
95349, 384000, 0, 0, 0
95449, 407040, 0, 0, 0
95549, 407040, 0, 0, 0
95649, 384000, 0, 0, 0
95749, 368640, 0, 0, 0
95849, 414720, 0, 0, 0
95949, 376320, 0, 0, 0
96049, 414720, 0, 0, 0
96149, 399360, 0, 0, 0
96249, 391680, 0, 0, 0
96349, 376320, 0, 0, 0
96450, 391680, 0, 0, 0
96550, 384000, 0, 0, 0
96650, 360960, 0, 0, 0
96749, 380121, 0, 0, 0
96849, 391680, 0, 0, 0
96949, 391680, 0, 0, 0
97049, 384000, 0, 0, 0
97149, 376320, 0, 0, 0
97249, 376320, 0, 0, 0
97349, 384000, 0, 0, 0
97449, 384000, 0, 0, 0
97550, 399360, 0, 0, 0
97650, 391680, 0, 0, 0
97749, 403393, 0, 0, 0
97849, 391680, 0, 0, 0
97949, 399360, 0, 0, 0
98049, 376320, 0, 0, 0
98149, 422400, 0, 0, 0
98249, 391680, 0, 0, 0
98349, 414720, 0, 0, 0
98449, 414720, 0, 0, 0
98550, 360960, 0, 0, 0
98650, 407040, 0, 0, 0
98749, 395636, 0, 0, 0
98849, 399360, 0, 0, 0
98949, 391680, 0, 0, 0
99049, 407040, 0, 0, 0
99149, 368640, 0, 0, 0
99249, 407040, 0, 0, 0
99349, 391680, 0, 0, 0
99449, 399360, 0, 0, 0
99549, 384000, 0, 0, 0
99649, 368640, 0, 0, 0
99750, 360960, 0, 0, 0
99850, 376320, 0, 0, 0
99950, 422400, 0, 0, 0
100050, 407040, 0, 0, 0
100150, 391680, 0, 0, 0
100249, 372363, 0, 0, 0
100349, 376320, 0, 0, 0
100449, 384000, 0, 0, 0
100549, 430080, 0, 0, 0
100649, 407040, 0, 0, 0
100749, 391680, 0, 0, 0
100849, 391680, 0, 0, 0
100949, 399360, 0, 0, 0
101050, 391680, 0, 0, 0
101150, 399360, 0, 0, 0
101249, 395636, 0, 0, 0
101349, 407040, 0, 0, 0
101449, 384000, 0, 0, 0
101549, 422400, 0, 0, 0
101649, 391680, 0, 0, 0
101749, 407040, 0, 0, 0
101849, 376320, 0, 0, 0
101949, 399360, 0, 0, 0
102049, 376320, 0, 0, 0
102150, 430080, 0, 0, 0
102249, 395636, 0, 0, 0
102349, 376320, 0, 0, 0
102449, 430080, 0, 0, 0
102549, 399360, 0, 0, 0
102649, 376320, 0, 0, 0
102749, 391680, 0, 0, 0
102849, 384000, 0, 0, 0
102949, 384000, 0, 0, 0
103049, 407040, 0, 0, 0
103149, 391680, 0, 0, 0
103249, 414720, 0, 0, 0
103350, 391680, 0, 0, 0
103450, 360960, 0, 0, 0
103550, 391680, 0, 0, 0
103650, 391680, 0, 0, 0
103749, 387878, 0, 0, 0
103849, 399360, 0, 0, 0
103949, 384000, 0, 0, 0
104049, 399360, 0, 0, 0
104150, 391680, 0, 0, 0
104249, 380121, 0, 0, 0
104349, 376320, 0, 0, 0
104449, 384000, 0, 0, 0
104549, 376320, 0, 0, 0
104649, 399360, 0, 0, 0
104749, 376320, 0, 0, 0
104849, 391680, 0, 0, 0
104949, 391680, 0, 0, 0
105049, 399360, 0, 0, 0
105149, 376320, 0, 0, 0
105249, 384000, 0, 0, 0
105349, 368640, 0, 0, 0
105449, 391680, 0, 0, 0
105550, 391680, 0, 0, 0
105650, 376320, 0, 0, 0
105749, 411151, 0, 0, 0
105849, 368640, 0, 0, 0
105949, 376320, 0, 0, 0
106049, 407040, 0, 0, 0
106149, 384000, 0, 0, 0
106249, 368640, 0, 0, 0
106349, 376320, 0, 0, 0
106449, 399360, 0, 0, 0
106549, 414720, 0, 0, 0
106650, 384000, 0, 0, 0
106749, 387878, 0, 0, 0
106849, 384000, 0, 0, 0
106949, 399360, 0, 0, 0
107049, 407040, 0, 0, 0
107149, 399360, 0, 0, 0
107249, 368640, 0, 0, 0
107349, 391680, 0, 0, 0
107449, 368640, 0, 0, 0
107549, 399360, 0, 0, 0
107649, 407040, 0, 0, 0
107750, 384000, 0, 0, 0
107850, 399360, 0, 0, 0
107950, 391680, 0, 0, 0
108050, 391680, 0, 0, 0
108150, 368640, 0, 0, 0
108249, 380121, 0, 0, 0
108349, 407040, 0, 0, 0
108449, 384000, 0, 0, 0
108549, 391680, 0, 0, 0
108649, 360960, 0, 0, 0
108749, 437760, 0, 0, 0
108849, 407040, 0, 0, 0
108950, 384000, 0, 0, 0
109050, 384000, 0, 0, 0
109150, 399360, 0, 0, 0
109249, 426666, 0, 0, 0
109349, 399360, 0, 0, 0
109449, 376320, 0, 0, 0
109549, 437760, 0, 0, 0
109649, 384000, 0, 0, 0
109749, 384000, 0, 0, 0
109849, 391680, 0, 0, 0
109949, 368640, 0, 0, 0
110049, 368640, 0, 0, 0
110149, 422400, 0, 0, 0
110250, 391680, 0, 0, 0
110350, 376320, 0, 0, 0
110450, 376320, 0, 0, 0
110550, 414720, 0, 0, 0
110650, 391680, 0, 0, 0
110749, 372363, 0, 0, 0
110849, 376320, 0, 0, 0
110949, 414720, 0, 0, 0
111049, 384000, 0, 0, 0
111149, 414720, 0, 0, 0
111249, 399360, 0, 0, 0
111349, 384000, 0, 0, 0
111449, 384000, 0, 0, 0
111550, 407040, 0, 0, 0
111650, 399360, 0, 0, 0
111749, 372363, 0, 0, 0
111849, 407040, 0, 0, 0
111949, 407040, 0, 0, 0
112049, 391680, 0, 0, 0
112149, 384000, 0, 0, 0
112249, 391680, 0, 0, 0
112349, 399360, 0, 0, 0
112449, 391680, 0, 0, 0
112549, 407040, 0, 0, 0
112650, 430080, 0, 0, 0
112749, 411151, 0, 0, 0
112849, 399360, 0, 0, 0
112949, 422400, 0, 0, 0
113049, 376320, 0, 0, 0
113149, 391680, 0, 0, 0
113249, 391680, 0, 0, 0
113349, 368640, 0, 0, 0
113449, 399360, 0, 0, 0
113549, 399360, 0, 0, 0
113649, 407040, 0, 0, 0
113749, 407040, 0, 0, 0
113849, 399360, 0, 0, 0
113950, 391680, 0, 0, 0
114050, 407040, 0, 0, 0
114150, 391680, 0, 0, 0
114249, 372363, 0, 0, 0
114349, 384000, 0, 0, 0
114449, 407040, 0, 0, 0
114549, 384000, 0, 0, 0
114649, 399360, 0, 0, 0
114749, 376320, 0, 0, 0
114849, 368640, 0, 0, 0
114949, 384000, 0, 0, 0
115049, 368640, 0, 0, 0
115149, 399360, 0, 0, 0
115250, 384000, 0, 0, 0
115350, 414720, 0, 0, 0
115450, 368640, 0, 0, 0
115550, 368640, 0, 0, 0
115650, 399360, 0, 0, 0
115749, 395636, 0, 0, 0
115849, 391680, 0, 0, 0
115949, 376320, 0, 0, 0
116049, 407040, 0, 0, 0
116149, 384000, 0, 0, 0
116250, 407040, 0, 0, 0
116350, 360960, 0, 0, 0
116450, 376320, 0, 0, 0
116550, 414720, 0, 0, 0
116650, 360960, 0, 0, 0
116749, 387878, 0, 0, 0
116849, 376320, 0, 0, 0
116949, 368640, 0, 0, 0
117049, 391680, 0, 0, 0
117149, 376320, 0, 0, 0
117249, 391680, 0, 0, 0
117349, 376320, 0, 0, 0
117449, 399360, 0, 0, 0
117550, 407040, 0, 0, 0
117650, 407040, 0, 0, 0
117749, 403393, 0, 0, 0
117849, 391680, 0, 0, 0
117949, 414720, 0, 0, 0
118049, 391680, 0, 0, 0
118149, 391680, 0, 0, 0
118249, 376320, 0, 0, 0
118349, 384000, 0, 0, 0
118449, 430080, 0, 0, 0
118549, 376320, 0, 0, 0
118650, 391680, 0, 0, 0
118749, 403393, 0, 0, 0
118849, 384000, 0, 0, 0
118949, 384000, 0, 0, 0
119049, 399360, 0, 0, 0
119149, 391680, 0, 0, 0
119249, 407040, 0, 0, 0
119349, 391680, 0, 0, 0
119449, 414720, 0, 0, 0
119549, 391680, 0, 0, 0
119650, 399360, 0, 0, 0
119749, 387878, 0, 0, 0
119849, 414720, 0, 0, 0
119949, 384000, 0, 0, 0
120049, 384000, 0, 0, 0
120149, 368640, 0, 0, 0
120249, 399360, 0, 0, 0
120349, 384000, 0, 0, 0
120449, 391680, 0, 0, 0
120549, 399360, 0, 0, 0
120649, 414720, 0, 0, 0
120750, 407040, 0, 0, 0
120850, 391680, 0, 0, 0
120950, 399360, 0, 0, 0
121050, 376320, 0, 0, 0
121150, 414720, 0, 0, 0
121249, 403393, 0, 0, 0
121349, 391680, 0, 0, 0
121449, 399360, 0, 0, 0
121549, 407040, 0, 0, 0
121650, 414720, 0, 0, 0
121749, 372363, 0, 0, 0
121849, 391680, 0, 0, 0
121949, 399360, 0, 0, 0
122049, 407040, 0, 0, 0
122149, 376320, 0, 0, 0
122249, 384000, 0, 0, 0
122349, 384000, 0, 0, 0
122449, 422400, 0, 0, 0
122549, 376320, 0, 0, 0
122649, 368640, 0, 0, 0
122750, 422400, 0, 0, 0
122850, 376320, 0, 0, 0
122950, 407040, 0, 0, 0
123050, 384000, 0, 0, 0
123150, 391680, 0, 0, 0
123249, 403393, 0, 0, 0
123349, 414720, 0, 0, 0
123449, 384000, 0, 0, 0
123549, 399360, 0, 0, 0
123649, 414720, 0, 0, 0
123749, 399360, 0, 0, 0
123849, 376320, 0, 0, 0
123950, 430080, 0, 0, 0
124050, 399360, 0, 0, 0
124150, 391680, 0, 0, 0
124249, 372363, 0, 0, 0
124349, 376320, 0, 0, 0
124449, 360960, 0, 0, 0
124549, 422400, 0, 0, 0
124649, 399360, 0, 0, 0
124749, 430080, 0, 0, 0
124849, 391680, 0, 0, 0
124949, 430080, 0, 0, 0
125050, 376320, 0, 0, 0
125150, 384000, 0, 0, 0
125249, 403393, 0, 0, 0
125349, 384000, 0, 0, 0
125449, 391680, 0, 0, 0
125549, 391680, 0, 0, 0
125649, 368640, 0, 0, 0
125749, 391680, 0, 0, 0
125849, 384000, 0, 0, 0
125949, 384000, 0, 0, 0
126049, 399360, 0, 0, 0
126149, 368640, 0, 0, 0
126249, 391680, 0, 0, 0
126350, 376320, 0, 0, 0
126450, 399360, 0, 0, 0
126550, 384000, 0, 0, 0
126650, 391680, 0, 0, 0
126749, 395636, 0, 0, 0
126849, 384000, 0, 0, 0
126949, 376320, 0, 0, 0
127049, 376320, 0, 0, 0
127149, 399360, 0, 0, 0
127249, 368640, 0, 0, 0
127349, 391680, 0, 0, 0
127449, 391680, 0, 0, 0
127549, 384000, 0, 0, 0
127649, 422400, 0, 0, 0
127750, 391680, 0, 0, 0
127850, 391680, 0, 0, 0
127950, 376320, 0, 0, 0
128050, 384000, 0, 0, 0
128150, 399360, 0, 0, 0
128249, 372363, 0, 0, 0
128349, 399360, 0, 0, 0
128449, 407040, 0, 0, 0
128549, 422400, 0, 0, 0
128649, 391680, 0, 0, 0
128749, 399360, 0, 0, 0
128849, 384000, 0, 0, 0
128949, 391680, 0, 0, 0
129050, 376320, 0, 0, 0
129150, 384000, 0, 0, 0
129249, 395636, 0, 0, 0
129349, 407040, 0, 0, 0
129449, 407040, 0, 0, 0
129549, 384000, 0, 0, 0
129649, 376320, 0, 0, 0
129749, 384000, 0, 0, 0
129849, 391680, 0, 0, 0
129949, 376320, 0, 0, 0
130049, 376320, 0, 0, 0
130149, 407040, 0, 0, 0
130250, 384000, 0, 0, 0
130350, 368640, 0, 0, 0
130450, 384000, 0, 0, 0
130550, 407040, 0, 0, 0
130650, 407040, 0, 0, 0
130749, 418909, 0, 0, 0
130849, 399360, 0, 0, 0
130949, 407040, 0, 0, 0
131049, 430080, 0, 0, 0
131149, 368640, 0, 0, 0
131250, 391680, 0, 0, 0
131350, 399360, 0, 0, 0
131450, 422400, 0, 0, 0
131550, 391680, 0, 0, 0
131650, 399360, 0, 0, 0
131749, 387878, 0, 0, 0
131849, 422400, 0, 0, 0
131949, 414720, 0, 0, 0
132049, 414720, 0, 0, 0
132149, 376320, 0, 0, 0
132249, 391680, 0, 0, 0
132349, 384000, 0, 0, 0
132450, 399360, 0, 0, 0
132550, 407040, 0, 0, 0
132650, 399360, 0, 0, 0
132749, 403393, 0, 0, 0
132849, 391680, 0, 0, 0
132949, 376320, 0, 0, 0
133049, 399360, 0, 0, 0
133149, 430080, 0, 0, 0
133249, 384000, 0, 0, 0
133349, 414720, 0, 0, 0
133449, 391680, 0, 0, 0
133550, 430080, 0, 0, 0
133650, 414720, 0, 0, 0
133749, 395636, 0, 0, 0
133849, 414720, 0, 0, 0
133949, 391680, 0, 0, 0
134049, 414720, 0, 0, 0
134149, 391680, 0, 0, 0
134249, 430080, 0, 0, 0
134349, 384000, 0, 0, 0
134449, 384000, 0, 0, 0
134550, 399360, 0, 0, 0
134650, 376320, 0, 0, 0
134749, 387878, 0, 0, 0
134849, 399360, 0, 0, 0
134949, 384000, 0, 0, 0
135049, 399360, 0, 0, 0
135149, 376320, 0, 0, 0
135249, 391680, 0, 0, 0
135349, 384000, 0, 0, 0
135449, 376320, 0, 0, 0
135549, 384000, 0, 0, 0
135649, 422400, 0, 0, 0
135750, 360960, 0, 0, 0
135850, 391680, 0, 0, 0
135950, 376320, 0, 0, 0
136050, 407040, 0, 0, 0
136150, 391680, 0, 0, 0
136249, 395636, 0, 0, 0
136349, 391680, 0, 0, 0
136449, 391680, 0, 0, 0
136549, 391680, 0, 0, 0
136649, 384000, 0, 0, 0
136749, 384000, 0, 0, 0
136849, 391680, 0, 0, 0
136949, 391680, 0, 0, 0
137050, 414720, 0, 0, 0
137150, 391680, 0, 0, 0
137249, 387878, 0, 0, 0
137349, 360960, 0, 0, 0
137449, 384000, 0, 0, 0
137549, 360960, 0, 0, 0
137649, 399360, 0, 0, 0
137749, 376320, 0, 0, 0
137849, 437760, 0, 0, 0
137949, 407040, 0, 0, 0
138049, 407040, 0, 0, 0
138149, 391680, 0, 0, 0
138250, 414720, 0, 0, 0
138350, 399360, 0, 0, 0
138450, 384000, 0, 0, 0
138550, 391680, 0, 0, 0
138650, 399360, 0, 0, 0
138749, 387878, 0, 0, 0
138849, 376320, 0, 0, 0
138949, 384000, 0, 0, 0
139049, 384000, 0, 0, 0
139149, 368640, 0, 0, 0
139249, 353280, 0, 0, 0
139349, 376320, 0, 0, 0
139449, 384000, 0, 0, 0
139550, 399360, 0, 0, 0
139650, 399360, 0, 0, 0
139749, 372363, 0, 0, 0
139849, 407040, 0, 0, 0
139949, 407040, 0, 0, 0
140049, 407040, 0, 0, 0
140149, 414720, 0, 0, 0
140249, 391680, 0, 0, 0
140349, 376320, 0, 0, 0
140449, 414720, 0, 0, 0
140550, 399360, 0, 0, 0
140650, 384000, 0, 0, 0
140749, 395636, 0, 0, 0
140849, 399360, 0, 0, 0
140949, 407040, 0, 0, 0
141049, 414720, 0, 0, 0
141149, 399360, 0, 0, 0
141249, 391680, 0, 0, 0
141349, 414720, 0, 0, 0
141449, 407040, 0, 0, 0
141550, 384000, 0, 0, 0
141650, 391680, 0, 0, 0
141749, 395636, 0, 0, 0
141849, 399360, 0, 0, 0
141949, 407040, 0, 0, 0
142049, 407040, 0, 0, 0
142149, 360960, 0, 0, 0
142249, 376320, 0, 0, 0
142349, 368640, 0, 0, 0
142449, 384000, 0, 0, 0
142549, 384000, 0, 0, 0
142649, 391680, 0, 0, 0
142750, 414720, 0, 0, 0
142850, 376320, 0, 0, 0
142950, 407040, 0, 0, 0
143050, 407040, 0, 0, 0
143150, 376320, 0, 0, 0
143249, 380121, 0, 0, 0
143349, 399360, 0, 0, 0
143449, 399360, 0, 0, 0
143549, 391680, 0, 0, 0
143649, 368640, 0, 0, 0
143749, 414720, 0, 0, 0
143849, 399360, 0, 0, 0
143949, 368640, 0, 0, 0
144050, 407040, 0, 0, 0
144150, 422400, 0, 0, 0
144249, 380121, 0, 0, 0
144349, 391680, 0, 0, 0
144449, 414720, 0, 0, 0
144549, 391680, 0, 0, 0
144649, 399360, 0, 0, 0
144749, 414720, 0, 0, 0
144849, 391680, 0, 0, 0
144949, 376320, 0, 0, 0
145049, 384000, 0, 0, 0
145149, 376320, 0, 0, 0
145250, 391680, 0, 0, 0
145350, 391680, 0, 0, 0
145450, 407040, 0, 0, 0
145550, 407040, 0, 0, 0
145650, 391680, 0, 0, 0
145749, 372363, 0, 0, 0
145849, 391680, 0, 0, 0
145949, 360960, 0, 0, 0
146049, 391680, 0, 0, 0
146149, 399360, 0, 0, 0
146250, 391680, 0, 0, 0
146350, 399360, 0, 0, 0
146450, 399360, 0, 0, 0
146550, 399360, 0, 0, 0
146650, 376320, 0, 0, 0
146749, 372363, 0, 0, 0
146849, 399360, 0, 0, 0
146949, 399360, 0, 0, 0
147049, 422400, 0, 0, 0
147149, 407040, 0, 0, 0
147250, 407040, 0, 0, 0
147350, 407040, 0, 0, 0
147450, 422400, 0, 0, 0
147550, 376320, 0, 0, 0
147650, 399360, 0, 0, 0
147749, 403393, 0, 0, 0
147849, 391680, 0, 0, 0
147949, 391680, 0, 0, 0
148049, 376320, 0, 0, 0
148149, 391680, 0, 0, 0
148249, 391680, 0, 0, 0
148349, 384000, 0, 0, 0
148450, 399360, 0, 0, 0
148550, 384000, 0, 0, 0
148650, 376320, 0, 0, 0
148749, 418909, 0, 0, 0
148849, 391680, 0, 0, 0
148949, 376320, 0, 0, 0
149049, 399360, 0, 0, 0
149149, 391680, 0, 0, 0
149249, 384000, 0, 0, 0
149349, 399360, 0, 0, 0
149449, 391680, 0, 0, 0
149550, 391680, 0, 0, 0
149650, 391680, 0, 0, 0
149749, 411151, 0, 0, 0
149849, 437760, 0, 0, 0
149949, 376320, 0, 0, 0
150049, 399360, 0, 0, 0
150149, 407040, 0, 0, 0
150249, 376320, 0, 0, 0
150349, 376320, 0, 0, 0
150449, 376320, 0, 0, 0
150549, 414720, 0, 0, 0
150650, 384000, 0, 0, 0
150749, 395636, 0, 0, 0
150849, 384000, 0, 0, 0
150949, 368640, 0, 0, 0
151049, 407040, 0, 0, 0
151149, 368640, 0, 0, 0
151249, 384000, 0, 0, 0
151349, 376320, 0, 0, 0
151449, 399360, 0, 0, 0
151549, 407040, 0, 0, 0
151649, 399360, 0, 0, 0
151750, 391680, 0, 0, 0
151850, 384000, 0, 0, 0
151950, 384000, 0, 0, 0
152050, 437760, 0, 0, 0
152150, 384000, 0, 0, 0
152249, 403393, 0, 0, 0
152349, 391680, 0, 0, 0
152449, 391680, 0, 0, 0
152549, 407040, 0, 0, 0
152649, 414720, 0, 0, 0
152750, 384000, 0, 0, 0
152850, 391680, 0, 0, 0
152950, 399360, 0, 0, 0
153050, 407040, 0, 0, 0
153150, 368640, 0, 0, 0
153249, 364606, 0, 0, 0
153349, 399360, 0, 0, 0
153449, 384000, 0, 0, 0
153549, 391680, 0, 0, 0
153649, 391680, 0, 0, 0
153749, 391680, 0, 0, 0
153849, 422400, 0, 0, 0
153949, 399360, 0, 0, 0
154050, 376320, 0, 0, 0
154150, 422400, 0, 0, 0
154249, 372363, 0, 0, 0
154349, 407040, 0, 0, 0
154449, 407040, 0, 0, 0
154549, 376320, 0, 0, 0
154649, 414720, 0, 0, 0
154749, 368640, 0, 0, 0
154849, 391680, 0, 0, 0
154949, 384000, 0, 0, 0
155050, 391680, 0, 0, 0
155150, 414720, 0, 0, 0
155249, 403393, 0, 0, 0
155349, 414720, 0, 0, 0
155449, 368640, 0, 0, 0
155549, 345600, 0, 0, 0
155649, 399360, 0, 0, 0
155749, 399360, 0, 0, 0
155849, 384000, 0, 0, 0
155949, 368640, 0, 0, 0
156049, 391680, 0, 0, 0
156149, 391680, 0, 0, 0
156250, 376320, 0, 0, 0
156350, 360960, 0, 0, 0
156450, 384000, 0, 0, 0
156550, 399360, 0, 0, 0
156650, 384000, 0, 0, 0
156749, 380121, 0, 0, 0
156849, 384000, 0, 0, 0
156949, 376320, 0, 0, 0
157049, 384000, 0, 0, 0
157149, 399360, 0, 0, 0
157249, 360960, 0, 0, 0
157349, 391680, 0, 0, 0
157449, 384000, 0, 0, 0
157550, 407040, 0, 0, 0
157650, 391680, 0, 0, 0
157749, 403393, 0, 0, 0
157849, 376320, 0, 0, 0
157949, 422400, 0, 0, 0
158049, 384000, 0, 0, 0
158149, 391680, 0, 0, 0
158249, 384000, 0, 0, 0
158349, 399360, 0, 0, 0
158449, 376320, 0, 0, 0
158549, 376320, 0, 0, 0
158649, 407040, 0, 0, 0
158750, 384000, 0, 0, 0
158850, 391680, 0, 0, 0
158950, 384000, 0, 0, 0
159050, 399360, 0, 0, 0
159150, 391680, 0, 0, 0
159249, 426666, 0, 0, 0
159349, 399360, 0, 0, 0
159449, 391680, 0, 0, 0
159549, 399360, 0, 0, 0
159649, 407040, 0, 0, 0
159750, 384000, 0, 0, 0
159850, 376320, 0, 0, 0
159950, 422400, 0, 0, 0
160050, 414720, 0, 0, 0
160150, 399360, 0, 0, 0
160249, 403393, 0, 0, 0
160349, 414720, 0, 0, 0
160449, 376320, 0, 0, 0
160549, 376320, 0, 0, 0
160649, 384000, 0, 0, 0
160749, 422400, 0, 0, 0
160850, 384000, 0, 0, 0
160950, 376320, 0, 0, 0
161050, 399360, 0, 0, 0
161150, 399360, 0, 0, 0
161249, 411151, 0, 0, 0
161349, 391680, 0, 0, 0
161449, 391680, 0, 0, 0
161549, 407040, 0, 0, 0
161649, 376320, 0, 0, 0
161749, 391680, 0, 0, 0
161849, 391680, 0, 0, 0
161949, 391680, 0, 0, 0
162050, 391680, 0, 0, 0
162150, 376320, 0, 0, 0
162249, 395636, 0, 0, 0
162349, 376320, 0, 0, 0
162449, 376320, 0, 0, 0
162549, 376320, 0, 0, 0
162649, 384000, 0, 0, 0
162749, 399360, 0, 0, 0
162849, 368640, 0, 0, 0
162949, 391680, 0, 0, 0
163049, 391680, 0, 0, 0
163149, 384000, 0, 0, 0
163249, 376320, 0, 0, 0
163349, 376320, 0, 0, 0
163450, 384000, 0, 0, 0
163550, 368640, 0, 0, 0
163650, 407040, 0, 0, 0
163749, 403393, 0, 0, 0
163849, 399360, 0, 0, 0
163949, 384000, 0, 0, 0
164049, 399360, 0, 0, 0
164149, 407040, 0, 0, 0
164249, 399360, 0, 0, 0
164349, 391680, 0, 0, 0
164449, 407040, 0, 0, 0
164549, 399360, 0, 0, 0
164650, 376320, 0, 0, 0
164749, 434424, 0, 0, 0
164849, 399360, 0, 0, 0
164949, 414720, 0, 0, 0
165049, 422400, 0, 0, 0
165149, 391680, 0, 0, 0
165249, 407040, 0, 0, 0
165349, 407040, 0, 0, 0
165449, 407040, 0, 0, 0
165549, 376320, 0, 0, 0
165649, 414720, 0, 0, 0
165749, 384000, 0, 0, 0
165850, 414720, 0, 0, 0
165950, 376320, 0, 0, 0
166050, 376320, 0, 0, 0
166150, 360960, 0, 0, 0
166249, 411151, 0, 0, 0
166349, 399360, 0, 0, 0
166449, 391680, 0, 0, 0
166549, 384000, 0, 0, 0
166649, 399360, 0, 0, 0
166749, 384000, 0, 0, 0
166849, 384000, 0, 0, 0
166949, 376320, 0, 0, 0
167049, 376320, 0, 0, 0
167150, 360960, 0, 0, 0
167249, 380121, 0, 0, 0
167349, 368640, 0, 0, 0
167449, 430080, 0, 0, 0
167549, 353280, 0, 0, 0
167649, 399360, 0, 0, 0
167749, 376320, 0, 0, 0
167849, 376320, 0, 0, 0
167949, 399360, 0, 0, 0
168049, 391680, 0, 0, 0
168149, 407040, 0, 0, 0
168249, 376320, 0, 0, 0
168349, 384000, 0, 0, 0
168449, 384000, 0, 0, 0
168550, 368640, 0, 0, 0
168650, 368640, 0, 0, 0
168749, 387878, 0, 0, 0
168849, 399360, 0, 0, 0
168949, 376320, 0, 0, 0
169049, 414720, 0, 0, 0
169149, 414720, 0, 0, 0
169249, 376320, 0, 0, 0
169349, 384000, 0, 0, 0
169449, 399360, 0, 0, 0
169549, 368640, 0, 0, 0
169649, 414720, 0, 0, 0
169750, 399360, 0, 0, 0
169850, 399360, 0, 0, 0
169950, 384000, 0, 0, 0
170050, 376320, 0, 0, 0
170150, 384000, 0, 0, 0
170249, 395636, 0, 0, 0
170349, 368640, 0, 0, 0
170449, 391680, 0, 0, 0
170549, 407040, 0, 0, 0
170649, 399360, 0, 0, 0
170749, 430080, 0, 0, 0
170849, 422400, 0, 0, 0
170950, 384000, 0, 0, 0
171050, 384000, 0, 0, 0
171150, 360960, 0, 0, 0
171249, 387878, 0, 0, 0
171349, 399360, 0, 0, 0
171449, 376320, 0, 0, 0
171549, 407040, 0, 0, 0
171649, 399360, 0, 0, 0
171749, 407040, 0, 0, 0
171849, 422400, 0, 0, 0
171949, 399360, 0, 0, 0
172050, 391680, 0, 0, 0
172150, 376320, 0, 0, 0
172249, 387878, 0, 0, 0
172349, 368640, 0, 0, 0
172449, 399360, 0, 0, 0
172549, 414720, 0, 0, 0
172649, 414720, 0, 0, 0
172749, 384000, 0, 0, 0
172849, 360960, 0, 0, 0
172949, 368640, 0, 0, 0
173050, 384000, 0, 0, 0
173150, 414720, 0, 0, 0
173249, 380121, 0, 0, 0
173349, 368640, 0, 0, 0
173449, 399360, 0, 0, 0
173549, 368640, 0, 0, 0
173649, 368640, 0, 0, 0
173749, 407040, 0, 0, 0
173849, 407040, 0, 0, 0
173949, 422400, 0, 0, 0
174049, 384000, 0, 0, 0
174149, 384000, 0, 0, 0
174250, 391680, 0, 0, 0
174350, 384000, 0, 0, 0
174450, 376320, 0, 0, 0
174550, 414720, 0, 0, 0
174650, 391680, 0, 0, 0
174749, 380121, 0, 0, 0
174849, 360960, 0, 0, 0
174949, 399360, 0, 0, 0
175049, 345600, 0, 0, 0
175149, 384000, 0, 0, 0
175249, 399360, 0, 0, 0
175349, 376320, 0, 0, 0
175449, 353280, 0, 0, 0
175550, 368640, 0, 0, 0
175650, 384000, 0, 0, 0
175749, 395636, 0, 0, 0
175849, 399360, 0, 0, 0
175949, 384000, 0, 0, 0
176049, 376320, 0, 0, 0
176149, 368640, 0, 0, 0
176249, 376320, 0, 0, 0
176349, 368640, 0, 0, 0
176449, 391680, 0, 0, 0
176549, 368640, 0, 0, 0
176649, 384000, 0, 0, 0
176750, 384000, 0, 0, 0
176850, 384000, 0, 0, 0
176950, 391680, 0, 0, 0
177050, 376320, 0, 0, 0
177150, 384000, 0, 0, 0
177249, 387878, 0, 0, 0
177349, 368640, 0, 0, 0
177449, 384000, 0, 0, 0
177549, 384000, 0, 0, 0
177649, 399360, 0, 0, 0
177749, 391680, 0, 0, 0
177849, 368640, 0, 0, 0
177949, 384000, 0, 0, 0
178050, 391680, 0, 0, 0
178150, 399360, 0, 0, 0
178249, 356848, 0, 0, 0
178349, 391680, 0, 0, 0
178449, 384000, 0, 0, 0
178549, 407040, 0, 0, 0
178649, 384000, 0, 0, 0
178749, 407040, 0, 0, 0
178849, 391680, 0, 0, 0
178949, 399360, 0, 0, 0
179050, 368640, 0, 0, 0
179150, 391680, 0, 0, 0
179249, 395636, 0, 0, 0
179349, 368640, 0, 0, 0
179449, 376320, 0, 0, 0
179549, 391680, 0, 0, 0
179649, 391680, 0, 0, 0
179749, 384000, 0, 0, 0
179849, 368640, 0, 0, 0
179949, 437760, 0, 0, 0
