250, 262144, 0, 0, 0
350, 245760, 0, 0, 0
450, 348160, 0, 0, 0
550, 225280, 0, 0, 0
650, 245760, 0, 0, 0
749, 330989, 0, 0, 0
849, 266240, 0, 0, 0
949, 245760, 0, 0, 0
1050, 184320, 0, 0, 0
1150, 286720, 0, 0, 0
1249, 351676, 0, 0, 0
1349, 307200, 0, 0, 0
1449, 327680, 0, 0, 0
1549, 266240, 0, 0, 0
1649, 348160, 0, 0, 0
1749, 348160, 0, 0, 0
1849, 245760, 0, 0, 0
1949, 184320, 0, 0, 0
2050, 327680, 0, 0, 0
2150, 245760, 0, 0, 0
2249, 227555, 0, 0, 0
2349, 266240, 0, 0, 0
2449, 286720, 0, 0, 0
2549, 245760, 0, 0, 0
2649, 348160, 0, 0, 0
2749, 204800, 0, 0, 0
2849, 286720, 0, 0, 0
2949, 286720, 0, 0, 0
3050, 245760, 0, 0, 0
3150, 225280, 0, 0, 0
3249, 289616, 0, 0, 0
3349, 266240, 0, 0, 0
3449, 245760, 0, 0, 0
3549, 286720, 0, 0, 0
3649, 307200, 0, 0, 0
3750, 225280, 0, 0, 0
3850, 245760, 0, 0, 0
3950, 307200, 0, 0, 0
4050, 245760, 0, 0, 0
4150, 204800, 0, 0, 0
4249, 330989, 0, 0, 0
4349, 286720, 0, 0, 0
4449, 184320, 0, 0, 0
4549, 307200, 0, 0, 0
4649, 266240, 0, 0, 0
4749, 225280, 0, 0, 0
4850, 307200, 0, 0, 0
4950, 327680, 0, 0, 0
5050, 368640, 0, 0, 0
5150, 286720, 0, 0, 0
5249, 268929, 0, 0, 0
5349, 245760, 0, 0, 0
5449, 307200, 0, 0, 0
5549, 286720, 0, 0, 0
5649, 225280, 0, 0, 0
5749, 286720, 0, 0, 0
5849, 327680, 0, 0, 0
5950, 348160, 0, 0, 0
6050, 348160, 0, 0, 0
6150, 286720, 0, 0, 0
6249, 310303, 0, 0, 0
6349, 327680, 0, 0, 0
6449, 307200, 0, 0, 0
6549, 225280, 0, 0, 0
6649, 204800, 0, 0, 0
6749, 266240, 0, 0, 0
6849, 389120, 0, 0, 0
6949, 307200, 0, 0, 0
7050, 245760, 0, 0, 0
7150, 204800, 0, 0, 0
7249, 227555, 0, 0, 0
7349, 225280, 0, 0, 0
7449, 266240, 0, 0, 0
7549, 491520, 0, 0, 0
7649, 245760, 0, 0, 0
7749, 245760, 0, 0, 0
7849, 307200, 0, 0, 0
7949, 327680, 0, 0, 0
8050, 286720, 0, 0, 0
8150, 286720, 0, 0, 0
8249, 227555, 0, 0, 0
8349, 184320, 0, 0, 0
8449, 307200, 0, 0, 0
8549, 368640, 0, 0, 0
8649, 307200, 0, 0, 0
8749, 307200, 0, 0, 0
8849, 348160, 0, 0, 0
8949, 286720, 0, 0, 0
9049, 245760, 0, 0, 0
9149, 245760, 0, 0, 0
9250, 225280, 0, 0, 0
9350, 245760, 0, 0, 0
9450, 307200, 0, 0, 0
9550, 286720, 0, 0, 0
9650, 368640, 0, 0, 0
9749, 289616, 0, 0, 0
9849, 327680, 0, 0, 0
9949, 245760, 0, 0, 0
10049, 348160, 0, 0, 0
10149, 286720, 0, 0, 0
10250, 327680, 0, 0, 0
10350, 430080, 0, 0, 0
10450, 307200, 0, 0, 0
10550, 286720, 0, 0, 0
10650, 266240, 0, 0, 0
10749, 351676, 0, 0, 0
10849, 389120, 0, 0, 0
10949, 225280, 0, 0, 0
11049, 286720, 0, 0, 0
11149, 450560, 0, 0, 0
11250, 163840, 0, 0, 0
11350, 348160, 0, 0, 0
11450, 307200, 0, 0, 0
11550, 307200, 0, 0, 0
11650, 245760, 0, 0, 0
11749, 413737, 0, 0, 0
11849, 225280, 0, 0, 0
11949, 327680, 0, 0, 0
12049, 266240, 0, 0, 0
12150, 327680, 0, 0, 0
12249, 227555, 0, 0, 0
12349, 368640, 0, 0, 0
12449, 368640, 0, 0, 0
12549, 266240, 0, 0, 0
12649, 225280, 0, 0, 0
12749, 389120, 0, 0, 0
12849, 307200, 0, 0, 0
12949, 286720, 0, 0, 0
13049, 368640, 0, 0, 0
13149, 286720, 0, 0, 0
13250, 307200, 0, 0, 0
13350, 286720, 0, 0, 0
13450, 430080, 0, 0, 0
13550, 327680, 0, 0, 0
13650, 286720, 0, 0, 0
13749, 227555, 0, 0, 0
13849, 245760, 0, 0, 0
13949, 163840, 0, 0, 0
14049, 286720, 0, 0, 0
14149, 307200, 0, 0, 0
14249, 307200, 0, 0, 0
14350, 348160, 0, 0, 0
14450, 245760, 0, 0, 0
14550, 286720, 0, 0, 0
14650, 245760, 0, 0, 0
14749, 289616, 0, 0, 0
14849, 245760, 0, 0, 0
14949, 327680, 0, 0, 0
15049, 307200, 0, 0, 0
15149, 348160, 0, 0, 0
15249, 286720, 0, 0, 0
15349, 286720, 0, 0, 0
15450, 286720, 0, 0, 0
15550, 348160, 0, 0, 0
15650, 307200, 0, 0, 0
15749, 351676, 0, 0, 0
15849, 348160, 0, 0, 0
15949, 225280, 0, 0, 0
16049, 266240, 0, 0, 0
16149, 286720, 0, 0, 0
16249, 286720, 0, 0, 0
16349, 307200, 0, 0, 0
16449, 245760, 0, 0, 0
16550, 225280, 0, 0, 0
16650, 409600, 0, 0, 0
16749, 248242, 0, 0, 0
16849, 368640, 0, 0, 0
16949, 327680, 0, 0, 0
17049, 307200, 0, 0, 0
17149, 389120, 0, 0, 0
17249, 286720, 0, 0, 0
17349, 307200, 0, 0, 0
17449, 286720, 0, 0, 0
17549, 307200, 0, 0, 0
17650, 389120, 0, 0, 0
17749, 310303, 0, 0, 0
17849, 409600, 0, 0, 0
17949, 225280, 0, 0, 0
18049, 225280, 0, 0, 0
18149, 266240, 0, 0, 0
18249, 327680, 0, 0, 0
18349, 368640, 0, 0, 0
18449, 225280, 0, 0, 0
18549, 368640, 0, 0, 0
18649, 389120, 0, 0, 0
18750, 307200, 0, 0, 0
18850, 307200, 0, 0, 0
18950, 286720, 0, 0, 0
19050, 245760, 0, 0, 0
19150, 245760, 0, 0, 0
19249, 310303, 0, 0, 0
19349, 225280, 0, 0, 0
19449, 286720, 0, 0, 0
19549, 307200, 0, 0, 0
19649, 204800, 0, 0, 0
19750, 307200, 0, 0, 0
19850, 348160, 0, 0, 0
19950, 245760, 0, 0, 0
20050, 327680, 0, 0, 0
20150, 327680, 0, 0, 0
20249, 310303, 0, 0, 0
20349, 266240, 0, 0, 0
20449, 348160, 0, 0, 0
20549, 307200, 0, 0, 0
20649, 286720, 0, 0, 0
20749, 245760, 0, 0, 0
20849, 450560, 0, 0, 0
20950, 266240, 0, 0, 0
21050, 184320, 0, 0, 0
21150, 307200, 0, 0, 0
21249, 413737, 0, 0, 0
21349, 327680, 0, 0, 0
21449, 245760, 0, 0, 0
21549, 307200, 0, 0, 0
21649, 286720, 0, 0, 0
21749, 286720, 0, 0, 0
21849, 327680, 0, 0, 0
21949, 245760, 0, 0, 0
22050, 286720, 0, 0, 0
22150, 286720, 0, 0, 0
22249, 248242, 0, 0, 0
22349, 368640, 0, 0, 0
22449, 286720, 0, 0, 0
22549, 327680, 0, 0, 0
22649, 348160, 0, 0, 0
22749, 348160, 0, 0, 0
22849, 266240, 0, 0, 0
22949, 368640, 0, 0, 0
23050, 409600, 0, 0, 0
23150, 307200, 0, 0, 0
23249, 268929, 0, 0, 0
23349, 327680, 0, 0, 0
23449, 245760, 0, 0, 0
23549, 266240, 0, 0, 0
23649, 266240, 0, 0, 0
23749, 245760, 0, 0, 0
23849, 307200, 0, 0, 0
23949, 307200, 0, 0, 0
24049, 286720, 0, 0, 0
24149, 307200, 0, 0, 0
24250, 286720, 0, 0, 0
24350, 266240, 0, 0, 0
24450, 225280, 0, 0, 0
24550, 245760, 0, 0, 0
24650, 266240, 0, 0, 0
24749, 310303, 0, 0, 0
24849, 245760, 0, 0, 0
24949, 286720, 0, 0, 0
25049, 163840, 0, 0, 0
25150, 204800, 0, 0, 0
25249, 351676, 0, 0, 0
25349, 307200, 0, 0, 0
25449, 327680, 0, 0, 0
25549, 307200, 0, 0, 0
25649, 368640, 0, 0, 0
25749, 307200, 0, 0, 0
25849, 225280, 0, 0, 0
25949, 409600, 0, 0, 0
26049, 184320, 0, 0, 0
26149, 327680, 0, 0, 0
26250, 348160, 0, 0, 0
26350, 348160, 0, 0, 0
26450, 286720, 0, 0, 0
26550, 348160, 0, 0, 0
26650, 307200, 0, 0, 0
26749, 289616, 0, 0, 0
26849, 225280, 0, 0, 0
26949, 389120, 0, 0, 0
27049, 327680, 0, 0, 0
27149, 348160, 0, 0, 0
27249, 225280, 0, 0, 0
27349, 348160, 0, 0, 0
27450, 327680, 0, 0, 0
27550, 266240, 0, 0, 0
27650, 471040, 0, 0, 0
27749, 330989, 0, 0, 0
27849, 348160, 0, 0, 0
27949, 348160, 0, 0, 0
28049, 368640, 0, 0, 0
28149, 286720, 0, 0, 0
28249, 286720, 0, 0, 0
28349, 327680, 0, 0, 0
28449, 245760, 0, 0, 0
28550, 307200, 0, 0, 0
28650, 327680, 0, 0, 0
28749, 310303, 0, 0, 0
28849, 245760, 0, 0, 0
28949, 204800, 0, 0, 0
29049, 307200, 0, 0, 0
29149, 348160, 0, 0, 0
29250, 204800, 0, 0, 0
29350, 286720, 0, 0, 0
29450, 307200, 0, 0, 0
29550, 348160, 0, 0, 0
29650, 307200, 0, 0, 0
29749, 289616, 0, 0, 0
29849, 307200, 0, 0, 0
29949, 389120, 0, 0, 0
30049, 184320, 0, 0, 0
30149, 348160, 0, 0, 0
30249, 266240, 0, 0, 0
30350, 245760, 0, 0, 0
30450, 368640, 0, 0, 0
30550, 368640, 0, 0, 0
30650, 368640, 0, 0, 0
30749, 248242, 0, 0, 0
30849, 266240, 0, 0, 0
30949, 307200, 0, 0, 0
31049, 266240, 0, 0, 0
31149, 348160, 0, 0, 0
31249, 389120, 0, 0, 0
31349, 368640, 0, 0, 0
31449, 409600, 0, 0, 0
31550, 266240, 0, 0, 0
31650, 307200, 0, 0, 0
31749, 268929, 0, 0, 0
31849, 245760, 0, 0, 0
31949, 307200, 0, 0, 0
32049, 245760, 0, 0, 0
32149, 327680, 0, 0, 0
32249, 245760, 0, 0, 0
32349, 307200, 0, 0, 0
32449, 307200, 0, 0, 0
32550, 327680, 0, 0, 0
32650, 327680, 0, 0, 0
32749, 351676, 0, 0, 0
32849, 368640, 0, 0, 0
32949, 286720, 0, 0, 0
33049, 286720, 0, 0, 0
33149, 307200, 0, 0, 0
33249, 307200, 0, 0, 0
33349, 184320, 0, 0, 0
33449, 389120, 0, 0, 0
33550, 286720, 0, 0, 0
33650, 348160, 0, 0, 0
33749, 372363, 0, 0, 0
33849, 327680, 0, 0, 0
33949, 307200, 0, 0, 0
34049, 307200, 0, 0, 0
34149, 204800, 0, 0, 0
34249, 204800, 0, 0, 0
34349, 225280, 0, 0, 0
34449, 204800, 0, 0, 0
34549, 286720, 0, 0, 0
34649, 286720, 0, 0, 0
34750, 327680, 0, 0, 0
34850, 348160, 0, 0, 0
34950, 307200, 0, 0, 0
35050, 286720, 0, 0, 0
35150, 348160, 0, 0, 0
35249, 289616, 0, 0, 0
35349, 307200, 0, 0, 0
35449, 368640, 0, 0, 0
35549, 327680, 0, 0, 0
35649, 245760, 0, 0, 0
35749, 266240, 0, 0, 0
35850, 471040, 0, 0, 0
35950, 286720, 0, 0, 0
36050, 368640, 0, 0, 0
36150, 266240, 0, 0, 0
36249, 248242, 0, 0, 0
36349, 389120, 0, 0, 0
36449, 327680, 0, 0, 0
36549, 430080, 0, 0, 0
36649, 307200, 0, 0, 0
36749, 512000, 0, 0, 0
36849, 389120, 0, 0, 0
36949, 471040, 0, 0, 0
37050, 307200, 0, 0, 0
37150, 266240, 0, 0, 0
37249, 372363, 0, 0, 0
37349, 163840, 0, 0, 0
37449, 389120, 0, 0, 0
37549, 286720, 0, 0, 0
37649, 327680, 0, 0, 0
37749, 307200, 0, 0, 0
37849, 204800, 0, 0, 0
37949, 368640, 0, 0, 0
38050, 266240, 0, 0, 0
38150, 307200, 0, 0, 0
38249, 393050, 0, 0, 0
38349, 307200, 0, 0, 0
38449, 286720, 0, 0, 0
38549, 286720, 0, 0, 0
38649, 245760, 0, 0, 0
38749, 348160, 0, 0, 0
38849, 307200, 0, 0, 0
38949, 286720, 0, 0, 0
39050, 327680, 0, 0, 0
39150, 327680, 0, 0, 0
39249, 330989, 0, 0, 0
39349, 389120, 0, 0, 0
39449, 266240, 0, 0, 0
39549, 266240, 0, 0, 0
39649, 327680, 0, 0, 0
39749, 266240, 0, 0, 0
39849, 327680, 0, 0, 0
39949, 348160, 0, 0, 0
40049, 389120, 0, 0, 0
40149, 245760, 0, 0, 0
40250, 266240, 0, 0, 0
40350, 368640, 0, 0, 0
40450, 389120, 0, 0, 0
40550, 409600, 0, 0, 0
40650, 286720, 0, 0, 0
40749, 310303, 0, 0, 0
40849, 327680, 0, 0, 0
40949, 245760, 0, 0, 0
41049, 286720, 0, 0, 0
41149, 307200, 0, 0, 0
41249, 286720, 0, 0, 0
41349, 225280, 0, 0, 0
41449, 266240, 0, 0, 0
41549, 266240, 0, 0, 0
41649, 348160, 0, 0, 0
41750, 286720, 0, 0, 0
41850, 327680, 0, 0, 0
41950, 307200, 0, 0, 0
42050, 327680, 0, 0, 0
42150, 286720, 0, 0, 0
42249, 330989, 0, 0, 0
42349, 368640, 0, 0, 0
42449, 307200, 0, 0, 0
42549, 348160, 0, 0, 0
42649, 348160, 0, 0, 0
42749, 532480, 0, 0, 0
42849, 286720, 0, 0, 0
42949, 225280, 0, 0, 0
43050, 327680, 0, 0, 0
43150, 307200, 0, 0, 0
43249, 268929, 0, 0, 0
43349, 225280, 0, 0, 0
43449, 327680, 0, 0, 0
43549, 348160, 0, 0, 0
43649, 245760, 0, 0, 0
43749, 225280, 0, 0, 0
43849, 204800, 0, 0, 0
43949, 266240, 0, 0, 0
44049, 327680, 0, 0, 0
44149, 389120, 0, 0, 0
44249, 204800, 0, 0, 0
44349, 266240, 0, 0, 0
44449, 368640, 0, 0, 0
44550, 389120, 0, 0, 0
44650, 307200, 0, 0, 0
44749, 227555, 0, 0, 0
44849, 389120, 0, 0, 0
44949, 348160, 0, 0, 0
45049, 307200, 0, 0, 0
45149, 245760, 0, 0, 0
45249, 286720, 0, 0, 0
45349, 286720, 0, 0, 0
45449, 327680, 0, 0, 0
45549, 368640, 0, 0, 0
45649, 286720, 0, 0, 0
45750, 286720, 0, 0, 0
45850, 286720, 0, 0, 0
45950, 225280, 0, 0, 0
46050, 245760, 0, 0, 0
46150, 307200, 0, 0, 0
46249, 227555, 0, 0, 0
46349, 184320, 0, 0, 0
46449, 266240, 0, 0, 0
46549, 327680, 0, 0, 0
46649, 307200, 0, 0, 0
46749, 307200, 0, 0, 0
46849, 266240, 0, 0, 0
46949, 266240, 0, 0, 0
47050, 245760, 0, 0, 0
47150, 286720, 0, 0, 0
47249, 206868, 0, 0, 0
47349, 266240, 0, 0, 0
47449, 286720, 0, 0, 0
47549, 286720, 0, 0, 0
47649, 225280, 0, 0, 0
47749, 266240, 0, 0, 0
47849, 286720, 0, 0, 0
47949, 245760, 0, 0, 0
48049, 225280, 0, 0, 0
48149, 266240, 0, 0, 0
48249, 245760, 0, 0, 0
48350, 266240, 0, 0, 0
48450, 307200, 0, 0, 0
48550, 348160, 0, 0, 0
48650, 286720, 0, 0, 0
48749, 144808, 0, 0, 0
48849, 286720, 0, 0, 0
48949, 368640, 0, 0, 0
49049, 286720, 0, 0, 0
49149, 307200, 0, 0, 0
49249, 204800, 0, 0, 0
49349, 245760, 0, 0, 0
49450, 204800, 0, 0, 0
49550, 327680, 0, 0, 0
49650, 204800, 0, 0, 0
49749, 206868, 0, 0, 0
49849, 307200, 0, 0, 0
49949, 286720, 0, 0, 0
50049, 286720, 0, 0, 0
50149, 348160, 0, 0, 0
50249, 307200, 0, 0, 0
50349, 307200, 0, 0, 0
50449, 307200, 0, 0, 0
50550, 245760, 0, 0, 0
50650, 286720, 0, 0, 0
50749, 289616, 0, 0, 0
50849, 327680, 0, 0, 0
50949, 368640, 0, 0, 0
51049, 348160, 0, 0, 0
51149, 307200, 0, 0, 0
51249, 266240, 0, 0, 0
51349, 225280, 0, 0, 0
51449, 245760, 0, 0, 0
51549, 245760, 0, 0, 0
51649, 307200, 0, 0, 0
51750, 327680, 0, 0, 0
51850, 266240, 0, 0, 0
51950, 266240, 0, 0, 0
52050, 266240, 0, 0, 0
52150, 266240, 0, 0, 0
52249, 351676, 0, 0, 0
52349, 204800, 0, 0, 0
52449, 307200, 0, 0, 0
52549, 286720, 0, 0, 0
52649, 225280, 0, 0, 0
52749, 266240, 0, 0, 0
52849, 327680, 0, 0, 0
52949, 327680, 0, 0, 0
53050, 245760, 0, 0, 0
53150, 266240, 0, 0, 0
53249, 289616, 0, 0, 0
53349, 225280, 0, 0, 0
53449, 266240, 0, 0, 0
53549, 327680, 0, 0, 0
53649, 286720, 0, 0, 0
53749, 389120, 0, 0, 0
53849, 266240, 0, 0, 0
53949, 245760, 0, 0, 0
54049, 204800, 0, 0, 0
54149, 307200, 0, 0, 0
54249, 286720, 0, 0, 0
54350, 266240, 0, 0, 0
54450, 266240, 0, 0, 0
54550, 327680, 0, 0, 0
54650, 348160, 0, 0, 0
54749, 310303, 0, 0, 0
54849, 348160, 0, 0, 0
54949, 225280, 0, 0, 0
55049, 286720, 0, 0, 0
55149, 348160, 0, 0, 0
55249, 204800, 0, 0, 0
55349, 266240, 0, 0, 0
55449, 307200, 0, 0, 0
55549, 245760, 0, 0, 0
55649, 286720, 0, 0, 0
55750, 307200, 0, 0, 0
55850, 245760, 0, 0, 0
55950, 266240, 0, 0, 0
56050, 266240, 0, 0, 0
56150, 307200, 0, 0, 0
56249, 206868, 0, 0, 0
56349, 307200, 0, 0, 0
56449, 184320, 0, 0, 0
56549, 245760, 0, 0, 0
56649, 245760, 0, 0, 0
56749, 266240, 0, 0, 0
56849, 266240, 0, 0, 0
56949, 266240, 0, 0, 0
57050, 266240, 0, 0, 0
57150, 266240, 0, 0, 0
57249, 289616, 0, 0, 0
57349, 266240, 0, 0, 0
57449, 184320, 0, 0, 0
57549, 245760, 0, 0, 0
57649, 225280, 0, 0, 0
57749, 225280, 0, 0, 0
57849, 204800, 0, 0, 0
57949, 307200, 0, 0, 0
58049, 266240, 0, 0, 0
58149, 266240, 0, 0, 0
58250, 286720, 0, 0, 0
58350, 307200, 0, 0, 0
58450, 184320, 0, 0, 0
58550, 245760, 0, 0, 0
58650, 184320, 0, 0, 0
58749, 206868, 0, 0, 0
58849, 266240, 0, 0, 0
58949, 266240, 0, 0, 0
59049, 266240, 0, 0, 0
59149, 286720, 0, 0, 0
59249, 184320, 0, 0, 0
59349, 327680, 0, 0, 0
59449, 204800, 0, 0, 0
59549, 327680, 0, 0, 0
59650, 245760, 0, 0, 0
59749, 82747, 0, 0, 0
59849, 266240, 0, 0, 0
59949, 327680, 0, 0, 0
