101, 6568665, 0, 0, 0
205, 5372285, 0, 0, 0
300, 6538121, 0, 0, 0
401, 6756169, 0, 0, 0
501, 6033832, 0, 0, 0
601, 7035828, 0, 0, 0
701, 7645702, 0, 0, 0
800, 5363072, 0, 0, 0
905, 5796325, 0, 0, 0
1000, 5190901, 0, 0, 0
1100, 6073414, 0, 0, 0
1200, 7720193, 0, 0, 0
1303, 5432779, 0, 0, 0
1400, 6615889, 0, 0, 0
1500, 5955622, 0, 0, 0
1602, 5876719, 0, 0, 0
1701, 6649030, 0, 0, 0
1800, 7018645, 0, 0, 0
1901, 6318039, 0, 0, 0
2000, 5852541, 0, 0, 0
2100, 7265355, 0, 0, 0
2201, 6608187, 0, 0, 0
2300, 5284190, 0, 0, 0
2400, 5417905, 0, 0, 0
2500, 5292639, 0, 0, 0
2605, 5989649, 0, 0, 0
2700, 6820507, 0, 0, 0
2804, 7010194, 0, 0, 0
2902, 5673763, 0, 0, 0
3002, 6402112, 0, 0, 0
3104, 5843925, 0, 0, 0
3200, 7950310, 0, 0, 0
3300, 5604070, 0, 0, 0
3400, 8239179, 0, 0, 0
3500, 7113706, 0, 0, 0
3600, 6564603, 0, 0, 0
3702, 6647906, 0, 0, 0
3801, 5219568, 0, 0, 0
3900, 6581863, 0, 0, 0
4002, 6190786, 0, 0, 0
4100, 8124100, 0, 0, 0
4203, 6848960, 0, 0, 0
4300, 6477148, 0, 0, 0
4402, 6235443, 0, 0, 0
4502, 7115475, 0, 0, 0
4602, 5671766, 0, 0, 0
4701, 6105226, 0, 0, 0
4801, 6809497, 0, 0, 0
4900, 6249675, 0, 0, 0
5002, 5703105, 0, 0, 0
5103, 6342388, 0, 0, 0
5202, 6872228, 0, 0, 0
5302, 5489288, 0, 0, 0
5400, 6649161, 0, 0, 0
5501, 5696913, 0, 0, 0
5602, 5561407, 0, 0, 0
5700, 6004263, 0, 0, 0
5800, 6172499, 0, 0, 0
5901, 7620380, 0, 0, 0
6000, 6510513, 0, 0, 0
6100, 5203724, 0, 0, 0
6201, 6692894, 0, 0, 0
6301, 6289954, 0, 0, 0
6400, 6995726, 0, 0, 0
6501, 5938524, 0, 0, 0
6601, 6564851, 0, 0, 0
6700, 6086856, 0, 0, 0
6802, 5911086, 0, 0, 0
6903, 7198535, 0, 0, 0
7000, 7640773, 0, 0, 0
7100, 6722445, 0, 0, 0
7202, 5879686, 0, 0, 0
7307, 6572388, 0, 0, 0
7400, 6315885, 0, 0, 0
7503, 6682773, 0, 0, 0
7600, 6158354, 0, 0, 0
7704, 5947626, 0, 0, 0
7804, 6723871, 0, 0, 0
7903, 7043291, 0, 0, 0
8000, 6275778, 0, 0, 0
8101, 5992937, 0, 0, 0
8200, 7111526, 0, 0, 0
8302, 5340230, 0, 0, 0
8400, 6844279, 0, 0, 0
8500, 6923471, 0, 0, 0
8600, 7040297, 0, 0, 0
8701, 7380377, 0, 0, 0
8800, 5485028, 0, 0, 0
8901, 7374619, 0, 0, 0
9000, 6432466, 0, 0, 0
9103, 6609343, 0, 0, 0
9203, 6619702, 0, 0, 0
9301, 7323026, 0, 0, 0
9400, 6701113, 0, 0, 0
9502, 5898568, 0, 0, 0
9600, 6049498, 0, 0, 0
9702, 6020529, 0, 0, 0
9801, 6016405, 0, 0, 0
9903, 5560776, 0, 0, 0
10000, 6175692, 0, 0, 0
10100, 5627475, 0, 0, 0
10200, 8039454, 0, 0, 0
10300, 5456039, 0, 0, 0
10403, 6668782, 0, 0, 0
10502, 6714557, 0, 0, 0
10602, 7593975, 0, 0, 0
10702, 6078162, 0, 0, 0
10802, 7111685, 0, 0, 0
10900, 5525885, 0, 0, 0
11002, 6682578, 0, 0, 0
11100, 5523058, 0, 0, 0
11202, 5916365, 0, 0, 0
11300, 6002896, 0, 0, 0
11401, 5918353, 0, 0, 0
11500, 6574322, 0, 0, 0
11601, 5554793, 0, 0, 0
11701, 6190473, 0, 0, 0
11802, 6501669, 0, 0, 0
11902, 5940411, 0, 0, 0
12002, 7226191, 0, 0, 0
12102, 7108973, 0, 0, 0
12200, 6439813, 0, 0, 0
12301, 5827869, 0, 0, 0
12401, 6034562, 0, 0, 0
12501, 5805013, 0, 0, 0
12602, 6014726, 0, 0, 0
12702, 6294731, 0, 0, 0
12807, 8113257, 0, 0, 0
12900, 6111500, 0, 0, 0
13001, 6043274, 0, 0, 0
13104, 6974819, 0, 0, 0
13201, 6464140, 0, 0, 0
13301, 7770611, 0, 0, 0
13400, 7408912, 0, 0, 0
13500, 6757318, 0, 0, 0
13604, 4925102, 0, 0, 0
13701, 6148413, 0, 0, 0
13802, 5677862, 0, 0, 0
13900, 7731804, 0, 0, 0
14001, 6906866, 0, 0, 0
14100, 7701628, 0, 0, 0
14202, 6198640, 0, 0, 0
14300, 5836282, 0, 0, 0
14401, 5893257, 0, 0, 0
14501, 5925128, 0, 0, 0
14601, 7992280, 0, 0, 0
14700, 6142356, 0, 0, 0
14801, 6087641, 0, 0, 0
14900, 6481872, 0, 0, 0
15001, 4876881, 0, 0, 0
15104, 7533806, 0, 0, 0
15200, 6605930, 0, 0, 0
15303, 6256748, 0, 0, 0
15400, 7459232, 0, 0, 0
15501, 7008141, 0, 0, 0
15603, 5634810, 0, 0, 0
15702, 6624942, 0, 0, 0
15800, 5874342, 0, 0, 0
15900, 5869147, 0, 0, 0
16000, 5828048, 0, 0, 0
16100, 6106278, 0, 0, 0
16204, 6906697, 0, 0, 0
16301, 5824470, 0, 0, 0
16402, 6298814, 0, 0, 0
16500, 6799594, 0, 0, 0
16601, 5952973, 0, 0, 0
16701, 6496467, 0, 0, 0
16800, 7224605, 0, 0, 0
16900, 7230885, 0, 0, 0
17002, 5974711, 0, 0, 0
17101, 5704688, 0, 0, 0
17203, 6092467, 0, 0, 0
17305, 7276135, 0, 0, 0
17400, 6510393, 0, 0, 0
17500, 6419925, 0, 0, 0
17601, 6903905, 0, 0, 0
17701, 6175783, 0, 0, 0
17801, 5937560, 0, 0, 0
17900, 6717391, 0, 0, 0
18001, 6971891, 0, 0, 0
18100, 7099546, 0, 0, 0
18203, 6873586, 0, 0, 0
18300, 5962539, 0, 0, 0
18400, 6030422, 0, 0, 0
18500, 5664951, 0, 0, 0
18602, 6343922, 0, 0, 0
18700, 5167140, 0, 0, 0
18800, 7332508, 0, 0, 0
18903, 7037660, 0, 0, 0
19002, 7383313, 0, 0, 0
19100, 6595988, 0, 0, 0
19202, 5453187, 0, 0, 0
19304, 6011268, 0, 0, 0
19400, 7740680, 0, 0, 0
19501, 6544897, 0, 0, 0
19601, 8462966, 0, 0, 0
19700, 6865146, 0, 0, 0
19800, 6028710, 0, 0, 0
19901, 6199858, 0, 0, 0
20000, 7017533, 0, 0, 0
20103, 5700401, 0, 0, 0
20200, 5698370, 0, 0, 0
20300, 5702577, 0, 0, 0
20401, 6754137, 0, 0, 0
20501, 6515503, 0, 0, 0
20600, 6356714, 0, 0, 0
20701, 6768284, 0, 0, 0
20800, 4830507, 0, 0, 0
20900, 6649471, 0, 0, 0
21002, 5304135, 0, 0, 0
21101, 6677987, 0, 0, 0
21201, 6250327, 0, 0, 0
21302, 7160864, 0, 0, 0
21400, 5455819, 0, 0, 0
21501, 6413672, 0, 0, 0
21601, 6621607, 0, 0, 0
21702, 6995273, 0, 0, 0
21801, 5524424, 0, 0, 0
21901, 6775102, 0, 0, 0
22001, 6591230, 0, 0, 0
22101, 5940291, 0, 0, 0
22200, 6082800, 0, 0, 0
22301, 6867797, 0, 0, 0
22404, 6527318, 0, 0, 0
22500, 6637304, 0, 0, 0
22600, 6865870, 0, 0, 0
22701, 7935918, 0, 0, 0
22800, 5768809, 0, 0, 0
22900, 6625619, 0, 0, 0
23000, 6478869, 0, 0, 0
23103, 7925735, 0, 0, 0
23200, 5456969, 0, 0, 0
23300, 5633571, 0, 0, 0
23400, 6577481, 0, 0, 0
23500, 6600306, 0, 0, 0
23601, 6093328, 0, 0, 0
23700, 5700881, 0, 0, 0
23801, 5570942, 0, 0, 0
23901, 5813010, 0, 0, 0
24000, 5065565, 0, 0, 0
24101, 7266378, 0, 0, 0
24203, 6639656, 0, 0, 0
24300, 6055162, 0, 0, 0
24400, 6582129, 0, 0, 0
24510, 7329019, 0, 0, 0
24602, 6715624, 0, 0, 0
24700, 6364406, 0, 0, 0
24801, 6970369, 0, 0, 0
24902, 6088263, 0, 0, 0
25000, 7978562, 0, 0, 0
25104, 5434822, 0, 0, 0
25203, 7415805, 0, 0, 0
25300, 7540575, 0, 0, 0
25400, 5046750, 0, 0, 0
25501, 5824742, 0, 0, 0
25600, 6905227, 0, 0, 0
25703, 5936735, 0, 0, 0
25800, 6062514, 0, 0, 0
25901, 4235103, 0, 0, 0
26000, 6360293, 0, 0, 0
26101, 6175381, 0, 0, 0
26201, 6394148, 0, 0, 0
26300, 6331125, 0, 0, 0
26400, 5030825, 0, 0, 0
26500, 5954821, 0, 0, 0
26600, 5815450, 0, 0, 0
26701, 6648379, 0, 0, 0
26801, 7594329, 0, 0, 0
26901, 7659372, 0, 0, 0
27001, 5262945, 0, 0, 0
27100, 7010703, 0, 0, 0
27205, 5164533, 0, 0, 0
27303, 5282486, 0, 0, 0
27400, 5416340, 0, 0, 0
27501, 6203862, 0, 0, 0
27600, 5648385, 0, 0, 0
27700, 5641338, 0, 0, 0
27800, 7610032, 0, 0, 0
27910, 7680461, 0, 0, 0
28000, 6380673, 0, 0, 0
28103, 6486529, 0, 0, 0
28202, 5656842, 0, 0, 0
28304, 5854851, 0, 0, 0
28400, 5453740, 0, 0, 0
28501, 5399710, 0, 0, 0
28603, 6567916, 0, 0, 0
28702, 6424057, 0, 0, 0
28800, 7340692, 0, 0, 0
28901, 7322504, 0, 0, 0
29001, 7063088, 0, 0, 0
29103, 5842752, 0, 0, 0
29200, 6223662, 0, 0, 0
29301, 6890886, 0, 0, 0
29402, 7032742, 0, 0, 0
29500, 5636803, 0, 0, 0
29600, 7689479, 0, 0, 0
29702, 6810182, 0, 0, 0
29802, 6532487, 0, 0, 0
29901, 7496352, 0, 0, 0
30002, 7256275, 0, 0, 0
30103, 5556747, 0, 0, 0
30200, 6639990, 0, 0, 0
30304, 6665644, 0, 0, 0
30401, 5364933, 0, 0, 0
30500, 5650504, 0, 0, 0
30603, 5477973, 0, 0, 0
30700, 6140691, 0, 0, 0
30802, 5471740, 0, 0, 0
30903, 6235379, 0, 0, 0
31000, 7338769, 0, 0, 0
31100, 5736308, 0, 0, 0
31200, 7413386, 0, 0, 0
31301, 6351178, 0, 0, 0
31400, 6777467, 0, 0, 0
31500, 7595210, 0, 0, 0
31601, 5821378, 0, 0, 0
31701, 7816512, 0, 0, 0
31800, 5788909, 0, 0, 0
31903, 6121746, 0, 0, 0
32001, 6458598, 0, 0, 0
32107, 5638247, 0, 0, 0
32202, 7391012, 0, 0, 0
32305, 6383156, 0, 0, 0
32401, 5587743, 0, 0, 0
32502, 7394515, 0, 0, 0
32603, 6483681, 0, 0, 0
32700, 6550517, 0, 0, 0
32802, 5432901, 0, 0, 0
32902, 5918396, 0, 0, 0
33001, 5293000, 0, 0, 0
33106, 6046984, 0, 0, 0
33200, 6312284, 0, 0, 0
33300, 6095693, 0, 0, 0
33400, 6502185, 0, 0, 0
33505, 6443751, 0, 0, 0
33602, 6805454, 0, 0, 0
33700, 6798855, 0, 0, 0
33808, 8126839, 0, 0, 0
33901, 7438494, 0, 0, 0
34000, 6423338, 0, 0, 0
34101, 5636363, 0, 0, 0
34201, 6952297, 0, 0, 0
34301, 6887539, 0, 0, 0
34402, 5982613, 0, 0, 0
34502, 6181597, 0, 0, 0
34601, 6164810, 0, 0, 0
34704, 6482463, 0, 0, 0
34801, 6299634, 0, 0, 0
34901, 5900789, 0, 0, 0
35001, 6386889, 0, 0, 0
35100, 5811883, 0, 0, 0
35200, 7261707, 0, 0, 0
35301, 6120801, 0, 0, 0
35401, 5923721, 0, 0, 0
35500, 7245837, 0, 0, 0
35607, 5166481, 0, 0, 0
35701, 6066695, 0, 0, 0
35800, 7039683, 0, 0, 0
35900, 6836310, 0, 0, 0
36003, 5886141, 0, 0, 0
36104, 5879858, 0, 0, 0
36207, 5827595, 0, 0, 0
36300, 7287222, 0, 0, 0
36400, 5456648, 0, 0, 0
36500, 7021715, 0, 0, 0
36601, 7454859, 0, 0, 0
36700, 7398520, 0, 0, 0
36800, 5920227, 0, 0, 0
36900, 7164878, 0, 0, 0
37005, 6087170, 0, 0, 0
37101, 6182189, 0, 0, 0
37200, 7592904, 0, 0, 0
37302, 6309020, 0, 0, 0
37401, 5661256, 0, 0, 0
37504, 7378645, 0, 0, 0
37601, 5872429, 0, 0, 0
37700, 7251598, 0, 0, 0
37801, 6536076, 0, 0, 0
37907, 6609293, 0, 0, 0
38000, 6082399, 0, 0, 0
38100, 5457469, 0, 0, 0
38201, 5864680, 0, 0, 0
38300, 5858853, 0, 0, 0
38400, 6049358, 0, 0, 0
38500, 5318859, 0, 0, 0
38605, 7293198, 0, 0, 0
38702, 6178730, 0, 0, 0
38801, 6067637, 0, 0, 0
38900, 6162250, 0, 0, 0
39002, 6671684, 0, 0, 0
39100, 8620350, 0, 0, 0
39201, 7260574, 0, 0, 0
39300, 5953892, 0, 0, 0
39403, 6258658, 0, 0, 0
39504, 8035370, 0, 0, 0
39602, 6972005, 0, 0, 0
39700, 6200718, 0, 0, 0
39800, 5974478, 0, 0, 0
39900, 6836298, 0, 0, 0
40001, 6831569, 0, 0, 0
40100, 5941286, 0, 0, 0
40200, 6872300, 0, 0, 0
40300, 6649172, 0, 0, 0
40401, 7026929, 0, 0, 0
40503, 5891579, 0, 0, 0
40600, 6327707, 0, 0, 0
40702, 7081662, 0, 0, 0
40801, 6632138, 0, 0, 0
40900, 7059279, 0, 0, 0
41003, 5950739, 0, 0, 0
41102, 6842420, 0, 0, 0
41200, 6077306, 0, 0, 0
41301, 6695387, 0, 0, 0
41403, 6308921, 0, 0, 0
41501, 7789137, 0, 0, 0
41600, 5439374, 0, 0, 0
41704, 5720531, 0, 0, 0
41802, 6363198, 0, 0, 0
41903, 6954698, 0, 0, 0
42001, 6722119, 0, 0, 0
42100, 6855823, 0, 0, 0
42201, 6317182, 0, 0, 0
42300, 6721517, 0, 0, 0
42400, 5359944, 0, 0, 0
42500, 6582426, 0, 0, 0
42601, 7042476, 0, 0, 0
42700, 6149383, 0, 0, 0
42801, 6330998, 0, 0, 0
42900, 7474248, 0, 0, 0
43001, 7164288, 0, 0, 0
43101, 6764077, 0, 0, 0
43204, 7630818, 0, 0, 0
43302, 6850127, 0, 0, 0
43401, 6643649, 0, 0, 0
43501, 6431866, 0, 0, 0
43604, 6362281, 0, 0, 0
43700, 5659328, 0, 0, 0
43802, 6282639, 0, 0, 0
43900, 6026581, 0, 0, 0
44000, 7205234, 0, 0, 0
44101, 7348027, 0, 0, 0
44201, 6633306, 0, 0, 0
44302, 5990849, 0, 0, 0
44400, 7594706, 0, 0, 0
44501, 7103355, 0, 0, 0
44603, 5557729, 0, 0, 0
44701, 6436550, 0, 0, 0
44800, 6037107, 0, 0, 0
44900, 9656819, 0, 0, 0
45000, 6831573, 0, 0, 0
45101, 6228527, 0, 0, 0
45200, 9396250, 0, 0, 0
45300, 7362476, 0, 0, 0
45403, 7322371, 0, 0, 0
45505, 6026058, 0, 0, 0
45604, 8030257, 0, 0, 0
45702, 6111351, 0, 0, 0
45802, 6908058, 0, 0, 0
45900, 6501518, 0, 0, 0
46004, 5355170, 0, 0, 0
46100, 7251485, 0, 0, 0
46201, 7779481, 0, 0, 0
46300, 5706134, 0, 0, 0
46400, 5298807, 0, 0, 0
46501, 6114522, 0, 0, 0
46602, 6846234, 0, 0, 0
46700, 6081363, 0, 0, 0
46800, 6781279, 0, 0, 0
46901, 6580836, 0, 0, 0
47002, 6635820, 0, 0, 0
47104, 7359920, 0, 0, 0
47200, 7431993, 0, 0, 0
47300, 6971607, 0, 0, 0
47402, 6146558, 0, 0, 0
47502, 8586972, 0, 0, 0
47600, 6840427, 0, 0, 0
47700, 7012363, 0, 0, 0
47804, 6059573, 0, 0, 0
47900, 6445790, 0, 0, 0
48004, 6465876, 0, 0, 0
48103, 6483318, 0, 0, 0
48202, 7053858, 0, 0, 0
48304, 5837322, 0, 0, 0
48401, 6747109, 0, 0, 0
48501, 7361373, 0, 0, 0
48601, 7632862, 0, 0, 0
48702, 6135956, 0, 0, 0
48800, 6380952, 0, 0, 0
48902, 7042657, 0, 0, 0
49000, 6670635, 0, 0, 0
49101, 7008689, 0, 0, 0
49200, 7370994, 0, 0, 0
49300, 6601610, 0, 0, 0
49403, 6610748, 0, 0, 0
49501, 6534098, 0, 0, 0
49601, 6818071, 0, 0, 0
49701, 6676080, 0, 0, 0
49800, 6922604, 0, 0, 0
49904, 8391198, 0, 0, 0
50000, 7050099, 0, 0, 0
50100, 6885925, 0, 0, 0
50200, 10325521, 0, 0, 0
50302, 5807429, 0, 0, 0
50400, 6471871, 0, 0, 0
50502, 6270430, 0, 0, 0
50601, 5603296, 0, 0, 0
50704, 5536342, 0, 0, 0
50803, 8823553, 0, 0, 0
50900, 7449097, 0, 0, 0
51000, 8079821, 0, 0, 0
51100, 6085312, 0, 0, 0
51203, 8022910, 0, 0, 0
51300, 6385389, 0, 0, 0
51401, 5861208, 0, 0, 0
51501, 6657769, 0, 0, 0
51603, 6540598, 0, 0, 0
51702, 8559667, 0, 0, 0
51803, 8189463, 0, 0, 0
51900, 6726753, 0, 0, 0
52002, 4615987, 0, 0, 0
52101, 7838597, 0, 0, 0
52202, 6836641, 0, 0, 0
52301, 5793459, 0, 0, 0
52401, 5899681, 0, 0, 0
52500, 6990262, 0, 0, 0
52601, 7215506, 0, 0, 0
52700, 7776423, 0, 0, 0
52801, 6846402, 0, 0, 0
52901, 6150807, 0, 0, 0
53000, 5269496, 0, 0, 0
53102, 5265203, 0, 0, 0
53200, 5660808, 0, 0, 0
53301, 5379204, 0, 0, 0
53400, 5195885, 0, 0, 0
53500, 6287566, 0, 0, 0
53602, 8365087, 0, 0, 0
53700, 6582221, 0, 0, 0
53800, 6422701, 0, 0, 0
53905, 5746648, 0, 0, 0
54000, 7339135, 0, 0, 0
54102, 5727062, 0, 0, 0
54203, 7186808, 0, 0, 0
54302, 5720391, 0, 0, 0
54400, 7188205, 0, 0, 0
54500, 7301909, 0, 0, 0
54600, 6344607, 0, 0, 0
54701, 5870302, 0, 0, 0
54800, 6032778, 0, 0, 0
54900, 5466462, 0, 0, 0
55005, 8487638, 0, 0, 0
55101, 5420886, 0, 0, 0
55202, 6758432, 0, 0, 0
55303, 8819541, 0, 0, 0
55400, 5949278, 0, 0, 0
55501, 5923434, 0, 0, 0
55600, 5919966, 0, 0, 0
55703, 5960309, 0, 0, 0
55800, 6650274, 0, 0, 0
55903, 7740845, 0, 0, 0
56001, 6092988, 0, 0, 0
56100, 6537714, 0, 0, 0
56200, 7025255, 0, 0, 0
56300, 6125208, 0, 0, 0
56401, 5989062, 0, 0, 0
56501, 6333296, 0, 0, 0
56600, 5862655, 0, 0, 0
56700, 8508680, 0, 0, 0
56801, 6229136, 0, 0, 0
56902, 8820510, 0, 0, 0
57007, 8091974, 0, 0, 0
57101, 8063289, 0, 0, 0
57200, 6631339, 0, 0, 0
57300, 7224076, 0, 0, 0
57400, 6095280, 0, 0, 0
57502, 7016615, 0, 0, 0
57601, 8545877, 0, 0, 0
57700, 6431008, 0, 0, 0
57800, 9963801, 0, 0, 0
57901, 7215252, 0, 0, 0
58000, 6327762, 0, 0, 0
58100, 6477252, 0, 0, 0
58201, 6694278, 0, 0, 0
58301, 8409624, 0, 0, 0
58403, 6753438, 0, 0, 0
58500, 7176126, 0, 0, 0
58603, 6765600, 0, 0, 0
58700, 7284097, 0, 0, 0
58800, 6713689, 0, 0, 0
58903, 7873581, 0, 0, 0
59010, 6266261, 0, 0, 0
59102, 7308111, 0, 0, 0
59200, 5674594, 0, 0, 0
59302, 6498862, 0, 0, 0
59401, 9490789, 0, 0, 0
59500, 6349561, 0, 0, 0
59602, 7553009, 0, 0, 0
59700, 7154223, 0, 0, 0
59801, 6718797, 0, 0, 0
59904, 6495659, 0, 0, 0
60001, 7279845, 0, 0, 0
60004, 7781228, 0, 0, 0
