104, 6751, 0, 0, 0
200, 6482, 0, 0, 0
302, 7036, 0, 0, 0
400, 7284, 0, 0, 0
500, 7873, 0, 0, 0
600, 7240, 0, 0, 0
700, 7083, 0, 0, 0
800, 6852, 0, 0, 0
900, 6605, 0, 0, 0
1002, 6897, 0, 0, 0
1101, 6641, 0, 0, 0
1200, 6834, 0, 0, 0
1301, 6789, 0, 0, 0
1400, 6779, 0, 0, 0
1500, 6318, 0, 0, 0
1600, 6574, 0, 0, 0
1700, 6459, 0, 0, 0
1802, 6684, 0, 0, 0
1900, 6687, 0, 0, 0
2000, 6844, 0, 0, 0
2100, 6545, 0, 0, 0
2202, 6649, 0, 0, 0
2300, 6690, 0, 0, 0
2401, 7010, 0, 0, 0
2501, 6475, 0, 0, 0
2600, 6571, 0, 0, 0
2703, 7193, 0, 0, 0
2800, 6904, 0, 0, 0
2900, 6678, 0, 0, 0
3000, 6254, 0, 0, 0
3100, 6935, 0, 0, 0
3203, 6596, 0, 0, 0
3302, 6335, 0, 0, 0
3401, 6538, 0, 0, 0
3500, 6379, 0, 0, 0
3600, 6348, 0, 0, 0
3700, 6319, 0, 0, 0
3800, 6519, 0, 0, 0
3901, 6615, 0, 0, 0
4001, 7243, 0, 0, 0
4101, 7027, 0, 0, 0
4202, 7457, 0, 0, 0
4301, 6769, 0, 0, 0
4401, 6998, 0, 0, 0
4500, 7315, 0, 0, 0
4600, 7038, 0, 0, 0
4700, 7318, 0, 0, 0
4800, 6831, 0, 0, 0
4900, 6907, 0, 0, 0
5000, 7196, 0, 0, 0
5101, 7086, 0, 0, 0
5201, 6384, 0, 0, 0
5300, 6578, 0, 0, 0
5400, 6265, 0, 0, 0
5501, 6523, 0, 0, 0
5600, 6984, 0, 0, 0
5703, 6340, 0, 0, 0
5801, 6680, 0, 0, 0
5900, 7020, 0, 0, 0
6001, 7037, 0, 0, 0
6100, 6992, 0, 0, 0
6201, 6321, 0, 0, 0
6300, 7131, 0, 0, 0
6400, 7006, 0, 0, 0
6502, 6779, 0, 0, 0
6601, 6784, 0, 0, 0
6703, 6683, 0, 0, 0
6800, 6604, 0, 0, 0
6901, 6948, 0, 0, 0
7001, 6668, 0, 0, 0
7100, 6882, 0, 0, 0
7200, 7001, 0, 0, 0
7300, 6645, 0, 0, 0
7401, 6774, 0, 0, 0
7501, 7096, 0, 0, 0
7600, 6745, 0, 0, 0
7700, 6709, 0, 0, 0
7800, 6658, 0, 0, 0
7902, 5320, 0, 0, 0
8005, 5222, 0, 0, 0
8100, 4777, 0, 0, 0
8200, 5407, 0, 0, 0
8301, 6047, 0, 0, 0
8401, 6369, 0, 0, 0
8501, 6782, 0, 0, 0
8600, 6583, 0, 0, 0
8700, 6946, 0, 0, 0
8800, 6490, 0, 0, 0
8900, 5790, 0, 0, 0
9000, 6329, 0, 0, 0
9102, 6500, 0, 0, 0
9200, 6585, 0, 0, 0
9301, 6450, 0, 0, 0
9400, 6655, 0, 0, 0
9500, 6586, 0, 0, 0
9602, 6507, 0, 0, 0
9700, 7210, 0, 0, 0
9802, 6635, 0, 0, 0
9901, 7618, 0, 0, 0
10001, 6657, 0, 0, 0
10100, 7082, 0, 0, 0
10200, 6923, 0, 0, 0
10301, 6681, 0, 0, 0
10400, 6080, 0, 0, 0
10500, 6752, 0, 0, 0
10600, 6765, 0, 0, 0
10700, 7153, 0, 0, 0
10800, 6695, 0, 0, 0
10900, 6736, 0, 0, 0
11000, 7452, 0, 0, 0
11100, 6584, 0, 0, 0
11201, 6574, 0, 0, 0
11300, 6991, 0, 0, 0
11402, 6711, 0, 0, 0
11501, 6962, 0, 0, 0
11600, 6187, 0, 0, 0
11700, 6994, 0, 0, 0
11800, 6801, 0, 0, 0
11901, 7005, 0, 0, 0
12000, 7226, 0, 0, 0
12100, 6570, 0, 0, 0
12201, 6639, 0, 0, 0
12301, 6300, 0, 0, 0
12400, 6747, 0, 0, 0
12500, 6820, 0, 0, 0
12601, 7016, 0, 0, 0
12701, 6549, 0, 0, 0
12801, 6424, 0, 0, 0
12902, 6795, 0, 0, 0
13003, 6860, 0, 0, 0
13100, 6837, 0, 0, 0
13200, 7195, 0, 0, 0
13301, 6675, 0, 0, 0
13400, 6393, 0, 0, 0
13500, 6848, 0, 0, 0
13602, 6945, 0, 0, 0
13700, 6482, 0, 0, 0
13801, 6968, 0, 0, 0
13900, 6254, 0, 0, 0
14001, 6355, 0, 0, 0
14102, 7412, 0, 0, 0
14200, 7053, 0, 0, 0
14302, 5992, 0, 0, 0
14400, 5506, 0, 0, 0
14500, 7193, 0, 0, 0
14602, 6170, 0, 0, 0
14700, 6739, 0, 0, 0
14801, 6701, 0, 0, 0
14900, 6616, 0, 0, 0
15000, 6433, 0, 0, 0
15101, 7093, 0, 0, 0
15200, 6095, 0, 0, 0
15300, 7019, 0, 0, 0
15400, 6886, 0, 0, 0
15500, 6849, 0, 0, 0
15603, 6961, 0, 0, 0
15700, 7109, 0, 0, 0
15801, 6918, 0, 0, 0
15901, 6750, 0, 0, 0
16000, 6521, 0, 0, 0
16101, 7248, 0, 0, 0
16203, 6553, 0, 0, 0
16303, 7189, 0, 0, 0
16400, 7205, 0, 0, 0
16500, 6546, 0, 0, 0
16600, 6427, 0, 0, 0
16700, 6565, 0, 0, 0
16801, 6094, 0, 0, 0
16901, 6345, 0, 0, 0
17000, 7337, 0, 0, 0
17100, 6978, 0, 0, 0
17202, 7092, 0, 0, 0
17300, 7036, 0, 0, 0
17403, 6730, 0, 0, 0
17500, 7215, 0, 0, 0
17600, 7060, 0, 0, 0
17700, 6509, 0, 0, 0
17800, 6802, 0, 0, 0
17900, 6226, 0, 0, 0
18000, 6666, 0, 0, 0
18100, 6950, 0, 0, 0
18200, 6653, 0, 0, 0
18300, 6475, 0, 0, 0
18400, 7156, 0, 0, 0
18504, 6663, 0, 0, 0
18600, 6780, 0, 0, 0
18700, 6691, 0, 0, 0
18800, 6606, 0, 0, 0
18900, 6760, 0, 0, 0
19001, 6412, 0, 0, 0
19101, 4810, 0, 0, 0
19201, 6004, 0, 0, 0
19300, 7060, 0, 0, 0
19400, 6957, 0, 0, 0
19500, 6755, 0, 0, 0
19602, 6686, 0, 0, 0
19709, 6723, 0, 0, 0
19803, 7021, 0, 0, 0
19900, 6643, 0, 0, 0
20000, 6193, 0, 0, 0
20105, 6209, 0, 0, 0
20201, 6079, 0, 0, 0
20301, 6240, 0, 0, 0
20402, 6550, 0, 0, 0
20500, 6755, 0, 0, 0
20601, 6725, 0, 0, 0
20702, 6242, 0, 0, 0
20800, 6461, 0, 0, 0
20900, 6421, 0, 0, 0
21000, 6668, 0, 0, 0
21100, 6957, 0, 0, 0
21201, 6356, 0, 0, 0
21301, 6625, 0, 0, 0
21401, 6587, 0, 0, 0
21500, 7109, 0, 0, 0
21600, 6801, 0, 0, 0
21702, 6637, 0, 0, 0
21800, 6059, 0, 0, 0
21900, 6719, 0, 0, 0
22005, 7338, 0, 0, 0
22100, 5878, 0, 0, 0
22202, 6528, 0, 0, 0
22301, 6052, 0, 0, 0
22400, 5560, 0, 0, 0
22500, 6817, 0, 0, 0
22603, 6689, 0, 0, 0
22701, 6825, 0, 0, 0
22800, 6657, 0, 0, 0
22902, 7024, 0, 0, 0
23002, 6829, 0, 0, 0
23101, 6633, 0, 0, 0
23200, 6435, 0, 0, 0
23305, 6691, 0, 0, 0
23400, 6766, 0, 0, 0
23500, 7155, 0, 0, 0
23600, 7025, 0, 0, 0
23700, 6955, 0, 0, 0
23800, 6485, 0, 0, 0
23900, 6404, 0, 0, 0
24002, 6754, 0, 0, 0
24100, 7112, 0, 0, 0
24200, 6913, 0, 0, 0
24300, 6727, 0, 0, 0
24401, 6713, 0, 0, 0
24503, 7005, 0, 0, 0
24600, 6871, 0, 0, 0
24700, 6740, 0, 0, 0
24802, 6731, 0, 0, 0
24902, 6641, 0, 0, 0
25002, 6670, 0, 0, 0
25100, 6739, 0, 0, 0
25200, 6550, 0, 0, 0
25300, 6824, 0, 0, 0
25400, 6533, 0, 0, 0
25501, 6407, 0, 0, 0
25601, 6265, 0, 0, 0
25702, 6203, 0, 0, 0
25801, 7179, 0, 0, 0
25900, 6871, 0, 0, 0
26000, 6622, 0, 0, 0
26101, 6604, 0, 0, 0
26200, 6796, 0, 0, 0
26300, 6451, 0, 0, 0
26403, 6260, 0, 0, 0
26500, 6689, 0, 0, 0
26600, 6787, 0, 0, 0
26700, 6830, 0, 0, 0
26800, 6777, 0, 0, 0
26901, 7174, 0, 0, 0
27000, 6735, 0, 0, 0
27100, 6888, 0, 0, 0
27201, 6448, 0, 0, 0
27301, 7028, 0, 0, 0
27400, 5190, 0, 0, 0
27500, 6816, 0, 0, 0
27600, 6446, 0, 0, 0
27700, 6503, 0, 0, 0
27800, 6758, 0, 0, 0
27902, 6368, 0, 0, 0
28001, 6505, 0, 0, 0
28101, 7050, 0, 0, 0
28200, 6891, 0, 0, 0
28300, 7316, 0, 0, 0
28400, 6437, 0, 0, 0
28500, 6524, 0, 0, 0
28601, 7094, 0, 0, 0
28700, 7106, 0, 0, 0
28801, 6475, 0, 0, 0
28900, 6918, 0, 0, 0
29000, 6595, 0, 0, 0
29100, 6723, 0, 0, 0
29200, 6699, 0, 0, 0
29300, 6561, 0, 0, 0
29400, 6540, 0, 0, 0
29500, 6574, 0, 0, 0
29602, 6520, 0, 0, 0
29701, 6353, 0, 0, 0
29800, 7123, 0, 0, 0
29900, 6980, 0, 0, 0
30000, 6791, 0, 0, 0
30100, 6777, 0, 0, 0
30200, 6410, 0, 0, 0
30301, 6660, 0, 0, 0
30400, 6209, 0, 0, 0
30500, 6562, 0, 0, 0
30600, 6496, 0, 0, 0
30701, 6869, 0, 0, 0
30800, 6349, 0, 0, 0
30903, 6676, 0, 0, 0
31000, 6652, 0, 0, 0
31100, 6941, 0, 0, 0
31201, 6418, 0, 0, 0
31300, 6647, 0, 0, 0
31400, 6757, 0, 0, 0
31505, 6542, 0, 0, 0
31601, 6387, 0, 0, 0
31702, 6574, 0, 0, 0
31801, 6441, 0, 0, 0
31901, 7114, 0, 0, 0
32003, 7371, 0, 0, 0
32104, 6674, 0, 0, 0
32202, 6680, 0, 0, 0
32300, 6791, 0, 0, 0
32402, 6580, 0, 0, 0
32500, 6550, 0, 0, 0
32600, 6306, 0, 0, 0
32700, 6856, 0, 0, 0
32803, 6528, 0, 0, 0
32900, 6489, 0, 0, 0
33000, 6777, 0, 0, 0
33100, 6902, 0, 0, 0
33200, 6702, 0, 0, 0
33301, 6704, 0, 0, 0
33402, 6312, 0, 0, 0
33500, 6683, 0, 0, 0
33601, 6774, 0, 0, 0
33700, 7175, 0, 0, 0
33801, 6872, 0, 0, 0
33903, 6702, 0, 0, 0
34001, 7080, 0, 0, 0
34100, 6591, 0, 0, 0
34200, 5553, 0, 0, 0
34303, 7141, 0, 0, 0
34403, 6843, 0, 0, 0
34500, 6814, 0, 0, 0
34600, 7072, 0, 0, 0
34701, 6865, 0, 0, 0
34800, 6910, 0, 0, 0
34900, 7096, 0, 0, 0
35000, 6726, 0, 0, 0
35100, 6676, 0, 0, 0
35200, 5150, 0, 0, 0
35300, 5770, 0, 0, 0
35400, 6640, 0, 0, 0
35500, 6892, 0, 0, 0
35602, 6044, 0, 0, 0
35703, 6795, 0, 0, 0
35800, 6870, 0, 0, 0
35900, 5965, 0, 0, 0
36000, 5666, 0, 0, 0
36102, 6147, 0, 0, 0
36204, 5054, 0, 0, 0
36300, 4762, 0, 0, 0
36401, 6415, 0, 0, 0
36501, 6652, 0, 0, 0
36605, 6804, 0, 0, 0
36700, 6909, 0, 0, 0
36800, 7070, 0, 0, 0
36900, 6457, 0, 0, 0
37000, 6532, 0, 0, 0
37101, 6668, 0, 0, 0
37200, 6694, 0, 0, 0
37304, 6086, 0, 0, 0
37402, 6470, 0, 0, 0
37501, 6361, 0, 0, 0
37601, 6473, 0, 0, 0
37700, 6758, 0, 0, 0
37800, 6835, 0, 0, 0
37900, 7357, 0, 0, 0
38002, 7205, 0, 0, 0
38100, 6094, 0, 0, 0
38201, 6583, 0, 0, 0
38303, 6678, 0, 0, 0
38400, 6495, 0, 0, 0
38503, 7134, 0, 0, 0
38600, 6318, 0, 0, 0
38701, 6922, 0, 0, 0
38801, 6650, 0, 0, 0
38900, 7043, 0, 0, 0
39002, 6694, 0, 0, 0
39100, 6766, 0, 0, 0
39202, 6582, 0, 0, 0
39300, 6976, 0, 0, 0
39400, 6747, 0, 0, 0
39501, 6347, 0, 0, 0
39601, 5477, 0, 0, 0
39701, 6113, 0, 0, 0
39800, 6563, 0, 0, 0
39902, 6187, 0, 0, 0
40001, 6098, 0, 0, 0
40100, 6656, 0, 0, 0
40203, 6541, 0, 0, 0
40300, 7049, 0, 0, 0
40400, 6541, 0, 0, 0
40500, 6581, 0, 0, 0
40600, 6841, 0, 0, 0
40700, 6743, 0, 0, 0
40800, 6945, 0, 0, 0
40901, 6099, 0, 0, 0
41002, 6700, 0, 0, 0
41102, 6776, 0, 0, 0
41200, 6652, 0, 0, 0
41302, 6602, 0, 0, 0
41403, 7101, 0, 0, 0
41500, 7263, 0, 0, 0
41602, 6626, 0, 0, 0
41701, 6803, 0, 0, 0
41800, 6554, 0, 0, 0
41900, 6303, 0, 0, 0
42001, 6676, 0, 0, 0
42101, 5868, 0, 0, 0
42202, 5064, 0, 0, 0
42300, 4912, 0, 0, 0
42400, 6187, 0, 0, 0
42501, 6371, 0, 0, 0
42601, 6605, 0, 0, 0
42701, 7340, 0, 0, 0
42800, 7297, 0, 0, 0
42901, 6597, 0, 0, 0
43000, 6729, 0, 0, 0
43100, 6671, 0, 0, 0
43200, 6489, 0, 0, 0
43300, 6676, 0, 0, 0
43402, 6638, 0, 0, 0
43500, 6578, 0, 0, 0
43602, 7098, 0, 0, 0
43700, 6878, 0, 0, 0
43800, 6654, 0, 0, 0
43900, 6772, 0, 0, 0
44000, 7272, 0, 0, 0
44100, 6657, 0, 0, 0
44201, 6569, 0, 0, 0
44301, 4995, 0, 0, 0
44400, 5831, 0, 0, 0
44500, 6822, 0, 0, 0
44600, 6753, 0, 0, 0
44701, 6647, 0, 0, 0
44800, 6977, 0, 0, 0
44900, 6811, 0, 0, 0
45000, 7072, 0, 0, 0
45100, 6725, 0, 0, 0
45200, 6655, 0, 0, 0
45300, 6566, 0, 0, 0
45403, 6924, 0, 0, 0
45501, 6283, 0, 0, 0
45600, 6803, 0, 0, 0
45701, 6824, 0, 0, 0
45800, 6103, 0, 0, 0
45900, 6842, 0, 0, 0
46001, 6863, 0, 0, 0
46100, 6439, 0, 0, 0
46200, 5925, 0, 0, 0
46301, 5628, 0, 0, 0
46404, 5688, 0, 0, 0
46500, 6362, 0, 0, 0
46600, 6573, 0, 0, 0
46700, 7128, 0, 0, 0
46801, 6591, 0, 0, 0
46903, 6799, 0, 0, 0
47000, 6717, 0, 0, 0
47101, 6413, 0, 0, 0
47203, 6575, 0, 0, 0
47300, 5892, 0, 0, 0
47400, 6804, 0, 0, 0
47500, 7346, 0, 0, 0
47601, 6227, 0, 0, 0
47700, 6918, 0, 0, 0
47800, 6873, 0, 0, 0
47900, 6586, 0, 0, 0
48000, 6755, 0, 0, 0
48102, 6808, 0, 0, 0
48200, 6720, 0, 0, 0
48301, 6508, 0, 0, 0
48400, 7700, 0, 0, 0
48500, 6967, 0, 0, 0
48601, 6719, 0, 0, 0
48703, 6914, 0, 0, 0
48802, 6883, 0, 0, 0
48900, 6755, 0, 0, 0
49000, 6689, 0, 0, 0
49101, 6982, 0, 0, 0
49200, 6625, 0, 0, 0
49301, 6736, 0, 0, 0
49401, 6996, 0, 0, 0
49500, 6099, 0, 0, 0
49600, 6646, 0, 0, 0
49700, 7111, 0, 0, 0
49800, 6391, 0, 0, 0
49902, 6735, 0, 0, 0
50000, 6656, 0, 0, 0
50100, 6598, 0, 0, 0
50200, 6338, 0, 0, 0
50302, 6655, 0, 0, 0
50400, 6654, 0, 0, 0
50500, 6788, 0, 0, 0
50601, 6899, 0, 0, 0
50701, 6438, 0, 0, 0
50800, 6316, 0, 0, 0
50902, 6743, 0, 0, 0
51000, 6712, 0, 0, 0
51100, 6428, 0, 0, 0
51200, 6170, 0, 0, 0
51302, 6806, 0, 0, 0
51401, 6731, 0, 0, 0
51500, 6527, 0, 0, 0
51600, 6707, 0, 0, 0
51701, 6557, 0, 0, 0
51800, 7153, 0, 0, 0
51900, 6548, 0, 0, 0
52000, 6657, 0, 0, 0
52102, 6532, 0, 0, 0
52203, 6931, 0, 0, 0
52300, 6776, 0, 0, 0
52400, 6753, 0, 0, 0
52501, 6935, 0, 0, 0
52601, 6359, 0, 0, 0
52701, 6630, 0, 0, 0
52801, 6762, 0, 0, 0
52900, 6625, 0, 0, 0
53002, 7217, 0, 0, 0
53100, 6488, 0, 0, 0
53200, 6254, 0, 0, 0
53303, 6910, 0, 0, 0
53403, 6945, 0, 0, 0
53500, 7080, 0, 0, 0
53600, 7233, 0, 0, 0
53700, 6976, 0, 0, 0
53800, 6644, 0, 0, 0
53900, 6641, 0, 0, 0
54002, 6500, 0, 0, 0
54101, 6866, 0, 0, 0
54202, 6771, 0, 0, 0
54301, 6860, 0, 0, 0
54400, 6365, 0, 0, 0
54500, 5619, 0, 0, 0
54600, 6572, 0, 0, 0
54701, 6487, 0, 0, 0
54801, 6544, 0, 0, 0
54900, 6769, 0, 0, 0
55003, 6555, 0, 0, 0
55100, 6897, 0, 0, 0
55200, 6706, 0, 0, 0
55301, 6719, 0, 0, 0
55400, 7003, 0, 0, 0
55500, 6644, 0, 0, 0
55600, 6574, 0, 0, 0
55701, 6893, 0, 0, 0
55801, 6437, 0, 0, 0
55900, 6678, 0, 0, 0
56000, 6537, 0, 0, 0
56100, 7211, 0, 0, 0
56200, 6814, 0, 0, 0
56300, 6595, 0, 0, 0
56400, 6811, 0, 0, 0
56500, 6982, 0, 0, 0
56600, 6991, 0, 0, 0
56701, 6744, 0, 0, 0
56800, 6694, 0, 0, 0
56900, 7007, 0, 0, 0
57001, 6739, 0, 0, 0
57101, 6135, 0, 0, 0
57200, 5998, 0, 0, 0
57300, 5546, 0, 0, 0
57401, 5006, 0, 0, 0
57501, 5968, 0, 0, 0
57600, 6048, 0, 0, 0
57702, 5988, 0, 0, 0
57800, 5836, 0, 0, 0
57906, 6517, 0, 0, 0
58000, 7052, 0, 0, 0
58100, 6849, 0, 0, 0
58200, 6579, 0, 0, 0
58300, 6655, 0, 0, 0
58401, 6545, 0, 0, 0
58500, 6726, 0, 0, 0
58600, 6703, 0, 0, 0
58701, 6490, 0, 0, 0
58801, 6506, 0, 0, 0
58902, 6520, 0, 0, 0
59000, 6654, 0, 0, 0
59103, 6898, 0, 0, 0
59200, 6695, 0, 0, 0
59301, 6850, 0, 0, 0
59401, 6903, 0, 0, 0
59500, 6854, 0, 0, 0
59600, 6610, 0, 0, 0
59700, 6739, 0, 0, 0
59800, 6695, 0, 0, 0
59905, 6427, 0, 0, 0
60000, 6103, 0, 0, 0
60100, 6237, 0, 0, 0
60200, 6399, 0, 0, 0
60300, 5933, 0, 0, 0
60400, 5997, 0, 0, 0
60500, 6650, 0, 0, 0
60601, 7018, 0, 0, 0
60700, 6910, 0, 0, 0
60800, 6265, 0, 0, 0
60900, 6641, 0, 0, 0
61000, 6427, 0, 0, 0
61101, 6680, 0, 0, 0
61200, 7109, 0, 0, 0
61300, 7531, 0, 0, 0
61400, 6970, 0, 0, 0
61500, 6530, 0, 0, 0
61601, 6270, 0, 0, 0
61701, 6319, 0, 0, 0
61801, 6631, 0, 0, 0
61903, 6228, 0, 0, 0
62000, 6674, 0, 0, 0
62100, 6916, 0, 0, 0
62200, 6893, 0, 0, 0
62300, 6896, 0, 0, 0
62400, 6455, 0, 0, 0
62500, 7184, 0, 0, 0
62601, 6287, 0, 0, 0
62700, 6336, 0, 0, 0
62800, 6882, 0, 0, 0
62900, 6389, 0, 0, 0
63000, 6623, 0, 0, 0
63100, 7033, 0, 0, 0
63201, 6976, 0, 0, 0
63301, 6608, 0, 0, 0
63401, 6527, 0, 0, 0
63500, 6781, 0, 0, 0
63601, 7032, 0, 0, 0
63700, 6628, 0, 0, 0
63800, 6759, 0, 0, 0
63900, 7249, 0, 0, 0
64002, 7293, 0, 0, 0
64100, 7196, 0, 0, 0
64201, 6522, 0, 0, 0
64300, 5367, 0, 0, 0
64400, 5339, 0, 0, 0
64500, 6087, 0, 0, 0
64601, 6849, 0, 0, 0
64700, 6675, 0, 0, 0
64800, 6887, 0, 0, 0
64900, 7033, 0, 0, 0
65000, 6986, 0, 0, 0
65101, 6969, 0, 0, 0
65200, 6603, 0, 0, 0
65301, 6807, 0, 0, 0
65401, 6472, 0, 0, 0
65500, 6966, 0, 0, 0
65602, 6833, 0, 0, 0
65701, 6719, 0, 0, 0
65802, 6268, 0, 0, 0
65901, 5864, 0, 0, 0
66002, 5721, 0, 0, 0
66100, 6092, 0, 0, 0
66202, 7198, 0, 0, 0
66301, 6739, 0, 0, 0
66401, 6611, 0, 0, 0
66500, 6867, 0, 0, 0
66600, 7143, 0, 0, 0
66700, 6725, 0, 0, 0
66800, 6758, 0, 0, 0
66900, 6738, 0, 0, 0
67000, 6720, 0, 0, 0
67101, 6547, 0, 0, 0
67201, 7011, 0, 0, 0
67300, 6764, 0, 0, 0
67400, 7081, 0, 0, 0
67501, 6628, 0, 0, 0
67600, 7146, 0, 0, 0
67700, 7220, 0, 0, 0
67800, 6578, 0, 0, 0
67901, 6481, 0, 0, 0
68000, 6492, 0, 0, 0
68100, 6447, 0, 0, 0
68202, 6834, 0, 0, 0
68300, 6766, 0, 0, 0
68401, 6440, 0, 0, 0
68500, 7308, 0, 0, 0
68600, 6537, 0, 0, 0
68700, 7000, 0, 0, 0
68800, 6540, 0, 0, 0
68900, 6409, 0, 0, 0
69000, 6328, 0, 0, 0
69101, 6345, 0, 0, 0
69201, 6487, 0, 0, 0
69300, 6494, 0, 0, 0
69400, 6745, 0, 0, 0
69500, 6761, 0, 0, 0
69601, 6648, 0, 0, 0
69700, 6818, 0, 0, 0
69801, 7001, 0, 0, 0
69901, 6810, 0, 0, 0
70002, 6819, 0, 0, 0
70100, 6896, 0, 0, 0
70200, 6887, 0, 0, 0
70300, 6765, 0, 0, 0
70400, 6977, 0, 0, 0
70500, 6952, 0, 0, 0
70600, 6844, 0, 0, 0
70701, 6265, 0, 0, 0
70802, 6323, 0, 0, 0
70901, 6848, 0, 0, 0
71001, 7078, 0, 0, 0
71101, 6611, 0, 0, 0
71200, 6722, 0, 0, 0
71303, 6774, 0, 0, 0
71400, 6837, 0, 0, 0
71501, 7094, 0, 0, 0
71600, 7219, 0, 0, 0
71700, 6806, 0, 0, 0
71800, 7505, 0, 0, 0
71900, 6630, 0, 0, 0
72001, 6995, 0, 0, 0
72103, 6874, 0, 0, 0
72200, 7412, 0, 0, 0
72300, 6666, 0, 0, 0
72400, 6907, 0, 0, 0
72500, 6745, 0, 0, 0
72602, 7215, 0, 0, 0
72701, 7146, 0, 0, 0
72801, 7027, 0, 0, 0
72900, 7721, 0, 0, 0
73000, 6711, 0, 0, 0
73101, 6173, 0, 0, 0
73200, 7142, 0, 0, 0
73301, 6846, 0, 0, 0
73403, 5725, 0, 0, 0
73500, 6698, 0, 0, 0
73602, 6753, 0, 0, 0
73700, 6581, 0, 0, 0
73802, 6819, 0, 0, 0
73903, 6650, 0, 0, 0
74000, 6961, 0, 0, 0
74100, 6714, 0, 0, 0
74200, 6574, 0, 0, 0
74300, 7345, 0, 0, 0
74400, 6959, 0, 0, 0
74502, 7319, 0, 0, 0
74603, 6935, 0, 0, 0
74700, 6813, 0, 0, 0
74800, 7605, 0, 0, 0
74900, 7014, 0, 0, 0
75000, 6574, 0, 0, 0
75100, 6879, 0, 0, 0
75200, 6962, 0, 0, 0
75301, 6967, 0, 0, 0
75401, 7096, 0, 0, 0
75500, 6938, 0, 0, 0
75601, 7451, 0, 0, 0
75701, 6934, 0, 0, 0
75803, 6634, 0, 0, 0
75901, 6551, 0, 0, 0
76000, 7060, 0, 0, 0
76100, 6438, 0, 0, 0
76200, 6435, 0, 0, 0
76300, 6525, 0, 0, 0
76400, 6587, 0, 0, 0
76500, 6492, 0, 0, 0
76600, 6474, 0, 0, 0
76701, 6740, 0, 0, 0
76800, 6583, 0, 0, 0
76900, 6589, 0, 0, 0
77000, 6204, 0, 0, 0
77100, 7008, 0, 0, 0
77201, 6753, 0, 0, 0
77300, 6822, 0, 0, 0
77400, 6708, 0, 0, 0
77500, 6886, 0, 0, 0
77602, 6833, 0, 0, 0
77700, 6653, 0, 0, 0
77802, 6569, 0, 0, 0
77901, 6952, 0, 0, 0
78003, 6811, 0, 0, 0
78103, 7390, 0, 0, 0
78200, 6634, 0, 0, 0
78300, 6731, 0, 0, 0
78401, 6780, 0, 0, 0
78500, 6821, 0, 0, 0
78601, 5474, 0, 0, 0
78700, 4172, 0, 0, 0
78800, 4716, 0, 0, 0
78900, 5675, 0, 0, 0
79001, 5917, 0, 0, 0
79101, 6435, 0, 0, 0
79202, 6254, 0, 0, 0
79300, 6760, 0, 0, 0
79401, 6754, 0, 0, 0
79500, 6414, 0, 0, 0
79600, 6510, 0, 0, 0
79701, 6849, 0, 0, 0
79800, 7018, 0, 0, 0
79900, 6960, 0, 0, 0
80000, 7316, 0, 0, 0
80100, 6703, 0, 0, 0
80200, 6513, 0, 0, 0
80302, 6484, 0, 0, 0
80400, 6406, 0, 0, 0
80501, 7145, 0, 0, 0
80601, 6927, 0, 0, 0
80702, 6741, 0, 0, 0
80801, 7015, 0, 0, 0
80902, 7148, 0, 0, 0
81001, 6543, 0, 0, 0
81100, 6296, 0, 0, 0
81201, 6816, 0, 0, 0
81301, 6855, 0, 0, 0
81400, 6854, 0, 0, 0
81500, 6890, 0, 0, 0
81602, 7213, 0, 0, 0
81700, 6959, 0, 0, 0
81801, 6556, 0, 0, 0
81900, 6437, 0, 0, 0
82000, 6748, 0, 0, 0
82101, 6655, 0, 0, 0
82200, 6532, 0, 0, 0
82301, 7036, 0, 0, 0
82400, 6762, 0, 0, 0
82504, 7235, 0, 0, 0
82600, 6722, 0, 0, 0
82700, 6523, 0, 0, 0
82801, 6560, 0, 0, 0
82900, 6849, 0, 0, 0
83000, 6751, 0, 0, 0
83101, 6387, 0, 0, 0
83201, 6511, 0, 0, 0
83301, 6645, 0, 0, 0
83401, 6666, 0, 0, 0
83500, 7044, 0, 0, 0
83600, 6719, 0, 0, 0
83700, 6739, 0, 0, 0
83800, 6756, 0, 0, 0
83900, 6410, 0, 0, 0
84001, 6649, 0, 0, 0
84100, 6435, 0, 0, 0
84200, 6723, 0, 0, 0
84300, 7050, 0, 0, 0
84401, 6545, 0, 0, 0
84500, 6792, 0, 0, 0
84601, 6259, 0, 0, 0
84700, 6213, 0, 0, 0
84800, 6246, 0, 0, 0
84900, 6523, 0, 0, 0
85001, 6622, 0, 0, 0
85100, 6675, 0, 0, 0
85201, 6820, 0, 0, 0
85300, 6304, 0, 0, 0
85400, 6565, 0, 0, 0
85500, 6487, 0, 0, 0
85600, 6193, 0, 0, 0
85701, 6389, 0, 0, 0
85804, 6516, 0, 0, 0
85900, 6678, 0, 0, 0
86001, 6065, 0, 0, 0
86100, 6539, 0, 0, 0
86200, 7109, 0, 0, 0
86300, 6693, 0, 0, 0
86401, 6475, 0, 0, 0
86500, 6787, 0, 0, 0
86602, 6267, 0, 0, 0
86700, 6287, 0, 0, 0
86802, 6119, 0, 0, 0
86901, 6284, 0, 0, 0
87002, 6246, 0, 0, 0
87100, 6786, 0, 0, 0
87200, 6537, 0, 0, 0
87300, 5542, 0, 0, 0
87400, 6384, 0, 0, 0
87500, 6628, 0, 0, 0
87600, 7141, 0, 0, 0
87701, 6878, 0, 0, 0
87800, 7199, 0, 0, 0
87900, 7006, 0, 0, 0
88000, 7298, 0, 0, 0
88100, 7284, 0, 0, 0
88202, 6836, 0, 0, 0
88302, 6700, 0, 0, 0
88401, 6946, 0, 0, 0
88501, 6470, 0, 0, 0
88600, 7125, 0, 0, 0
88702, 6845, 0, 0, 0
88800, 6678, 0, 0, 0
88900, 6499, 0, 0, 0
89004, 6704, 0, 0, 0
89101, 6550, 0, 0, 0
89200, 6830, 0, 0, 0
89300, 6471, 0, 0, 0
89400, 6373, 0, 0, 0
89500, 6776, 0, 0, 0
89603, 7009, 0, 0, 0
89700, 6787, 0, 0, 0
89800, 6459, 0, 0, 0
89901, 6673, 0, 0, 0
90000, 6473, 0, 0, 0
90101, 6726, 0, 0, 0
90203, 6778, 0, 0, 0
90303, 6430, 0, 0, 0
90400, 6425, 0, 0, 0
90501, 6354, 0, 0, 0
90600, 6444, 0, 0, 0
90700, 6565, 0, 0, 0
90800, 6455, 0, 0, 0
90901, 6355, 0, 0, 0
91001, 6726, 0, 0, 0
91102, 6778, 0, 0, 0
91200, 6555, 0, 0, 0
91300, 6423, 0, 0, 0
91400, 6560, 0, 0, 0
91501, 6430, 0, 0, 0
91601, 6989, 0, 0, 0
91701, 6668, 0, 0, 0
91800, 6586, 0, 0, 0
91902, 6901, 0, 0, 0
92000, 6653, 0, 0, 0
92100, 6405, 0, 0, 0
92202, 6783, 0, 0, 0
92304, 6105, 0, 0, 0
92402, 5301, 0, 0, 0
92500, 6446, 0, 0, 0
92600, 6396, 0, 0, 0
92701, 6909, 0, 0, 0
92800, 6697, 0, 0, 0
92901, 6731, 0, 0, 0
93002, 6809, 0, 0, 0
93101, 6625, 0, 0, 0
93200, 6826, 0, 0, 0
93300, 6708, 0, 0, 0
93400, 6953, 0, 0, 0
93502, 6668, 0, 0, 0
93600, 6820, 0, 0, 0
93701, 6817, 0, 0, 0
93800, 6820, 0, 0, 0
93900, 7070, 0, 0, 0
94000, 6616, 0, 0, 0
94103, 6867, 0, 0, 0
94200, 6476, 0, 0, 0
94300, 6751, 0, 0, 0
94402, 6912, 0, 0, 0
94501, 6468, 0, 0, 0
94600, 6816, 0, 0, 0
94701, 6461, 0, 0, 0
94800, 6877, 0, 0, 0
94900, 6507, 0, 0, 0
95000, 6595, 0, 0, 0
95102, 6640, 0, 0, 0
95200, 6469, 0, 0, 0
95302, 6522, 0, 0, 0
95405, 6801, 0, 0, 0
95500, 6979, 0, 0, 0
95603, 7517, 0, 0, 0
95700, 6288, 0, 0, 0
95800, 6771, 0, 0, 0
95900, 6974, 0, 0, 0
96000, 6727, 0, 0, 0
96102, 6425, 0, 0, 0
96201, 6919, 0, 0, 0
96302, 7165, 0, 0, 0
96401, 7071, 0, 0, 0
96500, 5850, 0, 0, 0
96600, 5640, 0, 0, 0
96702, 5429, 0, 0, 0
96801, 6053, 0, 0, 0
96902, 7125, 0, 0, 0
97000, 6740, 0, 0, 0
97102, 6298, 0, 0, 0
97201, 6653, 0, 0, 0
97300, 6535, 0, 0, 0
97400, 6659, 0, 0, 0
97501, 6527, 0, 0, 0
97601, 6347, 0, 0, 0
97700, 6300, 0, 0, 0
97800, 6104, 0, 0, 0
97901, 6444, 0, 0, 0
98000, 6870, 0, 0, 0
98102, 6860, 0, 0, 0
98203, 6587, 0, 0, 0
98300, 6408, 0, 0, 0
98400, 6471, 0, 0, 0
98500, 6367, 0, 0, 0
98600, 6398, 0, 0, 0
98700, 5774, 0, 0, 0
98803, 6026, 0, 0, 0
98900, 6421, 0, 0, 0
99001, 6970, 0, 0, 0
99100, 6971, 0, 0, 0
99200, 6577, 0, 0, 0
99301, 6708, 0, 0, 0
99403, 6324, 0, 0, 0
99503, 7052, 0, 0, 0
99600, 6745, 0, 0, 0
99705, 6361, 0, 0, 0
99800, 6547, 0, 0, 0
99901, 7102, 0, 0, 0
100001, 6912, 0, 0, 0
100100, 6858, 0, 0, 0
100200, 6125, 0, 0, 0
100301, 6180, 0, 0, 0
100402, 6239, 0, 0, 0
100503, 6655, 0, 0, 0
100601, 7325, 0, 0, 0
100702, 6718, 0, 0, 0
100800, 6700, 0, 0, 0
100903, 6571, 0, 0, 0
101001, 6774, 0, 0, 0
101100, 6924, 0, 0, 0
101201, 7071, 0, 0, 0
101300, 6748, 0, 0, 0
101403, 7036, 0, 0, 0
101502, 6335, 0, 0, 0
101600, 5873, 0, 0, 0
101701, 6658, 0, 0, 0
101801, 6624, 0, 0, 0
101900, 6346, 0, 0, 0
102000, 6503, 0, 0, 0
102100, 6594, 0, 0, 0
102200, 6604, 0, 0, 0
102300, 7039, 0, 0, 0
102403, 5881, 0, 0, 0
102500, 6118, 0, 0, 0
102608, 6042, 0, 0, 0
102701, 6623, 0, 0, 0
102801, 6121, 0, 0, 0
102902, 6120, 0, 0, 0
103000, 6818, 0, 0, 0
103101, 6883, 0, 0, 0
103201, 6611, 0, 0, 0
103302, 6731, 0, 0, 0
103400, 6603, 0, 0, 0
103500, 6559, 0, 0, 0
103602, 6901, 0, 0, 0
103700, 6578, 0, 0, 0
103801, 6375, 0, 0, 0
103902, 6391, 0, 0, 0
104002, 6510, 0, 0, 0
104100, 6485, 0, 0, 0
104200, 6387, 0, 0, 0
104301, 6474, 0, 0, 0
104400, 6646, 0, 0, 0
104501, 7415, 0, 0, 0
104601, 6896, 0, 0, 0
104700, 6578, 0, 0, 0
104800, 6492, 0, 0, 0
104903, 6353, 0, 0, 0
105000, 6130, 0, 0, 0
105101, 6699, 0, 0, 0
105202, 6812, 0, 0, 0
105302, 6545, 0, 0, 0
105400, 6326, 0, 0, 0
105502, 6786, 0, 0, 0
105602, 6483, 0, 0, 0
105702, 6700, 0, 0, 0
105801, 6878, 0, 0, 0
105901, 6993, 0, 0, 0
106000, 6740, 0, 0, 0
106105, 6420, 0, 0, 0
106200, 6732, 0, 0, 0
106301, 6603, 0, 0, 0
106400, 6454, 0, 0, 0
106500, 6483, 0, 0, 0
106601, 6828, 0, 0, 0
106700, 6675, 0, 0, 0
106800, 6642, 0, 0, 0
106900, 6260, 0, 0, 0
107001, 6249, 0, 0, 0
107100, 6779, 0, 0, 0
107200, 6679, 0, 0, 0
107301, 6033, 0, 0, 0
107403, 6475, 0, 0, 0
107500, 7278, 0, 0, 0
107600, 6925, 0, 0, 0
107700, 6594, 0, 0, 0
107801, 6529, 0, 0, 0
107900, 6755, 0, 0, 0
108002, 6572, 0, 0, 0
108100, 6456, 0, 0, 0
108204, 6868, 0, 0, 0
108300, 6975, 0, 0, 0
108400, 6958, 0, 0, 0
108500, 6640, 0, 0, 0
108601, 6220, 0, 0, 0
108701, 6985, 0, 0, 0
108804, 6524, 0, 0, 0
108901, 6448, 0, 0, 0
109001, 6450, 0, 0, 0
109100, 6530, 0, 0, 0
109205, 6590, 0, 0, 0
109300, 6194, 0, 0, 0
109400, 6848, 0, 0, 0
109501, 6709, 0, 0, 0
109600, 6662, 0, 0, 0
109703, 6647, 0, 0, 0
109802, 7317, 0, 0, 0
109901, 6906, 0, 0, 0
110003, 6844, 0, 0, 0
110103, 6426, 0, 0, 0
110201, 6743, 0, 0, 0
110301, 6491, 0, 0, 0
110401, 6578, 0, 0, 0
110501, 6885, 0, 0, 0
110600, 6736, 0, 0, 0
110703, 6470, 0, 0, 0
110800, 6641, 0, 0, 0
110900, 7166, 0, 0, 0
111001, 6869, 0, 0, 0
111102, 6693, 0, 0, 0
111204, 6824, 0, 0, 0
111304, 7295, 0, 0, 0
111400, 6865, 0, 0, 0
111500, 6615, 0, 0, 0
111600, 6887, 0, 0, 0
111702, 7294, 0, 0, 0
111801, 6542, 0, 0, 0
111903, 6935, 0, 0, 0
112001, 6870, 0, 0, 0
112100, 6825, 0, 0, 0
112200, 6773, 0, 0, 0
112300, 6819, 0, 0, 0
112401, 6451, 0, 0, 0
112500, 6731, 0, 0, 0
112600, 6862, 0, 0, 0
112701, 7037, 0, 0, 0
112800, 6873, 0, 0, 0
112900, 6764, 0, 0, 0
113001, 6804, 0, 0, 0
113100, 7093, 0, 0, 0
113200, 6299, 0, 0, 0
113300, 6753, 0, 0, 0
113403, 7089, 0, 0, 0
113500, 6706, 0, 0, 0
113600, 6295, 0, 0, 0
113702, 6591, 0, 0, 0
113801, 6369, 0, 0, 0
113902, 6051, 0, 0, 0
114000, 6125, 0, 0, 0
114100, 6266, 0, 0, 0
114200, 6498, 0, 0, 0
114302, 6598, 0, 0, 0
114400, 6198, 0, 0, 0
114500, 6048, 0, 0, 0
114600, 6031, 0, 0, 0
114702, 6758, 0, 0, 0
114801, 6524, 0, 0, 0
114902, 6989, 0, 0, 0
115002, 6821, 0, 0, 0
115100, 6497, 0, 0, 0
115200, 6574, 0, 0, 0
115301, 6753, 0, 0, 0
115400, 6912, 0, 0, 0
115500, 6634, 0, 0, 0
115600, 6941, 0, 0, 0
115700, 6810, 0, 0, 0
115800, 6983, 0, 0, 0
115904, 6759, 0, 0, 0
116003, 6717, 0, 0, 0
116102, 6580, 0, 0, 0
116201, 6747, 0, 0, 0
116303, 6972, 0, 0, 0
116401, 7223, 0, 0, 0
116500, 6759, 0, 0, 0
116601, 6793, 0, 0, 0
116700, 6669, 0, 0, 0
116800, 6947, 0, 0, 0
116902, 6436, 0, 0, 0
117000, 6424, 0, 0, 0
117100, 6352, 0, 0, 0
117200, 6623, 0, 0, 0
117302, 6576, 0, 0, 0
117400, 6806, 0, 0, 0
117500, 6372, 0, 0, 0
117600, 6030, 0, 0, 0
117700, 6983, 0, 0, 0
117801, 6591, 0, 0, 0
117902, 5745, 0, 0, 0
118001, 6694, 0, 0, 0
118100, 6933, 0, 0, 0
118200, 6755, 0, 0, 0
118302, 6493, 0, 0, 0
118401, 7015, 0, 0, 0
118501, 6710, 0, 0, 0
118602, 6938, 0, 0, 0
118700, 6912, 0, 0, 0
118800, 7273, 0, 0, 0
118900, 6990, 0, 0, 0
119001, 7004, 0, 0, 0
119100, 6989, 0, 0, 0
119200, 6598, 0, 0, 0
119301, 6463, 0, 0, 0
119401, 6692, 0, 0, 0
119501, 7261, 0, 0, 0
119600, 6825, 0, 0, 0
119700, 6669, 0, 0, 0
119801, 6436, 0, 0, 0
119900, 6569, 0, 0, 0
120001, 6780, 0, 0, 0
120100, 6312, 0, 0, 0
120200, 6720, 0, 0, 0
120301, 6777, 0, 0, 0
120400, 7513, 0, 0, 0
120502, 6579, 0, 0, 0
120600, 6465, 0, 0, 0
120701, 6920, 0, 0, 0
120802, 6611, 0, 0, 0
120901, 6558, 0, 0, 0
121000, 6467, 0, 0, 0
121100, 7165, 0, 0, 0
121201, 6286, 0, 0, 0
121301, 6559, 0, 0, 0
121400, 6816, 0, 0, 0
121502, 6785, 0, 0, 0
121600, 6286, 0, 0, 0
121700, 5725, 0, 0, 0
121801, 5965, 0, 0, 0
121901, 6602, 0, 0, 0
122000, 6535, 0, 0, 0
122102, 6505, 0, 0, 0
122202, 7325, 0, 0, 0
122301, 6508, 0, 0, 0
122403, 6661, 0, 0, 0
122500, 7253, 0, 0, 0
122602, 6462, 0, 0, 0
122700, 6444, 0, 0, 0
122800, 7030, 0, 0, 0
122902, 6588, 0, 0, 0
123001, 6745, 0, 0, 0
123100, 6945, 0, 0, 0
123200, 6288, 0, 0, 0
123300, 6459, 0, 0, 0
123400, 6223, 0, 0, 0
123500, 6736, 0, 0, 0
123601, 6851, 0, 0, 0
123700, 7104, 0, 0, 0
123800, 6546, 0, 0, 0
123900, 6625, 0, 0, 0
124001, 7102, 0, 0, 0
124101, 6512, 0, 0, 0
124200, 6183, 0, 0, 0
124300, 6207, 0, 0, 0
124401, 6202, 0, 0, 0
124500, 6567, 0, 0, 0
124600, 6445, 0, 0, 0
124702, 7371, 0, 0, 0
124800, 6872, 0, 0, 0
124900, 7387, 0, 0, 0
125000, 6904, 0, 0, 0
125100, 6636, 0, 0, 0
125200, 6656, 0, 0, 0
125300, 6794, 0, 0, 0
125400, 7376, 0, 0, 0
125502, 7009, 0, 0, 0
125601, 6740, 0, 0, 0
125702, 6669, 0, 0, 0
125800, 6607, 0, 0, 0
125900, 7023, 0, 0, 0
126001, 6469, 0, 0, 0
126101, 6337, 0, 0, 0
126201, 6264, 0, 0, 0
126300, 6567, 0, 0, 0
126400, 6496, 0, 0, 0
126500, 6645, 0, 0, 0
126600, 6702, 0, 0, 0
126700, 6766, 0, 0, 0
126800, 6387, 0, 0, 0
126900, 6447, 0, 0, 0
127001, 7337, 0, 0, 0
127103, 6776, 0, 0, 0
127200, 6449, 0, 0, 0
127301, 7038, 0, 0, 0
127400, 7168, 0, 0, 0
127501, 6627, 0, 0, 0
127600, 6988, 0, 0, 0
127702, 7002, 0, 0, 0
127801, 6953, 0, 0, 0
127900, 6319, 0, 0, 0
128000, 7050, 0, 0, 0
128104, 7269, 0, 0, 0
128200, 7015, 0, 0, 0
128300, 6781, 0, 0, 0
128400, 6760, 0, 0, 0
128501, 7114, 0, 0, 0
128600, 6666, 0, 0, 0
128701, 6938, 0, 0, 0
128800, 6750, 0, 0, 0
128900, 6671, 0, 0, 0
129000, 6844, 0, 0, 0
129101, 6793, 0, 0, 0
129201, 6631, 0, 0, 0
129301, 6651, 0, 0, 0
129402, 7107, 0, 0, 0
129500, 6684, 0, 0, 0
129600, 6866, 0, 0, 0
129700, 4859, 0, 0, 0
129804, 4692, 0, 0, 0
129900, 6017, 0, 0, 0
130000, 6653, 0, 0, 0
130100, 6441, 0, 0, 0
130201, 6276, 0, 0, 0
130301, 6315, 0, 0, 0
130400, 6480, 0, 0, 0
130500, 7038, 0, 0, 0
130602, 7438, 0, 0, 0
130702, 6951, 0, 0, 0
130801, 7453, 0, 0, 0
130902, 6754, 0, 0, 0
131002, 7023, 0, 0, 0
131100, 6948, 0, 0, 0
131201, 5819, 0, 0, 0
131300, 6309, 0, 0, 0
131400, 6432, 0, 0, 0
131500, 6542, 0, 0, 0
131600, 5389, 0, 0, 0
131701, 6330, 0, 0, 0
131800, 6766, 0, 0, 0
131901, 6486, 0, 0, 0
132001, 6859, 0, 0, 0
132100, 6852, 0, 0, 0
132201, 6819, 0, 0, 0
132301, 6725, 0, 0, 0
132401, 6675, 0, 0, 0
132501, 6827, 0, 0, 0
132600, 6867, 0, 0, 0
132701, 6786, 0, 0, 0
132800, 7551, 0, 0, 0
132901, 6709, 0, 0, 0
133003, 6582, 0, 0, 0
133102, 6645, 0, 0, 0
133200, 7019, 0, 0, 0
133300, 6835, 0, 0, 0
133401, 6908, 0, 0, 0
133502, 6621, 0, 0, 0
133600, 6610, 0, 0, 0
133703, 6689, 0, 0, 0
133800, 6761, 0, 0, 0
133900, 6152, 0, 0, 0
134002, 6717, 0, 0, 0
134104, 6602, 0, 0, 0
134200, 6753, 0, 0, 0
134300, 6683, 0, 0, 0
134400, 6600, 0, 0, 0
134502, 6893, 0, 0, 0
134601, 6770, 0, 0, 0
134701, 7067, 0, 0, 0
134800, 7220, 0, 0, 0
134900, 6788, 0, 0, 0
135001, 6560, 0, 0, 0
135100, 6793, 0, 0, 0
135201, 6380, 0, 0, 0
135300, 6316, 0, 0, 0
135400, 7208, 0, 0, 0
135500, 6722, 0, 0, 0
135600, 6825, 0, 0, 0
135700, 7212, 0, 0, 0
135801, 6887, 0, 0, 0
135901, 7069, 0, 0, 0
136000, 6945, 0, 0, 0
136100, 7256, 0, 0, 0
136202, 6622, 0, 0, 0
136300, 6576, 0, 0, 0
136403, 6417, 0, 0, 0
136500, 6076, 0, 0, 0
136600, 6633, 0, 0, 0
136700, 6758, 0, 0, 0
136800, 6593, 0, 0, 0
136900, 5407, 0, 0, 0
137000, 6175, 0, 0, 0
137101, 6867, 0, 0, 0
137200, 6683, 0, 0, 0
137306, 6957, 0, 0, 0
137400, 6670, 0, 0, 0
137500, 6624, 0, 0, 0
137600, 6960, 0, 0, 0
137700, 6938, 0, 0, 0
137801, 6565, 0, 0, 0
137901, 7479, 0, 0, 0
138000, 6505, 0, 0, 0
138102, 7022, 0, 0, 0
138200, 6862, 0, 0, 0
138301, 6757, 0, 0, 0
138402, 6971, 0, 0, 0
138501, 6558, 0, 0, 0
138600, 6125, 0, 0, 0
138702, 6667, 0, 0, 0
138800, 7007, 0, 0, 0
138900, 6574, 0, 0, 0
139000, 7041, 0, 0, 0
139102, 6883, 0, 0, 0
139201, 6665, 0, 0, 0
139302, 6413, 0, 0, 0
139400, 6650, 0, 0, 0
139500, 7008, 0, 0, 0
139600, 6801, 0, 0, 0
139701, 6705, 0, 0, 0
139802, 6692, 0, 0, 0
139901, 6653, 0, 0, 0
140000, 6712, 0, 0, 0
140100, 6814, 0, 0, 0
140202, 5991, 0, 0, 0
140300, 6618, 0, 0, 0
140400, 6484, 0, 0, 0
140500, 7352, 0, 0, 0
140602, 7379, 0, 0, 0
140700, 6826, 0, 0, 0
140801, 5648, 0, 0, 0
140900, 6389, 0, 0, 0
141000, 6876, 0, 0, 0
141100, 6799, 0, 0, 0
141200, 6261, 0, 0, 0
141300, 6931, 0, 0, 0
141401, 6257, 0, 0, 0
141501, 6233, 0, 0, 0
141600, 6803, 0, 0, 0
141700, 6473, 0, 0, 0
141800, 6578, 0, 0, 0
141901, 6873, 0, 0, 0
142000, 6799, 0, 0, 0
142100, 6718, 0, 0, 0
142202, 6574, 0, 0, 0
142301, 6538, 0, 0, 0
142400, 6417, 0, 0, 0
142500, 7157, 0, 0, 0
142601, 6827, 0, 0, 0
142700, 6580, 0, 0, 0
142801, 6675, 0, 0, 0
142900, 6593, 0, 0, 0
143002, 7176, 0, 0, 0
143100, 6309, 0, 0, 0
143200, 6429, 0, 0, 0
143303, 7397, 0, 0, 0
143400, 6516, 0, 0, 0
143500, 6507, 0, 0, 0
143602, 6433, 0, 0, 0
143700, 6692, 0, 0, 0
143802, 6737, 0, 0, 0
143901, 6686, 0, 0, 0
144001, 6542, 0, 0, 0
144100, 6465, 0, 0, 0
144200, 6742, 0, 0, 0
144300, 6559, 0, 0, 0
144402, 6755, 0, 0, 0
144501, 6929, 0, 0, 0
144600, 6938, 0, 0, 0
144700, 6555, 0, 0, 0
144801, 6892, 0, 0, 0
144900, 6651, 0, 0, 0
145001, 6307, 0, 0, 0
145102, 6799, 0, 0, 0
145202, 6612, 0, 0, 0
145300, 6067, 0, 0, 0
145401, 6628, 0, 0, 0
145502, 6777, 0, 0, 0
145601, 6795, 0, 0, 0
145706, 6657, 0, 0, 0
145801, 6494, 0, 0, 0
145901, 6306, 0, 0, 0
146001, 6226, 0, 0, 0
146101, 6650, 0, 0, 0
146201, 6231, 0, 0, 0
146300, 5254, 0, 0, 0
146402, 5026, 0, 0, 0
146500, 6461, 0, 0, 0
146600, 6483, 0, 0, 0
146701, 6536, 0, 0, 0
146801, 6888, 0, 0, 0
146900, 7206, 0, 0, 0
147001, 6788, 0, 0, 0
147100, 6883, 0, 0, 0
147200, 6464, 0, 0, 0
147300, 6699, 0, 0, 0
147400, 6752, 0, 0, 0
147501, 7077, 0, 0, 0
147601, 6369, 0, 0, 0
147701, 6610, 0, 0, 0
147800, 6528, 0, 0, 0
147901, 6624, 0, 0, 0
148000, 6605, 0, 0, 0
148100, 6467, 0, 0, 0
148200, 6620, 0, 0, 0
148300, 7018, 0, 0, 0
148401, 7068, 0, 0, 0
148501, 7109, 0, 0, 0
148600, 7118, 0, 0, 0
148700, 6638, 0, 0, 0
148801, 6883, 0, 0, 0
148900, 6266, 0, 0, 0
149000, 6347, 0, 0, 0
149100, 6742, 0, 0, 0
149200, 6820, 0, 0, 0
149301, 7356, 0, 0, 0
149401, 6518, 0, 0, 0
149500, 5483, 0, 0, 0
149600, 5489, 0, 0, 0
149701, 5529, 0, 0, 0
149800, 5819, 0, 0, 0
149900, 6356, 0, 0, 0
150000, 6770, 0, 0, 0
150101, 6870, 0, 0, 0
150202, 6530, 0, 0, 0
150300, 6840, 0, 0, 0
150400, 7276, 0, 0, 0
150501, 6659, 0, 0, 0
150600, 7168, 0, 0, 0
150700, 6804, 0, 0, 0
150804, 6743, 0, 0, 0
150900, 6450, 0, 0, 0
151002, 7019, 0, 0, 0
151100, 6882, 0, 0, 0
151200, 6662, 0, 0, 0
151301, 6621, 0, 0, 0
151401, 6601, 0, 0, 0
151501, 7320, 0, 0, 0
151600, 7311, 0, 0, 0
151700, 6985, 0, 0, 0
151800, 6874, 0, 0, 0
151900, 6779, 0, 0, 0
152000, 6947, 0, 0, 0
152102, 6481, 0, 0, 0
152204, 6731, 0, 0, 0
152300, 6654, 0, 0, 0
152400, 6514, 0, 0, 0
152500, 6829, 0, 0, 0
152602, 6789, 0, 0, 0
152700, 6722, 0, 0, 0
152800, 6642, 0, 0, 0
152900, 6857, 0, 0, 0
153001, 6608, 0, 0, 0
153100, 6682, 0, 0, 0
153202, 6638, 0, 0, 0
153300, 6519, 0, 0, 0
153400, 6514, 0, 0, 0
153501, 6793, 0, 0, 0
153601, 7009, 0, 0, 0
153700, 6284, 0, 0, 0
153803, 6689, 0, 0, 0
153900, 6181, 0, 0, 0
154001, 6311, 0, 0, 0
154101, 6464, 0, 0, 0
154203, 6593, 0, 0, 0
154301, 5353, 0, 0, 0
154401, 5829, 0, 0, 0
154501, 6027, 0, 0, 0
154600, 5732, 0, 0, 0
154702, 6239, 0, 0, 0
154800, 6751, 0, 0, 0
154900, 6600, 0, 0, 0
155001, 6940, 0, 0, 0
155100, 6478, 0, 0, 0
155200, 6799, 0, 0, 0
155301, 5852, 0, 0, 0
155400, 5707, 0, 0, 0
155502, 6375, 0, 0, 0
155600, 6189, 0, 0, 0
155700, 5921, 0, 0, 0
155802, 5868, 0, 0, 0
155900, 5914, 0, 0, 0
156002, 6059, 0, 0, 0
156102, 6170, 0, 0, 0
156200, 5868, 0, 0, 0
156301, 6083, 0, 0, 0
156401, 5792, 0, 0, 0
156500, 6436, 0, 0, 0
156602, 7055, 0, 0, 0
156702, 6543, 0, 0, 0
156801, 6773, 0, 0, 0
156900, 6711, 0, 0, 0
157001, 7095, 0, 0, 0
157100, 6767, 0, 0, 0
157200, 6785, 0, 0, 0
157304, 6505, 0, 0, 0
157404, 6535, 0, 0, 0
157501, 6779, 0, 0, 0
157601, 6455, 0, 0, 0
157704, 6471, 0, 0, 0
157801, 6598, 0, 0, 0
157901, 6928, 0, 0, 0
158000, 6752, 0, 0, 0
158102, 6713, 0, 0, 0
158200, 7048, 0, 0, 0
158300, 6652, 0, 0, 0
158400, 6789, 0, 0, 0
158501, 7082, 0, 0, 0
158604, 6099, 0, 0, 0
158706, 6277, 0, 0, 0
158800, 6700, 0, 0, 0
158900, 6699, 0, 0, 0
159002, 6366, 0, 0, 0
159101, 6482, 0, 0, 0
159200, 6813, 0, 0, 0
159307, 6431, 0, 0, 0
159401, 7179, 0, 0, 0
159500, 6969, 0, 0, 0
159600, 6387, 0, 0, 0
159700, 6835, 0, 0, 0
159800, 7085, 0, 0, 0
159900, 6758, 0, 0, 0
160001, 7304, 0, 0, 0
160100, 7219, 0, 0, 0
160201, 6229, 0, 0, 0
160301, 5782, 0, 0, 0
160401, 5414, 0, 0, 0
160500, 6415, 0, 0, 0
160600, 6875, 0, 0, 0
160702, 6751, 0, 0, 0
160800, 6205, 0, 0, 0
160900, 5882, 0, 0, 0
161001, 5803, 0, 0, 0
161103, 6067, 0, 0, 0
161202, 6435, 0, 0, 0
161300, 7275, 0, 0, 0
161401, 6667, 0, 0, 0
161500, 6771, 0, 0, 0
161600, 6583, 0, 0, 0
161700, 6590, 0, 0, 0
161801, 6722, 0, 0, 0
161901, 6410, 0, 0, 0
162001, 6816, 0, 0, 0
162100, 6716, 0, 0, 0
162200, 6518, 0, 0, 0
162302, 6526, 0, 0, 0
162400, 6325, 0, 0, 0
162501, 6518, 0, 0, 0
162601, 7251, 0, 0, 0
162700, 6452, 0, 0, 0
162800, 6236, 0, 0, 0
162901, 6484, 0, 0, 0
163000, 6932, 0, 0, 0
163100, 6422, 0, 0, 0
163200, 6561, 0, 0, 0
163300, 7078, 0, 0, 0
163401, 6494, 0, 0, 0
163500, 6919, 0, 0, 0
163601, 6552, 0, 0, 0
163700, 6747, 0, 0, 0
163802, 6352, 0, 0, 0
163902, 6801, 0, 0, 0
164000, 6545, 0, 0, 0
164102, 6930, 0, 0, 0
164202, 6400, 0, 0, 0
164302, 6617, 0, 0, 0
164402, 6584, 0, 0, 0
164500, 6848, 0, 0, 0
164601, 6083, 0, 0, 0
164701, 6655, 0, 0, 0
164801, 6817, 0, 0, 0
164900, 6646, 0, 0, 0
165000, 6645, 0, 0, 0
165102, 6856, 0, 0, 0
165203, 7297, 0, 0, 0
165300, 6911, 0, 0, 0
165400, 6591, 0, 0, 0
165502, 6613, 0, 0, 0
165600, 6567, 0, 0, 0
165700, 7432, 0, 0, 0
165800, 6952, 0, 0, 0
165902, 6709, 0, 0, 0
166001, 7041, 0, 0, 0
166102, 6703, 0, 0, 0
166202, 7013, 0, 0, 0
166304, 6733, 0, 0, 0
166400, 6833, 0, 0, 0
166500, 6593, 0, 0, 0
166600, 6801, 0, 0, 0
166700, 6294, 0, 0, 0
166802, 6821, 0, 0, 0
166900, 6602, 0, 0, 0
167003, 6607, 0, 0, 0
167100, 6433, 0, 0, 0
167200, 6809, 0, 0, 0
167300, 6558, 0, 0, 0
167402, 6637, 0, 0, 0
167500, 6572, 0, 0, 0
167601, 6744, 0, 0, 0
167701, 7023, 0, 0, 0
167801, 6498, 0, 0, 0
167901, 6570, 0, 0, 0
168001, 7235, 0, 0, 0
168100, 6785, 0, 0, 0
168200, 6832, 0, 0, 0
168304, 7398, 0, 0, 0
168400, 6867, 0, 0, 0
168501, 6902, 0, 0, 0
168600, 6555, 0, 0, 0
168702, 7038, 0, 0, 0
168800, 6735, 0, 0, 0
168900, 6784, 0, 0, 0
169000, 7121, 0, 0, 0
169102, 6830, 0, 0, 0
169200, 6729, 0, 0, 0
169300, 6977, 0, 0, 0
169400, 6719, 0, 0, 0
169500, 7079, 0, 0, 0
169602, 6344, 0, 0, 0
169700, 6970, 0, 0, 0
169800, 6550, 0, 0, 0
169901, 6454, 0, 0, 0
170000, 6896, 0, 0, 0
170100, 6303, 0, 0, 0
170200, 6489, 0, 0, 0
170301, 6513, 0, 0, 0
170401, 6873, 0, 0, 0
170500, 6927, 0, 0, 0
170600, 6482, 0, 0, 0
170700, 6128, 0, 0, 0
170800, 6303, 0, 0, 0
170900, 6975, 0, 0, 0
171000, 6571, 0, 0, 0
171100, 6314, 0, 0, 0
171202, 6489, 0, 0, 0
171303, 6618, 0, 0, 0
171400, 6389, 0, 0, 0
171500, 6366, 0, 0, 0
171600, 6539, 0, 0, 0
171701, 5922, 0, 0, 0
171801, 5450, 0, 0, 0
171901, 6569, 0, 0, 0
172000, 7009, 0, 0, 0
172100, 6733, 0, 0, 0
172202, 6923, 0, 0, 0
172301, 7087, 0, 0, 0
172400, 6980, 0, 0, 0
172500, 6785, 0, 0, 0
172601, 6917, 0, 0, 0
172700, 7003, 0, 0, 0
172801, 7050, 0, 0, 0
172901, 6741, 0, 0, 0
173002, 6506, 0, 0, 0
173102, 6527, 0, 0, 0
173200, 6594, 0, 0, 0
173300, 6655, 0, 0, 0
173402, 6769, 0, 0, 0
173500, 7657, 0, 0, 0
173600, 6745, 0, 0, 0
173700, 6700, 0, 0, 0
173801, 6938, 0, 0, 0
173901, 6921, 0, 0, 0
174002, 6589, 0, 0, 0
174101, 6737, 0, 0, 0
174200, 7025, 0, 0, 0
174300, 7097, 0, 0, 0
174401, 6597, 0, 0, 0
174500, 6733, 0, 0, 0
174600, 6619, 0, 0, 0
174701, 6505, 0, 0, 0
174801, 6903, 0, 0, 0
174900, 6436, 0, 0, 0
175000, 6551, 0, 0, 0
175100, 7135, 0, 0, 0
175200, 6817, 0, 0, 0
175300, 6470, 0, 0, 0
175403, 6749, 0, 0, 0
175501, 6479, 0, 0, 0
175601, 7182, 0, 0, 0
175700, 6945, 0, 0, 0
175800, 6756, 0, 0, 0
175900, 7070, 0, 0, 0
176000, 6793, 0, 0, 0
176100, 6607, 0, 0, 0
176200, 6584, 0, 0, 0
176300, 6331, 0, 0, 0
176401, 6306, 0, 0, 0
176500, 6924, 0, 0, 0
176600, 6589, 0, 0, 0
176700, 6273, 0, 0, 0
176801, 6509, 0, 0, 0
176900, 6826, 0, 0, 0
177000, 6208, 0, 0, 0
177101, 5855, 0, 0, 0
177203, 6092, 0, 0, 0
177300, 7016, 0, 0, 0
177402, 6413, 0, 0, 0
177500, 6522, 0, 0, 0
177601, 6060, 0, 0, 0
177701, 5214, 0, 0, 0
177800, 6765, 0, 0, 0
177900, 6333, 0, 0, 0
178000, 6939, 0, 0, 0
178101, 6577, 0, 0, 0
178200, 6450, 0, 0, 0
178300, 6751, 0, 0, 0
178400, 6537, 0, 0, 0
178501, 6931, 0, 0, 0
178600, 6428, 0, 0, 0
178700, 6960, 0, 0, 0
178801, 6778, 0, 0, 0
178900, 6442, 0, 0, 0
179000, 6859, 0, 0, 0
179100, 6983, 0, 0, 0
179200, 6672, 0, 0, 0
179300, 6846, 0, 0, 0
179403, 6246, 0, 0, 0
179502, 6907, 0, 0, 0
179600, 6987, 0, 0, 0
179702, 6522, 0, 0, 0
179804, 7233, 0, 0, 0
179900, 6817, 0, 0, 0
180006, 6554, 0, 0, 0
