100, 1479914, 0, 0, 0
201, 1364564, 0, 0, 0
301, 1467892, 0, 0, 0
402, 1318605, 0, 0, 0
500, 1382727, 0, 0, 0
602, 1337543, 0, 0, 0
701, 1438438, 0, 0, 0
801, 1393859, 0, 0, 0
901, 1376839, 0, 0, 0
1000, 1361191, 0, 0, 0
1101, 1398449, 0, 0, 0
1201, 1402794, 0, 0, 0
1300, 1339853, 0, 0, 0
1401, 1322070, 0, 0, 0
1501, 1476154, 0, 0, 0
1601, 1369951, 0, 0, 0
1701, 1368540, 0, 0, 0
1801, 1350975, 0, 0, 0
1901, 1384553, 0, 0, 0
2000, 1395950, 0, 0, 0
2100, 1345878, 0, 0, 0
2201, 1275335, 0, 0, 0
2300, 1325388, 0, 0, 0
2400, 1297526, 0, 0, 0
2501, 1330040, 0, 0, 0
2601, 1324905, 0, 0, 0
2700, 1352265, 0, 0, 0
2802, 1360734, 0, 0, 0
2900, 1424552, 0, 0, 0
3001, 1290566, 0, 0, 0
3100, 1427688, 0, 0, 0
3200, 1342780, 0, 0, 0
3301, 1549888, 0, 0, 0
3400, 1349841, 0, 0, 0
3501, 1403046, 0, 0, 0
3600, 1292604, 0, 0, 0
3701, 1343927, 0, 0, 0
3800, 1310972, 0, 0, 0
3901, 1359755, 0, 0, 0
4000, 1395163, 0, 0, 0
4100, 1358535, 0, 0, 0
4200, 1364689, 0, 0, 0
4300, 1467701, 0, 0, 0
4400, 1370639, 0, 0, 0
4501, 1328122, 0, 0, 0
4600, 1391870, 0, 0, 0
4701, 1485826, 0, 0, 0
4800, 1449511, 0, 0, 0
4901, 1327794, 0, 0, 0
5001, 1237476, 0, 0, 0
5101, 1380510, 0, 0, 0
5201, 1368204, 0, 0, 0
5301, 1468587, 0, 0, 0
5400, 1432540, 0, 0, 0
5500, 1267626, 0, 0, 0
5601, 1236987, 0, 0, 0
5700, 1230989, 0, 0, 0
5800, 1372042, 0, 0, 0
5901, 1305291, 0, 0, 0
6002, 1323558, 0, 0, 0
6101, 1256195, 0, 0, 0
6200, 1331565, 0, 0, 0
6301, 1511504, 0, 0, 0
6400, 1392355, 0, 0, 0
6500, 1313706, 0, 0, 0
6601, 1292980, 0, 0, 0
6701, 1368068, 0, 0, 0
6801, 1453083, 0, 0, 0
6901, 1368532, 0, 0, 0
7001, 1451738, 0, 0, 0
7100, 1429183, 0, 0, 0
7201, 1209512, 0, 0, 0
7300, 1498684, 0, 0, 0
7400, 1370965, 0, 0, 0
7501, 1464023, 0, 0, 0
7600, 1263607, 0, 0, 0
7700, 1374238, 0, 0, 0
7800, 1489206, 0, 0, 0
7900, 1372812, 0, 0, 0
8000, 1495009, 0, 0, 0
8100, 1382020, 0, 0, 0
8200, 1473161, 0, 0, 0
8300, 1274628, 0, 0, 0
8401, 1379849, 0, 0, 0
8501, 1410310, 0, 0, 0
8601, 1383048, 0, 0, 0
8700, 1486520, 0, 0, 0
8800, 1488153, 0, 0, 0
8901, 1548912, 0, 0, 0
9000, 1372623, 0, 0, 0
9100, 1249901, 0, 0, 0
9200, 1384448, 0, 0, 0
9301, 1426554, 0, 0, 0
9401, 1279483, 0, 0, 0
9501, 1369814, 0, 0, 0
9600, 1314114, 0, 0, 0
9701, 1331723, 0, 0, 0
9800, 1332548, 0, 0, 0
9900, 1191126, 0, 0, 0
10001, 1501958, 0, 0, 0
10100, 1339024, 0, 0, 0
10200, 1355557, 0, 0, 0
10300, 1391336, 0, 0, 0
10400, 1342244, 0, 0, 0
10500, 1330037, 0, 0, 0
10600, 1367952, 0, 0, 0
10700, 1639952, 0, 0, 0
10800, 1562857, 0, 0, 0
10901, 1486782, 0, 0, 0
11001, 1466404, 0, 0, 0
11100, 1252541, 0, 0, 0
11201, 1413858, 0, 0, 0
11301, 1396805, 0, 0, 0
11400, 1411279, 0, 0, 0
11500, 1531329, 0, 0, 0
11601, 1550625, 0, 0, 0
11701, 1436065, 0, 0, 0
11801, 1469143, 0, 0, 0
11900, 1430221, 0, 0, 0
12000, 1347703, 0, 0, 0
12100, 1471375, 0, 0, 0
12201, 1362875, 0, 0, 0
12301, 1491050, 0, 0, 0
12400, 1331074, 0, 0, 0
12500, 1394293, 0, 0, 0
12600, 1462133, 0, 0, 0
12700, 1517774, 0, 0, 0
12801, 1363513, 0, 0, 0
12900, 1340114, 0, 0, 0
13000, 1361758, 0, 0, 0
13101, 1327231, 0, 0, 0
13200, 1302601, 0, 0, 0
13300, 1448597, 0, 0, 0
13400, 1389562, 0, 0, 0
13500, 1276835, 0, 0, 0
13600, 1389773, 0, 0, 0
13700, 1516619, 0, 0, 0
13802, 1452209, 0, 0, 0
13901, 1373757, 0, 0, 0
14001, 1431460, 0, 0, 0
14101, 1387489, 0, 0, 0
14200, 1459867, 0, 0, 0
14301, 1355325, 0, 0, 0
14400, 1445967, 0, 0, 0
14500, 1342029, 0, 0, 0
14601, 1342575, 0, 0, 0
14700, 1433847, 0, 0, 0
14801, 1423053, 0, 0, 0
14901, 1339001, 0, 0, 0
15000, 1465742, 0, 0, 0
15100, 1455287, 0, 0, 0
15200, 1515431, 0, 0, 0
15300, 1342426, 0, 0, 0
15401, 1371155, 0, 0, 0
15500, 1450554, 0, 0, 0
15601, 1466399, 0, 0, 0
15700, 1409408, 0, 0, 0
15800, 1487819, 0, 0, 0
15900, 1353526, 0, 0, 0
16001, 1361503, 0, 0, 0
16100, 1378476, 0, 0, 0
16201, 1567148, 0, 0, 0
16301, 1315306, 0, 0, 0
16400, 1523880, 0, 0, 0
16500, 1540344, 0, 0, 0
16601, 1445810, 0, 0, 0
16701, 1371331, 0, 0, 0
16800, 1608436, 0, 0, 0
16900, 1473527, 0, 0, 0
17000, 1447486, 0, 0, 0
17100, 1335793, 0, 0, 0
17200, 1541645, 0, 0, 0
17300, 1481395, 0, 0, 0
17400, 1493881, 0, 0, 0
17501, 1486144, 0, 0, 0
17600, 1375224, 0, 0, 0
17700, 1370170, 0, 0, 0
17801, 1524497, 0, 0, 0
17900, 1441733, 0, 0, 0
18001, 1472703, 0, 0, 0
18100, 1437394, 0, 0, 0
18201, 1551609, 0, 0, 0
18301, 1613868, 0, 0, 0
18400, 1497894, 0, 0, 0
18500, 1456340, 0, 0, 0
18600, 1400456, 0, 0, 0
18701, 1455558, 0, 0, 0
18800, 1380307, 0, 0, 0
18900, 1429440, 0, 0, 0
19001, 1397586, 0, 0, 0
19100, 1567107, 0, 0, 0
19200, 1369106, 0, 0, 0
19301, 1489747, 0, 0, 0
19401, 1529336, 0, 0, 0
19501, 1387340, 0, 0, 0
19600, 1396893, 0, 0, 0
19700, 1471649, 0, 0, 0
19801, 1506477, 0, 0, 0
19901, 1470158, 0, 0, 0
20001, 1468444, 0, 0, 0
20101, 1442479, 0, 0, 0
20200, 1442803, 0, 0, 0
20301, 1376122, 0, 0, 0
20400, 1477977, 0, 0, 0
20501, 1405305, 0, 0, 0
20601, 1460490, 0, 0, 0
20700, 1359979, 0, 0, 0
20800, 1348813, 0, 0, 0
20900, 1282759, 0, 0, 0
21001, 1482967, 0, 0, 0
21100, 1477316, 0, 0, 0
21200, 1493486, 0, 0, 0
21302, 1454242, 0, 0, 0
21400, 1413314, 0, 0, 0
21500, 1418851, 0, 0, 0
21600, 1326756, 0, 0, 0
21700, 1423137, 0, 0, 0
21801, 1345992, 0, 0, 0
21901, 1492641, 0, 0, 0
22000, 1368965, 0, 0, 0
22101, 1347330, 0, 0, 0
22201, 1449803, 0, 0, 0
22301, 1566526, 0, 0, 0
22401, 1381329, 0, 0, 0
22500, 1403093, 0, 0, 0
22601, 1514444, 0, 0, 0
22700, 1327245, 0, 0, 0
22800, 1387181, 0, 0, 0
22901, 1419698, 0, 0, 0
23001, 1421906, 0, 0, 0
23101, 1320217, 0, 0, 0
23201, 1427719, 0, 0, 0
23300, 1540602, 0, 0, 0
23400, 1535077, 0, 0, 0
23501, 1535175, 0, 0, 0
23600, 1366519, 0, 0, 0
23700, 1471312, 0, 0, 0
23801, 1382598, 0, 0, 0
23901, 1370572, 0, 0, 0
24001, 1345252, 0, 0, 0
24101, 1414234, 0, 0, 0
24200, 1425613, 0, 0, 0
24301, 1385862, 0, 0, 0
24401, 1300495, 0, 0, 0
24501, 1447530, 0, 0, 0
24601, 1348746, 0, 0, 0
24700, 1415472, 0, 0, 0
24800, 1445421, 0, 0, 0
24901, 1382653, 0, 0, 0
25002, 1460152, 0, 0, 0
25101, 1438942, 0, 0, 0
25201, 1368526, 0, 0, 0
25300, 1437639, 0, 0, 0
25401, 1392276, 0, 0, 0
25501, 1467152, 0, 0, 0
25601, 1430103, 0, 0, 0
25700, 1601863, 0, 0, 0
25800, 1508669, 0, 0, 0
25900, 1357198, 0, 0, 0
26000, 1313979, 0, 0, 0
26100, 1467437, 0, 0, 0
26201, 1336152, 0, 0, 0
26301, 1476229, 0, 0, 0
26401, 1441290, 0, 0, 0
26500, 1385792, 0, 0, 0
26600, 1499823, 0, 0, 0
26700, 1538978, 0, 0, 0
26800, 1357022, 0, 0, 0
26900, 1429049, 0, 0, 0
27000, 1339332, 0, 0, 0
27100, 1504035, 0, 0, 0
27201, 1376413, 0, 0, 0
27301, 1314471, 0, 0, 0
27400, 1408792, 0, 0, 0
27500, 1366664, 0, 0, 0
27601, 1408748, 0, 0, 0
27700, 1452312, 0, 0, 0
27801, 1328712, 0, 0, 0
27900, 1314022, 0, 0, 0
28000, 1489035, 0, 0, 0
28101, 1346081, 0, 0, 0
28202, 1505776, 0, 0, 0
28300, 1403547, 0, 0, 0
28402, 1495593, 0, 0, 0
28500, 1409614, 0, 0, 0
28601, 1236513, 0, 0, 0
28700, 1550426, 0, 0, 0
28800, 1433087, 0, 0, 0
28900, 1462716, 0, 0, 0
29000, 1365037, 0, 0, 0
29100, 1338129, 0, 0, 0
29200, 1423198, 0, 0, 0
29301, 1396785, 0, 0, 0
29401, 1396540, 0, 0, 0
29500, 1267419, 0, 0, 0
29600, 1468475, 0, 0, 0
29700, 1453168, 0, 0, 0
29801, 1516174, 0, 0, 0
29901, 1374347, 0, 0, 0
30001, 1471421, 0, 0, 0
30100, 1458799, 0, 0, 0
30200, 1481808, 0, 0, 0
30300, 1519813, 0, 0, 0
30401, 1548370, 0, 0, 0
30500, 1420026, 0, 0, 0
30600, 1440718, 0, 0, 0
30701, 1345641, 0, 0, 0
30801, 1394709, 0, 0, 0
30901, 1527119, 0, 0, 0
31001, 1353774, 0, 0, 0
31100, 1478416, 0, 0, 0
31201, 1464792, 0, 0, 0
31301, 1387850, 0, 0, 0
31401, 1382431, 0, 0, 0
31500, 1375141, 0, 0, 0
31600, 1497743, 0, 0, 0
31701, 1543964, 0, 0, 0
31800, 1287771, 0, 0, 0
31900, 1536321, 0, 0, 0
32000, 1515373, 0, 0, 0
32100, 1463494, 0, 0, 0
32202, 1433553, 0, 0, 0
32300, 1561164, 0, 0, 0
32400, 1362594, 0, 0, 0
32500, 1480702, 0, 0, 0
32600, 1404767, 0, 0, 0
32701, 1483254, 0, 0, 0
32801, 1482743, 0, 0, 0
32901, 1413491, 0, 0, 0
33001, 1260841, 0, 0, 0
33100, 1411234, 0, 0, 0
33200, 1426627, 0, 0, 0
33301, 1422462, 0, 0, 0
33400, 1454866, 0, 0, 0
33500, 1432916, 0, 0, 0
33600, 1582606, 0, 0, 0
33700, 1424308, 0, 0, 0
33800, 1563627, 0, 0, 0
33901, 1348296, 0, 0, 0
34000, 1343414, 0, 0, 0
34100, 1601607, 0, 0, 0
34200, 1513338, 0, 0, 0
34301, 1460621, 0, 0, 0
34400, 1361329, 0, 0, 0
34501, 1382151, 0, 0, 0
34601, 1516569, 0, 0, 0
34700, 1540723, 0, 0, 0
34801, 1657589, 0, 0, 0
34901, 1307899, 0, 0, 0
35000, 1324786, 0, 0, 0
35101, 1422746, 0, 0, 0
35202, 1342371, 0, 0, 0
35301, 1543019, 0, 0, 0
35400, 1395288, 0, 0, 0
35500, 1372962, 0, 0, 0
35600, 1399962, 0, 0, 0
35700, 1494786, 0, 0, 0
35800, 1365251, 0, 0, 0
35901, 1463447, 0, 0, 0
36000, 1496496, 0, 0, 0
36100, 1390498, 0, 0, 0
36201, 1357816, 0, 0, 0
36301, 1375984, 0, 0, 0
36401, 1462139, 0, 0, 0
36501, 1517187, 0, 0, 0
36600, 1544165, 0, 0, 0
36701, 1408827, 0, 0, 0
36800, 1538516, 0, 0, 0
36901, 1501477, 0, 0, 0
37000, 1458185, 0, 0, 0
37101, 1483461, 0, 0, 0
37201, 1561012, 0, 0, 0
37300, 1401957, 0, 0, 0
37400, 1383908, 0, 0, 0
37500, 1243879, 0, 0, 0
37601, 1604717, 0, 0, 0
37700, 1522195, 0, 0, 0
37801, 1440045, 0, 0, 0
37900, 1551798, 0, 0, 0
38001, 1480493, 0, 0, 0
38100, 1500330, 0, 0, 0
38202, 1447351, 0, 0, 0
38300, 1495656, 0, 0, 0
38401, 1477764, 0, 0, 0
38500, 1390013, 0, 0, 0
38601, 1536189, 0, 0, 0
38700, 1416048, 0, 0, 0
38801, 1418969, 0, 0, 0
38901, 1688746, 0, 0, 0
39001, 1590756, 0, 0, 0
39100, 1434469, 0, 0, 0
39200, 1404922, 0, 0, 0
39300, 1426578, 0, 0, 0
39400, 1494641, 0, 0, 0
39500, 1427533, 0, 0, 0
39601, 1520871, 0, 0, 0
39700, 1431850, 0, 0, 0
39800, 1510463, 0, 0, 0
39900, 1430475, 0, 0, 0
40000, 1465764, 0, 0, 0
40100, 1548162, 0, 0, 0
40200, 1612186, 0, 0, 0
40301, 1455492, 0, 0, 0
40400, 1409701, 0, 0, 0
40501, 1401433, 0, 0, 0
40600, 1503834, 0, 0, 0
40701, 1478830, 0, 0, 0
40801, 1648026, 0, 0, 0
40902, 1621642, 0, 0, 0
41000, 1552189, 0, 0, 0
41100, 1647874, 0, 0, 0
41202, 1556753, 0, 0, 0
41300, 1441440, 0, 0, 0
41401, 1468801, 0, 0, 0
41501, 1515682, 0, 0, 0
41600, 1652128, 0, 0, 0
41700, 1531420, 0, 0, 0
41800, 1509357, 0, 0, 0
41900, 1537778, 0, 0, 0
42000, 1454114, 0, 0, 0
42101, 1461545, 0, 0, 0
42200, 1590049, 0, 0, 0
42300, 1488660, 0, 0, 0
42401, 1404124, 0, 0, 0
42500, 1603266, 0, 0, 0
42600, 1512401, 0, 0, 0
42700, 1420207, 0, 0, 0
42800, 1541150, 0, 0, 0
42901, 1469359, 0, 0, 0
43000, 1485830, 0, 0, 0
43101, 1580319, 0, 0, 0
43200, 1439729, 0, 0, 0
43301, 1550965, 0, 0, 0
43400, 1537947, 0, 0, 0
43501, 1602831, 0, 0, 0
43600, 1433075, 0, 0, 0
43701, 1610818, 0, 0, 0
43801, 1500229, 0, 0, 0
43900, 1623245, 0, 0, 0
44000, 1542613, 0, 0, 0
44100, 1521052, 0, 0, 0
44201, 1495933, 0, 0, 0
44301, 1495616, 0, 0, 0
44400, 1492102, 0, 0, 0
44501, 1466058, 0, 0, 0
44601, 1449501, 0, 0, 0
44700, 1415240, 0, 0, 0
44801, 1526872, 0, 0, 0
44900, 1437273, 0, 0, 0
45000, 1396417, 0, 0, 0
45100, 1563814, 0, 0, 0
45201, 1512204, 0, 0, 0
45301, 1552948, 0, 0, 0
45400, 1417754, 0, 0, 0
45500, 1486376, 0, 0, 0
45600, 1430904, 0, 0, 0
45700, 1611921, 0, 0, 0
45800, 1536041, 0, 0, 0
45900, 1560779, 0, 0, 0
46001, 1464705, 0, 0, 0
46101, 1442802, 0, 0, 0
46200, 1500303, 0, 0, 0
46300, 1532859, 0, 0, 0
46400, 1590111, 0, 0, 0
46501, 1509538, 0, 0, 0
46601, 1511470, 0, 0, 0
46700, 1412289, 0, 0, 0
46801, 1459256, 0, 0, 0
46900, 1499393, 0, 0, 0
47000, 1394186, 0, 0, 0
47101, 1501052, 0, 0, 0
47201, 1669467, 0, 0, 0
47301, 1515868, 0, 0, 0
47401, 1487173, 0, 0, 0
47500, 1478955, 0, 0, 0
47600, 1506980, 0, 0, 0
47700, 1494187, 0, 0, 0
47800, 1488757, 0, 0, 0
47901, 1554872, 0, 0, 0
48000, 1530484, 0, 0, 0
48101, 1474782, 0, 0, 0
48200, 1434927, 0, 0, 0
48300, 1465121, 0, 0, 0
48400, 1379110, 0, 0, 0
48500, 1461537, 0, 0, 0
48600, 1474285, 0, 0, 0
48700, 1326030, 0, 0, 0
48800, 1690799, 0, 0, 0
48900, 1389106, 0, 0, 0
49001, 1482197, 0, 0, 0
49100, 1487264, 0, 0, 0
49201, 1484653, 0, 0, 0
49300, 1472636, 0, 0, 0
49400, 1528126, 0, 0, 0
49500, 1426558, 0, 0, 0
49602, 1520539, 0, 0, 0
49700, 1423822, 0, 0, 0
49801, 1529819, 0, 0, 0
49900, 1567021, 0, 0, 0
50001, 1428690, 0, 0, 0
50100, 1516459, 0, 0, 0
50201, 1548474, 0, 0, 0
50300, 1473610, 0, 0, 0
50400, 1452380, 0, 0, 0
50501, 1425735, 0, 0, 0
50600, 1550198, 0, 0, 0
50700, 1484229, 0, 0, 0
50800, 1302155, 0, 0, 0
50901, 1567256, 0, 0, 0
51001, 1519466, 0, 0, 0
51101, 1629206, 0, 0, 0
51200, 1479334, 0, 0, 0
51301, 1369067, 0, 0, 0
51401, 1407607, 0, 0, 0
51500, 1429757, 0, 0, 0
51601, 1437780, 0, 0, 0
51700, 1306772, 0, 0, 0
51800, 1602398, 0, 0, 0
51901, 1584395, 0, 0, 0
52000, 1449018, 0, 0, 0
52100, 1561990, 0, 0, 0
52201, 1463757, 0, 0, 0
52301, 1532658, 0, 0, 0
52401, 1407579, 0, 0, 0
52501, 1475302, 0, 0, 0
52601, 1531775, 0, 0, 0
52700, 1508135, 0, 0, 0
52800, 1487593, 0, 0, 0
52900, 1412620, 0, 0, 0
53001, 1397773, 0, 0, 0
53100, 1438657, 0, 0, 0
53200, 1278228, 0, 0, 0
53301, 1524310, 0, 0, 0
53400, 1316537, 0, 0, 0
53500, 1407957, 0, 0, 0
53600, 1565106, 0, 0, 0
53700, 1484140, 0, 0, 0
53800, 1448040, 0, 0, 0
53900, 1518541, 0, 0, 0
54001, 1545958, 0, 0, 0
54101, 1281314, 0, 0, 0
54200, 1477757, 0, 0, 0
54301, 1419969, 0, 0, 0
54400, 1432751, 0, 0, 0
54500, 1646769, 0, 0, 0
54601, 1437304, 0, 0, 0
54700, 1625773, 0, 0, 0
54800, 1519062, 0, 0, 0
54901, 1624766, 0, 0, 0
55000, 1559501, 0, 0, 0
55100, 1595444, 0, 0, 0
55200, 1556658, 0, 0, 0
55301, 1349401, 0, 0, 0
55401, 1484820, 0, 0, 0
55501, 1476640, 0, 0, 0
55602, 1498157, 0, 0, 0
55701, 1398833, 0, 0, 0
55802, 1522910, 0, 0, 0
55900, 1529018, 0, 0, 0
56000, 1588051, 0, 0, 0
56100, 1412321, 0, 0, 0
56200, 1468823, 0, 0, 0
56301, 1624471, 0, 0, 0
56400, 1506825, 0, 0, 0
56500, 1633490, 0, 0, 0
56601, 1569505, 0, 0, 0
56700, 1631320, 0, 0, 0
56801, 1545488, 0, 0, 0
56900, 1620933, 0, 0, 0
57001, 1557339, 0, 0, 0
57100, 1613236, 0, 0, 0
57201, 1690592, 0, 0, 0
57300, 1615022, 0, 0, 0
57401, 1527735, 0, 0, 0
57501, 1590125, 0, 0, 0
57600, 1616423, 0, 0, 0
57700, 1516075, 0, 0, 0
57801, 1530815, 0, 0, 0
57900, 1544397, 0, 0, 0
58001, 1578753, 0, 0, 0
58101, 1687363, 0, 0, 0
58200, 1607975, 0, 0, 0
58301, 1649324, 0, 0, 0
58400, 1650677, 0, 0, 0
58500, 1484344, 0, 0, 0
58601, 1651976, 0, 0, 0
58701, 1622120, 0, 0, 0
58800, 1592658, 0, 0, 0
58900, 1517031, 0, 0, 0
59000, 1770736, 0, 0, 0
59101, 1639808, 0, 0, 0
59201, 1661060, 0, 0, 0
59300, 1565146, 0, 0, 0
59400, 1698412, 0, 0, 0
59501, 1765667, 0, 0, 0
59600, 1676832, 0, 0, 0
59701, 1680404, 0, 0, 0
59802, 1603937, 0, 0, 0
59900, 1670624, 0, 0, 0
60000, 1597706, 0, 0, 0
