100, 4502003, 0, 0, 0
200, 4655668, 0, 0, 0
300, 4298617, 0, 0, 0
400, 5592773, 0, 0, 0
500, 4609814, 0, 0, 0
600, 4028452, 0, 0, 0
700, 4905122, 0, 0, 0
800, 4743245, 0, 0, 0
900, 4630559, 0, 0, 0
1000, 4926112, 0, 0, 0
1100, 3890384, 0, 0, 0
1200, 4477907, 0, 0, 0
1300, 4010302, 0, 0, 0
1400, 4887836, 0, 0, 0
1500, 4716766, 0, 0, 0
1600, 5689269, 0, 0, 0
1700, 4962770, 0, 0, 0
1800, 4340214, 0, 0, 0
1900, 4368107, 0, 0, 0
2000, 3980420, 0, 0, 0
2100, 4999795, 0, 0, 0
2200, 3855925, 0, 0, 0
2300, 3712449, 0, 0, 0
2400, 4086240, 0, 0, 0
2500, 4851950, 0, 0, 0
2600, 4599684, 0, 0, 0
2700, 5759741, 0, 0, 0
2800, 4798952, 0, 0, 0
2901, 4713367, 0, 0, 0
3000, 4619358, 0, 0, 0
3100, 4733323, 0, 0, 0
3200, 4445838, 0, 0, 0
3300, 4989202, 0, 0, 0
3400, 4122212, 0, 0, 0
3500, 4498785, 0, 0, 0
3600, 5121224, 0, 0, 0
3700, 3989121, 0, 0, 0
3800, 5948545, 0, 0, 0
3900, 4785828, 0, 0, 0
4000, 3954643, 0, 0, 0
4100, 3582889, 0, 0, 0
4200, 3766389, 0, 0, 0
4300, 4967124, 0, 0, 0
4400, 4523394, 0, 0, 0
4500, 5077750, 0, 0, 0
4600, 4023616, 0, 0, 0
4700, 3435049, 0, 0, 0
4800, 4724526, 0, 0, 0
4900, 4521341, 0, 0, 0
5000, 4100799, 0, 0, 0
5100, 4144632, 0, 0, 0
5200, 4903285, 0, 0, 0
5300, 4461438, 0, 0, 0
5400, 4676856, 0, 0, 0
5500, 5362287, 0, 0, 0
5600, 4623767, 0, 0, 0
5700, 3553546, 0, 0, 0
5800, 5736952, 0, 0, 0
5900, 4826503, 0, 0, 0
6000, 4046864, 0, 0, 0
6100, 3984173, 0, 0, 0
6200, 5393094, 0, 0, 0
6300, 4840699, 0, 0, 0
6400, 4306988, 0, 0, 0
6500, 4600919, 0, 0, 0
6600, 4473486, 0, 0, 0
6700, 4401569, 0, 0, 0
6800, 4745036, 0, 0, 0
6900, 4312879, 0, 0, 0
7000, 4539036, 0, 0, 0
7100, 3759540, 0, 0, 0
7200, 3289335, 0, 0, 0
7300, 3526607, 0, 0, 0
7400, 4911337, 0, 0, 0
7500, 4792447, 0, 0, 0
7600, 5262360, 0, 0, 0
7700, 4166963, 0, 0, 0
7800, 3979793, 0, 0, 0
7900, 4739771, 0, 0, 0
8000, 4136868, 0, 0, 0
8100, 4860499, 0, 0, 0
8200, 4958672, 0, 0, 0
8300, 4135743, 0, 0, 0
8400, 3989471, 0, 0, 0
8500, 4620039, 0, 0, 0
8600, 4513258, 0, 0, 0
8700, 4783961, 0, 0, 0
8800, 3986645, 0, 0, 0
8900, 4366470, 0, 0, 0
9000, 4270521, 0, 0, 0
9100, 5880635, 0, 0, 0
9200, 5384965, 0, 0, 0
9300, 4353689, 0, 0, 0
9400, 4175022, 0, 0, 0
9500, 4509219, 0, 0, 0
9600, 4095987, 0, 0, 0
9700, 4373097, 0, 0, 0
9800, 5402762, 0, 0, 0
9900, 4159047, 0, 0, 0
10000, 4741408, 0, 0, 0
10100, 4606014, 0, 0, 0
10200, 4437644, 0, 0, 0
10300, 5125784, 0, 0, 0
10400, 3960176, 0, 0, 0
10500, 4368960, 0, 0, 0
10600, 4709270, 0, 0, 0
10700, 3839682, 0, 0, 0
10800, 5133498, 0, 0, 0
10900, 4455761, 0, 0, 0
11000, 4025408, 0, 0, 0
11100, 3926734, 0, 0, 0
11200, 4507444, 0, 0, 0
11300, 4047187, 0, 0, 0
11400, 3921285, 0, 0, 0
11500, 4781978, 0, 0, 0
11600, 4619376, 0, 0, 0
11700, 4823977, 0, 0, 0
11800, 4999610, 0, 0, 0
11900, 4547370, 0, 0, 0
12000, 4145370, 0, 0, 0
12100, 4805500, 0, 0, 0
12200, 5764183, 0, 0, 0
12300, 4430175, 0, 0, 0
12400, 4186841, 0, 0, 0
12500, 4122783, 0, 0, 0
12600, 4401895, 0, 0, 0
12700, 4129132, 0, 0, 0
12800, 4269010, 0, 0, 0
12900, 4293993, 0, 0, 0
13000, 4809624, 0, 0, 0
13100, 4697674, 0, 0, 0
13200, 4247635, 0, 0, 0
13300, 4654531, 0, 0, 0
13400, 4218233, 0, 0, 0
13500, 4745477, 0, 0, 0
13600, 4827123, 0, 0, 0
13700, 3898302, 0, 0, 0
13800, 4579388, 0, 0, 0
13900, 5477206, 0, 0, 0
14000, 4878381, 0, 0, 0
14100, 5753178, 0, 0, 0
14200, 4884462, 0, 0, 0
14300, 4195641, 0, 0, 0
14400, 4877065, 0, 0, 0
14500, 4198418, 0, 0, 0
14600, 4065733, 0, 0, 0
14700, 4172382, 0, 0, 0
14800, 5245475, 0, 0, 0
14900, 4731463, 0, 0, 0
15000, 4760296, 0, 0, 0
15100, 5827289, 0, 0, 0
15200, 4488910, 0, 0, 0
15300, 4335603, 0, 0, 0
15400, 4511037, 0, 0, 0
15500, 4406515, 0, 0, 0
15600, 3757574, 0, 0, 0
15700, 5382572, 0, 0, 0
15800, 4034872, 0, 0, 0
15900, 3794675, 0, 0, 0
16000, 4723879, 0, 0, 0
16100, 4944951, 0, 0, 0
16200, 4547330, 0, 0, 0
16300, 5201395, 0, 0, 0
16400, 4521669, 0, 0, 0
16500, 4499731, 0, 0, 0
16600, 4097742, 0, 0, 0
16700, 4195546, 0, 0, 0
16800, 4421411, 0, 0, 0
16900, 3873274, 0, 0, 0
17000, 3843558, 0, 0, 0
17100, 3877715, 0, 0, 0
17200, 4456034, 0, 0, 0
17300, 4731617, 0, 0, 0
17400, 4479433, 0, 0, 0
17500, 4525361, 0, 0, 0
17600, 4412668, 0, 0, 0
17700, 5090224, 0, 0, 0
17800, 3901213, 0, 0, 0
17900, 4421779, 0, 0, 0
18000, 3946907, 0, 0, 0
18100, 3981897, 0, 0, 0
18200, 4469517, 0, 0, 0
18300, 3890896, 0, 0, 0
18400, 5279239, 0, 0, 0
18500, 4895236, 0, 0, 0
18600, 4542198, 0, 0, 0
18700, 5777556, 0, 0, 0
18800, 4076101, 0, 0, 0
18900, 4843864, 0, 0, 0
19000, 3949127, 0, 0, 0
19100, 3501760, 0, 0, 0
19200, 4874150, 0, 0, 0
19300, 4780298, 0, 0, 0
19400, 4122401, 0, 0, 0
19500, 4138543, 0, 0, 0
19600, 4928184, 0, 0, 0
19700, 4390723, 0, 0, 0
19800, 5292567, 0, 0, 0
19900, 4355141, 0, 0, 0
20000, 4978110, 0, 0, 0
20100, 4225604, 0, 0, 0
20200, 4195186, 0, 0, 0
20300, 4196980, 0, 0, 0
20400, 4021783, 0, 0, 0
20500, 4037945, 0, 0, 0
20600, 4641510, 0, 0, 0
20700, 4637643, 0, 0, 0
20800, 4955733, 0, 0, 0
20900, 4930852, 0, 0, 0
21000, 3961216, 0, 0, 0
21100, 4694964, 0, 0, 0
21200, 5166283, 0, 0, 0
21300, 3980523, 0, 0, 0
21400, 4334019, 0, 0, 0
21500, 5040755, 0, 0, 0
21600, 4432694, 0, 0, 0
21700, 4610927, 0, 0, 0
21800, 3942032, 0, 0, 0
21900, 4061606, 0, 0, 0
22000, 4041022, 0, 0, 0
22100, 3874621, 0, 0, 0
22200, 4427616, 0, 0, 0
22300, 5377098, 0, 0, 0
22400, 4508174, 0, 0, 0
22500, 4185851, 0, 0, 0
22600, 4658697, 0, 0, 0
22700, 4428459, 0, 0, 0
22800, 4482785, 0, 0, 0
22900, 5017108, 0, 0, 0
23000, 4454766, 0, 0, 0
23100, 4848448, 0, 0, 0
23200, 4689637, 0, 0, 0
23300, 4389236, 0, 0, 0
23400, 4478949, 0, 0, 0
23500, 4704517, 0, 0, 0
23600, 4387200, 0, 0, 0
23700, 4322608, 0, 0, 0
23800, 4126115, 0, 0, 0
23900, 5224335, 0, 0, 0
24000, 4788771, 0, 0, 0
24100, 4147666, 0, 0, 0
24201, 4754584, 0, 0, 0
24300, 4374943, 0, 0, 0
24400, 3880546, 0, 0, 0
24500, 4267744, 0, 0, 0
24600, 4418396, 0, 0, 0
24700, 3933388, 0, 0, 0
24800, 4282402, 0, 0, 0
24900, 4783995, 0, 0, 0
25000, 5547599, 0, 0, 0
25100, 4220082, 0, 0, 0
25200, 4055620, 0, 0, 0
25300, 3922134, 0, 0, 0
25400, 4868022, 0, 0, 0
25500, 5023318, 0, 0, 0
25600, 4298154, 0, 0, 0
25700, 3680874, 0, 0, 0
25800, 5027818, 0, 0, 0
25900, 4451504, 0, 0, 0
26000, 4275316, 0, 0, 0
26100, 5005678, 0, 0, 0
26200, 4361305, 0, 0, 0
26300, 4507090, 0, 0, 0
26400, 4879651, 0, 0, 0
26500, 4666078, 0, 0, 0
26600, 3467437, 0, 0, 0
26700, 4320492, 0, 0, 0
26800, 4240983, 0, 0, 0
26900, 3544657, 0, 0, 0
27000, 4665262, 0, 0, 0
27100, 5331621, 0, 0, 0
27200, 4564465, 0, 0, 0
27300, 4324380, 0, 0, 0
27400, 5105647, 0, 0, 0
27500, 4665273, 0, 0, 0
27600, 4922621, 0, 0, 0
27700, 4845543, 0, 0, 0
27800, 4076766, 0, 0, 0
27900, 5056420, 0, 0, 0
28000, 5103651, 0, 0, 0
28100, 4242656, 0, 0, 0
28200, 4088705, 0, 0, 0
28300, 4251241, 0, 0, 0
28400, 4992976, 0, 0, 0
28500, 3781620, 0, 0, 0
28600, 5454224, 0, 0, 0
28700, 4443469, 0, 0, 0
28800, 3769149, 0, 0, 0
28900, 3808004, 0, 0, 0
29000, 3798525, 0, 0, 0
29100, 4896387, 0, 0, 0
29200, 4822067, 0, 0, 0
29300, 4114967, 0, 0, 0
29400, 4028032, 0, 0, 0
29500, 5415995, 0, 0, 0
29600, 3553616, 0, 0, 0
29700, 4674123, 0, 0, 0
29800, 4005440, 0, 0, 0
29900, 4758427, 0, 0, 0
30000, 4590230, 0, 0, 0
30100, 4514618, 0, 0, 0
30200, 4425518, 0, 0, 0
30300, 4024339, 0, 0, 0
30400, 4299216, 0, 0, 0
30500, 4608359, 0, 0, 0
30600, 4687063, 0, 0, 0
30700, 4394177, 0, 0, 0
30800, 4423135, 0, 0, 0
30900, 4540583, 0, 0, 0
31000, 4562940, 0, 0, 0
31100, 4860878, 0, 0, 0
31200, 4721738, 0, 0, 0
31300, 4363260, 0, 0, 0
31400, 4190127, 0, 0, 0
31500, 3959832, 0, 0, 0
31600, 5497941, 0, 0, 0
31700, 3845237, 0, 0, 0
31800, 4738565, 0, 0, 0
31900, 4638986, 0, 0, 0
32000, 3808572, 0, 0, 0
32100, 3977598, 0, 0, 0
32200, 3892069, 0, 0, 0
32300, 3710292, 0, 0, 0
32400, 4702420, 0, 0, 0
32500, 3952904, 0, 0, 0
32600, 3561857, 0, 0, 0
32700, 5155902, 0, 0, 0
32800, 4424646, 0, 0, 0
32900, 4026878, 0, 0, 0
33000, 4250211, 0, 0, 0
33100, 4579916, 0, 0, 0
33200, 4476135, 0, 0, 0
33300, 3725425, 0, 0, 0
33400, 4646971, 0, 0, 0
33500, 3556074, 0, 0, 0
33600, 3741193, 0, 0, 0
33700, 6259929, 0, 0, 0
33800, 4227033, 0, 0, 0
33900, 4428852, 0, 0, 0
34000, 4757300, 0, 0, 0
34100, 4115318, 0, 0, 0
34200, 3827496, 0, 0, 0
34300, 4907089, 0, 0, 0
34400, 4510768, 0, 0, 0
34500, 4889122, 0, 0, 0
34600, 4900788, 0, 0, 0
34700, 4064174, 0, 0, 0
34800, 3845449, 0, 0, 0
34900, 4634814, 0, 0, 0
35000, 4435931, 0, 0, 0
35100, 4529051, 0, 0, 0
35200, 5358786, 0, 0, 0
35300, 4185419, 0, 0, 0
35400, 4813352, 0, 0, 0
35500, 4042935, 0, 0, 0
35600, 3932611, 0, 0, 0
35700, 4872563, 0, 0, 0
35800, 5159002, 0, 0, 0
35900, 4214671, 0, 0, 0
36000, 4624545, 0, 0, 0
36100, 4659424, 0, 0, 0
36200, 3933637, 0, 0, 0
36300, 4350449, 0, 0, 0
36400, 4357068, 0, 0, 0
36500, 4888010, 0, 0, 0
36600, 5052995, 0, 0, 0
36700, 4279629, 0, 0, 0
36800, 4795072, 0, 0, 0
36900, 4703896, 0, 0, 0
37000, 4656214, 0, 0, 0
37100, 5275639, 0, 0, 0
37200, 5294042, 0, 0, 0
37300, 4153892, 0, 0, 0
37400, 4178089, 0, 0, 0
37500, 3837675, 0, 0, 0
37600, 4812364, 0, 0, 0
37700, 5398226, 0, 0, 0
37800, 4796558, 0, 0, 0
37900, 5037617, 0, 0, 0
38000, 5249063, 0, 0, 0
38100, 5106774, 0, 0, 0
38200, 4811550, 0, 0, 0
38300, 4342593, 0, 0, 0
38400, 4452883, 0, 0, 0
38500, 4711183, 0, 0, 0
38600, 4734844, 0, 0, 0
38700, 5408974, 0, 0, 0
38800, 5241729, 0, 0, 0
38900, 4706737, 0, 0, 0
39000, 5065132, 0, 0, 0
39100, 5445286, 0, 0, 0
39200, 4376185, 0, 0, 0
39300, 5006166, 0, 0, 0
39400, 4305625, 0, 0, 0
39500, 5571451, 0, 0, 0
39600, 5088392, 0, 0, 0
39700, 4534726, 0, 0, 0
39800, 5162626, 0, 0, 0
39900, 4464248, 0, 0, 0
40000, 5030849, 0, 0, 0
40100, 4919977, 0, 0, 0
40200, 4954277, 0, 0, 0
40300, 4930494, 0, 0, 0
40400, 4774786, 0, 0, 0
40500, 4223657, 0, 0, 0
40600, 4128059, 0, 0, 0
40700, 4397185, 0, 0, 0
40800, 4147161, 0, 0, 0
40900, 4397499, 0, 0, 0
41000, 3190047, 0, 0, 0
41100, 3942068, 0, 0, 0
41200, 4328300, 0, 0, 0
41300, 5153917, 0, 0, 0
41400, 4654474, 0, 0, 0
41500, 4217829, 0, 0, 0
41600, 4963353, 0, 0, 0
41700, 5954750, 0, 0, 0
41800, 4564546, 0, 0, 0
41900, 4745020, 0, 0, 0
42000, 4951584, 0, 0, 0
42100, 4942503, 0, 0, 0
42200, 4296103, 0, 0, 0
42300, 4972924, 0, 0, 0
42400, 4206941, 0, 0, 0
42500, 4740178, 0, 0, 0
42600, 4815784, 0, 0, 0
42700, 4128640, 0, 0, 0
42800, 4358667, 0, 0, 0
42900, 4437006, 0, 0, 0
43000, 3491378, 0, 0, 0
43100, 5673782, 0, 0, 0
43200, 3855377, 0, 0, 0
43300, 4630344, 0, 0, 0
43400, 3758744, 0, 0, 0
43500, 5032738, 0, 0, 0
43600, 4045525, 0, 0, 0
43700, 4465367, 0, 0, 0
43800, 4328948, 0, 0, 0
43900, 4660478, 0, 0, 0
44000, 4353979, 0, 0, 0
44100, 5081412, 0, 0, 0
44200, 4569048, 0, 0, 0
44300, 6143020, 0, 0, 0
44400, 5126435, 0, 0, 0
44500, 4627437, 0, 0, 0
44600, 4561713, 0, 0, 0
44700, 4531028, 0, 0, 0
44800, 4437479, 0, 0, 0
44900, 4116316, 0, 0, 0
45000, 3897264, 0, 0, 0
45100, 4393866, 0, 0, 0
45200, 4001940, 0, 0, 0
45300, 4434610, 0, 0, 0
45400, 4363940, 0, 0, 0
45500, 4205016, 0, 0, 0
45600, 4577848, 0, 0, 0
45700, 3894093, 0, 0, 0
45800, 4724863, 0, 0, 0
45900, 4428981, 0, 0, 0
46000, 3418445, 0, 0, 0
46100, 4698618, 0, 0, 0
46200, 4456773, 0, 0, 0
46301, 4702817, 0, 0, 0
46400, 5170634, 0, 0, 0
46500, 4210656, 0, 0, 0
46600, 4061867, 0, 0, 0
46700, 5614380, 0, 0, 0
46800, 4719625, 0, 0, 0
46900, 5964641, 0, 0, 0
47000, 4764499, 0, 0, 0
47100, 4233309, 0, 0, 0
47200, 4955142, 0, 0, 0
47300, 4372353, 0, 0, 0
47400, 4777543, 0, 0, 0
47500, 3708748, 0, 0, 0
47600, 4755982, 0, 0, 0
47700, 4166684, 0, 0, 0
47800, 4398515, 0, 0, 0
47900, 4193544, 0, 0, 0
48000, 5044735, 0, 0, 0
48100, 4560076, 0, 0, 0
48200, 4696602, 0, 0, 0
48300, 5776729, 0, 0, 0
48400, 4315768, 0, 0, 0
48500, 4154648, 0, 0, 0
48600, 4825371, 0, 0, 0
48700, 3742562, 0, 0, 0
48800, 5301711, 0, 0, 0
48900, 4556573, 0, 0, 0
49000, 4550301, 0, 0, 0
49100, 4777386, 0, 0, 0
49200, 4318460, 0, 0, 0
49300, 3863108, 0, 0, 0
49400, 4750011, 0, 0, 0
49500, 5370296, 0, 0, 0
49600, 4143561, 0, 0, 0
49700, 4620762, 0, 0, 0
49800, 5408978, 0, 0, 0
49900, 6097729, 0, 0, 0
50000, 5869248, 0, 0, 0
50100, 4596388, 0, 0, 0
50200, 4289952, 0, 0, 0
50300, 4545955, 0, 0, 0
50400, 3496980, 0, 0, 0
50500, 4185072, 0, 0, 0
50600, 5489643, 0, 0, 0
50700, 4329893, 0, 0, 0
50800, 4313192, 0, 0, 0
50900, 4318910, 0, 0, 0
51000, 4846909, 0, 0, 0
51100, 4499711, 0, 0, 0
51200, 4719136, 0, 0, 0
51300, 5115465, 0, 0, 0
51400, 5441217, 0, 0, 0
51500, 4904531, 0, 0, 0
51600, 5517403, 0, 0, 0
51700, 5004250, 0, 0, 0
51800, 4740504, 0, 0, 0
51900, 4617130, 0, 0, 0
52000, 4591021, 0, 0, 0
52100, 4445141, 0, 0, 0
52200, 4832942, 0, 0, 0
52300, 4398366, 0, 0, 0
52400, 3910062, 0, 0, 0
52500, 4007124, 0, 0, 0
52600, 4176477, 0, 0, 0
52700, 4651028, 0, 0, 0
52800, 4470322, 0, 0, 0
52900, 4954894, 0, 0, 0
53000, 5071355, 0, 0, 0
53100, 4312730, 0, 0, 0
53200, 3846224, 0, 0, 0
53300, 3901549, 0, 0, 0
53400, 4863027, 0, 0, 0
53500, 5953543, 0, 0, 0
53600, 5574638, 0, 0, 0
53700, 5205058, 0, 0, 0
53800, 4171330, 0, 0, 0
53900, 4383508, 0, 0, 0
54000, 5059383, 0, 0, 0
54100, 4769190, 0, 0, 0
54200, 4453211, 0, 0, 0
54300, 4194480, 0, 0, 0
54400, 5192043, 0, 0, 0
54500, 4506915, 0, 0, 0
54600, 4502563, 0, 0, 0
54700, 4626282, 0, 0, 0
54800, 4532933, 0, 0, 0
54900, 4590269, 0, 0, 0
55000, 4723458, 0, 0, 0
55100, 3536228, 0, 0, 0
55200, 4721994, 0, 0, 0
55300, 4996639, 0, 0, 0
55400, 4811428, 0, 0, 0
55500, 4713021, 0, 0, 0
55600, 5158787, 0, 0, 0
55700, 4832600, 0, 0, 0
55800, 4565670, 0, 0, 0
55900, 4109191, 0, 0, 0
56000, 4592078, 0, 0, 0
56100, 4065856, 0, 0, 0
56200, 4107589, 0, 0, 0
56300, 4191949, 0, 0, 0
56400, 4506809, 0, 0, 0
56500, 4892338, 0, 0, 0
56600, 5347254, 0, 0, 0
56700, 4368458, 0, 0, 0
56800, 5142249, 0, 0, 0
56900, 4992209, 0, 0, 0
57000, 4535003, 0, 0, 0
57100, 4120060, 0, 0, 0
57200, 4478298, 0, 0, 0
57300, 4639212, 0, 0, 0
57400, 4619914, 0, 0, 0
57500, 3845464, 0, 0, 0
57600, 4985955, 0, 0, 0
57700, 3619955, 0, 0, 0
57800, 5638795, 0, 0, 0
57900, 4695331, 0, 0, 0
58000, 4674547, 0, 0, 0
58100, 4164876, 0, 0, 0
58200, 4882409, 0, 0, 0
58300, 5503812, 0, 0, 0
58400, 3995926, 0, 0, 0
58500, 4700690, 0, 0, 0
58600, 4862798, 0, 0, 0
58700, 4308094, 0, 0, 0
58800, 5126451, 0, 0, 0
58900, 4797491, 0, 0, 0
59000, 4308782, 0, 0, 0
59100, 5120771, 0, 0, 0
59200, 4536220, 0, 0, 0
59300, 4650280, 0, 0, 0
59400, 5173887, 0, 0, 0
59500, 4731965, 0, 0, 0
59600, 5074433, 0, 0, 0
59700, 5019447, 0, 0, 0
59800, 4747604, 0, 0, 0
59900, 4327774, 0, 0, 0
60000, 3916191, 0, 0, 0
60100, 5921447, 0, 0, 0
60200, 4976736, 0, 0, 0
60300, 5020457, 0, 0, 0
60400, 5602699, 0, 0, 0
60500, 3937551, 0, 0, 0
60600, 4206112, 0, 0, 0
60700, 4143899, 0, 0, 0
60800, 5923649, 0, 0, 0
60900, 4423178, 0, 0, 0
61000, 5088997, 0, 0, 0
61100, 4306382, 0, 0, 0
61200, 5092197, 0, 0, 0
61300, 5055054, 0, 0, 0
61400, 5121240, 0, 0, 0
61500, 4180715, 0, 0, 0
61600, 4648777, 0, 0, 0
61700, 4565782, 0, 0, 0
61800, 4262560, 0, 0, 0
61900, 4163798, 0, 0, 0
62000, 4668036, 0, 0, 0
62100, 3674914, 0, 0, 0
62200, 4145252, 0, 0, 0
62300, 4247702, 0, 0, 0
62400, 3973248, 0, 0, 0
62500, 4454478, 0, 0, 0
62600, 4190431, 0, 0, 0
62700, 4453576, 0, 0, 0
62800, 5566394, 0, 0, 0
62900, 4320625, 0, 0, 0
63000, 4327331, 0, 0, 0
63100, 4846158, 0, 0, 0
63200, 4747601, 0, 0, 0
63300, 5049752, 0, 0, 0
63400, 4472242, 0, 0, 0
63500, 4555744, 0, 0, 0
63600, 4544509, 0, 0, 0
63700, 3950341, 0, 0, 0
63800, 4209220, 0, 0, 0
63900, 4261158, 0, 0, 0
64000, 5317824, 0, 0, 0
64100, 3845083, 0, 0, 0
64200, 4179283, 0, 0, 0
64300, 4448010, 0, 0, 0
64400, 4485900, 0, 0, 0
64500, 5031192, 0, 0, 0
64600, 5310993, 0, 0, 0
64700, 4343108, 0, 0, 0
64800, 5303049, 0, 0, 0
64900, 4422907, 0, 0, 0
65000, 4580474, 0, 0, 0
65100, 5290649, 0, 0, 0
65200, 4157157, 0, 0, 0
65300, 4613602, 0, 0, 0
65400, 4303841, 0, 0, 0
65500, 4447336, 0, 0, 0
65600, 4355616, 0, 0, 0
65700, 4638810, 0, 0, 0
65800, 4707357, 0, 0, 0
65900, 4383894, 0, 0, 0
66000, 4018796, 0, 0, 0
66100, 3616640, 0, 0, 0
66200, 4697041, 0, 0, 0
66300, 4053473, 0, 0, 0
66400, 3720252, 0, 0, 0
66500, 3944620, 0, 0, 0
66600, 5410800, 0, 0, 0
66700, 5034894, 0, 0, 0
66800, 5235958, 0, 0, 0
66900, 4614090, 0, 0, 0
67000, 5838011, 0, 0, 0
67100, 4100753, 0, 0, 0
67200, 4304644, 0, 0, 0
67300, 3971735, 0, 0, 0
67400, 3805873, 0, 0, 0
67500, 5105940, 0, 0, 0
67600, 5363689, 0, 0, 0
67700, 6065295, 0, 0, 0
67800, 4097223, 0, 0, 0
67900, 4493999, 0, 0, 0
68000, 4537560, 0, 0, 0
68100, 4902572, 0, 0, 0
68200, 5562832, 0, 0, 0
68300, 4907896, 0, 0, 0
68400, 3990161, 0, 0, 0
68500, 5111025, 0, 0, 0
68600, 4831398, 0, 0, 0
68700, 3749162, 0, 0, 0
68800, 4533096, 0, 0, 0
68900, 4257263, 0, 0, 0
69000, 4326727, 0, 0, 0
69100, 5015024, 0, 0, 0
69200, 4269321, 0, 0, 0
69300, 5307203, 0, 0, 0
69400, 4949683, 0, 0, 0
69500, 4393175, 0, 0, 0
69600, 5167771, 0, 0, 0
69700, 5831973, 0, 0, 0
69800, 4419755, 0, 0, 0
69900, 4754486, 0, 0, 0
70000, 4786453, 0, 0, 0
70100, 4511453, 0, 0, 0
70200, 4053047, 0, 0, 0
70300, 4192721, 0, 0, 0
70400, 3967734, 0, 0, 0
70500, 4302011, 0, 0, 0
70600, 4602594, 0, 0, 0
70700, 4688649, 0, 0, 0
70800, 3769797, 0, 0, 0
70900, 4335157, 0, 0, 0
71000, 5051589, 0, 0, 0
71100, 3981375, 0, 0, 0
71200, 5040745, 0, 0, 0
71300, 4689991, 0, 0, 0
71400, 5358790, 0, 0, 0
71500, 3952347, 0, 0, 0
71600, 4882351, 0, 0, 0
71700, 4517822, 0, 0, 0
71800, 4568155, 0, 0, 0
71900, 4279457, 0, 0, 0
72000, 5135012, 0, 0, 0
72100, 4894109, 0, 0, 0
72200, 3183561, 0, 0, 0
72300, 6402723, 0, 0, 0
72400, 5290326, 0, 0, 0
72500, 4021733, 0, 0, 0
72600, 5407568, 0, 0, 0
72700, 4399846, 0, 0, 0
72800, 5749576, 0, 0, 0
72900, 4877631, 0, 0, 0
73000, 3969856, 0, 0, 0
73100, 5068962, 0, 0, 0
73200, 5723177, 0, 0, 0
73300, 4689437, 0, 0, 0
73400, 3754081, 0, 0, 0
73500, 5300660, 0, 0, 0
73600, 4989825, 0, 0, 0
73700, 4632064, 0, 0, 0
73800, 5125846, 0, 0, 0
73900, 4266190, 0, 0, 0
74000, 3746272, 0, 0, 0
74100, 4636253, 0, 0, 0
74201, 4196931, 0, 0, 0
74300, 4773507, 0, 0, 0
74400, 4758604, 0, 0, 0
74500, 5426359, 0, 0, 0
74600, 3924720, 0, 0, 0
74700, 4544364, 0, 0, 0
74800, 4511014, 0, 0, 0
74900, 4474472, 0, 0, 0
75000, 5526078, 0, 0, 0
75100, 4567569, 0, 0, 0
75200, 4948840, 0, 0, 0
75300, 4878354, 0, 0, 0
75400, 4630672, 0, 0, 0
75500, 4928005, 0, 0, 0
75600, 5256868, 0, 0, 0
75700, 4642644, 0, 0, 0
75800, 4498746, 0, 0, 0
75900, 4018668, 0, 0, 0
76000, 4226285, 0, 0, 0
76100, 4598736, 0, 0, 0
76200, 4848096, 0, 0, 0
76300, 4425896, 0, 0, 0
76400, 4990704, 0, 0, 0
76500, 4178948, 0, 0, 0
76600, 4183485, 0, 0, 0
76700, 4306677, 0, 0, 0
76800, 4217862, 0, 0, 0
76900, 4564149, 0, 0, 0
77000, 5203951, 0, 0, 0
77100, 4072946, 0, 0, 0
77200, 4884619, 0, 0, 0
77300, 4226822, 0, 0, 0
77400, 5466244, 0, 0, 0
77500, 4342118, 0, 0, 0
77600, 3953112, 0, 0, 0
77700, 4805822, 0, 0, 0
77800, 5054743, 0, 0, 0
77900, 5513731, 0, 0, 0
78000, 4442275, 0, 0, 0
78100, 5171653, 0, 0, 0
78200, 4563759, 0, 0, 0
78300, 5141231, 0, 0, 0
78400, 4230883, 0, 0, 0
78500, 5252281, 0, 0, 0
78600, 4564389, 0, 0, 0
78700, 4696041, 0, 0, 0
78800, 4534059, 0, 0, 0
78900, 4903161, 0, 0, 0
79000, 4718967, 0, 0, 0
79100, 5438918, 0, 0, 0
79200, 5416936, 0, 0, 0
79300, 4669747, 0, 0, 0
79400, 4724721, 0, 0, 0
79500, 5176214, 0, 0, 0
79600, 4216259, 0, 0, 0
79700, 4485907, 0, 0, 0
79801, 5004257, 0, 0, 0
79900, 4590502, 0, 0, 0
80000, 4459922, 0, 0, 0
80100, 5196301, 0, 0, 0
80200, 4421501, 0, 0, 0
80300, 4577013, 0, 0, 0
80400, 4356720, 0, 0, 0
80500, 4307960, 0, 0, 0
80600, 5116809, 0, 0, 0
80700, 4483861, 0, 0, 0
80800, 5495318, 0, 0, 0
80900, 4038148, 0, 0, 0
81000, 4439255, 0, 0, 0
81100, 4186037, 0, 0, 0
81200, 5204440, 0, 0, 0
81300, 4086652, 0, 0, 0
81400, 4641673, 0, 0, 0
81500, 4747521, 0, 0, 0
81600, 4576121, 0, 0, 0
81700, 4331590, 0, 0, 0
81800, 3556037, 0, 0, 0
81900, 5251433, 0, 0, 0
82000, 4747266, 0, 0, 0
82100, 4442011, 0, 0, 0
82200, 5172181, 0, 0, 0
82300, 5071344, 0, 0, 0
82400, 4668255, 0, 0, 0
82500, 5207088, 0, 0, 0
82600, 5460853, 0, 0, 0
82700, 4513617, 0, 0, 0
82801, 4086163, 0, 0, 0
82900, 4850009, 0, 0, 0
83000, 4867228, 0, 0, 0
83100, 4589810, 0, 0, 0
83200, 4450850, 0, 0, 0
83300, 4647944, 0, 0, 0
83400, 4457272, 0, 0, 0
83500, 4529822, 0, 0, 0
83600, 5202417, 0, 0, 0
83700, 4454643, 0, 0, 0
83800, 4573601, 0, 0, 0
83900, 3893328, 0, 0, 0
84000, 4760343, 0, 0, 0
84100, 5124023, 0, 0, 0
84200, 4993415, 0, 0, 0
84300, 4508965, 0, 0, 0
84400, 5081078, 0, 0, 0
84500, 5472430, 0, 0, 0
84600, 3963887, 0, 0, 0
84700, 5778499, 0, 0, 0
84800, 4322723, 0, 0, 0
84900, 4295172, 0, 0, 0
85000, 5181297, 0, 0, 0
85100, 4122357, 0, 0, 0
85200, 5064847, 0, 0, 0
85300, 4649109, 0, 0, 0
85400, 5106619, 0, 0, 0
85500, 3037692, 0, 0, 0
85600, 5233020, 0, 0, 0
85700, 5480693, 0, 0, 0
85800, 4485932, 0, 0, 0
85900, 4032736, 0, 0, 0
86000, 5304456, 0, 0, 0
86100, 4947556, 0, 0, 0
86200, 4967085, 0, 0, 0
86300, 4655484, 0, 0, 0
86400, 4356059, 0, 0, 0
86500, 4428666, 0, 0, 0
86600, 5024681, 0, 0, 0
86700, 5099690, 0, 0, 0
86800, 4361234, 0, 0, 0
86900, 4403303, 0, 0, 0
87000, 4425905, 0, 0, 0
87100, 4093528, 0, 0, 0
87200, 4877793, 0, 0, 0
87300, 4642504, 0, 0, 0
87400, 4279336, 0, 0, 0
87500, 4508148, 0, 0, 0
87600, 5095316, 0, 0, 0
87700, 4534192, 0, 0, 0
87800, 4059875, 0, 0, 0
87900, 4656478, 0, 0, 0
88000, 5057518, 0, 0, 0
88100, 5049790, 0, 0, 0
88200, 5752568, 0, 0, 0
88300, 5654716, 0, 0, 0
88400, 3793332, 0, 0, 0
88500, 4301379, 0, 0, 0
88600, 4703408, 0, 0, 0
88700, 4933100, 0, 0, 0
88800, 4797112, 0, 0, 0
88900, 3868046, 0, 0, 0
89000, 4408104, 0, 0, 0
89100, 4219563, 0, 0, 0
89200, 5196473, 0, 0, 0
89300, 4557160, 0, 0, 0
89400, 4845667, 0, 0, 0
89500, 4890409, 0, 0, 0
89600, 4265276, 0, 0, 0
89700, 5280832, 0, 0, 0
89800, 5140873, 0, 0, 0
89900, 4101599, 0, 0, 0
90000, 4435914, 0, 0, 0
90046, 59264503, 0, 0, 0
