100, 5025, 0, 0, 0
200, 5257, 0, 0, 0
300, 5322, 0, 0, 0
400, 5050, 0, 0, 0
500, 5209, 0, 0, 0
600, 5273, 0, 0, 0
700, 5301, 0, 0, 0
800, 5372, 0, 0, 0
900, 5081, 0, 0, 0
1000, 5090, 0, 0, 0
1100, 5326, 0, 0, 0
1200, 5368, 0, 0, 0
1300, 5339, 0, 0, 0
1400, 5435, 0, 0, 0
1500, 5016, 0, 0, 0
1600, 5341, 0, 0, 0
1700, 5222, 0, 0, 0
1800, 5533, 0, 0, 0
1900, 5427, 0, 0, 0
2000, 5232, 0, 0, 0
2100, 5531, 0, 0, 0
2200, 5519, 0, 0, 0
2300, 5046, 0, 0, 0
2400, 5320, 0, 0, 0
2500, 5262, 0, 0, 0
2600, 5387, 0, 0, 0
2700, 5374, 0, 0, 0
2800, 5327, 0, 0, 0
2900, 5396, 0, 0, 0
3000, 5383, 0, 0, 0
3100, 5137, 0, 0, 0
3200, 5499, 0, 0, 0
3300, 5321, 0, 0, 0
3400, 5453, 0, 0, 0
3500, 5260, 0, 0, 0
3600, 4982, 0, 0, 0
3700, 5285, 0, 0, 0
3800, 5547, 0, 0, 0
3900, 5044, 0, 0, 0
4000, 5444, 0, 0, 0
4100, 5222, 0, 0, 0
4200, 5292, 0, 0, 0
4300, 5167, 0, 0, 0
4400, 5365, 0, 0, 0
4500, 5620, 0, 0, 0
4600, 5483, 0, 0, 0
4700, 5232, 0, 0, 0
4800, 5436, 0, 0, 0
4900, 5113, 0, 0, 0
5000, 5429, 0, 0, 0
5100, 5407, 0, 0, 0
5200, 5098, 0, 0, 0
5300, 5215, 0, 0, 0
5400, 5190, 0, 0, 0
5500, 5297, 0, 0, 0
5600, 5389, 0, 0, 0
5700, 4793, 0, 0, 0
5800, 5612, 0, 0, 0
5900, 5359, 0, 0, 0
6000, 5257, 0, 0, 0
6100, 5212, 0, 0, 0
6200, 5027, 0, 0, 0
6300, 5106, 0, 0, 0
6400, 5511, 0, 0, 0
6500, 5477, 0, 0, 0
6600, 5431, 0, 0, 0
6700, 5171, 0, 0, 0
6800, 5498, 0, 0, 0
6900, 5084, 0, 0, 0
7000, 5314, 0, 0, 0
7100, 5397, 0, 0, 0
7200, 5133, 0, 0, 0
7300, 5397, 0, 0, 0
7400, 5432, 0, 0, 0
7500, 5138, 0, 0, 0
7600, 5201, 0, 0, 0
7700, 5343, 0, 0, 0
7800, 5617, 0, 0, 0
7900, 4954, 0, 0, 0
8000, 4890, 0, 0, 0
8100, 4997, 0, 0, 0
8200, 5344, 0, 0, 0
8300, 5601, 0, 0, 0
8400, 5024, 0, 0, 0
8500, 5439, 0, 0, 0
8600, 5321, 0, 0, 0
8700, 4745, 0, 0, 0
8800, 5189, 0, 0, 0
8900, 5258, 0, 0, 0
9000, 4989, 0, 0, 0
9100, 5416, 0, 0, 0
9200, 4962, 0, 0, 0
9300, 5219, 0, 0, 0
9400, 5359, 0, 0, 0
9500, 5818, 0, 0, 0
9600, 5355, 0, 0, 0
9700, 5682, 0, 0, 0
9800, 5415, 0, 0, 0
9900, 5277, 0, 0, 0
10000, 5365, 0, 0, 0
10100, 5093, 0, 0, 0
10200, 5345, 0, 0, 0
10300, 5215, 0, 0, 0
10400, 5249, 0, 0, 0
10500, 5329, 0, 0, 0
10600, 4989, 0, 0, 0
10700, 5403, 0, 0, 0
10800, 5373, 0, 0, 0
10900, 5190, 0, 0, 0
11000, 5236, 0, 0, 0
11100, 5371, 0, 0, 0
11200, 5348, 0, 0, 0
11300, 5089, 0, 0, 0
11400, 5157, 0, 0, 0
11500, 5337, 0, 0, 0
11600, 5412, 0, 0, 0
11700, 5339, 0, 0, 0
11800, 5283, 0, 0, 0
11900, 5401, 0, 0, 0
12000, 5342, 0, 0, 0
12100, 5245, 0, 0, 0
12200, 5322, 0, 0, 0
12300, 5034, 0, 0, 0
12400, 5674, 0, 0, 0
12500, 4953, 0, 0, 0
12600, 5180, 0, 0, 0
12700, 5045, 0, 0, 0
12800, 5099, 0, 0, 0
12900, 4999, 0, 0, 0
13000, 5410, 0, 0, 0
13100, 5404, 0, 0, 0
13200, 5353, 0, 0, 0
13300, 5305, 0, 0, 0
13400, 5295, 0, 0, 0
13500, 5234, 0, 0, 0
13600, 5524, 0, 0, 0
13700, 5390, 0, 0, 0
13800, 5206, 0, 0, 0
13900, 5389, 0, 0, 0
14000, 5329, 0, 0, 0
14100, 5524, 0, 0, 0
14200, 5420, 0, 0, 0
14300, 5137, 0, 0, 0
14400, 5477, 0, 0, 0
14500, 5082, 0, 0, 0
14600, 5235, 0, 0, 0
14700, 4892, 0, 0, 0
14800, 5364, 0, 0, 0
14900, 5368, 0, 0, 0
15000, 5183, 0, 0, 0
15100, 5198, 0, 0, 0
15200, 5107, 0, 0, 0
15300, 4846, 0, 0, 0
15400, 5173, 0, 0, 0
15500, 5176, 0, 0, 0
15600, 5249, 0, 0, 0
15700, 5385, 0, 0, 0
15800, 5317, 0, 0, 0
15900, 5385, 0, 0, 0
16000, 5190, 0, 0, 0
16100, 5049, 0, 0, 0
16200, 5256, 0, 0, 0
16300, 5388, 0, 0, 0
16400, 5028, 0, 0, 0
16500, 5024, 0, 0, 0
16600, 5436, 0, 0, 0
16700, 5441, 0, 0, 0
16800, 5373, 0, 0, 0
16900, 5511, 0, 0, 0
17000, 5041, 0, 0, 0
17100, 5330, 0, 0, 0
17200, 5120, 0, 0, 0
17300, 5114, 0, 0, 0
17400, 5240, 0, 0, 0
17500, 5055, 0, 0, 0
17600, 5377, 0, 0, 0
17700, 5121, 0, 0, 0
17800, 5187, 0, 0, 0
17900, 4993, 0, 0, 0
18000, 5392, 0, 0, 0
18100, 5374, 0, 0, 0
18200, 5004, 0, 0, 0
18300, 5103, 0, 0, 0
18400, 5553, 0, 0, 0
18500, 5341, 0, 0, 0
18600, 5455, 0, 0, 0
18700, 5265, 0, 0, 0
18800, 5526, 0, 0, 0
18900, 5536, 0, 0, 0
19000, 5457, 0, 0, 0
19100, 5533, 0, 0, 0
19200, 5271, 0, 0, 0
19300, 5160, 0, 0, 0
19400, 5346, 0, 0, 0
19500, 5516, 0, 0, 0
19600, 5459, 0, 0, 0
19700, 5187, 0, 0, 0
19800, 5426, 0, 0, 0
19900, 5384, 0, 0, 0
20000, 5566, 0, 0, 0
20100, 5558, 0, 0, 0
20200, 5306, 0, 0, 0
20300, 5464, 0, 0, 0
20400, 5259, 0, 0, 0
20500, 5262, 0, 0, 0
20600, 5245, 0, 0, 0
20700, 5096, 0, 0, 0
20800, 5300, 0, 0, 0
20900, 5042, 0, 0, 0
21000, 5193, 0, 0, 0
21100, 5567, 0, 0, 0
21200, 4938, 0, 0, 0
21300, 5500, 0, 0, 0
21400, 5528, 0, 0, 0
21500, 5208, 0, 0, 0
21600, 4891, 0, 0, 0
21700, 4867, 0, 0, 0
21800, 5055, 0, 0, 0
21900, 5570, 0, 0, 0
22000, 5574, 0, 0, 0
22100, 5167, 0, 0, 0
22200, 5746, 0, 0, 0
22300, 4713, 0, 0, 0
22400, 5523, 0, 0, 0
22500, 5928, 0, 0, 0
22600, 5129, 0, 0, 0
22700, 5482, 0, 0, 0
22800, 5380, 0, 0, 0
22900, 5155, 0, 0, 0
23000, 5327, 0, 0, 0
23100, 5100, 0, 0, 0
23200, 5218, 0, 0, 0
23300, 5451, 0, 0, 0
23400, 5345, 0, 0, 0
23500, 5314, 0, 0, 0
23600, 5575, 0, 0, 0
23700, 5266, 0, 0, 0
23800, 4938, 0, 0, 0
23900, 5323, 0, 0, 0
24000, 5381, 0, 0, 0
24100, 5452, 0, 0, 0
24200, 5440, 0, 0, 0
24300, 5313, 0, 0, 0
24400, 5392, 0, 0, 0
24500, 5810, 0, 0, 0
24600, 5514, 0, 0, 0
24700, 5497, 0, 0, 0
24800, 5354, 0, 0, 0
24900, 5026, 0, 0, 0
25000, 5315, 0, 0, 0
25100, 5298, 0, 0, 0
25200, 5412, 0, 0, 0
25300, 5249, 0, 0, 0
25400, 5705, 0, 0, 0
25500, 5332, 0, 0, 0
25600, 5392, 0, 0, 0
25700, 5431, 0, 0, 0
25800, 5544, 0, 0, 0
25900, 5435, 0, 0, 0
26000, 5482, 0, 0, 0
26100, 5598, 0, 0, 0
26200, 5214, 0, 0, 0
26300, 5572, 0, 0, 0
26400, 5170, 0, 0, 0
26500, 5352, 0, 0, 0
26600, 5555, 0, 0, 0
26700, 5755, 0, 0, 0
26800, 4965, 0, 0, 0
26900, 5157, 0, 0, 0
27000, 5384, 0, 0, 0
27100, 4916, 0, 0, 0
27200, 5728, 0, 0, 0
27300, 5296, 0, 0, 0
27400, 5178, 0, 0, 0
27500, 5509, 0, 0, 0
27600, 5681, 0, 0, 0
27700, 5322, 0, 0, 0
27800, 4992, 0, 0, 0
27900, 5708, 0, 0, 0
28000, 5595, 0, 0, 0
28100, 5147, 0, 0, 0
28200, 5220, 0, 0, 0
28300, 5284, 0, 0, 0
28400, 5201, 0, 0, 0
28500, 4907, 0, 0, 0
28600, 5299, 0, 0, 0
28700, 5745, 0, 0, 0
28800, 4731, 0, 0, 0
28900, 5070, 0, 0, 0
29000, 5334, 0, 0, 0
29100, 5055, 0, 0, 0
29200, 5194, 0, 0, 0
29300, 5442, 0, 0, 0
29400, 5298, 0, 0, 0
29500, 5122, 0, 0, 0
29600, 5144, 0, 0, 0
29700, 5407, 0, 0, 0
29800, 5291, 0, 0, 0
29900, 5258, 0, 0, 0
30000, 4995, 0, 0, 0
30100, 5212, 0, 0, 0
30200, 5284, 0, 0, 0
30300, 5318, 0, 0, 0
30400, 5069, 0, 0, 0
30500, 5207, 0, 0, 0
30600, 5061, 0, 0, 0
30700, 5296, 0, 0, 0
30800, 5050, 0, 0, 0
30900, 5208, 0, 0, 0
31000, 5326, 0, 0, 0
31100, 5178, 0, 0, 0
31200, 5121, 0, 0, 0
31300, 5087, 0, 0, 0
31400, 5275, 0, 0, 0
31500, 5228, 0, 0, 0
31600, 4944, 0, 0, 0
31700, 5136, 0, 0, 0
31800, 5024, 0, 0, 0
31900, 5307, 0, 0, 0
32000, 4953, 0, 0, 0
32100, 5232, 0, 0, 0
32200, 5571, 0, 0, 0
32300, 5288, 0, 0, 0
32400, 5245, 0, 0, 0
32500, 4964, 0, 0, 0
32600, 5623, 0, 0, 0
32700, 4977, 0, 0, 0
32800, 4983, 0, 0, 0
32900, 4788, 0, 0, 0
33000, 4900, 0, 0, 0
33100, 5262, 0, 0, 0
33200, 5516, 0, 0, 0
33300, 5366, 0, 0, 0
33400, 5207, 0, 0, 0
33500, 5144, 0, 0, 0
33600, 4975, 0, 0, 0
33700, 5494, 0, 0, 0
33800, 5119, 0, 0, 0
33900, 5213, 0, 0, 0
34000, 5105, 0, 0, 0
34100, 5320, 0, 0, 0
34200, 5189, 0, 0, 0
34300, 5449, 0, 0, 0
34400, 4543, 0, 0, 0
34500, 5118, 0, 0, 0
34600, 4854, 0, 0, 0
34700, 4973, 0, 0, 0
34800, 5097, 0, 0, 0
34900, 4580, 0, 0, 0
35000, 5584, 0, 0, 0
35100, 4789, 0, 0, 0
35200, 5032, 0, 0, 0
35300, 4880, 0, 0, 0
35400, 5078, 0, 0, 0
35500, 5423, 0, 0, 0
35600, 4970, 0, 0, 0
35700, 5169, 0, 0, 0
35800, 5296, 0, 0, 0
35900, 5153, 0, 0, 0
36000, 5358, 0, 0, 0
36100, 4973, 0, 0, 0
36200, 5053, 0, 0, 0
36300, 4916, 0, 0, 0
36400, 4756, 0, 0, 0
36500, 5272, 0, 0, 0
36600, 5483, 0, 0, 0
36700, 5089, 0, 0, 0
36800, 5320, 0, 0, 0
36900, 5336, 0, 0, 0
37000, 4946, 0, 0, 0
37100, 4849, 0, 0, 0
37200, 5228, 0, 0, 0
37300, 5001, 0, 0, 0
37400, 5412, 0, 0, 0
37500, 5177, 0, 0, 0
37600, 5503, 0, 0, 0
37700, 5075, 0, 0, 0
37800, 5027, 0, 0, 0
37900, 5286, 0, 0, 0
38000, 5015, 0, 0, 0
38100, 5252, 0, 0, 0
38200, 5203, 0, 0, 0
38300, 5105, 0, 0, 0
38400, 5064, 0, 0, 0
38500, 5302, 0, 0, 0
38600, 5355, 0, 0, 0
38700, 5256, 0, 0, 0
38800, 4914, 0, 0, 0
38900, 5190, 0, 0, 0
39000, 5183, 0, 0, 0
39100, 5319, 0, 0, 0
39200, 5224, 0, 0, 0
39300, 5544, 0, 0, 0
39400, 5240, 0, 0, 0
39500, 5128, 0, 0, 0
39600, 5000, 0, 0, 0
39700, 5027, 0, 0, 0
39800, 4986, 0, 0, 0
39900, 5232, 0, 0, 0
40000, 4989, 0, 0, 0
40100, 4902, 0, 0, 0
40200, 5150, 0, 0, 0
40300, 5074, 0, 0, 0
40400, 4954, 0, 0, 0
40500, 5159, 0, 0, 0
40600, 5223, 0, 0, 0
40700, 5223, 0, 0, 0
40800, 5412, 0, 0, 0
40900, 5049, 0, 0, 0
41000, 5310, 0, 0, 0
41100, 5308, 0, 0, 0
41200, 5175, 0, 0, 0
41300, 5094, 0, 0, 0
41400, 4791, 0, 0, 0
41500, 5069, 0, 0, 0
41600, 4865, 0, 0, 0
41700, 4952, 0, 0, 0
41800, 5023, 0, 0, 0
41900, 5071, 0, 0, 0
42000, 5200, 0, 0, 0
42100, 5118, 0, 0, 0
42200, 4993, 0, 0, 0
42300, 4825, 0, 0, 0
42400, 4834, 0, 0, 0
42500, 4950, 0, 0, 0
42600, 5472, 0, 0, 0
42700, 5425, 0, 0, 0
42800, 5169, 0, 0, 0
42900, 5175, 0, 0, 0
43000, 5107, 0, 0, 0
43100, 4973, 0, 0, 0
43200, 4902, 0, 0, 0
43300, 5325, 0, 0, 0
43400, 4851, 0, 0, 0
43500, 5276, 0, 0, 0
43600, 4960, 0, 0, 0
43700, 5176, 0, 0, 0
43800, 4973, 0, 0, 0
43900, 5096, 0, 0, 0
44000, 5338, 0, 0, 0
44100, 5254, 0, 0, 0
44200, 5387, 0, 0, 0
44300, 5587, 0, 0, 0
44400, 5351, 0, 0, 0
44500, 5254, 0, 0, 0
44600, 5325, 0, 0, 0
44700, 4934, 0, 0, 0
44800, 5696, 0, 0, 0
44900, 5322, 0, 0, 0
45000, 5149, 0, 0, 0
45100, 4984, 0, 0, 0
45200, 4876, 0, 0, 0
45300, 5226, 0, 0, 0
45400, 5502, 0, 0, 0
45500, 4999, 0, 0, 0
45600, 5265, 0, 0, 0
45700, 5142, 0, 0, 0
45800, 4942, 0, 0, 0
45900, 5254, 0, 0, 0
46000, 5312, 0, 0, 0
46100, 5131, 0, 0, 0
46200, 4929, 0, 0, 0
46300, 5292, 0, 0, 0
46400, 5333, 0, 0, 0
46500, 5267, 0, 0, 0
46600, 5014, 0, 0, 0
46700, 5354, 0, 0, 0
46800, 5204, 0, 0, 0
46900, 5113, 0, 0, 0
47000, 5003, 0, 0, 0
47100, 5498, 0, 0, 0
47200, 4991, 0, 0, 0
47300, 5270, 0, 0, 0
47400, 5262, 0, 0, 0
47500, 5279, 0, 0, 0
47600, 5062, 0, 0, 0
47700, 5392, 0, 0, 0
47800, 5445, 0, 0, 0
47900, 5589, 0, 0, 0
48000, 5100, 0, 0, 0
48100, 5408, 0, 0, 0
48200, 5213, 0, 0, 0
48300, 5659, 0, 0, 0
48400, 5113, 0, 0, 0
48500, 5338, 0, 0, 0
48600, 5100, 0, 0, 0
48700, 5078, 0, 0, 0
48800, 5582, 0, 0, 0
48900, 5231, 0, 0, 0
49000, 5562, 0, 0, 0
49100, 5219, 0, 0, 0
49200, 5493, 0, 0, 0
49300, 5149, 0, 0, 0
49400, 4962, 0, 0, 0
49500, 5512, 0, 0, 0
49600, 5052, 0, 0, 0
49700, 5147, 0, 0, 0
49800, 5179, 0, 0, 0
49900, 5406, 0, 0, 0
50000, 5358, 0, 0, 0
50100, 5206, 0, 0, 0
50200, 5368, 0, 0, 0
50300, 5084, 0, 0, 0
50400, 5054, 0, 0, 0
50500, 5508, 0, 0, 0
50600, 5514, 0, 0, 0
50700, 5163, 0, 0, 0
50800, 5165, 0, 0, 0
50900, 5267, 0, 0, 0
51000, 5230, 0, 0, 0
51100, 5496, 0, 0, 0
51200, 5245, 0, 0, 0
51300, 5156, 0, 0, 0
51400, 5107, 0, 0, 0
51500, 5252, 0, 0, 0
51600, 5361, 0, 0, 0
51700, 4876, 0, 0, 0
51800, 5212, 0, 0, 0
51900, 4938, 0, 0, 0
52000, 5224, 0, 0, 0
52100, 5690, 0, 0, 0
52200, 5627, 0, 0, 0
52300, 5555, 0, 0, 0
52400, 5249, 0, 0, 0
52500, 5514, 0, 0, 0
52600, 5378, 0, 0, 0
52700, 5211, 0, 0, 0
52800, 5348, 0, 0, 0
52900, 5266, 0, 0, 0
53000, 5655, 0, 0, 0
53100, 5237, 0, 0, 0
53200, 5230, 0, 0, 0
53300, 5381, 0, 0, 0
53400, 5551, 0, 0, 0
53500, 5274, 0, 0, 0
53600, 5230, 0, 0, 0
53700, 4990, 0, 0, 0
53800, 5230, 0, 0, 0
53900, 5349, 0, 0, 0
54000, 5426, 0, 0, 0
54100, 5586, 0, 0, 0
54200, 5594, 0, 0, 0
54300, 5426, 0, 0, 0
54400, 5561, 0, 0, 0
54500, 5224, 0, 0, 0
54600, 5062, 0, 0, 0
54700, 5260, 0, 0, 0
54800, 5337, 0, 0, 0
54900, 5299, 0, 0, 0
55000, 5405, 0, 0, 0
55100, 5429, 0, 0, 0
55200, 5305, 0, 0, 0
55300, 5256, 0, 0, 0
55400, 5326, 0, 0, 0
55500, 5300, 0, 0, 0
55600, 5409, 0, 0, 0
55700, 5205, 0, 0, 0
55800, 5214, 0, 0, 0
55900, 5256, 0, 0, 0
56000, 5317, 0, 0, 0
56100, 5232, 0, 0, 0
56200, 5171, 0, 0, 0
56300, 5234, 0, 0, 0
56400, 5233, 0, 0, 0
56500, 5293, 0, 0, 0
56600, 5275, 0, 0, 0
56700, 5139, 0, 0, 0
56800, 5210, 0, 0, 0
56900, 5001, 0, 0, 0
57000, 5234, 0, 0, 0
57100, 5346, 0, 0, 0
57200, 5159, 0, 0, 0
57300, 5274, 0, 0, 0
57400, 5606, 0, 0, 0
57500, 5281, 0, 0, 0
57600, 5299, 0, 0, 0
57700, 5389, 0, 0, 0
57800, 5204, 0, 0, 0
57900, 5434, 0, 0, 0
58000, 5215, 0, 0, 0
58100, 5149, 0, 0, 0
58200, 5531, 0, 0, 0
58300, 5321, 0, 0, 0
58400, 5388, 0, 0, 0
58500, 5088, 0, 0, 0
58600, 5393, 0, 0, 0
58700, 5380, 0, 0, 0
58800, 5221, 0, 0, 0
58900, 5199, 0, 0, 0
59000, 5310, 0, 0, 0
59100, 5170, 0, 0, 0
59200, 5450, 0, 0, 0
59300, 5447, 0, 0, 0
59400, 5044, 0, 0, 0
59500, 5272, 0, 0, 0
59600, 5213, 0, 0, 0
59700, 5041, 0, 0, 0
59800, 5212, 0, 0, 0
59900, 5370, 0, 0, 0
60000, 5139, 0, 0, 0
60100, 5106, 0, 0, 0
60200, 5287, 0, 0, 0
60300, 5907, 0, 0, 0
60400, 5181, 0, 0, 0
60500, 5146, 0, 0, 0
60600, 5079, 0, 0, 0
60700, 5198, 0, 0, 0
60800, 5193, 0, 0, 0
60900, 5049, 0, 0, 0
61000, 5087, 0, 0, 0
61100, 5446, 0, 0, 0
61200, 5598, 0, 0, 0
61300, 5242, 0, 0, 0
61400, 5576, 0, 0, 0
61500, 5208, 0, 0, 0
61600, 5379, 0, 0, 0
61700, 5119, 0, 0, 0
61800, 4827, 0, 0, 0
61900, 4866, 0, 0, 0
62000, 5613, 0, 0, 0
62100, 5528, 0, 0, 0
62200, 5441, 0, 0, 0
62300, 4822, 0, 0, 0
62400, 5358, 0, 0, 0
62500, 5188, 0, 0, 0
62600, 5023, 0, 0, 0
62700, 5481, 0, 0, 0
62800, 5100, 0, 0, 0
62900, 4981, 0, 0, 0
63000, 5512, 0, 0, 0
63100, 5435, 0, 0, 0
63200, 5645, 0, 0, 0
63300, 5387, 0, 0, 0
63400, 5631, 0, 0, 0
63500, 5338, 0, 0, 0
63600, 5573, 0, 0, 0
63700, 5376, 0, 0, 0
63800, 5448, 0, 0, 0
63900, 5233, 0, 0, 0
64000, 5222, 0, 0, 0
64100, 5425, 0, 0, 0
64200, 5371, 0, 0, 0
64300, 5203, 0, 0, 0
64400, 5379, 0, 0, 0
64500, 5516, 0, 0, 0
64600, 5077, 0, 0, 0
64700, 5421, 0, 0, 0
64800, 5056, 0, 0, 0
64900, 5170, 0, 0, 0
65000, 5455, 0, 0, 0
65100, 5137, 0, 0, 0
65200, 5331, 0, 0, 0
65300, 5190, 0, 0, 0
65400, 5219, 0, 0, 0
65500, 5178, 0, 0, 0
65600, 5518, 0, 0, 0
65700, 5305, 0, 0, 0
65800, 5171, 0, 0, 0
65900, 4997, 0, 0, 0
66000, 5134, 0, 0, 0
66100, 5277, 0, 0, 0
66200, 5243, 0, 0, 0
66300, 5243, 0, 0, 0
66400, 5099, 0, 0, 0
66500, 5347, 0, 0, 0
66600, 5132, 0, 0, 0
66700, 5050, 0, 0, 0
66800, 5569, 0, 0, 0
66900, 5395, 0, 0, 0
67000, 5256, 0, 0, 0
67100, 5319, 0, 0, 0
67200, 5448, 0, 0, 0
67300, 5400, 0, 0, 0
67400, 5230, 0, 0, 0
67500, 5282, 0, 0, 0
67600, 5265, 0, 0, 0
67700, 5284, 0, 0, 0
67800, 5202, 0, 0, 0
67900, 5550, 0, 0, 0
68000, 5265, 0, 0, 0
68100, 5068, 0, 0, 0
68200, 5005, 0, 0, 0
68300, 5364, 0, 0, 0
68400, 5426, 0, 0, 0
68500, 5184, 0, 0, 0
68600, 5174, 0, 0, 0
68700, 4858, 0, 0, 0
68800, 5210, 0, 0, 0
68900, 5429, 0, 0, 0
69000, 5150, 0, 0, 0
69100, 5018, 0, 0, 0
69200, 5258, 0, 0, 0
69300, 5368, 0, 0, 0
69400, 5217, 0, 0, 0
69500, 5076, 0, 0, 0
69600, 5247, 0, 0, 0
69700, 5167, 0, 0, 0
69800, 5376, 0, 0, 0
69900, 4834, 0, 0, 0
70000, 5225, 0, 0, 0
70100, 5263, 0, 0, 0
70200, 5469, 0, 0, 0
70300, 5111, 0, 0, 0
70400, 5544, 0, 0, 0
70500, 5075, 0, 0, 0
70600, 5222, 0, 0, 0
70700, 5077, 0, 0, 0
70800, 5404, 0, 0, 0
70900, 5399, 0, 0, 0
71000, 5202, 0, 0, 0
71100, 5075, 0, 0, 0
71200, 5052, 0, 0, 0
71300, 5327, 0, 0, 0
71400, 5288, 0, 0, 0
71500, 5370, 0, 0, 0
71600, 5157, 0, 0, 0
71700, 5370, 0, 0, 0
71800, 5316, 0, 0, 0
71900, 5291, 0, 0, 0
72000, 5388, 0, 0, 0
72100, 5312, 0, 0, 0
72200, 5239, 0, 0, 0
72300, 5255, 0, 0, 0
72400, 5469, 0, 0, 0
72500, 5136, 0, 0, 0
72600, 4837, 0, 0, 0
72700, 5493, 0, 0, 0
72800, 5440, 0, 0, 0
72900, 5482, 0, 0, 0
73000, 5419, 0, 0, 0
73100, 5054, 0, 0, 0
73200, 5367, 0, 0, 0
73300, 5239, 0, 0, 0
73400, 5280, 0, 0, 0
73500, 5306, 0, 0, 0
73600, 5424, 0, 0, 0
73700, 5424, 0, 0, 0
73800, 5256, 0, 0, 0
73900, 5511, 0, 0, 0
74000, 5415, 0, 0, 0
74100, 5407, 0, 0, 0
74200, 5312, 0, 0, 0
74300, 5232, 0, 0, 0
74400, 4952, 0, 0, 0
74500, 5569, 0, 0, 0
74600, 5283, 0, 0, 0
74700, 5541, 0, 0, 0
74800, 5053, 0, 0, 0
74900, 5297, 0, 0, 0
75000, 5169, 0, 0, 0
75100, 5333, 0, 0, 0
75200, 5445, 0, 0, 0
75300, 5100, 0, 0, 0
75400, 5416, 0, 0, 0
75500, 5740, 0, 0, 0
75600, 5193, 0, 0, 0
75700, 5305, 0, 0, 0
75800, 5425, 0, 0, 0
75900, 5088, 0, 0, 0
76000, 5280, 0, 0, 0
76100, 5453, 0, 0, 0
76200, 5078, 0, 0, 0
76300, 5447, 0, 0, 0
76400, 4733, 0, 0, 0
76500, 5344, 0, 0, 0
76600, 5050, 0, 0, 0
76700, 5367, 0, 0, 0
76800, 5572, 0, 0, 0
76900, 5628, 0, 0, 0
77000, 5220, 0, 0, 0
77100, 5664, 0, 0, 0
77200, 5708, 0, 0, 0
77300, 5341, 0, 0, 0
77400, 5211, 0, 0, 0
77500, 5315, 0, 0, 0
77600, 5199, 0, 0, 0
77700, 5483, 0, 0, 0
77800, 5318, 0, 0, 0
77900, 5202, 0, 0, 0
78000, 5374, 0, 0, 0
78100, 5173, 0, 0, 0
78200, 5118, 0, 0, 0
78300, 5483, 0, 0, 0
78400, 5188, 0, 0, 0
78500, 5328, 0, 0, 0
78600, 5116, 0, 0, 0
78700, 5251, 0, 0, 0
78800, 5036, 0, 0, 0
78900, 5203, 0, 0, 0
79000, 5330, 0, 0, 0
79100, 5361, 0, 0, 0
79200, 5522, 0, 0, 0
79300, 5312, 0, 0, 0
79400, 5437, 0, 0, 0
79500, 5343, 0, 0, 0
79600, 5448, 0, 0, 0
79700, 5547, 0, 0, 0
79800, 5485, 0, 0, 0
79900, 5248, 0, 0, 0
80000, 5266, 0, 0, 0
80100, 5346, 0, 0, 0
80200, 5255, 0, 0, 0
80300, 5498, 0, 0, 0
80400, 4841, 0, 0, 0
80500, 5517, 0, 0, 0
80600, 5245, 0, 0, 0
80700, 5278, 0, 0, 0
80800, 5355, 0, 0, 0
80900, 5311, 0, 0, 0
81000, 5495, 0, 0, 0
81100, 5490, 0, 0, 0
81200, 5091, 0, 0, 0
81300, 5089, 0, 0, 0
81400, 5363, 0, 0, 0
81500, 5282, 0, 0, 0
81600, 5206, 0, 0, 0
81700, 5183, 0, 0, 0
81800, 5029, 0, 0, 0
81900, 5181, 0, 0, 0
82000, 5095, 0, 0, 0
82100, 5241, 0, 0, 0
82200, 5030, 0, 0, 0
82300, 5359, 0, 0, 0
82400, 4879, 0, 0, 0
82500, 4906, 0, 0, 0
82600, 5298, 0, 0, 0
82700, 5527, 0, 0, 0
82800, 4893, 0, 0, 0
82900, 5017, 0, 0, 0
83000, 5208, 0, 0, 0
83100, 5424, 0, 0, 0
83200, 5438, 0, 0, 0
83300, 5395, 0, 0, 0
83400, 5314, 0, 0, 0
83500, 5065, 0, 0, 0
83600, 5386, 0, 0, 0
83700, 5502, 0, 0, 0
83800, 5073, 0, 0, 0
83900, 5620, 0, 0, 0
84000, 5100, 0, 0, 0
84100, 5526, 0, 0, 0
84200, 5182, 0, 0, 0
84300, 5214, 0, 0, 0
84400, 5417, 0, 0, 0
84500, 4987, 0, 0, 0
84600, 5351, 0, 0, 0
84700, 4974, 0, 0, 0
84800, 5173, 0, 0, 0
84900, 5576, 0, 0, 0
85000, 5433, 0, 0, 0
85100, 5597, 0, 0, 0
85200, 5346, 0, 0, 0
85300, 5366, 0, 0, 0
85400, 5750, 0, 0, 0
85500, 5194, 0, 0, 0
85600, 5167, 0, 0, 0
85700, 5522, 0, 0, 0
85800, 5202, 0, 0, 0
85900, 5284, 0, 0, 0
86000, 5293, 0, 0, 0
86100, 5035, 0, 0, 0
86200, 5489, 0, 0, 0
86300, 5022, 0, 0, 0
86400, 5457, 0, 0, 0
86500, 5276, 0, 0, 0
86600, 5339, 0, 0, 0
86700, 5370, 0, 0, 0
86800, 5177, 0, 0, 0
86900, 5490, 0, 0, 0
87000, 4839, 0, 0, 0
87100, 5799, 0, 0, 0
87200, 5146, 0, 0, 0
87300, 5325, 0, 0, 0
87400, 5370, 0, 0, 0
87500, 5143, 0, 0, 0
87600, 5269, 0, 0, 0
87700, 5228, 0, 0, 0
87800, 4729, 0, 0, 0
87900, 5477, 0, 0, 0
88000, 5352, 0, 0, 0
88100, 5163, 0, 0, 0
88200, 5664, 0, 0, 0
88300, 5324, 0, 0, 0
88400, 5413, 0, 0, 0
88500, 5136, 0, 0, 0
88600, 5415, 0, 0, 0
88700, 5133, 0, 0, 0
88800, 5351, 0, 0, 0
88900, 4942, 0, 0, 0
89000, 5268, 0, 0, 0
89100, 5003, 0, 0, 0
89200, 5659, 0, 0, 0
89300, 5405, 0, 0, 0
89400, 5420, 0, 0, 0
89500, 5636, 0, 0, 0
89600, 4987, 0, 0, 0
89700, 5372, 0, 0, 0
89800, 5244, 0, 0, 0
89900, 5012, 0, 0, 0
90018, 5142, 0, 0, 0
