100, 414091, 0, 0, 0
200, 407792, 0, 0, 0
300, 412993, 0, 0, 0
400, 408297, 0, 0, 0
500, 409946, 0, 0, 0
600, 410986, 0, 0, 0
700, 405470, 0, 0, 0
800, 401049, 0, 0, 0
900, 412285, 0, 0, 0
1000, 413145, 0, 0, 0
1100, 403536, 0, 0, 0
1200, 406458, 0, 0, 0
1300, 400992, 0, 0, 0
1400, 409302, 0, 0, 0
1500, 415360, 0, 0, 0
1600, 402524, 0, 0, 0
1700, 406586, 0, 0, 0
1800, 408431, 0, 0, 0
1900, 417222, 0, 0, 0
2000, 403170, 0, 0, 0
2100, 396663, 0, 0, 0
2200, 410745, 0, 0, 0
2300, 405357, 0, 0, 0
2400, 402515, 0, 0, 0
2500, 406422, 0, 0, 0
2600, 421077, 0, 0, 0
2700, 407664, 0, 0, 0
2800, 412302, 0, 0, 0
2900, 402343, 0, 0, 0
3000, 403883, 0, 0, 0
3100, 414626, 0, 0, 0
3200, 404197, 0, 0, 0
3300, 410582, 0, 0, 0
3400, 403464, 0, 0, 0
3500, 423675, 0, 0, 0
3600, 402008, 0, 0, 0
3700, 406280, 0, 0, 0
3800, 412403, 0, 0, 0
3900, 403788, 0, 0, 0
4000, 405351, 0, 0, 0
4100, 401323, 0, 0, 0
4200, 398946, 0, 0, 0
4300, 403270, 0, 0, 0
4400, 406112, 0, 0, 0
4500, 411065, 0, 0, 0
4600, 408877, 0, 0, 0
4700, 405621, 0, 0, 0
4800, 410091, 0, 0, 0
4900, 403216, 0, 0, 0
5000, 406116, 0, 0, 0
5100, 400291, 0, 0, 0
5200, 409051, 0, 0, 0
5300, 415575, 0, 0, 0
5400, 410198, 0, 0, 0
5500, 411798, 0, 0, 0
5600, 404133, 0, 0, 0
5700, 403440, 0, 0, 0
5800, 399511, 0, 0, 0
5900, 409807, 0, 0, 0
6000, 410219, 0, 0, 0
6100, 400935, 0, 0, 0
6200, 416715, 0, 0, 0
6300, 405969, 0, 0, 0
6400, 403584, 0, 0, 0
6500, 410512, 0, 0, 0
6600, 408392, 0, 0, 0
6700, 409504, 0, 0, 0
6800, 405558, 0, 0, 0
6900, 400581, 0, 0, 0
7000, 391983, 0, 0, 0
7100, 411138, 0, 0, 0
7200, 407507, 0, 0, 0
7300, 407636, 0, 0, 0
7400, 402479, 0, 0, 0
7500, 401908, 0, 0, 0
7600, 412330, 0, 0, 0
7700, 412132, 0, 0, 0
7800, 405564, 0, 0, 0
7900, 406955, 0, 0, 0
8000, 409153, 0, 0, 0
8100, 409459, 0, 0, 0
8200, 411729, 0, 0, 0
8300, 407632, 0, 0, 0
8400, 410165, 0, 0, 0
8500, 409858, 0, 0, 0
8600, 416247, 0, 0, 0
8700, 404331, 0, 0, 0
8800, 404519, 0, 0, 0
8900, 404373, 0, 0, 0
9000, 412284, 0, 0, 0
9100, 402442, 0, 0, 0
9200, 403779, 0, 0, 0
9300, 409823, 0, 0, 0
9400, 403671, 0, 0, 0
9500, 404384, 0, 0, 0
9600, 405607, 0, 0, 0
9700, 407306, 0, 0, 0
9800, 408058, 0, 0, 0
9900, 412792, 0, 0, 0
10000, 399998, 0, 0, 0
10100, 403826, 0, 0, 0
10200, 409493, 0, 0, 0
10300, 410694, 0, 0, 0
10400, 405939, 0, 0, 0
10500, 412234, 0, 0, 0
10600, 394797, 0, 0, 0
10700, 408936, 0, 0, 0
10800, 404570, 0, 0, 0
10900, 406221, 0, 0, 0
11000, 416786, 0, 0, 0
11100, 408952, 0, 0, 0
11200, 400375, 0, 0, 0
11300, 403883, 0, 0, 0
11400, 411983, 0, 0, 0
11500, 407440, 0, 0, 0
11600, 420078, 0, 0, 0
11700, 415274, 0, 0, 0
11800, 404480, 0, 0, 0
11900, 405046, 0, 0, 0
12000, 402093, 0, 0, 0
12100, 407975, 0, 0, 0
12200, 406645, 0, 0, 0
12300, 408266, 0, 0, 0
12400, 409938, 0, 0, 0
12500, 406764, 0, 0, 0
12600, 403353, 0, 0, 0
12700, 405664, 0, 0, 0
12800, 406171, 0, 0, 0
12900, 406249, 0, 0, 0
13000, 409843, 0, 0, 0
13100, 409903, 0, 0, 0
13200, 409668, 0, 0, 0
13300, 417931, 0, 0, 0
13400, 404387, 0, 0, 0
13500, 412086, 0, 0, 0
13600, 410539, 0, 0, 0
13700, 410610, 0, 0, 0
13800, 411100, 0, 0, 0
13900, 393894, 0, 0, 0
14000, 414294, 0, 0, 0
14100, 402744, 0, 0, 0
14200, 412654, 0, 0, 0
14300, 400673, 0, 0, 0
14400, 407010, 0, 0, 0
14500, 395789, 0, 0, 0
14600, 418546, 0, 0, 0
14700, 415132, 0, 0, 0
14800, 404756, 0, 0, 0
14900, 413935, 0, 0, 0
15000, 411259, 0, 0, 0
15100, 399483, 0, 0, 0
15200, 415951, 0, 0, 0
15300, 416167, 0, 0, 0
15400, 404858, 0, 0, 0
15500, 409684, 0, 0, 0
15600, 404616, 0, 0, 0
15700, 404223, 0, 0, 0
15800, 405166, 0, 0, 0
15900, 403663, 0, 0, 0
16000, 409008, 0, 0, 0
16100, 401792, 0, 0, 0
16200, 418064, 0, 0, 0
16300, 408988, 0, 0, 0
16400, 405728, 0, 0, 0
16500, 404727, 0, 0, 0
16600, 413574, 0, 0, 0
16700, 401866, 0, 0, 0
16800, 414737, 0, 0, 0
16900, 394932, 0, 0, 0
17000, 402142, 0, 0, 0
17100, 400562, 0, 0, 0
17200, 403510, 0, 0, 0
17300, 415361, 0, 0, 0
17400, 404275, 0, 0, 0
17500, 402776, 0, 0, 0
17600, 406529, 0, 0, 0
17700, 407495, 0, 0, 0
17800, 419502, 0, 0, 0
17900, 406514, 0, 0, 0
18000, 399467, 0, 0, 0
18100, 419002, 0, 0, 0
18200, 406966, 0, 0, 0
18300, 418531, 0, 0, 0
18400, 397042, 0, 0, 0
18500, 409784, 0, 0, 0
18600, 408261, 0, 0, 0
18700, 410575, 0, 0, 0
18800, 406927, 0, 0, 0
18900, 403700, 0, 0, 0
19000, 406553, 0, 0, 0
19100, 408565, 0, 0, 0
19200, 408513, 0, 0, 0
19300, 408710, 0, 0, 0
19400, 401699, 0, 0, 0
19500, 400489, 0, 0, 0
19600, 405697, 0, 0, 0
19700, 402609, 0, 0, 0
19800, 408972, 0, 0, 0
19900, 406223, 0, 0, 0
20000, 401535, 0, 0, 0
20100, 411625, 0, 0, 0
20200, 413715, 0, 0, 0
20300, 408923, 0, 0, 0
20400, 400699, 0, 0, 0
20500, 411566, 0, 0, 0
20600, 409153, 0, 0, 0
20700, 404489, 0, 0, 0
20800, 408854, 0, 0, 0
20900, 402658, 0, 0, 0
21000, 410560, 0, 0, 0
21100, 405375, 0, 0, 0
21200, 403846, 0, 0, 0
21300, 403841, 0, 0, 0
21400, 402457, 0, 0, 0
21500, 405691, 0, 0, 0
21600, 407462, 0, 0, 0
21700, 391622, 0, 0, 0
21800, 411340, 0, 0, 0
21900, 407184, 0, 0, 0
22000, 411250, 0, 0, 0
22100, 398612, 0, 0, 0
22200, 407786, 0, 0, 0
22300, 405399, 0, 0, 0
22400, 412809, 0, 0, 0
22500, 403568, 0, 0, 0
22600, 409726, 0, 0, 0
22700, 405653, 0, 0, 0
22800, 402381, 0, 0, 0
22900, 401576, 0, 0, 0
23000, 405010, 0, 0, 0
23100, 404860, 0, 0, 0
23200, 400766, 0, 0, 0
23300, 404409, 0, 0, 0
23400, 402999, 0, 0, 0
23500, 406961, 0, 0, 0
23600, 409828, 0, 0, 0
23700, 410273, 0, 0, 0
23800, 400189, 0, 0, 0
23900, 405860, 0, 0, 0
24000, 404325, 0, 0, 0
24100, 415704, 0, 0, 0
24200, 399696, 0, 0, 0
24300, 410612, 0, 0, 0
24400, 413875, 0, 0, 0
24500, 403947, 0, 0, 0
24600, 415080, 0, 0, 0
24700, 395244, 0, 0, 0
24800, 408223, 0, 0, 0
24900, 400688, 0, 0, 0
25000, 407133, 0, 0, 0
25100, 405503, 0, 0, 0
25200, 400548, 0, 0, 0
25300, 400594, 0, 0, 0
25400, 405461, 0, 0, 0
25500, 410059, 0, 0, 0
25600, 408143, 0, 0, 0
25700, 411711, 0, 0, 0
25800, 403434, 0, 0, 0
25900, 405937, 0, 0, 0
26000, 394596, 0, 0, 0
26100, 408221, 0, 0, 0
26200, 406503, 0, 0, 0
26300, 394231, 0, 0, 0
26400, 402808, 0, 0, 0
26500, 400049, 0, 0, 0
26600, 404098, 0, 0, 0
26700, 402879, 0, 0, 0
26800, 399213, 0, 0, 0
26900, 404416, 0, 0, 0
27000, 411978, 0, 0, 0
27100, 402728, 0, 0, 0
27200, 403938, 0, 0, 0
27300, 414488, 0, 0, 0
27400, 406436, 0, 0, 0
27500, 403238, 0, 0, 0
27600, 413875, 0, 0, 0
27700, 401789, 0, 0, 0
27800, 396980, 0, 0, 0
27900, 400050, 0, 0, 0
28000, 402920, 0, 0, 0
28100, 403935, 0, 0, 0
28200, 392089, 0, 0, 0
28300, 402534, 0, 0, 0
28400, 412921, 0, 0, 0
28500, 408850, 0, 0, 0
28600, 401564, 0, 0, 0
28700, 411528, 0, 0, 0
28800, 395493, 0, 0, 0
28900, 395716, 0, 0, 0
29000, 399712, 0, 0, 0
29100, 406072, 0, 0, 0
29200, 399221, 0, 0, 0
29300, 403932, 0, 0, 0
29400, 406639, 0, 0, 0
29500, 405136, 0, 0, 0
29600, 417716, 0, 0, 0
29700, 405344, 0, 0, 0
29800, 404501, 0, 0, 0
29900, 413230, 0, 0, 0
30000, 411469, 0, 0, 0
30100, 401090, 0, 0, 0
30200, 408583, 0, 0, 0
30300, 398534, 0, 0, 0
30400, 402284, 0, 0, 0
30500, 405139, 0, 0, 0
30600, 408955, 0, 0, 0
30700, 403353, 0, 0, 0
30800, 404661, 0, 0, 0
30900, 405589, 0, 0, 0
31000, 400367, 0, 0, 0
31100, 411817, 0, 0, 0
31200, 394723, 0, 0, 0
31300, 400980, 0, 0, 0
31400, 405578, 0, 0, 0
31500, 404239, 0, 0, 0
31600, 408324, 0, 0, 0
31700, 397293, 0, 0, 0
31800, 401682, 0, 0, 0
31900, 412108, 0, 0, 0
32000, 411507, 0, 0, 0
32100, 399937, 0, 0, 0
32200, 414836, 0, 0, 0
32300, 409445, 0, 0, 0
32400, 391360, 0, 0, 0
32500, 400368, 0, 0, 0
32600, 409767, 0, 0, 0
32700, 404284, 0, 0, 0
32800, 406837, 0, 0, 0
32900, 404427, 0, 0, 0
33000, 402489, 0, 0, 0
33100, 416108, 0, 0, 0
33200, 411991, 0, 0, 0
33300, 394996, 0, 0, 0
33400, 410440, 0, 0, 0
33500, 415027, 0, 0, 0
33600, 404994, 0, 0, 0
33700, 407634, 0, 0, 0
33800, 407376, 0, 0, 0
33900, 410496, 0, 0, 0
34000, 407324, 0, 0, 0
34100, 406803, 0, 0, 0
34200, 394905, 0, 0, 0
34300, 407505, 0, 0, 0
34400, 404753, 0, 0, 0
34500, 392716, 0, 0, 0
34600, 403556, 0, 0, 0
34700, 403624, 0, 0, 0
34800, 396400, 0, 0, 0
34900, 408034, 0, 0, 0
35000, 401398, 0, 0, 0
35100, 398530, 0, 0, 0
35200, 411564, 0, 0, 0
35300, 410149, 0, 0, 0
35400, 403809, 0, 0, 0
35500, 416302, 0, 0, 0
35600, 404082, 0, 0, 0
35700, 412508, 0, 0, 0
35800, 402985, 0, 0, 0
35900, 407931, 0, 0, 0
36000, 402636, 0, 0, 0
36100, 404356, 0, 0, 0
36200, 402287, 0, 0, 0
36300, 407034, 0, 0, 0
36400, 399233, 0, 0, 0
36500, 400662, 0, 0, 0
36600, 415830, 0, 0, 0
36700, 396524, 0, 0, 0
36800, 403675, 0, 0, 0
36900, 401568, 0, 0, 0
37000, 410544, 0, 0, 0
37100, 414402, 0, 0, 0
37200, 403730, 0, 0, 0
37300, 401942, 0, 0, 0
37400, 413813, 0, 0, 0
37500, 407061, 0, 0, 0
37600, 401392, 0, 0, 0
37700, 394115, 0, 0, 0
37800, 406860, 0, 0, 0
37900, 411598, 0, 0, 0
38000, 409800, 0, 0, 0
38100, 401523, 0, 0, 0
38200, 408375, 0, 0, 0
38300, 399618, 0, 0, 0
38400, 400372, 0, 0, 0
38500, 402417, 0, 0, 0
38600, 417598, 0, 0, 0
38700, 397495, 0, 0, 0
38800, 402363, 0, 0, 0
38900, 406613, 0, 0, 0
39000, 409428, 0, 0, 0
39100, 417836, 0, 0, 0
39200, 401864, 0, 0, 0
39300, 391634, 0, 0, 0
39400, 397942, 0, 0, 0
39500, 408783, 0, 0, 0
39600, 405241, 0, 0, 0
39700, 405085, 0, 0, 0
39800, 412113, 0, 0, 0
39900, 397657, 0, 0, 0
40000, 399490, 0, 0, 0
40100, 401914, 0, 0, 0
40200, 406370, 0, 0, 0
40300, 403221, 0, 0, 0
40400, 405194, 0, 0, 0
40500, 404123, 0, 0, 0
40600, 414451, 0, 0, 0
40700, 414052, 0, 0, 0
40800, 401764, 0, 0, 0
40900, 407574, 0, 0, 0
41000, 403734, 0, 0, 0
41100, 409716, 0, 0, 0
41200, 399920, 0, 0, 0
41300, 405665, 0, 0, 0
41400, 412133, 0, 0, 0
41500, 404813, 0, 0, 0
41600, 407302, 0, 0, 0
41700, 410612, 0, 0, 0
41800, 396077, 0, 0, 0
41900, 404618, 0, 0, 0
42000, 399015, 0, 0, 0
42100, 402407, 0, 0, 0
42200, 398395, 0, 0, 0
42300, 401682, 0, 0, 0
42400, 408340, 0, 0, 0
42500, 414269, 0, 0, 0
42600, 407391, 0, 0, 0
42700, 397302, 0, 0, 0
42800, 402742, 0, 0, 0
42900, 407619, 0, 0, 0
43000, 397759, 0, 0, 0
43100, 394942, 0, 0, 0
43200, 402519, 0, 0, 0
43300, 400144, 0, 0, 0
43400, 403102, 0, 0, 0
43500, 404914, 0, 0, 0
43600, 400757, 0, 0, 0
43700, 406014, 0, 0, 0
43800, 408189, 0, 0, 0
43900, 397674, 0, 0, 0
44000, 413286, 0, 0, 0
44100, 399341, 0, 0, 0
44200, 399348, 0, 0, 0
44300, 401028, 0, 0, 0
44400, 396353, 0, 0, 0
44500, 394020, 0, 0, 0
44600, 403512, 0, 0, 0
44700, 400040, 0, 0, 0
44800, 393101, 0, 0, 0
44900, 405645, 0, 0, 0
45000, 399104, 0, 0, 0
45100, 406809, 0, 0, 0
45200, 406327, 0, 0, 0
45300, 398516, 0, 0, 0
45400, 400527, 0, 0, 0
45500, 417824, 0, 0, 0
45600, 409593, 0, 0, 0
45700, 406995, 0, 0, 0
45800, 397979, 0, 0, 0
45900, 397609, 0, 0, 0
46000, 400391, 0, 0, 0
46100, 405165, 0, 0, 0
46200, 403611, 0, 0, 0
46300, 408928, 0, 0, 0
46400, 394409, 0, 0, 0
46500, 414659, 0, 0, 0
46600, 399904, 0, 0, 0
46700, 404102, 0, 0, 0
46800, 409161, 0, 0, 0
46900, 395115, 0, 0, 0
47000, 405602, 0, 0, 0
47100, 405099, 0, 0, 0
47200, 402919, 0, 0, 0
47300, 395328, 0, 0, 0
47400, 402806, 0, 0, 0
47500, 407249, 0, 0, 0
47600, 407870, 0, 0, 0
47700, 407500, 0, 0, 0
47800, 402719, 0, 0, 0
47900, 398858, 0, 0, 0
48000, 408604, 0, 0, 0
48100, 397344, 0, 0, 0
48200, 410830, 0, 0, 0
48300, 401527, 0, 0, 0
48400, 403740, 0, 0, 0
48500, 402057, 0, 0, 0
48600, 408681, 0, 0, 0
48700, 405560, 0, 0, 0
48800, 401356, 0, 0, 0
48900, 401202, 0, 0, 0
49000, 411203, 0, 0, 0
49100, 413455, 0, 0, 0
49200, 397699, 0, 0, 0
49300, 409641, 0, 0, 0
49400, 409902, 0, 0, 0
49500, 399504, 0, 0, 0
49600, 397391, 0, 0, 0
49700, 394884, 0, 0, 0
49800, 408381, 0, 0, 0
49900, 407710, 0, 0, 0
50000, 402384, 0, 0, 0
50100, 397478, 0, 0, 0
50200, 400633, 0, 0, 0
50300, 404967, 0, 0, 0
50400, 393449, 0, 0, 0
50500, 395805, 0, 0, 0
50600, 404365, 0, 0, 0
50700, 409658, 0, 0, 0
50800, 398427, 0, 0, 0
50900, 406979, 0, 0, 0
51000, 407740, 0, 0, 0
51100, 400399, 0, 0, 0
51200, 394746, 0, 0, 0
51300, 399773, 0, 0, 0
51400, 405454, 0, 0, 0
51500, 405633, 0, 0, 0
51600, 398879, 0, 0, 0
51700, 404274, 0, 0, 0
51800, 401665, 0, 0, 0
51900, 402031, 0, 0, 0
52000, 403115, 0, 0, 0
52100, 405439, 0, 0, 0
52200, 404959, 0, 0, 0
52300, 405602, 0, 0, 0
52400, 402387, 0, 0, 0
52500, 403693, 0, 0, 0
52600, 397322, 0, 0, 0
52700, 397839, 0, 0, 0
52800, 399905, 0, 0, 0
52900, 413350, 0, 0, 0
53000, 400563, 0, 0, 0
53100, 395654, 0, 0, 0
53200, 397979, 0, 0, 0
53300, 409575, 0, 0, 0
53400, 406516, 0, 0, 0
53500, 407458, 0, 0, 0
53600, 400708, 0, 0, 0
53700, 398960, 0, 0, 0
53800, 407717, 0, 0, 0
53900, 400479, 0, 0, 0
54000, 396143, 0, 0, 0
54100, 406167, 0, 0, 0
54200, 409853, 0, 0, 0
54300, 401037, 0, 0, 0
54400, 402474, 0, 0, 0
54500, 421332, 0, 0, 0
54600, 408239, 0, 0, 0
54700, 400611, 0, 0, 0
54800, 402005, 0, 0, 0
54900, 404742, 0, 0, 0
55000, 401004, 0, 0, 0
55100, 404477, 0, 0, 0
55200, 403044, 0, 0, 0
55300, 403266, 0, 0, 0
55400, 396621, 0, 0, 0
55500, 393614, 0, 0, 0
55600, 405101, 0, 0, 0
55700, 402716, 0, 0, 0
55800, 402796, 0, 0, 0
55900, 397404, 0, 0, 0
56000, 401893, 0, 0, 0
56100, 398911, 0, 0, 0
56200, 401979, 0, 0, 0
56300, 407494, 0, 0, 0
56400, 402288, 0, 0, 0
56500, 398362, 0, 0, 0
56600, 399665, 0, 0, 0
56700, 400463, 0, 0, 0
56800, 416773, 0, 0, 0
56900, 407153, 0, 0, 0
57000, 409431, 0, 0, 0
57100, 393396, 0, 0, 0
57200, 404633, 0, 0, 0
57300, 394046, 0, 0, 0
57400, 396310, 0, 0, 0
57500, 397167, 0, 0, 0
57600, 399829, 0, 0, 0
57700, 410241, 0, 0, 0
57800, 388589, 0, 0, 0
57900, 405416, 0, 0, 0
58000, 405920, 0, 0, 0
58100, 406541, 0, 0, 0
58200, 395915, 0, 0, 0
58300, 403139, 0, 0, 0
58400, 399051, 0, 0, 0
58500, 397383, 0, 0, 0
58600, 398096, 0, 0, 0
58700, 401611, 0, 0, 0
58800, 399840, 0, 0, 0
58900, 398083, 0, 0, 0
59000, 408392, 0, 0, 0
59100, 397649, 0, 0, 0
59200, 400446, 0, 0, 0
59300, 387013, 0, 0, 0
59400, 413052, 0, 0, 0
59500, 404540, 0, 0, 0
59600, 401689, 0, 0, 0
59700, 411684, 0, 0, 0
59800, 400999, 0, 0, 0
59900, 392672, 0, 0, 0
60000, 398562, 0, 0, 0
60100, 392782, 0, 0, 0
60200, 394752, 0, 0, 0
60300, 403121, 0, 0, 0
60400, 399567, 0, 0, 0
60500, 397740, 0, 0, 0
60600, 404980, 0, 0, 0
60700, 406331, 0, 0, 0
60800, 396009, 0, 0, 0
60900, 400874, 0, 0, 0
61000, 405770, 0, 0, 0
61100, 407301, 0, 0, 0
61200, 399028, 0, 0, 0
61300, 402608, 0, 0, 0
61400, 407609, 0, 0, 0
61500, 399529, 0, 0, 0
61600, 398964, 0, 0, 0
61700, 414479, 0, 0, 0
61800, 400857, 0, 0, 0
61900, 411466, 0, 0, 0
62000, 397766, 0, 0, 0
62100, 396666, 0, 0, 0
62200, 402195, 0, 0, 0
62300, 402581, 0, 0, 0
62400, 400380, 0, 0, 0
62500, 403428, 0, 0, 0
62600, 408537, 0, 0, 0
62700, 403541, 0, 0, 0
62800, 403769, 0, 0, 0
62900, 396268, 0, 0, 0
63000, 397875, 0, 0, 0
63100, 398575, 0, 0, 0
63200, 409692, 0, 0, 0
63300, 398746, 0, 0, 0
63400, 409034, 0, 0, 0
63500, 408193, 0, 0, 0
63600, 403650, 0, 0, 0
63700, 405729, 0, 0, 0
63800, 405610, 0, 0, 0
63900, 412493, 0, 0, 0
64000, 401920, 0, 0, 0
64100, 407658, 0, 0, 0
64200, 396936, 0, 0, 0
64300, 402146, 0, 0, 0
64400, 414247, 0, 0, 0
64500, 408206, 0, 0, 0
64600, 406246, 0, 0, 0
64700, 403678, 0, 0, 0
64800, 397547, 0, 0, 0
64900, 407300, 0, 0, 0
65000, 402655, 0, 0, 0
65100, 396771, 0, 0, 0
65200, 403775, 0, 0, 0
65300, 401543, 0, 0, 0
65400, 406482, 0, 0, 0
65500, 407330, 0, 0, 0
65600, 401503, 0, 0, 0
65700, 399910, 0, 0, 0
65800, 400593, 0, 0, 0
65900, 403793, 0, 0, 0
66000, 408397, 0, 0, 0
66100, 390150, 0, 0, 0
66200, 406946, 0, 0, 0
66300, 395396, 0, 0, 0
66400, 405722, 0, 0, 0
66500, 407243, 0, 0, 0
66600, 398278, 0, 0, 0
66700, 409356, 0, 0, 0
66800, 398786, 0, 0, 0
66900, 403544, 0, 0, 0
67000, 394136, 0, 0, 0
67100, 402047, 0, 0, 0
67200, 415161, 0, 0, 0
67300, 403357, 0, 0, 0
67400, 405069, 0, 0, 0
67500, 397454, 0, 0, 0
67600, 395934, 0, 0, 0
67700, 400863, 0, 0, 0
67800, 404866, 0, 0, 0
67900, 403303, 0, 0, 0
68000, 400720, 0, 0, 0
68100, 399203, 0, 0, 0
68200, 406151, 0, 0, 0
68300, 399662, 0, 0, 0
68400, 397056, 0, 0, 0
68500, 399484, 0, 0, 0
68600, 401465, 0, 0, 0
68700, 401975, 0, 0, 0
68800, 398885, 0, 0, 0
68900, 397603, 0, 0, 0
69000, 402102, 0, 0, 0
69100, 404541, 0, 0, 0
69200, 386650, 0, 0, 0
69300, 402728, 0, 0, 0
69400, 408029, 0, 0, 0
69500, 397489, 0, 0, 0
69600, 396976, 0, 0, 0
69700, 400138, 0, 0, 0
69800, 399630, 0, 0, 0
69900, 395676, 0, 0, 0
70000, 398457, 0, 0, 0
70100, 389630, 0, 0, 0
70200, 411481, 0, 0, 0
70300, 401539, 0, 0, 0
70400, 403247, 0, 0, 0
70500, 394139, 0, 0, 0
70600, 399307, 0, 0, 0
70700, 394334, 0, 0, 0
70800, 405872, 0, 0, 0
70900, 400833, 0, 0, 0
71000, 407568, 0, 0, 0
71100, 389970, 0, 0, 0
71200, 398265, 0, 0, 0
71300, 393085, 0, 0, 0
71400, 393360, 0, 0, 0
71500, 407786, 0, 0, 0
71600, 406647, 0, 0, 0
71700, 394386, 0, 0, 0
71800, 390547, 0, 0, 0
71900, 405945, 0, 0, 0
72000, 402873, 0, 0, 0
72100, 397470, 0, 0, 0
72200, 399288, 0, 0, 0
72300, 405225, 0, 0, 0
72400, 396192, 0, 0, 0
72500, 404121, 0, 0, 0
72600, 396431, 0, 0, 0
72700, 401099, 0, 0, 0
72800, 401559, 0, 0, 0
72900, 387516, 0, 0, 0
73000, 399987, 0, 0, 0
73100, 404686, 0, 0, 0
73200, 400602, 0, 0, 0
73300, 410100, 0, 0, 0
73400, 408729, 0, 0, 0
73500, 400859, 0, 0, 0
73600, 397678, 0, 0, 0
73700, 393541, 0, 0, 0
73800, 397086, 0, 0, 0
73900, 405389, 0, 0, 0
74000, 399930, 0, 0, 0
74100, 396205, 0, 0, 0
74200, 403055, 0, 0, 0
74300, 404450, 0, 0, 0
74400, 398642, 0, 0, 0
74500, 401269, 0, 0, 0
74600, 399464, 0, 0, 0
74700, 406008, 0, 0, 0
74800, 404526, 0, 0, 0
74900, 402790, 0, 0, 0
75000, 401103, 0, 0, 0
75100, 394171, 0, 0, 0
75200, 401015, 0, 0, 0
75300, 405457, 0, 0, 0
75400, 398564, 0, 0, 0
75500, 400034, 0, 0, 0
75600, 398577, 0, 0, 0
75700, 396080, 0, 0, 0
75800, 399473, 0, 0, 0
75900, 401147, 0, 0, 0
76000, 399970, 0, 0, 0
76100, 397613, 0, 0, 0
76200, 402250, 0, 0, 0
76300, 401902, 0, 0, 0
76400, 402031, 0, 0, 0
76500, 410155, 0, 0, 0
76600, 402553, 0, 0, 0
76700, 413218, 0, 0, 0
76800, 407042, 0, 0, 0
76900, 396001, 0, 0, 0
77000, 401255, 0, 0, 0
77100, 402999, 0, 0, 0
77200, 404997, 0, 0, 0
77300, 411783, 0, 0, 0
77400, 403228, 0, 0, 0
77500, 397445, 0, 0, 0
77600, 403064, 0, 0, 0
77700, 409454, 0, 0, 0
77800, 411172, 0, 0, 0
77900, 396327, 0, 0, 0
78000, 403408, 0, 0, 0
78100, 403743, 0, 0, 0
78200, 398712, 0, 0, 0
78300, 402460, 0, 0, 0
78400, 402095, 0, 0, 0
78500, 399625, 0, 0, 0
78600, 405215, 0, 0, 0
78700, 395888, 0, 0, 0
78800, 391333, 0, 0, 0
78900, 405268, 0, 0, 0
79000, 407282, 0, 0, 0
79100, 393862, 0, 0, 0
79200, 404458, 0, 0, 0
79300, 402433, 0, 0, 0
79400, 405351, 0, 0, 0
79500, 390297, 0, 0, 0
79600, 399964, 0, 0, 0
79700, 389338, 0, 0, 0
79800, 396461, 0, 0, 0
79900, 402191, 0, 0, 0
80000, 410922, 0, 0, 0
80100, 404759, 0, 0, 0
80200, 396075, 0, 0, 0
80300, 403490, 0, 0, 0
80400, 408698, 0, 0, 0
80500, 404941, 0, 0, 0
80600, 393536, 0, 0, 0
80700, 399920, 0, 0, 0
80800, 409195, 0, 0, 0
80900, 397159, 0, 0, 0
81000, 397808, 0, 0, 0
81100, 397740, 0, 0, 0
81200, 408703, 0, 0, 0
81300, 398384, 0, 0, 0
81400, 399001, 0, 0, 0
81500, 396565, 0, 0, 0
81600, 404396, 0, 0, 0
81700, 408496, 0, 0, 0
81800, 408550, 0, 0, 0
81900, 394014, 0, 0, 0
82000, 405003, 0, 0, 0
82100, 403926, 0, 0, 0
82200, 404737, 0, 0, 0
82300, 401554, 0, 0, 0
82400, 400172, 0, 0, 0
82500, 393234, 0, 0, 0
82600, 405276, 0, 0, 0
82700, 405275, 0, 0, 0
82800, 406493, 0, 0, 0
82900, 404748, 0, 0, 0
83000, 396320, 0, 0, 0
83100, 398620, 0, 0, 0
83200, 408295, 0, 0, 0
83300, 400449, 0, 0, 0
83400, 404566, 0, 0, 0
83500, 410254, 0, 0, 0
83600, 396339, 0, 0, 0
83700, 390432, 0, 0, 0
83800, 402014, 0, 0, 0
83900, 396704, 0, 0, 0
84000, 407034, 0, 0, 0
84100, 400949, 0, 0, 0
84200, 401131, 0, 0, 0
84300, 392046, 0, 0, 0
84400, 394689, 0, 0, 0
84500, 406649, 0, 0, 0
84600, 407175, 0, 0, 0
84700, 400162, 0, 0, 0
84800, 396040, 0, 0, 0
84900, 403906, 0, 0, 0
85000, 423120, 0, 0, 0
85100, 404385, 0, 0, 0
85200, 406004, 0, 0, 0
85300, 403564, 0, 0, 0
85400, 396145, 0, 0, 0
85500, 407648, 0, 0, 0
85600, 402563, 0, 0, 0
85700, 406284, 0, 0, 0
85800, 405682, 0, 0, 0
85900, 397169, 0, 0, 0
86000, 416875, 0, 0, 0
86100, 406235, 0, 0, 0
86200, 408739, 0, 0, 0
86300, 404345, 0, 0, 0
86400, 403309, 0, 0, 0
86500, 404993, 0, 0, 0
86600, 401233, 0, 0, 0
86700, 401482, 0, 0, 0
86800, 403737, 0, 0, 0
86900, 403932, 0, 0, 0
87000, 392291, 0, 0, 0
87100, 402649, 0, 0, 0
87200, 404454, 0, 0, 0
87300, 394292, 0, 0, 0
87400, 404968, 0, 0, 0
87500, 404556, 0, 0, 0
87600, 391072, 0, 0, 0
87700, 400278, 0, 0, 0
87800, 404695, 0, 0, 0
87900, 404245, 0, 0, 0
88000, 399573, 0, 0, 0
88100, 401287, 0, 0, 0
88200, 409189, 0, 0, 0
88300, 391543, 0, 0, 0
88400, 396861, 0, 0, 0
88500, 397865, 0, 0, 0
88600, 401860, 0, 0, 0
88700, 395434, 0, 0, 0
88800, 401460, 0, 0, 0
88900, 408129, 0, 0, 0
89000, 404350, 0, 0, 0
89100, 411363, 0, 0, 0
89200, 405588, 0, 0, 0
89300, 404853, 0, 0, 0
89400, 409395, 0, 0, 0
89500, 404369, 0, 0, 0
89600, 415093, 0, 0, 0
89700, 406861, 0, 0, 0
89800, 389668, 0, 0, 0
89900, 398766, 0, 0, 0
90000, 393971, 0, 0, 0
90000, 266098, 0, 0, 0
