250, 120, 0, 0, 0
350, 120, 0, 0, 0
450, 120, 0, 0, 0
550, 130, 0, 0, 0
650, 120, 0, 0, 0
749, 131, 0, 0, 0
849, 140, 0, 0, 0
949, 120, 0, 0, 0
1049, 130, 0, 0, 0
1149, 150, 0, 0, 0
1250, 130, 0, 0, 0
1350, 140, 0, 0, 0
1450, 80, 0, 0, 0
1550, 140, 0, 0, 0
1650, 110, 0, 0, 0
1749, 121, 0, 0, 0
1849, 100, 0, 0, 0
1949, 110, 0, 0, 0
2049, 160, 0, 0, 0
2149, 140, 0, 0, 0
2249, 110, 0, 0, 0
2349, 110, 0, 0, 0
2450, 110, 0, 0, 0
2550, 140, 0, 0, 0
2650, 140, 0, 0, 0
2749, 151, 0, 0, 0
2849, 150, 0, 0, 0
2949, 140, 0, 0, 0
3049, 110, 0, 0, 0
3149, 130, 0, 0, 0
3249, 120, 0, 0, 0
3349, 150, 0, 0, 0
3449, 150, 0, 0, 0
3550, 120, 0, 0, 0
3650, 130, 0, 0, 0
3749, 121, 0, 0, 0
3849, 120, 0, 0, 0
3949, 150, 0, 0, 0
4049, 160, 0, 0, 0
4149, 160, 0, 0, 0
4250, 100, 0, 0, 0
4350, 130, 0, 0, 0
4450, 140, 0, 0, 0
4550, 110, 0, 0, 0
4650, 120, 0, 0, 0
4749, 111, 0, 0, 0
4849, 140, 0, 0, 0
4949, 140, 0, 0, 0
5049, 120, 0, 0, 0
5149, 110, 0, 0, 0
5249, 110, 0, 0, 0
5350, 130, 0, 0, 0
5450, 120, 0, 0, 0
5550, 100, 0, 0, 0
5650, 130, 0, 0, 0
5749, 111, 0, 0, 0
5849, 130, 0, 0, 0
5949, 120, 0, 0, 0
6049, 130, 0, 0, 0
6149, 130, 0, 0, 0
6249, 110, 0, 0, 0
6349, 110, 0, 0, 0
6450, 130, 0, 0, 0
6550, 120, 0, 0, 0
6650, 100, 0, 0, 0
6749, 131, 0, 0, 0
6849, 110, 0, 0, 0
6949, 110, 0, 0, 0
7049, 110, 0, 0, 0
7149, 100, 0, 0, 0
7249, 130, 0, 0, 0
7349, 110, 0, 0, 0
7449, 110, 0, 0, 0
7550, 130, 0, 0, 0
7650, 160, 0, 0, 0
7749, 131, 0, 0, 0
7849, 130, 0, 0, 0
7949, 110, 0, 0, 0
8049, 140, 0, 0, 0
8149, 150, 0, 0, 0
8249, 90, 0, 0, 0
8349, 120, 0, 0, 0
8449, 120, 0, 0, 0
8550, 110, 0, 0, 0
8650, 120, 0, 0, 0
8749, 131, 0, 0, 0
8849, 100, 0, 0, 0
8949, 120, 0, 0, 0
9049, 120, 0, 0, 0
9149, 160, 0, 0, 0
9249, 120, 0, 0, 0
9349, 110, 0, 0, 0
9449, 130, 0, 0, 0
9550, 130, 0, 0, 0
9650, 100, 0, 0, 0
9749, 131, 0, 0, 0
9849, 130, 0, 0, 0
9949, 120, 0, 0, 0
10049, 150, 0, 0, 0
10149, 130, 0, 0, 0
10249, 140, 0, 0, 0
10349, 110, 0, 0, 0
10449, 110, 0, 0, 0
10549, 120, 0, 0, 0
10649, 100, 0, 0, 0
10750, 120, 0, 0, 0
10850, 120, 0, 0, 0
10950, 90, 0, 0, 0
11050, 120, 0, 0, 0
11150, 120, 0, 0, 0
11249, 121, 0, 0, 0
11349, 140, 0, 0, 0
11449, 110, 0, 0, 0
11549, 140, 0, 0, 0
11649, 110, 0, 0, 0
11749, 130, 0, 0, 0
11850, 110, 0, 0, 0
11950, 120, 0, 0, 0
12050, 90, 0, 0, 0
12150, 100, 0, 0, 0
12249, 121, 0, 0, 0
12349, 140, 0, 0, 0
12449, 100, 0, 0, 0
12549, 100, 0, 0, 0
12649, 110, 0, 0, 0
12749, 130, 0, 0, 0
12849, 110, 0, 0, 0
12949, 120, 0, 0, 0
13050, 120, 0, 0, 0
13150, 120, 0, 0, 0
13249, 131, 0, 0, 0
13349, 100, 0, 0, 0
13449, 130, 0, 0, 0
13549, 150, 0, 0, 0
13649, 130, 0, 0, 0
13749, 90, 0, 0, 0
13849, 110, 0, 0, 0
13949, 100, 0, 0, 0
14049, 90, 0, 0, 0
14150, 130, 0, 0, 0
14249, 121, 0, 0, 0
14349, 110, 0, 0, 0
14449, 100, 0, 0, 0
14549, 100, 0, 0, 0
14649, 120, 0, 0, 0
14749, 150, 0, 0, 0
14849, 130, 0, 0, 0
14949, 120, 0, 0, 0
15049, 110, 0, 0, 0
15149, 130, 0, 0, 0
15250, 120, 0, 0, 0
15350, 100, 0, 0, 0
15450, 120, 0, 0, 0
15550, 120, 0, 0, 0
15650, 130, 0, 0, 0
15749, 131, 0, 0, 0
15849, 150, 0, 0, 0
15949, 110, 0, 0, 0
16049, 170, 0, 0, 0
16149, 110, 0, 0, 0
16250, 90, 0, 0, 0
16350, 170, 0, 0, 0
16450, 100, 0, 0, 0
16550, 160, 0, 0, 0
16650, 120, 0, 0, 0
16749, 121, 0, 0, 0
16849, 100, 0, 0, 0
16949, 120, 0, 0, 0
17049, 130, 0, 0, 0
17149, 130, 0, 0, 0
17249, 110, 0, 0, 0
17349, 130, 0, 0, 0
17449, 100, 0, 0, 0
17550, 150, 0, 0, 0
17650, 150, 0, 0, 0
17749, 131, 0, 0, 0
17849, 130, 0, 0, 0
17949, 120, 0, 0, 0
18049, 120, 0, 0, 0
18149, 160, 0, 0, 0
18249, 100, 0, 0, 0
18349, 130, 0, 0, 0
18449, 130, 0, 0, 0
18549, 80, 0, 0, 0
18649, 110, 0, 0, 0
18750, 120, 0, 0, 0
18850, 130, 0, 0, 0
18950, 120, 0, 0, 0
19050, 120, 0, 0, 0
19150, 140, 0, 0, 0
19249, 131, 0, 0, 0
19349, 120, 0, 0, 0
19449, 100, 0, 0, 0
19549, 110, 0, 0, 0
19649, 120, 0, 0, 0
19749, 110, 0, 0, 0
19849, 120, 0, 0, 0
19950, 130, 0, 0, 0
20050, 100, 0, 0, 0
20150, 120, 0, 0, 0
20249, 151, 0, 0, 0
20349, 130, 0, 0, 0
20449, 140, 0, 0, 0
20549, 120, 0, 0, 0
20649, 140, 0, 0, 0
20749, 120, 0, 0, 0
20849, 90, 0, 0, 0
20949, 130, 0, 0, 0
21049, 110, 0, 0, 0
21150, 140, 0, 0, 0
21250, 110, 0, 0, 0
21350, 110, 0, 0, 0
21450, 130, 0, 0, 0
21550, 140, 0, 0, 0
21650, 110, 0, 0, 0
21749, 101, 0, 0, 0
21849, 120, 0, 0, 0
21949, 120, 0, 0, 0
22049, 110, 0, 0, 0
22149, 110, 0, 0, 0
22249, 140, 0, 0, 0
22349, 140, 0, 0, 0
22450, 100, 0, 0, 0
22550, 140, 0, 0, 0
22650, 110, 0, 0, 0
22749, 131, 0, 0, 0
22849, 140, 0, 0, 0
22949, 110, 0, 0, 0
23049, 140, 0, 0, 0
23149, 120, 0, 0, 0
23249, 130, 0, 0, 0
23349, 110, 0, 0, 0
23449, 120, 0, 0, 0
23550, 100, 0, 0, 0
23650, 120, 0, 0, 0
23749, 131, 0, 0, 0
23849, 120, 0, 0, 0
23949, 130, 0, 0, 0
24049, 140, 0, 0, 0
24149, 110, 0, 0, 0
24249, 140, 0, 0, 0
24349, 120, 0, 0, 0
24449, 130, 0, 0, 0
24550, 110, 0, 0, 0
24650, 110, 0, 0, 0
24749, 131, 0, 0, 0
24849, 130, 0, 0, 0
24949, 120, 0, 0, 0
25049, 120, 0, 0, 0
25149, 140, 0, 0, 0
25249, 120, 0, 0, 0
25349, 110, 0, 0, 0
25449, 100, 0, 0, 0
25550, 120, 0, 0, 0
25650, 130, 0, 0, 0
25749, 131, 0, 0, 0
25849, 110, 0, 0, 0
25949, 160, 0, 0, 0
26049, 130, 0, 0, 0
26149, 160, 0, 0, 0
26249, 130, 0, 0, 0
26349, 110, 0, 0, 0
26449, 110, 0, 0, 0
26549, 120, 0, 0, 0
26649, 120, 0, 0, 0
26750, 120, 0, 0, 0
26850, 100, 0, 0, 0
26950, 140, 0, 0, 0
27050, 100, 0, 0, 0
27150, 130, 0, 0, 0
27249, 131, 0, 0, 0
27349, 120, 0, 0, 0
27449, 140, 0, 0, 0
27549, 120, 0, 0, 0
27649, 110, 0, 0, 0
27749, 110, 0, 0, 0
27849, 100, 0, 0, 0
27949, 130, 0, 0, 0
28050, 100, 0, 0, 0
28150, 110, 0, 0, 0
28249, 141, 0, 0, 0
28349, 100, 0, 0, 0
28449, 140, 0, 0, 0
28549, 120, 0, 0, 0
28649, 150, 0, 0, 0
28749, 150, 0, 0, 0
28849, 130, 0, 0, 0
28949, 100, 0, 0, 0
29049, 110, 0, 0, 0
29150, 140, 0, 0, 0
29249, 131, 0, 0, 0
29349, 110, 0, 0, 0
29449, 110, 0, 0, 0
29549, 110, 0, 0, 0
29649, 130, 0, 0, 0
29749, 110, 0, 0, 0
29849, 100, 0, 0, 0
29949, 120, 0, 0, 0
30049, 90, 0, 0, 0
30149, 140, 0, 0, 0
30250, 130, 0, 0, 0
30350, 100, 0, 0, 0
30450, 140, 0, 0, 0
30550, 120, 0, 0, 0
30650, 110, 0, 0, 0
30749, 141, 0, 0, 0
30849, 120, 0, 0, 0
30949, 110, 0, 0, 0
31049, 110, 0, 0, 0
31149, 120, 0, 0, 0
31249, 90, 0, 0, 0
31350, 80, 0, 0, 0
31450, 110, 0, 0, 0
31550, 100, 0, 0, 0
31650, 110, 0, 0, 0
31749, 111, 0, 0, 0
31849, 100, 0, 0, 0
31949, 120, 0, 0, 0
32049, 100, 0, 0, 0
32149, 110, 0, 0, 0
32249, 120, 0, 0, 0
32349, 120, 0, 0, 0
32449, 130, 0, 0, 0
32550, 100, 0, 0, 0
32650, 120, 0, 0, 0
32749, 131, 0, 0, 0
32849, 110, 0, 0, 0
32949, 100, 0, 0, 0
33049, 130, 0, 0, 0
33149, 120, 0, 0, 0
33249, 140, 0, 0, 0
33349, 110, 0, 0, 0
33449, 110, 0, 0, 0
33549, 100, 0, 0, 0
33650, 130, 0, 0, 0
33749, 131, 0, 0, 0
33849, 120, 0, 0, 0
33949, 130, 0, 0, 0
34049, 130, 0, 0, 0
34149, 130, 0, 0, 0
34249, 100, 0, 0, 0
34349, 90, 0, 0, 0
34449, 120, 0, 0, 0
34549, 110, 0, 0, 0
34649, 130, 0, 0, 0
34750, 80, 0, 0, 0
34850, 120, 0, 0, 0
34950, 140, 0, 0, 0
35050, 140, 0, 0, 0
35150, 140, 0, 0, 0
35249, 121, 0, 0, 0
35349, 110, 0, 0, 0
35449, 140, 0, 0, 0
35549, 130, 0, 0, 0
35649, 140, 0, 0, 0
35749, 140, 0, 0, 0
35850, 130, 0, 0, 0
35950, 110, 0, 0, 0
36050, 140, 0, 0, 0
36150, 130, 0, 0, 0
36249, 111, 0, 0, 0
36349, 130, 0, 0, 0
36449, 140, 0, 0, 0
36549, 130, 0, 0, 0
36649, 140, 0, 0, 0
36749, 140, 0, 0, 0
36849, 130, 0, 0, 0
36949, 100, 0, 0, 0
37050, 130, 0, 0, 0
37150, 130, 0, 0, 0
37249, 111, 0, 0, 0
37349, 100, 0, 0, 0
37449, 110, 0, 0, 0
37549, 120, 0, 0, 0
37649, 140, 0, 0, 0
37749, 110, 0, 0, 0
37849, 130, 0, 0, 0
37949, 140, 0, 0, 0
38049, 120, 0, 0, 0
38150, 100, 0, 0, 0
38249, 111, 0, 0, 0
38349, 130, 0, 0, 0
38449, 130, 0, 0, 0
38549, 120, 0, 0, 0
38649, 100, 0, 0, 0
38749, 120, 0, 0, 0
38849, 110, 0, 0, 0
38949, 120, 0, 0, 0
39049, 120, 0, 0, 0
39149, 130, 0, 0, 0
39250, 120, 0, 0, 0
39350, 110, 0, 0, 0
39450, 140, 0, 0, 0
39550, 130, 0, 0, 0
39650, 140, 0, 0, 0
39749, 121, 0, 0, 0
39849, 100, 0, 0, 0
39949, 150, 0, 0, 0
40049, 130, 0, 0, 0
40149, 120, 0, 0, 0
40249, 140, 0, 0, 0
40350, 130, 0, 0, 0
40450, 140, 0, 0, 0
40550, 110, 0, 0, 0
40650, 120, 0, 0, 0
40749, 101, 0, 0, 0
40849, 110, 0, 0, 0
40949, 140, 0, 0, 0
41049, 110, 0, 0, 0
41149, 140, 0, 0, 0
41249, 120, 0, 0, 0
41349, 110, 0, 0, 0
41449, 140, 0, 0, 0
41550, 130, 0, 0, 0
41650, 130, 0, 0, 0
41749, 131, 0, 0, 0
41849, 120, 0, 0, 0
41949, 120, 0, 0, 0
42049, 130, 0, 0, 0
42149, 150, 0, 0, 0
42249, 110, 0, 0, 0
42349, 120, 0, 0, 0
42449, 100, 0, 0, 0
42549, 90, 0, 0, 0
42649, 120, 0, 0, 0
42750, 120, 0, 0, 0
42850, 110, 0, 0, 0
42950, 110, 0, 0, 0
43050, 140, 0, 0, 0
43150, 100, 0, 0, 0
43249, 111, 0, 0, 0
43349, 110, 0, 0, 0
43449, 160, 0, 0, 0
43549, 110, 0, 0, 0
43649, 130, 0, 0, 0
43749, 100, 0, 0, 0
43850, 90, 0, 0, 0
43950, 130, 0, 0, 0
44050, 100, 0, 0, 0
44150, 130, 0, 0, 0
44249, 141, 0, 0, 0
44349, 110, 0, 0, 0
44449, 110, 0, 0, 0
44549, 110, 0, 0, 0
44649, 120, 0, 0, 0
44749, 110, 0, 0, 0
44849, 110, 0, 0, 0
44949, 90, 0, 0, 0
45050, 120, 0, 0, 0
45150, 130, 0, 0, 0
45249, 121, 0, 0, 0
45349, 150, 0, 0, 0
45449, 120, 0, 0, 0
45549, 120, 0, 0, 0
45649, 120, 0, 0, 0
45749, 130, 0, 0, 0
45849, 110, 0, 0, 0
45949, 110, 0, 0, 0
46049, 110, 0, 0, 0
46149, 120, 0, 0, 0
46250, 140, 0, 0, 0
46350, 90, 0, 0, 0
46450, 130, 0, 0, 0
46550, 110, 0, 0, 0
46650, 140, 0, 0, 0
46749, 101, 0, 0, 0
46849, 130, 0, 0, 0
46949, 130, 0, 0, 0
47049, 140, 0, 0, 0
47149, 100, 0, 0, 0
47249, 120, 0, 0, 0
47349, 130, 0, 0, 0
47449, 120, 0, 0, 0
47550, 120, 0, 0, 0
47650, 120, 0, 0, 0
47749, 111, 0, 0, 0
47849, 110, 0, 0, 0
47949, 140, 0, 0, 0
48049, 130, 0, 0, 0
48149, 120, 0, 0, 0
48249, 120, 0, 0, 0
48349, 110, 0, 0, 0
48449, 130, 0, 0, 0
48549, 110, 0, 0, 0
48649, 100, 0, 0, 0
48750, 120, 0, 0, 0
48850, 130, 0, 0, 0
48950, 110, 0, 0, 0
49050, 140, 0, 0, 0
49150, 90, 0, 0, 0
49249, 141, 0, 0, 0
49349, 100, 0, 0, 0
49449, 140, 0, 0, 0
49549, 150, 0, 0, 0
49649, 120, 0, 0, 0
49749, 140, 0, 0, 0
49849, 120, 0, 0, 0
49950, 120, 0, 0, 0
50050, 100, 0, 0, 0
50150, 130, 0, 0, 0
50249, 131, 0, 0, 0
50349, 110, 0, 0, 0
50449, 120, 0, 0, 0
50549, 120, 0, 0, 0
50649, 120, 0, 0, 0
50749, 120, 0, 0, 0
50849, 150, 0, 0, 0
50949, 130, 0, 0, 0
51050, 120, 0, 0, 0
51150, 100, 0, 0, 0
51249, 121, 0, 0, 0
51349, 100, 0, 0, 0
51449, 110, 0, 0, 0
51549, 150, 0, 0, 0
51649, 110, 0, 0, 0
51749, 140, 0, 0, 0
51849, 110, 0, 0, 0
51949, 100, 0, 0, 0
52049, 160, 0, 0, 0
52150, 90, 0, 0, 0
52249, 111, 0, 0, 0
52349, 120, 0, 0, 0
52449, 140, 0, 0, 0
52549, 120, 0, 0, 0
52649, 110, 0, 0, 0
52749, 80, 0, 0, 0
52849, 100, 0, 0, 0
52949, 140, 0, 0, 0
53049, 130, 0, 0, 0
53149, 130, 0, 0, 0
53250, 120, 0, 0, 0
53350, 110, 0, 0, 0
53450, 110, 0, 0, 0
53550, 110, 0, 0, 0
53650, 130, 0, 0, 0
53749, 121, 0, 0, 0
53849, 130, 0, 0, 0
53949, 140, 0, 0, 0
54049, 150, 0, 0, 0
54149, 120, 0, 0, 0
54249, 140, 0, 0, 0
54349, 140, 0, 0, 0
54449, 150, 0, 0, 0
54550, 130, 0, 0, 0
54650, 130, 0, 0, 0
54749, 121, 0, 0, 0
54849, 130, 0, 0, 0
54949, 100, 0, 0, 0
55049, 130, 0, 0, 0
55149, 120, 0, 0, 0
55249, 110, 0, 0, 0
55349, 110, 0, 0, 0
55449, 140, 0, 0, 0
55549, 140, 0, 0, 0
55649, 120, 0, 0, 0
55750, 90, 0, 0, 0
55850, 120, 0, 0, 0
55950, 120, 0, 0, 0
56050, 160, 0, 0, 0
56150, 110, 0, 0, 0
56249, 111, 0, 0, 0
56349, 120, 0, 0, 0
56449, 150, 0, 0, 0
56549, 110, 0, 0, 0
56649, 130, 0, 0, 0
56749, 120, 0, 0, 0
56849, 140, 0, 0, 0
56949, 130, 0, 0, 0
57050, 150, 0, 0, 0
57150, 120, 0, 0, 0
57249, 141, 0, 0, 0
57349, 120, 0, 0, 0
57449, 120, 0, 0, 0
57549, 120, 0, 0, 0
57649, 110, 0, 0, 0
57749, 130, 0, 0, 0
57849, 120, 0, 0, 0
57949, 110, 0, 0, 0
58050, 120, 0, 0, 0
58150, 120, 0, 0, 0
58249, 101, 0, 0, 0
58349, 150, 0, 0, 0
58449, 100, 0, 0, 0
58549, 150, 0, 0, 0
58649, 110, 0, 0, 0
58749, 110, 0, 0, 0
58849, 110, 0, 0, 0
58949, 100, 0, 0, 0
59049, 120, 0, 0, 0
59149, 130, 0, 0, 0
59250, 120, 0, 0, 0
59350, 100, 0, 0, 0
59450, 140, 0, 0, 0
59550, 140, 0, 0, 0
59650, 110, 0, 0, 0
59749, 111, 0, 0, 0
59849, 130, 0, 0, 0
59949, 120, 0, 0, 0
