100, 1350966, 0, 0, 0
200, 1396909, 0, 0, 0
300, 1558660, 0, 0, 0
400, 1426030, 0, 0, 0
500, 1279904, 0, 0, 0
600, 1569514, 0, 0, 0
700, 1538522, 0, 0, 0
800, 1540751, 0, 0, 0
900, 1521013, 0, 0, 0
1000, 1486716, 0, 0, 0
1100, 1329493, 0, 0, 0
1200, 1220368, 0, 0, 0
1300, 1485468, 0, 0, 0
1400, 1361635, 0, 0, 0
1500, 1395045, 0, 0, 0
1600, 1214269, 0, 0, 0
1700, 2107723, 0, 0, 0
1800, 1613883, 0, 0, 0
1900, 1435508, 0, 0, 0
2000, 2406015, 0, 0, 0
2100, 1620114, 0, 0, 0
2200, 1132486, 0, 0, 0
2300, 1485230, 0, 0, 0
2400, 1642593, 0, 0, 0
2500, 1544978, 0, 0, 0
2600, 1471231, 0, 0, 0
2700, 1549264, 0, 0, 0
2800, 1354666, 0, 0, 0
2900, 1791790, 0, 0, 0
3000, 1577350, 0, 0, 0
3100, 1210181, 0, 0, 0
3200, 1441049, 0, 0, 0
3300, 1275469, 0, 0, 0
3400, 1230999, 0, 0, 0
3500, 1198660, 0, 0, 0
3600, 1076885, 0, 0, 0
3700, 1212627, 0, 0, 0
3800, 1627433, 0, 0, 0
3900, 1396869, 0, 0, 0
4000, 1245087, 0, 0, 0
4100, 1134402, 0, 0, 0
4200, 1825274, 0, 0, 0
4300, 1348370, 0, 0, 0
4400, 1241993, 0, 0, 0
4500, 1618228, 0, 0, 0
4600, 1336387, 0, 0, 0
4700, 1331146, 0, 0, 0
4800, 1376702, 0, 0, 0
4900, 1708927, 0, 0, 0
5000, 1460495, 0, 0, 0
5100, 2396341, 0, 0, 0
5200, 1384737, 0, 0, 0
5300, 2180147, 0, 0, 0
5400, 1323468, 0, 0, 0
5500, 1186418, 0, 0, 0
5602, 2013629, 0, 0, 0
5700, 1242930, 0, 0, 0
5800, 1139368, 0, 0, 0
5900, 1109496, 0, 0, 0
6000, 3060390, 0, 0, 0
6100, 1529452, 0, 0, 0
6200, 1120347, 0, 0, 0
6300, 1396334, 0, 0, 0
6400, 1287686, 0, 0, 0
6500, 1446341, 0, 0, 0
6600, 1552099, 0, 0, 0
6700, 1179698, 0, 0, 0
6800, 1323418, 0, 0, 0
6900, 1257886, 0, 0, 0
7000, 1264184, 0, 0, 0
7100, 1421878, 0, 0, 0
7200, 1430200, 0, 0, 0
7300, 1333400, 0, 0, 0
7400, 1374346, 0, 0, 0
7500, 1645537, 0, 0, 0
7600, 1204778, 0, 0, 0
7700, 1727463, 0, 0, 0
7800, 1404553, 0, 0, 0
7900, 1032631, 0, 0, 0
8000, 1562578, 0, 0, 0
8100, 1839290, 0, 0, 0
8200, 1415312, 0, 0, 0
8300, 1393250, 0, 0, 0
8400, 1245492, 0, 0, 0
8500, 1635177, 0, 0, 0
8600, 1164321, 0, 0, 0
8700, 1784109, 0, 0, 0
8800, 1483119, 0, 0, 0
8900, 1259531, 0, 0, 0
9000, 1395686, 0, 0, 0
9100, 1251424, 0, 0, 0
9200, 1321623, 0, 0, 0
9300, 2020163, 0, 0, 0
9400, 1585467, 0, 0, 0
9500, 1343825, 0, 0, 0
9600, 2034657, 0, 0, 0
9700, 1923732, 0, 0, 0
9800, 1441369, 0, 0, 0
9900, 1438426, 0, 0, 0
10000, 1279740, 0, 0, 0
10100, 1431217, 0, 0, 0
10200, 1295450, 0, 0, 0
10300, 1178310, 0, 0, 0
10400, 1399207, 0, 0, 0
10500, 1745660, 0, 0, 0
10600, 1440336, 0, 0, 0
10700, 1161788, 0, 0, 0
10800, 1586660, 0, 0, 0
10900, 1688930, 0, 0, 0
11000, 1416615, 0, 0, 0
11100, 2191561, 0, 0, 0
11200, 1623259, 0, 0, 0
11300, 1953273, 0, 0, 0
11400, 1543380, 0, 0, 0
11500, 1549823, 0, 0, 0
11600, 1182459, 0, 0, 0
11700, 1307793, 0, 0, 0
11802, 1535754, 0, 0, 0
11900, 1716663, 0, 0, 0
12000, 1395972, 0, 0, 0
12100, 1536240, 0, 0, 0
12200, 1429411, 0, 0, 0
12300, 1629983, 0, 0, 0
12400, 1519945, 0, 0, 0
12500, 1646622, 0, 0, 0
12600, 1897227, 0, 0, 0
12700, 1204408, 0, 0, 0
12800, 1295883, 0, 0, 0
12900, 1218168, 0, 0, 0
13000, 1976519, 0, 0, 0
13100, 1756392, 0, 0, 0
13200, 1852574, 0, 0, 0
13300, 1419145, 0, 0, 0
13400, 1901436, 0, 0, 0
13500, 1643036, 0, 0, 0
13600, 1109528, 0, 0, 0
13701, 2088536, 0, 0, 0
13800, 1498418, 0, 0, 0
13900, 1307515, 0, 0, 0
14000, 1239087, 0, 0, 0
14100, 1494589, 0, 0, 0
14200, 1423905, 0, 0, 0
14300, 1329000, 0, 0, 0
14400, 1345757, 0, 0, 0
14500, 1974355, 0, 0, 0
14600, 1402143, 0, 0, 0
14700, 1216563, 0, 0, 0
14800, 1791641, 0, 0, 0
14900, 1908290, 0, 0, 0
15000, 1825535, 0, 0, 0
15100, 1537059, 0, 0, 0
15200, 1186223, 0, 0, 0
15300, 1331750, 0, 0, 0
15400, 1173660, 0, 0, 0
15500, 1505400, 0, 0, 0
15600, 1763128, 0, 0, 0
15700, 1289814, 0, 0, 0
15800, 2148218, 0, 0, 0
15900, 1287926, 0, 0, 0
16000, 1336996, 0, 0, 0
16100, 1813573, 0, 0, 0
16200, 2008332, 0, 0, 0
16300, 1615418, 0, 0, 0
16400, 2261885, 0, 0, 0
16500, 1649324, 0, 0, 0
16600, 1206671, 0, 0, 0
16700, 1058992, 0, 0, 0
16800, 1939919, 0, 0, 0
16900, 1249288, 0, 0, 0
17000, 1388549, 0, 0, 0
17100, 1240472, 0, 0, 0
17200, 1374438, 0, 0, 0
17300, 1608373, 0, 0, 0
17400, 1181070, 0, 0, 0
17500, 1265686, 0, 0, 0
17600, 1409215, 0, 0, 0
17700, 1267293, 0, 0, 0
17800, 2016547, 0, 0, 0
17900, 1092978, 0, 0, 0
18000, 1353234, 0, 0, 0
18100, 1566842, 0, 0, 0
18200, 1350415, 0, 0, 0
18300, 1359438, 0, 0, 0
18400, 1677072, 0, 0, 0
18500, 1353386, 0, 0, 0
18600, 1649136, 0, 0, 0
18700, 1334978, 0, 0, 0
18800, 1402520, 0, 0, 0
18900, 1862549, 0, 0, 0
19000, 1095709, 0, 0, 0
19100, 1374620, 0, 0, 0
19200, 1752663, 0, 0, 0
19300, 2023199, 0, 0, 0
19400, 1578557, 0, 0, 0
19500, 1490101, 0, 0, 0
19600, 1590374, 0, 0, 0
19700, 1765386, 0, 0, 0
19800, 1122909, 0, 0, 0
19900, 1448823, 0, 0, 0
20000, 1276643, 0, 0, 0
20100, 1661427, 0, 0, 0
20200, 1657064, 0, 0, 0
20300, 1913516, 0, 0, 0
20400, 1521280, 0, 0, 0
20500, 1587629, 0, 0, 0
20600, 2640617, 0, 0, 0
20700, 1628613, 0, 0, 0
20800, 1583214, 0, 0, 0
20900, 1536991, 0, 0, 0
21000, 1394135, 0, 0, 0
21100, 1428830, 0, 0, 0
21200, 1469541, 0, 0, 0
21300, 1415318, 0, 0, 0
21400, 1772835, 0, 0, 0
21500, 1418624, 0, 0, 0
21600, 2856540, 0, 0, 0
21700, 1470264, 0, 0, 0
21800, 1161077, 0, 0, 0
21900, 1186772, 0, 0, 0
22000, 1554154, 0, 0, 0
22100, 1614041, 0, 0, 0
22200, 1264791, 0, 0, 0
22302, 1470957, 0, 0, 0
22400, 1729600, 0, 0, 0
22500, 1205807, 0, 0, 0
22600, 1205767, 0, 0, 0
22700, 1377272, 0, 0, 0
22800, 1284926, 0, 0, 0
22900, 1347154, 0, 0, 0
23000, 1346063, 0, 0, 0
23100, 1254811, 0, 0, 0
23200, 1611100, 0, 0, 0
23300, 1226975, 0, 0, 0
23400, 1992271, 0, 0, 0
23500, 1315358, 0, 0, 0
23600, 1247087, 0, 0, 0
23700, 1805715, 0, 0, 0
23800, 1390129, 0, 0, 0
23900, 1259866, 0, 0, 0
24000, 1335020, 0, 0, 0
24100, 1374089, 0, 0, 0
24200, 1305997, 0, 0, 0
24300, 1707398, 0, 0, 0
24400, 1339770, 0, 0, 0
24500, 1452319, 0, 0, 0
24600, 1183781, 0, 0, 0
24700, 1241308, 0, 0, 0
24800, 1643976, 0, 0, 0
24900, 1173345, 0, 0, 0
25000, 1415492, 0, 0, 0
25100, 1207216, 0, 0, 0
25201, 1473709, 0, 0, 0
25300, 1571805, 0, 0, 0
25400, 1886245, 0, 0, 0
25500, 1090385, 0, 0, 0
25600, 1422459, 0, 0, 0
25700, 1462299, 0, 0, 0
25800, 1616348, 0, 0, 0
25900, 1305129, 0, 0, 0
26000, 1238563, 0, 0, 0
26100, 1217235, 0, 0, 0
26200, 1226839, 0, 0, 0
26300, 1313099, 0, 0, 0
26400, 1353644, 0, 0, 0
26500, 1248188, 0, 0, 0
26600, 1229956, 0, 0, 0
26700, 1681916, 0, 0, 0
26800, 1526889, 0, 0, 0
26900, 1190678, 0, 0, 0
27000, 1605924, 0, 0, 0
27100, 1178673, 0, 0, 0
27200, 1308035, 0, 0, 0
27300, 1184265, 0, 0, 0
27400, 1462222, 0, 0, 0
27500, 1375492, 0, 0, 0
27600, 1560433, 0, 0, 0
27700, 2824832, 0, 0, 0
27800, 1741404, 0, 0, 0
27900, 2436012, 0, 0, 0
28000, 1625993, 0, 0, 0
28100, 1139693, 0, 0, 0
28200, 1652304, 0, 0, 0
28300, 1287249, 0, 0, 0
28400, 1515749, 0, 0, 0
28500, 1437020, 0, 0, 0
28600, 1493207, 0, 0, 0
28700, 1788140, 0, 0, 0
28800, 2005270, 0, 0, 0
28900, 1478408, 0, 0, 0
29000, 1331752, 0, 0, 0
29100, 1480953, 0, 0, 0
29200, 1160026, 0, 0, 0
29300, 1369104, 0, 0, 0
29400, 1342074, 0, 0, 0
29500, 1555398, 0, 0, 0
29600, 1494188, 0, 0, 0
29700, 1184204, 0, 0, 0
29800, 1438190, 0, 0, 0
29900, 1286331, 0, 0, 0
30000, 1517896, 0, 0, 0
30100, 1446308, 0, 0, 0
30200, 1883381, 0, 0, 0
30300, 1735927, 0, 0, 0
30400, 1192832, 0, 0, 0
30500, 1763382, 0, 0, 0
30600, 1492636, 0, 0, 0
30700, 1720619, 0, 0, 0
30800, 1418568, 0, 0, 0
30900, 1270690, 0, 0, 0
31000, 1619064, 0, 0, 0
31100, 1580811, 0, 0, 0
31200, 1478493, 0, 0, 0
31300, 1593900, 0, 0, 0
31400, 1245090, 0, 0, 0
31500, 1733632, 0, 0, 0
31600, 2010772, 0, 0, 0
31700, 1727040, 0, 0, 0
31800, 1364858, 0, 0, 0
31900, 1181279, 0, 0, 0
32000, 1900739, 0, 0, 0
32100, 1548728, 0, 0, 0
32200, 1522002, 0, 0, 0
32300, 1274786, 0, 0, 0
32400, 1550963, 0, 0, 0
32500, 1262661, 0, 0, 0
32600, 1185291, 0, 0, 0
32700, 1241257, 0, 0, 0
32800, 1226741, 0, 0, 0
32900, 1235407, 0, 0, 0
33000, 1574630, 0, 0, 0
33100, 1061190, 0, 0, 0
33200, 1967019, 0, 0, 0
33300, 1737948, 0, 0, 0
33400, 1318566, 0, 0, 0
33500, 1732311, 0, 0, 0
33600, 1380578, 0, 0, 0
33700, 1291558, 0, 0, 0
33800, 1242879, 0, 0, 0
33900, 1321193, 0, 0, 0
34000, 1325340, 0, 0, 0
34100, 1841431, 0, 0, 0
34200, 1203983, 0, 0, 0
34300, 1587725, 0, 0, 0
34400, 1330182, 0, 0, 0
34500, 1698196, 0, 0, 0
34600, 1583086, 0, 0, 0
34700, 1311840, 0, 0, 0
34800, 1720409, 0, 0, 0
34900, 1203069, 0, 0, 0
35000, 1658279, 0, 0, 0
35100, 1482229, 0, 0, 0
35200, 1200794, 0, 0, 0
35300, 1418888, 0, 0, 0
35400, 1770392, 0, 0, 0
35500, 1341478, 0, 0, 0
35600, 1409020, 0, 0, 0
35700, 1166050, 0, 0, 0
35800, 2080651, 0, 0, 0
35900, 1717038, 0, 0, 0
36000, 1214445, 0, 0, 0
36100, 1423067, 0, 0, 0
36200, 1420496, 0, 0, 0
36300, 2250607, 0, 0, 0
36400, 1083558, 0, 0, 0
36500, 1446961, 0, 0, 0
36600, 1662514, 0, 0, 0
36700, 1452807, 0, 0, 0
36800, 1674012, 0, 0, 0
36900, 1910527, 0, 0, 0
37000, 1538467, 0, 0, 0
37100, 1387182, 0, 0, 0
37200, 1755585, 0, 0, 0
37300, 1258995, 0, 0, 0
37400, 1131721, 0, 0, 0
37500, 1251621, 0, 0, 0
37600, 1261856, 0, 0, 0
37700, 1254781, 0, 0, 0
37800, 1421761, 0, 0, 0
37900, 1219461, 0, 0, 0
38000, 1248664, 0, 0, 0
38100, 1074282, 0, 0, 0
38200, 2089620, 0, 0, 0
38300, 1242321, 0, 0, 0
38400, 1920621, 0, 0, 0
38500, 1362950, 0, 0, 0
38600, 1667534, 0, 0, 0
38700, 1261829, 0, 0, 0
38800, 2556929, 0, 0, 0
38900, 1588434, 0, 0, 0
39000, 1299211, 0, 0, 0
39100, 1320013, 0, 0, 0
39200, 1492309, 0, 0, 0
39300, 1693962, 0, 0, 0
39400, 1307011, 0, 0, 0
39500, 1430242, 0, 0, 0
39600, 1196172, 0, 0, 0
39700, 2266399, 0, 0, 0
39800, 1297549, 0, 0, 0
39900, 1425100, 0, 0, 0
40000, 1500290, 0, 0, 0
40100, 1274119, 0, 0, 0
40200, 1231503, 0, 0, 0
40300, 1307301, 0, 0, 0
40400, 1570249, 0, 0, 0
40500, 1454885, 0, 0, 0
40600, 1494811, 0, 0, 0
40700, 1343461, 0, 0, 0
40801, 1368247, 0, 0, 0
40900, 1678968, 0, 0, 0
41000, 1593997, 0, 0, 0
41100, 1363519, 0, 0, 0
41200, 1434278, 0, 0, 0
41300, 1539191, 0, 0, 0
41400, 1334080, 0, 0, 0
41500, 1567800, 0, 0, 0
41600, 1431042, 0, 0, 0
41700, 1307394, 0, 0, 0
41800, 1444450, 0, 0, 0
41900, 1382471, 0, 0, 0
42000, 1189509, 0, 0, 0
42100, 1375977, 0, 0, 0
42200, 1496875, 0, 0, 0
42300, 1758969, 0, 0, 0
42401, 2397513, 0, 0, 0
42500, 1251501, 0, 0, 0
42600, 1234608, 0, 0, 0
42700, 1360496, 0, 0, 0
42800, 1022466, 0, 0, 0
42900, 1727343, 0, 0, 0
43000, 1375798, 0, 0, 0
43100, 1269699, 0, 0, 0
43200, 1228781, 0, 0, 0
43300, 1232747, 0, 0, 0
43400, 1279333, 0, 0, 0
43500, 1155703, 0, 0, 0
43600, 1721215, 0, 0, 0
43700, 1465379, 0, 0, 0
43800, 1180244, 0, 0, 0
43900, 1066514, 0, 0, 0
44000, 1248060, 0, 0, 0
44100, 1173305, 0, 0, 0
44200, 1455871, 0, 0, 0
44300, 2930389, 0, 0, 0
44400, 1347745, 0, 0, 0
44500, 1171563, 0, 0, 0
44600, 1270969, 0, 0, 0
44700, 1410209, 0, 0, 0
44800, 1092412, 0, 0, 0
44900, 1295642, 0, 0, 0
45000, 1182466, 0, 0, 0
45101, 1421812, 0, 0, 0
45200, 1511729, 0, 0, 0
45300, 1263846, 0, 0, 0
45400, 1452727, 0, 0, 0
45500, 1980045, 0, 0, 0
45600, 1240276, 0, 0, 0
45700, 1167309, 0, 0, 0
45800, 1896442, 0, 0, 0
45900, 1246805, 0, 0, 0
46000, 1445155, 0, 0, 0
46100, 1491824, 0, 0, 0
46200, 1207752, 0, 0, 0
46300, 1502036, 0, 0, 0
46400, 1669792, 0, 0, 0
46500, 1088571, 0, 0, 0
46600, 1241633, 0, 0, 0
46700, 1415063, 0, 0, 0
46800, 1469806, 0, 0, 0
46900, 2590974, 0, 0, 0
47000, 1461301, 0, 0, 0
47100, 1584834, 0, 0, 0
47200, 1249562, 0, 0, 0
47300, 1890245, 0, 0, 0
47400, 1525938, 0, 0, 0
47500, 1295095, 0, 0, 0
47600, 1288330, 0, 0, 0
47700, 1300017, 0, 0, 0
47800, 1245549, 0, 0, 0
47900, 1997006, 0, 0, 0
48000, 1365435, 0, 0, 0
48100, 1612685, 0, 0, 0
48200, 2128817, 0, 0, 0
48300, 2089927, 0, 0, 0
48400, 1459304, 0, 0, 0
48500, 1432468, 0, 0, 0
48600, 1330909, 0, 0, 0
48700, 1261073, 0, 0, 0
48800, 1545054, 0, 0, 0
48900, 1738293, 0, 0, 0
49000, 1676049, 0, 0, 0
49100, 1175960, 0, 0, 0
49200, 1149464, 0, 0, 0
49300, 1481065, 0, 0, 0
49400, 1326497, 0, 0, 0
49500, 1351272, 0, 0, 0
49600, 1288330, 0, 0, 0
49700, 1621036, 0, 0, 0
49800, 1268900, 0, 0, 0
49900, 1104460, 0, 0, 0
50000, 1108919, 0, 0, 0
50100, 1221286, 0, 0, 0
50200, 1187092, 0, 0, 0
50300, 1521423, 0, 0, 0
50400, 1718600, 0, 0, 0
50500, 1070689, 0, 0, 0
50600, 1593701, 0, 0, 0
50700, 1266814, 0, 0, 0
50800, 1492403, 0, 0, 0
50900, 1143928, 0, 0, 0
51000, 1429773, 0, 0, 0
51100, 1362610, 0, 0, 0
51200, 1863899, 0, 0, 0
51300, 1349949, 0, 0, 0
51400, 1337483, 0, 0, 0
51500, 1321742, 0, 0, 0
51600, 1006205, 0, 0, 0
51705, 3491893, 0, 0, 0
51800, 1630416, 0, 0, 0
51900, 1191086, 0, 0, 0
52000, 2926778, 0, 0, 0
52100, 1364581, 0, 0, 0
52200, 1230289, 0, 0, 0
52300, 1394641, 0, 0, 0
52400, 2007201, 0, 0, 0
52500, 1325105, 0, 0, 0
52600, 1783485, 0, 0, 0
52700, 1486716, 0, 0, 0
52800, 1439945, 0, 0, 0
52900, 1066825, 0, 0, 0
53000, 1162080, 0, 0, 0
53100, 1441836, 0, 0, 0
53200, 1056122, 0, 0, 0
53300, 1400973, 0, 0, 0
53400, 1573564, 0, 0, 0
53500, 1359474, 0, 0, 0
53600, 1023432, 0, 0, 0
53700, 1371676, 0, 0, 0
53800, 1314185, 0, 0, 0
53900, 1572260, 0, 0, 0
54000, 2172926, 0, 0, 0
54100, 1251895, 0, 0, 0
54200, 1274933, 0, 0, 0
54300, 927786, 0, 0, 0
54400, 1301890, 0, 0, 0
54500, 1420707, 0, 0, 0
54600, 1784321, 0, 0, 0
54700, 1579949, 0, 0, 0
54800, 1178059, 0, 0, 0
54900, 1134142, 0, 0, 0
55000, 1252066, 0, 0, 0
55100, 1083146, 0, 0, 0
55200, 1435967, 0, 0, 0
55300, 1589480, 0, 0, 0
55400, 1689332, 0, 0, 0
55500, 1098104, 0, 0, 0
55600, 1094999, 0, 0, 0
55700, 1292604, 0, 0, 0
55800, 1584025, 0, 0, 0
55900, 1424894, 0, 0, 0
56000, 1628134, 0, 0, 0
56100, 1988818, 0, 0, 0
56200, 1255944, 0, 0, 0
56300, 1227975, 0, 0, 0
56400, 1580167, 0, 0, 0
56500, 1347131, 0, 0, 0
56600, 1081405, 0, 0, 0
56700, 1174600, 0, 0, 0
56800, 1834181, 0, 0, 0
56900, 1262412, 0, 0, 0
57000, 1222455, 0, 0, 0
57100, 1348408, 0, 0, 0
57200, 1271114, 0, 0, 0
57300, 1192499, 0, 0, 0
57400, 2128613, 0, 0, 0
57500, 1380801, 0, 0, 0
57600, 1182235, 0, 0, 0
57700, 1670374, 0, 0, 0
57800, 2015951, 0, 0, 0
57900, 1518148, 0, 0, 0
58000, 2209691, 0, 0, 0
58100, 1093475, 0, 0, 0
58200, 1181172, 0, 0, 0
58300, 1161223, 0, 0, 0
58400, 1479955, 0, 0, 0
58500, 1749745, 0, 0, 0
58600, 2433877, 0, 0, 0
58701, 1252772, 0, 0, 0
58800, 2395273, 0, 0, 0
58900, 1705715, 0, 0, 0
59000, 1326050, 0, 0, 0
59100, 1322128, 0, 0, 0
59200, 1863429, 0, 0, 0
59300, 1474299, 0, 0, 0
59400, 1313961, 0, 0, 0
59500, 1481203, 0, 0, 0
59600, 1054282, 0, 0, 0
59700, 1226612, 0, 0, 0
59800, 1061511, 0, 0, 0
59900, 1416044, 0, 0, 0
60000, 1199507, 0, 0, 0
60100, 1865094, 0, 0, 0
60200, 1275086, 0, 0, 0
60300, 1295690, 0, 0, 0
60400, 1302825, 0, 0, 0
60500, 1128871, 0, 0, 0
60600, 1877764, 0, 0, 0
60700, 2053387, 0, 0, 0
60800, 1448447, 0, 0, 0
60900, 1222974, 0, 0, 0
61000, 2333301, 0, 0, 0
61100, 1767340, 0, 0, 0
61200, 1299376, 0, 0, 0
61300, 1188209, 0, 0, 0
61400, 1167500, 0, 0, 0
61500, 1236780, 0, 0, 0
61600, 1486058, 0, 0, 0
61700, 1430562, 0, 0, 0
61800, 1756265, 0, 0, 0
61900, 1223480, 0, 0, 0
62000, 1116460, 0, 0, 0
62100, 1264364, 0, 0, 0
62200, 1234701, 0, 0, 0
62300, 1147489, 0, 0, 0
62400, 1834028, 0, 0, 0
62500, 1833953, 0, 0, 0
62600, 1195561, 0, 0, 0
62700, 1601286, 0, 0, 0
62800, 1440869, 0, 0, 0
62900, 1346401, 0, 0, 0
63000, 1169131, 0, 0, 0
63100, 1317749, 0, 0, 0
63200, 1317534, 0, 0, 0
63300, 1726927, 0, 0, 0
63400, 1198963, 0, 0, 0
63500, 1195185, 0, 0, 0
63600, 1568795, 0, 0, 0
63700, 1572685, 0, 0, 0
63800, 1194414, 0, 0, 0
63900, 1762672, 0, 0, 0
64000, 1219604, 0, 0, 0
64100, 1160815, 0, 0, 0
64200, 1368293, 0, 0, 0
64300, 1106409, 0, 0, 0
64400, 1328365, 0, 0, 0
64500, 1720903, 0, 0, 0
64600, 1225199, 0, 0, 0
64700, 1428939, 0, 0, 0
64800, 1803025, 0, 0, 0
64900, 1497563, 0, 0, 0
65000, 1208592, 0, 0, 0
65100, 1595154, 0, 0, 0
65200, 1373446, 0, 0, 0
65300, 1171182, 0, 0, 0
65402, 1107639, 0, 0, 0
65500, 1345308, 0, 0, 0
65600, 1515751, 0, 0, 0
65700, 1473413, 0, 0, 0
65800, 2385483, 0, 0, 0
65900, 1181174, 0, 0, 0
66000, 1552393, 0, 0, 0
66100, 2167074, 0, 0, 0
66200, 1586537, 0, 0, 0
66300, 1150747, 0, 0, 0
66400, 1246125, 0, 0, 0
66500, 1975105, 0, 0, 0
66600, 2007140, 0, 0, 0
66700, 1462698, 0, 0, 0
66800, 1533245, 0, 0, 0
66900, 1442375, 0, 0, 0
67000, 1633470, 0, 0, 0
67100, 1452072, 0, 0, 0
67200, 1136586, 0, 0, 0
67300, 1391631, 0, 0, 0
67400, 1194892, 0, 0, 0
67500, 1271466, 0, 0, 0
67600, 1222281, 0, 0, 0
67700, 1236500, 0, 0, 0
67800, 2158132, 0, 0, 0
67900, 1259704, 0, 0, 0
68000, 1287894, 0, 0, 0
68100, 1293974, 0, 0, 0
68200, 1034108, 0, 0, 0
68300, 1141875, 0, 0, 0
68400, 1094256, 0, 0, 0
68500, 1486284, 0, 0, 0
68600, 1319695, 0, 0, 0
68700, 1404505, 0, 0, 0
68800, 1547259, 0, 0, 0
68900, 1121129, 0, 0, 0
69000, 1336548, 0, 0, 0
69100, 1570188, 0, 0, 0
69200, 1844171, 0, 0, 0
69300, 1191783, 0, 0, 0
69400, 1334682, 0, 0, 0
69500, 1221353, 0, 0, 0
69600, 1355016, 0, 0, 0
69700, 1118123, 0, 0, 0
69800, 1303512, 0, 0, 0
69900, 1501099, 0, 0, 0
70000, 1296886, 0, 0, 0
70100, 1362256, 0, 0, 0
70200, 1525601, 0, 0, 0
70300, 1436097, 0, 0, 0
70400, 2227099, 0, 0, 0
70500, 1364985, 0, 0, 0
70600, 1426199, 0, 0, 0
70700, 1677804, 0, 0, 0
70800, 1748500, 0, 0, 0
70900, 1142168, 0, 0, 0
71000, 1597400, 0, 0, 0
71100, 1708174, 0, 0, 0
71200, 1839965, 0, 0, 0
71300, 1357095, 0, 0, 0
71400, 1453114, 0, 0, 0
71500, 1084507, 0, 0, 0
71600, 1433174, 0, 0, 0
71700, 1355735, 0, 0, 0
71800, 1222245, 0, 0, 0
71900, 1968193, 0, 0, 0
72000, 1331929, 0, 0, 0
72100, 1623394, 0, 0, 0
72200, 1138705, 0, 0, 0
72300, 1655496, 0, 0, 0
72400, 1325497, 0, 0, 0
72500, 1263351, 0, 0, 0
72600, 1406023, 0, 0, 0
72700, 1459776, 0, 0, 0
72800, 1471423, 0, 0, 0
72900, 1170324, 0, 0, 0
73000, 1577858, 0, 0, 0
73100, 1779343, 0, 0, 0
73200, 1502217, 0, 0, 0
73300, 1630884, 0, 0, 0
73400, 1514346, 0, 0, 0
73500, 1338299, 0, 0, 0
73600, 1444964, 0, 0, 0
73700, 1606922, 0, 0, 0
73800, 1530609, 0, 0, 0
73900, 1273639, 0, 0, 0
74000, 1233115, 0, 0, 0
74100, 1719599, 0, 0, 0
74200, 1935877, 0, 0, 0
74300, 1516167, 0, 0, 0
74400, 1564610, 0, 0, 0
74500, 1428588, 0, 0, 0
74600, 1728590, 0, 0, 0
74700, 1288211, 0, 0, 0
74800, 1336427, 0, 0, 0
74900, 1639867, 0, 0, 0
75000, 1352628, 0, 0, 0
75100, 1580723, 0, 0, 0
75200, 2081163, 0, 0, 0
75300, 1758998, 0, 0, 0
75400, 1474935, 0, 0, 0
75500, 1289896, 0, 0, 0
75600, 1236737, 0, 0, 0
75700, 1449324, 0, 0, 0
75800, 1319204, 0, 0, 0
75900, 1327711, 0, 0, 0
76000, 1792485, 0, 0, 0
76100, 1522849, 0, 0, 0
76200, 1295675, 0, 0, 0
76300, 1319155, 0, 0, 0
76400, 1658977, 0, 0, 0
76500, 1484389, 0, 0, 0
76600, 1333529, 0, 0, 0
76700, 1558091, 0, 0, 0
76800, 1189202, 0, 0, 0
76900, 1819749, 0, 0, 0
77000, 2000650, 0, 0, 0
77100, 1797295, 0, 0, 0
77200, 1575509, 0, 0, 0
77300, 1296535, 0, 0, 0
77400, 1604478, 0, 0, 0
77500, 1579519, 0, 0, 0
77600, 1352816, 0, 0, 0
77700, 1439476, 0, 0, 0
77800, 1352769, 0, 0, 0
77900, 1602387, 0, 0, 0
78000, 1287091, 0, 0, 0
78100, 2363065, 0, 0, 0
78200, 1482829, 0, 0, 0
78301, 1312742, 0, 0, 0
78400, 1879111, 0, 0, 0
78500, 1105191, 0, 0, 0
78600, 1364649, 0, 0, 0
78700, 1318512, 0, 0, 0
78800, 2166311, 0, 0, 0
78900, 1217044, 0, 0, 0
79000, 1548681, 0, 0, 0
79100, 1821929, 0, 0, 0
79200, 1746031, 0, 0, 0
79300, 1296164, 0, 0, 0
79400, 1418784, 0, 0, 0
79500, 1371443, 0, 0, 0
79600, 1352336, 0, 0, 0
79700, 1415496, 0, 0, 0
79800, 1441277, 0, 0, 0
79900, 1203389, 0, 0, 0
80000, 1255766, 0, 0, 0
80100, 1711947, 0, 0, 0
80200, 2074479, 0, 0, 0
80300, 1211505, 0, 0, 0
80400, 1280123, 0, 0, 0
80500, 1501599, 0, 0, 0
80600, 1591846, 0, 0, 0
80700, 1653370, 0, 0, 0
80800, 1497109, 0, 0, 0
80900, 2022831, 0, 0, 0
81000, 1366603, 0, 0, 0
81100, 1790511, 0, 0, 0
81200, 1263339, 0, 0, 0
81300, 1346386, 0, 0, 0
81400, 1252406, 0, 0, 0
81500, 1219371, 0, 0, 0
81600, 1367360, 0, 0, 0
81700, 1275344, 0, 0, 0
81800, 1543165, 0, 0, 0
81900, 1264578, 0, 0, 0
82000, 1254670, 0, 0, 0
82100, 1213556, 0, 0, 0
82200, 1514187, 0, 0, 0
82300, 1220857, 0, 0, 0
82400, 1203801, 0, 0, 0
82500, 1524386, 0, 0, 0
82600, 1352352, 0, 0, 0
82700, 2201848, 0, 0, 0
82800, 1255920, 0, 0, 0
82900, 1401631, 0, 0, 0
83000, 1821747, 0, 0, 0
83100, 1284195, 0, 0, 0
83200, 1542400, 0, 0, 0
83300, 1485760, 0, 0, 0
83400, 1436088, 0, 0, 0
83500, 1290451, 0, 0, 0
83600, 1359009, 0, 0, 0
83700, 1337406, 0, 0, 0
83800, 1155102, 0, 0, 0
83900, 1565606, 0, 0, 0
84000, 1130501, 0, 0, 0
84100, 1365995, 0, 0, 0
84200, 1105536, 0, 0, 0
84300, 1875443, 0, 0, 0
84400, 1676111, 0, 0, 0
84500, 2017446, 0, 0, 0
84600, 1337123, 0, 0, 0
84700, 1223872, 0, 0, 0
84800, 1413233, 0, 0, 0
84900, 1813637, 0, 0, 0
85000, 1186518, 0, 0, 0
85100, 1567374, 0, 0, 0
85200, 1556092, 0, 0, 0
85300, 1322100, 0, 0, 0
85400, 1526182, 0, 0, 0
85500, 1071670, 0, 0, 0
85600, 1820227, 0, 0, 0
85700, 1624334, 0, 0, 0
85800, 1763168, 0, 0, 0
85900, 1302369, 0, 0, 0
86000, 1250340, 0, 0, 0
86100, 1712489, 0, 0, 0
86200, 1180207, 0, 0, 0
86300, 1336737, 0, 0, 0
86400, 1414624, 0, 0, 0
86500, 1201988, 0, 0, 0
86600, 1325935, 0, 0, 0
86700, 1257907, 0, 0, 0
86800, 1081322, 0, 0, 0
86900, 1178956, 0, 0, 0
87000, 1614495, 0, 0, 0
87100, 1552219, 0, 0, 0
87200, 1942127, 0, 0, 0
87300, 1728149, 0, 0, 0
87400, 1301002, 0, 0, 0
87500, 1625940, 0, 0, 0
87600, 1185300, 0, 0, 0
87700, 1602829, 0, 0, 0
87800, 1209526, 0, 0, 0
87900, 1639346, 0, 0, 0
88000, 1176418, 0, 0, 0
88100, 1399919, 0, 0, 0
88200, 1824003, 0, 0, 0
88300, 1350818, 0, 0, 0
88400, 2069074, 0, 0, 0
88500, 1957375, 0, 0, 0
88600, 1134497, 0, 0, 0
88700, 1506340, 0, 0, 0
88800, 1871728, 0, 0, 0
88900, 1415688, 0, 0, 0
89000, 1181280, 0, 0, 0
89100, 1103029, 0, 0, 0
89200, 1497788, 0, 0, 0
89300, 1310126, 0, 0, 0
89400, 1407738, 0, 0, 0
89500, 2104626, 0, 0, 0
89600, 1410788, 0, 0, 0
89700, 1184833, 0, 0, 0
89800, 1352131, 0, 0, 0
89900, 1179121, 0, 0, 0
90000, 1458188, 0, 0, 0
90000, 1423050, 0, 0, 0
