101, 6100, 0, 0, 0
200, 5334, 0, 0, 0
300, 5629, 0, 0, 0
400, 5721, 0, 0, 0
500, 5629, 0, 0, 0
600, 5792, 0, 0, 0
702, 5351, 0, 0, 0
800, 6020, 0, 0, 0
902, 5643, 0, 0, 0
1000, 5600, 0, 0, 0
1101, 5625, 0, 0, 0
1201, 5454, 0, 0, 0
1301, 6178, 0, 0, 0
1400, 5651, 0, 0, 0
1501, 5485, 0, 0, 0
1600, 5869, 0, 0, 0
1700, 5686, 0, 0, 0
1801, 5570, 0, 0, 0
1900, 5135, 0, 0, 0
2000, 5396, 0, 0, 0
2101, 5678, 0, 0, 0
2200, 5611, 0, 0, 0
2300, 5946, 0, 0, 0
2400, 5775, 0, 0, 0
2500, 5620, 0, 0, 0
2600, 5682, 0, 0, 0
2700, 5608, 0, 0, 0
2803, 5565, 0, 0, 0
2901, 6024, 0, 0, 0
3000, 5757, 0, 0, 0
3100, 5793, 0, 0, 0
3200, 5738, 0, 0, 0
3300, 5506, 0, 0, 0
3401, 6113, 0, 0, 0
3501, 5361, 0, 0, 0
3601, 5413, 0, 0, 0
3700, 5135, 0, 0, 0
3800, 5455, 0, 0, 0
3901, 5585, 0, 0, 0
4002, 5299, 0, 0, 0
4101, 5479, 0, 0, 0
4201, 5996, 0, 0, 0
4300, 5667, 0, 0, 0
4401, 5570, 0, 0, 0
4500, 6022, 0, 0, 0
4600, 5369, 0, 0, 0
4700, 5311, 0, 0, 0
4800, 5754, 0, 0, 0
4900, 5686, 0, 0, 0
5000, 5600, 0, 0, 0
5101, 5671, 0, 0, 0
5200, 5661, 0, 0, 0
5300, 5418, 0, 0, 0
5400, 4832, 0, 0, 0
5500, 4828, 0, 0, 0
5600, 4560, 0, 0, 0
5700, 5660, 0, 0, 0
5801, 5937, 0, 0, 0
5900, 5390, 0, 0, 0
6002, 5788, 0, 0, 0
6101, 5507, 0, 0, 0
6201, 5830, 0, 0, 0
6300, 5869, 0, 0, 0
6400, 6101, 0, 0, 0
6502, 6149, 0, 0, 0
6600, 5534, 0, 0, 0
6700, 5515, 0, 0, 0
6801, 5627, 0, 0, 0
6900, 6023, 0, 0, 0
7000, 6101, 0, 0, 0
7101, 6185, 0, 0, 0
7201, 5581, 0, 0, 0
7300, 5453, 0, 0, 0
7400, 5621, 0, 0, 0
7500, 5693, 0, 0, 0
7600, 5878, 0, 0, 0
7700, 5820, 0, 0, 0
7800, 5560, 0, 0, 0
7900, 5966, 0, 0, 0
8000, 5449, 0, 0, 0
8101, 5842, 0, 0, 0
8201, 5560, 0, 0, 0
8301, 5764, 0, 0, 0
8400, 5998, 0, 0, 0
8500, 5739, 0, 0, 0
8600, 5859, 0, 0, 0
8700, 5969, 0, 0, 0
8800, 5665, 0, 0, 0
8900, 5663, 0, 0, 0
9000, 5507, 0, 0, 0
9100, 5881, 0, 0, 0
9200, 5805, 0, 0, 0
9302, 5444, 0, 0, 0
9402, 5373, 0, 0, 0
9503, 5886, 0, 0, 0
9600, 5935, 0, 0, 0
9700, 5552, 0, 0, 0
9800, 5888, 0, 0, 0
9900, 5320, 0, 0, 0
10000, 5887, 0, 0, 0
10101, 5415, 0, 0, 0
10201, 5531, 0, 0, 0
10300, 5618, 0, 0, 0
10400, 5484, 0, 0, 0
10502, 6544, 0, 0, 0
10601, 5357, 0, 0, 0
10700, 5836, 0, 0, 0
10800, 5864, 0, 0, 0
10900, 6003, 0, 0, 0
11001, 5518, 0, 0, 0
11101, 5654, 0, 0, 0
11200, 5603, 0, 0, 0
11303, 5611, 0, 0, 0
11401, 5767, 0, 0, 0
11502, 5545, 0, 0, 0
11600, 5323, 0, 0, 0
11700, 5612, 0, 0, 0
11801, 6099, 0, 0, 0
11900, 5905, 0, 0, 0
12000, 5484, 0, 0, 0
12100, 5560, 0, 0, 0
12202, 5673, 0, 0, 0
12300, 5547, 0, 0, 0
12400, 5468, 0, 0, 0
12500, 5399, 0, 0, 0
12600, 5673, 0, 0, 0
12700, 5579, 0, 0, 0
12800, 5599, 0, 0, 0
12900, 5606, 0, 0, 0
13001, 6271, 0, 0, 0
13100, 5740, 0, 0, 0
13200, 5786, 0, 0, 0
13301, 5457, 0, 0, 0
13400, 5412, 0, 0, 0
13500, 5862, 0, 0, 0
13600, 5472, 0, 0, 0
13700, 5650, 0, 0, 0
13801, 5371, 0, 0, 0
13900, 5543, 0, 0, 0
14000, 5436, 0, 0, 0
14100, 5664, 0, 0, 0
14201, 5717, 0, 0, 0
14300, 5622, 0, 0, 0
14403, 5612, 0, 0, 0
14500, 5433, 0, 0, 0
14600, 6046, 0, 0, 0
14700, 5802, 0, 0, 0
14800, 5497, 0, 0, 0
14900, 5628, 0, 0, 0
15002, 5576, 0, 0, 0
15101, 5648, 0, 0, 0
15200, 5937, 0, 0, 0
15301, 5585, 0, 0, 0
15400, 5842, 0, 0, 0
15500, 5699, 0, 0, 0
15602, 6150, 0, 0, 0
15701, 5811, 0, 0, 0
15800, 5479, 0, 0, 0
15901, 5550, 0, 0, 0
16000, 5561, 0, 0, 0
16100, 5849, 0, 0, 0
16200, 5779, 0, 0, 0
16300, 5952, 0, 0, 0
16400, 5773, 0, 0, 0
16500, 5894, 0, 0, 0
16600, 5789, 0, 0, 0
16701, 6172, 0, 0, 0
16800, 5324, 0, 0, 0
16901, 5927, 0, 0, 0
17001, 5577, 0, 0, 0
17100, 5853, 0, 0, 0
17200, 5957, 0, 0, 0
17300, 5795, 0, 0, 0
17401, 5712, 0, 0, 0
17500, 5486, 0, 0, 0
17600, 5516, 0, 0, 0
17701, 5869, 0, 0, 0
17800, 5695, 0, 0, 0
17900, 5121, 0, 0, 0
18000, 5416, 0, 0, 0
18100, 5721, 0, 0, 0
18200, 5523, 0, 0, 0
18300, 5683, 0, 0, 0
18401, 5858, 0, 0, 0
18500, 5453, 0, 0, 0
18601, 5653, 0, 0, 0
18700, 5480, 0, 0, 0
18800, 5640, 0, 0, 0
18901, 5841, 0, 0, 0
19000, 5804, 0, 0, 0
19100, 5541, 0, 0, 0
19200, 5818, 0, 0, 0
19300, 5434, 0, 0, 0
19400, 5553, 0, 0, 0
19501, 5554, 0, 0, 0
19600, 5434, 0, 0, 0
19700, 5513, 0, 0, 0
19801, 5812, 0, 0, 0
19900, 5827, 0, 0, 0
20000, 5897, 0, 0, 0
20100, 5962, 0, 0, 0
20204, 5854, 0, 0, 0
20300, 5804, 0, 0, 0
20400, 5521, 0, 0, 0
20500, 5185, 0, 0, 0
20600, 5305, 0, 0, 0
20700, 5610, 0, 0, 0
20800, 5300, 0, 0, 0
20901, 5535, 0, 0, 0
21000, 5240, 0, 0, 0
21101, 5605, 0, 0, 0
21200, 5461, 0, 0, 0
21300, 5481, 0, 0, 0
21401, 5622, 0, 0, 0
21502, 5504, 0, 0, 0
21600, 5365, 0, 0, 0
21700, 6038, 0, 0, 0
21801, 5899, 0, 0, 0
21902, 5931, 0, 0, 0
22000, 5646, 0, 0, 0
22101, 5779, 0, 0, 0
22200, 6039, 0, 0, 0
22300, 5571, 0, 0, 0
22401, 5191, 0, 0, 0
22500, 5745, 0, 0, 0
22600, 5634, 0, 0, 0
22700, 5324, 0, 0, 0
22800, 5592, 0, 0, 0
22900, 5506, 0, 0, 0
23001, 5287, 0, 0, 0
23100, 5358, 0, 0, 0
23201, 5699, 0, 0, 0
23300, 6100, 0, 0, 0
23400, 5797, 0, 0, 0
23500, 5993, 0, 0, 0
23600, 5868, 0, 0, 0
23700, 6050, 0, 0, 0
23801, 5879, 0, 0, 0
23902, 5615, 0, 0, 0
24001, 5257, 0, 0, 0
24100, 5394, 0, 0, 0
24200, 5457, 0, 0, 0
24300, 5587, 0, 0, 0
24400, 5298, 0, 0, 0
24500, 5500, 0, 0, 0
24600, 5482, 0, 0, 0
24700, 5616, 0, 0, 0
24801, 5623, 0, 0, 0
24900, 5596, 0, 0, 0
25001, 5395, 0, 0, 0
25100, 5856, 0, 0, 0
25201, 5724, 0, 0, 0
25301, 6291, 0, 0, 0
25400, 5945, 0, 0, 0
25500, 5934, 0, 0, 0
25600, 5580, 0, 0, 0
25700, 5819, 0, 0, 0
25800, 5657, 0, 0, 0
25900, 5876, 0, 0, 0
26000, 5631, 0, 0, 0
26100, 5838, 0, 0, 0
26200, 5623, 0, 0, 0
26301, 5506, 0, 0, 0
26401, 5779, 0, 0, 0
26500, 5853, 0, 0, 0
26600, 5589, 0, 0, 0
26700, 5651, 0, 0, 0
26800, 5864, 0, 0, 0
26900, 6209, 0, 0, 0
27000, 5711, 0, 0, 0
27101, 5821, 0, 0, 0
27200, 5548, 0, 0, 0
27300, 5762, 0, 0, 0
27400, 5663, 0, 0, 0
27500, 5630, 0, 0, 0
27600, 5489, 0, 0, 0
27701, 5789, 0, 0, 0
27800, 5783, 0, 0, 0
27900, 5896, 0, 0, 0
28000, 5984, 0, 0, 0
28101, 5459, 0, 0, 0
28200, 5838, 0, 0, 0
28300, 5236, 0, 0, 0
28400, 5617, 0, 0, 0
28500, 5749, 0, 0, 0
28600, 5596, 0, 0, 0
28700, 5519, 0, 0, 0
28800, 5594, 0, 0, 0
28903, 5666, 0, 0, 0
29000, 5612, 0, 0, 0
29100, 5704, 0, 0, 0
29200, 6333, 0, 0, 0
29301, 5807, 0, 0, 0
29400, 6016, 0, 0, 0
29501, 5514, 0, 0, 0
29600, 5741, 0, 0, 0
29700, 5762, 0, 0, 0
29800, 5465, 0, 0, 0
29900, 5949, 0, 0, 0
30000, 5411, 0, 0, 0
30101, 5351, 0, 0, 0
30201, 5767, 0, 0, 0
30300, 5202, 0, 0, 0
30400, 5244, 0, 0, 0
30501, 5752, 0, 0, 0
30600, 5619, 0, 0, 0
30700, 5480, 0, 0, 0
30801, 5761, 0, 0, 0
30900, 5706, 0, 0, 0
31000, 5793, 0, 0, 0
31101, 5839, 0, 0, 0
31201, 5494, 0, 0, 0
31300, 5212, 0, 0, 0
31401, 5685, 0, 0, 0
31500, 6021, 0, 0, 0
31600, 5328, 0, 0, 0
31701, 5669, 0, 0, 0
31800, 5647, 0, 0, 0
31900, 5832, 0, 0, 0
32001, 5425, 0, 0, 0
32100, 5671, 0, 0, 0
32200, 5481, 0, 0, 0
32300, 5678, 0, 0, 0
32401, 5358, 0, 0, 0
32500, 5754, 0, 0, 0
32600, 6061, 0, 0, 0
32700, 5469, 0, 0, 0
32800, 6035, 0, 0, 0
32901, 5677, 0, 0, 0
33000, 5498, 0, 0, 0
33100, 5349, 0, 0, 0
33201, 5482, 0, 0, 0
33301, 5472, 0, 0, 0
33401, 5931, 0, 0, 0
33500, 5542, 0, 0, 0
33600, 5769, 0, 0, 0
33700, 5531, 0, 0, 0
33800, 5564, 0, 0, 0
33902, 5403, 0, 0, 0
34000, 5650, 0, 0, 0
34100, 5780, 0, 0, 0
34201, 6000, 0, 0, 0
34300, 6190, 0, 0, 0
34400, 5253, 0, 0, 0
34501, 6017, 0, 0, 0
34600, 5851, 0, 0, 0
34700, 5885, 0, 0, 0
34800, 5835, 0, 0, 0
34901, 5809, 0, 0, 0
35000, 5557, 0, 0, 0
35100, 5424, 0, 0, 0
35201, 5705, 0, 0, 0
35300, 5889, 0, 0, 0
35400, 5237, 0, 0, 0
35500, 5445, 0, 0, 0
35600, 5363, 0, 0, 0
35700, 5789, 0, 0, 0
35800, 5842, 0, 0, 0
35900, 5502, 0, 0, 0
36000, 5381, 0, 0, 0
36100, 5451, 0, 0, 0
36201, 5420, 0, 0, 0
36300, 5500, 0, 0, 0
36400, 5586, 0, 0, 0
36501, 6050, 0, 0, 0
36600, 5740, 0, 0, 0
36700, 5648, 0, 0, 0
36800, 5695, 0, 0, 0
36901, 5558, 0, 0, 0
37000, 5239, 0, 0, 0
37100, 5352, 0, 0, 0
37200, 5292, 0, 0, 0
37301, 5561, 0, 0, 0
37406, 5753, 0, 0, 0
37500, 5745, 0, 0, 0
37600, 5219, 0, 0, 0
37700, 5750, 0, 0, 0
37800, 5739, 0, 0, 0
37901, 5836, 0, 0, 0
38000, 5264, 0, 0, 0
38100, 5596, 0, 0, 0
38200, 5998, 0, 0, 0
38300, 6070, 0, 0, 0
38408, 5845, 0, 0, 0
38500, 5484, 0, 0, 0
38602, 5518, 0, 0, 0
38701, 5470, 0, 0, 0
38800, 5512, 0, 0, 0
38902, 5652, 0, 0, 0
39000, 5527, 0, 0, 0
39100, 5549, 0, 0, 0
39200, 6162, 0, 0, 0
39300, 5685, 0, 0, 0
39401, 5851, 0, 0, 0
39500, 5782, 0, 0, 0
39600, 5462, 0, 0, 0
39700, 6006, 0, 0, 0
39800, 5728, 0, 0, 0
39900, 6195, 0, 0, 0
40000, 5510, 0, 0, 0
40100, 6118, 0, 0, 0
40200, 5476, 0, 0, 0
40300, 5725, 0, 0, 0
40400, 5893, 0, 0, 0
40502, 5802, 0, 0, 0
40600, 5635, 0, 0, 0
40700, 5492, 0, 0, 0
40800, 5619, 0, 0, 0
40900, 5535, 0, 0, 0
41000, 5825, 0, 0, 0
41101, 5793, 0, 0, 0
41201, 5835, 0, 0, 0
41300, 5668, 0, 0, 0
41400, 5449, 0, 0, 0
41501, 5891, 0, 0, 0
41601, 5588, 0, 0, 0
41703, 5520, 0, 0, 0
41801, 5735, 0, 0, 0
41901, 5578, 0, 0, 0
42000, 5362, 0, 0, 0
42100, 5960, 0, 0, 0
42200, 5570, 0, 0, 0
42301, 5642, 0, 0, 0
42401, 5440, 0, 0, 0
42504, 5982, 0, 0, 0
42600, 6005, 0, 0, 0
42700, 5556, 0, 0, 0
42800, 5365, 0, 0, 0
42900, 5582, 0, 0, 0
43000, 5563, 0, 0, 0
43100, 5564, 0, 0, 0
43201, 5559, 0, 0, 0
43300, 5028, 0, 0, 0
43400, 5667, 0, 0, 0
43501, 5581, 0, 0, 0
43600, 5277, 0, 0, 0
43700, 5531, 0, 0, 0
43800, 5547, 0, 0, 0
43901, 5819, 0, 0, 0
44001, 6091, 0, 0, 0
44101, 5645, 0, 0, 0
44202, 5814, 0, 0, 0
44302, 5662, 0, 0, 0
44400, 5172, 0, 0, 0
44503, 5432, 0, 0, 0
44602, 5693, 0, 0, 0
44701, 5277, 0, 0, 0
44801, 5252, 0, 0, 0
44900, 5341, 0, 0, 0
45000, 5878, 0, 0, 0
45100, 5832, 0, 0, 0
45200, 5754, 0, 0, 0
45300, 5494, 0, 0, 0
45400, 5234, 0, 0, 0
45500, 5267, 0, 0, 0
45600, 5913, 0, 0, 0
45700, 5306, 0, 0, 0
45800, 5936, 0, 0, 0
45900, 5936, 0, 0, 0
46001, 5616, 0, 0, 0
46100, 5640, 0, 0, 0
46200, 5551, 0, 0, 0
46300, 5448, 0, 0, 0
46401, 5428, 0, 0, 0
46501, 6059, 0, 0, 0
46601, 5466, 0, 0, 0
46701, 5581, 0, 0, 0
46803, 5989, 0, 0, 0
46900, 4171, 0, 0, 0
47000, 6191, 0, 0, 0
47100, 5766, 0, 0, 0
47200, 5726, 0, 0, 0
47301, 5181, 0, 0, 0
47400, 5520, 0, 0, 0
47503, 5492, 0, 0, 0
47601, 5588, 0, 0, 0
47700, 5519, 0, 0, 0
47800, 5424, 0, 0, 0
47900, 5483, 0, 0, 0
48000, 5657, 0, 0, 0
48100, 5387, 0, 0, 0
48201, 5451, 0, 0, 0
48301, 5349, 0, 0, 0
48401, 5551, 0, 0, 0
48500, 5434, 0, 0, 0
48601, 5671, 0, 0, 0
48702, 5267, 0, 0, 0
48800, 5282, 0, 0, 0
48900, 5438, 0, 0, 0
49000, 5659, 0, 0, 0
49100, 6013, 0, 0, 0
49200, 5438, 0, 0, 0
49300, 5380, 0, 0, 0
49401, 5632, 0, 0, 0
49500, 5530, 0, 0, 0
49600, 5242, 0, 0, 0
49703, 5661, 0, 0, 0
49800, 5820, 0, 0, 0
49900, 5624, 0, 0, 0
50000, 5678, 0, 0, 0
50100, 5658, 0, 0, 0
50202, 5390, 0, 0, 0
50300, 5643, 0, 0, 0
50400, 5596, 0, 0, 0
50500, 5666, 0, 0, 0
50601, 5464, 0, 0, 0
50700, 5489, 0, 0, 0
50801, 5618, 0, 0, 0
50900, 5320, 0, 0, 0
51000, 5143, 0, 0, 0
51100, 5214, 0, 0, 0
51200, 5922, 0, 0, 0
51301, 5695, 0, 0, 0
51400, 5774, 0, 0, 0
51501, 5529, 0, 0, 0
51600, 5291, 0, 0, 0
51701, 5248, 0, 0, 0
51801, 5558, 0, 0, 0
51901, 5585, 0, 0, 0
52000, 5693, 0, 0, 0
52100, 5224, 0, 0, 0
52200, 5427, 0, 0, 0
52300, 5699, 0, 0, 0
52400, 5535, 0, 0, 0
52500, 5946, 0, 0, 0
52600, 5698, 0, 0, 0
52701, 5453, 0, 0, 0
52800, 5385, 0, 0, 0
52905, 5741, 0, 0, 0
53000, 5791, 0, 0, 0
53100, 5656, 0, 0, 0
53200, 5532, 0, 0, 0
53301, 5881, 0, 0, 0
53401, 5432, 0, 0, 0
53502, 5688, 0, 0, 0
53600, 5497, 0, 0, 0
53700, 5936, 0, 0, 0
53800, 5609, 0, 0, 0
53901, 6122, 0, 0, 0
54001, 5330, 0, 0, 0
54101, 5548, 0, 0, 0
54200, 5466, 0, 0, 0
54301, 5681, 0, 0, 0
54400, 6026, 0, 0, 0
54500, 5685, 0, 0, 0
54603, 5887, 0, 0, 0
54700, 5768, 0, 0, 0
54801, 5521, 0, 0, 0
54902, 5096, 0, 0, 0
55002, 5475, 0, 0, 0
55100, 5281, 0, 0, 0
55200, 6096, 0, 0, 0
55300, 5348, 0, 0, 0
55400, 5407, 0, 0, 0
55500, 6238, 0, 0, 0
55602, 5940, 0, 0, 0
55700, 5888, 0, 0, 0
55802, 5908, 0, 0, 0
55900, 5994, 0, 0, 0
56000, 5844, 0, 0, 0
56100, 5576, 0, 0, 0
56203, 6633, 0, 0, 0
56302, 6253, 0, 0, 0
56401, 6272, 0, 0, 0
56502, 5515, 0, 0, 0
56600, 5706, 0, 0, 0
56700, 5662, 0, 0, 0
56800, 5810, 0, 0, 0
56900, 5753, 0, 0, 0
57002, 5931, 0, 0, 0
57100, 5607, 0, 0, 0
57201, 5617, 0, 0, 0
57300, 5644, 0, 0, 0
57400, 5868, 0, 0, 0
57500, 5803, 0, 0, 0
57600, 5682, 0, 0, 0
57701, 5711, 0, 0, 0
57801, 5577, 0, 0, 0
57900, 5661, 0, 0, 0
58000, 5516, 0, 0, 0
58100, 5806, 0, 0, 0
58202, 5835, 0, 0, 0
58301, 5549, 0, 0, 0
58401, 5392, 0, 0, 0
58500, 5995, 0, 0, 0
58602, 5602, 0, 0, 0
58700, 5659, 0, 0, 0
58801, 5775, 0, 0, 0
58901, 5615, 0, 0, 0
59001, 5420, 0, 0, 0
59100, 5267, 0, 0, 0
59201, 5198, 0, 0, 0
59300, 5752, 0, 0, 0
59400, 5890, 0, 0, 0
59500, 5570, 0, 0, 0
59600, 5954, 0, 0, 0
59700, 5843, 0, 0, 0
59800, 5652, 0, 0, 0
59900, 6111, 0, 0, 0
60001, 6283, 0, 0, 0
