250, 217088, 0, 0, 0
350, 218880, 0, 0, 0
450, 211200, 0, 0, 0
550, 218880, 0, 0, 0
650, 220160, 0, 0, 0
749, 212040, 0, 0, 0
849, 216320, 0, 0, 0
949, 207360, 0, 0, 0
1049, 217600, 0, 0, 0
1149, 241920, 0, 0, 0
1249, 229120, 0, 0, 0
1349, 225280, 0, 0, 0
1450, 215040, 0, 0, 0
1550, 225280, 0, 0, 0
1650, 220160, 0, 0, 0
1749, 231434, 0, 0, 0
1849, 226560, 0, 0, 0
1949, 218880, 0, 0, 0
2049, 220160, 0, 0, 0
2149, 231680, 0, 0, 0
2250, 225280, 0, 0, 0
2350, 235520, 0, 0, 0
2450, 217600, 0, 0, 0
2550, 234240, 0, 0, 0
2650, 225280, 0, 0, 0
2749, 210747, 0, 0, 0
2849, 215040, 0, 0, 0
2949, 221440, 0, 0, 0
3049, 234240, 0, 0, 0
3149, 232960, 0, 0, 0
3249, 221440, 0, 0, 0
3349, 227840, 0, 0, 0
3449, 229120, 0, 0, 0
3549, 224000, 0, 0, 0
3650, 217600, 0, 0, 0
3749, 221090, 0, 0, 0
3849, 227840, 0, 0, 0
3949, 232960, 0, 0, 0
4049, 229120, 0, 0, 0
4149, 238080, 0, 0, 0
4249, 222720, 0, 0, 0
4349, 226560, 0, 0, 0
4449, 226560, 0, 0, 0
4549, 216320, 0, 0, 0
4649, 217600, 0, 0, 0
4749, 211200, 0, 0, 0
4849, 222720, 0, 0, 0
4949, 202240, 0, 0, 0
5050, 235520, 0, 0, 0
5150, 227840, 0, 0, 0
5249, 226262, 0, 0, 0
5349, 241920, 0, 0, 0
5449, 225280, 0, 0, 0
5549, 232960, 0, 0, 0
5649, 231680, 0, 0, 0
5749, 231680, 0, 0, 0
5849, 241920, 0, 0, 0
5949, 215040, 0, 0, 0
6049, 221440, 0, 0, 0
6149, 227840, 0, 0, 0
6250, 232960, 0, 0, 0
6350, 231680, 0, 0, 0
6450, 222720, 0, 0, 0
6550, 213760, 0, 0, 0
6650, 216320, 0, 0, 0
6749, 226262, 0, 0, 0
6849, 226560, 0, 0, 0
6949, 227840, 0, 0, 0
7050, 215040, 0, 0, 0
7150, 220160, 0, 0, 0
7249, 232727, 0, 0, 0
7349, 243200, 0, 0, 0
7449, 234240, 0, 0, 0
7549, 234240, 0, 0, 0
7649, 222720, 0, 0, 0
7749, 217600, 0, 0, 0
7849, 220160, 0, 0, 0
7949, 226560, 0, 0, 0
8049, 215040, 0, 0, 0
8149, 218880, 0, 0, 0
8249, 221440, 0, 0, 0
8349, 211200, 0, 0, 0
8449, 218880, 0, 0, 0
8550, 220160, 0, 0, 0
8650, 224000, 0, 0, 0
8749, 215919, 0, 0, 0
8849, 221440, 0, 0, 0
8949, 227840, 0, 0, 0
9049, 229120, 0, 0, 0
9149, 227840, 0, 0, 0
9249, 231680, 0, 0, 0
9349, 218880, 0, 0, 0
9449, 216320, 0, 0, 0
9549, 218880, 0, 0, 0
9649, 216320, 0, 0, 0
9749, 222720, 0, 0, 0
9849, 222720, 0, 0, 0
9949, 224000, 0, 0, 0
10050, 224000, 0, 0, 0
10150, 227840, 0, 0, 0
10249, 224969, 0, 0, 0
10349, 217600, 0, 0, 0
10449, 224000, 0, 0, 0
10549, 230400, 0, 0, 0
10649, 222720, 0, 0, 0
10749, 239360, 0, 0, 0
10849, 230400, 0, 0, 0
10949, 232960, 0, 0, 0
11049, 227840, 0, 0, 0
11149, 231680, 0, 0, 0
11249, 227840, 0, 0, 0
11350, 221440, 0, 0, 0
11450, 229120, 0, 0, 0
11550, 224000, 0, 0, 0
11650, 224000, 0, 0, 0
11749, 228848, 0, 0, 0
11849, 224000, 0, 0, 0
11949, 213760, 0, 0, 0
12049, 220160, 0, 0, 0
12149, 229120, 0, 0, 0
12249, 208640, 0, 0, 0
12349, 212480, 0, 0, 0
12449, 209920, 0, 0, 0
12550, 207360, 0, 0, 0
12650, 200960, 0, 0, 0
12749, 209454, 0, 0, 0
12849, 207360, 0, 0, 0
12949, 204800, 0, 0, 0
13049, 212480, 0, 0, 0
13149, 206080, 0, 0, 0
13249, 208640, 0, 0, 0
13349, 212480, 0, 0, 0
13449, 220160, 0, 0, 0
13549, 215040, 0, 0, 0
13649, 220160, 0, 0, 0
13749, 215040, 0, 0, 0
13849, 204800, 0, 0, 0
13950, 230400, 0, 0, 0
14050, 217600, 0, 0, 0
14150, 212480, 0, 0, 0
14249, 218505, 0, 0, 0
14349, 229120, 0, 0, 0
14449, 230400, 0, 0, 0
14549, 226560, 0, 0, 0
14649, 222720, 0, 0, 0
14749, 231680, 0, 0, 0
14849, 227840, 0, 0, 0
14949, 226560, 0, 0, 0
15049, 217600, 0, 0, 0
15149, 230400, 0, 0, 0
15249, 221440, 0, 0, 0
15350, 225280, 0, 0, 0
15450, 227840, 0, 0, 0
15550, 230400, 0, 0, 0
15650, 212480, 0, 0, 0
15749, 212040, 0, 0, 0
15849, 217600, 0, 0, 0
15949, 218880, 0, 0, 0
16049, 232960, 0, 0, 0
16149, 208640, 0, 0, 0
16249, 230400, 0, 0, 0
16349, 222720, 0, 0, 0
16449, 227840, 0, 0, 0
16549, 230400, 0, 0, 0
16649, 222720, 0, 0, 0
16749, 222720, 0, 0, 0
16850, 227840, 0, 0, 0
16950, 226560, 0, 0, 0
17050, 215040, 0, 0, 0
17150, 227840, 0, 0, 0
17249, 227555, 0, 0, 0
17349, 230400, 0, 0, 0
17449, 230400, 0, 0, 0
17549, 226560, 0, 0, 0
17649, 238080, 0, 0, 0
17749, 227840, 0, 0, 0
17849, 230400, 0, 0, 0
17949, 235520, 0, 0, 0
18049, 217600, 0, 0, 0
18150, 226560, 0, 0, 0
18249, 227555, 0, 0, 0
18349, 234240, 0, 0, 0
18449, 221440, 0, 0, 0
18549, 238080, 0, 0, 0
18649, 231680, 0, 0, 0
18749, 239360, 0, 0, 0
18849, 236800, 0, 0, 0
18949, 232960, 0, 0, 0
19049, 217600, 0, 0, 0
19149, 220160, 0, 0, 0
19249, 224000, 0, 0, 0
19350, 222720, 0, 0, 0
19450, 217600, 0, 0, 0
19550, 229120, 0, 0, 0
19650, 226560, 0, 0, 0
19749, 234020, 0, 0, 0
19849, 229120, 0, 0, 0
19949, 230400, 0, 0, 0
20049, 215040, 0, 0, 0
20149, 218880, 0, 0, 0
20249, 226560, 0, 0, 0
20349, 218880, 0, 0, 0
20449, 225280, 0, 0, 0
20549, 240640, 0, 0, 0
20649, 227840, 0, 0, 0
20750, 227840, 0, 0, 0
20850, 227840, 0, 0, 0
20950, 230400, 0, 0, 0
21050, 225280, 0, 0, 0
21150, 212480, 0, 0, 0
21249, 230141, 0, 0, 0
21349, 225280, 0, 0, 0
21449, 211200, 0, 0, 0
21549, 222720, 0, 0, 0
21649, 234240, 0, 0, 0
21750, 221440, 0, 0, 0
21850, 225280, 0, 0, 0
21950, 222720, 0, 0, 0
22050, 222720, 0, 0, 0
22150, 230400, 0, 0, 0
22249, 234020, 0, 0, 0
22349, 225280, 0, 0, 0
22449, 234240, 0, 0, 0
22549, 224000, 0, 0, 0
22649, 224000, 0, 0, 0
22749, 225280, 0, 0, 0
22850, 224000, 0, 0, 0
22950, 227840, 0, 0, 0
23050, 213760, 0, 0, 0
23150, 224000, 0, 0, 0
23249, 234020, 0, 0, 0
23349, 230400, 0, 0, 0
23449, 220160, 0, 0, 0
23549, 224000, 0, 0, 0
23649, 215040, 0, 0, 0
23750, 218880, 0, 0, 0
23850, 215040, 0, 0, 0
23950, 220160, 0, 0, 0
24050, 224000, 0, 0, 0
24150, 222720, 0, 0, 0
24249, 218505, 0, 0, 0
24349, 204800, 0, 0, 0
24449, 207360, 0, 0, 0
24549, 213760, 0, 0, 0
24649, 212480, 0, 0, 0
24749, 222720, 0, 0, 0
24849, 217600, 0, 0, 0
24949, 217600, 0, 0, 0
25050, 208640, 0, 0, 0
25150, 230400, 0, 0, 0
25249, 221090, 0, 0, 0
25349, 232960, 0, 0, 0
25449, 235520, 0, 0, 0
25549, 225280, 0, 0, 0
25649, 230400, 0, 0, 0
25749, 227840, 0, 0, 0
25849, 224000, 0, 0, 0
25949, 227840, 0, 0, 0
26049, 221440, 0, 0, 0
26149, 220160, 0, 0, 0
26249, 232960, 0, 0, 0
26349, 229120, 0, 0, 0
26450, 238080, 0, 0, 0
26550, 236800, 0, 0, 0
26650, 218880, 0, 0, 0
26749, 226262, 0, 0, 0
26849, 232960, 0, 0, 0
26949, 224000, 0, 0, 0
27049, 226560, 0, 0, 0
27149, 217600, 0, 0, 0
27249, 213760, 0, 0, 0
27349, 218880, 0, 0, 0
27449, 215040, 0, 0, 0
27549, 229120, 0, 0, 0
27649, 224000, 0, 0, 0
27750, 226560, 0, 0, 0
27850, 226560, 0, 0, 0
27950, 229120, 0, 0, 0
28050, 227840, 0, 0, 0
28150, 230400, 0, 0, 0
28249, 223676, 0, 0, 0
28349, 218880, 0, 0, 0
28449, 216320, 0, 0, 0
28549, 220160, 0, 0, 0
28649, 220160, 0, 0, 0
28749, 220160, 0, 0, 0
28849, 229120, 0, 0, 0
28950, 224000, 0, 0, 0
29050, 209920, 0, 0, 0
29150, 218880, 0, 0, 0
29249, 222383, 0, 0, 0
29349, 217600, 0, 0, 0
29449, 234240, 0, 0, 0
29549, 226560, 0, 0, 0
29649, 225280, 0, 0, 0
29749, 231680, 0, 0, 0
29849, 238080, 0, 0, 0
29949, 220160, 0, 0, 0
30049, 216320, 0, 0, 0
30150, 232960, 0, 0, 0
30249, 217212, 0, 0, 0
30349, 229120, 0, 0, 0
30449, 229120, 0, 0, 0
30549, 235520, 0, 0, 0
30649, 229120, 0, 0, 0
30749, 213760, 0, 0, 0
30849, 222720, 0, 0, 0
30949, 225280, 0, 0, 0
31049, 221440, 0, 0, 0
31149, 229120, 0, 0, 0
31249, 230400, 0, 0, 0
31349, 221440, 0, 0, 0
31450, 208640, 0, 0, 0
31550, 225280, 0, 0, 0
31650, 213760, 0, 0, 0
31749, 215919, 0, 0, 0
31849, 220160, 0, 0, 0
31949, 213760, 0, 0, 0
32049, 203520, 0, 0, 0
32149, 220160, 0, 0, 0
32249, 225280, 0, 0, 0
32350, 216320, 0, 0, 0
32450, 203520, 0, 0, 0
32550, 203520, 0, 0, 0
32650, 204800, 0, 0, 0
32749, 200404, 0, 0, 0
32849, 204800, 0, 0, 0
32949, 208640, 0, 0, 0
33049, 220160, 0, 0, 0
33149, 215040, 0, 0, 0
33249, 213760, 0, 0, 0
33349, 215040, 0, 0, 0
33449, 208640, 0, 0, 0
33550, 225280, 0, 0, 0
33650, 220160, 0, 0, 0
33749, 222383, 0, 0, 0
33849, 213760, 0, 0, 0
33949, 217600, 0, 0, 0
34049, 224000, 0, 0, 0
34149, 211200, 0, 0, 0
34249, 218880, 0, 0, 0
34349, 212480, 0, 0, 0
34449, 211200, 0, 0, 0
34549, 224000, 0, 0, 0
34649, 208640, 0, 0, 0
34749, 238080, 0, 0, 0
34849, 224000, 0, 0, 0
34949, 226560, 0, 0, 0
35049, 225280, 0, 0, 0
35149, 217600, 0, 0, 0
35250, 234240, 0, 0, 0
35350, 211200, 0, 0, 0
35450, 220160, 0, 0, 0
35550, 229120, 0, 0, 0
35650, 222720, 0, 0, 0
35749, 226262, 0, 0, 0
35849, 216320, 0, 0, 0
35949, 220160, 0, 0, 0
36049, 224000, 0, 0, 0
36149, 212480, 0, 0, 0
36249, 220160, 0, 0, 0
36349, 227840, 0, 0, 0
36449, 222720, 0, 0, 0
36549, 225280, 0, 0, 0
36649, 225280, 0, 0, 0
36750, 209920, 0, 0, 0
36850, 218880, 0, 0, 0
36950, 225280, 0, 0, 0
37050, 218880, 0, 0, 0
37150, 231680, 0, 0, 0
37249, 228848, 0, 0, 0
37349, 217600, 0, 0, 0
37449, 229120, 0, 0, 0
37549, 217600, 0, 0, 0
37649, 213760, 0, 0, 0
37749, 229120, 0, 0, 0
37849, 222720, 0, 0, 0
37949, 226560, 0, 0, 0
38049, 217600, 0, 0, 0
38150, 225280, 0, 0, 0
38250, 234240, 0, 0, 0
38350, 220160, 0, 0, 0
38450, 224000, 0, 0, 0
38550, 235520, 0, 0, 0
38650, 226560, 0, 0, 0
38749, 228848, 0, 0, 0
38849, 234240, 0, 0, 0
38949, 234240, 0, 0, 0
39049, 234240, 0, 0, 0
39149, 238080, 0, 0, 0
39249, 231680, 0, 0, 0
39349, 226560, 0, 0, 0
39449, 229120, 0, 0, 0
39550, 226560, 0, 0, 0
39650, 232960, 0, 0, 0
39749, 219797, 0, 0, 0
39849, 232960, 0, 0, 0
39949, 231680, 0, 0, 0
40049, 226560, 0, 0, 0
40149, 238080, 0, 0, 0
40249, 226560, 0, 0, 0
40349, 226560, 0, 0, 0
40449, 224000, 0, 0, 0
40549, 229120, 0, 0, 0
40649, 226560, 0, 0, 0
40749, 226560, 0, 0, 0
40849, 229120, 0, 0, 0
40949, 221440, 0, 0, 0
41049, 225280, 0, 0, 0
41150, 225280, 0, 0, 0
41250, 221440, 0, 0, 0
41350, 215040, 0, 0, 0
41450, 222720, 0, 0, 0
41550, 218880, 0, 0, 0
41650, 224000, 0, 0, 0
41749, 219797, 0, 0, 0
41849, 231680, 0, 0, 0
41949, 222720, 0, 0, 0
42049, 227840, 0, 0, 0
42149, 222720, 0, 0, 0
42249, 225280, 0, 0, 0
42349, 218880, 0, 0, 0
42449, 216320, 0, 0, 0
42550, 225280, 0, 0, 0
42650, 227840, 0, 0, 0
42749, 231434, 0, 0, 0
42849, 220160, 0, 0, 0
42949, 213760, 0, 0, 0
43049, 224000, 0, 0, 0
43149, 225280, 0, 0, 0
43249, 209920, 0, 0, 0
43349, 224000, 0, 0, 0
43449, 230400, 0, 0, 0
43549, 218880, 0, 0, 0
43649, 225280, 0, 0, 0
43749, 227840, 0, 0, 0
43849, 230400, 0, 0, 0
43949, 231680, 0, 0, 0
44050, 211200, 0, 0, 0
44150, 227840, 0, 0, 0
44249, 215919, 0, 0, 0
44349, 225280, 0, 0, 0
44449, 226560, 0, 0, 0
44549, 213760, 0, 0, 0
44649, 220160, 0, 0, 0
44749, 218880, 0, 0, 0
44849, 218880, 0, 0, 0
44949, 224000, 0, 0, 0
45050, 217600, 0, 0, 0
45150, 220160, 0, 0, 0
45249, 231434, 0, 0, 0
45349, 231680, 0, 0, 0
45449, 236800, 0, 0, 0
45549, 234240, 0, 0, 0
45649, 221440, 0, 0, 0
45749, 244480, 0, 0, 0
45849, 229120, 0, 0, 0
45949, 238080, 0, 0, 0
46049, 227840, 0, 0, 0
46150, 224000, 0, 0, 0
46249, 223676, 0, 0, 0
46349, 213760, 0, 0, 0
46449, 218880, 0, 0, 0
46549, 213760, 0, 0, 0
46649, 216320, 0, 0, 0
46749, 211200, 0, 0, 0
46849, 208640, 0, 0, 0
46949, 212480, 0, 0, 0
47049, 216320, 0, 0, 0
47149, 227840, 0, 0, 0
47249, 216320, 0, 0, 0
47349, 206080, 0, 0, 0
47450, 215040, 0, 0, 0
47550, 224000, 0, 0, 0
47650, 227840, 0, 0, 0
47749, 217212, 0, 0, 0
47849, 215040, 0, 0, 0
47949, 213760, 0, 0, 0
48049, 229120, 0, 0, 0
48149, 221440, 0, 0, 0
48249, 229120, 0, 0, 0
48349, 218880, 0, 0, 0
48449, 222720, 0, 0, 0
48549, 230400, 0, 0, 0
48649, 217600, 0, 0, 0
48749, 226560, 0, 0, 0
48849, 204800, 0, 0, 0
48949, 215040, 0, 0, 0
49050, 221440, 0, 0, 0
49150, 216320, 0, 0, 0
49249, 219797, 0, 0, 0
49349, 230400, 0, 0, 0
49449, 222720, 0, 0, 0
49549, 213760, 0, 0, 0
49649, 216320, 0, 0, 0
49749, 222720, 0, 0, 0
49849, 221440, 0, 0, 0
49949, 226560, 0, 0, 0
50049, 225280, 0, 0, 0
50149, 229120, 0, 0, 0
50249, 227840, 0, 0, 0
50349, 230400, 0, 0, 0
50450, 229120, 0, 0, 0
50550, 229120, 0, 0, 0
50650, 218880, 0, 0, 0
50749, 219797, 0, 0, 0
50849, 236800, 0, 0, 0
50949, 229120, 0, 0, 0
51049, 238080, 0, 0, 0
51149, 239360, 0, 0, 0
51249, 234240, 0, 0, 0
51349, 235520, 0, 0, 0
51449, 229120, 0, 0, 0
51549, 225280, 0, 0, 0
51649, 231680, 0, 0, 0
51750, 243200, 0, 0, 0
51850, 229120, 0, 0, 0
51950, 226560, 0, 0, 0
52050, 230400, 0, 0, 0
52150, 231680, 0, 0, 0
52249, 227555, 0, 0, 0
52349, 231680, 0, 0, 0
52449, 220160, 0, 0, 0
52549, 224000, 0, 0, 0
52649, 220160, 0, 0, 0
52749, 227840, 0, 0, 0
52850, 220160, 0, 0, 0
52950, 232960, 0, 0, 0
53050, 231680, 0, 0, 0
53150, 229120, 0, 0, 0
53249, 234020, 0, 0, 0
53349, 225280, 0, 0, 0
53449, 227840, 0, 0, 0
53549, 225280, 0, 0, 0
53649, 218880, 0, 0, 0
53749, 224000, 0, 0, 0
53849, 221440, 0, 0, 0
53949, 213760, 0, 0, 0
54050, 221440, 0, 0, 0
54150, 217600, 0, 0, 0
54249, 214626, 0, 0, 0
54349, 220160, 0, 0, 0
54449, 221440, 0, 0, 0
54549, 208640, 0, 0, 0
54649, 215040, 0, 0, 0
54749, 222720, 0, 0, 0
54849, 218880, 0, 0, 0
54949, 221440, 0, 0, 0
55049, 216320, 0, 0, 0
55149, 209920, 0, 0, 0
55249, 226560, 0, 0, 0
55349, 227840, 0, 0, 0
55449, 229120, 0, 0, 0
55549, 216320, 0, 0, 0
55650, 232960, 0, 0, 0
55750, 234240, 0, 0, 0
55850, 234240, 0, 0, 0
55950, 241920, 0, 0, 0
56050, 222720, 0, 0, 0
56150, 234240, 0, 0, 0
56249, 228848, 0, 0, 0
56349, 236800, 0, 0, 0
56449, 235520, 0, 0, 0
56549, 235520, 0, 0, 0
56649, 226560, 0, 0, 0
56749, 227840, 0, 0, 0
56849, 231680, 0, 0, 0
56949, 227840, 0, 0, 0
57049, 229120, 0, 0, 0
57150, 221440, 0, 0, 0
57250, 226560, 0, 0, 0
57350, 224000, 0, 0, 0
57450, 235520, 0, 0, 0
57550, 230400, 0, 0, 0
57650, 227840, 0, 0, 0
57749, 230141, 0, 0, 0
57849, 236800, 0, 0, 0
57949, 236800, 0, 0, 0
58049, 215040, 0, 0, 0
58149, 217600, 0, 0, 0
58249, 220160, 0, 0, 0
58349, 222720, 0, 0, 0
58449, 231680, 0, 0, 0
58550, 240640, 0, 0, 0
58650, 226560, 0, 0, 0
58749, 228848, 0, 0, 0
58849, 222720, 0, 0, 0
58949, 218880, 0, 0, 0
59049, 217600, 0, 0, 0
59149, 212480, 0, 0, 0
59249, 218880, 0, 0, 0
59349, 221440, 0, 0, 0
59449, 217600, 0, 0, 0
59549, 234240, 0, 0, 0
59649, 211200, 0, 0, 0
59749, 218880, 0, 0, 0
59849, 220160, 0, 0, 0
59950, 227840, 0, 0, 0
60050, 226560, 0, 0, 0
60150, 218880, 0, 0, 0
60249, 221090, 0, 0, 0
60349, 222720, 0, 0, 0
60449, 230400, 0, 0, 0
60549, 217600, 0, 0, 0
60650, 220160, 0, 0, 0
60749, 219797, 0, 0, 0
60849, 225280, 0, 0, 0
60949, 225280, 0, 0, 0
61049, 217600, 0, 0, 0
61149, 218880, 0, 0, 0
61249, 227840, 0, 0, 0
61349, 224000, 0, 0, 0
61449, 222720, 0, 0, 0
61549, 234240, 0, 0, 0
61649, 215040, 0, 0, 0
61750, 220160, 0, 0, 0
61850, 200960, 0, 0, 0
61950, 227840, 0, 0, 0
62050, 231680, 0, 0, 0
62150, 224000, 0, 0, 0
62249, 230141, 0, 0, 0
62349, 221440, 0, 0, 0
62449, 217600, 0, 0, 0
62549, 208640, 0, 0, 0
62649, 222720, 0, 0, 0
62750, 208640, 0, 0, 0
62850, 206080, 0, 0, 0
62950, 213760, 0, 0, 0
63050, 211200, 0, 0, 0
63150, 226560, 0, 0, 0
63249, 215919, 0, 0, 0
63349, 221440, 0, 0, 0
63449, 208640, 0, 0, 0
63550, 212480, 0, 0, 0
63650, 208640, 0, 0, 0
63749, 212040, 0, 0, 0
63849, 217600, 0, 0, 0
63949, 208640, 0, 0, 0
64049, 206080, 0, 0, 0
64149, 211200, 0, 0, 0
64249, 215040, 0, 0, 0
64349, 215040, 0, 0, 0
64450, 198400, 0, 0, 0
64550, 208640, 0, 0, 0
64650, 217600, 0, 0, 0
64749, 214626, 0, 0, 0
64849, 212480, 0, 0, 0
64949, 212480, 0, 0, 0
65049, 227840, 0, 0, 0
65149, 217600, 0, 0, 0
65249, 216320, 0, 0, 0
65349, 221440, 0, 0, 0
65449, 224000, 0, 0, 0
65550, 234240, 0, 0, 0
65650, 222720, 0, 0, 0
65749, 230141, 0, 0, 0
65849, 220160, 0, 0, 0
65949, 213760, 0, 0, 0
66049, 226560, 0, 0, 0
66149, 212480, 0, 0, 0
66249, 221440, 0, 0, 0
66349, 224000, 0, 0, 0
66449, 227840, 0, 0, 0
66549, 220160, 0, 0, 0
66649, 231680, 0, 0, 0
66750, 211200, 0, 0, 0
66850, 217600, 0, 0, 0
66950, 216320, 0, 0, 0
67050, 212480, 0, 0, 0
67150, 224000, 0, 0, 0
67249, 213333, 0, 0, 0
67349, 217600, 0, 0, 0
67449, 226560, 0, 0, 0
67549, 220160, 0, 0, 0
67649, 208640, 0, 0, 0
67749, 209920, 0, 0, 0
67849, 213760, 0, 0, 0
67949, 211200, 0, 0, 0
68050, 222720, 0, 0, 0
68150, 234240, 0, 0, 0
68249, 224969, 0, 0, 0
68349, 227840, 0, 0, 0
68449, 229120, 0, 0, 0
68549, 224000, 0, 0, 0
68649, 240640, 0, 0, 0
68749, 238080, 0, 0, 0
68849, 240640, 0, 0, 0
68949, 236800, 0, 0, 0
69049, 238080, 0, 0, 0
69150, 224000, 0, 0, 0
69250, 229120, 0, 0, 0
69350, 227840, 0, 0, 0
69450, 221440, 0, 0, 0
69550, 213760, 0, 0, 0
69650, 229120, 0, 0, 0
69749, 230141, 0, 0, 0
69849, 231680, 0, 0, 0
69949, 236800, 0, 0, 0
70049, 224000, 0, 0, 0
70149, 217600, 0, 0, 0
70249, 239360, 0, 0, 0
70349, 227840, 0, 0, 0
70449, 227840, 0, 0, 0
70550, 234240, 0, 0, 0
70650, 231680, 0, 0, 0
70749, 239191, 0, 0, 0
70849, 206080, 0, 0, 0
70949, 224000, 0, 0, 0
71049, 224000, 0, 0, 0
71149, 211200, 0, 0, 0
71249, 215040, 0, 0, 0
71349, 221440, 0, 0, 0
71449, 226560, 0, 0, 0
71549, 231680, 0, 0, 0
71649, 230400, 0, 0, 0
71750, 231680, 0, 0, 0
71850, 229120, 0, 0, 0
71950, 232960, 0, 0, 0
72050, 225280, 0, 0, 0
72150, 230400, 0, 0, 0
72249, 227555, 0, 0, 0
72349, 215040, 0, 0, 0
72449, 213760, 0, 0, 0
72549, 222720, 0, 0, 0
72649, 218880, 0, 0, 0
72749, 229120, 0, 0, 0
72849, 218880, 0, 0, 0
72950, 234240, 0, 0, 0
73050, 230400, 0, 0, 0
73150, 225280, 0, 0, 0
73249, 241777, 0, 0, 0
73349, 220160, 0, 0, 0
73449, 221440, 0, 0, 0
73549, 217600, 0, 0, 0
73649, 221440, 0, 0, 0
73749, 232960, 0, 0, 0
73850, 220160, 0, 0, 0
73950, 221440, 0, 0, 0
74050, 216320, 0, 0, 0
74150, 231680, 0, 0, 0
74249, 244363, 0, 0, 0
74349, 232960, 0, 0, 0
74449, 224000, 0, 0, 0
74550, 229120, 0, 0, 0
74650, 221440, 0, 0, 0
74749, 219797, 0, 0, 0
74849, 216320, 0, 0, 0
74949, 240640, 0, 0, 0
75049, 221440, 0, 0, 0
75149, 232960, 0, 0, 0
75249, 222720, 0, 0, 0
75349, 225280, 0, 0, 0
75449, 239360, 0, 0, 0
75549, 226560, 0, 0, 0
75649, 221440, 0, 0, 0
75750, 217600, 0, 0, 0
75850, 227840, 0, 0, 0
75950, 218880, 0, 0, 0
76050, 212480, 0, 0, 0
76150, 231680, 0, 0, 0
76249, 222383, 0, 0, 0
76349, 206080, 0, 0, 0
76449, 204800, 0, 0, 0
76549, 213760, 0, 0, 0
76649, 204800, 0, 0, 0
76749, 211200, 0, 0, 0
76849, 200960, 0, 0, 0
76949, 209920, 0, 0, 0
77049, 212480, 0, 0, 0
77149, 209920, 0, 0, 0
77250, 199680, 0, 0, 0
77350, 218880, 0, 0, 0
77450, 195840, 0, 0, 0
77550, 206080, 0, 0, 0
77650, 207360, 0, 0, 0
77749, 221090, 0, 0, 0
77849, 197120, 0, 0, 0
77949, 204800, 0, 0, 0
78049, 216320, 0, 0, 0
78149, 208640, 0, 0, 0
78249, 220160, 0, 0, 0
78349, 209920, 0, 0, 0
78449, 200960, 0, 0, 0
78549, 216320, 0, 0, 0
78649, 203520, 0, 0, 0
78750, 209920, 0, 0, 0
78850, 203520, 0, 0, 0
78950, 212480, 0, 0, 0
79050, 206080, 0, 0, 0
79150, 202240, 0, 0, 0
79249, 202989, 0, 0, 0
79349, 204800, 0, 0, 0
79449, 195840, 0, 0, 0
79549, 211200, 0, 0, 0
79649, 203520, 0, 0, 0
79749, 217600, 0, 0, 0
79850, 197120, 0, 0, 0
79950, 207360, 0, 0, 0
80050, 206080, 0, 0, 0
80150, 202240, 0, 0, 0
80249, 209454, 0, 0, 0
80349, 208640, 0, 0, 0
80449, 209920, 0, 0, 0
80549, 206080, 0, 0, 0
80650, 207360, 0, 0, 0
80750, 217600, 0, 0, 0
80850, 213760, 0, 0, 0
80950, 207360, 0, 0, 0
81050, 204800, 0, 0, 0
81150, 211200, 0, 0, 0
81249, 218505, 0, 0, 0
81349, 217600, 0, 0, 0
81449, 211200, 0, 0, 0
81550, 212480, 0, 0, 0
81650, 218880, 0, 0, 0
81749, 213333, 0, 0, 0
81849, 195840, 0, 0, 0
81949, 200960, 0, 0, 0
82049, 204800, 0, 0, 0
82149, 217600, 0, 0, 0
82249, 216320, 0, 0, 0
82349, 206080, 0, 0, 0
82449, 209920, 0, 0, 0
82549, 202240, 0, 0, 0
82649, 212480, 0, 0, 0
82750, 212480, 0, 0, 0
82850, 206080, 0, 0, 0
82950, 217600, 0, 0, 0
83050, 206080, 0, 0, 0
83150, 202240, 0, 0, 0
83249, 205575, 0, 0, 0
83349, 212480, 0, 0, 0
83449, 209920, 0, 0, 0
83549, 207360, 0, 0, 0
83649, 226560, 0, 0, 0
83749, 213760, 0, 0, 0
83849, 212480, 0, 0, 0
83950, 207360, 0, 0, 0
84050, 202240, 0, 0, 0
84150, 211200, 0, 0, 0
84249, 209454, 0, 0, 0
84349, 217600, 0, 0, 0
84449, 206080, 0, 0, 0
84549, 208640, 0, 0, 0
84649, 204800, 0, 0, 0
84749, 204800, 0, 0, 0
84849, 200960, 0, 0, 0
84949, 206080, 0, 0, 0
85050, 208640, 0, 0, 0
85150, 212480, 0, 0, 0
85249, 204282, 0, 0, 0
85349, 215040, 0, 0, 0
85449, 206080, 0, 0, 0
85549, 209920, 0, 0, 0
85649, 203520, 0, 0, 0
85749, 209920, 0, 0, 0
85849, 212480, 0, 0, 0
85949, 215040, 0, 0, 0
86049, 208640, 0, 0, 0
86149, 206080, 0, 0, 0
86249, 218880, 0, 0, 0
86349, 216320, 0, 0, 0
86450, 220160, 0, 0, 0
86550, 209920, 0, 0, 0
86650, 204800, 0, 0, 0
86749, 210747, 0, 0, 0
86849, 208640, 0, 0, 0
86949, 215040, 0, 0, 0
87049, 224000, 0, 0, 0
87149, 213760, 0, 0, 0
87249, 215040, 0, 0, 0
87349, 212480, 0, 0, 0
87449, 206080, 0, 0, 0
87549, 192000, 0, 0, 0
87649, 202240, 0, 0, 0
87750, 204800, 0, 0, 0
87850, 197120, 0, 0, 0
87950, 198400, 0, 0, 0
88050, 194560, 0, 0, 0
88150, 206080, 0, 0, 0
88249, 204282, 0, 0, 0
88349, 208640, 0, 0, 0
88449, 193280, 0, 0, 0
88549, 200960, 0, 0, 0
88649, 197120, 0, 0, 0
88749, 200960, 0, 0, 0
88849, 197120, 0, 0, 0
88949, 206080, 0, 0, 0
89050, 193280, 0, 0, 0
89150, 198400, 0, 0, 0
89249, 205575, 0, 0, 0
89349, 206080, 0, 0, 0
89449, 194560, 0, 0, 0
89549, 200960, 0, 0, 0
89649, 202240, 0, 0, 0
89749, 185600, 0, 0, 0
89849, 198400, 0, 0, 0
89949, 204800, 0, 0, 0
