250, 286720, 0, 0, 0
350, 363520, 0, 0, 0
450, 266240, 0, 0, 0
550, 220160, 0, 0, 0
650, 291840, 0, 0, 0
749, 237898, 0, 0, 0
849, 271360, 0, 0, 0
949, 271360, 0, 0, 0
1049, 225280, 0, 0, 0
1149, 250880, 0, 0, 0
1250, 245760, 0, 0, 0
1350, 348160, 0, 0, 0
1450, 250880, 0, 0, 0
1550, 307200, 0, 0, 0
1650, 337920, 0, 0, 0
1749, 274101, 0, 0, 0
1849, 317440, 0, 0, 0
1949, 286720, 0, 0, 0
2049, 235520, 0, 0, 0
2149, 245760, 0, 0, 0
2249, 322560, 0, 0, 0
2349, 291840, 0, 0, 0
2449, 245760, 0, 0, 0
2550, 302080, 0, 0, 0
2650, 332800, 0, 0, 0
2749, 289616, 0, 0, 0
2849, 281600, 0, 0, 0
2949, 240640, 0, 0, 0
3049, 281600, 0, 0, 0
3149, 271360, 0, 0, 0
3249, 337920, 0, 0, 0
3349, 271360, 0, 0, 0
3449, 327680, 0, 0, 0
3550, 296960, 0, 0, 0
3650, 245760, 0, 0, 0
3749, 351676, 0, 0, 0
3849, 307200, 0, 0, 0
3949, 368640, 0, 0, 0
4049, 358400, 0, 0, 0
4149, 199680, 0, 0, 0
4249, 235520, 0, 0, 0
4349, 291840, 0, 0, 0
4449, 261120, 0, 0, 0
4549, 276480, 0, 0, 0
4649, 317440, 0, 0, 0
4750, 291840, 0, 0, 0
4850, 343040, 0, 0, 0
4950, 276480, 0, 0, 0
5050, 332800, 0, 0, 0
5150, 404480, 0, 0, 0
5249, 274101, 0, 0, 0
5349, 317440, 0, 0, 0
5449, 332800, 0, 0, 0
5549, 281600, 0, 0, 0
5649, 266240, 0, 0, 0
5750, 296960, 0, 0, 0
5850, 363520, 0, 0, 0
5950, 291840, 0, 0, 0
6050, 373760, 0, 0, 0
6150, 256000, 0, 0, 0
6249, 243070, 0, 0, 0
6349, 327680, 0, 0, 0
6449, 307200, 0, 0, 0
6549, 276480, 0, 0, 0
6649, 271360, 0, 0, 0
6749, 327680, 0, 0, 0
6849, 291840, 0, 0, 0
6950, 384000, 0, 0, 0
7050, 281600, 0, 0, 0
7150, 348160, 0, 0, 0
7249, 320646, 0, 0, 0
7349, 302080, 0, 0, 0
7449, 286720, 0, 0, 0
7549, 261120, 0, 0, 0
7649, 296960, 0, 0, 0
7749, 302080, 0, 0, 0
7849, 281600, 0, 0, 0
7950, 261120, 0, 0, 0
8050, 296960, 0, 0, 0
8150, 302080, 0, 0, 0
8249, 258585, 0, 0, 0
8349, 307200, 0, 0, 0
8449, 266240, 0, 0, 0
8549, 225280, 0, 0, 0
8649, 250880, 0, 0, 0
8749, 322560, 0, 0, 0
8849, 332800, 0, 0, 0
8949, 271360, 0, 0, 0
9050, 250880, 0, 0, 0
9150, 296960, 0, 0, 0
9249, 289616, 0, 0, 0
9349, 312320, 0, 0, 0
9449, 322560, 0, 0, 0
9549, 291840, 0, 0, 0
9649, 261120, 0, 0, 0
9749, 332800, 0, 0, 0
9849, 281600, 0, 0, 0
9949, 312320, 0, 0, 0
10050, 291840, 0, 0, 0
10150, 261120, 0, 0, 0
10249, 284444, 0, 0, 0
10349, 337920, 0, 0, 0
10449, 363520, 0, 0, 0
10549, 302080, 0, 0, 0
10649, 235520, 0, 0, 0
10749, 245760, 0, 0, 0
10849, 250880, 0, 0, 0
10949, 337920, 0, 0, 0
11050, 271360, 0, 0, 0
11150, 256000, 0, 0, 0
11249, 330989, 0, 0, 0
11349, 348160, 0, 0, 0
11449, 317440, 0, 0, 0
11549, 358400, 0, 0, 0
11649, 286720, 0, 0, 0
11749, 271360, 0, 0, 0
11849, 327680, 0, 0, 0
11949, 291840, 0, 0, 0
12050, 291840, 0, 0, 0
12150, 343040, 0, 0, 0
12249, 341333, 0, 0, 0
12349, 256000, 0, 0, 0
12449, 343040, 0, 0, 0
12549, 322560, 0, 0, 0
12649, 291840, 0, 0, 0
12749, 276480, 0, 0, 0
12849, 317440, 0, 0, 0
12949, 296960, 0, 0, 0
13050, 322560, 0, 0, 0
13150, 215040, 0, 0, 0
13249, 372363, 0, 0, 0
13349, 332800, 0, 0, 0
13449, 307200, 0, 0, 0
13549, 291840, 0, 0, 0
13649, 332800, 0, 0, 0
13749, 312320, 0, 0, 0
13849, 281600, 0, 0, 0
13949, 296960, 0, 0, 0
14050, 302080, 0, 0, 0
14150, 317440, 0, 0, 0
14249, 336161, 0, 0, 0
14349, 332800, 0, 0, 0
14449, 373760, 0, 0, 0
14549, 317440, 0, 0, 0
14649, 332800, 0, 0, 0
14749, 343040, 0, 0, 0
14849, 312320, 0, 0, 0
14949, 296960, 0, 0, 0
15050, 302080, 0, 0, 0
15150, 327680, 0, 0, 0
15249, 330989, 0, 0, 0
15349, 302080, 0, 0, 0
15449, 327680, 0, 0, 0
15549, 327680, 0, 0, 0
15649, 261120, 0, 0, 0
15749, 317440, 0, 0, 0
15849, 291840, 0, 0, 0
15949, 286720, 0, 0, 0
16049, 250880, 0, 0, 0
16149, 332800, 0, 0, 0
16250, 250880, 0, 0, 0
16350, 271360, 0, 0, 0
16450, 250880, 0, 0, 0
16550, 322560, 0, 0, 0
16650, 266240, 0, 0, 0
16749, 253414, 0, 0, 0
16849, 225280, 0, 0, 0
16949, 281600, 0, 0, 0
17049, 322560, 0, 0, 0
17149, 291840, 0, 0, 0
17250, 399360, 0, 0, 0
17350, 322560, 0, 0, 0
17450, 291840, 0, 0, 0
17550, 281600, 0, 0, 0
17650, 337920, 0, 0, 0
17749, 248242, 0, 0, 0
17849, 332800, 0, 0, 0
17949, 276480, 0, 0, 0
18049, 353280, 0, 0, 0
18149, 373760, 0, 0, 0
18249, 389120, 0, 0, 0
18350, 317440, 0, 0, 0
18450, 276480, 0, 0, 0
18550, 368640, 0, 0, 0
18650, 322560, 0, 0, 0
18749, 393050, 0, 0, 0
18849, 378880, 0, 0, 0
18949, 343040, 0, 0, 0
19049, 271360, 0, 0, 0
19149, 353280, 0, 0, 0
19249, 353280, 0, 0, 0
19349, 348160, 0, 0, 0
19449, 302080, 0, 0, 0
19550, 261120, 0, 0, 0
19650, 291840, 0, 0, 0
19749, 362020, 0, 0, 0
19849, 245760, 0, 0, 0
19949, 296960, 0, 0, 0
20049, 348160, 0, 0, 0
20149, 317440, 0, 0, 0
20249, 399360, 0, 0, 0
20349, 312320, 0, 0, 0
20449, 286720, 0, 0, 0
20549, 358400, 0, 0, 0
20650, 332800, 0, 0, 0
20749, 367191, 0, 0, 0
20849, 312320, 0, 0, 0
20949, 322560, 0, 0, 0
21049, 327680, 0, 0, 0
21149, 368640, 0, 0, 0
21249, 291840, 0, 0, 0
21349, 378880, 0, 0, 0
21449, 307200, 0, 0, 0
21549, 317440, 0, 0, 0
21649, 332800, 0, 0, 0
21750, 353280, 0, 0, 0
21850, 332800, 0, 0, 0
21950, 302080, 0, 0, 0
22050, 296960, 0, 0, 0
22150, 312320, 0, 0, 0
22249, 325818, 0, 0, 0
22349, 296960, 0, 0, 0
22449, 291840, 0, 0, 0
22549, 250880, 0, 0, 0
22649, 286720, 0, 0, 0
22750, 307200, 0, 0, 0
22850, 291840, 0, 0, 0
22950, 348160, 0, 0, 0
23050, 266240, 0, 0, 0
23150, 327680, 0, 0, 0
23249, 299959, 0, 0, 0
23349, 348160, 0, 0, 0
23449, 291840, 0, 0, 0
23549, 256000, 0, 0, 0
23649, 378880, 0, 0, 0
23749, 367191, 0, 0, 0
23849, 317440, 0, 0, 0
23949, 296960, 0, 0, 0
24049, 291840, 0, 0, 0
24149, 256000, 0, 0, 0
24250, 368640, 0, 0, 0
24350, 296960, 0, 0, 0
24450, 317440, 0, 0, 0
24550, 312320, 0, 0, 0
24650, 307200, 0, 0, 0
24749, 408565, 0, 0, 0
24849, 302080, 0, 0, 0
24949, 317440, 0, 0, 0
25049, 266240, 0, 0, 0
25149, 348160, 0, 0, 0
25250, 291840, 0, 0, 0
25350, 276480, 0, 0, 0
25450, 399360, 0, 0, 0
25550, 296960, 0, 0, 0
25650, 337920, 0, 0, 0
25749, 305131, 0, 0, 0
25849, 296960, 0, 0, 0
25949, 286720, 0, 0, 0
26049, 276480, 0, 0, 0
26149, 276480, 0, 0, 0
26249, 291840, 0, 0, 0
26349, 332800, 0, 0, 0
26449, 368640, 0, 0, 0
26550, 286720, 0, 0, 0
26650, 281600, 0, 0, 0
26749, 382707, 0, 0, 0
26849, 373760, 0, 0, 0
26949, 317440, 0, 0, 0
27049, 302080, 0, 0, 0
27149, 291840, 0, 0, 0
27249, 322560, 0, 0, 0
27349, 291840, 0, 0, 0
27449, 296960, 0, 0, 0
27549, 332800, 0, 0, 0
27650, 291840, 0, 0, 0
27749, 294787, 0, 0, 0
27849, 291840, 0, 0, 0
27949, 291840, 0, 0, 0
28049, 296960, 0, 0, 0
28149, 332800, 0, 0, 0
28249, 296960, 0, 0, 0
28349, 307200, 0, 0, 0
28449, 302080, 0, 0, 0
28549, 394240, 0, 0, 0
28650, 261120, 0, 0, 0
28749, 305131, 0, 0, 0
28849, 250880, 0, 0, 0
28949, 225280, 0, 0, 0
29049, 256000, 0, 0, 0
29149, 399360, 0, 0, 0
29249, 302080, 0, 0, 0
29349, 296960, 0, 0, 0
29449, 322560, 0, 0, 0
29549, 317440, 0, 0, 0
29650, 348160, 0, 0, 0
29749, 284444, 0, 0, 0
29849, 271360, 0, 0, 0
29949, 271360, 0, 0, 0
30049, 291840, 0, 0, 0
30149, 358400, 0, 0, 0
30249, 317440, 0, 0, 0
30349, 312320, 0, 0, 0
30449, 322560, 0, 0, 0
30549, 307200, 0, 0, 0
30649, 281600, 0, 0, 0
30750, 276480, 0, 0, 0
30850, 327680, 0, 0, 0
30950, 327680, 0, 0, 0
31050, 286720, 0, 0, 0
31150, 307200, 0, 0, 0
31249, 263757, 0, 0, 0
31349, 327680, 0, 0, 0
31449, 271360, 0, 0, 0
31549, 322560, 0, 0, 0
31649, 307200, 0, 0, 0
31750, 358400, 0, 0, 0
31850, 291840, 0, 0, 0
31950, 368640, 0, 0, 0
32050, 307200, 0, 0, 0
32150, 363520, 0, 0, 0
32249, 279272, 0, 0, 0
32349, 317440, 0, 0, 0
32449, 296960, 0, 0, 0
32549, 317440, 0, 0, 0
32649, 271360, 0, 0, 0
32749, 312320, 0, 0, 0
32850, 343040, 0, 0, 0
32950, 419840, 0, 0, 0
33050, 291840, 0, 0, 0
33150, 245760, 0, 0, 0
33249, 299959, 0, 0, 0
33349, 296960, 0, 0, 0
33449, 317440, 0, 0, 0
33549, 302080, 0, 0, 0
33649, 256000, 0, 0, 0
33749, 337920, 0, 0, 0
33850, 337920, 0, 0, 0
33950, 281600, 0, 0, 0
34050, 276480, 0, 0, 0
34150, 276480, 0, 0, 0
34249, 284444, 0, 0, 0
34349, 307200, 0, 0, 0
34449, 250880, 0, 0, 0
34549, 276480, 0, 0, 0
34649, 348160, 0, 0, 0
34749, 389120, 0, 0, 0
34849, 240640, 0, 0, 0
34949, 317440, 0, 0, 0
35050, 276480, 0, 0, 0
35150, 240640, 0, 0, 0
35249, 310303, 0, 0, 0
35349, 266240, 0, 0, 0
35449, 286720, 0, 0, 0
35549, 317440, 0, 0, 0
35649, 307200, 0, 0, 0
35749, 312320, 0, 0, 0
35850, 281600, 0, 0, 0
35950, 240640, 0, 0, 0
36050, 353280, 0, 0, 0
36150, 276480, 0, 0, 0
36249, 279272, 0, 0, 0
36349, 271360, 0, 0, 0
36449, 271360, 0, 0, 0
36549, 419840, 0, 0, 0
36649, 384000, 0, 0, 0
36749, 281600, 0, 0, 0
36849, 281600, 0, 0, 0
36950, 348160, 0, 0, 0
37050, 302080, 0, 0, 0
37150, 302080, 0, 0, 0
37249, 330989, 0, 0, 0
37349, 317440, 0, 0, 0
37449, 332800, 0, 0, 0
37549, 291840, 0, 0, 0
37649, 337920, 0, 0, 0
37749, 271360, 0, 0, 0
37850, 317440, 0, 0, 0
37950, 317440, 0, 0, 0
38050, 286720, 0, 0, 0
38150, 322560, 0, 0, 0
38249, 289616, 0, 0, 0
38349, 317440, 0, 0, 0
38449, 337920, 0, 0, 0
38549, 281600, 0, 0, 0
38649, 281600, 0, 0, 0
38749, 302080, 0, 0, 0
38849, 348160, 0, 0, 0
38950, 256000, 0, 0, 0
39050, 302080, 0, 0, 0
39150, 348160, 0, 0, 0
39249, 268929, 0, 0, 0
39349, 307200, 0, 0, 0
39449, 256000, 0, 0, 0
39549, 363520, 0, 0, 0
39649, 307200, 0, 0, 0
39749, 281600, 0, 0, 0
39849, 358400, 0, 0, 0
39950, 291840, 0, 0, 0
40050, 307200, 0, 0, 0
40150, 353280, 0, 0, 0
40249, 237898, 0, 0, 0
40349, 302080, 0, 0, 0
40449, 291840, 0, 0, 0
40549, 271360, 0, 0, 0
40649, 322560, 0, 0, 0
40749, 256000, 0, 0, 0
40850, 307200, 0, 0, 0
40950, 317440, 0, 0, 0
41050, 302080, 0, 0, 0
41150, 348160, 0, 0, 0
41249, 372363, 0, 0, 0
41349, 343040, 0, 0, 0
41449, 317440, 0, 0, 0
41549, 337920, 0, 0, 0
41649, 296960, 0, 0, 0
41749, 317440, 0, 0, 0
41849, 317440, 0, 0, 0
41949, 281600, 0, 0, 0
42050, 266240, 0, 0, 0
42150, 281600, 0, 0, 0
42249, 336161, 0, 0, 0
42349, 327680, 0, 0, 0
42449, 368640, 0, 0, 0
42549, 286720, 0, 0, 0
42649, 286720, 0, 0, 0
42749, 256000, 0, 0, 0
42849, 281600, 0, 0, 0
42949, 271360, 0, 0, 0
43050, 317440, 0, 0, 0
43150, 261120, 0, 0, 0
43249, 294787, 0, 0, 0
43349, 327680, 0, 0, 0
43449, 317440, 0, 0, 0
43549, 363520, 0, 0, 0
43649, 286720, 0, 0, 0
43749, 302080, 0, 0, 0
43849, 317440, 0, 0, 0
43950, 307200, 0, 0, 0
44050, 291840, 0, 0, 0
44150, 276480, 0, 0, 0
44249, 289616, 0, 0, 0
44349, 363520, 0, 0, 0
44449, 256000, 0, 0, 0
44549, 276480, 0, 0, 0
44649, 317440, 0, 0, 0
44749, 296960, 0, 0, 0
44849, 378880, 0, 0, 0
44949, 230400, 0, 0, 0
45050, 271360, 0, 0, 0
45150, 261120, 0, 0, 0
45249, 299959, 0, 0, 0
45349, 230400, 0, 0, 0
45449, 225280, 0, 0, 0
45549, 378880, 0, 0, 0
45649, 256000, 0, 0, 0
45749, 302080, 0, 0, 0
45849, 302080, 0, 0, 0
45949, 276480, 0, 0, 0
46050, 256000, 0, 0, 0
46150, 343040, 0, 0, 0
46249, 310303, 0, 0, 0
46349, 327680, 0, 0, 0
46449, 327680, 0, 0, 0
46549, 281600, 0, 0, 0
46649, 322560, 0, 0, 0
46749, 250880, 0, 0, 0
46849, 291840, 0, 0, 0
46949, 337920, 0, 0, 0
47049, 220160, 0, 0, 0
47150, 353280, 0, 0, 0
47249, 330989, 0, 0, 0
47349, 312320, 0, 0, 0
47449, 312320, 0, 0, 0
47549, 271360, 0, 0, 0
47649, 358400, 0, 0, 0
47749, 307200, 0, 0, 0
47849, 291840, 0, 0, 0
47949, 389120, 0, 0, 0
48049, 302080, 0, 0, 0
48150, 343040, 0, 0, 0
48249, 336161, 0, 0, 0
48349, 204800, 0, 0, 0
48449, 368640, 0, 0, 0
48549, 281600, 0, 0, 0
48649, 312320, 0, 0, 0
48749, 353280, 0, 0, 0
48849, 317440, 0, 0, 0
48949, 368640, 0, 0, 0
49049, 261120, 0, 0, 0
49150, 286720, 0, 0, 0
49249, 274101, 0, 0, 0
49349, 312320, 0, 0, 0
49449, 281600, 0, 0, 0
49549, 240640, 0, 0, 0
49649, 327680, 0, 0, 0
49749, 296960, 0, 0, 0
49849, 276480, 0, 0, 0
49949, 286720, 0, 0, 0
50049, 327680, 0, 0, 0
50150, 215040, 0, 0, 0
50249, 315474, 0, 0, 0
50349, 220160, 0, 0, 0
50449, 322560, 0, 0, 0
50549, 276480, 0, 0, 0
50649, 281600, 0, 0, 0
50750, 217980, 0, 0, 0
50850, 245760, 0, 0, 0
50950, 245760, 0, 0, 0
51051, 332800, 0, 0, 0
51151, 317440, 0, 0, 0
51251, 276480, 0, 0, 0
51351, 327680, 0, 0, 0
51451, 353280, 0, 0, 0
51551, 266240, 0, 0, 0
51651, 291840, 0, 0, 0
51751, 337920, 0, 0, 0
51851, 286720, 0, 0, 0
51951, 235520, 0, 0, 0
52052, 302080, 0, 0, 0
52152, 266240, 0, 0, 0
52252, 363520, 0, 0, 0
52352, 302080, 0, 0, 0
52452, 286720, 0, 0, 0
52552, 312320, 0, 0, 0
52652, 312320, 0, 0, 0
52752, 312320, 0, 0, 0
52852, 296960, 0, 0, 0
52952, 322560, 0, 0, 0
53052, 302080, 0, 0, 0
53153, 312320, 0, 0, 0
53253, 358400, 0, 0, 0
53353, 384000, 0, 0, 0
53453, 343040, 0, 0, 0
53553, 266240, 0, 0, 0
53653, 271360, 0, 0, 0
53753, 286720, 0, 0, 0
53853, 245760, 0, 0, 0
53953, 322560, 0, 0, 0
54053, 332800, 0, 0, 0
54153, 276480, 0, 0, 0
54254, 317440, 0, 0, 0
54354, 271360, 0, 0, 0
54454, 271360, 0, 0, 0
54554, 261120, 0, 0, 0
54654, 332800, 0, 0, 0
54754, 261120, 0, 0, 0
54854, 343040, 0, 0, 0
54954, 302080, 0, 0, 0
55054, 271360, 0, 0, 0
55154, 307200, 0, 0, 0
55255, 266240, 0, 0, 0
55355, 394240, 0, 0, 0
55455, 220160, 0, 0, 0
55555, 327680, 0, 0, 0
55655, 271360, 0, 0, 0
55755, 332800, 0, 0, 0
55855, 358400, 0, 0, 0
55955, 302080, 0, 0, 0
56055, 322560, 0, 0, 0
56155, 286720, 0, 0, 0
56255, 322560, 0, 0, 0
56355, 271360, 0, 0, 0
56456, 291840, 0, 0, 0
56556, 286720, 0, 0, 0
56656, 327680, 0, 0, 0
56756, 266240, 0, 0, 0
56856, 230400, 0, 0, 0
56956, 307200, 0, 0, 0
57056, 261120, 0, 0, 0
57156, 256000, 0, 0, 0
57256, 327680, 0, 0, 0
57356, 296960, 0, 0, 0
57456, 327680, 0, 0, 0
57557, 358400, 0, 0, 0
57657, 327680, 0, 0, 0
57757, 276480, 0, 0, 0
57857, 353280, 0, 0, 0
57957, 215040, 0, 0, 0
58057, 286720, 0, 0, 0
58157, 317440, 0, 0, 0
58257, 256000, 0, 0, 0
58357, 281600, 0, 0, 0
58457, 250880, 0, 0, 0
58557, 312320, 0, 0, 0
58658, 240640, 0, 0, 0
58758, 276480, 0, 0, 0
58858, 296960, 0, 0, 0
58958, 266240, 0, 0, 0
59058, 281600, 0, 0, 0
59158, 332800, 0, 0, 0
59258, 225280, 0, 0, 0
59358, 312320, 0, 0, 0
59458, 302080, 0, 0, 0
59558, 276480, 0, 0, 0
59658, 240640, 0, 0, 0
59759, 266240, 0, 0, 0
59859, 332800, 0, 0, 0
59959, 286720, 0, 0, 0
