102, 5881297, 0, 0, 0
200, 5390339, 0, 0, 0
303, 5584675, 0, 0, 0
401, 5519609, 0, 0, 0
500, 5786139, 0, 0, 0
602, 5137073, 0, 0, 0
700, 5795482, 0, 0, 0
802, 5228511, 0, 0, 0
901, 5434597, 0, 0, 0
1001, 6247681, 0, 0, 0
1110, 6119112, 0, 0, 0
1200, 6977681, 0, 0, 0
1302, 5503375, 0, 0, 0
1402, 5923642, 0, 0, 0
1502, 5526193, 0, 0, 0
1600, 5398372, 0, 0, 0
1700, 6558477, 0, 0, 0
1803, 5184633, 0, 0, 0
1900, 5602228, 0, 0, 0
2002, 5534197, 0, 0, 0
2101, 6249620, 0, 0, 0
2202, 5894853, 0, 0, 0
2305, 5674462, 0, 0, 0
2402, 5451513, 0, 0, 0
2500, 5846372, 0, 0, 0
2602, 5174097, 0, 0, 0
2702, 6896715, 0, 0, 0
2800, 6128383, 0, 0, 0
2901, 6797627, 0, 0, 0
3000, 5478025, 0, 0, 0
3106, 5871880, 0, 0, 0
3203, 5526073, 0, 0, 0
3300, 6513980, 0, 0, 0
3404, 4549594, 0, 0, 0
3501, 5124436, 0, 0, 0
3602, 5673785, 0, 0, 0
3702, 5930277, 0, 0, 0
3805, 5800577, 0, 0, 0
3905, 7353124, 0, 0, 0
4002, 5815911, 0, 0, 0
4101, 5414984, 0, 0, 0
4200, 6410270, 0, 0, 0
4303, 6228406, 0, 0, 0
4403, 5223305, 0, 0, 0
4500, 5877511, 0, 0, 0
4600, 6995785, 0, 0, 0
4700, 5562305, 0, 0, 0
4800, 5550666, 0, 0, 0
4900, 6474788, 0, 0, 0
5001, 7134376, 0, 0, 0
5102, 5756481, 0, 0, 0
5203, 7314448, 0, 0, 0
5300, 5533329, 0, 0, 0
5400, 6509672, 0, 0, 0
5505, 5965830, 0, 0, 0
5600, 6488296, 0, 0, 0
5700, 5278107, 0, 0, 0
5803, 5630450, 0, 0, 0
5900, 5373372, 0, 0, 0
6000, 6640639, 0, 0, 0
6104, 5213736, 0, 0, 0
6203, 5993426, 0, 0, 0
6301, 5822047, 0, 0, 0
6401, 5607045, 0, 0, 0
6502, 6294299, 0, 0, 0
6601, 5569048, 0, 0, 0
6701, 6082762, 0, 0, 0
6802, 5091929, 0, 0, 0
6902, 6228281, 0, 0, 0
7000, 6144025, 0, 0, 0
7104, 5953366, 0, 0, 0
7206, 5699013, 0, 0, 0
7302, 7348320, 0, 0, 0
7405, 5814530, 0, 0, 0
7504, 5887347, 0, 0, 0
7602, 6538392, 0, 0, 0
7700, 6553345, 0, 0, 0
7802, 6743568, 0, 0, 0
7900, 5756471, 0, 0, 0
8004, 5613308, 0, 0, 0
8106, 5177024, 0, 0, 0
8205, 6098132, 0, 0, 0
8302, 6143373, 0, 0, 0
8405, 6068015, 0, 0, 0
8503, 4993020, 0, 0, 0
8600, 6549482, 0, 0, 0
8702, 5503661, 0, 0, 0
8801, 5713171, 0, 0, 0
8902, 5589798, 0, 0, 0
9000, 6466790, 0, 0, 0
9101, 5681694, 0, 0, 0
9200, 5119280, 0, 0, 0
9301, 6228393, 0, 0, 0
9400, 6136793, 0, 0, 0
9500, 6250720, 0, 0, 0
9602, 5075067, 0, 0, 0
9700, 5155362, 0, 0, 0
9803, 6338824, 0, 0, 0
9902, 5800764, 0, 0, 0
10001, 5070196, 0, 0, 0
10101, 5329329, 0, 0, 0
10203, 5932701, 0, 0, 0
10301, 5622301, 0, 0, 0
10401, 5575752, 0, 0, 0
10500, 6200413, 0, 0, 0
10600, 5435421, 0, 0, 0
10701, 5239212, 0, 0, 0
10800, 4775425, 0, 0, 0
10900, 5683395, 0, 0, 0
11002, 6301779, 0, 0, 0
11100, 5430819, 0, 0, 0
11201, 5036625, 0, 0, 0
11302, 6664216, 0, 0, 0
11402, 6026744, 0, 0, 0
11502, 5761394, 0, 0, 0
11607, 5875896, 0, 0, 0
11701, 6285095, 0, 0, 0
11801, 6594959, 0, 0, 0
11902, 5685590, 0, 0, 0
12001, 5140766, 0, 0, 0
12103, 5468167, 0, 0, 0
12204, 5510800, 0, 0, 0
12303, 6090685, 0, 0, 0
12403, 6612030, 0, 0, 0
12505, 5708976, 0, 0, 0
12601, 6011831, 0, 0, 0
12701, 6033952, 0, 0, 0
12800, 5836942, 0, 0, 0
12900, 5865410, 0, 0, 0
13002, 6721976, 0, 0, 0
13103, 6375974, 0, 0, 0
13202, 7063745, 0, 0, 0
13301, 6824630, 0, 0, 0
13402, 6144783, 0, 0, 0
13503, 5635298, 0, 0, 0
13601, 5827079, 0, 0, 0
13702, 7571708, 0, 0, 0
13801, 5535437, 0, 0, 0
13902, 6254180, 0, 0, 0
14002, 5246983, 0, 0, 0
14100, 6357479, 0, 0, 0
14200, 5264899, 0, 0, 0
14300, 7167218, 0, 0, 0
14403, 5787030, 0, 0, 0
14504, 5921242, 0, 0, 0
14602, 6459902, 0, 0, 0
14700, 6033347, 0, 0, 0
14801, 5635212, 0, 0, 0
14904, 6201783, 0, 0, 0
15002, 6219500, 0, 0, 0
15102, 6331298, 0, 0, 0
15200, 5972688, 0, 0, 0
15301, 5768236, 0, 0, 0
15401, 6096208, 0, 0, 0
15500, 5846727, 0, 0, 0
15601, 5358942, 0, 0, 0
15702, 6788506, 0, 0, 0
15806, 5218518, 0, 0, 0
15905, 7099020, 0, 0, 0
16003, 5533480, 0, 0, 0
16102, 5630462, 0, 0, 0
16201, 5255654, 0, 0, 0
16303, 5078755, 0, 0, 0
16403, 6812938, 0, 0, 0
16500, 5633298, 0, 0, 0
16602, 5217098, 0, 0, 0
16700, 5510377, 0, 0, 0
16809, 5915849, 0, 0, 0
16900, 5414969, 0, 0, 0
17002, 5506159, 0, 0, 0
17100, 5581971, 0, 0, 0
17200, 6136151, 0, 0, 0
17302, 5543884, 0, 0, 0
17400, 5829193, 0, 0, 0
17500, 6068535, 0, 0, 0
17606, 5225968, 0, 0, 0
17702, 6006990, 0, 0, 0
17802, 5219466, 0, 0, 0
17902, 5284647, 0, 0, 0
18000, 5619215, 0, 0, 0
18101, 6487824, 0, 0, 0
18200, 5898727, 0, 0, 0
18301, 5402084, 0, 0, 0
18402, 5847138, 0, 0, 0
18500, 5864906, 0, 0, 0
18601, 5570254, 0, 0, 0
18703, 6861618, 0, 0, 0
18800, 4848598, 0, 0, 0
18900, 6106867, 0, 0, 0
19004, 5987734, 0, 0, 0
19102, 5464332, 0, 0, 0
19204, 6679123, 0, 0, 0
19302, 5165242, 0, 0, 0
19403, 5113836, 0, 0, 0
19501, 6537899, 0, 0, 0
19603, 5591427, 0, 0, 0
19700, 5490691, 0, 0, 0
19803, 5478811, 0, 0, 0
19900, 6073708, 0, 0, 0
20002, 4356368, 0, 0, 0
20100, 5598801, 0, 0, 0
20203, 5250010, 0, 0, 0
20302, 6230495, 0, 0, 0
20403, 5835062, 0, 0, 0
20500, 5545581, 0, 0, 0
20603, 5308723, 0, 0, 0
20702, 6439008, 0, 0, 0
20800, 5748657, 0, 0, 0
20902, 6317521, 0, 0, 0
21004, 5177101, 0, 0, 0
21102, 6148189, 0, 0, 0
21201, 5823819, 0, 0, 0
21300, 5681524, 0, 0, 0
21400, 5893228, 0, 0, 0
21500, 6087981, 0, 0, 0
21611, 6260955, 0, 0, 0
21701, 6422488, 0, 0, 0
21801, 7605003, 0, 0, 0
21900, 6219655, 0, 0, 0
22011, 5053060, 0, 0, 0
22102, 5701625, 0, 0, 0
22200, 5688094, 0, 0, 0
22304, 5942354, 0, 0, 0
22405, 6538343, 0, 0, 0
22506, 5164031, 0, 0, 0
22603, 6448954, 0, 0, 0
22703, 5260620, 0, 0, 0
22802, 5401605, 0, 0, 0
22900, 5766461, 0, 0, 0
23004, 4981234, 0, 0, 0
23101, 5502144, 0, 0, 0
23201, 5728491, 0, 0, 0
23300, 5502695, 0, 0, 0
23405, 5325024, 0, 0, 0
23501, 6279324, 0, 0, 0
23601, 6130477, 0, 0, 0
23700, 5888694, 0, 0, 0
23801, 5781918, 0, 0, 0
23901, 5513038, 0, 0, 0
24000, 6398341, 0, 0, 0
24100, 6604632, 0, 0, 0
24202, 6051809, 0, 0, 0
24300, 6314204, 0, 0, 0
24400, 6307359, 0, 0, 0
24500, 5870153, 0, 0, 0
24603, 5232022, 0, 0, 0
24701, 5004558, 0, 0, 0
24800, 6604697, 0, 0, 0
24900, 6315098, 0, 0, 0
25001, 5924638, 0, 0, 0
25100, 5563580, 0, 0, 0
25201, 5209144, 0, 0, 0
25302, 6347593, 0, 0, 0
25401, 5170254, 0, 0, 0
25500, 5397012, 0, 0, 0
25601, 5170667, 0, 0, 0
25701, 5251613, 0, 0, 0
25800, 5785613, 0, 0, 0
25901, 5240616, 0, 0, 0
26000, 4423237, 0, 0, 0
26100, 5377138, 0, 0, 0
26210, 5713004, 0, 0, 0
26302, 6261946, 0, 0, 0
26400, 5052959, 0, 0, 0
26501, 5328814, 0, 0, 0
26607, 5592481, 0, 0, 0
26700, 6017179, 0, 0, 0
26800, 5349824, 0, 0, 0
26901, 5318738, 0, 0, 0
27006, 5974251, 0, 0, 0
27103, 5281767, 0, 0, 0
27201, 5216155, 0, 0, 0
27308, 6402594, 0, 0, 0
27401, 5515559, 0, 0, 0
27502, 7965484, 0, 0, 0
27600, 4954386, 0, 0, 0
27700, 5368987, 0, 0, 0
27802, 5324412, 0, 0, 0
27902, 6058929, 0, 0, 0
28001, 5652284, 0, 0, 0
28101, 6472290, 0, 0, 0
28200, 5482325, 0, 0, 0
28300, 6079947, 0, 0, 0
28405, 5451590, 0, 0, 0
28503, 5992233, 0, 0, 0
28601, 6205068, 0, 0, 0
28701, 5245826, 0, 0, 0
28800, 5868631, 0, 0, 0
28902, 5536164, 0, 0, 0
29002, 5944500, 0, 0, 0
29100, 5122414, 0, 0, 0
29200, 6941098, 0, 0, 0
29301, 5777132, 0, 0, 0
29401, 5761377, 0, 0, 0
29504, 6171515, 0, 0, 0
29602, 5165681, 0, 0, 0
29704, 5642262, 0, 0, 0
29800, 6371312, 0, 0, 0
29900, 5179118, 0, 0, 0
30000, 5995946, 0, 0, 0
30100, 6339508, 0, 0, 0
30202, 6933875, 0, 0, 0
30300, 5702971, 0, 0, 0
30402, 6120062, 0, 0, 0
30501, 5815129, 0, 0, 0
30601, 6083676, 0, 0, 0
30707, 5005499, 0, 0, 0
30800, 5614963, 0, 0, 0
30904, 6671419, 0, 0, 0
31002, 6089377, 0, 0, 0
31100, 5876563, 0, 0, 0
31200, 5891237, 0, 0, 0
31302, 4562052, 0, 0, 0
31401, 5897530, 0, 0, 0
31501, 5423405, 0, 0, 0
31602, 6095274, 0, 0, 0
31702, 5629214, 0, 0, 0
31801, 5956243, 0, 0, 0
31903, 5029547, 0, 0, 0
32000, 5922804, 0, 0, 0
32103, 6195669, 0, 0, 0
32200, 6949718, 0, 0, 0
32303, 6301230, 0, 0, 0
32404, 5378757, 0, 0, 0
32501, 5606438, 0, 0, 0
32600, 5510287, 0, 0, 0
32702, 6332460, 0, 0, 0
32802, 6175818, 0, 0, 0
32901, 6124522, 0, 0, 0
33001, 6026369, 0, 0, 0
33100, 7373863, 0, 0, 0
33204, 6102877, 0, 0, 0
33301, 5114729, 0, 0, 0
33404, 5623866, 0, 0, 0
33502, 6146554, 0, 0, 0
33600, 5644434, 0, 0, 0
33701, 6307183, 0, 0, 0
33802, 5423123, 0, 0, 0
33901, 5819079, 0, 0, 0
34000, 7403600, 0, 0, 0
34101, 6144646, 0, 0, 0
34201, 6052119, 0, 0, 0
34300, 5882064, 0, 0, 0
34402, 5049626, 0, 0, 0
34501, 6002095, 0, 0, 0
34601, 6522881, 0, 0, 0
34703, 6375879, 0, 0, 0
34804, 6548516, 0, 0, 0
34904, 5975488, 0, 0, 0
35002, 5362903, 0, 0, 0
35101, 6194798, 0, 0, 0
35200, 5686365, 0, 0, 0
35300, 6152871, 0, 0, 0
35401, 5259393, 0, 0, 0
35502, 5848548, 0, 0, 0
35603, 5711098, 0, 0, 0
35707, 5967099, 0, 0, 0
35801, 6162934, 0, 0, 0
35901, 4868374, 0, 0, 0
36001, 6015872, 0, 0, 0
36100, 5170581, 0, 0, 0
36201, 5812062, 0, 0, 0
36301, 5195506, 0, 0, 0
36406, 6710660, 0, 0, 0
36503, 6109493, 0, 0, 0
36602, 5725323, 0, 0, 0
36708, 7255095, 0, 0, 0
36802, 5784075, 0, 0, 0
36901, 7123692, 0, 0, 0
37007, 5070802, 0, 0, 0
37101, 6441311, 0, 0, 0
37202, 5371524, 0, 0, 0
37303, 6146812, 0, 0, 0
37405, 5791097, 0, 0, 0
37502, 7579693, 0, 0, 0
37601, 5916373, 0, 0, 0
37704, 6655382, 0, 0, 0
37800, 6720410, 0, 0, 0
37900, 6338994, 0, 0, 0
38001, 5669318, 0, 0, 0
38103, 5086152, 0, 0, 0
38200, 6477760, 0, 0, 0
38303, 6716961, 0, 0, 0
38404, 5618849, 0, 0, 0
38501, 6004262, 0, 0, 0
38600, 6177499, 0, 0, 0
38702, 6454571, 0, 0, 0
38801, 5743944, 0, 0, 0
38900, 5816557, 0, 0, 0
39001, 6191126, 0, 0, 0
39100, 5803668, 0, 0, 0
39201, 5898577, 0, 0, 0
39302, 5592761, 0, 0, 0
39401, 6702695, 0, 0, 0
39502, 5340004, 0, 0, 0
39601, 6653172, 0, 0, 0
39700, 6055431, 0, 0, 0
39804, 5311414, 0, 0, 0
39900, 5906716, 0, 0, 0
40002, 5545372, 0, 0, 0
40102, 5400219, 0, 0, 0
40201, 5388018, 0, 0, 0
40302, 5816508, 0, 0, 0
40402, 5483721, 0, 0, 0
40502, 6292139, 0, 0, 0
40607, 5664940, 0, 0, 0
40703, 6338081, 0, 0, 0
40806, 5233628, 0, 0, 0
40902, 5262983, 0, 0, 0
41000, 6018385, 0, 0, 0
41103, 5054298, 0, 0, 0
41201, 6014407, 0, 0, 0
41302, 5307893, 0, 0, 0
41403, 5401129, 0, 0, 0
41502, 6036158, 0, 0, 0
41604, 5766162, 0, 0, 0
41700, 5608292, 0, 0, 0
41802, 5895035, 0, 0, 0
41901, 7655428, 0, 0, 0
42002, 5609278, 0, 0, 0
42102, 5667732, 0, 0, 0
42201, 5407874, 0, 0, 0
42300, 5994191, 0, 0, 0
42402, 6762118, 0, 0, 0
42501, 5276724, 0, 0, 0
42600, 5825735, 0, 0, 0
42702, 5274446, 0, 0, 0
42800, 5348076, 0, 0, 0
42904, 5393160, 0, 0, 0
43004, 5281400, 0, 0, 0
43102, 5440163, 0, 0, 0
43203, 6486984, 0, 0, 0
43300, 5826173, 0, 0, 0
43401, 4976742, 0, 0, 0
43502, 5272578, 0, 0, 0
43601, 6737179, 0, 0, 0
43701, 6012230, 0, 0, 0
43803, 5564174, 0, 0, 0
43900, 6465900, 0, 0, 0
44002, 5939954, 0, 0, 0
44100, 6277957, 0, 0, 0
44200, 6527218, 0, 0, 0
44300, 6117259, 0, 0, 0
44400, 5451842, 0, 0, 0
44500, 5056594, 0, 0, 0
44600, 6852599, 0, 0, 0
44701, 6137624, 0, 0, 0
44804, 5216805, 0, 0, 0
44902, 4923808, 0, 0, 0
45001, 6884464, 0, 0, 0
45100, 5987412, 0, 0, 0
45202, 5583179, 0, 0, 0
45302, 6305982, 0, 0, 0
45400, 5641238, 0, 0, 0
45503, 6321535, 0, 0, 0
45602, 5685805, 0, 0, 0
45700, 5631819, 0, 0, 0
45800, 5195014, 0, 0, 0
45903, 5205394, 0, 0, 0
46000, 5253421, 0, 0, 0
46104, 6069671, 0, 0, 0
46203, 5933494, 0, 0, 0
46304, 6109047, 0, 0, 0
46401, 6141244, 0, 0, 0
46500, 5275828, 0, 0, 0
46601, 6168591, 0, 0, 0
46706, 5374601, 0, 0, 0
46801, 5438552, 0, 0, 0
46901, 5153544, 0, 0, 0
47002, 4717546, 0, 0, 0
47101, 5984277, 0, 0, 0
47202, 6093292, 0, 0, 0
47301, 6895851, 0, 0, 0
47400, 6287027, 0, 0, 0
47501, 4926255, 0, 0, 0
47601, 6428228, 0, 0, 0
47701, 5276654, 0, 0, 0
47800, 6429942, 0, 0, 0
47901, 5239282, 0, 0, 0
48002, 5977315, 0, 0, 0
48102, 5972106, 0, 0, 0
48201, 5236789, 0, 0, 0
48304, 5835490, 0, 0, 0
48400, 6378370, 0, 0, 0
48504, 6627657, 0, 0, 0
48600, 5570437, 0, 0, 0
48702, 6731145, 0, 0, 0
48800, 5453893, 0, 0, 0
48903, 6246073, 0, 0, 0
49001, 5145591, 0, 0, 0
49100, 6608513, 0, 0, 0
49213, 7206456, 0, 0, 0
49300, 6847801, 0, 0, 0
49401, 5734589, 0, 0, 0
49500, 5467687, 0, 0, 0
49601, 7298476, 0, 0, 0
49703, 5075717, 0, 0, 0
49800, 6296317, 0, 0, 0
49902, 5357560, 0, 0, 0
50001, 7236064, 0, 0, 0
50103, 5752784, 0, 0, 0
50201, 6427569, 0, 0, 0
50300, 6101015, 0, 0, 0
50401, 5825896, 0, 0, 0
50507, 6527282, 0, 0, 0
50603, 5739960, 0, 0, 0
50702, 5512251, 0, 0, 0
50802, 5541016, 0, 0, 0
50901, 6940805, 0, 0, 0
51001, 6083415, 0, 0, 0
51101, 5909196, 0, 0, 0
51206, 6220921, 0, 0, 0
51301, 6638125, 0, 0, 0
51402, 5718992, 0, 0, 0
51502, 6283483, 0, 0, 0
51601, 5656835, 0, 0, 0
51702, 5845775, 0, 0, 0
51801, 6414807, 0, 0, 0
51904, 6358296, 0, 0, 0
52001, 6054686, 0, 0, 0
52101, 5241081, 0, 0, 0
52201, 5551894, 0, 0, 0
52302, 5587244, 0, 0, 0
52402, 6360988, 0, 0, 0
52504, 5981110, 0, 0, 0
52605, 6778159, 0, 0, 0
52702, 5747958, 0, 0, 0
52802, 5415917, 0, 0, 0
52900, 6982434, 0, 0, 0
53003, 5752968, 0, 0, 0
53100, 6069542, 0, 0, 0
53200, 5708367, 0, 0, 0
53301, 5047343, 0, 0, 0
53401, 5713280, 0, 0, 0
53500, 7487718, 0, 0, 0
53603, 5385791, 0, 0, 0
53702, 5744228, 0, 0, 0
53800, 5345176, 0, 0, 0
53902, 7569737, 0, 0, 0
54002, 6341725, 0, 0, 0
54104, 5380581, 0, 0, 0
54202, 6649140, 0, 0, 0
54303, 5913737, 0, 0, 0
54403, 6012504, 0, 0, 0
54501, 6145515, 0, 0, 0
54600, 6692951, 0, 0, 0
54702, 5955889, 0, 0, 0
54804, 5797813, 0, 0, 0
54900, 5258537, 0, 0, 0
55004, 6838205, 0, 0, 0
55103, 6954575, 0, 0, 0
55200, 5677540, 0, 0, 0
55301, 5740577, 0, 0, 0
55401, 7368002, 0, 0, 0
55503, 5642747, 0, 0, 0
55601, 7015571, 0, 0, 0
55701, 6713543, 0, 0, 0
55805, 6957096, 0, 0, 0
55900, 5820641, 0, 0, 0
56003, 5571957, 0, 0, 0
56108, 6184938, 0, 0, 0
56201, 5237324, 0, 0, 0
56300, 5552537, 0, 0, 0
56401, 5718686, 0, 0, 0
56508, 5264514, 0, 0, 0
56600, 6343546, 0, 0, 0
56701, 6373465, 0, 0, 0
56801, 5775577, 0, 0, 0
56907, 5670693, 0, 0, 0
57002, 5649547, 0, 0, 0
57102, 6310116, 0, 0, 0
57201, 6510260, 0, 0, 0
57300, 6103062, 0, 0, 0
57411, 7404046, 0, 0, 0
57503, 5052968, 0, 0, 0
57603, 5635488, 0, 0, 0
57700, 5925577, 0, 0, 0
57800, 5138798, 0, 0, 0
57900, 5172823, 0, 0, 0
58000, 5520626, 0, 0, 0
58101, 5547977, 0, 0, 0
58200, 5292069, 0, 0, 0
58302, 5797151, 0, 0, 0
58401, 6332030, 0, 0, 0
58500, 5944176, 0, 0, 0
58601, 5773207, 0, 0, 0
58700, 5856979, 0, 0, 0
58802, 5448435, 0, 0, 0
58903, 6907144, 0, 0, 0
59004, 5762692, 0, 0, 0
59102, 5981987, 0, 0, 0
59203, 6793511, 0, 0, 0
59303, 6369085, 0, 0, 0
59400, 5897598, 0, 0, 0
59503, 4862765, 0, 0, 0
59602, 5964098, 0, 0, 0
59701, 6881212, 0, 0, 0
59807, 5863213, 0, 0, 0
59903, 5678769, 0, 0, 0
60005, 5836479, 0, 0, 0
60100, 6411679, 0, 0, 0
60202, 5860508, 0, 0, 0
60302, 6295374, 0, 0, 0
60402, 5153871, 0, 0, 0
60502, 5793731, 0, 0, 0
60600, 5907801, 0, 0, 0
60701, 5477556, 0, 0, 0
60802, 4945981, 0, 0, 0
60903, 5351276, 0, 0, 0
61004, 5650653, 0, 0, 0
61100, 5184937, 0, 0, 0
61204, 5906321, 0, 0, 0
61304, 5922151, 0, 0, 0
61404, 5766572, 0, 0, 0
61501, 5962505, 0, 0, 0
61605, 6362406, 0, 0, 0
61703, 5298845, 0, 0, 0
61800, 5278166, 0, 0, 0
61902, 6774401, 0, 0, 0
62002, 6281430, 0, 0, 0
62100, 5546753, 0, 0, 0
62203, 6349346, 0, 0, 0
62303, 4981294, 0, 0, 0
62400, 5694546, 0, 0, 0
62505, 5615587, 0, 0, 0
62602, 5680680, 0, 0, 0
62701, 5520969, 0, 0, 0
62800, 6113862, 0, 0, 0
62901, 6291843, 0, 0, 0
63003, 6095848, 0, 0, 0
63104, 5231653, 0, 0, 0
63202, 6054116, 0, 0, 0
63301, 5906305, 0, 0, 0
63403, 6093552, 0, 0, 0
63501, 6196162, 0, 0, 0
63603, 6142101, 0, 0, 0
63702, 5760354, 0, 0, 0
63804, 5991947, 0, 0, 0
63903, 5117157, 0, 0, 0
64001, 5967397, 0, 0, 0
64101, 5143711, 0, 0, 0
64204, 5359558, 0, 0, 0
64302, 6329483, 0, 0, 0
64402, 5447507, 0, 0, 0
64501, 6057364, 0, 0, 0
64601, 5149298, 0, 0, 0
64704, 5071224, 0, 0, 0
64802, 6846284, 0, 0, 0
64900, 5731170, 0, 0, 0
65001, 5641282, 0, 0, 0
65107, 5883058, 0, 0, 0
65202, 5847173, 0, 0, 0
65300, 5436286, 0, 0, 0
65403, 5873160, 0, 0, 0
65501, 6287019, 0, 0, 0
65600, 6197079, 0, 0, 0
65701, 6186146, 0, 0, 0
65801, 6653814, 0, 0, 0
65900, 6120725, 0, 0, 0
66001, 5887632, 0, 0, 0
66100, 5560202, 0, 0, 0
66202, 5552806, 0, 0, 0
66304, 5338814, 0, 0, 0
66402, 4796050, 0, 0, 0
66500, 5639904, 0, 0, 0
66602, 6000485, 0, 0, 0
66700, 5667791, 0, 0, 0
66801, 5782110, 0, 0, 0
66909, 6416316, 0, 0, 0
67001, 5980956, 0, 0, 0
67101, 5978920, 0, 0, 0
67201, 4922624, 0, 0, 0
67304, 6197544, 0, 0, 0
67400, 5422578, 0, 0, 0
67500, 4748482, 0, 0, 0
67603, 6417979, 0, 0, 0
67701, 5328865, 0, 0, 0
67801, 5663985, 0, 0, 0
67901, 5382923, 0, 0, 0
68001, 5787496, 0, 0, 0
68100, 5499560, 0, 0, 0
68202, 5897769, 0, 0, 0
68300, 5643105, 0, 0, 0
68402, 5338797, 0, 0, 0
68503, 6673710, 0, 0, 0
68600, 5254682, 0, 0, 0
68700, 6307535, 0, 0, 0
68800, 5836469, 0, 0, 0
68906, 4913552, 0, 0, 0
69001, 6367579, 0, 0, 0
69100, 5676561, 0, 0, 0
69202, 5777715, 0, 0, 0
69301, 5496603, 0, 0, 0
69401, 5629703, 0, 0, 0
69500, 7003385, 0, 0, 0
69601, 6106784, 0, 0, 0
69703, 5503394, 0, 0, 0
69801, 6908003, 0, 0, 0
69902, 5778979, 0, 0, 0
70002, 6420869, 0, 0, 0
70101, 5167546, 0, 0, 0
70200, 5315784, 0, 0, 0
70302, 5718015, 0, 0, 0
70402, 6244018, 0, 0, 0
70503, 5866521, 0, 0, 0
70602, 6494085, 0, 0, 0
70705, 5641836, 0, 0, 0
70801, 5718371, 0, 0, 0
70901, 6124876, 0, 0, 0
71002, 5547365, 0, 0, 0
71100, 5727476, 0, 0, 0
71200, 4560602, 0, 0, 0
71302, 5995582, 0, 0, 0
71400, 5912323, 0, 0, 0
71503, 5576418, 0, 0, 0
71606, 5376848, 0, 0, 0
71701, 5716483, 0, 0, 0
71804, 6365125, 0, 0, 0
71902, 4936516, 0, 0, 0
72003, 5728823, 0, 0, 0
72104, 5194649, 0, 0, 0
72200, 5940024, 0, 0, 0
72302, 5388774, 0, 0, 0
72401, 6299643, 0, 0, 0
72503, 5547739, 0, 0, 0
72603, 5914063, 0, 0, 0
72702, 5349942, 0, 0, 0
72800, 5089477, 0, 0, 0
72901, 6426378, 0, 0, 0
73000, 6025974, 0, 0, 0
73102, 5818625, 0, 0, 0
73200, 5832472, 0, 0, 0
73302, 5427575, 0, 0, 0
73403, 5559374, 0, 0, 0
73501, 6169442, 0, 0, 0
73603, 4756336, 0, 0, 0
73700, 7385647, 0, 0, 0
73801, 5757126, 0, 0, 0
73904, 6309938, 0, 0, 0
74000, 6010088, 0, 0, 0
74104, 5442187, 0, 0, 0
74201, 5282764, 0, 0, 0
74302, 5459345, 0, 0, 0
74402, 5270108, 0, 0, 0
74502, 5847281, 0, 0, 0
74603, 5555645, 0, 0, 0
74704, 5954644, 0, 0, 0
74803, 5162955, 0, 0, 0
74900, 5858782, 0, 0, 0
75001, 5907151, 0, 0, 0
75100, 5487129, 0, 0, 0
75202, 5790355, 0, 0, 0
75307, 5998942, 0, 0, 0
75401, 6460955, 0, 0, 0
75500, 6567896, 0, 0, 0
75602, 6423486, 0, 0, 0
75702, 6290511, 0, 0, 0
75802, 5128881, 0, 0, 0
75900, 5384114, 0, 0, 0
76002, 5687094, 0, 0, 0
76100, 6018155, 0, 0, 0
76203, 4973412, 0, 0, 0
76301, 5601258, 0, 0, 0
76400, 5736420, 0, 0, 0
76500, 4751129, 0, 0, 0
76601, 5375469, 0, 0, 0
76700, 5629463, 0, 0, 0
76800, 5794049, 0, 0, 0
76902, 5805955, 0, 0, 0
77001, 5209799, 0, 0, 0
77101, 6685553, 0, 0, 0
77201, 5079378, 0, 0, 0
77303, 6124691, 0, 0, 0
77402, 5715790, 0, 0, 0
77501, 4849244, 0, 0, 0
77601, 5272016, 0, 0, 0
77701, 4904125, 0, 0, 0
77802, 5825996, 0, 0, 0
77902, 6452716, 0, 0, 0
78002, 5548697, 0, 0, 0
78104, 5316608, 0, 0, 0
78202, 6019747, 0, 0, 0
78302, 6303709, 0, 0, 0
78403, 5992529, 0, 0, 0
78502, 5734096, 0, 0, 0
78602, 5706373, 0, 0, 0
78704, 5240765, 0, 0, 0
78800, 4724628, 0, 0, 0
78904, 5877754, 0, 0, 0
79001, 5419047, 0, 0, 0
79100, 7062248, 0, 0, 0
79200, 5279654, 0, 0, 0
79303, 5974578, 0, 0, 0
79401, 5781814, 0, 0, 0
79503, 5198958, 0, 0, 0
79601, 7272936, 0, 0, 0
79700, 5721622, 0, 0, 0
79800, 5734411, 0, 0, 0
79901, 5390174, 0, 0, 0
80000, 6409711, 0, 0, 0
80107, 5477842, 0, 0, 0
80201, 5791843, 0, 0, 0
80301, 6300185, 0, 0, 0
80401, 5275714, 0, 0, 0
80501, 5089756, 0, 0, 0
80603, 5742524, 0, 0, 0
80702, 5782908, 0, 0, 0
80800, 5712623, 0, 0, 0
80901, 6006748, 0, 0, 0
81001, 5988442, 0, 0, 0
81101, 6882460, 0, 0, 0
81202, 4996534, 0, 0, 0
81306, 5895858, 0, 0, 0
81400, 5482585, 0, 0, 0
81501, 4879924, 0, 0, 0
81600, 5732403, 0, 0, 0
81700, 5556615, 0, 0, 0
81800, 5993463, 0, 0, 0
81900, 7120393, 0, 0, 0
82001, 6135376, 0, 0, 0
82104, 6312490, 0, 0, 0
82200, 5996631, 0, 0, 0
82304, 5650759, 0, 0, 0
82404, 5572429, 0, 0, 0
82500, 4943778, 0, 0, 0
82611, 4978980, 0, 0, 0
82701, 6315631, 0, 0, 0
82801, 5790797, 0, 0, 0
82900, 5008244, 0, 0, 0
83004, 6248535, 0, 0, 0
83101, 5771618, 0, 0, 0
83200, 5148930, 0, 0, 0
83300, 5534639, 0, 0, 0
83400, 5524623, 0, 0, 0
83500, 5890343, 0, 0, 0
83603, 5784551, 0, 0, 0
83707, 6230951, 0, 0, 0
83801, 6056312, 0, 0, 0
83900, 5912275, 0, 0, 0
84002, 5734456, 0, 0, 0
84102, 5690383, 0, 0, 0
84201, 4996473, 0, 0, 0
84300, 5224960, 0, 0, 0
84400, 5014358, 0, 0, 0
84502, 6712932, 0, 0, 0
84606, 6306897, 0, 0, 0
84700, 5777141, 0, 0, 0
84802, 5692937, 0, 0, 0
84900, 5484138, 0, 0, 0
85007, 5217518, 0, 0, 0
85102, 5792065, 0, 0, 0
85200, 5977287, 0, 0, 0
85301, 6321828, 0, 0, 0
85400, 5481365, 0, 0, 0
85504, 5910026, 0, 0, 0
85602, 6652888, 0, 0, 0
85702, 6684829, 0, 0, 0
85800, 5921147, 0, 0, 0
85901, 4873209, 0, 0, 0
86003, 6527278, 0, 0, 0
86100, 6669854, 0, 0, 0
86202, 5469847, 0, 0, 0
86300, 5796177, 0, 0, 0
86400, 6131109, 0, 0, 0
86500, 5908513, 0, 0, 0
86602, 5426508, 0, 0, 0
86702, 5884387, 0, 0, 0
86800, 5907752, 0, 0, 0
86909, 6524700, 0, 0, 0
87001, 4702165, 0, 0, 0
87102, 6347318, 0, 0, 0
87200, 5519576, 0, 0, 0
87300, 5363957, 0, 0, 0
87405, 5257984, 0, 0, 0
87500, 6735800, 0, 0, 0
87606, 5832044, 0, 0, 0
87701, 5726525, 0, 0, 0
87806, 5750870, 0, 0, 0
87900, 5720349, 0, 0, 0
88000, 6571770, 0, 0, 0
88101, 5020605, 0, 0, 0
88200, 6452031, 0, 0, 0
88301, 6811047, 0, 0, 0
88408, 5874232, 0, 0, 0
88501, 5877151, 0, 0, 0
88604, 6084518, 0, 0, 0
88702, 6026859, 0, 0, 0
88801, 5720510, 0, 0, 0
88902, 7841686, 0, 0, 0
89000, 5692967, 0, 0, 0
89105, 6211228, 0, 0, 0
89203, 5757812, 0, 0, 0
89300, 6724990, 0, 0, 0
89400, 6927615, 0, 0, 0
89505, 5625789, 0, 0, 0
89600, 6482369, 0, 0, 0
89781, 11233774, 0, 0, 0
89800, 43668082, 0, 0, 0
89900, 6579229, 0, 0, 0
90001, 5465781, 0, 0, 0
90108, 6078828, 0, 0, 0
90201, 5042111, 0, 0, 0
90363, 10511928, 0, 0, 0
90402, 10476280, 0, 0, 0
90505, 6083337, 0, 0, 0
90600, 7214338, 0, 0, 0
90701, 6244878, 0, 0, 0
90800, 5418558, 0, 0, 0
90986, 7471510, 0, 0, 0
91000, 27386194, 0, 0, 0
91100, 6090505, 0, 0, 0
91203, 5258467, 0, 0, 0
91304, 5228575, 0, 0, 0
91400, 6045262, 0, 0, 0
91500, 5406688, 0, 0, 0
91601, 5625029, 0, 0, 0
91701, 5348932, 0, 0, 0
91801, 9839945, 0, 0, 0
91900, 11822029, 0, 0, 0
92000, 5428880, 0, 0, 0
92100, 5765431, 0, 0, 0
92204, 5812741, 0, 0, 0
92302, 5071490, 0, 0, 0
92527, 232500743, 0, 0, 0
92602, 12407639, 0, 0, 0
92700, 6391375, 0, 0, 0
92800, 5355947, 0, 0, 0
92900, 5902460, 0, 0, 0
93005, 6344704, 0, 0, 0
93105, 9211593, 0, 0, 0
93201, 5714837, 0, 0, 0
93300, 5120700, 0, 0, 0
93510, 11608005, 0, 0, 0
93602, 11960508, 0, 0, 0
93703, 5906558, 0, 0, 0
93801, 6144463, 0, 0, 0
93903, 6027597, 0, 0, 0
94000, 5345998, 0, 0, 0
94100, 5663029, 0, 0, 0
94281, 9717926, 0, 0, 0
94301, 14972074, 0, 0, 0
94403, 6249029, 0, 0, 0
94501, 6014521, 0, 0, 0
94606, 8505960, 0, 0, 0
94700, 6506111, 0, 0, 0
94802, 6679884, 0, 0, 0
94900, 6278930, 0, 0, 0
95004, 5334708, 0, 0, 0
95102, 6750660, 0, 0, 0
95201, 6392536, 0, 0, 0
95300, 5875249, 0, 0, 0
95401, 5449693, 0, 0, 0
95626, 48371129, 0, 0, 0
95704, 12422625, 0, 0, 0
95805, 6119132, 0, 0, 0
95900, 5708266, 0, 0, 0
96002, 6533088, 0, 0, 0
96100, 5446074, 0, 0, 0
96202, 5254216, 0, 0, 0
96301, 5410399, 0, 0, 0
96404, 5239795, 0, 0, 0
96632, 10556343, 0, 0, 0
96703, 10505439, 0, 0, 0
96803, 5390919, 0, 0, 0
96900, 5923967, 0, 0, 0
97000, 5583828, 0, 0, 0
97100, 5743881, 0, 0, 0
97200, 5696524, 0, 0, 0
97300, 4674324, 0, 0, 0
97459, 158836538, 0, 0, 0
97500, 12626693, 0, 0, 0
97602, 5748476, 0, 0, 0
97701, 4683137, 0, 0, 0
97800, 4673346, 0, 0, 0
97902, 5473946, 0, 0, 0
98004, 5165784, 0, 0, 0
98104, 5530260, 0, 0, 0
98201, 4897683, 0, 0, 0
98302, 19131959, 0, 0, 0
98401, 7304289, 0, 0, 0
98505, 7043135, 0, 0, 0
98602, 5363576, 0, 0, 0
98701, 5932548, 0, 0, 0
98804, 7059307, 0, 0, 0
98900, 5695775, 0, 0, 0
99000, 5488301, 0, 0, 0
99103, 6107474, 0, 0, 0
99200, 6827498, 0, 0, 0
99302, 5337805, 0, 0, 0
99400, 5624577, 0, 0, 0
99500, 5399793, 0, 0, 0
99602, 5324043, 0, 0, 0
99701, 6349397, 0, 0, 0
99804, 5984019, 0, 0, 0
99905, 6771418, 0, 0, 0
100001, 5154782, 0, 0, 0
100100, 6635511, 0, 0, 0
100202, 5460204, 0, 0, 0
100303, 6472049, 0, 0, 0
100402, 6303536, 0, 0, 0
100503, 4980309, 0, 0, 0
100602, 5981781, 0, 0, 0
100702, 6090228, 0, 0, 0
100801, 5863253, 0, 0, 0
100901, 4920831, 0, 0, 0
101001, 5675296, 0, 0, 0
101101, 5642820, 0, 0, 0
101200, 5714815, 0, 0, 0
101301, 5425036, 0, 0, 0
101402, 5141218, 0, 0, 0
101501, 5143470, 0, 0, 0
101600, 6231625, 0, 0, 0
101705, 6141799, 0, 0, 0
101800, 5358093, 0, 0, 0
101902, 6705768, 0, 0, 0
102000, 5903769, 0, 0, 0
102102, 4953332, 0, 0, 0
102204, 5174990, 0, 0, 0
102300, 5637947, 0, 0, 0
102405, 6350774, 0, 0, 0
102504, 5799896, 0, 0, 0
102600, 6204784, 0, 0, 0
102700, 4930001, 0, 0, 0
102805, 6241871, 0, 0, 0
102900, 5077945, 0, 0, 0
103001, 5319484, 0, 0, 0
103100, 6146421, 0, 0, 0
103200, 6106718, 0, 0, 0
103301, 4366462, 0, 0, 0
103407, 6369612, 0, 0, 0
103500, 6115615, 0, 0, 0
103601, 5748498, 0, 0, 0
103703, 5469555, 0, 0, 0
103807, 5306081, 0, 0, 0
103900, 5270057, 0, 0, 0
104003, 5790316, 0, 0, 0
104101, 5600891, 0, 0, 0
104202, 5331402, 0, 0, 0
104301, 6005793, 0, 0, 0
104403, 5750626, 0, 0, 0
104500, 5638953, 0, 0, 0
104602, 5921519, 0, 0, 0
104701, 6466421, 0, 0, 0
104802, 5279466, 0, 0, 0
104900, 5972062, 0, 0, 0
105001, 4906887, 0, 0, 0
105103, 5536692, 0, 0, 0
105205, 6003180, 0, 0, 0
105300, 6259316, 0, 0, 0
105401, 5567415, 0, 0, 0
105501, 6470590, 0, 0, 0
105602, 6108189, 0, 0, 0
105700, 5673291, 0, 0, 0
105803, 5502349, 0, 0, 0
105902, 5125139, 0, 0, 0
106002, 5661744, 0, 0, 0
106102, 5557275, 0, 0, 0
106201, 4755561, 0, 0, 0
106300, 6188794, 0, 0, 0
106409, 6723241, 0, 0, 0
106504, 5910787, 0, 0, 0
106600, 8394523, 0, 0, 0
106702, 5915566, 0, 0, 0
106800, 5290625, 0, 0, 0
106900, 5846290, 0, 0, 0
107002, 5764526, 0, 0, 0
107100, 6009768, 0, 0, 0
107202, 6678371, 0, 0, 0
107306, 5425228, 0, 0, 0
107408, 7088864, 0, 0, 0
107500, 5311317, 0, 0, 0
107602, 6098387, 0, 0, 0
107703, 5157566, 0, 0, 0
107803, 6330696, 0, 0, 0
107901, 5636426, 0, 0, 0
108001, 5843371, 0, 0, 0
108102, 4722764, 0, 0, 0
108206, 5809445, 0, 0, 0
108307, 6551385, 0, 0, 0
108403, 6196617, 0, 0, 0
108500, 5549125, 0, 0, 0
108600, 4572845, 0, 0, 0
108702, 6637170, 0, 0, 0
108800, 5676890, 0, 0, 0
108901, 5189758, 0, 0, 0
109002, 6263725, 0, 0, 0
109100, 6178463, 0, 0, 0
109200, 5484565, 0, 0, 0
109303, 5936110, 0, 0, 0
109403, 6306599, 0, 0, 0
109500, 6381668, 0, 0, 0
109603, 5510930, 0, 0, 0
109700, 6024728, 0, 0, 0
109802, 6422715, 0, 0, 0
109900, 5074473, 0, 0, 0
110000, 5547440, 0, 0, 0
110100, 5819022, 0, 0, 0
110200, 6279165, 0, 0, 0
110300, 5982369, 0, 0, 0
110403, 5521529, 0, 0, 0
110504, 5566386, 0, 0, 0
110600, 5709927, 0, 0, 0
110701, 7142773, 0, 0, 0
110801, 5913153, 0, 0, 0
110902, 7007967, 0, 0, 0
111002, 5438300, 0, 0, 0
111105, 5246410, 0, 0, 0
111203, 5703658, 0, 0, 0
111303, 6300281, 0, 0, 0
111400, 6294086, 0, 0, 0
111501, 5873069, 0, 0, 0
111602, 5507819, 0, 0, 0
111701, 6610696, 0, 0, 0
111801, 6259737, 0, 0, 0
111900, 5833462, 0, 0, 0
112002, 6115670, 0, 0, 0
112101, 5635488, 0, 0, 0
112200, 5921037, 0, 0, 0
112302, 5451038, 0, 0, 0
112400, 5227057, 0, 0, 0
112500, 5501262, 0, 0, 0
112604, 6033670, 0, 0, 0
112702, 5667556, 0, 0, 0
112800, 5448590, 0, 0, 0
112900, 7288201, 0, 0, 0
113001, 6653247, 0, 0, 0
113102, 6274113, 0, 0, 0
113201, 5874985, 0, 0, 0
113302, 6104193, 0, 0, 0
113403, 5551437, 0, 0, 0
113500, 5429877, 0, 0, 0
113600, 6115146, 0, 0, 0
113702, 4733107, 0, 0, 0
113800, 6209537, 0, 0, 0
113902, 5790635, 0, 0, 0
114001, 5285820, 0, 0, 0
114106, 5199828, 0, 0, 0
114200, 6555893, 0, 0, 0
114302, 5241165, 0, 0, 0
114403, 5354264, 0, 0, 0
114505, 6672960, 0, 0, 0
114603, 5757424, 0, 0, 0
114702, 5999891, 0, 0, 0
114804, 6171913, 0, 0, 0
114901, 5798072, 0, 0, 0
115001, 5856454, 0, 0, 0
115100, 6116603, 0, 0, 0
115200, 6053040, 0, 0, 0
115302, 6237000, 0, 0, 0
115402, 6127007, 0, 0, 0
115504, 5238891, 0, 0, 0
115605, 6041300, 0, 0, 0
115706, 5687735, 0, 0, 0
115801, 6255802, 0, 0, 0
115900, 6032832, 0, 0, 0
116000, 6090999, 0, 0, 0
116101, 5807729, 0, 0, 0
116201, 5922600, 0, 0, 0
116304, 5851983, 0, 0, 0
116402, 6179822, 0, 0, 0
116502, 5803711, 0, 0, 0
116601, 5272544, 0, 0, 0
116701, 6210916, 0, 0, 0
116804, 5589129, 0, 0, 0
116904, 5218409, 0, 0, 0
117001, 5630413, 0, 0, 0
117100, 5847143, 0, 0, 0
117200, 6491414, 0, 0, 0
117300, 4832847, 0, 0, 0
117400, 6099069, 0, 0, 0
117501, 5825499, 0, 0, 0
117602, 6769686, 0, 0, 0
117701, 7209371, 0, 0, 0
117809, 5540198, 0, 0, 0
117900, 5787355, 0, 0, 0
118003, 5540271, 0, 0, 0
118105, 5937185, 0, 0, 0
118203, 5537243, 0, 0, 0
118300, 5559810, 0, 0, 0
118402, 5056672, 0, 0, 0
118505, 6262611, 0, 0, 0
118600, 5098555, 0, 0, 0
118702, 5294298, 0, 0, 0
118804, 7525324, 0, 0, 0
118901, 4781673, 0, 0, 0
119003, 5632436, 0, 0, 0
119101, 6596253, 0, 0, 0
119203, 5734519, 0, 0, 0
119302, 6392192, 0, 0, 0
119400, 5322149, 0, 0, 0
119502, 5150365, 0, 0, 0
119600, 6309979, 0, 0, 0
119700, 5993196, 0, 0, 0
119803, 5550628, 0, 0, 0
119905, 5619852, 0, 0, 0
120002, 5903453, 0, 0, 0
120101, 5784594, 0, 0, 0
120201, 5308638, 0, 0, 0
120300, 5596857, 0, 0, 0
120403, 5097415, 0, 0, 0
120503, 5396472, 0, 0, 0
120600, 4511061, 0, 0, 0
120704, 6054403, 0, 0, 0
120800, 6147051, 0, 0, 0
120901, 5198979, 0, 0, 0
121005, 4705619, 0, 0, 0
121100, 4871252, 0, 0, 0
121203, 6431694, 0, 0, 0
121300, 5691730, 0, 0, 0
121400, 5843637, 0, 0, 0
121501, 6486929, 0, 0, 0
121600, 5413386, 0, 0, 0
121700, 5867756, 0, 0, 0
121802, 6248542, 0, 0, 0
121910, 7322554, 0, 0, 0
122000, 5938572, 0, 0, 0
122105, 5567406, 0, 0, 0
122205, 5764793, 0, 0, 0
122301, 5761245, 0, 0, 0
122402, 5468180, 0, 0, 0
122502, 6510243, 0, 0, 0
122601, 5579686, 0, 0, 0
122703, 6476492, 0, 0, 0
122800, 6786889, 0, 0, 0
122901, 5840990, 0, 0, 0
123002, 6449143, 0, 0, 0
123102, 6895069, 0, 0, 0
123202, 5439054, 0, 0, 0
123302, 5230859, 0, 0, 0
123402, 5928858, 0, 0, 0
123506, 5699847, 0, 0, 0
123600, 6878988, 0, 0, 0
123706, 5596331, 0, 0, 0
123806, 6322125, 0, 0, 0
123901, 6187510, 0, 0, 0
124003, 6172877, 0, 0, 0
124101, 5346885, 0, 0, 0
124200, 6512585, 0, 0, 0
124300, 5239876, 0, 0, 0
124400, 5955563, 0, 0, 0
124503, 5217376, 0, 0, 0
124600, 4891390, 0, 0, 0
124702, 5989832, 0, 0, 0
124800, 5555931, 0, 0, 0
124902, 5580515, 0, 0, 0
125007, 6229999, 0, 0, 0
125102, 5905769, 0, 0, 0
125201, 5993140, 0, 0, 0
125303, 5594345, 0, 0, 0
125402, 8006583, 0, 0, 0
125501, 5941368, 0, 0, 0
125604, 5461104, 0, 0, 0
125707, 5511880, 0, 0, 0
125801, 8958435, 0, 0, 0
125904, 5715344, 0, 0, 0
126000, 6443008, 0, 0, 0
126100, 6169874, 0, 0, 0
126207, 5440235, 0, 0, 0
126302, 5431495, 0, 0, 0
126402, 7158096, 0, 0, 0
126504, 6155731, 0, 0, 0
126600, 6291950, 0, 0, 0
126700, 7363021, 0, 0, 0
126801, 5898806, 0, 0, 0
126900, 6192572, 0, 0, 0
127005, 5130838, 0, 0, 0
127100, 6939365, 0, 0, 0
127202, 6453776, 0, 0, 0
127302, 5705691, 0, 0, 0
127402, 6473935, 0, 0, 0
127500, 5248331, 0, 0, 0
127600, 6138263, 0, 0, 0
127702, 5979903, 0, 0, 0
127804, 5602331, 0, 0, 0
127905, 6631276, 0, 0, 0
128001, 5169890, 0, 0, 0
128102, 5294871, 0, 0, 0
128203, 5962057, 0, 0, 0
128300, 6509390, 0, 0, 0
128402, 6124386, 0, 0, 0
128500, 6262535, 0, 0, 0
128600, 5323360, 0, 0, 0
128703, 5515659, 0, 0, 0
128802, 5885878, 0, 0, 0
128901, 6151450, 0, 0, 0
129004, 5528285, 0, 0, 0
129100, 5935426, 0, 0, 0
129201, 6239751, 0, 0, 0
129300, 5836876, 0, 0, 0
129402, 6356156, 0, 0, 0
129500, 6232873, 0, 0, 0
129602, 5991523, 0, 0, 0
129704, 5356738, 0, 0, 0
129803, 6193481, 0, 0, 0
129901, 6160131, 0, 0, 0
130008, 5844856, 0, 0, 0
130103, 7154918, 0, 0, 0
130204, 6687156, 0, 0, 0
130302, 5073277, 0, 0, 0
130401, 6136016, 0, 0, 0
130503, 5669739, 0, 0, 0
130600, 6158000, 0, 0, 0
130702, 5996783, 0, 0, 0
130802, 5986275, 0, 0, 0
130901, 5459172, 0, 0, 0
131004, 5666180, 0, 0, 0
131101, 6000044, 0, 0, 0
131200, 5461155, 0, 0, 0
131301, 6338587, 0, 0, 0
131400, 6165093, 0, 0, 0
131501, 6445488, 0, 0, 0
131600, 6946643, 0, 0, 0
131704, 5411825, 0, 0, 0
131800, 7340196, 0, 0, 0
131901, 5574141, 0, 0, 0
132001, 7060143, 0, 0, 0
132102, 5811238, 0, 0, 0
132201, 5933974, 0, 0, 0
132302, 5821207, 0, 0, 0
132401, 6451246, 0, 0, 0
132502, 5139876, 0, 0, 0
132602, 6389691, 0, 0, 0
132702, 6010041, 0, 0, 0
132802, 6124939, 0, 0, 0
132902, 5264288, 0, 0, 0
133002, 5811357, 0, 0, 0
133102, 5873748, 0, 0, 0
133200, 5998859, 0, 0, 0
133300, 5610092, 0, 0, 0
133401, 5022287, 0, 0, 0
133503, 5667113, 0, 0, 0
133600, 5475062, 0, 0, 0
133702, 6662090, 0, 0, 0
133800, 5383431, 0, 0, 0
133900, 6998333, 0, 0, 0
134002, 5735597, 0, 0, 0
134100, 4703620, 0, 0, 0
134206, 6062396, 0, 0, 0
134300, 4974969, 0, 0, 0
134402, 5963041, 0, 0, 0
134502, 6241740, 0, 0, 0
134602, 5613502, 0, 0, 0
134700, 5151025, 0, 0, 0
134802, 5356951, 0, 0, 0
134902, 6252392, 0, 0, 0
135005, 5542612, 0, 0, 0
135102, 5821254, 0, 0, 0
135202, 6258037, 0, 0, 0
135304, 6183375, 0, 0, 0
135403, 6152533, 0, 0, 0
135501, 5840913, 0, 0, 0
135600, 4977841, 0, 0, 0
135700, 5427729, 0, 0, 0
135800, 5907113, 0, 0, 0
135906, 5497820, 0, 0, 0
136002, 6098218, 0, 0, 0
136103, 6128743, 0, 0, 0
136201, 6183889, 0, 0, 0
136301, 5967291, 0, 0, 0
136404, 5148601, 0, 0, 0
136501, 5705072, 0, 0, 0
136600, 5119816, 0, 0, 0
136701, 5835793, 0, 0, 0
136803, 5080736, 0, 0, 0
136901, 6033860, 0, 0, 0
137003, 5673217, 0, 0, 0
137101, 5545969, 0, 0, 0
137201, 5493008, 0, 0, 0
137303, 6129325, 0, 0, 0
137402, 6118836, 0, 0, 0
137503, 6468379, 0, 0, 0
137600, 5399958, 0, 0, 0
137705, 5378444, 0, 0, 0
137802, 5798150, 0, 0, 0
137900, 5504831, 0, 0, 0
138004, 6343414, 0, 0, 0
138100, 6001808, 0, 0, 0
138201, 7333182, 0, 0, 0
138301, 5839774, 0, 0, 0
138401, 5955139, 0, 0, 0
138500, 6145667, 0, 0, 0
138601, 5902030, 0, 0, 0
138702, 5399480, 0, 0, 0
138800, 5589776, 0, 0, 0
138901, 6102706, 0, 0, 0
139001, 6501122, 0, 0, 0
139102, 5547483, 0, 0, 0
139200, 5507833, 0, 0, 0
139302, 6142743, 0, 0, 0
139401, 6867133, 0, 0, 0
139502, 5967553, 0, 0, 0
139600, 4988715, 0, 0, 0
139702, 6103981, 0, 0, 0
139800, 5363540, 0, 0, 0
139901, 6254466, 0, 0, 0
140000, 4865842, 0, 0, 0
140105, 6014894, 0, 0, 0
140200, 6320661, 0, 0, 0
140300, 6206622, 0, 0, 0
140401, 5969431, 0, 0, 0
140502, 5407513, 0, 0, 0
140600, 5883386, 0, 0, 0
140701, 6299293, 0, 0, 0
140802, 5860279, 0, 0, 0
140901, 5341398, 0, 0, 0
141001, 5049583, 0, 0, 0
141101, 5911648, 0, 0, 0
141200, 5375054, 0, 0, 0
141300, 5317773, 0, 0, 0
141400, 6323345, 0, 0, 0
141504, 5019508, 0, 0, 0
141602, 6639372, 0, 0, 0
141702, 6564617, 0, 0, 0
141802, 6704482, 0, 0, 0
141900, 6671721, 0, 0, 0
142000, 6854242, 0, 0, 0
142101, 6347030, 0, 0, 0
142201, 6005345, 0, 0, 0
142300, 6469145, 0, 0, 0
142403, 4771397, 0, 0, 0
142501, 5550755, 0, 0, 0
142606, 5887460, 0, 0, 0
142704, 5852629, 0, 0, 0
142800, 6004333, 0, 0, 0
142901, 5258437, 0, 0, 0
143000, 5394612, 0, 0, 0
143102, 5014659, 0, 0, 0
143203, 5847749, 0, 0, 0
143307, 7064136, 0, 0, 0
143400, 7194461, 0, 0, 0
143502, 6518938, 0, 0, 0
143603, 6543766, 0, 0, 0
143700, 5865902, 0, 0, 0
143801, 6086928, 0, 0, 0
143900, 6285785, 0, 0, 0
144005, 6682626, 0, 0, 0
144102, 5458974, 0, 0, 0
144200, 7007897, 0, 0, 0
144300, 5555762, 0, 0, 0
144403, 6192559, 0, 0, 0
144502, 5747210, 0, 0, 0
144600, 6171551, 0, 0, 0
144700, 6202398, 0, 0, 0
144801, 5837594, 0, 0, 0
144902, 5756708, 0, 0, 0
145003, 6053007, 0, 0, 0
145103, 5613400, 0, 0, 0
145202, 5965447, 0, 0, 0
145302, 5759139, 0, 0, 0
145401, 5999579, 0, 0, 0
145501, 5509526, 0, 0, 0
145605, 4911391, 0, 0, 0
145701, 5872021, 0, 0, 0
145805, 5808084, 0, 0, 0
145906, 6330484, 0, 0, 0
146000, 5975703, 0, 0, 0
146102, 6059557, 0, 0, 0
146204, 6288454, 0, 0, 0
146303, 5859218, 0, 0, 0
146400, 5278586, 0, 0, 0
146501, 5559175, 0, 0, 0
146603, 5410788, 0, 0, 0
146706, 5252784, 0, 0, 0
146802, 5791598, 0, 0, 0
146901, 6640683, 0, 0, 0
147001, 5420830, 0, 0, 0
147100, 6320445, 0, 0, 0
147201, 6327223, 0, 0, 0
147301, 5692137, 0, 0, 0
147403, 5561972, 0, 0, 0
147501, 5627583, 0, 0, 0
147605, 6234982, 0, 0, 0
147701, 6127097, 0, 0, 0
147802, 5658247, 0, 0, 0
147900, 6249223, 0, 0, 0
148002, 5776472, 0, 0, 0
148100, 6400979, 0, 0, 0
148201, 5559299, 0, 0, 0
148303, 7680871, 0, 0, 0
148400, 6246295, 0, 0, 0
148502, 4447918, 0, 0, 0
148601, 5874220, 0, 0, 0
148700, 5202898, 0, 0, 0
148800, 5474172, 0, 0, 0
148901, 5992003, 0, 0, 0
149001, 5786914, 0, 0, 0
149104, 5968681, 0, 0, 0
149202, 7110638, 0, 0, 0
149300, 5639121, 0, 0, 0
149402, 5145545, 0, 0, 0
149503, 5626990, 0, 0, 0
149602, 6004089, 0, 0, 0
149701, 6114540, 0, 0, 0
149800, 5526268, 0, 0, 0
149900, 5874312, 0, 0, 0
150001, 4646670, 0, 0, 0
150106, 6198736, 0, 0, 0
150202, 5472559, 0, 0, 0
150301, 5871103, 0, 0, 0
150401, 5825761, 0, 0, 0
150502, 5279368, 0, 0, 0
150602, 5566694, 0, 0, 0
150702, 6290748, 0, 0, 0
150804, 5191519, 0, 0, 0
150905, 5083951, 0, 0, 0
151001, 5348887, 0, 0, 0
151100, 6036374, 0, 0, 0
151202, 5521655, 0, 0, 0
151303, 6927481, 0, 0, 0
151403, 6689587, 0, 0, 0
151501, 5598139, 0, 0, 0
151607, 5074827, 0, 0, 0
151700, 5837403, 0, 0, 0
151802, 5632224, 0, 0, 0
151902, 5368565, 0, 0, 0
152000, 6044833, 0, 0, 0
152101, 7387289, 0, 0, 0
152201, 6691428, 0, 0, 0
152303, 6501176, 0, 0, 0
152401, 5260310, 0, 0, 0
152500, 5736299, 0, 0, 0
152600, 5640558, 0, 0, 0
152700, 5992964, 0, 0, 0
152803, 6513098, 0, 0, 0
152906, 5327434, 0, 0, 0
153000, 6604142, 0, 0, 0
153101, 6534584, 0, 0, 0
153203, 7006802, 0, 0, 0
153301, 6378123, 0, 0, 0
153401, 5559753, 0, 0, 0
153500, 5930480, 0, 0, 0
153601, 7009163, 0, 0, 0
153702, 6431573, 0, 0, 0
153801, 5131777, 0, 0, 0
153903, 6273937, 0, 0, 0
154006, 5876878, 0, 0, 0
154102, 6551404, 0, 0, 0
154200, 5916977, 0, 0, 0
154303, 5715886, 0, 0, 0
154402, 5579661, 0, 0, 0
154500, 7059465, 0, 0, 0
154600, 6057098, 0, 0, 0
154701, 5584851, 0, 0, 0
154802, 7523761, 0, 0, 0
154903, 5669542, 0, 0, 0
155002, 5653720, 0, 0, 0
155100, 6180276, 0, 0, 0
155203, 4687463, 0, 0, 0
155305, 6069037, 0, 0, 0
155401, 7024941, 0, 0, 0
155502, 5880358, 0, 0, 0
155600, 6039978, 0, 0, 0
155701, 5872530, 0, 0, 0
155800, 7651431, 0, 0, 0
155905, 6035671, 0, 0, 0
156000, 6082988, 0, 0, 0
156103, 5230267, 0, 0, 0
156200, 7999831, 0, 0, 0
156302, 5922170, 0, 0, 0
156400, 7257549, 0, 0, 0
156502, 5549792, 0, 0, 0
156603, 5571944, 0, 0, 0
156700, 5940774, 0, 0, 0
156800, 6049010, 0, 0, 0
156901, 6558578, 0, 0, 0
157000, 5373545, 0, 0, 0
157101, 6357962, 0, 0, 0
157200, 5037973, 0, 0, 0
157304, 8195522, 0, 0, 0
157402, 5930818, 0, 0, 0
157500, 6250644, 0, 0, 0
157600, 5634603, 0, 0, 0
157712, 7111559, 0, 0, 0
157800, 6294547, 0, 0, 0
157902, 6252470, 0, 0, 0
158001, 7446689, 0, 0, 0
158101, 4760985, 0, 0, 0
158202, 5623277, 0, 0, 0
158305, 5567163, 0, 0, 0
158400, 6131160, 0, 0, 0
158502, 5777790, 0, 0, 0
158602, 6444894, 0, 0, 0
158701, 6178102, 0, 0, 0
158800, 6928584, 0, 0, 0
158904, 6290977, 0, 0, 0
159000, 7638461, 0, 0, 0
159101, 6835214, 0, 0, 0
159200, 6125557, 0, 0, 0
159303, 5254179, 0, 0, 0
159406, 5716900, 0, 0, 0
159503, 6369232, 0, 0, 0
159601, 5812405, 0, 0, 0
159701, 6150016, 0, 0, 0
159804, 5555950, 0, 0, 0
159902, 6595933, 0, 0, 0
160000, 5277287, 0, 0, 0
160102, 6846124, 0, 0, 0
160201, 6767567, 0, 0, 0
160300, 6063935, 0, 0, 0
160401, 6409600, 0, 0, 0
160505, 5385072, 0, 0, 0
160602, 6644350, 0, 0, 0
160702, 5738386, 0, 0, 0
160801, 6670275, 0, 0, 0
160901, 6107365, 0, 0, 0
161001, 6617988, 0, 0, 0
161100, 6272382, 0, 0, 0
161204, 6392978, 0, 0, 0
161301, 7647860, 0, 0, 0
161405, 6357135, 0, 0, 0
161500, 5784000, 0, 0, 0
161601, 6770786, 0, 0, 0
161706, 6398724, 0, 0, 0
161802, 6803318, 0, 0, 0
161900, 5636824, 0, 0, 0
162001, 7096956, 0, 0, 0
162100, 5626510, 0, 0, 0
162201, 5996030, 0, 0, 0
162302, 5448298, 0, 0, 0
162400, 5689200, 0, 0, 0
162501, 6779181, 0, 0, 0
162605, 5643683, 0, 0, 0
162700, 6093506, 0, 0, 0
162804, 6383923, 0, 0, 0
162903, 6422697, 0, 0, 0
163000, 7041768, 0, 0, 0
163101, 5183336, 0, 0, 0
163200, 5455666, 0, 0, 0
163301, 6387688, 0, 0, 0
163402, 6371304, 0, 0, 0
163501, 9116825, 0, 0, 0
163601, 6457767, 0, 0, 0
163702, 6453340, 0, 0, 0
163801, 6475815, 0, 0, 0
163900, 6959704, 0, 0, 0
164002, 6843888, 0, 0, 0
164101, 7147908, 0, 0, 0
164208, 5223689, 0, 0, 0
164301, 7309921, 0, 0, 0
164405, 5695071, 0, 0, 0
164501, 6921933, 0, 0, 0
164602, 8180165, 0, 0, 0
164700, 6134724, 0, 0, 0
164801, 7901846, 0, 0, 0
164900, 6687247, 0, 0, 0
165000, 9217475, 0, 0, 0
165102, 7215395, 0, 0, 0
165203, 6874811, 0, 0, 0
165307, 7222693, 0, 0, 0
165400, 6040581, 0, 0, 0
165502, 6278788, 0, 0, 0
165601, 5720956, 0, 0, 0
165702, 6335791, 0, 0, 0
165801, 5609785, 0, 0, 0
165900, 5481328, 0, 0, 0
166001, 5704037, 0, 0, 0
166100, 5421169, 0, 0, 0
166204, 6530499, 0, 0, 0
166300, 5330040, 0, 0, 0
166402, 6064622, 0, 0, 0
166501, 5865666, 0, 0, 0
166602, 6271912, 0, 0, 0
166702, 5804526, 0, 0, 0
166803, 5847155, 0, 0, 0
166905, 5714760, 0, 0, 0
167007, 5946597, 0, 0, 0
167100, 6224019, 0, 0, 0
167203, 6328208, 0, 0, 0
167304, 6087963, 0, 0, 0
167401, 5346416, 0, 0, 0
167502, 5511452, 0, 0, 0
167602, 5160996, 0, 0, 0
167703, 6368575, 0, 0, 0
167800, 6956538, 0, 0, 0
167902, 5915842, 0, 0, 0
168002, 5824755, 0, 0, 0
168103, 6900671, 0, 0, 0
168202, 5312514, 0, 0, 0
168300, 6239617, 0, 0, 0
168400, 5441726, 0, 0, 0
168500, 6129715, 0, 0, 0
168603, 6346563, 0, 0, 0
168701, 6930975, 0, 0, 0
168801, 7460253, 0, 0, 0
168900, 5706454, 0, 0, 0
169000, 6611621, 0, 0, 0
169100, 6227270, 0, 0, 0
169201, 6163830, 0, 0, 0
169301, 5194102, 0, 0, 0
169400, 6468716, 0, 0, 0
169500, 4987502, 0, 0, 0
169600, 6574378, 0, 0, 0
169700, 5927070, 0, 0, 0
169802, 6953533, 0, 0, 0
169900, 6233827, 0, 0, 0
170002, 5903296, 0, 0, 0
170106, 7409920, 0, 0, 0
170201, 6203226, 0, 0, 0
170308, 6504378, 0, 0, 0
170401, 7057354, 0, 0, 0
170501, 5352716, 0, 0, 0
170604, 5915476, 0, 0, 0
170701, 5650352, 0, 0, 0
170801, 6842821, 0, 0, 0
170900, 6645000, 0, 0, 0
171008, 5969905, 0, 0, 0
171101, 6160030, 0, 0, 0
171200, 5822260, 0, 0, 0
171302, 6421749, 0, 0, 0
171402, 6113669, 0, 0, 0
171500, 5164607, 0, 0, 0
171603, 6576134, 0, 0, 0
171704, 5732389, 0, 0, 0
171800, 5664080, 0, 0, 0
171903, 6757463, 0, 0, 0
172000, 6321976, 0, 0, 0
172101, 5979811, 0, 0, 0
172201, 6661218, 0, 0, 0
172301, 5813429, 0, 0, 0
172400, 5932202, 0, 0, 0
172501, 6517235, 0, 0, 0
172602, 5511141, 0, 0, 0
172700, 6035319, 0, 0, 0
172800, 5858227, 0, 0, 0
172903, 5478576, 0, 0, 0
173000, 7025907, 0, 0, 0
173102, 5824785, 0, 0, 0
173201, 7026583, 0, 0, 0
173304, 6155899, 0, 0, 0
173404, 6118764, 0, 0, 0
173500, 5601091, 0, 0, 0
173601, 5878355, 0, 0, 0
173701, 6435017, 0, 0, 0
173801, 6712671, 0, 0, 0
173907, 5325593, 0, 0, 0
174001, 4831682, 0, 0, 0
174101, 5953151, 0, 0, 0
174201, 5447398, 0, 0, 0
174301, 5797815, 0, 0, 0
174400, 5700624, 0, 0, 0
174501, 6109433, 0, 0, 0
174602, 6572420, 0, 0, 0
174701, 5580958, 0, 0, 0
174800, 5873377, 0, 0, 0
174903, 6316755, 0, 0, 0
175003, 5747803, 0, 0, 0
175102, 6657599, 0, 0, 0
175202, 6988700, 0, 0, 0
175300, 5114454, 0, 0, 0
175400, 7508442, 0, 0, 0
175504, 7343612, 0, 0, 0
175603, 6156301, 0, 0, 0
175700, 5640798, 0, 0, 0
175801, 5525717, 0, 0, 0
175901, 5786191, 0, 0, 0
176001, 5636859, 0, 0, 0
176100, 5473450, 0, 0, 0
176200, 5870765, 0, 0, 0
176302, 6267033, 0, 0, 0
176400, 6517418, 0, 0, 0
176505, 6940124, 0, 0, 0
176601, 6713981, 0, 0, 0
176701, 6056498, 0, 0, 0
176800, 6823535, 0, 0, 0
176905, 6038677, 0, 0, 0
177001, 6223821, 0, 0, 0
177101, 5768926, 0, 0, 0
177206, 5934179, 0, 0, 0
177300, 6429648, 0, 0, 0
177400, 6259247, 0, 0, 0
177500, 6460167, 0, 0, 0
177601, 5933082, 0, 0, 0
177701, 6059491, 0, 0, 0
177800, 5044991, 0, 0, 0
177904, 6526449, 0, 0, 0
178002, 6493023, 0, 0, 0
178102, 5573933, 0, 0, 0
178201, 6403389, 0, 0, 0
178301, 6842811, 0, 0, 0
178402, 6749392, 0, 0, 0
178504, 5633479, 0, 0, 0
178601, 6559278, 0, 0, 0
178705, 6550118, 0, 0, 0
178800, 6474693, 0, 0, 0
178903, 6070934, 0, 0, 0
179003, 6585111, 0, 0, 0
179101, 6199956, 0, 0, 0
179204, 5898934, 0, 0, 0
179310, 7170372, 0, 0, 0
179402, 5322392, 0, 0, 0
179505, 6262740, 0, 0, 0
179600, 6222183, 0, 0, 0
179702, 6668251, 0, 0, 0
179803, 5158672, 0, 0, 0
179902, 7328741, 0, 0, 0
180002, 5091655, 0, 0, 0
180004, 7278830, 0, 0, 0
