100, 996223, 0, 0, 0
200, 1555691, 0, 0, 0
300, 1387123, 0, 0, 0
400, 1402602, 0, 0, 0
500, 1103075, 0, 0, 0
600, 1303651, 0, 0, 0
700, 1304271, 0, 0, 0
800, 952566, 0, 0, 0
900, 971722, 0, 0, 0
1000, 1306789, 0, 0, 0
1100, 1140098, 0, 0, 0
1200, 1328407, 0, 0, 0
1300, 1312979, 0, 0, 0
1400, 1532783, 0, 0, 0
1500, 1945994, 0, 0, 0
1600, 969974, 0, 0, 0
1700, 1285969, 0, 0, 0
1800, 1128892, 0, 0, 0
1900, 1621147, 0, 0, 0
2000, 1121555, 0, 0, 0
2100, 1010715, 0, 0, 0
2200, 1380573, 0, 0, 0
2300, 1528675, 0, 0, 0
2400, 1015102, 0, 0, 0
2500, 1374492, 0, 0, 0
2600, 852570, 0, 0, 0
2700, 1290620, 0, 0, 0
2800, 955459, 0, 0, 0
2900, 1431856, 0, 0, 0
3000, 1280613, 0, 0, 0
3100, 1245954, 0, 0, 0
3200, 1178867, 0, 0, 0
3300, 1075988, 0, 0, 0
3400, 956672, 0, 0, 0
3500, 1922606, 0, 0, 0
3600, 1365163, 0, 0, 0
3700, 1023854, 0, 0, 0
3800, 1335114, 0, 0, 0
3900, 1196968, 0, 0, 0
4000, 1174632, 0, 0, 0
4100, 1259108, 0, 0, 0
4200, 1212620, 0, 0, 0
4300, 1285352, 0, 0, 0
4400, 1019527, 0, 0, 0
4500, 1958753, 0, 0, 0
4600, 1658075, 0, 0, 0
4700, 1161854, 0, 0, 0
4800, 1356895, 0, 0, 0
4900, 1501973, 0, 0, 0
5000, 1606641, 0, 0, 0
5100, 1374650, 0, 0, 0
5200, 902649, 0, 0, 0
5300, 968510, 0, 0, 0
5401, 1631558, 0, 0, 0
5500, 2554243, 0, 0, 0
5600, 1793755, 0, 0, 0
5700, 1495432, 0, 0, 0
5800, 1073636, 0, 0, 0
5900, 1188389, 0, 0, 0
6000, 1177713, 0, 0, 0
6100, 1360609, 0, 0, 0
6200, 1819123, 0, 0, 0
6300, 1439979, 0, 0, 0
6400, 1065661, 0, 0, 0
6500, 1106015, 0, 0, 0
6600, 1350860, 0, 0, 0
6700, 1006774, 0, 0, 0
6800, 1150243, 0, 0, 0
6900, 1840180, 0, 0, 0
7000, 1117143, 0, 0, 0
7100, 1225822, 0, 0, 0
7200, 1059699, 0, 0, 0
7300, 1222106, 0, 0, 0
7400, 1977829, 0, 0, 0
7500, 912630, 0, 0, 0
7600, 1179938, 0, 0, 0
7700, 931961, 0, 0, 0
7800, 1167371, 0, 0, 0
7900, 1170070, 0, 0, 0
8000, 1567705, 0, 0, 0
8100, 1457203, 0, 0, 0
8200, 1082044, 0, 0, 0
8300, 1523770, 0, 0, 0
8400, 1204617, 0, 0, 0
8500, 1136158, 0, 0, 0
8600, 926713, 0, 0, 0
8700, 1550025, 0, 0, 0
8800, 1197316, 0, 0, 0
8900, 1079659, 0, 0, 0
9000, 1066360, 0, 0, 0
9100, 1513251, 0, 0, 0
9200, 1401517, 0, 0, 0
9300, 979576, 0, 0, 0
9400, 846872, 0, 0, 0
9500, 1074372, 0, 0, 0
9600, 1031227, 0, 0, 0
9700, 861559, 0, 0, 0
9800, 1210649, 0, 0, 0
9900, 1008009, 0, 0, 0
10000, 881908, 0, 0, 0
10100, 1120611, 0, 0, 0
10200, 1097383, 0, 0, 0
10300, 1069788, 0, 0, 0
10400, 883742, 0, 0, 0
10500, 1019215, 0, 0, 0
10600, 1255261, 0, 0, 0
10700, 1091742, 0, 0, 0
10800, 1111302, 0, 0, 0
10900, 1281971, 0, 0, 0
11000, 2419724, 0, 0, 0
11100, 1559570, 0, 0, 0
11200, 2295152, 0, 0, 0
11300, 1452760, 0, 0, 0
11400, 1063645, 0, 0, 0
11500, 971100, 0, 0, 0
11600, 1238230, 0, 0, 0
11700, 1463531, 0, 0, 0
11800, 1137348, 0, 0, 0
11900, 1178433, 0, 0, 0
12000, 1474026, 0, 0, 0
12100, 999820, 0, 0, 0
12200, 1835413, 0, 0, 0
12300, 2552742, 0, 0, 0
12400, 1019681, 0, 0, 0
12500, 1485106, 0, 0, 0
12600, 1156891, 0, 0, 0
12700, 1759747, 0, 0, 0
12800, 1155346, 0, 0, 0
12900, 1074469, 0, 0, 0
13000, 983916, 0, 0, 0
13100, 1074922, 0, 0, 0
13200, 1601166, 0, 0, 0
13300, 1005793, 0, 0, 0
13400, 1333613, 0, 0, 0
13500, 1290028, 0, 0, 0
13600, 942870, 0, 0, 0
13700, 1070376, 0, 0, 0
13800, 1146304, 0, 0, 0
13900, 1097027, 0, 0, 0
14000, 918611, 0, 0, 0
14100, 956571, 0, 0, 0
14200, 1587853, 0, 0, 0
14300, 1018939, 0, 0, 0
14400, 1321848, 0, 0, 0
14500, 1671543, 0, 0, 0
14600, 1496600, 0, 0, 0
14700, 960921, 0, 0, 0
14800, 1162817, 0, 0, 0
14900, 1040165, 0, 0, 0
15000, 1103295, 0, 0, 0
15100, 1000222, 0, 0, 0
15200, 1620667, 0, 0, 0
15300, 985675, 0, 0, 0
15400, 1050637, 0, 0, 0
15500, 1184041, 0, 0, 0
15600, 1414912, 0, 0, 0
15700, 1330627, 0, 0, 0
15800, 1081232, 0, 0, 0
15900, 824013, 0, 0, 0
16000, 1373919, 0, 0, 0
16100, 1468492, 0, 0, 0
16200, 842428, 0, 0, 0
16300, 1620050, 0, 0, 0
16400, 1539169, 0, 0, 0
16500, 1355670, 0, 0, 0
16600, 1189319, 0, 0, 0
16700, 1006796, 0, 0, 0
16800, 1381070, 0, 0, 0
16900, 959093, 0, 0, 0
17000, 1189745, 0, 0, 0
17100, 1992953, 0, 0, 0
17200, 1081567, 0, 0, 0
17300, 1087588, 0, 0, 0
17400, 1006147, 0, 0, 0
17500, 1125665, 0, 0, 0
17600, 1051390, 0, 0, 0
17700, 1693166, 0, 0, 0
17800, 1509081, 0, 0, 0
17900, 1064560, 0, 0, 0
18000, 1039745, 0, 0, 0
18100, 991561, 0, 0, 0
18200, 1047378, 0, 0, 0
18300, 1161572, 0, 0, 0
18400, 930523, 0, 0, 0
18500, 1053759, 0, 0, 0
18600, 1125577, 0, 0, 0
18700, 1956546, 0, 0, 0
18800, 1163618, 0, 0, 0
18900, 1503453, 0, 0, 0
19000, 1232400, 0, 0, 0
19100, 922562, 0, 0, 0
19200, 1213370, 0, 0, 0
19300, 1048514, 0, 0, 0
19400, 1543524, 0, 0, 0
19500, 1864880, 0, 0, 0
19600, 1416816, 0, 0, 0
19700, 1184297, 0, 0, 0
19800, 1520559, 0, 0, 0
19900, 967244, 0, 0, 0
20000, 1210378, 0, 0, 0
20100, 1297509, 0, 0, 0
20200, 940615, 0, 0, 0
20300, 1176620, 0, 0, 0
20400, 1502327, 0, 0, 0
20500, 796947, 0, 0, 0
20600, 1283303, 0, 0, 0
20700, 1269770, 0, 0, 0
20800, 981252, 0, 0, 0
20900, 912321, 0, 0, 0
21000, 763927, 0, 0, 0
21100, 1362149, 0, 0, 0
21200, 1141105, 0, 0, 0
21300, 1105516, 0, 0, 0
21400, 1073235, 0, 0, 0
21500, 1247339, 0, 0, 0
21600, 1455460, 0, 0, 0
21700, 1293277, 0, 0, 0
21800, 1530695, 0, 0, 0
21900, 1138769, 0, 0, 0
22000, 1306813, 0, 0, 0
22100, 1080892, 0, 0, 0
22200, 767412, 0, 0, 0
22300, 881736, 0, 0, 0
22400, 838777, 0, 0, 0
22500, 1243671, 0, 0, 0
22600, 1042791, 0, 0, 0
22700, 989036, 0, 0, 0
22800, 1186280, 0, 0, 0
22900, 973521, 0, 0, 0
23000, 859473, 0, 0, 0
23100, 966905, 0, 0, 0
23200, 1355891, 0, 0, 0
23300, 1346968, 0, 0, 0
23400, 1145900, 0, 0, 0
23500, 1318487, 0, 0, 0
23600, 1054225, 0, 0, 0
23700, 2831266, 0, 0, 0
23800, 1297432, 0, 0, 0
23900, 1008435, 0, 0, 0
24000, 1193619, 0, 0, 0
24100, 1091609, 0, 0, 0
24200, 1065531, 0, 0, 0
24300, 2625164, 0, 0, 0
24400, 984716, 0, 0, 0
24500, 1042571, 0, 0, 0
24600, 869715, 0, 0, 0
24700, 1182783, 0, 0, 0
24800, 1083900, 0, 0, 0
24900, 810884, 0, 0, 0
25000, 1088815, 0, 0, 0
25100, 777790, 0, 0, 0
25200, 1182043, 0, 0, 0
25300, 1220271, 0, 0, 0
25400, 1326860, 0, 0, 0
25500, 1134368, 0, 0, 0
25600, 1103044, 0, 0, 0
25700, 1383907, 0, 0, 0
25800, 1218964, 0, 0, 0
25900, 1043358, 0, 0, 0
26000, 1144521, 0, 0, 0
26100, 1073874, 0, 0, 0
26200, 1018621, 0, 0, 0
26300, 1159020, 0, 0, 0
26400, 1136230, 0, 0, 0
26500, 2345901, 0, 0, 0
26600, 1416257, 0, 0, 0
26700, 879725, 0, 0, 0
26800, 1351999, 0, 0, 0
26900, 2215134, 0, 0, 0
27000, 1350071, 0, 0, 0
27100, 914897, 0, 0, 0
27200, 1082745, 0, 0, 0
27300, 948359, 0, 0, 0
27400, 1081495, 0, 0, 0
27500, 956829, 0, 0, 0
27600, 1591461, 0, 0, 0
27700, 935252, 0, 0, 0
27800, 1325170, 0, 0, 0
27900, 1206142, 0, 0, 0
28000, 997961, 0, 0, 0
28100, 865736, 0, 0, 0
28200, 1257757, 0, 0, 0
28300, 1120756, 0, 0, 0
28400, 1464885, 0, 0, 0
28500, 1058392, 0, 0, 0
28600, 869106, 0, 0, 0
28700, 984882, 0, 0, 0
28800, 1025198, 0, 0, 0
28900, 1013785, 0, 0, 0
29000, 1376815, 0, 0, 0
29100, 886581, 0, 0, 0
29200, 1261673, 0, 0, 0
29300, 1054417, 0, 0, 0
29400, 1466583, 0, 0, 0
29500, 1257647, 0, 0, 0
29600, 742411, 0, 0, 0
29700, 1345474, 0, 0, 0
29800, 949911, 0, 0, 0
29900, 934027, 0, 0, 0
30000, 1123996, 0, 0, 0
30100, 1021444, 0, 0, 0
30200, 2008965, 0, 0, 0
30301, 1174471, 0, 0, 0
30400, 962182, 0, 0, 0
30500, 813787, 0, 0, 0
30600, 1138889, 0, 0, 0
30700, 1033194, 0, 0, 0
30800, 2433986, 0, 0, 0
30900, 1792436, 0, 0, 0
31000, 1120094, 0, 0, 0
31100, 2741073, 0, 0, 0
31200, 1512880, 0, 0, 0
31300, 872306, 0, 0, 0
31400, 1002391, 0, 0, 0
31501, 1277103, 0, 0, 0
31600, 1345469, 0, 0, 0
31700, 1173968, 0, 0, 0
31800, 1430874, 0, 0, 0
31900, 2032855, 0, 0, 0
32000, 1032749, 0, 0, 0
32100, 1243194, 0, 0, 0
32200, 1411166, 0, 0, 0
32300, 1250913, 0, 0, 0
32400, 927527, 0, 0, 0
32500, 1277561, 0, 0, 0
32600, 1109380, 0, 0, 0
32700, 1127523, 0, 0, 0
32800, 2035620, 0, 0, 0
32900, 1113563, 0, 0, 0
33000, 1061416, 0, 0, 0
33100, 1213070, 0, 0, 0
33200, 980108, 0, 0, 0
33300, 1264227, 0, 0, 0
33400, 1089360, 0, 0, 0
33500, 926525, 0, 0, 0
33600, 1021613, 0, 0, 0
33700, 1340826, 0, 0, 0
33800, 1078014, 0, 0, 0
33900, 1050796, 0, 0, 0
34000, 1064123, 0, 0, 0
34100, 1417886, 0, 0, 0
34200, 1275702, 0, 0, 0
34300, 1010908, 0, 0, 0
34400, 1312797, 0, 0, 0
34500, 1050208, 0, 0, 0
34600, 1030748, 0, 0, 0
34700, 1473007, 0, 0, 0
34800, 1311334, 0, 0, 0
34900, 988628, 0, 0, 0
35000, 1185457, 0, 0, 0
35100, 1061249, 0, 0, 0
35200, 1047186, 0, 0, 0
35300, 1173839, 0, 0, 0
35400, 1227616, 0, 0, 0
35500, 909585, 0, 0, 0
35600, 998535, 0, 0, 0
35700, 965089, 0, 0, 0
35800, 1047864, 0, 0, 0
35900, 932009, 0, 0, 0
36000, 1387840, 0, 0, 0
36100, 1648937, 0, 0, 0
36200, 1267911, 0, 0, 0
36300, 1160512, 0, 0, 0
36400, 1787403, 0, 0, 0
36500, 1779215, 0, 0, 0
36600, 1520747, 0, 0, 0
36700, 1257777, 0, 0, 0
36800, 1146067, 0, 0, 0
36900, 1168523, 0, 0, 0
37000, 1242742, 0, 0, 0
37100, 1073920, 0, 0, 0
37200, 1227240, 0, 0, 0
37300, 1409160, 0, 0, 0
37400, 972024, 0, 0, 0
37500, 1156711, 0, 0, 0
37600, 970173, 0, 0, 0
37700, 1188365, 0, 0, 0
37800, 1290762, 0, 0, 0
37900, 1118200, 0, 0, 0
38000, 1373499, 0, 0, 0
38100, 1055329, 0, 0, 0
38200, 1059993, 0, 0, 0
38300, 1026671, 0, 0, 0
38400, 1133551, 0, 0, 0
38500, 1275667, 0, 0, 0
38600, 1019618, 0, 0, 0
38700, 912484, 0, 0, 0
38800, 995703, 0, 0, 0
38900, 883320, 0, 0, 0
39000, 897789, 0, 0, 0
39100, 1019536, 0, 0, 0
39200, 1280727, 0, 0, 0
39300, 836001, 0, 0, 0
39400, 924275, 0, 0, 0
39500, 944822, 0, 0, 0
39600, 1226486, 0, 0, 0
39700, 1413402, 0, 0, 0
39800, 1005193, 0, 0, 0
39900, 1289311, 0, 0, 0
40000, 1058661, 0, 0, 0
40100, 1214798, 0, 0, 0
40200, 1773255, 0, 0, 0
40300, 1497384, 0, 0, 0
40400, 2852345, 0, 0, 0
40500, 1119521, 0, 0, 0
40600, 1174223, 0, 0, 0
40700, 1344753, 0, 0, 0
40800, 1190869, 0, 0, 0
40900, 1598135, 0, 0, 0
41000, 1453170, 0, 0, 0
41100, 1561305, 0, 0, 0
41200, 1741152, 0, 0, 0
41300, 1049878, 0, 0, 0
41400, 1327520, 0, 0, 0
41500, 1428551, 0, 0, 0
41600, 1183872, 0, 0, 0
41700, 976636, 0, 0, 0
41800, 777422, 0, 0, 0
41900, 1152285, 0, 0, 0
42000, 1150227, 0, 0, 0
42100, 1131242, 0, 0, 0
42200, 1045923, 0, 0, 0
42300, 1070107, 0, 0, 0
42400, 1038045, 0, 0, 0
42500, 1553040, 0, 0, 0
42600, 958553, 0, 0, 0
42700, 1168220, 0, 0, 0
42800, 970275, 0, 0, 0
42900, 861609, 0, 0, 0
43000, 1372392, 0, 0, 0
43100, 1875601, 0, 0, 0
43200, 1260104, 0, 0, 0
43300, 1270894, 0, 0, 0
43400, 957166, 0, 0, 0
43500, 1394720, 0, 0, 0
43600, 795764, 0, 0, 0
43700, 1132714, 0, 0, 0
43800, 1118880, 0, 0, 0
43900, 1028270, 0, 0, 0
44000, 1277232, 0, 0, 0
44100, 1061895, 0, 0, 0
44200, 895319, 0, 0, 0
44300, 920633, 0, 0, 0
44400, 1037597, 0, 0, 0
44500, 1782513, 0, 0, 0
44600, 974840, 0, 0, 0
44700, 959275, 0, 0, 0
44800, 1358545, 0, 0, 0
44900, 791353, 0, 0, 0
45000, 979015, 0, 0, 0
45100, 1078953, 0, 0, 0
45200, 1396617, 0, 0, 0
45300, 1075679, 0, 0, 0
45400, 1579584, 0, 0, 0
45500, 1190127, 0, 0, 0
45600, 1291078, 0, 0, 0
45700, 899890, 0, 0, 0
45800, 971864, 0, 0, 0
45900, 993457, 0, 0, 0
46000, 1488170, 0, 0, 0
46100, 1205817, 0, 0, 0
46200, 998065, 0, 0, 0
46300, 1650217, 0, 0, 0
46400, 1179379, 0, 0, 0
46500, 1050616, 0, 0, 0
46600, 1091386, 0, 0, 0
46700, 1163198, 0, 0, 0
46800, 1228437, 0, 0, 0
46900, 1213676, 0, 0, 0
47000, 1348757, 0, 0, 0
47100, 1227214, 0, 0, 0
47200, 1228978, 0, 0, 0
47300, 883839, 0, 0, 0
47400, 898114, 0, 0, 0
47501, 1168113, 0, 0, 0
47600, 1488458, 0, 0, 0
47700, 855725, 0, 0, 0
47800, 1232246, 0, 0, 0
47900, 1036251, 0, 0, 0
48000, 1168762, 0, 0, 0
48100, 1583601, 0, 0, 0
48200, 1103912, 0, 0, 0
48300, 1029904, 0, 0, 0
48400, 992076, 0, 0, 0
48500, 1229940, 0, 0, 0
48600, 1578164, 0, 0, 0
48700, 1043057, 0, 0, 0
48800, 993921, 0, 0, 0
48900, 1071366, 0, 0, 0
49000, 1115597, 0, 0, 0
49100, 1063516, 0, 0, 0
49200, 931973, 0, 0, 0
49300, 1221076, 0, 0, 0
49400, 1347862, 0, 0, 0
49500, 1358811, 0, 0, 0
49600, 866175, 0, 0, 0
49700, 932922, 0, 0, 0
49800, 1163995, 0, 0, 0
49900, 1072325, 0, 0, 0
50000, 1357172, 0, 0, 0
50100, 991797, 0, 0, 0
50200, 969185, 0, 0, 0
50300, 993178, 0, 0, 0
50400, 933175, 0, 0, 0
50500, 1061520, 0, 0, 0
50600, 1119764, 0, 0, 0
50700, 1044261, 0, 0, 0
50801, 2360923, 0, 0, 0
50900, 1368717, 0, 0, 0
51000, 910600, 0, 0, 0
51100, 966363, 0, 0, 0
51200, 1010174, 0, 0, 0
51300, 1027976, 0, 0, 0
51400, 892599, 0, 0, 0
51500, 1467652, 0, 0, 0
51600, 1028525, 0, 0, 0
51700, 1079748, 0, 0, 0
51800, 1474292, 0, 0, 0
51900, 1064275, 0, 0, 0
52000, 1061772, 0, 0, 0
52100, 983671, 0, 0, 0
52200, 1232911, 0, 0, 0
52300, 1192483, 0, 0, 0
52400, 1311662, 0, 0, 0
52500, 1216856, 0, 0, 0
52600, 1047683, 0, 0, 0
52700, 1282322, 0, 0, 0
52800, 990224, 0, 0, 0
52900, 1013680, 0, 0, 0
53000, 1062005, 0, 0, 0
53100, 1665051, 0, 0, 0
53200, 889492, 0, 0, 0
53300, 1126131, 0, 0, 0
53400, 1145488, 0, 0, 0
53500, 1443258, 0, 0, 0
53600, 895707, 0, 0, 0
53700, 1130884, 0, 0, 0
53800, 1060751, 0, 0, 0
53900, 1026710, 0, 0, 0
54000, 1090893, 0, 0, 0
54100, 1026462, 0, 0, 0
54200, 929849, 0, 0, 0
54300, 1073811, 0, 0, 0
54400, 1523398, 0, 0, 0
54500, 928451, 0, 0, 0
54600, 1039461, 0, 0, 0
54700, 1409774, 0, 0, 0
54800, 1074411, 0, 0, 0
54900, 1077286, 0, 0, 0
55000, 1133106, 0, 0, 0
55100, 1219510, 0, 0, 0
55200, 998519, 0, 0, 0
55300, 1039025, 0, 0, 0
55400, 1128142, 0, 0, 0
55500, 940858, 0, 0, 0
55600, 1098605, 0, 0, 0
55700, 1101530, 0, 0, 0
55800, 1018052, 0, 0, 0
55900, 1067705, 0, 0, 0
56000, 1629839, 0, 0, 0
56100, 1502940, 0, 0, 0
56200, 951918, 0, 0, 0
56300, 1198342, 0, 0, 0
56400, 1045011, 0, 0, 0
56500, 1417815, 0, 0, 0
56600, 1338192, 0, 0, 0
56700, 1078132, 0, 0, 0
56800, 1258142, 0, 0, 0
56900, 1054966, 0, 0, 0
57000, 934058, 0, 0, 0
57100, 973646, 0, 0, 0
57200, 1631331, 0, 0, 0
57300, 1199238, 0, 0, 0
57400, 1313163, 0, 0, 0
57500, 1197210, 0, 0, 0
57600, 1006393, 0, 0, 0
57700, 1125932, 0, 0, 0
57800, 1342976, 0, 0, 0
57900, 1109578, 0, 0, 0
58000, 1321113, 0, 0, 0
58100, 1322295, 0, 0, 0
58200, 1002590, 0, 0, 0
58300, 927126, 0, 0, 0
58400, 896466, 0, 0, 0
58500, 805965, 0, 0, 0
58600, 952169, 0, 0, 0
58700, 821231, 0, 0, 0
58800, 1261479, 0, 0, 0
58900, 918198, 0, 0, 0
59000, 968690, 0, 0, 0
59100, 985511, 0, 0, 0
59200, 1574924, 0, 0, 0
59300, 1020404, 0, 0, 0
59400, 897171, 0, 0, 0
59500, 1114285, 0, 0, 0
59600, 2094427, 0, 0, 0
59700, 1052568, 0, 0, 0
59800, 1200109, 0, 0, 0
59900, 1411486, 0, 0, 0
60000, 919309, 0, 0, 0
60100, 1027677, 0, 0, 0
60200, 1024443, 0, 0, 0
60300, 1101123, 0, 0, 0
60400, 1063194, 0, 0, 0
60500, 803023, 0, 0, 0
60600, 862542, 0, 0, 0
60700, 831536, 0, 0, 0
60800, 1062336, 0, 0, 0
60900, 984872, 0, 0, 0
61000, 999540, 0, 0, 0
61100, 2876555, 0, 0, 0
61200, 2737002, 0, 0, 0
61300, 1144720, 0, 0, 0
61400, 1273950, 0, 0, 0
61500, 1205990, 0, 0, 0
61600, 1063909, 0, 0, 0
61700, 1222062, 0, 0, 0
61800, 1373085, 0, 0, 0
61900, 1116883, 0, 0, 0
62000, 1253616, 0, 0, 0
62100, 1513955, 0, 0, 0
62200, 847621, 0, 0, 0
62300, 1172028, 0, 0, 0
62400, 1023339, 0, 0, 0
62500, 1061304, 0, 0, 0
62600, 1319063, 0, 0, 0
62700, 1004100, 0, 0, 0
62800, 1075932, 0, 0, 0
62900, 1264468, 0, 0, 0
63000, 862986, 0, 0, 0
63100, 1798677, 0, 0, 0
63200, 946897, 0, 0, 0
63300, 929054, 0, 0, 0
63400, 1296707, 0, 0, 0
63500, 905484, 0, 0, 0
63600, 875034, 0, 0, 0
63700, 1041387, 0, 0, 0
63800, 1017814, 0, 0, 0
63900, 1555197, 0, 0, 0
64000, 896179, 0, 0, 0
64100, 1051602, 0, 0, 0
64200, 1433212, 0, 0, 0
64300, 1269319, 0, 0, 0
64400, 1159036, 0, 0, 0
64500, 1132691, 0, 0, 0
64600, 1066891, 0, 0, 0
64700, 1188340, 0, 0, 0
64800, 826880, 0, 0, 0
64900, 1154494, 0, 0, 0
65000, 1103533, 0, 0, 0
65100, 2021557, 0, 0, 0
65200, 881069, 0, 0, 0
65300, 1348267, 0, 0, 0
65400, 1048128, 0, 0, 0
65500, 911451, 0, 0, 0
65600, 1038667, 0, 0, 0
65700, 1451523, 0, 0, 0
65800, 1814685, 0, 0, 0
65900, 2294732, 0, 0, 0
66000, 1164835, 0, 0, 0
66100, 1506184, 0, 0, 0
66200, 1015200, 0, 0, 0
66300, 966754, 0, 0, 0
66400, 950290, 0, 0, 0
66500, 1069091, 0, 0, 0
66600, 991088, 0, 0, 0
66700, 884202, 0, 0, 0
66800, 1386570, 0, 0, 0
66900, 837464, 0, 0, 0
67000, 1191763, 0, 0, 0
67100, 1194917, 0, 0, 0
67200, 1559364, 0, 0, 0
67300, 1044340, 0, 0, 0
67400, 1143641, 0, 0, 0
67500, 1189726, 0, 0, 0
67600, 867258, 0, 0, 0
67700, 1013119, 0, 0, 0
67800, 1042708, 0, 0, 0
67900, 1477723, 0, 0, 0
68000, 1251128, 0, 0, 0
68100, 971724, 0, 0, 0
68200, 1501367, 0, 0, 0
68300, 983623, 0, 0, 0
68400, 944095, 0, 0, 0
68500, 1166045, 0, 0, 0
68600, 2853924, 0, 0, 0
68700, 1217697, 0, 0, 0
68800, 990175, 0, 0, 0
68900, 872851, 0, 0, 0
69000, 976838, 0, 0, 0
69100, 945340, 0, 0, 0
69200, 1079467, 0, 0, 0
69300, 1735676, 0, 0, 0
69400, 1197736, 0, 0, 0
69500, 1506973, 0, 0, 0
69600, 995107, 0, 0, 0
69700, 1681684, 0, 0, 0
69800, 1090432, 0, 0, 0
69900, 863152, 0, 0, 0
70000, 1075246, 0, 0, 0
70100, 1007491, 0, 0, 0
70200, 1174105, 0, 0, 0
70300, 1497481, 0, 0, 0
70400, 830646, 0, 0, 0
70500, 995008, 0, 0, 0
70600, 1520249, 0, 0, 0
70700, 996900, 0, 0, 0
70800, 1166537, 0, 0, 0
70900, 966260, 0, 0, 0
71000, 1296316, 0, 0, 0
71100, 1034724, 0, 0, 0
71200, 793539, 0, 0, 0
71300, 1202849, 0, 0, 0
71400, 1125646, 0, 0, 0
71500, 953294, 0, 0, 0
71600, 978119, 0, 0, 0
71700, 980616, 0, 0, 0
71800, 1098398, 0, 0, 0
71900, 946953, 0, 0, 0
72000, 1137479, 0, 0, 0
72100, 1050576, 0, 0, 0
72200, 1399984, 0, 0, 0
72300, 1038551, 0, 0, 0
72400, 1020651, 0, 0, 0
72500, 1231869, 0, 0, 0
72600, 1217179, 0, 0, 0
72700, 1313196, 0, 0, 0
72800, 835852, 0, 0, 0
72900, 1053337, 0, 0, 0
73000, 1313210, 0, 0, 0
73100, 1020573, 0, 0, 0
73200, 1160785, 0, 0, 0
73300, 1052148, 0, 0, 0
73400, 1141244, 0, 0, 0
73500, 1382147, 0, 0, 0
73600, 1099695, 0, 0, 0
73700, 1281736, 0, 0, 0
73800, 1098682, 0, 0, 0
73900, 1106675, 0, 0, 0
74000, 1199844, 0, 0, 0
74100, 1060510, 0, 0, 0
74200, 1050786, 0, 0, 0
74301, 1113407, 0, 0, 0
74400, 992732, 0, 0, 0
74500, 997982, 0, 0, 0
74600, 1188837, 0, 0, 0
74700, 974679, 0, 0, 0
74800, 1226421, 0, 0, 0
74900, 1476029, 0, 0, 0
75000, 987205, 0, 0, 0
75100, 1189677, 0, 0, 0
75200, 1500369, 0, 0, 0
75300, 796998, 0, 0, 0
75400, 1368990, 0, 0, 0
75500, 855866, 0, 0, 0
75600, 878813, 0, 0, 0
75700, 1079691, 0, 0, 0
75800, 1016744, 0, 0, 0
75900, 1521718, 0, 0, 0
76000, 934502, 0, 0, 0
76100, 769068, 0, 0, 0
76200, 1001412, 0, 0, 0
76300, 1155865, 0, 0, 0
76400, 995932, 0, 0, 0
76500, 1403613, 0, 0, 0
76600, 1091813, 0, 0, 0
76700, 1189338, 0, 0, 0
76800, 1304922, 0, 0, 0
76900, 1145167, 0, 0, 0
77000, 1136566, 0, 0, 0
77100, 1289836, 0, 0, 0
77200, 975180, 0, 0, 0
77300, 732737, 0, 0, 0
77400, 921956, 0, 0, 0
77500, 1043476, 0, 0, 0
77600, 834377, 0, 0, 0
77700, 1326169, 0, 0, 0
77800, 941920, 0, 0, 0
77900, 1243713, 0, 0, 0
78000, 1886111, 0, 0, 0
78100, 1012799, 0, 0, 0
78200, 1080801, 0, 0, 0
78300, 1091207, 0, 0, 0
78400, 1540948, 0, 0, 0
78500, 1337253, 0, 0, 0
78600, 1210534, 0, 0, 0
78700, 1612483, 0, 0, 0
78800, 1141833, 0, 0, 0
78900, 1154960, 0, 0, 0
79000, 1129370, 0, 0, 0
79100, 1071911, 0, 0, 0
79200, 1221141, 0, 0, 0
79300, 1224765, 0, 0, 0
79400, 1080644, 0, 0, 0
79500, 1079412, 0, 0, 0
79600, 1455422, 0, 0, 0
79700, 1056287, 0, 0, 0
79800, 1159496, 0, 0, 0
79900, 1088074, 0, 0, 0
80000, 1120012, 0, 0, 0
80100, 2281796, 0, 0, 0
80200, 2121098, 0, 0, 0
80300, 1027589, 0, 0, 0
80400, 1070924, 0, 0, 0
80500, 1406985, 0, 0, 0
80600, 1120324, 0, 0, 0
80700, 1624080, 0, 0, 0
80800, 1194479, 0, 0, 0
80900, 1214066, 0, 0, 0
81000, 1043400, 0, 0, 0
81100, 1376939, 0, 0, 0
81200, 984462, 0, 0, 0
81300, 1468544, 0, 0, 0
81400, 1144923, 0, 0, 0
81500, 1272969, 0, 0, 0
81600, 1347208, 0, 0, 0
81700, 1085065, 0, 0, 0
81800, 1204637, 0, 0, 0
81900, 1466513, 0, 0, 0
82000, 877854, 0, 0, 0
82100, 1238680, 0, 0, 0
82200, 1325761, 0, 0, 0
82300, 2853942, 0, 0, 0
82400, 1731926, 0, 0, 0
82500, 1332301, 0, 0, 0
82600, 1017510, 0, 0, 0
82700, 1106706, 0, 0, 0
82800, 1068907, 0, 0, 0
82900, 928723, 0, 0, 0
83000, 896643, 0, 0, 0
83100, 856384, 0, 0, 0
83200, 1482370, 0, 0, 0
83300, 1112838, 0, 0, 0
83400, 966105, 0, 0, 0
83500, 1250819, 0, 0, 0
83600, 805221, 0, 0, 0
83700, 1096898, 0, 0, 0
83800, 982102, 0, 0, 0
83900, 1141562, 0, 0, 0
84000, 1209851, 0, 0, 0
84100, 1061918, 0, 0, 0
84200, 1050074, 0, 0, 0
84300, 996870, 0, 0, 0
84400, 2316857, 0, 0, 0
84500, 1249216, 0, 0, 0
84600, 1286617, 0, 0, 0
84700, 1123720, 0, 0, 0
84800, 1351833, 0, 0, 0
84900, 1095932, 0, 0, 0
85000, 1424085, 0, 0, 0
85100, 1103343, 0, 0, 0
85200, 1035531, 0, 0, 0
85300, 1969148, 0, 0, 0
85400, 1120960, 0, 0, 0
85500, 1084627, 0, 0, 0
85600, 1066356, 0, 0, 0
85700, 1006738, 0, 0, 0
85801, 1256697, 0, 0, 0
85900, 1485285, 0, 0, 0
86000, 1054584, 0, 0, 0
86100, 1077939, 0, 0, 0
86200, 1316330, 0, 0, 0
86300, 1061228, 0, 0, 0
86400, 1482846, 0, 0, 0
86500, 1514778, 0, 0, 0
86600, 1002356, 0, 0, 0
86700, 1162021, 0, 0, 0
86800, 1217801, 0, 0, 0
86900, 821913, 0, 0, 0
87000, 900783, 0, 0, 0
87100, 971349, 0, 0, 0
87200, 1012152, 0, 0, 0
87300, 1027322, 0, 0, 0
87400, 971891, 0, 0, 0
87500, 930560, 0, 0, 0
87600, 848511, 0, 0, 0
87700, 1696007, 0, 0, 0
87800, 1312549, 0, 0, 0
87900, 1044132, 0, 0, 0
88000, 1042037, 0, 0, 0
88100, 1284360, 0, 0, 0
88200, 1216037, 0, 0, 0
88300, 1192395, 0, 0, 0
88400, 986563, 0, 0, 0
88500, 1007906, 0, 0, 0
88600, 1082074, 0, 0, 0
88700, 1119985, 0, 0, 0
88800, 1048917, 0, 0, 0
88900, 1443410, 0, 0, 0
89000, 1125884, 0, 0, 0
89100, 1238822, 0, 0, 0
89200, 1599937, 0, 0, 0
89300, 1103422, 0, 0, 0
89400, 1319879, 0, 0, 0
89500, 1005984, 0, 0, 0
89600, 1410835, 0, 0, 0
89700, 1084134, 0, 0, 0
89800, 1409034, 0, 0, 0
89900, 1255272, 0, 0, 0
90000, 1023025, 0, 0, 0
90000, 1288600, 0, 0, 0
