100, 1144524, 0, 0, 0
200, 982908, 0, 0, 0
301, 1049172, 0, 0, 0
401, 1083783, 0, 0, 0
500, 1008933, 0, 0, 0
600, 1040172, 0, 0, 0
700, 1000985, 0, 0, 0
800, 1027241, 0, 0, 0
900, 910662, 0, 0, 0
1000, 1135887, 0, 0, 0
1100, 1060383, 0, 0, 0
1201, 1037608, 0, 0, 0
1300, 999512, 0, 0, 0
1400, 1136816, 0, 0, 0
1501, 1082703, 0, 0, 0
1601, 933525, 0, 0, 0
1700, 898935, 0, 0, 0
1800, 1130181, 0, 0, 0
1900, 934913, 0, 0, 0
2001, 997083, 0, 0, 0
2100, 816985, 0, 0, 0
2200, 1005013, 0, 0, 0
2300, 890265, 0, 0, 0
2401, 999069, 0, 0, 0
2501, 991731, 0, 0, 0
2600, 1014516, 0, 0, 0
2700, 941069, 0, 0, 0
2800, 1203132, 0, 0, 0
2901, 971799, 0, 0, 0
3000, 1107447, 0, 0, 0
3100, 1074884, 0, 0, 0
3200, 868706, 0, 0, 0
3300, 885446, 0, 0, 0
3400, 865588, 0, 0, 0
3500, 877154, 0, 0, 0
3601, 981179, 0, 0, 0
3700, 1111626, 0, 0, 0
3800, 1024101, 0, 0, 0
3900, 926436, 0, 0, 0
4000, 1120225, 0, 0, 0
4100, 1026905, 0, 0, 0
4200, 1165266, 0, 0, 0
4300, 951008, 0, 0, 0
4401, 997262, 0, 0, 0
4500, 977574, 0, 0, 0
4600, 985017, 0, 0, 0
4700, 922469, 0, 0, 0
4800, 1025151, 0, 0, 0
4900, 926435, 0, 0, 0
5000, 1011769, 0, 0, 0
5100, 1041438, 0, 0, 0
5201, 1003878, 0, 0, 0
5300, 933359, 0, 0, 0
5401, 962854, 0, 0, 0
5502, 1081582, 0, 0, 0
5600, 903254, 0, 0, 0
5700, 1023703, 0, 0, 0
5800, 967095, 0, 0, 0
5900, 1074390, 0, 0, 0
6000, 925069, 0, 0, 0
6100, 920192, 0, 0, 0
6200, 1021844, 0, 0, 0
6300, 1026852, 0, 0, 0
6400, 1152642, 0, 0, 0
6500, 1037013, 0, 0, 0
6600, 1053309, 0, 0, 0
6700, 1025604, 0, 0, 0
6800, 955055, 0, 0, 0
6900, 978736, 0, 0, 0
7000, 1022809, 0, 0, 0
7100, 1027064, 0, 0, 0
7200, 1087413, 0, 0, 0
7300, 1085205, 0, 0, 0
7400, 988892, 0, 0, 0
7501, 959719, 0, 0, 0
7600, 1050346, 0, 0, 0
7700, 951145, 0, 0, 0
7800, 1111837, 0, 0, 0
7900, 1139631, 0, 0, 0
8000, 978654, 0, 0, 0
8100, 1071219, 0, 0, 0
8200, 1143974, 0, 0, 0
8301, 1014423, 0, 0, 0
8400, 953047, 0, 0, 0
8500, 1153392, 0, 0, 0
8601, 1155278, 0, 0, 0
8700, 1198428, 0, 0, 0
8800, 1090047, 0, 0, 0
8900, 1029267, 0, 0, 0
9000, 1093558, 0, 0, 0
9100, 1116276, 0, 0, 0
9200, 959881, 0, 0, 0
9300, 1074828, 0, 0, 0
9400, 1122494, 0, 0, 0
9501, 1160381, 0, 0, 0
9600, 1097521, 0, 0, 0
9700, 1006336, 0, 0, 0
9800, 1152555, 0, 0, 0
9901, 1030624, 0, 0, 0
10000, 988584, 0, 0, 0
10100, 1043653, 0, 0, 0
10201, 1067329, 0, 0, 0
10300, 1079597, 0, 0, 0
10400, 1026032, 0, 0, 0
10500, 1147743, 0, 0, 0
10600, 1044797, 0, 0, 0
10701, 1064496, 0, 0, 0
10801, 1051636, 0, 0, 0
10901, 1124853, 0, 0, 0
11001, 1145507, 0, 0, 0
11100, 1097564, 0, 0, 0
11200, 981139, 0, 0, 0
11300, 1167085, 0, 0, 0
11400, 1101534, 0, 0, 0
11500, 1112102, 0, 0, 0
11600, 1202866, 0, 0, 0
11701, 1054601, 0, 0, 0
11800, 1132717, 0, 0, 0
11900, 1050062, 0, 0, 0
12000, 1238093, 0, 0, 0
12100, 1040388, 0, 0, 0
12200, 996416, 0, 0, 0
12301, 1175266, 0, 0, 0
12401, 1245776, 0, 0, 0
12501, 1063087, 0, 0, 0
12600, 1176927, 0, 0, 0
12701, 1290012, 0, 0, 0
12800, 1086699, 0, 0, 0
12901, 1368006, 0, 0, 0
13000, 1112832, 0, 0, 0
13100, 1172647, 0, 0, 0
13201, 1156536, 0, 0, 0
13301, 1106097, 0, 0, 0
13400, 1148066, 0, 0, 0
13500, 1115464, 0, 0, 0
13602, 1186882, 0, 0, 0
13700, 1220550, 0, 0, 0
13801, 1319316, 0, 0, 0
13900, 1130525, 0, 0, 0
14000, 1316194, 0, 0, 0
14101, 1215972, 0, 0, 0
14200, 1149271, 0, 0, 0
14300, 1159977, 0, 0, 0
14401, 1200990, 0, 0, 0
14500, 1283045, 0, 0, 0
14601, 1148379, 0, 0, 0
14700, 1271692, 0, 0, 0
14800, 1282222, 0, 0, 0
14900, 1358817, 0, 0, 0
15001, 1178940, 0, 0, 0
15100, 1203301, 0, 0, 0
15200, 1194938, 0, 0, 0
15301, 1196984, 0, 0, 0
15400, 1351223, 0, 0, 0
15500, 1267096, 0, 0, 0
15601, 1167466, 0, 0, 0
15701, 1217933, 0, 0, 0
15800, 1286592, 0, 0, 0
15901, 1190070, 0, 0, 0
16001, 1229071, 0, 0, 0
16100, 1150679, 0, 0, 0
16200, 1332530, 0, 0, 0
16300, 1203797, 0, 0, 0
16400, 1388381, 0, 0, 0
16500, 1130808, 0, 0, 0
16600, 1359240, 0, 0, 0
16700, 1362138, 0, 0, 0
16801, 1333382, 0, 0, 0
16900, 1278305, 0, 0, 0
17000, 1288414, 0, 0, 0
17100, 1344388, 0, 0, 0
17200, 1380978, 0, 0, 0
17301, 1403234, 0, 0, 0
17400, 1260742, 0, 0, 0
17501, 1237786, 0, 0, 0
17600, 1303632, 0, 0, 0
17701, 1401513, 0, 0, 0
17801, 1311871, 0, 0, 0
17901, 1366257, 0, 0, 0
18000, 1246710, 0, 0, 0
18101, 1332346, 0, 0, 0
18202, 1174227, 0, 0, 0
18300, 1269662, 0, 0, 0
18401, 1129437, 0, 0, 0
18501, 1262950, 0, 0, 0
18600, 1412090, 0, 0, 0
18700, 1116655, 0, 0, 0
18800, 1256606, 0, 0, 0
18900, 1396930, 0, 0, 0
19000, 1284345, 0, 0, 0
19102, 1276389, 0, 0, 0
19202, 1215809, 0, 0, 0
19301, 1319927, 0, 0, 0
19400, 1118995, 0, 0, 0
19500, 1270009, 0, 0, 0
19600, 1286193, 0, 0, 0
19701, 1138531, 0, 0, 0
19800, 1302932, 0, 0, 0
19900, 1452117, 0, 0, 0
20000, 1280572, 0, 0, 0
20100, 1248059, 0, 0, 0
20201, 1275326, 0, 0, 0
20301, 1382367, 0, 0, 0
20400, 1167976, 0, 0, 0
20500, 1365228, 0, 0, 0
20601, 1409079, 0, 0, 0
20701, 1309408, 0, 0, 0
20801, 1328634, 0, 0, 0
20901, 1234025, 0, 0, 0
21001, 1351204, 0, 0, 0
21101, 1329565, 0, 0, 0
21200, 1321815, 0, 0, 0
21300, 1217759, 0, 0, 0
21400, 1202258, 0, 0, 0
21500, 1188342, 0, 0, 0
21600, 1312412, 0, 0, 0
21700, 1395829, 0, 0, 0
21800, 1339074, 0, 0, 0
21900, 1351243, 0, 0, 0
22000, 1335609, 0, 0, 0
22100, 1316211, 0, 0, 0
22201, 1286641, 0, 0, 0
22300, 1340293, 0, 0, 0
22401, 1332168, 0, 0, 0
22501, 1417809, 0, 0, 0
22600, 1278806, 0, 0, 0
22700, 1278969, 0, 0, 0
22800, 1241910, 0, 0, 0
22900, 1389120, 0, 0, 0
23000, 1366132, 0, 0, 0
23101, 1318284, 0, 0, 0
23200, 1314027, 0, 0, 0
23301, 1291969, 0, 0, 0
23400, 1344450, 0, 0, 0
23501, 1440301, 0, 0, 0
23600, 1370275, 0, 0, 0
23700, 1380647, 0, 0, 0
23802, 1343922, 0, 0, 0
23900, 1283522, 0, 0, 0
24000, 1336559, 0, 0, 0
24101, 1309977, 0, 0, 0
24200, 1316668, 0, 0, 0
24300, 1412136, 0, 0, 0
24401, 1434499, 0, 0, 0
24501, 1367306, 0, 0, 0
24600, 1381983, 0, 0, 0
24700, 1289739, 0, 0, 0
24800, 1471704, 0, 0, 0
24900, 1254195, 0, 0, 0
25000, 1346089, 0, 0, 0
25101, 1287224, 0, 0, 0
25201, 1377631, 0, 0, 0
25300, 1492576, 0, 0, 0
25402, 1413015, 0, 0, 0
25500, 1382794, 0, 0, 0
25601, 1403416, 0, 0, 0
25701, 1327078, 0, 0, 0
25800, 1389358, 0, 0, 0
25900, 1378723, 0, 0, 0
26001, 1542473, 0, 0, 0
26100, 1432345, 0, 0, 0
26200, 1314628, 0, 0, 0
26300, 1400249, 0, 0, 0
26400, 1414379, 0, 0, 0
26500, 1481352, 0, 0, 0
26601, 1370069, 0, 0, 0
26700, 1362615, 0, 0, 0
26801, 1355180, 0, 0, 0
26901, 1335449, 0, 0, 0
27000, 1464398, 0, 0, 0
27100, 1477916, 0, 0, 0
27201, 1445322, 0, 0, 0
27300, 1371850, 0, 0, 0
27401, 1189029, 0, 0, 0
27500, 1484092, 0, 0, 0
27601, 1318270, 0, 0, 0
27700, 1464029, 0, 0, 0
27800, 1304676, 0, 0, 0
27900, 1407670, 0, 0, 0
28000, 1288803, 0, 0, 0
28101, 1451004, 0, 0, 0
28200, 1365565, 0, 0, 0
28301, 1394803, 0, 0, 0
28400, 1391747, 0, 0, 0
28501, 1311061, 0, 0, 0
28601, 1326827, 0, 0, 0
28701, 1352285, 0, 0, 0
28800, 1370867, 0, 0, 0
28901, 1464654, 0, 0, 0
29000, 1334510, 0, 0, 0
29101, 1404728, 0, 0, 0
29200, 1417471, 0, 0, 0
29300, 1473978, 0, 0, 0
29400, 1531644, 0, 0, 0
29500, 1371909, 0, 0, 0
29601, 1518954, 0, 0, 0
29700, 1377915, 0, 0, 0
29800, 1393683, 0, 0, 0
29900, 1274448, 0, 0, 0
30001, 1384144, 0, 0, 0
30100, 1287806, 0, 0, 0
30200, 1347403, 0, 0, 0
30300, 1370587, 0, 0, 0
30401, 1395531, 0, 0, 0
30501, 1280919, 0, 0, 0
30601, 1401598, 0, 0, 0
30701, 1352021, 0, 0, 0
30801, 1515542, 0, 0, 0
30900, 1275120, 0, 0, 0
31000, 1469803, 0, 0, 0
31101, 1393248, 0, 0, 0
31202, 1438781, 0, 0, 0
31300, 1308141, 0, 0, 0
31400, 1330189, 0, 0, 0
31500, 1478149, 0, 0, 0
31601, 1430926, 0, 0, 0
31700, 1183311, 0, 0, 0
31800, 1310355, 0, 0, 0
31900, 1387496, 0, 0, 0
32000, 1434858, 0, 0, 0
32100, 1570912, 0, 0, 0
32200, 1349652, 0, 0, 0
32300, 1417543, 0, 0, 0
32401, 1436671, 0, 0, 0
32501, 1424411, 0, 0, 0
32600, 1380634, 0, 0, 0
32701, 1394814, 0, 0, 0
32800, 1291652, 0, 0, 0
32900, 1377136, 0, 0, 0
33000, 1406643, 0, 0, 0
33100, 1497716, 0, 0, 0
33200, 1383493, 0, 0, 0
33301, 1481216, 0, 0, 0
33401, 1353976, 0, 0, 0
33500, 1440769, 0, 0, 0
33601, 1351059, 0, 0, 0
33700, 1432920, 0, 0, 0
33801, 1426278, 0, 0, 0
33901, 1537295, 0, 0, 0
34001, 1497328, 0, 0, 0
34100, 1496966, 0, 0, 0
34200, 1463573, 0, 0, 0
34301, 1423326, 0, 0, 0
34400, 1390083, 0, 0, 0
34500, 1412478, 0, 0, 0
34600, 1401262, 0, 0, 0
34701, 1363799, 0, 0, 0
34800, 1508821, 0, 0, 0
34900, 1482814, 0, 0, 0
35001, 1575501, 0, 0, 0
35100, 1498340, 0, 0, 0
35200, 1534099, 0, 0, 0
35300, 1317078, 0, 0, 0
35401, 1416952, 0, 0, 0
35500, 1437499, 0, 0, 0
35600, 1450830, 0, 0, 0
35701, 1476104, 0, 0, 0
35800, 1321274, 0, 0, 0
35900, 1478229, 0, 0, 0
36000, 1402541, 0, 0, 0
36100, 1281085, 0, 0, 0
36200, 1461390, 0, 0, 0
36301, 1302900, 0, 0, 0
36401, 1310936, 0, 0, 0
36501, 1510505, 0, 0, 0
36600, 1288517, 0, 0, 0
36700, 1402322, 0, 0, 0
36801, 1402419, 0, 0, 0
36901, 1444470, 0, 0, 0
37000, 1531909, 0, 0, 0
37101, 1524025, 0, 0, 0
37200, 1431578, 0, 0, 0
37300, 1489916, 0, 0, 0
37400, 1406457, 0, 0, 0
37500, 1428095, 0, 0, 0
37601, 1459144, 0, 0, 0
37700, 1356016, 0, 0, 0
37800, 1372914, 0, 0, 0
37901, 1418311, 0, 0, 0
38000, 1519620, 0, 0, 0
38100, 1571802, 0, 0, 0
38200, 1378994, 0, 0, 0
38301, 1507184, 0, 0, 0
38400, 1498626, 0, 0, 0
38502, 1337167, 0, 0, 0
38601, 1302593, 0, 0, 0
38700, 1486177, 0, 0, 0
38800, 1523407, 0, 0, 0
38900, 1449205, 0, 0, 0
39002, 1342063, 0, 0, 0
39100, 1420382, 0, 0, 0
39201, 1487182, 0, 0, 0
39300, 1481443, 0, 0, 0
39400, 1526965, 0, 0, 0
39500, 1515446, 0, 0, 0
39601, 1459522, 0, 0, 0
39700, 1433410, 0, 0, 0
39800, 1466949, 0, 0, 0
39900, 1388108, 0, 0, 0
40001, 1351484, 0, 0, 0
40101, 1266999, 0, 0, 0
40200, 1291501, 0, 0, 0
40300, 1676219, 0, 0, 0
40400, 1486793, 0, 0, 0
40500, 1351605, 0, 0, 0
40600, 1317333, 0, 0, 0
40700, 1513335, 0, 0, 0
40800, 1357850, 0, 0, 0
40901, 1364878, 0, 0, 0
41000, 1487341, 0, 0, 0
41101, 1372462, 0, 0, 0
41200, 1681400, 0, 0, 0
41300, 1292938, 0, 0, 0
41401, 1462098, 0, 0, 0
41500, 1546242, 0, 0, 0
41601, 1312394, 0, 0, 0
41700, 1372321, 0, 0, 0
41800, 1476423, 0, 0, 0
41900, 1422361, 0, 0, 0
42001, 1323221, 0, 0, 0
42101, 1446903, 0, 0, 0
42200, 1522174, 0, 0, 0
42300, 1379724, 0, 0, 0
42400, 1356620, 0, 0, 0
42500, 1419670, 0, 0, 0
42601, 1516260, 0, 0, 0
42701, 1316149, 0, 0, 0
42800, 1453063, 0, 0, 0
42900, 1594463, 0, 0, 0
43001, 1478624, 0, 0, 0
43101, 1424166, 0, 0, 0
43200, 1374037, 0, 0, 0
43301, 1368289, 0, 0, 0
43401, 1460778, 0, 0, 0
43501, 1495974, 0, 0, 0
43601, 1491085, 0, 0, 0
43700, 1369832, 0, 0, 0
43800, 1540396, 0, 0, 0
43900, 1542470, 0, 0, 0
44000, 1422347, 0, 0, 0
44100, 1364976, 0, 0, 0
44200, 1438158, 0, 0, 0
44300, 1460259, 0, 0, 0
44400, 1490399, 0, 0, 0
44501, 1467672, 0, 0, 0
44600, 1373970, 0, 0, 0
44700, 1423942, 0, 0, 0
44800, 1408286, 0, 0, 0
44900, 1388032, 0, 0, 0
45001, 1379177, 0, 0, 0
45101, 1494809, 0, 0, 0
45200, 1367624, 0, 0, 0
45301, 1465184, 0, 0, 0
45400, 1439215, 0, 0, 0
45500, 1416795, 0, 0, 0
45600, 1471477, 0, 0, 0
45700, 1452096, 0, 0, 0
45801, 1416839, 0, 0, 0
45900, 1501815, 0, 0, 0
46000, 1484820, 0, 0, 0
46101, 1427228, 0, 0, 0
46201, 1277800, 0, 0, 0
46300, 1517353, 0, 0, 0
46401, 1317815, 0, 0, 0
46500, 1408151, 0, 0, 0
46600, 1407962, 0, 0, 0
46700, 1435399, 0, 0, 0
46800, 1609662, 0, 0, 0
46901, 1372287, 0, 0, 0
47000, 1347345, 0, 0, 0
47100, 1440542, 0, 0, 0
47200, 1470936, 0, 0, 0
47301, 1522809, 0, 0, 0
47401, 1789788, 0, 0, 0
47501, 1410296, 0, 0, 0
47600, 1391794, 0, 0, 0
47701, 1483195, 0, 0, 0
47802, 1393910, 0, 0, 0
47900, 1428694, 0, 0, 0
48001, 1497882, 0, 0, 0
48100, 1630987, 0, 0, 0
48200, 1655538, 0, 0, 0
48301, 1407244, 0, 0, 0
48400, 1396620, 0, 0, 0
48500, 1560768, 0, 0, 0
48600, 1440059, 0, 0, 0
48700, 1493485, 0, 0, 0
48801, 1343549, 0, 0, 0
48900, 1539537, 0, 0, 0
49001, 1487686, 0, 0, 0
49100, 1462097, 0, 0, 0
49200, 1445403, 0, 0, 0
49300, 1390158, 0, 0, 0
49401, 1566545, 0, 0, 0
49501, 1450241, 0, 0, 0
49600, 1496521, 0, 0, 0
49700, 1319091, 0, 0, 0
49800, 1363296, 0, 0, 0
49901, 1386205, 0, 0, 0
50000, 1331692, 0, 0, 0
50101, 1472962, 0, 0, 0
50200, 1324749, 0, 0, 0
50301, 1403168, 0, 0, 0
50401, 1494603, 0, 0, 0
50501, 1427932, 0, 0, 0
50600, 1333241, 0, 0, 0
50700, 1318176, 0, 0, 0
50800, 1509763, 0, 0, 0
50900, 1335626, 0, 0, 0
51000, 1391716, 0, 0, 0
51101, 1676711, 0, 0, 0
51200, 1278266, 0, 0, 0
51301, 1220220, 0, 0, 0
51401, 1350278, 0, 0, 0
51501, 1406131, 0, 0, 0
51600, 1333655, 0, 0, 0
51700, 1221635, 0, 0, 0
51801, 1418176, 0, 0, 0
51900, 1335935, 0, 0, 0
52001, 1344923, 0, 0, 0
52100, 1417294, 0, 0, 0
52200, 1348658, 0, 0, 0
52300, 1426659, 0, 0, 0
52401, 1522717, 0, 0, 0
52500, 1343994, 0, 0, 0
52600, 1445985, 0, 0, 0
52701, 1279174, 0, 0, 0
52800, 1287344, 0, 0, 0
52901, 1322289, 0, 0, 0
53000, 1388271, 0, 0, 0
53100, 1318312, 0, 0, 0
53200, 1370356, 0, 0, 0
53300, 1343309, 0, 0, 0
53401, 1296610, 0, 0, 0
53500, 1322208, 0, 0, 0
53600, 1302221, 0, 0, 0
53701, 1268624, 0, 0, 0
53800, 1389775, 0, 0, 0
53901, 1405052, 0, 0, 0
54000, 1341833, 0, 0, 0
54100, 1382005, 0, 0, 0
54201, 1278652, 0, 0, 0
54301, 1465809, 0, 0, 0
54400, 1336737, 0, 0, 0
54500, 1257539, 0, 0, 0
54601, 1389304, 0, 0, 0
54700, 1304844, 0, 0, 0
54801, 1438971, 0, 0, 0
54901, 1372066, 0, 0, 0
55001, 1331234, 0, 0, 0
55101, 1465856, 0, 0, 0
55202, 1401890, 0, 0, 0
55301, 1292929, 0, 0, 0
55400, 1325226, 0, 0, 0
55502, 1294341, 0, 0, 0
55601, 1473836, 0, 0, 0
55702, 1280147, 0, 0, 0
55801, 1570260, 0, 0, 0
55901, 1533184, 0, 0, 0
56001, 1639700, 0, 0, 0
56100, 1451803, 0, 0, 0
56201, 1468835, 0, 0, 0
56300, 1600354, 0, 0, 0
56400, 1599487, 0, 0, 0
56500, 1444703, 0, 0, 0
56601, 1512793, 0, 0, 0
56700, 1437560, 0, 0, 0
56801, 1497158, 0, 0, 0
56901, 1515103, 0, 0, 0
57000, 1458343, 0, 0, 0
57100, 1440667, 0, 0, 0
57201, 1446996, 0, 0, 0
57301, 1632786, 0, 0, 0
57400, 1551053, 0, 0, 0
57500, 1559221, 0, 0, 0
57600, 1484265, 0, 0, 0
57700, 1438204, 0, 0, 0
57801, 1518131, 0, 0, 0
57901, 1491892, 0, 0, 0
58000, 1506130, 0, 0, 0
58102, 1701899, 0, 0, 0
58200, 1660731, 0, 0, 0
58300, 1445475, 0, 0, 0
58400, 1437726, 0, 0, 0
58501, 1559543, 0, 0, 0
58602, 1703891, 0, 0, 0
58701, 1395027, 0, 0, 0
58801, 1562952, 0, 0, 0
58900, 1626434, 0, 0, 0
59001, 1505561, 0, 0, 0
59100, 1471272, 0, 0, 0
59200, 1534741, 0, 0, 0
59300, 1408754, 0, 0, 0
59400, 1474885, 0, 0, 0
59500, 1502417, 0, 0, 0
59601, 1531021, 0, 0, 0
59700, 1550298, 0, 0, 0
59800, 1473477, 0, 0, 0
59900, 1562886, 0, 0, 0
60000, 1491994, 0, 0, 0
