250, 728, 0, 0, 0
350, 540, 0, 0, 0
450, 500, 0, 0, 0
550, 610, 0, 0, 0
650, 500, 0, 0, 0
749, 656, 0, 0, 0
849, 710, 0, 0, 0
949, 490, 0, 0, 0
1049, 720, 0, 0, 0
1149, 760, 0, 0, 0
1250, 680, 0, 0, 0
1350, 500, 0, 0, 0
1450, 500, 0, 0, 0
1550, 740, 0, 0, 0
1650, 530, 0, 0, 0
1749, 434, 0, 0, 0
1849, 720, 0, 0, 0
1949, 520, 0, 0, 0
2049, 240, 0, 0, 0
2149, 590, 0, 0, 0
2249, 630, 0, 0, 0
2350, 350, 0, 0, 0
2450, 550, 0, 0, 0
2550, 720, 0, 0, 0
2650, 750, 0, 0, 0
2749, 696, 0, 0, 0
2849, 650, 0, 0, 0
2949, 780, 0, 0, 0
3049, 620, 0, 0, 0
3149, 770, 0, 0, 0
3249, 680, 0, 0, 0
3349, 620, 0, 0, 0
3449, 560, 0, 0, 0
3550, 580, 0, 0, 0
3650, 690, 0, 0, 0
3749, 707, 0, 0, 0
3849, 470, 0, 0, 0
3949, 590, 0, 0, 0
4049, 760, 0, 0, 0
4149, 540, 0, 0, 0
4249, 670, 0, 0, 0
4349, 640, 0, 0, 0
4449, 600, 0, 0, 0
4549, 600, 0, 0, 0
4649, 630, 0, 0, 0
4750, 710, 0, 0, 0
4850, 770, 0, 0, 0
4950, 790, 0, 0, 0
5050, 770, 0, 0, 0
5150, 500, 0, 0, 0
5249, 858, 0, 0, 0
5349, 740, 0, 0, 0
5449, 640, 0, 0, 0
5549, 480, 0, 0, 0
5649, 580, 0, 0, 0
5750, 740, 0, 0, 0
5850, 690, 0, 0, 0
5950, 410, 0, 0, 0
6050, 440, 0, 0, 0
6150, 470, 0, 0, 0
6249, 777, 0, 0, 0
6349, 550, 0, 0, 0
6449, 550, 0, 0, 0
6549, 620, 0, 0, 0
6649, 600, 0, 0, 0
6749, 710, 0, 0, 0
6849, 670, 0, 0, 0
6950, 550, 0, 0, 0
7050, 570, 0, 0, 0
7150, 550, 0, 0, 0
7249, 595, 0, 0, 0
7349, 170, 0, 0, 0
7449, 970, 0, 0, 0
7549, 470, 0, 0, 0
7649, 1020, 0, 0, 0
7749, 660, 0, 0, 0
7849, 740, 0, 0, 0
7949, 660, 0, 0, 0
8049, 750, 0, 0, 0
8150, 570, 0, 0, 0
8249, 777, 0, 0, 0
8349, 860, 0, 0, 0
8449, 890, 0, 0, 0
8549, 710, 0, 0, 0
8649, 730, 0, 0, 0
8749, 690, 0, 0, 0
8849, 670, 0, 0, 0
8949, 730, 0, 0, 0
9049, 580, 0, 0, 0
9149, 510, 0, 0, 0
9250, 610, 0, 0, 0
9350, 520, 0, 0, 0
9450, 580, 0, 0, 0
9550, 660, 0, 0, 0
9650, 670, 0, 0, 0
9749, 676, 0, 0, 0
9849, 690, 0, 0, 0
9949, 610, 0, 0, 0
10049, 600, 0, 0, 0
10149, 720, 0, 0, 0
10249, 660, 0, 0, 0
10350, 850, 0, 0, 0
10450, 570, 0, 0, 0
10550, 660, 0, 0, 0
10650, 610, 0, 0, 0
10749, 646, 0, 0, 0
10849, 510, 0, 0, 0
10949, 580, 0, 0, 0
11049, 610, 0, 0, 0
11149, 880, 0, 0, 0
11249, 500, 0, 0, 0
11349, 860, 0, 0, 0
11449, 480, 0, 0, 0
11550, 660, 0, 0, 0
11650, 700, 0, 0, 0
11749, 626, 0, 0, 0
11849, 450, 0, 0, 0
11949, 600, 0, 0, 0
12049, 890, 0, 0, 0
12149, 670, 0, 0, 0
12249, 580, 0, 0, 0
12349, 700, 0, 0, 0
12449, 380, 0, 0, 0
12549, 750, 0, 0, 0
12649, 610, 0, 0, 0
12749, 700, 0, 0, 0
12850, 630, 0, 0, 0
12950, 670, 0, 0, 0
13050, 410, 0, 0, 0
13150, 620, 0, 0, 0
13249, 727, 0, 0, 0
13349, 750, 0, 0, 0
13449, 710, 0, 0, 0
13549, 650, 0, 0, 0
13649, 450, 0, 0, 0
13749, 610, 0, 0, 0
13849, 690, 0, 0, 0
13949, 780, 0, 0, 0
14050, 680, 0, 0, 0
14150, 630, 0, 0, 0
14249, 575, 0, 0, 0
14349, 820, 0, 0, 0
14449, 780, 0, 0, 0
14549, 630, 0, 0, 0
14649, 800, 0, 0, 0
14749, 820, 0, 0, 0
14849, 450, 0, 0, 0
14949, 570, 0, 0, 0
15049, 370, 0, 0, 0
15149, 740, 0, 0, 0
15250, 620, 0, 0, 0
15350, 760, 0, 0, 0
15450, 900, 0, 0, 0
15550, 430, 0, 0, 0
15650, 500, 0, 0, 0
15749, 696, 0, 0, 0
15849, 670, 0, 0, 0
15949, 580, 0, 0, 0
16049, 480, 0, 0, 0
16149, 550, 0, 0, 0
16250, 500, 0, 0, 0
16350, 820, 0, 0, 0
16450, 760, 0, 0, 0
16550, 640, 0, 0, 0
16650, 730, 0, 0, 0
16749, 484, 0, 0, 0
16849, 760, 0, 0, 0
16949, 700, 0, 0, 0
17049, 700, 0, 0, 0
17149, 650, 0, 0, 0
17249, 900, 0, 0, 0
17349, 740, 0, 0, 0
17450, 570, 0, 0, 0
17550, 680, 0, 0, 0
17650, 690, 0, 0, 0
17749, 595, 0, 0, 0
17849, 760, 0, 0, 0
17949, 800, 0, 0, 0
18049, 800, 0, 0, 0
18149, 790, 0, 0, 0
18249, 630, 0, 0, 0
18349, 700, 0, 0, 0
18449, 590, 0, 0, 0
18550, 790, 0, 0, 0
18650, 820, 0, 0, 0
18749, 575, 0, 0, 0
18849, 660, 0, 0, 0
18949, 650, 0, 0, 0
19049, 650, 0, 0, 0
19149, 770, 0, 0, 0
19249, 640, 0, 0, 0
19349, 740, 0, 0, 0
19449, 600, 0, 0, 0
19549, 650, 0, 0, 0
19650, 720, 0, 0, 0
19749, 575, 0, 0, 0
19849, 650, 0, 0, 0
19949, 540, 0, 0, 0
20049, 720, 0, 0, 0
20149, 500, 0, 0, 0
20249, 720, 0, 0, 0
20349, 780, 0, 0, 0
20449, 740, 0, 0, 0
20549, 850, 0, 0, 0
20649, 620, 0, 0, 0
20750, 480, 0, 0, 0
20850, 680, 0, 0, 0
20950, 560, 0, 0, 0
21050, 580, 0, 0, 0
21150, 560, 0, 0, 0
21249, 555, 0, 0, 0
21349, 810, 0, 0, 0
21449, 630, 0, 0, 0
21549, 660, 0, 0, 0
21649, 720, 0, 0, 0
21750, 680, 0, 0, 0
21850, 780, 0, 0, 0
21950, 1010, 0, 0, 0
22050, 700, 0, 0, 0
22150, 750, 0, 0, 0
22249, 525, 0, 0, 0
22349, 600, 0, 0, 0
22449, 720, 0, 0, 0
22549, 800, 0, 0, 0
22649, 850, 0, 0, 0
22749, 530, 0, 0, 0
22850, 510, 0, 0, 0
22950, 800, 0, 0, 0
23050, 690, 0, 0, 0
23150, 790, 0, 0, 0
23249, 757, 0, 0, 0
23349, 780, 0, 0, 0
23449, 670, 0, 0, 0
23549, 600, 0, 0, 0
23649, 540, 0, 0, 0
23749, 610, 0, 0, 0
23849, 590, 0, 0, 0
23949, 640, 0, 0, 0
24050, 1060, 0, 0, 0
24150, 570, 0, 0, 0
24249, 666, 0, 0, 0
24349, 740, 0, 0, 0
24449, 740, 0, 0, 0
24549, 790, 0, 0, 0
24649, 790, 0, 0, 0
24749, 710, 0, 0, 0
24849, 840, 0, 0, 0
24949, 630, 0, 0, 0
25049, 630, 0, 0, 0
25149, 650, 0, 0, 0
25250, 680, 0, 0, 0
25350, 580, 0, 0, 0
25450, 820, 0, 0, 0
25550, 850, 0, 0, 0
25650, 470, 0, 0, 0
25749, 434, 0, 0, 0
25849, 700, 0, 0, 0
25949, 570, 0, 0, 0
26049, 640, 0, 0, 0
26149, 710, 0, 0, 0
26249, 680, 0, 0, 0
26349, 690, 0, 0, 0
26450, 530, 0, 0, 0
26550, 620, 0, 0, 0
26650, 470, 0, 0, 0
26749, 676, 0, 0, 0
26849, 900, 0, 0, 0
26949, 590, 0, 0, 0
27049, 670, 0, 0, 0
27149, 770, 0, 0, 0
27249, 600, 0, 0, 0
27349, 590, 0, 0, 0
27449, 710, 0, 0, 0
27550, 540, 0, 0, 0
27650, 630, 0, 0, 0
27749, 777, 0, 0, 0
27849, 710, 0, 0, 0
27949, 760, 0, 0, 0
28049, 580, 0, 0, 0
28149, 630, 0, 0, 0
28249, 680, 0, 0, 0
28349, 650, 0, 0, 0
28449, 890, 0, 0, 0
28549, 560, 0, 0, 0
28649, 620, 0, 0, 0
28750, 590, 0, 0, 0
28850, 1000, 0, 0, 0
28950, 880, 0, 0, 0
29050, 560, 0, 0, 0
29150, 920, 0, 0, 0
29249, 747, 0, 0, 0
29349, 590, 0, 0, 0
29449, 500, 0, 0, 0
29549, 660, 0, 0, 0
29649, 730, 0, 0, 0
29750, 1000, 0, 0, 0
29850, 720, 0, 0, 0
29950, 900, 0, 0, 0
30050, 700, 0, 0, 0
30150, 900, 0, 0, 0
30249, 1030, 0, 0, 0
30349, 820, 0, 0, 0
30449, 500, 0, 0, 0
30549, 430, 0, 0, 0
30649, 660, 0, 0, 0
30750, 580, 0, 0, 0
30850, 810, 0, 0, 0
30950, 580, 0, 0, 0
31050, 460, 0, 0, 0
31150, 740, 0, 0, 0
31249, 828, 0, 0, 0
31349, 890, 0, 0, 0
31449, 650, 0, 0, 0
31549, 600, 0, 0, 0
31649, 470, 0, 0, 0
31749, 540, 0, 0, 0
31849, 680, 0, 0, 0
31949, 780, 0, 0, 0
32050, 460, 0, 0, 0
32150, 540, 0, 0, 0
32249, 515, 0, 0, 0
32349, 540, 0, 0, 0
32449, 820, 0, 0, 0
32549, 690, 0, 0, 0
32649, 710, 0, 0, 0
32749, 400, 0, 0, 0
32849, 740, 0, 0, 0
32949, 670, 0, 0, 0
33049, 580, 0, 0, 0
33150, 830, 0, 0, 0
33250, 890, 0, 0, 0
33350, 640, 0, 0, 0
33450, 700, 0, 0, 0
33550, 730, 0, 0, 0
33650, 730, 0, 0, 0
33749, 666, 0, 0, 0
33849, 620, 0, 0, 0
33949, 810, 0, 0, 0
34049, 680, 0, 0, 0
34149, 600, 0, 0, 0
34249, 360, 0, 0, 0
34350, 210, 0, 0, 0
34450, 660, 0, 0, 0
34550, 850, 0, 0, 0
34650, 500, 0, 0, 0
34749, 292, 0, 0, 0
34849, 770, 0, 0, 0
34949, 680, 0, 0, 0
35049, 890, 0, 0, 0
35149, 890, 0, 0, 0
35249, 700, 0, 0, 0
35349, 670, 0, 0, 0
35449, 500, 0, 0, 0
35550, 750, 0, 0, 0
35650, 490, 0, 0, 0
35749, 363, 0, 0, 0
35849, 600, 0, 0, 0
35949, 800, 0, 0, 0
36049, 580, 0, 0, 0
36149, 570, 0, 0, 0
36249, 440, 0, 0, 0
36349, 770, 0, 0, 0
36449, 810, 0, 0, 0
36549, 650, 0, 0, 0
36649, 850, 0, 0, 0
36750, 610, 0, 0, 0
36850, 870, 0, 0, 0
36950, 750, 0, 0, 0
37050, 760, 0, 0, 0
37150, 630, 0, 0, 0
37249, 525, 0, 0, 0
37349, 680, 0, 0, 0
37449, 530, 0, 0, 0
37549, 650, 0, 0, 0
37649, 680, 0, 0, 0
37749, 480, 0, 0, 0
37849, 610, 0, 0, 0
37949, 530, 0, 0, 0
38050, 650, 0, 0, 0
38150, 630, 0, 0, 0
38249, 696, 0, 0, 0
38349, 490, 0, 0, 0
38449, 980, 0, 0, 0
38549, 550, 0, 0, 0
38649, 520, 0, 0, 0
38749, 630, 0, 0, 0
38849, 610, 0, 0, 0
38949, 690, 0, 0, 0
39050, 780, 0, 0, 0
39150, 640, 0, 0, 0
39249, 616, 0, 0, 0
39349, 470, 0, 0, 0
39449, 620, 0, 0, 0
39549, 630, 0, 0, 0
39649, 510, 0, 0, 0
39749, 730, 0, 0, 0
39849, 680, 0, 0, 0
39949, 580, 0, 0, 0
40049, 750, 0, 0, 0
40149, 630, 0, 0, 0
40250, 530, 0, 0, 0
40350, 730, 0, 0, 0
40450, 660, 0, 0, 0
40550, 630, 0, 0, 0
40650, 640, 0, 0, 0
40749, 454, 0, 0, 0
40849, 750, 0, 0, 0
40949, 650, 0, 0, 0
41049, 530, 0, 0, 0
41149, 810, 0, 0, 0
41250, 610, 0, 0, 0
41350, 630, 0, 0, 0
41450, 550, 0, 0, 0
41550, 660, 0, 0, 0
41650, 540, 0, 0, 0
41749, 565, 0, 0, 0
41849, 840, 0, 0, 0
41949, 800, 0, 0, 0
42049, 400, 0, 0, 0
42149, 730, 0, 0, 0
42249, 800, 0, 0, 0
42349, 530, 0, 0, 0
42449, 680, 0, 0, 0
42550, 730, 0, 0, 0
42650, 350, 0, 0, 0
42749, 595, 0, 0, 0
42849, 530, 0, 0, 0
42949, 780, 0, 0, 0
43049, 310, 0, 0, 0
43149, 690, 0, 0, 0
43249, 560, 0, 0, 0
43349, 880, 0, 0, 0
43449, 730, 0, 0, 0
43549, 730, 0, 0, 0
43649, 520, 0, 0, 0
43750, 770, 0, 0, 0
43850, 870, 0, 0, 0
43950, 790, 0, 0, 0
44050, 500, 0, 0, 0
44150, 590, 0, 0, 0
44249, 535, 0, 0, 0
44349, 740, 0, 0, 0
44449, 700, 0, 0, 0
44549, 880, 0, 0, 0
44649, 410, 0, 0, 0
44749, 740, 0, 0, 0
44849, 710, 0, 0, 0
44949, 690, 0, 0, 0
45050, 850, 0, 0, 0
45150, 600, 0, 0, 0
45249, 323, 0, 0, 0
45349, 700, 0, 0, 0
45449, 740, 0, 0, 0
45549, 440, 0, 0, 0
45649, 730, 0, 0, 0
45749, 630, 0, 0, 0
45849, 350, 0, 0, 0
45949, 550, 0, 0, 0
46050, 670, 0, 0, 0
46150, 830, 0, 0, 0
46249, 646, 0, 0, 0
46349, 680, 0, 0, 0
46449, 550, 0, 0, 0
46549, 550, 0, 0, 0
46649, 970, 0, 0, 0
46749, 1050, 0, 0, 0
46849, 690, 0, 0, 0
46949, 510, 0, 0, 0
47050, 680, 0, 0, 0
47150, 1080, 0, 0, 0
47249, 838, 0, 0, 0
47349, 470, 0, 0, 0
47449, 500, 0, 0, 0
47549, 630, 0, 0, 0
47649, 520, 0, 0, 0
47749, 430, 0, 0, 0
47849, 750, 0, 0, 0
47949, 1010, 0, 0, 0
48049, 500, 0, 0, 0
48149, 510, 0, 0, 0
48250, 480, 0, 0, 0
48350, 820, 0, 0, 0
48450, 540, 0, 0, 0
48550, 540, 0, 0, 0
48650, 830, 0, 0, 0
48749, 959, 0, 0, 0
48849, 970, 0, 0, 0
48949, 800, 0, 0, 0
49049, 520, 0, 0, 0
49149, 410, 0, 0, 0
49249, 640, 0, 0, 0
49349, 740, 0, 0, 0
49450, 430, 0, 0, 0
49550, 570, 0, 0, 0
49650, 490, 0, 0, 0
49749, 676, 0, 0, 0
49849, 660, 0, 0, 0
49949, 510, 0, 0, 0
50049, 600, 0, 0, 0
50149, 420, 0, 0, 0
50249, 690, 0, 0, 0
50349, 610, 0, 0, 0
50449, 670, 0, 0, 0
50549, 370, 0, 0, 0
50650, 450, 0, 0, 0
50749, 575, 0, 0, 0
50849, 630, 0, 0, 0
50949, 780, 0, 0, 0
51049, 510, 0, 0, 0
51149, 590, 0, 0, 0
51249, 380, 0, 0, 0
51349, 580, 0, 0, 0
51449, 480, 0, 0, 0
51549, 490, 0, 0, 0
51649, 510, 0, 0, 0
51750, 700, 0, 0, 0
51850, 580, 0, 0, 0
51950, 850, 0, 0, 0
52050, 360, 0, 0, 0
52150, 620, 0, 0, 0
52249, 555, 0, 0, 0
52349, 510, 0, 0, 0
52449, 670, 0, 0, 0
52549, 550, 0, 0, 0
52649, 630, 0, 0, 0
52750, 690, 0, 0, 0
52850, 810, 0, 0, 0
52950, 620, 0, 0, 0
53050, 650, 0, 0, 0
53150, 620, 0, 0, 0
53249, 575, 0, 0, 0
53349, 370, 0, 0, 0
53449, 640, 0, 0, 0
53549, 690, 0, 0, 0
53649, 660, 0, 0, 0
53749, 720, 0, 0, 0
53850, 580, 0, 0, 0
53950, 700, 0, 0, 0
54050, 650, 0, 0, 0
54150, 370, 0, 0, 0
54249, 646, 0, 0, 0
54349, 810, 0, 0, 0
54449, 670, 0, 0, 0
54549, 640, 0, 0, 0
54649, 610, 0, 0, 0
54749, 660, 0, 0, 0
54849, 750, 0, 0, 0
54949, 580, 0, 0, 0
55050, 420, 0, 0, 0
55150, 730, 0, 0, 0
55249, 434, 0, 0, 0
55349, 590, 0, 0, 0
55449, 560, 0, 0, 0
55549, 500, 0, 0, 0
55649, 580, 0, 0, 0
55749, 820, 0, 0, 0
55849, 710, 0, 0, 0
55949, 670, 0, 0, 0
56049, 490, 0, 0, 0
56149, 460, 0, 0, 0
56250, 720, 0, 0, 0
56350, 520, 0, 0, 0
56450, 510, 0, 0, 0
56550, 590, 0, 0, 0
56650, 560, 0, 0, 0
56749, 686, 0, 0, 0
56849, 440, 0, 0, 0
56949, 540, 0, 0, 0
57049, 400, 0, 0, 0
57149, 730, 0, 0, 0
57249, 760, 0, 0, 0
57350, 400, 0, 0, 0
57450, 600, 0, 0, 0
57550, 750, 0, 0, 0
57650, 640, 0, 0, 0
57749, 808, 0, 0, 0
57849, 710, 0, 0, 0
57949, 650, 0, 0, 0
58049, 580, 0, 0, 0
58149, 700, 0, 0, 0
58249, 520, 0, 0, 0
58349, 350, 0, 0, 0
58449, 500, 0, 0, 0
58550, 390, 0, 0, 0
58650, 530, 0, 0, 0
58749, 575, 0, 0, 0
58849, 600, 0, 0, 0
58949, 540, 0, 0, 0
59049, 540, 0, 0, 0
59149, 430, 0, 0, 0
59249, 640, 0, 0, 0
59349, 460, 0, 0, 0
59449, 520, 0, 0, 0
59549, 260, 0, 0, 0
59650, 610, 0, 0, 0
59749, 666, 0, 0, 0
59849, 440, 0, 0, 0
59949, 510, 0, 0, 0
