250, 356, 0, 0, 0
350, 380, 0, 0, 0
450, 350, 0, 0, 0
550, 400, 0, 0, 0
650, 340, 0, 0, 0
749, 333, 0, 0, 0
849, 300, 0, 0, 0
949, 350, 0, 0, 0
1049, 370, 0, 0, 0
1149, 350, 0, 0, 0
1249, 320, 0, 0, 0
1349, 350, 0, 0, 0
1449, 300, 0, 0, 0
1549, 290, 0, 0, 0
1649, 430, 0, 0, 0
1749, 340, 0, 0, 0
1849, 360, 0, 0, 0
1949, 310, 0, 0, 0
2050, 310, 0, 0, 0
2150, 350, 0, 0, 0
2249, 353, 0, 0, 0
2349, 390, 0, 0, 0
2449, 340, 0, 0, 0
2549, 360, 0, 0, 0
2649, 310, 0, 0, 0
2749, 390, 0, 0, 0
2849, 330, 0, 0, 0
2949, 410, 0, 0, 0
3049, 320, 0, 0, 0
3149, 350, 0, 0, 0
3249, 290, 0, 0, 0
3349, 300, 0, 0, 0
3449, 450, 0, 0, 0
3549, 370, 0, 0, 0
3650, 340, 0, 0, 0
3749, 292, 0, 0, 0
3849, 350, 0, 0, 0
3949, 350, 0, 0, 0
4049, 410, 0, 0, 0
4149, 380, 0, 0, 0
4249, 280, 0, 0, 0
4349, 310, 0, 0, 0
4449, 330, 0, 0, 0
4549, 330, 0, 0, 0
4649, 330, 0, 0, 0
4749, 300, 0, 0, 0
4849, 360, 0, 0, 0
4949, 300, 0, 0, 0
5049, 340, 0, 0, 0
5149, 340, 0, 0, 0
5250, 320, 0, 0, 0
5350, 320, 0, 0, 0
5450, 320, 0, 0, 0
5550, 320, 0, 0, 0
5650, 290, 0, 0, 0
5749, 333, 0, 0, 0
5849, 310, 0, 0, 0
5949, 300, 0, 0, 0
6049, 350, 0, 0, 0
6149, 380, 0, 0, 0
6249, 320, 0, 0, 0
6349, 340, 0, 0, 0
6449, 310, 0, 0, 0
6549, 440, 0, 0, 0
6649, 330, 0, 0, 0
6749, 330, 0, 0, 0
6849, 360, 0, 0, 0
6949, 310, 0, 0, 0
7050, 370, 0, 0, 0
7150, 320, 0, 0, 0
7249, 282, 0, 0, 0
7349, 340, 0, 0, 0
7449, 290, 0, 0, 0
7549, 320, 0, 0, 0
7649, 390, 0, 0, 0
7749, 310, 0, 0, 0
7849, 360, 0, 0, 0
7949, 350, 0, 0, 0
8049, 370, 0, 0, 0
8149, 340, 0, 0, 0
8249, 330, 0, 0, 0
8349, 330, 0, 0, 0
8449, 300, 0, 0, 0
8549, 330, 0, 0, 0
8649, 330, 0, 0, 0
8750, 350, 0, 0, 0
8850, 350, 0, 0, 0
8950, 340, 0, 0, 0
9050, 270, 0, 0, 0
9150, 350, 0, 0, 0
9249, 353, 0, 0, 0
9349, 330, 0, 0, 0
9449, 320, 0, 0, 0
9549, 320, 0, 0, 0
9649, 350, 0, 0, 0
9749, 310, 0, 0, 0
9849, 310, 0, 0, 0
9949, 370, 0, 0, 0
10049, 380, 0, 0, 0
10149, 340, 0, 0, 0
10249, 340, 0, 0, 0
10349, 390, 0, 0, 0
10449, 290, 0, 0, 0
10550, 350, 0, 0, 0
10650, 300, 0, 0, 0
10749, 313, 0, 0, 0
10849, 420, 0, 0, 0
10949, 360, 0, 0, 0
11049, 330, 0, 0, 0
11149, 330, 0, 0, 0
11249, 330, 0, 0, 0
11349, 330, 0, 0, 0
11449, 330, 0, 0, 0
11549, 330, 0, 0, 0
11649, 370, 0, 0, 0
11749, 330, 0, 0, 0
11849, 310, 0, 0, 0
11949, 340, 0, 0, 0
12049, 340, 0, 0, 0
12149, 370, 0, 0, 0
12250, 340, 0, 0, 0
12350, 310, 0, 0, 0
12450, 350, 0, 0, 0
12550, 290, 0, 0, 0
12650, 350, 0, 0, 0
12749, 353, 0, 0, 0
12849, 290, 0, 0, 0
12949, 360, 0, 0, 0
13049, 380, 0, 0, 0
13149, 270, 0, 0, 0
13249, 320, 0, 0, 0
13349, 340, 0, 0, 0
13449, 280, 0, 0, 0
13549, 340, 0, 0, 0
13649, 340, 0, 0, 0
13749, 300, 0, 0, 0
13849, 350, 0, 0, 0
13949, 370, 0, 0, 0
14049, 350, 0, 0, 0
14150, 340, 0, 0, 0
14249, 303, 0, 0, 0
14349, 390, 0, 0, 0
14449, 320, 0, 0, 0
14549, 280, 0, 0, 0
14649, 330, 0, 0, 0
14749, 320, 0, 0, 0
14849, 380, 0, 0, 0
14949, 290, 0, 0, 0
15049, 360, 0, 0, 0
15149, 280, 0, 0, 0
15249, 350, 0, 0, 0
15349, 310, 0, 0, 0
15449, 360, 0, 0, 0
15549, 360, 0, 0, 0
15649, 310, 0, 0, 0
15749, 380, 0, 0, 0
15849, 320, 0, 0, 0
15949, 350, 0, 0, 0
16050, 260, 0, 0, 0
16150, 380, 0, 0, 0
16249, 383, 0, 0, 0
16349, 360, 0, 0, 0
16449, 330, 0, 0, 0
16549, 350, 0, 0, 0
16649, 340, 0, 0, 0
16749, 320, 0, 0, 0
16849, 290, 0, 0, 0
16949, 320, 0, 0, 0
17049, 310, 0, 0, 0
17149, 310, 0, 0, 0
17249, 350, 0, 0, 0
17349, 300, 0, 0, 0
17449, 320, 0, 0, 0
17550, 350, 0, 0, 0
17650, 330, 0, 0, 0
17749, 282, 0, 0, 0
17849, 290, 0, 0, 0
17949, 410, 0, 0, 0
18049, 360, 0, 0, 0
18149, 350, 0, 0, 0
18249, 360, 0, 0, 0
18349, 350, 0, 0, 0
18449, 370, 0, 0, 0
18549, 320, 0, 0, 0
18649, 360, 0, 0, 0
18749, 300, 0, 0, 0
18849, 340, 0, 0, 0
18949, 340, 0, 0, 0
19049, 310, 0, 0, 0
19149, 350, 0, 0, 0
19250, 320, 0, 0, 0
19350, 370, 0, 0, 0
19450, 380, 0, 0, 0
19550, 360, 0, 0, 0
19650, 340, 0, 0, 0
19749, 282, 0, 0, 0
19849, 330, 0, 0, 0
19949, 360, 0, 0, 0
20049, 350, 0, 0, 0
20149, 320, 0, 0, 0
20249, 330, 0, 0, 0
20349, 320, 0, 0, 0
20449, 350, 0, 0, 0
20549, 300, 0, 0, 0
20649, 330, 0, 0, 0
20749, 330, 0, 0, 0
20849, 350, 0, 0, 0
20949, 370, 0, 0, 0
21050, 330, 0, 0, 0
21150, 310, 0, 0, 0
21249, 363, 0, 0, 0
21349, 350, 0, 0, 0
21449, 320, 0, 0, 0
21549, 320, 0, 0, 0
21649, 320, 0, 0, 0
21749, 390, 0, 0, 0
21849, 350, 0, 0, 0
21949, 320, 0, 0, 0
22049, 330, 0, 0, 0
22149, 350, 0, 0, 0
22249, 320, 0, 0, 0
22349, 320, 0, 0, 0
22449, 390, 0, 0, 0
22549, 310, 0, 0, 0
22649, 350, 0, 0, 0
22750, 370, 0, 0, 0
22850, 370, 0, 0, 0
22950, 320, 0, 0, 0
23050, 300, 0, 0, 0
23150, 300, 0, 0, 0
23249, 343, 0, 0, 0
23349, 310, 0, 0, 0
23449, 330, 0, 0, 0
23549, 370, 0, 0, 0
23649, 340, 0, 0, 0
23749, 330, 0, 0, 0
23849, 330, 0, 0, 0
23949, 330, 0, 0, 0
24049, 340, 0, 0, 0
24149, 360, 0, 0, 0
24249, 320, 0, 0, 0
24349, 270, 0, 0, 0
24449, 380, 0, 0, 0
24550, 340, 0, 0, 0
24650, 320, 0, 0, 0
24749, 343, 0, 0, 0
24849, 290, 0, 0, 0
24949, 320, 0, 0, 0
25049, 290, 0, 0, 0
25149, 350, 0, 0, 0
25249, 310, 0, 0, 0
25349, 360, 0, 0, 0
25449, 310, 0, 0, 0
25549, 320, 0, 0, 0
25649, 360, 0, 0, 0
25749, 310, 0, 0, 0
25849, 330, 0, 0, 0
25949, 310, 0, 0, 0
26049, 380, 0, 0, 0
26149, 340, 0, 0, 0
26250, 260, 0, 0, 0
26350, 340, 0, 0, 0
26450, 370, 0, 0, 0
26550, 330, 0, 0, 0
26650, 360, 0, 0, 0
26749, 343, 0, 0, 0
26849, 330, 0, 0, 0
26949, 380, 0, 0, 0
27049, 330, 0, 0, 0
27149, 330, 0, 0, 0
27249, 390, 0, 0, 0
27349, 350, 0, 0, 0
27449, 300, 0, 0, 0
27549, 380, 0, 0, 0
27649, 360, 0, 0, 0
27750, 360, 0, 0, 0
27850, 350, 0, 0, 0
27950, 340, 0, 0, 0
28050, 370, 0, 0, 0
28150, 340, 0, 0, 0
28249, 363, 0, 0, 0
28349, 320, 0, 0, 0
28449, 360, 0, 0, 0
28549, 340, 0, 0, 0
28649, 340, 0, 0, 0
28749, 350, 0, 0, 0
28849, 350, 0, 0, 0
28949, 340, 0, 0, 0
29049, 320, 0, 0, 0
29149, 380, 0, 0, 0
29249, 350, 0, 0, 0
29349, 380, 0, 0, 0
29449, 360, 0, 0, 0
29550, 420, 0, 0, 0
29650, 280, 0, 0, 0
29749, 383, 0, 0, 0
29849, 350, 0, 0, 0
29949, 390, 0, 0, 0
30049, 300, 0, 0, 0
30149, 360, 0, 0, 0
30249, 270, 0, 0, 0
30349, 370, 0, 0, 0
30449, 370, 0, 0, 0
30549, 320, 0, 0, 0
30649, 330, 0, 0, 0
30749, 310, 0, 0, 0
30849, 390, 0, 0, 0
30949, 330, 0, 0, 0
31049, 340, 0, 0, 0
31149, 340, 0, 0, 0
31250, 360, 0, 0, 0
31350, 320, 0, 0, 0
31450, 370, 0, 0, 0
31550, 340, 0, 0, 0
31650, 360, 0, 0, 0
31749, 313, 0, 0, 0
31849, 340, 0, 0, 0
31949, 370, 0, 0, 0
32049, 310, 0, 0, 0
32149, 380, 0, 0, 0
32249, 350, 0, 0, 0
32349, 370, 0, 0, 0
32449, 310, 0, 0, 0
32549, 390, 0, 0, 0
32649, 330, 0, 0, 0
32749, 320, 0, 0, 0
32849, 350, 0, 0, 0
32949, 300, 0, 0, 0
33050, 390, 0, 0, 0
33150, 370, 0, 0, 0
33249, 313, 0, 0, 0
33349, 320, 0, 0, 0
33449, 310, 0, 0, 0
33549, 310, 0, 0, 0
33649, 330, 0, 0, 0
33749, 410, 0, 0, 0
33849, 330, 0, 0, 0
33949, 320, 0, 0, 0
34049, 330, 0, 0, 0
34149, 360, 0, 0, 0
34249, 350, 0, 0, 0
34349, 320, 0, 0, 0
34449, 280, 0, 0, 0
34549, 310, 0, 0, 0
34649, 330, 0, 0, 0
34750, 310, 0, 0, 0
34850, 320, 0, 0, 0
34950, 310, 0, 0, 0
35050, 390, 0, 0, 0
35150, 340, 0, 0, 0
35249, 333, 0, 0, 0
35349, 370, 0, 0, 0
35449, 310, 0, 0, 0
35549, 380, 0, 0, 0
35649, 290, 0, 0, 0
35749, 330, 0, 0, 0
35849, 300, 0, 0, 0
35949, 410, 0, 0, 0
36049, 340, 0, 0, 0
36149, 260, 0, 0, 0
36249, 350, 0, 0, 0
36349, 310, 0, 0, 0
36449, 350, 0, 0, 0
36550, 340, 0, 0, 0
36650, 370, 0, 0, 0
36749, 333, 0, 0, 0
36849, 330, 0, 0, 0
36949, 350, 0, 0, 0
37049, 300, 0, 0, 0
37149, 280, 0, 0, 0
37249, 300, 0, 0, 0
37349, 380, 0, 0, 0
37449, 320, 0, 0, 0
37549, 390, 0, 0, 0
37649, 380, 0, 0, 0
37749, 320, 0, 0, 0
37849, 320, 0, 0, 0
37949, 350, 0, 0, 0
38050, 330, 0, 0, 0
38150, 310, 0, 0, 0
38249, 373, 0, 0, 0
38349, 440, 0, 0, 0
38449, 350, 0, 0, 0
38549, 370, 0, 0, 0
38649, 350, 0, 0, 0
38749, 370, 0, 0, 0
38849, 350, 0, 0, 0
38949, 270, 0, 0, 0
39049, 370, 0, 0, 0
39149, 320, 0, 0, 0
39249, 330, 0, 0, 0
39349, 350, 0, 0, 0
39449, 330, 0, 0, 0
39549, 380, 0, 0, 0
39649, 300, 0, 0, 0
39750, 320, 0, 0, 0
39850, 430, 0, 0, 0
39950, 290, 0, 0, 0
40050, 320, 0, 0, 0
40150, 340, 0, 0, 0
40249, 353, 0, 0, 0
40349, 380, 0, 0, 0
40449, 340, 0, 0, 0
40549, 350, 0, 0, 0
40649, 320, 0, 0, 0
40749, 280, 0, 0, 0
40849, 340, 0, 0, 0
40949, 290, 0, 0, 0
41049, 320, 0, 0, 0
41149, 310, 0, 0, 0
41249, 260, 0, 0, 0
41349, 320, 0, 0, 0
41449, 320, 0, 0, 0
41550, 330, 0, 0, 0
41650, 290, 0, 0, 0
41749, 313, 0, 0, 0
41849, 320, 0, 0, 0
41949, 370, 0, 0, 0
42049, 310, 0, 0, 0
42149, 320, 0, 0, 0
42249, 280, 0, 0, 0
42349, 370, 0, 0, 0
42449, 340, 0, 0, 0
42549, 350, 0, 0, 0
42649, 370, 0, 0, 0
42749, 340, 0, 0, 0
42849, 330, 0, 0, 0
42949, 370, 0, 0, 0
43050, 400, 0, 0, 0
43150, 310, 0, 0, 0
43249, 333, 0, 0, 0
43349, 390, 0, 0, 0
43449, 350, 0, 0, 0
43549, 280, 0, 0, 0
43649, 400, 0, 0, 0
43749, 390, 0, 0, 0
43849, 310, 0, 0, 0
43949, 320, 0, 0, 0
44049, 360, 0, 0, 0
44149, 300, 0, 0, 0
44249, 300, 0, 0, 0
44349, 290, 0, 0, 0
44449, 320, 0, 0, 0
44549, 340, 0, 0, 0
44649, 300, 0, 0, 0
44750, 340, 0, 0, 0
44850, 310, 0, 0, 0
44950, 310, 0, 0, 0
45050, 300, 0, 0, 0
45150, 400, 0, 0, 0
45249, 313, 0, 0, 0
45349, 340, 0, 0, 0
45449, 420, 0, 0, 0
45549, 320, 0, 0, 0
45649, 290, 0, 0, 0
45749, 270, 0, 0, 0
45849, 340, 0, 0, 0
45949, 360, 0, 0, 0
46049, 400, 0, 0, 0
46149, 360, 0, 0, 0
46249, 310, 0, 0, 0
46350, 320, 0, 0, 0
46450, 260, 0, 0, 0
46550, 330, 0, 0, 0
46650, 340, 0, 0, 0
46749, 363, 0, 0, 0
46849, 340, 0, 0, 0
46949, 310, 0, 0, 0
47049, 370, 0, 0, 0
47149, 300, 0, 0, 0
47249, 410, 0, 0, 0
47349, 280, 0, 0, 0
47449, 380, 0, 0, 0
47549, 300, 0, 0, 0
47649, 320, 0, 0, 0
47749, 390, 0, 0, 0
47849, 400, 0, 0, 0
47949, 360, 0, 0, 0
48049, 330, 0, 0, 0
48149, 370, 0, 0, 0
48250, 360, 0, 0, 0
48350, 340, 0, 0, 0
48450, 360, 0, 0, 0
48550, 330, 0, 0, 0
48650, 290, 0, 0, 0
48749, 333, 0, 0, 0
48849, 350, 0, 0, 0
48949, 360, 0, 0, 0
49049, 300, 0, 0, 0
49149, 340, 0, 0, 0
49249, 290, 0, 0, 0
49349, 380, 0, 0, 0
49449, 360, 0, 0, 0
49549, 350, 0, 0, 0
49649, 370, 0, 0, 0
49749, 360, 0, 0, 0
49849, 330, 0, 0, 0
49949, 340, 0, 0, 0
50050, 340, 0, 0, 0
50150, 390, 0, 0, 0
50249, 323, 0, 0, 0
50349, 320, 0, 0, 0
50449, 320, 0, 0, 0
50549, 370, 0, 0, 0
50649, 350, 0, 0, 0
50749, 360, 0, 0, 0
50849, 380, 0, 0, 0
50949, 280, 0, 0, 0
51049, 330, 0, 0, 0
51149, 320, 0, 0, 0
51249, 390, 0, 0, 0
51349, 350, 0, 0, 0
51449, 380, 0, 0, 0
51549, 340, 0, 0, 0
51649, 360, 0, 0, 0
51750, 380, 0, 0, 0
51850, 370, 0, 0, 0
51950, 280, 0, 0, 0
52050, 380, 0, 0, 0
52150, 370, 0, 0, 0
52249, 363, 0, 0, 0
52349, 330, 0, 0, 0
52449, 350, 0, 0, 0
52549, 290, 0, 0, 0
52649, 320, 0, 0, 0
52749, 310, 0, 0, 0
52849, 370, 0, 0, 0
52949, 350, 0, 0, 0
53049, 380, 0, 0, 0
53149, 330, 0, 0, 0
53249, 360, 0, 0, 0
53349, 330, 0, 0, 0
53449, 340, 0, 0, 0
53550, 350, 0, 0, 0
53650, 360, 0, 0, 0
53749, 282, 0, 0, 0
53849, 320, 0, 0, 0
53949, 320, 0, 0, 0
54049, 290, 0, 0, 0
54149, 350, 0, 0, 0
54249, 400, 0, 0, 0
54349, 360, 0, 0, 0
54449, 340, 0, 0, 0
54549, 320, 0, 0, 0
54649, 310, 0, 0, 0
54749, 380, 0, 0, 0
54849, 350, 0, 0, 0
54949, 310, 0, 0, 0
55049, 310, 0, 0, 0
55149, 380, 0, 0, 0
55249, 330, 0, 0, 0
55349, 320, 0, 0, 0
55449, 360, 0, 0, 0
55550, 330, 0, 0, 0
55650, 290, 0, 0, 0
55749, 292, 0, 0, 0
55849, 350, 0, 0, 0
55949, 300, 0, 0, 0
56049, 350, 0, 0, 0
56149, 360, 0, 0, 0
56249, 330, 0, 0, 0
56349, 360, 0, 0, 0
56449, 370, 0, 0, 0
56549, 320, 0, 0, 0
56649, 300, 0, 0, 0
56749, 360, 0, 0, 0
56849, 330, 0, 0, 0
56949, 320, 0, 0, 0
57049, 310, 0, 0, 0
57149, 300, 0, 0, 0
57250, 350, 0, 0, 0
57350, 330, 0, 0, 0
57450, 360, 0, 0, 0
57550, 300, 0, 0, 0
57650, 340, 0, 0, 0
57749, 393, 0, 0, 0
57849, 360, 0, 0, 0
57949, 300, 0, 0, 0
58049, 280, 0, 0, 0
58149, 330, 0, 0, 0
58249, 320, 0, 0, 0
58349, 350, 0, 0, 0
58449, 310, 0, 0, 0
58549, 320, 0, 0, 0
58649, 370, 0, 0, 0
58749, 330, 0, 0, 0
58849, 360, 0, 0, 0
58949, 260, 0, 0, 0
59050, 280, 0, 0, 0
59150, 320, 0, 0, 0
59249, 313, 0, 0, 0
59349, 340, 0, 0, 0
59449, 400, 0, 0, 0
59549, 370, 0, 0, 0
59649, 360, 0, 0, 0
59749, 400, 0, 0, 0
59849, 350, 0, 0, 0
59949, 320, 0, 0, 0
60049, 330, 0, 0, 0
60149, 390, 0, 0, 0
60249, 390, 0, 0, 0
60349, 330, 0, 0, 0
60449, 290, 0, 0, 0
60549, 320, 0, 0, 0
60649, 330, 0, 0, 0
60750, 300, 0, 0, 0
60850, 290, 0, 0, 0
60950, 350, 0, 0, 0
61050, 370, 0, 0, 0
61150, 320, 0, 0, 0
61249, 282, 0, 0, 0
61349, 360, 0, 0, 0
61449, 330, 0, 0, 0
61549, 390, 0, 0, 0
61649, 360, 0, 0, 0
61749, 310, 0, 0, 0
61849, 280, 0, 0, 0
61949, 390, 0, 0, 0
62049, 360, 0, 0, 0
62149, 280, 0, 0, 0
62249, 340, 0, 0, 0
62349, 360, 0, 0, 0
62450, 340, 0, 0, 0
62550, 310, 0, 0, 0
62650, 320, 0, 0, 0
62749, 282, 0, 0, 0
62849, 360, 0, 0, 0
62949, 330, 0, 0, 0
63049, 340, 0, 0, 0
63149, 340, 0, 0, 0
63249, 300, 0, 0, 0
63349, 330, 0, 0, 0
63449, 380, 0, 0, 0
63549, 310, 0, 0, 0
63649, 410, 0, 0, 0
63749, 360, 0, 0, 0
63849, 330, 0, 0, 0
63949, 330, 0, 0, 0
64050, 300, 0, 0, 0
64150, 270, 0, 0, 0
64249, 393, 0, 0, 0
64349, 320, 0, 0, 0
64449, 350, 0, 0, 0
64549, 310, 0, 0, 0
64649, 400, 0, 0, 0
64749, 310, 0, 0, 0
64849, 330, 0, 0, 0
64949, 360, 0, 0, 0
65049, 350, 0, 0, 0
65149, 330, 0, 0, 0
65249, 350, 0, 0, 0
65349, 340, 0, 0, 0
65449, 320, 0, 0, 0
65549, 340, 0, 0, 0
65649, 300, 0, 0, 0
65749, 300, 0, 0, 0
65850, 350, 0, 0, 0
65950, 350, 0, 0, 0
66050, 320, 0, 0, 0
66150, 300, 0, 0, 0
66249, 414, 0, 0, 0
66349, 390, 0, 0, 0
66449, 390, 0, 0, 0
66549, 290, 0, 0, 0
66649, 370, 0, 0, 0
66749, 270, 0, 0, 0
66849, 340, 0, 0, 0
66949, 320, 0, 0, 0
67049, 290, 0, 0, 0
67149, 320, 0, 0, 0
67249, 310, 0, 0, 0
67349, 330, 0, 0, 0
67449, 420, 0, 0, 0
67550, 320, 0, 0, 0
67650, 350, 0, 0, 0
67749, 252, 0, 0, 0
67849, 320, 0, 0, 0
67949, 330, 0, 0, 0
68049, 350, 0, 0, 0
68149, 340, 0, 0, 0
68249, 310, 0, 0, 0
68349, 400, 0, 0, 0
68449, 340, 0, 0, 0
68549, 370, 0, 0, 0
68649, 340, 0, 0, 0
68749, 350, 0, 0, 0
68849, 300, 0, 0, 0
68949, 320, 0, 0, 0
69049, 290, 0, 0, 0
69149, 330, 0, 0, 0
69249, 320, 0, 0, 0
69350, 360, 0, 0, 0
69450, 350, 0, 0, 0
69550, 310, 0, 0, 0
69650, 350, 0, 0, 0
69749, 333, 0, 0, 0
69849, 300, 0, 0, 0
69949, 350, 0, 0, 0
70049, 390, 0, 0, 0
70149, 360, 0, 0, 0
70249, 320, 0, 0, 0
70349, 350, 0, 0, 0
70449, 320, 0, 0, 0
70549, 420, 0, 0, 0
70649, 320, 0, 0, 0
70749, 320, 0, 0, 0
70849, 340, 0, 0, 0
70949, 310, 0, 0, 0
71050, 350, 0, 0, 0
71150, 370, 0, 0, 0
71249, 383, 0, 0, 0
71349, 320, 0, 0, 0
71449, 340, 0, 0, 0
71549, 310, 0, 0, 0
71649, 290, 0, 0, 0
71749, 370, 0, 0, 0
71849, 340, 0, 0, 0
71949, 370, 0, 0, 0
72049, 380, 0, 0, 0
72149, 310, 0, 0, 0
72249, 390, 0, 0, 0
72349, 380, 0, 0, 0
72449, 300, 0, 0, 0
72549, 390, 0, 0, 0
72649, 370, 0, 0, 0
72750, 330, 0, 0, 0
72850, 380, 0, 0, 0
72950, 380, 0, 0, 0
73050, 270, 0, 0, 0
73150, 420, 0, 0, 0
73249, 303, 0, 0, 0
73349, 370, 0, 0, 0
73449, 420, 0, 0, 0
73549, 360, 0, 0, 0
73649, 350, 0, 0, 0
73749, 280, 0, 0, 0
73849, 310, 0, 0, 0
73949, 420, 0, 0, 0
74049, 390, 0, 0, 0
74149, 350, 0, 0, 0
74249, 340, 0, 0, 0
74349, 350, 0, 0, 0
74449, 300, 0, 0, 0
74549, 350, 0, 0, 0
74650, 330, 0, 0, 0
74750, 330, 0, 0, 0
74850, 380, 0, 0, 0
74950, 340, 0, 0, 0
75050, 360, 0, 0, 0
75150, 330, 0, 0, 0
75249, 323, 0, 0, 0
75349, 280, 0, 0, 0
75449, 340, 0, 0, 0
75549, 310, 0, 0, 0
75649, 400, 0, 0, 0
75749, 330, 0, 0, 0
75849, 360, 0, 0, 0
75949, 350, 0, 0, 0
76049, 400, 0, 0, 0
76149, 290, 0, 0, 0
76249, 320, 0, 0, 0
76349, 290, 0, 0, 0
76449, 300, 0, 0, 0
76550, 370, 0, 0, 0
76650, 310, 0, 0, 0
76749, 292, 0, 0, 0
76849, 380, 0, 0, 0
76949, 330, 0, 0, 0
77049, 340, 0, 0, 0
77149, 330, 0, 0, 0
77249, 340, 0, 0, 0
77349, 370, 0, 0, 0
77449, 370, 0, 0, 0
77549, 350, 0, 0, 0
77649, 350, 0, 0, 0
77749, 330, 0, 0, 0
77849, 340, 0, 0, 0
77949, 290, 0, 0, 0
78049, 320, 0, 0, 0
78149, 320, 0, 0, 0
78249, 340, 0, 0, 0
78350, 370, 0, 0, 0
78450, 300, 0, 0, 0
78550, 340, 0, 0, 0
78650, 400, 0, 0, 0
78749, 303, 0, 0, 0
78849, 310, 0, 0, 0
78949, 410, 0, 0, 0
79049, 400, 0, 0, 0
79149, 320, 0, 0, 0
79249, 350, 0, 0, 0
79349, 330, 0, 0, 0
79449, 310, 0, 0, 0
79549, 360, 0, 0, 0
79649, 360, 0, 0, 0
79749, 350, 0, 0, 0
79849, 300, 0, 0, 0
79949, 280, 0, 0, 0
80050, 280, 0, 0, 0
80150, 280, 0, 0, 0
80249, 282, 0, 0, 0
80349, 330, 0, 0, 0
80449, 360, 0, 0, 0
80549, 320, 0, 0, 0
80649, 330, 0, 0, 0
80749, 360, 0, 0, 0
80849, 270, 0, 0, 0
80949, 330, 0, 0, 0
81049, 310, 0, 0, 0
81149, 340, 0, 0, 0
81249, 330, 0, 0, 0
81349, 300, 0, 0, 0
81449, 390, 0, 0, 0
81549, 260, 0, 0, 0
81649, 280, 0, 0, 0
81749, 320, 0, 0, 0
81850, 280, 0, 0, 0
81950, 320, 0, 0, 0
82050, 310, 0, 0, 0
82150, 390, 0, 0, 0
82249, 333, 0, 0, 0
82349, 340, 0, 0, 0
82449, 320, 0, 0, 0
82549, 350, 0, 0, 0
82649, 330, 0, 0, 0
82749, 350, 0, 0, 0
82849, 370, 0, 0, 0
82949, 360, 0, 0, 0
83049, 350, 0, 0, 0
83149, 310, 0, 0, 0
83249, 340, 0, 0, 0
83349, 320, 0, 0, 0
83449, 340, 0, 0, 0
83549, 410, 0, 0, 0
83650, 400, 0, 0, 0
83749, 333, 0, 0, 0
83849, 340, 0, 0, 0
83949, 360, 0, 0, 0
84049, 370, 0, 0, 0
84149, 360, 0, 0, 0
84249, 350, 0, 0, 0
84349, 290, 0, 0, 0
84449, 420, 0, 0, 0
84549, 350, 0, 0, 0
84649, 330, 0, 0, 0
84749, 300, 0, 0, 0
84849, 300, 0, 0, 0
84949, 350, 0, 0, 0
85049, 370, 0, 0, 0
85149, 340, 0, 0, 0
85249, 370, 0, 0, 0
85349, 330, 0, 0, 0
85450, 310, 0, 0, 0
85550, 310, 0, 0, 0
85650, 320, 0, 0, 0
85749, 323, 0, 0, 0
85849, 370, 0, 0, 0
85949, 340, 0, 0, 0
86049, 310, 0, 0, 0
86149, 320, 0, 0, 0
86249, 380, 0, 0, 0
86349, 360, 0, 0, 0
86449, 370, 0, 0, 0
86549, 360, 0, 0, 0
86649, 280, 0, 0, 0
86749, 370, 0, 0, 0
86849, 340, 0, 0, 0
86949, 320, 0, 0, 0
87049, 310, 0, 0, 0
87149, 380, 0, 0, 0
87250, 340, 0, 0, 0
87350, 330, 0, 0, 0
87450, 280, 0, 0, 0
87550, 350, 0, 0, 0
87650, 390, 0, 0, 0
87749, 292, 0, 0, 0
87849, 340, 0, 0, 0
87949, 330, 0, 0, 0
88049, 320, 0, 0, 0
88149, 340, 0, 0, 0
88249, 300, 0, 0, 0
88349, 330, 0, 0, 0
88449, 370, 0, 0, 0
88549, 340, 0, 0, 0
88649, 350, 0, 0, 0
88749, 370, 0, 0, 0
88849, 400, 0, 0, 0
88949, 350, 0, 0, 0
89050, 340, 0, 0, 0
89150, 340, 0, 0, 0
89249, 363, 0, 0, 0
89349, 330, 0, 0, 0
89449, 370, 0, 0, 0
89549, 320, 0, 0, 0
89649, 310, 0, 0, 0
89749, 330, 0, 0, 0
89849, 370, 0, 0, 0
89949, 360, 0, 0, 0
90049, 420, 0, 0, 0
90149, 300, 0, 0, 0
90249, 340, 0, 0, 0
90349, 320, 0, 0, 0
90449, 370, 0, 0, 0
90549, 360, 0, 0, 0
90649, 380, 0, 0, 0
90750, 360, 0, 0, 0
90850, 380, 0, 0, 0
90950, 280, 0, 0, 0
91050, 290, 0, 0, 0
91150, 310, 0, 0, 0
91249, 313, 0, 0, 0
91349, 360, 0, 0, 0
91449, 410, 0, 0, 0
91549, 280, 0, 0, 0
91649, 390, 0, 0, 0
91749, 370, 0, 0, 0
91849, 320, 0, 0, 0
91949, 350, 0, 0, 0
92049, 320, 0, 0, 0
92149, 330, 0, 0, 0
92249, 350, 0, 0, 0
92349, 300, 0, 0, 0
92449, 330, 0, 0, 0
92550, 390, 0, 0, 0
92650, 340, 0, 0, 0
92749, 343, 0, 0, 0
92849, 390, 0, 0, 0
92949, 350, 0, 0, 0
93049, 330, 0, 0, 0
93149, 340, 0, 0, 0
93249, 390, 0, 0, 0
93349, 340, 0, 0, 0
93449, 330, 0, 0, 0
93549, 360, 0, 0, 0
93649, 320, 0, 0, 0
93749, 350, 0, 0, 0
93849, 370, 0, 0, 0
93949, 290, 0, 0, 0
94050, 260, 0, 0, 0
94150, 310, 0, 0, 0
94249, 303, 0, 0, 0
94349, 350, 0, 0, 0
94449, 380, 0, 0, 0
94549, 330, 0, 0, 0
94649, 330, 0, 0, 0
94749, 310, 0, 0, 0
94849, 370, 0, 0, 0
94949, 330, 0, 0, 0
95049, 290, 0, 0, 0
95149, 360, 0, 0, 0
95249, 370, 0, 0, 0
95349, 300, 0, 0, 0
95449, 340, 0, 0, 0
95549, 360, 0, 0, 0
95649, 370, 0, 0, 0
95750, 240, 0, 0, 0
95850, 370, 0, 0, 0
95950, 390, 0, 0, 0
96050, 350, 0, 0, 0
96150, 330, 0, 0, 0
96249, 363, 0, 0, 0
96349, 230, 0, 0, 0
96449, 350, 0, 0, 0
96549, 310, 0, 0, 0
96649, 330, 0, 0, 0
96749, 370, 0, 0, 0
96849, 360, 0, 0, 0
96949, 300, 0, 0, 0
97049, 320, 0, 0, 0
97149, 400, 0, 0, 0
97249, 300, 0, 0, 0
97349, 290, 0, 0, 0
97450, 320, 0, 0, 0
97550, 370, 0, 0, 0
97650, 420, 0, 0, 0
97749, 323, 0, 0, 0
97849, 350, 0, 0, 0
97949, 300, 0, 0, 0
98049, 360, 0, 0, 0
98149, 320, 0, 0, 0
98249, 340, 0, 0, 0
98349, 310, 0, 0, 0
98449, 310, 0, 0, 0
98549, 310, 0, 0, 0
98649, 340, 0, 0, 0
98749, 310, 0, 0, 0
98850, 330, 0, 0, 0
98950, 360, 0, 0, 0
99050, 380, 0, 0, 0
99150, 370, 0, 0, 0
99249, 424, 0, 0, 0
99349, 330, 0, 0, 0
99449, 260, 0, 0, 0
99549, 350, 0, 0, 0
99649, 260, 0, 0, 0
99749, 370, 0, 0, 0
99849, 350, 0, 0, 0
99949, 320, 0, 0, 0
100049, 350, 0, 0, 0
100149, 310, 0, 0, 0
100249, 380, 0, 0, 0
100349, 370, 0, 0, 0
100449, 350, 0, 0, 0
100550, 350, 0, 0, 0
100650, 340, 0, 0, 0
100749, 313, 0, 0, 0
100849, 380, 0, 0, 0
100949, 300, 0, 0, 0
101049, 350, 0, 0, 0
101149, 390, 0, 0, 0
101249, 340, 0, 0, 0
101349, 310, 0, 0, 0
101449, 350, 0, 0, 0
101549, 340, 0, 0, 0
101649, 350, 0, 0, 0
101749, 330, 0, 0, 0
101849, 310, 0, 0, 0
101949, 300, 0, 0, 0
102049, 370, 0, 0, 0
102150, 320, 0, 0, 0
102249, 292, 0, 0, 0
102349, 340, 0, 0, 0
102449, 340, 0, 0, 0
102549, 340, 0, 0, 0
102649, 350, 0, 0, 0
102749, 360, 0, 0, 0
102849, 360, 0, 0, 0
102949, 250, 0, 0, 0
103049, 370, 0, 0, 0
103149, 310, 0, 0, 0
103249, 300, 0, 0, 0
103349, 380, 0, 0, 0
103449, 360, 0, 0, 0
103549, 360, 0, 0, 0
103649, 350, 0, 0, 0
103750, 350, 0, 0, 0
103850, 230, 0, 0, 0
103950, 370, 0, 0, 0
104050, 430, 0, 0, 0
104150, 360, 0, 0, 0
104249, 333, 0, 0, 0
104349, 340, 0, 0, 0
104449, 380, 0, 0, 0
104549, 370, 0, 0, 0
104649, 390, 0, 0, 0
104749, 330, 0, 0, 0
104849, 290, 0, 0, 0
104949, 330, 0, 0, 0
105049, 300, 0, 0, 0
105149, 300, 0, 0, 0
105249, 350, 0, 0, 0
105349, 350, 0, 0, 0
105450, 390, 0, 0, 0
105550, 330, 0, 0, 0
105650, 340, 0, 0, 0
105749, 323, 0, 0, 0
105849, 300, 0, 0, 0
105949, 350, 0, 0, 0
106049, 300, 0, 0, 0
106149, 340, 0, 0, 0
106249, 320, 0, 0, 0
106349, 330, 0, 0, 0
106449, 320, 0, 0, 0
106549, 360, 0, 0, 0
106649, 360, 0, 0, 0
106749, 330, 0, 0, 0
106849, 300, 0, 0, 0
106949, 410, 0, 0, 0
107050, 330, 0, 0, 0
107150, 340, 0, 0, 0
107249, 383, 0, 0, 0
107349, 340, 0, 0, 0
107449, 290, 0, 0, 0
107549, 310, 0, 0, 0
107649, 370, 0, 0, 0
107749, 360, 0, 0, 0
107849, 360, 0, 0, 0
107949, 380, 0, 0, 0
108049, 390, 0, 0, 0
108149, 360, 0, 0, 0
108249, 320, 0, 0, 0
108349, 360, 0, 0, 0
108449, 340, 0, 0, 0
108550, 350, 0, 0, 0
108650, 360, 0, 0, 0
108749, 323, 0, 0, 0
108849, 360, 0, 0, 0
108949, 320, 0, 0, 0
109049, 320, 0, 0, 0
109149, 310, 0, 0, 0
109249, 270, 0, 0, 0
109349, 360, 0, 0, 0
109449, 360, 0, 0, 0
109549, 310, 0, 0, 0
109649, 310, 0, 0, 0
109749, 360, 0, 0, 0
109849, 360, 0, 0, 0
109949, 350, 0, 0, 0
110049, 370, 0, 0, 0
110149, 370, 0, 0, 0
110250, 330, 0, 0, 0
110350, 340, 0, 0, 0
110450, 390, 0, 0, 0
110550, 320, 0, 0, 0
110650, 320, 0, 0, 0
110749, 373, 0, 0, 0
110849, 340, 0, 0, 0
110949, 370, 0, 0, 0
111049, 370, 0, 0, 0
111149, 340, 0, 0, 0
111249, 380, 0, 0, 0
111349, 360, 0, 0, 0
111449, 320, 0, 0, 0
111549, 380, 0, 0, 0
111649, 280, 0, 0, 0
111749, 340, 0, 0, 0
111849, 360, 0, 0, 0
111949, 320, 0, 0, 0
112050, 370, 0, 0, 0
112150, 350, 0, 0, 0
112249, 323, 0, 0, 0
112349, 380, 0, 0, 0
112449, 390, 0, 0, 0
112549, 310, 0, 0, 0
112649, 330, 0, 0, 0
112749, 320, 0, 0, 0
112849, 390, 0, 0, 0
112949, 260, 0, 0, 0
113049, 330, 0, 0, 0
113149, 300, 0, 0, 0
113249, 320, 0, 0, 0
113349, 390, 0, 0, 0
113449, 340, 0, 0, 0
113549, 310, 0, 0, 0
113649, 330, 0, 0, 0
113750, 340, 0, 0, 0
113850, 340, 0, 0, 0
113950, 350, 0, 0, 0
114050, 320, 0, 0, 0
114150, 350, 0, 0, 0
114249, 373, 0, 0, 0
114349, 350, 0, 0, 0
114449, 330, 0, 0, 0
114549, 360, 0, 0, 0
114649, 350, 0, 0, 0
114749, 330, 0, 0, 0
114849, 340, 0, 0, 0
114949, 320, 0, 0, 0
115049, 370, 0, 0, 0
115149, 360, 0, 0, 0
115249, 360, 0, 0, 0
115349, 320, 0, 0, 0
115449, 400, 0, 0, 0
115550, 360, 0, 0, 0
115650, 320, 0, 0, 0
115749, 333, 0, 0, 0
115849, 350, 0, 0, 0
115949, 310, 0, 0, 0
116049, 330, 0, 0, 0
116149, 330, 0, 0, 0
116249, 330, 0, 0, 0
116349, 340, 0, 0, 0
116449, 390, 0, 0, 0
116549, 300, 0, 0, 0
116649, 350, 0, 0, 0
116749, 390, 0, 0, 0
116849, 340, 0, 0, 0
116949, 320, 0, 0, 0
117049, 350, 0, 0, 0
117149, 310, 0, 0, 0
117250, 330, 0, 0, 0
117350, 320, 0, 0, 0
117450, 410, 0, 0, 0
117550, 270, 0, 0, 0
117650, 340, 0, 0, 0
117749, 343, 0, 0, 0
117849, 360, 0, 0, 0
117949, 250, 0, 0, 0
118049, 320, 0, 0, 0
118149, 340, 0, 0, 0
118249, 330, 0, 0, 0
118349, 350, 0, 0, 0
118449, 310, 0, 0, 0
118549, 390, 0, 0, 0
118649, 350, 0, 0, 0
118749, 340, 0, 0, 0
118849, 320, 0, 0, 0
118950, 320, 0, 0, 0
119050, 370, 0, 0, 0
119150, 270, 0, 0, 0
119249, 353, 0, 0, 0
119349, 360, 0, 0, 0
119449, 350, 0, 0, 0
119549, 300, 0, 0, 0
119649, 300, 0, 0, 0
119749, 360, 0, 0, 0
119849, 310, 0, 0, 0
119949, 350, 0, 0, 0
120049, 340, 0, 0, 0
120149, 340, 0, 0, 0
120249, 300, 0, 0, 0
120349, 350, 0, 0, 0
120449, 380, 0, 0, 0
120549, 320, 0, 0, 0
120649, 300, 0, 0, 0
120750, 270, 0, 0, 0
120850, 330, 0, 0, 0
120950, 360, 0, 0, 0
121050, 260, 0, 0, 0
121150, 310, 0, 0, 0
121249, 323, 0, 0, 0
121349, 390, 0, 0, 0
121449, 300, 0, 0, 0
121549, 280, 0, 0, 0
121649, 300, 0, 0, 0
121749, 370, 0, 0, 0
121849, 380, 0, 0, 0
121949, 370, 0, 0, 0
122049, 310, 0, 0, 0
122149, 360, 0, 0, 0
122249, 380, 0, 0, 0
122349, 350, 0, 0, 0
122449, 320, 0, 0, 0
122550, 330, 0, 0, 0
122650, 400, 0, 0, 0
122749, 353, 0, 0, 0
122849, 350, 0, 0, 0
122949, 390, 0, 0, 0
123049, 360, 0, 0, 0
123149, 330, 0, 0, 0
123249, 330, 0, 0, 0
123349, 320, 0, 0, 0
123449, 360, 0, 0, 0
123549, 300, 0, 0, 0
123649, 370, 0, 0, 0
123749, 340, 0, 0, 0
123849, 300, 0, 0, 0
123949, 310, 0, 0, 0
124049, 300, 0, 0, 0
124149, 290, 0, 0, 0
124250, 390, 0, 0, 0
124350, 300, 0, 0, 0
124450, 310, 0, 0, 0
124550, 320, 0, 0, 0
124650, 340, 0, 0, 0
124749, 373, 0, 0, 0
124849, 330, 0, 0, 0
124949, 310, 0, 0, 0
125049, 340, 0, 0, 0
125149, 340, 0, 0, 0
125249, 340, 0, 0, 0
125349, 390, 0, 0, 0
125449, 360, 0, 0, 0
125549, 350, 0, 0, 0
125649, 340, 0, 0, 0
125749, 310, 0, 0, 0
125849, 310, 0, 0, 0
125949, 300, 0, 0, 0
126050, 320, 0, 0, 0
126150, 360, 0, 0, 0
126249, 343, 0, 0, 0
126349, 290, 0, 0, 0
126449, 340, 0, 0, 0
126549, 350, 0, 0, 0
126649, 390, 0, 0, 0
126749, 320, 0, 0, 0
126849, 380, 0, 0, 0
126949, 350, 0, 0, 0
127049, 320, 0, 0, 0
127149, 310, 0, 0, 0
127249, 380, 0, 0, 0
127349, 350, 0, 0, 0
127449, 330, 0, 0, 0
127549, 350, 0, 0, 0
127649, 350, 0, 0, 0
127750, 340, 0, 0, 0
127850, 320, 0, 0, 0
127950, 330, 0, 0, 0
128050, 320, 0, 0, 0
128150, 410, 0, 0, 0
128249, 353, 0, 0, 0
128349, 390, 0, 0, 0
128449, 300, 0, 0, 0
128549, 330, 0, 0, 0
128649, 310, 0, 0, 0
128749, 340, 0, 0, 0
128849, 340, 0, 0, 0
128949, 360, 0, 0, 0
129049, 340, 0, 0, 0
129149, 360, 0, 0, 0
129249, 360, 0, 0, 0
129349, 350, 0, 0, 0
129449, 420, 0, 0, 0
129550, 330, 0, 0, 0
129650, 360, 0, 0, 0
129749, 353, 0, 0, 0
129849, 310, 0, 0, 0
129949, 330, 0, 0, 0
130049, 350, 0, 0, 0
130149, 370, 0, 0, 0
130249, 370, 0, 0, 0
130349, 310, 0, 0, 0
130449, 300, 0, 0, 0
130549, 360, 0, 0, 0
130649, 330, 0, 0, 0
130749, 360, 0, 0, 0
130849, 330, 0, 0, 0
130949, 300, 0, 0, 0
131049, 290, 0, 0, 0
131149, 360, 0, 0, 0
131250, 280, 0, 0, 0
131350, 350, 0, 0, 0
131450, 330, 0, 0, 0
131550, 320, 0, 0, 0
131650, 300, 0, 0, 0
131749, 343, 0, 0, 0
131849, 370, 0, 0, 0
131949, 340, 0, 0, 0
132049, 320, 0, 0, 0
132149, 280, 0, 0, 0
132249, 400, 0, 0, 0
132349, 320, 0, 0, 0
132449, 340, 0, 0, 0
132549, 290, 0, 0, 0
132649, 380, 0, 0, 0
132749, 320, 0, 0, 0
132849, 320, 0, 0, 0
132949, 380, 0, 0, 0
133050, 330, 0, 0, 0
133150, 330, 0, 0, 0
133249, 343, 0, 0, 0
133349, 300, 0, 0, 0
133449, 400, 0, 0, 0
133549, 400, 0, 0, 0
133649, 400, 0, 0, 0
133749, 370, 0, 0, 0
133849, 440, 0, 0, 0
133949, 370, 0, 0, 0
134049, 320, 0, 0, 0
134149, 350, 0, 0, 0
134249, 330, 0, 0, 0
134349, 310, 0, 0, 0
134449, 360, 0, 0, 0
134549, 340, 0, 0, 0
134649, 290, 0, 0, 0
134750, 380, 0, 0, 0
134850, 320, 0, 0, 0
134950, 330, 0, 0, 0
135050, 310, 0, 0, 0
135150, 340, 0, 0, 0
135249, 323, 0, 0, 0
135349, 310, 0, 0, 0
135449, 280, 0, 0, 0
135549, 360, 0, 0, 0
135649, 330, 0, 0, 0
135749, 330, 0, 0, 0
135849, 360, 0, 0, 0
135949, 340, 0, 0, 0
136049, 320, 0, 0, 0
136149, 330, 0, 0, 0
136249, 340, 0, 0, 0
136349, 380, 0, 0, 0
136449, 340, 0, 0, 0
136550, 330, 0, 0, 0
136650, 320, 0, 0, 0
136749, 363, 0, 0, 0
136849, 340, 0, 0, 0
136949, 380, 0, 0, 0
137049, 340, 0, 0, 0
137149, 360, 0, 0, 0
137249, 300, 0, 0, 0
137349, 360, 0, 0, 0
137449, 270, 0, 0, 0
137549, 340, 0, 0, 0
137649, 270, 0, 0, 0
137749, 320, 0, 0, 0
137849, 320, 0, 0, 0
137949, 300, 0, 0, 0
138049, 370, 0, 0, 0
138149, 380, 0, 0, 0
138250, 270, 0, 0, 0
138350, 340, 0, 0, 0
138450, 320, 0, 0, 0
138550, 360, 0, 0, 0
138650, 340, 0, 0, 0
138749, 363, 0, 0, 0
138849, 320, 0, 0, 0
138949, 350, 0, 0, 0
139049, 330, 0, 0, 0
139149, 300, 0, 0, 0
139249, 350, 0, 0, 0
139349, 400, 0, 0, 0
139449, 340, 0, 0, 0
139549, 360, 0, 0, 0
139649, 340, 0, 0, 0
139749, 310, 0, 0, 0
139850, 350, 0, 0, 0
139950, 360, 0, 0, 0
140050, 350, 0, 0, 0
140150, 330, 0, 0, 0
140249, 303, 0, 0, 0
140349, 350, 0, 0, 0
140449, 420, 0, 0, 0
140549, 360, 0, 0, 0
140649, 290, 0, 0, 0
140749, 330, 0, 0, 0
140849, 370, 0, 0, 0
140949, 350, 0, 0, 0
141049, 310, 0, 0, 0
141149, 360, 0, 0, 0
141249, 390, 0, 0, 0
141349, 350, 0, 0, 0
141449, 380, 0, 0, 0
141550, 350, 0, 0, 0
141650, 350, 0, 0, 0
141749, 323, 0, 0, 0
141849, 390, 0, 0, 0
141949, 300, 0, 0, 0
142049, 330, 0, 0, 0
142149, 350, 0, 0, 0
142249, 320, 0, 0, 0
142349, 260, 0, 0, 0
142449, 350, 0, 0, 0
142549, 300, 0, 0, 0
142649, 370, 0, 0, 0
142749, 340, 0, 0, 0
142849, 310, 0, 0, 0
142949, 390, 0, 0, 0
143049, 380, 0, 0, 0
143149, 390, 0, 0, 0
143249, 330, 0, 0, 0
143350, 290, 0, 0, 0
143450, 340, 0, 0, 0
143550, 340, 0, 0, 0
143650, 370, 0, 0, 0
143749, 343, 0, 0, 0
143849, 250, 0, 0, 0
143949, 300, 0, 0, 0
144049, 350, 0, 0, 0
144149, 280, 0, 0, 0
144249, 300, 0, 0, 0
144349, 330, 0, 0, 0
144449, 340, 0, 0, 0
144549, 370, 0, 0, 0
144649, 360, 0, 0, 0
144749, 330, 0, 0, 0
144849, 390, 0, 0, 0
144949, 290, 0, 0, 0
145049, 350, 0, 0, 0
145149, 320, 0, 0, 0
145250, 370, 0, 0, 0
145350, 370, 0, 0, 0
145450, 380, 0, 0, 0
145550, 320, 0, 0, 0
145650, 300, 0, 0, 0
145749, 282, 0, 0, 0
145849, 340, 0, 0, 0
145949, 320, 0, 0, 0
146049, 370, 0, 0, 0
146149, 310, 0, 0, 0
146249, 420, 0, 0, 0
146349, 370, 0, 0, 0
146449, 330, 0, 0, 0
146549, 260, 0, 0, 0
146649, 310, 0, 0, 0
146749, 350, 0, 0, 0
146850, 300, 0, 0, 0
146950, 340, 0, 0, 0
147050, 280, 0, 0, 0
147150, 360, 0, 0, 0
147249, 292, 0, 0, 0
147349, 380, 0, 0, 0
147449, 320, 0, 0, 0
147549, 330, 0, 0, 0
147649, 270, 0, 0, 0
147749, 300, 0, 0, 0
147849, 310, 0, 0, 0
147949, 320, 0, 0, 0
148049, 310, 0, 0, 0
148149, 350, 0, 0, 0
148249, 330, 0, 0, 0
148349, 340, 0, 0, 0
148449, 330, 0, 0, 0
148550, 300, 0, 0, 0
148650, 340, 0, 0, 0
148749, 333, 0, 0, 0
148849, 340, 0, 0, 0
148949, 310, 0, 0, 0
149049, 340, 0, 0, 0
149149, 340, 0, 0, 0
149249, 320, 0, 0, 0
149349, 320, 0, 0, 0
149449, 300, 0, 0, 0
149549, 310, 0, 0, 0
149649, 390, 0, 0, 0
149749, 310, 0, 0, 0
149849, 310, 0, 0, 0
149949, 280, 0, 0, 0
150049, 340, 0, 0, 0
150149, 290, 0, 0, 0
150250, 260, 0, 0, 0
150350, 340, 0, 0, 0
150450, 280, 0, 0, 0
150550, 380, 0, 0, 0
150650, 310, 0, 0, 0
150749, 313, 0, 0, 0
150849, 330, 0, 0, 0
150949, 360, 0, 0, 0
151049, 350, 0, 0, 0
151149, 330, 0, 0, 0
151249, 360, 0, 0, 0
151349, 320, 0, 0, 0
151449, 380, 0, 0, 0
151549, 330, 0, 0, 0
151649, 350, 0, 0, 0
151749, 340, 0, 0, 0
151849, 350, 0, 0, 0
151949, 380, 0, 0, 0
152050, 250, 0, 0, 0
152150, 310, 0, 0, 0
152249, 343, 0, 0, 0
152349, 350, 0, 0, 0
152449, 290, 0, 0, 0
152549, 350, 0, 0, 0
152649, 290, 0, 0, 0
152749, 340, 0, 0, 0
152849, 320, 0, 0, 0
152949, 300, 0, 0, 0
153049, 390, 0, 0, 0
153149, 360, 0, 0, 0
153249, 280, 0, 0, 0
153349, 340, 0, 0, 0
153449, 290, 0, 0, 0
153549, 350, 0, 0, 0
153649, 320, 0, 0, 0
153749, 310, 0, 0, 0
153850, 370, 0, 0, 0
153950, 300, 0, 0, 0
154050, 320, 0, 0, 0
154150, 320, 0, 0, 0
154249, 303, 0, 0, 0
154349, 290, 0, 0, 0
154449, 360, 0, 0, 0
154549, 380, 0, 0, 0
154649, 320, 0, 0, 0
154749, 320, 0, 0, 0
154849, 330, 0, 0, 0
154949, 290, 0, 0, 0
155049, 310, 0, 0, 0
155149, 320, 0, 0, 0
155249, 380, 0, 0, 0
155349, 250, 0, 0, 0
155449, 320, 0, 0, 0
155550, 320, 0, 0, 0
155650, 330, 0, 0, 0
155749, 323, 0, 0, 0
155849, 380, 0, 0, 0
155949, 360, 0, 0, 0
156049, 320, 0, 0, 0
156149, 300, 0, 0, 0
156249, 340, 0, 0, 0
156349, 300, 0, 0, 0
156449, 320, 0, 0, 0
156549, 350, 0, 0, 0
156649, 360, 0, 0, 0
156749, 290, 0, 0, 0
156849, 340, 0, 0, 0
156949, 330, 0, 0, 0
157049, 330, 0, 0, 0
157149, 290, 0, 0, 0
157249, 330, 0, 0, 0
157350, 290, 0, 0, 0
157450, 340, 0, 0, 0
157550, 310, 0, 0, 0
157650, 300, 0, 0, 0
157749, 282, 0, 0, 0
157849, 330, 0, 0, 0
157949, 360, 0, 0, 0
158049, 320, 0, 0, 0
158149, 330, 0, 0, 0
158249, 300, 0, 0, 0
158349, 340, 0, 0, 0
158449, 280, 0, 0, 0
158549, 330, 0, 0, 0
158649, 330, 0, 0, 0
158749, 360, 0, 0, 0
158849, 330, 0, 0, 0
158949, 340, 0, 0, 0
159050, 350, 0, 0, 0
159150, 360, 0, 0, 0
159249, 313, 0, 0, 0
159349, 360, 0, 0, 0
159449, 350, 0, 0, 0
159549, 330, 0, 0, 0
159649, 350, 0, 0, 0
159749, 290, 0, 0, 0
159849, 280, 0, 0, 0
159949, 350, 0, 0, 0
160049, 340, 0, 0, 0
160149, 310, 0, 0, 0
160249, 320, 0, 0, 0
160349, 280, 0, 0, 0
160449, 340, 0, 0, 0
160549, 280, 0, 0, 0
160650, 340, 0, 0, 0
160749, 373, 0, 0, 0
160849, 310, 0, 0, 0
160949, 290, 0, 0, 0
161049, 360, 0, 0, 0
161149, 340, 0, 0, 0
161249, 310, 0, 0, 0
161349, 340, 0, 0, 0
161449, 300, 0, 0, 0
161549, 280, 0, 0, 0
161649, 280, 0, 0, 0
161749, 290, 0, 0, 0
161849, 320, 0, 0, 0
161949, 300, 0, 0, 0
162049, 330, 0, 0, 0
162149, 340, 0, 0, 0
162250, 310, 0, 0, 0
162350, 300, 0, 0, 0
162450, 310, 0, 0, 0
162550, 300, 0, 0, 0
162650, 320, 0, 0, 0
162749, 353, 0, 0, 0
162849, 290, 0, 0, 0
162949, 330, 0, 0, 0
163049, 320, 0, 0, 0
163149, 290, 0, 0, 0
163249, 310, 0, 0, 0
163349, 330, 0, 0, 0
163449, 310, 0, 0, 0
163549, 270, 0, 0, 0
163649, 320, 0, 0, 0
163749, 270, 0, 0, 0
163849, 310, 0, 0, 0
163950, 370, 0, 0, 0
164050, 290, 0, 0, 0
164150, 330, 0, 0, 0
164249, 383, 0, 0, 0
164349, 340, 0, 0, 0
164449, 280, 0, 0, 0
164549, 350, 0, 0, 0
164649, 350, 0, 0, 0
164749, 280, 0, 0, 0
164849, 300, 0, 0, 0
164949, 290, 0, 0, 0
165049, 340, 0, 0, 0
165149, 370, 0, 0, 0
165249, 300, 0, 0, 0
165349, 330, 0, 0, 0
165450, 360, 0, 0, 0
165550, 340, 0, 0, 0
165650, 320, 0, 0, 0
165749, 292, 0, 0, 0
165849, 350, 0, 0, 0
165949, 340, 0, 0, 0
166049, 280, 0, 0, 0
166149, 270, 0, 0, 0
166249, 280, 0, 0, 0
166349, 370, 0, 0, 0
166449, 320, 0, 0, 0
166549, 360, 0, 0, 0
166649, 330, 0, 0, 0
166749, 370, 0, 0, 0
166849, 340, 0, 0, 0
166950, 290, 0, 0, 0
167050, 340, 0, 0, 0
167150, 390, 0, 0, 0
167249, 343, 0, 0, 0
167349, 280, 0, 0, 0
167449, 320, 0, 0, 0
167549, 330, 0, 0, 0
167649, 290, 0, 0, 0
167749, 320, 0, 0, 0
167849, 280, 0, 0, 0
167949, 280, 0, 0, 0
168049, 360, 0, 0, 0
168149, 250, 0, 0, 0
168249, 360, 0, 0, 0
168349, 270, 0, 0, 0
168449, 300, 0, 0, 0
168550, 310, 0, 0, 0
168650, 340, 0, 0, 0
168749, 343, 0, 0, 0
168849, 340, 0, 0, 0
168949, 310, 0, 0, 0
169049, 330, 0, 0, 0
169149, 340, 0, 0, 0
169249, 340, 0, 0, 0
169349, 340, 0, 0, 0
169449, 320, 0, 0, 0
169549, 410, 0, 0, 0
169649, 370, 0, 0, 0
169749, 350, 0, 0, 0
169849, 290, 0, 0, 0
169950, 340, 0, 0, 0
170050, 310, 0, 0, 0
170150, 250, 0, 0, 0
170249, 343, 0, 0, 0
170349, 320, 0, 0, 0
170449, 310, 0, 0, 0
170549, 280, 0, 0, 0
170649, 380, 0, 0, 0
170749, 310, 0, 0, 0
170849, 340, 0, 0, 0
170949, 290, 0, 0, 0
171049, 330, 0, 0, 0
171149, 280, 0, 0, 0
171249, 310, 0, 0, 0
171349, 320, 0, 0, 0
171449, 310, 0, 0, 0
171549, 360, 0, 0, 0
171649, 350, 0, 0, 0
171750, 370, 0, 0, 0
171850, 280, 0, 0, 0
171950, 350, 0, 0, 0
172050, 340, 0, 0, 0
172150, 350, 0, 0, 0
172249, 333, 0, 0, 0
172349, 310, 0, 0, 0
172449, 300, 0, 0, 0
172549, 300, 0, 0, 0
172649, 320, 0, 0, 0
172749, 320, 0, 0, 0
172849, 320, 0, 0, 0
172949, 290, 0, 0, 0
173049, 330, 0, 0, 0
173149, 350, 0, 0, 0
173249, 310, 0, 0, 0
173349, 320, 0, 0, 0
173449, 330, 0, 0, 0
173550, 330, 0, 0, 0
173650, 330, 0, 0, 0
173749, 373, 0, 0, 0
173849, 280, 0, 0, 0
173949, 300, 0, 0, 0
174049, 350, 0, 0, 0
174149, 350, 0, 0, 0
174249, 260, 0, 0, 0
174349, 300, 0, 0, 0
174449, 400, 0, 0, 0
174549, 330, 0, 0, 0
174649, 330, 0, 0, 0
174749, 360, 0, 0, 0
174849, 330, 0, 0, 0
174949, 320, 0, 0, 0
175049, 260, 0, 0, 0
175149, 350, 0, 0, 0
175249, 310, 0, 0, 0
175350, 320, 0, 0, 0
175450, 360, 0, 0, 0
175550, 340, 0, 0, 0
175650, 320, 0, 0, 0
175749, 313, 0, 0, 0
175849, 350, 0, 0, 0
175949, 310, 0, 0, 0
176049, 320, 0, 0, 0
176149, 250, 0, 0, 0
176249, 290, 0, 0, 0
176349, 340, 0, 0, 0
176449, 300, 0, 0, 0
176549, 300, 0, 0, 0
176649, 380, 0, 0, 0
176749, 350, 0, 0, 0
176849, 360, 0, 0, 0
176949, 330, 0, 0, 0
177049, 340, 0, 0, 0
177150, 320, 0, 0, 0
177249, 323, 0, 0, 0
177349, 320, 0, 0, 0
177449, 270, 0, 0, 0
177549, 300, 0, 0, 0
177649, 320, 0, 0, 0
177749, 320, 0, 0, 0
177849, 360, 0, 0, 0
177949, 340, 0, 0, 0
178049, 340, 0, 0, 0
178149, 300, 0, 0, 0
178249, 330, 0, 0, 0
178349, 330, 0, 0, 0
178449, 360, 0, 0, 0
178549, 360, 0, 0, 0
178649, 320, 0, 0, 0
178750, 310, 0, 0, 0
178850, 330, 0, 0, 0
178950, 240, 0, 0, 0
179050, 340, 0, 0, 0
179150, 330, 0, 0, 0
179249, 333, 0, 0, 0
179349, 340, 0, 0, 0
179449, 320, 0, 0, 0
179549, 280, 0, 0, 0
179649, 350, 0, 0, 0
179749, 340, 0, 0, 0
179849, 350, 0, 0, 0
179949, 320, 0, 0, 0
