102, 8655389, 0, 0, 0
200, 9631233, 0, 0, 0
303, 8774837, 0, 0, 0
401, 7945893, 0, 0, 0
502, 8575264, 0, 0, 0
601, 7114620, 0, 0, 0
700, 10106194, 0, 0, 0
809, 7795417, 0, 0, 0
900, 6983516, 0, 0, 0
1002, 7969768, 0, 0, 0
1100, 8043175, 0, 0, 0
1201, 11707021, 0, 0, 0
1306, 9497752, 0, 0, 0
1401, 9848686, 0, 0, 0
1502, 8070706, 0, 0, 0
1608, 9658645, 0, 0, 0
1700, 7419555, 0, 0, 0
1801, 9133929, 0, 0, 0
1900, 8479937, 0, 0, 0
2003, 8163719, 0, 0, 0
2106, 10040839, 0, 0, 0
2208, 8502080, 0, 0, 0
2301, 10297012, 0, 0, 0
2400, 7696281, 0, 0, 0
2505, 7288186, 0, 0, 0
2605, 9123326, 0, 0, 0
2702, 14276141, 0, 0, 0
2804, 7069774, 0, 0, 0
2911, 10339351, 0, 0, 0
3000, 7163153, 0, 0, 0
3100, 8796668, 0, 0, 0
3206, 9833969, 0, 0, 0
3300, 7627605, 0, 0, 0
3406, 7204008, 0, 0, 0
3501, 11223558, 0, 0, 0
3600, 8163043, 0, 0, 0
3703, 7647805, 0, 0, 0
3809, 11102832, 0, 0, 0
3904, 10998932, 0, 0, 0
4000, 10784951, 0, 0, 0
4103, 10965780, 0, 0, 0
4201, 9211161, 0, 0, 0
4303, 8783410, 0, 0, 0
4410, 9416908, 0, 0, 0
4503, 11268588, 0, 0, 0
4600, 8411064, 0, 0, 0
4701, 5994343, 0, 0, 0
4803, 11026745, 0, 0, 0
4902, 9729596, 0, 0, 0
5001, 7833752, 0, 0, 0
5103, 9956100, 0, 0, 0
5200, 7687207, 0, 0, 0
5306, 8425326, 0, 0, 0
5402, 6018766, 0, 0, 0
5500, 8745420, 0, 0, 0
5613, 8511026, 0, 0, 0
5700, 12222745, 0, 0, 0
5800, 6031629, 0, 0, 0
5905, 7082185, 0, 0, 0
6002, 6184185, 0, 0, 0
6104, 8127801, 0, 0, 0
6200, 10065032, 0, 0, 0
6304, 7036419, 0, 0, 0
6402, 7983165, 0, 0, 0
6502, 8661884, 0, 0, 0
6603, 7186832, 0, 0, 0
6701, 7857774, 0, 0, 0
6802, 6532042, 0, 0, 0
6901, 7009310, 0, 0, 0
7000, 9080959, 0, 0, 0
7100, 9375616, 0, 0, 0
7202, 7741667, 0, 0, 0
7300, 7890753, 0, 0, 0
7400, 11665146, 0, 0, 0
7504, 10487953, 0, 0, 0
7604, 8999989, 0, 0, 0
7700, 7728159, 0, 0, 0
7801, 8174495, 0, 0, 0
7901, 8534329, 0, 0, 0
8000, 11679568, 0, 0, 0
8101, 5950840, 0, 0, 0
8200, 8485607, 0, 0, 0
8301, 7452952, 0, 0, 0
8400, 6942985, 0, 0, 0
8502, 9344408, 0, 0, 0
8601, 7544987, 0, 0, 0
8700, 7761032, 0, 0, 0
8805, 6914289, 0, 0, 0
8921, 10364923, 0, 0, 0
9001, 9783869, 0, 0, 0
9101, 12478850, 0, 0, 0
9202, 8210176, 0, 0, 0
9300, 9132732, 0, 0, 0
9400, 7880877, 0, 0, 0
9500, 8256414, 0, 0, 0
9602, 7296092, 0, 0, 0
9706, 9428035, 0, 0, 0
9803, 9395730, 0, 0, 0
9911, 9500115, 0, 0, 0
10003, 9502356, 0, 0, 0
10105, 9475140, 0, 0, 0
10217, 11539471, 0, 0, 0
10301, 7182131, 0, 0, 0
10405, 9751179, 0, 0, 0
10502, 9071551, 0, 0, 0
10600, 7331821, 0, 0, 0
10701, 8874578, 0, 0, 0
10801, 8961852, 0, 0, 0
10900, 11261896, 0, 0, 0
11001, 11086431, 0, 0, 0
11100, 7831360, 0, 0, 0
11200, 9553638, 0, 0, 0
11302, 10103151, 0, 0, 0
11406, 7451315, 0, 0, 0
11509, 10079352, 0, 0, 0
11600, 8736783, 0, 0, 0
11702, 10231543, 0, 0, 0
11804, 8404039, 0, 0, 0
11900, 8865053, 0, 0, 0
12000, 9260784, 0, 0, 0
12103, 8442824, 0, 0, 0
12201, 8807432, 0, 0, 0
12304, 10614671, 0, 0, 0
12400, 7320063, 0, 0, 0
12505, 9182999, 0, 0, 0
12603, 10667527, 0, 0, 0
12704, 9341343, 0, 0, 0
12803, 6739460, 0, 0, 0
12900, 9503957, 0, 0, 0
13002, 10713662, 0, 0, 0
13101, 12089859, 0, 0, 0
13200, 8594435, 0, 0, 0
13304, 9434981, 0, 0, 0
13400, 8660354, 0, 0, 0
13503, 8883135, 0, 0, 0
13602, 9223053, 0, 0, 0
13701, 8930582, 0, 0, 0
13802, 7028207, 0, 0, 0
13900, 10328073, 0, 0, 0
14004, 8877819, 0, 0, 0
14101, 8407321, 0, 0, 0
14200, 9727163, 0, 0, 0
14303, 8524897, 0, 0, 0
14404, 10101334, 0, 0, 0
14502, 9292306, 0, 0, 0
14601, 7599566, 0, 0, 0
14702, 9707776, 0, 0, 0
14805, 8022340, 0, 0, 0
14904, 9091354, 0, 0, 0
15002, 11261961, 0, 0, 0
15100, 8759965, 0, 0, 0
15200, 10604013, 0, 0, 0
15301, 8517716, 0, 0, 0
15401, 11401172, 0, 0, 0
15502, 12301431, 0, 0, 0
15605, 7805167, 0, 0, 0
15701, 8651526, 0, 0, 0
15811, 8929715, 0, 0, 0
15900, 12212496, 0, 0, 0
16006, 7303644, 0, 0, 0
16104, 10977986, 0, 0, 0
16201, 10831333, 0, 0, 0
16302, 9572751, 0, 0, 0
16403, 7856336, 0, 0, 0
16502, 11165616, 0, 0, 0
16600, 7362830, 0, 0, 0
16702, 10154318, 0, 0, 0
16801, 10017627, 0, 0, 0
16902, 10960143, 0, 0, 0
17001, 12008974, 0, 0, 0
17102, 7689827, 0, 0, 0
17200, 8550227, 0, 0, 0
17305, 8719359, 0, 0, 0
17404, 10080216, 0, 0, 0
17502, 8955367, 0, 0, 0
17600, 10315392, 0, 0, 0
17702, 8933729, 0, 0, 0
17803, 8790297, 0, 0, 0
17904, 8798933, 0, 0, 0
18000, 10739401, 0, 0, 0
18102, 8016833, 0, 0, 0
18202, 7955999, 0, 0, 0
18307, 10232336, 0, 0, 0
18401, 11518740, 0, 0, 0
18502, 7269623, 0, 0, 0
18600, 13627124, 0, 0, 0
18702, 9044798, 0, 0, 0
18800, 8832027, 0, 0, 0
18902, 8680653, 0, 0, 0
19006, 9895348, 0, 0, 0
19101, 11064428, 0, 0, 0
19205, 11244819, 0, 0, 0
19301, 8992644, 0, 0, 0
19405, 9137880, 0, 0, 0
19500, 9922626, 0, 0, 0
19603, 8163856, 0, 0, 0
19704, 10603912, 0, 0, 0
19801, 7448907, 0, 0, 0
19903, 12202147, 0, 0, 0
20000, 11296363, 0, 0, 0
20101, 7512820, 0, 0, 0
20207, 10271235, 0, 0, 0
20302, 11134167, 0, 0, 0
20400, 9327533, 0, 0, 0
20500, 7133175, 0, 0, 0
20601, 8982865, 0, 0, 0
20701, 9534441, 0, 0, 0
20800, 9904805, 0, 0, 0
20904, 8905452, 0, 0, 0
21002, 9293011, 0, 0, 0
21103, 9673326, 0, 0, 0
21203, 10015412, 0, 0, 0
21300, 9092319, 0, 0, 0
21400, 10124400, 0, 0, 0
21502, 8217765, 0, 0, 0
21602, 9299572, 0, 0, 0
21700, 11865122, 0, 0, 0
21801, 12731072, 0, 0, 0
21902, 11314901, 0, 0, 0
22000, 9129814, 0, 0, 0
22102, 8396423, 0, 0, 0
22205, 10228439, 0, 0, 0
22304, 7094676, 0, 0, 0
22415, 10641477, 0, 0, 0
22506, 9833763, 0, 0, 0
22602, 10629598, 0, 0, 0
22710, 9200814, 0, 0, 0
22806, 10480071, 0, 0, 0
22902, 11579753, 0, 0, 0
23003, 8436016, 0, 0, 0
23104, 7522733, 0, 0, 0
23206, 8964020, 0, 0, 0
23302, 8541333, 0, 0, 0
23407, 11254215, 0, 0, 0
23501, 9148766, 0, 0, 0
23603, 6581980, 0, 0, 0
23701, 9817232, 0, 0, 0
23802, 8334589, 0, 0, 0
23904, 8375946, 0, 0, 0
24001, 8937920, 0, 0, 0
24102, 11174580, 0, 0, 0
24201, 7227655, 0, 0, 0
24303, 9978671, 0, 0, 0
24404, 10363501, 0, 0, 0
24505, 8789396, 0, 0, 0
24603, 8954311, 0, 0, 0
24700, 8391752, 0, 0, 0
24801, 8914198, 0, 0, 0
24900, 5746710, 0, 0, 0
25006, 7827683, 0, 0, 0
25108, 10784330, 0, 0, 0
25200, 10818661, 0, 0, 0
25300, 7988096, 0, 0, 0
25401, 10326005, 0, 0, 0
25500, 7367263, 0, 0, 0
25600, 9706384, 0, 0, 0
25700, 10698999, 0, 0, 0
25800, 7715936, 0, 0, 0
25902, 8040666, 0, 0, 0
26004, 8187878, 0, 0, 0
26100, 6686416, 0, 0, 0
26201, 8208225, 0, 0, 0
26305, 9220347, 0, 0, 0
26401, 10387549, 0, 0, 0
26504, 7522054, 0, 0, 0
26600, 8090134, 0, 0, 0
26704, 9764619, 0, 0, 0
26801, 7107204, 0, 0, 0
26905, 7556929, 0, 0, 0
27011, 7220596, 0, 0, 0
27105, 5980012, 0, 0, 0
27202, 6704394, 0, 0, 0
27301, 9351338, 0, 0, 0
27401, 10356597, 0, 0, 0
27504, 8425581, 0, 0, 0
27603, 8050061, 0, 0, 0
27706, 8631139, 0, 0, 0
27802, 6332289, 0, 0, 0
27902, 7605221, 0, 0, 0
28001, 8806091, 0, 0, 0
28107, 7774606, 0, 0, 0
28201, 10185916, 0, 0, 0
28304, 8726923, 0, 0, 0
28410, 7951560, 0, 0, 0
28501, 9607509, 0, 0, 0
28602, 10127177, 0, 0, 0
28700, 6911317, 0, 0, 0
28801, 8575482, 0, 0, 0
28900, 9359010, 0, 0, 0
29001, 6986679, 0, 0, 0
29101, 6646044, 0, 0, 0
29203, 7742026, 0, 0, 0
29303, 10449928, 0, 0, 0
29403, 8531400, 0, 0, 0
29505, 7807632, 0, 0, 0
29611, 8058410, 0, 0, 0
29708, 8976332, 0, 0, 0
29801, 7880758, 0, 0, 0
29901, 10425331, 0, 0, 0
30002, 9912104, 0, 0, 0
30100, 9184950, 0, 0, 0
30201, 9263962, 0, 0, 0
30300, 11496134, 0, 0, 0
30402, 8032509, 0, 0, 0
30500, 10488807, 0, 0, 0
30606, 11919171, 0, 0, 0
30700, 9718886, 0, 0, 0
30800, 9528495, 0, 0, 0
30900, 9319021, 0, 0, 0
31001, 9621746, 0, 0, 0
31101, 7618037, 0, 0, 0
31203, 10476891, 0, 0, 0
31300, 9357669, 0, 0, 0
31400, 10244988, 0, 0, 0
31500, 10070444, 0, 0, 0
31601, 8501744, 0, 0, 0
31700, 10179261, 0, 0, 0
31802, 10946004, 0, 0, 0
31902, 9720652, 0, 0, 0
32001, 8759624, 0, 0, 0
32101, 8639078, 0, 0, 0
32207, 9278053, 0, 0, 0
32301, 7367571, 0, 0, 0
32402, 9450590, 0, 0, 0
32502, 10995371, 0, 0, 0
32600, 9691203, 0, 0, 0
32700, 7214734, 0, 0, 0
32802, 9483145, 0, 0, 0
32902, 9508145, 0, 0, 0
33003, 8844637, 0, 0, 0
33102, 9413785, 0, 0, 0
33230, 10426795, 0, 0, 0
33303, 10517110, 0, 0, 0
33401, 9847595, 0, 0, 0
33503, 8588635, 0, 0, 0
33604, 9575579, 0, 0, 0
33701, 10137822, 0, 0, 0
33803, 9792907, 0, 0, 0
33905, 14038135, 0, 0, 0
34000, 8510687, 0, 0, 0
34100, 6094485, 0, 0, 0
34207, 8700812, 0, 0, 0
34300, 11322350, 0, 0, 0
34400, 13451716, 0, 0, 0
34502, 10023882, 0, 0, 0
34606, 7926374, 0, 0, 0
34701, 9960617, 0, 0, 0
34801, 11313738, 0, 0, 0
34900, 11705075, 0, 0, 0
35003, 8870174, 0, 0, 0
35102, 9898477, 0, 0, 0
35209, 9609719, 0, 0, 0
35302, 11429256, 0, 0, 0
35405, 10178504, 0, 0, 0
35502, 10366924, 0, 0, 0
35600, 10605337, 0, 0, 0
35701, 8868344, 0, 0, 0
35801, 8348954, 0, 0, 0
35902, 8097095, 0, 0, 0
36002, 12168270, 0, 0, 0
36100, 10786628, 0, 0, 0
36200, 9651498, 0, 0, 0
36303, 9473911, 0, 0, 0
36403, 7961218, 0, 0, 0
36503, 7171853, 0, 0, 0
36602, 10096626, 0, 0, 0
36700, 7506210, 0, 0, 0
36801, 9057130, 0, 0, 0
36901, 8818891, 0, 0, 0
37003, 8900560, 0, 0, 0
37103, 9288024, 0, 0, 0
37201, 8161278, 0, 0, 0
37305, 11258496, 0, 0, 0
37400, 13378414, 0, 0, 0
37504, 10498552, 0, 0, 0
37602, 8095238, 0, 0, 0
37707, 9555210, 0, 0, 0
37801, 11345216, 0, 0, 0
37901, 7776511, 0, 0, 0
38000, 9437239, 0, 0, 0
38101, 8053204, 0, 0, 0
38200, 14254712, 0, 0, 0
38300, 10366970, 0, 0, 0
38402, 7838219, 0, 0, 0
38502, 9533390, 0, 0, 0
38600, 10019498, 0, 0, 0
38700, 8324078, 0, 0, 0
38803, 13206560, 0, 0, 0
38901, 9113719, 0, 0, 0
39000, 8454793, 0, 0, 0
39100, 10246096, 0, 0, 0
39201, 8123393, 0, 0, 0
39301, 11844141, 0, 0, 0
39400, 8288369, 0, 0, 0
39503, 10103553, 0, 0, 0
39600, 7964914, 0, 0, 0
39700, 8304436, 0, 0, 0
39801, 8995248, 0, 0, 0
39903, 9528136, 0, 0, 0
40002, 11946435, 0, 0, 0
40101, 8565398, 0, 0, 0
40204, 10328847, 0, 0, 0
40300, 8664686, 0, 0, 0
40402, 9056824, 0, 0, 0
40510, 8854164, 0, 0, 0
40620, 11227483, 0, 0, 0
40703, 11703635, 0, 0, 0
40800, 10600212, 0, 0, 0
40900, 11651003, 0, 0, 0
41000, 9436503, 0, 0, 0
41103, 12182773, 0, 0, 0
41203, 7730555, 0, 0, 0
41305, 9058473, 0, 0, 0
41406, 12577258, 0, 0, 0
41504, 8639255, 0, 0, 0
41607, 8872332, 0, 0, 0
41705, 10047317, 0, 0, 0
41802, 9864980, 0, 0, 0
41906, 9491207, 0, 0, 0
42003, 9649553, 0, 0, 0
42100, 11018772, 0, 0, 0
42201, 11164616, 0, 0, 0
42305, 10921803, 0, 0, 0
42400, 8723833, 0, 0, 0
42503, 9231261, 0, 0, 0
42607, 10908964, 0, 0, 0
42703, 10485640, 0, 0, 0
42800, 9345668, 0, 0, 0
42900, 7564047, 0, 0, 0
43006, 8607938, 0, 0, 0
43100, 7538718, 0, 0, 0
43201, 10170694, 0, 0, 0
43303, 10363469, 0, 0, 0
43402, 8484901, 0, 0, 0
43503, 7807607, 0, 0, 0
43601, 8003084, 0, 0, 0
43702, 8623140, 0, 0, 0
43804, 7447794, 0, 0, 0
43902, 8970506, 0, 0, 0
44000, 9257849, 0, 0, 0
44107, 9074576, 0, 0, 0
44202, 7496070, 0, 0, 0
44300, 9193387, 0, 0, 0
44405, 8634609, 0, 0, 0
44501, 8836286, 0, 0, 0
44602, 7849910, 0, 0, 0
44701, 12832883, 0, 0, 0
44800, 9260502, 0, 0, 0
44905, 8684509, 0, 0, 0
45003, 8600685, 0, 0, 0
45101, 7809735, 0, 0, 0
45205, 10765882, 0, 0, 0
45302, 6920652, 0, 0, 0
45406, 9408234, 0, 0, 0
45500, 8804759, 0, 0, 0
45603, 7423206, 0, 0, 0
45703, 12330423, 0, 0, 0
45802, 10033876, 0, 0, 0
45906, 11157388, 0, 0, 0
46001, 7705227, 0, 0, 0
46102, 9876488, 0, 0, 0
46208, 10411521, 0, 0, 0
46301, 9138371, 0, 0, 0
46400, 7596396, 0, 0, 0
46501, 12410621, 0, 0, 0
46603, 12136155, 0, 0, 0
46700, 9966622, 0, 0, 0
46805, 9192534, 0, 0, 0
46903, 8246270, 0, 0, 0
47000, 11301591, 0, 0, 0
47101, 9045106, 0, 0, 0
47201, 9402045, 0, 0, 0
47302, 8448878, 0, 0, 0
47405, 11708352, 0, 0, 0
47507, 9257005, 0, 0, 0
47600, 12657865, 0, 0, 0
47700, 6202575, 0, 0, 0
47804, 8921949, 0, 0, 0
47906, 11463850, 0, 0, 0
48001, 10500935, 0, 0, 0
48103, 11039571, 0, 0, 0
48203, 10253592, 0, 0, 0
48301, 11904004, 0, 0, 0
48400, 10901629, 0, 0, 0
48500, 9847482, 0, 0, 0
48602, 10872333, 0, 0, 0
48708, 8776687, 0, 0, 0
48808, 12494355, 0, 0, 0
48901, 11131819, 0, 0, 0
49008, 8608007, 0, 0, 0
49102, 9261564, 0, 0, 0
49203, 10835431, 0, 0, 0
49303, 11218054, 0, 0, 0
49405, 9798150, 0, 0, 0
49506, 7980608, 0, 0, 0
49601, 10074360, 0, 0, 0
49700, 12269665, 0, 0, 0
49802, 11330990, 0, 0, 0
49906, 10380756, 0, 0, 0
50000, 9619402, 0, 0, 0
50105, 10357406, 0, 0, 0
50201, 8298810, 0, 0, 0
50305, 11680439, 0, 0, 0
50402, 10124014, 0, 0, 0
50506, 9634116, 0, 0, 0
50604, 11471394, 0, 0, 0
50706, 8285246, 0, 0, 0
50800, 10081188, 0, 0, 0
50902, 9298925, 0, 0, 0
51006, 8906972, 0, 0, 0
51100, 9113918, 0, 0, 0
51201, 10476426, 0, 0, 0
51301, 8149083, 0, 0, 0
51401, 8392132, 0, 0, 0
51500, 10038395, 0, 0, 0
51638, 11502008, 0, 0, 0
51700, 13313734, 0, 0, 0
51803, 10601457, 0, 0, 0
51900, 9304015, 0, 0, 0
52001, 7614567, 0, 0, 0
52107, 10864457, 0, 0, 0
52200, 8884513, 0, 0, 0
52303, 12076414, 0, 0, 0
52403, 9431225, 0, 0, 0
52508, 11954173, 0, 0, 0
52600, 15303673, 0, 0, 0
52700, 14264635, 0, 0, 0
52802, 9152638, 0, 0, 0
52900, 10407351, 0, 0, 0
53006, 9550996, 0, 0, 0
53106, 8626316, 0, 0, 0
53202, 9029628, 0, 0, 0
53308, 9478054, 0, 0, 0
53409, 11578768, 0, 0, 0
53500, 12425868, 0, 0, 0
53608, 10662027, 0, 0, 0
53702, 11551913, 0, 0, 0
53800, 9417251, 0, 0, 0
53909, 10746905, 0, 0, 0
54003, 11040944, 0, 0, 0
54101, 8825888, 0, 0, 0
54201, 9212499, 0, 0, 0
54301, 7668302, 0, 0, 0
54401, 12046465, 0, 0, 0
54502, 9260024, 0, 0, 0
54616, 10148368, 0, 0, 0
54702, 7645961, 0, 0, 0
54801, 7573267, 0, 0, 0
54902, 11865138, 0, 0, 0
55003, 9734839, 0, 0, 0
55102, 8836017, 0, 0, 0
55204, 10280891, 0, 0, 0
55301, 8665490, 0, 0, 0
55404, 10512250, 0, 0, 0
55500, 8094056, 0, 0, 0
55603, 8795593, 0, 0, 0
55701, 7156151, 0, 0, 0
55805, 10224997, 0, 0, 0
55908, 10462264, 0, 0, 0
56003, 10333507, 0, 0, 0
56101, 9095532, 0, 0, 0
56203, 13599269, 0, 0, 0
56303, 9417504, 0, 0, 0
56407, 8801448, 0, 0, 0
56500, 10606853, 0, 0, 0
56602, 8747375, 0, 0, 0
56700, 11812523, 0, 0, 0
56803, 13483324, 0, 0, 0
56902, 8707899, 0, 0, 0
57001, 9974264, 0, 0, 0
57102, 10803208, 0, 0, 0
57201, 8146200, 0, 0, 0
57306, 9383645, 0, 0, 0
57402, 12406964, 0, 0, 0
57500, 9401568, 0, 0, 0
57601, 8673400, 0, 0, 0
57702, 12464133, 0, 0, 0
57802, 14655238, 0, 0, 0
57905, 9843538, 0, 0, 0
58008, 9876570, 0, 0, 0
58100, 10444585, 0, 0, 0
58203, 8055340, 0, 0, 0
58303, 9758415, 0, 0, 0
58402, 11533083, 0, 0, 0
58503, 9120050, 0, 0, 0
58602, 9741770, 0, 0, 0
58703, 10140173, 0, 0, 0
58800, 10176058, 0, 0, 0
58907, 8992792, 0, 0, 0
59002, 9741749, 0, 0, 0
59100, 11002327, 0, 0, 0
59202, 11129567, 0, 0, 0
59300, 11946497, 0, 0, 0
59402, 9302893, 0, 0, 0
59502, 9807959, 0, 0, 0
59600, 9127299, 0, 0, 0
59701, 10799950, 0, 0, 0
59803, 9386984, 0, 0, 0
59902, 12391401, 0, 0, 0
60004, 9190161, 0, 0, 0
60009, 13272995, 0, 0, 0
