100, 4520074, 0, 0, 0
200, 4498993, 0, 0, 0
302, 4377328, 0, 0, 0
400, 4547896, 0, 0, 0
503, 5218375, 0, 0, 0
602, 4557352, 0, 0, 0
700, 4488053, 0, 0, 0
801, 4023952, 0, 0, 0
904, 4347075, 0, 0, 0
1000, 4978416, 0, 0, 0
1101, 4187361, 0, 0, 0
1200, 4138510, 0, 0, 0
1301, 5311159, 0, 0, 0
1400, 4536997, 0, 0, 0
1500, 4642190, 0, 0, 0
1601, 4662559, 0, 0, 0
1700, 4890030, 0, 0, 0
1801, 3954245, 0, 0, 0
1905, 5053957, 0, 0, 0
2001, 4468924, 0, 0, 0
2103, 4298205, 0, 0, 0
2200, 4764535, 0, 0, 0
2302, 4324910, 0, 0, 0
2400, 4382804, 0, 0, 0
2505, 4337145, 0, 0, 0
2600, 5413782, 0, 0, 0
2703, 4632284, 0, 0, 0
2801, 4695372, 0, 0, 0
2904, 5123642, 0, 0, 0
3002, 4661921, 0, 0, 0
3100, 4592694, 0, 0, 0
3200, 4900036, 0, 0, 0
3300, 4703470, 0, 0, 0
3401, 4579302, 0, 0, 0
3501, 4359970, 0, 0, 0
3600, 4270895, 0, 0, 0
3703, 4496471, 0, 0, 0
3802, 4856052, 0, 0, 0
3900, 4623145, 0, 0, 0
4001, 4836504, 0, 0, 0
4100, 4909064, 0, 0, 0
4200, 4434263, 0, 0, 0
4300, 4697406, 0, 0, 0
4400, 4556387, 0, 0, 0
4500, 4328732, 0, 0, 0
4600, 4422746, 0, 0, 0
4701, 3809376, 0, 0, 0
4801, 4488977, 0, 0, 0
4903, 4351897, 0, 0, 0
5001, 3965673, 0, 0, 0
5100, 4243067, 0, 0, 0
5201, 5007437, 0, 0, 0
5303, 4197749, 0, 0, 0
5400, 4047997, 0, 0, 0
5500, 3948539, 0, 0, 0
5601, 4714503, 0, 0, 0
5700, 3806905, 0, 0, 0
5801, 4394580, 0, 0, 0
5901, 4004808, 0, 0, 0
6001, 5165321, 0, 0, 0
6100, 4691962, 0, 0, 0
6202, 4194093, 0, 0, 0
6300, 4478279, 0, 0, 0
6402, 4708538, 0, 0, 0
6501, 4728288, 0, 0, 0
6603, 3982570, 0, 0, 0
6700, 4473956, 0, 0, 0
6800, 4358038, 0, 0, 0
6904, 4698204, 0, 0, 0
7001, 4882475, 0, 0, 0
7100, 4501612, 0, 0, 0
7200, 4604389, 0, 0, 0
7300, 5152382, 0, 0, 0
7403, 4500009, 0, 0, 0
7500, 5012902, 0, 0, 0
7600, 4490013, 0, 0, 0
7701, 4137325, 0, 0, 0
7800, 4239336, 0, 0, 0
7901, 4220977, 0, 0, 0
8000, 4781159, 0, 0, 0
8103, 4211265, 0, 0, 0
8201, 4296734, 0, 0, 0
8303, 4702130, 0, 0, 0
8400, 4209413, 0, 0, 0
8503, 4040809, 0, 0, 0
8600, 4631056, 0, 0, 0
8704, 5215387, 0, 0, 0
8802, 4263399, 0, 0, 0
8901, 4252728, 0, 0, 0
9002, 4495216, 0, 0, 0
9102, 4780243, 0, 0, 0
9201, 4564428, 0, 0, 0
9301, 4532026, 0, 0, 0
9401, 4602346, 0, 0, 0
9500, 4988585, 0, 0, 0
9602, 3993984, 0, 0, 0
9701, 4738498, 0, 0, 0
9801, 4500995, 0, 0, 0
9903, 4191419, 0, 0, 0
10001, 3953727, 0, 0, 0
10100, 4436577, 0, 0, 0
10201, 4677293, 0, 0, 0
10300, 3827406, 0, 0, 0
10403, 4547251, 0, 0, 0
10500, 5221410, 0, 0, 0
10604, 4218821, 0, 0, 0
10702, 4227175, 0, 0, 0
10801, 5030662, 0, 0, 0
10900, 4830489, 0, 0, 0
11000, 4433978, 0, 0, 0
11100, 4275917, 0, 0, 0
11202, 5088469, 0, 0, 0
11300, 4023408, 0, 0, 0
11400, 4920896, 0, 0, 0
11501, 4268379, 0, 0, 0
11600, 4570519, 0, 0, 0
11701, 4495203, 0, 0, 0
11801, 4348322, 0, 0, 0
11901, 4983954, 0, 0, 0
12000, 4283309, 0, 0, 0
12101, 4177951, 0, 0, 0
12202, 3858510, 0, 0, 0
12302, 4665032, 0, 0, 0
12403, 4222368, 0, 0, 0
12503, 4198140, 0, 0, 0
12600, 4326478, 0, 0, 0
12700, 4546554, 0, 0, 0
12800, 3807348, 0, 0, 0
12900, 4521203, 0, 0, 0
13004, 5522001, 0, 0, 0
13101, 4915589, 0, 0, 0
13202, 4246653, 0, 0, 0
13300, 4630872, 0, 0, 0
13403, 4080998, 0, 0, 0
13503, 4520100, 0, 0, 0
13600, 4474977, 0, 0, 0
13700, 4208264, 0, 0, 0
13800, 4222841, 0, 0, 0
13902, 4684580, 0, 0, 0
14000, 4932513, 0, 0, 0
14102, 4628107, 0, 0, 0
14200, 5242390, 0, 0, 0
14302, 4533761, 0, 0, 0
14402, 4764779, 0, 0, 0
14501, 4621595, 0, 0, 0
14604, 4162003, 0, 0, 0
14700, 4951793, 0, 0, 0
14800, 4386925, 0, 0, 0
14904, 3816098, 0, 0, 0
15000, 4078252, 0, 0, 0
15100, 4772065, 0, 0, 0
15202, 3944108, 0, 0, 0
15300, 4499604, 0, 0, 0
15404, 4876736, 0, 0, 0
15500, 4078058, 0, 0, 0
15600, 4301521, 0, 0, 0
15701, 4417765, 0, 0, 0
15802, 4502759, 0, 0, 0
15900, 4565784, 0, 0, 0
16002, 4711153, 0, 0, 0
16100, 4993296, 0, 0, 0
16201, 4175110, 0, 0, 0
16300, 4632760, 0, 0, 0
16400, 4022345, 0, 0, 0
16502, 3920405, 0, 0, 0
16600, 4178394, 0, 0, 0
16700, 4009575, 0, 0, 0
16800, 3699494, 0, 0, 0
16900, 4307808, 0, 0, 0
17001, 4480799, 0, 0, 0
17101, 3700214, 0, 0, 0
17201, 4007070, 0, 0, 0
17302, 4497385, 0, 0, 0
17403, 4558056, 0, 0, 0
17502, 4673627, 0, 0, 0
17600, 3918522, 0, 0, 0
17700, 4117246, 0, 0, 0
17803, 4575552, 0, 0, 0
17901, 4002548, 0, 0, 0
18001, 4526931, 0, 0, 0
18104, 4271697, 0, 0, 0
18203, 3794830, 0, 0, 0
18305, 4478988, 0, 0, 0
18403, 4188652, 0, 0, 0
18500, 4237041, 0, 0, 0
18600, 4589025, 0, 0, 0
18702, 4761523, 0, 0, 0
18801, 4603727, 0, 0, 0
18902, 4635022, 0, 0, 0
19004, 4762898, 0, 0, 0
19103, 4510732, 0, 0, 0
19201, 3960200, 0, 0, 0
19300, 3781934, 0, 0, 0
19402, 5115844, 0, 0, 0
19502, 4734380, 0, 0, 0
19600, 4403582, 0, 0, 0
19704, 4626032, 0, 0, 0
19802, 3838445, 0, 0, 0
19903, 4081606, 0, 0, 0
20002, 4595535, 0, 0, 0
20101, 4417344, 0, 0, 0
20203, 4398436, 0, 0, 0
20300, 4101849, 0, 0, 0
20400, 5960333, 0, 0, 0
20502, 4375077, 0, 0, 0
20603, 4370713, 0, 0, 0
20700, 5022133, 0, 0, 0
20802, 4409799, 0, 0, 0
20903, 4455635, 0, 0, 0
21000, 4003503, 0, 0, 0
21101, 4232429, 0, 0, 0
21200, 4707461, 0, 0, 0
21305, 4636216, 0, 0, 0
21400, 5091881, 0, 0, 0
21500, 4750683, 0, 0, 0
21601, 3984532, 0, 0, 0
21701, 5236305, 0, 0, 0
21803, 4220643, 0, 0, 0
21902, 4808586, 0, 0, 0
22002, 4388292, 0, 0, 0
22102, 3767954, 0, 0, 0
22204, 4026509, 0, 0, 0
22300, 4761461, 0, 0, 0
22401, 4392176, 0, 0, 0
22501, 4853089, 0, 0, 0
22603, 4818274, 0, 0, 0
22700, 4415024, 0, 0, 0
22801, 4232538, 0, 0, 0
22900, 4237216, 0, 0, 0
23003, 4504665, 0, 0, 0
23100, 4840423, 0, 0, 0
23201, 4630845, 0, 0, 0
23300, 4325795, 0, 0, 0
23403, 4649846, 0, 0, 0
23501, 4272316, 0, 0, 0
23601, 3812823, 0, 0, 0
23704, 3796630, 0, 0, 0
23803, 4512048, 0, 0, 0
23902, 4552163, 0, 0, 0
24003, 4081762, 0, 0, 0
24100, 4626278, 0, 0, 0
24201, 4335870, 0, 0, 0
24300, 4636864, 0, 0, 0
24401, 4446670, 0, 0, 0
24500, 3761259, 0, 0, 0
24603, 4145774, 0, 0, 0
24701, 4393704, 0, 0, 0
24801, 4407937, 0, 0, 0
24900, 4455419, 0, 0, 0
25005, 4539929, 0, 0, 0
25104, 4261362, 0, 0, 0
25200, 4410492, 0, 0, 0
25301, 4562274, 0, 0, 0
25400, 4076556, 0, 0, 0
25500, 4373849, 0, 0, 0
25602, 4322569, 0, 0, 0
25703, 4446627, 0, 0, 0
25804, 3838287, 0, 0, 0
25900, 4081881, 0, 0, 0
26000, 4376456, 0, 0, 0
26101, 4102012, 0, 0, 0
26200, 4627736, 0, 0, 0
26303, 4356578, 0, 0, 0
26402, 5044915, 0, 0, 0
26501, 4387998, 0, 0, 0
26604, 4714610, 0, 0, 0
26702, 4068909, 0, 0, 0
26800, 4218800, 0, 0, 0
26900, 4288820, 0, 0, 0
27000, 4997554, 0, 0, 0
27100, 4395839, 0, 0, 0
27201, 4627906, 0, 0, 0
27300, 4481509, 0, 0, 0
27400, 4630347, 0, 0, 0
27501, 4009551, 0, 0, 0
27602, 4176932, 0, 0, 0
27702, 5442101, 0, 0, 0
27800, 4434328, 0, 0, 0
27902, 4695419, 0, 0, 0
28000, 3883129, 0, 0, 0
28101, 3947107, 0, 0, 0
28200, 3967420, 0, 0, 0
28300, 4428682, 0, 0, 0
28401, 4457680, 0, 0, 0
28500, 4111718, 0, 0, 0
28606, 3960260, 0, 0, 0
28700, 4161638, 0, 0, 0
28801, 4323625, 0, 0, 0
28904, 4182364, 0, 0, 0
29000, 3973417, 0, 0, 0
29100, 4275128, 0, 0, 0
29200, 4852377, 0, 0, 0
29300, 4739419, 0, 0, 0
29402, 4063033, 0, 0, 0
29502, 4274119, 0, 0, 0
29601, 4120848, 0, 0, 0
29700, 4500640, 0, 0, 0
29800, 4788674, 0, 0, 0
29901, 4298173, 0, 0, 0
30000, 4249595, 0, 0, 0
30101, 5152941, 0, 0, 0
30201, 4303583, 0, 0, 0
30302, 3803100, 0, 0, 0
30401, 4296667, 0, 0, 0
30501, 4324908, 0, 0, 0
30601, 4592128, 0, 0, 0
30701, 5493368, 0, 0, 0
30800, 4064038, 0, 0, 0
30904, 4734444, 0, 0, 0
31000, 4493440, 0, 0, 0
31101, 4155924, 0, 0, 0
31200, 4455156, 0, 0, 0
31301, 5161758, 0, 0, 0
31401, 4545729, 0, 0, 0
31501, 4868908, 0, 0, 0
31602, 4762067, 0, 0, 0
31701, 4486069, 0, 0, 0
31800, 4894985, 0, 0, 0
31900, 4611472, 0, 0, 0
32000, 4442953, 0, 0, 0
32102, 4937273, 0, 0, 0
32200, 4722160, 0, 0, 0
32301, 4623203, 0, 0, 0
32400, 4482361, 0, 0, 0
32500, 5400595, 0, 0, 0
32601, 4495424, 0, 0, 0
32700, 4368689, 0, 0, 0
32800, 4824899, 0, 0, 0
32902, 4454010, 0, 0, 0
33003, 4515334, 0, 0, 0
33101, 4932304, 0, 0, 0
33200, 4496789, 0, 0, 0
33301, 4339488, 0, 0, 0
33403, 4594276, 0, 0, 0
33504, 3948885, 0, 0, 0
33600, 5264794, 0, 0, 0
33703, 5063984, 0, 0, 0
33800, 4429391, 0, 0, 0
33902, 4553634, 0, 0, 0
34000, 4716811, 0, 0, 0
34102, 4477153, 0, 0, 0
34200, 4401546, 0, 0, 0
34300, 4941076, 0, 0, 0
34403, 4444833, 0, 0, 0
34502, 5606607, 0, 0, 0
34601, 4692817, 0, 0, 0
34702, 4139546, 0, 0, 0
34802, 4318885, 0, 0, 0
34901, 5074463, 0, 0, 0
35001, 4599025, 0, 0, 0
35100, 4082052, 0, 0, 0
35202, 4134279, 0, 0, 0
35301, 4294543, 0, 0, 0
35400, 4552981, 0, 0, 0
35501, 3992120, 0, 0, 0
35600, 5016705, 0, 0, 0
35700, 5267176, 0, 0, 0
35801, 5120329, 0, 0, 0
35900, 4110595, 0, 0, 0
36000, 5069431, 0, 0, 0
36101, 5097892, 0, 0, 0
36200, 4294663, 0, 0, 0
36301, 4597434, 0, 0, 0
36400, 4379317, 0, 0, 0
36505, 4631830, 0, 0, 0
36602, 4151087, 0, 0, 0
36700, 5060311, 0, 0, 0
36800, 3849722, 0, 0, 0
36902, 4652373, 0, 0, 0
37005, 4613602, 0, 0, 0
37102, 4783759, 0, 0, 0
37200, 3969229, 0, 0, 0
37304, 5263591, 0, 0, 0
37400, 4566508, 0, 0, 0
37501, 4703097, 0, 0, 0
37600, 5090904, 0, 0, 0
37703, 4393224, 0, 0, 0
37801, 4060529, 0, 0, 0
37902, 4431785, 0, 0, 0
38001, 4728166, 0, 0, 0
38100, 5081835, 0, 0, 0
38200, 4351272, 0, 0, 0
38300, 4927409, 0, 0, 0
38401, 4400901, 0, 0, 0
38500, 5393580, 0, 0, 0
38601, 4356097, 0, 0, 0
38702, 4266329, 0, 0, 0
38803, 4462439, 0, 0, 0
38900, 5772853, 0, 0, 0
39006, 4507135, 0, 0, 0
39102, 4086498, 0, 0, 0
39202, 4748426, 0, 0, 0
39301, 5416532, 0, 0, 0
39405, 3974599, 0, 0, 0
39500, 4572417, 0, 0, 0
39604, 4603619, 0, 0, 0
39702, 5069567, 0, 0, 0
39800, 4689734, 0, 0, 0
39902, 4282538, 0, 0, 0
40003, 4623903, 0, 0, 0
40100, 4719153, 0, 0, 0
40202, 4059373, 0, 0, 0
40302, 4507192, 0, 0, 0
40400, 4682093, 0, 0, 0
40502, 4498425, 0, 0, 0
40602, 3619139, 0, 0, 0
40700, 3970427, 0, 0, 0
40802, 4422512, 0, 0, 0
40902, 4556443, 0, 0, 0
41002, 4151468, 0, 0, 0
41102, 3739352, 0, 0, 0
41200, 5655994, 0, 0, 0
41303, 4505891, 0, 0, 0
41401, 4966857, 0, 0, 0
41501, 4110461, 0, 0, 0
41605, 5033131, 0, 0, 0
41700, 4705684, 0, 0, 0
41800, 4873391, 0, 0, 0
41900, 4656953, 0, 0, 0
42001, 4215330, 0, 0, 0
42100, 5433890, 0, 0, 0
42204, 4728175, 0, 0, 0
42304, 5115868, 0, 0, 0
42400, 4624354, 0, 0, 0
42503, 4734962, 0, 0, 0
42603, 4361051, 0, 0, 0
42701, 5095263, 0, 0, 0
42802, 4439405, 0, 0, 0
42900, 5083667, 0, 0, 0
43001, 4705227, 0, 0, 0
43101, 4443680, 0, 0, 0
43204, 4593496, 0, 0, 0
43300, 4390061, 0, 0, 0
43400, 5046697, 0, 0, 0
43500, 4514700, 0, 0, 0
43600, 4398064, 0, 0, 0
43700, 4964155, 0, 0, 0
43802, 5202523, 0, 0, 0
43900, 4374396, 0, 0, 0
44002, 4063142, 0, 0, 0
44100, 4369043, 0, 0, 0
44200, 4764364, 0, 0, 0
44303, 5250178, 0, 0, 0
44401, 4276385, 0, 0, 0
44502, 4432243, 0, 0, 0
44601, 4302892, 0, 0, 0
44706, 4986773, 0, 0, 0
44800, 4297021, 0, 0, 0
44905, 5522332, 0, 0, 0
45001, 4947564, 0, 0, 0
45101, 4555675, 0, 0, 0
45202, 4517138, 0, 0, 0
45300, 4788974, 0, 0, 0
45403, 4185825, 0, 0, 0
45501, 4052184, 0, 0, 0
45601, 4458561, 0, 0, 0
45700, 5744315, 0, 0, 0
45800, 4846839, 0, 0, 0
45900, 3725171, 0, 0, 0
46002, 4369126, 0, 0, 0
46100, 4461171, 0, 0, 0
46201, 4591374, 0, 0, 0
46303, 4827519, 0, 0, 0
46400, 4485402, 0, 0, 0
46502, 4186015, 0, 0, 0
46601, 4867352, 0, 0, 0
46702, 4143861, 0, 0, 0
46801, 5009940, 0, 0, 0
46902, 5328356, 0, 0, 0
47001, 4579778, 0, 0, 0
47100, 4307327, 0, 0, 0
47202, 4095945, 0, 0, 0
47303, 4404954, 0, 0, 0
47403, 4568861, 0, 0, 0
47500, 4350055, 0, 0, 0
47600, 4912610, 0, 0, 0
47701, 4742555, 0, 0, 0
47802, 5029579, 0, 0, 0
47900, 4305873, 0, 0, 0
48000, 4677884, 0, 0, 0
48100, 5216930, 0, 0, 0
48200, 4887402, 0, 0, 0
48300, 3659081, 0, 0, 0
48400, 4533889, 0, 0, 0
48502, 4533516, 0, 0, 0
48602, 4932155, 0, 0, 0
48704, 4677514, 0, 0, 0
48801, 5087200, 0, 0, 0
48903, 4476258, 0, 0, 0
49001, 4957454, 0, 0, 0
49101, 4871919, 0, 0, 0
49200, 4249754, 0, 0, 0
49303, 4245487, 0, 0, 0
49402, 5565516, 0, 0, 0
49503, 4894817, 0, 0, 0
49600, 4477927, 0, 0, 0
49701, 4137300, 0, 0, 0
49802, 4385236, 0, 0, 0
49904, 4536857, 0, 0, 0
50000, 4236902, 0, 0, 0
50103, 4745080, 0, 0, 0
50201, 4559267, 0, 0, 0
50303, 4330370, 0, 0, 0
50405, 4376909, 0, 0, 0
50501, 4904373, 0, 0, 0
50600, 4480195, 0, 0, 0
50704, 4269393, 0, 0, 0
50802, 4862815, 0, 0, 0
50900, 4677987, 0, 0, 0
51004, 5020232, 0, 0, 0
51103, 4410713, 0, 0, 0
51200, 4609511, 0, 0, 0
51300, 4366177, 0, 0, 0
51401, 5091007, 0, 0, 0
51500, 4955424, 0, 0, 0
51603, 4401315, 0, 0, 0
51703, 4788399, 0, 0, 0
51800, 4753131, 0, 0, 0
51900, 4003322, 0, 0, 0
52001, 4285803, 0, 0, 0
52102, 4298064, 0, 0, 0
52201, 4567637, 0, 0, 0
52302, 5250356, 0, 0, 0
52400, 4160803, 0, 0, 0
52500, 4540543, 0, 0, 0
52600, 5198398, 0, 0, 0
52702, 4076718, 0, 0, 0
52804, 4828951, 0, 0, 0
52900, 4973827, 0, 0, 0
53001, 4997222, 0, 0, 0
53101, 4563917, 0, 0, 0
53200, 4334542, 0, 0, 0
53304, 5323445, 0, 0, 0
53401, 4325338, 0, 0, 0
53503, 4460880, 0, 0, 0
53601, 4217435, 0, 0, 0
53700, 4411319, 0, 0, 0
53800, 4854645, 0, 0, 0
53903, 4509419, 0, 0, 0
54002, 4326451, 0, 0, 0
54102, 4851375, 0, 0, 0
54201, 4390669, 0, 0, 0
54301, 4061910, 0, 0, 0
54402, 4969865, 0, 0, 0
54503, 4472375, 0, 0, 0
54604, 4401322, 0, 0, 0
54700, 4432894, 0, 0, 0
54801, 4351625, 0, 0, 0
54900, 3849311, 0, 0, 0
55003, 4591047, 0, 0, 0
55101, 5221692, 0, 0, 0
55201, 4909929, 0, 0, 0
55301, 5162142, 0, 0, 0
55403, 4209118, 0, 0, 0
55505, 5225588, 0, 0, 0
55603, 4476780, 0, 0, 0
55701, 4696158, 0, 0, 0
55800, 4518586, 0, 0, 0
55903, 4539230, 0, 0, 0
56000, 4024154, 0, 0, 0
56100, 4182055, 0, 0, 0
56200, 4765069, 0, 0, 0
56301, 4736519, 0, 0, 0
56400, 4947668, 0, 0, 0
56501, 4866418, 0, 0, 0
56600, 3882141, 0, 0, 0
56704, 4813334, 0, 0, 0
56803, 4504274, 0, 0, 0
56900, 4330610, 0, 0, 0
57001, 4447129, 0, 0, 0
57101, 4179484, 0, 0, 0
57201, 4219584, 0, 0, 0
57300, 4484715, 0, 0, 0
57400, 4947287, 0, 0, 0
57502, 4893545, 0, 0, 0
57602, 4079780, 0, 0, 0
57702, 4557946, 0, 0, 0
57803, 4243250, 0, 0, 0
57901, 4630639, 0, 0, 0
58002, 4740295, 0, 0, 0
58101, 4273761, 0, 0, 0
58204, 4807242, 0, 0, 0
58300, 4281221, 0, 0, 0
58402, 4273384, 0, 0, 0
58500, 4386718, 0, 0, 0
58604, 4343467, 0, 0, 0
58700, 4630588, 0, 0, 0
58801, 4961256, 0, 0, 0
58903, 4446266, 0, 0, 0
59001, 4791794, 0, 0, 0
59100, 4396374, 0, 0, 0
59202, 4132685, 0, 0, 0
59302, 4452842, 0, 0, 0
59400, 5311785, 0, 0, 0
59501, 4677523, 0, 0, 0
59603, 4868276, 0, 0, 0
59701, 4965309, 0, 0, 0
59800, 4439448, 0, 0, 0
59903, 4435735, 0, 0, 0
60000, 4551775, 0, 0, 0
60102, 4925579, 0, 0, 0
60201, 4347800, 0, 0, 0
60303, 4509301, 0, 0, 0
60400, 4783100, 0, 0, 0
60504, 4382435, 0, 0, 0
60600, 4598448, 0, 0, 0
60703, 4228449, 0, 0, 0
60802, 4323425, 0, 0, 0
60903, 4797176, 0, 0, 0
61003, 4134817, 0, 0, 0
61100, 4899281, 0, 0, 0
61202, 4596732, 0, 0, 0
61302, 4488183, 0, 0, 0
61402, 4421022, 0, 0, 0
61500, 4392267, 0, 0, 0
61601, 4473898, 0, 0, 0
61700, 3965649, 0, 0, 0
61801, 5318306, 0, 0, 0
61900, 4984842, 0, 0, 0
62001, 4937276, 0, 0, 0
62100, 5164365, 0, 0, 0
62201, 5134222, 0, 0, 0
62300, 4067903, 0, 0, 0
62402, 4674448, 0, 0, 0
62501, 4370251, 0, 0, 0
62603, 4277094, 0, 0, 0
62700, 5163674, 0, 0, 0
62802, 4696542, 0, 0, 0
62900, 5198352, 0, 0, 0
63001, 4643845, 0, 0, 0
63103, 4326034, 0, 0, 0
63201, 4324666, 0, 0, 0
63300, 4479368, 0, 0, 0
63400, 4482610, 0, 0, 0
63501, 4413283, 0, 0, 0
63601, 4756766, 0, 0, 0
63700, 4849184, 0, 0, 0
63800, 4280362, 0, 0, 0
63901, 4255652, 0, 0, 0
64002, 5020958, 0, 0, 0
64101, 4368061, 0, 0, 0
64204, 4802645, 0, 0, 0
64301, 4253244, 0, 0, 0
64402, 4726069, 0, 0, 0
64503, 4432720, 0, 0, 0
64600, 4297533, 0, 0, 0
64704, 4133430, 0, 0, 0
64800, 4355759, 0, 0, 0
64906, 4712005, 0, 0, 0
65001, 4823188, 0, 0, 0
65102, 4349421, 0, 0, 0
65200, 4073565, 0, 0, 0
65303, 4587073, 0, 0, 0
65400, 4352876, 0, 0, 0
65502, 4608387, 0, 0, 0
65600, 4292135, 0, 0, 0
65701, 4293821, 0, 0, 0
65801, 4064405, 0, 0, 0
65902, 4370735, 0, 0, 0
66001, 4043453, 0, 0, 0
66103, 4417901, 0, 0, 0
66203, 4539418, 0, 0, 0
66301, 4799848, 0, 0, 0
66401, 4168724, 0, 0, 0
66500, 4861683, 0, 0, 0
66600, 5167234, 0, 0, 0
66700, 4616125, 0, 0, 0
66800, 4170234, 0, 0, 0
66903, 4931383, 0, 0, 0
67004, 5325760, 0, 0, 0
67100, 4714074, 0, 0, 0
67201, 5233553, 0, 0, 0
67303, 4753741, 0, 0, 0
67402, 4908654, 0, 0, 0
67500, 4587948, 0, 0, 0
67601, 4576701, 0, 0, 0
67700, 4197902, 0, 0, 0
67800, 4463901, 0, 0, 0
67900, 4866512, 0, 0, 0
68000, 4519959, 0, 0, 0
68100, 4649443, 0, 0, 0
68201, 5119357, 0, 0, 0
68300, 4412093, 0, 0, 0
68403, 4757041, 0, 0, 0
68501, 4656753, 0, 0, 0
68601, 4246523, 0, 0, 0
68702, 4873664, 0, 0, 0
68801, 4337072, 0, 0, 0
68902, 5462123, 0, 0, 0
69002, 4852767, 0, 0, 0
69100, 4481710, 0, 0, 0
69202, 4142901, 0, 0, 0
69300, 4503091, 0, 0, 0
69400, 5127339, 0, 0, 0
69501, 4406836, 0, 0, 0
69601, 4917488, 0, 0, 0
69701, 4827824, 0, 0, 0
69800, 4579578, 0, 0, 0
69900, 4264217, 0, 0, 0
70004, 4424152, 0, 0, 0
70101, 4251267, 0, 0, 0
70200, 4607447, 0, 0, 0
70303, 4534027, 0, 0, 0
70404, 3864458, 0, 0, 0
70500, 4180058, 0, 0, 0
70602, 4933816, 0, 0, 0
70701, 3887675, 0, 0, 0
70800, 4240915, 0, 0, 0
70900, 4914737, 0, 0, 0
71004, 4306037, 0, 0, 0
71106, 5341346, 0, 0, 0
71202, 4488896, 0, 0, 0
71300, 3888138, 0, 0, 0
71401, 4746476, 0, 0, 0
71501, 4380981, 0, 0, 0
71600, 4905069, 0, 0, 0
71701, 4548070, 0, 0, 0
71803, 4726811, 0, 0, 0
71900, 4509913, 0, 0, 0
72003, 5144359, 0, 0, 0
72101, 4195689, 0, 0, 0
72201, 4399412, 0, 0, 0
72300, 4700292, 0, 0, 0
72402, 4553381, 0, 0, 0
72500, 5071406, 0, 0, 0
72600, 4922973, 0, 0, 0
72704, 4516116, 0, 0, 0
72800, 4780620, 0, 0, 0
72903, 5166066, 0, 0, 0
73001, 4434782, 0, 0, 0
73101, 5249808, 0, 0, 0
73202, 3954782, 0, 0, 0
73301, 4604807, 0, 0, 0
73401, 4325589, 0, 0, 0
73501, 4593111, 0, 0, 0
73601, 5572230, 0, 0, 0
73701, 4913306, 0, 0, 0
73800, 4722757, 0, 0, 0
73900, 5198556, 0, 0, 0
74000, 4151861, 0, 0, 0
74100, 4595619, 0, 0, 0
74201, 5216489, 0, 0, 0
74303, 4359901, 0, 0, 0
74402, 5214651, 0, 0, 0
74501, 4024668, 0, 0, 0
74600, 4714818, 0, 0, 0
74700, 4373518, 0, 0, 0
74800, 4210163, 0, 0, 0
74904, 4162754, 0, 0, 0
75000, 4684386, 0, 0, 0
75100, 4633872, 0, 0, 0
75200, 4472173, 0, 0, 0
75302, 4032793, 0, 0, 0
75402, 4770055, 0, 0, 0
75500, 5093879, 0, 0, 0
75604, 4564040, 0, 0, 0
75701, 4572669, 0, 0, 0
75802, 4526004, 0, 0, 0
75900, 5402735, 0, 0, 0
76002, 4819870, 0, 0, 0
76100, 4991215, 0, 0, 0
76202, 4570553, 0, 0, 0
76300, 4521674, 0, 0, 0
76400, 4533409, 0, 0, 0
76500, 3959915, 0, 0, 0
76600, 4697499, 0, 0, 0
76701, 4352003, 0, 0, 0
76800, 4719013, 0, 0, 0
76901, 4281388, 0, 0, 0
77001, 4229492, 0, 0, 0
77100, 4757607, 0, 0, 0
77200, 5156451, 0, 0, 0
77302, 4512642, 0, 0, 0
77400, 4233825, 0, 0, 0
77501, 4018812, 0, 0, 0
77603, 4945077, 0, 0, 0
77702, 4381898, 0, 0, 0
77804, 4185059, 0, 0, 0
77900, 4304168, 0, 0, 0
78002, 4020528, 0, 0, 0
78101, 4796658, 0, 0, 0
78202, 4841984, 0, 0, 0
78300, 4491482, 0, 0, 0
78401, 4488808, 0, 0, 0
78503, 4042445, 0, 0, 0
78601, 4345627, 0, 0, 0
78702, 4474748, 0, 0, 0
78804, 4632155, 0, 0, 0
78900, 5130234, 0, 0, 0
79000, 4571608, 0, 0, 0
79102, 4284751, 0, 0, 0
79200, 4437546, 0, 0, 0
79301, 3706211, 0, 0, 0
79400, 4278729, 0, 0, 0
79500, 4114710, 0, 0, 0
79602, 4882575, 0, 0, 0
79701, 4915598, 0, 0, 0
79801, 4217884, 0, 0, 0
79900, 4145624, 0, 0, 0
80000, 4104902, 0, 0, 0
80101, 3758359, 0, 0, 0
80201, 4260014, 0, 0, 0
80300, 4627486, 0, 0, 0
80402, 4687668, 0, 0, 0
80501, 4149540, 0, 0, 0
80600, 5240241, 0, 0, 0
80700, 4538249, 0, 0, 0
80802, 5046564, 0, 0, 0
80903, 4275536, 0, 0, 0
81001, 4626049, 0, 0, 0
81102, 4365470, 0, 0, 0
81203, 4888688, 0, 0, 0
81300, 4667240, 0, 0, 0
81400, 3878610, 0, 0, 0
81500, 4512889, 0, 0, 0
81601, 4643521, 0, 0, 0
81700, 4654731, 0, 0, 0
81801, 5261467, 0, 0, 0
81901, 4361470, 0, 0, 0
82000, 4044970, 0, 0, 0
82101, 4683562, 0, 0, 0
82203, 4395812, 0, 0, 0
82301, 4003598, 0, 0, 0
82402, 4204380, 0, 0, 0
82502, 4681713, 0, 0, 0
82604, 4805898, 0, 0, 0
82701, 4288930, 0, 0, 0
82800, 5345478, 0, 0, 0
82901, 4688688, 0, 0, 0
83003, 4067812, 0, 0, 0
83104, 4190000, 0, 0, 0
83204, 4293249, 0, 0, 0
83301, 4565856, 0, 0, 0
83402, 4173939, 0, 0, 0
83502, 5054037, 0, 0, 0
83602, 5246709, 0, 0, 0
83700, 4491898, 0, 0, 0
83800, 4710056, 0, 0, 0
83900, 4841653, 0, 0, 0
84002, 4888156, 0, 0, 0
84100, 4595104, 0, 0, 0
84200, 3993153, 0, 0, 0
84303, 4537013, 0, 0, 0
84400, 4943776, 0, 0, 0
84500, 5104836, 0, 0, 0
84600, 4280703, 0, 0, 0
84700, 4913979, 0, 0, 0
84803, 4020491, 0, 0, 0
84903, 4233212, 0, 0, 0
85001, 4572964, 0, 0, 0
85101, 4365654, 0, 0, 0
85200, 4772281, 0, 0, 0
85300, 4298373, 0, 0, 0
85403, 4531055, 0, 0, 0
85502, 4695654, 0, 0, 0
85602, 4026505, 0, 0, 0
85700, 4843113, 0, 0, 0
85802, 4382387, 0, 0, 0
85900, 5047646, 0, 0, 0
86000, 5104032, 0, 0, 0
86100, 4518279, 0, 0, 0
86201, 4704886, 0, 0, 0
86300, 4611900, 0, 0, 0
86404, 4663362, 0, 0, 0
86502, 4578782, 0, 0, 0
86600, 4287467, 0, 0, 0
86701, 4318440, 0, 0, 0
86802, 4275462, 0, 0, 0
86902, 4202697, 0, 0, 0
87004, 5081070, 0, 0, 0
87101, 4583432, 0, 0, 0
87200, 4344650, 0, 0, 0
87301, 4014798, 0, 0, 0
87401, 4773608, 0, 0, 0
87501, 4514144, 0, 0, 0
87600, 4441467, 0, 0, 0
87700, 4773209, 0, 0, 0
87803, 4550022, 0, 0, 0
87902, 4609122, 0, 0, 0
88000, 3986776, 0, 0, 0
88100, 5530671, 0, 0, 0
88200, 4472015, 0, 0, 0
88300, 4353909, 0, 0, 0
88403, 4584559, 0, 0, 0
88502, 4949707, 0, 0, 0
88602, 5045373, 0, 0, 0
88701, 4090084, 0, 0, 0
88801, 4671405, 0, 0, 0
88903, 4486395, 0, 0, 0
89001, 4718818, 0, 0, 0
89100, 4230851, 0, 0, 0
89201, 4928050, 0, 0, 0
89302, 4357394, 0, 0, 0
89403, 4042280, 0, 0, 0
89501, 4601337, 0, 0, 0
89600, 4243845, 0, 0, 0
89703, 5205500, 0, 0, 0
89804, 4512597, 0, 0, 0
89902, 3626910, 0, 0, 0
90002, 4927489, 0, 0, 0
90100, 3816236, 0, 0, 0
90201, 4709803, 0, 0, 0
90301, 5146819, 0, 0, 0
90402, 4161143, 0, 0, 0
90500, 4913202, 0, 0, 0
90600, 4274038, 0, 0, 0
90700, 4511324, 0, 0, 0
90802, 5048167, 0, 0, 0
90902, 4143106, 0, 0, 0
91001, 4399314, 0, 0, 0
91100, 4409594, 0, 0, 0
91201, 4939318, 0, 0, 0
91300, 3963845, 0, 0, 0
91402, 5191803, 0, 0, 0
91500, 4099493, 0, 0, 0
91603, 4631711, 0, 0, 0
91702, 4291493, 0, 0, 0
91801, 4968181, 0, 0, 0
91901, 5136375, 0, 0, 0
92002, 4462534, 0, 0, 0
92102, 4875963, 0, 0, 0
92200, 4313768, 0, 0, 0
92300, 4170454, 0, 0, 0
92401, 4722895, 0, 0, 0
92503, 5205608, 0, 0, 0
92600, 4603851, 0, 0, 0
92700, 4653546, 0, 0, 0
92800, 3858313, 0, 0, 0
92900, 4870880, 0, 0, 0
93000, 4431184, 0, 0, 0
93100, 4296177, 0, 0, 0
93200, 4410019, 0, 0, 0
93302, 4519916, 0, 0, 0
93401, 5598940, 0, 0, 0
93500, 4287336, 0, 0, 0
93601, 5380755, 0, 0, 0
93702, 4447845, 0, 0, 0
93801, 3894625, 0, 0, 0
93902, 4654194, 0, 0, 0
94002, 4278952, 0, 0, 0
94103, 4350594, 0, 0, 0
94201, 4315041, 0, 0, 0
94300, 4472318, 0, 0, 0
94401, 4509402, 0, 0, 0
94501, 4457916, 0, 0, 0
94606, 4081344, 0, 0, 0
94703, 4995286, 0, 0, 0
94800, 5064976, 0, 0, 0
94902, 5493704, 0, 0, 0
95001, 4692816, 0, 0, 0
95101, 4450195, 0, 0, 0
95202, 4208525, 0, 0, 0
95302, 4814879, 0, 0, 0
95400, 4409756, 0, 0, 0
95502, 4743502, 0, 0, 0
95604, 4794518, 0, 0, 0
95700, 4917078, 0, 0, 0
95800, 4426579, 0, 0, 0
95900, 4664989, 0, 0, 0
96002, 4480683, 0, 0, 0
96104, 4472266, 0, 0, 0
96205, 5090673, 0, 0, 0
96300, 4364532, 0, 0, 0
96400, 4505367, 0, 0, 0
96500, 5030159, 0, 0, 0
96600, 4168998, 0, 0, 0
96700, 4932163, 0, 0, 0
96803, 4800487, 0, 0, 0
96904, 5041687, 0, 0, 0
97000, 4509822, 0, 0, 0
97100, 4575891, 0, 0, 0
97201, 4647788, 0, 0, 0
97300, 4090014, 0, 0, 0
97401, 5729113, 0, 0, 0
97502, 4409959, 0, 0, 0
97600, 4825086, 0, 0, 0
97701, 5065388, 0, 0, 0
97804, 4531264, 0, 0, 0
97901, 4920317, 0, 0, 0
98000, 4549306, 0, 0, 0
98100, 5182900, 0, 0, 0
98201, 4199772, 0, 0, 0
98301, 4779690, 0, 0, 0
98400, 5247741, 0, 0, 0
98502, 5038279, 0, 0, 0
98600, 4460123, 0, 0, 0
98702, 4155242, 0, 0, 0
98800, 4214998, 0, 0, 0
98900, 4517324, 0, 0, 0
99002, 4048851, 0, 0, 0
99103, 4848802, 0, 0, 0
99201, 4541637, 0, 0, 0
99301, 4069626, 0, 0, 0
99404, 4764828, 0, 0, 0
99500, 4710553, 0, 0, 0
99602, 4189022, 0, 0, 0
99704, 4099055, 0, 0, 0
99800, 4310270, 0, 0, 0
99900, 4507840, 0, 0, 0
100000, 4398947, 0, 0, 0
100102, 4587402, 0, 0, 0
100200, 4453451, 0, 0, 0
100300, 4762687, 0, 0, 0
100401, 5036593, 0, 0, 0
100501, 4630775, 0, 0, 0
100600, 4546932, 0, 0, 0
100701, 4175168, 0, 0, 0
100802, 4354514, 0, 0, 0
100901, 4426829, 0, 0, 0
101003, 4793094, 0, 0, 0
101100, 5204125, 0, 0, 0
101202, 4904970, 0, 0, 0
101301, 4257394, 0, 0, 0
101402, 4525802, 0, 0, 0
101500, 4623677, 0, 0, 0
101601, 4352812, 0, 0, 0
101700, 4206972, 0, 0, 0
101800, 4819265, 0, 0, 0
101902, 4781703, 0, 0, 0
102000, 5284107, 0, 0, 0
102100, 4760030, 0, 0, 0
102200, 4988789, 0, 0, 0
102302, 5217002, 0, 0, 0
102401, 4427599, 0, 0, 0
102501, 4327886, 0, 0, 0
102600, 5227904, 0, 0, 0
102701, 4583276, 0, 0, 0
102801, 5233636, 0, 0, 0
102900, 4445634, 0, 0, 0
103000, 4306783, 0, 0, 0
103103, 4991518, 0, 0, 0
103200, 5146370, 0, 0, 0
103302, 4489646, 0, 0, 0
103402, 4883029, 0, 0, 0
103500, 3711745, 0, 0, 0
103603, 5061285, 0, 0, 0
103701, 4625885, 0, 0, 0
103800, 4925350, 0, 0, 0
103902, 4685115, 0, 0, 0
104004, 4916105, 0, 0, 0
104101, 4990250, 0, 0, 0
104204, 4638349, 0, 0, 0
104303, 4383225, 0, 0, 0
104400, 4329599, 0, 0, 0
104500, 4299194, 0, 0, 0
104601, 5193864, 0, 0, 0
104702, 4584433, 0, 0, 0
104800, 4516610, 0, 0, 0
104902, 3872280, 0, 0, 0
105004, 4499011, 0, 0, 0
105101, 4258010, 0, 0, 0
105202, 4522780, 0, 0, 0
105302, 4101815, 0, 0, 0
105400, 4589900, 0, 0, 0
105502, 4580278, 0, 0, 0
105602, 4534250, 0, 0, 0
105705, 4060860, 0, 0, 0
105801, 4892684, 0, 0, 0
105902, 4452488, 0, 0, 0
106001, 4263057, 0, 0, 0
106100, 5292725, 0, 0, 0
106201, 4231714, 0, 0, 0
106302, 4520154, 0, 0, 0
106402, 4495049, 0, 0, 0
106502, 4945446, 0, 0, 0
106603, 4130565, 0, 0, 0
106702, 3938436, 0, 0, 0
106800, 4888954, 0, 0, 0
106902, 3747206, 0, 0, 0
107002, 4990766, 0, 0, 0
107101, 4185117, 0, 0, 0
107201, 4880661, 0, 0, 0
107300, 4467111, 0, 0, 0
107402, 4784474, 0, 0, 0
107503, 4377744, 0, 0, 0
107601, 5069565, 0, 0, 0
107700, 4724161, 0, 0, 0
107801, 4839511, 0, 0, 0
107901, 4847288, 0, 0, 0
108000, 3561080, 0, 0, 0
108104, 4903309, 0, 0, 0
108202, 4613387, 0, 0, 0
108300, 3905852, 0, 0, 0
108401, 4399420, 0, 0, 0
108502, 4219325, 0, 0, 0
108600, 5051792, 0, 0, 0
108701, 5528800, 0, 0, 0
108803, 4832533, 0, 0, 0
108901, 4321382, 0, 0, 0
109001, 4892015, 0, 0, 0
109102, 4554458, 0, 0, 0
109201, 4516273, 0, 0, 0
109300, 4163137, 0, 0, 0
109400, 4665770, 0, 0, 0
109500, 4112679, 0, 0, 0
109601, 4701945, 0, 0, 0
109700, 5102046, 0, 0, 0
109801, 4604192, 0, 0, 0
109903, 4516807, 0, 0, 0
110002, 5783177, 0, 0, 0
110102, 4696601, 0, 0, 0
110201, 4437847, 0, 0, 0
110300, 4110213, 0, 0, 0
110400, 4814637, 0, 0, 0
110500, 4616147, 0, 0, 0
110600, 4578661, 0, 0, 0
110702, 4753545, 0, 0, 0
110803, 4503127, 0, 0, 0
110906, 4835612, 0, 0, 0
111002, 4440777, 0, 0, 0
111104, 4940568, 0, 0, 0
111201, 5279287, 0, 0, 0
111303, 4418316, 0, 0, 0
111400, 4140656, 0, 0, 0
111500, 4176114, 0, 0, 0
111600, 4368030, 0, 0, 0
111703, 4157712, 0, 0, 0
111803, 5403402, 0, 0, 0
111901, 4484756, 0, 0, 0
112000, 4607437, 0, 0, 0
112100, 4098667, 0, 0, 0
112201, 4908073, 0, 0, 0
112300, 4347568, 0, 0, 0
112402, 4553321, 0, 0, 0
112500, 4237793, 0, 0, 0
112600, 4007209, 0, 0, 0
112703, 4337757, 0, 0, 0
112801, 4308856, 0, 0, 0
112900, 4163077, 0, 0, 0
113001, 4374815, 0, 0, 0
113100, 4728818, 0, 0, 0
113202, 4808433, 0, 0, 0
113302, 3642708, 0, 0, 0
113401, 3932987, 0, 0, 0
113504, 4539836, 0, 0, 0
113600, 4774970, 0, 0, 0
113700, 4212761, 0, 0, 0
113801, 4471246, 0, 0, 0
113903, 4343276, 0, 0, 0
114004, 4092074, 0, 0, 0
114103, 4849115, 0, 0, 0
114205, 4719156, 0, 0, 0
114303, 4679508, 0, 0, 0
114400, 4664980, 0, 0, 0
114500, 5414697, 0, 0, 0
114602, 4440881, 0, 0, 0
114700, 4968457, 0, 0, 0
114800, 5526743, 0, 0, 0
114901, 4781971, 0, 0, 0
115001, 4767371, 0, 0, 0
115101, 4856584, 0, 0, 0
115201, 4773191, 0, 0, 0
115301, 4739545, 0, 0, 0
115402, 4701465, 0, 0, 0
115501, 4914999, 0, 0, 0
115603, 4101717, 0, 0, 0
115704, 4455424, 0, 0, 0
115803, 5357083, 0, 0, 0
115902, 4512588, 0, 0, 0
116001, 4473660, 0, 0, 0
116101, 4519098, 0, 0, 0
116201, 4747908, 0, 0, 0
116302, 3790589, 0, 0, 0
116401, 4604365, 0, 0, 0
116503, 3876840, 0, 0, 0
116601, 4049854, 0, 0, 0
116701, 4313896, 0, 0, 0
116800, 4604527, 0, 0, 0
116900, 4641324, 0, 0, 0
117000, 4535688, 0, 0, 0
117102, 3927614, 0, 0, 0
117202, 5908333, 0, 0, 0
117300, 4316947, 0, 0, 0
117403, 4021061, 0, 0, 0
117500, 4140327, 0, 0, 0
117600, 4776961, 0, 0, 0
117700, 4459657, 0, 0, 0
117805, 3909786, 0, 0, 0
117901, 4632747, 0, 0, 0
118001, 5120334, 0, 0, 0
118104, 4142706, 0, 0, 0
118202, 4310053, 0, 0, 0
118301, 4826287, 0, 0, 0
118400, 4461676, 0, 0, 0
118500, 4529066, 0, 0, 0
118602, 4748820, 0, 0, 0
118701, 4257549, 0, 0, 0
118802, 5096280, 0, 0, 0
118906, 4417321, 0, 0, 0
119004, 4925907, 0, 0, 0
119100, 4592183, 0, 0, 0
119200, 5502883, 0, 0, 0
119301, 4570148, 0, 0, 0
119400, 4027348, 0, 0, 0
119502, 4736709, 0, 0, 0
119600, 4302435, 0, 0, 0
119700, 4631650, 0, 0, 0
119800, 4990664, 0, 0, 0
119905, 4470922, 0, 0, 0
120001, 4458585, 0, 0, 0
120003, 4660828, 0, 0, 0
