101, 6621, 0, 0, 0
204, 5804, 0, 0, 0
302, 5955, 0, 0, 0
402, 6764, 0, 0, 0
501, 6825, 0, 0, 0
601, 6448, 0, 0, 0
701, 5861, 0, 0, 0
801, 6238, 0, 0, 0
900, 6224, 0, 0, 0
1000, 5740, 0, 0, 0
1101, 6073, 0, 0, 0
1200, 6136, 0, 0, 0
1301, 5507, 0, 0, 0
1401, 4923, 0, 0, 0
1501, 5618, 0, 0, 0
1601, 5524, 0, 0, 0
1700, 5461, 0, 0, 0
1804, 5270, 0, 0, 0
1904, 6045, 0, 0, 0
2003, 5770, 0, 0, 0
2102, 6262, 0, 0, 0
2200, 6426, 0, 0, 0
2300, 5291, 0, 0, 0
2403, 6171, 0, 0, 0
2501, 6220, 0, 0, 0
2602, 6090, 0, 0, 0
2703, 5708, 0, 0, 0
2801, 5718, 0, 0, 0
2902, 5413, 0, 0, 0
3000, 6225, 0, 0, 0
3101, 5554, 0, 0, 0
3200, 5525, 0, 0, 0
3302, 6260, 0, 0, 0
3401, 6750, 0, 0, 0
3502, 7408, 0, 0, 0
3603, 5727, 0, 0, 0
3701, 5932, 0, 0, 0
3800, 6362, 0, 0, 0
3901, 6367, 0, 0, 0
4000, 5284, 0, 0, 0
4101, 5559, 0, 0, 0
4203, 6267, 0, 0, 0
4300, 6182, 0, 0, 0
4400, 6011, 0, 0, 0
4503, 5363, 0, 0, 0
4601, 6157, 0, 0, 0
4700, 5653, 0, 0, 0
4802, 5607, 0, 0, 0
4901, 5781, 0, 0, 0
5000, 5524, 0, 0, 0
5101, 5952, 0, 0, 0
5200, 6666, 0, 0, 0
5300, 5961, 0, 0, 0
5400, 5539, 0, 0, 0
5501, 5591, 0, 0, 0
5600, 6172, 0, 0, 0
5704, 6619, 0, 0, 0
5801, 6456, 0, 0, 0
5902, 6500, 0, 0, 0
6001, 5999, 0, 0, 0
6101, 5736, 0, 0, 0
6200, 6001, 0, 0, 0
6300, 6369, 0, 0, 0
6401, 6273, 0, 0, 0
6503, 6240, 0, 0, 0
6601, 6749, 0, 0, 0
6700, 6761, 0, 0, 0
6801, 6246, 0, 0, 0
6904, 6246, 0, 0, 0
7000, 6543, 0, 0, 0
7102, 6491, 0, 0, 0
7200, 6475, 0, 0, 0
7302, 6546, 0, 0, 0
7400, 6763, 0, 0, 0
7500, 6272, 0, 0, 0
7602, 7001, 0, 0, 0
7701, 6634, 0, 0, 0
7800, 6669, 0, 0, 0
7901, 6202, 0, 0, 0
8000, 6297, 0, 0, 0
8100, 6029, 0, 0, 0
8201, 5998, 0, 0, 0
8301, 6659, 0, 0, 0
8401, 6236, 0, 0, 0
8500, 5789, 0, 0, 0
8602, 5887, 0, 0, 0
8700, 5695, 0, 0, 0
8800, 5802, 0, 0, 0
8902, 5479, 0, 0, 0
9003, 6077, 0, 0, 0
9102, 6619, 0, 0, 0
9200, 6455, 0, 0, 0
9301, 6754, 0, 0, 0
9402, 6506, 0, 0, 0
9501, 6431, 0, 0, 0
9600, 6178, 0, 0, 0
9702, 5954, 0, 0, 0
9800, 6111, 0, 0, 0
9903, 5149, 0, 0, 0
10000, 4893, 0, 0, 0
10101, 5850, 0, 0, 0
10200, 5572, 0, 0, 0
10303, 5061, 0, 0, 0
10400, 5603, 0, 0, 0
10502, 4955, 0, 0, 0
10601, 5178, 0, 0, 0
10700, 5348, 0, 0, 0
10806, 4922, 0, 0, 0
10900, 5733, 0, 0, 0
11004, 5681, 0, 0, 0
11102, 5437, 0, 0, 0
11201, 5959, 0, 0, 0
11300, 5511, 0, 0, 0
11400, 5418, 0, 0, 0
11502, 5662, 0, 0, 0
11600, 6022, 0, 0, 0
11701, 5678, 0, 0, 0
11802, 5272, 0, 0, 0
11900, 5083, 0, 0, 0
12001, 6083, 0, 0, 0
12101, 5710, 0, 0, 0
12201, 5868, 0, 0, 0
12301, 5717, 0, 0, 0
12401, 5464, 0, 0, 0
12503, 5697, 0, 0, 0
12603, 5973, 0, 0, 0
12701, 5424, 0, 0, 0
12803, 5537, 0, 0, 0
12900, 5003, 0, 0, 0
13003, 5657, 0, 0, 0
13102, 5949, 0, 0, 0
13202, 6583, 0, 0, 0
13300, 6196, 0, 0, 0
13404, 6016, 0, 0, 0
13503, 6765, 0, 0, 0
13600, 6218, 0, 0, 0
13700, 5759, 0, 0, 0
13800, 5163, 0, 0, 0
13902, 5212, 0, 0, 0
14004, 5893, 0, 0, 0
14102, 5935, 0, 0, 0
14200, 5891, 0, 0, 0
14305, 5656, 0, 0, 0
14400, 6080, 0, 0, 0
14501, 5330, 0, 0, 0
14603, 5914, 0, 0, 0
14701, 5854, 0, 0, 0
14802, 6315, 0, 0, 0
14902, 6320, 0, 0, 0
15001, 6290, 0, 0, 0
15102, 6422, 0, 0, 0
15200, 6357, 0, 0, 0
15302, 6016, 0, 0, 0
15400, 6145, 0, 0, 0
15501, 5516, 0, 0, 0
15603, 5486, 0, 0, 0
15700, 5557, 0, 0, 0
15802, 5888, 0, 0, 0
15900, 5873, 0, 0, 0
16000, 5348, 0, 0, 0
16101, 6355, 0, 0, 0
16201, 6370, 0, 0, 0
16303, 6622, 0, 0, 0
16405, 7061, 0, 0, 0
16501, 6942, 0, 0, 0
16602, 6212, 0, 0, 0
16700, 6098, 0, 0, 0
16802, 5976, 0, 0, 0
16900, 5653, 0, 0, 0
17000, 5641, 0, 0, 0
17101, 6431, 0, 0, 0
17201, 6521, 0, 0, 0
17302, 6183, 0, 0, 0
17400, 6515, 0, 0, 0
17501, 5976, 0, 0, 0
17601, 5408, 0, 0, 0
17702, 5632, 0, 0, 0
17800, 5772, 0, 0, 0
17901, 6485, 0, 0, 0
18001, 6087, 0, 0, 0
18100, 5837, 0, 0, 0
18202, 6166, 0, 0, 0
18300, 6331, 0, 0, 0
18402, 5856, 0, 0, 0
18500, 5880, 0, 0, 0
18602, 6288, 0, 0, 0
18701, 5922, 0, 0, 0
18802, 6518, 0, 0, 0
18902, 6287, 0, 0, 0
19002, 6185, 0, 0, 0
19101, 6518, 0, 0, 0
19200, 6378, 0, 0, 0
19301, 6064, 0, 0, 0
19403, 5694, 0, 0, 0
19501, 5329, 0, 0, 0
19601, 6133, 0, 0, 0
19701, 6935, 0, 0, 0
19803, 6746, 0, 0, 0
19904, 6848, 0, 0, 0
20001, 6757, 0, 0, 0
20101, 6381, 0, 0, 0
20200, 6900, 0, 0, 0
20301, 6212, 0, 0, 0
20402, 6397, 0, 0, 0
20502, 6193, 0, 0, 0
20602, 6100, 0, 0, 0
20702, 6563, 0, 0, 0
20801, 5880, 0, 0, 0
20901, 6636, 0, 0, 0
21001, 5674, 0, 0, 0
21100, 5331, 0, 0, 0
21200, 5646, 0, 0, 0
21301, 5871, 0, 0, 0
21400, 5924, 0, 0, 0
21502, 5728, 0, 0, 0
21602, 6068, 0, 0, 0
21701, 5891, 0, 0, 0
21803, 5604, 0, 0, 0
21902, 5914, 0, 0, 0
22001, 5729, 0, 0, 0
22101, 5598, 0, 0, 0
22201, 5850, 0, 0, 0
22302, 6236, 0, 0, 0
22402, 6083, 0, 0, 0
22500, 5791, 0, 0, 0
22600, 5686, 0, 0, 0
22700, 5693, 0, 0, 0
22800, 5393, 0, 0, 0
22902, 5122, 0, 0, 0
23001, 5359, 0, 0, 0
23102, 5467, 0, 0, 0
23200, 5728, 0, 0, 0
23303, 5823, 0, 0, 0
23401, 6069, 0, 0, 0
23502, 5489, 0, 0, 0
23603, 5467, 0, 0, 0
23703, 5830, 0, 0, 0
23801, 5767, 0, 0, 0
23900, 5108, 0, 0, 0
24001, 5535, 0, 0, 0
24100, 5584, 0, 0, 0
24203, 5678, 0, 0, 0
24301, 5639, 0, 0, 0
24400, 5934, 0, 0, 0
24500, 6020, 0, 0, 0
24602, 5918, 0, 0, 0
24703, 6012, 0, 0, 0
24802, 6250, 0, 0, 0
24901, 6428, 0, 0, 0
25001, 6295, 0, 0, 0
25106, 6378, 0, 0, 0
25200, 6099, 0, 0, 0
25300, 6210, 0, 0, 0
25401, 6050, 0, 0, 0
25500, 6303, 0, 0, 0
25601, 6071, 0, 0, 0
25702, 5976, 0, 0, 0
25804, 5767, 0, 0, 0
25902, 5621, 0, 0, 0
26000, 5846, 0, 0, 0
26102, 6635, 0, 0, 0
26203, 6454, 0, 0, 0
26302, 6056, 0, 0, 0
26400, 5853, 0, 0, 0
26505, 5927, 0, 0, 0
26603, 6838, 0, 0, 0
26703, 6393, 0, 0, 0
26802, 5834, 0, 0, 0
26901, 6016, 0, 0, 0
27000, 5918, 0, 0, 0
27100, 5722, 0, 0, 0
27200, 6023, 0, 0, 0
27301, 5501, 0, 0, 0
27400, 4647, 0, 0, 0
27500, 5924, 0, 0, 0
27602, 6012, 0, 0, 0
27700, 5261, 0, 0, 0
27803, 5970, 0, 0, 0
27901, 5815, 0, 0, 0
28000, 6170, 0, 0, 0
28100, 6275, 0, 0, 0
28200, 6475, 0, 0, 0
28302, 6094, 0, 0, 0
28402, 6106, 0, 0, 0
28503, 6079, 0, 0, 0
28600, 6057, 0, 0, 0
28703, 6345, 0, 0, 0
28801, 6023, 0, 0, 0
28900, 5913, 0, 0, 0
29002, 5977, 0, 0, 0
29100, 5363, 0, 0, 0
29201, 6886, 0, 0, 0
29300, 6063, 0, 0, 0
29403, 6578, 0, 0, 0
29502, 6007, 0, 0, 0
29600, 5506, 0, 0, 0
29701, 5753, 0, 0, 0
29801, 5528, 0, 0, 0
29902, 5401, 0, 0, 0
30002, 5886, 0, 0, 0
30102, 6137, 0, 0, 0
30200, 5932, 0, 0, 0
30302, 5581, 0, 0, 0
30401, 5993, 0, 0, 0
30501, 6155, 0, 0, 0
30601, 6047, 0, 0, 0
30701, 5910, 0, 0, 0
30800, 7026, 0, 0, 0
30900, 6036, 0, 0, 0
31001, 5857, 0, 0, 0
31102, 6297, 0, 0, 0
31201, 6163, 0, 0, 0
31302, 6228, 0, 0, 0
31402, 6278, 0, 0, 0
31501, 5831, 0, 0, 0
31601, 5833, 0, 0, 0
31702, 5940, 0, 0, 0
31800, 5976, 0, 0, 0
31900, 6066, 0, 0, 0
32000, 6120, 0, 0, 0
32102, 5615, 0, 0, 0
32201, 6146, 0, 0, 0
32301, 5798, 0, 0, 0
32403, 6491, 0, 0, 0
32504, 5859, 0, 0, 0
32601, 6114, 0, 0, 0
32701, 6261, 0, 0, 0
32801, 5818, 0, 0, 0
32902, 5932, 0, 0, 0
33000, 5295, 0, 0, 0
33100, 5924, 0, 0, 0
33200, 5838, 0, 0, 0
33301, 5720, 0, 0, 0
33403, 6437, 0, 0, 0
33502, 6157, 0, 0, 0
33602, 5915, 0, 0, 0
33702, 5867, 0, 0, 0
33802, 5694, 0, 0, 0
33904, 6041, 0, 0, 0
34001, 6272, 0, 0, 0
34100, 6179, 0, 0, 0
34201, 5859, 0, 0, 0
34302, 6138, 0, 0, 0
34403, 5790, 0, 0, 0
34500, 6330, 0, 0, 0
34602, 6075, 0, 0, 0
34700, 5873, 0, 0, 0
34803, 5836, 0, 0, 0
34900, 6189, 0, 0, 0
35002, 5999, 0, 0, 0
35101, 6057, 0, 0, 0
35202, 6280, 0, 0, 0
35301, 5843, 0, 0, 0
35401, 5711, 0, 0, 0
35500, 6053, 0, 0, 0
35602, 5671, 0, 0, 0
35700, 6621, 0, 0, 0
35801, 6392, 0, 0, 0
35900, 6219, 0, 0, 0
36000, 5830, 0, 0, 0
36101, 6046, 0, 0, 0
36203, 6251, 0, 0, 0
36301, 5968, 0, 0, 0
36400, 5450, 0, 0, 0
36502, 6728, 0, 0, 0
36602, 6766, 0, 0, 0
36700, 5401, 0, 0, 0
36801, 5856, 0, 0, 0
36901, 6200, 0, 0, 0
37002, 5836, 0, 0, 0
37102, 6124, 0, 0, 0
37202, 5720, 0, 0, 0
37302, 5755, 0, 0, 0
37400, 5603, 0, 0, 0
37502, 5156, 0, 0, 0
37602, 5594, 0, 0, 0
37701, 5783, 0, 0, 0
37802, 6115, 0, 0, 0
37902, 6201, 0, 0, 0
38000, 5663, 0, 0, 0
38102, 5813, 0, 0, 0
38202, 6114, 0, 0, 0
38303, 5664, 0, 0, 0
38400, 5029, 0, 0, 0
38501, 5822, 0, 0, 0
38602, 6359, 0, 0, 0
38702, 6535, 0, 0, 0
38801, 5969, 0, 0, 0
38901, 5726, 0, 0, 0
39000, 5934, 0, 0, 0
39101, 6188, 0, 0, 0
39201, 6417, 0, 0, 0
39301, 6194, 0, 0, 0
39400, 5126, 0, 0, 0
39501, 5951, 0, 0, 0
39601, 4868, 0, 0, 0
39703, 5321, 0, 0, 0
39800, 6010, 0, 0, 0
39902, 5961, 0, 0, 0
40003, 5970, 0, 0, 0
40101, 5820, 0, 0, 0
40201, 6066, 0, 0, 0
40301, 6259, 0, 0, 0
40401, 6395, 0, 0, 0
40500, 6319, 0, 0, 0
40600, 5907, 0, 0, 0
40700, 5831, 0, 0, 0
40802, 5685, 0, 0, 0
40901, 5802, 0, 0, 0
41002, 5652, 0, 0, 0
41102, 5366, 0, 0, 0
41204, 5676, 0, 0, 0
41307, 5460, 0, 0, 0
41400, 5630, 0, 0, 0
41501, 5611, 0, 0, 0
41600, 5726, 0, 0, 0
41700, 5661, 0, 0, 0
41801, 6068, 0, 0, 0
41900, 5864, 0, 0, 0
42000, 5799, 0, 0, 0
42100, 5733, 0, 0, 0
42200, 4942, 0, 0, 0
42302, 5668, 0, 0, 0
42402, 6019, 0, 0, 0
42500, 6243, 0, 0, 0
42601, 5534, 0, 0, 0
42701, 5807, 0, 0, 0
42802, 5951, 0, 0, 0
42900, 5954, 0, 0, 0
43002, 5521, 0, 0, 0
43102, 5691, 0, 0, 0
43201, 6781, 0, 0, 0
43301, 5723, 0, 0, 0
43401, 5848, 0, 0, 0
43501, 5781, 0, 0, 0
43602, 5593, 0, 0, 0
43706, 5628, 0, 0, 0
43800, 5338, 0, 0, 0
43902, 5844, 0, 0, 0
44001, 6024, 0, 0, 0
44102, 5663, 0, 0, 0
44201, 5975, 0, 0, 0
44301, 5814, 0, 0, 0
44401, 6267, 0, 0, 0
44500, 5945, 0, 0, 0
44603, 5431, 0, 0, 0
44702, 5255, 0, 0, 0
44800, 5860, 0, 0, 0
44901, 5786, 0, 0, 0
45002, 5616, 0, 0, 0
45102, 6098, 0, 0, 0
45200, 5800, 0, 0, 0
45303, 6028, 0, 0, 0
45401, 5901, 0, 0, 0
45501, 6065, 0, 0, 0
45600, 6024, 0, 0, 0
45703, 5893, 0, 0, 0
45802, 5623, 0, 0, 0
45903, 6057, 0, 0, 0
46003, 6135, 0, 0, 0
46101, 5796, 0, 0, 0
46202, 5651, 0, 0, 0
46300, 5792, 0, 0, 0
46400, 5791, 0, 0, 0
46504, 6053, 0, 0, 0
46602, 6278, 0, 0, 0
46701, 6436, 0, 0, 0
46801, 6577, 0, 0, 0
46903, 5878, 0, 0, 0
47001, 6199, 0, 0, 0
47100, 5704, 0, 0, 0
47203, 7015, 0, 0, 0
47300, 6736, 0, 0, 0
47401, 6893, 0, 0, 0
47500, 6813, 0, 0, 0
47600, 7196, 0, 0, 0
47701, 6701, 0, 0, 0
47801, 6400, 0, 0, 0
47900, 5666, 0, 0, 0
48000, 6073, 0, 0, 0
48100, 6113, 0, 0, 0
48201, 6520, 0, 0, 0
48300, 6310, 0, 0, 0
48400, 5688, 0, 0, 0
48501, 6630, 0, 0, 0
48602, 6447, 0, 0, 0
48706, 6564, 0, 0, 0
48801, 6022, 0, 0, 0
48901, 6178, 0, 0, 0
49002, 6199, 0, 0, 0
49101, 6255, 0, 0, 0
49201, 5839, 0, 0, 0
49300, 6307, 0, 0, 0
49401, 6385, 0, 0, 0
49501, 6000, 0, 0, 0
49602, 6633, 0, 0, 0
49702, 6056, 0, 0, 0
49800, 6180, 0, 0, 0
49901, 5817, 0, 0, 0
50001, 5959, 0, 0, 0
50103, 5700, 0, 0, 0
50200, 6311, 0, 0, 0
50300, 5902, 0, 0, 0
50400, 5214, 0, 0, 0
50505, 6010, 0, 0, 0
50601, 5696, 0, 0, 0
50701, 6328, 0, 0, 0
50802, 6384, 0, 0, 0
50902, 6395, 0, 0, 0
51001, 5711, 0, 0, 0
51101, 5793, 0, 0, 0
51201, 5736, 0, 0, 0
51303, 5077, 0, 0, 0
51402, 5276, 0, 0, 0
51500, 5668, 0, 0, 0
51600, 5558, 0, 0, 0
51702, 5430, 0, 0, 0
51801, 5399, 0, 0, 0
51902, 5285, 0, 0, 0
52006, 5242, 0, 0, 0
52100, 5376, 0, 0, 0
52200, 5750, 0, 0, 0
52300, 5557, 0, 0, 0
52401, 5358, 0, 0, 0
52500, 5918, 0, 0, 0
52602, 5851, 0, 0, 0
52703, 5848, 0, 0, 0
52800, 6135, 0, 0, 0
52902, 5904, 0, 0, 0
53000, 5485, 0, 0, 0
53100, 5840, 0, 0, 0
53201, 5024, 0, 0, 0
53300, 5603, 0, 0, 0
53401, 5671, 0, 0, 0
53501, 5929, 0, 0, 0
53601, 5733, 0, 0, 0
53702, 5992, 0, 0, 0
53800, 5115, 0, 0, 0
53900, 5747, 0, 0, 0
54000, 5505, 0, 0, 0
54102, 5742, 0, 0, 0
54201, 5714, 0, 0, 0
54301, 5182, 0, 0, 0
54401, 5811, 0, 0, 0
54500, 5853, 0, 0, 0
54600, 6105, 0, 0, 0
54700, 6141, 0, 0, 0
54802, 6089, 0, 0, 0
54900, 5542, 0, 0, 0
55002, 5945, 0, 0, 0
55101, 5694, 0, 0, 0
55201, 6086, 0, 0, 0
55304, 6393, 0, 0, 0
55402, 5346, 0, 0, 0
55501, 5885, 0, 0, 0
55600, 5476, 0, 0, 0
55701, 6139, 0, 0, 0
55800, 5240, 0, 0, 0
55901, 5362, 0, 0, 0
56002, 5459, 0, 0, 0
56102, 5763, 0, 0, 0
56200, 6659, 0, 0, 0
56300, 6010, 0, 0, 0
56400, 6038, 0, 0, 0
56500, 5896, 0, 0, 0
56600, 5913, 0, 0, 0
56702, 6618, 0, 0, 0
56800, 5970, 0, 0, 0
56902, 6638, 0, 0, 0
57000, 6708, 0, 0, 0
57102, 5925, 0, 0, 0
57200, 6038, 0, 0, 0
57300, 6647, 0, 0, 0
57402, 6382, 0, 0, 0
57501, 6686, 0, 0, 0
57603, 6423, 0, 0, 0
57701, 5562, 0, 0, 0
57802, 5844, 0, 0, 0
57901, 5245, 0, 0, 0
58000, 5321, 0, 0, 0
58101, 5832, 0, 0, 0
58200, 4851, 0, 0, 0
58302, 5388, 0, 0, 0
58402, 5094, 0, 0, 0
58502, 4973, 0, 0, 0
58600, 5286, 0, 0, 0
58702, 5973, 0, 0, 0
58801, 6269, 0, 0, 0
58902, 5758, 0, 0, 0
59000, 5673, 0, 0, 0
59102, 5802, 0, 0, 0
59201, 5466, 0, 0, 0
59302, 4923, 0, 0, 0
59403, 5077, 0, 0, 0
59503, 4858, 0, 0, 0
59600, 5593, 0, 0, 0
59701, 5309, 0, 0, 0
59803, 5846, 0, 0, 0
59900, 5837, 0, 0, 0
60000, 5410, 0, 0, 0
60100, 5509, 0, 0, 0
60201, 6539, 0, 0, 0
60302, 5684, 0, 0, 0
60403, 5829, 0, 0, 0
60501, 5851, 0, 0, 0
60604, 5583, 0, 0, 0
60700, 5870, 0, 0, 0
60800, 6020, 0, 0, 0
60907, 5620, 0, 0, 0
61004, 6049, 0, 0, 0
61101, 6016, 0, 0, 0
61202, 5715, 0, 0, 0
61300, 4991, 0, 0, 0
61401, 6129, 0, 0, 0
61501, 6438, 0, 0, 0
61601, 7146, 0, 0, 0
61700, 6597, 0, 0, 0
61801, 5985, 0, 0, 0
61900, 5984, 0, 0, 0
62000, 5727, 0, 0, 0
62101, 5563, 0, 0, 0
62200, 6220, 0, 0, 0
62300, 6483, 0, 0, 0
62402, 6566, 0, 0, 0
62500, 6242, 0, 0, 0
62600, 5841, 0, 0, 0
62701, 5093, 0, 0, 0
62801, 6531, 0, 0, 0
62901, 5644, 0, 0, 0
63001, 6063, 0, 0, 0
63102, 6336, 0, 0, 0
63200, 6658, 0, 0, 0
63301, 6244, 0, 0, 0
63402, 5689, 0, 0, 0
63503, 6041, 0, 0, 0
63602, 5674, 0, 0, 0
63702, 5660, 0, 0, 0
63803, 5356, 0, 0, 0
63905, 5617, 0, 0, 0
64000, 5784, 0, 0, 0
64101, 5853, 0, 0, 0
64200, 5071, 0, 0, 0
64301, 5383, 0, 0, 0
64402, 5554, 0, 0, 0
64501, 5815, 0, 0, 0
64600, 5562, 0, 0, 0
64701, 5120, 0, 0, 0
64801, 5590, 0, 0, 0
64902, 5462, 0, 0, 0
65000, 6055, 0, 0, 0
65104, 5761, 0, 0, 0
65202, 6156, 0, 0, 0
65302, 6652, 0, 0, 0
65401, 6997, 0, 0, 0
65500, 6616, 0, 0, 0
65601, 6656, 0, 0, 0
65702, 6596, 0, 0, 0
65800, 6715, 0, 0, 0
65900, 5715, 0, 0, 0
66003, 5541, 0, 0, 0
66100, 5868, 0, 0, 0
66201, 5647, 0, 0, 0
66305, 6681, 0, 0, 0
66402, 6315, 0, 0, 0
66500, 5771, 0, 0, 0
66602, 6274, 0, 0, 0
66701, 5701, 0, 0, 0
66802, 6086, 0, 0, 0
66902, 6145, 0, 0, 0
67002, 5736, 0, 0, 0
67100, 6019, 0, 0, 0
67202, 5778, 0, 0, 0
67300, 5803, 0, 0, 0
67400, 5898, 0, 0, 0
67501, 5799, 0, 0, 0
67600, 5465, 0, 0, 0
67702, 5594, 0, 0, 0
67802, 6006, 0, 0, 0
67900, 5873, 0, 0, 0
68001, 6457, 0, 0, 0
68100, 5836, 0, 0, 0
68200, 5959, 0, 0, 0
68303, 5788, 0, 0, 0
68400, 6615, 0, 0, 0
68501, 6242, 0, 0, 0
68602, 5556, 0, 0, 0
68703, 5523, 0, 0, 0
68802, 5715, 0, 0, 0
68900, 6358, 0, 0, 0
69001, 6611, 0, 0, 0
69101, 6143, 0, 0, 0
69200, 6289, 0, 0, 0
69300, 5523, 0, 0, 0
69401, 5665, 0, 0, 0
69500, 5716, 0, 0, 0
69601, 6361, 0, 0, 0
69702, 5999, 0, 0, 0
69800, 6933, 0, 0, 0
69903, 7577, 0, 0, 0
70000, 5886, 0, 0, 0
70101, 6038, 0, 0, 0
70203, 6077, 0, 0, 0
70301, 5259, 0, 0, 0
70400, 4938, 0, 0, 0
70500, 5621, 0, 0, 0
70602, 5286, 0, 0, 0
70700, 5604, 0, 0, 0
70802, 5803, 0, 0, 0
70903, 5516, 0, 0, 0
71002, 5544, 0, 0, 0
71102, 6017, 0, 0, 0
71202, 4982, 0, 0, 0
71302, 5476, 0, 0, 0
71401, 5641, 0, 0, 0
71501, 5072, 0, 0, 0
71605, 5593, 0, 0, 0
71701, 5077, 0, 0, 0
71803, 5413, 0, 0, 0
71900, 5579, 0, 0, 0
72002, 5767, 0, 0, 0
72102, 5258, 0, 0, 0
72200, 5719, 0, 0, 0
72300, 5492, 0, 0, 0
72402, 5696, 0, 0, 0
72501, 5358, 0, 0, 0
72600, 4644, 0, 0, 0
72701, 6515, 0, 0, 0
72801, 5732, 0, 0, 0
72900, 5631, 0, 0, 0
73002, 5425, 0, 0, 0
73102, 5422, 0, 0, 0
73200, 5331, 0, 0, 0
73301, 5294, 0, 0, 0
73402, 5929, 0, 0, 0
73501, 5815, 0, 0, 0
73601, 6176, 0, 0, 0
73702, 5658, 0, 0, 0
73802, 5784, 0, 0, 0
73900, 6167, 0, 0, 0
74000, 5795, 0, 0, 0
74102, 6069, 0, 0, 0
74203, 5847, 0, 0, 0
74301, 5791, 0, 0, 0
74402, 5733, 0, 0, 0
74500, 5825, 0, 0, 0
74600, 5766, 0, 0, 0
74700, 5845, 0, 0, 0
74800, 5939, 0, 0, 0
74901, 5619, 0, 0, 0
75000, 5842, 0, 0, 0
75100, 5672, 0, 0, 0
75200, 5576, 0, 0, 0
75300, 5573, 0, 0, 0
75401, 5786, 0, 0, 0
75501, 5531, 0, 0, 0
75602, 6742, 0, 0, 0
75703, 5583, 0, 0, 0
75800, 5410, 0, 0, 0
75902, 5557, 0, 0, 0
76000, 6084, 0, 0, 0
76102, 5727, 0, 0, 0
76202, 6303, 0, 0, 0
76302, 6007, 0, 0, 0
76400, 5761, 0, 0, 0
76505, 5731, 0, 0, 0
76600, 6088, 0, 0, 0
76702, 5507, 0, 0, 0
76800, 5776, 0, 0, 0
76903, 5711, 0, 0, 0
77001, 5900, 0, 0, 0
77101, 6225, 0, 0, 0
77200, 6597, 0, 0, 0
77302, 6440, 0, 0, 0
77401, 6241, 0, 0, 0
77502, 6179, 0, 0, 0
77600, 6107, 0, 0, 0
77700, 6309, 0, 0, 0
77800, 5933, 0, 0, 0
77902, 6509, 0, 0, 0
78003, 6202, 0, 0, 0
78103, 6205, 0, 0, 0
78202, 5981, 0, 0, 0
78301, 5576, 0, 0, 0
78402, 6464, 0, 0, 0
78502, 5989, 0, 0, 0
78601, 5873, 0, 0, 0
78702, 5070, 0, 0, 0
78801, 5996, 0, 0, 0
78900, 5798, 0, 0, 0
79000, 5620, 0, 0, 0
79100, 6209, 0, 0, 0
79200, 5930, 0, 0, 0
79301, 5454, 0, 0, 0
79400, 5193, 0, 0, 0
79500, 5862, 0, 0, 0
79601, 5958, 0, 0, 0
79702, 5524, 0, 0, 0
79801, 5671, 0, 0, 0
79903, 5524, 0, 0, 0
80006, 5240, 0, 0, 0
80101, 5584, 0, 0, 0
80201, 5298, 0, 0, 0
80301, 4904, 0, 0, 0
80400, 5417, 0, 0, 0
80500, 5668, 0, 0, 0
80601, 5545, 0, 0, 0
80701, 5793, 0, 0, 0
80803, 6742, 0, 0, 0
80901, 6231, 0, 0, 0
81000, 5344, 0, 0, 0
81103, 5687, 0, 0, 0
81200, 6150, 0, 0, 0
81300, 5960, 0, 0, 0
81402, 6238, 0, 0, 0
81505, 6242, 0, 0, 0
81602, 5801, 0, 0, 0
81701, 5974, 0, 0, 0
81801, 5783, 0, 0, 0
81902, 5522, 0, 0, 0
82002, 5403, 0, 0, 0
82102, 5941, 0, 0, 0
82204, 6074, 0, 0, 0
82301, 5980, 0, 0, 0
82402, 6331, 0, 0, 0
82500, 7263, 0, 0, 0
82603, 6124, 0, 0, 0
82700, 5979, 0, 0, 0
82800, 5742, 0, 0, 0
82901, 6141, 0, 0, 0
83002, 6561, 0, 0, 0
83101, 6110, 0, 0, 0
83201, 6449, 0, 0, 0
83302, 5890, 0, 0, 0
83402, 5764, 0, 0, 0
83500, 5230, 0, 0, 0
83600, 5701, 0, 0, 0
83700, 5835, 0, 0, 0
83801, 5981, 0, 0, 0
83902, 6167, 0, 0, 0
84001, 6062, 0, 0, 0
84102, 6125, 0, 0, 0
84202, 5547, 0, 0, 0
84302, 5337, 0, 0, 0
84403, 5735, 0, 0, 0
84500, 5762, 0, 0, 0
84601, 5604, 0, 0, 0
84703, 5228, 0, 0, 0
84802, 5852, 0, 0, 0
84901, 6088, 0, 0, 0
85003, 6305, 0, 0, 0
85102, 6266, 0, 0, 0
85202, 6025, 0, 0, 0
85300, 6137, 0, 0, 0
85400, 5779, 0, 0, 0
85500, 6445, 0, 0, 0
85602, 5945, 0, 0, 0
85700, 6053, 0, 0, 0
85800, 5480, 0, 0, 0
85901, 5931, 0, 0, 0
86000, 6000, 0, 0, 0
86100, 5613, 0, 0, 0
86201, 6312, 0, 0, 0
86301, 6293, 0, 0, 0
86400, 6294, 0, 0, 0
86502, 5981, 0, 0, 0
86601, 6135, 0, 0, 0
86702, 6455, 0, 0, 0
86800, 5941, 0, 0, 0
86900, 6470, 0, 0, 0
87001, 6078, 0, 0, 0
87101, 5669, 0, 0, 0
87202, 6193, 0, 0, 0
87301, 6219, 0, 0, 0
87400, 6236, 0, 0, 0
87502, 5890, 0, 0, 0
87603, 5978, 0, 0, 0
87701, 6178, 0, 0, 0
87801, 6069, 0, 0, 0
87900, 5832, 0, 0, 0
88001, 5356, 0, 0, 0
88102, 6144, 0, 0, 0
88202, 5948, 0, 0, 0
88302, 5454, 0, 0, 0
88402, 5568, 0, 0, 0
88500, 5917, 0, 0, 0
88603, 5641, 0, 0, 0
88701, 6344, 0, 0, 0
88802, 5970, 0, 0, 0
88900, 6789, 0, 0, 0
89000, 6084, 0, 0, 0
89100, 5419, 0, 0, 0
89200, 5942, 0, 0, 0
89302, 6348, 0, 0, 0
89400, 5639, 0, 0, 0
89502, 5641, 0, 0, 0
89603, 5517, 0, 0, 0
89700, 5854, 0, 0, 0
89801, 5909, 0, 0, 0
89901, 5754, 0, 0, 0
90001, 5667, 0, 0, 0
90102, 5818, 0, 0, 0
90203, 5989, 0, 0, 0
90300, 5333, 0, 0, 0
90400, 5530, 0, 0, 0
90501, 5426, 0, 0, 0
90600, 5541, 0, 0, 0
90702, 6347, 0, 0, 0
90801, 5567, 0, 0, 0
90902, 6091, 0, 0, 0
91003, 5629, 0, 0, 0
91100, 5681, 0, 0, 0
91204, 6100, 0, 0, 0
91300, 6249, 0, 0, 0
91400, 6040, 0, 0, 0
91502, 5652, 0, 0, 0
91601, 6026, 0, 0, 0
91700, 6121, 0, 0, 0
91802, 6498, 0, 0, 0
91900, 5955, 0, 0, 0
92002, 6102, 0, 0, 0
92100, 6074, 0, 0, 0
92201, 5942, 0, 0, 0
92300, 6025, 0, 0, 0
92401, 6826, 0, 0, 0
92501, 6385, 0, 0, 0
92601, 6851, 0, 0, 0
92701, 6083, 0, 0, 0
92805, 6203, 0, 0, 0
92901, 6406, 0, 0, 0
93002, 6167, 0, 0, 0
93102, 6026, 0, 0, 0
93202, 5651, 0, 0, 0
93301, 5724, 0, 0, 0
93400, 5501, 0, 0, 0
93500, 6163, 0, 0, 0
93602, 5865, 0, 0, 0
93703, 6106, 0, 0, 0
93803, 6088, 0, 0, 0
93900, 6135, 0, 0, 0
94001, 5906, 0, 0, 0
94104, 6088, 0, 0, 0
94201, 6000, 0, 0, 0
94304, 6236, 0, 0, 0
94404, 6776, 0, 0, 0
94500, 6838, 0, 0, 0
94603, 5874, 0, 0, 0
94701, 5747, 0, 0, 0
94800, 5388, 0, 0, 0
94903, 6015, 0, 0, 0
95002, 6647, 0, 0, 0
95100, 6509, 0, 0, 0
95201, 6426, 0, 0, 0
95301, 5865, 0, 0, 0
95400, 6497, 0, 0, 0
95500, 6045, 0, 0, 0
95601, 5966, 0, 0, 0
95701, 5663, 0, 0, 0
95800, 5608, 0, 0, 0
95901, 5939, 0, 0, 0
96000, 5683, 0, 0, 0
96101, 5572, 0, 0, 0
96200, 5876, 0, 0, 0
96303, 5789, 0, 0, 0
96401, 5828, 0, 0, 0
96501, 6079, 0, 0, 0
96604, 5466, 0, 0, 0
96701, 4543, 0, 0, 0
96800, 5579, 0, 0, 0
96902, 5489, 0, 0, 0
97002, 5117, 0, 0, 0
97100, 5336, 0, 0, 0
97203, 5694, 0, 0, 0
97303, 5323, 0, 0, 0
97400, 5774, 0, 0, 0
97504, 5590, 0, 0, 0
97602, 6347, 0, 0, 0
97700, 6287, 0, 0, 0
97800, 5920, 0, 0, 0
97902, 5962, 0, 0, 0
98001, 5360, 0, 0, 0
98101, 5473, 0, 0, 0
98200, 5893, 0, 0, 0
98303, 5790, 0, 0, 0
98403, 5380, 0, 0, 0
98501, 5133, 0, 0, 0
98602, 5736, 0, 0, 0
98702, 5639, 0, 0, 0
98800, 5799, 0, 0, 0
98900, 6035, 0, 0, 0
99003, 5720, 0, 0, 0
99102, 5302, 0, 0, 0
99201, 5752, 0, 0, 0
99302, 5340, 0, 0, 0
99401, 5665, 0, 0, 0
99501, 5620, 0, 0, 0
99600, 5806, 0, 0, 0
99700, 5985, 0, 0, 0
99801, 5430, 0, 0, 0
99902, 5324, 0, 0, 0
100002, 5540, 0, 0, 0
100101, 5646, 0, 0, 0
100203, 5837, 0, 0, 0
100301, 5737, 0, 0, 0
100400, 5293, 0, 0, 0
100500, 5766, 0, 0, 0
100601, 5362, 0, 0, 0
100702, 5918, 0, 0, 0
100800, 5758, 0, 0, 0
100903, 5895, 0, 0, 0
101001, 5450, 0, 0, 0
101101, 5545, 0, 0, 0
101201, 6135, 0, 0, 0
101300, 6016, 0, 0, 0
101401, 5303, 0, 0, 0
101503, 5602, 0, 0, 0
101600, 6097, 0, 0, 0
101702, 5651, 0, 0, 0
101802, 5268, 0, 0, 0
101901, 5370, 0, 0, 0
102001, 5566, 0, 0, 0
102100, 5801, 0, 0, 0
102201, 5244, 0, 0, 0
102301, 5736, 0, 0, 0
102402, 5765, 0, 0, 0
102501, 6156, 0, 0, 0
102602, 5597, 0, 0, 0
102700, 5512, 0, 0, 0
102803, 5465, 0, 0, 0
102901, 5831, 0, 0, 0
103003, 6303, 0, 0, 0
103103, 5888, 0, 0, 0
103200, 6292, 0, 0, 0
103300, 6703, 0, 0, 0
103403, 6917, 0, 0, 0
103502, 6065, 0, 0, 0
103601, 5660, 0, 0, 0
103700, 5624, 0, 0, 0
103801, 5889, 0, 0, 0
103902, 5950, 0, 0, 0
104002, 6128, 0, 0, 0
104101, 5848, 0, 0, 0
104201, 5597, 0, 0, 0
104300, 5886, 0, 0, 0
104403, 5371, 0, 0, 0
104500, 6061, 0, 0, 0
104600, 5946, 0, 0, 0
104702, 5602, 0, 0, 0
104802, 6144, 0, 0, 0
104901, 6110, 0, 0, 0
105003, 5415, 0, 0, 0
105102, 5803, 0, 0, 0
105200, 5890, 0, 0, 0
105300, 5738, 0, 0, 0
105402, 5888, 0, 0, 0
105500, 5312, 0, 0, 0
105601, 5996, 0, 0, 0
105701, 6025, 0, 0, 0
105800, 5584, 0, 0, 0
105902, 6076, 0, 0, 0
106000, 6409, 0, 0, 0
106102, 6269, 0, 0, 0
106200, 5803, 0, 0, 0
106300, 5855, 0, 0, 0
106401, 5696, 0, 0, 0
106500, 5841, 0, 0, 0
106600, 5183, 0, 0, 0
106702, 5730, 0, 0, 0
106801, 5719, 0, 0, 0
106901, 6112, 0, 0, 0
107000, 5710, 0, 0, 0
107102, 5941, 0, 0, 0
107201, 6538, 0, 0, 0
107301, 6494, 0, 0, 0
107401, 5981, 0, 0, 0
107500, 6459, 0, 0, 0
107601, 5978, 0, 0, 0
107700, 5880, 0, 0, 0
107803, 6276, 0, 0, 0
107900, 6527, 0, 0, 0
108000, 6130, 0, 0, 0
108102, 6039, 0, 0, 0
108203, 6118, 0, 0, 0
108300, 5611, 0, 0, 0
108402, 6168, 0, 0, 0
108502, 6059, 0, 0, 0
108601, 5549, 0, 0, 0
108702, 5935, 0, 0, 0
108800, 5569, 0, 0, 0
108902, 5558, 0, 0, 0
109003, 5681, 0, 0, 0
109100, 5661, 0, 0, 0
109201, 5968, 0, 0, 0
109300, 6389, 0, 0, 0
109403, 5119, 0, 0, 0
109501, 5848, 0, 0, 0
109601, 5446, 0, 0, 0
109701, 5510, 0, 0, 0
109801, 6176, 0, 0, 0
109902, 6066, 0, 0, 0
110001, 5971, 0, 0, 0
110100, 6124, 0, 0, 0
110201, 7108, 0, 0, 0
110300, 6591, 0, 0, 0
110400, 6198, 0, 0, 0
110502, 5908, 0, 0, 0
110601, 6240, 0, 0, 0
110701, 5937, 0, 0, 0
110802, 5605, 0, 0, 0
110902, 5951, 0, 0, 0
111001, 5638, 0, 0, 0
111100, 5721, 0, 0, 0
111200, 6344, 0, 0, 0
111300, 5907, 0, 0, 0
111403, 5608, 0, 0, 0
111501, 5156, 0, 0, 0
111602, 5306, 0, 0, 0
111701, 5478, 0, 0, 0
111801, 5527, 0, 0, 0
111900, 5427, 0, 0, 0
112002, 5530, 0, 0, 0
112101, 5428, 0, 0, 0
112203, 5567, 0, 0, 0
112302, 6091, 0, 0, 0
112402, 6260, 0, 0, 0
112502, 5863, 0, 0, 0
112601, 6430, 0, 0, 0
112700, 7135, 0, 0, 0
112801, 6165, 0, 0, 0
112902, 6595, 0, 0, 0
113001, 6407, 0, 0, 0
113100, 6168, 0, 0, 0
113200, 6253, 0, 0, 0
113301, 5940, 0, 0, 0
113402, 5504, 0, 0, 0
113502, 5283, 0, 0, 0
113601, 6173, 0, 0, 0
113701, 5367, 0, 0, 0
113801, 5131, 0, 0, 0
113903, 4852, 0, 0, 0
114000, 5024, 0, 0, 0
114100, 5412, 0, 0, 0
114202, 5475, 0, 0, 0
114302, 5627, 0, 0, 0
114402, 5398, 0, 0, 0
114500, 5599, 0, 0, 0
114602, 4705, 0, 0, 0
114701, 5326, 0, 0, 0
114801, 5593, 0, 0, 0
114902, 5378, 0, 0, 0
115002, 6142, 0, 0, 0
115100, 6264, 0, 0, 0
115201, 5664, 0, 0, 0
115301, 5718, 0, 0, 0
115402, 5827, 0, 0, 0
115500, 6011, 0, 0, 0
115602, 5564, 0, 0, 0
115700, 5766, 0, 0, 0
115802, 5908, 0, 0, 0
115901, 6109, 0, 0, 0
116000, 6155, 0, 0, 0
116100, 5947, 0, 0, 0
116205, 6704, 0, 0, 0
116302, 5784, 0, 0, 0
116400, 5834, 0, 0, 0
116500, 5909, 0, 0, 0
116600, 5796, 0, 0, 0
116703, 6111, 0, 0, 0
116802, 5877, 0, 0, 0
116901, 5620, 0, 0, 0
117001, 5477, 0, 0, 0
117102, 5253, 0, 0, 0
117200, 5337, 0, 0, 0
117301, 5687, 0, 0, 0
117402, 5659, 0, 0, 0
117502, 5916, 0, 0, 0
117601, 5827, 0, 0, 0
117700, 5863, 0, 0, 0
117802, 5301, 0, 0, 0
117900, 5503, 0, 0, 0
118000, 5947, 0, 0, 0
118102, 5411, 0, 0, 0
118204, 5307, 0, 0, 0
118301, 5163, 0, 0, 0
118401, 5344, 0, 0, 0
118500, 6329, 0, 0, 0
118600, 6191, 0, 0, 0
118703, 5761, 0, 0, 0
118801, 5977, 0, 0, 0
118900, 6356, 0, 0, 0
119003, 6260, 0, 0, 0
119100, 6160, 0, 0, 0
119200, 6572, 0, 0, 0
119300, 6311, 0, 0, 0
119402, 6638, 0, 0, 0
119502, 6358, 0, 0, 0
119601, 6488, 0, 0, 0
119703, 6519, 0, 0, 0
119800, 6010, 0, 0, 0
119902, 6393, 0, 0, 0
120000, 5762, 0, 0, 0
120100, 6343, 0, 0, 0
120201, 5932, 0, 0, 0
120300, 5975, 0, 0, 0
120400, 6289, 0, 0, 0
120500, 5838, 0, 0, 0
120600, 6565, 0, 0, 0
120701, 6621, 0, 0, 0
120800, 6200, 0, 0, 0
120900, 6068, 0, 0, 0
121002, 5496, 0, 0, 0
121101, 4905, 0, 0, 0
121201, 5335, 0, 0, 0
121306, 5762, 0, 0, 0
121404, 5531, 0, 0, 0
121502, 5475, 0, 0, 0
121602, 5775, 0, 0, 0
121701, 4696, 0, 0, 0
121801, 5529, 0, 0, 0
121901, 5566, 0, 0, 0
122001, 5802, 0, 0, 0
122102, 5596, 0, 0, 0
122200, 6224, 0, 0, 0
122302, 5928, 0, 0, 0
122401, 5722, 0, 0, 0
122501, 6087, 0, 0, 0
122601, 6021, 0, 0, 0
122700, 6532, 0, 0, 0
122802, 6436, 0, 0, 0
122901, 5752, 0, 0, 0
123000, 5901, 0, 0, 0
123100, 5432, 0, 0, 0
123203, 6093, 0, 0, 0
123300, 5842, 0, 0, 0
123400, 6074, 0, 0, 0
123500, 5860, 0, 0, 0
123600, 5586, 0, 0, 0
123702, 5103, 0, 0, 0
123802, 5481, 0, 0, 0
123905, 5537, 0, 0, 0
124004, 5442, 0, 0, 0
124100, 5708, 0, 0, 0
124202, 5851, 0, 0, 0
124301, 5395, 0, 0, 0
124403, 5812, 0, 0, 0
124502, 5466, 0, 0, 0
124601, 5183, 0, 0, 0
124702, 5332, 0, 0, 0
124800, 5676, 0, 0, 0
124903, 5351, 0, 0, 0
125000, 5309, 0, 0, 0
125102, 5097, 0, 0, 0
125202, 5678, 0, 0, 0
125303, 5541, 0, 0, 0
125403, 4868, 0, 0, 0
125500, 5283, 0, 0, 0
125602, 5782, 0, 0, 0
125701, 5880, 0, 0, 0
125802, 6250, 0, 0, 0
125901, 6201, 0, 0, 0
126001, 5797, 0, 0, 0
126100, 5870, 0, 0, 0
126202, 5442, 0, 0, 0
126302, 5515, 0, 0, 0
126403, 5795, 0, 0, 0
126501, 5538, 0, 0, 0
126601, 6285, 0, 0, 0
126700, 5676, 0, 0, 0
126801, 5509, 0, 0, 0
126900, 5397, 0, 0, 0
127000, 5392, 0, 0, 0
127102, 5362, 0, 0, 0
127204, 5745, 0, 0, 0
127302, 4974, 0, 0, 0
127401, 5225, 0, 0, 0
127502, 5783, 0, 0, 0
127601, 5968, 0, 0, 0
127701, 5793, 0, 0, 0
127802, 6102, 0, 0, 0
127900, 6074, 0, 0, 0
128003, 5677, 0, 0, 0
128101, 6387, 0, 0, 0
128202, 6113, 0, 0, 0
128300, 7052, 0, 0, 0
128401, 6341, 0, 0, 0
128500, 5717, 0, 0, 0
128601, 6649, 0, 0, 0
128701, 7109, 0, 0, 0
128802, 5281, 0, 0, 0
128901, 4846, 0, 0, 0
129002, 5424, 0, 0, 0
129100, 5512, 0, 0, 0
129200, 5477, 0, 0, 0
129301, 5907, 0, 0, 0
129403, 5692, 0, 0, 0
129501, 5927, 0, 0, 0
129603, 6483, 0, 0, 0
129703, 6565, 0, 0, 0
129802, 5279, 0, 0, 0
129900, 5051, 0, 0, 0
130001, 6364, 0, 0, 0
130100, 6243, 0, 0, 0
130204, 5547, 0, 0, 0
130301, 5659, 0, 0, 0
130400, 5216, 0, 0, 0
130502, 6148, 0, 0, 0
130601, 5899, 0, 0, 0
130702, 6050, 0, 0, 0
130800, 5576, 0, 0, 0
130901, 6501, 0, 0, 0
131002, 6196, 0, 0, 0
131102, 5775, 0, 0, 0
131200, 5219, 0, 0, 0
131300, 4595, 0, 0, 0
131401, 6091, 0, 0, 0
131503, 6133, 0, 0, 0
131600, 5958, 0, 0, 0
131701, 6405, 0, 0, 0
131800, 6091, 0, 0, 0
131902, 6111, 0, 0, 0
132000, 5959, 0, 0, 0
132101, 5740, 0, 0, 0
132201, 5711, 0, 0, 0
132302, 5589, 0, 0, 0
132404, 5953, 0, 0, 0
132500, 5536, 0, 0, 0
132601, 5287, 0, 0, 0
132700, 6970, 0, 0, 0
132801, 5356, 0, 0, 0
132901, 6781, 0, 0, 0
133002, 6103, 0, 0, 0
133102, 5686, 0, 0, 0
133201, 6162, 0, 0, 0
133301, 6153, 0, 0, 0
133400, 5428, 0, 0, 0
133500, 6183, 0, 0, 0
133600, 6020, 0, 0, 0
133702, 6126, 0, 0, 0
133800, 6056, 0, 0, 0
133901, 5435, 0, 0, 0
134000, 5920, 0, 0, 0
134102, 6828, 0, 0, 0
134203, 5686, 0, 0, 0
134302, 6078, 0, 0, 0
134401, 5620, 0, 0, 0
134501, 5335, 0, 0, 0
134602, 5834, 0, 0, 0
134700, 5110, 0, 0, 0
134802, 5897, 0, 0, 0
134902, 5971, 0, 0, 0
135000, 5874, 0, 0, 0
135102, 5684, 0, 0, 0
135200, 6995, 0, 0, 0
135304, 5663, 0, 0, 0
135400, 5813, 0, 0, 0
135502, 5471, 0, 0, 0
135601, 5516, 0, 0, 0
135705, 5591, 0, 0, 0
135801, 5545, 0, 0, 0
135901, 6268, 0, 0, 0
136002, 6002, 0, 0, 0
136105, 6333, 0, 0, 0
136204, 6269, 0, 0, 0
136300, 6370, 0, 0, 0
136403, 5641, 0, 0, 0
136500, 6105, 0, 0, 0
136604, 6098, 0, 0, 0
136703, 5838, 0, 0, 0
136802, 6142, 0, 0, 0
136903, 6285, 0, 0, 0
137000, 5692, 0, 0, 0
137101, 5024, 0, 0, 0
137201, 7042, 0, 0, 0
137300, 6646, 0, 0, 0
137400, 5995, 0, 0, 0
137502, 5998, 0, 0, 0
137601, 5778, 0, 0, 0
137701, 6077, 0, 0, 0
137801, 6030, 0, 0, 0
137901, 5931, 0, 0, 0
138000, 6032, 0, 0, 0
138102, 5719, 0, 0, 0
138201, 5676, 0, 0, 0
138301, 5021, 0, 0, 0
138403, 5511, 0, 0, 0
138500, 6616, 0, 0, 0
138600, 6146, 0, 0, 0
138701, 6498, 0, 0, 0
138801, 6442, 0, 0, 0
138900, 5682, 0, 0, 0
139000, 6106, 0, 0, 0
139100, 6061, 0, 0, 0
139201, 5903, 0, 0, 0
139303, 5533, 0, 0, 0
139400, 6135, 0, 0, 0
139501, 6460, 0, 0, 0
139600, 5966, 0, 0, 0
139700, 5708, 0, 0, 0
139801, 6046, 0, 0, 0
139906, 6004, 0, 0, 0
140001, 5738, 0, 0, 0
140100, 6233, 0, 0, 0
140201, 6180, 0, 0, 0
140300, 5972, 0, 0, 0
140400, 5831, 0, 0, 0
140500, 6567, 0, 0, 0
140600, 6001, 0, 0, 0
140700, 6008, 0, 0, 0
140800, 5847, 0, 0, 0
140901, 5574, 0, 0, 0
141001, 5535, 0, 0, 0
141105, 6009, 0, 0, 0
141202, 6285, 0, 0, 0
141302, 6134, 0, 0, 0
141401, 5850, 0, 0, 0
141501, 6819, 0, 0, 0
141601, 6474, 0, 0, 0
141703, 5887, 0, 0, 0
141801, 5541, 0, 0, 0
141902, 6252, 0, 0, 0
142002, 5478, 0, 0, 0
142102, 5978, 0, 0, 0
142202, 5850, 0, 0, 0
142300, 5400, 0, 0, 0
142402, 5690, 0, 0, 0
142502, 5826, 0, 0, 0
142600, 5687, 0, 0, 0
142701, 5683, 0, 0, 0
142800, 6118, 0, 0, 0
142901, 5864, 0, 0, 0
143001, 5582, 0, 0, 0
143100, 6388, 0, 0, 0
143204, 6097, 0, 0, 0
143301, 6016, 0, 0, 0
143400, 6256, 0, 0, 0
143501, 6393, 0, 0, 0
143605, 6232, 0, 0, 0
143702, 5996, 0, 0, 0
143800, 5898, 0, 0, 0
143901, 6038, 0, 0, 0
144000, 5499, 0, 0, 0
144101, 5463, 0, 0, 0
144204, 6004, 0, 0, 0
144300, 6155, 0, 0, 0
144400, 6132, 0, 0, 0
144502, 6364, 0, 0, 0
144602, 5823, 0, 0, 0
144700, 5487, 0, 0, 0
144801, 5546, 0, 0, 0
144900, 5720, 0, 0, 0
145001, 6386, 0, 0, 0
145100, 5672, 0, 0, 0
145202, 5618, 0, 0, 0
145303, 5708, 0, 0, 0
145400, 5597, 0, 0, 0
145500, 5354, 0, 0, 0
145602, 5327, 0, 0, 0
145702, 5847, 0, 0, 0
145802, 5752, 0, 0, 0
145900, 5184, 0, 0, 0
146003, 5254, 0, 0, 0
146100, 6403, 0, 0, 0
146202, 6183, 0, 0, 0
146302, 5762, 0, 0, 0
146401, 5794, 0, 0, 0
146502, 6036, 0, 0, 0
146600, 5848, 0, 0, 0
146700, 5919, 0, 0, 0
146800, 5190, 0, 0, 0
146900, 5067, 0, 0, 0
147000, 5500, 0, 0, 0
147102, 5890, 0, 0, 0
147200, 4456, 0, 0, 0
147301, 6425, 0, 0, 0
147403, 5156, 0, 0, 0
147500, 5224, 0, 0, 0
147602, 5705, 0, 0, 0
147700, 6014, 0, 0, 0
147800, 5617, 0, 0, 0
147902, 4928, 0, 0, 0
148002, 4179, 0, 0, 0
148101, 6066, 0, 0, 0
148201, 5697, 0, 0, 0
148300, 6352, 0, 0, 0
148400, 5901, 0, 0, 0
148500, 6056, 0, 0, 0
148602, 5642, 0, 0, 0
148703, 6022, 0, 0, 0
148802, 5623, 0, 0, 0
148903, 5435, 0, 0, 0
149003, 5760, 0, 0, 0
149100, 5648, 0, 0, 0
149201, 5844, 0, 0, 0
149301, 5914, 0, 0, 0
149402, 6097, 0, 0, 0
149500, 5912, 0, 0, 0
149600, 5611, 0, 0, 0
149701, 5845, 0, 0, 0
149802, 6208, 0, 0, 0
149901, 6104, 0, 0, 0
150001, 6053, 0, 0, 0
150102, 6083, 0, 0, 0
150203, 5577, 0, 0, 0
150302, 6020, 0, 0, 0
150400, 6195, 0, 0, 0
150502, 6121, 0, 0, 0
150601, 6021, 0, 0, 0
150702, 6370, 0, 0, 0
150803, 6191, 0, 0, 0
150905, 6126, 0, 0, 0
151001, 5865, 0, 0, 0
151100, 6480, 0, 0, 0
151200, 5620, 0, 0, 0
151302, 6171, 0, 0, 0
151402, 5984, 0, 0, 0
151500, 5962, 0, 0, 0
151602, 6018, 0, 0, 0
151700, 6158, 0, 0, 0
151805, 6875, 0, 0, 0
151900, 6223, 0, 0, 0
152000, 6306, 0, 0, 0
152103, 6295, 0, 0, 0
152201, 6456, 0, 0, 0
152303, 6330, 0, 0, 0
152401, 6081, 0, 0, 0
152501, 6293, 0, 0, 0
152604, 6804, 0, 0, 0
152702, 6494, 0, 0, 0
152800, 6112, 0, 0, 0
152900, 5946, 0, 0, 0
153001, 5936, 0, 0, 0
153100, 5668, 0, 0, 0
153200, 6255, 0, 0, 0
153300, 6154, 0, 0, 0
153400, 6055, 0, 0, 0
153502, 6304, 0, 0, 0
153603, 5891, 0, 0, 0
153700, 5761, 0, 0, 0
153802, 6036, 0, 0, 0
153902, 6429, 0, 0, 0
154000, 5801, 0, 0, 0
154102, 5783, 0, 0, 0
154201, 5664, 0, 0, 0
154300, 5386, 0, 0, 0
154400, 5776, 0, 0, 0
154502, 6150, 0, 0, 0
154601, 5877, 0, 0, 0
154701, 6267, 0, 0, 0
154801, 5654, 0, 0, 0
154901, 6450, 0, 0, 0
155001, 6413, 0, 0, 0
155101, 5849, 0, 0, 0
155200, 6760, 0, 0, 0
155301, 5601, 0, 0, 0
155400, 5857, 0, 0, 0
155500, 6045, 0, 0, 0
155601, 5503, 0, 0, 0
155702, 5742, 0, 0, 0
155801, 6238, 0, 0, 0
155901, 6451, 0, 0, 0
156001, 5792, 0, 0, 0
156101, 6423, 0, 0, 0
156204, 6003, 0, 0, 0
156302, 6153, 0, 0, 0
156400, 6295, 0, 0, 0
156503, 6288, 0, 0, 0
156602, 5814, 0, 0, 0
156701, 6422, 0, 0, 0
156802, 6066, 0, 0, 0
156900, 5738, 0, 0, 0
157002, 6229, 0, 0, 0
157100, 5507, 0, 0, 0
157201, 5889, 0, 0, 0
157302, 5750, 0, 0, 0
157401, 4982, 0, 0, 0
157501, 6406, 0, 0, 0
157601, 6269, 0, 0, 0
157701, 5755, 0, 0, 0
157806, 5921, 0, 0, 0
157901, 5608, 0, 0, 0
158002, 5756, 0, 0, 0
158102, 5857, 0, 0, 0
158202, 6179, 0, 0, 0
158300, 5799, 0, 0, 0
158400, 5616, 0, 0, 0
158500, 5893, 0, 0, 0
158602, 6004, 0, 0, 0
158702, 5656, 0, 0, 0
158801, 5027, 0, 0, 0
158900, 5860, 0, 0, 0
159004, 5367, 0, 0, 0
159100, 5647, 0, 0, 0
159201, 5430, 0, 0, 0
159300, 5245, 0, 0, 0
159400, 5658, 0, 0, 0
159501, 6149, 0, 0, 0
159602, 5960, 0, 0, 0
159702, 7062, 0, 0, 0
159800, 7132, 0, 0, 0
159901, 6309, 0, 0, 0
160001, 6378, 0, 0, 0
160101, 5458, 0, 0, 0
160200, 5447, 0, 0, 0
160301, 6241, 0, 0, 0
160400, 5697, 0, 0, 0
160502, 5921, 0, 0, 0
160601, 6062, 0, 0, 0
160700, 6112, 0, 0, 0
160800, 5813, 0, 0, 0
160901, 6144, 0, 0, 0
161000, 5454, 0, 0, 0
161102, 5618, 0, 0, 0
161200, 5695, 0, 0, 0
161302, 5421, 0, 0, 0
161402, 5840, 0, 0, 0
161501, 5504, 0, 0, 0
161601, 6251, 0, 0, 0
161701, 5102, 0, 0, 0
161801, 5714, 0, 0, 0
161901, 4919, 0, 0, 0
162003, 5708, 0, 0, 0
162103, 5326, 0, 0, 0
162200, 5750, 0, 0, 0
162300, 6058, 0, 0, 0
162402, 5639, 0, 0, 0
162502, 5732, 0, 0, 0
162600, 5513, 0, 0, 0
162701, 5154, 0, 0, 0
162801, 5529, 0, 0, 0
162900, 5623, 0, 0, 0
163000, 5906, 0, 0, 0
163101, 6003, 0, 0, 0
163200, 6304, 0, 0, 0
163301, 5956, 0, 0, 0
163401, 5460, 0, 0, 0
163501, 6016, 0, 0, 0
163604, 5712, 0, 0, 0
163701, 6013, 0, 0, 0
163800, 5787, 0, 0, 0
163900, 5804, 0, 0, 0
164000, 5701, 0, 0, 0
164101, 6349, 0, 0, 0
164202, 6467, 0, 0, 0
164300, 5827, 0, 0, 0
164402, 6092, 0, 0, 0
164501, 6106, 0, 0, 0
164602, 6108, 0, 0, 0
164700, 5948, 0, 0, 0
164800, 5933, 0, 0, 0
164900, 6014, 0, 0, 0
165000, 5253, 0, 0, 0
165101, 6270, 0, 0, 0
165202, 5582, 0, 0, 0
165301, 5853, 0, 0, 0
165401, 6151, 0, 0, 0
165500, 6182, 0, 0, 0
165600, 5488, 0, 0, 0
165702, 5590, 0, 0, 0
165800, 5334, 0, 0, 0
165900, 5507, 0, 0, 0
166001, 5639, 0, 0, 0
166101, 5888, 0, 0, 0
166201, 6240, 0, 0, 0
166301, 6781, 0, 0, 0
166400, 5898, 0, 0, 0
166501, 6257, 0, 0, 0
166600, 6422, 0, 0, 0
166702, 6133, 0, 0, 0
166801, 6054, 0, 0, 0
166901, 6173, 0, 0, 0
167001, 5826, 0, 0, 0
167104, 5793, 0, 0, 0
167201, 4908, 0, 0, 0
167300, 4831, 0, 0, 0
167402, 5971, 0, 0, 0
167501, 5674, 0, 0, 0
167602, 6566, 0, 0, 0
167703, 5995, 0, 0, 0
167801, 5636, 0, 0, 0
167902, 5870, 0, 0, 0
168002, 5583, 0, 0, 0
168100, 5770, 0, 0, 0
168200, 5370, 0, 0, 0
168302, 5284, 0, 0, 0
168403, 5836, 0, 0, 0
168502, 5656, 0, 0, 0
168600, 5510, 0, 0, 0
168701, 5929, 0, 0, 0
168804, 5916, 0, 0, 0
168902, 5946, 0, 0, 0
169000, 5589, 0, 0, 0
169100, 5325, 0, 0, 0
169200, 5172, 0, 0, 0
169300, 5946, 0, 0, 0
169402, 5412, 0, 0, 0
169504, 5987, 0, 0, 0
169600, 5758, 0, 0, 0
169702, 5701, 0, 0, 0
169801, 5430, 0, 0, 0
169901, 5383, 0, 0, 0
170000, 5431, 0, 0, 0
170102, 5724, 0, 0, 0
170202, 6529, 0, 0, 0
170300, 6252, 0, 0, 0
170400, 5394, 0, 0, 0
170500, 5630, 0, 0, 0
170600, 5746, 0, 0, 0
170702, 5606, 0, 0, 0
170802, 5731, 0, 0, 0
170902, 6139, 0, 0, 0
171000, 5463, 0, 0, 0
171105, 5138, 0, 0, 0
171200, 5844, 0, 0, 0
171302, 5964, 0, 0, 0
171401, 5990, 0, 0, 0
171500, 6145, 0, 0, 0
171600, 5633, 0, 0, 0
171700, 5947, 0, 0, 0
171802, 5870, 0, 0, 0
171902, 5846, 0, 0, 0
172000, 5993, 0, 0, 0
172102, 6126, 0, 0, 0
172201, 5845, 0, 0, 0
172302, 5782, 0, 0, 0
172400, 5952, 0, 0, 0
172502, 5767, 0, 0, 0
172601, 6003, 0, 0, 0
172702, 5678, 0, 0, 0
172802, 5352, 0, 0, 0
172900, 5668, 0, 0, 0
173000, 5702, 0, 0, 0
173101, 6288, 0, 0, 0
173205, 6363, 0, 0, 0
173302, 5917, 0, 0, 0
173400, 5569, 0, 0, 0
173502, 6120, 0, 0, 0
173601, 6027, 0, 0, 0
173702, 6426, 0, 0, 0
173801, 6003, 0, 0, 0
173903, 5699, 0, 0, 0
174000, 5648, 0, 0, 0
174100, 5731, 0, 0, 0
174201, 6204, 0, 0, 0
174301, 6148, 0, 0, 0
174400, 5737, 0, 0, 0
174502, 6543, 0, 0, 0
174603, 6370, 0, 0, 0
174701, 6583, 0, 0, 0
174802, 6091, 0, 0, 0
174903, 6370, 0, 0, 0
175000, 5803, 0, 0, 0
175100, 5686, 0, 0, 0
175200, 5763, 0, 0, 0
175302, 6470, 0, 0, 0
175400, 5938, 0, 0, 0
175502, 6030, 0, 0, 0
175602, 5648, 0, 0, 0
175700, 5720, 0, 0, 0
175800, 5408, 0, 0, 0
175900, 6174, 0, 0, 0
176002, 6034, 0, 0, 0
176101, 6185, 0, 0, 0
176203, 6401, 0, 0, 0
176302, 5821, 0, 0, 0
176400, 5565, 0, 0, 0
176500, 5856, 0, 0, 0
176602, 5427, 0, 0, 0
176704, 5598, 0, 0, 0
176800, 5819, 0, 0, 0
176904, 5821, 0, 0, 0
177002, 5492, 0, 0, 0
177102, 5853, 0, 0, 0
177202, 5787, 0, 0, 0
177301, 5617, 0, 0, 0
177401, 5735, 0, 0, 0
177502, 6328, 0, 0, 0
177601, 6333, 0, 0, 0
177700, 6262, 0, 0, 0
177802, 6375, 0, 0, 0
177902, 6358, 0, 0, 0
178003, 5806, 0, 0, 0
178100, 5540, 0, 0, 0
178201, 5837, 0, 0, 0
178303, 6100, 0, 0, 0
178400, 6188, 0, 0, 0
178501, 6017, 0, 0, 0
178601, 5862, 0, 0, 0
178703, 5722, 0, 0, 0
178800, 6271, 0, 0, 0
178902, 5732, 0, 0, 0
179000, 5045, 0, 0, 0
179102, 6191, 0, 0, 0
179202, 5961, 0, 0, 0
179300, 6668, 0, 0, 0
179401, 6848, 0, 0, 0
179500, 6600, 0, 0, 0
179603, 5813, 0, 0, 0
179701, 5905, 0, 0, 0
179801, 6024, 0, 0, 0
179900, 6116, 0, 0, 0
180002, 5962, 0, 0, 0
