250, 476160, 0, 0, 0
350, 499200, 0, 0, 0
450, 460800, 0, 0, 0
550, 473600, 0, 0, 0
650, 460800, 0, 0, 0
749, 517171, 0, 0, 0
849, 486400, 0, 0, 0
949, 512000, 0, 0, 0
1049, 486400, 0, 0, 0
1149, 512000, 0, 0, 0
1249, 499200, 0, 0, 0
1349, 460800, 0, 0, 0
1449, 486400, 0, 0, 0
1550, 473600, 0, 0, 0
1650, 473600, 0, 0, 0
1749, 478383, 0, 0, 0
1849, 473600, 0, 0, 0
1949, 512000, 0, 0, 0
2049, 460800, 0, 0, 0
2149, 537600, 0, 0, 0
2249, 473600, 0, 0, 0
2349, 512000, 0, 0, 0
2449, 435200, 0, 0, 0
2549, 537600, 0, 0, 0
2649, 499200, 0, 0, 0
2750, 524800, 0, 0, 0
2850, 486400, 0, 0, 0
2950, 435200, 0, 0, 0
3050, 499200, 0, 0, 0
3150, 486400, 0, 0, 0
3249, 465454, 0, 0, 0
3349, 627200, 0, 0, 0
3449, 473600, 0, 0, 0
3549, 499200, 0, 0, 0
3649, 486400, 0, 0, 0
3749, 486400, 0, 0, 0
3849, 499200, 0, 0, 0
3949, 460800, 0, 0, 0
4050, 512000, 0, 0, 0
4150, 499200, 0, 0, 0
4249, 439595, 0, 0, 0
4349, 512000, 0, 0, 0
4449, 460800, 0, 0, 0
4549, 460800, 0, 0, 0
4649, 486400, 0, 0, 0
4749, 448000, 0, 0, 0
4849, 473600, 0, 0, 0
4949, 473600, 0, 0, 0
5049, 512000, 0, 0, 0
5149, 499200, 0, 0, 0
5250, 448000, 0, 0, 0
5350, 448000, 0, 0, 0
5450, 524800, 0, 0, 0
5550, 499200, 0, 0, 0
5650, 499200, 0, 0, 0
5749, 478383, 0, 0, 0
5849, 524800, 0, 0, 0
5949, 486400, 0, 0, 0
6049, 486400, 0, 0, 0
6149, 460800, 0, 0, 0
6249, 473600, 0, 0, 0
6349, 512000, 0, 0, 0
6449, 460800, 0, 0, 0
6549, 499200, 0, 0, 0
6650, 460800, 0, 0, 0
6749, 517171, 0, 0, 0
6849, 499200, 0, 0, 0
6949, 512000, 0, 0, 0
7049, 512000, 0, 0, 0
7149, 460800, 0, 0, 0
7249, 473600, 0, 0, 0
7349, 524800, 0, 0, 0
7449, 512000, 0, 0, 0
7549, 524800, 0, 0, 0
7649, 499200, 0, 0, 0
7749, 473600, 0, 0, 0
7849, 499200, 0, 0, 0
7950, 460800, 0, 0, 0
8050, 499200, 0, 0, 0
8150, 563200, 0, 0, 0
8249, 517171, 0, 0, 0
8349, 512000, 0, 0, 0
8449, 499200, 0, 0, 0
8549, 537600, 0, 0, 0
8649, 460800, 0, 0, 0
8749, 499200, 0, 0, 0
8849, 460800, 0, 0, 0
8949, 473600, 0, 0, 0
9049, 473600, 0, 0, 0
9149, 563200, 0, 0, 0
9250, 524800, 0, 0, 0
9350, 499200, 0, 0, 0
9450, 435200, 0, 0, 0
9550, 448000, 0, 0, 0
9650, 448000, 0, 0, 0
9749, 478383, 0, 0, 0
9849, 512000, 0, 0, 0
9949, 499200, 0, 0, 0
10049, 473600, 0, 0, 0
10149, 448000, 0, 0, 0
10249, 499200, 0, 0, 0
10349, 435200, 0, 0, 0
10449, 499200, 0, 0, 0
10550, 473600, 0, 0, 0
10650, 512000, 0, 0, 0
10749, 555959, 0, 0, 0
10849, 448000, 0, 0, 0
10949, 435200, 0, 0, 0
11049, 460800, 0, 0, 0
11149, 460800, 0, 0, 0
11249, 512000, 0, 0, 0
11349, 435200, 0, 0, 0
11449, 524800, 0, 0, 0
11549, 524800, 0, 0, 0
11649, 512000, 0, 0, 0
11750, 512000, 0, 0, 0
11850, 448000, 0, 0, 0
11950, 473600, 0, 0, 0
12050, 524800, 0, 0, 0
12150, 486400, 0, 0, 0
12249, 568888, 0, 0, 0
12349, 460800, 0, 0, 0
12449, 486400, 0, 0, 0
12549, 512000, 0, 0, 0
12649, 499200, 0, 0, 0
12749, 473600, 0, 0, 0
12849, 460800, 0, 0, 0
12949, 550400, 0, 0, 0
13050, 486400, 0, 0, 0
13150, 460800, 0, 0, 0
13249, 491313, 0, 0, 0
13349, 486400, 0, 0, 0
13449, 537600, 0, 0, 0
13549, 486400, 0, 0, 0
13649, 448000, 0, 0, 0
13749, 473600, 0, 0, 0
13849, 486400, 0, 0, 0
13949, 524800, 0, 0, 0
14049, 435200, 0, 0, 0
14149, 473600, 0, 0, 0
14250, 499200, 0, 0, 0
14350, 448000, 0, 0, 0
14450, 499200, 0, 0, 0
14550, 486400, 0, 0, 0
14650, 448000, 0, 0, 0
14749, 465454, 0, 0, 0
14849, 486400, 0, 0, 0
14949, 448000, 0, 0, 0
15049, 576000, 0, 0, 0
15149, 435200, 0, 0, 0
15249, 473600, 0, 0, 0
15349, 524800, 0, 0, 0
15449, 537600, 0, 0, 0
15550, 512000, 0, 0, 0
15650, 537600, 0, 0, 0
15749, 478383, 0, 0, 0
15849, 473600, 0, 0, 0
15949, 499200, 0, 0, 0
16049, 499200, 0, 0, 0
16149, 460800, 0, 0, 0
16249, 473600, 0, 0, 0
16349, 524800, 0, 0, 0
16449, 499200, 0, 0, 0
16549, 473600, 0, 0, 0
16649, 550400, 0, 0, 0
16749, 524800, 0, 0, 0
16849, 512000, 0, 0, 0
16950, 512000, 0, 0, 0
17050, 422400, 0, 0, 0
17150, 473600, 0, 0, 0
17249, 504242, 0, 0, 0
17349, 486400, 0, 0, 0
17449, 524800, 0, 0, 0
17549, 499200, 0, 0, 0
17649, 435200, 0, 0, 0
17749, 473600, 0, 0, 0
17849, 524800, 0, 0, 0
17949, 435200, 0, 0, 0
18049, 486400, 0, 0, 0
18149, 486400, 0, 0, 0
18250, 499200, 0, 0, 0
18350, 524800, 0, 0, 0
18450, 460800, 0, 0, 0
18550, 499200, 0, 0, 0
18650, 473600, 0, 0, 0
18749, 491313, 0, 0, 0
18849, 448000, 0, 0, 0
18949, 524800, 0, 0, 0
19049, 550400, 0, 0, 0
19149, 435200, 0, 0, 0
19249, 512000, 0, 0, 0
19349, 448000, 0, 0, 0
19449, 524800, 0, 0, 0
19549, 448000, 0, 0, 0
19650, 512000, 0, 0, 0
19749, 517171, 0, 0, 0
19849, 537600, 0, 0, 0
19949, 512000, 0, 0, 0
20049, 524800, 0, 0, 0
20149, 486400, 0, 0, 0
20249, 512000, 0, 0, 0
20349, 512000, 0, 0, 0
20449, 486400, 0, 0, 0
20549, 499200, 0, 0, 0
20649, 448000, 0, 0, 0
20749, 537600, 0, 0, 0
20849, 448000, 0, 0, 0
20950, 512000, 0, 0, 0
21050, 537600, 0, 0, 0
21150, 524800, 0, 0, 0
21249, 439595, 0, 0, 0
21349, 576000, 0, 0, 0
21449, 499200, 0, 0, 0
21549, 499200, 0, 0, 0
21649, 524800, 0, 0, 0
21749, 486400, 0, 0, 0
21849, 473600, 0, 0, 0
21949, 537600, 0, 0, 0
22049, 499200, 0, 0, 0
22150, 486400, 0, 0, 0
22249, 491313, 0, 0, 0
22349, 499200, 0, 0, 0
22449, 486400, 0, 0, 0
22549, 537600, 0, 0, 0
22649, 486400, 0, 0, 0
22749, 512000, 0, 0, 0
22849, 499200, 0, 0, 0
22949, 473600, 0, 0, 0
23049, 499200, 0, 0, 0
23149, 448000, 0, 0, 0
23250, 473600, 0, 0, 0
23350, 499200, 0, 0, 0
23450, 499200, 0, 0, 0
23550, 473600, 0, 0, 0
23650, 473600, 0, 0, 0
23749, 465454, 0, 0, 0
23849, 499200, 0, 0, 0
23949, 537600, 0, 0, 0
24049, 512000, 0, 0, 0
24149, 460800, 0, 0, 0
24249, 512000, 0, 0, 0
24349, 486400, 0, 0, 0
24449, 460800, 0, 0, 0
24550, 486400, 0, 0, 0
24650, 499200, 0, 0, 0
24749, 530101, 0, 0, 0
24849, 524800, 0, 0, 0
24949, 512000, 0, 0, 0
25049, 537600, 0, 0, 0
25149, 435200, 0, 0, 0
25249, 537600, 0, 0, 0
25349, 550400, 0, 0, 0
25449, 499200, 0, 0, 0
25549, 499200, 0, 0, 0
25649, 537600, 0, 0, 0
25750, 512000, 0, 0, 0
25850, 473600, 0, 0, 0
25950, 499200, 0, 0, 0
26050, 486400, 0, 0, 0
26150, 524800, 0, 0, 0
26249, 439595, 0, 0, 0
26349, 550400, 0, 0, 0
26449, 524800, 0, 0, 0
26549, 499200, 0, 0, 0
26649, 473600, 0, 0, 0
26749, 512000, 0, 0, 0
26849, 512000, 0, 0, 0
26949, 576000, 0, 0, 0
27050, 473600, 0, 0, 0
27150, 499200, 0, 0, 0
27249, 478383, 0, 0, 0
27349, 576000, 0, 0, 0
27449, 537600, 0, 0, 0
27549, 524800, 0, 0, 0
27649, 563200, 0, 0, 0
27749, 473600, 0, 0, 0
27849, 448000, 0, 0, 0
27949, 524800, 0, 0, 0
28049, 524800, 0, 0, 0
28150, 486400, 0, 0, 0
28249, 530101, 0, 0, 0
28349, 435200, 0, 0, 0
28449, 512000, 0, 0, 0
28549, 512000, 0, 0, 0
28649, 537600, 0, 0, 0
28749, 499200, 0, 0, 0
28849, 460800, 0, 0, 0
28949, 435200, 0, 0, 0
29049, 473600, 0, 0, 0
29149, 512000, 0, 0, 0
29249, 473600, 0, 0, 0
29349, 448000, 0, 0, 0
29449, 512000, 0, 0, 0
29550, 512000, 0, 0, 0
29650, 537600, 0, 0, 0
29749, 452525, 0, 0, 0
29849, 499200, 0, 0, 0
29949, 473600, 0, 0, 0
30049, 460800, 0, 0, 0
30149, 448000, 0, 0, 0
30249, 486400, 0, 0, 0
30349, 486400, 0, 0, 0
30449, 499200, 0, 0, 0
30549, 537600, 0, 0, 0
30650, 499200, 0, 0, 0
30749, 491313, 0, 0, 0
30849, 524800, 0, 0, 0
30949, 460800, 0, 0, 0
31049, 524800, 0, 0, 0
31149, 473600, 0, 0, 0
31249, 448000, 0, 0, 0
31349, 486400, 0, 0, 0
31449, 486400, 0, 0, 0
31549, 460800, 0, 0, 0
31649, 448000, 0, 0, 0
31750, 473600, 0, 0, 0
31850, 435200, 0, 0, 0
31950, 486400, 0, 0, 0
32050, 499200, 0, 0, 0
32150, 537600, 0, 0, 0
32249, 491313, 0, 0, 0
32349, 448000, 0, 0, 0
32449, 486400, 0, 0, 0
32549, 512000, 0, 0, 0
32649, 524800, 0, 0, 0
32749, 486400, 0, 0, 0
32849, 512000, 0, 0, 0
32949, 537600, 0, 0, 0
33050, 524800, 0, 0, 0
33150, 499200, 0, 0, 0
33249, 555959, 0, 0, 0
33349, 499200, 0, 0, 0
33449, 486400, 0, 0, 0
33549, 473600, 0, 0, 0
33649, 486400, 0, 0, 0
33749, 435200, 0, 0, 0
33849, 512000, 0, 0, 0
33949, 486400, 0, 0, 0
34049, 537600, 0, 0, 0
34149, 473600, 0, 0, 0
34250, 448000, 0, 0, 0
34350, 422400, 0, 0, 0
34450, 524800, 0, 0, 0
34550, 460800, 0, 0, 0
34650, 460800, 0, 0, 0
34749, 439595, 0, 0, 0
34849, 512000, 0, 0, 0
34949, 486400, 0, 0, 0
35049, 512000, 0, 0, 0
35149, 512000, 0, 0, 0
35249, 460800, 0, 0, 0
35349, 422400, 0, 0, 0
35449, 473600, 0, 0, 0
35550, 460800, 0, 0, 0
35650, 448000, 0, 0, 0
35749, 465454, 0, 0, 0
35849, 499200, 0, 0, 0
35949, 486400, 0, 0, 0
36049, 499200, 0, 0, 0
36149, 550400, 0, 0, 0
36249, 460800, 0, 0, 0
36349, 435200, 0, 0, 0
36449, 524800, 0, 0, 0
36549, 460800, 0, 0, 0
36649, 512000, 0, 0, 0
36750, 460800, 0, 0, 0
36850, 473600, 0, 0, 0
36950, 486400, 0, 0, 0
37050, 499200, 0, 0, 0
37150, 486400, 0, 0, 0
37249, 517171, 0, 0, 0
37349, 512000, 0, 0, 0
37449, 473600, 0, 0, 0
37549, 473600, 0, 0, 0
37649, 512000, 0, 0, 0
37749, 499200, 0, 0, 0
37849, 499200, 0, 0, 0
37949, 448000, 0, 0, 0
38050, 537600, 0, 0, 0
38150, 512000, 0, 0, 0
38249, 478383, 0, 0, 0
38349, 435200, 0, 0, 0
38449, 499200, 0, 0, 0
38549, 499200, 0, 0, 0
38649, 512000, 0, 0, 0
38749, 473600, 0, 0, 0
38849, 460800, 0, 0, 0
38949, 435200, 0, 0, 0
39049, 448000, 0, 0, 0
39149, 460800, 0, 0, 0
39249, 524800, 0, 0, 0
39350, 512000, 0, 0, 0
39450, 460800, 0, 0, 0
39550, 537600, 0, 0, 0
39650, 473600, 0, 0, 0
39749, 439595, 0, 0, 0
39849, 499200, 0, 0, 0
39949, 512000, 0, 0, 0
40049, 460800, 0, 0, 0
40149, 448000, 0, 0, 0
40249, 448000, 0, 0, 0
40349, 486400, 0, 0, 0
40449, 473600, 0, 0, 0
40550, 512000, 0, 0, 0
40650, 512000, 0, 0, 0
40749, 478383, 0, 0, 0
40849, 473600, 0, 0, 0
40949, 524800, 0, 0, 0
41049, 512000, 0, 0, 0
41149, 473600, 0, 0, 0
41249, 563200, 0, 0, 0
41349, 512000, 0, 0, 0
41449, 473600, 0, 0, 0
41549, 473600, 0, 0, 0
41649, 460800, 0, 0, 0
41749, 473600, 0, 0, 0
41850, 550400, 0, 0, 0
41950, 550400, 0, 0, 0
42050, 563200, 0, 0, 0
42150, 563200, 0, 0, 0
42249, 465454, 0, 0, 0
42349, 524800, 0, 0, 0
42449, 512000, 0, 0, 0
42549, 537600, 0, 0, 0
42649, 422400, 0, 0, 0
42749, 460800, 0, 0, 0
42849, 512000, 0, 0, 0
42949, 460800, 0, 0, 0
43049, 486400, 0, 0, 0
43149, 460800, 0, 0, 0
43250, 550400, 0, 0, 0
43350, 460800, 0, 0, 0
43450, 486400, 0, 0, 0
43550, 499200, 0, 0, 0
43650, 448000, 0, 0, 0
43749, 478383, 0, 0, 0
43849, 499200, 0, 0, 0
43949, 524800, 0, 0, 0
44049, 512000, 0, 0, 0
44149, 499200, 0, 0, 0
44249, 448000, 0, 0, 0
44349, 486400, 0, 0, 0
44449, 473600, 0, 0, 0
44550, 422400, 0, 0, 0
44650, 460800, 0, 0, 0
44749, 530101, 0, 0, 0
44849, 486400, 0, 0, 0
44949, 499200, 0, 0, 0
45049, 537600, 0, 0, 0
45149, 499200, 0, 0, 0
45249, 486400, 0, 0, 0
45349, 486400, 0, 0, 0
45449, 460800, 0, 0, 0
45549, 524800, 0, 0, 0
45649, 460800, 0, 0, 0
45750, 473600, 0, 0, 0
45850, 448000, 0, 0, 0
45950, 460800, 0, 0, 0
46050, 473600, 0, 0, 0
46150, 460800, 0, 0, 0
46249, 555959, 0, 0, 0
46349, 512000, 0, 0, 0
46449, 422400, 0, 0, 0
46549, 524800, 0, 0, 0
46649, 524800, 0, 0, 0
46749, 537600, 0, 0, 0
46849, 537600, 0, 0, 0
46949, 550400, 0, 0, 0
47050, 460800, 0, 0, 0
47150, 473600, 0, 0, 0
47249, 517171, 0, 0, 0
47349, 460800, 0, 0, 0
47449, 499200, 0, 0, 0
47549, 524800, 0, 0, 0
47649, 473600, 0, 0, 0
47749, 524800, 0, 0, 0
47849, 435200, 0, 0, 0
47949, 499200, 0, 0, 0
48049, 550400, 0, 0, 0
48149, 524800, 0, 0, 0
48250, 524800, 0, 0, 0
48350, 486400, 0, 0, 0
48450, 512000, 0, 0, 0
48550, 473600, 0, 0, 0
48650, 537600, 0, 0, 0
48749, 530101, 0, 0, 0
48849, 524800, 0, 0, 0
48949, 486400, 0, 0, 0
49049, 473600, 0, 0, 0
49149, 448000, 0, 0, 0
49249, 524800, 0, 0, 0
49349, 486400, 0, 0, 0
49449, 486400, 0, 0, 0
49549, 473600, 0, 0, 0
49650, 448000, 0, 0, 0
49749, 413737, 0, 0, 0
49849, 499200, 0, 0, 0
49949, 512000, 0, 0, 0
50049, 512000, 0, 0, 0
50149, 499200, 0, 0, 0
50249, 499200, 0, 0, 0
50349, 473600, 0, 0, 0
50449, 473600, 0, 0, 0
50549, 512000, 0, 0, 0
50649, 486400, 0, 0, 0
50749, 473600, 0, 0, 0
50849, 473600, 0, 0, 0
50949, 486400, 0, 0, 0
51050, 512000, 0, 0, 0
51150, 499200, 0, 0, 0
51249, 439595, 0, 0, 0
51349, 537600, 0, 0, 0
51449, 537600, 0, 0, 0
51549, 512000, 0, 0, 0
51649, 524800, 0, 0, 0
51749, 537600, 0, 0, 0
51849, 486400, 0, 0, 0
51949, 499200, 0, 0, 0
52049, 537600, 0, 0, 0
52149, 499200, 0, 0, 0
52250, 422400, 0, 0, 0
52350, 448000, 0, 0, 0
52450, 499200, 0, 0, 0
52550, 512000, 0, 0, 0
52650, 486400, 0, 0, 0
52749, 517171, 0, 0, 0
52849, 473600, 0, 0, 0
52949, 512000, 0, 0, 0
53049, 499200, 0, 0, 0
53149, 486400, 0, 0, 0
53249, 499200, 0, 0, 0
53349, 448000, 0, 0, 0
53449, 512000, 0, 0, 0
53550, 512000, 0, 0, 0
53650, 422400, 0, 0, 0
53749, 504242, 0, 0, 0
53849, 512000, 0, 0, 0
53949, 537600, 0, 0, 0
54049, 473600, 0, 0, 0
54149, 486400, 0, 0, 0
54249, 499200, 0, 0, 0
54349, 537600, 0, 0, 0
54449, 473600, 0, 0, 0
54549, 486400, 0, 0, 0
54649, 486400, 0, 0, 0
54750, 473600, 0, 0, 0
54850, 422400, 0, 0, 0
54950, 524800, 0, 0, 0
55050, 512000, 0, 0, 0
55150, 473600, 0, 0, 0
55249, 491313, 0, 0, 0
55349, 563200, 0, 0, 0
55449, 473600, 0, 0, 0
55549, 550400, 0, 0, 0
55649, 563200, 0, 0, 0
55749, 499200, 0, 0, 0
55850, 524800, 0, 0, 0
55950, 512000, 0, 0, 0
56050, 537600, 0, 0, 0
56150, 524800, 0, 0, 0
56249, 504242, 0, 0, 0
56349, 448000, 0, 0, 0
56449, 486400, 0, 0, 0
56549, 448000, 0, 0, 0
56649, 499200, 0, 0, 0
56749, 512000, 0, 0, 0
56849, 512000, 0, 0, 0
56949, 512000, 0, 0, 0
57050, 499200, 0, 0, 0
57150, 473600, 0, 0, 0
57249, 452525, 0, 0, 0
57349, 460800, 0, 0, 0
57449, 524800, 0, 0, 0
57549, 499200, 0, 0, 0
57649, 460800, 0, 0, 0
57749, 448000, 0, 0, 0
57849, 512000, 0, 0, 0
57949, 486400, 0, 0, 0
58049, 448000, 0, 0, 0
58149, 448000, 0, 0, 0
58249, 499200, 0, 0, 0
58350, 486400, 0, 0, 0
58450, 460800, 0, 0, 0
58550, 499200, 0, 0, 0
58650, 460800, 0, 0, 0
58749, 517171, 0, 0, 0
58849, 499200, 0, 0, 0
58949, 512000, 0, 0, 0
59049, 448000, 0, 0, 0
59149, 422400, 0, 0, 0
59249, 499200, 0, 0, 0
59349, 512000, 0, 0, 0
59449, 563200, 0, 0, 0
59550, 512000, 0, 0, 0
59650, 512000, 0, 0, 0
59749, 452525, 0, 0, 0
59849, 473600, 0, 0, 0
59949, 473600, 0, 0, 0
