250, 240, 0, 0, 0
350, 180, 0, 0, 0
450, 290, 0, 0, 0
550, 270, 0, 0, 0
650, 220, 0, 0, 0
749, 252, 0, 0, 0
849, 270, 0, 0, 0
949, 190, 0, 0, 0
1049, 210, 0, 0, 0
1149, 170, 0, 0, 0
1250, 270, 0, 0, 0
1350, 210, 0, 0, 0
1450, 170, 0, 0, 0
1550, 210, 0, 0, 0
1650, 180, 0, 0, 0
1749, 202, 0, 0, 0
1849, 200, 0, 0, 0
1949, 170, 0, 0, 0
2049, 180, 0, 0, 0
2149, 230, 0, 0, 0
2249, 280, 0, 0, 0
2349, 240, 0, 0, 0
2449, 250, 0, 0, 0
2550, 190, 0, 0, 0
2650, 260, 0, 0, 0
2749, 242, 0, 0, 0
2849, 240, 0, 0, 0
2949, 170, 0, 0, 0
3049, 210, 0, 0, 0
3149, 270, 0, 0, 0
3249, 210, 0, 0, 0
3349, 180, 0, 0, 0
3449, 190, 0, 0, 0
3549, 250, 0, 0, 0
3649, 330, 0, 0, 0
3749, 160, 0, 0, 0
3850, 210, 0, 0, 0
3950, 220, 0, 0, 0
4050, 150, 0, 0, 0
4150, 230, 0, 0, 0
4249, 202, 0, 0, 0
4349, 260, 0, 0, 0
4449, 190, 0, 0, 0
4549, 250, 0, 0, 0
4649, 260, 0, 0, 0
4749, 310, 0, 0, 0
4849, 230, 0, 0, 0
4949, 240, 0, 0, 0
5049, 220, 0, 0, 0
5150, 200, 0, 0, 0
5250, 230, 0, 0, 0
5350, 230, 0, 0, 0
5450, 240, 0, 0, 0
5550, 210, 0, 0, 0
5650, 210, 0, 0, 0
5749, 171, 0, 0, 0
5849, 170, 0, 0, 0
5949, 250, 0, 0, 0
6049, 190, 0, 0, 0
6149, 210, 0, 0, 0
6249, 200, 0, 0, 0
6349, 210, 0, 0, 0
6450, 190, 0, 0, 0
6550, 250, 0, 0, 0
6650, 210, 0, 0, 0
6749, 272, 0, 0, 0
6849, 180, 0, 0, 0
6949, 250, 0, 0, 0
7049, 270, 0, 0, 0
7149, 260, 0, 0, 0
7249, 280, 0, 0, 0
7349, 210, 0, 0, 0
7449, 180, 0, 0, 0
7549, 240, 0, 0, 0
7650, 260, 0, 0, 0
7749, 202, 0, 0, 0
7849, 240, 0, 0, 0
7949, 240, 0, 0, 0
8049, 200, 0, 0, 0
8149, 200, 0, 0, 0
8249, 220, 0, 0, 0
8349, 210, 0, 0, 0
8449, 240, 0, 0, 0
8549, 230, 0, 0, 0
8649, 220, 0, 0, 0
8750, 300, 0, 0, 0
8850, 190, 0, 0, 0
8950, 190, 0, 0, 0
9050, 220, 0, 0, 0
9150, 200, 0, 0, 0
9249, 141, 0, 0, 0
9349, 190, 0, 0, 0
9449, 240, 0, 0, 0
9549, 200, 0, 0, 0
9649, 280, 0, 0, 0
9749, 180, 0, 0, 0
9849, 210, 0, 0, 0
9949, 240, 0, 0, 0
10050, 190, 0, 0, 0
10150, 210, 0, 0, 0
10249, 212, 0, 0, 0
10349, 240, 0, 0, 0
10449, 280, 0, 0, 0
10549, 240, 0, 0, 0
10649, 220, 0, 0, 0
10749, 210, 0, 0, 0
10849, 180, 0, 0, 0
10949, 250, 0, 0, 0
11050, 230, 0, 0, 0
11150, 250, 0, 0, 0
11249, 202, 0, 0, 0
11349, 200, 0, 0, 0
11449, 230, 0, 0, 0
11549, 180, 0, 0, 0
11649, 230, 0, 0, 0
11749, 170, 0, 0, 0
11849, 260, 0, 0, 0
11949, 170, 0, 0, 0
12049, 200, 0, 0, 0
12149, 200, 0, 0, 0
12250, 240, 0, 0, 0
12350, 190, 0, 0, 0
12450, 220, 0, 0, 0
12550, 200, 0, 0, 0
12650, 200, 0, 0, 0
12749, 202, 0, 0, 0
12849, 270, 0, 0, 0
12949, 150, 0, 0, 0
13049, 220, 0, 0, 0
13149, 270, 0, 0, 0
13249, 240, 0, 0, 0
13349, 230, 0, 0, 0
13449, 270, 0, 0, 0
13550, 220, 0, 0, 0
13650, 270, 0, 0, 0
13749, 262, 0, 0, 0
13849, 180, 0, 0, 0
13949, 250, 0, 0, 0
14049, 190, 0, 0, 0
14149, 180, 0, 0, 0
14249, 220, 0, 0, 0
14349, 180, 0, 0, 0
14449, 210, 0, 0, 0
14549, 230, 0, 0, 0
14649, 170, 0, 0, 0
14750, 180, 0, 0, 0
14850, 200, 0, 0, 0
14950, 250, 0, 0, 0
15050, 170, 0, 0, 0
15150, 240, 0, 0, 0
15249, 202, 0, 0, 0
15349, 250, 0, 0, 0
15449, 260, 0, 0, 0
15549, 220, 0, 0, 0
15649, 170, 0, 0, 0
15749, 160, 0, 0, 0
15849, 280, 0, 0, 0
15950, 240, 0, 0, 0
16050, 240, 0, 0, 0
16150, 200, 0, 0, 0
16249, 212, 0, 0, 0
16349, 240, 0, 0, 0
16449, 150, 0, 0, 0
16549, 240, 0, 0, 0
16649, 210, 0, 0, 0
16749, 140, 0, 0, 0
16849, 180, 0, 0, 0
16949, 190, 0, 0, 0
17050, 200, 0, 0, 0
17150, 280, 0, 0, 0
17249, 191, 0, 0, 0
17349, 230, 0, 0, 0
17449, 190, 0, 0, 0
17549, 280, 0, 0, 0
17649, 250, 0, 0, 0
17749, 170, 0, 0, 0
17849, 240, 0, 0, 0
17949, 210, 0, 0, 0
18049, 170, 0, 0, 0
18149, 210, 0, 0, 0
18250, 230, 0, 0, 0
18350, 270, 0, 0, 0
18450, 220, 0, 0, 0
18550, 150, 0, 0, 0
18650, 230, 0, 0, 0
18749, 232, 0, 0, 0
18849, 250, 0, 0, 0
18949, 200, 0, 0, 0
19049, 240, 0, 0, 0
19149, 190, 0, 0, 0
19249, 150, 0, 0, 0
19349, 120, 0, 0, 0
19449, 260, 0, 0, 0
19550, 190, 0, 0, 0
19650, 200, 0, 0, 0
19749, 151, 0, 0, 0
19849, 180, 0, 0, 0
19949, 240, 0, 0, 0
20049, 140, 0, 0, 0
20149, 180, 0, 0, 0
20249, 190, 0, 0, 0
20349, 160, 0, 0, 0
20449, 190, 0, 0, 0
20549, 240, 0, 0, 0
20649, 180, 0, 0, 0
20750, 290, 0, 0, 0
20850, 230, 0, 0, 0
20950, 250, 0, 0, 0
21050, 300, 0, 0, 0
21150, 240, 0, 0, 0
21249, 242, 0, 0, 0
21349, 250, 0, 0, 0
21449, 190, 0, 0, 0
21549, 170, 0, 0, 0
21649, 210, 0, 0, 0
21749, 140, 0, 0, 0
21849, 230, 0, 0, 0
21949, 270, 0, 0, 0
22050, 110, 0, 0, 0
22150, 210, 0, 0, 0
22249, 282, 0, 0, 0
22349, 190, 0, 0, 0
22449, 180, 0, 0, 0
22549, 310, 0, 0, 0
22649, 240, 0, 0, 0
22749, 170, 0, 0, 0
22849, 230, 0, 0, 0
22949, 180, 0, 0, 0
23049, 170, 0, 0, 0
23149, 230, 0, 0, 0
23250, 180, 0, 0, 0
23350, 230, 0, 0, 0
23450, 100, 0, 0, 0
23550, 100, 0, 0, 0
23650, 190, 0, 0, 0
23749, 232, 0, 0, 0
23849, 230, 0, 0, 0
23949, 200, 0, 0, 0
24050, 170, 0, 0, 0
24150, 190, 0, 0, 0
24249, 161, 0, 0, 0
24349, 230, 0, 0, 0
24449, 240, 0, 0, 0
24549, 250, 0, 0, 0
24649, 240, 0, 0, 0
24749, 160, 0, 0, 0
24849, 200, 0, 0, 0
24949, 210, 0, 0, 0
25049, 180, 0, 0, 0
25149, 220, 0, 0, 0
25249, 220, 0, 0, 0
25349, 210, 0, 0, 0
25450, 220, 0, 0, 0
25550, 150, 0, 0, 0
25650, 190, 0, 0, 0
25749, 202, 0, 0, 0
25849, 200, 0, 0, 0
25949, 200, 0, 0, 0
26049, 220, 0, 0, 0
26149, 170, 0, 0, 0
26249, 200, 0, 0, 0
26349, 160, 0, 0, 0
26449, 200, 0, 0, 0
26549, 180, 0, 0, 0
26650, 220, 0, 0, 0
26749, 141, 0, 0, 0
26849, 310, 0, 0, 0
26949, 200, 0, 0, 0
27049, 250, 0, 0, 0
27149, 190, 0, 0, 0
27249, 190, 0, 0, 0
27349, 230, 0, 0, 0
27449, 230, 0, 0, 0
27549, 200, 0, 0, 0
27649, 240, 0, 0, 0
27749, 170, 0, 0, 0
27849, 210, 0, 0, 0
27950, 200, 0, 0, 0
28050, 260, 0, 0, 0
28150, 210, 0, 0, 0
28249, 242, 0, 0, 0
28349, 260, 0, 0, 0
28449, 210, 0, 0, 0
28549, 190, 0, 0, 0
28649, 200, 0, 0, 0
28749, 180, 0, 0, 0
28849, 230, 0, 0, 0
28949, 240, 0, 0, 0
29049, 280, 0, 0, 0
29149, 230, 0, 0, 0
29250, 130, 0, 0, 0
29350, 250, 0, 0, 0
29450, 160, 0, 0, 0
29550, 240, 0, 0, 0
29650, 190, 0, 0, 0
29749, 202, 0, 0, 0
29849, 210, 0, 0, 0
29949, 250, 0, 0, 0
30049, 220, 0, 0, 0
30149, 180, 0, 0, 0
30250, 150, 0, 0, 0
30350, 300, 0, 0, 0
30450, 190, 0, 0, 0
30550, 250, 0, 0, 0
30650, 180, 0, 0, 0
30749, 191, 0, 0, 0
30849, 200, 0, 0, 0
30949, 240, 0, 0, 0
31049, 250, 0, 0, 0
31149, 280, 0, 0, 0
31249, 160, 0, 0, 0
31349, 190, 0, 0, 0
31449, 170, 0, 0, 0
31550, 180, 0, 0, 0
31650, 240, 0, 0, 0
31749, 181, 0, 0, 0
31849, 250, 0, 0, 0
31949, 190, 0, 0, 0
32049, 200, 0, 0, 0
32149, 290, 0, 0, 0
32249, 240, 0, 0, 0
32349, 230, 0, 0, 0
32449, 220, 0, 0, 0
32549, 280, 0, 0, 0
32650, 190, 0, 0, 0
32750, 250, 0, 0, 0
32850, 220, 0, 0, 0
32950, 290, 0, 0, 0
33050, 180, 0, 0, 0
33150, 280, 0, 0, 0
33249, 191, 0, 0, 0
33349, 250, 0, 0, 0
33449, 240, 0, 0, 0
33549, 230, 0, 0, 0
33649, 210, 0, 0, 0
33749, 230, 0, 0, 0
33850, 180, 0, 0, 0
33950, 250, 0, 0, 0
34050, 200, 0, 0, 0
34150, 270, 0, 0, 0
34249, 232, 0, 0, 0
34349, 280, 0, 0, 0
34449, 200, 0, 0, 0
34549, 210, 0, 0, 0
34649, 270, 0, 0, 0
34749, 180, 0, 0, 0
34849, 270, 0, 0, 0
34949, 210, 0, 0, 0
35050, 170, 0, 0, 0
35150, 260, 0, 0, 0
35249, 191, 0, 0, 0
35349, 190, 0, 0, 0
35449, 250, 0, 0, 0
35549, 230, 0, 0, 0
35649, 200, 0, 0, 0
35749, 230, 0, 0, 0
35849, 170, 0, 0, 0
35949, 90, 0, 0, 0
36049, 190, 0, 0, 0
36149, 180, 0, 0, 0
36250, 200, 0, 0, 0
36350, 200, 0, 0, 0
36450, 250, 0, 0, 0
36550, 190, 0, 0, 0
36650, 210, 0, 0, 0
36749, 141, 0, 0, 0
36849, 230, 0, 0, 0
36949, 240, 0, 0, 0
37049, 190, 0, 0, 0
37149, 230, 0, 0, 0
37249, 170, 0, 0, 0
37349, 250, 0, 0, 0
37449, 230, 0, 0, 0
37550, 180, 0, 0, 0
37650, 200, 0, 0, 0
37749, 232, 0, 0, 0
37849, 250, 0, 0, 0
37949, 140, 0, 0, 0
38049, 180, 0, 0, 0
38149, 210, 0, 0, 0
38249, 200, 0, 0, 0
38349, 210, 0, 0, 0
38449, 200, 0, 0, 0
38549, 210, 0, 0, 0
38649, 140, 0, 0, 0
38749, 250, 0, 0, 0
38850, 180, 0, 0, 0
38950, 190, 0, 0, 0
39050, 220, 0, 0, 0
39150, 150, 0, 0, 0
39249, 191, 0, 0, 0
39349, 150, 0, 0, 0
39449, 180, 0, 0, 0
39549, 180, 0, 0, 0
39649, 190, 0, 0, 0
39749, 180, 0, 0, 0
39849, 200, 0, 0, 0
39949, 210, 0, 0, 0
40049, 210, 0, 0, 0
40149, 190, 0, 0, 0
40250, 280, 0, 0, 0
40350, 110, 0, 0, 0
40450, 270, 0, 0, 0
40550, 190, 0, 0, 0
40650, 190, 0, 0, 0
40749, 242, 0, 0, 0
40849, 200, 0, 0, 0
40949, 240, 0, 0, 0
41049, 240, 0, 0, 0
41149, 220, 0, 0, 0
41249, 180, 0, 0, 0
41349, 210, 0, 0, 0
41449, 250, 0, 0, 0
41550, 160, 0, 0, 0
41650, 210, 0, 0, 0
41749, 212, 0, 0, 0
41849, 220, 0, 0, 0
41949, 220, 0, 0, 0
42049, 270, 0, 0, 0
42149, 150, 0, 0, 0
42249, 240, 0, 0, 0
42349, 290, 0, 0, 0
42449, 220, 0, 0, 0
42549, 150, 0, 0, 0
42650, 150, 0, 0, 0
42750, 200, 0, 0, 0
42850, 220, 0, 0, 0
42950, 180, 0, 0, 0
43050, 240, 0, 0, 0
43150, 250, 0, 0, 0
43249, 161, 0, 0, 0
43349, 170, 0, 0, 0
43449, 220, 0, 0, 0
43549, 120, 0, 0, 0
43649, 240, 0, 0, 0
43750, 160, 0, 0, 0
43850, 160, 0, 0, 0
43950, 180, 0, 0, 0
44050, 210, 0, 0, 0
44150, 210, 0, 0, 0
44249, 222, 0, 0, 0
44349, 200, 0, 0, 0
44449, 200, 0, 0, 0
44549, 160, 0, 0, 0
44649, 290, 0, 0, 0
44749, 240, 0, 0, 0
44849, 220, 0, 0, 0
44950, 240, 0, 0, 0
45050, 220, 0, 0, 0
45150, 210, 0, 0, 0
45249, 222, 0, 0, 0
45349, 190, 0, 0, 0
45449, 160, 0, 0, 0
45549, 160, 0, 0, 0
45649, 230, 0, 0, 0
45749, 170, 0, 0, 0
45849, 250, 0, 0, 0
45949, 190, 0, 0, 0
46050, 190, 0, 0, 0
46150, 190, 0, 0, 0
46249, 171, 0, 0, 0
46349, 200, 0, 0, 0
46449, 250, 0, 0, 0
46549, 170, 0, 0, 0
46649, 200, 0, 0, 0
46749, 130, 0, 0, 0
46849, 230, 0, 0, 0
46949, 260, 0, 0, 0
47049, 200, 0, 0, 0
47150, 190, 0, 0, 0
47249, 252, 0, 0, 0
47349, 240, 0, 0, 0
47449, 290, 0, 0, 0
47549, 260, 0, 0, 0
47649, 200, 0, 0, 0
47749, 230, 0, 0, 0
47849, 190, 0, 0, 0
47949, 180, 0, 0, 0
48049, 150, 0, 0, 0
48149, 200, 0, 0, 0
48250, 240, 0, 0, 0
48350, 180, 0, 0, 0
48450, 210, 0, 0, 0
48550, 250, 0, 0, 0
48650, 160, 0, 0, 0
48749, 222, 0, 0, 0
48849, 210, 0, 0, 0
48949, 210, 0, 0, 0
49049, 240, 0, 0, 0
49149, 190, 0, 0, 0
49250, 190, 0, 0, 0
49350, 190, 0, 0, 0
49450, 180, 0, 0, 0
49550, 170, 0, 0, 0
49650, 200, 0, 0, 0
49749, 222, 0, 0, 0
49849, 270, 0, 0, 0
49949, 260, 0, 0, 0
50049, 210, 0, 0, 0
50149, 200, 0, 0, 0
50249, 150, 0, 0, 0
50349, 280, 0, 0, 0
50450, 190, 0, 0, 0
50550, 270, 0, 0, 0
50650, 210, 0, 0, 0
50749, 222, 0, 0, 0
50849, 160, 0, 0, 0
50949, 180, 0, 0, 0
51049, 280, 0, 0, 0
51149, 240, 0, 0, 0
51249, 300, 0, 0, 0
51349, 270, 0, 0, 0
51449, 200, 0, 0, 0
51550, 210, 0, 0, 0
51650, 220, 0, 0, 0
51749, 272, 0, 0, 0
51849, 240, 0, 0, 0
51949, 240, 0, 0, 0
52049, 170, 0, 0, 0
52149, 230, 0, 0, 0
52249, 210, 0, 0, 0
52349, 240, 0, 0, 0
52449, 210, 0, 0, 0
52549, 160, 0, 0, 0
52649, 220, 0, 0, 0
52750, 290, 0, 0, 0
52850, 230, 0, 0, 0
52950, 230, 0, 0, 0
53050, 290, 0, 0, 0
53150, 260, 0, 0, 0
53249, 151, 0, 0, 0
53349, 170, 0, 0, 0
53449, 280, 0, 0, 0
53549, 170, 0, 0, 0
53649, 200, 0, 0, 0
53750, 200, 0, 0, 0
53850, 280, 0, 0, 0
53950, 180, 0, 0, 0
54050, 200, 0, 0, 0
54150, 190, 0, 0, 0
54249, 242, 0, 0, 0
54349, 180, 0, 0, 0
54449, 190, 0, 0, 0
54549, 230, 0, 0, 0
54649, 200, 0, 0, 0
54749, 210, 0, 0, 0
54849, 130, 0, 0, 0
54949, 230, 0, 0, 0
55050, 210, 0, 0, 0
55150, 180, 0, 0, 0
55249, 161, 0, 0, 0
55349, 220, 0, 0, 0
55449, 300, 0, 0, 0
55549, 190, 0, 0, 0
55649, 200, 0, 0, 0
55749, 200, 0, 0, 0
55849, 220, 0, 0, 0
55949, 160, 0, 0, 0
56049, 300, 0, 0, 0
56149, 220, 0, 0, 0
56250, 210, 0, 0, 0
56350, 190, 0, 0, 0
56450, 190, 0, 0, 0
56550, 260, 0, 0, 0
56650, 170, 0, 0, 0
56749, 181, 0, 0, 0
56849, 200, 0, 0, 0
56949, 200, 0, 0, 0
57049, 170, 0, 0, 0
57149, 240, 0, 0, 0
57249, 210, 0, 0, 0
57349, 200, 0, 0, 0
57449, 250, 0, 0, 0
57550, 180, 0, 0, 0
57650, 210, 0, 0, 0
57749, 191, 0, 0, 0
57849, 200, 0, 0, 0
57949, 200, 0, 0, 0
58049, 200, 0, 0, 0
58149, 190, 0, 0, 0
58249, 210, 0, 0, 0
58349, 220, 0, 0, 0
58449, 280, 0, 0, 0
58549, 230, 0, 0, 0
58649, 350, 0, 0, 0
58750, 220, 0, 0, 0
58850, 210, 0, 0, 0
58950, 220, 0, 0, 0
59050, 270, 0, 0, 0
59150, 170, 0, 0, 0
59249, 191, 0, 0, 0
59349, 260, 0, 0, 0
59449, 210, 0, 0, 0
59549, 210, 0, 0, 0
59649, 220, 0, 0, 0
59749, 160, 0, 0, 0
59849, 180, 0, 0, 0
59949, 250, 0, 0, 0
60050, 220, 0, 0, 0
60150, 160, 0, 0, 0
60249, 161, 0, 0, 0
60349, 200, 0, 0, 0
60449, 140, 0, 0, 0
60549, 190, 0, 0, 0
60649, 220, 0, 0, 0
60749, 210, 0, 0, 0
60849, 180, 0, 0, 0
60949, 180, 0, 0, 0
61049, 210, 0, 0, 0
61149, 210, 0, 0, 0
61249, 140, 0, 0, 0
61350, 190, 0, 0, 0
61450, 150, 0, 0, 0
61550, 200, 0, 0, 0
61650, 260, 0, 0, 0
61749, 323, 0, 0, 0
61849, 250, 0, 0, 0
61949, 250, 0, 0, 0
62049, 220, 0, 0, 0
62149, 260, 0, 0, 0
62249, 160, 0, 0, 0
62349, 200, 0, 0, 0
62449, 150, 0, 0, 0
62549, 280, 0, 0, 0
62650, 130, 0, 0, 0
62749, 242, 0, 0, 0
62849, 220, 0, 0, 0
62949, 200, 0, 0, 0
63049, 170, 0, 0, 0
63149, 200, 0, 0, 0
63249, 190, 0, 0, 0
63349, 200, 0, 0, 0
63449, 200, 0, 0, 0
63549, 250, 0, 0, 0
63649, 250, 0, 0, 0
63750, 210, 0, 0, 0
63850, 240, 0, 0, 0
63950, 170, 0, 0, 0
64050, 180, 0, 0, 0
64150, 230, 0, 0, 0
64249, 181, 0, 0, 0
64349, 260, 0, 0, 0
64449, 260, 0, 0, 0
64549, 150, 0, 0, 0
64649, 200, 0, 0, 0
64749, 230, 0, 0, 0
64849, 250, 0, 0, 0
64949, 360, 0, 0, 0
65050, 160, 0, 0, 0
65150, 120, 0, 0, 0
65249, 242, 0, 0, 0
65349, 240, 0, 0, 0
65449, 240, 0, 0, 0
65549, 170, 0, 0, 0
65649, 260, 0, 0, 0
65749, 190, 0, 0, 0
65849, 160, 0, 0, 0
65949, 230, 0, 0, 0
66049, 250, 0, 0, 0
66149, 210, 0, 0, 0
66250, 200, 0, 0, 0
66350, 230, 0, 0, 0
66450, 140, 0, 0, 0
66550, 120, 0, 0, 0
66650, 160, 0, 0, 0
66749, 222, 0, 0, 0
66849, 230, 0, 0, 0
66949, 200, 0, 0, 0
67049, 170, 0, 0, 0
67149, 240, 0, 0, 0
67249, 230, 0, 0, 0
67349, 240, 0, 0, 0
67449, 240, 0, 0, 0
67550, 200, 0, 0, 0
67650, 190, 0, 0, 0
67749, 181, 0, 0, 0
67849, 260, 0, 0, 0
67949, 160, 0, 0, 0
68049, 210, 0, 0, 0
68149, 250, 0, 0, 0
68249, 200, 0, 0, 0
68349, 200, 0, 0, 0
68449, 230, 0, 0, 0
68549, 190, 0, 0, 0
68649, 210, 0, 0, 0
68749, 170, 0, 0, 0
68850, 160, 0, 0, 0
68950, 210, 0, 0, 0
69050, 210, 0, 0, 0
69150, 260, 0, 0, 0
69249, 232, 0, 0, 0
69349, 220, 0, 0, 0
69449, 180, 0, 0, 0
69549, 200, 0, 0, 0
69649, 210, 0, 0, 0
69749, 130, 0, 0, 0
69849, 210, 0, 0, 0
69949, 240, 0, 0, 0
70050, 150, 0, 0, 0
70150, 250, 0, 0, 0
70249, 191, 0, 0, 0
70349, 230, 0, 0, 0
70449, 240, 0, 0, 0
70549, 220, 0, 0, 0
70649, 180, 0, 0, 0
70749, 190, 0, 0, 0
70849, 210, 0, 0, 0
70949, 230, 0, 0, 0
71049, 220, 0, 0, 0
71149, 220, 0, 0, 0
71249, 160, 0, 0, 0
71349, 260, 0, 0, 0
71449, 250, 0, 0, 0
71550, 200, 0, 0, 0
71650, 210, 0, 0, 0
71749, 131, 0, 0, 0
71849, 190, 0, 0, 0
71949, 240, 0, 0, 0
72049, 250, 0, 0, 0
72149, 200, 0, 0, 0
72249, 230, 0, 0, 0
72349, 220, 0, 0, 0
72449, 290, 0, 0, 0
72549, 180, 0, 0, 0
72649, 170, 0, 0, 0
72750, 190, 0, 0, 0
72850, 150, 0, 0, 0
72950, 220, 0, 0, 0
73050, 200, 0, 0, 0
73150, 220, 0, 0, 0
73249, 282, 0, 0, 0
73349, 190, 0, 0, 0
73449, 210, 0, 0, 0
73549, 240, 0, 0, 0
73649, 180, 0, 0, 0
73749, 230, 0, 0, 0
73849, 200, 0, 0, 0
73950, 210, 0, 0, 0
74050, 250, 0, 0, 0
74150, 180, 0, 0, 0
74249, 121, 0, 0, 0
74349, 290, 0, 0, 0
74449, 120, 0, 0, 0
74549, 140, 0, 0, 0
74649, 150, 0, 0, 0
74749, 150, 0, 0, 0
74849, 230, 0, 0, 0
74949, 200, 0, 0, 0
75049, 130, 0, 0, 0
75149, 100, 0, 0, 0
75250, 140, 0, 0, 0
75350, 220, 0, 0, 0
75450, 210, 0, 0, 0
75550, 250, 0, 0, 0
75650, 140, 0, 0, 0
75749, 181, 0, 0, 0
75849, 190, 0, 0, 0
75949, 140, 0, 0, 0
76049, 260, 0, 0, 0
76149, 240, 0, 0, 0
76250, 170, 0, 0, 0
76350, 140, 0, 0, 0
76450, 140, 0, 0, 0
76550, 250, 0, 0, 0
76650, 220, 0, 0, 0
76749, 151, 0, 0, 0
76849, 230, 0, 0, 0
76949, 180, 0, 0, 0
77049, 200, 0, 0, 0
77149, 190, 0, 0, 0
77249, 190, 0, 0, 0
77349, 210, 0, 0, 0
77449, 240, 0, 0, 0
77549, 230, 0, 0, 0
77650, 230, 0, 0, 0
77750, 270, 0, 0, 0
77850, 190, 0, 0, 0
77950, 210, 0, 0, 0
78050, 230, 0, 0, 0
78150, 310, 0, 0, 0
78249, 212, 0, 0, 0
78349, 260, 0, 0, 0
78449, 200, 0, 0, 0
78549, 170, 0, 0, 0
78649, 130, 0, 0, 0
78749, 250, 0, 0, 0
78849, 300, 0, 0, 0
78949, 320, 0, 0, 0
79050, 180, 0, 0, 0
79150, 230, 0, 0, 0
79249, 191, 0, 0, 0
79349, 250, 0, 0, 0
79449, 270, 0, 0, 0
79549, 180, 0, 0, 0
79649, 200, 0, 0, 0
79749, 180, 0, 0, 0
79849, 180, 0, 0, 0
79949, 160, 0, 0, 0
80049, 240, 0, 0, 0
80149, 140, 0, 0, 0
80250, 190, 0, 0, 0
80350, 190, 0, 0, 0
80450, 220, 0, 0, 0
80550, 180, 0, 0, 0
80650, 250, 0, 0, 0
80749, 282, 0, 0, 0
80849, 200, 0, 0, 0
80949, 250, 0, 0, 0
81049, 230, 0, 0, 0
81149, 210, 0, 0, 0
81249, 250, 0, 0, 0
81349, 120, 0, 0, 0
81449, 210, 0, 0, 0
81550, 230, 0, 0, 0
81650, 310, 0, 0, 0
81749, 212, 0, 0, 0
81849, 200, 0, 0, 0
81949, 230, 0, 0, 0
82049, 250, 0, 0, 0
82149, 180, 0, 0, 0
82249, 130, 0, 0, 0
82349, 300, 0, 0, 0
82449, 310, 0, 0, 0
82549, 280, 0, 0, 0
82649, 190, 0, 0, 0
82750, 210, 0, 0, 0
82850, 200, 0, 0, 0
82950, 300, 0, 0, 0
83050, 160, 0, 0, 0
83150, 190, 0, 0, 0
83249, 242, 0, 0, 0
83349, 230, 0, 0, 0
83449, 250, 0, 0, 0
83549, 230, 0, 0, 0
83649, 210, 0, 0, 0
83749, 210, 0, 0, 0
83849, 220, 0, 0, 0
83949, 180, 0, 0, 0
84050, 200, 0, 0, 0
84150, 220, 0, 0, 0
84249, 151, 0, 0, 0
84349, 230, 0, 0, 0
84449, 200, 0, 0, 0
84549, 220, 0, 0, 0
84649, 170, 0, 0, 0
84749, 250, 0, 0, 0
84849, 150, 0, 0, 0
84949, 180, 0, 0, 0
85049, 180, 0, 0, 0
85149, 190, 0, 0, 0
85250, 250, 0, 0, 0
85350, 250, 0, 0, 0
85450, 200, 0, 0, 0
85550, 150, 0, 0, 0
85650, 260, 0, 0, 0
85749, 191, 0, 0, 0
85849, 290, 0, 0, 0
85949, 230, 0, 0, 0
86049, 230, 0, 0, 0
86149, 230, 0, 0, 0
86249, 200, 0, 0, 0
86349, 210, 0, 0, 0
86450, 240, 0, 0, 0
86550, 190, 0, 0, 0
86650, 220, 0, 0, 0
86749, 282, 0, 0, 0
86849, 220, 0, 0, 0
86949, 210, 0, 0, 0
87049, 220, 0, 0, 0
87149, 190, 0, 0, 0
87249, 250, 0, 0, 0
87349, 210, 0, 0, 0
87449, 170, 0, 0, 0
87549, 200, 0, 0, 0
87650, 230, 0, 0, 0
87749, 222, 0, 0, 0
87849, 200, 0, 0, 0
87949, 200, 0, 0, 0
88049, 210, 0, 0, 0
88149, 160, 0, 0, 0
88249, 220, 0, 0, 0
88349, 220, 0, 0, 0
88449, 260, 0, 0, 0
88549, 160, 0, 0, 0
88649, 190, 0, 0, 0
88749, 200, 0, 0, 0
88849, 210, 0, 0, 0
88950, 220, 0, 0, 0
89050, 210, 0, 0, 0
89150, 180, 0, 0, 0
89249, 282, 0, 0, 0
89349, 220, 0, 0, 0
89449, 300, 0, 0, 0
89549, 200, 0, 0, 0
89649, 230, 0, 0, 0
89749, 160, 0, 0, 0
89849, 230, 0, 0, 0
89949, 220, 0, 0, 0
90049, 150, 0, 0, 0
90149, 200, 0, 0, 0
90250, 190, 0, 0, 0
90350, 240, 0, 0, 0
90450, 150, 0, 0, 0
90550, 220, 0, 0, 0
90650, 200, 0, 0, 0
90749, 252, 0, 0, 0
90849, 180, 0, 0, 0
90949, 190, 0, 0, 0
91049, 240, 0, 0, 0
91149, 170, 0, 0, 0
91249, 180, 0, 0, 0
91349, 180, 0, 0, 0
91449, 220, 0, 0, 0
91550, 210, 0, 0, 0
91650, 220, 0, 0, 0
91749, 161, 0, 0, 0
91849, 250, 0, 0, 0
91949, 250, 0, 0, 0
92049, 240, 0, 0, 0
92149, 270, 0, 0, 0
92249, 300, 0, 0, 0
92349, 220, 0, 0, 0
92449, 210, 0, 0, 0
92549, 220, 0, 0, 0
92649, 290, 0, 0, 0
92750, 230, 0, 0, 0
92850, 240, 0, 0, 0
92950, 210, 0, 0, 0
93050, 160, 0, 0, 0
93150, 220, 0, 0, 0
93249, 161, 0, 0, 0
93349, 210, 0, 0, 0
93449, 280, 0, 0, 0
93549, 300, 0, 0, 0
93649, 200, 0, 0, 0
93749, 230, 0, 0, 0
93849, 230, 0, 0, 0
93949, 190, 0, 0, 0
94050, 220, 0, 0, 0
94150, 210, 0, 0, 0
94249, 181, 0, 0, 0
94349, 210, 0, 0, 0
94449, 280, 0, 0, 0
94549, 210, 0, 0, 0
94649, 300, 0, 0, 0
94749, 290, 0, 0, 0
94849, 260, 0, 0, 0
94949, 130, 0, 0, 0
95049, 270, 0, 0, 0
95149, 220, 0, 0, 0
95250, 210, 0, 0, 0
95350, 220, 0, 0, 0
95450, 240, 0, 0, 0
95550, 180, 0, 0, 0
95650, 90, 0, 0, 0
95749, 191, 0, 0, 0
95849, 180, 0, 0, 0
95949, 250, 0, 0, 0
96049, 170, 0, 0, 0
96149, 240, 0, 0, 0
96249, 200, 0, 0, 0
96349, 230, 0, 0, 0
96449, 190, 0, 0, 0
96550, 230, 0, 0, 0
96650, 190, 0, 0, 0
96749, 141, 0, 0, 0
96849, 190, 0, 0, 0
96949, 230, 0, 0, 0
97049, 210, 0, 0, 0
97149, 250, 0, 0, 0
97249, 190, 0, 0, 0
97349, 190, 0, 0, 0
97449, 250, 0, 0, 0
97549, 210, 0, 0, 0
97649, 250, 0, 0, 0
97750, 180, 0, 0, 0
97850, 250, 0, 0, 0
97950, 150, 0, 0, 0
98050, 140, 0, 0, 0
98150, 140, 0, 0, 0
98249, 242, 0, 0, 0
98349, 200, 0, 0, 0
98449, 220, 0, 0, 0
98549, 230, 0, 0, 0
98649, 220, 0, 0, 0
98749, 180, 0, 0, 0
98850, 220, 0, 0, 0
98950, 280, 0, 0, 0
99050, 160, 0, 0, 0
99150, 220, 0, 0, 0
99249, 171, 0, 0, 0
99349, 190, 0, 0, 0
99449, 240, 0, 0, 0
99549, 270, 0, 0, 0
99649, 270, 0, 0, 0
99749, 190, 0, 0, 0
99849, 170, 0, 0, 0
99949, 230, 0, 0, 0
100050, 220, 0, 0, 0
100150, 200, 0, 0, 0
100249, 222, 0, 0, 0
100349, 210, 0, 0, 0
100449, 290, 0, 0, 0
100549, 250, 0, 0, 0
100649, 260, 0, 0, 0
100749, 190, 0, 0, 0
100849, 240, 0, 0, 0
100949, 160, 0, 0, 0
101049, 240, 0, 0, 0
101149, 240, 0, 0, 0
101250, 260, 0, 0, 0
101350, 190, 0, 0, 0
101450, 190, 0, 0, 0
101550, 240, 0, 0, 0
101650, 250, 0, 0, 0
101749, 252, 0, 0, 0
101849, 190, 0, 0, 0
101949, 180, 0, 0, 0
102049, 200, 0, 0, 0
102149, 330, 0, 0, 0
102249, 170, 0, 0, 0
102349, 200, 0, 0, 0
102449, 260, 0, 0, 0
102550, 270, 0, 0, 0
102650, 200, 0, 0, 0
102749, 171, 0, 0, 0
102849, 240, 0, 0, 0
102949, 210, 0, 0, 0
103049, 180, 0, 0, 0
103149, 200, 0, 0, 0
103249, 300, 0, 0, 0
103349, 250, 0, 0, 0
103449, 240, 0, 0, 0
103549, 230, 0, 0, 0
103650, 210, 0, 0, 0
103749, 232, 0, 0, 0
103849, 210, 0, 0, 0
103949, 230, 0, 0, 0
104049, 210, 0, 0, 0
104149, 260, 0, 0, 0
104249, 190, 0, 0, 0
104349, 210, 0, 0, 0
104449, 200, 0, 0, 0
104549, 230, 0, 0, 0
104649, 200, 0, 0, 0
104749, 220, 0, 0, 0
104849, 120, 0, 0, 0
104950, 160, 0, 0, 0
105050, 270, 0, 0, 0
105150, 160, 0, 0, 0
105249, 171, 0, 0, 0
105349, 230, 0, 0, 0
105449, 210, 0, 0, 0
105549, 170, 0, 0, 0
105649, 210, 0, 0, 0
105749, 220, 0, 0, 0
105849, 200, 0, 0, 0
105949, 170, 0, 0, 0
106049, 230, 0, 0, 0
106149, 230, 0, 0, 0
106250, 180, 0, 0, 0
106350, 230, 0, 0, 0
106450, 220, 0, 0, 0
106550, 180, 0, 0, 0
106650, 200, 0, 0, 0
106749, 232, 0, 0, 0
106849, 250, 0, 0, 0
106949, 240, 0, 0, 0
107049, 220, 0, 0, 0
107149, 190, 0, 0, 0
107249, 190, 0, 0, 0
107349, 170, 0, 0, 0
107449, 370, 0, 0, 0
107550, 170, 0, 0, 0
107650, 160, 0, 0, 0
107749, 242, 0, 0, 0
107849, 200, 0, 0, 0
107949, 190, 0, 0, 0
108049, 160, 0, 0, 0
108149, 240, 0, 0, 0
108249, 270, 0, 0, 0
108349, 200, 0, 0, 0
108449, 240, 0, 0, 0
108549, 180, 0, 0, 0
108649, 190, 0, 0, 0
108750, 220, 0, 0, 0
108850, 280, 0, 0, 0
108950, 60, 0, 0, 0
109050, 250, 0, 0, 0
109150, 220, 0, 0, 0
109249, 202, 0, 0, 0
109349, 270, 0, 0, 0
109449, 210, 0, 0, 0
109549, 200, 0, 0, 0
109649, 220, 0, 0, 0
109749, 220, 0, 0, 0
109849, 260, 0, 0, 0
109949, 220, 0, 0, 0
110050, 200, 0, 0, 0
110150, 240, 0, 0, 0
110249, 222, 0, 0, 0
110349, 290, 0, 0, 0
110449, 230, 0, 0, 0
110549, 290, 0, 0, 0
110649, 240, 0, 0, 0
110749, 220, 0, 0, 0
110849, 210, 0, 0, 0
110949, 210, 0, 0, 0
111049, 240, 0, 0, 0
111149, 230, 0, 0, 0
111249, 180, 0, 0, 0
111350, 180, 0, 0, 0
111450, 120, 0, 0, 0
111550, 210, 0, 0, 0
111650, 190, 0, 0, 0
111749, 212, 0, 0, 0
111849, 200, 0, 0, 0
111949, 260, 0, 0, 0
112049, 200, 0, 0, 0
112149, 220, 0, 0, 0
112249, 220, 0, 0, 0
112349, 190, 0, 0, 0
112449, 170, 0, 0, 0
112550, 250, 0, 0, 0
112650, 160, 0, 0, 0
112749, 202, 0, 0, 0
112849, 260, 0, 0, 0
112949, 270, 0, 0, 0
113049, 230, 0, 0, 0
113149, 250, 0, 0, 0
113249, 180, 0, 0, 0
113349, 190, 0, 0, 0
113449, 190, 0, 0, 0
113549, 250, 0, 0, 0
113649, 240, 0, 0, 0
113749, 190, 0, 0, 0
113849, 190, 0, 0, 0
113949, 250, 0, 0, 0
114050, 200, 0, 0, 0
114150, 220, 0, 0, 0
114249, 181, 0, 0, 0
114349, 180, 0, 0, 0
114449, 170, 0, 0, 0
114549, 230, 0, 0, 0
114649, 230, 0, 0, 0
114749, 220, 0, 0, 0
114849, 210, 0, 0, 0
114949, 210, 0, 0, 0
115049, 310, 0, 0, 0
115149, 270, 0, 0, 0
115250, 210, 0, 0, 0
115350, 230, 0, 0, 0
115450, 240, 0, 0, 0
115550, 140, 0, 0, 0
115650, 210, 0, 0, 0
115749, 212, 0, 0, 0
115849, 180, 0, 0, 0
115949, 210, 0, 0, 0
116049, 190, 0, 0, 0
116149, 180, 0, 0, 0
116249, 240, 0, 0, 0
116349, 200, 0, 0, 0
116449, 210, 0, 0, 0
116550, 200, 0, 0, 0
116650, 200, 0, 0, 0
116749, 121, 0, 0, 0
116849, 160, 0, 0, 0
116949, 250, 0, 0, 0
117049, 300, 0, 0, 0
117149, 280, 0, 0, 0
117249, 100, 0, 0, 0
117349, 200, 0, 0, 0
117449, 250, 0, 0, 0
117549, 260, 0, 0, 0
117649, 250, 0, 0, 0
117749, 230, 0, 0, 0
117849, 220, 0, 0, 0
117950, 260, 0, 0, 0
118050, 210, 0, 0, 0
118150, 140, 0, 0, 0
118249, 222, 0, 0, 0
118349, 220, 0, 0, 0
118449, 220, 0, 0, 0
118550, 198, 0, 0, 0
118650, 190, 0, 0, 0
118749, 202, 0, 0, 0
118849, 240, 0, 0, 0
118949, 250, 0, 0, 0
119049, 210, 0, 0, 0
119149, 150, 0, 0, 0
119250, 270, 0, 0, 0
119350, 250, 0, 0, 0
119450, 220, 0, 0, 0
119550, 170, 0, 0, 0
119650, 160, 0, 0, 0
119749, 191, 0, 0, 0
119849, 200, 0, 0, 0
119949, 240, 0, 0, 0
120049, 160, 0, 0, 0
120149, 320, 0, 0, 0
120249, 170, 0, 0, 0
120349, 160, 0, 0, 0
120450, 250, 0, 0, 0
120550, 210, 0, 0, 0
120650, 240, 0, 0, 0
120749, 262, 0, 0, 0
120849, 170, 0, 0, 0
120949, 180, 0, 0, 0
121049, 240, 0, 0, 0
121149, 190, 0, 0, 0
121249, 210, 0, 0, 0
121349, 210, 0, 0, 0
121449, 280, 0, 0, 0
121549, 200, 0, 0, 0
121650, 200, 0, 0, 0
121749, 222, 0, 0, 0
121849, 220, 0, 0, 0
121949, 180, 0, 0, 0
122049, 190, 0, 0, 0
122149, 250, 0, 0, 0
122249, 280, 0, 0, 0
122349, 220, 0, 0, 0
122449, 180, 0, 0, 0
122549, 120, 0, 0, 0
122649, 180, 0, 0, 0
122749, 270, 0, 0, 0
122849, 230, 0, 0, 0
122950, 190, 0, 0, 0
123050, 240, 0, 0, 0
123150, 180, 0, 0, 0
123249, 212, 0, 0, 0
123349, 210, 0, 0, 0
123449, 230, 0, 0, 0
123549, 160, 0, 0, 0
123649, 230, 0, 0, 0
123749, 240, 0, 0, 0
123849, 210, 0, 0, 0
123949, 200, 0, 0, 0
124049, 210, 0, 0, 0
124150, 300, 0, 0, 0
124250, 260, 0, 0, 0
124350, 230, 0, 0, 0
124450, 310, 0, 0, 0
124550, 290, 0, 0, 0
124650, 200, 0, 0, 0
124749, 232, 0, 0, 0
124849, 240, 0, 0, 0
124949, 180, 0, 0, 0
125049, 250, 0, 0, 0
125149, 140, 0, 0, 0
125250, 300, 0, 0, 0
125350, 190, 0, 0, 0
125450, 260, 0, 0, 0
125550, 240, 0, 0, 0
125650, 250, 0, 0, 0
125749, 121, 0, 0, 0
125849, 280, 0, 0, 0
125949, 150, 0, 0, 0
126049, 200, 0, 0, 0
126149, 180, 0, 0, 0
126249, 180, 0, 0, 0
126349, 230, 0, 0, 0
126449, 170, 0, 0, 0
126550, 210, 0, 0, 0
126650, 210, 0, 0, 0
126749, 202, 0, 0, 0
126849, 260, 0, 0, 0
126949, 310, 0, 0, 0
127049, 160, 0, 0, 0
127149, 190, 0, 0, 0
127249, 210, 0, 0, 0
127349, 180, 0, 0, 0
127449, 200, 0, 0, 0
127549, 310, 0, 0, 0
127649, 160, 0, 0, 0
127749, 170, 0, 0, 0
127850, 280, 0, 0, 0
127950, 210, 0, 0, 0
128050, 170, 0, 0, 0
128150, 220, 0, 0, 0
128249, 222, 0, 0, 0
128349, 220, 0, 0, 0
128449, 260, 0, 0, 0
128549, 230, 0, 0, 0
128649, 150, 0, 0, 0
128749, 210, 0, 0, 0
128849, 200, 0, 0, 0
128949, 190, 0, 0, 0
129050, 230, 0, 0, 0
129150, 200, 0, 0, 0
129249, 262, 0, 0, 0
129349, 260, 0, 0, 0
129449, 240, 0, 0, 0
129549, 250, 0, 0, 0
129649, 160, 0, 0, 0
129749, 280, 0, 0, 0
129849, 250, 0, 0, 0
129949, 160, 0, 0, 0
130049, 170, 0, 0, 0
130149, 280, 0, 0, 0
130250, 240, 0, 0, 0
130350, 210, 0, 0, 0
130450, 250, 0, 0, 0
130550, 290, 0, 0, 0
130650, 330, 0, 0, 0
130749, 151, 0, 0, 0
130849, 230, 0, 0, 0
130949, 180, 0, 0, 0
131049, 220, 0, 0, 0
131149, 230, 0, 0, 0
131249, 290, 0, 0, 0
131349, 210, 0, 0, 0
131450, 240, 0, 0, 0
131550, 230, 0, 0, 0
131650, 220, 0, 0, 0
131749, 222, 0, 0, 0
131849, 260, 0, 0, 0
131949, 180, 0, 0, 0
132049, 360, 0, 0, 0
132149, 310, 0, 0, 0
132249, 200, 0, 0, 0
132349, 190, 0, 0, 0
132449, 260, 0, 0, 0
132549, 270, 0, 0, 0
132650, 220, 0, 0, 0
132749, 202, 0, 0, 0
132849, 220, 0, 0, 0
132949, 160, 0, 0, 0
133049, 240, 0, 0, 0
133149, 190, 0, 0, 0
133249, 220, 0, 0, 0
133349, 170, 0, 0, 0
133449, 320, 0, 0, 0
133549, 210, 0, 0, 0
133649, 210, 0, 0, 0
133749, 220, 0, 0, 0
133849, 160, 0, 0, 0
133950, 170, 0, 0, 0
134050, 210, 0, 0, 0
134150, 210, 0, 0, 0
134249, 232, 0, 0, 0
134349, 260, 0, 0, 0
134449, 150, 0, 0, 0
134549, 210, 0, 0, 0
134649, 200, 0, 0, 0
134749, 150, 0, 0, 0
134849, 230, 0, 0, 0
134949, 230, 0, 0, 0
135049, 270, 0, 0, 0
135150, 170, 0, 0, 0
135250, 270, 0, 0, 0
135350, 180, 0, 0, 0
135450, 230, 0, 0, 0
135550, 280, 0, 0, 0
135650, 220, 0, 0, 0
135749, 222, 0, 0, 0
135849, 210, 0, 0, 0
135949, 280, 0, 0, 0
136049, 210, 0, 0, 0
136149, 200, 0, 0, 0
136249, 160, 0, 0, 0
136350, 200, 0, 0, 0
136450, 190, 0, 0, 0
136550, 210, 0, 0, 0
136650, 300, 0, 0, 0
136749, 191, 0, 0, 0
136849, 250, 0, 0, 0
136949, 200, 0, 0, 0
137049, 160, 0, 0, 0
137149, 160, 0, 0, 0
137249, 220, 0, 0, 0
137349, 150, 0, 0, 0
137449, 160, 0, 0, 0
137550, 240, 0, 0, 0
137650, 270, 0, 0, 0
137749, 171, 0, 0, 0
137849, 210, 0, 0, 0
137949, 180, 0, 0, 0
138049, 260, 0, 0, 0
138149, 230, 0, 0, 0
138249, 220, 0, 0, 0
138349, 200, 0, 0, 0
138449, 240, 0, 0, 0
138549, 220, 0, 0, 0
138649, 240, 0, 0, 0
138750, 210, 0, 0, 0
138850, 190, 0, 0, 0
138950, 190, 0, 0, 0
139050, 180, 0, 0, 0
139150, 260, 0, 0, 0
139249, 222, 0, 0, 0
139349, 220, 0, 0, 0
139449, 210, 0, 0, 0
139549, 220, 0, 0, 0
139649, 260, 0, 0, 0
139749, 200, 0, 0, 0
139849, 190, 0, 0, 0
139949, 140, 0, 0, 0
140050, 300, 0, 0, 0
140150, 280, 0, 0, 0
140249, 232, 0, 0, 0
140349, 300, 0, 0, 0
140449, 260, 0, 0, 0
140549, 250, 0, 0, 0
140649, 200, 0, 0, 0
140749, 220, 0, 0, 0
140849, 220, 0, 0, 0
140949, 260, 0, 0, 0
141049, 180, 0, 0, 0
141149, 220, 0, 0, 0
141250, 180, 0, 0, 0
141350, 240, 0, 0, 0
141450, 240, 0, 0, 0
141550, 220, 0, 0, 0
141650, 230, 0, 0, 0
141749, 181, 0, 0, 0
141849, 260, 0, 0, 0
141949, 160, 0, 0, 0
142049, 270, 0, 0, 0
142149, 230, 0, 0, 0
142249, 210, 0, 0, 0
142349, 230, 0, 0, 0
142449, 180, 0, 0, 0
142549, 190, 0, 0, 0
142649, 220, 0, 0, 0
142750, 230, 0, 0, 0
142850, 250, 0, 0, 0
142950, 260, 0, 0, 0
143050, 160, 0, 0, 0
143150, 230, 0, 0, 0
143249, 161, 0, 0, 0
143349, 250, 0, 0, 0
143449, 180, 0, 0, 0
143549, 290, 0, 0, 0
143649, 200, 0, 0, 0
143749, 280, 0, 0, 0
143849, 200, 0, 0, 0
143950, 220, 0, 0, 0
144050, 230, 0, 0, 0
144150, 200, 0, 0, 0
144249, 202, 0, 0, 0
144349, 180, 0, 0, 0
144449, 220, 0, 0, 0
144549, 200, 0, 0, 0
144649, 220, 0, 0, 0
144749, 250, 0, 0, 0
144849, 190, 0, 0, 0
144949, 130, 0, 0, 0
145049, 230, 0, 0, 0
145150, 170, 0, 0, 0
145249, 181, 0, 0, 0
145349, 240, 0, 0, 0
145449, 230, 0, 0, 0
145549, 160, 0, 0, 0
145649, 200, 0, 0, 0
145749, 180, 0, 0, 0
145849, 190, 0, 0, 0
145949, 220, 0, 0, 0
146049, 220, 0, 0, 0
146149, 130, 0, 0, 0
146250, 200, 0, 0, 0
146350, 210, 0, 0, 0
146450, 190, 0, 0, 0
146550, 270, 0, 0, 0
146650, 180, 0, 0, 0
146749, 171, 0, 0, 0
146849, 330, 0, 0, 0
146949, 160, 0, 0, 0
147049, 130, 0, 0, 0
147149, 170, 0, 0, 0
147249, 210, 0, 0, 0
147350, 250, 0, 0, 0
147450, 170, 0, 0, 0
147550, 190, 0, 0, 0
147650, 170, 0, 0, 0
147749, 212, 0, 0, 0
147849, 190, 0, 0, 0
147949, 180, 0, 0, 0
148049, 180, 0, 0, 0
148149, 250, 0, 0, 0
148249, 240, 0, 0, 0
148349, 180, 0, 0, 0
148449, 210, 0, 0, 0
148550, 210, 0, 0, 0
148650, 190, 0, 0, 0
148749, 80, 0, 0, 0
148849, 260, 0, 0, 0
148949, 210, 0, 0, 0
149049, 240, 0, 0, 0
149149, 200, 0, 0, 0
149249, 240, 0, 0, 0
149349, 250, 0, 0, 0
149449, 170, 0, 0, 0
149549, 180, 0, 0, 0
149649, 180, 0, 0, 0
149750, 170, 0, 0, 0
149850, 220, 0, 0, 0
149950, 190, 0, 0, 0
150050, 230, 0, 0, 0
150150, 210, 0, 0, 0
150249, 242, 0, 0, 0
150349, 230, 0, 0, 0
150449, 240, 0, 0, 0
150549, 190, 0, 0, 0
150649, 220, 0, 0, 0
150749, 220, 0, 0, 0
150849, 240, 0, 0, 0
150950, 180, 0, 0, 0
151050, 220, 0, 0, 0
151150, 160, 0, 0, 0
151249, 272, 0, 0, 0
151349, 210, 0, 0, 0
151449, 180, 0, 0, 0
151549, 160, 0, 0, 0
151649, 250, 0, 0, 0
151749, 190, 0, 0, 0
151849, 180, 0, 0, 0
151949, 160, 0, 0, 0
152049, 180, 0, 0, 0
152150, 250, 0, 0, 0
152249, 191, 0, 0, 0
152349, 290, 0, 0, 0
152449, 130, 0, 0, 0
152549, 190, 0, 0, 0
152649, 220, 0, 0, 0
152749, 190, 0, 0, 0
152849, 180, 0, 0, 0
152949, 230, 0, 0, 0
153049, 190, 0, 0, 0
153149, 180, 0, 0, 0
153249, 210, 0, 0, 0
153350, 180, 0, 0, 0
153450, 170, 0, 0, 0
153550, 220, 0, 0, 0
153650, 290, 0, 0, 0
153749, 191, 0, 0, 0
153849, 170, 0, 0, 0
153949, 200, 0, 0, 0
154049, 230, 0, 0, 0
154149, 160, 0, 0, 0
154249, 200, 0, 0, 0
154349, 140, 0, 0, 0
154449, 160, 0, 0, 0
154550, 180, 0, 0, 0
154650, 230, 0, 0, 0
154749, 232, 0, 0, 0
154849, 230, 0, 0, 0
154949, 190, 0, 0, 0
155049, 170, 0, 0, 0
155149, 190, 0, 0, 0
155249, 190, 0, 0, 0
155349, 180, 0, 0, 0
155449, 250, 0, 0, 0
155549, 200, 0, 0, 0
155649, 200, 0, 0, 0
155750, 170, 0, 0, 0
155850, 200, 0, 0, 0
155950, 190, 0, 0, 0
156050, 180, 0, 0, 0
156150, 230, 0, 0, 0
156249, 242, 0, 0, 0
156349, 170, 0, 0, 0
156449, 240, 0, 0, 0
156549, 230, 0, 0, 0
156649, 180, 0, 0, 0
156749, 170, 0, 0, 0
156850, 220, 0, 0, 0
156950, 180, 0, 0, 0
157050, 230, 0, 0, 0
157150, 210, 0, 0, 0
157249, 181, 0, 0, 0
157349, 240, 0, 0, 0
157449, 160, 0, 0, 0
157549, 170, 0, 0, 0
157649, 230, 0, 0, 0
157749, 160, 0, 0, 0
157849, 220, 0, 0, 0
157949, 150, 0, 0, 0
158050, 200, 0, 0, 0
158150, 180, 0, 0, 0
158249, 222, 0, 0, 0
158349, 200, 0, 0, 0
158449, 120, 0, 0, 0
158549, 210, 0, 0, 0
158649, 180, 0, 0, 0
158749, 250, 0, 0, 0
158849, 200, 0, 0, 0
158949, 210, 0, 0, 0
159049, 180, 0, 0, 0
159150, 220, 0, 0, 0
159250, 180, 0, 0, 0
159350, 210, 0, 0, 0
159450, 280, 0, 0, 0
159550, 260, 0, 0, 0
159650, 220, 0, 0, 0
159749, 232, 0, 0, 0
159849, 190, 0, 0, 0
159949, 150, 0, 0, 0
160049, 170, 0, 0, 0
160149, 200, 0, 0, 0
160250, 220, 0, 0, 0
160350, 190, 0, 0, 0
160450, 200, 0, 0, 0
160550, 240, 0, 0, 0
160650, 200, 0, 0, 0
160749, 131, 0, 0, 0
160849, 250, 0, 0, 0
160949, 240, 0, 0, 0
161049, 210, 0, 0, 0
161149, 270, 0, 0, 0
161250, 180, 0, 0, 0
161350, 190, 0, 0, 0
161450, 300, 0, 0, 0
161550, 230, 0, 0, 0
161650, 250, 0, 0, 0
161749, 222, 0, 0, 0
161849, 180, 0, 0, 0
161949, 210, 0, 0, 0
162049, 200, 0, 0, 0
162149, 200, 0, 0, 0
162250, 230, 0, 0, 0
162350, 210, 0, 0, 0
162450, 200, 0, 0, 0
162550, 230, 0, 0, 0
162650, 240, 0, 0, 0
162749, 303, 0, 0, 0
162849, 190, 0, 0, 0
162949, 240, 0, 0, 0
163049, 230, 0, 0, 0
163149, 210, 0, 0, 0
163249, 160, 0, 0, 0
163349, 220, 0, 0, 0
163449, 260, 0, 0, 0
163550, 250, 0, 0, 0
163650, 230, 0, 0, 0
163749, 202, 0, 0, 0
163849, 200, 0, 0, 0
163949, 220, 0, 0, 0
164049, 220, 0, 0, 0
164149, 250, 0, 0, 0
164249, 230, 0, 0, 0
164349, 220, 0, 0, 0
164449, 200, 0, 0, 0
164549, 220, 0, 0, 0
164649, 260, 0, 0, 0
164750, 270, 0, 0, 0
164850, 200, 0, 0, 0
164950, 200, 0, 0, 0
165050, 180, 0, 0, 0
165150, 230, 0, 0, 0
165249, 181, 0, 0, 0
165349, 160, 0, 0, 0
165449, 200, 0, 0, 0
165549, 250, 0, 0, 0
165649, 210, 0, 0, 0
165749, 210, 0, 0, 0
165849, 220, 0, 0, 0
165950, 200, 0, 0, 0
166050, 180, 0, 0, 0
166150, 170, 0, 0, 0
166249, 262, 0, 0, 0
166349, 210, 0, 0, 0
166449, 160, 0, 0, 0
166549, 250, 0, 0, 0
166649, 220, 0, 0, 0
166749, 160, 0, 0, 0
166849, 210, 0, 0, 0
166949, 240, 0, 0, 0
167050, 140, 0, 0, 0
167150, 250, 0, 0, 0
167249, 252, 0, 0, 0
167349, 120, 0, 0, 0
167449, 190, 0, 0, 0
167549, 170, 0, 0, 0
167649, 270, 0, 0, 0
167749, 250, 0, 0, 0
167849, 180, 0, 0, 0
167949, 280, 0, 0, 0
168050, 170, 0, 0, 0
168150, 220, 0, 0, 0
168249, 202, 0, 0, 0
168349, 220, 0, 0, 0
168449, 210, 0, 0, 0
168549, 300, 0, 0, 0
168649, 200, 0, 0, 0
168749, 270, 0, 0, 0
168849, 160, 0, 0, 0
168949, 170, 0, 0, 0
169049, 210, 0, 0, 0
169149, 260, 0, 0, 0
169250, 230, 0, 0, 0
169350, 220, 0, 0, 0
169450, 190, 0, 0, 0
169550, 230, 0, 0, 0
169650, 270, 0, 0, 0
169749, 242, 0, 0, 0
169849, 210, 0, 0, 0
169949, 180, 0, 0, 0
170049, 210, 0, 0, 0
170149, 190, 0, 0, 0
170250, 300, 0, 0, 0
170350, 200, 0, 0, 0
170450, 190, 0, 0, 0
170550, 160, 0, 0, 0
170650, 190, 0, 0, 0
170749, 232, 0, 0, 0
170849, 210, 0, 0, 0
170949, 180, 0, 0, 0
171049, 160, 0, 0, 0
171149, 190, 0, 0, 0
171250, 250, 0, 0, 0
171350, 170, 0, 0, 0
171450, 210, 0, 0, 0
171550, 170, 0, 0, 0
171650, 210, 0, 0, 0
171749, 232, 0, 0, 0
171849, 170, 0, 0, 0
171949, 200, 0, 0, 0
172049, 160, 0, 0, 0
172149, 190, 0, 0, 0
172250, 180, 0, 0, 0
172350, 200, 0, 0, 0
172450, 200, 0, 0, 0
172550, 130, 0, 0, 0
172650, 240, 0, 0, 0
172749, 171, 0, 0, 0
172849, 120, 0, 0, 0
172949, 280, 0, 0, 0
173049, 310, 0, 0, 0
173149, 260, 0, 0, 0
173249, 150, 0, 0, 0
173349, 250, 0, 0, 0
173449, 210, 0, 0, 0
173550, 200, 0, 0, 0
173650, 200, 0, 0, 0
173749, 181, 0, 0, 0
173849, 230, 0, 0, 0
173949, 200, 0, 0, 0
174049, 220, 0, 0, 0
174149, 180, 0, 0, 0
174249, 200, 0, 0, 0
174349, 160, 0, 0, 0
174449, 150, 0, 0, 0
174549, 190, 0, 0, 0
174649, 210, 0, 0, 0
174750, 230, 0, 0, 0
174850, 210, 0, 0, 0
174950, 260, 0, 0, 0
175050, 190, 0, 0, 0
175150, 250, 0, 0, 0
175249, 232, 0, 0, 0
175349, 210, 0, 0, 0
175449, 190, 0, 0, 0
175549, 170, 0, 0, 0
175649, 200, 0, 0, 0
175750, 250, 0, 0, 0
175850, 230, 0, 0, 0
175950, 260, 0, 0, 0
176050, 230, 0, 0, 0
176150, 160, 0, 0, 0
176249, 232, 0, 0, 0
176349, 220, 0, 0, 0
176449, 250, 0, 0, 0
176549, 200, 0, 0, 0
176649, 170, 0, 0, 0
176749, 250, 0, 0, 0
176849, 200, 0, 0, 0
176950, 200, 0, 0, 0
177050, 270, 0, 0, 0
177150, 220, 0, 0, 0
177249, 252, 0, 0, 0
177349, 170, 0, 0, 0
177449, 170, 0, 0, 0
177549, 210, 0, 0, 0
177649, 180, 0, 0, 0
177749, 250, 0, 0, 0
177849, 220, 0, 0, 0
177949, 150, 0, 0, 0
178050, 210, 0, 0, 0
178150, 280, 0, 0, 0
178249, 202, 0, 0, 0
178349, 200, 0, 0, 0
178449, 190, 0, 0, 0
178549, 210, 0, 0, 0
178649, 250, 0, 0, 0
178749, 220, 0, 0, 0
178849, 210, 0, 0, 0
178949, 210, 0, 0, 0
179049, 240, 0, 0, 0
179149, 280, 0, 0, 0
179250, 180, 0, 0, 0
179350, 240, 0, 0, 0
179450, 250, 0, 0, 0
179550, 200, 0, 0, 0
179650, 240, 0, 0, 0
179749, 191, 0, 0, 0
179849, 210, 0, 0, 0
179949, 250, 0, 0, 0
180049, 160, 0, 0, 0
