105, 6614182, 0, 0, 0
204, 10277891, 0, 0, 0
303, 7880500, 0, 0, 0
400, 8128111, 0, 0, 0
503, 8745141, 0, 0, 0
602, 7787575, 0, 0, 0
701, 7221836, 0, 0, 0
802, 8253913, 0, 0, 0
901, 7016041, 0, 0, 0
1003, 6952491, 0, 0, 0
1100, 6811968, 0, 0, 0
1203, 7916865, 0, 0, 0
1302, 7072570, 0, 0, 0
1403, 6994150, 0, 0, 0
1504, 7018853, 0, 0, 0
1600, 7114472, 0, 0, 0
1702, 6266831, 0, 0, 0
1802, 6590356, 0, 0, 0
1901, 7651967, 0, 0, 0
2001, 7763007, 0, 0, 0
2101, 5918179, 0, 0, 0
2200, 7767882, 0, 0, 0
2302, 7047649, 0, 0, 0
2401, 7894278, 0, 0, 0
2500, 7461453, 0, 0, 0
2603, 5876294, 0, 0, 0
2702, 8255156, 0, 0, 0
2801, 6854765, 0, 0, 0
2901, 6895806, 0, 0, 0
3001, 6146682, 0, 0, 0
3100, 7408070, 0, 0, 0
3201, 7356022, 0, 0, 0
3302, 9577582, 0, 0, 0
3400, 6967417, 0, 0, 0
3502, 6846615, 0, 0, 0
3601, 7326173, 0, 0, 0
3704, 6663468, 0, 0, 0
3801, 7023787, 0, 0, 0
3900, 6697838, 0, 0, 0
4000, 8120655, 0, 0, 0
4102, 7337987, 0, 0, 0
4201, 7718707, 0, 0, 0
4300, 6753104, 0, 0, 0
4402, 7802857, 0, 0, 0
4500, 7728369, 0, 0, 0
4600, 7063322, 0, 0, 0
4701, 7542070, 0, 0, 0
4804, 7888825, 0, 0, 0
4900, 6717459, 0, 0, 0
5002, 7737765, 0, 0, 0
5102, 8658861, 0, 0, 0
5200, 7832169, 0, 0, 0
5300, 6377081, 0, 0, 0
5400, 6353741, 0, 0, 0
5500, 6965417, 0, 0, 0
5601, 7930935, 0, 0, 0
5701, 7029856, 0, 0, 0
5802, 5950188, 0, 0, 0
5902, 7454070, 0, 0, 0
6001, 6959917, 0, 0, 0
6101, 5448951, 0, 0, 0
6202, 7170770, 0, 0, 0
6301, 8234364, 0, 0, 0
6403, 6453038, 0, 0, 0
6500, 6691767, 0, 0, 0
6600, 6310676, 0, 0, 0
6700, 6370861, 0, 0, 0
6803, 7342066, 0, 0, 0
6903, 7828901, 0, 0, 0
7000, 8536105, 0, 0, 0
7101, 6822960, 0, 0, 0
7201, 7314183, 0, 0, 0
7302, 6942385, 0, 0, 0
7401, 7231495, 0, 0, 0
7502, 9281781, 0, 0, 0
7604, 6788286, 0, 0, 0
7700, 7392751, 0, 0, 0
7803, 6491824, 0, 0, 0
7900, 7192192, 0, 0, 0
8001, 8025672, 0, 0, 0
8100, 6999303, 0, 0, 0
8202, 8565084, 0, 0, 0
8300, 6019516, 0, 0, 0
8405, 7495328, 0, 0, 0
8500, 7658136, 0, 0, 0
8602, 7750389, 0, 0, 0
8701, 7517640, 0, 0, 0
8801, 6982306, 0, 0, 0
8903, 6082093, 0, 0, 0
9002, 9647313, 0, 0, 0
9102, 7442427, 0, 0, 0
9200, 6746225, 0, 0, 0
9300, 7853216, 0, 0, 0
9400, 7393727, 0, 0, 0
9503, 7161737, 0, 0, 0
9600, 8515059, 0, 0, 0
9704, 6465542, 0, 0, 0
9801, 6943668, 0, 0, 0
9900, 7856380, 0, 0, 0
10002, 7532159, 0, 0, 0
10111, 8748441, 0, 0, 0
10200, 7217191, 0, 0, 0
10300, 6593216, 0, 0, 0
10400, 6380686, 0, 0, 0
10502, 6944183, 0, 0, 0
10600, 7872023, 0, 0, 0
10701, 7158125, 0, 0, 0
10800, 6620883, 0, 0, 0
10904, 5524532, 0, 0, 0
11000, 6930371, 0, 0, 0
11102, 7094158, 0, 0, 0
11202, 7011029, 0, 0, 0
11302, 7396776, 0, 0, 0
11400, 6829924, 0, 0, 0
11501, 6249106, 0, 0, 0
11602, 7532761, 0, 0, 0
11701, 6574266, 0, 0, 0
11802, 6617611, 0, 0, 0
11908, 7521692, 0, 0, 0
12002, 6833989, 0, 0, 0
12103, 6454615, 0, 0, 0
12201, 7270315, 0, 0, 0
12302, 7389680, 0, 0, 0
12402, 7326178, 0, 0, 0
12500, 7388092, 0, 0, 0
12603, 7603970, 0, 0, 0
12702, 7868085, 0, 0, 0
12808, 7411695, 0, 0, 0
12900, 7665809, 0, 0, 0
13003, 6824494, 0, 0, 0
13100, 7734107, 0, 0, 0
13200, 6688065, 0, 0, 0
13304, 8370939, 0, 0, 0
13401, 8086594, 0, 0, 0
13501, 8372738, 0, 0, 0
13603, 7571682, 0, 0, 0
13702, 6858398, 0, 0, 0
13801, 6468225, 0, 0, 0
13901, 8221559, 0, 0, 0
14002, 7169869, 0, 0, 0
14102, 7037075, 0, 0, 0
14202, 7806826, 0, 0, 0
14300, 7555353, 0, 0, 0
14404, 6274622, 0, 0, 0
14502, 6587032, 0, 0, 0
14600, 8402658, 0, 0, 0
14702, 7362930, 0, 0, 0
14800, 6869603, 0, 0, 0
14901, 7995253, 0, 0, 0
15000, 8225481, 0, 0, 0
15100, 7401361, 0, 0, 0
15204, 6704257, 0, 0, 0
15301, 7773578, 0, 0, 0
15413, 7093126, 0, 0, 0
15501, 8685089, 0, 0, 0
15601, 7130974, 0, 0, 0
15702, 7625469, 0, 0, 0
15804, 7035993, 0, 0, 0
15900, 7444343, 0, 0, 0
16001, 7289299, 0, 0, 0
16102, 7443002, 0, 0, 0
16200, 7320904, 0, 0, 0
16303, 7431630, 0, 0, 0
16401, 6683146, 0, 0, 0
16500, 6661097, 0, 0, 0
16601, 7026682, 0, 0, 0
16701, 6707474, 0, 0, 0
16807, 7346447, 0, 0, 0
16908, 8244500, 0, 0, 0
17003, 6415718, 0, 0, 0
17100, 6260118, 0, 0, 0
17200, 7824485, 0, 0, 0
17300, 7598914, 0, 0, 0
17401, 7418736, 0, 0, 0
17502, 8319713, 0, 0, 0
17605, 7696158, 0, 0, 0
17703, 7411311, 0, 0, 0
17800, 6440334, 0, 0, 0
17900, 6936822, 0, 0, 0
18000, 6704961, 0, 0, 0
18100, 7391607, 0, 0, 0
18200, 8690156, 0, 0, 0
18300, 7209956, 0, 0, 0
18401, 6528902, 0, 0, 0
18503, 6477114, 0, 0, 0
18601, 7338717, 0, 0, 0
18700, 7549724, 0, 0, 0
18802, 5815601, 0, 0, 0
18902, 7909062, 0, 0, 0
19000, 8223858, 0, 0, 0
19101, 6964112, 0, 0, 0
19201, 6504506, 0, 0, 0
19301, 7864113, 0, 0, 0
19400, 6603326, 0, 0, 0
19501, 7151074, 0, 0, 0
19601, 5279248, 0, 0, 0
19702, 8019782, 0, 0, 0
19801, 6684672, 0, 0, 0
19906, 6363010, 0, 0, 0
20001, 6573170, 0, 0, 0
20100, 6329450, 0, 0, 0
20203, 6588377, 0, 0, 0
20303, 7161981, 0, 0, 0
20402, 7548417, 0, 0, 0
20500, 6594983, 0, 0, 0
20601, 6675778, 0, 0, 0
20700, 7656662, 0, 0, 0
20801, 7899373, 0, 0, 0
20900, 8503201, 0, 0, 0
21002, 9402759, 0, 0, 0
21100, 7372762, 0, 0, 0
21200, 7198391, 0, 0, 0
21302, 6841631, 0, 0, 0
21402, 5957177, 0, 0, 0
21500, 6967848, 0, 0, 0
21600, 7698564, 0, 0, 0
21703, 7665487, 0, 0, 0
21800, 7482363, 0, 0, 0
21906, 7381995, 0, 0, 0
22003, 7802710, 0, 0, 0
22100, 8012267, 0, 0, 0
22207, 6997441, 0, 0, 0
22302, 7114654, 0, 0, 0
22401, 6375182, 0, 0, 0
22502, 6441211, 0, 0, 0
22602, 7454366, 0, 0, 0
22701, 8982094, 0, 0, 0
22800, 7099980, 0, 0, 0
22901, 5530360, 0, 0, 0
23002, 7359217, 0, 0, 0
23100, 8353881, 0, 0, 0
23202, 7907706, 0, 0, 0
23301, 6994557, 0, 0, 0
23402, 6333823, 0, 0, 0
23500, 7305373, 0, 0, 0
23600, 7413200, 0, 0, 0
23704, 8234986, 0, 0, 0
23801, 8702817, 0, 0, 0
23901, 6005137, 0, 0, 0
24000, 7375526, 0, 0, 0
24100, 6619760, 0, 0, 0
24201, 7465686, 0, 0, 0
24300, 7451326, 0, 0, 0
24400, 7625946, 0, 0, 0
24504, 7175683, 0, 0, 0
24600, 6678013, 0, 0, 0
24700, 7831825, 0, 0, 0
24800, 8050240, 0, 0, 0
24903, 7877864, 0, 0, 0
25002, 7529492, 0, 0, 0
25101, 7342539, 0, 0, 0
25202, 6788072, 0, 0, 0
25300, 6683630, 0, 0, 0
25400, 6577695, 0, 0, 0
25502, 7443744, 0, 0, 0
25601, 6482755, 0, 0, 0
25701, 6635399, 0, 0, 0
25800, 7324249, 0, 0, 0
25904, 7148883, 0, 0, 0
26002, 7869900, 0, 0, 0
26101, 6808224, 0, 0, 0
26200, 7439449, 0, 0, 0
26300, 9119814, 0, 0, 0
26400, 7192765, 0, 0, 0
26500, 6913656, 0, 0, 0
26601, 7948909, 0, 0, 0
26704, 6106171, 0, 0, 0
26800, 7743201, 0, 0, 0
26901, 7460089, 0, 0, 0
27002, 6364781, 0, 0, 0
27100, 6502014, 0, 0, 0
27203, 7722387, 0, 0, 0
27304, 7708354, 0, 0, 0
27401, 7474403, 0, 0, 0
27501, 6956522, 0, 0, 0
27601, 6578648, 0, 0, 0
27700, 7095374, 0, 0, 0
27805, 7398377, 0, 0, 0
27902, 8235261, 0, 0, 0
28001, 7545974, 0, 0, 0
28104, 7105371, 0, 0, 0
28200, 6420967, 0, 0, 0
28300, 7999054, 0, 0, 0
28400, 6563027, 0, 0, 0
28501, 7340962, 0, 0, 0
28602, 6883471, 0, 0, 0
28700, 6981898, 0, 0, 0
28801, 8562860, 0, 0, 0
28904, 7337285, 0, 0, 0
29009, 6868766, 0, 0, 0
29101, 7795582, 0, 0, 0
29202, 7233721, 0, 0, 0
29304, 7089119, 0, 0, 0
29400, 7690218, 0, 0, 0
29500, 6454386, 0, 0, 0
29602, 9601251, 0, 0, 0
29703, 6980931, 0, 0, 0
29805, 7585953, 0, 0, 0
29900, 7960511, 0, 0, 0
30002, 7707273, 0, 0, 0
30100, 6268136, 0, 0, 0
30200, 7744631, 0, 0, 0
30302, 7262184, 0, 0, 0
30400, 6201143, 0, 0, 0
30503, 7092655, 0, 0, 0
30601, 7311127, 0, 0, 0
30700, 8300981, 0, 0, 0
30800, 6652640, 0, 0, 0
30901, 7256831, 0, 0, 0
31005, 6765275, 0, 0, 0
31101, 6762340, 0, 0, 0
31203, 7716654, 0, 0, 0
31300, 7076534, 0, 0, 0
31400, 7045674, 0, 0, 0
31500, 6056810, 0, 0, 0
31601, 6396107, 0, 0, 0
31700, 6797781, 0, 0, 0
31801, 6919690, 0, 0, 0
31900, 8736707, 0, 0, 0
32000, 8159059, 0, 0, 0
32100, 7519517, 0, 0, 0
32204, 7231786, 0, 0, 0
32304, 6522123, 0, 0, 0
32401, 6977826, 0, 0, 0
32500, 7385508, 0, 0, 0
32603, 6926266, 0, 0, 0
32702, 9539158, 0, 0, 0
32800, 7716250, 0, 0, 0
32901, 6676278, 0, 0, 0
33001, 6584137, 0, 0, 0
33100, 7448170, 0, 0, 0
33200, 7383401, 0, 0, 0
33303, 6145051, 0, 0, 0
33401, 6956492, 0, 0, 0
33501, 6615527, 0, 0, 0
33600, 6480601, 0, 0, 0
33701, 6136513, 0, 0, 0
33802, 6295824, 0, 0, 0
33903, 7698852, 0, 0, 0
34000, 8073864, 0, 0, 0
34100, 8029900, 0, 0, 0
34202, 6861142, 0, 0, 0
34300, 7751035, 0, 0, 0
34402, 7387767, 0, 0, 0
34502, 6615724, 0, 0, 0
34601, 7523110, 0, 0, 0
34700, 7606316, 0, 0, 0
34800, 7043242, 0, 0, 0
34900, 7768236, 0, 0, 0
35002, 8044122, 0, 0, 0
35101, 8495518, 0, 0, 0
35202, 8231540, 0, 0, 0
35300, 8052525, 0, 0, 0
35401, 6709760, 0, 0, 0
35502, 6448755, 0, 0, 0
35603, 7135917, 0, 0, 0
35705, 9046829, 0, 0, 0
35806, 7435692, 0, 0, 0
35901, 8407761, 0, 0, 0
36001, 7800247, 0, 0, 0
36100, 6937678, 0, 0, 0
36202, 6177621, 0, 0, 0
36301, 5993161, 0, 0, 0
36405, 6912078, 0, 0, 0
36500, 8004047, 0, 0, 0
36601, 6842293, 0, 0, 0
36700, 7896480, 0, 0, 0
36800, 7111083, 0, 0, 0
36902, 7454043, 0, 0, 0
37002, 8011566, 0, 0, 0
37105, 9235951, 0, 0, 0
37202, 6939364, 0, 0, 0
37300, 6192147, 0, 0, 0
37401, 8562836, 0, 0, 0
37501, 6903765, 0, 0, 0
37600, 7074072, 0, 0, 0
37700, 8252164, 0, 0, 0
37802, 8438805, 0, 0, 0
37901, 5405506, 0, 0, 0
38000, 6951882, 0, 0, 0
38104, 6621025, 0, 0, 0
38200, 6955034, 0, 0, 0
38301, 6296474, 0, 0, 0
38402, 9108197, 0, 0, 0
38500, 6877463, 0, 0, 0
38601, 7096490, 0, 0, 0
38700, 8510013, 0, 0, 0
38800, 6220658, 0, 0, 0
38900, 7157240, 0, 0, 0
39004, 7905280, 0, 0, 0
39100, 6860660, 0, 0, 0
39207, 8087376, 0, 0, 0
39300, 7109553, 0, 0, 0
39401, 7117380, 0, 0, 0
39502, 7027170, 0, 0, 0
39601, 6991899, 0, 0, 0
39701, 7101920, 0, 0, 0
39801, 7606831, 0, 0, 0
39901, 6518836, 0, 0, 0
40000, 6166649, 0, 0, 0
40100, 7361287, 0, 0, 0
40200, 7106492, 0, 0, 0
40303, 6579240, 0, 0, 0
40400, 7535395, 0, 0, 0
40503, 7125449, 0, 0, 0
40601, 7076755, 0, 0, 0
40700, 6981426, 0, 0, 0
40800, 6875455, 0, 0, 0
40901, 8330568, 0, 0, 0
41001, 6870594, 0, 0, 0
41100, 6617079, 0, 0, 0
41202, 7643212, 0, 0, 0
41301, 6467226, 0, 0, 0
41406, 8249435, 0, 0, 0
41500, 6755512, 0, 0, 0
41601, 7885010, 0, 0, 0
41700, 5609913, 0, 0, 0
41800, 7802397, 0, 0, 0
41907, 7444340, 0, 0, 0
42000, 7645622, 0, 0, 0
42101, 6419283, 0, 0, 0
42200, 8164504, 0, 0, 0
42300, 7493066, 0, 0, 0
42402, 7947553, 0, 0, 0
42500, 6315045, 0, 0, 0
42601, 7181926, 0, 0, 0
42700, 7113223, 0, 0, 0
42803, 7556993, 0, 0, 0
42906, 7285715, 0, 0, 0
43000, 7038679, 0, 0, 0
43103, 7258680, 0, 0, 0
43202, 7702946, 0, 0, 0
43300, 6830136, 0, 0, 0
43400, 5881571, 0, 0, 0
43500, 6626750, 0, 0, 0
43601, 6535466, 0, 0, 0
43700, 8053732, 0, 0, 0
43800, 7907581, 0, 0, 0
43902, 7538226, 0, 0, 0
44002, 6463594, 0, 0, 0
44101, 7418638, 0, 0, 0
44203, 6964679, 0, 0, 0
44301, 6793484, 0, 0, 0
44401, 6779306, 0, 0, 0
44501, 6767603, 0, 0, 0
44600, 7022275, 0, 0, 0
44702, 7148846, 0, 0, 0
44800, 7251044, 0, 0, 0
44901, 6848836, 0, 0, 0
45004, 7074802, 0, 0, 0
45104, 8156725, 0, 0, 0
45201, 6468730, 0, 0, 0
45302, 7290206, 0, 0, 0
45402, 7495401, 0, 0, 0
45500, 7320709, 0, 0, 0
45606, 6692495, 0, 0, 0
45707, 8506642, 0, 0, 0
45800, 8061416, 0, 0, 0
45901, 6945858, 0, 0, 0
46002, 7167708, 0, 0, 0
46103, 7502823, 0, 0, 0
46201, 7711180, 0, 0, 0
46301, 7223246, 0, 0, 0
46400, 7842315, 0, 0, 0
46501, 6556245, 0, 0, 0
46603, 6605546, 0, 0, 0
46700, 7522345, 0, 0, 0
46803, 6853798, 0, 0, 0
46900, 6610611, 0, 0, 0
47003, 7094097, 0, 0, 0
47108, 6360169, 0, 0, 0
47202, 7145572, 0, 0, 0
47300, 6556000, 0, 0, 0
47402, 7994730, 0, 0, 0
47501, 6466844, 0, 0, 0
47600, 6893818, 0, 0, 0
47701, 6602345, 0, 0, 0
47803, 6856703, 0, 0, 0
47900, 7853457, 0, 0, 0
48001, 6387649, 0, 0, 0
48100, 9363546, 0, 0, 0
48200, 7115825, 0, 0, 0
48302, 7758497, 0, 0, 0
48403, 7150587, 0, 0, 0
48500, 7633189, 0, 0, 0
48603, 7823611, 0, 0, 0
48704, 7777390, 0, 0, 0
48801, 7193065, 0, 0, 0
48900, 7744873, 0, 0, 0
49000, 7279582, 0, 0, 0
49101, 6961478, 0, 0, 0
49200, 6644108, 0, 0, 0
49302, 6062085, 0, 0, 0
49402, 6260688, 0, 0, 0
49500, 6348469, 0, 0, 0
49607, 7788529, 0, 0, 0
49700, 8551839, 0, 0, 0
49802, 6681682, 0, 0, 0
49900, 7553303, 0, 0, 0
50001, 6743413, 0, 0, 0
50101, 7378661, 0, 0, 0
50200, 7273956, 0, 0, 0
50302, 6470338, 0, 0, 0
50400, 7177131, 0, 0, 0
50500, 7884903, 0, 0, 0
50600, 7307605, 0, 0, 0
50703, 6756085, 0, 0, 0
50800, 7533695, 0, 0, 0
50903, 9175091, 0, 0, 0
51002, 7648569, 0, 0, 0
51102, 8262610, 0, 0, 0
51202, 5544805, 0, 0, 0
51301, 6850111, 0, 0, 0
51401, 7466466, 0, 0, 0
51502, 7552752, 0, 0, 0
51601, 6682689, 0, 0, 0
51701, 6026102, 0, 0, 0
51800, 6862796, 0, 0, 0
51900, 6829380, 0, 0, 0
52006, 6776387, 0, 0, 0
52105, 7475919, 0, 0, 0
52201, 6916536, 0, 0, 0
52301, 8260281, 0, 0, 0
52400, 7242881, 0, 0, 0
52504, 7083551, 0, 0, 0
52601, 6149329, 0, 0, 0
52700, 7408359, 0, 0, 0
52802, 7869858, 0, 0, 0
52902, 8671426, 0, 0, 0
53005, 7600810, 0, 0, 0
53107, 8887896, 0, 0, 0
53200, 6308477, 0, 0, 0
53302, 8102384, 0, 0, 0
53400, 8322848, 0, 0, 0
53500, 7143475, 0, 0, 0
53601, 6575870, 0, 0, 0
53700, 7392401, 0, 0, 0
53801, 6773552, 0, 0, 0
53900, 7256552, 0, 0, 0
54000, 6756896, 0, 0, 0
54100, 7064692, 0, 0, 0
54203, 7743817, 0, 0, 0
54300, 7749612, 0, 0, 0
54401, 7960839, 0, 0, 0
54501, 7227097, 0, 0, 0
54602, 5982656, 0, 0, 0
54703, 6822861, 0, 0, 0
54806, 6949450, 0, 0, 0
54901, 6311664, 0, 0, 0
55000, 8289334, 0, 0, 0
55101, 8690215, 0, 0, 0
55201, 6894215, 0, 0, 0
55301, 6855449, 0, 0, 0
55401, 7340733, 0, 0, 0
55500, 7216946, 0, 0, 0
55606, 6847325, 0, 0, 0
55701, 7393803, 0, 0, 0
55800, 7304720, 0, 0, 0
55902, 6699332, 0, 0, 0
56000, 7566862, 0, 0, 0
56100, 7610111, 0, 0, 0
56202, 7813150, 0, 0, 0
56300, 7458223, 0, 0, 0
56400, 6830506, 0, 0, 0
56501, 7938470, 0, 0, 0
56603, 6503333, 0, 0, 0
56703, 5604072, 0, 0, 0
56800, 7425464, 0, 0, 0
56902, 6861426, 0, 0, 0
57002, 10176599, 0, 0, 0
57101, 7756934, 0, 0, 0
57202, 6918529, 0, 0, 0
57300, 7285944, 0, 0, 0
57400, 6240415, 0, 0, 0
57500, 6986824, 0, 0, 0
57600, 6892094, 0, 0, 0
57702, 6896969, 0, 0, 0
57801, 5176462, 0, 0, 0
57901, 7946596, 0, 0, 0
58000, 7261933, 0, 0, 0
58100, 7199350, 0, 0, 0
58200, 8301367, 0, 0, 0
58300, 6259500, 0, 0, 0
58401, 6358079, 0, 0, 0
58502, 6843965, 0, 0, 0
58601, 6391741, 0, 0, 0
58700, 7610890, 0, 0, 0
58800, 7381074, 0, 0, 0
58902, 5705229, 0, 0, 0
59000, 6846610, 0, 0, 0
59101, 5749114, 0, 0, 0
59204, 6543884, 0, 0, 0
59300, 7984521, 0, 0, 0
59400, 8761928, 0, 0, 0
59501, 6161474, 0, 0, 0
59600, 8141923, 0, 0, 0
59702, 7087565, 0, 0, 0
59801, 6808205, 0, 0, 0
59904, 7012038, 0, 0, 0
60002, 7078812, 0, 0, 0
60002, 5569298, 0, 0, 0
