250, 9884, 0, 0, 0
350, 10160, 0, 0, 0
450, 9310, 0, 0, 0
551, 10100, 0, 0, 0
651, 9540, 0, 0, 0
751, 9820, 0, 0, 0
851, 9890, 0, 0, 0
951, 10110, 0, 0, 0
1052, 10240, 0, 0, 0
1152, 9740, 0, 0, 0
1252, 10210, 0, 0, 0
1352, 9960, 0, 0, 0
1452, 9850, 0, 0, 0
1552, 9340, 0, 0, 0
1652, 9360, 0, 0, 0
1753, 8940, 0, 0, 0
1853, 9570, 0, 0, 0
1953, 9040, 0, 0, 0
2053, 8420, 0, 0, 0
2153, 9430, 0, 0, 0
2254, 9990, 0, 0, 0
2354, 8520, 0, 0, 0
2454, 9530, 0, 0, 0
2554, 9890, 0, 0, 0
2654, 9730, 0, 0, 0
2755, 9470, 0, 0, 0
2855, 10110, 0, 0, 0
2955, 9060, 0, 0, 0
3056, 9594, 0, 0, 0
3156, 9920, 0, 0, 0
3257, 9160, 0, 0, 0
3357, 10380, 0, 0, 0
3457, 10050, 0, 0, 0
3558, 10128, 0, 0, 0
3658, 9200, 0, 0, 0
3759, 9740, 0, 0, 0
3859, 9460, 0, 0, 0
3959, 9990, 0, 0, 0
4061, 9465, 0, 0, 0
4161, 9980, 0, 0, 0
4261, 9750, 0, 0, 0
4361, 9580, 0, 0, 0
4462, 9980, 0, 0, 0
4562, 9060, 0, 0, 0
4662, 9620, 0, 0, 0
4762, 8880, 0, 0, 0
4862, 9690, 0, 0, 0
4962, 9220, 0, 0, 0
5063, 9970, 0, 0, 0
5163, 10180, 0, 0, 0
5263, 10010, 0, 0, 0
5363, 10260, 0, 0, 0
5463, 9460, 0, 0, 0
5563, 9430, 0, 0, 0
5664, 9910, 0, 0, 0
5764, 10170, 0, 0, 0
5864, 9430, 0, 0, 0
5964, 9220, 0, 0, 0
6064, 8900, 0, 0, 0
6164, 11200, 0, 0, 0
6265, 9140, 0, 0, 0
6365, 9390, 0, 0, 0
6465, 8700, 0, 0, 0
6565, 9220, 0, 0, 0
6665, 9000, 0, 0, 0
6765, 10430, 0, 0, 0
6865, 9630, 0, 0, 0
6965, 9770, 0, 0, 0
7066, 9460, 0, 0, 0
7166, 10040, 0, 0, 0
7266, 10180, 0, 0, 0
7366, 9530, 0, 0, 0
7466, 8900, 0, 0, 0
7566, 10380, 0, 0, 0
7667, 8990, 0, 0, 0
7767, 9950, 0, 0, 0
7867, 10480, 0, 0, 0
7967, 9160, 0, 0, 0
8067, 9130, 0, 0, 0
8168, 9150, 0, 0, 0
8268, 9510, 0, 0, 0
8368, 9950, 0, 0, 0
8468, 10210, 0, 0, 0
8568, 8700, 0, 0, 0
8668, 9870, 0, 0, 0
8768, 10290, 0, 0, 0
8869, 9480, 0, 0, 0
8969, 8380, 0, 0, 0
9069, 9710, 0, 0, 0
9169, 9510, 0, 0, 0
9270, 9270, 0, 0, 0
9370, 9440, 0, 0, 0
9470, 9290, 0, 0, 0
9570, 9220, 0, 0, 0
9670, 10470, 0, 0, 0
9771, 9740, 0, 0, 0
9871, 8590, 0, 0, 0
9971, 9680, 0, 0, 0
10071, 8910, 0, 0, 0
10172, 9360, 0, 0, 0
10272, 9450, 0, 0, 0
10372, 9930, 0, 0, 0
10472, 9590, 0, 0, 0
10572, 9690, 0, 0, 0
10673, 9800, 0, 0, 0
10773, 9050, 0, 0, 0
10873, 9920, 0, 0, 0
10973, 9770, 0, 0, 0
11074, 9400, 0, 0, 0
11174, 9610, 0, 0, 0
11274, 9280, 0, 0, 0
11374, 9080, 0, 0, 0
11474, 9260, 0, 0, 0
11575, 9410, 0, 0, 0
11675, 9200, 0, 0, 0
11775, 9400, 0, 0, 0
11875, 11240, 0, 0, 0
11975, 10210, 0, 0, 0
12075, 9230, 0, 0, 0
12175, 9960, 0, 0, 0
12276, 9310, 0, 0, 0
12376, 9550, 0, 0, 0
12476, 9780, 0, 0, 0
12576, 8930, 0, 0, 0
12676, 10420, 0, 0, 0
12776, 9880, 0, 0, 0
12876, 10510, 0, 0, 0
12977, 10940, 0, 0, 0
13077, 9090, 0, 0, 0
13177, 9510, 0, 0, 0
13278, 9430, 0, 0, 0
13378, 8800, 0, 0, 0
13478, 10200, 0, 0, 0
13578, 10250, 0, 0, 0
13678, 9690, 0, 0, 0
13778, 9720, 0, 0, 0
13879, 10040, 0, 0, 0
13979, 9720, 0, 0, 0
14079, 10100, 0, 0, 0
14180, 9990, 0, 0, 0
14280, 10210, 0, 0, 0
14380, 9720, 0, 0, 0
14480, 9660, 0, 0, 0
14580, 10010, 0, 0, 0
14681, 9610, 0, 0, 0
14781, 9630, 0, 0, 0
14881, 9780, 0, 0, 0
14982, 8640, 0, 0, 0
15082, 9550, 0, 0, 0
15182, 9640, 0, 0, 0
15282, 9530, 0, 0, 0
15383, 9410, 0, 0, 0
15483, 10040, 0, 0, 0
15583, 9440, 0, 0, 0
15683, 9350, 0, 0, 0
15783, 10010, 0, 0, 0
15883, 9860, 0, 0, 0
15983, 9650, 0, 0, 0
16084, 9300, 0, 0, 0
16184, 9190, 0, 0, 0
16285, 9554, 0, 0, 0
16385, 9490, 0, 0, 0
16485, 9560, 0, 0, 0
16585, 10010, 0, 0, 0
16685, 10270, 0, 0, 0
16786, 9930, 0, 0, 0
16886, 9490, 0, 0, 0
16986, 9390, 0, 0, 0
17087, 9510, 0, 0, 0
17187, 10290, 0, 0, 0
17287, 9060, 0, 0, 0
17387, 9900, 0, 0, 0
17487, 9960, 0, 0, 0
17588, 9590, 0, 0, 0
17688, 10040, 0, 0, 0
17788, 9940, 0, 0, 0
17888, 9080, 0, 0, 0
17988, 8980, 0, 0, 0
18089, 9600, 0, 0, 0
18189, 9440, 0, 0, 0
18289, 10070, 0, 0, 0
18389, 10240, 0, 0, 0
18489, 10170, 0, 0, 0
18590, 9630, 0, 0, 0
18690, 9630, 0, 0, 0
18790, 9460, 0, 0, 0
18890, 10280, 0, 0, 0
18990, 9470, 0, 0, 0
19091, 10190, 0, 0, 0
19192, 9465, 0, 0, 0
19293, 10160, 0, 0, 0
19393, 9220, 0, 0, 0
19493, 10310, 0, 0, 0
19593, 10240, 0, 0, 0
19693, 9850, 0, 0, 0
19793, 9780, 0, 0, 0
19893, 10170, 0, 0, 0
19994, 10000, 0, 0, 0
20094, 9190, 0, 0, 0
20194, 10350, 0, 0, 0
20294, 9620, 0, 0, 0
20394, 9670, 0, 0, 0
20495, 9500, 0, 0, 0
20595, 9740, 0, 0, 0
20695, 9820, 0, 0, 0
20795, 9550, 0, 0, 0
20895, 10130, 0, 0, 0
20996, 10590, 0, 0, 0
21096, 10490, 0, 0, 0
21196, 9530, 0, 0, 0
21296, 10010, 0, 0, 0
21396, 9710, 0, 0, 0
21497, 10240, 0, 0, 0
21597, 9960, 0, 0, 0
21697, 10190, 0, 0, 0
21798, 9740, 0, 0, 0
21898, 10560, 0, 0, 0
21998, 9670, 0, 0, 0
22098, 9250, 0, 0, 0
22198, 9700, 0, 0, 0
22299, 9990, 0, 0, 0
22399, 9970, 0, 0, 0
22499, 9400, 0, 0, 0
22599, 9600, 0, 0, 0
22699, 10020, 0, 0, 0
22800, 9820, 0, 0, 0
22900, 9900, 0, 0, 0
22999, 9565, 0, 0, 0
23099, 9780, 0, 0, 0
23199, 10900, 0, 0, 0
23300, 9680, 0, 0, 0
23400, 9340, 0, 0, 0
23499, 9404, 0, 0, 0
23599, 8470, 0, 0, 0
23699, 9960, 0, 0, 0
23800, 9910, 0, 0, 0
23900, 10030, 0, 0, 0
23999, 9707, 0, 0, 0
24099, 10190, 0, 0, 0
24199, 9880, 0, 0, 0
24300, 8910, 0, 0, 0
24400, 9500, 0, 0, 0
24499, 10080, 0, 0, 0
24599, 10620, 0, 0, 0
24699, 10370, 0, 0, 0
24799, 9110, 0, 0, 0
24899, 10490, 0, 0, 0
25000, 9510, 0, 0, 0
25100, 10070, 0, 0, 0
25200, 9400, 0, 0, 0
25300, 9190, 0, 0, 0
25400, 10990, 0, 0, 0
25499, 9454, 0, 0, 0
25599, 9700, 0, 0, 0
25700, 9590, 0, 0, 0
25800, 9340, 0, 0, 0
25900, 8710, 0, 0, 0
25999, 10050, 0, 0, 0
26099, 10110, 0, 0, 0
26199, 8340, 0, 0, 0
26299, 9060, 0, 0, 0
26399, 9770, 0, 0, 0
26500, 9310, 0, 0, 0
26600, 10100, 0, 0, 0
26700, 9110, 0, 0, 0
26800, 10560, 0, 0, 0
26900, 9520, 0, 0, 0
26999, 10606, 0, 0, 0
27099, 9600, 0, 0, 0
27199, 10250, 0, 0, 0
27299, 9970, 0, 0, 0
27399, 9800, 0, 0, 0
27500, 9130, 0, 0, 0
27600, 9550, 0, 0, 0
27700, 10130, 0, 0, 0
27800, 10350, 0, 0, 0
27900, 10330, 0, 0, 0
27999, 9565, 0, 0, 0
28099, 10070, 0, 0, 0
28200, 10350, 0, 0, 0
28300, 9860, 0, 0, 0
28400, 9650, 0, 0, 0
28499, 10252, 0, 0, 0
28599, 9980, 0, 0, 0
28699, 9850, 0, 0, 0
28800, 9820, 0, 0, 0
28900, 9520, 0, 0, 0
28999, 10252, 0, 0, 0
29099, 9440, 0, 0, 0
29199, 9360, 0, 0, 0
29299, 9350, 0, 0, 0
29399, 9820, 0, 0, 0
29500, 9600, 0, 0, 0
29600, 9790, 0, 0, 0
29700, 10610, 0, 0, 0
29800, 9940, 0, 0, 0
29900, 9260, 0, 0, 0
29999, 11353, 0, 0, 0
30099, 10140, 0, 0, 0
30199, 11140, 0, 0, 0
30300, 9940, 0, 0, 0
30400, 10180, 0, 0, 0
30499, 10292, 0, 0, 0
30599, 10250, 0, 0, 0
30699, 10120, 0, 0, 0
30799, 9840, 0, 0, 0
30899, 9930, 0, 0, 0
30999, 9440, 0, 0, 0
31100, 10490, 0, 0, 0
31200, 9280, 0, 0, 0
31300, 9800, 0, 0, 0
31400, 9540, 0, 0, 0
31499, 9767, 0, 0, 0
31599, 8690, 0, 0, 0
31699, 10090, 0, 0, 0
31800, 9820, 0, 0, 0
31900, 9560, 0, 0, 0
31999, 10101, 0, 0, 0
32099, 9380, 0, 0, 0
32199, 10130, 0, 0, 0
32300, 9820, 0, 0, 0
32400, 9660, 0, 0, 0
32499, 9171, 0, 0, 0
32599, 9310, 0, 0, 0
32699, 9160, 0, 0, 0
32799, 9460, 0, 0, 0
32899, 9310, 0, 0, 0
33000, 8840, 0, 0, 0
33100, 9650, 0, 0, 0
33200, 10800, 0, 0, 0
33300, 9930, 0, 0, 0
33400, 9810, 0, 0, 0
33499, 9898, 0, 0, 0
33599, 9950, 0, 0, 0
33700, 9760, 0, 0, 0
33800, 9130, 0, 0, 0
33900, 9570, 0, 0, 0
33999, 9111, 0, 0, 0
34099, 9140, 0, 0, 0
34199, 9840, 0, 0, 0
34299, 8750, 0, 0, 0
34399, 9450, 0, 0, 0
34500, 9490, 0, 0, 0
34600, 9430, 0, 0, 0
34700, 10000, 0, 0, 0
34800, 9290, 0, 0, 0
34900, 9340, 0, 0, 0
34999, 9080, 0, 0, 0
35100, 9870, 0, 0, 0
35200, 9080, 0, 0, 0
35300, 10520, 0, 0, 0
35400, 10580, 0, 0, 0
35499, 9535, 0, 0, 0
35599, 9540, 0, 0, 0
35699, 10220, 0, 0, 0
35800, 9660, 0, 0, 0
35900, 8480, 0, 0, 0
35999, 10090, 0, 0, 0
36099, 9910, 0, 0, 0
36199, 9260, 0, 0, 0
36299, 9340, 0, 0, 0
36399, 9180, 0, 0, 0
36500, 9240, 0, 0, 0
36600, 9210, 0, 0, 0
36700, 9130, 0, 0, 0
36800, 8540, 0, 0, 0
36900, 9570, 0, 0, 0
36999, 8525, 0, 0, 0
37100, 8270, 0, 0, 0
37200, 10590, 0, 0, 0
37300, 9780, 0, 0, 0
37400, 8680, 0, 0, 0
37500, 9515, 0, 0, 0
37600, 10110, 0, 0, 0
37700, 8500, 0, 0, 0
37800, 10000, 0, 0, 0
37900, 9780, 0, 0, 0
37999, 10616, 0, 0, 0
38099, 9400, 0, 0, 0
38200, 8910, 0, 0, 0
38300, 10010, 0, 0, 0
38400, 9420, 0, 0, 0
38499, 10020, 0, 0, 0
38599, 9280, 0, 0, 0
38699, 9130, 0, 0, 0
38800, 9890, 0, 0, 0
38900, 9820, 0, 0, 0
38999, 10676, 0, 0, 0
39099, 9020, 0, 0, 0
39199, 9320, 0, 0, 0
39299, 10110, 0, 0, 0
39399, 10730, 0, 0, 0
39499, 9310, 0, 0, 0
39599, 9720, 0, 0, 0
39699, 9640, 0, 0, 0
39800, 9260, 0, 0, 0
39900, 9450, 0, 0, 0
39999, 9919, 0, 0, 0
40099, 9920, 0, 0, 0
40199, 8340, 0, 0, 0
40299, 9430, 0, 0, 0
40399, 9860, 0, 0, 0
40499, 10120, 0, 0, 0
40600, 8900, 0, 0, 0
40700, 9920, 0, 0, 0
40800, 9690, 0, 0, 0
40900, 9330, 0, 0, 0
40999, 10000, 0, 0, 0
41099, 9340, 0, 0, 0
41199, 9810, 0, 0, 0
41300, 9980, 0, 0, 0
41400, 9300, 0, 0, 0
41499, 9474, 0, 0, 0
41599, 9550, 0, 0, 0
41700, 9830, 0, 0, 0
41800, 9000, 0, 0, 0
41900, 9000, 0, 0, 0
41999, 8818, 0, 0, 0
42099, 9990, 0, 0, 0
42199, 9750, 0, 0, 0
42299, 8430, 0, 0, 0
42400, 9950, 0, 0, 0
42499, 8959, 0, 0, 0
42600, 9260, 0, 0, 0
42700, 9430, 0, 0, 0
42801, 8900, 0, 0, 0
42900, 9343, 0, 0, 0
42999, 9454, 0, 0, 0
43099, 9180, 0, 0, 0
43199, 9470, 0, 0, 0
43299, 9440, 0, 0, 0
43399, 9510, 0, 0, 0
43499, 9190, 0, 0, 0
43599, 8710, 0, 0, 0
43700, 8990, 0, 0, 0
43800, 9010, 0, 0, 0
43900, 9370, 0, 0, 0
43999, 9393, 0, 0, 0
44099, 9850, 0, 0, 0
44200, 9340, 0, 0, 0
44300, 8840, 0, 0, 0
44400, 9530, 0, 0, 0
44499, 9818, 0, 0, 0
44599, 9880, 0, 0, 0
44699, 9380, 0, 0, 0
44799, 10110, 0, 0, 0
44899, 9300, 0, 0, 0
45000, 9380, 0, 0, 0
45100, 8080, 0, 0, 0
45200, 9160, 0, 0, 0
45300, 9690, 0, 0, 0
45400, 8940, 0, 0, 0
45499, 9232, 0, 0, 0
45599, 9520, 0, 0, 0
45699, 9680, 0, 0, 0
45800, 9540, 0, 0, 0
45900, 9850, 0, 0, 0
45999, 8777, 0, 0, 0
46099, 9810, 0, 0, 0
46199, 10670, 0, 0, 0
46299, 8200, 0, 0, 0
46399, 8700, 0, 0, 0
46500, 7970, 0, 0, 0
46600, 10510, 0, 0, 0
46700, 8110, 0, 0, 0
46800, 10090, 0, 0, 0
46901, 10980, 0, 0, 0
47000, 8686, 0, 0, 0
47100, 9660, 0, 0, 0
47200, 10120, 0, 0, 0
47300, 10060, 0, 0, 0
47400, 9380, 0, 0, 0
47499, 9747, 0, 0, 0
47599, 9360, 0, 0, 0
47700, 9380, 0, 0, 0
47800, 9900, 0, 0, 0
47900, 9830, 0, 0, 0
47999, 8595, 0, 0, 0
48099, 9460, 0, 0, 0
48199, 9300, 0, 0, 0
48299, 8890, 0, 0, 0
48400, 9610, 0, 0, 0
48499, 9929, 0, 0, 0
48599, 9130, 0, 0, 0
48699, 9160, 0, 0, 0
48799, 9480, 0, 0, 0
48899, 9770, 0, 0, 0
48999, 8980, 0, 0, 0
49100, 9280, 0, 0, 0
49200, 9760, 0, 0, 0
49300, 9290, 0, 0, 0
49400, 7830, 0, 0, 0
49499, 9494, 0, 0, 0
49601, 9303, 0, 0, 0
49701, 10040, 0, 0, 0
49800, 8373, 0, 0, 0
49900, 9490, 0, 0, 0
49999, 10101, 0, 0, 0
50099, 8760, 0, 0, 0
50199, 9550, 0, 0, 0
50299, 8480, 0, 0, 0
50400, 10130, 0, 0, 0
50499, 10171, 0, 0, 0
50599, 8570, 0, 0, 0
50699, 10120, 0, 0, 0
50799, 9580, 0, 0, 0
50899, 9630, 0, 0, 0
50999, 8610, 0, 0, 0
51100, 8690, 0, 0, 0
51200, 9020, 0, 0, 0
51300, 9310, 0, 0, 0
51400, 9120, 0, 0, 0
51499, 9505, 0, 0, 0
51599, 10660, 0, 0, 0
51699, 10230, 0, 0, 0
51799, 9350, 0, 0, 0
51899, 9400, 0, 0, 0
51999, 8989, 0, 0, 0
52099, 9650, 0, 0, 0
52199, 9800, 0, 0, 0
52299, 9500, 0, 0, 0
52399, 9200, 0, 0, 0
52500, 9720, 0, 0, 0
52600, 9800, 0, 0, 0
52700, 9350, 0, 0, 0
52800, 10540, 0, 0, 0
52900, 9200, 0, 0, 0
52999, 7929, 0, 0, 0
53100, 9100, 0, 0, 0
53200, 9020, 0, 0, 0
53300, 9390, 0, 0, 0
53400, 8450, 0, 0, 0
53499, 9101, 0, 0, 0
53599, 9480, 0, 0, 0
53699, 8180, 0, 0, 0
53800, 9290, 0, 0, 0
53900, 8800, 0, 0, 0
54000, 9630, 0, 0, 0
54100, 9270, 0, 0, 0
54200, 8870, 0, 0, 0
54300, 8860, 0, 0, 0
54400, 9700, 0, 0, 0
54499, 8626, 0, 0, 0
54599, 8390, 0, 0, 0
54699, 9140, 0, 0, 0
54799, 8970, 0, 0, 0
54900, 9260, 0, 0, 0
55000, 8440, 0, 0, 0
55100, 9900, 0, 0, 0
55200, 9350, 0, 0, 0
55300, 8960, 0, 0, 0
55400, 9230, 0, 0, 0
55500, 9101, 0, 0, 0
55600, 9890, 0, 0, 0
55700, 9570, 0, 0, 0
55800, 9040, 0, 0, 0
55900, 8770, 0, 0, 0
55999, 8939, 0, 0, 0
56099, 9820, 0, 0, 0
56199, 8610, 0, 0, 0
56300, 9150, 0, 0, 0
56400, 8400, 0, 0, 0
56499, 8898, 0, 0, 0
56600, 9550, 0, 0, 0
56700, 8900, 0, 0, 0
56800, 10300, 0, 0, 0
56900, 9140, 0, 0, 0
56999, 9808, 0, 0, 0
57099, 8950, 0, 0, 0
57199, 9340, 0, 0, 0
57299, 9340, 0, 0, 0
57399, 10640, 0, 0, 0
57500, 8160, 0, 0, 0
57600, 11040, 0, 0, 0
57700, 9140, 0, 0, 0
57800, 9140, 0, 0, 0
57900, 9780, 0, 0, 0
57999, 8959, 0, 0, 0
58099, 10200, 0, 0, 0
58199, 8820, 0, 0, 0
58300, 8540, 0, 0, 0
58400, 8630, 0, 0, 0
58499, 8272, 0, 0, 0
58599, 9070, 0, 0, 0
58699, 9250, 0, 0, 0
58799, 9190, 0, 0, 0
58899, 9250, 0, 0, 0
58999, 9930, 0, 0, 0
59099, 10110, 0, 0, 0
59200, 9090, 0, 0, 0
59300, 8700, 0, 0, 0
59400, 9050, 0, 0, 0
59499, 8686, 0, 0, 0
59599, 10350, 0, 0, 0
59699, 9250, 0, 0, 0
59799, 9770, 0, 0, 0
59899, 9450, 0, 0, 0
59999, 8949, 0, 0, 0
60099, 9520, 0, 0, 0
60199, 9060, 0, 0, 0
60299, 8450, 0, 0, 0
60399, 9420, 0, 0, 0
60499, 9870, 0, 0, 0
60599, 8690, 0, 0, 0
60699, 9460, 0, 0, 0
60800, 9710, 0, 0, 0
60900, 8790, 0, 0, 0
60999, 10070, 0, 0, 0
61099, 9550, 0, 0, 0
61199, 10060, 0, 0, 0
61299, 8250, 0, 0, 0
61399, 10260, 0, 0, 0
61499, 8707, 0, 0, 0
61599, 9730, 0, 0, 0
61699, 8780, 0, 0, 0
61799, 10740, 0, 0, 0
61899, 9730, 0, 0, 0
61999, 9330, 0, 0, 0
62100, 9750, 0, 0, 0
62200, 9630, 0, 0, 0
62300, 8490, 0, 0, 0
62400, 9330, 0, 0, 0
62499, 10181, 0, 0, 0
62599, 10890, 0, 0, 0
62699, 9250, 0, 0, 0
62800, 8360, 0, 0, 0
62900, 9070, 0, 0, 0
62999, 9484, 0, 0, 0
63099, 8920, 0, 0, 0
63199, 9700, 0, 0, 0
63299, 9440, 0, 0, 0
63399, 8860, 0, 0, 0
63500, 9770, 0, 0, 0
63600, 9830, 0, 0, 0
63700, 9360, 0, 0, 0
63800, 8810, 0, 0, 0
63900, 9140, 0, 0, 0
63999, 9686, 0, 0, 0
64099, 10460, 0, 0, 0
64199, 9260, 0, 0, 0
64300, 9540, 0, 0, 0
64400, 9590, 0, 0, 0
64499, 9696, 0, 0, 0
64599, 9080, 0, 0, 0
64699, 8670, 0, 0, 0
64799, 9210, 0, 0, 0
64899, 9500, 0, 0, 0
65000, 9770, 0, 0, 0
65100, 9530, 0, 0, 0
65200, 10510, 0, 0, 0
65300, 9280, 0, 0, 0
65400, 10230, 0, 0, 0
65499, 10080, 0, 0, 0
65599, 9840, 0, 0, 0
65699, 9500, 0, 0, 0
65800, 10270, 0, 0, 0
65900, 9500, 0, 0, 0
65999, 9747, 0, 0, 0
66099, 9740, 0, 0, 0
66199, 8620, 0, 0, 0
66299, 9940, 0, 0, 0
66400, 8260, 0, 0, 0
66502, 8178, 0, 0, 0
66602, 10250, 0, 0, 0
66703, 9280, 0, 0, 0
66803, 10200, 0, 0, 0
66903, 9040, 0, 0, 0
67003, 10120, 0, 0, 0
67103, 10000, 0, 0, 0
67203, 8790, 0, 0, 0
67304, 9240, 0, 0, 0
67404, 9200, 0, 0, 0
67504, 9710, 0, 0, 0
67604, 9770, 0, 0, 0
67704, 9580, 0, 0, 0
67804, 9000, 0, 0, 0
67904, 9470, 0, 0, 0
68005, 9900, 0, 0, 0
68105, 8190, 0, 0, 0
68205, 8840, 0, 0, 0
68305, 8920, 0, 0, 0
68405, 7680, 0, 0, 0
68506, 9220, 0, 0, 0
68606, 8530, 0, 0, 0
68706, 9670, 0, 0, 0
68807, 8170, 0, 0, 0
68907, 9810, 0, 0, 0
69007, 7960, 0, 0, 0
69107, 8850, 0, 0, 0
69207, 9260, 0, 0, 0
69307, 9110, 0, 0, 0
69407, 9280, 0, 0, 0
69507, 9090, 0, 0, 0
69607, 9020, 0, 0, 0
69707, 8730, 0, 0, 0
69808, 8200, 0, 0, 0
69908, 9330, 0, 0, 0
70008, 9640, 0, 0, 0
70108, 9600, 0, 0, 0
70208, 8560, 0, 0, 0
70308, 9920, 0, 0, 0
70409, 10110, 0, 0, 0
70509, 9640, 0, 0, 0
70609, 9610, 0, 0, 0
70709, 9240, 0, 0, 0
70809, 8300, 0, 0, 0
70909, 9630, 0, 0, 0
71009, 7560, 0, 0, 0
71109, 8750, 0, 0, 0
71210, 9300, 0, 0, 0
71310, 9110, 0, 0, 0
71410, 9120, 0, 0, 0
71510, 9220, 0, 0, 0
71610, 9590, 0, 0, 0
71710, 9570, 0, 0, 0
71811, 9010, 0, 0, 0
71911, 9900, 0, 0, 0
72011, 9950, 0, 0, 0
72111, 9590, 0, 0, 0
72211, 9540, 0, 0, 0
72311, 8360, 0, 0, 0
72412, 10680, 0, 0, 0
72512, 8360, 0, 0, 0
72612, 7850, 0, 0, 0
72712, 8260, 0, 0, 0
72812, 10200, 0, 0, 0
72912, 9490, 0, 0, 0
73012, 9500, 0, 0, 0
73113, 9430, 0, 0, 0
73213, 9140, 0, 0, 0
73313, 9420, 0, 0, 0
73413, 9980, 0, 0, 0
73513, 9470, 0, 0, 0
73613, 8900, 0, 0, 0
73714, 9390, 0, 0, 0
73814, 9530, 0, 0, 0
73914, 10040, 0, 0, 0
74014, 10310, 0, 0, 0
74114, 9600, 0, 0, 0
74215, 9440, 0, 0, 0
74315, 9930, 0, 0, 0
74415, 8900, 0, 0, 0
74515, 9500, 0, 0, 0
74615, 9400, 0, 0, 0
74715, 10450, 0, 0, 0
74815, 9580, 0, 0, 0
74916, 8320, 0, 0, 0
75016, 9620, 0, 0, 0
75116, 9400, 0, 0, 0
75216, 10050, 0, 0, 0
75316, 8380, 0, 0, 0
75417, 9850, 0, 0, 0
75517, 9050, 0, 0, 0
75617, 9940, 0, 0, 0
75717, 9080, 0, 0, 0
75818, 8900, 0, 0, 0
75918, 9810, 0, 0, 0
76018, 9810, 0, 0, 0
76118, 8390, 0, 0, 0
76218, 10390, 0, 0, 0
76319, 9500, 0, 0, 0
76419, 8590, 0, 0, 0
76519, 8600, 0, 0, 0
76619, 9190, 0, 0, 0
76719, 9550, 0, 0, 0
76820, 10080, 0, 0, 0
76920, 9590, 0, 0, 0
77020, 10930, 0, 0, 0
77120, 9640, 0, 0, 0
77220, 9120, 0, 0, 0
77320, 10120, 0, 0, 0
77420, 9420, 0, 0, 0
77521, 8130, 0, 0, 0
77621, 9710, 0, 0, 0
77721, 10030, 0, 0, 0
77821, 9770, 0, 0, 0
77921, 10160, 0, 0, 0
78021, 8920, 0, 0, 0
78121, 9790, 0, 0, 0
78221, 9830, 0, 0, 0
78322, 9660, 0, 0, 0
78422, 9900, 0, 0, 0
78522, 9740, 0, 0, 0
78622, 8720, 0, 0, 0
78722, 8950, 0, 0, 0
78822, 9760, 0, 0, 0
78923, 9040, 0, 0, 0
79023, 9160, 0, 0, 0
79123, 10140, 0, 0, 0
79223, 9290, 0, 0, 0
79323, 9540, 0, 0, 0
79423, 8680, 0, 0, 0
79524, 8170, 0, 0, 0
79624, 8210, 0, 0, 0
79724, 9080, 0, 0, 0
79825, 9660, 0, 0, 0
79925, 8070, 0, 0, 0
80025, 8840, 0, 0, 0
80125, 9980, 0, 0, 0
80226, 8930, 0, 0, 0
80326, 9310, 0, 0, 0
80426, 9700, 0, 0, 0
80526, 7910, 0, 0, 0
80626, 10010, 0, 0, 0
80726, 10890, 0, 0, 0
80826, 8500, 0, 0, 0
80927, 10220, 0, 0, 0
81027, 8890, 0, 0, 0
81127, 10120, 0, 0, 0
81227, 8860, 0, 0, 0
81327, 10230, 0, 0, 0
81427, 8920, 0, 0, 0
81528, 8500, 0, 0, 0
81628, 9110, 0, 0, 0
81728, 9530, 0, 0, 0
81828, 9610, 0, 0, 0
81928, 9660, 0, 0, 0
82029, 10380, 0, 0, 0
82129, 9190, 0, 0, 0
82229, 8880, 0, 0, 0
82329, 8710, 0, 0, 0
82429, 8910, 0, 0, 0
82530, 9440, 0, 0, 0
82630, 9630, 0, 0, 0
82730, 9170, 0, 0, 0
82830, 9110, 0, 0, 0
82930, 8560, 0, 0, 0
83030, 9740, 0, 0, 0
83130, 9850, 0, 0, 0
83231, 9690, 0, 0, 0
83331, 9740, 0, 0, 0
83431, 8920, 0, 0, 0
83531, 10290, 0, 0, 0
83632, 8120, 0, 0, 0
83732, 10070, 0, 0, 0
83833, 9400, 0, 0, 0
83933, 9530, 0, 0, 0
84033, 9090, 0, 0, 0
84133, 10170, 0, 0, 0
84233, 9130, 0, 0, 0
84334, 9470, 0, 0, 0
84434, 9240, 0, 0, 0
84534, 9220, 0, 0, 0
84634, 9600, 0, 0, 0
84734, 9880, 0, 0, 0
84835, 9780, 0, 0, 0
84935, 9490, 0, 0, 0
85035, 9520, 0, 0, 0
85135, 10030, 0, 0, 0
85235, 8460, 0, 0, 0
85335, 8790, 0, 0, 0
85435, 8330, 0, 0, 0
85535, 10900, 0, 0, 0
85636, 8570, 0, 0, 0
85736, 10490, 0, 0, 0
85836, 9000, 0, 0, 0
85936, 10060, 0, 0, 0
86036, 9320, 0, 0, 0
86136, 9780, 0, 0, 0
86236, 9530, 0, 0, 0
86336, 9630, 0, 0, 0
86436, 8700, 0, 0, 0
86537, 8880, 0, 0, 0
86637, 9490, 0, 0, 0
86737, 9710, 0, 0, 0
86837, 9050, 0, 0, 0
86937, 9020, 0, 0, 0
87038, 8600, 0, 0, 0
87138, 8810, 0, 0, 0
87238, 9070, 0, 0, 0
87338, 8980, 0, 0, 0
87439, 10070, 0, 0, 0
87539, 9620, 0, 0, 0
87639, 8830, 0, 0, 0
87739, 9100, 0, 0, 0
87839, 8970, 0, 0, 0
87939, 9410, 0, 0, 0
88040, 9650, 0, 0, 0
88140, 9800, 0, 0, 0
88240, 9310, 0, 0, 0
88340, 8390, 0, 0, 0
88440, 10140, 0, 0, 0
88540, 8910, 0, 0, 0
88640, 9420, 0, 0, 0
88741, 9030, 0, 0, 0
88841, 9740, 0, 0, 0
88941, 8880, 0, 0, 0
89041, 9310, 0, 0, 0
89141, 8270, 0, 0, 0
89241, 9330, 0, 0, 0
89342, 8630, 0, 0, 0
89442, 9280, 0, 0, 0
89542, 10350, 0, 0, 0
89642, 9850, 0, 0, 0
89742, 10620, 0, 0, 0
89842, 9230, 0, 0, 0
89942, 8900, 0, 0, 0
