114, 10120562, 0, 0, 0
209, 9011216, 0, 0, 0
301, 8955171, 0, 0, 0
400, 5911254, 0, 0, 0
504, 6866985, 0, 0, 0
600, 11121217, 0, 0, 0
706, 9807342, 0, 0, 0
800, 7959068, 0, 0, 0
917, 7046474, 0, 0, 0
1008, 6819974, 0, 0, 0
1104, 7122607, 0, 0, 0
1220, 7437930, 0, 0, 0
1301, 10698509, 0, 0, 0
1402, 6503191, 0, 0, 0
1510, 7688369, 0, 0, 0
1608, 10692223, 0, 0, 0
1700, 8557074, 0, 0, 0
1800, 7004467, 0, 0, 0
1902, 8213659, 0, 0, 0
2003, 8048518, 0, 0, 0
2102, 10039697, 0, 0, 0
2200, 8801284, 0, 0, 0
2300, 6452370, 0, 0, 0
2405, 11203898, 0, 0, 0
2502, 6569169, 0, 0, 0
2603, 7347181, 0, 0, 0
2701, 7061790, 0, 0, 0
2801, 7516944, 0, 0, 0
2904, 7410105, 0, 0, 0
3002, 6985045, 0, 0, 0
3105, 8141124, 0, 0, 0
3203, 8434196, 0, 0, 0
3305, 8567378, 0, 0, 0
3400, 8232431, 0, 0, 0
3500, 6921918, 0, 0, 0
3605, 8888000, 0, 0, 0
3706, 9617455, 0, 0, 0
3803, 8205576, 0, 0, 0
3904, 6303315, 0, 0, 0
4004, 6423417, 0, 0, 0
4102, 7344040, 0, 0, 0
4204, 9285031, 0, 0, 0
4300, 6655174, 0, 0, 0
4400, 7110721, 0, 0, 0
4504, 9354898, 0, 0, 0
4601, 7259153, 0, 0, 0
4700, 7773606, 0, 0, 0
4803, 8111372, 0, 0, 0
4901, 10002522, 0, 0, 0
5004, 7388730, 0, 0, 0
5105, 7928656, 0, 0, 0
5203, 9265707, 0, 0, 0
5306, 7634751, 0, 0, 0
5402, 8705653, 0, 0, 0
5500, 8466651, 0, 0, 0
5600, 8600909, 0, 0, 0
5705, 8765267, 0, 0, 0
5812, 13400909, 0, 0, 0
5901, 6877492, 0, 0, 0
6000, 8099762, 0, 0, 0
6106, 7661689, 0, 0, 0
6200, 9764391, 0, 0, 0
6319, 9382073, 0, 0, 0
6403, 8915613, 0, 0, 0
6505, 8122737, 0, 0, 0
6607, 10381231, 0, 0, 0
6702, 9354873, 0, 0, 0
6800, 8217214, 0, 0, 0
6901, 7547057, 0, 0, 0
7001, 8703909, 0, 0, 0
7100, 6904391, 0, 0, 0
7201, 7356883, 0, 0, 0
7300, 10013977, 0, 0, 0
7407, 7456733, 0, 0, 0
7501, 8008437, 0, 0, 0
7602, 7096995, 0, 0, 0
7701, 6371166, 0, 0, 0
7800, 9562677, 0, 0, 0
7906, 8504562, 0, 0, 0
8000, 7643312, 0, 0, 0
8102, 8702622, 0, 0, 0
8201, 6030680, 0, 0, 0
8306, 8473212, 0, 0, 0
8405, 7526235, 0, 0, 0
8505, 9011323, 0, 0, 0
8611, 6449803, 0, 0, 0
8718, 6915071, 0, 0, 0
8801, 10758092, 0, 0, 0
8901, 6276252, 0, 0, 0
9003, 12242429, 0, 0, 0
9101, 9151167, 0, 0, 0
9204, 7722485, 0, 0, 0
9302, 8643463, 0, 0, 0
9400, 11113667, 0, 0, 0
9500, 8578872, 0, 0, 0
9606, 5526165, 0, 0, 0
9702, 7509737, 0, 0, 0
9810, 7956402, 0, 0, 0
9901, 7562785, 0, 0, 0
10000, 6306808, 0, 0, 0
10104, 5926040, 0, 0, 0
10206, 8339611, 0, 0, 0
10300, 6864789, 0, 0, 0
10415, 8441757, 0, 0, 0
10504, 8510909, 0, 0, 0
10600, 10902300, 0, 0, 0
10712, 8585232, 0, 0, 0
10801, 9733749, 0, 0, 0
10901, 7499711, 0, 0, 0
11001, 7655639, 0, 0, 0
11100, 6348366, 0, 0, 0
11202, 7410242, 0, 0, 0
11304, 7036107, 0, 0, 0
11403, 9463630, 0, 0, 0
11504, 8034789, 0, 0, 0
11600, 9414853, 0, 0, 0
11701, 6558683, 0, 0, 0
11803, 8284803, 0, 0, 0
11902, 7880434, 0, 0, 0
12004, 6732530, 0, 0, 0
12100, 8413936, 0, 0, 0
12208, 8705588, 0, 0, 0
12302, 6921589, 0, 0, 0
12402, 9697934, 0, 0, 0
12508, 9003319, 0, 0, 0
12603, 8394723, 0, 0, 0
12701, 8182685, 0, 0, 0
12805, 7109802, 0, 0, 0
12906, 8929920, 0, 0, 0
13006, 7906768, 0, 0, 0
13102, 7724379, 0, 0, 0
13200, 6629121, 0, 0, 0
13311, 10113007, 0, 0, 0
13401, 8737164, 0, 0, 0
13506, 8645995, 0, 0, 0
13605, 8498890, 0, 0, 0
13702, 8042105, 0, 0, 0
13800, 8458921, 0, 0, 0
13906, 10122141, 0, 0, 0
14000, 7940283, 0, 0, 0
14100, 9167241, 0, 0, 0
14205, 8609552, 0, 0, 0
14300, 5579620, 0, 0, 0
14401, 9300930, 0, 0, 0
14504, 7347547, 0, 0, 0
14605, 9558145, 0, 0, 0
14704, 5642454, 0, 0, 0
14800, 8432971, 0, 0, 0
14900, 9610040, 0, 0, 0
15003, 7836520, 0, 0, 0
15104, 7675067, 0, 0, 0
15200, 9641941, 0, 0, 0
15303, 7353773, 0, 0, 0
15404, 7952950, 0, 0, 0
15506, 8826636, 0, 0, 0
15600, 9449361, 0, 0, 0
15700, 7939303, 0, 0, 0
15803, 8661287, 0, 0, 0
15910, 6881732, 0, 0, 0
16007, 8465540, 0, 0, 0
16100, 8208785, 0, 0, 0
16202, 9129955, 0, 0, 0
16302, 8420621, 0, 0, 0
16406, 6984484, 0, 0, 0
16500, 6304842, 0, 0, 0
16603, 8554220, 0, 0, 0
16701, 6697582, 0, 0, 0
16802, 10046330, 0, 0, 0
16901, 6666698, 0, 0, 0
17008, 7109706, 0, 0, 0
17108, 7935908, 0, 0, 0
17202, 7086231, 0, 0, 0
17300, 8330276, 0, 0, 0
17405, 8493919, 0, 0, 0
17500, 7717833, 0, 0, 0
17600, 7049925, 0, 0, 0
17705, 8496342, 0, 0, 0
17801, 6856062, 0, 0, 0
17900, 8227665, 0, 0, 0
18003, 7193717, 0, 0, 0
18101, 6230157, 0, 0, 0
18201, 7542876, 0, 0, 0
18304, 7576369, 0, 0, 0
18400, 8127192, 0, 0, 0
18506, 6610512, 0, 0, 0
18608, 10580100, 0, 0, 0
18707, 9831924, 0, 0, 0
18800, 9865793, 0, 0, 0
18902, 7219441, 0, 0, 0
19001, 10142540, 0, 0, 0
19105, 7800552, 0, 0, 0
19203, 8286449, 0, 0, 0
19301, 6602062, 0, 0, 0
19413, 7862371, 0, 0, 0
19503, 8304276, 0, 0, 0
19600, 7423826, 0, 0, 0
19705, 9881103, 0, 0, 0
19801, 5957952, 0, 0, 0
19907, 7832010, 0, 0, 0
20001, 10074915, 0, 0, 0
20109, 6897817, 0, 0, 0
20202, 7466961, 0, 0, 0
20303, 6680822, 0, 0, 0
20402, 9622209, 0, 0, 0
20505, 6809119, 0, 0, 0
20602, 6997719, 0, 0, 0
20702, 7965094, 0, 0, 0
20806, 9090498, 0, 0, 0
20901, 7430900, 0, 0, 0
21001, 6462677, 0, 0, 0
21105, 6673094, 0, 0, 0
21210, 8867271, 0, 0, 0
21304, 9482961, 0, 0, 0
21400, 7964870, 0, 0, 0
21504, 7980481, 0, 0, 0
21600, 6880288, 0, 0, 0
21701, 7855442, 0, 0, 0
21804, 7399395, 0, 0, 0
21902, 7294008, 0, 0, 0
22005, 7334534, 0, 0, 0
22105, 8017714, 0, 0, 0
22200, 8401243, 0, 0, 0
22300, 8456389, 0, 0, 0
22402, 7184160, 0, 0, 0
22501, 8074042, 0, 0, 0
22602, 7153242, 0, 0, 0
22702, 8875916, 0, 0, 0
22807, 10955332, 0, 0, 0
22900, 7413331, 0, 0, 0
23005, 8552925, 0, 0, 0
23100, 7866454, 0, 0, 0
23203, 7127619, 0, 0, 0
23306, 8514632, 0, 0, 0
23400, 6743852, 0, 0, 0
23505, 7945539, 0, 0, 0
23608, 7804917, 0, 0, 0
23701, 7239816, 0, 0, 0
23805, 5868425, 0, 0, 0
23900, 8684598, 0, 0, 0
24004, 7880105, 0, 0, 0
24108, 8768704, 0, 0, 0
24202, 12157964, 0, 0, 0
24303, 8893465, 0, 0, 0
24401, 7413426, 0, 0, 0
24501, 6916543, 0, 0, 0
24601, 7847758, 0, 0, 0
24701, 5943309, 0, 0, 0
24811, 7830048, 0, 0, 0
24902, 8977707, 0, 0, 0
25002, 7699237, 0, 0, 0
25101, 6806484, 0, 0, 0
25201, 6827085, 0, 0, 0
25307, 9176084, 0, 0, 0
25402, 8510042, 0, 0, 0
25501, 7858173, 0, 0, 0
25601, 7466602, 0, 0, 0
25702, 7397716, 0, 0, 0
25800, 6048380, 0, 0, 0
25903, 7183478, 0, 0, 0
26006, 9090038, 0, 0, 0
26105, 8344750, 0, 0, 0
26206, 5844195, 0, 0, 0
26304, 7372532, 0, 0, 0
26404, 6297143, 0, 0, 0
26501, 7115971, 0, 0, 0
26612, 8528535, 0, 0, 0
26700, 6350086, 0, 0, 0
26802, 6339382, 0, 0, 0
26903, 6196997, 0, 0, 0
27000, 7508645, 0, 0, 0
27103, 6291886, 0, 0, 0
27201, 4685285, 0, 0, 0
27303, 10337446, 0, 0, 0
27400, 8866117, 0, 0, 0
27502, 6075915, 0, 0, 0
27600, 6923622, 0, 0, 0
27701, 8204779, 0, 0, 0
27804, 7534481, 0, 0, 0
27909, 9259068, 0, 0, 0
28001, 6718860, 0, 0, 0
28110, 7854320, 0, 0, 0
28207, 9374220, 0, 0, 0
28303, 6783671, 0, 0, 0
28402, 9897449, 0, 0, 0
28510, 8558896, 0, 0, 0
28601, 11201487, 0, 0, 0
28705, 7589322, 0, 0, 0
28800, 9194706, 0, 0, 0
28903, 7952973, 0, 0, 0
29006, 6270308, 0, 0, 0
29119, 9771688, 0, 0, 0
29206, 7843586, 0, 0, 0
29303, 7222648, 0, 0, 0
29408, 6261869, 0, 0, 0
29503, 8125975, 0, 0, 0
29602, 8272063, 0, 0, 0
29706, 7611373, 0, 0, 0
29801, 8020989, 0, 0, 0
29900, 6915753, 0, 0, 0
30008, 8827611, 0, 0, 0
30101, 9952160, 0, 0, 0
30200, 6752508, 0, 0, 0
30301, 7364585, 0, 0, 0
30400, 8595448, 0, 0, 0
30506, 8118112, 0, 0, 0
30601, 8150518, 0, 0, 0
30702, 7830866, 0, 0, 0
30802, 8162561, 0, 0, 0
30900, 9992333, 0, 0, 0
31001, 8102315, 0, 0, 0
31103, 7358688, 0, 0, 0
31200, 9496763, 0, 0, 0
31300, 8283090, 0, 0, 0
31403, 10729427, 0, 0, 0
31508, 8118191, 0, 0, 0
31603, 6763882, 0, 0, 0
31701, 8169568, 0, 0, 0
31801, 9126366, 0, 0, 0
31907, 8839223, 0, 0, 0
32010, 7576177, 0, 0, 0
32101, 7565167, 0, 0, 0
32203, 6994284, 0, 0, 0
32309, 8772811, 0, 0, 0
32402, 9088056, 0, 0, 0
32505, 7849264, 0, 0, 0
32602, 7474936, 0, 0, 0
32704, 6462752, 0, 0, 0
32802, 8808013, 0, 0, 0
32900, 6073318, 0, 0, 0
33003, 9657500, 0, 0, 0
33100, 8305618, 0, 0, 0
33202, 7503630, 0, 0, 0
33302, 7542651, 0, 0, 0
33400, 8758115, 0, 0, 0
33500, 7742724, 0, 0, 0
33607, 8023833, 0, 0, 0
33702, 8781989, 0, 0, 0
33804, 13503242, 0, 0, 0
33915, 8039783, 0, 0, 0
34002, 10448309, 0, 0, 0
34105, 8755926, 0, 0, 0
34201, 6754988, 0, 0, 0
34303, 8219941, 0, 0, 0
34404, 6408303, 0, 0, 0
34502, 6430654, 0, 0, 0
34602, 7163221, 0, 0, 0
34701, 5277635, 0, 0, 0
34803, 6437004, 0, 0, 0
34900, 6819667, 0, 0, 0
35001, 7290425, 0, 0, 0
35111, 7893526, 0, 0, 0
35216, 8638781, 0, 0, 0
35300, 7317442, 0, 0, 0
35400, 6069685, 0, 0, 0
35503, 7320948, 0, 0, 0
35600, 6134257, 0, 0, 0
35702, 9394345, 0, 0, 0
35809, 9262730, 0, 0, 0
35904, 6403853, 0, 0, 0
36005, 11464773, 0, 0, 0
36104, 5984760, 0, 0, 0
36201, 8898036, 0, 0, 0
36300, 7113546, 0, 0, 0
36402, 7214911, 0, 0, 0
36501, 7394792, 0, 0, 0
36605, 8684201, 0, 0, 0
36701, 7545246, 0, 0, 0
36804, 8453114, 0, 0, 0
36901, 7128010, 0, 0, 0
37004, 6425165, 0, 0, 0
37102, 6790684, 0, 0, 0
37200, 6196975, 0, 0, 0
37302, 8376437, 0, 0, 0
37400, 12325364, 0, 0, 0
37500, 7360596, 0, 0, 0
37604, 6582114, 0, 0, 0
37700, 8378150, 0, 0, 0
37800, 7457884, 0, 0, 0
37900, 7426134, 0, 0, 0
38000, 6660108, 0, 0, 0
38102, 9404130, 0, 0, 0
38201, 8031369, 0, 0, 0
38300, 8824263, 0, 0, 0
38400, 6535488, 0, 0, 0
38504, 7467557, 0, 0, 0
38603, 6222126, 0, 0, 0
38705, 6815029, 0, 0, 0
38805, 8152474, 0, 0, 0
38903, 7434109, 0, 0, 0
39000, 6971184, 0, 0, 0
39100, 7451861, 0, 0, 0
39203, 8961959, 0, 0, 0
39309, 7820218, 0, 0, 0
39402, 6257570, 0, 0, 0
39500, 6678648, 0, 0, 0
39602, 7828827, 0, 0, 0
39700, 6117017, 0, 0, 0
39801, 8703606, 0, 0, 0
39905, 7946418, 0, 0, 0
40000, 9298738, 0, 0, 0
40102, 6784839, 0, 0, 0
40200, 5829831, 0, 0, 0
40300, 9654731, 0, 0, 0
40407, 6153962, 0, 0, 0
40503, 9298552, 0, 0, 0
40609, 8872495, 0, 0, 0
40700, 7142156, 0, 0, 0
40801, 5976588, 0, 0, 0
40902, 7735486, 0, 0, 0
41000, 7126571, 0, 0, 0
41100, 8939350, 0, 0, 0
41202, 5791384, 0, 0, 0
41300, 7604067, 0, 0, 0
41400, 8423154, 0, 0, 0
41501, 9873960, 0, 0, 0
41601, 6649628, 0, 0, 0
41704, 8674288, 0, 0, 0
41804, 7949239, 0, 0, 0
41905, 8580362, 0, 0, 0
42014, 7313586, 0, 0, 0
42104, 6958442, 0, 0, 0
42200, 7434007, 0, 0, 0
42307, 7791379, 0, 0, 0
42400, 6685161, 0, 0, 0
42502, 9025087, 0, 0, 0
42603, 7721948, 0, 0, 0
42711, 9930555, 0, 0, 0
42802, 9096866, 0, 0, 0
42901, 9398460, 0, 0, 0
43004, 9244789, 0, 0, 0
43100, 6481482, 0, 0, 0
43203, 8531238, 0, 0, 0
43300, 6375117, 0, 0, 0
43404, 6158398, 0, 0, 0
43501, 7684957, 0, 0, 0
43601, 7466955, 0, 0, 0
43709, 9911452, 0, 0, 0
43804, 7271579, 0, 0, 0
43901, 8166622, 0, 0, 0
44003, 6258474, 0, 0, 0
44103, 8276007, 0, 0, 0
44205, 10380208, 0, 0, 0
44302, 7019833, 0, 0, 0
44405, 10090857, 0, 0, 0
44505, 7406819, 0, 0, 0
44607, 8721005, 0, 0, 0
44700, 7560520, 0, 0, 0
44802, 9256335, 0, 0, 0
44905, 12518138, 0, 0, 0
45000, 5445917, 0, 0, 0
45100, 6184794, 0, 0, 0
45200, 7881642, 0, 0, 0
45302, 6325142, 0, 0, 0
45402, 8375633, 0, 0, 0
45503, 10479844, 0, 0, 0
45602, 7160633, 0, 0, 0
45700, 7190642, 0, 0, 0
45803, 6602947, 0, 0, 0
45901, 6449857, 0, 0, 0
46001, 6938530, 0, 0, 0
46102, 7977931, 0, 0, 0
46200, 6270023, 0, 0, 0
46301, 7840637, 0, 0, 0
46402, 7758098, 0, 0, 0
46503, 6090536, 0, 0, 0
46600, 9803765, 0, 0, 0
46706, 6164394, 0, 0, 0
46800, 7368673, 0, 0, 0
46902, 11135791, 0, 0, 0
47003, 7426455, 0, 0, 0
47102, 7192984, 0, 0, 0
47205, 6342475, 0, 0, 0
47303, 7732999, 0, 0, 0
47400, 9552586, 0, 0, 0
47506, 7670130, 0, 0, 0
47600, 5028234, 0, 0, 0
47703, 7199457, 0, 0, 0
47805, 7492508, 0, 0, 0
47903, 10778956, 0, 0, 0
48005, 5376799, 0, 0, 0
48103, 9269708, 0, 0, 0
48200, 6601521, 0, 0, 0
48300, 6017134, 0, 0, 0
48403, 6771991, 0, 0, 0
48503, 7679659, 0, 0, 0
48601, 6542626, 0, 0, 0
48704, 6036499, 0, 0, 0
48801, 6507206, 0, 0, 0
48902, 7408612, 0, 0, 0
49004, 6319302, 0, 0, 0
49101, 7524982, 0, 0, 0
49200, 6656220, 0, 0, 0
49304, 6741440, 0, 0, 0
49402, 10365084, 0, 0, 0
49506, 7510820, 0, 0, 0
49603, 8446782, 0, 0, 0
49712, 9192959, 0, 0, 0
49802, 6783999, 0, 0, 0
49912, 7931600, 0, 0, 0
50000, 6438873, 0, 0, 0
50103, 8773015, 0, 0, 0
50205, 6181791, 0, 0, 0
50301, 8003985, 0, 0, 0
50407, 6096581, 0, 0, 0
50503, 8338331, 0, 0, 0
50600, 7108509, 0, 0, 0
50706, 7043037, 0, 0, 0
50814, 6101089, 0, 0, 0
50908, 6210666, 0, 0, 0
51000, 5922433, 0, 0, 0
51110, 8170789, 0, 0, 0
51208, 8610430, 0, 0, 0
51307, 7451357, 0, 0, 0
51401, 8462202, 0, 0, 0
51503, 6218570, 0, 0, 0
51600, 8757612, 0, 0, 0
51700, 5916568, 0, 0, 0
51812, 8682985, 0, 0, 0
51900, 8545472, 0, 0, 0
52001, 7200713, 0, 0, 0
52101, 6439072, 0, 0, 0
52205, 9297261, 0, 0, 0
52302, 7213988, 0, 0, 0
52400, 6354642, 0, 0, 0
52503, 7436767, 0, 0, 0
52603, 8320468, 0, 0, 0
52704, 8806059, 0, 0, 0
52809, 9385991, 0, 0, 0
52901, 10847840, 0, 0, 0
53003, 8360711, 0, 0, 0
53107, 10901015, 0, 0, 0
53200, 15881572, 0, 0, 0
53303, 9640727, 0, 0, 0
53403, 6644282, 0, 0, 0
53504, 8254268, 0, 0, 0
53603, 8819825, 0, 0, 0
53704, 10052541, 0, 0, 0
53805, 8509372, 0, 0, 0
53901, 9043549, 0, 0, 0
54003, 7198103, 0, 0, 0
54100, 5754190, 0, 0, 0
54200, 6988508, 0, 0, 0
54309, 6675018, 0, 0, 0
54400, 8673143, 0, 0, 0
54500, 8095543, 0, 0, 0
54604, 7541642, 0, 0, 0
54703, 11147645, 0, 0, 0
54800, 9238773, 0, 0, 0
54900, 7117703, 0, 0, 0
55010, 8641827, 0, 0, 0
55100, 6327966, 0, 0, 0
55206, 9408478, 0, 0, 0
55302, 7262531, 0, 0, 0
55401, 8289157, 0, 0, 0
55500, 8470030, 0, 0, 0
55603, 7100742, 0, 0, 0
55703, 7746841, 0, 0, 0
55800, 7256414, 0, 0, 0
55902, 6292609, 0, 0, 0
56007, 7498351, 0, 0, 0
56100, 7186548, 0, 0, 0
56205, 7684783, 0, 0, 0
56302, 11282454, 0, 0, 0
56403, 8444405, 0, 0, 0
56506, 9293068, 0, 0, 0
56601, 7505582, 0, 0, 0
56705, 8147805, 0, 0, 0
56800, 8755190, 0, 0, 0
56909, 7653096, 0, 0, 0
57003, 6650768, 0, 0, 0
57102, 7722426, 0, 0, 0
57203, 11657459, 0, 0, 0
57300, 6573281, 0, 0, 0
57406, 8775369, 0, 0, 0
57500, 7878863, 0, 0, 0
57600, 8812729, 0, 0, 0
57701, 7282593, 0, 0, 0
57800, 7122042, 0, 0, 0
57903, 7793601, 0, 0, 0
58007, 6531381, 0, 0, 0
58101, 8151412, 0, 0, 0
58204, 7871884, 0, 0, 0
58304, 8541153, 0, 0, 0
58402, 5509006, 0, 0, 0
58507, 6654305, 0, 0, 0
58600, 9696271, 0, 0, 0
58700, 6985604, 0, 0, 0
58810, 7240863, 0, 0, 0
58900, 9185425, 0, 0, 0
59002, 8299005, 0, 0, 0
59109, 5186685, 0, 0, 0
59201, 5988633, 0, 0, 0
59300, 7661130, 0, 0, 0
59406, 9051417, 0, 0, 0
59503, 7567892, 0, 0, 0
59600, 5397042, 0, 0, 0
59700, 6877052, 0, 0, 0
59805, 6227207, 0, 0, 0
59902, 7568501, 0, 0, 0
60003, 5165450, 0, 0, 0
60006, 7485991, 0, 0, 0
