250, 196608, 0, 0, 0
350, 176640, 0, 0, 0
450, 184320, 0, 0, 0
550, 176640, 0, 0, 0
650, 176640, 0, 0, 0
749, 209454, 0, 0, 0
849, 192000, 0, 0, 0
949, 207360, 0, 0, 0
1049, 184320, 0, 0, 0
1149, 192000, 0, 0, 0
1250, 184320, 0, 0, 0
1350, 199680, 0, 0, 0
1450, 176640, 0, 0, 0
1550, 176640, 0, 0, 0
1650, 168960, 0, 0, 0
1749, 186181, 0, 0, 0
1849, 222720, 0, 0, 0
1949, 192000, 0, 0, 0
2049, 199680, 0, 0, 0
2149, 230400, 0, 0, 0
2249, 168960, 0, 0, 0
2349, 192000, 0, 0, 0
2449, 184320, 0, 0, 0
2550, 168960, 0, 0, 0
2650, 161280, 0, 0, 0
2749, 209454, 0, 0, 0
2849, 192000, 0, 0, 0
2949, 192000, 0, 0, 0
3049, 184320, 0, 0, 0
3149, 192000, 0, 0, 0
3249, 199680, 0, 0, 0
3349, 192000, 0, 0, 0
3449, 207360, 0, 0, 0
3549, 207360, 0, 0, 0
3649, 176640, 0, 0, 0
3750, 184320, 0, 0, 0
3850, 184320, 0, 0, 0
3950, 207360, 0, 0, 0
4050, 176640, 0, 0, 0
4150, 161280, 0, 0, 0
4249, 170666, 0, 0, 0
4349, 184320, 0, 0, 0
4449, 184320, 0, 0, 0
4549, 192000, 0, 0, 0
4649, 176640, 0, 0, 0
4749, 184320, 0, 0, 0
4849, 161280, 0, 0, 0
4949, 192000, 0, 0, 0
5050, 192000, 0, 0, 0
5150, 184320, 0, 0, 0
5249, 162909, 0, 0, 0
5349, 192000, 0, 0, 0
5449, 184320, 0, 0, 0
5549, 176640, 0, 0, 0
5649, 168960, 0, 0, 0
5749, 192000, 0, 0, 0
5849, 207360, 0, 0, 0
5949, 199680, 0, 0, 0
6049, 192000, 0, 0, 0
6149, 199680, 0, 0, 0
6249, 199680, 0, 0, 0
6350, 161280, 0, 0, 0
6450, 207360, 0, 0, 0
6550, 199680, 0, 0, 0
6650, 176640, 0, 0, 0
6749, 193939, 0, 0, 0
6849, 215040, 0, 0, 0
6949, 199680, 0, 0, 0
7049, 184320, 0, 0, 0
7149, 176640, 0, 0, 0
7249, 207360, 0, 0, 0
7349, 192000, 0, 0, 0
7449, 192000, 0, 0, 0
7550, 168960, 0, 0, 0
7650, 207360, 0, 0, 0
7749, 186181, 0, 0, 0
7849, 192000, 0, 0, 0
7949, 161280, 0, 0, 0
8049, 192000, 0, 0, 0
8149, 168960, 0, 0, 0
8249, 184320, 0, 0, 0
8349, 176640, 0, 0, 0
8449, 199680, 0, 0, 0
8550, 161280, 0, 0, 0
8650, 168960, 0, 0, 0
8749, 209454, 0, 0, 0
8849, 207360, 0, 0, 0
8949, 207360, 0, 0, 0
9049, 207360, 0, 0, 0
9149, 176640, 0, 0, 0
9249, 199680, 0, 0, 0
9349, 199680, 0, 0, 0
9449, 192000, 0, 0, 0
9549, 207360, 0, 0, 0
9650, 199680, 0, 0, 0
9749, 162909, 0, 0, 0
9849, 184320, 0, 0, 0
9949, 176640, 0, 0, 0
10049, 176640, 0, 0, 0
10149, 207360, 0, 0, 0
10249, 184320, 0, 0, 0
10349, 168960, 0, 0, 0
10449, 192000, 0, 0, 0
10549, 215040, 0, 0, 0
10649, 176640, 0, 0, 0
10750, 192000, 0, 0, 0
10850, 176640, 0, 0, 0
10950, 207360, 0, 0, 0
11050, 176640, 0, 0, 0
11150, 192000, 0, 0, 0
11249, 186181, 0, 0, 0
11349, 176640, 0, 0, 0
11449, 192000, 0, 0, 0
11549, 199680, 0, 0, 0
11649, 192000, 0, 0, 0
11749, 176640, 0, 0, 0
11850, 199680, 0, 0, 0
11950, 168960, 0, 0, 0
12050, 192000, 0, 0, 0
12150, 207360, 0, 0, 0
12249, 232727, 0, 0, 0
12349, 207360, 0, 0, 0
12449, 184320, 0, 0, 0
12549, 168960, 0, 0, 0
12649, 176640, 0, 0, 0
12749, 176640, 0, 0, 0
12849, 192000, 0, 0, 0
12950, 184320, 0, 0, 0
13050, 199680, 0, 0, 0
13150, 168960, 0, 0, 0
13249, 186181, 0, 0, 0
13349, 176640, 0, 0, 0
13449, 176640, 0, 0, 0
13549, 184320, 0, 0, 0
13649, 184320, 0, 0, 0
13749, 176640, 0, 0, 0
13849, 176640, 0, 0, 0
13949, 168960, 0, 0, 0
14050, 184320, 0, 0, 0
14150, 192000, 0, 0, 0
14249, 186181, 0, 0, 0
14349, 184320, 0, 0, 0
14449, 199680, 0, 0, 0
14549, 192000, 0, 0, 0
14649, 215040, 0, 0, 0
14749, 207360, 0, 0, 0
14849, 184320, 0, 0, 0
14949, 192000, 0, 0, 0
15050, 192000, 0, 0, 0
15150, 176640, 0, 0, 0
15249, 186181, 0, 0, 0
15349, 168960, 0, 0, 0
15449, 184320, 0, 0, 0
15549, 192000, 0, 0, 0
15649, 176640, 0, 0, 0
15749, 192000, 0, 0, 0
15849, 184320, 0, 0, 0
15949, 184320, 0, 0, 0
16049, 199680, 0, 0, 0
16149, 168960, 0, 0, 0
16250, 192000, 0, 0, 0
16350, 192000, 0, 0, 0
16450, 176640, 0, 0, 0
16550, 192000, 0, 0, 0
16650, 192000, 0, 0, 0
16749, 170666, 0, 0, 0
16849, 168960, 0, 0, 0
16949, 176640, 0, 0, 0
17049, 184320, 0, 0, 0
17149, 176640, 0, 0, 0
17249, 168960, 0, 0, 0
17350, 161280, 0, 0, 0
17450, 192000, 0, 0, 0
17550, 153600, 0, 0, 0
17650, 184320, 0, 0, 0
17749, 186181, 0, 0, 0
17849, 184320, 0, 0, 0
17949, 184320, 0, 0, 0
18049, 192000, 0, 0, 0
18149, 184320, 0, 0, 0
18249, 207360, 0, 0, 0
18349, 184320, 0, 0, 0
18449, 184320, 0, 0, 0
18549, 184320, 0, 0, 0
18650, 184320, 0, 0, 0
18750, 168960, 0, 0, 0
18850, 215040, 0, 0, 0
18950, 199680, 0, 0, 0
19050, 184320, 0, 0, 0
19150, 199680, 0, 0, 0
19249, 178424, 0, 0, 0
19349, 161280, 0, 0, 0
19449, 192000, 0, 0, 0
19549, 192000, 0, 0, 0
19649, 176640, 0, 0, 0
19749, 184320, 0, 0, 0
19849, 215040, 0, 0, 0
19949, 168960, 0, 0, 0
20050, 184320, 0, 0, 0
20150, 184320, 0, 0, 0
20249, 186181, 0, 0, 0
20349, 176640, 0, 0, 0
20449, 168960, 0, 0, 0
20549, 161280, 0, 0, 0
20649, 184320, 0, 0, 0
20749, 192000, 0, 0, 0
20849, 199680, 0, 0, 0
20949, 199680, 0, 0, 0
21049, 192000, 0, 0, 0
21149, 184320, 0, 0, 0
21250, 207360, 0, 0, 0
21350, 184320, 0, 0, 0
21450, 207360, 0, 0, 0
21550, 176640, 0, 0, 0
21650, 184320, 0, 0, 0
21749, 170666, 0, 0, 0
21849, 184320, 0, 0, 0
21949, 184320, 0, 0, 0
22049, 168960, 0, 0, 0
22149, 176640, 0, 0, 0
22249, 207360, 0, 0, 0
22350, 176640, 0, 0, 0
22450, 192000, 0, 0, 0
22550, 176640, 0, 0, 0
22650, 184320, 0, 0, 0
22749, 209454, 0, 0, 0
22849, 184320, 0, 0, 0
22949, 199680, 0, 0, 0
23049, 184320, 0, 0, 0
23149, 199680, 0, 0, 0
23249, 184320, 0, 0, 0
23349, 184320, 0, 0, 0
23449, 199680, 0, 0, 0
23550, 215040, 0, 0, 0
23650, 192000, 0, 0, 0
23749, 186181, 0, 0, 0
23849, 161280, 0, 0, 0
23949, 207360, 0, 0, 0
24049, 168960, 0, 0, 0
24149, 184320, 0, 0, 0
24249, 199680, 0, 0, 0
24349, 176640, 0, 0, 0
24449, 199680, 0, 0, 0
24550, 176640, 0, 0, 0
24650, 168960, 0, 0, 0
24749, 217212, 0, 0, 0
24849, 176640, 0, 0, 0
24949, 192000, 0, 0, 0
25049, 184320, 0, 0, 0
25149, 199680, 0, 0, 0
25249, 222720, 0, 0, 0
25349, 168960, 0, 0, 0
25449, 168960, 0, 0, 0
25549, 192000, 0, 0, 0
25649, 176640, 0, 0, 0
25750, 176640, 0, 0, 0
25850, 199680, 0, 0, 0
25950, 215040, 0, 0, 0
26050, 192000, 0, 0, 0
26150, 184320, 0, 0, 0
26249, 193939, 0, 0, 0
26349, 184320, 0, 0, 0
26449, 199680, 0, 0, 0
26549, 176640, 0, 0, 0
26649, 207360, 0, 0, 0
26749, 199680, 0, 0, 0
26849, 199680, 0, 0, 0
26949, 168960, 0, 0, 0
27050, 184320, 0, 0, 0
27150, 192000, 0, 0, 0
27249, 201696, 0, 0, 0
27349, 184320, 0, 0, 0
27449, 184320, 0, 0, 0
27549, 207360, 0, 0, 0
27649, 184320, 0, 0, 0
27749, 207360, 0, 0, 0
27849, 176640, 0, 0, 0
27949, 176640, 0, 0, 0
28050, 176640, 0, 0, 0
28150, 176640, 0, 0, 0
28249, 224969, 0, 0, 0
28349, 199680, 0, 0, 0
28449, 184320, 0, 0, 0
28549, 192000, 0, 0, 0
28649, 199680, 0, 0, 0
28749, 161280, 0, 0, 0
28849, 184320, 0, 0, 0
28949, 161280, 0, 0, 0
29049, 184320, 0, 0, 0
29150, 199680, 0, 0, 0
29250, 199680, 0, 0, 0
29350, 192000, 0, 0, 0
29450, 207360, 0, 0, 0
29550, 192000, 0, 0, 0
29650, 176640, 0, 0, 0
29749, 178424, 0, 0, 0
29849, 199680, 0, 0, 0
29949, 168960, 0, 0, 0
30049, 184320, 0, 0, 0
30150, 230400, 0, 0, 0
30250, 192000, 0, 0, 0
30350, 184320, 0, 0, 0
30450, 176640, 0, 0, 0
30550, 184320, 0, 0, 0
30650, 168960, 0, 0, 0
30749, 209454, 0, 0, 0
30849, 192000, 0, 0, 0
30949, 184320, 0, 0, 0
31049, 222720, 0, 0, 0
31149, 176640, 0, 0, 0
31250, 199680, 0, 0, 0
31350, 184320, 0, 0, 0
31450, 176640, 0, 0, 0
31550, 184320, 0, 0, 0
31650, 168960, 0, 0, 0
31749, 162909, 0, 0, 0
31849, 176640, 0, 0, 0
31949, 176640, 0, 0, 0
32049, 184320, 0, 0, 0
32149, 176640, 0, 0, 0
32250, 207360, 0, 0, 0
32350, 207360, 0, 0, 0
32450, 192000, 0, 0, 0
32550, 207360, 0, 0, 0
32650, 192000, 0, 0, 0
32749, 170666, 0, 0, 0
32849, 176640, 0, 0, 0
32949, 192000, 0, 0, 0
33049, 215040, 0, 0, 0
33149, 192000, 0, 0, 0
33249, 199680, 0, 0, 0
33349, 207360, 0, 0, 0
33449, 199680, 0, 0, 0
33550, 192000, 0, 0, 0
33650, 192000, 0, 0, 0
33749, 193939, 0, 0, 0
33849, 168960, 0, 0, 0
33949, 199680, 0, 0, 0
34049, 176640, 0, 0, 0
34149, 199680, 0, 0, 0
34249, 199680, 0, 0, 0
34349, 176640, 0, 0, 0
34449, 192000, 0, 0, 0
34549, 192000, 0, 0, 0
34649, 192000, 0, 0, 0
34750, 192000, 0, 0, 0
34850, 199680, 0, 0, 0
34950, 176640, 0, 0, 0
35050, 168960, 0, 0, 0
35150, 215040, 0, 0, 0
35249, 186181, 0, 0, 0
35349, 192000, 0, 0, 0
35449, 192000, 0, 0, 0
35549, 168960, 0, 0, 0
35649, 192000, 0, 0, 0
35749, 192000, 0, 0, 0
35849, 184320, 0, 0, 0
35949, 176640, 0, 0, 0
36050, 192000, 0, 0, 0
36150, 192000, 0, 0, 0
36249, 193939, 0, 0, 0
36349, 207360, 0, 0, 0
36449, 207360, 0, 0, 0
36549, 215040, 0, 0, 0
36649, 207360, 0, 0, 0
36749, 199680, 0, 0, 0
36849, 199680, 0, 0, 0
36949, 184320, 0, 0, 0
37049, 184320, 0, 0, 0
37149, 199680, 0, 0, 0
37250, 199680, 0, 0, 0
37350, 184320, 0, 0, 0
37450, 184320, 0, 0, 0
37550, 192000, 0, 0, 0
37650, 215040, 0, 0, 0
37749, 178424, 0, 0, 0
37849, 176640, 0, 0, 0
37949, 215040, 0, 0, 0
38049, 199680, 0, 0, 0
38149, 199680, 0, 0, 0
38249, 184320, 0, 0, 0
38349, 192000, 0, 0, 0
38449, 176640, 0, 0, 0
38550, 215040, 0, 0, 0
38650, 176640, 0, 0, 0
38749, 217212, 0, 0, 0
38849, 184320, 0, 0, 0
38949, 215040, 0, 0, 0
39049, 215040, 0, 0, 0
39149, 184320, 0, 0, 0
39249, 215040, 0, 0, 0
39349, 184320, 0, 0, 0
39449, 215040, 0, 0, 0
39549, 184320, 0, 0, 0
39649, 184320, 0, 0, 0
39750, 192000, 0, 0, 0
39850, 184320, 0, 0, 0
39950, 192000, 0, 0, 0
40050, 184320, 0, 0, 0
40150, 153600, 0, 0, 0
40249, 217212, 0, 0, 0
40349, 184320, 0, 0, 0
40449, 184320, 0, 0, 0
40549, 199680, 0, 0, 0
40649, 192000, 0, 0, 0
40750, 184320, 0, 0, 0
40850, 207360, 0, 0, 0
40950, 199680, 0, 0, 0
41050, 199680, 0, 0, 0
41150, 176640, 0, 0, 0
41249, 170666, 0, 0, 0
41349, 207360, 0, 0, 0
41449, 192000, 0, 0, 0
41549, 192000, 0, 0, 0
41649, 199680, 0, 0, 0
41749, 168960, 0, 0, 0
41849, 199680, 0, 0, 0
41950, 192000, 0, 0, 0
42050, 184320, 0, 0, 0
42150, 192000, 0, 0, 0
42249, 178424, 0, 0, 0
42349, 199680, 0, 0, 0
42449, 184320, 0, 0, 0
42550, 168960, 0, 0, 0
42650, 184320, 0, 0, 0
42749, 217212, 0, 0, 0
42849, 184320, 0, 0, 0
42949, 192000, 0, 0, 0
43049, 199680, 0, 0, 0
43149, 184320, 0, 0, 0
43249, 192000, 0, 0, 0
43349, 176640, 0, 0, 0
43449, 215040, 0, 0, 0
43549, 184320, 0, 0, 0
43649, 176640, 0, 0, 0
43750, 199680, 0, 0, 0
43850, 168960, 0, 0, 0
43950, 192000, 0, 0, 0
44050, 207360, 0, 0, 0
44150, 168960, 0, 0, 0
44249, 178424, 0, 0, 0
44349, 184320, 0, 0, 0
44449, 153600, 0, 0, 0
44549, 207360, 0, 0, 0
44649, 207360, 0, 0, 0
44749, 199680, 0, 0, 0
44849, 184320, 0, 0, 0
44950, 176640, 0, 0, 0
45050, 199680, 0, 0, 0
45150, 192000, 0, 0, 0
45249, 186181, 0, 0, 0
45349, 192000, 0, 0, 0
45449, 184320, 0, 0, 0
45549, 161280, 0, 0, 0
45649, 161280, 0, 0, 0
45749, 176640, 0, 0, 0
45849, 176640, 0, 0, 0
45949, 184320, 0, 0, 0
46049, 199680, 0, 0, 0
46149, 153600, 0, 0, 0
46250, 199680, 0, 0, 0
46350, 176640, 0, 0, 0
46450, 184320, 0, 0, 0
46550, 207360, 0, 0, 0
46650, 176640, 0, 0, 0
46749, 193939, 0, 0, 0
46849, 192000, 0, 0, 0
46949, 176640, 0, 0, 0
47049, 192000, 0, 0, 0
47149, 176640, 0, 0, 0
47249, 215040, 0, 0, 0
47349, 161280, 0, 0, 0
47449, 176640, 0, 0, 0
47550, 199680, 0, 0, 0
47650, 184320, 0, 0, 0
47749, 193939, 0, 0, 0
47849, 184320, 0, 0, 0
47949, 207360, 0, 0, 0
48049, 168960, 0, 0, 0
48149, 176640, 0, 0, 0
48249, 184320, 0, 0, 0
48349, 199680, 0, 0, 0
48449, 176640, 0, 0, 0
48549, 199680, 0, 0, 0
48649, 184320, 0, 0, 0
48750, 176640, 0, 0, 0
48850, 184320, 0, 0, 0
48950, 176640, 0, 0, 0
49050, 184320, 0, 0, 0
49150, 184320, 0, 0, 0
49249, 209454, 0, 0, 0
49349, 184320, 0, 0, 0
49449, 207360, 0, 0, 0
49549, 184320, 0, 0, 0
49649, 184320, 0, 0, 0
49749, 184320, 0, 0, 0
49849, 184320, 0, 0, 0
49949, 192000, 0, 0, 0
50050, 184320, 0, 0, 0
50150, 199680, 0, 0, 0
50249, 193939, 0, 0, 0
50349, 199680, 0, 0, 0
50449, 192000, 0, 0, 0
50549, 192000, 0, 0, 0
50649, 184320, 0, 0, 0
50749, 199680, 0, 0, 0
50849, 184320, 0, 0, 0
50949, 207360, 0, 0, 0
51049, 184320, 0, 0, 0
51149, 184320, 0, 0, 0
51249, 230400, 0, 0, 0
51349, 176640, 0, 0, 0
51450, 184320, 0, 0, 0
51550, 192000, 0, 0, 0
51650, 168960, 0, 0, 0
51749, 178424, 0, 0, 0
51849, 192000, 0, 0, 0
51949, 176640, 0, 0, 0
52049, 184320, 0, 0, 0
52149, 192000, 0, 0, 0
52249, 176640, 0, 0, 0
52349, 192000, 0, 0, 0
52449, 199680, 0, 0, 0
52550, 176640, 0, 0, 0
52650, 184320, 0, 0, 0
52749, 178424, 0, 0, 0
52849, 199680, 0, 0, 0
52949, 199680, 0, 0, 0
53049, 184320, 0, 0, 0
53149, 207360, 0, 0, 0
53249, 199680, 0, 0, 0
53349, 153600, 0, 0, 0
53449, 184320, 0, 0, 0
53549, 199680, 0, 0, 0
53649, 176640, 0, 0, 0
53749, 192000, 0, 0, 0
53850, 184320, 0, 0, 0
53950, 176640, 0, 0, 0
54050, 199680, 0, 0, 0
54150, 192000, 0, 0, 0
54249, 178424, 0, 0, 0
54349, 192000, 0, 0, 0
54449, 184320, 0, 0, 0
54549, 215040, 0, 0, 0
54649, 199680, 0, 0, 0
54749, 207360, 0, 0, 0
54849, 176640, 0, 0, 0
54949, 192000, 0, 0, 0
55049, 192000, 0, 0, 0
55150, 184320, 0, 0, 0
55250, 207360, 0, 0, 0
55350, 153600, 0, 0, 0
55450, 176640, 0, 0, 0
55550, 199680, 0, 0, 0
55650, 176640, 0, 0, 0
55749, 201696, 0, 0, 0
55849, 176640, 0, 0, 0
55949, 199680, 0, 0, 0
56049, 168960, 0, 0, 0
56149, 184320, 0, 0, 0
56249, 176640, 0, 0, 0
56349, 176640, 0, 0, 0
56449, 207360, 0, 0, 0
56550, 192000, 0, 0, 0
56650, 168960, 0, 0, 0
56749, 186181, 0, 0, 0
56849, 199680, 0, 0, 0
56949, 192000, 0, 0, 0
57049, 215040, 0, 0, 0
57149, 192000, 0, 0, 0
57249, 199680, 0, 0, 0
57349, 207360, 0, 0, 0
57449, 184320, 0, 0, 0
57549, 176640, 0, 0, 0
57649, 192000, 0, 0, 0
57750, 168960, 0, 0, 0
57850, 184320, 0, 0, 0
57950, 184320, 0, 0, 0
58050, 184320, 0, 0, 0
58150, 192000, 0, 0, 0
58249, 217212, 0, 0, 0
58349, 176640, 0, 0, 0
58449, 199680, 0, 0, 0
58549, 215040, 0, 0, 0
58649, 184320, 0, 0, 0
58749, 207360, 0, 0, 0
58849, 176640, 0, 0, 0
58949, 192000, 0, 0, 0
59049, 176640, 0, 0, 0
59150, 215040, 0, 0, 0
59250, 192000, 0, 0, 0
59350, 192000, 0, 0, 0
59450, 192000, 0, 0, 0
59550, 199680, 0, 0, 0
59650, 176640, 0, 0, 0
59749, 178424, 0, 0, 0
59849, 168960, 0, 0, 0
59949, 199680, 0, 0, 0
60049, 207360, 0, 0, 0
60149, 161280, 0, 0, 0
60249, 192000, 0, 0, 0
60350, 184320, 0, 0, 0
60450, 184320, 0, 0, 0
60550, 192000, 0, 0, 0
60650, 184320, 0, 0, 0
60749, 186181, 0, 0, 0
60849, 176640, 0, 0, 0
60949, 176640, 0, 0, 0
61049, 192000, 0, 0, 0
61149, 215040, 0, 0, 0
61249, 176640, 0, 0, 0
61349, 199680, 0, 0, 0
61449, 192000, 0, 0, 0
61550, 192000, 0, 0, 0
61650, 207360, 0, 0, 0
61749, 217212, 0, 0, 0
61849, 176640, 0, 0, 0
61949, 207360, 0, 0, 0
62049, 192000, 0, 0, 0
62149, 192000, 0, 0, 0
62249, 176640, 0, 0, 0
62349, 199680, 0, 0, 0
62449, 184320, 0, 0, 0
62549, 192000, 0, 0, 0
62649, 176640, 0, 0, 0
62750, 199680, 0, 0, 0
62850, 168960, 0, 0, 0
62950, 184320, 0, 0, 0
63050, 176640, 0, 0, 0
63150, 184320, 0, 0, 0
63249, 186181, 0, 0, 0
63349, 184320, 0, 0, 0
63449, 176640, 0, 0, 0
63549, 184320, 0, 0, 0
63649, 176640, 0, 0, 0
63749, 184320, 0, 0, 0
63849, 192000, 0, 0, 0
63949, 184320, 0, 0, 0
64050, 199680, 0, 0, 0
64150, 207360, 0, 0, 0
64249, 193939, 0, 0, 0
64349, 207360, 0, 0, 0
64449, 176640, 0, 0, 0
64549, 168960, 0, 0, 0
64649, 199680, 0, 0, 0
64749, 161280, 0, 0, 0
64849, 184320, 0, 0, 0
64949, 184320, 0, 0, 0
65049, 192000, 0, 0, 0
65150, 199680, 0, 0, 0
65250, 207360, 0, 0, 0
65350, 184320, 0, 0, 0
65450, 192000, 0, 0, 0
65550, 199680, 0, 0, 0
65650, 192000, 0, 0, 0
65749, 193939, 0, 0, 0
65849, 176640, 0, 0, 0
65949, 176640, 0, 0, 0
66049, 176640, 0, 0, 0
66149, 215040, 0, 0, 0
66249, 184320, 0, 0, 0
66350, 199680, 0, 0, 0
66450, 199680, 0, 0, 0
66550, 168960, 0, 0, 0
66650, 192000, 0, 0, 0
66749, 186181, 0, 0, 0
66849, 184320, 0, 0, 0
66949, 222720, 0, 0, 0
67049, 184320, 0, 0, 0
67149, 199680, 0, 0, 0
67249, 192000, 0, 0, 0
67349, 207360, 0, 0, 0
67449, 184320, 0, 0, 0
67549, 184320, 0, 0, 0
67650, 199680, 0, 0, 0
67750, 184320, 0, 0, 0
67850, 192000, 0, 0, 0
67950, 184320, 0, 0, 0
68050, 176640, 0, 0, 0
68150, 184320, 0, 0, 0
68249, 178424, 0, 0, 0
68349, 192000, 0, 0, 0
68449, 176640, 0, 0, 0
68549, 153600, 0, 0, 0
68649, 153600, 0, 0, 0
68749, 192000, 0, 0, 0
68849, 199680, 0, 0, 0
68950, 192000, 0, 0, 0
69050, 207360, 0, 0, 0
69150, 215040, 0, 0, 0
69249, 178424, 0, 0, 0
69349, 215040, 0, 0, 0
69449, 184320, 0, 0, 0
69549, 215040, 0, 0, 0
69649, 184320, 0, 0, 0
69749, 207360, 0, 0, 0
69849, 199680, 0, 0, 0
69949, 192000, 0, 0, 0
70049, 184320, 0, 0, 0
70150, 199680, 0, 0, 0
70250, 199680, 0, 0, 0
70350, 192000, 0, 0, 0
70450, 184320, 0, 0, 0
70550, 184320, 0, 0, 0
70650, 207360, 0, 0, 0
70749, 178424, 0, 0, 0
70849, 184320, 0, 0, 0
70949, 176640, 0, 0, 0
71049, 199680, 0, 0, 0
71149, 184320, 0, 0, 0
71249, 192000, 0, 0, 0
71350, 161280, 0, 0, 0
71450, 184320, 0, 0, 0
71550, 199680, 0, 0, 0
71650, 199680, 0, 0, 0
71749, 193939, 0, 0, 0
71849, 184320, 0, 0, 0
71949, 192000, 0, 0, 0
72049, 176640, 0, 0, 0
72149, 184320, 0, 0, 0
72249, 184320, 0, 0, 0
72349, 176640, 0, 0, 0
72449, 192000, 0, 0, 0
72549, 184320, 0, 0, 0
72650, 161280, 0, 0, 0
72750, 192000, 0, 0, 0
72850, 215040, 0, 0, 0
72950, 192000, 0, 0, 0
73050, 192000, 0, 0, 0
73150, 168960, 0, 0, 0
73249, 178424, 0, 0, 0
73349, 184320, 0, 0, 0
73449, 184320, 0, 0, 0
73549, 207360, 0, 0, 0
73649, 184320, 0, 0, 0
73749, 168960, 0, 0, 0
73850, 192000, 0, 0, 0
73950, 215040, 0, 0, 0
74050, 184320, 0, 0, 0
74150, 176640, 0, 0, 0
74249, 178424, 0, 0, 0
74349, 184320, 0, 0, 0
74449, 199680, 0, 0, 0
74549, 184320, 0, 0, 0
74649, 184320, 0, 0, 0
74749, 168960, 0, 0, 0
74849, 215040, 0, 0, 0
74949, 176640, 0, 0, 0
75050, 192000, 0, 0, 0
75150, 199680, 0, 0, 0
75250, 192000, 0, 0, 0
75350, 184320, 0, 0, 0
75450, 184320, 0, 0, 0
75550, 192000, 0, 0, 0
75650, 184320, 0, 0, 0
75749, 170666, 0, 0, 0
75849, 192000, 0, 0, 0
75949, 207360, 0, 0, 0
76049, 176640, 0, 0, 0
76149, 184320, 0, 0, 0
76249, 199680, 0, 0, 0
76349, 161280, 0, 0, 0
76450, 184320, 0, 0, 0
76550, 207360, 0, 0, 0
76650, 176640, 0, 0, 0
76749, 193939, 0, 0, 0
76849, 199680, 0, 0, 0
76949, 192000, 0, 0, 0
77049, 176640, 0, 0, 0
77149, 168960, 0, 0, 0
77249, 192000, 0, 0, 0
77349, 184320, 0, 0, 0
77449, 184320, 0, 0, 0
77549, 199680, 0, 0, 0
77649, 184320, 0, 0, 0
77750, 192000, 0, 0, 0
77850, 184320, 0, 0, 0
77950, 168960, 0, 0, 0
78050, 161280, 0, 0, 0
78150, 192000, 0, 0, 0
78249, 186181, 0, 0, 0
78349, 176640, 0, 0, 0
78449, 184320, 0, 0, 0
78549, 199680, 0, 0, 0
78649, 192000, 0, 0, 0
78749, 199680, 0, 0, 0
78850, 207360, 0, 0, 0
78950, 184320, 0, 0, 0
79050, 199680, 0, 0, 0
79150, 184320, 0, 0, 0
79249, 193939, 0, 0, 0
79349, 192000, 0, 0, 0
79449, 192000, 0, 0, 0
79549, 184320, 0, 0, 0
79649, 199680, 0, 0, 0
79749, 184320, 0, 0, 0
79849, 184320, 0, 0, 0
79949, 184320, 0, 0, 0
80049, 215040, 0, 0, 0
80150, 168960, 0, 0, 0
80250, 199680, 0, 0, 0
80350, 184320, 0, 0, 0
80450, 176640, 0, 0, 0
80550, 192000, 0, 0, 0
80650, 184320, 0, 0, 0
80749, 155151, 0, 0, 0
80849, 184320, 0, 0, 0
80949, 207360, 0, 0, 0
81049, 192000, 0, 0, 0
81149, 207360, 0, 0, 0
81249, 207360, 0, 0, 0
81349, 168960, 0, 0, 0
81450, 184320, 0, 0, 0
81550, 192000, 0, 0, 0
81650, 207360, 0, 0, 0
81749, 193939, 0, 0, 0
81849, 176640, 0, 0, 0
81949, 222720, 0, 0, 0
82049, 184320, 0, 0, 0
82149, 192000, 0, 0, 0
82249, 215040, 0, 0, 0
82349, 168960, 0, 0, 0
82449, 176640, 0, 0, 0
82549, 199680, 0, 0, 0
82649, 184320, 0, 0, 0
82750, 207360, 0, 0, 0
82850, 184320, 0, 0, 0
82950, 184320, 0, 0, 0
83050, 215040, 0, 0, 0
83150, 199680, 0, 0, 0
83249, 193939, 0, 0, 0
83349, 199680, 0, 0, 0
83449, 192000, 0, 0, 0
83549, 192000, 0, 0, 0
83649, 176640, 0, 0, 0
83749, 192000, 0, 0, 0
83849, 192000, 0, 0, 0
83949, 192000, 0, 0, 0
84050, 161280, 0, 0, 0
84150, 199680, 0, 0, 0
84249, 193939, 0, 0, 0
84349, 199680, 0, 0, 0
84449, 199680, 0, 0, 0
84549, 192000, 0, 0, 0
84649, 215040, 0, 0, 0
84749, 176640, 0, 0, 0
84849, 184320, 0, 0, 0
84949, 161280, 0, 0, 0
85049, 184320, 0, 0, 0
85149, 199680, 0, 0, 0
85249, 184320, 0, 0, 0
85349, 184320, 0, 0, 0
85450, 192000, 0, 0, 0
85550, 222720, 0, 0, 0
85650, 176640, 0, 0, 0
85749, 186181, 0, 0, 0
85849, 222720, 0, 0, 0
85949, 192000, 0, 0, 0
86049, 176640, 0, 0, 0
86149, 184320, 0, 0, 0
86249, 184320, 0, 0, 0
86349, 184320, 0, 0, 0
86449, 199680, 0, 0, 0
86549, 176640, 0, 0, 0
86649, 199680, 0, 0, 0
86750, 184320, 0, 0, 0
86850, 184320, 0, 0, 0
86950, 199680, 0, 0, 0
87050, 199680, 0, 0, 0
87150, 192000, 0, 0, 0
87249, 186181, 0, 0, 0
87349, 184320, 0, 0, 0
87449, 184320, 0, 0, 0
87549, 176640, 0, 0, 0
87649, 199680, 0, 0, 0
87749, 153600, 0, 0, 0
87849, 207360, 0, 0, 0
87949, 176640, 0, 0, 0
88050, 184320, 0, 0, 0
88150, 161280, 0, 0, 0
88249, 186181, 0, 0, 0
88349, 207360, 0, 0, 0
88449, 168960, 0, 0, 0
88549, 207360, 0, 0, 0
88649, 192000, 0, 0, 0
88749, 199680, 0, 0, 0
88849, 207360, 0, 0, 0
88949, 192000, 0, 0, 0
89049, 168960, 0, 0, 0
89149, 199680, 0, 0, 0
89250, 153600, 0, 0, 0
89350, 176640, 0, 0, 0
89450, 230400, 0, 0, 0
89550, 176640, 0, 0, 0
89650, 192000, 0, 0, 0
89749, 155151, 0, 0, 0
89849, 199680, 0, 0, 0
89949, 176640, 0, 0, 0
90049, 192000, 0, 0, 0
90149, 207360, 0, 0, 0
90249, 192000, 0, 0, 0
90349, 222720, 0, 0, 0
90449, 184320, 0, 0, 0
90550, 184320, 0, 0, 0
90650, 192000, 0, 0, 0
90749, 193939, 0, 0, 0
90849, 176640, 0, 0, 0
90949, 199680, 0, 0, 0
91049, 184320, 0, 0, 0
91149, 199680, 0, 0, 0
91249, 184320, 0, 0, 0
91349, 222720, 0, 0, 0
91449, 199680, 0, 0, 0
91549, 192000, 0, 0, 0
91650, 184320, 0, 0, 0
91750, 184320, 0, 0, 0
91850, 207360, 0, 0, 0
91950, 199680, 0, 0, 0
92050, 161280, 0, 0, 0
92150, 215040, 0, 0, 0
92249, 186181, 0, 0, 0
92349, 192000, 0, 0, 0
92449, 184320, 0, 0, 0
92549, 199680, 0, 0, 0
92649, 184320, 0, 0, 0
92750, 192000, 0, 0, 0
92850, 176640, 0, 0, 0
92950, 176640, 0, 0, 0
93050, 192000, 0, 0, 0
93150, 176640, 0, 0, 0
93249, 193939, 0, 0, 0
93349, 176640, 0, 0, 0
93449, 153600, 0, 0, 0
93549, 207360, 0, 0, 0
93649, 184320, 0, 0, 0
93749, 215040, 0, 0, 0
93849, 192000, 0, 0, 0
93949, 176640, 0, 0, 0
94050, 176640, 0, 0, 0
94150, 199680, 0, 0, 0
94249, 217212, 0, 0, 0
94349, 192000, 0, 0, 0
94449, 207360, 0, 0, 0
94549, 192000, 0, 0, 0
94649, 192000, 0, 0, 0
94749, 207360, 0, 0, 0
94849, 168960, 0, 0, 0
94949, 184320, 0, 0, 0
95049, 168960, 0, 0, 0
95149, 192000, 0, 0, 0
95249, 207360, 0, 0, 0
95349, 207360, 0, 0, 0
95450, 192000, 0, 0, 0
95550, 207360, 0, 0, 0
95650, 207360, 0, 0, 0
95749, 201696, 0, 0, 0
95849, 184320, 0, 0, 0
95949, 199680, 0, 0, 0
96049, 192000, 0, 0, 0
96149, 192000, 0, 0, 0
96249, 184320, 0, 0, 0
96349, 192000, 0, 0, 0
96449, 176640, 0, 0, 0
96549, 207360, 0, 0, 0
96649, 192000, 0, 0, 0
96750, 192000, 0, 0, 0
96850, 176640, 0, 0, 0
96950, 192000, 0, 0, 0
97050, 192000, 0, 0, 0
97150, 192000, 0, 0, 0
97249, 201696, 0, 0, 0
97349, 176640, 0, 0, 0
97449, 199680, 0, 0, 0
97549, 184320, 0, 0, 0
97649, 184320, 0, 0, 0
97749, 207360, 0, 0, 0
97849, 192000, 0, 0, 0
97950, 176640, 0, 0, 0
98050, 184320, 0, 0, 0
98150, 184320, 0, 0, 0
98249, 155151, 0, 0, 0
98349, 215040, 0, 0, 0
98449, 199680, 0, 0, 0
98549, 199680, 0, 0, 0
98649, 168960, 0, 0, 0
98749, 192000, 0, 0, 0
98849, 176640, 0, 0, 0
98949, 199680, 0, 0, 0
99049, 184320, 0, 0, 0
99150, 168960, 0, 0, 0
99250, 192000, 0, 0, 0
99350, 161280, 0, 0, 0
99450, 207360, 0, 0, 0
99550, 192000, 0, 0, 0
99650, 192000, 0, 0, 0
99749, 178424, 0, 0, 0
99849, 184320, 0, 0, 0
99949, 192000, 0, 0, 0
100049, 192000, 0, 0, 0
100149, 199680, 0, 0, 0
100249, 176640, 0, 0, 0
100350, 176640, 0, 0, 0
100450, 207360, 0, 0, 0
100550, 192000, 0, 0, 0
100650, 207360, 0, 0, 0
100749, 217212, 0, 0, 0
100849, 215040, 0, 0, 0
100949, 192000, 0, 0, 0
101049, 192000, 0, 0, 0
101149, 184320, 0, 0, 0
101249, 192000, 0, 0, 0
101349, 168960, 0, 0, 0
101449, 199680, 0, 0, 0
101549, 192000, 0, 0, 0
101650, 207360, 0, 0, 0
101750, 199680, 0, 0, 0
101850, 192000, 0, 0, 0
101950, 192000, 0, 0, 0
102050, 207360, 0, 0, 0
102150, 168960, 0, 0, 0
102249, 193939, 0, 0, 0
102349, 176640, 0, 0, 0
102449, 207360, 0, 0, 0
102549, 184320, 0, 0, 0
102649, 207360, 0, 0, 0
102750, 184320, 0, 0, 0
102850, 192000, 0, 0, 0
102950, 192000, 0, 0, 0
103050, 207360, 0, 0, 0
103150, 184320, 0, 0, 0
103249, 155151, 0, 0, 0
103349, 153600, 0, 0, 0
103449, 199680, 0, 0, 0
103549, 184320, 0, 0, 0
103649, 168960, 0, 0, 0
103749, 199680, 0, 0, 0
103850, 176640, 0, 0, 0
103950, 184320, 0, 0, 0
104050, 192000, 0, 0, 0
104150, 161280, 0, 0, 0
104249, 170666, 0, 0, 0
104349, 184320, 0, 0, 0
104449, 176640, 0, 0, 0
104549, 184320, 0, 0, 0
104649, 176640, 0, 0, 0
104749, 168960, 0, 0, 0
104849, 184320, 0, 0, 0
104949, 215040, 0, 0, 0
105050, 192000, 0, 0, 0
105150, 184320, 0, 0, 0
105250, 184320, 0, 0, 0
105350, 161280, 0, 0, 0
105450, 199680, 0, 0, 0
105550, 207360, 0, 0, 0
105650, 176640, 0, 0, 0
105749, 217212, 0, 0, 0
105849, 161280, 0, 0, 0
105949, 207360, 0, 0, 0
106049, 199680, 0, 0, 0
106149, 192000, 0, 0, 0
106249, 215040, 0, 0, 0
106350, 207360, 0, 0, 0
106450, 199680, 0, 0, 0
106550, 222720, 0, 0, 0
106650, 192000, 0, 0, 0
106749, 186181, 0, 0, 0
106849, 184320, 0, 0, 0
106949, 192000, 0, 0, 0
107049, 184320, 0, 0, 0
107149, 199680, 0, 0, 0
107249, 215040, 0, 0, 0
107349, 192000, 0, 0, 0
107449, 199680, 0, 0, 0
107550, 176640, 0, 0, 0
107650, 192000, 0, 0, 0
107749, 162909, 0, 0, 0
107849, 168960, 0, 0, 0
107949, 207360, 0, 0, 0
108049, 207360, 0, 0, 0
108149, 161280, 0, 0, 0
108249, 207360, 0, 0, 0
108349, 184320, 0, 0, 0
108449, 207360, 0, 0, 0
108549, 192000, 0, 0, 0
108649, 192000, 0, 0, 0
108750, 199680, 0, 0, 0
108850, 192000, 0, 0, 0
108950, 168960, 0, 0, 0
109050, 192000, 0, 0, 0
109150, 184320, 0, 0, 0
109249, 209454, 0, 0, 0
109349, 168960, 0, 0, 0
109449, 184320, 0, 0, 0
109549, 199680, 0, 0, 0
109649, 199680, 0, 0, 0
109749, 176640, 0, 0, 0
109849, 168960, 0, 0, 0
109949, 176640, 0, 0, 0
110050, 184320, 0, 0, 0
110150, 215040, 0, 0, 0
110249, 193939, 0, 0, 0
110349, 184320, 0, 0, 0
110449, 168960, 0, 0, 0
110549, 199680, 0, 0, 0
110649, 192000, 0, 0, 0
110749, 192000, 0, 0, 0
110849, 207360, 0, 0, 0
110949, 207360, 0, 0, 0
111049, 161280, 0, 0, 0
111149, 184320, 0, 0, 0
111250, 168960, 0, 0, 0
111350, 176640, 0, 0, 0
111450, 222720, 0, 0, 0
111550, 199680, 0, 0, 0
111650, 145920, 0, 0, 0
111749, 178424, 0, 0, 0
111849, 207360, 0, 0, 0
111949, 207360, 0, 0, 0
112049, 207360, 0, 0, 0
112149, 168960, 0, 0, 0
112249, 207360, 0, 0, 0
112349, 176640, 0, 0, 0
112450, 192000, 0, 0, 0
112550, 215040, 0, 0, 0
112650, 199680, 0, 0, 0
112749, 193939, 0, 0, 0
112849, 192000, 0, 0, 0
112949, 161280, 0, 0, 0
113049, 199680, 0, 0, 0
113149, 184320, 0, 0, 0
113249, 192000, 0, 0, 0
113349, 184320, 0, 0, 0
113449, 222720, 0, 0, 0
113549, 168960, 0, 0, 0
113650, 215040, 0, 0, 0
113750, 161280, 0, 0, 0
113850, 192000, 0, 0, 0
113950, 199680, 0, 0, 0
114050, 192000, 0, 0, 0
114150, 215040, 0, 0, 0
114249, 209454, 0, 0, 0
114349, 184320, 0, 0, 0
114449, 145920, 0, 0, 0
114549, 153600, 0, 0, 0
114649, 184320, 0, 0, 0
114749, 184320, 0, 0, 0
114850, 192000, 0, 0, 0
114950, 176640, 0, 0, 0
115050, 176640, 0, 0, 0
115150, 184320, 0, 0, 0
115249, 193939, 0, 0, 0
115349, 192000, 0, 0, 0
115449, 199680, 0, 0, 0
115549, 161280, 0, 0, 0
115649, 192000, 0, 0, 0
115749, 176640, 0, 0, 0
115849, 192000, 0, 0, 0
115949, 199680, 0, 0, 0
116049, 184320, 0, 0, 0
116149, 168960, 0, 0, 0
116250, 199680, 0, 0, 0
116350, 192000, 0, 0, 0
116450, 168960, 0, 0, 0
116550, 199680, 0, 0, 0
116650, 153600, 0, 0, 0
116749, 186181, 0, 0, 0
116849, 176640, 0, 0, 0
116949, 207360, 0, 0, 0
117049, 199680, 0, 0, 0
117149, 176640, 0, 0, 0
117249, 215040, 0, 0, 0
117349, 207360, 0, 0, 0
117449, 161280, 0, 0, 0
117550, 199680, 0, 0, 0
117650, 184320, 0, 0, 0
117750, 199680, 0, 0, 0
117850, 192000, 0, 0, 0
117950, 168960, 0, 0, 0
118050, 176640, 0, 0, 0
118150, 168960, 0, 0, 0
118249, 193939, 0, 0, 0
118349, 168960, 0, 0, 0
118449, 199680, 0, 0, 0
118549, 199680, 0, 0, 0
118649, 207360, 0, 0, 0
118750, 222720, 0, 0, 0
118850, 184320, 0, 0, 0
118950, 184320, 0, 0, 0
119050, 192000, 0, 0, 0
119150, 176640, 0, 0, 0
119249, 193939, 0, 0, 0
119349, 176640, 0, 0, 0
119449, 184320, 0, 0, 0
119549, 168960, 0, 0, 0
119649, 199680, 0, 0, 0
119749, 199680, 0, 0, 0
119849, 184320, 0, 0, 0
119949, 192000, 0, 0, 0
120049, 199680, 0, 0, 0
120150, 215040, 0, 0, 0
120250, 184320, 0, 0, 0
120350, 207360, 0, 0, 0
120450, 199680, 0, 0, 0
120550, 199680, 0, 0, 0
120650, 176640, 0, 0, 0
120749, 178424, 0, 0, 0
120849, 184320, 0, 0, 0
120949, 176640, 0, 0, 0
121049, 184320, 0, 0, 0
121149, 184320, 0, 0, 0
121249, 192000, 0, 0, 0
121349, 222720, 0, 0, 0
121450, 192000, 0, 0, 0
121550, 199680, 0, 0, 0
121650, 199680, 0, 0, 0
121749, 186181, 0, 0, 0
121849, 184320, 0, 0, 0
121949, 192000, 0, 0, 0
122049, 176640, 0, 0, 0
122149, 176640, 0, 0, 0
122249, 192000, 0, 0, 0
122349, 184320, 0, 0, 0
122449, 215040, 0, 0, 0
122549, 192000, 0, 0, 0
122650, 207360, 0, 0, 0
122750, 192000, 0, 0, 0
122850, 184320, 0, 0, 0
122950, 192000, 0, 0, 0
123050, 192000, 0, 0, 0
123150, 199680, 0, 0, 0
123249, 178424, 0, 0, 0
123349, 192000, 0, 0, 0
123449, 161280, 0, 0, 0
123549, 215040, 0, 0, 0
123649, 176640, 0, 0, 0
123750, 207360, 0, 0, 0
123850, 176640, 0, 0, 0
123950, 153600, 0, 0, 0
124050, 192000, 0, 0, 0
124150, 176640, 0, 0, 0
124249, 201696, 0, 0, 0
124349, 161280, 0, 0, 0
124449, 176640, 0, 0, 0
124549, 199680, 0, 0, 0
124649, 184320, 0, 0, 0
124749, 184320, 0, 0, 0
124849, 184320, 0, 0, 0
124949, 184320, 0, 0, 0
125050, 161280, 0, 0, 0
125150, 184320, 0, 0, 0
125249, 193939, 0, 0, 0
125349, 192000, 0, 0, 0
125449, 192000, 0, 0, 0
125549, 176640, 0, 0, 0
125649, 184320, 0, 0, 0
125749, 199680, 0, 0, 0
125849, 199680, 0, 0, 0
125949, 192000, 0, 0, 0
126049, 199680, 0, 0, 0
126149, 215040, 0, 0, 0
126250, 207360, 0, 0, 0
126350, 184320, 0, 0, 0
126450, 192000, 0, 0, 0
126550, 192000, 0, 0, 0
126650, 230400, 0, 0, 0
126749, 201696, 0, 0, 0
126849, 184320, 0, 0, 0
126949, 199680, 0, 0, 0
127049, 192000, 0, 0, 0
127149, 176640, 0, 0, 0
127249, 215040, 0, 0, 0
127349, 207360, 0, 0, 0
127449, 192000, 0, 0, 0
127550, 184320, 0, 0, 0
127650, 184320, 0, 0, 0
127750, 192000, 0, 0, 0
127850, 192000, 0, 0, 0
127950, 222720, 0, 0, 0
128050, 199680, 0, 0, 0
128150, 176640, 0, 0, 0
128249, 201696, 0, 0, 0
128349, 184320, 0, 0, 0
128449, 176640, 0, 0, 0
128549, 184320, 0, 0, 0
128649, 176640, 0, 0, 0
128749, 168960, 0, 0, 0
128849, 192000, 0, 0, 0
128949, 176640, 0, 0, 0
129050, 199680, 0, 0, 0
129150, 184320, 0, 0, 0
129249, 178424, 0, 0, 0
129349, 192000, 0, 0, 0
129449, 207360, 0, 0, 0
129549, 199680, 0, 0, 0
129649, 207360, 0, 0, 0
129749, 168960, 0, 0, 0
129849, 176640, 0, 0, 0
129949, 168960, 0, 0, 0
130049, 199680, 0, 0, 0
130149, 176640, 0, 0, 0
130250, 168960, 0, 0, 0
130350, 184320, 0, 0, 0
130450, 199680, 0, 0, 0
130550, 176640, 0, 0, 0
130650, 192000, 0, 0, 0
130749, 170666, 0, 0, 0
130849, 184320, 0, 0, 0
130949, 192000, 0, 0, 0
131049, 199680, 0, 0, 0
131149, 184320, 0, 0, 0
131249, 184320, 0, 0, 0
131349, 168960, 0, 0, 0
131449, 199680, 0, 0, 0
131550, 192000, 0, 0, 0
131650, 176640, 0, 0, 0
131749, 193939, 0, 0, 0
131849, 168960, 0, 0, 0
131949, 199680, 0, 0, 0
132049, 168960, 0, 0, 0
132149, 199680, 0, 0, 0
132249, 184320, 0, 0, 0
132349, 207360, 0, 0, 0
132449, 168960, 0, 0, 0
132549, 215040, 0, 0, 0
132649, 184320, 0, 0, 0
132750, 184320, 0, 0, 0
132850, 153600, 0, 0, 0
132950, 184320, 0, 0, 0
133050, 199680, 0, 0, 0
133150, 176640, 0, 0, 0
133249, 209454, 0, 0, 0
133349, 176640, 0, 0, 0
133449, 207360, 0, 0, 0
133549, 161280, 0, 0, 0
133649, 199680, 0, 0, 0
133749, 192000, 0, 0, 0
133849, 176640, 0, 0, 0
133949, 199680, 0, 0, 0
134050, 199680, 0, 0, 0
134150, 192000, 0, 0, 0
134250, 192000, 0, 0, 0
134350, 192000, 0, 0, 0
134450, 207360, 0, 0, 0
134550, 184320, 0, 0, 0
134650, 184320, 0, 0, 0
134749, 186181, 0, 0, 0
134849, 199680, 0, 0, 0
134949, 168960, 0, 0, 0
135049, 238080, 0, 0, 0
135149, 192000, 0, 0, 0
135250, 184320, 0, 0, 0
135350, 192000, 0, 0, 0
135450, 192000, 0, 0, 0
135550, 207360, 0, 0, 0
135650, 153600, 0, 0, 0
135749, 193939, 0, 0, 0
135849, 199680, 0, 0, 0
135949, 215040, 0, 0, 0
136049, 192000, 0, 0, 0
136149, 192000, 0, 0, 0
136249, 199680, 0, 0, 0
136349, 199680, 0, 0, 0
136449, 199680, 0, 0, 0
136549, 161280, 0, 0, 0
136649, 207360, 0, 0, 0
136750, 192000, 0, 0, 0
136850, 176640, 0, 0, 0
136950, 176640, 0, 0, 0
137050, 192000, 0, 0, 0
137150, 184320, 0, 0, 0
137249, 186181, 0, 0, 0
137349, 184320, 0, 0, 0
137449, 222720, 0, 0, 0
137549, 184320, 0, 0, 0
137649, 176640, 0, 0, 0
137749, 207360, 0, 0, 0
137849, 199680, 0, 0, 0
137949, 161280, 0, 0, 0
138050, 192000, 0, 0, 0
138150, 192000, 0, 0, 0
138250, 207360, 0, 0, 0
138350, 199680, 0, 0, 0
138450, 199680, 0, 0, 0
138550, 207360, 0, 0, 0
138650, 145920, 0, 0, 0
138749, 186181, 0, 0, 0
138849, 184320, 0, 0, 0
138949, 184320, 0, 0, 0
139049, 184320, 0, 0, 0
139149, 192000, 0, 0, 0
139249, 184320, 0, 0, 0
139350, 192000, 0, 0, 0
139450, 199680, 0, 0, 0
139550, 192000, 0, 0, 0
139650, 199680, 0, 0, 0
139749, 193939, 0, 0, 0
139849, 168960, 0, 0, 0
139949, 207360, 0, 0, 0
140049, 222720, 0, 0, 0
140149, 168960, 0, 0, 0
140249, 199680, 0, 0, 0
140349, 192000, 0, 0, 0
140449, 184320, 0, 0, 0
140549, 192000, 0, 0, 0
140649, 192000, 0, 0, 0
140750, 184320, 0, 0, 0
140850, 199680, 0, 0, 0
140950, 184320, 0, 0, 0
141050, 207360, 0, 0, 0
141150, 199680, 0, 0, 0
141249, 201696, 0, 0, 0
141349, 176640, 0, 0, 0
141449, 199680, 0, 0, 0
141549, 207360, 0, 0, 0
141649, 153600, 0, 0, 0
141749, 184320, 0, 0, 0
141849, 215040, 0, 0, 0
141950, 199680, 0, 0, 0
142050, 176640, 0, 0, 0
142150, 192000, 0, 0, 0
142249, 178424, 0, 0, 0
142349, 192000, 0, 0, 0
142449, 192000, 0, 0, 0
142549, 168960, 0, 0, 0
142649, 199680, 0, 0, 0
142749, 199680, 0, 0, 0
142849, 192000, 0, 0, 0
142949, 184320, 0, 0, 0
143049, 207360, 0, 0, 0
143149, 184320, 0, 0, 0
143250, 215040, 0, 0, 0
143350, 199680, 0, 0, 0
143450, 192000, 0, 0, 0
143550, 176640, 0, 0, 0
143650, 184320, 0, 0, 0
143749, 155151, 0, 0, 0
143849, 168960, 0, 0, 0
143949, 184320, 0, 0, 0
144049, 168960, 0, 0, 0
144149, 161280, 0, 0, 0
144249, 184320, 0, 0, 0
144349, 176640, 0, 0, 0
144449, 199680, 0, 0, 0
144550, 199680, 0, 0, 0
144650, 192000, 0, 0, 0
144750, 199680, 0, 0, 0
144850, 184320, 0, 0, 0
144950, 176640, 0, 0, 0
145050, 184320, 0, 0, 0
145150, 168960, 0, 0, 0
145249, 201696, 0, 0, 0
145349, 192000, 0, 0, 0
145449, 192000, 0, 0, 0
145549, 176640, 0, 0, 0
145649, 184320, 0, 0, 0
145750, 184320, 0, 0, 0
145850, 222720, 0, 0, 0
145950, 207360, 0, 0, 0
146050, 176640, 0, 0, 0
146150, 168960, 0, 0, 0
146249, 201696, 0, 0, 0
146349, 184320, 0, 0, 0
146449, 176640, 0, 0, 0
146549, 199680, 0, 0, 0
146649, 192000, 0, 0, 0
146749, 184320, 0, 0, 0
146849, 199680, 0, 0, 0
146950, 230400, 0, 0, 0
147050, 184320, 0, 0, 0
147150, 176640, 0, 0, 0
147249, 178424, 0, 0, 0
147349, 184320, 0, 0, 0
147449, 192000, 0, 0, 0
147549, 192000, 0, 0, 0
147649, 199680, 0, 0, 0
147749, 184320, 0, 0, 0
147849, 192000, 0, 0, 0
147949, 192000, 0, 0, 0
148049, 199680, 0, 0, 0
148150, 192000, 0, 0, 0
148250, 176640, 0, 0, 0
148350, 192000, 0, 0, 0
148450, 184320, 0, 0, 0
148550, 199680, 0, 0, 0
148650, 168960, 0, 0, 0
148749, 209454, 0, 0, 0
148849, 207360, 0, 0, 0
148949, 161280, 0, 0, 0
149049, 184320, 0, 0, 0
149149, 192000, 0, 0, 0
149249, 215040, 0, 0, 0
149350, 230400, 0, 0, 0
149450, 215040, 0, 0, 0
149550, 192000, 0, 0, 0
149650, 153600, 0, 0, 0
149749, 209454, 0, 0, 0
149849, 207360, 0, 0, 0
149949, 184320, 0, 0, 0
150049, 199680, 0, 0, 0
150149, 199680, 0, 0, 0
150249, 184320, 0, 0, 0
150349, 222720, 0, 0, 0
150449, 199680, 0, 0, 0
150549, 199680, 0, 0, 0
150650, 215040, 0, 0, 0
150750, 184320, 0, 0, 0
150850, 176640, 0, 0, 0
150950, 230400, 0, 0, 0
151050, 192000, 0, 0, 0
151150, 176640, 0, 0, 0
151249, 162909, 0, 0, 0
151349, 199680, 0, 0, 0
151449, 192000, 0, 0, 0
151549, 207360, 0, 0, 0
151649, 207360, 0, 0, 0
151749, 192000, 0, 0, 0
151849, 192000, 0, 0, 0
151950, 184320, 0, 0, 0
152050, 192000, 0, 0, 0
152150, 184320, 0, 0, 0
152249, 178424, 0, 0, 0
152349, 184320, 0, 0, 0
152449, 184320, 0, 0, 0
152549, 176640, 0, 0, 0
152649, 184320, 0, 0, 0
152749, 161280, 0, 0, 0
152849, 192000, 0, 0, 0
152949, 184320, 0, 0, 0
153049, 207360, 0, 0, 0
153150, 168960, 0, 0, 0
153250, 168960, 0, 0, 0
153350, 199680, 0, 0, 0
153450, 153600, 0, 0, 0
153550, 184320, 0, 0, 0
153650, 176640, 0, 0, 0
153749, 193939, 0, 0, 0
153849, 199680, 0, 0, 0
153949, 222720, 0, 0, 0
154049, 176640, 0, 0, 0
154149, 184320, 0, 0, 0
154249, 184320, 0, 0, 0
154349, 184320, 0, 0, 0
154449, 207360, 0, 0, 0
154550, 176640, 0, 0, 0
154650, 192000, 0, 0, 0
154749, 178424, 0, 0, 0
154849, 192000, 0, 0, 0
154949, 176640, 0, 0, 0
155049, 199680, 0, 0, 0
155149, 184320, 0, 0, 0
155250, 176640, 0, 0, 0
155350, 184320, 0, 0, 0
155450, 215040, 0, 0, 0
155550, 184320, 0, 0, 0
155650, 184320, 0, 0, 0
155749, 186181, 0, 0, 0
155849, 176640, 0, 0, 0
155949, 207360, 0, 0, 0
156049, 192000, 0, 0, 0
156149, 199680, 0, 0, 0
156249, 215040, 0, 0, 0
156349, 176640, 0, 0, 0
156449, 192000, 0, 0, 0
156549, 168960, 0, 0, 0
156650, 184320, 0, 0, 0
156750, 184320, 0, 0, 0
156850, 176640, 0, 0, 0
156950, 192000, 0, 0, 0
157050, 176640, 0, 0, 0
157150, 192000, 0, 0, 0
157249, 193939, 0, 0, 0
157349, 192000, 0, 0, 0
157449, 192000, 0, 0, 0
157549, 153600, 0, 0, 0
157649, 192000, 0, 0, 0
157749, 199680, 0, 0, 0
157850, 192000, 0, 0, 0
157950, 176640, 0, 0, 0
158050, 145920, 0, 0, 0
158150, 207360, 0, 0, 0
158249, 201696, 0, 0, 0
158349, 176640, 0, 0, 0
158449, 176640, 0, 0, 0
158549, 184320, 0, 0, 0
158649, 215040, 0, 0, 0
158749, 192000, 0, 0, 0
158849, 176640, 0, 0, 0
158949, 215040, 0, 0, 0
159050, 176640, 0, 0, 0
159150, 176640, 0, 0, 0
159250, 207360, 0, 0, 0
159350, 184320, 0, 0, 0
159450, 207360, 0, 0, 0
159550, 176640, 0, 0, 0
159650, 184320, 0, 0, 0
159749, 186181, 0, 0, 0
159849, 145920, 0, 0, 0
159949, 184320, 0, 0, 0
160049, 207360, 0, 0, 0
160149, 161280, 0, 0, 0
160250, 199680, 0, 0, 0
160350, 192000, 0, 0, 0
160450, 192000, 0, 0, 0
160550, 192000, 0, 0, 0
160650, 207360, 0, 0, 0
160749, 170666, 0, 0, 0
160849, 176640, 0, 0, 0
160949, 184320, 0, 0, 0
161049, 176640, 0, 0, 0
161149, 184320, 0, 0, 0
161249, 207360, 0, 0, 0
161350, 184320, 0, 0, 0
161450, 199680, 0, 0, 0
161550, 207360, 0, 0, 0
161650, 199680, 0, 0, 0
161749, 170666, 0, 0, 0
161849, 176640, 0, 0, 0
161949, 184320, 0, 0, 0
162049, 199680, 0, 0, 0
162149, 192000, 0, 0, 0
162249, 192000, 0, 0, 0
162349, 153600, 0, 0, 0
162449, 168960, 0, 0, 0
162549, 168960, 0, 0, 0
162650, 215040, 0, 0, 0
162750, 215040, 0, 0, 0
162850, 199680, 0, 0, 0
162950, 192000, 0, 0, 0
163050, 184320, 0, 0, 0
163150, 207360, 0, 0, 0
163249, 178424, 0, 0, 0
163349, 184320, 0, 0, 0
163449, 184320, 0, 0, 0
163549, 199680, 0, 0, 0
163649, 168960, 0, 0, 0
163749, 207360, 0, 0, 0
163849, 192000, 0, 0, 0
163949, 184320, 0, 0, 0
164050, 161280, 0, 0, 0
164150, 168960, 0, 0, 0
164249, 201696, 0, 0, 0
164349, 192000, 0, 0, 0
164449, 230400, 0, 0, 0
164549, 176640, 0, 0, 0
164649, 222720, 0, 0, 0
164749, 199680, 0, 0, 0
164849, 161280, 0, 0, 0
164949, 168960, 0, 0, 0
165049, 184320, 0, 0, 0
165149, 199680, 0, 0, 0
165250, 192000, 0, 0, 0
165350, 192000, 0, 0, 0
165450, 215040, 0, 0, 0
165550, 215040, 0, 0, 0
165650, 192000, 0, 0, 0
165749, 162909, 0, 0, 0
165849, 184320, 0, 0, 0
165949, 184320, 0, 0, 0
166049, 176640, 0, 0, 0
166149, 199680, 0, 0, 0
166249, 168960, 0, 0, 0
166349, 192000, 0, 0, 0
166449, 199680, 0, 0, 0
166550, 168960, 0, 0, 0
166650, 199680, 0, 0, 0
166750, 192000, 0, 0, 0
166850, 199680, 0, 0, 0
166950, 192000, 0, 0, 0
167050, 192000, 0, 0, 0
167150, 184320, 0, 0, 0
167249, 178424, 0, 0, 0
167349, 168960, 0, 0, 0
167449, 168960, 0, 0, 0
167549, 207360, 0, 0, 0
167649, 192000, 0, 0, 0
167749, 184320, 0, 0, 0
167849, 199680, 0, 0, 0
167950, 176640, 0, 0, 0
168050, 199680, 0, 0, 0
168150, 215040, 0, 0, 0
168249, 186181, 0, 0, 0
168349, 192000, 0, 0, 0
168449, 199680, 0, 0, 0
168549, 184320, 0, 0, 0
168649, 207360, 0, 0, 0
168749, 207360, 0, 0, 0
168849, 192000, 0, 0, 0
168949, 168960, 0, 0, 0
169049, 184320, 0, 0, 0
169149, 176640, 0, 0, 0
169250, 215040, 0, 0, 0
169350, 176640, 0, 0, 0
169450, 207360, 0, 0, 0
169550, 184320, 0, 0, 0
169650, 215040, 0, 0, 0
169749, 186181, 0, 0, 0
169849, 192000, 0, 0, 0
169949, 199680, 0, 0, 0
170049, 199680, 0, 0, 0
170149, 192000, 0, 0, 0
170249, 199680, 0, 0, 0
170349, 184320, 0, 0, 0
170449, 184320, 0, 0, 0
170550, 199680, 0, 0, 0
170650, 199680, 0, 0, 0
170750, 192000, 0, 0, 0
170850, 207360, 0, 0, 0
170950, 199680, 0, 0, 0
171050, 199680, 0, 0, 0
171150, 184320, 0, 0, 0
171249, 201696, 0, 0, 0
171349, 192000, 0, 0, 0
171449, 176640, 0, 0, 0
171549, 192000, 0, 0, 0
171649, 168960, 0, 0, 0
171749, 176640, 0, 0, 0
171850, 176640, 0, 0, 0
171950, 184320, 0, 0, 0
172050, 199680, 0, 0, 0
172150, 192000, 0, 0, 0
172249, 217212, 0, 0, 0
172349, 207360, 0, 0, 0
172449, 176640, 0, 0, 0
172549, 199680, 0, 0, 0
172649, 184320, 0, 0, 0
172749, 161280, 0, 0, 0
172849, 184320, 0, 0, 0
172949, 184320, 0, 0, 0
173049, 199680, 0, 0, 0
173150, 199680, 0, 0, 0
173250, 192000, 0, 0, 0
173350, 192000, 0, 0, 0
173450, 176640, 0, 0, 0
173550, 176640, 0, 0, 0
173650, 215040, 0, 0, 0
173749, 162909, 0, 0, 0
173849, 192000, 0, 0, 0
173949, 192000, 0, 0, 0
174049, 192000, 0, 0, 0
174149, 184320, 0, 0, 0
174249, 215040, 0, 0, 0
174349, 176640, 0, 0, 0
174449, 199680, 0, 0, 0
174550, 176640, 0, 0, 0
174650, 176640, 0, 0, 0
174749, 178424, 0, 0, 0
174849, 184320, 0, 0, 0
174949, 176640, 0, 0, 0
175049, 192000, 0, 0, 0
175149, 176640, 0, 0, 0
175249, 207360, 0, 0, 0
175349, 176640, 0, 0, 0
175449, 145920, 0, 0, 0
175549, 199680, 0, 0, 0
175649, 192000, 0, 0, 0
175750, 192000, 0, 0, 0
175850, 184320, 0, 0, 0
175950, 176640, 0, 0, 0
176050, 168960, 0, 0, 0
176150, 176640, 0, 0, 0
176249, 186181, 0, 0, 0
176349, 192000, 0, 0, 0
176449, 215040, 0, 0, 0
176549, 176640, 0, 0, 0
176649, 176640, 0, 0, 0
176749, 184320, 0, 0, 0
176850, 184320, 0, 0, 0
176950, 192000, 0, 0, 0
177050, 192000, 0, 0, 0
177150, 176640, 0, 0, 0
177249, 217212, 0, 0, 0
177349, 184320, 0, 0, 0
177449, 215040, 0, 0, 0
177549, 192000, 0, 0, 0
177649, 192000, 0, 0, 0
177749, 192000, 0, 0, 0
177849, 176640, 0, 0, 0
177949, 176640, 0, 0, 0
178050, 192000, 0, 0, 0
178150, 199680, 0, 0, 0
178250, 176640, 0, 0, 0
178350, 184320, 0, 0, 0
178450, 168960, 0, 0, 0
178550, 207360, 0, 0, 0
178650, 176640, 0, 0, 0
178749, 186181, 0, 0, 0
178849, 176640, 0, 0, 0
178949, 184320, 0, 0, 0
179049, 184320, 0, 0, 0
179149, 199680, 0, 0, 0
179250, 207360, 0, 0, 0
179350, 184320, 0, 0, 0
179450, 199680, 0, 0, 0
179550, 192000, 0, 0, 0
179650, 199680, 0, 0, 0
179749, 186181, 0, 0, 0
179849, 199680, 0, 0, 0
179949, 184320, 0, 0, 0
