100, 43797, 1, 0, 0
100, 8277, 0, 0, 0
200, 12898, 0, 0, 0
200, 51709, 1, 0, 0
300, 52175, 1, 0, 0
300, 10972, 0, 0, 0
400, 45657, 1, 0, 0
404, 8359, 0, 0, 0
500, 42641, 1, 0, 0
501, 9094, 0, 0, 0
600, 42797, 1, 0, 0
601, 8238, 0, 0, 0
700, 50869, 1, 0, 0
700, 8539, 0, 0, 0
800, 45315, 1, 0, 0
800, 8519, 0, 0, 0
901, 7727, 0, 0, 0
901, 43744, 1, 0, 0
1000, 42789, 1, 0, 0
1001, 7239, 0, 0, 0
1100, 41367, 1, 0, 0
1100, 7657, 0, 0, 0
1200, 47060, 1, 0, 0
1203, 8206, 0, 0, 0
1301, 9998, 0, 0, 0
1302, 40210, 1, 0, 0
1400, 38473, 1, 0, 0
1400, 7811, 0, 0, 0
1500, 41244, 1, 0, 0
1500, 8802, 0, 0, 0
1602, 41230, 1, 0, 0
1604, 8743, 0, 0, 0
1700, 9072, 0, 0, 0
1700, 46635, 1, 0, 0
1800, 44891, 1, 0, 0
1802, 7838, 0, 0, 0
1901, 46074, 1, 0, 0
1901, 8833, 0, 0, 0
2000, 45078, 1, 0, 0
2003, 8350, 0, 0, 0
2101, 44236, 1, 0, 0
2101, 8191, 0, 0, 0
2200, 8171, 0, 0, 0
2200, 41669, 1, 0, 0
2300, 44375, 1, 0, 0
2300, 8239, 0, 0, 0
2400, 7622, 0, 0, 0
2402, 39404, 1, 0, 0
2500, 41008, 1, 0, 0
2502, 7131, 0, 0, 0
2600, 44917, 1, 0, 0
2601, 8821, 0, 0, 0
2700, 43299, 1, 0, 0
2700, 8819, 0, 0, 0
2800, 37752, 1, 0, 0
2801, 7300, 0, 0, 0
2900, 47698, 1, 0, 0
2900, 8080, 0, 0, 0
3000, 42828, 1, 0, 0
3001, 7803, 0, 0, 0
3100, 43232, 1, 0, 0
3100, 8364, 0, 0, 0
3200, 39916, 1, 0, 0
3201, 7725, 0, 0, 0
3300, 44351, 1, 0, 0
3303, 7899, 0, 0, 0
3400, 44332, 1, 0, 0
3402, 8241, 0, 0, 0
3500, 7419, 0, 0, 0
3501, 40967, 1, 0, 0
3600, 8199, 0, 0, 0
3600, 42883, 1, 0, 0
3700, 39607, 1, 0, 0
3706, 7691, 0, 0, 0
3800, 41318, 1, 0, 0
3800, 7399, 0, 0, 0
3900, 40966, 1, 0, 0
3900, 7752, 0, 0, 0
4000, 42263, 1, 0, 0
4000, 8834, 0, 0, 0
4100, 41992, 1, 0, 0
4100, 8594, 0, 0, 0
4200, 44781, 1, 0, 0
4204, 7195, 0, 0, 0
4300, 44830, 1, 0, 0
4300, 7849, 0, 0, 0
4400, 45235, 1, 0, 0
4400, 8550, 0, 0, 0
4500, 46717, 1, 0, 0
4500, 8902, 0, 0, 0
4600, 8142, 0, 0, 0
4602, 44890, 1, 0, 0
4700, 44572, 1, 0, 0
4700, 7572, 0, 0, 0
4800, 44106, 1, 0, 0
4800, 7417, 0, 0, 0
4900, 42550, 1, 0, 0
4900, 8155, 0, 0, 0
5000, 7560, 0, 0, 0
5001, 44901, 1, 0, 0
5100, 8245, 0, 0, 0
5101, 43463, 1, 0, 0
5200, 7750, 0, 0, 0
5200, 42056, 1, 0, 0
5300, 7378, 0, 0, 0
5300, 39694, 1, 0, 0
5400, 40987, 1, 0, 0
5400, 7720, 0, 0, 0
5500, 8561, 0, 0, 0
5501, 45214, 1, 0, 0
5600, 8129, 0, 0, 0
5601, 41766, 1, 0, 0
5700, 43245, 1, 0, 0
5701, 8158, 0, 0, 0
5800, 39520, 1, 0, 0
5800, 8818, 0, 0, 0
5900, 42363, 1, 0, 0
5901, 7495, 0, 0, 0
6000, 45258, 1, 0, 0
6000, 7455, 0, 0, 0
6100, 44650, 1, 0, 0
6100, 8436, 0, 0, 0
6200, 40699, 1, 0, 0
6200, 7985, 0, 0, 0
6300, 43421, 1, 0, 0
6300, 7930, 0, 0, 0
6400, 43614, 1, 0, 0
6400, 8072, 0, 0, 0
6500, 44872, 1, 0, 0
6500, 7455, 0, 0, 0
6600, 7517, 0, 0, 0
6600, 42346, 1, 0, 0
6700, 7697, 0, 0, 0
6700, 41603, 1, 0, 0
6800, 40945, 1, 0, 0
6800, 7320, 0, 0, 0
6900, 43876, 1, 0, 0
6901, 7750, 0, 0, 0
7000, 44263, 1, 0, 0
7002, 7027, 0, 0, 0
7100, 44985, 1, 0, 0
7100, 7990, 0, 0, 0
7200, 7741, 0, 0, 0
7200, 44436, 1, 0, 0
7300, 41728, 1, 0, 0
7302, 7140, 0, 0, 0
7400, 42266, 1, 0, 0
7403, 8696, 0, 0, 0
7501, 43556, 1, 0, 0
7503, 7696, 0, 0, 0
7600, 44604, 1, 0, 0
7600, 7540, 0, 0, 0
7700, 43655, 1, 0, 0
7700, 7681, 0, 0, 0
7800, 43320, 1, 0, 0
7801, 7836, 0, 0, 0
7900, 43964, 1, 0, 0
7900, 8480, 0, 0, 0
8001, 43309, 1, 0, 0
8002, 8274, 0, 0, 0
8100, 45264, 1, 0, 0
8103, 7004, 0, 0, 0
8200, 7620, 0, 0, 0
8201, 42896, 1, 0, 0
8300, 44587, 1, 0, 0
8301, 8818, 0, 0, 0
8400, 44975, 1, 0, 0
8401, 8182, 0, 0, 0
8500, 41469, 1, 0, 0
8502, 7845, 0, 0, 0
8600, 47311, 1, 0, 0
8601, 8456, 0, 0, 0
8700, 46269, 1, 0, 0
8700, 8228, 0, 0, 0
8800, 7392, 0, 0, 0
8800, 40783, 1, 0, 0
8900, 43631, 1, 0, 0
8900, 7760, 0, 0, 0
9000, 42366, 1, 0, 0
9001, 7340, 0, 0, 0
9100, 44841, 1, 0, 0
9100, 7723, 0, 0, 0
9200, 8005, 0, 0, 0
9202, 41580, 1, 0, 0
9300, 42745, 1, 0, 0
9301, 8887, 0, 0, 0
9400, 42724, 1, 0, 0
9403, 7934, 0, 0, 0
9500, 42930, 1, 0, 0
9500, 7368, 0, 0, 0
9600, 42236, 1, 0, 0
9600, 8111, 0, 0, 0
9700, 8524, 0, 0, 0
9700, 39096, 1, 0, 0
9800, 41717, 1, 0, 0
9801, 7106, 0, 0, 0
9900, 42992, 1, 0, 0
9900, 7504, 0, 0, 0
10000, 8261, 0, 0, 0
10000, 45245, 1, 0, 0
10100, 7776, 0, 0, 0
10100, 44092, 1, 0, 0
10200, 7817, 0, 0, 0
10201, 44523, 1, 0, 0
10300, 38908, 1, 0, 0
10300, 7527, 0, 0, 0
10400, 43198, 1, 0, 0
10402, 8081, 0, 0, 0
10500, 42060, 1, 0, 0
10501, 7979, 0, 0, 0
10600, 41337, 1, 0, 0
10600, 8482, 0, 0, 0
10700, 43928, 1, 0, 0
10700, 8464, 0, 0, 0
10800, 40705, 1, 0, 0
10800, 7661, 0, 0, 0
10900, 44900, 1, 0, 0
10900, 8060, 0, 0, 0
11000, 39894, 1, 0, 0
11000, 7992, 0, 0, 0
11100, 39929, 1, 0, 0
11101, 7266, 0, 0, 0
11200, 42425, 1, 0, 0
11200, 7607, 0, 0, 0
11300, 8086, 0, 0, 0
11301, 41844, 1, 0, 0
11400, 40470, 1, 0, 0
11402, 7847, 0, 0, 0
11500, 43719, 1, 0, 0
11502, 7905, 0, 0, 0
11600, 41537, 1, 0, 0
11601, 8851, 0, 0, 0
11702, 41257, 1, 0, 0
11702, 8295, 0, 0, 0
11800, 7768, 0, 0, 0
11800, 43733, 1, 0, 0
11900, 40408, 1, 0, 0
11901, 7768, 0, 0, 0
12000, 7781, 0, 0, 0
12001, 44481, 1, 0, 0
12100, 42363, 1, 0, 0
12100, 7609, 0, 0, 0
12200, 42128, 1, 0, 0
12202, 7851, 0, 0, 0
12300, 8159, 0, 0, 0
12300, 43973, 1, 0, 0
12402, 45025, 1, 0, 0
12404, 7469, 0, 0, 0
12500, 7510, 0, 0, 0
12500, 45739, 1, 0, 0
12600, 46174, 1, 0, 0
12600, 8002, 0, 0, 0
12700, 41569, 1, 0, 0
12700, 7610, 0, 0, 0
12800, 7315, 0, 0, 0
12800, 40553, 1, 0, 0
12900, 43378, 1, 0, 0
12900, 8378, 0, 0, 0
13000, 7705, 0, 0, 0
13000, 44195, 1, 0, 0
13100, 43857, 1, 0, 0
13100, 7668, 0, 0, 0
13200, 44961, 1, 0, 0
13200, 8056, 0, 0, 0
13300, 43730, 1, 0, 0
13301, 7771, 0, 0, 0
13400, 7498, 0, 0, 0
13400, 44162, 1, 0, 0
13500, 7811, 0, 0, 0
13500, 45035, 1, 0, 0
13600, 8489, 0, 0, 0
13600, 43950, 1, 0, 0
13700, 7122, 0, 0, 0
13700, 44197, 1, 0, 0
13800, 7450, 0, 0, 0
13800, 42801, 1, 0, 0
13900, 44943, 1, 0, 0
13903, 7711, 0, 0, 0
14000, 8381, 0, 0, 0
14000, 42255, 1, 0, 0
14100, 44691, 1, 0, 0
14101, 7238, 0, 0, 0
14200, 7768, 0, 0, 0
14201, 40844, 1, 0, 0
14300, 44102, 1, 0, 0
14302, 8722, 0, 0, 0
14400, 8905, 0, 0, 0
14400, 43906, 1, 0, 0
14500, 45120, 1, 0, 0
14501, 7941, 0, 0, 0
14600, 42213, 1, 0, 0
14600, 7975, 0, 0, 0
14700, 7562, 0, 0, 0
14700, 41329, 1, 0, 0
14800, 40426, 1, 0, 0
14800, 7711, 0, 0, 0
14900, 8777, 0, 0, 0
14900, 43570, 1, 0, 0
15000, 41876, 1, 0, 0
15000, 8179, 0, 0, 0
15100, 45061, 1, 0, 0
15101, 8862, 0, 0, 0
15200, 8251, 0, 0, 0
15200, 45429, 1, 0, 0
15301, 46813, 1, 0, 0
15302, 7547, 0, 0, 0
15400, 7827, 0, 0, 0
15401, 42635, 1, 0, 0
15500, 44744, 1, 0, 0
15500, 7656, 0, 0, 0
15601, 42674, 1, 0, 0
15603, 7782, 0, 0, 0
15700, 42007, 1, 0, 0
15701, 7722, 0, 0, 0
15800, 42418, 1, 0, 0
15802, 7610, 0, 0, 0
15900, 7836, 0, 0, 0
15900, 42962, 1, 0, 0
16000, 7873, 0, 0, 0
16000, 43747, 1, 0, 0
16100, 45752, 1, 0, 0
16100, 8380, 0, 0, 0
16200, 42534, 1, 0, 0
16200, 7947, 0, 0, 0
16300, 8251, 0, 0, 0
16301, 44295, 1, 0, 0
16400, 42295, 1, 0, 0
16401, 7253, 0, 0, 0
16500, 41120, 1, 0, 0
16500, 6770, 0, 0, 0
16600, 7756, 0, 0, 0
16601, 39995, 1, 0, 0
16700, 8913, 0, 0, 0
16700, 43732, 1, 0, 0
16800, 43386, 1, 0, 0
16800, 8930, 0, 0, 0
16900, 7137, 0, 0, 0
16900, 43407, 1, 0, 0
17000, 43790, 1, 0, 0
17000, 7394, 0, 0, 0
17100, 44031, 1, 0, 0
17101, 8716, 0, 0, 0
17200, 7324, 0, 0, 0
17201, 40479, 1, 0, 0
17300, 45928, 1, 0, 0
17301, 6831, 0, 0, 0
17400, 41463, 1, 0, 0
17401, 8484, 0, 0, 0
17500, 40503, 1, 0, 0
17503, 8652, 0, 0, 0
17600, 41520, 1, 0, 0
17602, 7024, 0, 0, 0
17700, 44184, 1, 0, 0
17700, 8518, 0, 0, 0
17800, 44095, 1, 0, 0
17800, 7624, 0, 0, 0
17900, 42275, 1, 0, 0
17902, 7926, 0, 0, 0
18000, 7399, 0, 0, 0
18000, 42388, 1, 0, 0
18100, 44072, 1, 0, 0
18100, 7224, 0, 0, 0
18200, 39206, 1, 0, 0
18201, 7917, 0, 0, 0
18300, 43767, 1, 0, 0
18300, 7480, 0, 0, 0
18400, 8275, 0, 0, 0
18400, 42531, 1, 0, 0
18500, 7463, 0, 0, 0
18501, 39762, 1, 0, 0
18600, 42842, 1, 0, 0
18600, 8105, 0, 0, 0
18701, 43649, 1, 0, 0
18702, 8443, 0, 0, 0
18800, 39303, 1, 0, 0
18801, 8072, 0, 0, 0
18900, 42388, 1, 0, 0
18900, 7790, 0, 0, 0
19000, 44490, 1, 0, 0
19000, 8450, 0, 0, 0
19100, 41659, 1, 0, 0
19100, 7597, 0, 0, 0
19200, 42420, 1, 0, 0
19202, 8278, 0, 0, 0
19300, 8534, 0, 0, 0
19301, 41298, 1, 0, 0
19400, 44568, 1, 0, 0
19400, 7790, 0, 0, 0
19500, 43280, 1, 0, 0
19500, 8013, 0, 0, 0
19600, 42090, 1, 0, 0
19600, 8704, 0, 0, 0
19700, 45293, 1, 0, 0
19705, 7806, 0, 0, 0
19800, 8271, 0, 0, 0
19802, 40298, 1, 0, 0
19900, 8387, 0, 0, 0
19901, 42949, 1, 0, 0
20000, 42912, 1, 0, 0
20000, 9216, 0, 0, 0
20100, 7471, 0, 0, 0
20101, 42048, 1, 0, 0
20200, 7830, 0, 0, 0
20200, 38388, 1, 0, 0
20300, 8075, 0, 0, 0
20300, 41077, 1, 0, 0
20400, 39281, 1, 0, 0
20401, 8784, 0, 0, 0
20500, 41418, 1, 0, 0
20500, 7964, 0, 0, 0
20600, 44453, 1, 0, 0
20602, 8407, 0, 0, 0
20700, 41302, 1, 0, 0
20701, 8124, 0, 0, 0
20800, 39039, 1, 0, 0
20800, 6628, 0, 0, 0
20900, 38917, 1, 0, 0
20900, 7646, 0, 0, 0
21001, 40695, 1, 0, 0
21001, 7495, 0, 0, 0
21100, 39281, 1, 0, 0
21100, 7583, 0, 0, 0
21200, 8280, 0, 0, 0
21200, 43720, 1, 0, 0
21301, 42545, 1, 0, 0
21303, 7775, 0, 0, 0
21400, 38176, 1, 0, 0
21400, 8364, 0, 0, 0
21501, 44216, 1, 0, 0
21503, 7822, 0, 0, 0
21600, 41056, 1, 0, 0
21600, 8863, 0, 0, 0
21700, 38664, 1, 0, 0
21700, 7414, 0, 0, 0
21800, 44377, 1, 0, 0
21801, 8705, 0, 0, 0
21900, 40130, 1, 0, 0
21900, 8145, 0, 0, 0
22000, 8453, 0, 0, 0
22001, 46551, 1, 0, 0
22100, 44488, 1, 0, 0
22101, 9277, 0, 0, 0
22200, 8408, 0, 0, 0
22200, 43270, 1, 0, 0
22300, 8095, 0, 0, 0
22300, 41651, 1, 0, 0
22400, 45006, 1, 0, 0
22401, 8528, 0, 0, 0
22500, 44523, 1, 0, 0
22501, 7882, 0, 0, 0
22600, 46830, 1, 0, 0
22602, 8155, 0, 0, 0
22702, 43647, 1, 0, 0
22703, 8542, 0, 0, 0
22800, 43173, 1, 0, 0
22800, 8555, 0, 0, 0
22900, 42519, 1, 0, 0
22903, 8566, 0, 0, 0
23001, 42602, 1, 0, 0
23001, 8899, 0, 0, 0
23100, 42011, 1, 0, 0
23100, 7911, 0, 0, 0
23200, 46495, 1, 0, 0
23202, 8730, 0, 0, 0
23300, 41912, 1, 0, 0
23304, 7942, 0, 0, 0
23401, 43440, 1, 0, 0
23402, 8644, 0, 0, 0
23501, 39861, 1, 0, 0
23501, 8233, 0, 0, 0
23600, 43925, 1, 0, 0
23602, 7939, 0, 0, 0
23700, 7415, 0, 0, 0
23700, 41227, 1, 0, 0
23800, 8172, 0, 0, 0
23800, 41732, 1, 0, 0
23974, 43143, 1, 0, 0
23975, 7323, 0, 0, 0
24000, 45970, 1, 0, 0
24001, 9344, 0, 0, 0
24100, 44647, 1, 0, 0
24100, 9370, 0, 0, 0
24200, 44716, 1, 0, 0
24200, 7761, 0, 0, 0
24300, 39484, 1, 0, 0
24300, 7228, 0, 0, 0
24400, 8578, 0, 0, 0
24400, 40242, 1, 0, 0
24500, 8475, 0, 0, 0
24501, 40920, 1, 0, 0
24600, 44750, 1, 0, 0
24601, 8832, 0, 0, 0
24700, 43854, 1, 0, 0
24701, 8400, 0, 0, 0
24800, 7258, 0, 0, 0
24800, 40675, 1, 0, 0
24901, 43460, 1, 0, 0
24902, 7511, 0, 0, 0
25000, 7804, 0, 0, 0
25000, 38290, 1, 0, 0
25100, 42876, 1, 0, 0
25102, 8502, 0, 0, 0
25200, 42145, 1, 0, 0
25202, 8141, 0, 0, 0
25300, 8714, 0, 0, 0
25301, 45262, 1, 0, 0
25400, 42885, 1, 0, 0
25400, 7580, 0, 0, 0
25500, 46088, 1, 0, 0
25500, 7931, 0, 0, 0
25600, 41951, 1, 0, 0
25600, 8217, 0, 0, 0
25700, 43475, 1, 0, 0
25700, 7648, 0, 0, 0
25800, 44087, 1, 0, 0
25801, 8082, 0, 0, 0
25900, 7533, 0, 0, 0
25901, 45726, 1, 0, 0
26000, 42041, 1, 0, 0
26004, 8128, 0, 0, 0
26100, 44881, 1, 0, 0
26101, 8028, 0, 0, 0
26201, 43572, 1, 0, 0
26201, 13472, 0, 0, 0
26300, 8323, 0, 0, 0
26300, 43069, 1, 0, 0
26401, 42081, 1, 0, 0
26401, 7049, 0, 0, 0
26500, 44261, 1, 0, 0
26501, 8433, 0, 0, 0
26600, 45287, 1, 0, 0
26600, 7967, 0, 0, 0
26700, 44491, 1, 0, 0
26705, 7827, 0, 0, 0
26800, 43851, 1, 0, 0
26800, 8326, 0, 0, 0
26901, 42388, 1, 0, 0
26901, 7556, 0, 0, 0
27000, 8262, 0, 0, 0
27001, 45181, 1, 0, 0
27100, 43985, 1, 0, 0
27101, 7759, 0, 0, 0
27200, 7970, 0, 0, 0
27200, 45680, 1, 0, 0
27300, 8242, 0, 0, 0
27300, 41990, 1, 0, 0
27400, 47045, 1, 0, 0
27400, 7384, 0, 0, 0
27500, 9371, 0, 0, 0
27501, 44561, 1, 0, 0
27600, 43293, 1, 0, 0
27600, 8580, 0, 0, 0
27700, 7875, 0, 0, 0
27700, 40412, 1, 0, 0
27800, 43864, 1, 0, 0
27801, 9076, 0, 0, 0
27900, 39190, 1, 0, 0
27900, 7428, 0, 0, 0
28000, 44590, 1, 0, 0
28002, 7977, 0, 0, 0
28102, 41665, 1, 0, 0
28102, 7547, 0, 0, 0
28200, 42737, 1, 0, 0
28200, 8454, 0, 0, 0
28300, 45641, 1, 0, 0
28300, 8121, 0, 0, 0
28400, 7860, 0, 0, 0
28400, 43711, 1, 0, 0
28501, 40312, 1, 0, 0
28501, 8138, 0, 0, 0
28601, 43359, 1, 0, 0
28602, 7743, 0, 0, 0
28700, 43102, 1, 0, 0
28700, 9350, 0, 0, 0
28800, 36825, 1, 0, 0
28800, 7440, 0, 0, 0
28900, 43279, 1, 0, 0
28900, 8052, 0, 0, 0
29000, 8334, 0, 0, 0
29001, 42685, 1, 0, 0
29100, 43148, 1, 0, 0
29100, 8066, 0, 0, 0
29200, 8486, 0, 0, 0
29200, 44858, 1, 0, 0
29300, 43222, 1, 0, 0
29300, 7124, 0, 0, 0
29400, 41944, 1, 0, 0
29401, 8421, 0, 0, 0
29500, 40935, 1, 0, 0
29501, 7724, 0, 0, 0
29600, 43383, 1, 0, 0
29604, 7652, 0, 0, 0
29700, 44874, 1, 0, 0
29701, 8091, 0, 0, 0
29800, 7974, 0, 0, 0
29800, 42547, 1, 0, 0
29900, 42397, 1, 0, 0
29901, 7595, 0, 0, 0
30001, 42133, 1, 0, 0
30001, 8098, 0, 0, 0
30100, 42990, 1, 0, 0
30100, 7442, 0, 0, 0
30200, 42572, 1, 0, 0
30202, 7726, 0, 0, 0
30300, 44350, 1, 0, 0
30301, 7672, 0, 0, 0
30401, 8279, 0, 0, 0
30401, 39984, 1, 0, 0
30500, 40938, 1, 0, 0
30500, 8771, 0, 0, 0
30600, 40491, 1, 0, 0
30600, 7750, 0, 0, 0
30700, 43142, 1, 0, 0
30700, 8363, 0, 0, 0
30801, 41761, 1, 0, 0
30803, 7512, 0, 0, 0
30900, 47704, 1, 0, 0
30901, 7491, 0, 0, 0
31000, 42219, 1, 0, 0
31000, 8128, 0, 0, 0
31100, 8126, 0, 0, 0
31100, 41203, 1, 0, 0
31200, 8745, 0, 0, 0
31200, 45193, 1, 0, 0
31300, 42627, 1, 0, 0
31302, 8874, 0, 0, 0
31400, 42791, 1, 0, 0
31400, 7897, 0, 0, 0
31500, 43082, 1, 0, 0
31500, 7534, 0, 0, 0
31600, 42866, 1, 0, 0
31601, 7704, 0, 0, 0
31700, 38704, 1, 0, 0
31701, 6742, 0, 0, 0
31800, 43089, 1, 0, 0
31800, 8867, 0, 0, 0
31901, 7127, 0, 0, 0
31901, 40850, 1, 0, 0
32000, 41843, 1, 0, 0
32000, 7973, 0, 0, 0
32100, 41169, 1, 0, 0
32101, 7425, 0, 0, 0
32200, 43380, 1, 0, 0
32200, 8420, 0, 0, 0
32300, 44390, 1, 0, 0
32302, 8268, 0, 0, 0
32400, 43411, 1, 0, 0
32401, 7853, 0, 0, 0
32500, 8718, 0, 0, 0
32500, 45457, 1, 0, 0
32601, 8244, 0, 0, 0
32602, 39593, 1, 0, 0
32700, 8257, 0, 0, 0
32701, 42449, 1, 0, 0
32800, 43412, 1, 0, 0
32802, 7975, 0, 0, 0
32901, 43820, 1, 0, 0
32902, 8586, 0, 0, 0
33000, 42110, 1, 0, 0
33001, 7647, 0, 0, 0
33100, 44345, 1, 0, 0
33101, 8400, 0, 0, 0
33200, 42357, 1, 0, 0
33202, 8197, 0, 0, 0
33301, 39618, 1, 0, 0
33303, 7783, 0, 0, 0
33400, 41973, 1, 0, 0
33401, 7313, 0, 0, 0
33500, 42292, 1, 0, 0
33502, 8275, 0, 0, 0
33600, 44384, 1, 0, 0
33600, 7994, 0, 0, 0
33700, 43475, 1, 0, 0
33701, 8400, 0, 0, 0
33800, 41917, 1, 0, 0
33800, 8777, 0, 0, 0
33900, 42449, 1, 0, 0
33901, 7810, 0, 0, 0
34000, 42781, 1, 0, 0
34001, 8843, 0, 0, 0
34100, 44582, 1, 0, 0
34100, 7805, 0, 0, 0
34200, 42289, 1, 0, 0
34201, 7434, 0, 0, 0
34300, 8168, 0, 0, 0
34300, 43970, 1, 0, 0
34400, 43118, 1, 0, 0
34402, 7903, 0, 0, 0
34500, 46133, 1, 0, 0
34500, 8325, 0, 0, 0
34600, 9058, 0, 0, 0
34600, 42310, 1, 0, 0
34700, 45230, 1, 0, 0
34700, 7470, 0, 0, 0
34800, 7494, 0, 0, 0
34800, 46076, 1, 0, 0
34900, 44951, 1, 0, 0
34900, 8389, 0, 0, 0
35000, 41441, 1, 0, 0
35000, 7266, 0, 0, 0
35100, 45887, 1, 0, 0
35101, 8411, 0, 0, 0
35200, 43794, 1, 0, 0
35202, 8218, 0, 0, 0
35300, 41911, 1, 0, 0
35300, 8000, 0, 0, 0
35400, 8317, 0, 0, 0
35400, 41820, 1, 0, 0
35500, 44102, 1, 0, 0
35500, 8482, 0, 0, 0
35600, 8077, 0, 0, 0
35600, 44480, 1, 0, 0
35700, 44859, 1, 0, 0
35703, 7790, 0, 0, 0
35800, 40656, 1, 0, 0
35801, 7128, 0, 0, 0
35900, 40379, 1, 0, 0
35901, 7922, 0, 0, 0
36000, 44068, 1, 0, 0
36000, 7707, 0, 0, 0
36100, 7897, 0, 0, 0
36101, 40295, 1, 0, 0
36200, 43754, 1, 0, 0
36203, 8198, 0, 0, 0
36301, 41908, 1, 0, 0
36303, 7638, 0, 0, 0
36400, 44520, 1, 0, 0
36401, 8060, 0, 0, 0
36501, 9319, 0, 0, 0
36501, 45066, 1, 0, 0
36600, 44236, 1, 0, 0
36601, 7158, 0, 0, 0
36700, 41256, 1, 0, 0
36701, 8520, 0, 0, 0
36800, 7792, 0, 0, 0
36801, 42264, 1, 0, 0
36900, 9662, 0, 0, 0
36901, 41548, 1, 0, 0
37001, 7676, 0, 0, 0
37001, 38218, 1, 0, 0
37100, 43679, 1, 0, 0
37102, 6500, 0, 0, 0
37200, 43390, 1, 0, 0
37200, 8488, 0, 0, 0
37300, 41790, 1, 0, 0
37301, 7661, 0, 0, 0
37400, 41502, 1, 0, 0
37400, 8007, 0, 0, 0
37500, 47084, 1, 0, 0
37501, 7630, 0, 0, 0
37600, 43317, 1, 0, 0
37601, 8025, 0, 0, 0
37700, 43883, 1, 0, 0
37700, 8164, 0, 0, 0
37800, 8818, 0, 0, 0
37800, 43466, 1, 0, 0
37900, 8860, 0, 0, 0
37900, 45399, 1, 0, 0
38001, 42908, 1, 0, 0
38002, 8408, 0, 0, 0
38100, 44628, 1, 0, 0
38101, 7451, 0, 0, 0
38200, 44157, 1, 0, 0
38200, 7254, 0, 0, 0
38300, 42292, 1, 0, 0
38300, 8456, 0, 0, 0
38400, 43195, 1, 0, 0
38400, 8025, 0, 0, 0
38501, 8578, 0, 0, 0
38501, 46190, 1, 0, 0
38600, 42723, 1, 0, 0
38600, 7697, 0, 0, 0
38700, 8001, 0, 0, 0
38700, 38191, 1, 0, 0
38800, 7069, 0, 0, 0
38800, 41772, 1, 0, 0
38900, 7555, 0, 0, 0
38902, 40116, 1, 0, 0
39000, 41334, 1, 0, 0
39003, 8091, 0, 0, 0
39100, 9093, 0, 0, 0
39100, 43982, 1, 0, 0
39200, 42663, 1, 0, 0
39200, 7969, 0, 0, 0
39301, 7627, 0, 0, 0
39301, 41471, 1, 0, 0
39400, 40333, 1, 0, 0
39404, 9141, 0, 0, 0
39500, 44044, 1, 0, 0
39507, 8451, 0, 0, 0
39600, 44938, 1, 0, 0
39600, 7472, 0, 0, 0
39700, 8141, 0, 0, 0
39700, 45512, 1, 0, 0
39800, 46065, 1, 0, 0
39800, 8598, 0, 0, 0
39900, 45390, 1, 0, 0
39902, 7019, 0, 0, 0
40000, 45281, 1, 0, 0
40001, 7846, 0, 0, 0
40101, 7677, 0, 0, 0
40101, 43391, 1, 0, 0
40200, 40535, 1, 0, 0
40201, 8052, 0, 0, 0
40300, 41820, 1, 0, 0
40300, 8682, 0, 0, 0
40400, 40370, 1, 0, 0
40402, 8262, 0, 0, 0
40500, 42776, 1, 0, 0
40500, 7728, 0, 0, 0
40601, 45056, 1, 0, 0
40602, 6996, 0, 0, 0
40700, 43108, 1, 0, 0
40700, 8317, 0, 0, 0
40800, 46186, 1, 0, 0
40801, 8343, 0, 0, 0
40900, 41658, 1, 0, 0
40900, 7924, 0, 0, 0
41000, 41012, 1, 0, 0
41002, 7633, 0, 0, 0
41100, 40150, 1, 0, 0
41100, 8302, 0, 0, 0
41200, 39444, 1, 0, 0
41200, 7123, 0, 0, 0
41300, 8064, 0, 0, 0
41300, 40942, 1, 0, 0
41400, 42044, 1, 0, 0
41400, 7685, 0, 0, 0
41500, 42182, 1, 0, 0
41500, 7760, 0, 0, 0
41600, 8853, 0, 0, 0
41600, 41081, 1, 0, 0
41701, 41444, 1, 0, 0
41702, 7148, 0, 0, 0
41800, 42979, 1, 0, 0
41800, 7183, 0, 0, 0
41900, 8102, 0, 0, 0
41900, 44790, 1, 0, 0
42000, 39312, 1, 0, 0
42003, 7971, 0, 0, 0
42100, 7391, 0, 0, 0
42100, 43045, 1, 0, 0
42200, 43026, 1, 0, 0
42201, 8442, 0, 0, 0
42300, 44387, 1, 0, 0
42300, 8355, 0, 0, 0
42400, 43765, 1, 0, 0
42401, 9483, 0, 0, 0
42500, 39766, 1, 0, 0
42500, 7789, 0, 0, 0
42600, 7547, 0, 0, 0
42600, 45176, 1, 0, 0
42700, 42578, 1, 0, 0
42700, 8132, 0, 0, 0
42800, 44317, 1, 0, 0
42802, 8281, 0, 0, 0
42900, 8686, 0, 0, 0
42900, 40377, 1, 0, 0
43000, 41899, 1, 0, 0
43000, 7624, 0, 0, 0
43100, 8248, 0, 0, 0
43100, 43544, 1, 0, 0
43200, 8108, 0, 0, 0
43200, 41817, 1, 0, 0
43300, 44133, 1, 0, 0
43301, 7844, 0, 0, 0
43400, 42426, 1, 0, 0
43400, 7830, 0, 0, 0
43500, 44235, 1, 0, 0
43501, 8209, 0, 0, 0
43600, 41331, 1, 0, 0
43601, 7260, 0, 0, 0
43700, 41272, 1, 0, 0
43700, 7027, 0, 0, 0
43800, 41819, 1, 0, 0
43803, 7102, 0, 0, 0
43900, 45567, 1, 0, 0
43905, 7715, 0, 0, 0
44001, 45243, 1, 0, 0
44001, 7631, 0, 0, 0
44100, 8645, 0, 0, 0
44100, 44239, 1, 0, 0
44201, 38503, 1, 0, 0
44202, 7661, 0, 0, 0
44300, 41625, 1, 0, 0
44305, 8115, 0, 0, 0
44400, 41925, 1, 0, 0
44402, 8658, 0, 0, 0
44500, 43796, 1, 0, 0
44500, 7273, 0, 0, 0
44600, 40487, 1, 0, 0
44601, 8345, 0, 0, 0
44700, 8100, 0, 0, 0
44700, 41638, 1, 0, 0
44800, 7344, 0, 0, 0
44800, 39859, 1, 0, 0
44900, 45497, 1, 0, 0
44900, 8075, 0, 0, 0
45000, 7611, 0, 0, 0
45001, 41957, 1, 0, 0
45102, 47198, 1, 0, 0
45104, 10880, 0, 0, 0
45200, 8927, 0, 0, 0
45200, 42600, 1, 0, 0
45300, 41340, 1, 0, 0
45301, 7478, 0, 0, 0
45400, 8015, 0, 0, 0
45400, 43900, 1, 0, 0
45500, 45595, 1, 0, 0
45503, 8912, 0, 0, 0
45600, 43379, 1, 0, 0
45600, 7470, 0, 0, 0
45700, 7968, 0, 0, 0
45700, 45433, 1, 0, 0
45800, 43607, 1, 0, 0
45806, 8336, 0, 0, 0
45901, 39884, 1, 0, 0
45903, 8149, 0, 0, 0
46000, 44556, 1, 0, 0
46000, 7694, 0, 0, 0
46100, 7914, 0, 0, 0
46100, 42493, 1, 0, 0
46200, 40329, 1, 0, 0
46200, 8165, 0, 0, 0
46300, 7840, 0, 0, 0
46300, 44256, 1, 0, 0
46400, 41272, 1, 0, 0
46401, 7353, 0, 0, 0
46500, 41186, 1, 0, 0
46503, 7644, 0, 0, 0
46600, 47695, 1, 0, 0
46601, 9638, 0, 0, 0
46700, 44993, 1, 0, 0
46701, 7277, 0, 0, 0
46800, 8290, 0, 0, 0
46800, 43355, 1, 0, 0
46900, 7836, 0, 0, 0
46900, 43604, 1, 0, 0
47000, 45504, 1, 0, 0
47000, 7856, 0, 0, 0
47100, 42492, 1, 0, 0
47101, 7902, 0, 0, 0
47200, 44027, 1, 0, 0
47200, 7819, 0, 0, 0
47300, 42784, 1, 0, 0
47301, 8091, 0, 0, 0
47400, 42385, 1, 0, 0
47401, 7381, 0, 0, 0
47501, 42847, 1, 0, 0
47503, 8530, 0, 0, 0
47600, 40489, 1, 0, 0
47601, 6882, 0, 0, 0
47700, 7926, 0, 0, 0
47700, 44852, 1, 0, 0
47800, 44439, 1, 0, 0
47800, 8855, 0, 0, 0
47900, 7672, 0, 0, 0
47900, 41909, 1, 0, 0
48000, 44822, 1, 0, 0
48000, 8324, 0, 0, 0
48100, 7037, 0, 0, 0
48100, 41907, 1, 0, 0
48200, 43067, 1, 0, 0
48200, 8043, 0, 0, 0
48300, 45176, 1, 0, 0
48301, 7899, 0, 0, 0
48400, 40141, 1, 0, 0
48401, 7809, 0, 0, 0
48500, 44771, 1, 0, 0
48501, 7703, 0, 0, 0
48600, 41262, 1, 0, 0
48605, 8046, 0, 0, 0
48700, 45073, 1, 0, 0
48700, 8994, 0, 0, 0
48800, 46109, 1, 0, 0
48800, 7543, 0, 0, 0
48900, 43526, 1, 0, 0
48900, 8839, 0, 0, 0
49000, 7700, 0, 0, 0
49000, 41579, 1, 0, 0
49100, 46848, 1, 0, 0
49100, 7458, 0, 0, 0
49200, 42224, 1, 0, 0
49200, 7981, 0, 0, 0
49300, 8361, 0, 0, 0
49300, 41025, 1, 0, 0
49400, 42721, 1, 0, 0
49400, 8241, 0, 0, 0
49500, 42402, 1, 0, 0
49505, 7619, 0, 0, 0
49600, 45827, 1, 0, 0
49601, 7478, 0, 0, 0
49700, 42996, 1, 0, 0
49700, 8491, 0, 0, 0
49800, 7297, 0, 0, 0
49800, 45478, 1, 0, 0
49900, 43721, 1, 0, 0
49900, 7793, 0, 0, 0
50000, 8212, 0, 0, 0
50001, 40790, 1, 0, 0
50101, 41366, 1, 0, 0
50101, 7256, 0, 0, 0
50200, 44915, 1, 0, 0
50200, 8583, 0, 0, 0
50300, 41630, 1, 0, 0
50301, 7469, 0, 0, 0
50400, 45319, 1, 0, 0
50402, 8048, 0, 0, 0
50500, 43273, 1, 0, 0
50501, 7283, 0, 0, 0
50600, 41406, 1, 0, 0
50602, 8224, 0, 0, 0
50700, 40144, 1, 0, 0
50700, 7475, 0, 0, 0
50800, 44594, 1, 0, 0
50801, 7736, 0, 0, 0
50900, 38946, 1, 0, 0
50900, 8988, 0, 0, 0
51000, 7807, 0, 0, 0
51000, 40363, 1, 0, 0
51100, 44585, 1, 0, 0
51100, 8185, 0, 0, 0
51200, 44863, 1, 0, 0
51202, 9150, 0, 0, 0
51300, 44164, 1, 0, 0
51303, 8792, 0, 0, 0
51400, 43546, 1, 0, 0
51400, 8427, 0, 0, 0
51501, 44164, 1, 0, 0
51502, 8012, 0, 0, 0
51600, 7632, 0, 0, 0
51600, 43329, 1, 0, 0
51701, 45926, 1, 0, 0
51701, 7739, 0, 0, 0
51800, 8434, 0, 0, 0
51800, 44635, 1, 0, 0
51900, 7611, 0, 0, 0
51900, 42850, 1, 0, 0
52000, 42228, 1, 0, 0
52000, 8232, 0, 0, 0
52101, 43378, 1, 0, 0
52101, 8282, 0, 0, 0
52200, 8503, 0, 0, 0
52200, 42069, 1, 0, 0
52300, 44693, 1, 0, 0
52300, 8101, 0, 0, 0
52401, 43555, 1, 0, 0
52401, 7496, 0, 0, 0
52500, 44023, 1, 0, 0
52500, 7424, 0, 0, 0
52600, 7782, 0, 0, 0
52600, 42263, 1, 0, 0
52700, 47765, 1, 0, 0
52701, 8845, 0, 0, 0
52800, 40309, 1, 0, 0
52800, 7649, 0, 0, 0
52900, 45031, 1, 0, 0
52901, 8307, 0, 0, 0
53000, 8358, 0, 0, 0
53000, 43595, 1, 0, 0
53100, 43795, 1, 0, 0
53100, 7630, 0, 0, 0
53200, 8029, 0, 0, 0
53200, 42759, 1, 0, 0
53300, 7503, 0, 0, 0
53302, 44245, 1, 0, 0
53400, 43275, 1, 0, 0
53400, 8335, 0, 0, 0
53500, 42565, 1, 0, 0
53500, 7882, 0, 0, 0
53600, 44689, 1, 0, 0
53601, 8737, 0, 0, 0
53701, 43314, 1, 0, 0
53701, 7293, 0, 0, 0
53800, 8693, 0, 0, 0
53800, 43637, 1, 0, 0
53900, 7674, 0, 0, 0
53902, 41459, 1, 0, 0
54000, 41626, 1, 0, 0
54000, 7486, 0, 0, 0
54101, 44796, 1, 0, 0
54106, 8008, 0, 0, 0
54201, 7314, 0, 0, 0
54202, 42554, 1, 0, 0
54300, 43163, 1, 0, 0
54300, 8383, 0, 0, 0
54400, 7394, 0, 0, 0
54400, 40165, 1, 0, 0
54500, 42852, 1, 0, 0
54500, 8956, 0, 0, 0
54600, 41723, 1, 0, 0
54600, 8169, 0, 0, 0
54701, 43618, 1, 0, 0
54701, 8705, 0, 0, 0
54800, 47011, 1, 0, 0
54801, 8234, 0, 0, 0
54900, 9164, 0, 0, 0
54900, 45862, 1, 0, 0
55000, 39126, 1, 0, 0
55001, 7454, 0, 0, 0
55100, 43631, 1, 0, 0
55101, 8081, 0, 0, 0
55200, 44022, 1, 0, 0
55202, 7820, 0, 0, 0
55300, 43926, 1, 0, 0
55302, 7792, 0, 0, 0
55400, 43286, 1, 0, 0
55400, 6899, 0, 0, 0
55500, 8576, 0, 0, 0
55500, 44273, 1, 0, 0
55600, 45020, 1, 0, 0
55602, 8941, 0, 0, 0
55701, 40918, 1, 0, 0
55702, 7823, 0, 0, 0
55800, 41726, 1, 0, 0
55800, 7076, 0, 0, 0
55900, 41760, 1, 0, 0
55901, 7635, 0, 0, 0
56000, 42199, 1, 0, 0
56000, 8111, 0, 0, 0
56100, 45052, 1, 0, 0
56100, 7674, 0, 0, 0
56201, 7898, 0, 0, 0
56201, 42387, 1, 0, 0
56300, 43609, 1, 0, 0
56302, 8556, 0, 0, 0
56400, 40334, 1, 0, 0
56401, 8291, 0, 0, 0
56500, 39930, 1, 0, 0
56500, 7767, 0, 0, 0
56602, 40003, 1, 0, 0
56602, 6932, 0, 0, 0
56700, 7770, 0, 0, 0
56700, 38826, 1, 0, 0
56800, 41283, 1, 0, 0
56800, 7737, 0, 0, 0
56900, 43023, 1, 0, 0
56903, 7940, 0, 0, 0
57000, 41801, 1, 0, 0
57001, 8574, 0, 0, 0
57100, 43165, 1, 0, 0
57100, 8859, 0, 0, 0
57200, 44976, 1, 0, 0
57201, 8261, 0, 0, 0
57300, 42871, 1, 0, 0
57301, 7682, 0, 0, 0
57400, 45819, 1, 0, 0
57400, 8608, 0, 0, 0
57500, 40328, 1, 0, 0
57503, 7814, 0, 0, 0
57600, 44214, 1, 0, 0
57602, 8140, 0, 0, 0
57700, 39708, 1, 0, 0
57700, 7144, 0, 0, 0
57800, 8124, 0, 0, 0
57800, 38168, 1, 0, 0
57900, 43254, 1, 0, 0
57901, 7673, 0, 0, 0
58000, 42466, 1, 0, 0
58001, 8412, 0, 0, 0
58101, 43384, 1, 0, 0
58101, 7495, 0, 0, 0
58200, 43751, 1, 0, 0
58204, 7747, 0, 0, 0
58300, 44098, 1, 0, 0
58300, 7639, 0, 0, 0
58400, 40228, 1, 0, 0
58402, 7392, 0, 0, 0
58500, 43654, 1, 0, 0
58500, 8340, 0, 0, 0
58600, 9094, 0, 0, 0
58601, 43635, 1, 0, 0
58700, 45925, 1, 0, 0
58702, 9529, 0, 0, 0
58800, 8398, 0, 0, 0
58800, 44004, 1, 0, 0
58900, 39228, 1, 0, 0
58900, 7494, 0, 0, 0
59000, 42136, 1, 0, 0
59000, 8328, 0, 0, 0
59100, 43061, 1, 0, 0
59101, 7640, 0, 0, 0
59200, 44136, 1, 0, 0
59200, 8013, 0, 0, 0
59300, 7768, 0, 0, 0
59300, 43202, 1, 0, 0
59400, 41965, 1, 0, 0
59400, 7764, 0, 0, 0
59500, 7900, 0, 0, 0
59500, 43623, 1, 0, 0
59600, 41492, 1, 0, 0
59601, 8028, 0, 0, 0
59700, 6703, 0, 0, 0
59700, 42345, 1, 0, 0
59800, 45059, 1, 0, 0
59800, 7996, 0, 0, 0
59900, 45382, 1, 0, 0
59901, 7814, 0, 0, 0
60000, 8200, 0, 0, 0
60000, 42164, 1, 0, 0
60100, 7669, 0, 0, 0
60100, 42479, 1, 0, 0
60201, 41716, 1, 0, 0
60201, 8170, 0, 0, 0
60300, 39785, 1, 0, 0
60300, 7070, 0, 0, 0
60402, 8681, 0, 0, 0
60402, 43369, 1, 0, 0
60500, 7121, 0, 0, 0
60500, 43043, 1, 0, 0
60600, 38748, 1, 0, 0
60602, 7244, 0, 0, 0
60700, 39025, 1, 0, 0
60700, 7739, 0, 0, 0
60801, 47050, 1, 0, 0
60801, 8175, 0, 0, 0
60900, 7601, 0, 0, 0
60900, 42876, 1, 0, 0
61000, 8313, 0, 0, 0
61000, 45435, 1, 0, 0
61100, 42112, 1, 0, 0
61100, 7826, 0, 0, 0
61200, 43100, 1, 0, 0
61201, 7807, 0, 0, 0
61301, 7996, 0, 0, 0
61301, 45876, 1, 0, 0
61401, 45151, 1, 0, 0
61401, 7566, 0, 0, 0
61500, 9049, 0, 0, 0
61501, 43039, 1, 0, 0
61600, 41607, 1, 0, 0
61600, 7720, 0, 0, 0
61700, 8142, 0, 0, 0
61700, 45038, 1, 0, 0
61800, 41015, 1, 0, 0
61804, 7992, 0, 0, 0
61900, 41462, 1, 0, 0
61900, 7740, 0, 0, 0
62000, 43310, 1, 0, 0
62001, 8674, 0, 0, 0
62100, 42788, 1, 0, 0
62100, 8003, 0, 0, 0
62201, 7581, 0, 0, 0
62201, 40707, 1, 0, 0
62300, 41990, 1, 0, 0
62300, 8029, 0, 0, 0
62400, 42784, 1, 0, 0
62401, 7671, 0, 0, 0
62500, 43307, 1, 0, 0
62501, 8901, 0, 0, 0
62600, 41774, 1, 0, 0
62601, 8622, 0, 0, 0
62700, 43096, 1, 0, 0
62701, 8369, 0, 0, 0
62800, 43539, 1, 0, 0
62802, 8852, 0, 0, 0
62900, 41937, 1, 0, 0
62904, 8233, 0, 0, 0
63000, 7664, 0, 0, 0
63000, 43880, 1, 0, 0
63100, 44203, 1, 0, 0
63101, 7681, 0, 0, 0
63200, 9353, 0, 0, 0
63202, 44425, 1, 0, 0
63300, 43951, 1, 0, 0
63301, 8029, 0, 0, 0
63400, 43344, 1, 0, 0
63400, 7991, 0, 0, 0
63501, 40822, 1, 0, 0
63501, 10000, 0, 0, 0
63600, 41325, 1, 0, 0
63601, 7619, 0, 0, 0
63700, 8715, 0, 0, 0
63700, 45022, 1, 0, 0
63800, 7879, 0, 0, 0
63800, 43526, 1, 0, 0
63900, 8607, 0, 0, 0
63901, 44054, 1, 0, 0
64000, 46435, 1, 0, 0
64003, 7794, 0, 0, 0
64100, 9509, 0, 0, 0
64100, 44038, 1, 0, 0
64200, 42278, 1, 0, 0
64200, 7721, 0, 0, 0
64300, 43277, 1, 0, 0
64301, 8785, 0, 0, 0
64400, 43125, 1, 0, 0
64404, 7171, 0, 0, 0
64500, 41796, 1, 0, 0
64500, 7026, 0, 0, 0
64601, 8130, 0, 0, 0
64601, 44785, 1, 0, 0
64700, 8025, 0, 0, 0
64700, 42922, 1, 0, 0
64800, 43859, 1, 0, 0
64802, 8452, 0, 0, 0
64900, 8121, 0, 0, 0
64900, 44110, 1, 0, 0
65000, 42718, 1, 0, 0
65001, 7710, 0, 0, 0
65100, 43825, 1, 0, 0
65102, 7979, 0, 0, 0
65201, 39808, 1, 0, 0
65202, 6865, 0, 0, 0
65300, 9414, 0, 0, 0
65300, 44777, 1, 0, 0
65400, 42188, 1, 0, 0
65401, 7507, 0, 0, 0
65500, 7830, 0, 0, 0
65501, 42595, 1, 0, 0
65600, 44266, 1, 0, 0
65601, 7565, 0, 0, 0
65700, 43194, 1, 0, 0
65701, 8195, 0, 0, 0
65800, 41239, 1, 0, 0
65804, 8779, 0, 0, 0
65900, 40978, 1, 0, 0
65900, 7952, 0, 0, 0
66000, 41620, 1, 0, 0
66002, 8086, 0, 0, 0
66100, 41680, 1, 0, 0
66100, 7936, 0, 0, 0
66200, 44149, 1, 0, 0
66200, 7895, 0, 0, 0
66300, 42994, 1, 0, 0
66301, 7773, 0, 0, 0
66400, 44565, 1, 0, 0
66401, 7956, 0, 0, 0
66500, 8183, 0, 0, 0
66500, 45115, 1, 0, 0
66600, 42385, 1, 0, 0
66600, 8279, 0, 0, 0
66700, 40106, 1, 0, 0
66702, 7333, 0, 0, 0
66800, 7852, 0, 0, 0
66800, 40907, 1, 0, 0
66900, 7558, 0, 0, 0
66901, 44009, 1, 0, 0
67000, 42062, 1, 0, 0
67000, 7817, 0, 0, 0
67100, 39337, 1, 0, 0
67100, 8422, 0, 0, 0
67200, 39645, 1, 0, 0
67201, 7757, 0, 0, 0
67300, 43440, 1, 0, 0
67301, 7490, 0, 0, 0
67400, 39624, 1, 0, 0
67400, 7330, 0, 0, 0
67500, 41220, 1, 0, 0
67500, 7462, 0, 0, 0
67600, 43149, 1, 0, 0
67603, 9302, 0, 0, 0
67701, 40557, 1, 0, 0
67704, 8080, 0, 0, 0
67800, 7788, 0, 0, 0
67800, 41463, 1, 0, 0
67900, 39845, 1, 0, 0
67901, 7066, 0, 0, 0
68000, 44331, 1, 0, 0
68001, 7738, 0, 0, 0
68101, 45411, 1, 0, 0
68101, 8079, 0, 0, 0
68200, 39812, 1, 0, 0
68201, 7852, 0, 0, 0
68300, 8024, 0, 0, 0
68300, 41545, 1, 0, 0
68400, 44055, 1, 0, 0
68400, 7121, 0, 0, 0
68500, 44009, 1, 0, 0
68501, 13883, 0, 0, 0
68600, 45108, 1, 0, 0
68600, 8571, 0, 0, 0
68700, 7342, 0, 0, 0
68700, 44721, 1, 0, 0
68800, 44461, 1, 0, 0
68801, 8092, 0, 0, 0
68900, 43337, 1, 0, 0
68900, 7185, 0, 0, 0
69000, 39189, 1, 0, 0
69002, 7306, 0, 0, 0
69100, 45969, 1, 0, 0
69103, 7904, 0, 0, 0
69200, 42926, 1, 0, 0
69200, 7661, 0, 0, 0
69300, 44160, 1, 0, 0
69300, 8614, 0, 0, 0
69400, 44649, 1, 0, 0
69400, 8780, 0, 0, 0
69500, 40747, 1, 0, 0
69501, 7624, 0, 0, 0
69600, 43136, 1, 0, 0
69600, 8048, 0, 0, 0
69701, 41835, 1, 0, 0
69703, 8341, 0, 0, 0
69800, 41756, 1, 0, 0
69802, 7373, 0, 0, 0
69900, 7977, 0, 0, 0
69900, 44009, 1, 0, 0
70000, 44391, 1, 0, 0
70000, 8431, 0, 0, 0
70101, 8080, 0, 0, 0
70101, 42348, 1, 0, 0
70200, 7187, 0, 0, 0
70200, 43427, 1, 0, 0
70300, 41984, 1, 0, 0
70301, 8077, 0, 0, 0
70400, 39075, 1, 0, 0
70401, 7095, 0, 0, 0
70500, 7239, 0, 0, 0
70500, 43102, 1, 0, 0
70600, 45394, 1, 0, 0
70600, 7520, 0, 0, 0
70700, 7589, 0, 0, 0
70700, 42186, 1, 0, 0
70800, 41956, 1, 0, 0
70800, 8059, 0, 0, 0
70900, 7410, 0, 0, 0
70901, 40949, 1, 0, 0
71000, 46440, 1, 0, 0
71002, 8236, 0, 0, 0
71100, 39115, 1, 0, 0
71100, 7484, 0, 0, 0
71200, 41031, 1, 0, 0
71202, 8288, 0, 0, 0
71300, 44037, 1, 0, 0
71301, 8578, 0, 0, 0
71400, 42278, 1, 0, 0
71400, 7571, 0, 0, 0
71500, 8382, 0, 0, 0
71500, 43866, 1, 0, 0
71601, 8227, 0, 0, 0
71601, 42767, 1, 0, 0
71700, 43864, 1, 0, 0
71706, 7417, 0, 0, 0
71801, 44444, 1, 0, 0
71802, 7757, 0, 0, 0
71900, 42699, 1, 0, 0
71905, 9527, 0, 0, 0
72000, 40375, 1, 0, 0
72000, 7755, 0, 0, 0
72100, 40359, 1, 0, 0
72101, 7334, 0, 0, 0
72200, 7834, 0, 0, 0
72201, 42892, 1, 0, 0
72300, 37985, 1, 0, 0
72301, 7998, 0, 0, 0
72400, 43104, 1, 0, 0
72401, 8064, 0, 0, 0
72500, 6694, 0, 0, 0
72501, 39259, 1, 0, 0
72600, 43162, 1, 0, 0
72600, 6676, 0, 0, 0
72700, 41379, 1, 0, 0
72701, 7584, 0, 0, 0
72800, 7110, 0, 0, 0
72800, 41893, 1, 0, 0
72901, 41674, 1, 0, 0
72901, 8328, 0, 0, 0
73000, 42352, 1, 0, 0
73004, 7718, 0, 0, 0
73100, 45466, 1, 0, 0
73100, 7724, 0, 0, 0
73200, 46265, 1, 0, 0
73200, 7990, 0, 0, 0
73300, 43210, 1, 0, 0
73300, 7575, 0, 0, 0
73401, 42054, 1, 0, 0
73402, 7192, 0, 0, 0
73500, 41530, 1, 0, 0
73501, 7423, 0, 0, 0
73600, 40697, 1, 0, 0
73603, 8289, 0, 0, 0
73700, 43157, 1, 0, 0
73703, 8695, 0, 0, 0
73800, 43911, 1, 0, 0
73800, 7248, 0, 0, 0
73900, 45140, 1, 0, 0
73901, 8140, 0, 0, 0
74000, 7283, 0, 0, 0
74000, 45157, 1, 0, 0
74100, 42634, 1, 0, 0
74103, 7672, 0, 0, 0
74200, 42230, 1, 0, 0
74204, 8494, 0, 0, 0
74300, 44328, 1, 0, 0
74300, 8294, 0, 0, 0
74401, 44927, 1, 0, 0
74404, 7821, 0, 0, 0
74500, 42026, 1, 0, 0
74500, 7690, 0, 0, 0
74600, 44464, 1, 0, 0
74601, 8524, 0, 0, 0
74700, 7117, 0, 0, 0
74700, 41366, 1, 0, 0
74800, 7631, 0, 0, 0
74800, 45656, 1, 0, 0
74900, 43351, 1, 0, 0
74901, 7516, 0, 0, 0
75000, 42474, 1, 0, 0
75004, 8917, 0, 0, 0
75100, 40891, 1, 0, 0
75101, 7099, 0, 0, 0
75200, 43258, 1, 0, 0
75201, 8437, 0, 0, 0
75300, 45224, 1, 0, 0
75300, 8047, 0, 0, 0
75400, 43802, 1, 0, 0
75400, 8351, 0, 0, 0
75500, 7956, 0, 0, 0
75501, 38440, 1, 0, 0
75600, 8025, 0, 0, 0
75600, 45894, 1, 0, 0
75700, 44740, 1, 0, 0
75702, 8223, 0, 0, 0
75800, 41370, 1, 0, 0
75804, 9032, 0, 0, 0
75900, 7258, 0, 0, 0
75900, 43518, 1, 0, 0
76000, 7825, 0, 0, 0
76000, 45907, 1, 0, 0
76100, 43397, 1, 0, 0
76100, 7873, 0, 0, 0
76200, 42697, 1, 0, 0
76201, 8568, 0, 0, 0
76300, 43968, 1, 0, 0
76302, 7580, 0, 0, 0
76400, 43776, 1, 0, 0
76400, 8036, 0, 0, 0
76500, 7429, 0, 0, 0
76500, 40047, 1, 0, 0
76600, 44960, 1, 0, 0
76601, 8600, 0, 0, 0
76701, 8141, 0, 0, 0
76701, 39738, 1, 0, 0
76800, 42985, 1, 0, 0
76801, 8692, 0, 0, 0
76900, 41731, 1, 0, 0
76900, 9173, 0, 0, 0
77000, 7621, 0, 0, 0
77001, 46311, 1, 0, 0
77102, 43148, 1, 0, 0
77107, 6938, 0, 0, 0
77200, 8373, 0, 0, 0
77200, 44679, 1, 0, 0
77301, 44155, 1, 0, 0
77302, 9013, 0, 0, 0
77400, 8555, 0, 0, 0
77400, 40469, 1, 0, 0
77501, 8533, 0, 0, 0
77501, 41382, 1, 0, 0
77600, 44507, 1, 0, 0
77600, 8620, 0, 0, 0
77700, 42182, 1, 0, 0
77700, 8117, 0, 0, 0
77800, 9606, 0, 0, 0
77800, 45670, 1, 0, 0
77900, 7887, 0, 0, 0
77900, 42211, 1, 0, 0
78000, 41032, 1, 0, 0
78002, 7376, 0, 0, 0
78100, 7556, 0, 0, 0
78102, 45509, 1, 0, 0
78200, 43345, 1, 0, 0
78200, 7508, 0, 0, 0
78300, 44288, 1, 0, 0
78302, 8031, 0, 0, 0
78401, 42075, 1, 0, 0
78401, 7110, 0, 0, 0
78500, 41231, 1, 0, 0
78500, 7979, 0, 0, 0
78600, 43886, 1, 0, 0
78601, 7303, 0, 0, 0
78700, 40523, 1, 0, 0
78700, 7775, 0, 0, 0
78800, 44074, 1, 0, 0
78803, 7577, 0, 0, 0
78900, 7705, 0, 0, 0
78900, 40151, 1, 0, 0
79000, 41199, 1, 0, 0
79001, 8914, 0, 0, 0
79100, 7282, 0, 0, 0
79100, 43516, 1, 0, 0
79200, 40493, 1, 0, 0
79200, 7357, 0, 0, 0
79300, 8359, 0, 0, 0
79300, 43911, 1, 0, 0
79400, 43297, 1, 0, 0
79400, 8715, 0, 0, 0
79500, 8440, 0, 0, 0
79500, 43623, 1, 0, 0
79600, 42022, 1, 0, 0
79600, 8184, 0, 0, 0
79700, 8807, 0, 0, 0
79700, 43174, 1, 0, 0
79800, 7775, 0, 0, 0
79801, 42571, 1, 0, 0
79900, 41443, 1, 0, 0
79900, 7457, 0, 0, 0
80000, 7891, 0, 0, 0
80000, 43091, 1, 0, 0
80100, 44644, 1, 0, 0
80103, 7845, 0, 0, 0
80200, 45371, 1, 0, 0
80201, 7993, 0, 0, 0
80300, 44572, 1, 0, 0
80303, 6848, 0, 0, 0
80400, 8308, 0, 0, 0
80401, 45704, 1, 0, 0
80500, 40786, 1, 0, 0
80502, 8119, 0, 0, 0
80600, 42942, 1, 0, 0
80600, 7746, 0, 0, 0
80700, 7819, 0, 0, 0
80700, 41978, 1, 0, 0
80800, 42905, 1, 0, 0
80805, 8840, 0, 0, 0
80900, 43028, 1, 0, 0
80901, 8581, 0, 0, 0
81000, 40013, 1, 0, 0
81000, 7979, 0, 0, 0
81100, 41832, 1, 0, 0
81101, 8016, 0, 0, 0
81200, 8525, 0, 0, 0
81200, 41598, 1, 0, 0
81301, 7349, 0, 0, 0
81301, 42573, 1, 0, 0
81400, 38736, 1, 0, 0
81400, 8051, 0, 0, 0
81501, 42982, 1, 0, 0
81501, 8302, 0, 0, 0
81600, 44083, 1, 0, 0
81603, 7875, 0, 0, 0
81700, 45042, 1, 0, 0
81700, 8060, 0, 0, 0
81800, 39359, 1, 0, 0
81802, 7621, 0, 0, 0
81900, 45413, 1, 0, 0
81900, 7598, 0, 0, 0
82000, 45369, 1, 0, 0
82001, 8153, 0, 0, 0
82100, 42874, 1, 0, 0
82101, 8589, 0, 0, 0
82200, 9003, 0, 0, 0
82200, 43466, 1, 0, 0
82300, 46349, 1, 0, 0
82301, 8305, 0, 0, 0
82400, 7273, 0, 0, 0
82400, 44500, 1, 0, 0
82500, 8671, 0, 0, 0
82501, 44293, 1, 0, 0
82600, 42901, 1, 0, 0
82602, 8442, 0, 0, 0
82700, 46381, 1, 0, 0
82700, 7747, 0, 0, 0
82800, 41273, 1, 0, 0
82800, 7787, 0, 0, 0
82900, 7972, 0, 0, 0
82900, 43798, 1, 0, 0
83000, 40812, 1, 0, 0
83002, 7639, 0, 0, 0
83100, 7854, 0, 0, 0
83100, 46517, 1, 0, 0
83200, 46273, 1, 0, 0
83200, 8381, 0, 0, 0
83301, 37851, 1, 0, 0
83301, 7277, 0, 0, 0
83400, 8163, 0, 0, 0
83402, 43601, 1, 0, 0
83500, 43263, 1, 0, 0
83503, 8723, 0, 0, 0
83600, 41020, 1, 0, 0
83602, 7234, 0, 0, 0
83700, 7800, 0, 0, 0
83701, 42769, 1, 0, 0
83800, 8661, 0, 0, 0
83801, 43111, 1, 0, 0
83900, 7506, 0, 0, 0
83900, 40821, 1, 0, 0
84000, 44865, 1, 0, 0
84001, 7420, 0, 0, 0
84100, 41487, 1, 0, 0
84101, 7837, 0, 0, 0
84200, 43569, 1, 0, 0
84201, 8543, 0, 0, 0
84300, 44616, 1, 0, 0
84300, 7999, 0, 0, 0
84400, 46341, 1, 0, 0
84401, 9487, 0, 0, 0
84500, 42362, 1, 0, 0
84501, 7972, 0, 0, 0
84600, 40687, 1, 0, 0
84601, 7392, 0, 0, 0
84701, 8269, 0, 0, 0
84701, 43817, 1, 0, 0
84800, 42557, 1, 0, 0
84802, 8513, 0, 0, 0
84900, 42424, 1, 0, 0
84900, 8256, 0, 0, 0
85000, 40993, 1, 0, 0
85000, 8098, 0, 0, 0
85100, 42131, 1, 0, 0
85100, 7283, 0, 0, 0
85200, 44380, 1, 0, 0
85200, 8466, 0, 0, 0
85300, 40439, 1, 0, 0
85300, 8047, 0, 0, 0
85401, 41461, 1, 0, 0
85401, 8464, 0, 0, 0
85500, 41296, 1, 0, 0
85502, 7283, 0, 0, 0
85600, 43607, 1, 0, 0
85600, 8080, 0, 0, 0
85700, 42238, 1, 0, 0
85702, 8528, 0, 0, 0
85800, 42186, 1, 0, 0
85800, 8701, 0, 0, 0
85900, 40243, 1, 0, 0
85901, 7486, 0, 0, 0
86000, 40705, 1, 0, 0
86001, 7925, 0, 0, 0
86100, 44140, 1, 0, 0
86101, 8048, 0, 0, 0
86201, 45399, 1, 0, 0
86201, 7527, 0, 0, 0
86301, 7178, 0, 0, 0
86301, 43520, 1, 0, 0
86400, 8425, 0, 0, 0
86400, 45748, 1, 0, 0
86500, 9229, 0, 0, 0
86500, 45509, 1, 0, 0
86600, 41980, 1, 0, 0
86603, 7947, 0, 0, 0
86700, 41841, 1, 0, 0
86700, 7925, 0, 0, 0
86800, 8724, 0, 0, 0
86800, 43137, 1, 0, 0
86901, 8180, 0, 0, 0
86901, 45069, 1, 0, 0
87000, 8127, 0, 0, 0
87000, 38872, 1, 0, 0
87100, 42656, 1, 0, 0
87101, 8331, 0, 0, 0
87200, 43010, 1, 0, 0
87201, 7988, 0, 0, 0
87300, 43072, 1, 0, 0
87300, 8202, 0, 0, 0
87401, 43613, 1, 0, 0
87401, 7935, 0, 0, 0
87500, 41973, 1, 0, 0
87505, 8030, 0, 0, 0
87600, 8064, 0, 0, 0
87600, 44799, 1, 0, 0
87700, 43105, 1, 0, 0
87701, 7174, 0, 0, 0
87800, 42772, 1, 0, 0
87800, 9089, 0, 0, 0
87900, 43815, 1, 0, 0
87900, 8092, 0, 0, 0
88000, 9135, 0, 0, 0
88000, 43574, 1, 0, 0
88100, 44309, 1, 0, 0
88101, 8002, 0, 0, 0
88200, 44268, 1, 0, 0
88200, 7798, 0, 0, 0
88300, 7249, 0, 0, 0
88300, 48452, 1, 0, 0
88400, 42537, 1, 0, 0
88402, 8128, 0, 0, 0
88500, 45607, 1, 0, 0
88500, 8713, 0, 0, 0
88600, 39010, 1, 0, 0
88600, 7678, 0, 0, 0
88700, 42970, 1, 0, 0
88700, 7335, 0, 0, 0
88800, 7785, 0, 0, 0
88800, 42554, 1, 0, 0
88900, 8704, 0, 0, 0
88900, 45030, 1, 0, 0
89000, 44194, 1, 0, 0
89003, 8329, 0, 0, 0
89100, 7848, 0, 0, 0
89101, 42499, 1, 0, 0
89200, 43907, 1, 0, 0
89201, 7401, 0, 0, 0
89300, 45027, 1, 0, 0
89300, 7563, 0, 0, 0
89400, 41356, 1, 0, 0
89400, 8375, 0, 0, 0
89500, 41759, 1, 0, 0
89502, 8472, 0, 0, 0
89600, 8284, 0, 0, 0
89600, 45797, 1, 0, 0
89700, 43225, 1, 0, 0
89700, 7815, 0, 0, 0
89800, 43190, 1, 0, 0
89803, 7713, 0, 0, 0
89900, 43157, 1, 0, 0
89901, 9047, 0, 0, 0
90000, 7789, 0, 0, 0
90002, 43427, 1, 0, 0
