100, 608814, 0, 0, 0
200, 608087, 0, 0, 0
300, 605215, 0, 0, 0
400, 582698, 0, 0, 0
500, 573744, 0, 0, 0
600, 578659, 0, 0, 0
700, 576067, 0, 0, 0
800, 578133, 0, 0, 0
900, 576870, 0, 0, 0
1000, 580833, 0, 0, 0
1100, 583630, 0, 0, 0
1200, 578952, 0, 0, 0
1300, 579279, 0, 0, 0
1400, 583195, 0, 0, 0
1500, 576630, 0, 0, 0
1600, 575995, 0, 0, 0
1700, 584072, 0, 0, 0
1800, 581356, 0, 0, 0
1900, 581425, 0, 0, 0
2000, 573308, 0, 0, 0
2100, 580869, 0, 0, 0
2200, 576253, 0, 0, 0
2300, 581393, 0, 0, 0
2400, 581564, 0, 0, 0
2500, 586249, 0, 0, 0
2600, 583324, 0, 0, 0
2700, 586621, 0, 0, 0
2800, 618754, 0, 0, 0
2900, 582072, 0, 0, 0
3000, 579819, 0, 0, 0
3100, 578901, 0, 0, 0
3200, 571555, 0, 0, 0
3300, 576335, 0, 0, 0
3400, 572950, 0, 0, 0
3500, 572843, 0, 0, 0
3600, 573663, 0, 0, 0
3700, 579372, 0, 0, 0
3800, 570029, 0, 0, 0
3900, 574046, 0, 0, 0
4000, 581276, 0, 0, 0
4100, 587441, 0, 0, 0
4200, 573928, 0, 0, 0
4300, 574692, 0, 0, 0
4400, 573874, 0, 0, 0
4500, 572817, 0, 0, 0
4600, 570417, 0, 0, 0
4700, 569084, 0, 0, 0
4800, 574253, 0, 0, 0
4900, 569060, 0, 0, 0
5000, 575730, 0, 0, 0
5100, 594497, 0, 0, 0
5200, 582521, 0, 0, 0
5300, 582723, 0, 0, 0
5400, 586004, 0, 0, 0
5500, 579413, 0, 0, 0
5600, 575068, 0, 0, 0
5700, 576923, 0, 0, 0
5800, 624916, 0, 0, 0
5900, 578324, 0, 0, 0
6000, 575519, 0, 0, 0
6100, 574136, 0, 0, 0
6200, 571918, 0, 0, 0
6300, 578625, 0, 0, 0
6400, 581925, 0, 0, 0
6500, 577349, 0, 0, 0
6600, 581976, 0, 0, 0
6700, 579350, 0, 0, 0
6800, 580350, 0, 0, 0
6900, 584663, 0, 0, 0
7000, 586103, 0, 0, 0
7100, 581838, 0, 0, 0
7200, 572605, 0, 0, 0
7300, 571874, 0, 0, 0
7400, 570363, 0, 0, 0
7500, 571596, 0, 0, 0
7600, 573283, 0, 0, 0
7700, 588541, 0, 0, 0
7800, 589651, 0, 0, 0
7900, 579098, 0, 0, 0
8000, 575892, 0, 0, 0
8100, 591857, 0, 0, 0
8200, 583942, 0, 0, 0
8300, 582601, 0, 0, 0
8400, 580313, 0, 0, 0
8500, 579277, 0, 0, 0
8600, 582945, 0, 0, 0
8700, 578296, 0, 0, 0
8800, 589445, 0, 0, 0
8900, 582074, 0, 0, 0
9000, 581438, 0, 0, 0
9100, 593423, 0, 0, 0
9200, 589457, 0, 0, 0
9300, 583079, 0, 0, 0
9400, 578608, 0, 0, 0
9500, 585713, 0, 0, 0
9600, 574143, 0, 0, 0
9700, 582980, 0, 0, 0
9800, 581524, 0, 0, 0
9900, 576093, 0, 0, 0
10000, 581401, 0, 0, 0
10100, 584453, 0, 0, 0
10200, 578820, 0, 0, 0
10300, 580262, 0, 0, 0
10400, 579412, 0, 0, 0
10500, 585958, 0, 0, 0
10600, 593407, 0, 0, 0
10700, 585888, 0, 0, 0
10800, 585952, 0, 0, 0
10900, 619660, 0, 0, 0
11000, 618765, 0, 0, 0
11100, 589732, 0, 0, 0
11200, 596013, 0, 0, 0
11300, 609481, 0, 0, 0
11400, 615954, 0, 0, 0
11500, 614556, 0, 0, 0
11600, 591405, 0, 0, 0
11700, 578616, 0, 0, 0
11800, 627477, 0, 0, 0
11900, 574215, 0, 0, 0
12000, 571070, 0, 0, 0
12100, 572286, 0, 0, 0
12200, 572670, 0, 0, 0
12300, 576083, 0, 0, 0
12400, 569462, 0, 0, 0
12500, 581134, 0, 0, 0
12600, 573843, 0, 0, 0
12700, 568668, 0, 0, 0
12800, 568604, 0, 0, 0
12900, 572135, 0, 0, 0
13000, 570772, 0, 0, 0
13100, 568760, 0, 0, 0
13200, 578699, 0, 0, 0
13300, 574699, 0, 0, 0
13400, 572215, 0, 0, 0
13500, 577122, 0, 0, 0
13600, 574909, 0, 0, 0
13700, 575214, 0, 0, 0
13800, 577700, 0, 0, 0
13900, 582489, 0, 0, 0
14000, 579246, 0, 0, 0
14100, 577753, 0, 0, 0
14200, 574953, 0, 0, 0
14300, 580787, 0, 0, 0
14400, 580317, 0, 0, 0
14500, 582041, 0, 0, 0
14600, 583759, 0, 0, 0
14700, 577126, 0, 0, 0
14800, 612084, 0, 0, 0
14900, 587369, 0, 0, 0
15000, 600324, 0, 0, 0
15100, 608862, 0, 0, 0
15200, 597481, 0, 0, 0
15300, 590271, 0, 0, 0
15400, 590561, 0, 0, 0
15500, 588087, 0, 0, 0
15600, 589019, 0, 0, 0
15700, 592702, 0, 0, 0
15800, 591330, 0, 0, 0
15900, 589304, 0, 0, 0
16000, 593476, 0, 0, 0
16100, 601083, 0, 0, 0
16200, 587612, 0, 0, 0
16300, 575019, 0, 0, 0
16400, 578941, 0, 0, 0
16500, 580135, 0, 0, 0
16600, 580878, 0, 0, 0
16700, 587260, 0, 0, 0
16800, 589339, 0, 0, 0
16900, 587869, 0, 0, 0
17000, 583212, 0, 0, 0
17100, 587323, 0, 0, 0
17200, 582481, 0, 0, 0
17300, 581388, 0, 0, 0
17400, 588939, 0, 0, 0
17500, 583604, 0, 0, 0
17600, 582760, 0, 0, 0
17700, 600487, 0, 0, 0
17800, 627694, 0, 0, 0
17900, 588940, 0, 0, 0
18000, 580922, 0, 0, 0
18100, 578565, 0, 0, 0
18200, 587588, 0, 0, 0
18300, 579471, 0, 0, 0
18400, 583892, 0, 0, 0
18500, 579106, 0, 0, 0
18600, 578612, 0, 0, 0
18700, 583478, 0, 0, 0
18800, 577707, 0, 0, 0
18900, 582031, 0, 0, 0
19000, 580591, 0, 0, 0
19100, 588287, 0, 0, 0
19200, 589833, 0, 0, 0
19300, 584867, 0, 0, 0
19400, 584245, 0, 0, 0
19500, 592369, 0, 0, 0
19600, 592933, 0, 0, 0
19700, 585738, 0, 0, 0
19800, 587852, 0, 0, 0
19900, 582095, 0, 0, 0
20000, 580470, 0, 0, 0
20100, 574872, 0, 0, 0
20200, 579664, 0, 0, 0
20300, 579211, 0, 0, 0
20400, 580819, 0, 0, 0
20500, 572333, 0, 0, 0
20600, 576434, 0, 0, 0
20700, 578492, 0, 0, 0
20800, 596015, 0, 0, 0
20900, 585652, 0, 0, 0
21000, 583930, 0, 0, 0
21100, 584622, 0, 0, 0
21200, 584382, 0, 0, 0
21300, 576184, 0, 0, 0
21400, 579736, 0, 0, 0
21500, 576323, 0, 0, 0
21600, 579472, 0, 0, 0
21700, 583680, 0, 0, 0
21800, 584100, 0, 0, 0
21900, 569660, 0, 0, 0
22000, 578777, 0, 0, 0
22100, 577966, 0, 0, 0
22200, 575148, 0, 0, 0
22300, 578929, 0, 0, 0
22400, 580513, 0, 0, 0
22500, 578122, 0, 0, 0
22600, 572046, 0, 0, 0
22700, 587113, 0, 0, 0
22800, 583127, 0, 0, 0
22900, 578183, 0, 0, 0
23000, 580462, 0, 0, 0
23100, 582667, 0, 0, 0
23200, 578284, 0, 0, 0
23300, 585174, 0, 0, 0
23400, 575983, 0, 0, 0
23500, 579890, 0, 0, 0
23600, 575657, 0, 0, 0
23700, 582171, 0, 0, 0
23800, 630834, 0, 0, 0
23900, 587260, 0, 0, 0
24000, 585051, 0, 0, 0
24100, 596659, 0, 0, 0
24200, 580141, 0, 0, 0
24300, 581493, 0, 0, 0
24400, 577936, 0, 0, 0
24500, 569683, 0, 0, 0
24600, 577573, 0, 0, 0
24700, 583257, 0, 0, 0
24800, 571801, 0, 0, 0
24900, 570189, 0, 0, 0
25000, 582786, 0, 0, 0
25100, 589697, 0, 0, 0
25200, 582804, 0, 0, 0
25300, 582474, 0, 0, 0
25400, 579733, 0, 0, 0
25500, 584023, 0, 0, 0
25600, 585420, 0, 0, 0
25700, 583631, 0, 0, 0
25800, 575366, 0, 0, 0
25900, 580525, 0, 0, 0
26000, 581814, 0, 0, 0
26100, 578859, 0, 0, 0
26200, 577429, 0, 0, 0
26300, 578390, 0, 0, 0
26400, 579240, 0, 0, 0
26500, 584374, 0, 0, 0
26600, 586630, 0, 0, 0
26700, 587620, 0, 0, 0
26800, 623445, 0, 0, 0
26900, 587854, 0, 0, 0
27000, 586776, 0, 0, 0
27100, 577493, 0, 0, 0
27200, 576072, 0, 0, 0
27300, 572301, 0, 0, 0
27400, 581354, 0, 0, 0
27500, 572607, 0, 0, 0
27600, 571938, 0, 0, 0
27700, 582223, 0, 0, 0
27800, 583905, 0, 0, 0
27900, 576474, 0, 0, 0
28000, 579232, 0, 0, 0
28100, 587409, 0, 0, 0
28200, 578999, 0, 0, 0
28300, 577990, 0, 0, 0
28400, 577296, 0, 0, 0
28500, 577060, 0, 0, 0
28600, 580056, 0, 0, 0
28700, 575159, 0, 0, 0
28800, 579974, 0, 0, 0
28900, 576790, 0, 0, 0
29000, 581826, 0, 0, 0
29100, 570561, 0, 0, 0
29200, 570602, 0, 0, 0
29300, 565168, 0, 0, 0
29400, 576945, 0, 0, 0
29500, 572859, 0, 0, 0
29600, 579508, 0, 0, 0
29700, 579752, 0, 0, 0
29800, 597646, 0, 0, 0
29900, 573744, 0, 0, 0
30000, 570025, 0, 0, 0
30100, 571520, 0, 0, 0
30200, 571311, 0, 0, 0
30300, 571120, 0, 0, 0
30400, 574992, 0, 0, 0
30500, 575715, 0, 0, 0
30600, 576647, 0, 0, 0
30700, 579519, 0, 0, 0
30800, 572312, 0, 0, 0
30900, 574241, 0, 0, 0
31000, 565487, 0, 0, 0
31100, 571148, 0, 0, 0
31200, 574778, 0, 0, 0
31300, 564659, 0, 0, 0
31400, 575773, 0, 0, 0
31500, 564520, 0, 0, 0
31600, 570263, 0, 0, 0
31700, 573823, 0, 0, 0
31800, 575092, 0, 0, 0
31900, 579103, 0, 0, 0
32000, 576054, 0, 0, 0
32100, 582942, 0, 0, 0
32200, 577605, 0, 0, 0
32300, 584024, 0, 0, 0
32400, 577199, 0, 0, 0
32500, 582302, 0, 0, 0
32600, 576840, 0, 0, 0
32700, 577310, 0, 0, 0
32800, 617408, 0, 0, 0
32900, 575510, 0, 0, 0
33000, 573460, 0, 0, 0
33100, 575596, 0, 0, 0
33200, 574334, 0, 0, 0
33300, 579651, 0, 0, 0
33400, 569641, 0, 0, 0
33500, 580762, 0, 0, 0
33600, 578324, 0, 0, 0
33700, 581509, 0, 0, 0
33800, 585403, 0, 0, 0
33900, 582422, 0, 0, 0
34000, 570956, 0, 0, 0
34100, 575956, 0, 0, 0
34200, 579242, 0, 0, 0
34300, 576680, 0, 0, 0
34400, 582562, 0, 0, 0
34500, 583747, 0, 0, 0
34600, 584808, 0, 0, 0
34700, 585933, 0, 0, 0
34800, 580970, 0, 0, 0
34900, 581913, 0, 0, 0
35000, 598093, 0, 0, 0
35100, 595656, 0, 0, 0
35200, 594020, 0, 0, 0
35300, 581830, 0, 0, 0
35400, 577374, 0, 0, 0
35500, 577310, 0, 0, 0
35600, 580608, 0, 0, 0
35700, 580578, 0, 0, 0
35800, 624982, 0, 0, 0
35900, 599058, 0, 0, 0
36000, 594415, 0, 0, 0
36100, 592176, 0, 0, 0
36200, 577689, 0, 0, 0
36300, 592312, 0, 0, 0
36400, 589824, 0, 0, 0
36500, 589925, 0, 0, 0
36600, 592221, 0, 0, 0
36700, 592926, 0, 0, 0
36800, 596440, 0, 0, 0
36900, 592838, 0, 0, 0
37000, 590481, 0, 0, 0
37100, 587111, 0, 0, 0
37200, 583072, 0, 0, 0
37300, 582479, 0, 0, 0
37400, 577929, 0, 0, 0
37500, 583799, 0, 0, 0
37600, 576202, 0, 0, 0
37700, 592901, 0, 0, 0
37800, 614608, 0, 0, 0
37900, 601366, 0, 0, 0
38000, 587042, 0, 0, 0
38100, 586183, 0, 0, 0
38200, 587501, 0, 0, 0
38300, 579951, 0, 0, 0
38400, 582668, 0, 0, 0
38500, 577498, 0, 0, 0
38600, 574222, 0, 0, 0
38700, 585290, 0, 0, 0
38800, 612115, 0, 0, 0
38900, 578802, 0, 0, 0
39000, 583819, 0, 0, 0
39100, 575475, 0, 0, 0
39200, 578120, 0, 0, 0
39300, 578403, 0, 0, 0
39400, 573347, 0, 0, 0
39500, 579116, 0, 0, 0
39600, 577797, 0, 0, 0
39700, 580004, 0, 0, 0
39800, 578744, 0, 0, 0
39900, 574939, 0, 0, 0
40000, 576304, 0, 0, 0
40100, 596587, 0, 0, 0
40200, 582691, 0, 0, 0
40300, 567908, 0, 0, 0
40400, 570986, 0, 0, 0
40500, 575110, 0, 0, 0
40600, 567776, 0, 0, 0
40700, 564787, 0, 0, 0
40800, 578810, 0, 0, 0
40900, 577287, 0, 0, 0
41000, 573845, 0, 0, 0
41100, 576185, 0, 0, 0
41200, 571730, 0, 0, 0
41300, 562378, 0, 0, 0
41400, 560489, 0, 0, 0
41500, 573914, 0, 0, 0
41600, 575249, 0, 0, 0
41700, 574367, 0, 0, 0
41800, 590330, 0, 0, 0
41900, 576403, 0, 0, 0
42000, 576597, 0, 0, 0
42100, 571831, 0, 0, 0
42200, 580178, 0, 0, 0
42300, 574847, 0, 0, 0
42400, 575334, 0, 0, 0
42500, 573786, 0, 0, 0
42600, 572571, 0, 0, 0
42700, 574306, 0, 0, 0
42800, 568366, 0, 0, 0
42900, 564516, 0, 0, 0
43000, 568693, 0, 0, 0
43100, 570497, 0, 0, 0
43200, 571658, 0, 0, 0
43300, 572121, 0, 0, 0
43400, 563213, 0, 0, 0
43500, 579905, 0, 0, 0
43600, 573753, 0, 0, 0
43700, 575190, 0, 0, 0
43800, 566196, 0, 0, 0
43900, 567700, 0, 0, 0
44000, 567960, 0, 0, 0
44100, 570003, 0, 0, 0
44200, 572787, 0, 0, 0
44300, 564118, 0, 0, 0
44400, 574876, 0, 0, 0
44500, 565901, 0, 0, 0
44600, 576769, 0, 0, 0
44700, 574947, 0, 0, 0
44800, 618072, 0, 0, 0
44900, 577001, 0, 0, 0
45000, 574886, 0, 0, 0
45100, 594917, 0, 0, 0
45200, 580343, 0, 0, 0
45300, 588689, 0, 0, 0
45400, 594278, 0, 0, 0
45500, 578487, 0, 0, 0
45600, 585367, 0, 0, 0
45700, 575954, 0, 0, 0
45800, 581635, 0, 0, 0
45900, 584335, 0, 0, 0
46000, 574434, 0, 0, 0
46100, 572533, 0, 0, 0
46200, 572238, 0, 0, 0
46300, 570673, 0, 0, 0
46400, 572451, 0, 0, 0
46500, 572127, 0, 0, 0
46600, 575864, 0, 0, 0
46700, 578647, 0, 0, 0
46800, 570361, 0, 0, 0
46900, 570929, 0, 0, 0
47000, 564076, 0, 0, 0
47100, 563125, 0, 0, 0
47200, 558945, 0, 0, 0
47300, 563637, 0, 0, 0
47400, 555509, 0, 0, 0
47500, 563792, 0, 0, 0
47600, 564630, 0, 0, 0
47700, 570935, 0, 0, 0
47800, 609610, 0, 0, 0
47900, 578210, 0, 0, 0
48000, 573479, 0, 0, 0
48100, 585553, 0, 0, 0
48200, 576293, 0, 0, 0
48300, 570560, 0, 0, 0
48400, 566007, 0, 0, 0
48500, 567459, 0, 0, 0
48600, 559993, 0, 0, 0
48700, 570513, 0, 0, 0
48800, 569075, 0, 0, 0
48900, 568047, 0, 0, 0
49000, 568857, 0, 0, 0
49100, 568772, 0, 0, 0
49200, 573751, 0, 0, 0
49300, 571037, 0, 0, 0
49400, 570612, 0, 0, 0
49500, 580056, 0, 0, 0
49600, 578407, 0, 0, 0
49700, 576506, 0, 0, 0
49800, 575707, 0, 0, 0
49900, 570546, 0, 0, 0
50000, 566261, 0, 0, 0
50100, 574496, 0, 0, 0
50200, 572232, 0, 0, 0
50300, 575742, 0, 0, 0
50400, 574977, 0, 0, 0
50500, 579242, 0, 0, 0
50600, 592555, 0, 0, 0
50700, 583892, 0, 0, 0
50800, 599286, 0, 0, 0
50900, 585178, 0, 0, 0
51000, 586126, 0, 0, 0
51100, 582516, 0, 0, 0
51200, 589300, 0, 0, 0
51300, 582527, 0, 0, 0
51400, 576484, 0, 0, 0
51500, 581094, 0, 0, 0
51600, 582430, 0, 0, 0
51700, 584947, 0, 0, 0
51800, 581758, 0, 0, 0
51900, 585464, 0, 0, 0
52000, 586176, 0, 0, 0
52100, 583544, 0, 0, 0
52200, 587195, 0, 0, 0
52300, 585392, 0, 0, 0
52400, 588806, 0, 0, 0
52500, 584005, 0, 0, 0
52600, 581622, 0, 0, 0
52700, 577356, 0, 0, 0
52800, 574274, 0, 0, 0
52900, 574787, 0, 0, 0
53000, 579794, 0, 0, 0
53100, 576625, 0, 0, 0
53200, 579412, 0, 0, 0
53300, 577631, 0, 0, 0
53400, 573017, 0, 0, 0
53500, 578399, 0, 0, 0
53600, 580109, 0, 0, 0
53700, 574292, 0, 0, 0
53800, 633280, 0, 0, 0
53900, 583196, 0, 0, 0
54000, 577619, 0, 0, 0
54100, 571224, 0, 0, 0
54200, 576498, 0, 0, 0
54300, 579223, 0, 0, 0
54400, 567747, 0, 0, 0
54500, 574677, 0, 0, 0
54600, 571875, 0, 0, 0
54700, 574336, 0, 0, 0
54800, 567355, 0, 0, 0
54900, 568136, 0, 0, 0
55000, 563301, 0, 0, 0
55100, 577682, 0, 0, 0
55200, 575325, 0, 0, 0
55300, 580633, 0, 0, 0
55400, 568751, 0, 0, 0
55500, 570577, 0, 0, 0
55600, 582280, 0, 0, 0
55700, 584421, 0, 0, 0
55800, 575439, 0, 0, 0
55900, 574615, 0, 0, 0
56000, 569155, 0, 0, 0
56100, 591213, 0, 0, 0
56200, 582000, 0, 0, 0
56300, 578433, 0, 0, 0
56400, 584707, 0, 0, 0
56500, 581427, 0, 0, 0
56600, 587058, 0, 0, 0
56700, 581384, 0, 0, 0
56800, 622185, 0, 0, 0
56900, 583542, 0, 0, 0
57000, 581545, 0, 0, 0
57100, 571322, 0, 0, 0
57200, 573816, 0, 0, 0
57300, 570271, 0, 0, 0
57400, 565216, 0, 0, 0
57500, 580614, 0, 0, 0
57600, 581638, 0, 0, 0
57700, 578497, 0, 0, 0
57800, 580405, 0, 0, 0
57900, 582618, 0, 0, 0
58000, 570490, 0, 0, 0
58100, 577318, 0, 0, 0
58200, 571665, 0, 0, 0
58300, 568054, 0, 0, 0
58400, 567096, 0, 0, 0
58500, 565832, 0, 0, 0
58600, 568017, 0, 0, 0
58700, 574678, 0, 0, 0
58800, 576286, 0, 0, 0
58900, 575923, 0, 0, 0
59000, 581154, 0, 0, 0
59100, 571616, 0, 0, 0
59200, 572231, 0, 0, 0
59300, 569910, 0, 0, 0
59400, 572201, 0, 0, 0
59500, 579350, 0, 0, 0
59600, 580676, 0, 0, 0
59700, 581404, 0, 0, 0
59800, 612713, 0, 0, 0
59900, 567843, 0, 0, 0
60000, 567036, 0, 0, 0
60100, 570713, 0, 0, 0
60200, 568302, 0, 0, 0
60300, 570506, 0, 0, 0
60400, 570519, 0, 0, 0
60500, 576762, 0, 0, 0
60600, 577182, 0, 0, 0
60700, 573299, 0, 0, 0
60800, 585540, 0, 0, 0
60900, 586104, 0, 0, 0
61000, 579881, 0, 0, 0
61100, 572894, 0, 0, 0
61200, 575451, 0, 0, 0
61300, 580093, 0, 0, 0
61400, 581993, 0, 0, 0
61500, 582034, 0, 0, 0
61600, 583195, 0, 0, 0
61700, 588077, 0, 0, 0
61800, 584515, 0, 0, 0
61900, 575645, 0, 0, 0
62000, 572181, 0, 0, 0
62100, 572493, 0, 0, 0
62200, 571337, 0, 0, 0
62300, 570807, 0, 0, 0
62400, 568903, 0, 0, 0
62500, 573158, 0, 0, 0
62600, 575841, 0, 0, 0
62700, 575643, 0, 0, 0
62800, 584321, 0, 0, 0
62900, 575341, 0, 0, 0
63000, 579446, 0, 0, 0
63100, 576167, 0, 0, 0
63200, 567074, 0, 0, 0
63300, 570197, 0, 0, 0
63400, 570824, 0, 0, 0
63500, 566438, 0, 0, 0
63600, 573129, 0, 0, 0
63700, 575794, 0, 0, 0
63800, 576404, 0, 0, 0
63900, 571746, 0, 0, 0
64000, 569580, 0, 0, 0
64100, 582658, 0, 0, 0
64200, 579407, 0, 0, 0
64300, 575662, 0, 0, 0
64400, 576583, 0, 0, 0
64500, 576701, 0, 0, 0
64600, 574718, 0, 0, 0
64700, 579710, 0, 0, 0
64800, 578014, 0, 0, 0
64900, 571873, 0, 0, 0
65000, 576281, 0, 0, 0
65100, 591487, 0, 0, 0
65200, 586687, 0, 0, 0
65300, 586894, 0, 0, 0
65400, 588374, 0, 0, 0
65500, 588996, 0, 0, 0
65600, 578556, 0, 0, 0
65700, 579251, 0, 0, 0
65800, 622329, 0, 0, 0
65900, 595461, 0, 0, 0
66000, 603217, 0, 0, 0
66100, 582122, 0, 0, 0
66200, 588815, 0, 0, 0
66300, 584357, 0, 0, 0
66400, 587182, 0, 0, 0
66500, 585515, 0, 0, 0
66600, 581105, 0, 0, 0
66700, 586739, 0, 0, 0
66800, 585499, 0, 0, 0
66900, 595740, 0, 0, 0
67000, 583032, 0, 0, 0
67100, 566762, 0, 0, 0
67200, 567571, 0, 0, 0
67300, 574808, 0, 0, 0
67400, 573054, 0, 0, 0
67500, 568076, 0, 0, 0
67600, 571941, 0, 0, 0
67700, 584152, 0, 0, 0
67800, 581930, 0, 0, 0
67900, 571090, 0, 0, 0
68000, 570922, 0, 0, 0
68100, 576505, 0, 0, 0
68200, 579526, 0, 0, 0
68300, 576904, 0, 0, 0
68400, 580837, 0, 0, 0
68500, 576822, 0, 0, 0
68600, 576220, 0, 0, 0
68700, 572368, 0, 0, 0
68800, 611011, 0, 0, 0
68900, 580610, 0, 0, 0
69000, 574830, 0, 0, 0
69100, 574603, 0, 0, 0
69200, 580807, 0, 0, 0
69300, 574928, 0, 0, 0
69400, 572211, 0, 0, 0
69500, 584909, 0, 0, 0
69600, 585525, 0, 0, 0
69700, 586300, 0, 0, 0
69800, 582192, 0, 0, 0
69900, 574209, 0, 0, 0
70000, 580731, 0, 0, 0
70100, 582144, 0, 0, 0
70200, 579956, 0, 0, 0
70300, 575899, 0, 0, 0
70400, 580828, 0, 0, 0
70500, 577798, 0, 0, 0
70600, 572183, 0, 0, 0
70700, 582237, 0, 0, 0
70800, 582164, 0, 0, 0
70900, 581982, 0, 0, 0
71000, 581726, 0, 0, 0
71100, 581195, 0, 0, 0
71200, 586629, 0, 0, 0
71300, 571125, 0, 0, 0
71400, 579237, 0, 0, 0
71500, 585810, 0, 0, 0
71600, 620068, 0, 0, 0
71700, 602444, 0, 0, 0
71800, 610504, 0, 0, 0
71900, 612760, 0, 0, 0
72000, 601611, 0, 0, 0
72100, 621519, 0, 0, 0
72200, 596798, 0, 0, 0
72300, 577913, 0, 0, 0
72400, 576808, 0, 0, 0
72500, 585067, 0, 0, 0
72600, 576201, 0, 0, 0
72700, 577847, 0, 0, 0
72800, 582446, 0, 0, 0
72900, 585488, 0, 0, 0
73000, 578082, 0, 0, 0
73100, 579979, 0, 0, 0
73200, 580596, 0, 0, 0
73300, 567814, 0, 0, 0
73400, 566516, 0, 0, 0
73500, 578096, 0, 0, 0
73600, 569604, 0, 0, 0
73700, 574249, 0, 0, 0
73800, 584310, 0, 0, 0
73900, 580307, 0, 0, 0
74000, 571468, 0, 0, 0
74100, 570869, 0, 0, 0
74200, 576326, 0, 0, 0
74300, 584195, 0, 0, 0
74400, 575798, 0, 0, 0
74500, 571461, 0, 0, 0
74600, 577617, 0, 0, 0
74700, 587205, 0, 0, 0
74800, 624388, 0, 0, 0
74900, 588694, 0, 0, 0
75000, 595439, 0, 0, 0
75100, 611017, 0, 0, 0
75200, 595908, 0, 0, 0
75300, 583882, 0, 0, 0
75400, 571333, 0, 0, 0
75500, 575617, 0, 0, 0
75600, 582842, 0, 0, 0
75700, 576894, 0, 0, 0
75800, 580350, 0, 0, 0
75900, 576849, 0, 0, 0
76000, 582649, 0, 0, 0
76100, 570840, 0, 0, 0
76200, 571868, 0, 0, 0
76300, 577717, 0, 0, 0
76400, 595713, 0, 0, 0
76500, 579473, 0, 0, 0
76600, 576909, 0, 0, 0
76700, 570070, 0, 0, 0
76800, 582412, 0, 0, 0
76900, 580896, 0, 0, 0
77000, 583460, 0, 0, 0
77100, 567855, 0, 0, 0
77200, 575831, 0, 0, 0
77300, 568337, 0, 0, 0
77400, 560738, 0, 0, 0
77500, 567760, 0, 0, 0
77600, 577713, 0, 0, 0
77700, 577286, 0, 0, 0
77800, 622217, 0, 0, 0
77900, 580207, 0, 0, 0
78000, 582704, 0, 0, 0
78100, 573158, 0, 0, 0
78200, 589419, 0, 0, 0
78300, 590957, 0, 0, 0
78400, 581854, 0, 0, 0
78500, 575537, 0, 0, 0
78600, 575841, 0, 0, 0
78700, 578029, 0, 0, 0
78800, 577150, 0, 0, 0
78900, 577234, 0, 0, 0
79000, 572384, 0, 0, 0
79100, 585647, 0, 0, 0
79200, 581836, 0, 0, 0
79300, 568297, 0, 0, 0
79400, 571571, 0, 0, 0
79500, 566920, 0, 0, 0
79600, 580662, 0, 0, 0
79700, 570152, 0, 0, 0
79800, 576213, 0, 0, 0
79900, 574247, 0, 0, 0
80000, 566510, 0, 0, 0
80100, 585354, 0, 0, 0
80200, 571234, 0, 0, 0
80300, 564244, 0, 0, 0
80400, 573635, 0, 0, 0
80500, 573195, 0, 0, 0
80600, 574296, 0, 0, 0
80700, 571801, 0, 0, 0
80800, 612544, 0, 0, 0
80900, 594351, 0, 0, 0
81000, 573951, 0, 0, 0
81100, 574590, 0, 0, 0
81200, 573902, 0, 0, 0
81300, 588186, 0, 0, 0
81400, 574031, 0, 0, 0
81500, 582189, 0, 0, 0
81600, 584139, 0, 0, 0
81700, 581556, 0, 0, 0
81800, 578806, 0, 0, 0
81900, 575749, 0, 0, 0
82000, 578068, 0, 0, 0
82100, 569819, 0, 0, 0
82200, 576283, 0, 0, 0
82300, 569798, 0, 0, 0
82400, 572279, 0, 0, 0
82500, 563488, 0, 0, 0
82600, 572908, 0, 0, 0
82700, 581017, 0, 0, 0
82800, 579793, 0, 0, 0
82900, 579496, 0, 0, 0
83000, 571701, 0, 0, 0
83100, 573366, 0, 0, 0
83200, 576018, 0, 0, 0
83300, 576613, 0, 0, 0
83400, 580711, 0, 0, 0
83500, 577583, 0, 0, 0
83600, 568110, 0, 0, 0
83700, 574592, 0, 0, 0
83800, 588020, 0, 0, 0
83900, 567894, 0, 0, 0
84000, 566093, 0, 0, 0
84100, 567084, 0, 0, 0
84200, 576008, 0, 0, 0
84300, 566465, 0, 0, 0
84400, 568342, 0, 0, 0
84500, 572488, 0, 0, 0
84600, 584673, 0, 0, 0
84700, 575749, 0, 0, 0
84800, 570668, 0, 0, 0
84900, 571567, 0, 0, 0
85000, 568871, 0, 0, 0
85100, 580483, 0, 0, 0
85200, 573542, 0, 0, 0
85300, 572742, 0, 0, 0
85400, 563470, 0, 0, 0
85500, 567282, 0, 0, 0
85600, 573919, 0, 0, 0
85700, 577036, 0, 0, 0
85800, 572365, 0, 0, 0
85900, 576405, 0, 0, 0
86000, 578280, 0, 0, 0
86100, 580987, 0, 0, 0
86200, 575696, 0, 0, 0
86300, 575993, 0, 0, 0
86400, 573865, 0, 0, 0
86500, 563449, 0, 0, 0
86600, 576864, 0, 0, 0
86700, 584206, 0, 0, 0
86800, 625879, 0, 0, 0
86900, 591643, 0, 0, 0
87000, 571513, 0, 0, 0
87100, 568333, 0, 0, 0
87200, 575299, 0, 0, 0
87300, 581204, 0, 0, 0
87400, 573391, 0, 0, 0
87500, 577083, 0, 0, 0
87600, 571378, 0, 0, 0
87700, 579311, 0, 0, 0
87800, 576987, 0, 0, 0
87900, 562525, 0, 0, 0
88000, 570337, 0, 0, 0
88100, 574286, 0, 0, 0
88200, 562243, 0, 0, 0
88300, 568839, 0, 0, 0
88400, 561896, 0, 0, 0
88500, 563539, 0, 0, 0
88600, 560578, 0, 0, 0
88700, 567444, 0, 0, 0
88800, 562484, 0, 0, 0
88900, 575924, 0, 0, 0
89000, 570053, 0, 0, 0
89100, 582484, 0, 0, 0
89200, 573752, 0, 0, 0
89300, 574474, 0, 0, 0
89400, 574149, 0, 0, 0
89500, 582722, 0, 0, 0
89600, 580700, 0, 0, 0
89700, 579441, 0, 0, 0
89800, 610597, 0, 0, 0
89900, 583150, 0, 0, 0
90000, 581651, 0, 0, 0
