250, 552, 0, 0, 0
350, 520, 0, 0, 0
450, 560, 0, 0, 0
550, 540, 0, 0, 0
650, 630, 0, 0, 0
749, 616, 0, 0, 0
849, 590, 0, 0, 0
949, 570, 0, 0, 0
1049, 560, 0, 0, 0
1149, 550, 0, 0, 0
1249, 550, 0, 0, 0
1349, 590, 0, 0, 0
1449, 570, 0, 0, 0
1550, 580, 0, 0, 0
1650, 590, 0, 0, 0
1749, 545, 0, 0, 0
1849, 580, 0, 0, 0
1949, 580, 0, 0, 0
2049, 580, 0, 0, 0
2149, 560, 0, 0, 0
2249, 530, 0, 0, 0
2349, 690, 0, 0, 0
2449, 530, 0, 0, 0
2549, 550, 0, 0, 0
2649, 560, 0, 0, 0
2749, 540, 0, 0, 0
2849, 610, 0, 0, 0
2949, 550, 0, 0, 0
3049, 550, 0, 0, 0
3150, 520, 0, 0, 0
3249, 565, 0, 0, 0
3349, 570, 0, 0, 0
3449, 570, 0, 0, 0
3549, 580, 0, 0, 0
3649, 550, 0, 0, 0
3749, 540, 0, 0, 0
3849, 530, 0, 0, 0
3949, 490, 0, 0, 0
4049, 540, 0, 0, 0
4149, 510, 0, 0, 0
4249, 540, 0, 0, 0
4349, 600, 0, 0, 0
4449, 590, 0, 0, 0
4550, 570, 0, 0, 0
4650, 480, 0, 0, 0
4749, 656, 0, 0, 0
4849, 490, 0, 0, 0
4949, 620, 0, 0, 0
5049, 500, 0, 0, 0
5149, 500, 0, 0, 0
5249, 480, 0, 0, 0
5349, 540, 0, 0, 0
5449, 580, 0, 0, 0
5549, 600, 0, 0, 0
5649, 480, 0, 0, 0
5749, 470, 0, 0, 0
5849, 560, 0, 0, 0
5949, 520, 0, 0, 0
6050, 530, 0, 0, 0
6150, 560, 0, 0, 0
6249, 494, 0, 0, 0
6349, 470, 0, 0, 0
6449, 500, 0, 0, 0
6549, 560, 0, 0, 0
6649, 530, 0, 0, 0
6749, 580, 0, 0, 0
6849, 560, 0, 0, 0
6949, 530, 0, 0, 0
7049, 510, 0, 0, 0
7149, 530, 0, 0, 0
7249, 550, 0, 0, 0
7349, 490, 0, 0, 0
7449, 620, 0, 0, 0
7550, 500, 0, 0, 0
7650, 490, 0, 0, 0
7749, 525, 0, 0, 0
7849, 500, 0, 0, 0
7949, 520, 0, 0, 0
8049, 580, 0, 0, 0
8149, 570, 0, 0, 0
8249, 610, 0, 0, 0
8349, 540, 0, 0, 0
8449, 550, 0, 0, 0
8549, 530, 0, 0, 0
8649, 480, 0, 0, 0
8749, 520, 0, 0, 0
8849, 560, 0, 0, 0
8949, 560, 0, 0, 0
9050, 520, 0, 0, 0
9150, 530, 0, 0, 0
9250, 520, 0, 0, 0
9350, 610, 0, 0, 0
9450, 570, 0, 0, 0
9550, 560, 0, 0, 0
9650, 540, 0, 0, 0
9750, 600, 0, 0, 0
9850, 540, 0, 0, 0
9950, 590, 0, 0, 0
10050, 510, 0, 0, 0
10150, 570, 0, 0, 0
10251, 490, 0, 0, 0
10351, 570, 0, 0, 0
10451, 580, 0, 0, 0
10551, 520, 0, 0, 0
10651, 550, 0, 0, 0
10751, 530, 0, 0, 0
10851, 510, 0, 0, 0
10951, 560, 0, 0, 0
11051, 510, 0, 0, 0
11151, 570, 0, 0, 0
11251, 540, 0, 0, 0
11351, 520, 0, 0, 0
11451, 550, 0, 0, 0
11551, 540, 0, 0, 0
11651, 550, 0, 0, 0
11752, 580, 0, 0, 0
11852, 490, 0, 0, 0
11952, 600, 0, 0, 0
12052, 560, 0, 0, 0
12152, 480, 0, 0, 0
12251, 565, 0, 0, 0
12351, 580, 0, 0, 0
12451, 500, 0, 0, 0
12551, 540, 0, 0, 0
12651, 550, 0, 0, 0
12751, 570, 0, 0, 0
12851, 530, 0, 0, 0
12951, 490, 0, 0, 0
13051, 530, 0, 0, 0
13151, 510, 0, 0, 0
13252, 540, 0, 0, 0
13352, 530, 0, 0, 0
13452, 520, 0, 0, 0
13552, 480, 0, 0, 0
13652, 530, 0, 0, 0
13751, 585, 0, 0, 0
13851, 490, 0, 0, 0
13951, 500, 0, 0, 0
14051, 490, 0, 0, 0
14151, 500, 0, 0, 0
14251, 480, 0, 0, 0
14351, 500, 0, 0, 0
14451, 530, 0, 0, 0
14551, 520, 0, 0, 0
14651, 550, 0, 0, 0
14752, 590, 0, 0, 0
14852, 560, 0, 0, 0
14952, 530, 0, 0, 0
15052, 460, 0, 0, 0
15152, 490, 0, 0, 0
15251, 545, 0, 0, 0
15351, 530, 0, 0, 0
15451, 530, 0, 0, 0
15551, 480, 0, 0, 0
15651, 530, 0, 0, 0
15751, 580, 0, 0, 0
15851, 520, 0, 0, 0
15951, 490, 0, 0, 0
16051, 520, 0, 0, 0
16151, 490, 0, 0, 0
16252, 500, 0, 0, 0
16352, 440, 0, 0, 0
16452, 600, 0, 0, 0
16552, 500, 0, 0, 0
16652, 510, 0, 0, 0
16751, 505, 0, 0, 0
16851, 500, 0, 0, 0
16951, 510, 0, 0, 0
17051, 540, 0, 0, 0
17151, 550, 0, 0, 0
17251, 450, 0, 0, 0
17351, 510, 0, 0, 0
17451, 490, 0, 0, 0
17551, 540, 0, 0, 0
17652, 510, 0, 0, 0
17752, 580, 0, 0, 0
17852, 530, 0, 0, 0
17952, 470, 0, 0, 0
18052, 510, 0, 0, 0
18152, 540, 0, 0, 0
18251, 555, 0, 0, 0
18351, 550, 0, 0, 0
18451, 570, 0, 0, 0
18551, 560, 0, 0, 0
18651, 540, 0, 0, 0
18751, 540, 0, 0, 0
18851, 500, 0, 0, 0
18951, 500, 0, 0, 0
19051, 530, 0, 0, 0
19152, 480, 0, 0, 0
19252, 510, 0, 0, 0
19352, 520, 0, 0, 0
19452, 470, 0, 0, 0
19552, 530, 0, 0, 0
19652, 520, 0, 0, 0
19751, 484, 0, 0, 0
19851, 500, 0, 0, 0
19951, 510, 0, 0, 0
20051, 520, 0, 0, 0
20151, 500, 0, 0, 0
20251, 510, 0, 0, 0
20351, 480, 0, 0, 0
20451, 460, 0, 0, 0
20551, 490, 0, 0, 0
20651, 480, 0, 0, 0
20752, 540, 0, 0, 0
20852, 510, 0, 0, 0
20952, 490, 0, 0, 0
21052, 530, 0, 0, 0
21152, 510, 0, 0, 0
21251, 555, 0, 0, 0
21351, 590, 0, 0, 0
21451, 530, 0, 0, 0
21551, 540, 0, 0, 0
21651, 550, 0, 0, 0
21751, 480, 0, 0, 0
21851, 560, 0, 0, 0
21951, 480, 0, 0, 0
22051, 540, 0, 0, 0
22151, 480, 0, 0, 0
22252, 520, 0, 0, 0
22352, 530, 0, 0, 0
22452, 520, 0, 0, 0
22552, 550, 0, 0, 0
22652, 460, 0, 0, 0
22751, 545, 0, 0, 0
22851, 470, 0, 0, 0
22951, 530, 0, 0, 0
23051, 470, 0, 0, 0
23151, 520, 0, 0, 0
23251, 520, 0, 0, 0
23351, 520, 0, 0, 0
23451, 480, 0, 0, 0
23551, 470, 0, 0, 0
23651, 440, 0, 0, 0
23752, 520, 0, 0, 0
23852, 460, 0, 0, 0
23952, 520, 0, 0, 0
24052, 500, 0, 0, 0
24152, 500, 0, 0, 0
24251, 525, 0, 0, 0
24351, 490, 0, 0, 0
24451, 480, 0, 0, 0
24551, 510, 0, 0, 0
24651, 560, 0, 0, 0
24751, 490, 0, 0, 0
24851, 470, 0, 0, 0
24951, 470, 0, 0, 0
25051, 440, 0, 0, 0
25151, 530, 0, 0, 0
25252, 520, 0, 0, 0
25352, 560, 0, 0, 0
25452, 480, 0, 0, 0
25552, 550, 0, 0, 0
25652, 530, 0, 0, 0
25751, 575, 0, 0, 0
25851, 540, 0, 0, 0
25951, 550, 0, 0, 0
26051, 520, 0, 0, 0
26151, 490, 0, 0, 0
26251, 570, 0, 0, 0
26351, 460, 0, 0, 0
26451, 510, 0, 0, 0
26551, 470, 0, 0, 0
26651, 520, 0, 0, 0
26752, 560, 0, 0, 0
26852, 470, 0, 0, 0
26952, 480, 0, 0, 0
27052, 500, 0, 0, 0
27152, 490, 0, 0, 0
27251, 505, 0, 0, 0
27351, 500, 0, 0, 0
27451, 550, 0, 0, 0
27551, 480, 0, 0, 0
27651, 470, 0, 0, 0
27751, 440, 0, 0, 0
27851, 550, 0, 0, 0
27951, 470, 0, 0, 0
28052, 520, 0, 0, 0
28152, 510, 0, 0, 0
28252, 530, 0, 0, 0
28352, 530, 0, 0, 0
28452, 510, 0, 0, 0
28552, 500, 0, 0, 0
28652, 530, 0, 0, 0
28751, 505, 0, 0, 0
28851, 540, 0, 0, 0
28951, 540, 0, 0, 0
29051, 460, 0, 0, 0
29151, 600, 0, 0, 0
29251, 530, 0, 0, 0
29351, 530, 0, 0, 0
29451, 470, 0, 0, 0
29552, 460, 0, 0, 0
29652, 500, 0, 0, 0
29752, 510, 0, 0, 0
29852, 480, 0, 0, 0
29952, 540, 0, 0, 0
30052, 430, 0, 0, 0
30152, 500, 0, 0, 0
30251, 525, 0, 0, 0
30351, 490, 0, 0, 0
30451, 530, 0, 0, 0
30551, 510, 0, 0, 0
30651, 550, 0, 0, 0
30751, 440, 0, 0, 0
30851, 540, 0, 0, 0
30951, 530, 0, 0, 0
31051, 520, 0, 0, 0
31151, 570, 0, 0, 0
31252, 510, 0, 0, 0
31352, 540, 0, 0, 0
31452, 560, 0, 0, 0
31552, 510, 0, 0, 0
31652, 540, 0, 0, 0
31751, 505, 0, 0, 0
31851, 470, 0, 0, 0
31951, 510, 0, 0, 0
32051, 540, 0, 0, 0
32151, 470, 0, 0, 0
32251, 500, 0, 0, 0
32351, 510, 0, 0, 0
32451, 530, 0, 0, 0
32551, 530, 0, 0, 0
32651, 550, 0, 0, 0
32751, 500, 0, 0, 0
32851, 530, 0, 0, 0
32951, 600, 0, 0, 0
33051, 520, 0, 0, 0
33151, 570, 0, 0, 0
33252, 460, 0, 0, 0
33352, 450, 0, 0, 0
33452, 470, 0, 0, 0
33552, 520, 0, 0, 0
33652, 490, 0, 0, 0
33751, 585, 0, 0, 0
33851, 530, 0, 0, 0
33951, 510, 0, 0, 0
34051, 520, 0, 0, 0
34151, 560, 0, 0, 0
34251, 470, 0, 0, 0
34351, 510, 0, 0, 0
34451, 510, 0, 0, 0
34551, 540, 0, 0, 0
34651, 440, 0, 0, 0
34751, 530, 0, 0, 0
34851, 520, 0, 0, 0
34951, 570, 0, 0, 0
35051, 540, 0, 0, 0
35151, 460, 0, 0, 0
35252, 510, 0, 0, 0
35352, 520, 0, 0, 0
35452, 440, 0, 0, 0
35552, 480, 0, 0, 0
35652, 480, 0, 0, 0
35751, 494, 0, 0, 0
35851, 470, 0, 0, 0
35951, 520, 0, 0, 0
36051, 500, 0, 0, 0
36151, 470, 0, 0, 0
36251, 470, 0, 0, 0
36351, 480, 0, 0, 0
36451, 500, 0, 0, 0
36551, 490, 0, 0, 0
36651, 480, 0, 0, 0
36751, 460, 0, 0, 0
36851, 500, 0, 0, 0
36951, 530, 0, 0, 0
37051, 470, 0, 0, 0
37151, 490, 0, 0, 0
37252, 480, 0, 0, 0
37352, 470, 0, 0, 0
37452, 490, 0, 0, 0
37552, 440, 0, 0, 0
37652, 490, 0, 0, 0
37751, 464, 0, 0, 0
37851, 470, 0, 0, 0
37951, 530, 0, 0, 0
38051, 540, 0, 0, 0
38151, 510, 0, 0, 0
38251, 520, 0, 0, 0
38351, 500, 0, 0, 0
38451, 540, 0, 0, 0
38551, 470, 0, 0, 0
38651, 530, 0, 0, 0
38751, 530, 0, 0, 0
38851, 460, 0, 0, 0
38951, 510, 0, 0, 0
39052, 480, 0, 0, 0
39152, 510, 0, 0, 0
39252, 460, 0, 0, 0
39352, 440, 0, 0, 0
39452, 480, 0, 0, 0
39552, 500, 0, 0, 0
39652, 500, 0, 0, 0
39751, 484, 0, 0, 0
39851, 470, 0, 0, 0
39951, 510, 0, 0, 0
40051, 510, 0, 0, 0
40151, 480, 0, 0, 0
40251, 450, 0, 0, 0
40351, 470, 0, 0, 0
40451, 490, 0, 0, 0
40551, 520, 0, 0, 0
40651, 550, 0, 0, 0
40752, 510, 0, 0, 0
40852, 450, 0, 0, 0
40952, 490, 0, 0, 0
41052, 530, 0, 0, 0
41152, 530, 0, 0, 0
41251, 515, 0, 0, 0
41351, 510, 0, 0, 0
41451, 540, 0, 0, 0
41551, 570, 0, 0, 0
41651, 490, 0, 0, 0
41751, 540, 0, 0, 0
41851, 550, 0, 0, 0
41951, 500, 0, 0, 0
42051, 500, 0, 0, 0
42151, 530, 0, 0, 0
42251, 520, 0, 0, 0
42351, 500, 0, 0, 0
42451, 480, 0, 0, 0
42551, 470, 0, 0, 0
42652, 470, 0, 0, 0
42752, 450, 0, 0, 0
42852, 480, 0, 0, 0
42952, 490, 0, 0, 0
43052, 480, 0, 0, 0
43152, 490, 0, 0, 0
43251, 474, 0, 0, 0
43351, 460, 0, 0, 0
43451, 500, 0, 0, 0
43551, 520, 0, 0, 0
43651, 530, 0, 0, 0
43751, 460, 0, 0, 0
43851, 490, 0, 0, 0
43951, 550, 0, 0, 0
44051, 560, 0, 0, 0
44151, 490, 0, 0, 0
44251, 580, 0, 0, 0
44351, 500, 0, 0, 0
44451, 480, 0, 0, 0
44552, 520, 0, 0, 0
44652, 510, 0, 0, 0
44752, 480, 0, 0, 0
44852, 470, 0, 0, 0
44952, 470, 0, 0, 0
45052, 440, 0, 0, 0
45152, 500, 0, 0, 0
45251, 474, 0, 0, 0
45351, 430, 0, 0, 0
45451, 520, 0, 0, 0
45551, 470, 0, 0, 0
45651, 530, 0, 0, 0
45751, 460, 0, 0, 0
45851, 530, 0, 0, 0
45951, 500, 0, 0, 0
46051, 510, 0, 0, 0
46151, 480, 0, 0, 0
46252, 530, 0, 0, 0
46352, 500, 0, 0, 0
46452, 470, 0, 0, 0
46552, 440, 0, 0, 0
46652, 460, 0, 0, 0
46751, 505, 0, 0, 0
46851, 460, 0, 0, 0
46951, 460, 0, 0, 0
47051, 470, 0, 0, 0
47151, 460, 0, 0, 0
47251, 530, 0, 0, 0
47351, 490, 0, 0, 0
47451, 430, 0, 0, 0
47551, 490, 0, 0, 0
47651, 500, 0, 0, 0
47751, 420, 0, 0, 0
47851, 470, 0, 0, 0
47951, 450, 0, 0, 0
48051, 430, 0, 0, 0
48151, 450, 0, 0, 0
48252, 480, 0, 0, 0
48352, 450, 0, 0, 0
48452, 460, 0, 0, 0
48552, 490, 0, 0, 0
48652, 480, 0, 0, 0
48752, 510, 0, 0, 0
48852, 500, 0, 0, 0
48952, 540, 0, 0, 0
49052, 430, 0, 0, 0
49152, 500, 0, 0, 0
49251, 474, 0, 0, 0
49351, 460, 0, 0, 0
49451, 490, 0, 0, 0
49551, 520, 0, 0, 0
49651, 500, 0, 0, 0
49751, 580, 0, 0, 0
49851, 440, 0, 0, 0
49951, 520, 0, 0, 0
50051, 450, 0, 0, 0
50151, 490, 0, 0, 0
50251, 450, 0, 0, 0
50351, 500, 0, 0, 0
50451, 460, 0, 0, 0
50552, 530, 0, 0, 0
50652, 430, 0, 0, 0
50752, 520, 0, 0, 0
50852, 550, 0, 0, 0
50952, 500, 0, 0, 0
51052, 470, 0, 0, 0
51152, 470, 0, 0, 0
51251, 464, 0, 0, 0
51351, 480, 0, 0, 0
51451, 430, 0, 0, 0
51551, 480, 0, 0, 0
51651, 510, 0, 0, 0
51751, 460, 0, 0, 0
51851, 440, 0, 0, 0
51951, 480, 0, 0, 0
52051, 480, 0, 0, 0
52151, 450, 0, 0, 0
52251, 470, 0, 0, 0
52351, 510, 0, 0, 0
52452, 470, 0, 0, 0
52552, 560, 0, 0, 0
52652, 530, 0, 0, 0
52752, 510, 0, 0, 0
52852, 470, 0, 0, 0
52952, 490, 0, 0, 0
53052, 500, 0, 0, 0
53152, 620, 0, 0, 0
53251, 525, 0, 0, 0
53351, 440, 0, 0, 0
53451, 490, 0, 0, 0
53551, 460, 0, 0, 0
53651, 520, 0, 0, 0
53751, 460, 0, 0, 0
53851, 480, 0, 0, 0
53951, 500, 0, 0, 0
54051, 520, 0, 0, 0
54151, 490, 0, 0, 0
54251, 500, 0, 0, 0
54351, 440, 0, 0, 0
54451, 490, 0, 0, 0
54552, 480, 0, 0, 0
54652, 430, 0, 0, 0
54752, 490, 0, 0, 0
54852, 470, 0, 0, 0
54952, 510, 0, 0, 0
55052, 520, 0, 0, 0
55152, 500, 0, 0, 0
55251, 474, 0, 0, 0
55351, 460, 0, 0, 0
55451, 510, 0, 0, 0
55551, 480, 0, 0, 0
55651, 480, 0, 0, 0
55751, 490, 0, 0, 0
55851, 520, 0, 0, 0
55951, 530, 0, 0, 0
56051, 460, 0, 0, 0
56151, 490, 0, 0, 0
56252, 480, 0, 0, 0
56352, 490, 0, 0, 0
56452, 490, 0, 0, 0
56552, 510, 0, 0, 0
56652, 460, 0, 0, 0
56751, 525, 0, 0, 0
56851, 460, 0, 0, 0
56951, 480, 0, 0, 0
57051, 530, 0, 0, 0
57151, 420, 0, 0, 0
57251, 510, 0, 0, 0
57351, 530, 0, 0, 0
57451, 470, 0, 0, 0
57551, 500, 0, 0, 0
57651, 490, 0, 0, 0
57751, 510, 0, 0, 0
57851, 450, 0, 0, 0
57951, 470, 0, 0, 0
58052, 500, 0, 0, 0
58152, 510, 0, 0, 0
58252, 480, 0, 0, 0
58352, 500, 0, 0, 0
58452, 580, 0, 0, 0
58552, 530, 0, 0, 0
58652, 470, 0, 0, 0
58751, 474, 0, 0, 0
58851, 540, 0, 0, 0
58951, 500, 0, 0, 0
59051, 510, 0, 0, 0
59151, 550, 0, 0, 0
59251, 420, 0, 0, 0
59351, 560, 0, 0, 0
59451, 500, 0, 0, 0
59551, 470, 0, 0, 0
59651, 470, 0, 0, 0
59752, 540, 0, 0, 0
59852, 530, 0, 0, 0
59952, 500, 0, 0, 0
