250, 724, 0, 0, 0
350, 730, 0, 0, 0
450, 650, 0, 0, 0
550, 730, 0, 0, 0
650, 870, 0, 0, 0
749, 808, 0, 0, 0
849, 760, 0, 0, 0
949, 690, 0, 0, 0
1049, 680, 0, 0, 0
1149, 770, 0, 0, 0
1249, 780, 0, 0, 0
1349, 670, 0, 0, 0
1450, 740, 0, 0, 0
1550, 700, 0, 0, 0
1650, 680, 0, 0, 0
1749, 737, 0, 0, 0
1849, 740, 0, 0, 0
1949, 700, 0, 0, 0
2049, 770, 0, 0, 0
2149, 790, 0, 0, 0
2249, 750, 0, 0, 0
2349, 730, 0, 0, 0
2449, 750, 0, 0, 0
2549, 690, 0, 0, 0
2649, 720, 0, 0, 0
2750, 740, 0, 0, 0
2850, 730, 0, 0, 0
2950, 760, 0, 0, 0
3050, 730, 0, 0, 0
3150, 760, 0, 0, 0
3249, 717, 0, 0, 0
3349, 740, 0, 0, 0
3449, 820, 0, 0, 0
3549, 760, 0, 0, 0
3649, 780, 0, 0, 0
3749, 820, 0, 0, 0
3849, 790, 0, 0, 0
3949, 740, 0, 0, 0
4049, 710, 0, 0, 0
4149, 760, 0, 0, 0
4250, 660, 0, 0, 0
4350, 720, 0, 0, 0
4450, 820, 0, 0, 0
4550, 760, 0, 0, 0
4650, 820, 0, 0, 0
4749, 707, 0, 0, 0
4849, 710, 0, 0, 0
4949, 880, 0, 0, 0
5049, 830, 0, 0, 0
5149, 770, 0, 0, 0
5249, 760, 0, 0, 0
5349, 820, 0, 0, 0
5449, 850, 0, 0, 0
5550, 790, 0, 0, 0
5650, 760, 0, 0, 0
5749, 797, 0, 0, 0
5849, 850, 0, 0, 0
5949, 800, 0, 0, 0
6049, 750, 0, 0, 0
6149, 820, 0, 0, 0
6249, 830, 0, 0, 0
6349, 760, 0, 0, 0
6449, 760, 0, 0, 0
6549, 750, 0, 0, 0
6649, 820, 0, 0, 0
6749, 820, 0, 0, 0
6849, 800, 0, 0, 0
6950, 720, 0, 0, 0
7050, 790, 0, 0, 0
7150, 760, 0, 0, 0
7249, 848, 0, 0, 0
7349, 750, 0, 0, 0
7449, 710, 0, 0, 0
7549, 780, 0, 0, 0
7649, 800, 0, 0, 0
7749, 830, 0, 0, 0
7849, 750, 0, 0, 0
7949, 810, 0, 0, 0
8049, 880, 0, 0, 0
8149, 830, 0, 0, 0
8250, 780, 0, 0, 0
8350, 830, 0, 0, 0
8450, 840, 0, 0, 0
8550, 760, 0, 0, 0
8650, 840, 0, 0, 0
8749, 818, 0, 0, 0
8849, 780, 0, 0, 0
8949, 780, 0, 0, 0
9049, 750, 0, 0, 0
9149, 740, 0, 0, 0
9249, 790, 0, 0, 0
9349, 800, 0, 0, 0
9449, 780, 0, 0, 0
9550, 810, 0, 0, 0
9650, 760, 0, 0, 0
9749, 767, 0, 0, 0
9849, 790, 0, 0, 0
9949, 750, 0, 0, 0
10049, 780, 0, 0, 0
10149, 760, 0, 0, 0
10249, 800, 0, 0, 0
10349, 780, 0, 0, 0
10449, 760, 0, 0, 0
10549, 760, 0, 0, 0
10649, 830, 0, 0, 0
10749, 850, 0, 0, 0
10849, 770, 0, 0, 0
10949, 750, 0, 0, 0
11050, 780, 0, 0, 0
11150, 830, 0, 0, 0
11249, 838, 0, 0, 0
11349, 830, 0, 0, 0
11449, 850, 0, 0, 0
11549, 820, 0, 0, 0
11649, 800, 0, 0, 0
11750, 760, 0, 0, 0
11850, 870, 0, 0, 0
11950, 850, 0, 0, 0
12050, 900, 0, 0, 0
12150, 830, 0, 0, 0
12249, 858, 0, 0, 0
12349, 890, 0, 0, 0
12449, 810, 0, 0, 0
12549, 770, 0, 0, 0
12649, 720, 0, 0, 0
12749, 800, 0, 0, 0
12849, 840, 0, 0, 0
12949, 800, 0, 0, 0
13050, 830, 0, 0, 0
13150, 840, 0, 0, 0
13249, 757, 0, 0, 0
13349, 790, 0, 0, 0
13449, 840, 0, 0, 0
13549, 830, 0, 0, 0
13649, 800, 0, 0, 0
13749, 890, 0, 0, 0
13849, 870, 0, 0, 0
13949, 830, 0, 0, 0
14049, 740, 0, 0, 0
14149, 760, 0, 0, 0
14249, 800, 0, 0, 0
14349, 840, 0, 0, 0
14450, 820, 0, 0, 0
14550, 860, 0, 0, 0
14650, 840, 0, 0, 0
14749, 818, 0, 0, 0
14849, 930, 0, 0, 0
14949, 880, 0, 0, 0
15049, 850, 0, 0, 0
15149, 880, 0, 0, 0
15249, 870, 0, 0, 0
15349, 780, 0, 0, 0
15449, 940, 0, 0, 0
15549, 870, 0, 0, 0
15649, 810, 0, 0, 0
15750, 900, 0, 0, 0
15850, 890, 0, 0, 0
15950, 890, 0, 0, 0
16050, 780, 0, 0, 0
16150, 850, 0, 0, 0
16249, 909, 0, 0, 0
16349, 810, 0, 0, 0
16449, 770, 0, 0, 0
16549, 880, 0, 0, 0
16649, 900, 0, 0, 0
16749, 790, 0, 0, 0
16849, 910, 0, 0, 0
16949, 840, 0, 0, 0
17049, 830, 0, 0, 0
17150, 820, 0, 0, 0
17249, 838, 0, 0, 0
17349, 790, 0, 0, 0
17449, 880, 0, 0, 0
17549, 840, 0, 0, 0
17649, 860, 0, 0, 0
17749, 840, 0, 0, 0
17849, 880, 0, 0, 0
17949, 950, 0, 0, 0
18049, 820, 0, 0, 0
18149, 800, 0, 0, 0
18249, 770, 0, 0, 0
18349, 800, 0, 0, 0
18450, 800, 0, 0, 0
18550, 840, 0, 0, 0
18650, 850, 0, 0, 0
18749, 919, 0, 0, 0
18849, 870, 0, 0, 0
18949, 920, 0, 0, 0
19049, 820, 0, 0, 0
19149, 880, 0, 0, 0
19249, 870, 0, 0, 0
19349, 910, 0, 0, 0
19449, 870, 0, 0, 0
19549, 840, 0, 0, 0
19649, 890, 0, 0, 0
19750, 900, 0, 0, 0
19850, 890, 0, 0, 0
19950, 730, 0, 0, 0
20050, 810, 0, 0, 0
20150, 890, 0, 0, 0
20249, 767, 0, 0, 0
20349, 750, 0, 0, 0
20449, 820, 0, 0, 0
20549, 850, 0, 0, 0
20649, 890, 0, 0, 0
20749, 860, 0, 0, 0
20849, 820, 0, 0, 0
20949, 750, 0, 0, 0
21049, 770, 0, 0, 0
21149, 780, 0, 0, 0
21250, 840, 0, 0, 0
21350, 810, 0, 0, 0
21450, 770, 0, 0, 0
21550, 820, 0, 0, 0
21650, 790, 0, 0, 0
21749, 777, 0, 0, 0
21849, 770, 0, 0, 0
21949, 750, 0, 0, 0
22049, 750, 0, 0, 0
22149, 850, 0, 0, 0
22249, 870, 0, 0, 0
22349, 850, 0, 0, 0
22449, 800, 0, 0, 0
22550, 830, 0, 0, 0
22650, 800, 0, 0, 0
22749, 919, 0, 0, 0
22849, 920, 0, 0, 0
22949, 870, 0, 0, 0
23049, 930, 0, 0, 0
23149, 820, 0, 0, 0
23249, 910, 0, 0, 0
23349, 850, 0, 0, 0
23449, 830, 0, 0, 0
23549, 920, 0, 0, 0
23649, 860, 0, 0, 0
23749, 890, 0, 0, 0
23849, 890, 0, 0, 0
23949, 890, 0, 0, 0
24050, 810, 0, 0, 0
24150, 820, 0, 0, 0
24249, 858, 0, 0, 0
24349, 750, 0, 0, 0
24449, 780, 0, 0, 0
24549, 890, 0, 0, 0
24649, 810, 0, 0, 0
24749, 800, 0, 0, 0
24849, 800, 0, 0, 0
24949, 800, 0, 0, 0
25049, 850, 0, 0, 0
25149, 850, 0, 0, 0
25250, 900, 0, 0, 0
25350, 850, 0, 0, 0
25450, 920, 0, 0, 0
25550, 830, 0, 0, 0
25650, 880, 0, 0, 0
25749, 949, 0, 0, 0
25849, 840, 0, 0, 0
25949, 860, 0, 0, 0
26049, 900, 0, 0, 0
26149, 840, 0, 0, 0
26249, 930, 0, 0, 0
26349, 860, 0, 0, 0
26449, 890, 0, 0, 0
26549, 830, 0, 0, 0
26650, 730, 0, 0, 0
26749, 888, 0, 0, 0
26849, 870, 0, 0, 0
26949, 840, 0, 0, 0
27049, 790, 0, 0, 0
27149, 840, 0, 0, 0
27249, 780, 0, 0, 0
27349, 910, 0, 0, 0
27449, 870, 0, 0, 0
27549, 900, 0, 0, 0
27649, 900, 0, 0, 0
27749, 890, 0, 0, 0
27849, 930, 0, 0, 0
27950, 870, 0, 0, 0
28050, 920, 0, 0, 0
28150, 900, 0, 0, 0
28249, 818, 0, 0, 0
28349, 890, 0, 0, 0
28449, 920, 0, 0, 0
28549, 780, 0, 0, 0
28649, 890, 0, 0, 0
28749, 880, 0, 0, 0
28849, 870, 0, 0, 0
28949, 890, 0, 0, 0
29049, 900, 0, 0, 0
29149, 850, 0, 0, 0
29249, 850, 0, 0, 0
29350, 800, 0, 0, 0
29450, 890, 0, 0, 0
29550, 830, 0, 0, 0
29650, 940, 0, 0, 0
29749, 828, 0, 0, 0
29849, 830, 0, 0, 0
29949, 930, 0, 0, 0
30049, 880, 0, 0, 0
30149, 910, 0, 0, 0
30249, 960, 0, 0, 0
30349, 900, 0, 0, 0
30449, 880, 0, 0, 0
30549, 930, 0, 0, 0
30649, 840, 0, 0, 0
30750, 770, 0, 0, 0
30850, 950, 0, 0, 0
30950, 900, 0, 0, 0
31050, 880, 0, 0, 0
31150, 870, 0, 0, 0
31249, 848, 0, 0, 0
31349, 980, 0, 0, 0
31449, 870, 0, 0, 0
31549, 920, 0, 0, 0
31649, 800, 0, 0, 0
31749, 850, 0, 0, 0
31849, 890, 0, 0, 0
31949, 880, 0, 0, 0
32050, 970, 0, 0, 0
32150, 950, 0, 0, 0
32249, 808, 0, 0, 0
32349, 820, 0, 0, 0
32449, 940, 0, 0, 0
32549, 850, 0, 0, 0
32649, 880, 0, 0, 0
32749, 880, 0, 0, 0
32849, 1000, 0, 0, 0
32949, 810, 0, 0, 0
33049, 850, 0, 0, 0
33149, 850, 0, 0, 0
33249, 840, 0, 0, 0
33349, 860, 0, 0, 0
33449, 910, 0, 0, 0
33550, 890, 0, 0, 0
33650, 940, 0, 0, 0
33749, 939, 0, 0, 0
33849, 890, 0, 0, 0
33949, 930, 0, 0, 0
34049, 910, 0, 0, 0
34149, 950, 0, 0, 0
34249, 860, 0, 0, 0
34349, 880, 0, 0, 0
34449, 860, 0, 0, 0
34549, 900, 0, 0, 0
34649, 870, 0, 0, 0
34750, 840, 0, 0, 0
34850, 920, 0, 0, 0
34950, 830, 0, 0, 0
35050, 820, 0, 0, 0
35150, 840, 0, 0, 0
35249, 757, 0, 0, 0
35349, 920, 0, 0, 0
35449, 810, 0, 0, 0
35549, 870, 0, 0, 0
35649, 910, 0, 0, 0
35749, 990, 0, 0, 0
35849, 880, 0, 0, 0
35949, 850, 0, 0, 0
36049, 910, 0, 0, 0
36150, 810, 0, 0, 0
36249, 848, 0, 0, 0
36349, 840, 0, 0, 0
36449, 900, 0, 0, 0
36549, 890, 0, 0, 0
36649, 820, 0, 0, 0
36749, 840, 0, 0, 0
36849, 830, 0, 0, 0
36949, 840, 0, 0, 0
37049, 830, 0, 0, 0
37149, 850, 0, 0, 0
37249, 910, 0, 0, 0
37349, 850, 0, 0, 0
37449, 770, 0, 0, 0
37550, 800, 0, 0, 0
37650, 860, 0, 0, 0
37749, 868, 0, 0, 0
37849, 800, 0, 0, 0
37949, 830, 0, 0, 0
38049, 810, 0, 0, 0
38149, 830, 0, 0, 0
38249, 860, 0, 0, 0
38349, 770, 0, 0, 0
38449, 800, 0, 0, 0
38549, 820, 0, 0, 0
38649, 860, 0, 0, 0
38750, 840, 0, 0, 0
38850, 880, 0, 0, 0
38950, 930, 0, 0, 0
39050, 980, 0, 0, 0
39150, 810, 0, 0, 0
39249, 898, 0, 0, 0
39349, 920, 0, 0, 0
39449, 920, 0, 0, 0
39549, 1000, 0, 0, 0
39649, 960, 0, 0, 0
39749, 820, 0, 0, 0
39849, 890, 0, 0, 0
39949, 890, 0, 0, 0
40050, 820, 0, 0, 0
40150, 980, 0, 0, 0
40249, 929, 0, 0, 0
40349, 910, 0, 0, 0
40449, 930, 0, 0, 0
40549, 1010, 0, 0, 0
40649, 1010, 0, 0, 0
40749, 930, 0, 0, 0
40849, 860, 0, 0, 0
40949, 970, 0, 0, 0
41049, 940, 0, 0, 0
41149, 870, 0, 0, 0
41250, 850, 0, 0, 0
41350, 810, 0, 0, 0
41450, 850, 0, 0, 0
41550, 840, 0, 0, 0
41650, 930, 0, 0, 0
41749, 868, 0, 0, 0
41849, 890, 0, 0, 0
41949, 760, 0, 0, 0
42049, 750, 0, 0, 0
42149, 950, 0, 0, 0
42249, 940, 0, 0, 0
42350, 920, 0, 0, 0
42450, 940, 0, 0, 0
42550, 890, 0, 0, 0
42650, 940, 0, 0, 0
42749, 919, 0, 0, 0
42849, 850, 0, 0, 0
42949, 990, 0, 0, 0
43049, 950, 0, 0, 0
43149, 860, 0, 0, 0
43249, 870, 0, 0, 0
43349, 860, 0, 0, 0
43449, 960, 0, 0, 0
43550, 880, 0, 0, 0
43650, 890, 0, 0, 0
43749, 898, 0, 0, 0
43849, 890, 0, 0, 0
43949, 920, 0, 0, 0
44049, 860, 0, 0, 0
44149, 950, 0, 0, 0
44249, 960, 0, 0, 0
44349, 910, 0, 0, 0
44449, 950, 0, 0, 0
44549, 950, 0, 0, 0
44649, 920, 0, 0, 0
44750, 880, 0, 0, 0
44850, 970, 0, 0, 0
44950, 910, 0, 0, 0
45050, 910, 0, 0, 0
45150, 930, 0, 0, 0
45249, 919, 0, 0, 0
45349, 820, 0, 0, 0
45449, 880, 0, 0, 0
45549, 850, 0, 0, 0
45649, 830, 0, 0, 0
45749, 910, 0, 0, 0
45849, 950, 0, 0, 0
45949, 900, 0, 0, 0
46050, 880, 0, 0, 0
46150, 860, 0, 0, 0
46249, 878, 0, 0, 0
46349, 840, 0, 0, 0
46449, 850, 0, 0, 0
46549, 1000, 0, 0, 0
46649, 870, 0, 0, 0
46749, 920, 0, 0, 0
46849, 910, 0, 0, 0
46949, 890, 0, 0, 0
47049, 900, 0, 0, 0
47149, 880, 0, 0, 0
47250, 850, 0, 0, 0
47350, 900, 0, 0, 0
47450, 890, 0, 0, 0
47550, 930, 0, 0, 0
47650, 940, 0, 0, 0
47749, 909, 0, 0, 0
47849, 990, 0, 0, 0
47949, 940, 0, 0, 0
48049, 800, 0, 0, 0
48149, 980, 0, 0, 0
48249, 950, 0, 0, 0
48349, 850, 0, 0, 0
48450, 870, 0, 0, 0
48550, 980, 0, 0, 0
48650, 930, 0, 0, 0
48749, 878, 0, 0, 0
48849, 860, 0, 0, 0
48949, 960, 0, 0, 0
49049, 880, 0, 0, 0
49149, 920, 0, 0, 0
49249, 970, 0, 0, 0
49349, 960, 0, 0, 0
49449, 980, 0, 0, 0
49549, 920, 0, 0, 0
49650, 840, 0, 0, 0
49750, 890, 0, 0, 0
49850, 930, 0, 0, 0
49950, 880, 0, 0, 0
50050, 940, 0, 0, 0
50150, 940, 0, 0, 0
50249, 949, 0, 0, 0
50349, 870, 0, 0, 0
50449, 930, 0, 0, 0
50549, 960, 0, 0, 0
50649, 950, 0, 0, 0
50749, 950, 0, 0, 0
50850, 970, 0, 0, 0
50950, 960, 0, 0, 0
51050, 920, 0, 0, 0
51150, 880, 0, 0, 0
51249, 949, 0, 0, 0
51349, 900, 0, 0, 0
51449, 870, 0, 0, 0
51549, 910, 0, 0, 0
51649, 880, 0, 0, 0
51749, 950, 0, 0, 0
51849, 800, 0, 0, 0
51949, 910, 0, 0, 0
52049, 880, 0, 0, 0
52150, 970, 0, 0, 0
52249, 939, 0, 0, 0
52349, 920, 0, 0, 0
52449, 950, 0, 0, 0
52549, 940, 0, 0, 0
52649, 1000, 0, 0, 0
52749, 940, 0, 0, 0
52849, 990, 0, 0, 0
52949, 910, 0, 0, 0
53049, 890, 0, 0, 0
53149, 930, 0, 0, 0
53249, 980, 0, 0, 0
53350, 820, 0, 0, 0
53450, 970, 0, 0, 0
53550, 780, 0, 0, 0
53650, 820, 0, 0, 0
53749, 898, 0, 0, 0
53849, 930, 0, 0, 0
53949, 870, 0, 0, 0
54049, 920, 0, 0, 0
54149, 810, 0, 0, 0
54249, 940, 0, 0, 0
54349, 920, 0, 0, 0
54449, 930, 0, 0, 0
54549, 910, 0, 0, 0
54649, 1000, 0, 0, 0
54750, 960, 0, 0, 0
54850, 950, 0, 0, 0
54950, 990, 0, 0, 0
55050, 870, 0, 0, 0
55150, 910, 0, 0, 0
55249, 959, 0, 0, 0
55349, 900, 0, 0, 0
55449, 930, 0, 0, 0
55549, 1050, 0, 0, 0
55649, 870, 0, 0, 0
55749, 940, 0, 0, 0
55849, 800, 0, 0, 0
55949, 900, 0, 0, 0
56050, 890, 0, 0, 0
56150, 1000, 0, 0, 0
56249, 868, 0, 0, 0
56349, 910, 0, 0, 0
56449, 900, 0, 0, 0
56549, 860, 0, 0, 0
56649, 970, 0, 0, 0
56749, 900, 0, 0, 0
56849, 920, 0, 0, 0
56949, 970, 0, 0, 0
57049, 920, 0, 0, 0
57149, 900, 0, 0, 0
57249, 920, 0, 0, 0
57350, 870, 0, 0, 0
57450, 880, 0, 0, 0
57550, 850, 0, 0, 0
57650, 870, 0, 0, 0
57749, 898, 0, 0, 0
57849, 990, 0, 0, 0
57949, 920, 0, 0, 0
58049, 940, 0, 0, 0
58149, 860, 0, 0, 0
58249, 900, 0, 0, 0
58349, 970, 0, 0, 0
58449, 920, 0, 0, 0
58549, 900, 0, 0, 0
58649, 920, 0, 0, 0
58750, 910, 0, 0, 0
58850, 910, 0, 0, 0
58950, 960, 0, 0, 0
59050, 910, 0, 0, 0
59150, 940, 0, 0, 0
59249, 929, 0, 0, 0
59349, 960, 0, 0, 0
59449, 1000, 0, 0, 0
59549, 950, 0, 0, 0
59649, 960, 0, 0, 0
59749, 1000, 0, 0, 0
59849, 920, 0, 0, 0
59949, 910, 0, 0, 0
