100, 11865433, 0, 0, 0
200, 8514089, 0, 0, 0
300, 7122455, 0, 0, 0
400, 10037986, 0, 0, 0
500, 9270088, 0, 0, 0
601, 6720858, 0, 0, 0
700, 6246646, 0, 0, 0
800, 8271421, 0, 0, 0
901, 7484541, 0, 0, 0
1000, 9385837, 0, 0, 0
1100, 5829327, 0, 0, 0
1200, 9604398, 0, 0, 0
1300, 10849946, 0, 0, 0
1400, 7926423, 0, 0, 0
1500, 6396910, 0, 0, 0
1600, 7773497, 0, 0, 0
1700, 8711320, 0, 0, 0
1800, 11171419, 0, 0, 0
1900, 5412802, 0, 0, 0
2000, 9006120, 0, 0, 0
2100, 5795369, 0, 0, 0
2200, 9465692, 0, 0, 0
2300, 8906219, 0, 0, 0
2400, 7777991, 0, 0, 0
2501, 7093616, 0, 0, 0
2600, 6296620, 0, 0, 0
2701, 4036345, 0, 0, 0
2800, 7879309, 0, 0, 0
2900, 6907744, 0, 0, 0
3000, 6224057, 0, 0, 0
3100, 7463227, 0, 0, 0
3200, 7405847, 0, 0, 0
3300, 12963109, 0, 0, 0
3400, 9616274, 0, 0, 0
3501, 6021572, 0, 0, 0
3601, 6279574, 0, 0, 0
3700, 7189041, 0, 0, 0
3800, 6843451, 0, 0, 0
3900, 6090613, 0, 0, 0
4025, 6058518, 0, 0, 0
4100, 15520912, 0, 0, 0
4200, 6881782, 0, 0, 0
4300, 6371549, 0, 0, 0
4400, 9214406, 0, 0, 0
4500, 6917951, 0, 0, 0
4600, 8819505, 0, 0, 0
4700, 7014816, 0, 0, 0
4800, 7855353, 0, 0, 0
4900, 7319721, 0, 0, 0
5000, 6558791, 0, 0, 0
5100, 6761643, 0, 0, 0
5201, 5074378, 0, 0, 0
5300, 11404446, 0, 0, 0
5400, 7294904, 0, 0, 0
5500, 8240729, 0, 0, 0
5600, 10898814, 0, 0, 0
5700, 7417343, 0, 0, 0
5800, 5740198, 0, 0, 0
5900, 8386850, 0, 0, 0
6000, 9840782, 0, 0, 0
6100, 6694266, 0, 0, 0
6200, 2948655, 0, 0, 0
6300, 8707765, 0, 0, 0
6400, 6919109, 0, 0, 0
6500, 10494758, 0, 0, 0
6600, 5336561, 0, 0, 0
6700, 9423813, 0, 0, 0
6800, 7429152, 0, 0, 0
6901, 7008805, 0, 0, 0
7000, 5018911, 0, 0, 0
7100, 9084973, 0, 0, 0
7200, 9258925, 0, 0, 0
7300, 7533322, 0, 0, 0
7400, 8028521, 0, 0, 0
7501, 8626753, 0, 0, 0
7600, 7241470, 0, 0, 0
7700, 8546296, 0, 0, 0
7800, 7789402, 0, 0, 0
7900, 7175840, 0, 0, 0
8000, 6500695, 0, 0, 0
8100, 8368980, 0, 0, 0
8200, 5721876, 0, 0, 0
8300, 6610397, 0, 0, 0
8400, 6515920, 0, 0, 0
8500, 7010870, 0, 0, 0
8600, 5491974, 0, 0, 0
8700, 8522394, 0, 0, 0
8800, 6680195, 0, 0, 0
8900, 9039682, 0, 0, 0
9000, 6928758, 0, 0, 0
9101, 7064718, 0, 0, 0
9200, 8074914, 0, 0, 0
9300, 7061454, 0, 0, 0
9400, 8312086, 0, 0, 0
9500, 7366992, 0, 0, 0
9603, 5231559, 0, 0, 0
9700, 9721841, 0, 0, 0
9800, 6551561, 0, 0, 0
9900, 9095409, 0, 0, 0
10000, 7570447, 0, 0, 0
10100, 6891925, 0, 0, 0
10200, 6957914, 0, 0, 0
10300, 7129487, 0, 0, 0
10400, 7110784, 0, 0, 0
10500, 7731447, 0, 0, 0
10600, 7976082, 0, 0, 0
10700, 9364354, 0, 0, 0
10800, 7913106, 0, 0, 0
10900, 6156079, 0, 0, 0
11000, 7836289, 0, 0, 0
11100, 8322565, 0, 0, 0
11200, 6021442, 0, 0, 0
11300, 6891326, 0, 0, 0
11400, 8248449, 0, 0, 0
11500, 6432598, 0, 0, 0
11600, 5809579, 0, 0, 0
11700, 9279348, 0, 0, 0
11800, 6583608, 0, 0, 0
11900, 6917996, 0, 0, 0
12000, 6893006, 0, 0, 0
12100, 7326780, 0, 0, 0
12200, 7805377, 0, 0, 0
12301, 6389788, 0, 0, 0
12400, 8480688, 0, 0, 0
12500, 7609318, 0, 0, 0
12601, 6499232, 0, 0, 0
12700, 9519945, 0, 0, 0
12800, 8125953, 0, 0, 0
12900, 8414324, 0, 0, 0
13000, 7041672, 0, 0, 0
13100, 5129976, 0, 0, 0
13201, 5494000, 0, 0, 0
13300, 5000404, 0, 0, 0
13401, 6385034, 0, 0, 0
13500, 9247600, 0, 0, 0
13600, 7957853, 0, 0, 0
13700, 6774218, 0, 0, 0
13800, 8423368, 0, 0, 0
13900, 6565916, 0, 0, 0
14000, 7125421, 0, 0, 0
14100, 6816263, 0, 0, 0
14200, 6935192, 0, 0, 0
14300, 6825499, 0, 0, 0
14400, 5234232, 0, 0, 0
14500, 7518245, 0, 0, 0
14600, 6087592, 0, 0, 0
14700, 11511432, 0, 0, 0
14800, 5763730, 0, 0, 0
14900, 5534305, 0, 0, 0
15000, 5280335, 0, 0, 0
15100, 7503252, 0, 0, 0
15201, 9952560, 0, 0, 0
15300, 8834949, 0, 0, 0
15400, 7551567, 0, 0, 0
15500, 6512669, 0, 0, 0
15600, 8865580, 0, 0, 0
15700, 6713114, 0, 0, 0
15800, 8923876, 0, 0, 0
15900, 8043469, 0, 0, 0
16000, 6565113, 0, 0, 0
16101, 6922786, 0, 0, 0
16200, 10872617, 0, 0, 0
16300, 8632091, 0, 0, 0
16400, 6978530, 0, 0, 0
16500, 7238131, 0, 0, 0
16600, 7768059, 0, 0, 0
16700, 8185078, 0, 0, 0
16800, 10085497, 0, 0, 0
16900, 7496812, 0, 0, 0
17000, 8213502, 0, 0, 0
17100, 6914413, 0, 0, 0
17200, 5425890, 0, 0, 0
17300, 6185986, 0, 0, 0
17400, 7816587, 0, 0, 0
17500, 6257613, 0, 0, 0
17600, 8270301, 0, 0, 0
17700, 9933279, 0, 0, 0
17800, 6908762, 0, 0, 0
17900, 9876092, 0, 0, 0
18000, 7877077, 0, 0, 0
18100, 8095046, 0, 0, 0
18200, 9925024, 0, 0, 0
18300, 5796415, 0, 0, 0
18400, 9230000, 0, 0, 0
18500, 7050118, 0, 0, 0
18600, 7748503, 0, 0, 0
18700, 10066734, 0, 0, 0
18800, 9639319, 0, 0, 0
18900, 6763208, 0, 0, 0
19000, 13406574, 0, 0, 0
19100, 7581654, 0, 0, 0
19200, 5466555, 0, 0, 0
19300, 8906390, 0, 0, 0
19400, 8572558, 0, 0, 0
19500, 7574791, 0, 0, 0
19600, 6270310, 0, 0, 0
19700, 12611376, 0, 0, 0
19800, 8448223, 0, 0, 0
19900, 8391679, 0, 0, 0
20000, 11605081, 0, 0, 0
20100, 7666194, 0, 0, 0
20200, 8923673, 0, 0, 0
20300, 10251953, 0, 0, 0
20400, 7357553, 0, 0, 0
20500, 5757441, 0, 0, 0
20600, 9110790, 0, 0, 0
20701, 9916771, 0, 0, 0
20800, 10883121, 0, 0, 0
20900, 9012746, 0, 0, 0
21000, 9105709, 0, 0, 0
21100, 9942185, 0, 0, 0
21200, 7201925, 0, 0, 0
21300, 9491829, 0, 0, 0
21400, 8519578, 0, 0, 0
21500, 7772203, 0, 0, 0
21600, 8091462, 0, 0, 0
21700, 8485649, 0, 0, 0
21800, 6600605, 0, 0, 0
21900, 7314785, 0, 0, 0
22002, 9502085, 0, 0, 0
22100, 9004190, 0, 0, 0
22200, 7309345, 0, 0, 0
22300, 8527398, 0, 0, 0
22400, 8105355, 0, 0, 0
22500, 7768007, 0, 0, 0
22600, 9399324, 0, 0, 0
22700, 9090719, 0, 0, 0
22800, 8104264, 0, 0, 0
22904, 7672726, 0, 0, 0
23000, 10311529, 0, 0, 0
23100, 9459377, 0, 0, 0
23200, 9219769, 0, 0, 0
23300, 9891514, 0, 0, 0
23400, 6900858, 0, 0, 0
23500, 10125349, 0, 0, 0
23602, 8466271, 0, 0, 0
23700, 9556860, 0, 0, 0
23800, 8805205, 0, 0, 0
23900, 8917265, 0, 0, 0
24000, 9447310, 0, 0, 0
24101, 8079840, 0, 0, 0
24200, 7877776, 0, 0, 0
24300, 7252876, 0, 0, 0
24405, 7862911, 0, 0, 0
24501, 7550083, 0, 0, 0
24603, 9409652, 0, 0, 0
24700, 9331666, 0, 0, 0
24800, 8437852, 0, 0, 0
24900, 7343975, 0, 0, 0
25000, 8605942, 0, 0, 0
25101, 8338053, 0, 0, 0
25200, 10898623, 0, 0, 0
25300, 7353641, 0, 0, 0
25400, 9662167, 0, 0, 0
25500, 7845115, 0, 0, 0
25600, 10129083, 0, 0, 0
25700, 7603940, 0, 0, 0
25801, 12460960, 0, 0, 0
25900, 9635825, 0, 0, 0
26000, 8768827, 0, 0, 0
26101, 10068388, 0, 0, 0
26200, 8453485, 0, 0, 0
26300, 9939604, 0, 0, 0
26400, 8191219, 0, 0, 0
26500, 9064004, 0, 0, 0
26600, 8043107, 0, 0, 0
26701, 7941989, 0, 0, 0
26804, 8484750, 0, 0, 0
26900, 9965706, 0, 0, 0
27000, 8163457, 0, 0, 0
27100, 9115113, 0, 0, 0
27200, 10769236, 0, 0, 0
27300, 7198369, 0, 0, 0
27400, 9807089, 0, 0, 0
27501, 11138440, 0, 0, 0
27600, 7642238, 0, 0, 0
27701, 8575307, 0, 0, 0
27800, 9763157, 0, 0, 0
27900, 5759336, 0, 0, 0
28000, 8468108, 0, 0, 0
28100, 7609745, 0, 0, 0
28200, 7770926, 0, 0, 0
28300, 9418794, 0, 0, 0
28400, 7587908, 0, 0, 0
28500, 9411281, 0, 0, 0
28600, 9499542, 0, 0, 0
28702, 8647455, 0, 0, 0
28800, 9914397, 0, 0, 0
28900, 9818573, 0, 0, 0
29001, 9675480, 0, 0, 0
29100, 8471846, 0, 0, 0
29200, 7987537, 0, 0, 0
29300, 8431758, 0, 0, 0
29401, 11336792, 0, 0, 0
29500, 9127469, 0, 0, 0
29600, 9618461, 0, 0, 0
29701, 8385360, 0, 0, 0
29800, 9686261, 0, 0, 0
29900, 8612296, 0, 0, 0
30000, 6695949, 0, 0, 0
30100, 7383508, 0, 0, 0
30200, 8638083, 0, 0, 0
30300, 9498314, 0, 0, 0
30400, 7988802, 0, 0, 0
30500, 7043200, 0, 0, 0
30600, 7879466, 0, 0, 0
30700, 6490631, 0, 0, 0
30800, 6411822, 0, 0, 0
30900, 7800441, 0, 0, 0
31000, 7882045, 0, 0, 0
31100, 8307498, 0, 0, 0
31200, 9475635, 0, 0, 0
31300, 8701385, 0, 0, 0
31400, 9428747, 0, 0, 0
31502, 8082934, 0, 0, 0
31600, 10212593, 0, 0, 0
31700, 7249612, 0, 0, 0
31800, 9206422, 0, 0, 0
31900, 7326823, 0, 0, 0
32000, 9507663, 0, 0, 0
32101, 10734549, 0, 0, 0
32200, 9952395, 0, 0, 0
32300, 8805822, 0, 0, 0
32400, 6580326, 0, 0, 0
32500, 10206691, 0, 0, 0
32600, 8352875, 0, 0, 0
32700, 8142653, 0, 0, 0
32800, 11386661, 0, 0, 0
32901, 9056043, 0, 0, 0
33000, 7069602, 0, 0, 0
33101, 9736479, 0, 0, 0
33200, 8407351, 0, 0, 0
33300, 6973798, 0, 0, 0
33400, 10189819, 0, 0, 0
33500, 7703262, 0, 0, 0
33600, 5542152, 0, 0, 0
33700, 8231008, 0, 0, 0
33800, 10514485, 0, 0, 0
33900, 9300925, 0, 0, 0
34000, 6908646, 0, 0, 0
34100, 8069065, 0, 0, 0
34200, 6502658, 0, 0, 0
34300, 13173900, 0, 0, 0
34400, 9172444, 0, 0, 0
34500, 8456974, 0, 0, 0
34601, 8004243, 0, 0, 0
34700, 8498655, 0, 0, 0
34802, 7830762, 0, 0, 0
34900, 9667476, 0, 0, 0
35000, 7492171, 0, 0, 0
35101, 7449786, 0, 0, 0
35200, 10715321, 0, 0, 0
35300, 7623445, 0, 0, 0
35400, 7988553, 0, 0, 0
35500, 8223517, 0, 0, 0
35600, 9658079, 0, 0, 0
35702, 7842787, 0, 0, 0
35800, 10401900, 0, 0, 0
35900, 9096415, 0, 0, 0
36000, 9510692, 0, 0, 0
36100, 6926272, 0, 0, 0
36200, 6537793, 0, 0, 0
36300, 6907385, 0, 0, 0
36400, 12001131, 0, 0, 0
36500, 12305660, 0, 0, 0
36600, 9592744, 0, 0, 0
36700, 9632201, 0, 0, 0
36800, 7144000, 0, 0, 0
36900, 8772171, 0, 0, 0
37000, 8623788, 0, 0, 0
37100, 7473771, 0, 0, 0
37200, 8807209, 0, 0, 0
37300, 8001159, 0, 0, 0
37400, 8772950, 0, 0, 0
37500, 7158413, 0, 0, 0
37600, 10496381, 0, 0, 0
37700, 8080015, 0, 0, 0
37800, 7317090, 0, 0, 0
37900, 11542232, 0, 0, 0
38000, 7902499, 0, 0, 0
38100, 12132762, 0, 0, 0
38201, 10653792, 0, 0, 0
38301, 12376908, 0, 0, 0
38400, 10946071, 0, 0, 0
38500, 11436895, 0, 0, 0
38600, 10966826, 0, 0, 0
38700, 11374445, 0, 0, 0
38800, 11452495, 0, 0, 0
38900, 9636128, 0, 0, 0
39000, 6945282, 0, 0, 0
39100, 11419990, 0, 0, 0
39200, 6832550, 0, 0, 0
39300, 7416535, 0, 0, 0
39400, 6692147, 0, 0, 0
39500, 8052221, 0, 0, 0
39600, 10656007, 0, 0, 0
39700, 9384376, 0, 0, 0
39800, 9839432, 0, 0, 0
39900, 7480311, 0, 0, 0
40001, 11502561, 0, 0, 0
40100, 10294087, 0, 0, 0
40200, 8965659, 0, 0, 0
40300, 9168060, 0, 0, 0
40400, 7939707, 0, 0, 0
40500, 8760064, 0, 0, 0
40600, 10368391, 0, 0, 0
40700, 7345814, 0, 0, 0
40800, 7110367, 0, 0, 0
40900, 8035845, 0, 0, 0
41001, 7169340, 0, 0, 0
41100, 8727338, 0, 0, 0
41200, 7736289, 0, 0, 0
41300, 8043653, 0, 0, 0
41400, 8085427, 0, 0, 0
41500, 6464238, 0, 0, 0
41601, 9930545, 0, 0, 0
41700, 8025495, 0, 0, 0
41800, 7495364, 0, 0, 0
41900, 9669848, 0, 0, 0
42000, 9381973, 0, 0, 0
42100, 9213023, 0, 0, 0
42200, 8818541, 0, 0, 0
42300, 8814013, 0, 0, 0
42400, 9932543, 0, 0, 0
42500, 9690329, 0, 0, 0
42600, 8395596, 0, 0, 0
42700, 9634392, 0, 0, 0
42800, 8739438, 0, 0, 0
42900, 10548068, 0, 0, 0
43000, 10914193, 0, 0, 0
43100, 9997637, 0, 0, 0
43200, 7585127, 0, 0, 0
43300, 8389744, 0, 0, 0
43400, 8975172, 0, 0, 0
43500, 5944369, 0, 0, 0
43600, 7362218, 0, 0, 0
43700, 9759536, 0, 0, 0
43800, 8218725, 0, 0, 0
43900, 9381777, 0, 0, 0
44000, 8586127, 0, 0, 0
44100, 7930681, 0, 0, 0
44201, 8203479, 0, 0, 0
44300, 7115748, 0, 0, 0
44401, 7842097, 0, 0, 0
44500, 9298101, 0, 0, 0
44600, 8613177, 0, 0, 0
44700, 8438532, 0, 0, 0
44800, 7920177, 0, 0, 0
44900, 11652123, 0, 0, 0
45002, 8794195, 0, 0, 0
45100, 7730169, 0, 0, 0
45200, 6187709, 0, 0, 0
45301, 9542714, 0, 0, 0
45401, 12076258, 0, 0, 0
45500, 8032129, 0, 0, 0
45600, 6678504, 0, 0, 0
45700, 18288307, 0, 0, 0
45801, 7493498, 0, 0, 0
45903, 7351170, 0, 0, 0
46000, 13875910, 0, 0, 0
46100, 9429735, 0, 0, 0
46200, 7137682, 0, 0, 0
46300, 9402478, 0, 0, 0
46400, 8146040, 0, 0, 0
46500, 8060473, 0, 0, 0
46600, 8541801, 0, 0, 0
46700, 7488506, 0, 0, 0
46800, 7555093, 0, 0, 0
46900, 10543384, 0, 0, 0
47000, 9045542, 0, 0, 0
47100, 8159578, 0, 0, 0
47200, 10963560, 0, 0, 0
47301, 7384590, 0, 0, 0
47400, 8341704, 0, 0, 0
47500, 7649057, 0, 0, 0
47600, 10175638, 0, 0, 0
47700, 8494971, 0, 0, 0
47800, 7396060, 0, 0, 0
47900, 6504561, 0, 0, 0
48000, 9443818, 0, 0, 0
48100, 9631305, 0, 0, 0
48200, 11862004, 0, 0, 0
48300, 13024027, 0, 0, 0
48400, 10999418, 0, 0, 0
48502, 11307904, 0, 0, 0
48600, 9454712, 0, 0, 0
48700, 9196286, 0, 0, 0
48800, 9924495, 0, 0, 0
48901, 9838104, 0, 0, 0
49000, 8706932, 0, 0, 0
49101, 9170059, 0, 0, 0
49200, 7352968, 0, 0, 0
49300, 10091099, 0, 0, 0
49402, 9057530, 0, 0, 0
49500, 6868543, 0, 0, 0
49600, 7700512, 0, 0, 0
49700, 9050395, 0, 0, 0
49800, 10052937, 0, 0, 0
49900, 9246978, 0, 0, 0
50000, 8707015, 0, 0, 0
50100, 8822812, 0, 0, 0
50200, 8503002, 0, 0, 0
50302, 8614927, 0, 0, 0
50400, 8917049, 0, 0, 0
50501, 9408013, 0, 0, 0
50600, 9321159, 0, 0, 0
50701, 11164767, 0, 0, 0
50800, 8038159, 0, 0, 0
50900, 7926355, 0, 0, 0
51000, 6773171, 0, 0, 0
51100, 8898128, 0, 0, 0
51200, 9618532, 0, 0, 0
51300, 9143761, 0, 0, 0
51400, 9331919, 0, 0, 0
51500, 9747062, 0, 0, 0
51600, 8774779, 0, 0, 0
51700, 8452113, 0, 0, 0
51800, 8108972, 0, 0, 0
51900, 8699475, 0, 0, 0
52000, 9539578, 0, 0, 0
52100, 9365373, 0, 0, 0
52200, 7921945, 0, 0, 0
52300, 9176854, 0, 0, 0
52401, 7900907, 0, 0, 0
52500, 7468044, 0, 0, 0
52600, 9325659, 0, 0, 0
52700, 8627650, 0, 0, 0
52801, 8805325, 0, 0, 0
52900, 9434431, 0, 0, 0
53000, 10457718, 0, 0, 0
53100, 8976247, 0, 0, 0
53200, 9455577, 0, 0, 0
53300, 7947857, 0, 0, 0
53401, 8439230, 0, 0, 0
53500, 8820911, 0, 0, 0
53601, 8370866, 0, 0, 0
53700, 9600871, 0, 0, 0
53801, 8477344, 0, 0, 0
53900, 10708585, 0, 0, 0
54000, 8409887, 0, 0, 0
54100, 9642368, 0, 0, 0
54201, 9847432, 0, 0, 0
54300, 8761260, 0, 0, 0
54402, 7464735, 0, 0, 0
54500, 9916512, 0, 0, 0
54600, 8015995, 0, 0, 0
54704, 9292252, 0, 0, 0
54800, 9967571, 0, 0, 0
54901, 10290700, 0, 0, 0
55000, 9337389, 0, 0, 0
55100, 8410324, 0, 0, 0
55200, 6281257, 0, 0, 0
55300, 8650856, 0, 0, 0
55401, 7534528, 0, 0, 0
55500, 9836893, 0, 0, 0
55600, 8309314, 0, 0, 0
55700, 9731526, 0, 0, 0
55800, 7411440, 0, 0, 0
55900, 9237389, 0, 0, 0
56000, 9931471, 0, 0, 0
56101, 10319559, 0, 0, 0
56200, 9474796, 0, 0, 0
56300, 8551470, 0, 0, 0
56400, 7836672, 0, 0, 0
56500, 7842075, 0, 0, 0
56600, 6963386, 0, 0, 0
56700, 10605123, 0, 0, 0
56800, 8640377, 0, 0, 0
56900, 7326101, 0, 0, 0
57000, 8186610, 0, 0, 0
57100, 8434774, 0, 0, 0
57200, 11508486, 0, 0, 0
57300, 7335712, 0, 0, 0
57400, 9348679, 0, 0, 0
57502, 10766657, 0, 0, 0
57600, 9746313, 0, 0, 0
57700, 10029533, 0, 0, 0
57800, 7731911, 0, 0, 0
57900, 8603742, 0, 0, 0
58000, 8915031, 0, 0, 0
58100, 9163923, 0, 0, 0
58201, 7465092, 0, 0, 0
58302, 11465584, 0, 0, 0
58400, 11620712, 0, 0, 0
58500, 6654121, 0, 0, 0
58601, 7729944, 0, 0, 0
58700, 9213229, 0, 0, 0
58800, 8202344, 0, 0, 0
58901, 8241406, 0, 0, 0
59000, 7589011, 0, 0, 0
59100, 9016203, 0, 0, 0
59200, 10253679, 0, 0, 0
59300, 7345324, 0, 0, 0
59400, 10719922, 0, 0, 0
59500, 8787800, 0, 0, 0
59600, 7916403, 0, 0, 0
59700, 6569971, 0, 0, 0
59800, 8029680, 0, 0, 0
59900, 6804472, 0, 0, 0
60000, 11619516, 0, 0, 0
60028, 70958599, 0, 0, 0
