104, 4979069, 0, 0, 0
201, 4417968, 0, 0, 0
302, 4203485, 0, 0, 0
400, 4073282, 0, 0, 0
504, 4956134, 0, 0, 0
600, 4790143, 0, 0, 0
701, 5059020, 0, 0, 0
802, 4544707, 0, 0, 0
900, 4930953, 0, 0, 0
1002, 5093532, 0, 0, 0
1104, 4411241, 0, 0, 0
1201, 4224282, 0, 0, 0
1302, 5049393, 0, 0, 0
1401, 4737777, 0, 0, 0
1500, 4273823, 0, 0, 0
1600, 4168181, 0, 0, 0
1704, 4736908, 0, 0, 0
1804, 4763053, 0, 0, 0
1903, 4944561, 0, 0, 0
2003, 4320874, 0, 0, 0
2105, 6391437, 0, 0, 0
2203, 6109687, 0, 0, 0
2305, 5355489, 0, 0, 0
2400, 5011826, 0, 0, 0
2507, 5635121, 0, 0, 0
2604, 5104514, 0, 0, 0
2708, 4315171, 0, 0, 0
2801, 4673701, 0, 0, 0
2907, 4428752, 0, 0, 0
3003, 4148110, 0, 0, 0
3103, 3717429, 0, 0, 0
3203, 4520582, 0, 0, 0
3301, 4687956, 0, 0, 0
3401, 4975237, 0, 0, 0
3503, 4440344, 0, 0, 0
3605, 5100113, 0, 0, 0
3702, 4823254, 0, 0, 0
3803, 5043589, 0, 0, 0
3902, 4724967, 0, 0, 0
4003, 4056317, 0, 0, 0
4103, 4329129, 0, 0, 0
4204, 5029069, 0, 0, 0
4301, 4070409, 0, 0, 0
4400, 4910988, 0, 0, 0
4506, 4644860, 0, 0, 0
4601, 3934106, 0, 0, 0
4708, 5333645, 0, 0, 0
4805, 5727479, 0, 0, 0
4904, 4280371, 0, 0, 0
5001, 3614356, 0, 0, 0
5100, 4951629, 0, 0, 0
5208, 4484371, 0, 0, 0
5302, 3476785, 0, 0, 0
5401, 4143747, 0, 0, 0
5502, 5016381, 0, 0, 0
5606, 4154013, 0, 0, 0
5708, 6419306, 0, 0, 0
5801, 4643168, 0, 0, 0
5900, 4507586, 0, 0, 0
6005, 4771110, 0, 0, 0
6103, 4627696, 0, 0, 0
6200, 4851334, 0, 0, 0
6303, 3830830, 0, 0, 0
6401, 6079846, 0, 0, 0
6503, 4863133, 0, 0, 0
6604, 4204734, 0, 0, 0
6704, 5029913, 0, 0, 0
6803, 5176431, 0, 0, 0
6904, 5345818, 0, 0, 0
7000, 4161242, 0, 0, 0
7103, 4301220, 0, 0, 0
7204, 5284376, 0, 0, 0
7304, 4341598, 0, 0, 0
7401, 4602194, 0, 0, 0
7502, 4422911, 0, 0, 0
7601, 5495516, 0, 0, 0
7701, 4551282, 0, 0, 0
7803, 4614571, 0, 0, 0
7900, 4839196, 0, 0, 0
8001, 4599582, 0, 0, 0
8104, 4884769, 0, 0, 0
8204, 5281222, 0, 0, 0
8301, 4049843, 0, 0, 0
8404, 4888004, 0, 0, 0
8501, 5358657, 0, 0, 0
8605, 3876284, 0, 0, 0
8701, 3429989, 0, 0, 0
8804, 4877897, 0, 0, 0
8908, 4711992, 0, 0, 0
9002, 3931411, 0, 0, 0
9100, 4081880, 0, 0, 0
9201, 4824896, 0, 0, 0
9302, 5561114, 0, 0, 0
9401, 4515003, 0, 0, 0
9504, 5738753, 0, 0, 0
9609, 4566330, 0, 0, 0
9701, 4176732, 0, 0, 0
9808, 5916866, 0, 0, 0
9903, 4514968, 0, 0, 0
10000, 5695769, 0, 0, 0
10102, 4459977, 0, 0, 0
10200, 4440453, 0, 0, 0
10305, 5539852, 0, 0, 0
10401, 4332485, 0, 0, 0
10503, 4243371, 0, 0, 0
10605, 4260606, 0, 0, 0
10701, 5350233, 0, 0, 0
10805, 5446431, 0, 0, 0
10901, 4564474, 0, 0, 0
11000, 4517521, 0, 0, 0
11105, 4568838, 0, 0, 0
11201, 5051971, 0, 0, 0
11304, 4466390, 0, 0, 0
11403, 4479617, 0, 0, 0
11501, 5187709, 0, 0, 0
11603, 4059550, 0, 0, 0
11709, 5069271, 0, 0, 0
11801, 4838982, 0, 0, 0
11900, 4711960, 0, 0, 0
12000, 4762386, 0, 0, 0
12101, 4197575, 0, 0, 0
12204, 4471521, 0, 0, 0
12304, 4529836, 0, 0, 0
12409, 4567731, 0, 0, 0
12501, 4395999, 0, 0, 0
12601, 3452264, 0, 0, 0
12701, 4974200, 0, 0, 0
12800, 4482498, 0, 0, 0
12904, 4541936, 0, 0, 0
13000, 5071023, 0, 0, 0
13103, 4290013, 0, 0, 0
13200, 4173061, 0, 0, 0
13304, 4731644, 0, 0, 0
13404, 5286163, 0, 0, 0
13502, 4877437, 0, 0, 0
13601, 4725990, 0, 0, 0
13703, 5343331, 0, 0, 0
13802, 4325511, 0, 0, 0
13901, 4915795, 0, 0, 0
14004, 4682796, 0, 0, 0
14103, 3986225, 0, 0, 0
14202, 4943018, 0, 0, 0
14301, 4496834, 0, 0, 0
14400, 4709268, 0, 0, 0
14503, 5139111, 0, 0, 0
14603, 4993129, 0, 0, 0
14700, 4394805, 0, 0, 0
14804, 4160239, 0, 0, 0
14905, 5038674, 0, 0, 0
15002, 4656503, 0, 0, 0
15100, 5114564, 0, 0, 0
15204, 5493924, 0, 0, 0
15303, 4293507, 0, 0, 0
15406, 4689601, 0, 0, 0
15503, 4421480, 0, 0, 0
15602, 4495741, 0, 0, 0
15705, 4454587, 0, 0, 0
15803, 4258208, 0, 0, 0
15900, 5098974, 0, 0, 0
16006, 4247651, 0, 0, 0
16103, 4849063, 0, 0, 0
16203, 3984634, 0, 0, 0
16303, 5036152, 0, 0, 0
16402, 4269440, 0, 0, 0
16507, 4576390, 0, 0, 0
16600, 4442339, 0, 0, 0
16700, 5869923, 0, 0, 0
16805, 4745427, 0, 0, 0
16904, 5512703, 0, 0, 0
17003, 4319669, 0, 0, 0
17103, 4534050, 0, 0, 0
17200, 4863042, 0, 0, 0
17302, 4394214, 0, 0, 0
17403, 4412097, 0, 0, 0
17503, 4165074, 0, 0, 0
17602, 5224364, 0, 0, 0
17700, 4415521, 0, 0, 0
17807, 5639978, 0, 0, 0
17903, 4806867, 0, 0, 0
18002, 4731540, 0, 0, 0
18104, 4619035, 0, 0, 0
18203, 5822734, 0, 0, 0
18303, 4333669, 0, 0, 0
18403, 5556249, 0, 0, 0
18501, 5432159, 0, 0, 0
18604, 6053347, 0, 0, 0
18701, 5725898, 0, 0, 0
18809, 4305594, 0, 0, 0
18904, 5012957, 0, 0, 0
19002, 4068774, 0, 0, 0
19100, 4453155, 0, 0, 0
19203, 4464537, 0, 0, 0
19303, 5585148, 0, 0, 0
19401, 5400834, 0, 0, 0
19500, 4988007, 0, 0, 0
19600, 5866220, 0, 0, 0
19702, 4639281, 0, 0, 0
19802, 4981495, 0, 0, 0
19900, 4453290, 0, 0, 0
20003, 5132012, 0, 0, 0
20107, 4348095, 0, 0, 0
20200, 4645311, 0, 0, 0
20304, 4723295, 0, 0, 0
20401, 6030816, 0, 0, 0
20505, 4966167, 0, 0, 0
20601, 4570093, 0, 0, 0
20700, 4953776, 0, 0, 0
20800, 4329825, 0, 0, 0
20903, 4307018, 0, 0, 0
21003, 4345558, 0, 0, 0
21100, 4389935, 0, 0, 0
21204, 4745992, 0, 0, 0
21302, 3903305, 0, 0, 0
21403, 4387461, 0, 0, 0
21502, 4298553, 0, 0, 0
21606, 4959718, 0, 0, 0
21706, 4976753, 0, 0, 0
21803, 5440997, 0, 0, 0
21903, 4160189, 0, 0, 0
22002, 4940478, 0, 0, 0
22103, 4390689, 0, 0, 0
22206, 5411884, 0, 0, 0
22308, 5332766, 0, 0, 0
22400, 4606177, 0, 0, 0
22503, 4472239, 0, 0, 0
22600, 4050263, 0, 0, 0
22703, 5749119, 0, 0, 0
22804, 4803053, 0, 0, 0
22901, 4390760, 0, 0, 0
23002, 5954246, 0, 0, 0
23104, 4403327, 0, 0, 0
23206, 4636487, 0, 0, 0
23300, 5237341, 0, 0, 0
23404, 4502062, 0, 0, 0
23501, 4850674, 0, 0, 0
23603, 5390313, 0, 0, 0
23704, 4796856, 0, 0, 0
23801, 4843072, 0, 0, 0
23902, 4825785, 0, 0, 0
24002, 4553517, 0, 0, 0
24102, 5236946, 0, 0, 0
24201, 4307045, 0, 0, 0
24313, 5333960, 0, 0, 0
24401, 4640984, 0, 0, 0
24500, 5450373, 0, 0, 0
24604, 3587064, 0, 0, 0
24702, 4898976, 0, 0, 0
24804, 4434272, 0, 0, 0
24903, 4736129, 0, 0, 0
25005, 3909508, 0, 0, 0
25107, 4430832, 0, 0, 0
25207, 3856739, 0, 0, 0
25303, 4545903, 0, 0, 0
25402, 4290552, 0, 0, 0
25504, 5113010, 0, 0, 0
25611, 4109976, 0, 0, 0
25700, 5562548, 0, 0, 0
25800, 4559840, 0, 0, 0
25901, 4202050, 0, 0, 0
26000, 5486078, 0, 0, 0
26102, 3763731, 0, 0, 0
26202, 4777333, 0, 0, 0
26304, 3934313, 0, 0, 0
26400, 4365185, 0, 0, 0
26501, 4385325, 0, 0, 0
26604, 5400014, 0, 0, 0
26705, 5066757, 0, 0, 0
26807, 4424597, 0, 0, 0
26902, 4979910, 0, 0, 0
27002, 4998373, 0, 0, 0
27101, 4307497, 0, 0, 0
27201, 4360006, 0, 0, 0
27305, 4299581, 0, 0, 0
27402, 4862865, 0, 0, 0
27500, 3618028, 0, 0, 0
27606, 5572287, 0, 0, 0
27702, 3995616, 0, 0, 0
27801, 5502921, 0, 0, 0
27900, 4313904, 0, 0, 0
28002, 4644299, 0, 0, 0
28100, 4889109, 0, 0, 0
28202, 5345173, 0, 0, 0
28300, 4674151, 0, 0, 0
28402, 4262812, 0, 0, 0
28502, 4145872, 0, 0, 0
28603, 5339042, 0, 0, 0
28700, 5373078, 0, 0, 0
28801, 4806858, 0, 0, 0
28908, 4638869, 0, 0, 0
29000, 4865748, 0, 0, 0
29100, 4723821, 0, 0, 0
29201, 4807861, 0, 0, 0
29307, 4608476, 0, 0, 0
29405, 4290970, 0, 0, 0
29500, 4504265, 0, 0, 0
29604, 4003733, 0, 0, 0
29706, 4847848, 0, 0, 0
29801, 5898496, 0, 0, 0
29901, 4025227, 0, 0, 0
30003, 4636144, 0, 0, 0
30100, 4618520, 0, 0, 0
30201, 5022588, 0, 0, 0
30304, 5179431, 0, 0, 0
30407, 5415894, 0, 0, 0
30509, 4853257, 0, 0, 0
30605, 6001724, 0, 0, 0
30700, 4300541, 0, 0, 0
30806, 4399468, 0, 0, 0
30902, 4188411, 0, 0, 0
31002, 4354107, 0, 0, 0
31101, 4948181, 0, 0, 0
31200, 4700937, 0, 0, 0
31304, 3978663, 0, 0, 0
31405, 4827125, 0, 0, 0
31505, 5259341, 0, 0, 0
31607, 4428828, 0, 0, 0
31701, 5219048, 0, 0, 0
31802, 5617460, 0, 0, 0
31900, 5136419, 0, 0, 0
32001, 3732944, 0, 0, 0
32104, 4505928, 0, 0, 0
32201, 4854124, 0, 0, 0
32300, 5174895, 0, 0, 0
32401, 4828958, 0, 0, 0
32501, 5516408, 0, 0, 0
32603, 4896311, 0, 0, 0
32703, 4350650, 0, 0, 0
32802, 4947559, 0, 0, 0
32906, 5732974, 0, 0, 0
33001, 5284892, 0, 0, 0
33105, 4947201, 0, 0, 0
33200, 3953281, 0, 0, 0
33300, 4370329, 0, 0, 0
33401, 5321418, 0, 0, 0
33502, 4011356, 0, 0, 0
33605, 4889732, 0, 0, 0
33703, 6572633, 0, 0, 0
33800, 4817947, 0, 0, 0
33902, 4436445, 0, 0, 0
34000, 4669045, 0, 0, 0
34105, 6166580, 0, 0, 0
34209, 4332339, 0, 0, 0
34303, 4939174, 0, 0, 0
34407, 4990273, 0, 0, 0
34504, 4819277, 0, 0, 0
34606, 4657001, 0, 0, 0
34709, 5717125, 0, 0, 0
34800, 4526301, 0, 0, 0
34903, 4501224, 0, 0, 0
35001, 5135330, 0, 0, 0
35111, 5011473, 0, 0, 0
35207, 4542364, 0, 0, 0
35303, 4367917, 0, 0, 0
35401, 5139266, 0, 0, 0
35500, 5204635, 0, 0, 0
35604, 3713886, 0, 0, 0
35703, 5253256, 0, 0, 0
35800, 4180746, 0, 0, 0
35903, 5158907, 0, 0, 0
36002, 4486522, 0, 0, 0
36101, 4524737, 0, 0, 0
36200, 5471340, 0, 0, 0
36305, 4788118, 0, 0, 0
36407, 6383991, 0, 0, 0
36501, 4455944, 0, 0, 0
36601, 4562287, 0, 0, 0
36704, 4678818, 0, 0, 0
36808, 4924792, 0, 0, 0
36900, 4837938, 0, 0, 0
37009, 4963086, 0, 0, 0
37102, 5184884, 0, 0, 0
37200, 4260901, 0, 0, 0
37305, 4736300, 0, 0, 0
37402, 5425191, 0, 0, 0
37501, 4113951, 0, 0, 0
37602, 4597926, 0, 0, 0
37709, 5908714, 0, 0, 0
37801, 4182273, 0, 0, 0
37902, 5033113, 0, 0, 0
38002, 4764772, 0, 0, 0
38105, 5185583, 0, 0, 0
38203, 6519131, 0, 0, 0
38302, 4484144, 0, 0, 0
38400, 4907068, 0, 0, 0
38501, 6276629, 0, 0, 0
38604, 5193495, 0, 0, 0
38707, 5141087, 0, 0, 0
38800, 4403943, 0, 0, 0
38902, 5376873, 0, 0, 0
39003, 5064790, 0, 0, 0
39102, 5201192, 0, 0, 0
39200, 5132514, 0, 0, 0
39303, 5153692, 0, 0, 0
39405, 5656756, 0, 0, 0
39503, 4659389, 0, 0, 0
39602, 4501731, 0, 0, 0
39700, 4068989, 0, 0, 0
39800, 5927689, 0, 0, 0
39900, 4155738, 0, 0, 0
40005, 4560986, 0, 0, 0
40104, 4467839, 0, 0, 0
40205, 4831409, 0, 0, 0
40303, 4882653, 0, 0, 0
40401, 5785042, 0, 0, 0
40503, 5108702, 0, 0, 0
40601, 5398439, 0, 0, 0
40700, 4966866, 0, 0, 0
40803, 5744280, 0, 0, 0
40902, 4490530, 0, 0, 0
41002, 4998077, 0, 0, 0
41100, 5420258, 0, 0, 0
41201, 6308610, 0, 0, 0
41300, 5216121, 0, 0, 0
41403, 5153259, 0, 0, 0
41503, 4995437, 0, 0, 0
41604, 5935575, 0, 0, 0
41705, 4585096, 0, 0, 0
41802, 4208545, 0, 0, 0
41903, 5606056, 0, 0, 0
42013, 5499575, 0, 0, 0
42106, 4890967, 0, 0, 0
42202, 5047309, 0, 0, 0
42307, 4776507, 0, 0, 0
42401, 5256019, 0, 0, 0
42502, 4378830, 0, 0, 0
42601, 4484069, 0, 0, 0
42702, 4611454, 0, 0, 0
42804, 4417118, 0, 0, 0
42900, 4807920, 0, 0, 0
43002, 5097486, 0, 0, 0
43102, 3991277, 0, 0, 0
43201, 5208605, 0, 0, 0
43300, 4505520, 0, 0, 0
43404, 4724484, 0, 0, 0
43501, 5077641, 0, 0, 0
43603, 6020522, 0, 0, 0
43701, 4678406, 0, 0, 0
43800, 4494199, 0, 0, 0
43902, 3924977, 0, 0, 0
44001, 5451377, 0, 0, 0
44102, 4209374, 0, 0, 0
44202, 6251742, 0, 0, 0
44301, 5824477, 0, 0, 0
44405, 5484501, 0, 0, 0
44504, 4486458, 0, 0, 0
44603, 4148487, 0, 0, 0
44702, 4697760, 0, 0, 0
44801, 3419620, 0, 0, 0
44903, 5660281, 0, 0, 0
45001, 4636508, 0, 0, 0
45103, 4255374, 0, 0, 0
45200, 4206384, 0, 0, 0
45305, 4805074, 0, 0, 0
45405, 4964170, 0, 0, 0
45508, 5418617, 0, 0, 0
45601, 4217275, 0, 0, 0
45701, 4790820, 0, 0, 0
45805, 3700746, 0, 0, 0
45900, 4501981, 0, 0, 0
46001, 4607955, 0, 0, 0
46101, 4340471, 0, 0, 0
46201, 4155896, 0, 0, 0
46304, 4292231, 0, 0, 0
46405, 4797296, 0, 0, 0
46504, 4506408, 0, 0, 0
46601, 4880094, 0, 0, 0
46700, 4459371, 0, 0, 0
46802, 4432826, 0, 0, 0
46901, 3827370, 0, 0, 0
47001, 4152768, 0, 0, 0
47100, 4730377, 0, 0, 0
47202, 5378084, 0, 0, 0
47305, 4098975, 0, 0, 0
47402, 4630949, 0, 0, 0
47501, 3409535, 0, 0, 0
47602, 5048432, 0, 0, 0
47701, 4291317, 0, 0, 0
47802, 4817561, 0, 0, 0
47906, 5740109, 0, 0, 0
48001, 4542505, 0, 0, 0
48101, 4772832, 0, 0, 0
48203, 5067358, 0, 0, 0
48302, 4500505, 0, 0, 0
48402, 4359389, 0, 0, 0
48504, 4421280, 0, 0, 0
48600, 4367175, 0, 0, 0
48704, 4521019, 0, 0, 0
48808, 5751969, 0, 0, 0
48905, 3743543, 0, 0, 0
49003, 4670752, 0, 0, 0
49104, 5303387, 0, 0, 0
49201, 4412567, 0, 0, 0
49307, 4606703, 0, 0, 0
49406, 4128420, 0, 0, 0
49502, 4347173, 0, 0, 0
49605, 4896681, 0, 0, 0
49702, 5119030, 0, 0, 0
49803, 4389128, 0, 0, 0
49907, 5213733, 0, 0, 0
50006, 5500152, 0, 0, 0
50100, 4268035, 0, 0, 0
50201, 4785573, 0, 0, 0
50302, 4812960, 0, 0, 0
50405, 4913169, 0, 0, 0
50507, 5990207, 0, 0, 0
50603, 4175361, 0, 0, 0
50706, 4873607, 0, 0, 0
50802, 4182404, 0, 0, 0
50904, 4643409, 0, 0, 0
51008, 5186889, 0, 0, 0
51101, 5795880, 0, 0, 0
51201, 5556993, 0, 0, 0
51305, 5202510, 0, 0, 0
51405, 4757153, 0, 0, 0
51506, 5337764, 0, 0, 0
51602, 4008507, 0, 0, 0
51701, 5174878, 0, 0, 0
51803, 5364165, 0, 0, 0
51905, 3939948, 0, 0, 0
52003, 4637161, 0, 0, 0
52103, 4749064, 0, 0, 0
52201, 4936734, 0, 0, 0
52304, 5108185, 0, 0, 0
52402, 5449865, 0, 0, 0
52504, 4643972, 0, 0, 0
52601, 5418264, 0, 0, 0
52707, 7050411, 0, 0, 0
52803, 5292216, 0, 0, 0
52901, 4269825, 0, 0, 0
53001, 5275540, 0, 0, 0
53100, 5194750, 0, 0, 0
53202, 6354261, 0, 0, 0
53300, 5165612, 0, 0, 0
53402, 4250157, 0, 0, 0
53500, 4450411, 0, 0, 0
53601, 4042388, 0, 0, 0
53703, 3775404, 0, 0, 0
53801, 5444045, 0, 0, 0
53902, 5032037, 0, 0, 0
54004, 4668903, 0, 0, 0
54100, 4549418, 0, 0, 0
54205, 4567672, 0, 0, 0
54304, 4495007, 0, 0, 0
54403, 5813243, 0, 0, 0
54504, 5925354, 0, 0, 0
54604, 4357319, 0, 0, 0
54700, 4794364, 0, 0, 0
54800, 4360336, 0, 0, 0
54905, 4971208, 0, 0, 0
55001, 4391402, 0, 0, 0
55100, 3954953, 0, 0, 0
55200, 4757226, 0, 0, 0
55300, 4355487, 0, 0, 0
55400, 5533297, 0, 0, 0
55500, 5000781, 0, 0, 0
55603, 4473773, 0, 0, 0
55700, 4839629, 0, 0, 0
55806, 4839522, 0, 0, 0
55902, 4529656, 0, 0, 0
56002, 5564187, 0, 0, 0
56101, 4523431, 0, 0, 0
56201, 4978630, 0, 0, 0
56303, 4413937, 0, 0, 0
56400, 5119761, 0, 0, 0
56500, 4186006, 0, 0, 0
56602, 4417191, 0, 0, 0
56702, 4994896, 0, 0, 0
56800, 4280099, 0, 0, 0
56902, 4631079, 0, 0, 0
57012, 4986279, 0, 0, 0
57101, 4917091, 0, 0, 0
57205, 4522173, 0, 0, 0
57300, 4543204, 0, 0, 0
57404, 4525557, 0, 0, 0
57503, 4479680, 0, 0, 0
57600, 4623929, 0, 0, 0
57707, 5342987, 0, 0, 0
57801, 4457752, 0, 0, 0
57904, 4676691, 0, 0, 0
58003, 5207541, 0, 0, 0
58100, 5424310, 0, 0, 0
58202, 5335384, 0, 0, 0
58304, 4885313, 0, 0, 0
58400, 4761964, 0, 0, 0
58501, 4058353, 0, 0, 0
58603, 4633038, 0, 0, 0
58702, 5471033, 0, 0, 0
58801, 4977463, 0, 0, 0
58902, 5312385, 0, 0, 0
59001, 4711333, 0, 0, 0
59102, 4380821, 0, 0, 0
59201, 4480710, 0, 0, 0
59304, 5139557, 0, 0, 0
59402, 4696776, 0, 0, 0
59504, 4608574, 0, 0, 0
59603, 3661172, 0, 0, 0
59700, 4867085, 0, 0, 0
59803, 4699450, 0, 0, 0
59900, 4586455, 0, 0, 0
60005, 4990145, 0, 0, 0
