250, 188, 0, 0, 0
350, 240, 0, 0, 0
450, 190, 0, 0, 0
550, 210, 0, 0, 0
650, 180, 0, 0, 0
749, 252, 0, 0, 0
849, 240, 0, 0, 0
949, 200, 0, 0, 0
1049, 170, 0, 0, 0
1149, 200, 0, 0, 0
1250, 180, 0, 0, 0
1350, 170, 0, 0, 0
1450, 210, 0, 0, 0
1550, 190, 0, 0, 0
1650, 280, 0, 0, 0
1749, 202, 0, 0, 0
1849, 200, 0, 0, 0
1949, 150, 0, 0, 0
2049, 260, 0, 0, 0
2149, 230, 0, 0, 0
2249, 210, 0, 0, 0
2349, 160, 0, 0, 0
2449, 210, 0, 0, 0
2550, 230, 0, 0, 0
2650, 190, 0, 0, 0
2749, 212, 0, 0, 0
2849, 240, 0, 0, 0
2949, 190, 0, 0, 0
3049, 190, 0, 0, 0
3149, 160, 0, 0, 0
3249, 190, 0, 0, 0
3349, 200, 0, 0, 0
3449, 210, 0, 0, 0
3549, 150, 0, 0, 0
3649, 200, 0, 0, 0
3750, 220, 0, 0, 0
3850, 220, 0, 0, 0
3950, 130, 0, 0, 0
4050, 160, 0, 0, 0
4150, 200, 0, 0, 0
4249, 262, 0, 0, 0
4349, 140, 0, 0, 0
4449, 210, 0, 0, 0
4549, 210, 0, 0, 0
4649, 170, 0, 0, 0
4749, 200, 0, 0, 0
4850, 160, 0, 0, 0
4950, 180, 0, 0, 0
5050, 270, 0, 0, 0
5150, 170, 0, 0, 0
5249, 202, 0, 0, 0
5349, 160, 0, 0, 0
5449, 160, 0, 0, 0
5549, 190, 0, 0, 0
5649, 250, 0, 0, 0
5749, 180, 0, 0, 0
5849, 240, 0, 0, 0
5949, 160, 0, 0, 0
6050, 190, 0, 0, 0
6150, 210, 0, 0, 0
6249, 212, 0, 0, 0
6349, 190, 0, 0, 0
6449, 230, 0, 0, 0
6549, 230, 0, 0, 0
6649, 210, 0, 0, 0
6749, 170, 0, 0, 0
6849, 210, 0, 0, 0
6949, 180, 0, 0, 0
7049, 190, 0, 0, 0
7149, 170, 0, 0, 0
7250, 250, 0, 0, 0
7350, 250, 0, 0, 0
7450, 270, 0, 0, 0
7550, 270, 0, 0, 0
7650, 190, 0, 0, 0
7749, 202, 0, 0, 0
7849, 150, 0, 0, 0
7949, 190, 0, 0, 0
8049, 220, 0, 0, 0
8149, 190, 0, 0, 0
8249, 190, 0, 0, 0
8350, 180, 0, 0, 0
8450, 210, 0, 0, 0
8550, 150, 0, 0, 0
8650, 180, 0, 0, 0
8749, 222, 0, 0, 0
8849, 180, 0, 0, 0
8949, 230, 0, 0, 0
9049, 180, 0, 0, 0
9149, 260, 0, 0, 0
9249, 170, 0, 0, 0
9350, 250, 0, 0, 0
9450, 220, 0, 0, 0
9550, 200, 0, 0, 0
9650, 230, 0, 0, 0
9749, 181, 0, 0, 0
9849, 160, 0, 0, 0
9949, 240, 0, 0, 0
10049, 200, 0, 0, 0
10149, 170, 0, 0, 0
10249, 270, 0, 0, 0
10349, 170, 0, 0, 0
10449, 150, 0, 0, 0
10550, 200, 0, 0, 0
10650, 180, 0, 0, 0
10749, 262, 0, 0, 0
10849, 230, 0, 0, 0
10949, 170, 0, 0, 0
11049, 170, 0, 0, 0
11149, 220, 0, 0, 0
11249, 230, 0, 0, 0
11349, 170, 0, 0, 0
11449, 250, 0, 0, 0
11549, 190, 0, 0, 0
11650, 180, 0, 0, 0
11749, 191, 0, 0, 0
11849, 190, 0, 0, 0
11949, 260, 0, 0, 0
12049, 190, 0, 0, 0
12149, 240, 0, 0, 0
12249, 290, 0, 0, 0
12349, 160, 0, 0, 0
12449, 180, 0, 0, 0
12549, 150, 0, 0, 0
12649, 290, 0, 0, 0
12750, 200, 0, 0, 0
12850, 190, 0, 0, 0
12950, 190, 0, 0, 0
13050, 290, 0, 0, 0
13150, 200, 0, 0, 0
13249, 202, 0, 0, 0
13349, 220, 0, 0, 0
13449, 220, 0, 0, 0
13549, 200, 0, 0, 0
13649, 230, 0, 0, 0
13749, 190, 0, 0, 0
13850, 160, 0, 0, 0
13950, 260, 0, 0, 0
14050, 210, 0, 0, 0
14150, 210, 0, 0, 0
14249, 111, 0, 0, 0
14349, 170, 0, 0, 0
14449, 240, 0, 0, 0
14549, 170, 0, 0, 0
14649, 300, 0, 0, 0
14749, 210, 0, 0, 0
14849, 210, 0, 0, 0
14950, 190, 0, 0, 0
15050, 210, 0, 0, 0
15150, 150, 0, 0, 0
15249, 191, 0, 0, 0
15349, 250, 0, 0, 0
15449, 190, 0, 0, 0
15549, 260, 0, 0, 0
15649, 190, 0, 0, 0
15749, 190, 0, 0, 0
15849, 230, 0, 0, 0
15949, 200, 0, 0, 0
16049, 170, 0, 0, 0
16149, 190, 0, 0, 0
16250, 210, 0, 0, 0
16350, 180, 0, 0, 0
16450, 210, 0, 0, 0
16550, 240, 0, 0, 0
16650, 200, 0, 0, 0
16749, 161, 0, 0, 0
16849, 160, 0, 0, 0
16949, 280, 0, 0, 0
17049, 200, 0, 0, 0
17149, 150, 0, 0, 0
17249, 230, 0, 0, 0
17349, 230, 0, 0, 0
17449, 160, 0, 0, 0
17550, 240, 0, 0, 0
17650, 200, 0, 0, 0
17749, 181, 0, 0, 0
17849, 240, 0, 0, 0
17949, 160, 0, 0, 0
18049, 160, 0, 0, 0
18149, 190, 0, 0, 0
18249, 190, 0, 0, 0
18349, 190, 0, 0, 0
18449, 200, 0, 0, 0
18549, 180, 0, 0, 0
18649, 150, 0, 0, 0
18750, 260, 0, 0, 0
18850, 260, 0, 0, 0
18950, 170, 0, 0, 0
19050, 100, 0, 0, 0
19150, 270, 0, 0, 0
19249, 212, 0, 0, 0
19349, 200, 0, 0, 0
19449, 220, 0, 0, 0
19549, 190, 0, 0, 0
19649, 190, 0, 0, 0
19749, 190, 0, 0, 0
19849, 190, 0, 0, 0
19949, 250, 0, 0, 0
20050, 180, 0, 0, 0
20150, 230, 0, 0, 0
20249, 232, 0, 0, 0
20349, 160, 0, 0, 0
20449, 200, 0, 0, 0
20549, 120, 0, 0, 0
20649, 250, 0, 0, 0
20749, 230, 0, 0, 0
20849, 180, 0, 0, 0
20949, 200, 0, 0, 0
21049, 160, 0, 0, 0
21149, 200, 0, 0, 0
21250, 170, 0, 0, 0
21350, 190, 0, 0, 0
21450, 190, 0, 0, 0
21550, 180, 0, 0, 0
21650, 230, 0, 0, 0
21749, 222, 0, 0, 0
21849, 160, 0, 0, 0
21949, 270, 0, 0, 0
22049, 210, 0, 0, 0
22149, 280, 0, 0, 0
22249, 170, 0, 0, 0
22349, 200, 0, 0, 0
22449, 110, 0, 0, 0
22550, 290, 0, 0, 0
22650, 200, 0, 0, 0
22749, 242, 0, 0, 0
22849, 190, 0, 0, 0
22949, 230, 0, 0, 0
23049, 230, 0, 0, 0
23149, 260, 0, 0, 0
23249, 160, 0, 0, 0
23349, 210, 0, 0, 0
23449, 200, 0, 0, 0
23549, 180, 0, 0, 0
23649, 250, 0, 0, 0
23750, 280, 0, 0, 0
23850, 220, 0, 0, 0
23950, 240, 0, 0, 0
24050, 170, 0, 0, 0
24150, 150, 0, 0, 0
24249, 202, 0, 0, 0
24349, 200, 0, 0, 0
24449, 150, 0, 0, 0
24549, 150, 0, 0, 0
24649, 200, 0, 0, 0
24749, 210, 0, 0, 0
24849, 190, 0, 0, 0
24950, 190, 0, 0, 0
25050, 240, 0, 0, 0
25150, 230, 0, 0, 0
25249, 252, 0, 0, 0
25349, 220, 0, 0, 0
25449, 170, 0, 0, 0
25549, 220, 0, 0, 0
25649, 270, 0, 0, 0
25749, 180, 0, 0, 0
25849, 170, 0, 0, 0
25949, 240, 0, 0, 0
26050, 240, 0, 0, 0
26150, 300, 0, 0, 0
26249, 191, 0, 0, 0
26349, 200, 0, 0, 0
26449, 160, 0, 0, 0
26549, 200, 0, 0, 0
26649, 140, 0, 0, 0
26749, 270, 0, 0, 0
26849, 190, 0, 0, 0
26949, 210, 0, 0, 0
27049, 190, 0, 0, 0
27149, 220, 0, 0, 0
27250, 170, 0, 0, 0
27350, 230, 0, 0, 0
27450, 160, 0, 0, 0
27550, 210, 0, 0, 0
27650, 190, 0, 0, 0
27749, 222, 0, 0, 0
27849, 190, 0, 0, 0
27949, 230, 0, 0, 0
28049, 160, 0, 0, 0
28149, 190, 0, 0, 0
28249, 200, 0, 0, 0
28349, 240, 0, 0, 0
28450, 190, 0, 0, 0
28550, 200, 0, 0, 0
28650, 190, 0, 0, 0
28749, 252, 0, 0, 0
28849, 210, 0, 0, 0
28949, 200, 0, 0, 0
29049, 180, 0, 0, 0
29149, 210, 0, 0, 0
29249, 170, 0, 0, 0
29349, 230, 0, 0, 0
29449, 230, 0, 0, 0
29549, 220, 0, 0, 0
29650, 190, 0, 0, 0
29749, 232, 0, 0, 0
29849, 160, 0, 0, 0
29949, 160, 0, 0, 0
30049, 200, 0, 0, 0
30149, 290, 0, 0, 0
30250, 170, 0, 0, 0
30350, 250, 0, 0, 0
30450, 270, 0, 0, 0
30550, 180, 0, 0, 0
30650, 210, 0, 0, 0
30749, 202, 0, 0, 0
30849, 260, 0, 0, 0
30949, 250, 0, 0, 0
31049, 190, 0, 0, 0
31149, 220, 0, 0, 0
31250, 200, 0, 0, 0
31350, 180, 0, 0, 0
31450, 270, 0, 0, 0
31550, 210, 0, 0, 0
31650, 270, 0, 0, 0
31749, 212, 0, 0, 0
31849, 230, 0, 0, 0
31949, 250, 0, 0, 0
32049, 290, 0, 0, 0
32149, 210, 0, 0, 0
32249, 170, 0, 0, 0
32349, 220, 0, 0, 0
32449, 200, 0, 0, 0
32550, 170, 0, 0, 0
32650, 240, 0, 0, 0
32749, 202, 0, 0, 0
32849, 240, 0, 0, 0
32949, 280, 0, 0, 0
33049, 220, 0, 0, 0
33149, 300, 0, 0, 0
33249, 230, 0, 0, 0
33349, 210, 0, 0, 0
33449, 170, 0, 0, 0
33550, 210, 0, 0, 0
33650, 180, 0, 0, 0
33749, 353, 0, 0, 0
33849, 220, 0, 0, 0
33949, 150, 0, 0, 0
34049, 250, 0, 0, 0
34149, 160, 0, 0, 0
34249, 180, 0, 0, 0
34349, 320, 0, 0, 0
34449, 250, 0, 0, 0
34549, 240, 0, 0, 0
34649, 150, 0, 0, 0
34750, 180, 0, 0, 0
34850, 220, 0, 0, 0
34950, 210, 0, 0, 0
35050, 180, 0, 0, 0
35150, 170, 0, 0, 0
35249, 191, 0, 0, 0
35349, 170, 0, 0, 0
35449, 240, 0, 0, 0
35549, 210, 0, 0, 0
35649, 210, 0, 0, 0
35749, 170, 0, 0, 0
35849, 280, 0, 0, 0
35949, 240, 0, 0, 0
36050, 160, 0, 0, 0
36150, 200, 0, 0, 0
36249, 242, 0, 0, 0
36349, 190, 0, 0, 0
36449, 250, 0, 0, 0
36549, 210, 0, 0, 0
36649, 180, 0, 0, 0
36749, 250, 0, 0, 0
36849, 150, 0, 0, 0
36950, 168, 0, 0, 0
37051, 140, 0, 0, 0
37151, 250, 0, 0, 0
37251, 220, 0, 0, 0
37351, 210, 0, 0, 0
37451, 180, 0, 0, 0
37551, 180, 0, 0, 0
37651, 200, 0, 0, 0
37751, 170, 0, 0, 0
37851, 240, 0, 0, 0
37951, 200, 0, 0, 0
38051, 220, 0, 0, 0
38151, 140, 0, 0, 0
38252, 210, 0, 0, 0
38352, 170, 0, 0, 0
38452, 180, 0, 0, 0
38552, 180, 0, 0, 0
38652, 340, 0, 0, 0
38752, 210, 0, 0, 0
38852, 180, 0, 0, 0
38952, 180, 0, 0, 0
39052, 120, 0, 0, 0
39152, 220, 0, 0, 0
39252, 200, 0, 0, 0
39352, 200, 0, 0, 0
39452, 210, 0, 0, 0
39553, 220, 0, 0, 0
39653, 220, 0, 0, 0
39753, 180, 0, 0, 0
39853, 220, 0, 0, 0
39953, 230, 0, 0, 0
40053, 170, 0, 0, 0
40153, 200, 0, 0, 0
40253, 230, 0, 0, 0
40353, 210, 0, 0, 0
40453, 160, 0, 0, 0
40553, 190, 0, 0, 0
40654, 180, 0, 0, 0
40754, 170, 0, 0, 0
40854, 150, 0, 0, 0
40954, 190, 0, 0, 0
41054, 160, 0, 0, 0
41154, 260, 0, 0, 0
41254, 270, 0, 0, 0
41354, 300, 0, 0, 0
41454, 190, 0, 0, 0
41554, 210, 0, 0, 0
41654, 170, 0, 0, 0
41755, 140, 0, 0, 0
41855, 230, 0, 0, 0
41955, 130, 0, 0, 0
42055, 280, 0, 0, 0
42155, 160, 0, 0, 0
42255, 170, 0, 0, 0
42355, 220, 0, 0, 0
42455, 220, 0, 0, 0
42555, 210, 0, 0, 0
42655, 270, 0, 0, 0
42755, 200, 0, 0, 0
42855, 230, 0, 0, 0
42956, 200, 0, 0, 0
43056, 220, 0, 0, 0
43156, 220, 0, 0, 0
43256, 160, 0, 0, 0
43356, 160, 0, 0, 0
43456, 140, 0, 0, 0
43556, 210, 0, 0, 0
43656, 180, 0, 0, 0
43756, 220, 0, 0, 0
43856, 210, 0, 0, 0
43956, 230, 0, 0, 0
44057, 240, 0, 0, 0
44157, 180, 0, 0, 0
44257, 140, 0, 0, 0
44357, 190, 0, 0, 0
44457, 150, 0, 0, 0
44557, 180, 0, 0, 0
44657, 100, 0, 0, 0
44757, 200, 0, 0, 0
44857, 170, 0, 0, 0
44957, 180, 0, 0, 0
45057, 150, 0, 0, 0
45158, 180, 0, 0, 0
45258, 200, 0, 0, 0
45358, 210, 0, 0, 0
45458, 150, 0, 0, 0
45558, 200, 0, 0, 0
45658, 140, 0, 0, 0
45758, 190, 0, 0, 0
45858, 220, 0, 0, 0
45958, 210, 0, 0, 0
46058, 200, 0, 0, 0
46158, 230, 0, 0, 0
46259, 200, 0, 0, 0
46359, 260, 0, 0, 0
46459, 170, 0, 0, 0
46559, 180, 0, 0, 0
46659, 180, 0, 0, 0
46759, 170, 0, 0, 0
46859, 250, 0, 0, 0
46959, 180, 0, 0, 0
47059, 250, 0, 0, 0
47159, 250, 0, 0, 0
47259, 150, 0, 0, 0
47360, 270, 0, 0, 0
47460, 200, 0, 0, 0
47560, 100, 0, 0, 0
47660, 140, 0, 0, 0
47760, 190, 0, 0, 0
47860, 290, 0, 0, 0
47960, 200, 0, 0, 0
48060, 160, 0, 0, 0
48160, 180, 0, 0, 0
48260, 190, 0, 0, 0
48360, 150, 0, 0, 0
48460, 200, 0, 0, 0
48561, 190, 0, 0, 0
48661, 170, 0, 0, 0
48761, 210, 0, 0, 0
48861, 180, 0, 0, 0
48961, 150, 0, 0, 0
49061, 180, 0, 0, 0
49161, 200, 0, 0, 0
49261, 220, 0, 0, 0
49361, 270, 0, 0, 0
49461, 220, 0, 0, 0
49561, 190, 0, 0, 0
49661, 220, 0, 0, 0
49762, 190, 0, 0, 0
49862, 160, 0, 0, 0
49962, 180, 0, 0, 0
50062, 210, 0, 0, 0
50162, 230, 0, 0, 0
50262, 170, 0, 0, 0
50362, 280, 0, 0, 0
50462, 220, 0, 0, 0
50562, 140, 0, 0, 0
50662, 170, 0, 0, 0
50762, 180, 0, 0, 0
50862, 200, 0, 0, 0
50963, 230, 0, 0, 0
51063, 230, 0, 0, 0
51163, 140, 0, 0, 0
51263, 220, 0, 0, 0
51363, 210, 0, 0, 0
51463, 230, 0, 0, 0
51563, 150, 0, 0, 0
51663, 160, 0, 0, 0
51763, 190, 0, 0, 0
51863, 200, 0, 0, 0
51963, 200, 0, 0, 0
52064, 140, 0, 0, 0
52164, 230, 0, 0, 0
52264, 240, 0, 0, 0
52364, 200, 0, 0, 0
52464, 200, 0, 0, 0
52564, 170, 0, 0, 0
52664, 220, 0, 0, 0
52764, 200, 0, 0, 0
52864, 150, 0, 0, 0
52964, 190, 0, 0, 0
53065, 250, 0, 0, 0
53165, 240, 0, 0, 0
53265, 200, 0, 0, 0
53365, 190, 0, 0, 0
53465, 200, 0, 0, 0
53565, 200, 0, 0, 0
53665, 230, 0, 0, 0
53765, 220, 0, 0, 0
53865, 230, 0, 0, 0
53965, 170, 0, 0, 0
54065, 200, 0, 0, 0
54165, 200, 0, 0, 0
54266, 230, 0, 0, 0
54366, 190, 0, 0, 0
54466, 230, 0, 0, 0
54566, 200, 0, 0, 0
54666, 170, 0, 0, 0
54766, 170, 0, 0, 0
54866, 180, 0, 0, 0
54966, 180, 0, 0, 0
55066, 150, 0, 0, 0
55166, 200, 0, 0, 0
55267, 220, 0, 0, 0
55367, 200, 0, 0, 0
55467, 100, 0, 0, 0
55567, 140, 0, 0, 0
55667, 200, 0, 0, 0
55767, 150, 0, 0, 0
55867, 130, 0, 0, 0
55967, 250, 0, 0, 0
56067, 190, 0, 0, 0
56167, 140, 0, 0, 0
56268, 170, 0, 0, 0
56368, 150, 0, 0, 0
56468, 170, 0, 0, 0
56568, 240, 0, 0, 0
56668, 170, 0, 0, 0
56768, 140, 0, 0, 0
56868, 130, 0, 0, 0
56968, 200, 0, 0, 0
57068, 190, 0, 0, 0
57168, 220, 0, 0, 0
57268, 220, 0, 0, 0
57368, 200, 0, 0, 0
57469, 190, 0, 0, 0
57569, 220, 0, 0, 0
57669, 240, 0, 0, 0
57769, 180, 0, 0, 0
57869, 150, 0, 0, 0
57969, 150, 0, 0, 0
58069, 130, 0, 0, 0
58169, 140, 0, 0, 0
58269, 180, 0, 0, 0
58369, 160, 0, 0, 0
58469, 190, 0, 0, 0
58570, 190, 0, 0, 0
58670, 180, 0, 0, 0
58770, 240, 0, 0, 0
58870, 190, 0, 0, 0
58970, 200, 0, 0, 0
59070, 130, 0, 0, 0
59170, 140, 0, 0, 0
59270, 230, 0, 0, 0
59370, 190, 0, 0, 0
59470, 210, 0, 0, 0
59570, 180, 0, 0, 0
59670, 260, 0, 0, 0
59771, 260, 0, 0, 0
59871, 190, 0, 0, 0
59971, 190, 0, 0, 0
