100, 6171, 0, 0, 0
201, 5638, 0, 0, 0
300, 6042, 0, 0, 0
400, 6419, 0, 0, 0
501, 6551, 0, 0, 0
600, 6562, 0, 0, 0
703, 6870, 0, 0, 0
800, 6806, 0, 0, 0
900, 5729, 0, 0, 0
1000, 5958, 0, 0, 0
1100, 6186, 0, 0, 0
1200, 6038, 0, 0, 0
1300, 6347, 0, 0, 0
1401, 6364, 0, 0, 0
1500, 6579, 0, 0, 0
1600, 6107, 0, 0, 0
1700, 6116, 0, 0, 0
1802, 6190, 0, 0, 0
1903, 6792, 0, 0, 0
2000, 6498, 0, 0, 0
2100, 5985, 0, 0, 0
2200, 6174, 0, 0, 0
2302, 6113, 0, 0, 0
2400, 6855, 0, 0, 0
2500, 6288, 0, 0, 0
2600, 6585, 0, 0, 0
2700, 6264, 0, 0, 0
2800, 6576, 0, 0, 0
2900, 6453, 0, 0, 0
3000, 6122, 0, 0, 0
3100, 5619, 0, 0, 0
3200, 6299, 0, 0, 0
3300, 6316, 0, 0, 0
3402, 6350, 0, 0, 0
3500, 6688, 0, 0, 0
3602, 6657, 0, 0, 0
3700, 6183, 0, 0, 0
3800, 5722, 0, 0, 0
3900, 6560, 0, 0, 0
4000, 6070, 0, 0, 0
4100, 6716, 0, 0, 0
4200, 6547, 0, 0, 0
4300, 6420, 0, 0, 0
4400, 6452, 0, 0, 0
4500, 6339, 0, 0, 0
4600, 6445, 0, 0, 0
4700, 7006, 0, 0, 0
4800, 6092, 0, 0, 0
4900, 6147, 0, 0, 0
5000, 6288, 0, 0, 0
5100, 6304, 0, 0, 0
5200, 6331, 0, 0, 0
5301, 6736, 0, 0, 0
5400, 6464, 0, 0, 0
5500, 6368, 0, 0, 0
5600, 6388, 0, 0, 0
5700, 6248, 0, 0, 0
5800, 6323, 0, 0, 0
5900, 6440, 0, 0, 0
6000, 6322, 0, 0, 0
6100, 6596, 0, 0, 0
6200, 6355, 0, 0, 0
6300, 6420, 0, 0, 0
6400, 5919, 0, 0, 0
6500, 6221, 0, 0, 0
6600, 5937, 0, 0, 0
6700, 5979, 0, 0, 0
6800, 6080, 0, 0, 0
6900, 6127, 0, 0, 0
7000, 6236, 0, 0, 0
7100, 6197, 0, 0, 0
7200, 6258, 0, 0, 0
7300, 6900, 0, 0, 0
7400, 6191, 0, 0, 0
7500, 6293, 0, 0, 0
7600, 6310, 0, 0, 0
7700, 6353, 0, 0, 0
7800, 5873, 0, 0, 0
7900, 6299, 0, 0, 0
8000, 6464, 0, 0, 0
8100, 6693, 0, 0, 0
8200, 6532, 0, 0, 0
8300, 6076, 0, 0, 0
8400, 6220, 0, 0, 0
8500, 6578, 0, 0, 0
8600, 6277, 0, 0, 0
8700, 7684, 0, 0, 0
8800, 6311, 0, 0, 0
8900, 6295, 0, 0, 0
9000, 6029, 0, 0, 0
9101, 6569, 0, 0, 0
9201, 6294, 0, 0, 0
9301, 6478, 0, 0, 0
9400, 6230, 0, 0, 0
9500, 6678, 0, 0, 0
9601, 6557, 0, 0, 0
9700, 6414, 0, 0, 0
9800, 6468, 0, 0, 0
9900, 6284, 0, 0, 0
10000, 6286, 0, 0, 0
10102, 6343, 0, 0, 0
10200, 6330, 0, 0, 0
10300, 6358, 0, 0, 0
10400, 6148, 0, 0, 0
10500, 6219, 0, 0, 0
10600, 5769, 0, 0, 0
10700, 5978, 0, 0, 0
10800, 6184, 0, 0, 0
10900, 5971, 0, 0, 0
11000, 6024, 0, 0, 0
11101, 6254, 0, 0, 0
11200, 6103, 0, 0, 0
11300, 5696, 0, 0, 0
11400, 5743, 0, 0, 0
11500, 5835, 0, 0, 0
11600, 6027, 0, 0, 0
11700, 6568, 0, 0, 0
11800, 6004, 0, 0, 0
11900, 5829, 0, 0, 0
12000, 5930, 0, 0, 0
12103, 6023, 0, 0, 0
12203, 6208, 0, 0, 0
12301, 6251, 0, 0, 0
12401, 5951, 0, 0, 0
12500, 6045, 0, 0, 0
12600, 6165, 0, 0, 0
12700, 6153, 0, 0, 0
12800, 6343, 0, 0, 0
12900, 6101, 0, 0, 0
13001, 5806, 0, 0, 0
13100, 5957, 0, 0, 0
13200, 6569, 0, 0, 0
13300, 6922, 0, 0, 0
13400, 6598, 0, 0, 0
13501, 6945, 0, 0, 0
13600, 6689, 0, 0, 0
13700, 6608, 0, 0, 0
13800, 5840, 0, 0, 0
13900, 6497, 0, 0, 0
14000, 6567, 0, 0, 0
14101, 6599, 0, 0, 0
14200, 6540, 0, 0, 0
14301, 6016, 0, 0, 0
14401, 6550, 0, 0, 0
14500, 6465, 0, 0, 0
14600, 6909, 0, 0, 0
14702, 6280, 0, 0, 0
14801, 6390, 0, 0, 0
14900, 6274, 0, 0, 0
15000, 6617, 0, 0, 0
15100, 6941, 0, 0, 0
15200, 6671, 0, 0, 0
15300, 6498, 0, 0, 0
15401, 6894, 0, 0, 0
15500, 6899, 0, 0, 0
15600, 6479, 0, 0, 0
15700, 6438, 0, 0, 0
15800, 6039, 0, 0, 0
15900, 6590, 0, 0, 0
16000, 6393, 0, 0, 0
16100, 6617, 0, 0, 0
16200, 6422, 0, 0, 0
16300, 5930, 0, 0, 0
16400, 5399, 0, 0, 0
16500, 6463, 0, 0, 0
16600, 6525, 0, 0, 0
16700, 7115, 0, 0, 0
16800, 6101, 0, 0, 0
16900, 6248, 0, 0, 0
17000, 6257, 0, 0, 0
17101, 6512, 0, 0, 0
17200, 7012, 0, 0, 0
17300, 6334, 0, 0, 0
17400, 6681, 0, 0, 0
17500, 6221, 0, 0, 0
17600, 6206, 0, 0, 0
17700, 6445, 0, 0, 0
17800, 6376, 0, 0, 0
17900, 6352, 0, 0, 0
18000, 6729, 0, 0, 0
18102, 6445, 0, 0, 0
18201, 6565, 0, 0, 0
18300, 6455, 0, 0, 0
18400, 6466, 0, 0, 0
18500, 6714, 0, 0, 0
18600, 7280, 0, 0, 0
18700, 6940, 0, 0, 0
18800, 6290, 0, 0, 0
18900, 6139, 0, 0, 0
19000, 6145, 0, 0, 0
19100, 6250, 0, 0, 0
19201, 6260, 0, 0, 0
19300, 6401, 0, 0, 0
19400, 6504, 0, 0, 0
19500, 6098, 0, 0, 0
19601, 6524, 0, 0, 0
19700, 6611, 0, 0, 0
19800, 6499, 0, 0, 0
19900, 6497, 0, 0, 0
20000, 6082, 0, 0, 0
20100, 6291, 0, 0, 0
20200, 6624, 0, 0, 0
20300, 6156, 0, 0, 0
20400, 7827, 0, 0, 0
20500, 6214, 0, 0, 0
20600, 5730, 0, 0, 0
20700, 5715, 0, 0, 0
20801, 5961, 0, 0, 0
20900, 6388, 0, 0, 0
21000, 6394, 0, 0, 0
21100, 6024, 0, 0, 0
21204, 6500, 0, 0, 0
21300, 6798, 0, 0, 0
21400, 6360, 0, 0, 0
21502, 6098, 0, 0, 0
21600, 6572, 0, 0, 0
21700, 5704, 0, 0, 0
21800, 5881, 0, 0, 0
21900, 6654, 0, 0, 0
22000, 6299, 0, 0, 0
22100, 6275, 0, 0, 0
22200, 6103, 0, 0, 0
22300, 6253, 0, 0, 0
22400, 6778, 0, 0, 0
22500, 6407, 0, 0, 0
22600, 6446, 0, 0, 0
22700, 6140, 0, 0, 0
22801, 6552, 0, 0, 0
22900, 6607, 0, 0, 0
23000, 6471, 0, 0, 0
23100, 6177, 0, 0, 0
23200, 6587, 0, 0, 0
23300, 6496, 0, 0, 0
23400, 6645, 0, 0, 0
23500, 6382, 0, 0, 0
23600, 6646, 0, 0, 0
23700, 6027, 0, 0, 0
23800, 6488, 0, 0, 0
23900, 6449, 0, 0, 0
24002, 6282, 0, 0, 0
24100, 6498, 0, 0, 0
24200, 6376, 0, 0, 0
24300, 6739, 0, 0, 0
24400, 6039, 0, 0, 0
24500, 6650, 0, 0, 0
24600, 6255, 0, 0, 0
24700, 6727, 0, 0, 0
24800, 6439, 0, 0, 0
24901, 6782, 0, 0, 0
25000, 6438, 0, 0, 0
25100, 6356, 0, 0, 0
25200, 6387, 0, 0, 0
25301, 6926, 0, 0, 0
25400, 6433, 0, 0, 0
25501, 6158, 0, 0, 0
25600, 6091, 0, 0, 0
25700, 6164, 0, 0, 0
25800, 6240, 0, 0, 0
25900, 7025, 0, 0, 0
26000, 6322, 0, 0, 0
26100, 5935, 0, 0, 0
26200, 6474, 0, 0, 0
26300, 6654, 0, 0, 0
26400, 6664, 0, 0, 0
26500, 6263, 0, 0, 0
26600, 6267, 0, 0, 0
26700, 6454, 0, 0, 0
26800, 6891, 0, 0, 0
26900, 6213, 0, 0, 0
27000, 6528, 0, 0, 0
27100, 6081, 0, 0, 0
27200, 6260, 0, 0, 0
27300, 6742, 0, 0, 0
27400, 6114, 0, 0, 0
27500, 6619, 0, 0, 0
27601, 5725, 0, 0, 0
27700, 6840, 0, 0, 0
27800, 7089, 0, 0, 0
27900, 6253, 0, 0, 0
28000, 6507, 0, 0, 0
28100, 6205, 0, 0, 0
28200, 5949, 0, 0, 0
28300, 6170, 0, 0, 0
28400, 6134, 0, 0, 0
28500, 6510, 0, 0, 0
28600, 6359, 0, 0, 0
28704, 6153, 0, 0, 0
28800, 6728, 0, 0, 0
28900, 6597, 0, 0, 0
29000, 6422, 0, 0, 0
29100, 6090, 0, 0, 0
29200, 6477, 0, 0, 0
29300, 6307, 0, 0, 0
29400, 6392, 0, 0, 0
29502, 5956, 0, 0, 0
29600, 6472, 0, 0, 0
29700, 6589, 0, 0, 0
29800, 5765, 0, 0, 0
29900, 6194, 0, 0, 0
30000, 6220, 0, 0, 0
30100, 6086, 0, 0, 0
30200, 5589, 0, 0, 0
30300, 5861, 0, 0, 0
30400, 6486, 0, 0, 0
30500, 5771, 0, 0, 0
30601, 5990, 0, 0, 0
30700, 5966, 0, 0, 0
30800, 5621, 0, 0, 0
30900, 6591, 0, 0, 0
31000, 6265, 0, 0, 0
31100, 5895, 0, 0, 0
31200, 5989, 0, 0, 0
31300, 5560, 0, 0, 0
31400, 4794, 0, 0, 0
31500, 5706, 0, 0, 0
31601, 6463, 0, 0, 0
31700, 6211, 0, 0, 0
31800, 6050, 0, 0, 0
31900, 6280, 0, 0, 0
32000, 6109, 0, 0, 0
32100, 5660, 0, 0, 0
32200, 5911, 0, 0, 0
32300, 5665, 0, 0, 0
32400, 6340, 0, 0, 0
32503, 5911, 0, 0, 0
32600, 6076, 0, 0, 0
32700, 6165, 0, 0, 0
32800, 5587, 0, 0, 0
32900, 5979, 0, 0, 0
33000, 6065, 0, 0, 0
33100, 6371, 0, 0, 0
33200, 6070, 0, 0, 0
33300, 5964, 0, 0, 0
33400, 5552, 0, 0, 0
33500, 4943, 0, 0, 0
33600, 6207, 0, 0, 0
33700, 6925, 0, 0, 0
33800, 6491, 0, 0, 0
33900, 6410, 0, 0, 0
34000, 6193, 0, 0, 0
34100, 6749, 0, 0, 0
34200, 6663, 0, 0, 0
34300, 6182, 0, 0, 0
34401, 6095, 0, 0, 0
34500, 6015, 0, 0, 0
34600, 6582, 0, 0, 0
34703, 6545, 0, 0, 0
34800, 6424, 0, 0, 0
34902, 6920, 0, 0, 0
35000, 6356, 0, 0, 0
35100, 6380, 0, 0, 0
35200, 6010, 0, 0, 0
35300, 5962, 0, 0, 0
35400, 6532, 0, 0, 0
35500, 6139, 0, 0, 0
35600, 6649, 0, 0, 0
35700, 6273, 0, 0, 0
35800, 6280, 0, 0, 0
35901, 6362, 0, 0, 0
36000, 6333, 0, 0, 0
36100, 6236, 0, 0, 0
36202, 6305, 0, 0, 0
36300, 6402, 0, 0, 0
36400, 6230, 0, 0, 0
36500, 6493, 0, 0, 0
36600, 6086, 0, 0, 0
36700, 6587, 0, 0, 0
36800, 6407, 0, 0, 0
36901, 6508, 0, 0, 0
37000, 7154, 0, 0, 0
37100, 6222, 0, 0, 0
37200, 6276, 0, 0, 0
37300, 6426, 0, 0, 0
37400, 6535, 0, 0, 0
37500, 6373, 0, 0, 0
37600, 6087, 0, 0, 0
37700, 6958, 0, 0, 0
37800, 6219, 0, 0, 0
37900, 6589, 0, 0, 0
38002, 6182, 0, 0, 0
38100, 7050, 0, 0, 0
38200, 6168, 0, 0, 0
38300, 5968, 0, 0, 0
38400, 6155, 0, 0, 0
38500, 6030, 0, 0, 0
38600, 6407, 0, 0, 0
38700, 6752, 0, 0, 0
38800, 6392, 0, 0, 0
38900, 5860, 0, 0, 0
39000, 6553, 0, 0, 0
39102, 6031, 0, 0, 0
39200, 5819, 0, 0, 0
39300, 6335, 0, 0, 0
39400, 6049, 0, 0, 0
39500, 6280, 0, 0, 0
39600, 6951, 0, 0, 0
39700, 6989, 0, 0, 0
39800, 6898, 0, 0, 0
39900, 7066, 0, 0, 0
40000, 6280, 0, 0, 0
40100, 6513, 0, 0, 0
40200, 6289, 0, 0, 0
40300, 6818, 0, 0, 0
40401, 6200, 0, 0, 0
40500, 5706, 0, 0, 0
40601, 5977, 0, 0, 0
40700, 6461, 0, 0, 0
40800, 6130, 0, 0, 0
40900, 6129, 0, 0, 0
41000, 6008, 0, 0, 0
41100, 6315, 0, 0, 0
41200, 6330, 0, 0, 0
41300, 6572, 0, 0, 0
41400, 6238, 0, 0, 0
41500, 5945, 0, 0, 0
41600, 6383, 0, 0, 0
41700, 6291, 0, 0, 0
41800, 6795, 0, 0, 0
41901, 6721, 0, 0, 0
42000, 6773, 0, 0, 0
42100, 6825, 0, 0, 0
42200, 6716, 0, 0, 0
42300, 6573, 0, 0, 0
42400, 6539, 0, 0, 0
42500, 6876, 0, 0, 0
42601, 6937, 0, 0, 0
42700, 6339, 0, 0, 0
42803, 6528, 0, 0, 0
42901, 6741, 0, 0, 0
43000, 6862, 0, 0, 0
43100, 7154, 0, 0, 0
43200, 6785, 0, 0, 0
43300, 6779, 0, 0, 0
43400, 6479, 0, 0, 0
43500, 6877, 0, 0, 0
43600, 6654, 0, 0, 0
43700, 6919, 0, 0, 0
43800, 6904, 0, 0, 0
43900, 6514, 0, 0, 0
44000, 6481, 0, 0, 0
44100, 6815, 0, 0, 0
44200, 6088, 0, 0, 0
44300, 6749, 0, 0, 0
44400, 7242, 0, 0, 0
44500, 6601, 0, 0, 0
44600, 6650, 0, 0, 0
44700, 6862, 0, 0, 0
44800, 6905, 0, 0, 0
44900, 6387, 0, 0, 0
45000, 6394, 0, 0, 0
45101, 6996, 0, 0, 0
45200, 6439, 0, 0, 0
45300, 6296, 0, 0, 0
45400, 6317, 0, 0, 0
45500, 5890, 0, 0, 0
45600, 5933, 0, 0, 0
45701, 6386, 0, 0, 0
45800, 6016, 0, 0, 0
45900, 5983, 0, 0, 0
46001, 6121, 0, 0, 0
46100, 6250, 0, 0, 0
46200, 6484, 0, 0, 0
46300, 6063, 0, 0, 0
46400, 6275, 0, 0, 0
46500, 6288, 0, 0, 0
46600, 6067, 0, 0, 0
46700, 6390, 0, 0, 0
46800, 6497, 0, 0, 0
46900, 6325, 0, 0, 0
47000, 6456, 0, 0, 0
47100, 6182, 0, 0, 0
47200, 6472, 0, 0, 0
47300, 5647, 0, 0, 0
47401, 6593, 0, 0, 0
47500, 6079, 0, 0, 0
47600, 5921, 0, 0, 0
47700, 6026, 0, 0, 0
47800, 6602, 0, 0, 0
47901, 6643, 0, 0, 0
48000, 6433, 0, 0, 0
48100, 6514, 0, 0, 0
48200, 6285, 0, 0, 0
48300, 6247, 0, 0, 0
48401, 5996, 0, 0, 0
48500, 5709, 0, 0, 0
48600, 6357, 0, 0, 0
48700, 6545, 0, 0, 0
48800, 6642, 0, 0, 0
48900, 6723, 0, 0, 0
49000, 6456, 0, 0, 0
49100, 6246, 0, 0, 0
49200, 5898, 0, 0, 0
49300, 5891, 0, 0, 0
49400, 6288, 0, 0, 0
49500, 6257, 0, 0, 0
49600, 6444, 0, 0, 0
49700, 6297, 0, 0, 0
49800, 6144, 0, 0, 0
49900, 6383, 0, 0, 0
50000, 6347, 0, 0, 0
50100, 6146, 0, 0, 0
50200, 6475, 0, 0, 0
50300, 6233, 0, 0, 0
50400, 6410, 0, 0, 0
50500, 6404, 0, 0, 0
50602, 6382, 0, 0, 0
50700, 6478, 0, 0, 0
50800, 6392, 0, 0, 0
50900, 5981, 0, 0, 0
51000, 5717, 0, 0, 0
51100, 5660, 0, 0, 0
51200, 6063, 0, 0, 0
51300, 5965, 0, 0, 0
51400, 6431, 0, 0, 0
51502, 6048, 0, 0, 0
51600, 5975, 0, 0, 0
51700, 6419, 0, 0, 0
51800, 5919, 0, 0, 0
51900, 5635, 0, 0, 0
52000, 6847, 0, 0, 0
52100, 6238, 0, 0, 0
52200, 6627, 0, 0, 0
52301, 6225, 0, 0, 0
52400, 6497, 0, 0, 0
52500, 6432, 0, 0, 0
52600, 6313, 0, 0, 0
52700, 6633, 0, 0, 0
52800, 6570, 0, 0, 0
52901, 6391, 0, 0, 0
53000, 6276, 0, 0, 0
53100, 6352, 0, 0, 0
53200, 6236, 0, 0, 0
53300, 6410, 0, 0, 0
53400, 6282, 0, 0, 0
53500, 6719, 0, 0, 0
53600, 5702, 0, 0, 0
53700, 6071, 0, 0, 0
53800, 6173, 0, 0, 0
53900, 6480, 0, 0, 0
54000, 6207, 0, 0, 0
54100, 6749, 0, 0, 0
54200, 6285, 0, 0, 0
54300, 5993, 0, 0, 0
54400, 6435, 0, 0, 0
54500, 6338, 0, 0, 0
54601, 6452, 0, 0, 0
54700, 6713, 0, 0, 0
54800, 6477, 0, 0, 0
54900, 6309, 0, 0, 0
55000, 6274, 0, 0, 0
55100, 6627, 0, 0, 0
55201, 6415, 0, 0, 0
55300, 6203, 0, 0, 0
55400, 6381, 0, 0, 0
55500, 6061, 0, 0, 0
55600, 6133, 0, 0, 0
55700, 5830, 0, 0, 0
55800, 5267, 0, 0, 0
55900, 5812, 0, 0, 0
56000, 6409, 0, 0, 0
56100, 6824, 0, 0, 0
56200, 6091, 0, 0, 0
56300, 6508, 0, 0, 0
56400, 6308, 0, 0, 0
56500, 6315, 0, 0, 0
56600, 6344, 0, 0, 0
56700, 6717, 0, 0, 0
56810, 6429, 0, 0, 0
56900, 6115, 0, 0, 0
57000, 5857, 0, 0, 0
57100, 5842, 0, 0, 0
57200, 5953, 0, 0, 0
57300, 5938, 0, 0, 0
57400, 5855, 0, 0, 0
57500, 6414, 0, 0, 0
57600, 6357, 0, 0, 0
57700, 6842, 0, 0, 0
57800, 6449, 0, 0, 0
57901, 5886, 0, 0, 0
58000, 5993, 0, 0, 0
58100, 6185, 0, 0, 0
58200, 6356, 0, 0, 0
58300, 6406, 0, 0, 0
58400, 6299, 0, 0, 0
58500, 6401, 0, 0, 0
58600, 6676, 0, 0, 0
58700, 6397, 0, 0, 0
58800, 6094, 0, 0, 0
58900, 5741, 0, 0, 0
59000, 6103, 0, 0, 0
59100, 6536, 0, 0, 0
59200, 6894, 0, 0, 0
59300, 6936, 0, 0, 0
59401, 6036, 0, 0, 0
59500, 6223, 0, 0, 0
59600, 6230, 0, 0, 0
59701, 6455, 0, 0, 0
59803, 6133, 0, 0, 0
59900, 6153, 0, 0, 0
60074, 5950, 0, 0, 0
