103, 10694431, 0, 0, 0
205, 10278210, 0, 0, 0
301, 11622126, 0, 0, 0
402, 11466804, 0, 0, 0
501, 11733395, 0, 0, 0
600, 10692966, 0, 0, 0
706, 11739420, 0, 0, 0
807, 11238332, 0, 0, 0
903, 10394699, 0, 0, 0
1000, 11207156, 0, 0, 0
1106, 10832107, 0, 0, 0
1200, 11694555, 0, 0, 0
1306, 12082089, 0, 0, 0
1403, 12179801, 0, 0, 0
1508, 11300269, 0, 0, 0
1608, 12602421, 0, 0, 0
1700, 12598844, 0, 0, 0
1800, 13013272, 0, 0, 0
1908, 12760046, 0, 0, 0
2005, 11750434, 0, 0, 0
2100, 11945935, 0, 0, 0
2205, 11021411, 0, 0, 0
2300, 11657180, 0, 0, 0
2400, 11369616, 0, 0, 0
2508, 11413068, 0, 0, 0
2606, 11698029, 0, 0, 0
2700, 10767705, 0, 0, 0
2801, 10747388, 0, 0, 0
2900, 10831705, 0, 0, 0
3003, 11578645, 0, 0, 0
3109, 11799538, 0, 0, 0
3208, 12387202, 0, 0, 0
3308, 12487222, 0, 0, 0
3400, 11295116, 0, 0, 0
3504, 11268618, 0, 0, 0
3603, 10958604, 0, 0, 0
3707, 11358299, 0, 0, 0
3802, 12261982, 0, 0, 0
3901, 11180572, 0, 0, 0
4004, 11218643, 0, 0, 0
4108, 11207130, 0, 0, 0
4205, 11055193, 0, 0, 0
4304, 11610658, 0, 0, 0
4403, 11369809, 0, 0, 0
4505, 12010697, 0, 0, 0
4600, 12498181, 0, 0, 0
4706, 12175611, 0, 0, 0
4808, 10487008, 0, 0, 0
4905, 10736044, 0, 0, 0
5005, 11967309, 0, 0, 0
5103, 11500901, 0, 0, 0
5200, 11781430, 0, 0, 0
5308, 12188907, 0, 0, 0
5401, 12357188, 0, 0, 0
5503, 11243937, 0, 0, 0
5609, 11891164, 0, 0, 0
5700, 10776425, 0, 0, 0
5801, 10933765, 0, 0, 0
5901, 11539406, 0, 0, 0
6008, 11566350, 0, 0, 0
6104, 10804275, 0, 0, 0
6206, 11769119, 0, 0, 0
6304, 12202145, 0, 0, 0
6400, 13254929, 0, 0, 0
6500, 10656760, 0, 0, 0
6600, 11697689, 0, 0, 0
6706, 10525607, 0, 0, 0
6800, 12510203, 0, 0, 0
6902, 11535473, 0, 0, 0
7000, 11344207, 0, 0, 0
7105, 11382959, 0, 0, 0
7203, 11437497, 0, 0, 0
7305, 11749395, 0, 0, 0
7405, 10877188, 0, 0, 0
7501, 13254469, 0, 0, 0
7605, 10721987, 0, 0, 0
7706, 11321540, 0, 0, 0
7807, 10962345, 0, 0, 0
7908, 11149726, 0, 0, 0
8000, 12353436, 0, 0, 0
8102, 10867226, 0, 0, 0
8205, 11251050, 0, 0, 0
8304, 12350827, 0, 0, 0
8400, 11674766, 0, 0, 0
8507, 12814000, 0, 0, 0
8600, 10546655, 0, 0, 0
8706, 11100904, 0, 0, 0
8802, 10754171, 0, 0, 0
8900, 11269786, 0, 0, 0
9000, 13211614, 0, 0, 0
9105, 13568351, 0, 0, 0
9207, 11682903, 0, 0, 0
9301, 11678573, 0, 0, 0
9406, 11243862, 0, 0, 0
9508, 12679591, 0, 0, 0
9600, 11430597, 0, 0, 0
9704, 11743859, 0, 0, 0
9809, 10427765, 0, 0, 0
9900, 12744101, 0, 0, 0
10003, 11095933, 0, 0, 0
10101, 10996807, 0, 0, 0
10200, 12613167, 0, 0, 0
10306, 11344307, 0, 0, 0
10404, 11917619, 0, 0, 0
10506, 12776788, 0, 0, 0
10604, 13307498, 0, 0, 0
10700, 11944276, 0, 0, 0
10800, 12298246, 0, 0, 0
10912, 14014464, 0, 0, 0
11000, 13356977, 0, 0, 0
11101, 12255988, 0, 0, 0
11205, 12173214, 0, 0, 0
11301, 12012554, 0, 0, 0
11403, 11356415, 0, 0, 0
11506, 12408665, 0, 0, 0
11600, 13750223, 0, 0, 0
11700, 12215747, 0, 0, 0
11802, 11687956, 0, 0, 0
11902, 11427346, 0, 0, 0
12003, 11103578, 0, 0, 0
12100, 10807288, 0, 0, 0
12207, 11299758, 0, 0, 0
12307, 10832809, 0, 0, 0
12405, 10760808, 0, 0, 0
12508, 11430013, 0, 0, 0
12602, 11377059, 0, 0, 0
12704, 12740704, 0, 0, 0
12802, 12749461, 0, 0, 0
12901, 12099675, 0, 0, 0
13003, 12528807, 0, 0, 0
13103, 12532558, 0, 0, 0
13206, 12577122, 0, 0, 0
13304, 12450225, 0, 0, 0
13404, 11735532, 0, 0, 0
13500, 12050908, 0, 0, 0
13602, 12117764, 0, 0, 0
13702, 12003821, 0, 0, 0
13802, 12058629, 0, 0, 0
13905, 11892580, 0, 0, 0
14000, 11671211, 0, 0, 0
14101, 11609965, 0, 0, 0
14205, 12873782, 0, 0, 0
14309, 11313270, 0, 0, 0
14403, 12752074, 0, 0, 0
14501, 13781683, 0, 0, 0
14600, 11304428, 0, 0, 0
14706, 12457114, 0, 0, 0
14805, 10967587, 0, 0, 0
14901, 13015271, 0, 0, 0
15005, 14564566, 0, 0, 0
15108, 13589909, 0, 0, 0
15206, 11650646, 0, 0, 0
15300, 11033600, 0, 0, 0
15406, 11043097, 0, 0, 0
15500, 11954679, 0, 0, 0
15606, 10814465, 0, 0, 0
15700, 11979806, 0, 0, 0
15800, 11225760, 0, 0, 0
15901, 12044563, 0, 0, 0
16000, 11879826, 0, 0, 0
16100, 11689478, 0, 0, 0
16204, 11500739, 0, 0, 0
16302, 10759772, 0, 0, 0
16402, 11672149, 0, 0, 0
16506, 12129534, 0, 0, 0
16604, 12269126, 0, 0, 0
16710, 12160281, 0, 0, 0
16803, 11308242, 0, 0, 0
16910, 12102576, 0, 0, 0
17002, 11748338, 0, 0, 0
17100, 12283595, 0, 0, 0
17201, 12904767, 0, 0, 0
17301, 12600476, 0, 0, 0
17404, 11973125, 0, 0, 0
17504, 12147333, 0, 0, 0
17606, 11469105, 0, 0, 0
17704, 12235746, 0, 0, 0
17806, 11093128, 0, 0, 0
17905, 12697980, 0, 0, 0
18001, 12219025, 0, 0, 0
18101, 12109566, 0, 0, 0
18201, 12102296, 0, 0, 0
18303, 11871243, 0, 0, 0
18404, 11505245, 0, 0, 0
18504, 12733712, 0, 0, 0
18607, 11361850, 0, 0, 0
18703, 12170740, 0, 0, 0
18801, 11483397, 0, 0, 0
18904, 11495552, 0, 0, 0
19001, 10375820, 0, 0, 0
19106, 11404989, 0, 0, 0
19205, 11670582, 0, 0, 0
19304, 11395406, 0, 0, 0
19402, 12476725, 0, 0, 0
19506, 11942266, 0, 0, 0
19609, 12867878, 0, 0, 0
19706, 12456470, 0, 0, 0
19810, 11848732, 0, 0, 0
19900, 11885354, 0, 0, 0
20006, 11426786, 0, 0, 0
20103, 11471845, 0, 0, 0
20208, 12208825, 0, 0, 0
20304, 12063385, 0, 0, 0
20401, 11613489, 0, 0, 0
20500, 11530652, 0, 0, 0
20603, 11961691, 0, 0, 0
20701, 11740330, 0, 0, 0
20806, 12818495, 0, 0, 0
20904, 12146230, 0, 0, 0
21001, 12475683, 0, 0, 0
21108, 11740437, 0, 0, 0
21202, 11447945, 0, 0, 0
21300, 10996111, 0, 0, 0
21405, 10770018, 0, 0, 0
21502, 11580200, 0, 0, 0
21600, 10755085, 0, 0, 0
21700, 11543921, 0, 0, 0
21804, 11931777, 0, 0, 0
21905, 11324050, 0, 0, 0
22002, 12440926, 0, 0, 0
22101, 10937887, 0, 0, 0
22202, 12863016, 0, 0, 0
22303, 11551424, 0, 0, 0
22403, 11048346, 0, 0, 0
22500, 12139804, 0, 0, 0
22603, 11093710, 0, 0, 0
22705, 12476995, 0, 0, 0
22802, 12572912, 0, 0, 0
22906, 11664884, 0, 0, 0
23000, 10738802, 0, 0, 0
23102, 11293329, 0, 0, 0
23202, 11658317, 0, 0, 0
23303, 12156225, 0, 0, 0
23411, 12000173, 0, 0, 0
23503, 10985220, 0, 0, 0
23601, 11222489, 0, 0, 0
23706, 11255325, 0, 0, 0
23804, 11881299, 0, 0, 0
23903, 11182455, 0, 0, 0
24006, 10830752, 0, 0, 0
24103, 11659473, 0, 0, 0
24200, 11605229, 0, 0, 0
24303, 12090476, 0, 0, 0
24405, 10624684, 0, 0, 0
24501, 11364718, 0, 0, 0
24600, 10889083, 0, 0, 0
24705, 11669917, 0, 0, 0
24801, 10872122, 0, 0, 0
24905, 10825338, 0, 0, 0
25004, 11574381, 0, 0, 0
25104, 11936127, 0, 0, 0
25209, 12103422, 0, 0, 0
25305, 10377533, 0, 0, 0
25404, 12040763, 0, 0, 0
25508, 12130614, 0, 0, 0
25602, 11132664, 0, 0, 0
25705, 12051830, 0, 0, 0
25804, 11757604, 0, 0, 0
25908, 11384465, 0, 0, 0
26003, 13358530, 0, 0, 0
26104, 12734605, 0, 0, 0
26205, 12575575, 0, 0, 0
26301, 14114545, 0, 0, 0
26405, 12234586, 0, 0, 0
26505, 12204090, 0, 0, 0
26601, 12489738, 0, 0, 0
26704, 13083523, 0, 0, 0
26809, 12467719, 0, 0, 0
26906, 12118052, 0, 0, 0
27007, 11134268, 0, 0, 0
27101, 9697620, 0, 0, 0
27207, 9819280, 0, 0, 0
27307, 11059817, 0, 0, 0
27403, 11113713, 0, 0, 0
27504, 12440474, 0, 0, 0
27600, 11764968, 0, 0, 0
27702, 10377049, 0, 0, 0
27800, 10830517, 0, 0, 0
27902, 9892913, 0, 0, 0
28003, 11258102, 0, 0, 0
28100, 11929432, 0, 0, 0
28205, 10800250, 0, 0, 0
28301, 11501062, 0, 0, 0
28400, 10812084, 0, 0, 0
28503, 10574419, 0, 0, 0
28605, 11027609, 0, 0, 0
28701, 11659290, 0, 0, 0
28806, 10146075, 0, 0, 0
28900, 10907026, 0, 0, 0
29003, 10035282, 0, 0, 0
29104, 10521356, 0, 0, 0
29208, 11486886, 0, 0, 0
29300, 9831254, 0, 0, 0
29407, 11062004, 0, 0, 0
29503, 12086450, 0, 0, 0
29603, 12682831, 0, 0, 0
29700, 11990366, 0, 0, 0
29802, 10620508, 0, 0, 0
29904, 10798893, 0, 0, 0
30001, 10276012, 0, 0, 0
30103, 10639423, 0, 0, 0
30204, 11051084, 0, 0, 0
30307, 10980543, 0, 0, 0
30402, 10694116, 0, 0, 0
30501, 10619824, 0, 0, 0
30602, 12942617, 0, 0, 0
30706, 12923276, 0, 0, 0
30802, 10797465, 0, 0, 0
30906, 10366035, 0, 0, 0
31003, 10282157, 0, 0, 0
31108, 10904601, 0, 0, 0
31203, 11180798, 0, 0, 0
31301, 11037447, 0, 0, 0
31400, 11215608, 0, 0, 0
31504, 11317696, 0, 0, 0
31602, 9856595, 0, 0, 0
31702, 9802059, 0, 0, 0
31806, 11508135, 0, 0, 0
31911, 12132166, 0, 0, 0
32002, 12075922, 0, 0, 0
32104, 11828519, 0, 0, 0
32207, 11788567, 0, 0, 0
32303, 12402972, 0, 0, 0
32403, 11683249, 0, 0, 0
32500, 12394915, 0, 0, 0
32600, 11522464, 0, 0, 0
32705, 10486664, 0, 0, 0
32800, 11469787, 0, 0, 0
32906, 11893484, 0, 0, 0
33000, 12729375, 0, 0, 0
33100, 12838427, 0, 0, 0
33207, 13687455, 0, 0, 0
33306, 12554313, 0, 0, 0
33400, 12818028, 0, 0, 0
33508, 12377717, 0, 0, 0
33602, 11273722, 0, 0, 0
33700, 11548289, 0, 0, 0
33806, 12305896, 0, 0, 0
33903, 11640338, 0, 0, 0
34000, 11948519, 0, 0, 0
34104, 11557605, 0, 0, 0
34201, 12173688, 0, 0, 0
34305, 11925893, 0, 0, 0
34405, 12724156, 0, 0, 0
34508, 11327279, 0, 0, 0
34600, 12244518, 0, 0, 0
34704, 11100943, 0, 0, 0
34805, 12529617, 0, 0, 0
34903, 12248702, 0, 0, 0
35003, 11901681, 0, 0, 0
35106, 12625339, 0, 0, 0
35207, 11742076, 0, 0, 0
35305, 12482808, 0, 0, 0
35406, 11860331, 0, 0, 0
35503, 11861459, 0, 0, 0
35601, 12700737, 0, 0, 0
35702, 11657213, 0, 0, 0
35810, 12227148, 0, 0, 0
35902, 11374862, 0, 0, 0
36004, 11963313, 0, 0, 0
36100, 12336095, 0, 0, 0
36202, 10635924, 0, 0, 0
36301, 10540630, 0, 0, 0
36400, 11989245, 0, 0, 0
36505, 10824725, 0, 0, 0
36600, 11305376, 0, 0, 0
36700, 10684558, 0, 0, 0
36804, 11230288, 0, 0, 0
36901, 11636745, 0, 0, 0
37005, 10715525, 0, 0, 0
37101, 10941059, 0, 0, 0
37203, 12735755, 0, 0, 0
37306, 10865767, 0, 0, 0
37400, 11319186, 0, 0, 0
37504, 11244594, 0, 0, 0
37603, 11639784, 0, 0, 0
37711, 12345059, 0, 0, 0
37804, 11202184, 0, 0, 0
37901, 11776378, 0, 0, 0
38001, 12386008, 0, 0, 0
38101, 11381361, 0, 0, 0
38201, 10596460, 0, 0, 0
38304, 10424722, 0, 0, 0
38400, 10573325, 0, 0, 0
38503, 10206198, 0, 0, 0
38601, 10260438, 0, 0, 0
38700, 10606318, 0, 0, 0
38807, 10590841, 0, 0, 0
38902, 10313930, 0, 0, 0
39000, 11024082, 0, 0, 0
39102, 10055224, 0, 0, 0
39200, 11343836, 0, 0, 0
39306, 11091667, 0, 0, 0
39406, 10483405, 0, 0, 0
39503, 10928656, 0, 0, 0
39601, 10154577, 0, 0, 0
39701, 10178452, 0, 0, 0
39810, 10580930, 0, 0, 0
39903, 11195239, 0, 0, 0
40004, 11664732, 0, 0, 0
40105, 11364952, 0, 0, 0
40207, 11744515, 0, 0, 0
40300, 12452569, 0, 0, 0
40401, 13210565, 0, 0, 0
40500, 11317691, 0, 0, 0
40601, 11816117, 0, 0, 0
40700, 11227164, 0, 0, 0
40801, 11985077, 0, 0, 0
40900, 11573740, 0, 0, 0
41008, 12342173, 0, 0, 0
41105, 11279119, 0, 0, 0
41203, 12133355, 0, 0, 0
41300, 14885692, 0, 0, 0
41400, 11732985, 0, 0, 0
41503, 12414915, 0, 0, 0
41602, 12385256, 0, 0, 0
41703, 12088022, 0, 0, 0
41804, 12646426, 0, 0, 0
41902, 11760239, 0, 0, 0
42004, 11774339, 0, 0, 0
42103, 12838345, 0, 0, 0
42200, 10738677, 0, 0, 0
42307, 11176445, 0, 0, 0
42405, 11905415, 0, 0, 0
42502, 10819286, 0, 0, 0
42601, 11144166, 0, 0, 0
42705, 11130368, 0, 0, 0
42801, 11357688, 0, 0, 0
42907, 11612128, 0, 0, 0
43002, 11295905, 0, 0, 0
43105, 11354576, 0, 0, 0
43205, 11994407, 0, 0, 0
43308, 12704519, 0, 0, 0
43405, 11470845, 0, 0, 0
43502, 10624046, 0, 0, 0
43607, 10494321, 0, 0, 0
43703, 10589812, 0, 0, 0
43800, 12042031, 0, 0, 0
43906, 11103145, 0, 0, 0
44004, 12287619, 0, 0, 0
44108, 11656526, 0, 0, 0
44202, 10902617, 0, 0, 0
44302, 11322443, 0, 0, 0
44403, 10353452, 0, 0, 0
44511, 10806991, 0, 0, 0
44604, 12105825, 0, 0, 0
44701, 11716150, 0, 0, 0
44806, 11159468, 0, 0, 0
44903, 11163984, 0, 0, 0
45007, 11856294, 0, 0, 0
45103, 12862842, 0, 0, 0
45201, 13479331, 0, 0, 0
45307, 12756245, 0, 0, 0
45409, 12687639, 0, 0, 0
45507, 13252896, 0, 0, 0
45603, 13342869, 0, 0, 0
45700, 13372056, 0, 0, 0
45801, 12936166, 0, 0, 0
45904, 12065361, 0, 0, 0
46005, 12385185, 0, 0, 0
46101, 10679457, 0, 0, 0
46205, 11902929, 0, 0, 0
46300, 12670246, 0, 0, 0
46407, 11835681, 0, 0, 0
46508, 12380087, 0, 0, 0
46604, 11744231, 0, 0, 0
46702, 12795138, 0, 0, 0
46802, 10641894, 0, 0, 0
46907, 10931968, 0, 0, 0
47000, 10795660, 0, 0, 0
47100, 11061295, 0, 0, 0
47201, 11700612, 0, 0, 0
47306, 10865474, 0, 0, 0
47406, 10515740, 0, 0, 0
47503, 10409554, 0, 0, 0
47604, 10824097, 0, 0, 0
47702, 11427768, 0, 0, 0
47801, 11268138, 0, 0, 0
47907, 11159805, 0, 0, 0
48006, 10407816, 0, 0, 0
48101, 11095082, 0, 0, 0
48206, 10985815, 0, 0, 0
48303, 11405366, 0, 0, 0
48401, 10993279, 0, 0, 0
48503, 11178558, 0, 0, 0
48604, 10872528, 0, 0, 0
48701, 10142000, 0, 0, 0
48805, 10419146, 0, 0, 0
48901, 10197640, 0, 0, 0
49003, 10148546, 0, 0, 0
49102, 12261012, 0, 0, 0
49201, 12012432, 0, 0, 0
49303, 11673669, 0, 0, 0
49400, 12361824, 0, 0, 0
49500, 11052779, 0, 0, 0
49601, 11805201, 0, 0, 0
49707, 11548743, 0, 0, 0
49810, 11360787, 0, 0, 0
49902, 10927954, 0, 0, 0
50000, 11661007, 0, 0, 0
50105, 11616332, 0, 0, 0
50204, 13114096, 0, 0, 0
50302, 11800659, 0, 0, 0
50401, 11827432, 0, 0, 0
50503, 13319498, 0, 0, 0
50606, 13415375, 0, 0, 0
50701, 12114509, 0, 0, 0
50800, 13169184, 0, 0, 0
50901, 13655147, 0, 0, 0
51004, 13051837, 0, 0, 0
51107, 12359871, 0, 0, 0
51202, 10474841, 0, 0, 0
51300, 11439225, 0, 0, 0
51406, 11937898, 0, 0, 0
51501, 10397005, 0, 0, 0
51603, 10461210, 0, 0, 0
51702, 11158844, 0, 0, 0
51804, 11161997, 0, 0, 0
51902, 11411369, 0, 0, 0
52002, 12808157, 0, 0, 0
52102, 10492781, 0, 0, 0
52203, 10850801, 0, 0, 0
52305, 9897933, 0, 0, 0
52402, 11470344, 0, 0, 0
52504, 10047286, 0, 0, 0
52607, 10302980, 0, 0, 0
52705, 9752713, 0, 0, 0
52803, 11052848, 0, 0, 0
52905, 11054509, 0, 0, 0
53000, 10894139, 0, 0, 0
53104, 10151712, 0, 0, 0
53210, 11047245, 0, 0, 0
53302, 9839124, 0, 0, 0
53407, 10953809, 0, 0, 0
53505, 10907784, 0, 0, 0
53607, 11315781, 0, 0, 0
53705, 11532182, 0, 0, 0
53809, 12093127, 0, 0, 0
53909, 12578499, 0, 0, 0
54001, 11274104, 0, 0, 0
54110, 11544130, 0, 0, 0
54202, 11907156, 0, 0, 0
54303, 11742155, 0, 0, 0
54401, 12548928, 0, 0, 0
54503, 11674104, 0, 0, 0
54602, 12198452, 0, 0, 0
54704, 11887123, 0, 0, 0
54809, 11796691, 0, 0, 0
54903, 11704877, 0, 0, 0
55000, 11829915, 0, 0, 0
55107, 12011445, 0, 0, 0
55205, 13216312, 0, 0, 0
55300, 12008921, 0, 0, 0
55409, 12117143, 0, 0, 0
55502, 13467504, 0, 0, 0
55606, 11429640, 0, 0, 0
55709, 11827762, 0, 0, 0
55801, 11809094, 0, 0, 0
55903, 11524890, 0, 0, 0
56000, 12064399, 0, 0, 0
56103, 11508268, 0, 0, 0
56203, 12794385, 0, 0, 0
56302, 12554878, 0, 0, 0
56402, 11366889, 0, 0, 0
56507, 10265137, 0, 0, 0
56607, 10917815, 0, 0, 0
56702, 10182827, 0, 0, 0
56803, 11320339, 0, 0, 0
56907, 11384134, 0, 0, 0
57003, 10901215, 0, 0, 0
57100, 11237068, 0, 0, 0
57200, 10642440, 0, 0, 0
57300, 10249322, 0, 0, 0
57401, 10733049, 0, 0, 0
57500, 12086058, 0, 0, 0
57607, 10248409, 0, 0, 0
57701, 11355287, 0, 0, 0
57803, 11003428, 0, 0, 0
57906, 12193612, 0, 0, 0
58006, 11898071, 0, 0, 0
58109, 11780995, 0, 0, 0
58204, 12071874, 0, 0, 0
58308, 12218634, 0, 0, 0
58401, 11191637, 0, 0, 0
58504, 10761997, 0, 0, 0
58607, 11352854, 0, 0, 0
58700, 11166407, 0, 0, 0
58801, 11890166, 0, 0, 0
58900, 12846777, 0, 0, 0
59009, 12073574, 0, 0, 0
59100, 11164299, 0, 0, 0
59202, 11680716, 0, 0, 0
59301, 10172029, 0, 0, 0
59400, 11418867, 0, 0, 0
59500, 12265455, 0, 0, 0
59602, 11534801, 0, 0, 0
59701, 11464238, 0, 0, 0
59801, 11335922, 0, 0, 0
59905, 10238843, 0, 0, 0
60001, 11610350, 0, 0, 0
60105, 12056549, 0, 0, 0
60201, 11625085, 0, 0, 0
60300, 11668376, 0, 0, 0
60407, 13540135, 0, 0, 0
60501, 12867070, 0, 0, 0
60603, 11311787, 0, 0, 0
60701, 10049864, 0, 0, 0
60805, 12872622, 0, 0, 0
60902, 11645912, 0, 0, 0
61000, 10285717, 0, 0, 0
61109, 12709163, 0, 0, 0
61209, 12283316, 0, 0, 0
61300, 12574688, 0, 0, 0
61403, 11598788, 0, 0, 0
61503, 10818135, 0, 0, 0
61602, 11656141, 0, 0, 0
61704, 11214252, 0, 0, 0
61800, 10536256, 0, 0, 0
61902, 10924972, 0, 0, 0
62001, 11419860, 0, 0, 0
62100, 11885951, 0, 0, 0
62202, 11555392, 0, 0, 0
62306, 11503591, 0, 0, 0
62402, 11905100, 0, 0, 0
62506, 12278528, 0, 0, 0
62600, 11684733, 0, 0, 0
62705, 11145581, 0, 0, 0
62800, 11379613, 0, 0, 0
62903, 11844551, 0, 0, 0
63002, 12290269, 0, 0, 0
63113, 12627893, 0, 0, 0
63202, 11609097, 0, 0, 0
63301, 11533238, 0, 0, 0
63402, 12294736, 0, 0, 0
63509, 12104991, 0, 0, 0
63604, 10845448, 0, 0, 0
63702, 10800528, 0, 0, 0
63803, 12454376, 0, 0, 0
63905, 11474409, 0, 0, 0
64002, 12287994, 0, 0, 0
64104, 10630478, 0, 0, 0
64200, 11131916, 0, 0, 0
64300, 11796016, 0, 0, 0
64407, 12400709, 0, 0, 0
64500, 12067717, 0, 0, 0
64607, 11480588, 0, 0, 0
64708, 13511497, 0, 0, 0
64809, 11899864, 0, 0, 0
64907, 11490959, 0, 0, 0
65003, 11238243, 0, 0, 0
65103, 12425396, 0, 0, 0
65203, 11689630, 0, 0, 0
65304, 11334381, 0, 0, 0
65408, 12146751, 0, 0, 0
65505, 11506358, 0, 0, 0
65605, 10186400, 0, 0, 0
65702, 10133495, 0, 0, 0
65800, 10673128, 0, 0, 0
65903, 10681947, 0, 0, 0
66001, 10879772, 0, 0, 0
66101, 11777032, 0, 0, 0
66200, 11577167, 0, 0, 0
66300, 10737333, 0, 0, 0
66401, 11604356, 0, 0, 0
66504, 11852334, 0, 0, 0
66601, 11406818, 0, 0, 0
66707, 11607066, 0, 0, 0
66803, 12186882, 0, 0, 0
66900, 11942417, 0, 0, 0
67002, 11743932, 0, 0, 0
67106, 11231967, 0, 0, 0
67203, 10474512, 0, 0, 0
67300, 12937515, 0, 0, 0
67400, 10649922, 0, 0, 0
67503, 11170113, 0, 0, 0
67605, 11076671, 0, 0, 0
67707, 12010040, 0, 0, 0
67811, 11421986, 0, 0, 0
67901, 11137237, 0, 0, 0
68002, 10738298, 0, 0, 0
68101, 10770493, 0, 0, 0
68200, 10580545, 0, 0, 0
68302, 11666912, 0, 0, 0
68401, 12056950, 0, 0, 0
68501, 11498062, 0, 0, 0
68606, 11324698, 0, 0, 0
68701, 11596467, 0, 0, 0
68801, 11641243, 0, 0, 0
68900, 12685332, 0, 0, 0
69005, 12646708, 0, 0, 0
69100, 12328865, 0, 0, 0
69204, 11119996, 0, 0, 0
69300, 11174716, 0, 0, 0
69405, 11834272, 0, 0, 0
69500, 12511669, 0, 0, 0
69604, 11782921, 0, 0, 0
69701, 11344517, 0, 0, 0
69815, 11534891, 0, 0, 0
69910, 11180514, 0, 0, 0
70004, 11619305, 0, 0, 0
70101, 11942020, 0, 0, 0
70200, 11420682, 0, 0, 0
70304, 11208263, 0, 0, 0
70406, 10663663, 0, 0, 0
70500, 11498337, 0, 0, 0
70600, 10284120, 0, 0, 0
70707, 11061166, 0, 0, 0
70800, 11461447, 0, 0, 0
70904, 12730679, 0, 0, 0
71004, 9956888, 0, 0, 0
71108, 11927668, 0, 0, 0
71206, 12236855, 0, 0, 0
71304, 12204637, 0, 0, 0
71406, 10346297, 0, 0, 0
71506, 12444899, 0, 0, 0
71600, 10889051, 0, 0, 0
71703, 12875593, 0, 0, 0
71802, 12557475, 0, 0, 0
71903, 11602158, 0, 0, 0
72003, 12733509, 0, 0, 0
72102, 11774371, 0, 0, 0
72202, 12710205, 0, 0, 0
72303, 12328045, 0, 0, 0
72403, 12948390, 0, 0, 0
72504, 11101234, 0, 0, 0
72601, 12189918, 0, 0, 0
72703, 10537005, 0, 0, 0
72802, 10370874, 0, 0, 0
72909, 11086977, 0, 0, 0
73004, 11984975, 0, 0, 0
73108, 11480977, 0, 0, 0
73201, 12281356, 0, 0, 0
73301, 12085980, 0, 0, 0
73401, 10816608, 0, 0, 0
73509, 12252760, 0, 0, 0
73601, 10236229, 0, 0, 0
73700, 10586871, 0, 0, 0
73802, 11269754, 0, 0, 0
73901, 10828482, 0, 0, 0
74006, 11725092, 0, 0, 0
74107, 12647834, 0, 0, 0
74203, 12794608, 0, 0, 0
74306, 11702918, 0, 0, 0
74403, 12683937, 0, 0, 0
74502, 12551984, 0, 0, 0
74601, 12227989, 0, 0, 0
74702, 12849181, 0, 0, 0
74800, 12060836, 0, 0, 0
74904, 13422874, 0, 0, 0
75007, 10975925, 0, 0, 0
75112, 10766172, 0, 0, 0
75207, 10834522, 0, 0, 0
75300, 9570292, 0, 0, 0
75407, 10986075, 0, 0, 0
75500, 11015514, 0, 0, 0
75603, 10459874, 0, 0, 0
75707, 11269830, 0, 0, 0
75809, 10958191, 0, 0, 0
75911, 11506426, 0, 0, 0
76007, 11843726, 0, 0, 0
76100, 11297794, 0, 0, 0
76201, 9950452, 0, 0, 0
76312, 11723737, 0, 0, 0
76409, 11411831, 0, 0, 0
76502, 11965821, 0, 0, 0
76604, 9764771, 0, 0, 0
76701, 10574138, 0, 0, 0
76803, 10491762, 0, 0, 0
76908, 11314183, 0, 0, 0
77001, 11273394, 0, 0, 0
77100, 12488897, 0, 0, 0
77200, 10924405, 0, 0, 0
77308, 11612466, 0, 0, 0
77405, 12427920, 0, 0, 0
77509, 10728561, 0, 0, 0
77607, 11076598, 0, 0, 0
77701, 10902104, 0, 0, 0
77805, 10991147, 0, 0, 0
77904, 11002724, 0, 0, 0
78003, 11185903, 0, 0, 0
78111, 10874447, 0, 0, 0
78204, 11368844, 0, 0, 0
78306, 11353144, 0, 0, 0
78403, 11119256, 0, 0, 0
78500, 11911756, 0, 0, 0
78600, 11194258, 0, 0, 0
78709, 11032629, 0, 0, 0
78804, 11384342, 0, 0, 0
78901, 10156174, 0, 0, 0
79010, 11221094, 0, 0, 0
79102, 10990998, 0, 0, 0
79203, 11834728, 0, 0, 0
79310, 13237537, 0, 0, 0
79400, 11556851, 0, 0, 0
79508, 11824145, 0, 0, 0
79605, 11279502, 0, 0, 0
79701, 10576547, 0, 0, 0
79806, 11901011, 0, 0, 0
79904, 10861670, 0, 0, 0
80002, 10061143, 0, 0, 0
80101, 9991471, 0, 0, 0
80200, 9659206, 0, 0, 0
80301, 11039678, 0, 0, 0
80400, 10917716, 0, 0, 0
80502, 11527110, 0, 0, 0
80601, 9944057, 0, 0, 0
80705, 10502085, 0, 0, 0
80802, 11934458, 0, 0, 0
80900, 11224417, 0, 0, 0
81004, 11639011, 0, 0, 0
81103, 11797639, 0, 0, 0
81203, 11821837, 0, 0, 0
81304, 11936348, 0, 0, 0
81404, 11333369, 0, 0, 0
81503, 11745015, 0, 0, 0
81603, 11249479, 0, 0, 0
81705, 11949344, 0, 0, 0
81801, 10868596, 0, 0, 0
81901, 9603909, 0, 0, 0
82005, 10664357, 0, 0, 0
82103, 9714199, 0, 0, 0
82205, 10206366, 0, 0, 0
82303, 10750333, 0, 0, 0
82403, 11357953, 0, 0, 0
82501, 11555927, 0, 0, 0
82600, 11985430, 0, 0, 0
82700, 11316739, 0, 0, 0
82801, 11623166, 0, 0, 0
82906, 11997018, 0, 0, 0
83004, 12106503, 0, 0, 0
83100, 12152749, 0, 0, 0
83202, 12746390, 0, 0, 0
83306, 11484891, 0, 0, 0
83400, 13065831, 0, 0, 0
83506, 11300022, 0, 0, 0
83604, 11039871, 0, 0, 0
83702, 11419071, 0, 0, 0
83807, 12241923, 0, 0, 0
83909, 11318863, 0, 0, 0
84007, 13024759, 0, 0, 0
84100, 11521935, 0, 0, 0
84200, 12078149, 0, 0, 0
84302, 11571955, 0, 0, 0
84405, 11198988, 0, 0, 0
84507, 12607002, 0, 0, 0
84604, 12027628, 0, 0, 0
84710, 12422241, 0, 0, 0
84802, 12642887, 0, 0, 0
84908, 12056686, 0, 0, 0
85004, 12937633, 0, 0, 0
85103, 11210767, 0, 0, 0
85200, 12099548, 0, 0, 0
85300, 11876965, 0, 0, 0
85407, 10976220, 0, 0, 0
85501, 11368033, 0, 0, 0
85600, 12577623, 0, 0, 0
85701, 12882584, 0, 0, 0
85802, 11231693, 0, 0, 0
85900, 12637487, 0, 0, 0
86005, 12709141, 0, 0, 0
86103, 13145340, 0, 0, 0
86203, 12803479, 0, 0, 0
86303, 11153286, 0, 0, 0
86405, 10759415, 0, 0, 0
86509, 12913924, 0, 0, 0
86600, 14987119, 0, 0, 0
86702, 11940574, 0, 0, 0
86805, 11866277, 0, 0, 0
86900, 13110034, 0, 0, 0
87006, 11726622, 0, 0, 0
87104, 11855341, 0, 0, 0
87207, 12600745, 0, 0, 0
87303, 12044083, 0, 0, 0
87401, 11184238, 0, 0, 0
87504, 12035874, 0, 0, 0
87600, 13123465, 0, 0, 0
87711, 11716121, 0, 0, 0
87802, 11886039, 0, 0, 0
87906, 12788123, 0, 0, 0
88001, 11885964, 0, 0, 0
88100, 10359076, 0, 0, 0
88206, 11133478, 0, 0, 0
88301, 11722958, 0, 0, 0
88400, 11274264, 0, 0, 0
88500, 11756148, 0, 0, 0
88601, 11111515, 0, 0, 0
88709, 11177820, 0, 0, 0
88803, 11338533, 0, 0, 0
88903, 11121829, 0, 0, 0
89005, 11223246, 0, 0, 0
89103, 12225033, 0, 0, 0
89204, 11552919, 0, 0, 0
89303, 11462013, 0, 0, 0
89400, 12417799, 0, 0, 0
89502, 12569840, 0, 0, 0
89607, 11940762, 0, 0, 0
89703, 10767149, 0, 0, 0
89800, 11582822, 0, 0, 0
89904, 11948949, 0, 0, 0
90002, 12188265, 0, 0, 0
90004, 13517521, 0, 0, 0
