250, 264192, 0, 0, 0
350, 184320, 0, 0, 0
450, 230400, 0, 0, 0
550, 322560, 0, 0, 0
650, 276480, 0, 0, 0
749, 372363, 0, 0, 0
849, 291840, 0, 0, 0
949, 215040, 0, 0, 0
1049, 276480, 0, 0, 0
1149, 276480, 0, 0, 0
1249, 230400, 0, 0, 0
1349, 307200, 0, 0, 0
1449, 230400, 0, 0, 0
1549, 153600, 0, 0, 0
1650, 307200, 0, 0, 0
1749, 325818, 0, 0, 0
1849, 276480, 0, 0, 0
1949, 184320, 0, 0, 0
2049, 276480, 0, 0, 0
2149, 199680, 0, 0, 0
2249, 245760, 0, 0, 0
2349, 245760, 0, 0, 0
2449, 245760, 0, 0, 0
2549, 307200, 0, 0, 0
2649, 245760, 0, 0, 0
2749, 184320, 0, 0, 0
2849, 245760, 0, 0, 0
2949, 245760, 0, 0, 0
3050, 138240, 0, 0, 0
3150, 245760, 0, 0, 0
3249, 248242, 0, 0, 0
3349, 261120, 0, 0, 0
3449, 353280, 0, 0, 0
3549, 353280, 0, 0, 0
3649, 245760, 0, 0, 0
3749, 291840, 0, 0, 0
3849, 276480, 0, 0, 0
3949, 245760, 0, 0, 0
4049, 153600, 0, 0, 0
4149, 445440, 0, 0, 0
4249, 276480, 0, 0, 0
4349, 245760, 0, 0, 0
4449, 230400, 0, 0, 0
4550, 276480, 0, 0, 0
4650, 230400, 0, 0, 0
4749, 263757, 0, 0, 0
4849, 276480, 0, 0, 0
4949, 199680, 0, 0, 0
5049, 245760, 0, 0, 0
5149, 337920, 0, 0, 0
5249, 245760, 0, 0, 0
5349, 261120, 0, 0, 0
5449, 215040, 0, 0, 0
5549, 276480, 0, 0, 0
5649, 261120, 0, 0, 0
5749, 276480, 0, 0, 0
5849, 230400, 0, 0, 0
5949, 276480, 0, 0, 0
6050, 276480, 0, 0, 0
6150, 291840, 0, 0, 0
6249, 325818, 0, 0, 0
6349, 261120, 0, 0, 0
6449, 215040, 0, 0, 0
6549, 245760, 0, 0, 0
6649, 322560, 0, 0, 0
6749, 276480, 0, 0, 0
6849, 245760, 0, 0, 0
6949, 245760, 0, 0, 0
7049, 245760, 0, 0, 0
7149, 230400, 0, 0, 0
7250, 261120, 0, 0, 0
7350, 307200, 0, 0, 0
7450, 168960, 0, 0, 0
7550, 230400, 0, 0, 0
7650, 337920, 0, 0, 0
7749, 279272, 0, 0, 0
7849, 276480, 0, 0, 0
7949, 322560, 0, 0, 0
8049, 245760, 0, 0, 0
8149, 199680, 0, 0, 0
8249, 230400, 0, 0, 0
8349, 291840, 0, 0, 0
8449, 230400, 0, 0, 0
8549, 199680, 0, 0, 0
8649, 276480, 0, 0, 0
8750, 307200, 0, 0, 0
8850, 276480, 0, 0, 0
8950, 215040, 0, 0, 0
9050, 291840, 0, 0, 0
9150, 230400, 0, 0, 0
9249, 310303, 0, 0, 0
9349, 261120, 0, 0, 0
9449, 291840, 0, 0, 0
9549, 138240, 0, 0, 0
9649, 291840, 0, 0, 0
9749, 322560, 0, 0, 0
9849, 168960, 0, 0, 0
9949, 307200, 0, 0, 0
10049, 307200, 0, 0, 0
10149, 276480, 0, 0, 0
10250, 215040, 0, 0, 0
10350, 261120, 0, 0, 0
10450, 215040, 0, 0, 0
10550, 261120, 0, 0, 0
10650, 122880, 0, 0, 0
10749, 201696, 0, 0, 0
10849, 322560, 0, 0, 0
10949, 215040, 0, 0, 0
11049, 245760, 0, 0, 0
11149, 307200, 0, 0, 0
11249, 245760, 0, 0, 0
11349, 261120, 0, 0, 0
11449, 307200, 0, 0, 0
11550, 261120, 0, 0, 0
11650, 307200, 0, 0, 0
11749, 232727, 0, 0, 0
11849, 230400, 0, 0, 0
11949, 276480, 0, 0, 0
12049, 245760, 0, 0, 0
12149, 307200, 0, 0, 0
12249, 168960, 0, 0, 0
12349, 261120, 0, 0, 0
12449, 245760, 0, 0, 0
12549, 307200, 0, 0, 0
12649, 215040, 0, 0, 0
12749, 291840, 0, 0, 0
12849, 245760, 0, 0, 0
12950, 337920, 0, 0, 0
13050, 353280, 0, 0, 0
13150, 261120, 0, 0, 0
13249, 186181, 0, 0, 0
13349, 276480, 0, 0, 0
13449, 307200, 0, 0, 0
13549, 215040, 0, 0, 0
13649, 168960, 0, 0, 0
13749, 245760, 0, 0, 0
13849, 199680, 0, 0, 0
13949, 215040, 0, 0, 0
14049, 307200, 0, 0, 0
14149, 215040, 0, 0, 0
14249, 322560, 0, 0, 0
14350, 368640, 0, 0, 0
14450, 199680, 0, 0, 0
14550, 291840, 0, 0, 0
14650, 245760, 0, 0, 0
14749, 201696, 0, 0, 0
14849, 368640, 0, 0, 0
14949, 245760, 0, 0, 0
15049, 307200, 0, 0, 0
15149, 215040, 0, 0, 0
15249, 230400, 0, 0, 0
15349, 215040, 0, 0, 0
15449, 307200, 0, 0, 0
15549, 261120, 0, 0, 0
15649, 184320, 0, 0, 0
15749, 245760, 0, 0, 0
15850, 276480, 0, 0, 0
15950, 291840, 0, 0, 0
16050, 245760, 0, 0, 0
16150, 261120, 0, 0, 0
16249, 263757, 0, 0, 0
16349, 261120, 0, 0, 0
16449, 261120, 0, 0, 0
16549, 230400, 0, 0, 0
16649, 215040, 0, 0, 0
16749, 230400, 0, 0, 0
16849, 215040, 0, 0, 0
16949, 291840, 0, 0, 0
17049, 276480, 0, 0, 0
17149, 184320, 0, 0, 0
17249, 337920, 0, 0, 0
17349, 230400, 0, 0, 0
17450, 245760, 0, 0, 0
17550, 184320, 0, 0, 0
17650, 261120, 0, 0, 0
17749, 201696, 0, 0, 0
17849, 307200, 0, 0, 0
17949, 261120, 0, 0, 0
18049, 337920, 0, 0, 0
18149, 291840, 0, 0, 0
18249, 153600, 0, 0, 0
18349, 307200, 0, 0, 0
18449, 353280, 0, 0, 0
18549, 230400, 0, 0, 0
18649, 230400, 0, 0, 0
18749, 368640, 0, 0, 0
18850, 276480, 0, 0, 0
18950, 230400, 0, 0, 0
19050, 261120, 0, 0, 0
19150, 215040, 0, 0, 0
19249, 201696, 0, 0, 0
19349, 230400, 0, 0, 0
19449, 199680, 0, 0, 0
19549, 199680, 0, 0, 0
19649, 245760, 0, 0, 0
19749, 261120, 0, 0, 0
19849, 230400, 0, 0, 0
19949, 322560, 0, 0, 0
20049, 353280, 0, 0, 0
20149, 276480, 0, 0, 0
20250, 276480, 0, 0, 0
20350, 261120, 0, 0, 0
20450, 276480, 0, 0, 0
20550, 322560, 0, 0, 0
20650, 245760, 0, 0, 0
20749, 248242, 0, 0, 0
20849, 184320, 0, 0, 0
20949, 261120, 0, 0, 0
21049, 291840, 0, 0, 0
21149, 368640, 0, 0, 0
21249, 307200, 0, 0, 0
21349, 215040, 0, 0, 0
21449, 261120, 0, 0, 0
21549, 276480, 0, 0, 0
21649, 199680, 0, 0, 0
21750, 245760, 0, 0, 0
21850, 168960, 0, 0, 0
21950, 215040, 0, 0, 0
22050, 307200, 0, 0, 0
22150, 307200, 0, 0, 0
22249, 232727, 0, 0, 0
22349, 230400, 0, 0, 0
22449, 245760, 0, 0, 0
22549, 291840, 0, 0, 0
22649, 230400, 0, 0, 0
22749, 261120, 0, 0, 0
22849, 215040, 0, 0, 0
22949, 215040, 0, 0, 0
23049, 276480, 0, 0, 0
23149, 215040, 0, 0, 0
23249, 245760, 0, 0, 0
23350, 215040, 0, 0, 0
23450, 230400, 0, 0, 0
23550, 261120, 0, 0, 0
23650, 291840, 0, 0, 0
23749, 341333, 0, 0, 0
23849, 261120, 0, 0, 0
23949, 276480, 0, 0, 0
24049, 230400, 0, 0, 0
24149, 230400, 0, 0, 0
24249, 322560, 0, 0, 0
24349, 261120, 0, 0, 0
24449, 261120, 0, 0, 0
24549, 337920, 0, 0, 0
24649, 261120, 0, 0, 0
24750, 245760, 0, 0, 0
24850, 245760, 0, 0, 0
24950, 245760, 0, 0, 0
25050, 322560, 0, 0, 0
25150, 307200, 0, 0, 0
25249, 263757, 0, 0, 0
25349, 245760, 0, 0, 0
25449, 230400, 0, 0, 0
25549, 245760, 0, 0, 0
25649, 245760, 0, 0, 0
25749, 153600, 0, 0, 0
25849, 291840, 0, 0, 0
25949, 276480, 0, 0, 0
26049, 291840, 0, 0, 0
26149, 245760, 0, 0, 0
26249, 215040, 0, 0, 0
26350, 322560, 0, 0, 0
26450, 307200, 0, 0, 0
26550, 261120, 0, 0, 0
26650, 307200, 0, 0, 0
26749, 294787, 0, 0, 0
26849, 184320, 0, 0, 0
26949, 276480, 0, 0, 0
27049, 261120, 0, 0, 0
27149, 291840, 0, 0, 0
27249, 291840, 0, 0, 0
27349, 291840, 0, 0, 0
27449, 307200, 0, 0, 0
27549, 215040, 0, 0, 0
27649, 261120, 0, 0, 0
27750, 215040, 0, 0, 0
27850, 276480, 0, 0, 0
27950, 168960, 0, 0, 0
28050, 199680, 0, 0, 0
28150, 153600, 0, 0, 0
28249, 279272, 0, 0, 0
28349, 337920, 0, 0, 0
28449, 291840, 0, 0, 0
28549, 291840, 0, 0, 0
28649, 215040, 0, 0, 0
28749, 276480, 0, 0, 0
28849, 215040, 0, 0, 0
28949, 184320, 0, 0, 0
29050, 291840, 0, 0, 0
29150, 245760, 0, 0, 0
29249, 372363, 0, 0, 0
29349, 322560, 0, 0, 0
29449, 291840, 0, 0, 0
29549, 199680, 0, 0, 0
29649, 215040, 0, 0, 0
29749, 261120, 0, 0, 0
29849, 184320, 0, 0, 0
29949, 230400, 0, 0, 0
30049, 230400, 0, 0, 0
30149, 261120, 0, 0, 0
30249, 230400, 0, 0, 0
30349, 245760, 0, 0, 0
30449, 276480, 0, 0, 0
30550, 199680, 0, 0, 0
30650, 322560, 0, 0, 0
30749, 263757, 0, 0, 0
30849, 230400, 0, 0, 0
30949, 261120, 0, 0, 0
31049, 245760, 0, 0, 0
31149, 307200, 0, 0, 0
31249, 215040, 0, 0, 0
31349, 245760, 0, 0, 0
31449, 215040, 0, 0, 0
31549, 291840, 0, 0, 0
31649, 245760, 0, 0, 0
31749, 322560, 0, 0, 0
31849, 322560, 0, 0, 0
31949, 230400, 0, 0, 0
32050, 291840, 0, 0, 0
32150, 291840, 0, 0, 0
32249, 217212, 0, 0, 0
32349, 261120, 0, 0, 0
32449, 245760, 0, 0, 0
32549, 230400, 0, 0, 0
32649, 291840, 0, 0, 0
32749, 245760, 0, 0, 0
32849, 261120, 0, 0, 0
32949, 276480, 0, 0, 0
33049, 276480, 0, 0, 0
33150, 307200, 0, 0, 0
33249, 201696, 0, 0, 0
33349, 230400, 0, 0, 0
33449, 184320, 0, 0, 0
33549, 215040, 0, 0, 0
33649, 291840, 0, 0, 0
33749, 322560, 0, 0, 0
33849, 245760, 0, 0, 0
33949, 322560, 0, 0, 0
34049, 245760, 0, 0, 0
34149, 153600, 0, 0, 0
34249, 368640, 0, 0, 0
34349, 215040, 0, 0, 0
34449, 215040, 0, 0, 0
34550, 215040, 0, 0, 0
34650, 291840, 0, 0, 0
34749, 279272, 0, 0, 0
34849, 153600, 0, 0, 0
34949, 245760, 0, 0, 0
35049, 353280, 0, 0, 0
35149, 230400, 0, 0, 0
35249, 230400, 0, 0, 0
35349, 276480, 0, 0, 0
35449, 276480, 0, 0, 0
35549, 230400, 0, 0, 0
35649, 261120, 0, 0, 0
35749, 291840, 0, 0, 0
35850, 276480, 0, 0, 0
35950, 337920, 0, 0, 0
36050, 353280, 0, 0, 0
36150, 276480, 0, 0, 0
36249, 248242, 0, 0, 0
36349, 291840, 0, 0, 0
36449, 276480, 0, 0, 0
36549, 261120, 0, 0, 0
36649, 322560, 0, 0, 0
36749, 276480, 0, 0, 0
36849, 322560, 0, 0, 0
36949, 291840, 0, 0, 0
37049, 261120, 0, 0, 0
37149, 184320, 0, 0, 0
37249, 276480, 0, 0, 0
37349, 291840, 0, 0, 0
37449, 261120, 0, 0, 0
37550, 291840, 0, 0, 0
37650, 230400, 0, 0, 0
37749, 155151, 0, 0, 0
37849, 215040, 0, 0, 0
37949, 184320, 0, 0, 0
38049, 307200, 0, 0, 0
38149, 276480, 0, 0, 0
38249, 337920, 0, 0, 0
38349, 276480, 0, 0, 0
38449, 291840, 0, 0, 0
38549, 230400, 0, 0, 0
38649, 353280, 0, 0, 0
38749, 276480, 0, 0, 0
38849, 245760, 0, 0, 0
38949, 368640, 0, 0, 0
39049, 215040, 0, 0, 0
39150, 322560, 0, 0, 0
39249, 232727, 0, 0, 0
39349, 261120, 0, 0, 0
39449, 307200, 0, 0, 0
39549, 245760, 0, 0, 0
39649, 245760, 0, 0, 0
39749, 230400, 0, 0, 0
39849, 230400, 0, 0, 0
39949, 184320, 0, 0, 0
40049, 230400, 0, 0, 0
40149, 399360, 0, 0, 0
40249, 199680, 0, 0, 0
40349, 230400, 0, 0, 0
40449, 276480, 0, 0, 0
40549, 230400, 0, 0, 0
40650, 261120, 0, 0, 0
40749, 263757, 0, 0, 0
40849, 322560, 0, 0, 0
40949, 322560, 0, 0, 0
41049, 199680, 0, 0, 0
41149, 337920, 0, 0, 0
41249, 307200, 0, 0, 0
41349, 291840, 0, 0, 0
41449, 337920, 0, 0, 0
41549, 368640, 0, 0, 0
41649, 291840, 0, 0, 0
41749, 261120, 0, 0, 0
41849, 168960, 0, 0, 0
41949, 276480, 0, 0, 0
42049, 307200, 0, 0, 0
42149, 184320, 0, 0, 0
42250, 291840, 0, 0, 0
42350, 276480, 0, 0, 0
42450, 184320, 0, 0, 0
42550, 215040, 0, 0, 0
42650, 291840, 0, 0, 0
42750, 279272, 0, 0, 0
42850, 245760, 0, 0, 0
42950, 230400, 0, 0, 0
43050, 245760, 0, 0, 0
43150, 261120, 0, 0, 0
43249, 201696, 0, 0, 0
43349, 138240, 0, 0, 0
43449, 230400, 0, 0, 0
43549, 322560, 0, 0, 0
43649, 215040, 0, 0, 0
43749, 215040, 0, 0, 0
43849, 261120, 0, 0, 0
43949, 215040, 0, 0, 0
44049, 245760, 0, 0, 0
44149, 245760, 0, 0, 0
44250, 322560, 0, 0, 0
44350, 215040, 0, 0, 0
44450, 261120, 0, 0, 0
44550, 230400, 0, 0, 0
44650, 168960, 0, 0, 0
44749, 217212, 0, 0, 0
44849, 337920, 0, 0, 0
44949, 230400, 0, 0, 0
45049, 353280, 0, 0, 0
45149, 138240, 0, 0, 0
45249, 168960, 0, 0, 0
45349, 215040, 0, 0, 0
45449, 276480, 0, 0, 0
45549, 291840, 0, 0, 0
45649, 230400, 0, 0, 0
45749, 230400, 0, 0, 0
45849, 168960, 0, 0, 0
45950, 199680, 0, 0, 0
46050, 215040, 0, 0, 0
46150, 230400, 0, 0, 0
46249, 232727, 0, 0, 0
46349, 245760, 0, 0, 0
46449, 215040, 0, 0, 0
46549, 291840, 0, 0, 0
46649, 230400, 0, 0, 0
46749, 215040, 0, 0, 0
46849, 245760, 0, 0, 0
46949, 215040, 0, 0, 0
47049, 230400, 0, 0, 0
47149, 261120, 0, 0, 0
47249, 276480, 0, 0, 0
47349, 245760, 0, 0, 0
47449, 153600, 0, 0, 0
47550, 261120, 0, 0, 0
47650, 276480, 0, 0, 0
47749, 201696, 0, 0, 0
47849, 307200, 0, 0, 0
47949, 291840, 0, 0, 0
48049, 199680, 0, 0, 0
48149, 307200, 0, 0, 0
48249, 230400, 0, 0, 0
48349, 199680, 0, 0, 0
48449, 276480, 0, 0, 0
48549, 307200, 0, 0, 0
48649, 153600, 0, 0, 0
48749, 215040, 0, 0, 0
48849, 322560, 0, 0, 0
48949, 153600, 0, 0, 0
49050, 153600, 0, 0, 0
49150, 215040, 0, 0, 0
49249, 170666, 0, 0, 0
49349, 276480, 0, 0, 0
49449, 291840, 0, 0, 0
49549, 261120, 0, 0, 0
49649, 215040, 0, 0, 0
49749, 199680, 0, 0, 0
49849, 291840, 0, 0, 0
49949, 230400, 0, 0, 0
50049, 261120, 0, 0, 0
50149, 245760, 0, 0, 0
50249, 230400, 0, 0, 0
50349, 215040, 0, 0, 0
50449, 245760, 0, 0, 0
50550, 230400, 0, 0, 0
50650, 291840, 0, 0, 0
50749, 232727, 0, 0, 0
50849, 261120, 0, 0, 0
50949, 245760, 0, 0, 0
51049, 291840, 0, 0, 0
51149, 245760, 0, 0, 0
51249, 245760, 0, 0, 0
51349, 245760, 0, 0, 0
51449, 261120, 0, 0, 0
51549, 353280, 0, 0, 0
51649, 291840, 0, 0, 0
51749, 245760, 0, 0, 0
51849, 215040, 0, 0, 0
51949, 230400, 0, 0, 0
52049, 184320, 0, 0, 0
52150, 215040, 0, 0, 0
52249, 310303, 0, 0, 0
52349, 215040, 0, 0, 0
52449, 291840, 0, 0, 0
52549, 199680, 0, 0, 0
52649, 245760, 0, 0, 0
52749, 199680, 0, 0, 0
52849, 199680, 0, 0, 0
52949, 245760, 0, 0, 0
53049, 276480, 0, 0, 0
53149, 230400, 0, 0, 0
53249, 199680, 0, 0, 0
53349, 261120, 0, 0, 0
53449, 245760, 0, 0, 0
53550, 245760, 0, 0, 0
53650, 261120, 0, 0, 0
53749, 155151, 0, 0, 0
53849, 199680, 0, 0, 0
53949, 261120, 0, 0, 0
54049, 184320, 0, 0, 0
54149, 230400, 0, 0, 0
54249, 307200, 0, 0, 0
54349, 291840, 0, 0, 0
54449, 276480, 0, 0, 0
54549, 230400, 0, 0, 0
54649, 215040, 0, 0, 0
54749, 291840, 0, 0, 0
54849, 215040, 0, 0, 0
54949, 230400, 0, 0, 0
55050, 245760, 0, 0, 0
55150, 261120, 0, 0, 0
55249, 279272, 0, 0, 0
55349, 153600, 0, 0, 0
55449, 261120, 0, 0, 0
55549, 199680, 0, 0, 0
55649, 184320, 0, 0, 0
55749, 215040, 0, 0, 0
55849, 245760, 0, 0, 0
55949, 291840, 0, 0, 0
56049, 230400, 0, 0, 0
56149, 245760, 0, 0, 0
56249, 199680, 0, 0, 0
56349, 230400, 0, 0, 0
56449, 215040, 0, 0, 0
56549, 245760, 0, 0, 0
56649, 245760, 0, 0, 0
56750, 261120, 0, 0, 0
56850, 261120, 0, 0, 0
56950, 138240, 0, 0, 0
57050, 261120, 0, 0, 0
57150, 245760, 0, 0, 0
57249, 294787, 0, 0, 0
57349, 230400, 0, 0, 0
57449, 230400, 0, 0, 0
57549, 245760, 0, 0, 0
57649, 276480, 0, 0, 0
57749, 230400, 0, 0, 0
57849, 215040, 0, 0, 0
57949, 245760, 0, 0, 0
58049, 230400, 0, 0, 0
58149, 138240, 0, 0, 0
58250, 168960, 0, 0, 0
58350, 230400, 0, 0, 0
58450, 153600, 0, 0, 0
58550, 184320, 0, 0, 0
58650, 215040, 0, 0, 0
58749, 310303, 0, 0, 0
58849, 261120, 0, 0, 0
58949, 199680, 0, 0, 0
59049, 153600, 0, 0, 0
59149, 199680, 0, 0, 0
59249, 199680, 0, 0, 0
59349, 261120, 0, 0, 0
59449, 153600, 0, 0, 0
59549, 261120, 0, 0, 0
59649, 307200, 0, 0, 0
59749, 322560, 0, 0, 0
59849, 230400, 0, 0, 0
59950, 122880, 0, 0, 0
