250, 388, 0, 0, 0
350, 460, 0, 0, 0
450, 440, 0, 0, 0
550, 500, 0, 0, 0
650, 540, 0, 0, 0
749, 383, 0, 0, 0
849, 490, 0, 0, 0
949, 480, 0, 0, 0
1049, 450, 0, 0, 0
1149, 380, 0, 0, 0
1249, 470, 0, 0, 0
1349, 560, 0, 0, 0
1449, 480, 0, 0, 0
1549, 350, 0, 0, 0
1650, 420, 0, 0, 0
1749, 575, 0, 0, 0
1849, 470, 0, 0, 0
1949, 460, 0, 0, 0
2049, 420, 0, 0, 0
2149, 420, 0, 0, 0
2249, 490, 0, 0, 0
2349, 460, 0, 0, 0
2449, 460, 0, 0, 0
2549, 400, 0, 0, 0
2649, 430, 0, 0, 0
2749, 530, 0, 0, 0
2849, 520, 0, 0, 0
2949, 460, 0, 0, 0
3050, 470, 0, 0, 0
3150, 510, 0, 0, 0
3249, 434, 0, 0, 0
3349, 500, 0, 0, 0
3449, 450, 0, 0, 0
3549, 500, 0, 0, 0
3649, 380, 0, 0, 0
3749, 540, 0, 0, 0
3849, 470, 0, 0, 0
3949, 490, 0, 0, 0
4049, 480, 0, 0, 0
4149, 460, 0, 0, 0
4249, 450, 0, 0, 0
4350, 500, 0, 0, 0
4450, 500, 0, 0, 0
4550, 480, 0, 0, 0
4650, 370, 0, 0, 0
4749, 353, 0, 0, 0
4849, 410, 0, 0, 0
4949, 460, 0, 0, 0
5049, 400, 0, 0, 0
5149, 470, 0, 0, 0
5249, 480, 0, 0, 0
5349, 510, 0, 0, 0
5449, 450, 0, 0, 0
5549, 490, 0, 0, 0
5649, 410, 0, 0, 0
5750, 420, 0, 0, 0
5850, 410, 0, 0, 0
5950, 430, 0, 0, 0
6050, 500, 0, 0, 0
6150, 410, 0, 0, 0
6249, 484, 0, 0, 0
6349, 380, 0, 0, 0
6449, 490, 0, 0, 0
6549, 480, 0, 0, 0
6649, 460, 0, 0, 0
6749, 470, 0, 0, 0
6849, 430, 0, 0, 0
6949, 470, 0, 0, 0
7049, 470, 0, 0, 0
7149, 450, 0, 0, 0
7249, 380, 0, 0, 0
7349, 420, 0, 0, 0
7450, 410, 0, 0, 0
7550, 430, 0, 0, 0
7650, 440, 0, 0, 0
7749, 464, 0, 0, 0
7849, 450, 0, 0, 0
7949, 440, 0, 0, 0
8049, 420, 0, 0, 0
8149, 520, 0, 0, 0
8249, 430, 0, 0, 0
8349, 440, 0, 0, 0
8449, 500, 0, 0, 0
8549, 350, 0, 0, 0
8649, 600, 0, 0, 0
8749, 520, 0, 0, 0
8849, 480, 0, 0, 0
8949, 460, 0, 0, 0
9050, 450, 0, 0, 0
9150, 430, 0, 0, 0
9249, 353, 0, 0, 0
9349, 370, 0, 0, 0
9449, 440, 0, 0, 0
9549, 360, 0, 0, 0
9649, 440, 0, 0, 0
9749, 530, 0, 0, 0
9849, 440, 0, 0, 0
9949, 440, 0, 0, 0
10049, 400, 0, 0, 0
10149, 370, 0, 0, 0
10249, 490, 0, 0, 0
10349, 490, 0, 0, 0
10449, 360, 0, 0, 0
10550, 470, 0, 0, 0
10650, 470, 0, 0, 0
10749, 505, 0, 0, 0
10849, 390, 0, 0, 0
10949, 490, 0, 0, 0
11049, 460, 0, 0, 0
11149, 560, 0, 0, 0
11249, 420, 0, 0, 0
11349, 430, 0, 0, 0
11449, 420, 0, 0, 0
11549, 590, 0, 0, 0
11649, 480, 0, 0, 0
11749, 430, 0, 0, 0
11849, 410, 0, 0, 0
11949, 450, 0, 0, 0
12050, 470, 0, 0, 0
12150, 450, 0, 0, 0
12249, 494, 0, 0, 0
12349, 490, 0, 0, 0
12449, 560, 0, 0, 0
12549, 430, 0, 0, 0
12649, 490, 0, 0, 0
12749, 500, 0, 0, 0
12849, 400, 0, 0, 0
12949, 470, 0, 0, 0
13049, 400, 0, 0, 0
13149, 420, 0, 0, 0
13249, 450, 0, 0, 0
13349, 490, 0, 0, 0
13450, 400, 0, 0, 0
13550, 410, 0, 0, 0
13650, 450, 0, 0, 0
13749, 454, 0, 0, 0
13849, 440, 0, 0, 0
13949, 450, 0, 0, 0
14049, 410, 0, 0, 0
14149, 530, 0, 0, 0
14249, 410, 0, 0, 0
14349, 470, 0, 0, 0
14449, 400, 0, 0, 0
14549, 500, 0, 0, 0
14649, 410, 0, 0, 0
14749, 480, 0, 0, 0
14850, 480, 0, 0, 0
14950, 460, 0, 0, 0
15050, 390, 0, 0, 0
15150, 490, 0, 0, 0
15249, 525, 0, 0, 0
15349, 450, 0, 0, 0
15449, 550, 0, 0, 0
15549, 510, 0, 0, 0
15649, 500, 0, 0, 0
15749, 530, 0, 0, 0
15849, 450, 0, 0, 0
15949, 520, 0, 0, 0
16049, 470, 0, 0, 0
16150, 560, 0, 0, 0
16250, 410, 0, 0, 0
16350, 530, 0, 0, 0
16450, 540, 0, 0, 0
16550, 430, 0, 0, 0
16650, 410, 0, 0, 0
16749, 505, 0, 0, 0
16849, 490, 0, 0, 0
16949, 410, 0, 0, 0
17049, 480, 0, 0, 0
17149, 540, 0, 0, 0
17249, 480, 0, 0, 0
17349, 440, 0, 0, 0
17449, 410, 0, 0, 0
17549, 400, 0, 0, 0
17650, 490, 0, 0, 0
17749, 535, 0, 0, 0
17849, 440, 0, 0, 0
17949, 420, 0, 0, 0
18049, 490, 0, 0, 0
18149, 420, 0, 0, 0
18249, 470, 0, 0, 0
18349, 470, 0, 0, 0
18449, 470, 0, 0, 0
18549, 420, 0, 0, 0
18649, 460, 0, 0, 0
18749, 440, 0, 0, 0
18850, 490, 0, 0, 0
18950, 530, 0, 0, 0
19050, 430, 0, 0, 0
19150, 550, 0, 0, 0
19249, 484, 0, 0, 0
19349, 390, 0, 0, 0
19449, 620, 0, 0, 0
19549, 440, 0, 0, 0
19649, 390, 0, 0, 0
19749, 490, 0, 0, 0
19849, 440, 0, 0, 0
19949, 470, 0, 0, 0
20049, 420, 0, 0, 0
20149, 580, 0, 0, 0
20250, 390, 0, 0, 0
20350, 490, 0, 0, 0
20450, 500, 0, 0, 0
20550, 380, 0, 0, 0
20650, 560, 0, 0, 0
20749, 434, 0, 0, 0
20849, 380, 0, 0, 0
20949, 370, 0, 0, 0
21049, 500, 0, 0, 0
21149, 580, 0, 0, 0
21249, 430, 0, 0, 0
21349, 430, 0, 0, 0
21449, 470, 0, 0, 0
21549, 490, 0, 0, 0
21649, 430, 0, 0, 0
21750, 450, 0, 0, 0
21850, 480, 0, 0, 0
21950, 480, 0, 0, 0
22050, 560, 0, 0, 0
22150, 450, 0, 0, 0
22249, 525, 0, 0, 0
22349, 460, 0, 0, 0
22449, 510, 0, 0, 0
22549, 480, 0, 0, 0
22649, 490, 0, 0, 0
22749, 470, 0, 0, 0
22849, 440, 0, 0, 0
22949, 480, 0, 0, 0
23049, 400, 0, 0, 0
23149, 470, 0, 0, 0
23250, 450, 0, 0, 0
23350, 440, 0, 0, 0
23450, 480, 0, 0, 0
23550, 420, 0, 0, 0
23650, 510, 0, 0, 0
23749, 383, 0, 0, 0
23849, 430, 0, 0, 0
23949, 410, 0, 0, 0
24049, 530, 0, 0, 0
24149, 530, 0, 0, 0
24249, 570, 0, 0, 0
24349, 480, 0, 0, 0
24449, 480, 0, 0, 0
24549, 500, 0, 0, 0
24649, 460, 0, 0, 0
24750, 470, 0, 0, 0
24850, 490, 0, 0, 0
24950, 450, 0, 0, 0
25050, 460, 0, 0, 0
25150, 510, 0, 0, 0
25249, 444, 0, 0, 0
25349, 560, 0, 0, 0
25449, 490, 0, 0, 0
25549, 490, 0, 0, 0
25649, 500, 0, 0, 0
25749, 400, 0, 0, 0
25849, 520, 0, 0, 0
25949, 500, 0, 0, 0
26049, 530, 0, 0, 0
26149, 450, 0, 0, 0
26250, 430, 0, 0, 0
26350, 500, 0, 0, 0
26450, 460, 0, 0, 0
26550, 420, 0, 0, 0
26650, 440, 0, 0, 0
26749, 474, 0, 0, 0
26849, 430, 0, 0, 0
26949, 540, 0, 0, 0
27049, 470, 0, 0, 0
27149, 510, 0, 0, 0
27249, 420, 0, 0, 0
27349, 440, 0, 0, 0
27449, 410, 0, 0, 0
27549, 500, 0, 0, 0
27649, 480, 0, 0, 0
27750, 530, 0, 0, 0
27850, 460, 0, 0, 0
27950, 390, 0, 0, 0
28050, 420, 0, 0, 0
28150, 420, 0, 0, 0
28249, 474, 0, 0, 0
28349, 530, 0, 0, 0
28449, 390, 0, 0, 0
28549, 430, 0, 0, 0
28649, 650, 0, 0, 0
28749, 600, 0, 0, 0
28849, 410, 0, 0, 0
28949, 490, 0, 0, 0
29049, 390, 0, 0, 0
29149, 490, 0, 0, 0
29249, 400, 0, 0, 0
29349, 500, 0, 0, 0
29450, 350, 0, 0, 0
29550, 460, 0, 0, 0
29650, 550, 0, 0, 0
29749, 373, 0, 0, 0
29849, 430, 0, 0, 0
29949, 480, 0, 0, 0
30049, 500, 0, 0, 0
30149, 490, 0, 0, 0
30249, 440, 0, 0, 0
30349, 400, 0, 0, 0
30449, 420, 0, 0, 0
30549, 470, 0, 0, 0
30649, 480, 0, 0, 0
30749, 470, 0, 0, 0
30849, 640, 0, 0, 0
30949, 460, 0, 0, 0
31050, 450, 0, 0, 0
31150, 480, 0, 0, 0
31249, 444, 0, 0, 0
31349, 510, 0, 0, 0
31449, 420, 0, 0, 0
31549, 410, 0, 0, 0
31649, 460, 0, 0, 0
31749, 480, 0, 0, 0
31849, 470, 0, 0, 0
31949, 510, 0, 0, 0
32049, 470, 0, 0, 0
32149, 460, 0, 0, 0
32249, 470, 0, 0, 0
32349, 520, 0, 0, 0
32449, 580, 0, 0, 0
32550, 470, 0, 0, 0
32650, 420, 0, 0, 0
32749, 434, 0, 0, 0
32849, 540, 0, 0, 0
32949, 570, 0, 0, 0
33049, 500, 0, 0, 0
33149, 580, 0, 0, 0
33249, 470, 0, 0, 0
33349, 550, 0, 0, 0
33449, 430, 0, 0, 0
33549, 450, 0, 0, 0
33649, 360, 0, 0, 0
33749, 460, 0, 0, 0
33850, 480, 0, 0, 0
33950, 480, 0, 0, 0
34050, 430, 0, 0, 0
34150, 500, 0, 0, 0
34249, 373, 0, 0, 0
34349, 420, 0, 0, 0
34449, 450, 0, 0, 0
34549, 490, 0, 0, 0
34649, 530, 0, 0, 0
34749, 480, 0, 0, 0
34849, 550, 0, 0, 0
34949, 550, 0, 0, 0
35049, 380, 0, 0, 0
35149, 470, 0, 0, 0
35249, 460, 0, 0, 0
35350, 440, 0, 0, 0
35450, 440, 0, 0, 0
35550, 340, 0, 0, 0
35650, 480, 0, 0, 0
35749, 393, 0, 0, 0
35849, 460, 0, 0, 0
35949, 500, 0, 0, 0
36049, 410, 0, 0, 0
36149, 580, 0, 0, 0
36249, 480, 0, 0, 0
36349, 450, 0, 0, 0
36449, 540, 0, 0, 0
36549, 520, 0, 0, 0
36649, 460, 0, 0, 0
36750, 480, 0, 0, 0
36850, 510, 0, 0, 0
36950, 500, 0, 0, 0
37050, 460, 0, 0, 0
37150, 370, 0, 0, 0
37249, 434, 0, 0, 0
37349, 540, 0, 0, 0
37449, 510, 0, 0, 0
37549, 480, 0, 0, 0
37649, 460, 0, 0, 0
37749, 500, 0, 0, 0
37849, 460, 0, 0, 0
37949, 440, 0, 0, 0
38049, 390, 0, 0, 0
38149, 390, 0, 0, 0
38249, 460, 0, 0, 0
38349, 360, 0, 0, 0
38450, 440, 0, 0, 0
38550, 450, 0, 0, 0
38650, 470, 0, 0, 0
38749, 444, 0, 0, 0
38849, 450, 0, 0, 0
38949, 420, 0, 0, 0
39049, 500, 0, 0, 0
39149, 490, 0, 0, 0
39249, 370, 0, 0, 0
39349, 480, 0, 0, 0
39449, 380, 0, 0, 0
39549, 480, 0, 0, 0
39649, 470, 0, 0, 0
39750, 400, 0, 0, 0
39850, 480, 0, 0, 0
39950, 480, 0, 0, 0
40050, 450, 0, 0, 0
40150, 420, 0, 0, 0
40249, 494, 0, 0, 0
40349, 500, 0, 0, 0
40449, 530, 0, 0, 0
40549, 480, 0, 0, 0
40649, 540, 0, 0, 0
40749, 380, 0, 0, 0
40849, 500, 0, 0, 0
40949, 460, 0, 0, 0
41049, 430, 0, 0, 0
41149, 450, 0, 0, 0
41250, 460, 0, 0, 0
41350, 570, 0, 0, 0
41450, 470, 0, 0, 0
41550, 490, 0, 0, 0
41650, 520, 0, 0, 0
41749, 494, 0, 0, 0
41849, 420, 0, 0, 0
41949, 500, 0, 0, 0
42049, 490, 0, 0, 0
42149, 440, 0, 0, 0
42249, 520, 0, 0, 0
42349, 460, 0, 0, 0
42449, 580, 0, 0, 0
42549, 500, 0, 0, 0
42649, 560, 0, 0, 0
42750, 500, 0, 0, 0
42850, 490, 0, 0, 0
42950, 430, 0, 0, 0
43050, 510, 0, 0, 0
43150, 520, 0, 0, 0
43249, 505, 0, 0, 0
43349, 460, 0, 0, 0
43449, 420, 0, 0, 0
43549, 450, 0, 0, 0
43649, 440, 0, 0, 0
43749, 390, 0, 0, 0
43849, 520, 0, 0, 0
43949, 470, 0, 0, 0
44050, 430, 0, 0, 0
44150, 480, 0, 0, 0
44249, 454, 0, 0, 0
44349, 510, 0, 0, 0
44449, 470, 0, 0, 0
44549, 500, 0, 0, 0
44649, 450, 0, 0, 0
44749, 550, 0, 0, 0
44849, 410, 0, 0, 0
44949, 400, 0, 0, 0
45049, 440, 0, 0, 0
45149, 550, 0, 0, 0
45249, 430, 0, 0, 0
45349, 490, 0, 0, 0
45449, 540, 0, 0, 0
45549, 490, 0, 0, 0
45649, 350, 0, 0, 0
45750, 460, 0, 0, 0
45850, 560, 0, 0, 0
45950, 550, 0, 0, 0
46050, 520, 0, 0, 0
46150, 470, 0, 0, 0
46249, 464, 0, 0, 0
46349, 490, 0, 0, 0
46449, 520, 0, 0, 0
46549, 430, 0, 0, 0
46649, 640, 0, 0, 0
46749, 460, 0, 0, 0
46849, 490, 0, 0, 0
46949, 460, 0, 0, 0
47049, 470, 0, 0, 0
47149, 390, 0, 0, 0
47250, 340, 0, 0, 0
47350, 430, 0, 0, 0
47450, 480, 0, 0, 0
47550, 490, 0, 0, 0
47650, 500, 0, 0, 0
47749, 464, 0, 0, 0
47849, 470, 0, 0, 0
47949, 390, 0, 0, 0
48049, 480, 0, 0, 0
48149, 480, 0, 0, 0
48249, 440, 0, 0, 0
48349, 440, 0, 0, 0
48449, 470, 0, 0, 0
48550, 450, 0, 0, 0
48650, 400, 0, 0, 0
48749, 404, 0, 0, 0
48849, 540, 0, 0, 0
48949, 410, 0, 0, 0
49049, 450, 0, 0, 0
49149, 510, 0, 0, 0
49249, 430, 0, 0, 0
49349, 420, 0, 0, 0
49449, 460, 0, 0, 0
49549, 520, 0, 0, 0
49649, 410, 0, 0, 0
49749, 490, 0, 0, 0
49849, 450, 0, 0, 0
49949, 450, 0, 0, 0
50050, 490, 0, 0, 0
50150, 430, 0, 0, 0
50249, 484, 0, 0, 0
50349, 480, 0, 0, 0
50449, 380, 0, 0, 0
50549, 440, 0, 0, 0
50649, 420, 0, 0, 0
50749, 480, 0, 0, 0
50849, 360, 0, 0, 0
50949, 510, 0, 0, 0
51049, 380, 0, 0, 0
51149, 390, 0, 0, 0
51249, 500, 0, 0, 0
51349, 420, 0, 0, 0
51449, 490, 0, 0, 0
51549, 490, 0, 0, 0
51649, 560, 0, 0, 0
51750, 460, 0, 0, 0
51850, 450, 0, 0, 0
51950, 370, 0, 0, 0
52050, 450, 0, 0, 0
52150, 390, 0, 0, 0
52249, 474, 0, 0, 0
52349, 380, 0, 0, 0
52449, 460, 0, 0, 0
52549, 430, 0, 0, 0
52649, 410, 0, 0, 0
52749, 440, 0, 0, 0
52849, 550, 0, 0, 0
52949, 400, 0, 0, 0
53049, 450, 0, 0, 0
53149, 350, 0, 0, 0
53249, 560, 0, 0, 0
53350, 330, 0, 0, 0
53450, 470, 0, 0, 0
53550, 440, 0, 0, 0
53650, 450, 0, 0, 0
53749, 575, 0, 0, 0
53849, 480, 0, 0, 0
53949, 490, 0, 0, 0
54049, 420, 0, 0, 0
54149, 430, 0, 0, 0
54249, 550, 0, 0, 0
54349, 560, 0, 0, 0
54449, 490, 0, 0, 0
54549, 430, 0, 0, 0
54649, 500, 0, 0, 0
54749, 390, 0, 0, 0
54849, 460, 0, 0, 0
54950, 490, 0, 0, 0
55050, 390, 0, 0, 0
55150, 470, 0, 0, 0
55249, 525, 0, 0, 0
55349, 410, 0, 0, 0
55449, 370, 0, 0, 0
55549, 550, 0, 0, 0
55649, 480, 0, 0, 0
55749, 440, 0, 0, 0
55849, 430, 0, 0, 0
55949, 380, 0, 0, 0
56049, 400, 0, 0, 0
56149, 360, 0, 0, 0
56249, 440, 0, 0, 0
56350, 420, 0, 0, 0
56450, 450, 0, 0, 0
56550, 450, 0, 0, 0
56650, 450, 0, 0, 0
56749, 424, 0, 0, 0
56849, 410, 0, 0, 0
56949, 420, 0, 0, 0
57049, 440, 0, 0, 0
57149, 410, 0, 0, 0
57249, 480, 0, 0, 0
57349, 460, 0, 0, 0
57449, 390, 0, 0, 0
57549, 410, 0, 0, 0
57649, 400, 0, 0, 0
57749, 470, 0, 0, 0
57849, 440, 0, 0, 0
57949, 520, 0, 0, 0
58050, 490, 0, 0, 0
58150, 530, 0, 0, 0
58249, 404, 0, 0, 0
58349, 410, 0, 0, 0
58449, 440, 0, 0, 0
58549, 440, 0, 0, 0
58649, 450, 0, 0, 0
58749, 390, 0, 0, 0
58849, 410, 0, 0, 0
58949, 360, 0, 0, 0
59049, 330, 0, 0, 0
59149, 360, 0, 0, 0
59249, 380, 0, 0, 0
59349, 460, 0, 0, 0
59449, 330, 0, 0, 0
59549, 430, 0, 0, 0
59650, 480, 0, 0, 0
59750, 370, 0, 0, 0
59850, 380, 0, 0, 0
59950, 380, 0, 0, 0
