101, 8841, 0, 0, 0
202, 9599, 0, 0, 0
303, 9575, 0, 0, 0
402, 8284, 0, 0, 0
503, 8247, 0, 0, 0
606, 8344, 0, 0, 0
701, 8368, 0, 0, 0
800, 8597, 0, 0, 0
905, 9129, 0, 0, 0
1001, 9397, 0, 0, 0
1103, 7896, 0, 0, 0
1202, 8289, 0, 0, 0
1302, 9056, 0, 0, 0
1400, 8312, 0, 0, 0
1506, 8035, 0, 0, 0
1602, 8636, 0, 0, 0
1704, 9761, 0, 0, 0
1806, 9569, 0, 0, 0
1900, 8119, 0, 0, 0
2002, 8887, 0, 0, 0
2104, 10284, 0, 0, 0
2201, 9003, 0, 0, 0
2310, 7864, 0, 0, 0
2405, 8024, 0, 0, 0
2504, 9835, 0, 0, 0
2602, 8784, 0, 0, 0
2702, 9144, 0, 0, 0
2801, 9209, 0, 0, 0
2900, 8890, 0, 0, 0
3001, 8177, 0, 0, 0
3102, 9925, 0, 0, 0
3203, 9668, 0, 0, 0
3303, 8900, 0, 0, 0
3402, 9675, 0, 0, 0
3505, 11044, 0, 0, 0
3606, 11492, 0, 0, 0
3700, 10307, 0, 0, 0
3807, 8587, 0, 0, 0
3903, 8231, 0, 0, 0
4000, 10269, 0, 0, 0
4100, 9125, 0, 0, 0
4205, 8647, 0, 0, 0
4302, 8401, 0, 0, 0
4403, 8414, 0, 0, 0
4500, 8258, 0, 0, 0
4600, 8353, 0, 0, 0
4701, 8287, 0, 0, 0
4805, 7953, 0, 0, 0
4904, 8911, 0, 0, 0
5000, 8935, 0, 0, 0
5101, 8416, 0, 0, 0
5202, 9028, 0, 0, 0
5304, 8571, 0, 0, 0
5402, 9676, 0, 0, 0
5500, 8288, 0, 0, 0
5603, 8629, 0, 0, 0
5700, 8376, 0, 0, 0
5806, 8504, 0, 0, 0
5900, 7891, 0, 0, 0
6004, 9236, 0, 0, 0
6100, 10194, 0, 0, 0
6202, 8512, 0, 0, 0
6303, 8421, 0, 0, 0
6400, 7352, 0, 0, 0
6502, 7741, 0, 0, 0
6606, 8240, 0, 0, 0
6703, 8822, 0, 0, 0
6801, 8803, 0, 0, 0
6903, 8645, 0, 0, 0
7003, 8890, 0, 0, 0
7102, 8954, 0, 0, 0
7201, 8062, 0, 0, 0
7303, 8941, 0, 0, 0
7404, 9045, 0, 0, 0
7500, 10483, 0, 0, 0
7605, 8967, 0, 0, 0
7700, 8838, 0, 0, 0
7800, 8616, 0, 0, 0
7901, 8412, 0, 0, 0
8001, 8825, 0, 0, 0
8100, 7809, 0, 0, 0
8200, 8225, 0, 0, 0
8301, 9484, 0, 0, 0
8400, 8791, 0, 0, 0
8501, 9469, 0, 0, 0
8602, 7558, 0, 0, 0
8702, 8355, 0, 0, 0
8800, 9236, 0, 0, 0
8902, 8078, 0, 0, 0
9000, 9044, 0, 0, 0
9102, 8648, 0, 0, 0
9204, 9696, 0, 0, 0
9300, 8839, 0, 0, 0
9406, 8942, 0, 0, 0
9501, 10264, 0, 0, 0
9604, 8738, 0, 0, 0
9702, 8788, 0, 0, 0
9804, 7605, 0, 0, 0
9902, 7504, 0, 0, 0
10000, 8019, 0, 0, 0
10100, 8110, 0, 0, 0
10204, 7640, 0, 0, 0
10304, 8224, 0, 0, 0
10400, 9321, 0, 0, 0
10501, 8125, 0, 0, 0
10606, 8912, 0, 0, 0
10705, 7966, 0, 0, 0
10804, 8548, 0, 0, 0
10901, 8599, 0, 0, 0
11004, 8302, 0, 0, 0
11104, 8158, 0, 0, 0
11201, 8297, 0, 0, 0
11303, 9023, 0, 0, 0
11401, 8604, 0, 0, 0
11504, 8666, 0, 0, 0
11604, 8957, 0, 0, 0
11701, 9808, 0, 0, 0
11803, 8882, 0, 0, 0
11900, 9239, 0, 0, 0
12000, 10427, 0, 0, 0
12103, 8926, 0, 0, 0
12206, 9207, 0, 0, 0
12300, 9356, 0, 0, 0
12407, 8441, 0, 0, 0
12502, 9254, 0, 0, 0
12603, 9332, 0, 0, 0
12704, 8680, 0, 0, 0
12805, 8455, 0, 0, 0
12900, 9806, 0, 0, 0
13002, 8501, 0, 0, 0
13101, 8561, 0, 0, 0
13202, 8415, 0, 0, 0
13304, 8871, 0, 0, 0
13401, 8694, 0, 0, 0
13500, 8599, 0, 0, 0
13605, 8936, 0, 0, 0
13702, 8122, 0, 0, 0
13803, 8160, 0, 0, 0
13905, 8729, 0, 0, 0
14001, 8571, 0, 0, 0
14111, 8995, 0, 0, 0
14201, 9004, 0, 0, 0
14302, 8789, 0, 0, 0
14400, 8724, 0, 0, 0
14502, 7793, 0, 0, 0
14600, 8153, 0, 0, 0
14702, 8000, 0, 0, 0
14802, 9221, 0, 0, 0
14902, 9043, 0, 0, 0
15005, 9172, 0, 0, 0
15106, 8204, 0, 0, 0
15200, 9146, 0, 0, 0
15303, 8777, 0, 0, 0
15405, 8475, 0, 0, 0
15509, 8900, 0, 0, 0
15601, 9229, 0, 0, 0
15706, 7854, 0, 0, 0
15800, 8986, 0, 0, 0
15902, 8308, 0, 0, 0
16001, 8192, 0, 0, 0
16100, 8952, 0, 0, 0
16204, 9898, 0, 0, 0
16300, 8077, 0, 0, 0
16400, 9377, 0, 0, 0
16501, 9154, 0, 0, 0
16603, 9686, 0, 0, 0
16700, 11444, 0, 0, 0
16801, 9094, 0, 0, 0
16904, 9226, 0, 0, 0
17000, 10243, 0, 0, 0
17103, 9538, 0, 0, 0
17201, 9636, 0, 0, 0
17301, 7624, 0, 0, 0
17402, 7965, 0, 0, 0
17500, 9181, 0, 0, 0
17600, 8252, 0, 0, 0
17700, 8675, 0, 0, 0
17801, 9406, 0, 0, 0
17902, 9133, 0, 0, 0
18004, 9079, 0, 0, 0
18101, 9376, 0, 0, 0
18200, 8789, 0, 0, 0
18300, 8195, 0, 0, 0
18406, 8182, 0, 0, 0
18500, 9651, 0, 0, 0
18600, 9718, 0, 0, 0
18701, 8912, 0, 0, 0
18803, 8416, 0, 0, 0
18904, 8895, 0, 0, 0
19002, 8634, 0, 0, 0
19104, 8266, 0, 0, 0
19201, 7884, 0, 0, 0
19302, 8330, 0, 0, 0
19400, 9180, 0, 0, 0
19501, 9674, 0, 0, 0
19601, 10106, 0, 0, 0
19700, 9075, 0, 0, 0
19802, 9003, 0, 0, 0
19901, 8902, 0, 0, 0
20002, 9658, 0, 0, 0
20102, 9731, 0, 0, 0
20200, 8887, 0, 0, 0
20300, 8741, 0, 0, 0
20400, 8303, 0, 0, 0
20504, 7769, 0, 0, 0
20607, 8892, 0, 0, 0
20703, 8364, 0, 0, 0
20802, 9532, 0, 0, 0
20904, 9168, 0, 0, 0
21000, 8321, 0, 0, 0
21100, 9284, 0, 0, 0
21200, 8459, 0, 0, 0
21302, 8627, 0, 0, 0
21404, 8543, 0, 0, 0
21501, 9632, 0, 0, 0
21600, 9878, 0, 0, 0
21702, 9272, 0, 0, 0
21802, 9059, 0, 0, 0
21903, 8495, 0, 0, 0
22000, 8957, 0, 0, 0
22108, 9447, 0, 0, 0
22200, 8642, 0, 0, 0
22300, 9293, 0, 0, 0
22408, 8196, 0, 0, 0
22503, 9379, 0, 0, 0
22600, 8225, 0, 0, 0
22702, 8333, 0, 0, 0
22805, 8077, 0, 0, 0
22906, 8395, 0, 0, 0
23000, 8683, 0, 0, 0
23100, 8226, 0, 0, 0
23206, 8568, 0, 0, 0
23301, 9148, 0, 0, 0
23403, 10120, 0, 0, 0
23504, 8923, 0, 0, 0
23602, 9502, 0, 0, 0
23702, 8034, 0, 0, 0
23805, 8019, 0, 0, 0
23900, 8109, 0, 0, 0
24001, 7665, 0, 0, 0
24103, 7931, 0, 0, 0
24204, 8381, 0, 0, 0
24303, 8910, 0, 0, 0
24405, 7872, 0, 0, 0
24501, 9099, 0, 0, 0
24603, 9045, 0, 0, 0
24702, 8678, 0, 0, 0
24806, 8292, 0, 0, 0
24902, 8657, 0, 0, 0
25002, 8818, 0, 0, 0
25103, 8800, 0, 0, 0
25200, 9855, 0, 0, 0
25304, 8566, 0, 0, 0
25400, 9014, 0, 0, 0
25503, 8146, 0, 0, 0
25601, 8668, 0, 0, 0
25702, 9753, 0, 0, 0
25800, 8461, 0, 0, 0
25911, 7514, 0, 0, 0
26003, 8735, 0, 0, 0
26101, 9175, 0, 0, 0
26203, 8546, 0, 0, 0
26303, 8845, 0, 0, 0
26403, 8244, 0, 0, 0
26502, 8773, 0, 0, 0
26603, 8821, 0, 0, 0
26703, 8085, 0, 0, 0
26805, 8182, 0, 0, 0
26904, 8643, 0, 0, 0
27004, 8019, 0, 0, 0
27103, 9031, 0, 0, 0
27208, 10346, 0, 0, 0
27302, 8987, 0, 0, 0
27404, 9432, 0, 0, 0
27503, 9282, 0, 0, 0
27602, 8848, 0, 0, 0
27702, 7728, 0, 0, 0
27803, 8041, 0, 0, 0
27905, 7936, 0, 0, 0
28003, 9120, 0, 0, 0
28100, 7427, 0, 0, 0
28205, 8734, 0, 0, 0
28300, 8620, 0, 0, 0
28400, 8681, 0, 0, 0
28503, 7115, 0, 0, 0
28602, 8705, 0, 0, 0
28700, 8526, 0, 0, 0
28801, 8620, 0, 0, 0
28902, 7905, 0, 0, 0
29003, 9157, 0, 0, 0
29102, 8043, 0, 0, 0
29201, 9470, 0, 0, 0
29304, 8393, 0, 0, 0
29403, 9258, 0, 0, 0
29500, 8832, 0, 0, 0
29601, 8892, 0, 0, 0
29703, 8759, 0, 0, 0
29805, 9524, 0, 0, 0
29904, 9666, 0, 0, 0
30000, 8347, 0, 0, 0
30109, 8721, 0, 0, 0
30203, 9066, 0, 0, 0
30301, 9151, 0, 0, 0
30405, 8315, 0, 0, 0
30502, 8523, 0, 0, 0
30602, 8785, 0, 0, 0
30703, 11168, 0, 0, 0
30801, 10629, 0, 0, 0
30901, 9232, 0, 0, 0
31005, 8877, 0, 0, 0
31101, 7994, 0, 0, 0
31203, 8495, 0, 0, 0
31300, 8156, 0, 0, 0
31403, 9000, 0, 0, 0
31501, 8671, 0, 0, 0
31600, 7989, 0, 0, 0
31702, 8674, 0, 0, 0
31804, 9351, 0, 0, 0
31900, 8620, 0, 0, 0
32002, 8452, 0, 0, 0
32100, 7344, 0, 0, 0
32202, 8903, 0, 0, 0
32300, 7846, 0, 0, 0
32401, 9339, 0, 0, 0
32501, 9318, 0, 0, 0
32601, 9240, 0, 0, 0
32701, 7784, 0, 0, 0
32805, 9996, 0, 0, 0
32902, 9719, 0, 0, 0
33005, 10388, 0, 0, 0
33100, 10288, 0, 0, 0
33201, 9299, 0, 0, 0
33300, 8235, 0, 0, 0
33403, 10788, 0, 0, 0
33504, 8951, 0, 0, 0
33602, 8301, 0, 0, 0
33702, 8826, 0, 0, 0
33807, 8824, 0, 0, 0
33905, 8419, 0, 0, 0
34000, 9472, 0, 0, 0
34100, 8695, 0, 0, 0
34204, 8720, 0, 0, 0
34302, 8970, 0, 0, 0
34403, 8185, 0, 0, 0
34505, 8150, 0, 0, 0
34607, 8380, 0, 0, 0
34702, 9014, 0, 0, 0
34800, 8892, 0, 0, 0
34906, 8159, 0, 0, 0
35003, 9640, 0, 0, 0
35101, 9606, 0, 0, 0
35204, 9125, 0, 0, 0
35300, 10533, 0, 0, 0
35403, 8291, 0, 0, 0
35500, 7918, 0, 0, 0
35602, 9076, 0, 0, 0
35701, 9283, 0, 0, 0
35808, 10296, 0, 0, 0
35906, 9362, 0, 0, 0
36002, 8937, 0, 0, 0
36100, 8331, 0, 0, 0
36200, 8906, 0, 0, 0
36306, 9957, 0, 0, 0
36403, 8368, 0, 0, 0
36500, 8988, 0, 0, 0
36603, 9068, 0, 0, 0
36703, 8431, 0, 0, 0
36803, 8019, 0, 0, 0
36902, 9578, 0, 0, 0
37001, 9701, 0, 0, 0
37101, 10036, 0, 0, 0
37202, 8633, 0, 0, 0
37303, 9449, 0, 0, 0
37402, 8632, 0, 0, 0
37502, 8166, 0, 0, 0
37607, 8555, 0, 0, 0
37701, 9782, 0, 0, 0
37805, 9869, 0, 0, 0
37903, 9730, 0, 0, 0
38009, 8509, 0, 0, 0
38103, 10876, 0, 0, 0
38200, 9409, 0, 0, 0
38302, 9292, 0, 0, 0
38400, 7349, 0, 0, 0
38501, 8440, 0, 0, 0
38604, 8095, 0, 0, 0
38702, 7740, 0, 0, 0
38801, 8581, 0, 0, 0
38901, 8239, 0, 0, 0
39002, 8431, 0, 0, 0
39107, 9222, 0, 0, 0
39202, 9135, 0, 0, 0
39302, 7931, 0, 0, 0
39404, 8230, 0, 0, 0
39505, 8819, 0, 0, 0
39603, 7774, 0, 0, 0
39700, 8193, 0, 0, 0
39801, 9622, 0, 0, 0
39902, 8603, 0, 0, 0
40004, 9460, 0, 0, 0
40100, 8707, 0, 0, 0
40203, 9116, 0, 0, 0
40306, 8443, 0, 0, 0
40403, 9764, 0, 0, 0
40505, 11043, 0, 0, 0
40604, 9215, 0, 0, 0
40704, 8160, 0, 0, 0
40805, 8426, 0, 0, 0
40900, 9988, 0, 0, 0
41006, 9560, 0, 0, 0
41101, 9610, 0, 0, 0
41201, 9116, 0, 0, 0
41303, 10964, 0, 0, 0
41401, 8711, 0, 0, 0
41500, 8747, 0, 0, 0
41601, 8945, 0, 0, 0
41701, 9088, 0, 0, 0
41800, 9439, 0, 0, 0
41906, 8061, 0, 0, 0
42001, 8286, 0, 0, 0
42101, 8669, 0, 0, 0
42204, 8352, 0, 0, 0
42300, 8114, 0, 0, 0
42401, 9138, 0, 0, 0
42500, 8191, 0, 0, 0
42602, 7873, 0, 0, 0
42707, 8279, 0, 0, 0
42802, 8577, 0, 0, 0
42901, 8290, 0, 0, 0
43002, 7786, 0, 0, 0
43101, 8035, 0, 0, 0
43203, 8554, 0, 0, 0
43301, 8064, 0, 0, 0
43403, 8150, 0, 0, 0
43504, 8547, 0, 0, 0
43602, 8527, 0, 0, 0
43700, 7917, 0, 0, 0
43801, 8828, 0, 0, 0
43904, 8659, 0, 0, 0
44001, 10290, 0, 0, 0
44102, 8856, 0, 0, 0
44202, 8660, 0, 0, 0
44300, 8402, 0, 0, 0
44404, 8852, 0, 0, 0
44504, 8710, 0, 0, 0
44603, 9164, 0, 0, 0
44702, 10747, 0, 0, 0
44804, 9059, 0, 0, 0
44900, 10314, 0, 0, 0
45002, 9429, 0, 0, 0
45103, 8453, 0, 0, 0
45200, 8782, 0, 0, 0
45302, 7788, 0, 0, 0
45402, 10133, 0, 0, 0
45501, 8576, 0, 0, 0
45603, 8732, 0, 0, 0
45701, 7911, 0, 0, 0
45802, 10048, 0, 0, 0
45904, 9599, 0, 0, 0
46001, 8028, 0, 0, 0
46103, 8904, 0, 0, 0
46201, 7861, 0, 0, 0
46300, 8304, 0, 0, 0
46400, 8153, 0, 0, 0
46501, 9189, 0, 0, 0
46605, 9030, 0, 0, 0
46701, 8481, 0, 0, 0
46801, 9501, 0, 0, 0
46902, 7995, 0, 0, 0
47000, 7866, 0, 0, 0
47107, 9214, 0, 0, 0
47201, 8579, 0, 0, 0
47303, 9744, 0, 0, 0
47403, 8694, 0, 0, 0
47506, 8286, 0, 0, 0
47604, 7079, 0, 0, 0
47704, 8229, 0, 0, 0
47801, 8399, 0, 0, 0
47914, 7897, 0, 0, 0
48000, 8201, 0, 0, 0
48100, 8692, 0, 0, 0
48201, 8335, 0, 0, 0
48300, 8317, 0, 0, 0
48406, 8039, 0, 0, 0
48504, 9304, 0, 0, 0
48602, 8405, 0, 0, 0
48701, 9145, 0, 0, 0
48802, 8130, 0, 0, 0
48900, 8064, 0, 0, 0
49000, 7906, 0, 0, 0
49102, 7146, 0, 0, 0
49201, 7904, 0, 0, 0
49301, 9612, 0, 0, 0
49404, 8109, 0, 0, 0
49504, 8811, 0, 0, 0
49602, 7629, 0, 0, 0
49701, 9290, 0, 0, 0
49801, 9288, 0, 0, 0
49903, 7840, 0, 0, 0
50005, 8474, 0, 0, 0
50106, 9229, 0, 0, 0
50201, 8482, 0, 0, 0
50302, 8678, 0, 0, 0
50401, 9197, 0, 0, 0
50502, 8356, 0, 0, 0
50600, 8376, 0, 0, 0
50702, 8415, 0, 0, 0
50801, 8625, 0, 0, 0
50904, 8129, 0, 0, 0
51003, 8610, 0, 0, 0
51106, 7743, 0, 0, 0
51200, 9352, 0, 0, 0
51300, 9333, 0, 0, 0
51402, 8784, 0, 0, 0
51506, 10093, 0, 0, 0
51600, 8749, 0, 0, 0
51703, 7996, 0, 0, 0
51801, 8670, 0, 0, 0
51904, 8167, 0, 0, 0
52002, 8456, 0, 0, 0
52106, 8358, 0, 0, 0
52201, 9180, 0, 0, 0
52303, 8449, 0, 0, 0
52402, 8435, 0, 0, 0
52500, 9022, 0, 0, 0
52602, 8710, 0, 0, 0
52702, 7935, 0, 0, 0
52804, 9151, 0, 0, 0
52901, 8485, 0, 0, 0
53003, 9406, 0, 0, 0
53108, 9454, 0, 0, 0
53203, 8889, 0, 0, 0
53303, 9011, 0, 0, 0
53404, 8856, 0, 0, 0
53502, 7977, 0, 0, 0
53601, 7950, 0, 0, 0
53703, 7348, 0, 0, 0
53800, 7144, 0, 0, 0
53903, 7975, 0, 0, 0
54000, 8555, 0, 0, 0
54104, 9272, 0, 0, 0
54204, 9198, 0, 0, 0
54303, 7501, 0, 0, 0
54400, 7927, 0, 0, 0
54500, 8841, 0, 0, 0
54603, 9501, 0, 0, 0
54704, 8347, 0, 0, 0
54804, 8028, 0, 0, 0
54900, 8198, 0, 0, 0
55002, 8691, 0, 0, 0
55101, 8105, 0, 0, 0
55203, 8896, 0, 0, 0
55305, 9091, 0, 0, 0
55403, 9450, 0, 0, 0
55505, 8868, 0, 0, 0
55600, 9691, 0, 0, 0
55704, 8996, 0, 0, 0
55806, 8561, 0, 0, 0
55901, 8623, 0, 0, 0
56005, 9042, 0, 0, 0
56104, 9075, 0, 0, 0
56202, 8852, 0, 0, 0
56304, 7921, 0, 0, 0
56400, 7968, 0, 0, 0
56500, 8170, 0, 0, 0
56602, 7907, 0, 0, 0
56704, 8347, 0, 0, 0
56800, 8401, 0, 0, 0
56904, 10120, 0, 0, 0
57004, 8775, 0, 0, 0
57103, 8184, 0, 0, 0
57203, 9022, 0, 0, 0
57304, 8290, 0, 0, 0
57402, 7944, 0, 0, 0
57502, 8546, 0, 0, 0
57604, 8282, 0, 0, 0
57709, 8992, 0, 0, 0
57803, 8116, 0, 0, 0
57900, 7596, 0, 0, 0
58001, 8446, 0, 0, 0
58106, 8704, 0, 0, 0
58201, 8937, 0, 0, 0
58303, 9063, 0, 0, 0
58400, 9046, 0, 0, 0
58503, 7885, 0, 0, 0
58602, 7900, 0, 0, 0
58700, 8799, 0, 0, 0
58800, 8090, 0, 0, 0
58901, 7217, 0, 0, 0
59001, 8141, 0, 0, 0
59104, 7664, 0, 0, 0
59207, 8825, 0, 0, 0
59301, 9252, 0, 0, 0
59400, 8274, 0, 0, 0
59500, 9088, 0, 0, 0
59602, 9320, 0, 0, 0
59703, 8721, 0, 0, 0
59800, 8861, 0, 0, 0
59901, 8548, 0, 0, 0
60002, 8565, 0, 0, 0
