103, 9084, 0, 0, 0
205, 7876, 0, 0, 0
300, 11549, 0, 0, 0
405, 8658, 0, 0, 0
505, 7763, 0, 0, 0
602, 7591, 0, 0, 0
706, 8408, 0, 0, 0
802, 7580, 0, 0, 0
903, 7423, 0, 0, 0
1001, 8422, 0, 0, 0
1101, 7465, 0, 0, 0
1202, 7660, 0, 0, 0
1300, 6837, 0, 0, 0
1404, 6731, 0, 0, 0
1501, 7145, 0, 0, 0
1602, 7187, 0, 0, 0
1701, 7257, 0, 0, 0
1800, 7270, 0, 0, 0
1901, 7540, 0, 0, 0
2001, 8204, 0, 0, 0
2102, 7504, 0, 0, 0
2202, 7022, 0, 0, 0
2300, 7362, 0, 0, 0
2404, 7599, 0, 0, 0
2507, 7665, 0, 0, 0
2601, 7457, 0, 0, 0
2700, 7995, 0, 0, 0
2801, 8413, 0, 0, 0
2905, 8578, 0, 0, 0
3002, 7287, 0, 0, 0
3105, 7144, 0, 0, 0
3202, 7358, 0, 0, 0
3300, 7327, 0, 0, 0
3407, 7274, 0, 0, 0
3505, 6928, 0, 0, 0
3601, 6835, 0, 0, 0
3700, 7264, 0, 0, 0
3807, 6485, 0, 0, 0
3900, 6875, 0, 0, 0
4001, 7317, 0, 0, 0
4101, 7441, 0, 0, 0
4203, 7418, 0, 0, 0
4302, 7071, 0, 0, 0
4401, 6721, 0, 0, 0
4502, 7521, 0, 0, 0
4603, 6770, 0, 0, 0
4702, 7960, 0, 0, 0
4801, 7032, 0, 0, 0
4902, 7388, 0, 0, 0
5001, 7761, 0, 0, 0
5100, 7104, 0, 0, 0
5200, 7373, 0, 0, 0
5303, 7060, 0, 0, 0
5405, 7174, 0, 0, 0
5501, 7391, 0, 0, 0
5608, 7302, 0, 0, 0
5702, 7777, 0, 0, 0
5801, 7117, 0, 0, 0
5906, 7977, 0, 0, 0
6002, 8376, 0, 0, 0
6102, 7125, 0, 0, 0
6203, 7214, 0, 0, 0
6303, 8327, 0, 0, 0
6406, 7349, 0, 0, 0
6505, 7991, 0, 0, 0
6603, 7740, 0, 0, 0
6706, 7439, 0, 0, 0
6801, 7505, 0, 0, 0
6903, 7400, 0, 0, 0
7002, 7548, 0, 0, 0
7103, 6930, 0, 0, 0
7204, 7276, 0, 0, 0
7303, 7210, 0, 0, 0
7407, 7217, 0, 0, 0
7500, 8813, 0, 0, 0
7601, 7326, 0, 0, 0
7700, 7618, 0, 0, 0
7806, 7894, 0, 0, 0
7902, 7740, 0, 0, 0
8000, 7083, 0, 0, 0
8101, 7156, 0, 0, 0
8200, 7784, 0, 0, 0
8301, 7215, 0, 0, 0
8402, 7617, 0, 0, 0
8501, 7368, 0, 0, 0
8603, 7677, 0, 0, 0
8708, 7379, 0, 0, 0
8801, 7080, 0, 0, 0
8901, 7529, 0, 0, 0
9003, 7610, 0, 0, 0
9104, 8047, 0, 0, 0
9201, 7859, 0, 0, 0
9304, 7474, 0, 0, 0
9404, 6762, 0, 0, 0
9505, 7811, 0, 0, 0
9600, 10209, 0, 0, 0
9701, 7317, 0, 0, 0
9801, 6407, 0, 0, 0
9900, 7122, 0, 0, 0
10002, 7769, 0, 0, 0
10100, 7666, 0, 0, 0
10205, 7952, 0, 0, 0
10302, 7404, 0, 0, 0
10403, 7478, 0, 0, 0
10503, 7248, 0, 0, 0
10605, 7712, 0, 0, 0
10700, 9816, 0, 0, 0
10803, 8972, 0, 0, 0
10904, 7440, 0, 0, 0
11002, 7812, 0, 0, 0
11101, 8254, 0, 0, 0
11202, 7485, 0, 0, 0
11300, 8294, 0, 0, 0
11402, 8347, 0, 0, 0
11503, 8029, 0, 0, 0
11603, 7168, 0, 0, 0
11700, 8021, 0, 0, 0
11803, 7493, 0, 0, 0
11903, 8452, 0, 0, 0
12000, 7765, 0, 0, 0
12104, 9308, 0, 0, 0
12211, 8029, 0, 0, 0
12302, 7895, 0, 0, 0
12401, 7723, 0, 0, 0
12501, 7926, 0, 0, 0
12601, 7196, 0, 0, 0
12707, 7734, 0, 0, 0
12804, 8089, 0, 0, 0
12902, 7340, 0, 0, 0
13004, 7353, 0, 0, 0
13100, 7423, 0, 0, 0
13201, 7184, 0, 0, 0
13311, 7810, 0, 0, 0
13400, 7735, 0, 0, 0
13503, 7020, 0, 0, 0
13604, 7802, 0, 0, 0
13702, 7426, 0, 0, 0
13804, 7936, 0, 0, 0
13903, 7685, 0, 0, 0
14004, 7066, 0, 0, 0
14101, 7116, 0, 0, 0
14204, 7535, 0, 0, 0
14301, 6770, 0, 0, 0
14402, 8280, 0, 0, 0
14502, 8238, 0, 0, 0
14602, 7163, 0, 0, 0
14703, 7217, 0, 0, 0
14803, 7427, 0, 0, 0
14903, 7337, 0, 0, 0
15003, 8129, 0, 0, 0
15103, 9194, 0, 0, 0
15202, 8190, 0, 0, 0
15302, 7986, 0, 0, 0
15402, 7569, 0, 0, 0
15505, 8323, 0, 0, 0
15603, 8523, 0, 0, 0
15702, 7491, 0, 0, 0
15803, 7495, 0, 0, 0
15901, 7411, 0, 0, 0
16002, 7463, 0, 0, 0
16104, 7332, 0, 0, 0
16203, 7699, 0, 0, 0
16301, 8294, 0, 0, 0
16401, 6964, 0, 0, 0
16501, 6834, 0, 0, 0
16600, 7156, 0, 0, 0
16704, 8025, 0, 0, 0
16800, 7197, 0, 0, 0
16900, 7450, 0, 0, 0
17002, 7357, 0, 0, 0
17104, 6934, 0, 0, 0
17203, 7629, 0, 0, 0
17306, 7815, 0, 0, 0
17403, 8191, 0, 0, 0
17501, 7678, 0, 0, 0
17603, 7786, 0, 0, 0
17703, 9541, 0, 0, 0
17800, 8816, 0, 0, 0
17901, 7219, 0, 0, 0
18000, 7113, 0, 0, 0
18100, 7117, 0, 0, 0
18203, 7963, 0, 0, 0
18304, 7435, 0, 0, 0
18400, 7726, 0, 0, 0
18502, 7388, 0, 0, 0
18604, 7325, 0, 0, 0
18701, 7454, 0, 0, 0
18801, 7864, 0, 0, 0
18903, 7521, 0, 0, 0
19000, 8050, 0, 0, 0
19104, 7893, 0, 0, 0
19200, 7364, 0, 0, 0
19311, 7235, 0, 0, 0
19401, 7975, 0, 0, 0
19502, 7746, 0, 0, 0
19605, 7834, 0, 0, 0
19705, 7326, 0, 0, 0
19803, 7658, 0, 0, 0
19903, 9037, 0, 0, 0
20002, 8798, 0, 0, 0
20101, 7626, 0, 0, 0
20200, 7410, 0, 0, 0
20305, 7647, 0, 0, 0
20403, 7672, 0, 0, 0
20501, 7634, 0, 0, 0
20605, 7554, 0, 0, 0
20706, 9162, 0, 0, 0
20802, 8239, 0, 0, 0
20902, 7288, 0, 0, 0
21001, 6387, 0, 0, 0
21103, 6761, 0, 0, 0
21206, 7200, 0, 0, 0
21301, 7918, 0, 0, 0
21400, 7239, 0, 0, 0
21501, 7420, 0, 0, 0
21600, 7021, 0, 0, 0
21702, 7360, 0, 0, 0
21801, 7115, 0, 0, 0
21901, 7299, 0, 0, 0
22003, 7162, 0, 0, 0
22104, 7940, 0, 0, 0
22203, 7611, 0, 0, 0
22304, 7628, 0, 0, 0
22406, 7139, 0, 0, 0
22501, 7686, 0, 0, 0
22601, 7256, 0, 0, 0
22706, 7370, 0, 0, 0
22805, 7914, 0, 0, 0
22902, 7151, 0, 0, 0
23005, 7116, 0, 0, 0
23108, 7920, 0, 0, 0
23206, 8879, 0, 0, 0
23304, 8442, 0, 0, 0
23402, 8326, 0, 0, 0
23502, 7985, 0, 0, 0
23604, 7574, 0, 0, 0
23706, 8136, 0, 0, 0
23804, 8053, 0, 0, 0
23901, 7272, 0, 0, 0
24001, 7743, 0, 0, 0
24102, 7143, 0, 0, 0
24203, 6979, 0, 0, 0
24300, 7702, 0, 0, 0
24401, 8142, 0, 0, 0
24504, 7090, 0, 0, 0
24602, 7518, 0, 0, 0
24703, 7495, 0, 0, 0
24801, 7166, 0, 0, 0
24901, 6866, 0, 0, 0
25001, 7208, 0, 0, 0
25104, 7095, 0, 0, 0
25202, 6268, 0, 0, 0
25300, 7120, 0, 0, 0
25401, 7476, 0, 0, 0
25501, 6882, 0, 0, 0
25604, 6707, 0, 0, 0
25701, 7307, 0, 0, 0
25804, 7784, 0, 0, 0
25901, 8264, 0, 0, 0
26002, 7632, 0, 0, 0
26102, 7252, 0, 0, 0
26203, 7912, 0, 0, 0
26300, 7565, 0, 0, 0
26401, 7346, 0, 0, 0
26503, 7033, 0, 0, 0
26600, 7904, 0, 0, 0
26703, 8037, 0, 0, 0
26800, 7424, 0, 0, 0
26901, 7246, 0, 0, 0
27001, 7725, 0, 0, 0
27101, 7232, 0, 0, 0
27202, 7048, 0, 0, 0
27302, 8038, 0, 0, 0
27405, 7073, 0, 0, 0
27502, 7229, 0, 0, 0
27600, 7462, 0, 0, 0
27706, 7657, 0, 0, 0
27800, 7669, 0, 0, 0
27900, 7571, 0, 0, 0
28000, 7698, 0, 0, 0
28105, 7684, 0, 0, 0
28204, 7284, 0, 0, 0
28300, 7282, 0, 0, 0
28402, 7008, 0, 0, 0
28505, 7940, 0, 0, 0
28602, 8211, 0, 0, 0
28702, 7239, 0, 0, 0
28804, 6947, 0, 0, 0
28903, 7402, 0, 0, 0
29004, 8139, 0, 0, 0
29104, 8448, 0, 0, 0
29202, 7583, 0, 0, 0
29307, 8170, 0, 0, 0
29402, 8574, 0, 0, 0
29503, 8100, 0, 0, 0
29603, 8627, 0, 0, 0
29707, 9285, 0, 0, 0
29800, 7662, 0, 0, 0
29901, 8534, 0, 0, 0
30000, 7838, 0, 0, 0
30104, 7918, 0, 0, 0
30203, 8061, 0, 0, 0
30301, 7980, 0, 0, 0
30407, 8453, 0, 0, 0
30505, 7920, 0, 0, 0
30602, 7245, 0, 0, 0
30703, 7713, 0, 0, 0
30801, 7046, 0, 0, 0
30902, 6962, 0, 0, 0
31004, 7381, 0, 0, 0
31104, 7540, 0, 0, 0
31202, 7723, 0, 0, 0
31303, 7571, 0, 0, 0
31402, 7418, 0, 0, 0
31502, 8166, 0, 0, 0
31603, 7773, 0, 0, 0
31700, 7459, 0, 0, 0
31804, 7537, 0, 0, 0
31902, 8019, 0, 0, 0
32000, 7746, 0, 0, 0
32101, 7513, 0, 0, 0
32203, 7812, 0, 0, 0
32305, 7835, 0, 0, 0
32400, 7843, 0, 0, 0
32503, 7920, 0, 0, 0
32600, 8655, 0, 0, 0
32700, 9359, 0, 0, 0
32804, 8584, 0, 0, 0
32904, 8964, 0, 0, 0
33001, 9059, 0, 0, 0
33104, 8031, 0, 0, 0
33205, 7932, 0, 0, 0
33300, 7947, 0, 0, 0
33400, 7730, 0, 0, 0
33504, 7964, 0, 0, 0
33601, 6941, 0, 0, 0
33702, 7877, 0, 0, 0
33801, 7044, 0, 0, 0
33900, 7514, 0, 0, 0
34002, 7690, 0, 0, 0
34103, 8013, 0, 0, 0
34202, 7429, 0, 0, 0
34303, 7162, 0, 0, 0
34401, 7498, 0, 0, 0
34500, 7969, 0, 0, 0
34603, 7457, 0, 0, 0
34700, 7251, 0, 0, 0
34803, 7222, 0, 0, 0
34902, 6894, 0, 0, 0
35006, 7334, 0, 0, 0
35104, 7596, 0, 0, 0
35201, 7206, 0, 0, 0
35301, 6804, 0, 0, 0
35402, 7433, 0, 0, 0
35501, 7097, 0, 0, 0
35602, 7179, 0, 0, 0
35707, 7146, 0, 0, 0
35800, 7507, 0, 0, 0
35903, 7192, 0, 0, 0
36004, 6937, 0, 0, 0
36106, 6713, 0, 0, 0
36204, 7868, 0, 0, 0
36301, 7959, 0, 0, 0
36401, 7455, 0, 0, 0
36503, 7083, 0, 0, 0
36602, 6734, 0, 0, 0
36705, 7917, 0, 0, 0
36801, 8126, 0, 0, 0
36903, 7914, 0, 0, 0
37002, 8226, 0, 0, 0
37104, 7414, 0, 0, 0
37203, 8692, 0, 0, 0
37303, 7721, 0, 0, 0
37405, 8430, 0, 0, 0
37501, 7869, 0, 0, 0
37602, 7179, 0, 0, 0
37700, 6919, 0, 0, 0
37803, 6665, 0, 0, 0
37912, 6980, 0, 0, 0
38002, 6997, 0, 0, 0
38103, 7670, 0, 0, 0
38202, 7043, 0, 0, 0
38304, 7440, 0, 0, 0
38403, 7236, 0, 0, 0
38505, 7168, 0, 0, 0
38603, 7461, 0, 0, 0
38700, 7585, 0, 0, 0
38806, 7926, 0, 0, 0
38902, 8017, 0, 0, 0
39000, 7780, 0, 0, 0
39103, 8433, 0, 0, 0
39202, 7833, 0, 0, 0
39300, 7979, 0, 0, 0
39400, 7631, 0, 0, 0
39500, 7889, 0, 0, 0
39603, 8395, 0, 0, 0
39700, 9020, 0, 0, 0
39800, 7816, 0, 0, 0
39900, 7355, 0, 0, 0
40001, 7482, 0, 0, 0
40102, 7769, 0, 0, 0
40201, 9187, 0, 0, 0
40301, 8302, 0, 0, 0
40403, 8491, 0, 0, 0
40500, 7885, 0, 0, 0
40600, 8075, 0, 0, 0
40700, 8428, 0, 0, 0
40800, 8293, 0, 0, 0
40905, 7830, 0, 0, 0
41003, 8279, 0, 0, 0
41100, 7605, 0, 0, 0
41201, 7783, 0, 0, 0
41307, 7314, 0, 0, 0
41401, 7639, 0, 0, 0
41504, 7463, 0, 0, 0
41602, 7030, 0, 0, 0
41703, 7733, 0, 0, 0
41803, 6910, 0, 0, 0
41904, 7532, 0, 0, 0
42006, 7740, 0, 0, 0
42101, 7037, 0, 0, 0
42203, 8065, 0, 0, 0
42305, 7885, 0, 0, 0
42400, 9600, 0, 0, 0
42505, 7637, 0, 0, 0
42600, 7523, 0, 0, 0
42701, 8042, 0, 0, 0
42801, 7710, 0, 0, 0
42900, 7278, 0, 0, 0
43000, 7584, 0, 0, 0
43103, 8067, 0, 0, 0
43202, 7436, 0, 0, 0
43302, 7836, 0, 0, 0
43404, 7381, 0, 0, 0
43501, 7793, 0, 0, 0
43600, 8266, 0, 0, 0
43701, 8114, 0, 0, 0
43806, 8336, 0, 0, 0
43900, 8710, 0, 0, 0
44000, 7288, 0, 0, 0
44101, 7807, 0, 0, 0
44203, 7926, 0, 0, 0
44301, 7789, 0, 0, 0
44400, 7806, 0, 0, 0
44503, 7038, 0, 0, 0
44602, 7542, 0, 0, 0
44703, 8330, 0, 0, 0
44802, 7684, 0, 0, 0
44903, 7661, 0, 0, 0
45001, 8066, 0, 0, 0
45103, 8037, 0, 0, 0
45201, 7604, 0, 0, 0
45309, 7484, 0, 0, 0
45403, 7256, 0, 0, 0
45500, 7080, 0, 0, 0
45605, 7161, 0, 0, 0
45702, 8490, 0, 0, 0
45802, 8854, 0, 0, 0
45900, 8375, 0, 0, 0
46002, 8196, 0, 0, 0
46101, 8288, 0, 0, 0
46204, 7669, 0, 0, 0
46303, 8724, 0, 0, 0
46401, 9833, 0, 0, 0
46502, 8152, 0, 0, 0
46600, 8130, 0, 0, 0
46702, 7541, 0, 0, 0
46801, 7493, 0, 0, 0
46901, 7974, 0, 0, 0
47004, 7443, 0, 0, 0
47102, 8403, 0, 0, 0
47202, 7224, 0, 0, 0
47306, 7371, 0, 0, 0
47400, 7148, 0, 0, 0
47502, 7718, 0, 0, 0
47603, 7233, 0, 0, 0
47706, 8238, 0, 0, 0
47802, 6692, 0, 0, 0
47901, 7394, 0, 0, 0
48003, 7616, 0, 0, 0
48100, 6578, 0, 0, 0
48202, 7244, 0, 0, 0
48304, 7567, 0, 0, 0
48400, 7368, 0, 0, 0
48506, 7550, 0, 0, 0
48605, 6649, 0, 0, 0
48700, 6660, 0, 0, 0
48802, 7366, 0, 0, 0
48904, 6739, 0, 0, 0
49006, 7287, 0, 0, 0
49100, 7694, 0, 0, 0
49204, 7931, 0, 0, 0
49300, 8288, 0, 0, 0
49405, 8288, 0, 0, 0
49506, 8144, 0, 0, 0
49601, 7778, 0, 0, 0
49703, 7385, 0, 0, 0
49800, 7134, 0, 0, 0
49903, 8328, 0, 0, 0
50002, 7131, 0, 0, 0
50103, 7369, 0, 0, 0
50200, 6717, 0, 0, 0
50304, 7091, 0, 0, 0
50405, 6945, 0, 0, 0
50507, 7260, 0, 0, 0
50602, 8611, 0, 0, 0
50702, 8363, 0, 0, 0
50801, 8397, 0, 0, 0
50902, 10211, 0, 0, 0
51000, 7019, 0, 0, 0
51100, 6431, 0, 0, 0
51205, 7507, 0, 0, 0
51305, 7527, 0, 0, 0
51403, 7489, 0, 0, 0
51500, 7032, 0, 0, 0
51603, 6618, 0, 0, 0
51705, 7641, 0, 0, 0
51801, 7533, 0, 0, 0
51903, 7358, 0, 0, 0
52001, 7282, 0, 0, 0
52100, 7475, 0, 0, 0
52203, 7313, 0, 0, 0
52301, 7178, 0, 0, 0
52401, 7325, 0, 0, 0
52505, 7461, 0, 0, 0
52606, 7343, 0, 0, 0
52701, 7216, 0, 0, 0
52803, 7366, 0, 0, 0
52901, 7656, 0, 0, 0
53002, 7461, 0, 0, 0
53103, 7848, 0, 0, 0
53200, 7108, 0, 0, 0
53305, 8645, 0, 0, 0
53403, 7634, 0, 0, 0
53500, 8256, 0, 0, 0
53600, 7927, 0, 0, 0
53700, 8541, 0, 0, 0
53802, 8469, 0, 0, 0
53903, 8632, 0, 0, 0
54000, 8812, 0, 0, 0
54104, 8279, 0, 0, 0
54200, 7917, 0, 0, 0
54301, 7846, 0, 0, 0
54402, 7971, 0, 0, 0
54508, 7560, 0, 0, 0
54602, 7179, 0, 0, 0
54704, 7226, 0, 0, 0
54807, 7400, 0, 0, 0
54902, 8380, 0, 0, 0
55004, 7708, 0, 0, 0
55101, 7631, 0, 0, 0
55204, 7926, 0, 0, 0
55306, 8812, 0, 0, 0
55401, 7629, 0, 0, 0
55503, 8008, 0, 0, 0
55604, 6887, 0, 0, 0
55704, 5833, 0, 0, 0
55801, 7199, 0, 0, 0
55903, 7200, 0, 0, 0
56000, 6959, 0, 0, 0
56104, 7351, 0, 0, 0
56202, 7021, 0, 0, 0
56302, 7319, 0, 0, 0
56404, 7484, 0, 0, 0
56500, 7759, 0, 0, 0
56602, 7395, 0, 0, 0
56702, 8358, 0, 0, 0
56801, 7822, 0, 0, 0
56902, 7301, 0, 0, 0
57002, 7300, 0, 0, 0
57105, 7289, 0, 0, 0
57201, 7294, 0, 0, 0
57302, 7891, 0, 0, 0
57401, 7553, 0, 0, 0
57502, 6622, 0, 0, 0
57606, 7137, 0, 0, 0
57702, 7762, 0, 0, 0
57803, 7462, 0, 0, 0
57900, 7320, 0, 0, 0
58001, 7472, 0, 0, 0
58101, 7157, 0, 0, 0
58202, 7276, 0, 0, 0
58302, 7464, 0, 0, 0
58401, 7400, 0, 0, 0
58507, 7342, 0, 0, 0
58604, 6819, 0, 0, 0
58702, 7888, 0, 0, 0
58802, 7317, 0, 0, 0
58901, 6991, 0, 0, 0
59000, 7551, 0, 0, 0
59102, 7991, 0, 0, 0
59203, 7939, 0, 0, 0
59300, 7505, 0, 0, 0
59401, 7269, 0, 0, 0
59500, 7821, 0, 0, 0
59602, 7649, 0, 0, 0
59702, 7208, 0, 0, 0
59801, 7573, 0, 0, 0
59901, 7101, 0, 0, 0
60000, 7096, 0, 0, 0
60100, 6682, 0, 0, 0
60203, 6965, 0, 0, 0
60302, 7523, 0, 0, 0
60402, 6770, 0, 0, 0
60503, 8088, 0, 0, 0
60601, 7239, 0, 0, 0
60704, 7256, 0, 0, 0
60803, 6611, 0, 0, 0
60906, 7683, 0, 0, 0
61004, 7343, 0, 0, 0
61102, 6543, 0, 0, 0
61205, 7638, 0, 0, 0
61304, 7498, 0, 0, 0
61400, 7755, 0, 0, 0
61505, 7524, 0, 0, 0
61605, 7845, 0, 0, 0
61704, 7113, 0, 0, 0
61802, 7516, 0, 0, 0
61904, 7262, 0, 0, 0
62004, 7130, 0, 0, 0
62102, 7652, 0, 0, 0
62200, 8283, 0, 0, 0
62302, 8648, 0, 0, 0
62403, 7889, 0, 0, 0
62502, 7713, 0, 0, 0
62601, 8156, 0, 0, 0
62701, 7969, 0, 0, 0
62803, 7709, 0, 0, 0
62900, 8107, 0, 0, 0
63000, 7292, 0, 0, 0
63101, 7797, 0, 0, 0
63204, 7441, 0, 0, 0
63307, 8295, 0, 0, 0
63400, 8118, 0, 0, 0
63506, 7522, 0, 0, 0
63601, 7465, 0, 0, 0
63702, 7080, 0, 0, 0
63800, 7179, 0, 0, 0
63905, 7343, 0, 0, 0
64002, 6781, 0, 0, 0
64102, 7099, 0, 0, 0
64204, 7710, 0, 0, 0
64301, 7693, 0, 0, 0
64402, 8483, 0, 0, 0
64501, 8071, 0, 0, 0
64604, 7832, 0, 0, 0
64705, 7788, 0, 0, 0
64800, 7838, 0, 0, 0
64902, 7503, 0, 0, 0
65005, 7373, 0, 0, 0
65100, 7035, 0, 0, 0
65205, 7502, 0, 0, 0
65302, 7699, 0, 0, 0
65406, 7462, 0, 0, 0
65502, 7452, 0, 0, 0
65607, 7327, 0, 0, 0
65703, 8384, 0, 0, 0
65802, 8008, 0, 0, 0
65904, 6619, 0, 0, 0
66006, 7386, 0, 0, 0
66101, 7744, 0, 0, 0
66200, 7320, 0, 0, 0
66301, 7561, 0, 0, 0
66401, 7486, 0, 0, 0
66502, 7903, 0, 0, 0
66606, 9205, 0, 0, 0
66704, 8561, 0, 0, 0
66801, 8081, 0, 0, 0
66903, 8575, 0, 0, 0
67004, 8213, 0, 0, 0
67106, 8174, 0, 0, 0
67203, 7463, 0, 0, 0
67303, 7870, 0, 0, 0
67401, 7740, 0, 0, 0
67501, 7439, 0, 0, 0
67600, 7442, 0, 0, 0
67702, 7207, 0, 0, 0
67800, 7941, 0, 0, 0
67911, 8205, 0, 0, 0
68001, 7428, 0, 0, 0
68101, 7890, 0, 0, 0
68200, 6845, 0, 0, 0
68302, 7246, 0, 0, 0
68403, 8147, 0, 0, 0
68504, 8280, 0, 0, 0
68600, 7917, 0, 0, 0
68700, 7587, 0, 0, 0
68800, 7378, 0, 0, 0
68904, 7502, 0, 0, 0
69004, 8604, 0, 0, 0
69104, 9796, 0, 0, 0
69201, 8747, 0, 0, 0
69304, 8340, 0, 0, 0
69401, 8924, 0, 0, 0
69507, 7891, 0, 0, 0
69602, 8215, 0, 0, 0
69701, 9263, 0, 0, 0
69806, 7264, 0, 0, 0
69902, 7936, 0, 0, 0
70003, 7789, 0, 0, 0
70100, 8496, 0, 0, 0
70202, 7786, 0, 0, 0
70306, 8186, 0, 0, 0
70402, 7909, 0, 0, 0
70506, 8218, 0, 0, 0
70604, 8314, 0, 0, 0
70702, 7979, 0, 0, 0
70805, 8104, 0, 0, 0
70903, 7783, 0, 0, 0
71000, 7821, 0, 0, 0
71103, 8031, 0, 0, 0
71202, 8018, 0, 0, 0
71302, 7422, 0, 0, 0
71400, 8817, 0, 0, 0
71500, 8241, 0, 0, 0
71606, 8647, 0, 0, 0
71701, 7864, 0, 0, 0
71800, 7890, 0, 0, 0
71903, 7982, 0, 0, 0
72001, 8215, 0, 0, 0
72101, 7926, 0, 0, 0
72200, 7844, 0, 0, 0
72300, 8103, 0, 0, 0
72405, 7990, 0, 0, 0
72500, 8122, 0, 0, 0
72600, 7261, 0, 0, 0
72703, 7006, 0, 0, 0
72805, 7528, 0, 0, 0
72905, 7147, 0, 0, 0
73000, 7393, 0, 0, 0
73101, 7115, 0, 0, 0
73201, 7056, 0, 0, 0
73304, 7079, 0, 0, 0
73401, 8529, 0, 0, 0
73504, 7847, 0, 0, 0
73603, 7687, 0, 0, 0
73706, 7898, 0, 0, 0
73806, 7793, 0, 0, 0
73905, 7966, 0, 0, 0
74001, 7353, 0, 0, 0
74107, 7594, 0, 0, 0
74202, 7812, 0, 0, 0
74300, 8108, 0, 0, 0
74400, 7732, 0, 0, 0
74501, 7414, 0, 0, 0
74601, 7723, 0, 0, 0
74703, 7656, 0, 0, 0
74802, 7629, 0, 0, 0
74903, 7828, 0, 0, 0
75007, 7691, 0, 0, 0
75103, 7896, 0, 0, 0
75204, 7675, 0, 0, 0
75305, 7485, 0, 0, 0
75405, 7011, 0, 0, 0
75502, 7174, 0, 0, 0
75600, 7344, 0, 0, 0
75702, 7382, 0, 0, 0
75801, 7213, 0, 0, 0
75900, 7759, 0, 0, 0
76002, 7359, 0, 0, 0
76101, 7409, 0, 0, 0
76206, 6630, 0, 0, 0
76303, 7620, 0, 0, 0
76405, 7754, 0, 0, 0
76501, 7459, 0, 0, 0
76604, 7495, 0, 0, 0
76703, 8290, 0, 0, 0
76806, 7142, 0, 0, 0
76905, 6917, 0, 0, 0
77000, 6965, 0, 0, 0
77106, 7388, 0, 0, 0
77202, 7994, 0, 0, 0
77301, 6918, 0, 0, 0
77401, 7361, 0, 0, 0
77503, 7052, 0, 0, 0
77603, 7259, 0, 0, 0
77701, 7446, 0, 0, 0
77806, 7909, 0, 0, 0
77900, 6879, 0, 0, 0
78001, 6936, 0, 0, 0
78103, 7206, 0, 0, 0
78203, 6775, 0, 0, 0
78301, 7324, 0, 0, 0
78407, 8541, 0, 0, 0
78500, 7679, 0, 0, 0
78600, 7522, 0, 0, 0
78703, 7358, 0, 0, 0
78801, 7204, 0, 0, 0
78904, 7418, 0, 0, 0
79003, 7075, 0, 0, 0
79104, 6970, 0, 0, 0
79205, 8112, 0, 0, 0
79307, 7601, 0, 0, 0
79400, 7030, 0, 0, 0
79502, 6594, 0, 0, 0
79603, 7364, 0, 0, 0
79705, 7023, 0, 0, 0
79804, 7513, 0, 0, 0
79901, 7823, 0, 0, 0
80000, 7760, 0, 0, 0
80101, 8627, 0, 0, 0
80208, 8297, 0, 0, 0
80301, 7902, 0, 0, 0
80404, 8063, 0, 0, 0
80501, 7520, 0, 0, 0
80601, 6846, 0, 0, 0
80701, 7722, 0, 0, 0
80803, 7250, 0, 0, 0
80906, 7562, 0, 0, 0
81004, 7873, 0, 0, 0
81101, 8010, 0, 0, 0
81201, 8268, 0, 0, 0
81301, 7224, 0, 0, 0
81402, 8249, 0, 0, 0
81500, 8613, 0, 0, 0
81605, 7744, 0, 0, 0
81702, 7383, 0, 0, 0
81804, 6904, 0, 0, 0
81902, 7248, 0, 0, 0
82003, 7214, 0, 0, 0
82103, 7558, 0, 0, 0
82202, 7053, 0, 0, 0
82301, 6943, 0, 0, 0
82403, 7267, 0, 0, 0
82502, 7328, 0, 0, 0
82601, 7871, 0, 0, 0
82701, 7258, 0, 0, 0
82802, 8259, 0, 0, 0
82903, 7868, 0, 0, 0
83005, 8105, 0, 0, 0
83103, 7833, 0, 0, 0
83205, 8305, 0, 0, 0
83302, 7697, 0, 0, 0
83405, 8249, 0, 0, 0
83506, 7647, 0, 0, 0
83605, 7475, 0, 0, 0
83705, 8749, 0, 0, 0
83801, 7392, 0, 0, 0
83905, 7812, 0, 0, 0
84003, 7630, 0, 0, 0
84100, 6942, 0, 0, 0
84200, 7510, 0, 0, 0
84306, 7364, 0, 0, 0
84404, 7097, 0, 0, 0
84502, 7392, 0, 0, 0
84603, 7886, 0, 0, 0
84702, 7388, 0, 0, 0
84804, 7319, 0, 0, 0
84900, 7762, 0, 0, 0
85001, 7858, 0, 0, 0
85102, 7439, 0, 0, 0
85204, 7489, 0, 0, 0
85301, 7368, 0, 0, 0
85402, 6868, 0, 0, 0
85502, 6956, 0, 0, 0
85604, 7345, 0, 0, 0
85704, 7297, 0, 0, 0
85804, 7605, 0, 0, 0
85903, 7362, 0, 0, 0
86002, 7599, 0, 0, 0
86107, 6917, 0, 0, 0
86201, 7859, 0, 0, 0
86300, 6678, 0, 0, 0
86405, 7454, 0, 0, 0
86505, 7420, 0, 0, 0
86600, 7093, 0, 0, 0
86702, 8025, 0, 0, 0
86801, 6981, 0, 0, 0
86902, 7189, 0, 0, 0
87004, 7140, 0, 0, 0
87103, 7420, 0, 0, 0
87202, 7545, 0, 0, 0
87301, 7013, 0, 0, 0
87404, 6825, 0, 0, 0
87500, 7919, 0, 0, 0
87603, 7723, 0, 0, 0
87704, 7659, 0, 0, 0
87802, 7686, 0, 0, 0
87905, 8138, 0, 0, 0
88004, 7457, 0, 0, 0
88100, 7868, 0, 0, 0
88202, 8239, 0, 0, 0
88302, 7488, 0, 0, 0
88404, 7872, 0, 0, 0
88505, 8601, 0, 0, 0
88601, 7957, 0, 0, 0
88701, 8647, 0, 0, 0
88801, 8049, 0, 0, 0
88905, 8770, 0, 0, 0
89005, 6721, 0, 0, 0
89100, 7524, 0, 0, 0
89201, 7612, 0, 0, 0
89304, 7548, 0, 0, 0
89405, 8315, 0, 0, 0
89500, 8503, 0, 0, 0
89602, 8803, 0, 0, 0
89701, 7992, 0, 0, 0
89804, 8272, 0, 0, 0
89902, 7540, 0, 0, 0
90004, 8007, 0, 0, 0
90104, 7499, 0, 0, 0
90203, 6864, 0, 0, 0
90303, 7361, 0, 0, 0
90401, 8134, 0, 0, 0
90505, 7772, 0, 0, 0
90602, 8401, 0, 0, 0
90702, 8158, 0, 0, 0
90801, 7888, 0, 0, 0
90902, 7286, 0, 0, 0
91001, 8476, 0, 0, 0
91104, 8256, 0, 0, 0
91207, 7439, 0, 0, 0
91304, 8055, 0, 0, 0
91401, 8521, 0, 0, 0
91505, 7993, 0, 0, 0
91602, 7652, 0, 0, 0
91704, 9628, 0, 0, 0
91800, 7897, 0, 0, 0
91905, 8554, 0, 0, 0
92003, 8459, 0, 0, 0
92101, 8200, 0, 0, 0
92200, 8062, 0, 0, 0
92304, 8173, 0, 0, 0
92400, 7473, 0, 0, 0
92504, 7368, 0, 0, 0
92601, 7425, 0, 0, 0
92700, 8858, 0, 0, 0
92804, 7589, 0, 0, 0
92905, 7416, 0, 0, 0
93004, 8681, 0, 0, 0
93103, 8340, 0, 0, 0
93206, 8946, 0, 0, 0
93300, 8057, 0, 0, 0
93403, 8976, 0, 0, 0
93500, 8300, 0, 0, 0
93604, 7422, 0, 0, 0
93700, 7249, 0, 0, 0
93804, 7890, 0, 0, 0
93901, 8190, 0, 0, 0
94003, 8290, 0, 0, 0
94107, 7862, 0, 0, 0
94201, 8760, 0, 0, 0
94303, 7597, 0, 0, 0
94403, 7322, 0, 0, 0
94505, 7565, 0, 0, 0
94602, 7563, 0, 0, 0
94706, 8636, 0, 0, 0
94803, 7743, 0, 0, 0
94904, 7941, 0, 0, 0
95000, 6871, 0, 0, 0
95101, 7090, 0, 0, 0
95206, 7788, 0, 0, 0
95304, 7798, 0, 0, 0
95402, 7617, 0, 0, 0
95507, 7098, 0, 0, 0
95602, 7912, 0, 0, 0
95705, 8340, 0, 0, 0
95800, 7274, 0, 0, 0
95901, 6818, 0, 0, 0
96001, 7369, 0, 0, 0
96107, 7854, 0, 0, 0
96202, 7951, 0, 0, 0
96300, 7550, 0, 0, 0
96402, 8483, 0, 0, 0
96503, 7774, 0, 0, 0
96601, 7619, 0, 0, 0
96703, 7840, 0, 0, 0
96800, 8193, 0, 0, 0
96906, 7321, 0, 0, 0
97002, 7095, 0, 0, 0
97101, 7147, 0, 0, 0
97200, 7608, 0, 0, 0
97302, 7232, 0, 0, 0
97401, 7455, 0, 0, 0
97501, 7628, 0, 0, 0
97603, 6853, 0, 0, 0
97702, 7012, 0, 0, 0
97801, 7697, 0, 0, 0
97901, 7452, 0, 0, 0
98002, 7055, 0, 0, 0
98102, 7147, 0, 0, 0
98201, 7471, 0, 0, 0
98301, 7194, 0, 0, 0
98405, 7395, 0, 0, 0
98502, 7700, 0, 0, 0
98605, 7638, 0, 0, 0
98700, 7457, 0, 0, 0
98801, 8526, 0, 0, 0
98906, 7892, 0, 0, 0
99003, 7001, 0, 0, 0
99104, 8380, 0, 0, 0
99201, 8417, 0, 0, 0
99302, 8243, 0, 0, 0
99404, 9183, 0, 0, 0
99504, 8873, 0, 0, 0
99603, 8648, 0, 0, 0
99703, 9150, 0, 0, 0
99800, 7964, 0, 0, 0
99907, 8678, 0, 0, 0
100006, 8062, 0, 0, 0
100100, 8705, 0, 0, 0
100206, 9352, 0, 0, 0
100303, 7747, 0, 0, 0
100400, 8075, 0, 0, 0
100504, 8198, 0, 0, 0
100600, 7964, 0, 0, 0
100703, 7328, 0, 0, 0
100803, 7313, 0, 0, 0
100901, 7562, 0, 0, 0
101001, 7322, 0, 0, 0
101101, 7088, 0, 0, 0
101204, 7490, 0, 0, 0
101304, 7025, 0, 0, 0
101402, 7504, 0, 0, 0
101500, 6777, 0, 0, 0
101603, 7911, 0, 0, 0
101704, 7877, 0, 0, 0
101806, 7869, 0, 0, 0
101904, 8195, 0, 0, 0
102005, 6678, 0, 0, 0
102100, 7100, 0, 0, 0
102204, 7081, 0, 0, 0
102300, 7163, 0, 0, 0
102400, 7188, 0, 0, 0
102504, 7781, 0, 0, 0
102600, 7897, 0, 0, 0
102700, 7594, 0, 0, 0
102800, 7305, 0, 0, 0
102903, 7030, 0, 0, 0
103003, 7266, 0, 0, 0
103101, 7460, 0, 0, 0
103201, 6969, 0, 0, 0
103304, 7705, 0, 0, 0
103403, 8904, 0, 0, 0
103500, 7389, 0, 0, 0
103602, 7379, 0, 0, 0
103705, 7887, 0, 0, 0
103804, 8123, 0, 0, 0
103901, 7176, 0, 0, 0
104000, 7246, 0, 0, 0
104100, 7160, 0, 0, 0
104200, 7800, 0, 0, 0
104301, 8082, 0, 0, 0
104408, 8529, 0, 0, 0
104502, 9065, 0, 0, 0
104605, 8503, 0, 0, 0
104703, 7788, 0, 0, 0
104803, 7654, 0, 0, 0
104903, 7275, 0, 0, 0
105001, 7111, 0, 0, 0
105102, 7309, 0, 0, 0
105201, 7327, 0, 0, 0
105305, 8073, 0, 0, 0
105402, 6818, 0, 0, 0
105500, 7372, 0, 0, 0
105601, 6530, 0, 0, 0
105702, 6842, 0, 0, 0
105800, 6862, 0, 0, 0
105904, 7497, 0, 0, 0
106002, 7045, 0, 0, 0
106102, 7230, 0, 0, 0
106200, 7168, 0, 0, 0
106305, 7374, 0, 0, 0
106400, 6786, 0, 0, 0
106502, 7561, 0, 0, 0
106607, 7480, 0, 0, 0
106700, 7755, 0, 0, 0
106801, 6967, 0, 0, 0
106907, 7479, 0, 0, 0
107004, 7726, 0, 0, 0
107102, 8135, 0, 0, 0
107202, 6732, 0, 0, 0
107300, 7712, 0, 0, 0
107403, 7843, 0, 0, 0
107505, 7367, 0, 0, 0
107603, 8152, 0, 0, 0
107701, 8329, 0, 0, 0
107804, 8049, 0, 0, 0
107901, 8463, 0, 0, 0
108003, 8478, 0, 0, 0
108103, 9050, 0, 0, 0
108201, 9263, 0, 0, 0
108302, 7551, 0, 0, 0
108406, 8753, 0, 0, 0
108502, 7634, 0, 0, 0
108604, 7734, 0, 0, 0
108706, 6950, 0, 0, 0
108802, 7793, 0, 0, 0
108902, 7343, 0, 0, 0
109002, 7827, 0, 0, 0
109100, 7740, 0, 0, 0
109202, 7283, 0, 0, 0
109301, 6948, 0, 0, 0
109403, 6969, 0, 0, 0
109501, 7228, 0, 0, 0
109602, 7164, 0, 0, 0
109705, 6566, 0, 0, 0
109802, 7271, 0, 0, 0
109901, 7031, 0, 0, 0
110004, 7257, 0, 0, 0
110101, 7023, 0, 0, 0
110204, 7281, 0, 0, 0
110305, 6960, 0, 0, 0
110403, 8131, 0, 0, 0
110508, 7059, 0, 0, 0
110600, 7532, 0, 0, 0
110706, 8503, 0, 0, 0
110806, 8029, 0, 0, 0
110905, 7635, 0, 0, 0
111002, 7234, 0, 0, 0
111104, 7163, 0, 0, 0
111204, 6430, 0, 0, 0
111304, 6782, 0, 0, 0
111402, 7174, 0, 0, 0
111500, 7012, 0, 0, 0
111600, 7167, 0, 0, 0
111703, 7003, 0, 0, 0
111801, 7271, 0, 0, 0
111902, 7301, 0, 0, 0
112003, 6988, 0, 0, 0
112103, 6669, 0, 0, 0
112200, 7297, 0, 0, 0
112303, 6512, 0, 0, 0
112401, 6747, 0, 0, 0
112503, 7596, 0, 0, 0
112602, 6923, 0, 0, 0
112705, 7666, 0, 0, 0
112803, 7415, 0, 0, 0
112904, 8396, 0, 0, 0
113000, 6917, 0, 0, 0
113102, 7701, 0, 0, 0
113204, 8002, 0, 0, 0
113303, 8083, 0, 0, 0
113405, 7666, 0, 0, 0
113505, 9033, 0, 0, 0
113602, 7889, 0, 0, 0
113702, 7559, 0, 0, 0
113804, 7112, 0, 0, 0
113903, 7068, 0, 0, 0
114000, 7929, 0, 0, 0
114104, 7545, 0, 0, 0
114206, 8140, 0, 0, 0
114301, 7187, 0, 0, 0
114401, 7102, 0, 0, 0
114501, 8059, 0, 0, 0
114605, 10079, 0, 0, 0
114701, 9875, 0, 0, 0
114805, 9267, 0, 0, 0
114900, 8473, 0, 0, 0
115002, 10462, 0, 0, 0
115101, 7860, 0, 0, 0
115204, 8198, 0, 0, 0
115304, 8253, 0, 0, 0
115404, 7350, 0, 0, 0
115502, 7276, 0, 0, 0
115600, 7846, 0, 0, 0
115704, 7463, 0, 0, 0
115800, 7334, 0, 0, 0
115901, 7594, 0, 0, 0
116005, 7329, 0, 0, 0
116104, 6955, 0, 0, 0
116202, 7966, 0, 0, 0
116305, 6566, 0, 0, 0
116400, 7484, 0, 0, 0
116502, 7649, 0, 0, 0
116602, 8069, 0, 0, 0
116702, 7682, 0, 0, 0
116804, 7941, 0, 0, 0
116900, 8119, 0, 0, 0
117000, 7033, 0, 0, 0
117106, 7229, 0, 0, 0
117207, 7685, 0, 0, 0
117302, 7268, 0, 0, 0
117402, 7131, 0, 0, 0
117504, 7584, 0, 0, 0
117602, 7726, 0, 0, 0
117701, 7866, 0, 0, 0
117805, 7340, 0, 0, 0
117905, 7828, 0, 0, 0
118004, 7599, 0, 0, 0
118102, 7884, 0, 0, 0
118203, 7600, 0, 0, 0
118303, 7262, 0, 0, 0
118400, 7831, 0, 0, 0
118503, 7815, 0, 0, 0
118602, 7468, 0, 0, 0
118700, 7219, 0, 0, 0
118802, 7277, 0, 0, 0
118903, 7751, 0, 0, 0
119002, 7822, 0, 0, 0
119100, 8041, 0, 0, 0
119206, 7806, 0, 0, 0
119307, 7235, 0, 0, 0
119400, 8236, 0, 0, 0
119502, 7255, 0, 0, 0
119601, 7445, 0, 0, 0
119701, 7309, 0, 0, 0
119807, 6854, 0, 0, 0
119900, 7559, 0, 0, 0
120001, 7439, 0, 0, 0
120106, 7688, 0, 0, 0
120204, 8467, 0, 0, 0
120304, 7981, 0, 0, 0
120404, 8786, 0, 0, 0
120503, 8228, 0, 0, 0
120604, 8473, 0, 0, 0
120702, 7628, 0, 0, 0
120802, 7990, 0, 0, 0
120903, 7718, 0, 0, 0
121005, 7696, 0, 0, 0
121100, 7929, 0, 0, 0
121201, 8547, 0, 0, 0
121301, 9267, 0, 0, 0
121402, 9642, 0, 0, 0
121502, 9330, 0, 0, 0
121605, 8264, 0, 0, 0
121706, 7290, 0, 0, 0
121802, 6654, 0, 0, 0
121900, 6990, 0, 0, 0
122001, 7363, 0, 0, 0
122100, 7602, 0, 0, 0
122203, 7023, 0, 0, 0
122300, 7109, 0, 0, 0
122407, 6947, 0, 0, 0
122500, 6965, 0, 0, 0
122605, 7022, 0, 0, 0
122701, 8149, 0, 0, 0
122801, 7546, 0, 0, 0
122900, 8171, 0, 0, 0
123004, 9147, 0, 0, 0
123107, 7544, 0, 0, 0
123203, 7334, 0, 0, 0
123301, 8727, 0, 0, 0
123400, 8216, 0, 0, 0
123505, 8253, 0, 0, 0
123601, 7991, 0, 0, 0
123702, 7455, 0, 0, 0
123801, 7964, 0, 0, 0
123900, 7741, 0, 0, 0
124003, 7487, 0, 0, 0
124106, 7599, 0, 0, 0
124200, 7947, 0, 0, 0
124304, 7961, 0, 0, 0
124407, 8377, 0, 0, 0
124503, 9995, 0, 0, 0
124606, 9272, 0, 0, 0
124701, 8591, 0, 0, 0
124802, 9050, 0, 0, 0
124905, 8486, 0, 0, 0
125002, 7590, 0, 0, 0
125109, 7468, 0, 0, 0
125201, 6864, 0, 0, 0
125302, 8167, 0, 0, 0
125400, 7115, 0, 0, 0
125501, 8403, 0, 0, 0
125607, 7281, 0, 0, 0
125702, 8006, 0, 0, 0
125805, 7596, 0, 0, 0
125901, 8159, 0, 0, 0
126002, 8068, 0, 0, 0
126102, 8415, 0, 0, 0
126203, 7647, 0, 0, 0
126307, 7434, 0, 0, 0
126406, 7014, 0, 0, 0
126503, 8396, 0, 0, 0
126603, 7571, 0, 0, 0
126702, 7298, 0, 0, 0
126800, 6682, 0, 0, 0
126903, 6845, 0, 0, 0
127006, 7016, 0, 0, 0
127104, 7570, 0, 0, 0
127201, 7419, 0, 0, 0
127304, 8253, 0, 0, 0
127404, 7791, 0, 0, 0
127504, 8811, 0, 0, 0
127603, 7739, 0, 0, 0
127700, 7500, 0, 0, 0
127805, 7579, 0, 0, 0
127905, 8325, 0, 0, 0
128007, 7821, 0, 0, 0
128104, 7976, 0, 0, 0
128201, 7187, 0, 0, 0
128304, 7013, 0, 0, 0
128403, 7496, 0, 0, 0
128504, 8304, 0, 0, 0
128601, 7560, 0, 0, 0
128700, 7868, 0, 0, 0
128804, 8481, 0, 0, 0
128901, 7239, 0, 0, 0
129000, 7869, 0, 0, 0
129103, 7504, 0, 0, 0
129201, 7295, 0, 0, 0
129303, 7924, 0, 0, 0
129406, 7992, 0, 0, 0
129500, 7436, 0, 0, 0
129606, 7196, 0, 0, 0
129705, 7652, 0, 0, 0
129801, 7669, 0, 0, 0
129906, 7934, 0, 0, 0
130002, 7146, 0, 0, 0
130101, 7108, 0, 0, 0
130200, 7424, 0, 0, 0
130301, 6947, 0, 0, 0
130402, 6773, 0, 0, 0
130503, 7174, 0, 0, 0
130603, 7380, 0, 0, 0
130700, 6996, 0, 0, 0
130802, 8039, 0, 0, 0
130902, 7209, 0, 0, 0
131003, 7305, 0, 0, 0
131106, 8241, 0, 0, 0
131201, 7337, 0, 0, 0
131302, 7749, 0, 0, 0
131400, 7418, 0, 0, 0
131508, 8623, 0, 0, 0
131602, 8835, 0, 0, 0
131702, 9085, 0, 0, 0
131800, 7489, 0, 0, 0
131902, 7842, 0, 0, 0
132005, 8076, 0, 0, 0
132101, 7896, 0, 0, 0
132204, 7981, 0, 0, 0
132302, 7430, 0, 0, 0
132406, 7436, 0, 0, 0
132506, 7417, 0, 0, 0
132608, 7680, 0, 0, 0
132705, 7399, 0, 0, 0
132801, 7473, 0, 0, 0
132903, 7598, 0, 0, 0
133003, 7512, 0, 0, 0
133101, 7508, 0, 0, 0
133203, 7648, 0, 0, 0
133303, 8283, 0, 0, 0
133404, 8478, 0, 0, 0
133505, 7462, 0, 0, 0
133602, 7816, 0, 0, 0
133701, 7605, 0, 0, 0
133802, 7565, 0, 0, 0
133902, 7636, 0, 0, 0
134004, 7924, 0, 0, 0
134101, 9304, 0, 0, 0
134204, 8301, 0, 0, 0
134301, 8467, 0, 0, 0
134400, 7369, 0, 0, 0
134501, 7370, 0, 0, 0
134602, 7566, 0, 0, 0
134703, 8332, 0, 0, 0
134802, 7100, 0, 0, 0
134901, 7385, 0, 0, 0
135001, 7295, 0, 0, 0
135102, 7927, 0, 0, 0
135203, 7583, 0, 0, 0
135302, 8471, 0, 0, 0
135404, 8772, 0, 0, 0
135505, 8783, 0, 0, 0
135604, 7288, 0, 0, 0
135704, 7303, 0, 0, 0
135805, 7059, 0, 0, 0
135903, 7768, 0, 0, 0
136002, 7064, 0, 0, 0
136102, 7695, 0, 0, 0
136200, 8042, 0, 0, 0
136304, 7241, 0, 0, 0
136401, 7557, 0, 0, 0
136501, 7859, 0, 0, 0
136600, 7316, 0, 0, 0
136704, 7298, 0, 0, 0
136805, 7286, 0, 0, 0
136904, 8206, 0, 0, 0
137000, 7725, 0, 0, 0
137104, 7633, 0, 0, 0
137203, 7679, 0, 0, 0
137303, 8267, 0, 0, 0
137402, 8323, 0, 0, 0
137501, 7802, 0, 0, 0
137602, 7506, 0, 0, 0
137703, 8280, 0, 0, 0
137808, 8007, 0, 0, 0
137900, 7685, 0, 0, 0
138007, 7803, 0, 0, 0
138101, 7166, 0, 0, 0
138200, 8838, 0, 0, 0
138301, 8106, 0, 0, 0
138404, 7885, 0, 0, 0
138502, 7767, 0, 0, 0
138601, 7362, 0, 0, 0
138705, 7536, 0, 0, 0
138803, 7973, 0, 0, 0
138902, 7545, 0, 0, 0
139003, 7733, 0, 0, 0
139100, 7006, 0, 0, 0
139205, 6979, 0, 0, 0
139303, 7389, 0, 0, 0
139406, 6995, 0, 0, 0
139500, 7089, 0, 0, 0
139603, 7470, 0, 0, 0
139701, 6886, 0, 0, 0
139804, 7244, 0, 0, 0
139900, 7708, 0, 0, 0
140004, 7668, 0, 0, 0
140101, 7145, 0, 0, 0
140201, 7562, 0, 0, 0
140300, 8329, 0, 0, 0
140405, 8751, 0, 0, 0
140500, 8401, 0, 0, 0
140605, 8092, 0, 0, 0
140702, 8127, 0, 0, 0
140803, 7738, 0, 0, 0
140904, 8007, 0, 0, 0
141000, 7507, 0, 0, 0
141103, 7367, 0, 0, 0
141205, 7396, 0, 0, 0
141303, 7305, 0, 0, 0
141403, 7042, 0, 0, 0
141500, 6899, 0, 0, 0
141601, 6800, 0, 0, 0
141704, 7211, 0, 0, 0
141805, 7573, 0, 0, 0
141901, 7699, 0, 0, 0
142004, 7015, 0, 0, 0
142102, 8085, 0, 0, 0
142206, 7180, 0, 0, 0
142300, 7875, 0, 0, 0
142409, 7818, 0, 0, 0
142500, 7356, 0, 0, 0
142603, 7815, 0, 0, 0
142701, 8661, 0, 0, 0
142801, 7379, 0, 0, 0
142902, 7972, 0, 0, 0
143003, 7174, 0, 0, 0
143105, 7644, 0, 0, 0
143200, 7696, 0, 0, 0
143300, 7548, 0, 0, 0
143411, 8044, 0, 0, 0
143503, 7387, 0, 0, 0
143603, 8278, 0, 0, 0
143704, 7813, 0, 0, 0
143800, 7148, 0, 0, 0
143903, 7615, 0, 0, 0
144003, 7650, 0, 0, 0
144105, 7791, 0, 0, 0
144202, 7533, 0, 0, 0
144304, 8091, 0, 0, 0
144402, 7666, 0, 0, 0
144502, 7211, 0, 0, 0
144601, 8121, 0, 0, 0
144708, 6975, 0, 0, 0
144801, 7213, 0, 0, 0
144902, 6340, 0, 0, 0
145003, 7539, 0, 0, 0
145100, 7764, 0, 0, 0
145205, 7824, 0, 0, 0
145301, 7919, 0, 0, 0
145400, 7499, 0, 0, 0
145502, 7914, 0, 0, 0
145600, 8282, 0, 0, 0
145701, 8145, 0, 0, 0
145800, 8167, 0, 0, 0
145901, 8082, 0, 0, 0
146007, 8041, 0, 0, 0
146101, 7209, 0, 0, 0
146200, 7240, 0, 0, 0
146304, 7362, 0, 0, 0
146404, 7618, 0, 0, 0
146502, 7369, 0, 0, 0
146601, 8445, 0, 0, 0
146702, 8866, 0, 0, 0
146803, 6690, 0, 0, 0
146904, 7135, 0, 0, 0
147004, 8470, 0, 0, 0
147100, 8062, 0, 0, 0
147206, 8146, 0, 0, 0
147301, 7179, 0, 0, 0
147400, 7236, 0, 0, 0
147504, 7256, 0, 0, 0
147601, 7106, 0, 0, 0
147703, 7787, 0, 0, 0
147806, 7924, 0, 0, 0
147902, 8295, 0, 0, 0
148004, 7809, 0, 0, 0
148104, 7347, 0, 0, 0
148202, 7524, 0, 0, 0
148300, 7273, 0, 0, 0
148401, 7897, 0, 0, 0
148500, 8137, 0, 0, 0
148606, 7552, 0, 0, 0
148700, 7748, 0, 0, 0
148804, 7494, 0, 0, 0
148909, 8271, 0, 0, 0
149005, 8159, 0, 0, 0
149101, 8493, 0, 0, 0
149200, 8000, 0, 0, 0
149305, 7871, 0, 0, 0
149404, 7591, 0, 0, 0
149504, 7793, 0, 0, 0
149604, 7966, 0, 0, 0
149700, 7513, 0, 0, 0
149805, 7720, 0, 0, 0
149903, 7407, 0, 0, 0
150001, 7528, 0, 0, 0
150103, 8005, 0, 0, 0
150200, 7888, 0, 0, 0
150306, 7414, 0, 0, 0
150402, 7095, 0, 0, 0
150506, 7196, 0, 0, 0
150600, 6858, 0, 0, 0
150704, 6896, 0, 0, 0
150800, 7067, 0, 0, 0
150900, 7897, 0, 0, 0
151003, 7046, 0, 0, 0
151101, 7348, 0, 0, 0
151200, 7367, 0, 0, 0
151303, 7650, 0, 0, 0
151402, 7115, 0, 0, 0
151503, 7841, 0, 0, 0
151600, 7750, 0, 0, 0
151704, 7170, 0, 0, 0
151806, 8433, 0, 0, 0
151900, 8401, 0, 0, 0
152004, 8310, 0, 0, 0
152100, 9018, 0, 0, 0
152208, 7657, 0, 0, 0
152305, 8184, 0, 0, 0
152400, 7800, 0, 0, 0
152500, 7661, 0, 0, 0
152600, 6604, 0, 0, 0
152702, 8667, 0, 0, 0
152800, 7436, 0, 0, 0
152903, 8113, 0, 0, 0
153004, 7528, 0, 0, 0
153100, 8319, 0, 0, 0
153200, 8315, 0, 0, 0
153305, 8749, 0, 0, 0
153402, 7933, 0, 0, 0
153500, 7017, 0, 0, 0
153603, 7453, 0, 0, 0
153700, 7655, 0, 0, 0
153805, 7352, 0, 0, 0
153906, 5890, 0, 0, 0
154004, 7510, 0, 0, 0
154100, 7178, 0, 0, 0
154203, 7598, 0, 0, 0
154304, 7290, 0, 0, 0
154402, 6957, 0, 0, 0
154502, 7823, 0, 0, 0
154603, 7750, 0, 0, 0
154706, 7385, 0, 0, 0
154800, 7415, 0, 0, 0
154902, 7647, 0, 0, 0
155005, 7697, 0, 0, 0
155102, 7662, 0, 0, 0
155203, 7567, 0, 0, 0
155303, 7331, 0, 0, 0
155403, 7818, 0, 0, 0
155501, 7636, 0, 0, 0
155600, 8167, 0, 0, 0
155702, 7667, 0, 0, 0
155800, 7258, 0, 0, 0
155903, 7431, 0, 0, 0
156002, 7110, 0, 0, 0
156100, 7086, 0, 0, 0
156201, 7395, 0, 0, 0
156306, 7372, 0, 0, 0
156401, 7684, 0, 0, 0
156502, 8013, 0, 0, 0
156609, 7592, 0, 0, 0
156700, 8129, 0, 0, 0
156801, 8102, 0, 0, 0
156903, 8447, 0, 0, 0
157000, 7702, 0, 0, 0
157104, 7167, 0, 0, 0
157201, 7472, 0, 0, 0
157303, 7249, 0, 0, 0
157402, 6988, 0, 0, 0
157502, 6752, 0, 0, 0
157600, 7068, 0, 0, 0
157702, 7858, 0, 0, 0
157804, 8181, 0, 0, 0
157903, 7658, 0, 0, 0
158003, 8291, 0, 0, 0
158101, 7638, 0, 0, 0
158200, 6691, 0, 0, 0
158300, 7234, 0, 0, 0
158400, 7141, 0, 0, 0
158504, 7410, 0, 0, 0
158603, 7520, 0, 0, 0
158701, 8061, 0, 0, 0
158803, 7594, 0, 0, 0
158905, 7841, 0, 0, 0
159006, 7533, 0, 0, 0
159100, 7447, 0, 0, 0
159205, 7040, 0, 0, 0
159302, 7687, 0, 0, 0
159401, 9590, 0, 0, 0
159504, 10040, 0, 0, 0
159603, 10426, 0, 0, 0
159703, 7961, 0, 0, 0
159806, 7408, 0, 0, 0
159904, 6627, 0, 0, 0
160002, 7419, 0, 0, 0
160101, 7572, 0, 0, 0
160200, 7525, 0, 0, 0
160304, 8264, 0, 0, 0
160401, 7155, 0, 0, 0
160501, 6701, 0, 0, 0
160604, 7548, 0, 0, 0
160701, 7168, 0, 0, 0
160802, 7598, 0, 0, 0
160902, 6788, 0, 0, 0
161000, 7126, 0, 0, 0
161100, 7679, 0, 0, 0
161200, 7249, 0, 0, 0
161300, 7915, 0, 0, 0
161404, 7126, 0, 0, 0
161508, 7028, 0, 0, 0
161601, 7209, 0, 0, 0
161707, 7129, 0, 0, 0
161802, 6764, 0, 0, 0
161900, 6973, 0, 0, 0
162002, 7226, 0, 0, 0
162100, 7084, 0, 0, 0
162201, 7334, 0, 0, 0
162302, 7324, 0, 0, 0
162402, 7334, 0, 0, 0
162500, 7240, 0, 0, 0
162604, 7572, 0, 0, 0
162702, 7102, 0, 0, 0
162802, 7622, 0, 0, 0
162900, 7613, 0, 0, 0
163006, 7221, 0, 0, 0
163103, 7875, 0, 0, 0
163201, 6931, 0, 0, 0
163301, 7180, 0, 0, 0
163401, 7334, 0, 0, 0
163505, 7925, 0, 0, 0
163604, 8439, 0, 0, 0
163704, 8004, 0, 0, 0
163801, 8926, 0, 0, 0
163904, 9348, 0, 0, 0
164001, 7865, 0, 0, 0
164103, 8301, 0, 0, 0
164201, 8053, 0, 0, 0
164304, 7154, 0, 0, 0
164401, 7306, 0, 0, 0
164503, 7128, 0, 0, 0
164603, 7975, 0, 0, 0
164703, 7751, 0, 0, 0
164802, 7498, 0, 0, 0
164900, 7332, 0, 0, 0
165004, 7163, 0, 0, 0
165102, 7709, 0, 0, 0
165206, 7237, 0, 0, 0
165305, 7851, 0, 0, 0
165402, 7395, 0, 0, 0
165501, 6982, 0, 0, 0
165603, 7423, 0, 0, 0
165701, 8058, 0, 0, 0
165805, 7747, 0, 0, 0
165902, 7902, 0, 0, 0
166001, 7306, 0, 0, 0
166103, 7234, 0, 0, 0
166202, 6608, 0, 0, 0
166307, 7396, 0, 0, 0
166403, 7519, 0, 0, 0
166503, 7114, 0, 0, 0
166605, 7168, 0, 0, 0
166700, 7060, 0, 0, 0
166804, 7798, 0, 0, 0
166903, 7293, 0, 0, 0
167002, 7374, 0, 0, 0
167100, 7485, 0, 0, 0
167201, 7146, 0, 0, 0
167300, 7123, 0, 0, 0
167408, 7387, 0, 0, 0
167503, 7777, 0, 0, 0
167600, 7263, 0, 0, 0
167706, 8207, 0, 0, 0
167801, 7804, 0, 0, 0
167905, 7940, 0, 0, 0
168003, 7762, 0, 0, 0
168104, 7498, 0, 0, 0
168201, 7333, 0, 0, 0
168302, 7565, 0, 0, 0
168401, 7949, 0, 0, 0
168505, 8575, 0, 0, 0
168600, 8278, 0, 0, 0
168706, 7325, 0, 0, 0
168804, 7805, 0, 0, 0
168904, 8847, 0, 0, 0
169001, 8481, 0, 0, 0
169104, 7759, 0, 0, 0
169203, 8188, 0, 0, 0
169303, 7327, 0, 0, 0
169404, 7216, 0, 0, 0
169505, 7599, 0, 0, 0
169603, 7353, 0, 0, 0
169701, 7187, 0, 0, 0
169801, 7347, 0, 0, 0
169903, 8005, 0, 0, 0
170000, 7808, 0, 0, 0
170102, 8361, 0, 0, 0
170204, 8351, 0, 0, 0
170303, 7942, 0, 0, 0
170404, 6868, 0, 0, 0
170504, 7554, 0, 0, 0
170601, 7173, 0, 0, 0
170704, 7692, 0, 0, 0
170800, 7160, 0, 0, 0
170900, 7115, 0, 0, 0
171001, 7606, 0, 0, 0
171101, 7758, 0, 0, 0
171205, 8254, 0, 0, 0
171301, 8163, 0, 0, 0
171402, 8015, 0, 0, 0
171501, 7468, 0, 0, 0
171604, 8677, 0, 0, 0
171702, 7715, 0, 0, 0
171805, 7169, 0, 0, 0
171900, 7483, 0, 0, 0
172001, 7803, 0, 0, 0
172104, 7650, 0, 0, 0
172204, 7858, 0, 0, 0
172300, 7565, 0, 0, 0
172405, 8127, 0, 0, 0
172505, 7276, 0, 0, 0
172600, 8156, 0, 0, 0
172700, 7962, 0, 0, 0
172802, 7858, 0, 0, 0
172902, 7482, 0, 0, 0
173004, 7376, 0, 0, 0
173104, 7726, 0, 0, 0
173203, 7309, 0, 0, 0
173303, 7926, 0, 0, 0
173403, 8247, 0, 0, 0
173502, 7817, 0, 0, 0
173606, 9159, 0, 0, 0
173708, 7672, 0, 0, 0
173800, 7528, 0, 0, 0
173902, 7732, 0, 0, 0
174002, 8053, 0, 0, 0
174101, 7696, 0, 0, 0
174204, 7907, 0, 0, 0
174302, 7486, 0, 0, 0
174406, 8175, 0, 0, 0
174505, 7961, 0, 0, 0
174600, 7701, 0, 0, 0
174705, 7388, 0, 0, 0
174806, 7637, 0, 0, 0
174902, 7187, 0, 0, 0
175000, 7297, 0, 0, 0
175100, 7617, 0, 0, 0
175204, 7129, 0, 0, 0
175305, 8027, 0, 0, 0
175402, 8631, 0, 0, 0
175506, 7804, 0, 0, 0
175601, 7632, 0, 0, 0
175703, 7278, 0, 0, 0
175802, 8214, 0, 0, 0
175903, 7846, 0, 0, 0
176004, 9663, 0, 0, 0
176100, 9265, 0, 0, 0
176202, 8346, 0, 0, 0
176305, 8995, 0, 0, 0
176408, 8787, 0, 0, 0
176501, 8689, 0, 0, 0
176602, 8367, 0, 0, 0
176703, 8611, 0, 0, 0
176807, 7992, 0, 0, 0
176903, 8760, 0, 0, 0
177001, 9295, 0, 0, 0
177106, 8889, 0, 0, 0
177204, 8803, 0, 0, 0
177306, 8720, 0, 0, 0
177400, 8677, 0, 0, 0
177503, 8425, 0, 0, 0
177605, 8639, 0, 0, 0
177702, 8645, 0, 0, 0
177804, 8281, 0, 0, 0
177904, 9564, 0, 0, 0
178005, 9783, 0, 0, 0
178104, 9198, 0, 0, 0
178200, 8896, 0, 0, 0
178301, 8625, 0, 0, 0
178404, 7916, 0, 0, 0
178502, 8059, 0, 0, 0
178609, 7872, 0, 0, 0
178700, 8574, 0, 0, 0
178800, 8801, 0, 0, 0
178903, 8329, 0, 0, 0
179002, 7259, 0, 0, 0
179102, 7867, 0, 0, 0
179201, 7278, 0, 0, 0
179306, 7233, 0, 0, 0
179403, 6995, 0, 0, 0
179503, 6914, 0, 0, 0
179604, 6923, 0, 0, 0
179700, 7532, 0, 0, 0
179803, 7451, 0, 0, 0
179902, 7694, 0, 0, 0
180003, 7538, 0, 0, 0
