250, 2348, 0, 0, 0
350, 2380, 0, 0, 0
450, 2280, 0, 0, 0
550, 2290, 0, 0, 0
650, 2340, 0, 0, 0
750, 2393, 0, 0, 0
850, 2320, 0, 0, 0
950, 2340, 0, 0, 0
1050, 2400, 0, 0, 0
1150, 2350, 0, 0, 0
1249, 2292, 0, 0, 0
1350, 2050, 0, 0, 0
1450, 2300, 0, 0, 0
1550, 2280, 0, 0, 0
1650, 2320, 0, 0, 0
1749, 2313, 0, 0, 0
1849, 2310, 0, 0, 0
1950, 2210, 0, 0, 0
2050, 2340, 0, 0, 0
2150, 2300, 0, 0, 0
2249, 2353, 0, 0, 0
2349, 2310, 0, 0, 0
2449, 2280, 0, 0, 0
2549, 2090, 0, 0, 0
2650, 2290, 0, 0, 0
2749, 2323, 0, 0, 0
2849, 2290, 0, 0, 0
2949, 2300, 0, 0, 0
3049, 2310, 0, 0, 0
3149, 2080, 0, 0, 0
3249, 2300, 0, 0, 0
3349, 2270, 0, 0, 0
3449, 2330, 0, 0, 0
3550, 2290, 0, 0, 0
3650, 1790, 0, 0, 0
3749, 2060, 0, 0, 0
3849, 2300, 0, 0, 0
3949, 2310, 0, 0, 0
4050, 2250, 0, 0, 0
4150, 2400, 0, 0, 0
4250, 2131, 0, 0, 0
4350, 2350, 0, 0, 0
4450, 2350, 0, 0, 0
4551, 2360, 0, 0, 0
4651, 2300, 0, 0, 0
4751, 2350, 0, 0, 0
4851, 2240, 0, 0, 0
4952, 2280, 0, 0, 0
5052, 2330, 0, 0, 0
5152, 2330, 0, 0, 0
5252, 2260, 0, 0, 0
5352, 2280, 0, 0, 0
5452, 2180, 0, 0, 0
5553, 2190, 0, 0, 0
5653, 2250, 0, 0, 0
5753, 2180, 0, 0, 0
5853, 2210, 0, 0, 0
5953, 2200, 0, 0, 0
6054, 2250, 0, 0, 0
6154, 2320, 0, 0, 0
6254, 2310, 0, 0, 0
6354, 2290, 0, 0, 0
6454, 2260, 0, 0, 0
6554, 2320, 0, 0, 0
6654, 2310, 0, 0, 0
6755, 2310, 0, 0, 0
6855, 2230, 0, 0, 0
6955, 2220, 0, 0, 0
7055, 2350, 0, 0, 0
7156, 2270, 0, 0, 0
7256, 1870, 0, 0, 0
7356, 2270, 0, 0, 0
7456, 2300, 0, 0, 0
7556, 2090, 0, 0, 0
7657, 2250, 0, 0, 0
7757, 2290, 0, 0, 0
7857, 2110, 0, 0, 0
7958, 2200, 0, 0, 0
8058, 2360, 0, 0, 0
8158, 2300, 0, 0, 0
8259, 2020, 0, 0, 0
8359, 2380, 0, 0, 0
8459, 2170, 0, 0, 0
8559, 2290, 0, 0, 0
8659, 2280, 0, 0, 0
8760, 2290, 0, 0, 0
8860, 2230, 0, 0, 0
8960, 2340, 0, 0, 0
9060, 2320, 0, 0, 0
9161, 2300, 0, 0, 0
9261, 2260, 0, 0, 0
9361, 2290, 0, 0, 0
9461, 2280, 0, 0, 0
9561, 2330, 0, 0, 0
9661, 2270, 0, 0, 0
9762, 2360, 0, 0, 0
9862, 2170, 0, 0, 0
9962, 2190, 0, 0, 0
10062, 2250, 0, 0, 0
10162, 2260, 0, 0, 0
10262, 2290, 0, 0, 0
10362, 2350, 0, 0, 0
10463, 2330, 0, 0, 0
10563, 2300, 0, 0, 0
10663, 2240, 0, 0, 0
10763, 2270, 0, 0, 0
10863, 2220, 0, 0, 0
10963, 2200, 0, 0, 0
11064, 2140, 0, 0, 0
11164, 2130, 0, 0, 0
11264, 2260, 0, 0, 0
11364, 2330, 0, 0, 0
11464, 2190, 0, 0, 0
11565, 2130, 0, 0, 0
11665, 2310, 0, 0, 0
11765, 2270, 0, 0, 0
11866, 2300, 0, 0, 0
11966, 2370, 0, 0, 0
12066, 1990, 0, 0, 0
12166, 2360, 0, 0, 0
12267, 2360, 0, 0, 0
12367, 2280, 0, 0, 0
12467, 2330, 0, 0, 0
12567, 2400, 0, 0, 0
12667, 2390, 0, 0, 0
12767, 2350, 0, 0, 0
12868, 2320, 0, 0, 0
12968, 2360, 0, 0, 0
13068, 2370, 0, 0, 0
13168, 2320, 0, 0, 0
13268, 2310, 0, 0, 0
13369, 2370, 0, 0, 0
13469, 2360, 0, 0, 0
13569, 2370, 0, 0, 0
13669, 2250, 0, 0, 0
13769, 2310, 0, 0, 0
13869, 2340, 0, 0, 0
13970, 2380, 0, 0, 0
14070, 2290, 0, 0, 0
14170, 2330, 0, 0, 0
14270, 2380, 0, 0, 0
14370, 2220, 0, 0, 0
14470, 1890, 0, 0, 0
14571, 2350, 0, 0, 0
14671, 2360, 0, 0, 0
14771, 2370, 0, 0, 0
14871, 2340, 0, 0, 0
14971, 2360, 0, 0, 0
15072, 2390, 0, 0, 0
15172, 2300, 0, 0, 0
15272, 2280, 0, 0, 0
15372, 2340, 0, 0, 0
15473, 2400, 0, 0, 0
15573, 2350, 0, 0, 0
15673, 2360, 0, 0, 0
15774, 2277, 0, 0, 0
15876, 2287, 0, 0, 0
15976, 2360, 0, 0, 0
16076, 2430, 0, 0, 0
16177, 2300, 0, 0, 0
16277, 2340, 0, 0, 0
16377, 2210, 0, 0, 0
16477, 2000, 0, 0, 0
16577, 2370, 0, 0, 0
16677, 2380, 0, 0, 0
16777, 2350, 0, 0, 0
16878, 2380, 0, 0, 0
16978, 2370, 0, 0, 0
17078, 2370, 0, 0, 0
17178, 2410, 0, 0, 0
17279, 2340, 0, 0, 0
17379, 2360, 0, 0, 0
17479, 2100, 0, 0, 0
17579, 2360, 0, 0, 0
17679, 2330, 0, 0, 0
17779, 2330, 0, 0, 0
17879, 2390, 0, 0, 0
17980, 2320, 0, 0, 0
18080, 2360, 0, 0, 0
18180, 2370, 0, 0, 0
18280, 2410, 0, 0, 0
18380, 2090, 0, 0, 0
18480, 2310, 0, 0, 0
18580, 2290, 0, 0, 0
18681, 2400, 0, 0, 0
18781, 2390, 0, 0, 0
18881, 2330, 0, 0, 0
18981, 2320, 0, 0, 0
19082, 2440, 0, 0, 0
19182, 2390, 0, 0, 0
19282, 2330, 0, 0, 0
19382, 2370, 0, 0, 0
19482, 1930, 0, 0, 0
19582, 2280, 0, 0, 0
19682, 2410, 0, 0, 0
19783, 2260, 0, 0, 0
19883, 2250, 0, 0, 0
19983, 2320, 0, 0, 0
20083, 2350, 0, 0, 0
20183, 2320, 0, 0, 0
20284, 2390, 0, 0, 0
20384, 2350, 0, 0, 0
20484, 2240, 0, 0, 0
20584, 2330, 0, 0, 0
20684, 2400, 0, 0, 0
20785, 2350, 0, 0, 0
20885, 2370, 0, 0, 0
20985, 2300, 0, 0, 0
21085, 2380, 0, 0, 0
21185, 2330, 0, 0, 0
21285, 2380, 0, 0, 0
21385, 2300, 0, 0, 0
21485, 2270, 0, 0, 0
21586, 2300, 0, 0, 0
21686, 2330, 0, 0, 0
21786, 2320, 0, 0, 0
21886, 2260, 0, 0, 0
21987, 2280, 0, 0, 0
22087, 2330, 0, 0, 0
22187, 2350, 0, 0, 0
22287, 2350, 0, 0, 0
22387, 2300, 0, 0, 0
22487, 2310, 0, 0, 0
22588, 2370, 0, 0, 0
22688, 2300, 0, 0, 0
22788, 2340, 0, 0, 0
22888, 2270, 0, 0, 0
22988, 2300, 0, 0, 0
23089, 2330, 0, 0, 0
23189, 2350, 0, 0, 0
23289, 2320, 0, 0, 0
23389, 2280, 0, 0, 0
23489, 2240, 0, 0, 0
23589, 2310, 0, 0, 0
23690, 2330, 0, 0, 0
23790, 2280, 0, 0, 0
23890, 2040, 0, 0, 0
23990, 2270, 0, 0, 0
24090, 2310, 0, 0, 0
24190, 2340, 0, 0, 0
24290, 2340, 0, 0, 0
24391, 2260, 0, 0, 0
24491, 2330, 0, 0, 0
24591, 2310, 0, 0, 0
24691, 2230, 0, 0, 0
24791, 2230, 0, 0, 0
24891, 2360, 0, 0, 0
24991, 2310, 0, 0, 0
25091, 2310, 0, 0, 0
25191, 2300, 0, 0, 0
25292, 2210, 0, 0, 0
25392, 2300, 0, 0, 0
25492, 2290, 0, 0, 0
25592, 2310, 0, 0, 0
25692, 2260, 0, 0, 0
25793, 2310, 0, 0, 0
25893, 2250, 0, 0, 0
25993, 2330, 0, 0, 0
26093, 2170, 0, 0, 0
26193, 2290, 0, 0, 0
26293, 2320, 0, 0, 0
26394, 1850, 0, 0, 0
26494, 2170, 0, 0, 0
26594, 2270, 0, 0, 0
26694, 2290, 0, 0, 0
26794, 2230, 0, 0, 0
26894, 2270, 0, 0, 0
26995, 2250, 0, 0, 0
27095, 2270, 0, 0, 0
27195, 2320, 0, 0, 0
27295, 2290, 0, 0, 0
27395, 2250, 0, 0, 0
27495, 2240, 0, 0, 0
27595, 2280, 0, 0, 0
27695, 2310, 0, 0, 0
27796, 2220, 0, 0, 0
27896, 2290, 0, 0, 0
27996, 2260, 0, 0, 0
28096, 2350, 0, 0, 0
28196, 2300, 0, 0, 0
28297, 2260, 0, 0, 0
28397, 2340, 0, 0, 0
28497, 2320, 0, 0, 0
28597, 2260, 0, 0, 0
28697, 2290, 0, 0, 0
28797, 2310, 0, 0, 0
28898, 2250, 0, 0, 0
28998, 2300, 0, 0, 0
29098, 2300, 0, 0, 0
29198, 2170, 0, 0, 0
29298, 2330, 0, 0, 0
29399, 2310, 0, 0, 0
29499, 2180, 0, 0, 0
29599, 2290, 0, 0, 0
29699, 2310, 0, 0, 0
29799, 2260, 0, 0, 0
29899, 2090, 0, 0, 0
29999, 2210, 0, 0, 0
30099, 2240, 0, 0, 0
30199, 2330, 0, 0, 0
30300, 2310, 0, 0, 0
30400, 2290, 0, 0, 0
30499, 2323, 0, 0, 0
30599, 2320, 0, 0, 0
30699, 2260, 0, 0, 0
30799, 2290, 0, 0, 0
30899, 2180, 0, 0, 0
30999, 2320, 0, 0, 0
31100, 2310, 0, 0, 0
31200, 2330, 0, 0, 0
31300, 2150, 0, 0, 0
31400, 2250, 0, 0, 0
31499, 2212, 0, 0, 0
31599, 2060, 0, 0, 0
31700, 2080, 0, 0, 0
31800, 2260, 0, 0, 0
31900, 2310, 0, 0, 0
31999, 2222, 0, 0, 0
32099, 2270, 0, 0, 0
32199, 2220, 0, 0, 0
32299, 2170, 0, 0, 0
32399, 2290, 0, 0, 0
32500, 2150, 0, 0, 0
32600, 2170, 0, 0, 0
32700, 2250, 0, 0, 0
32800, 2350, 0, 0, 0
32900, 2190, 0, 0, 0
32999, 2313, 0, 0, 0
33099, 2140, 0, 0, 0
33199, 2230, 0, 0, 0
33299, 2010, 0, 0, 0
33399, 2290, 0, 0, 0
33500, 2180, 0, 0, 0
33600, 2280, 0, 0, 0
33700, 2320, 0, 0, 0
33800, 2220, 0, 0, 0
33900, 2280, 0, 0, 0
33999, 2121, 0, 0, 0
34099, 2220, 0, 0, 0
34199, 2230, 0, 0, 0
34299, 2270, 0, 0, 0
34399, 2230, 0, 0, 0
34499, 2110, 0, 0, 0
34600, 2170, 0, 0, 0
34700, 2220, 0, 0, 0
34800, 2230, 0, 0, 0
34900, 2210, 0, 0, 0
34999, 2262, 0, 0, 0
35099, 2200, 0, 0, 0
35199, 2190, 0, 0, 0
35299, 2290, 0, 0, 0
35400, 2270, 0, 0, 0
35500, 2150, 0, 0, 0
35600, 2210, 0, 0, 0
35700, 2260, 0, 0, 0
35801, 2100, 0, 0, 0
35900, 2090, 0, 0, 0
35999, 2191, 0, 0, 0
36099, 2240, 0, 0, 0
36199, 2250, 0, 0, 0
36299, 2240, 0, 0, 0
36399, 2060, 0, 0, 0
36499, 2300, 0, 0, 0
36599, 2280, 0, 0, 0
36699, 2240, 0, 0, 0
36800, 1980, 0, 0, 0
36900, 2190, 0, 0, 0
37000, 2140, 0, 0, 0
37100, 2240, 0, 0, 0
37200, 2220, 0, 0, 0
37300, 1790, 0, 0, 0
37400, 2040, 0, 0, 0
37499, 2141, 0, 0, 0
37599, 2130, 0, 0, 0
37699, 2210, 0, 0, 0
37799, 2150, 0, 0, 0
37900, 2210, 0, 0, 0
38000, 2190, 0, 0, 0
38100, 2120, 0, 0, 0
38200, 2180, 0, 0, 0
38300, 2160, 0, 0, 0
38400, 2180, 0, 0, 0
38499, 2010, 0, 0, 0
38599, 2260, 0, 0, 0
38699, 2150, 0, 0, 0
38800, 2170, 0, 0, 0
38900, 2200, 0, 0, 0
38999, 2181, 0, 0, 0
39100, 2230, 0, 0, 0
39200, 2200, 0, 0, 0
39300, 2170, 0, 0, 0
39400, 2220, 0, 0, 0
39499, 2232, 0, 0, 0
39599, 2150, 0, 0, 0
39700, 2190, 0, 0, 0
39800, 2270, 0, 0, 0
39900, 2130, 0, 0, 0
39999, 2181, 0, 0, 0
40099, 2210, 0, 0, 0
40199, 2190, 0, 0, 0
40300, 2190, 0, 0, 0
40400, 2180, 0, 0, 0
40499, 2181, 0, 0, 0
40599, 2120, 0, 0, 0
40699, 2100, 0, 0, 0
40800, 2170, 0, 0, 0
40900, 2120, 0, 0, 0
40999, 2151, 0, 0, 0
41099, 2130, 0, 0, 0
41199, 2170, 0, 0, 0
41299, 2170, 0, 0, 0
41400, 2140, 0, 0, 0
41499, 2050, 0, 0, 0
41599, 2170, 0, 0, 0
41699, 2180, 0, 0, 0
41799, 2150, 0, 0, 0
41899, 2170, 0, 0, 0
41999, 2180, 0, 0, 0
42099, 2220, 0, 0, 0
42199, 2210, 0, 0, 0
42300, 2280, 0, 0, 0
42400, 2240, 0, 0, 0
42499, 2272, 0, 0, 0
42599, 2220, 0, 0, 0
42699, 2120, 0, 0, 0
42799, 2160, 0, 0, 0
42899, 2200, 0, 0, 0
43000, 2160, 0, 0, 0
43100, 2250, 0, 0, 0
43200, 2220, 0, 0, 0
43300, 2220, 0, 0, 0
43400, 2190, 0, 0, 0
43499, 2191, 0, 0, 0
43599, 2220, 0, 0, 0
43699, 2180, 0, 0, 0
43799, 2190, 0, 0, 0
43899, 2180, 0, 0, 0
44000, 2160, 0, 0, 0
44100, 2230, 0, 0, 0
44200, 2210, 0, 0, 0
44300, 2160, 0, 0, 0
44400, 2260, 0, 0, 0
44500, 2121, 0, 0, 0
44600, 2200, 0, 0, 0
44700, 2220, 0, 0, 0
44800, 2150, 0, 0, 0
44900, 2180, 0, 0, 0
44999, 2262, 0, 0, 0
45099, 2250, 0, 0, 0
45199, 2190, 0, 0, 0
45299, 2270, 0, 0, 0
45399, 2170, 0, 0, 0
45499, 2290, 0, 0, 0
45600, 2180, 0, 0, 0
45700, 2300, 0, 0, 0
45800, 2210, 0, 0, 0
45900, 2240, 0, 0, 0
45999, 2252, 0, 0, 0
46099, 2230, 0, 0, 0
46199, 2260, 0, 0, 0
46300, 2210, 0, 0, 0
46400, 2170, 0, 0, 0
46499, 2232, 0, 0, 0
46599, 2240, 0, 0, 0
46699, 2240, 0, 0, 0
46799, 2260, 0, 0, 0
46899, 2190, 0, 0, 0
46999, 2210, 0, 0, 0
47099, 2200, 0, 0, 0
47199, 2270, 0, 0, 0
47300, 2180, 0, 0, 0
47400, 1880, 0, 0, 0
47499, 2101, 0, 0, 0
47599, 2230, 0, 0, 0
47699, 2100, 0, 0, 0
47799, 2160, 0, 0, 0
47899, 2080, 0, 0, 0
47999, 2120, 0, 0, 0
48099, 2170, 0, 0, 0
48200, 2140, 0, 0, 0
48300, 2280, 0, 0, 0
48400, 2210, 0, 0, 0
48499, 2222, 0, 0, 0
48599, 2200, 0, 0, 0
48699, 2290, 0, 0, 0
48799, 2260, 0, 0, 0
48899, 2260, 0, 0, 0
48999, 2130, 0, 0, 0
49100, 2110, 0, 0, 0
49200, 2120, 0, 0, 0
49300, 2050, 0, 0, 0
49400, 2120, 0, 0, 0
49499, 2242, 0, 0, 0
49599, 1670, 0, 0, 0
49699, 2290, 0, 0, 0
49800, 2090, 0, 0, 0
49900, 2130, 0, 0, 0
49999, 2111, 0, 0, 0
50099, 2260, 0, 0, 0
50199, 2210, 0, 0, 0
50299, 2280, 0, 0, 0
50400, 2110, 0, 0, 0
50500, 2010, 0, 0, 0
50600, 2150, 0, 0, 0
50700, 2140, 0, 0, 0
50800, 2120, 0, 0, 0
50900, 2160, 0, 0, 0
50999, 2282, 0, 0, 0
51099, 2280, 0, 0, 0
51199, 2280, 0, 0, 0
51299, 2240, 0, 0, 0
51399, 2230, 0, 0, 0
51499, 2290, 0, 0, 0
51600, 2200, 0, 0, 0
51700, 2200, 0, 0, 0
51800, 2120, 0, 0, 0
51900, 2250, 0, 0, 0
51999, 2272, 0, 0, 0
52099, 2300, 0, 0, 0
52199, 2280, 0, 0, 0
52299, 2100, 0, 0, 0
52399, 2240, 0, 0, 0
52499, 2280, 0, 0, 0
52600, 2190, 0, 0, 0
52700, 2240, 0, 0, 0
52800, 2210, 0, 0, 0
52900, 2290, 0, 0, 0
52999, 2323, 0, 0, 0
53099, 2270, 0, 0, 0
53199, 2240, 0, 0, 0
53299, 2190, 0, 0, 0
53400, 2220, 0, 0, 0
53500, 2050, 0, 0, 0
53600, 2320, 0, 0, 0
53700, 2250, 0, 0, 0
53800, 2250, 0, 0, 0
53900, 2260, 0, 0, 0
53999, 2292, 0, 0, 0
54099, 2320, 0, 0, 0
54200, 2330, 0, 0, 0
54300, 2240, 0, 0, 0
54400, 2270, 0, 0, 0
54499, 2393, 0, 0, 0
54600, 2350, 0, 0, 0
54700, 2240, 0, 0, 0
54800, 2340, 0, 0, 0
54900, 2220, 0, 0, 0
54999, 2212, 0, 0, 0
55099, 2280, 0, 0, 0
55199, 2250, 0, 0, 0
55299, 2320, 0, 0, 0
55399, 2300, 0, 0, 0
55499, 2190, 0, 0, 0
55599, 2250, 0, 0, 0
55700, 2280, 0, 0, 0
55800, 2190, 0, 0, 0
55900, 2140, 0, 0, 0
55999, 2272, 0, 0, 0
56099, 2260, 0, 0, 0
56199, 2250, 0, 0, 0
56300, 2260, 0, 0, 0
56400, 2220, 0, 0, 0
56500, 2230, 0, 0, 0
56600, 2090, 0, 0, 0
56700, 2010, 0, 0, 0
56800, 2210, 0, 0, 0
56900, 2270, 0, 0, 0
56999, 2292, 0, 0, 0
57099, 2230, 0, 0, 0
57200, 2210, 0, 0, 0
57300, 2320, 0, 0, 0
57400, 2110, 0, 0, 0
57499, 2313, 0, 0, 0
57599, 2270, 0, 0, 0
57699, 2240, 0, 0, 0
57799, 2290, 0, 0, 0
57900, 2320, 0, 0, 0
57999, 1888, 0, 0, 0
58099, 2280, 0, 0, 0
58199, 2300, 0, 0, 0
58299, 2150, 0, 0, 0
58399, 2310, 0, 0, 0
58500, 2230, 0, 0, 0
58600, 2190, 0, 0, 0
58700, 2250, 0, 0, 0
58800, 2280, 0, 0, 0
58900, 2300, 0, 0, 0
58999, 2252, 0, 0, 0
59099, 2210, 0, 0, 0
59199, 2250, 0, 0, 0
59300, 2300, 0, 0, 0
59400, 2160, 0, 0, 0
59499, 2111, 0, 0, 0
59599, 2300, 0, 0, 0
59699, 2280, 0, 0, 0
59799, 2210, 0, 0, 0
59900, 2180, 0, 0, 0
60000, 2130, 0, 0, 0
60100, 2280, 0, 0, 0
60200, 2300, 0, 0, 0
60300, 2290, 0, 0, 0
60400, 2320, 0, 0, 0
60499, 2242, 0, 0, 0
60599, 2190, 0, 0, 0
60700, 2270, 0, 0, 0
60800, 2170, 0, 0, 0
60900, 1790, 0, 0, 0
60999, 2262, 0, 0, 0
61099, 2230, 0, 0, 0
61199, 2330, 0, 0, 0
61300, 2380, 0, 0, 0
61400, 2330, 0, 0, 0
61499, 2333, 0, 0, 0
61599, 2220, 0, 0, 0
61699, 2310, 0, 0, 0
61799, 2150, 0, 0, 0
61900, 2240, 0, 0, 0
62000, 2220, 0, 0, 0
62100, 2250, 0, 0, 0
62200, 2180, 0, 0, 0
62300, 2230, 0, 0, 0
62401, 2250, 0, 0, 0
62500, 2030, 0, 0, 0
62600, 2200, 0, 0, 0
62700, 2240, 0, 0, 0
62800, 2250, 0, 0, 0
62901, 2230, 0, 0, 0
63000, 2252, 0, 0, 0
63100, 2360, 0, 0, 0
63200, 2170, 0, 0, 0
63300, 2010, 0, 0, 0
63400, 2240, 0, 0, 0
63499, 2262, 0, 0, 0
63599, 2200, 0, 0, 0
63699, 2230, 0, 0, 0
63800, 2110, 0, 0, 0
63900, 2110, 0, 0, 0
63999, 2151, 0, 0, 0
64099, 2230, 0, 0, 0
64199, 2260, 0, 0, 0
64300, 2200, 0, 0, 0
64400, 2220, 0, 0, 0
64499, 2202, 0, 0, 0
64599, 2260, 0, 0, 0
64699, 2160, 0, 0, 0
64799, 2270, 0, 0, 0
64899, 2210, 0, 0, 0
64999, 2210, 0, 0, 0
65099, 2160, 0, 0, 0
65199, 2160, 0, 0, 0
65300, 2090, 0, 0, 0
65400, 2230, 0, 0, 0
65499, 2222, 0, 0, 0
65599, 2230, 0, 0, 0
65699, 2220, 0, 0, 0
65799, 2210, 0, 0, 0
65899, 2160, 0, 0, 0
65999, 2303, 0, 0, 0
66099, 2260, 0, 0, 0
66199, 2280, 0, 0, 0
66299, 2270, 0, 0, 0
66399, 2230, 0, 0, 0
66499, 2000, 0, 0, 0
66600, 2270, 0, 0, 0
66700, 2260, 0, 0, 0
66800, 1730, 0, 0, 0
66900, 2200, 0, 0, 0
66999, 2191, 0, 0, 0
67099, 2200, 0, 0, 0
67199, 2280, 0, 0, 0
67300, 1700, 0, 0, 0
67400, 2270, 0, 0, 0
67499, 2202, 0, 0, 0
67599, 2300, 0, 0, 0
67699, 2260, 0, 0, 0
67799, 2160, 0, 0, 0
67899, 2220, 0, 0, 0
67999, 2240, 0, 0, 0
68099, 1850, 0, 0, 0
68199, 2230, 0, 0, 0
68299, 2250, 0, 0, 0
68400, 2280, 0, 0, 0
68499, 1787, 0, 0, 0
68599, 2220, 0, 0, 0
68699, 2190, 0, 0, 0
68799, 2230, 0, 0, 0
68899, 2240, 0, 0, 0
68999, 2270, 0, 0, 0
69100, 2170, 0, 0, 0
69200, 2160, 0, 0, 0
69300, 2230, 0, 0, 0
69400, 2220, 0, 0, 0
69499, 2272, 0, 0, 0
69599, 2260, 0, 0, 0
69699, 2230, 0, 0, 0
69800, 2210, 0, 0, 0
69900, 1350, 0, 0, 0
69999, 2020, 0, 0, 0
70100, 2100, 0, 0, 0
70200, 2130, 0, 0, 0
70300, 2190, 0, 0, 0
70400, 2180, 0, 0, 0
70499, 2232, 0, 0, 0
70599, 2170, 0, 0, 0
70699, 2120, 0, 0, 0
70800, 2200, 0, 0, 0
70900, 2080, 0, 0, 0
70999, 2151, 0, 0, 0
71099, 2140, 0, 0, 0
71199, 2180, 0, 0, 0
71299, 2200, 0, 0, 0
71399, 2210, 0, 0, 0
71500, 2080, 0, 0, 0
71600, 2160, 0, 0, 0
71700, 2100, 0, 0, 0
71800, 2120, 0, 0, 0
71900, 2130, 0, 0, 0
71999, 2212, 0, 0, 0
72099, 2150, 0, 0, 0
72199, 2200, 0, 0, 0
72299, 2180, 0, 0, 0
72399, 2220, 0, 0, 0
72500, 2230, 0, 0, 0
72600, 2160, 0, 0, 0
72700, 2160, 0, 0, 0
72800, 2110, 0, 0, 0
72900, 2210, 0, 0, 0
72999, 2202, 0, 0, 0
73100, 2230, 0, 0, 0
73200, 2180, 0, 0, 0
73300, 2200, 0, 0, 0
73400, 2170, 0, 0, 0
73499, 2151, 0, 0, 0
73599, 2250, 0, 0, 0
73699, 2230, 0, 0, 0
73799, 2240, 0, 0, 0
73899, 2160, 0, 0, 0
74000, 2170, 0, 0, 0
74100, 2200, 0, 0, 0
74200, 2240, 0, 0, 0
74300, 2230, 0, 0, 0
74400, 2170, 0, 0, 0
74499, 1909, 0, 0, 0
74599, 2050, 0, 0, 0
74699, 1980, 0, 0, 0
74799, 2220, 0, 0, 0
74899, 2210, 0, 0, 0
75000, 2100, 0, 0, 0
75100, 2240, 0, 0, 0
75200, 2240, 0, 0, 0
75300, 2220, 0, 0, 0
75400, 2240, 0, 0, 0
75499, 2191, 0, 0, 0
75600, 2240, 0, 0, 0
75700, 2150, 0, 0, 0
75800, 2150, 0, 0, 0
75900, 2170, 0, 0, 0
75999, 2232, 0, 0, 0
76099, 2100, 0, 0, 0
76199, 2270, 0, 0, 0
76299, 2220, 0, 0, 0
76400, 2240, 0, 0, 0
76499, 2252, 0, 0, 0
76599, 2250, 0, 0, 0
76699, 2240, 0, 0, 0
76799, 2170, 0, 0, 0
76900, 2220, 0, 0, 0
77000, 2210, 0, 0, 0
77100, 2200, 0, 0, 0
77200, 2250, 0, 0, 0
77300, 2190, 0, 0, 0
77400, 2230, 0, 0, 0
77499, 2212, 0, 0, 0
77599, 2180, 0, 0, 0
77699, 2190, 0, 0, 0
77800, 2150, 0, 0, 0
77900, 2200, 0, 0, 0
77999, 2222, 0, 0, 0
78099, 2140, 0, 0, 0
78199, 2180, 0, 0, 0
78299, 2160, 0, 0, 0
78399, 2220, 0, 0, 0
78499, 2250, 0, 0, 0
78600, 2250, 0, 0, 0
78700, 2220, 0, 0, 0
78800, 2180, 0, 0, 0
78900, 2200, 0, 0, 0
78999, 2191, 0, 0, 0
79099, 2250, 0, 0, 0
79199, 2220, 0, 0, 0
79299, 2210, 0, 0, 0
79399, 2160, 0, 0, 0
79500, 2280, 0, 0, 0
79600, 2230, 0, 0, 0
79700, 2160, 0, 0, 0
79800, 2120, 0, 0, 0
79900, 2060, 0, 0, 0
79999, 2111, 0, 0, 0
80099, 2180, 0, 0, 0
80199, 2210, 0, 0, 0
80300, 2230, 0, 0, 0
80400, 2220, 0, 0, 0
80499, 2101, 0, 0, 0
80599, 2220, 0, 0, 0
80699, 2160, 0, 0, 0
80800, 2220, 0, 0, 0
80900, 2190, 0, 0, 0
80999, 2151, 0, 0, 0
81099, 2210, 0, 0, 0
81199, 2230, 0, 0, 0
81299, 2240, 0, 0, 0
81399, 2160, 0, 0, 0
81499, 2161, 0, 0, 0
81599, 2250, 0, 0, 0
81699, 2250, 0, 0, 0
81799, 2230, 0, 0, 0
81899, 2260, 0, 0, 0
82000, 2160, 0, 0, 0
82100, 2200, 0, 0, 0
82200, 2180, 0, 0, 0
82300, 2240, 0, 0, 0
82400, 2180, 0, 0, 0
82499, 2161, 0, 0, 0
82599, 2250, 0, 0, 0
82699, 2150, 0, 0, 0
82799, 2240, 0, 0, 0
82899, 2210, 0, 0, 0
82999, 2190, 0, 0, 0
83100, 1990, 0, 0, 0
83200, 2200, 0, 0, 0
83300, 2180, 0, 0, 0
83400, 2180, 0, 0, 0
83499, 2090, 0, 0, 0
83599, 2230, 0, 0, 0
83699, 2180, 0, 0, 0
83799, 2200, 0, 0, 0
83899, 2170, 0, 0, 0
84000, 2130, 0, 0, 0
84100, 2110, 0, 0, 0
84200, 2200, 0, 0, 0
84300, 1930, 0, 0, 0
84400, 2180, 0, 0, 0
84499, 2232, 0, 0, 0
84599, 2110, 0, 0, 0
84699, 2230, 0, 0, 0
84799, 2170, 0, 0, 0
84899, 2220, 0, 0, 0
85000, 2040, 0, 0, 0
85100, 2130, 0, 0, 0
85200, 2110, 0, 0, 0
85300, 2020, 0, 0, 0
85400, 2080, 0, 0, 0
85499, 2181, 0, 0, 0
85599, 2170, 0, 0, 0
85699, 2230, 0, 0, 0
85800, 1900, 0, 0, 0
85900, 2150, 0, 0, 0
85999, 2171, 0, 0, 0
86099, 2130, 0, 0, 0
86199, 2160, 0, 0, 0
86299, 2160, 0, 0, 0
86399, 2150, 0, 0, 0
86500, 2100, 0, 0, 0
86600, 2220, 0, 0, 0
86700, 2050, 0, 0, 0
86800, 2240, 0, 0, 0
86900, 2180, 0, 0, 0
86999, 2181, 0, 0, 0
87099, 2200, 0, 0, 0
87199, 2160, 0, 0, 0
87299, 2030, 0, 0, 0
87400, 2200, 0, 0, 0
87500, 2150, 0, 0, 0
87601, 2150, 0, 0, 0
87700, 2151, 0, 0, 0
87800, 2180, 0, 0, 0
87900, 2250, 0, 0, 0
87999, 2171, 0, 0, 0
88099, 2160, 0, 0, 0
88199, 2230, 0, 0, 0
88299, 2090, 0, 0, 0
88399, 2130, 0, 0, 0
88500, 2160, 0, 0, 0
88600, 2090, 0, 0, 0
88700, 2020, 0, 0, 0
88800, 2100, 0, 0, 0
88900, 2150, 0, 0, 0
88999, 1989, 0, 0, 0
89099, 2120, 0, 0, 0
89199, 1990, 0, 0, 0
89300, 2100, 0, 0, 0
89400, 2160, 0, 0, 0
89500, 1900, 0, 0, 0
89600, 2080, 0, 0, 0
89700, 2010, 0, 0, 0
89800, 2110, 0, 0, 0
89900, 2100, 0, 0, 0
89999, 2080, 0, 0, 0
