104, 7459, 0, 0, 0
201, 7024, 0, 0, 0
301, 7880, 0, 0, 0
400, 8105, 0, 0, 0
503, 7596, 0, 0, 0
600, 6698, 0, 0, 0
700, 7129, 0, 0, 0
804, 6230, 0, 0, 0
901, 6509, 0, 0, 0
1000, 6353, 0, 0, 0
1100, 5922, 0, 0, 0
1201, 7644, 0, 0, 0
1301, 7386, 0, 0, 0
1400, 7380, 0, 0, 0
1500, 7136, 0, 0, 0
1603, 7040, 0, 0, 0
1702, 6958, 0, 0, 0
1800, 7219, 0, 0, 0
1900, 7426, 0, 0, 0
2000, 6980, 0, 0, 0
2100, 7275, 0, 0, 0
2200, 6968, 0, 0, 0
2302, 7098, 0, 0, 0
2403, 7191, 0, 0, 0
2504, 7344, 0, 0, 0
2608, 7277, 0, 0, 0
2700, 6910, 0, 0, 0
2804, 6988, 0, 0, 0
2902, 7126, 0, 0, 0
3004, 7014, 0, 0, 0
3104, 7716, 0, 0, 0
3201, 8299, 0, 0, 0
3301, 6814, 0, 0, 0
3400, 7592, 0, 0, 0
3501, 6320, 0, 0, 0
3602, 7725, 0, 0, 0
3704, 7480, 0, 0, 0
3804, 6364, 0, 0, 0
3900, 8160, 0, 0, 0
4006, 6832, 0, 0, 0
4100, 7282, 0, 0, 0
4203, 6415, 0, 0, 0
4301, 6531, 0, 0, 0
4402, 5995, 0, 0, 0
4501, 7215, 0, 0, 0
4601, 6505, 0, 0, 0
4703, 7291, 0, 0, 0
4800, 7280, 0, 0, 0
4903, 7290, 0, 0, 0
5000, 7243, 0, 0, 0
5102, 6939, 0, 0, 0
5200, 6417, 0, 0, 0
5302, 6672, 0, 0, 0
5400, 6442, 0, 0, 0
5501, 6776, 0, 0, 0
5608, 7654, 0, 0, 0
5701, 7186, 0, 0, 0
5800, 6692, 0, 0, 0
5902, 7343, 0, 0, 0
6002, 6525, 0, 0, 0
6103, 7425, 0, 0, 0
6200, 7238, 0, 0, 0
6301, 7162, 0, 0, 0
6403, 7219, 0, 0, 0
6503, 6664, 0, 0, 0
6600, 6595, 0, 0, 0
6702, 6984, 0, 0, 0
6800, 6961, 0, 0, 0
6903, 6754, 0, 0, 0
7002, 6658, 0, 0, 0
7101, 6929, 0, 0, 0
7200, 6440, 0, 0, 0
7300, 7988, 0, 0, 0
7400, 7462, 0, 0, 0
7501, 7853, 0, 0, 0
7600, 7303, 0, 0, 0
7703, 6605, 0, 0, 0
7801, 7038, 0, 0, 0
7903, 6969, 0, 0, 0
8001, 6689, 0, 0, 0
8101, 7021, 0, 0, 0
8201, 7435, 0, 0, 0
8300, 6420, 0, 0, 0
8402, 7826, 0, 0, 0
8501, 7456, 0, 0, 0
8608, 6881, 0, 0, 0
8702, 7640, 0, 0, 0
8801, 7048, 0, 0, 0
8905, 7728, 0, 0, 0
9003, 7516, 0, 0, 0
9100, 7077, 0, 0, 0
9201, 6647, 0, 0, 0
9300, 6498, 0, 0, 0
9400, 8037, 0, 0, 0
9501, 6282, 0, 0, 0
9602, 6704, 0, 0, 0
9701, 6978, 0, 0, 0
9801, 6724, 0, 0, 0
9902, 6240, 0, 0, 0
10005, 7142, 0, 0, 0
10101, 6302, 0, 0, 0
10208, 7023, 0, 0, 0
10303, 7190, 0, 0, 0
10400, 6825, 0, 0, 0
10500, 6411, 0, 0, 0
10601, 7078, 0, 0, 0
10701, 6930, 0, 0, 0
10801, 6996, 0, 0, 0
10903, 6400, 0, 0, 0
11000, 7307, 0, 0, 0
11105, 7664, 0, 0, 0
11200, 7503, 0, 0, 0
11302, 6596, 0, 0, 0
11400, 7634, 0, 0, 0
11503, 7187, 0, 0, 0
11600, 6465, 0, 0, 0
11702, 6868, 0, 0, 0
11802, 7130, 0, 0, 0
11910, 7211, 0, 0, 0
12000, 6641, 0, 0, 0
12107, 7152, 0, 0, 0
12201, 7961, 0, 0, 0
12307, 7543, 0, 0, 0
12400, 7332, 0, 0, 0
12501, 6659, 0, 0, 0
12600, 6398, 0, 0, 0
12700, 6688, 0, 0, 0
12801, 6715, 0, 0, 0
12908, 7164, 0, 0, 0
13004, 7516, 0, 0, 0
13101, 6831, 0, 0, 0
13207, 7325, 0, 0, 0
13300, 7562, 0, 0, 0
13400, 7841, 0, 0, 0
13503, 7490, 0, 0, 0
13600, 7689, 0, 0, 0
13703, 7038, 0, 0, 0
13801, 7208, 0, 0, 0
13900, 7290, 0, 0, 0
14000, 7090, 0, 0, 0
14110, 7849, 0, 0, 0
14201, 6927, 0, 0, 0
14306, 6935, 0, 0, 0
14401, 7529, 0, 0, 0
14500, 8020, 0, 0, 0
14601, 8106, 0, 0, 0
14702, 7768, 0, 0, 0
14803, 6485, 0, 0, 0
14901, 7016, 0, 0, 0
15001, 7430, 0, 0, 0
15101, 8979, 0, 0, 0
15202, 6898, 0, 0, 0
15301, 7241, 0, 0, 0
15405, 6870, 0, 0, 0
15503, 6410, 0, 0, 0
15601, 6978, 0, 0, 0
15700, 7179, 0, 0, 0
15801, 7277, 0, 0, 0
15900, 6489, 0, 0, 0
16003, 6466, 0, 0, 0
16101, 6694, 0, 0, 0
16206, 6689, 0, 0, 0
16300, 6768, 0, 0, 0
16410, 7274, 0, 0, 0
16501, 6710, 0, 0, 0
16606, 7354, 0, 0, 0
16701, 6806, 0, 0, 0
16801, 6767, 0, 0, 0
16908, 6812, 0, 0, 0
17002, 7100, 0, 0, 0
17104, 7004, 0, 0, 0
17200, 7791, 0, 0, 0
17300, 7223, 0, 0, 0
17401, 6719, 0, 0, 0
17507, 7497, 0, 0, 0
17605, 7059, 0, 0, 0
17704, 6555, 0, 0, 0
17801, 6620, 0, 0, 0
17901, 7039, 0, 0, 0
18001, 6850, 0, 0, 0
18102, 7078, 0, 0, 0
18200, 6148, 0, 0, 0
18303, 7447, 0, 0, 0
18402, 7311, 0, 0, 0
18503, 6911, 0, 0, 0
18603, 6829, 0, 0, 0
18702, 6840, 0, 0, 0
18803, 8127, 0, 0, 0
18900, 7384, 0, 0, 0
19001, 7812, 0, 0, 0
19105, 6839, 0, 0, 0
19204, 6817, 0, 0, 0
19301, 6351, 0, 0, 0
19402, 6629, 0, 0, 0
19511, 7275, 0, 0, 0
19601, 6897, 0, 0, 0
19703, 6696, 0, 0, 0
19802, 6664, 0, 0, 0
19901, 6594, 0, 0, 0
20001, 6714, 0, 0, 0
20105, 6752, 0, 0, 0
20205, 7047, 0, 0, 0
20301, 7089, 0, 0, 0
20401, 6537, 0, 0, 0
20502, 7471, 0, 0, 0
20601, 7013, 0, 0, 0
20700, 6558, 0, 0, 0
20801, 6898, 0, 0, 0
20900, 6745, 0, 0, 0
21000, 6785, 0, 0, 0
21100, 6937, 0, 0, 0
21201, 6890, 0, 0, 0
21303, 6498, 0, 0, 0
21400, 8892, 0, 0, 0
21508, 7025, 0, 0, 0
21604, 6893, 0, 0, 0
21700, 6929, 0, 0, 0
21800, 7090, 0, 0, 0
21901, 7031, 0, 0, 0
22001, 6585, 0, 0, 0
22101, 7214, 0, 0, 0
22200, 7249, 0, 0, 0
22300, 7030, 0, 0, 0
22400, 6694, 0, 0, 0
22502, 7389, 0, 0, 0
22601, 8003, 0, 0, 0
22700, 7660, 0, 0, 0
22801, 6683, 0, 0, 0
22905, 6458, 0, 0, 0
23000, 7129, 0, 0, 0
23103, 6004, 0, 0, 0
23201, 6651, 0, 0, 0
23304, 7004, 0, 0, 0
23400, 6307, 0, 0, 0
23503, 7621, 0, 0, 0
23605, 7475, 0, 0, 0
23702, 7282, 0, 0, 0
23800, 6668, 0, 0, 0
23900, 7157, 0, 0, 0
24001, 6851, 0, 0, 0
24101, 6197, 0, 0, 0
24200, 7114, 0, 0, 0
24300, 5956, 0, 0, 0
24403, 6546, 0, 0, 0
24500, 7215, 0, 0, 0
24600, 6742, 0, 0, 0
24702, 6338, 0, 0, 0
24803, 6556, 0, 0, 0
24901, 6771, 0, 0, 0
25000, 6488, 0, 0, 0
25103, 6537, 0, 0, 0
25200, 6495, 0, 0, 0
25303, 6688, 0, 0, 0
25400, 5971, 0, 0, 0
25501, 6640, 0, 0, 0
25605, 7846, 0, 0, 0
25700, 7665, 0, 0, 0
25803, 6384, 0, 0, 0
25901, 6984, 0, 0, 0
26000, 6336, 0, 0, 0
26106, 6749, 0, 0, 0
26200, 6319, 0, 0, 0
26302, 6841, 0, 0, 0
26400, 6831, 0, 0, 0
26500, 6175, 0, 0, 0
26602, 7457, 0, 0, 0
26702, 7278, 0, 0, 0
26800, 6387, 0, 0, 0
26900, 6577, 0, 0, 0
27000, 6433, 0, 0, 0
27101, 6654, 0, 0, 0
27203, 6892, 0, 0, 0
27301, 7258, 0, 0, 0
27400, 7188, 0, 0, 0
27504, 7217, 0, 0, 0
27600, 7913, 0, 0, 0
27700, 6429, 0, 0, 0
27800, 7140, 0, 0, 0
27920, 6497, 0, 0, 0
28004, 6753, 0, 0, 0
28101, 6902, 0, 0, 0
28205, 7536, 0, 0, 0
28302, 6179, 0, 0, 0
28401, 6806, 0, 0, 0
28503, 7824, 0, 0, 0
28601, 7153, 0, 0, 0
28702, 6257, 0, 0, 0
28800, 6495, 0, 0, 0
28900, 6479, 0, 0, 0
29000, 7111, 0, 0, 0
29100, 6970, 0, 0, 0
29203, 7598, 0, 0, 0
29300, 7141, 0, 0, 0
29400, 7048, 0, 0, 0
29500, 7312, 0, 0, 0
29600, 6990, 0, 0, 0
29701, 7537, 0, 0, 0
29800, 6363, 0, 0, 0
29900, 6680, 0, 0, 0
30003, 6344, 0, 0, 0
30104, 7551, 0, 0, 0
30202, 6937, 0, 0, 0
30301, 7053, 0, 0, 0
30401, 6736, 0, 0, 0
30500, 6619, 0, 0, 0
30613, 7292, 0, 0, 0
30700, 5935, 0, 0, 0
30801, 6152, 0, 0, 0
30901, 7464, 0, 0, 0
31003, 6452, 0, 0, 0
31100, 7990, 0, 0, 0
31202, 8130, 0, 0, 0
31300, 7597, 0, 0, 0
31400, 6696, 0, 0, 0
31500, 6767, 0, 0, 0
31602, 7003, 0, 0, 0
31700, 7192, 0, 0, 0
31805, 6970, 0, 0, 0
31900, 6780, 0, 0, 0
32000, 6912, 0, 0, 0
32101, 7376, 0, 0, 0
32203, 8069, 0, 0, 0
32301, 7126, 0, 0, 0
32410, 6818, 0, 0, 0
32500, 7076, 0, 0, 0
32605, 7246, 0, 0, 0
32700, 7668, 0, 0, 0
32802, 6889, 0, 0, 0
32901, 6962, 0, 0, 0
33004, 8217, 0, 0, 0
33101, 6759, 0, 0, 0
33201, 6657, 0, 0, 0
33302, 6476, 0, 0, 0
33401, 6234, 0, 0, 0
33500, 7288, 0, 0, 0
33605, 6887, 0, 0, 0
33700, 6580, 0, 0, 0
33800, 7470, 0, 0, 0
33900, 6373, 0, 0, 0
34000, 7165, 0, 0, 0
34100, 7224, 0, 0, 0
34200, 7340, 0, 0, 0
34301, 7516, 0, 0, 0
34400, 7041, 0, 0, 0
34501, 6916, 0, 0, 0
34601, 6533, 0, 0, 0
34703, 6379, 0, 0, 0
34801, 7043, 0, 0, 0
34904, 7186, 0, 0, 0
35004, 8677, 0, 0, 0
35101, 7570, 0, 0, 0
35200, 7478, 0, 0, 0
35301, 7158, 0, 0, 0
35400, 6919, 0, 0, 0
35500, 8289, 0, 0, 0
35603, 7116, 0, 0, 0
35703, 6768, 0, 0, 0
35800, 7526, 0, 0, 0
35902, 7649, 0, 0, 0
36002, 6584, 0, 0, 0
36105, 7447, 0, 0, 0
36200, 7823, 0, 0, 0
36300, 6400, 0, 0, 0
36400, 6671, 0, 0, 0
36503, 7305, 0, 0, 0
36600, 6855, 0, 0, 0
36700, 6159, 0, 0, 0
36801, 6714, 0, 0, 0
36900, 7836, 0, 0, 0
37004, 6827, 0, 0, 0
37102, 6445, 0, 0, 0
37200, 6987, 0, 0, 0
37301, 6779, 0, 0, 0
37401, 6536, 0, 0, 0
37500, 6966, 0, 0, 0
37601, 7676, 0, 0, 0
37700, 8076, 0, 0, 0
37800, 7738, 0, 0, 0
37901, 6409, 0, 0, 0
38003, 6680, 0, 0, 0
38100, 6175, 0, 0, 0
38202, 6699, 0, 0, 0
38303, 7079, 0, 0, 0
38402, 6491, 0, 0, 0
38502, 7042, 0, 0, 0
38602, 6603, 0, 0, 0
38706, 6578, 0, 0, 0
38800, 6682, 0, 0, 0
38900, 6185, 0, 0, 0
39001, 7075, 0, 0, 0
39100, 7385, 0, 0, 0
39200, 7334, 0, 0, 0
39301, 7411, 0, 0, 0
39400, 7929, 0, 0, 0
39503, 7488, 0, 0, 0
39602, 6942, 0, 0, 0
39702, 8343, 0, 0, 0
39800, 6783, 0, 0, 0
39900, 6476, 0, 0, 0
40001, 6284, 0, 0, 0
40101, 8324, 0, 0, 0
40202, 6127, 0, 0, 0
40302, 7008, 0, 0, 0
40400, 7286, 0, 0, 0
40501, 7091, 0, 0, 0
40600, 6682, 0, 0, 0
40703, 6800, 0, 0, 0
40800, 6860, 0, 0, 0
40901, 6829, 0, 0, 0
41001, 7389, 0, 0, 0
41101, 7719, 0, 0, 0
41202, 6899, 0, 0, 0
41300, 7561, 0, 0, 0
41402, 7415, 0, 0, 0
41500, 8097, 0, 0, 0
41603, 7170, 0, 0, 0
41700, 7306, 0, 0, 0
41800, 7591, 0, 0, 0
41900, 7226, 0, 0, 0
42005, 7534, 0, 0, 0
42100, 7111, 0, 0, 0
42206, 7059, 0, 0, 0
42306, 7509, 0, 0, 0
42404, 6845, 0, 0, 0
42501, 6747, 0, 0, 0
42604, 7806, 0, 0, 0
42703, 7304, 0, 0, 0
42801, 7478, 0, 0, 0
42900, 6740, 0, 0, 0
43004, 6472, 0, 0, 0
43100, 6508, 0, 0, 0
43203, 7426, 0, 0, 0
43303, 8219, 0, 0, 0
43403, 7276, 0, 0, 0
43504, 7098, 0, 0, 0
43602, 7472, 0, 0, 0
43703, 7708, 0, 0, 0
43801, 6148, 0, 0, 0
43908, 6538, 0, 0, 0
44001, 6705, 0, 0, 0
44100, 7786, 0, 0, 0
44208, 6812, 0, 0, 0
44300, 7423, 0, 0, 0
44401, 7291, 0, 0, 0
44503, 6795, 0, 0, 0
44601, 6880, 0, 0, 0
44701, 7266, 0, 0, 0
44802, 6682, 0, 0, 0
44900, 6965, 0, 0, 0
45000, 7304, 0, 0, 0
45100, 6727, 0, 0, 0
45200, 7389, 0, 0, 0
45306, 7062, 0, 0, 0
45400, 6970, 0, 0, 0
45500, 7031, 0, 0, 0
45602, 5706, 0, 0, 0
45700, 6484, 0, 0, 0
45802, 6902, 0, 0, 0
45901, 6740, 0, 0, 0
46015, 6948, 0, 0, 0
46101, 6774, 0, 0, 0
46203, 6489, 0, 0, 0
46300, 7109, 0, 0, 0
46400, 7454, 0, 0, 0
46505, 8114, 0, 0, 0
46600, 6191, 0, 0, 0
46703, 6237, 0, 0, 0
46800, 7343, 0, 0, 0
46903, 6549, 0, 0, 0
47007, 6379, 0, 0, 0
47102, 6539, 0, 0, 0
47200, 6719, 0, 0, 0
47300, 6876, 0, 0, 0
47404, 6382, 0, 0, 0
47502, 7129, 0, 0, 0
47603, 7490, 0, 0, 0
47700, 6586, 0, 0, 0
47801, 7987, 0, 0, 0
47900, 6955, 0, 0, 0
48000, 7066, 0, 0, 0
48101, 6643, 0, 0, 0
48206, 7306, 0, 0, 0
48301, 7576, 0, 0, 0
48400, 7503, 0, 0, 0
48504, 6344, 0, 0, 0
48602, 6760, 0, 0, 0
48701, 7206, 0, 0, 0
48800, 6649, 0, 0, 0
48903, 7553, 0, 0, 0
49000, 6728, 0, 0, 0
49100, 6363, 0, 0, 0
49206, 7376, 0, 0, 0
49300, 6618, 0, 0, 0
49403, 6476, 0, 0, 0
49500, 7990, 0, 0, 0
49600, 6007, 0, 0, 0
49702, 7036, 0, 0, 0
49801, 8010, 0, 0, 0
49900, 7113, 0, 0, 0
50005, 7139, 0, 0, 0
50102, 7777, 0, 0, 0
50203, 7443, 0, 0, 0
50301, 7497, 0, 0, 0
50400, 7819, 0, 0, 0
50500, 7113, 0, 0, 0
50600, 7510, 0, 0, 0
50710, 7508, 0, 0, 0
50801, 6909, 0, 0, 0
50900, 7431, 0, 0, 0
51005, 6902, 0, 0, 0
51101, 7561, 0, 0, 0
51201, 8167, 0, 0, 0
51305, 7118, 0, 0, 0
51403, 7431, 0, 0, 0
51501, 7460, 0, 0, 0
51601, 6764, 0, 0, 0
51700, 6606, 0, 0, 0
51801, 6292, 0, 0, 0
51906, 6493, 0, 0, 0
52000, 6350, 0, 0, 0
52103, 6662, 0, 0, 0
52204, 6731, 0, 0, 0
52301, 6465, 0, 0, 0
52402, 6547, 0, 0, 0
52505, 7303, 0, 0, 0
52604, 6813, 0, 0, 0
52700, 6801, 0, 0, 0
52800, 7118, 0, 0, 0
52901, 7241, 0, 0, 0
53003, 7127, 0, 0, 0
53100, 7124, 0, 0, 0
53201, 6655, 0, 0, 0
53301, 8168, 0, 0, 0
53401, 7101, 0, 0, 0
53502, 6492, 0, 0, 0
53603, 6623, 0, 0, 0
53702, 6929, 0, 0, 0
53806, 7306, 0, 0, 0
53901, 6601, 0, 0, 0
54005, 6503, 0, 0, 0
54100, 6600, 0, 0, 0
54201, 7152, 0, 0, 0
54300, 7385, 0, 0, 0
54403, 7648, 0, 0, 0
54503, 7381, 0, 0, 0
54600, 7185, 0, 0, 0
54700, 6384, 0, 0, 0
54802, 7141, 0, 0, 0
54900, 6860, 0, 0, 0
55004, 6898, 0, 0, 0
55106, 6425, 0, 0, 0
55200, 8435, 0, 0, 0
55302, 6619, 0, 0, 0
55403, 6736, 0, 0, 0
55503, 7421, 0, 0, 0
55600, 7267, 0, 0, 0
55701, 7044, 0, 0, 0
55805, 5881, 0, 0, 0
55901, 6467, 0, 0, 0
56004, 6669, 0, 0, 0
56101, 7736, 0, 0, 0
56202, 6821, 0, 0, 0
56302, 7049, 0, 0, 0
56401, 6985, 0, 0, 0
56504, 7402, 0, 0, 0
56600, 6806, 0, 0, 0
56703, 8139, 0, 0, 0
56801, 7596, 0, 0, 0
56902, 6993, 0, 0, 0
57004, 7705, 0, 0, 0
57104, 7095, 0, 0, 0
57201, 6929, 0, 0, 0
57306, 7073, 0, 0, 0
57402, 7500, 0, 0, 0
57508, 6760, 0, 0, 0
57601, 6749, 0, 0, 0
57702, 6573, 0, 0, 0
57805, 7269, 0, 0, 0
57901, 7216, 0, 0, 0
58000, 6370, 0, 0, 0
58102, 6282, 0, 0, 0
58200, 6481, 0, 0, 0
58302, 6416, 0, 0, 0
58404, 6922, 0, 0, 0
58503, 7024, 0, 0, 0
58601, 7737, 0, 0, 0
58704, 7218, 0, 0, 0
58802, 6902, 0, 0, 0
58900, 7764, 0, 0, 0
59003, 8031, 0, 0, 0
59102, 8017, 0, 0, 0
59200, 7979, 0, 0, 0
59305, 6633, 0, 0, 0
59401, 6815, 0, 0, 0
59501, 7077, 0, 0, 0
59601, 7693, 0, 0, 0
59710, 8887, 0, 0, 0
59802, 7243, 0, 0, 0
59903, 7316, 0, 0, 0
60013, 6579, 0, 0, 0
