250, 164, 0, 0, 0
350, 200, 0, 0, 0
450, 180, 0, 0, 0
550, 210, 0, 0, 0
650, 220, 0, 0, 0
749, 131, 0, 0, 0
849, 220, 0, 0, 0
949, 140, 0, 0, 0
1049, 200, 0, 0, 0
1149, 160, 0, 0, 0
1250, 150, 0, 0, 0
1350, 230, 0, 0, 0
1450, 150, 0, 0, 0
1550, 200, 0, 0, 0
1650, 180, 0, 0, 0
1749, 111, 0, 0, 0
1849, 170, 0, 0, 0
1949, 200, 0, 0, 0
2049, 200, 0, 0, 0
2149, 140, 0, 0, 0
2249, 230, 0, 0, 0
2350, 160, 0, 0, 0
2450, 90, 0, 0, 0
2550, 130, 0, 0, 0
2650, 180, 0, 0, 0
2749, 111, 0, 0, 0
2849, 230, 0, 0, 0
2949, 170, 0, 0, 0
3049, 220, 0, 0, 0
3149, 270, 0, 0, 0
3249, 310, 0, 0, 0
3349, 150, 0, 0, 0
3450, 260, 0, 0, 0
3550, 140, 0, 0, 0
3650, 190, 0, 0, 0
3749, 181, 0, 0, 0
3849, 120, 0, 0, 0
3949, 130, 0, 0, 0
4049, 100, 0, 0, 0
4149, 220, 0, 0, 0
4249, 180, 0, 0, 0
4349, 150, 0, 0, 0
4449, 170, 0, 0, 0
4550, 160, 0, 0, 0
4650, 130, 0, 0, 0
4749, 161, 0, 0, 0
4849, 190, 0, 0, 0
4949, 170, 0, 0, 0
5049, 150, 0, 0, 0
5149, 170, 0, 0, 0
5249, 170, 0, 0, 0
5349, 170, 0, 0, 0
5449, 110, 0, 0, 0
5550, 210, 0, 0, 0
5650, 170, 0, 0, 0
5749, 212, 0, 0, 0
5849, 170, 0, 0, 0
5949, 190, 0, 0, 0
6049, 150, 0, 0, 0
6149, 190, 0, 0, 0
6249, 170, 0, 0, 0
6349, 190, 0, 0, 0
6449, 170, 0, 0, 0
6549, 200, 0, 0, 0
6649, 160, 0, 0, 0
6750, 140, 0, 0, 0
6850, 170, 0, 0, 0
6950, 190, 0, 0, 0
7050, 130, 0, 0, 0
7150, 140, 0, 0, 0
7249, 181, 0, 0, 0
7349, 170, 0, 0, 0
7449, 120, 0, 0, 0
7549, 140, 0, 0, 0
7649, 240, 0, 0, 0
7750, 140, 0, 0, 0
7850, 150, 0, 0, 0
7950, 100, 0, 0, 0
8050, 170, 0, 0, 0
8150, 180, 0, 0, 0
8249, 181, 0, 0, 0
8349, 180, 0, 0, 0
8449, 130, 0, 0, 0
8549, 210, 0, 0, 0
8649, 110, 0, 0, 0
8749, 180, 0, 0, 0
8850, 150, 0, 0, 0
8950, 190, 0, 0, 0
9050, 200, 0, 0, 0
9150, 200, 0, 0, 0
9249, 111, 0, 0, 0
9349, 140, 0, 0, 0
9449, 200, 0, 0, 0
9549, 150, 0, 0, 0
9649, 170, 0, 0, 0
9749, 110, 0, 0, 0
9849, 200, 0, 0, 0
9949, 200, 0, 0, 0
10050, 240, 0, 0, 0
10150, 90, 0, 0, 0
10249, 151, 0, 0, 0
10349, 110, 0, 0, 0
10449, 170, 0, 0, 0
10549, 150, 0, 0, 0
10649, 180, 0, 0, 0
10749, 130, 0, 0, 0
10849, 220, 0, 0, 0
10949, 170, 0, 0, 0
11049, 140, 0, 0, 0
11149, 230, 0, 0, 0
11250, 140, 0, 0, 0
11350, 200, 0, 0, 0
11450, 150, 0, 0, 0
11550, 110, 0, 0, 0
11650, 220, 0, 0, 0
11749, 222, 0, 0, 0
11849, 180, 0, 0, 0
11949, 100, 0, 0, 0
12049, 170, 0, 0, 0
12149, 150, 0, 0, 0
12250, 220, 0, 0, 0
12350, 190, 0, 0, 0
12450, 190, 0, 0, 0
12550, 150, 0, 0, 0
12650, 270, 0, 0, 0
12749, 191, 0, 0, 0
12849, 180, 0, 0, 0
12949, 180, 0, 0, 0
13049, 140, 0, 0, 0
13149, 130, 0, 0, 0
13249, 120, 0, 0, 0
13350, 150, 0, 0, 0
13450, 120, 0, 0, 0
13550, 180, 0, 0, 0
13650, 160, 0, 0, 0
13749, 141, 0, 0, 0
13849, 220, 0, 0, 0
13949, 140, 0, 0, 0
14049, 190, 0, 0, 0
14149, 140, 0, 0, 0
14249, 250, 0, 0, 0
14349, 130, 0, 0, 0
14450, 120, 0, 0, 0
14550, 210, 0, 0, 0
14650, 170, 0, 0, 0
14749, 171, 0, 0, 0
14849, 140, 0, 0, 0
14949, 110, 0, 0, 0
15049, 140, 0, 0, 0
15149, 160, 0, 0, 0
15249, 200, 0, 0, 0
15349, 150, 0, 0, 0
15449, 120, 0, 0, 0
15550, 140, 0, 0, 0
15650, 240, 0, 0, 0
15749, 141, 0, 0, 0
15849, 140, 0, 0, 0
15949, 170, 0, 0, 0
16049, 120, 0, 0, 0
16149, 130, 0, 0, 0
16249, 180, 0, 0, 0
16349, 140, 0, 0, 0
16449, 150, 0, 0, 0
16550, 130, 0, 0, 0
16650, 120, 0, 0, 0
16749, 181, 0, 0, 0
16849, 120, 0, 0, 0
16949, 160, 0, 0, 0
17049, 150, 0, 0, 0
17149, 150, 0, 0, 0
17249, 160, 0, 0, 0
17349, 160, 0, 0, 0
17449, 140, 0, 0, 0
17550, 190, 0, 0, 0
17650, 170, 0, 0, 0
17749, 181, 0, 0, 0
17849, 150, 0, 0, 0
17949, 170, 0, 0, 0
18049, 180, 0, 0, 0
18149, 180, 0, 0, 0
18249, 180, 0, 0, 0
18349, 230, 0, 0, 0
18449, 170, 0, 0, 0
18550, 110, 0, 0, 0
18650, 210, 0, 0, 0
18749, 181, 0, 0, 0
18849, 150, 0, 0, 0
18949, 200, 0, 0, 0
19049, 160, 0, 0, 0
19149, 150, 0, 0, 0
19249, 130, 0, 0, 0
19349, 130, 0, 0, 0
19449, 60, 0, 0, 0
19549, 220, 0, 0, 0
19649, 160, 0, 0, 0
19750, 150, 0, 0, 0
19850, 210, 0, 0, 0
19950, 220, 0, 0, 0
20050, 200, 0, 0, 0
20150, 160, 0, 0, 0
20249, 181, 0, 0, 0
20349, 180, 0, 0, 0
20449, 190, 0, 0, 0
20549, 180, 0, 0, 0
20649, 140, 0, 0, 0
20750, 100, 0, 0, 0
20850, 140, 0, 0, 0
20950, 160, 0, 0, 0
21050, 200, 0, 0, 0
21150, 180, 0, 0, 0
21249, 212, 0, 0, 0
21349, 210, 0, 0, 0
21449, 190, 0, 0, 0
21549, 190, 0, 0, 0
21649, 170, 0, 0, 0
21749, 110, 0, 0, 0
21849, 120, 0, 0, 0
21949, 170, 0, 0, 0
22050, 170, 0, 0, 0
22150, 180, 0, 0, 0
22249, 161, 0, 0, 0
22349, 160, 0, 0, 0
22449, 140, 0, 0, 0
22549, 220, 0, 0, 0
22649, 150, 0, 0, 0
22749, 160, 0, 0, 0
22849, 110, 0, 0, 0
22949, 170, 0, 0, 0
23050, 140, 0, 0, 0
23150, 120, 0, 0, 0
23249, 161, 0, 0, 0
23349, 220, 0, 0, 0
23449, 180, 0, 0, 0
23549, 180, 0, 0, 0
23649, 230, 0, 0, 0
23749, 160, 0, 0, 0
23849, 170, 0, 0, 0
23949, 150, 0, 0, 0
24049, 240, 0, 0, 0
24150, 200, 0, 0, 0
24249, 121, 0, 0, 0
24349, 190, 0, 0, 0
24449, 180, 0, 0, 0
24549, 180, 0, 0, 0
24649, 100, 0, 0, 0
24749, 120, 0, 0, 0
24849, 170, 0, 0, 0
24949, 220, 0, 0, 0
25049, 210, 0, 0, 0
25150, 250, 0, 0, 0
25249, 161, 0, 0, 0
25349, 170, 0, 0, 0
25449, 210, 0, 0, 0
25549, 120, 0, 0, 0
25649, 100, 0, 0, 0
25749, 210, 0, 0, 0
25849, 140, 0, 0, 0
25949, 200, 0, 0, 0
26049, 160, 0, 0, 0
26149, 150, 0, 0, 0
26250, 210, 0, 0, 0
26350, 190, 0, 0, 0
26450, 150, 0, 0, 0
26550, 160, 0, 0, 0
26650, 170, 0, 0, 0
26749, 161, 0, 0, 0
26849, 210, 0, 0, 0
26949, 150, 0, 0, 0
27049, 220, 0, 0, 0
27149, 90, 0, 0, 0
27249, 210, 0, 0, 0
27350, 240, 0, 0, 0
27450, 140, 0, 0, 0
27550, 170, 0, 0, 0
27650, 140, 0, 0, 0
27749, 171, 0, 0, 0
27849, 120, 0, 0, 0
27949, 140, 0, 0, 0
28049, 190, 0, 0, 0
28149, 160, 0, 0, 0
28249, 160, 0, 0, 0
28349, 180, 0, 0, 0
28449, 160, 0, 0, 0
28550, 160, 0, 0, 0
28650, 170, 0, 0, 0
28749, 161, 0, 0, 0
28849, 210, 0, 0, 0
28949, 210, 0, 0, 0
29049, 200, 0, 0, 0
29149, 170, 0, 0, 0
29249, 240, 0, 0, 0
29349, 170, 0, 0, 0
29449, 150, 0, 0, 0
29550, 170, 0, 0, 0
29650, 150, 0, 0, 0
29749, 131, 0, 0, 0
29849, 160, 0, 0, 0
29949, 200, 0, 0, 0
30049, 170, 0, 0, 0
30149, 140, 0, 0, 0
30249, 190, 0, 0, 0
30349, 200, 0, 0, 0
30449, 190, 0, 0, 0
30549, 140, 0, 0, 0
30649, 150, 0, 0, 0
30750, 190, 0, 0, 0
30850, 170, 0, 0, 0
30950, 120, 0, 0, 0
31050, 220, 0, 0, 0
31150, 180, 0, 0, 0
31249, 90, 0, 0, 0
31349, 180, 0, 0, 0
31449, 220, 0, 0, 0
31549, 250, 0, 0, 0
31649, 150, 0, 0, 0
31750, 150, 0, 0, 0
31850, 130, 0, 0, 0
31950, 160, 0, 0, 0
32050, 90, 0, 0, 0
32150, 170, 0, 0, 0
32249, 151, 0, 0, 0
32349, 150, 0, 0, 0
32449, 120, 0, 0, 0
32549, 210, 0, 0, 0
32649, 190, 0, 0, 0
32749, 180, 0, 0, 0
32849, 140, 0, 0, 0
32950, 170, 0, 0, 0
33050, 180, 0, 0, 0
33150, 160, 0, 0, 0
33249, 191, 0, 0, 0
33349, 150, 0, 0, 0
33449, 180, 0, 0, 0
33549, 210, 0, 0, 0
33649, 190, 0, 0, 0
33749, 190, 0, 0, 0
33849, 90, 0, 0, 0
33950, 90, 0, 0, 0
34050, 120, 0, 0, 0
34150, 260, 0, 0, 0
34249, 121, 0, 0, 0
34349, 180, 0, 0, 0
34449, 130, 0, 0, 0
34549, 140, 0, 0, 0
34649, 180, 0, 0, 0
34749, 170, 0, 0, 0
34849, 160, 0, 0, 0
34949, 230, 0, 0, 0
35050, 100, 0, 0, 0
35150, 180, 0, 0, 0
35249, 232, 0, 0, 0
35349, 120, 0, 0, 0
35449, 210, 0, 0, 0
35549, 250, 0, 0, 0
35649, 150, 0, 0, 0
35749, 140, 0, 0, 0
35849, 280, 0, 0, 0
35949, 190, 0, 0, 0
36050, 130, 0, 0, 0
36150, 230, 0, 0, 0
36249, 202, 0, 0, 0
36349, 140, 0, 0, 0
36449, 240, 0, 0, 0
36549, 130, 0, 0, 0
36649, 130, 0, 0, 0
36749, 150, 0, 0, 0
36849, 190, 0, 0, 0
36949, 160, 0, 0, 0
37049, 130, 0, 0, 0
37149, 160, 0, 0, 0
37250, 140, 0, 0, 0
37350, 210, 0, 0, 0
37450, 210, 0, 0, 0
37550, 200, 0, 0, 0
37650, 130, 0, 0, 0
37749, 171, 0, 0, 0
37849, 190, 0, 0, 0
37949, 210, 0, 0, 0
38049, 210, 0, 0, 0
38149, 170, 0, 0, 0
38250, 170, 0, 0, 0
38350, 120, 0, 0, 0
38450, 190, 0, 0, 0
38550, 140, 0, 0, 0
38650, 130, 0, 0, 0
38749, 111, 0, 0, 0
38849, 180, 0, 0, 0
38949, 170, 0, 0, 0
39049, 130, 0, 0, 0
39149, 200, 0, 0, 0
39249, 230, 0, 0, 0
39349, 150, 0, 0, 0
39449, 170, 0, 0, 0
39550, 140, 0, 0, 0
39650, 190, 0, 0, 0
39749, 111, 0, 0, 0
39849, 150, 0, 0, 0
39949, 150, 0, 0, 0
40049, 240, 0, 0, 0
40149, 160, 0, 0, 0
40249, 100, 0, 0, 0
40349, 180, 0, 0, 0
40449, 200, 0, 0, 0
40550, 250, 0, 0, 0
40650, 180, 0, 0, 0
40749, 282, 0, 0, 0
40849, 170, 0, 0, 0
40949, 150, 0, 0, 0
41049, 140, 0, 0, 0
41149, 160, 0, 0, 0
41249, 190, 0, 0, 0
41349, 200, 0, 0, 0
41449, 160, 0, 0, 0
41550, 160, 0, 0, 0
41650, 130, 0, 0, 0
41749, 191, 0, 0, 0
41849, 140, 0, 0, 0
41949, 190, 0, 0, 0
42049, 240, 0, 0, 0
42149, 180, 0, 0, 0
42249, 150, 0, 0, 0
42349, 160, 0, 0, 0
42449, 110, 0, 0, 0
42549, 180, 0, 0, 0
42650, 190, 0, 0, 0
42749, 202, 0, 0, 0
42849, 170, 0, 0, 0
42949, 200, 0, 0, 0
43049, 70, 0, 0, 0
43149, 170, 0, 0, 0
43249, 130, 0, 0, 0
43349, 140, 0, 0, 0
43449, 180, 0, 0, 0
43550, 210, 0, 0, 0
43650, 200, 0, 0, 0
43749, 171, 0, 0, 0
43849, 200, 0, 0, 0
43949, 200, 0, 0, 0
44049, 120, 0, 0, 0
44149, 240, 0, 0, 0
44249, 200, 0, 0, 0
44349, 230, 0, 0, 0
44449, 170, 0, 0, 0
44550, 140, 0, 0, 0
44650, 180, 0, 0, 0
44749, 141, 0, 0, 0
44849, 230, 0, 0, 0
44949, 140, 0, 0, 0
45049, 170, 0, 0, 0
45149, 140, 0, 0, 0
45249, 180, 0, 0, 0
45349, 140, 0, 0, 0
45449, 140, 0, 0, 0
45549, 140, 0, 0, 0
45649, 110, 0, 0, 0
45750, 290, 0, 0, 0
45850, 120, 0, 0, 0
45950, 170, 0, 0, 0
46050, 200, 0, 0, 0
46150, 240, 0, 0, 0
46249, 151, 0, 0, 0
46349, 130, 0, 0, 0
46449, 110, 0, 0, 0
46549, 160, 0, 0, 0
46649, 240, 0, 0, 0
46750, 210, 0, 0, 0
46850, 140, 0, 0, 0
46950, 170, 0, 0, 0
47050, 130, 0, 0, 0
47150, 170, 0, 0, 0
47249, 141, 0, 0, 0
47349, 210, 0, 0, 0
47449, 190, 0, 0, 0
47549, 170, 0, 0, 0
47649, 190, 0, 0, 0
47749, 120, 0, 0, 0
47849, 120, 0, 0, 0
47950, 170, 0, 0, 0
48050, 180, 0, 0, 0
48150, 100, 0, 0, 0
48249, 161, 0, 0, 0
48349, 160, 0, 0, 0
48449, 80, 0, 0, 0
48549, 140, 0, 0, 0
48649, 140, 0, 0, 0
48749, 190, 0, 0, 0
48849, 140, 0, 0, 0
48949, 210, 0, 0, 0
49050, 130, 0, 0, 0
49150, 100, 0, 0, 0
49249, 222, 0, 0, 0
49349, 160, 0, 0, 0
49449, 190, 0, 0, 0
49549, 190, 0, 0, 0
49649, 130, 0, 0, 0
49749, 160, 0, 0, 0
49849, 150, 0, 0, 0
49949, 170, 0, 0, 0
50049, 190, 0, 0, 0
50149, 180, 0, 0, 0
50250, 160, 0, 0, 0
50350, 170, 0, 0, 0
50450, 190, 0, 0, 0
50550, 140, 0, 0, 0
50650, 200, 0, 0, 0
50749, 202, 0, 0, 0
50849, 220, 0, 0, 0
50949, 120, 0, 0, 0
51049, 180, 0, 0, 0
51149, 180, 0, 0, 0
51250, 130, 0, 0, 0
51350, 200, 0, 0, 0
51450, 100, 0, 0, 0
51550, 100, 0, 0, 0
51650, 160, 0, 0, 0
51749, 191, 0, 0, 0
51849, 200, 0, 0, 0
51949, 100, 0, 0, 0
52049, 160, 0, 0, 0
52149, 190, 0, 0, 0
52249, 120, 0, 0, 0
52350, 130, 0, 0, 0
52450, 150, 0, 0, 0
52550, 140, 0, 0, 0
52650, 160, 0, 0, 0
52749, 131, 0, 0, 0
52849, 170, 0, 0, 0
52949, 210, 0, 0, 0
53049, 180, 0, 0, 0
53149, 110, 0, 0, 0
53249, 70, 0, 0, 0
53349, 150, 0, 0, 0
53449, 140, 0, 0, 0
53550, 90, 0, 0, 0
53650, 140, 0, 0, 0
53749, 161, 0, 0, 0
53849, 200, 0, 0, 0
53949, 140, 0, 0, 0
54049, 140, 0, 0, 0
54149, 200, 0, 0, 0
54249, 190, 0, 0, 0
54349, 160, 0, 0, 0
54449, 130, 0, 0, 0
54549, 180, 0, 0, 0
54649, 130, 0, 0, 0
54750, 140, 0, 0, 0
54850, 110, 0, 0, 0
54950, 170, 0, 0, 0
55050, 120, 0, 0, 0
55150, 120, 0, 0, 0
55249, 202, 0, 0, 0
55349, 160, 0, 0, 0
55449, 140, 0, 0, 0
55549, 190, 0, 0, 0
55649, 170, 0, 0, 0
55749, 180, 0, 0, 0
55850, 100, 0, 0, 0
55950, 160, 0, 0, 0
56050, 150, 0, 0, 0
56150, 180, 0, 0, 0
56249, 171, 0, 0, 0
56349, 90, 0, 0, 0
56449, 150, 0, 0, 0
56549, 150, 0, 0, 0
56649, 150, 0, 0, 0
56749, 170, 0, 0, 0
56849, 170, 0, 0, 0
56949, 190, 0, 0, 0
57050, 160, 0, 0, 0
57150, 190, 0, 0, 0
57249, 101, 0, 0, 0
57349, 160, 0, 0, 0
57449, 150, 0, 0, 0
57549, 160, 0, 0, 0
57649, 150, 0, 0, 0
57749, 180, 0, 0, 0
57849, 120, 0, 0, 0
57949, 100, 0, 0, 0
58049, 120, 0, 0, 0
58149, 170, 0, 0, 0
58250, 170, 0, 0, 0
58350, 130, 0, 0, 0
58450, 90, 0, 0, 0
58550, 220, 0, 0, 0
58650, 110, 0, 0, 0
58749, 131, 0, 0, 0
58849, 100, 0, 0, 0
58949, 180, 0, 0, 0
59049, 170, 0, 0, 0
59149, 150, 0, 0, 0
59249, 140, 0, 0, 0
59349, 200, 0, 0, 0
59449, 110, 0, 0, 0
59550, 120, 0, 0, 0
59650, 150, 0, 0, 0
59749, 151, 0, 0, 0
59849, 140, 0, 0, 0
59949, 150, 0, 0, 0
