250, 245760, 0, 0, 0
350, 307200, 0, 0, 0
450, 307200, 0, 0, 0
550, 245760, 0, 0, 0
650, 286720, 0, 0, 0
749, 248242, 0, 0, 0
849, 266240, 0, 0, 0
949, 307200, 0, 0, 0
1049, 245760, 0, 0, 0
1149, 245760, 0, 0, 0
1250, 245760, 0, 0, 0
1350, 245760, 0, 0, 0
1450, 327680, 0, 0, 0
1550, 286720, 0, 0, 0
1650, 266240, 0, 0, 0
1749, 248242, 0, 0, 0
1849, 286720, 0, 0, 0
1949, 245760, 0, 0, 0
2049, 286720, 0, 0, 0
2149, 286720, 0, 0, 0
2249, 245760, 0, 0, 0
2349, 307200, 0, 0, 0
2449, 245760, 0, 0, 0
2550, 245760, 0, 0, 0
2650, 286720, 0, 0, 0
2749, 289616, 0, 0, 0
2849, 204800, 0, 0, 0
2949, 225280, 0, 0, 0
3049, 286720, 0, 0, 0
3149, 266240, 0, 0, 0
3249, 348160, 0, 0, 0
3349, 204800, 0, 0, 0
3449, 266240, 0, 0, 0
3549, 245760, 0, 0, 0
3649, 245760, 0, 0, 0
3750, 245760, 0, 0, 0
3850, 307200, 0, 0, 0
3950, 286720, 0, 0, 0
4050, 204800, 0, 0, 0
4150, 307200, 0, 0, 0
4249, 248242, 0, 0, 0
4349, 245760, 0, 0, 0
4449, 307200, 0, 0, 0
4549, 245760, 0, 0, 0
4649, 245760, 0, 0, 0
4750, 245760, 0, 0, 0
4850, 266240, 0, 0, 0
4950, 286720, 0, 0, 0
5050, 245760, 0, 0, 0
5150, 266240, 0, 0, 0
5249, 248242, 0, 0, 0
5349, 266240, 0, 0, 0
5449, 266240, 0, 0, 0
5549, 307200, 0, 0, 0
5649, 286720, 0, 0, 0
5749, 266240, 0, 0, 0
5849, 245760, 0, 0, 0
5949, 286720, 0, 0, 0
6049, 245760, 0, 0, 0
6150, 286720, 0, 0, 0
6249, 186181, 0, 0, 0
6349, 225280, 0, 0, 0
6449, 266240, 0, 0, 0
6549, 245760, 0, 0, 0
6649, 266240, 0, 0, 0
6749, 266240, 0, 0, 0
6849, 204800, 0, 0, 0
6949, 245760, 0, 0, 0
7049, 286720, 0, 0, 0
7149, 245760, 0, 0, 0
7249, 245760, 0, 0, 0
7349, 245760, 0, 0, 0
7450, 286720, 0, 0, 0
7550, 245760, 0, 0, 0
7650, 266240, 0, 0, 0
7749, 268929, 0, 0, 0
7849, 286720, 0, 0, 0
7949, 307200, 0, 0, 0
8049, 225280, 0, 0, 0
8149, 204800, 0, 0, 0
8249, 245760, 0, 0, 0
8349, 245760, 0, 0, 0
8449, 348160, 0, 0, 0
8549, 245760, 0, 0, 0
8650, 266240, 0, 0, 0
8749, 227555, 0, 0, 0
8849, 225280, 0, 0, 0
8949, 307200, 0, 0, 0
9049, 286720, 0, 0, 0
9149, 225280, 0, 0, 0
9249, 307200, 0, 0, 0
9349, 245760, 0, 0, 0
9449, 266240, 0, 0, 0
9549, 266240, 0, 0, 0
9649, 225280, 0, 0, 0
9749, 286720, 0, 0, 0
9850, 245760, 0, 0, 0
9950, 368640, 0, 0, 0
10050, 307200, 0, 0, 0
10150, 266240, 0, 0, 0
10249, 289616, 0, 0, 0
10349, 245760, 0, 0, 0
10449, 204800, 0, 0, 0
10549, 266240, 0, 0, 0
10649, 266240, 0, 0, 0
10749, 266240, 0, 0, 0
10849, 286720, 0, 0, 0
10949, 266240, 0, 0, 0
11050, 327680, 0, 0, 0
11150, 327680, 0, 0, 0
11249, 330989, 0, 0, 0
11349, 245760, 0, 0, 0
11449, 266240, 0, 0, 0
11549, 348160, 0, 0, 0
11649, 266240, 0, 0, 0
11749, 245760, 0, 0, 0
11849, 307200, 0, 0, 0
11949, 204800, 0, 0, 0
12049, 307200, 0, 0, 0
12149, 245760, 0, 0, 0
12250, 245760, 0, 0, 0
12350, 266240, 0, 0, 0
12450, 245760, 0, 0, 0
12550, 245760, 0, 0, 0
12650, 286720, 0, 0, 0
12749, 268929, 0, 0, 0
12849, 286720, 0, 0, 0
12949, 245760, 0, 0, 0
13049, 266240, 0, 0, 0
13149, 204800, 0, 0, 0
13249, 225280, 0, 0, 0
13349, 266240, 0, 0, 0
13449, 245760, 0, 0, 0
13550, 286720, 0, 0, 0
13650, 286720, 0, 0, 0
13749, 248242, 0, 0, 0
13849, 286720, 0, 0, 0
13949, 286720, 0, 0, 0
14049, 266240, 0, 0, 0
14149, 225280, 0, 0, 0
14249, 225280, 0, 0, 0
14349, 286720, 0, 0, 0
14449, 245760, 0, 0, 0
14549, 245760, 0, 0, 0
14649, 245760, 0, 0, 0
14750, 225280, 0, 0, 0
14850, 225280, 0, 0, 0
14950, 307200, 0, 0, 0
15050, 225280, 0, 0, 0
15150, 307200, 0, 0, 0
15249, 248242, 0, 0, 0
15349, 286720, 0, 0, 0
15449, 286720, 0, 0, 0
15549, 266240, 0, 0, 0
15649, 245760, 0, 0, 0
15749, 245760, 0, 0, 0
15849, 225280, 0, 0, 0
15949, 225280, 0, 0, 0
16050, 245760, 0, 0, 0
16150, 245760, 0, 0, 0
16249, 248242, 0, 0, 0
16349, 245760, 0, 0, 0
16449, 225280, 0, 0, 0
16549, 204800, 0, 0, 0
16649, 225280, 0, 0, 0
16749, 266240, 0, 0, 0
16849, 266240, 0, 0, 0
16949, 225280, 0, 0, 0
17049, 266240, 0, 0, 0
17149, 204800, 0, 0, 0
17250, 245760, 0, 0, 0
17350, 225280, 0, 0, 0
17450, 286720, 0, 0, 0
17550, 286720, 0, 0, 0
17650, 266240, 0, 0, 0
17749, 206868, 0, 0, 0
17849, 225280, 0, 0, 0
17949, 225280, 0, 0, 0
18049, 204800, 0, 0, 0
18149, 245760, 0, 0, 0
18249, 225280, 0, 0, 0
18349, 245760, 0, 0, 0
18449, 266240, 0, 0, 0
18550, 286720, 0, 0, 0
18650, 204800, 0, 0, 0
18749, 227555, 0, 0, 0
18849, 245760, 0, 0, 0
18949, 204800, 0, 0, 0
19049, 245760, 0, 0, 0
19149, 225280, 0, 0, 0
19249, 266240, 0, 0, 0
19349, 204800, 0, 0, 0
19449, 307200, 0, 0, 0
19550, 286720, 0, 0, 0
19650, 266240, 0, 0, 0
19749, 289616, 0, 0, 0
19849, 286720, 0, 0, 0
19949, 327680, 0, 0, 0
20049, 204800, 0, 0, 0
20149, 266240, 0, 0, 0
20249, 225280, 0, 0, 0
20349, 266240, 0, 0, 0
20449, 225280, 0, 0, 0
20549, 245760, 0, 0, 0
20649, 225280, 0, 0, 0
20750, 225280, 0, 0, 0
20850, 307200, 0, 0, 0
20950, 204800, 0, 0, 0
21050, 266240, 0, 0, 0
21150, 266240, 0, 0, 0
21249, 248242, 0, 0, 0
21349, 225280, 0, 0, 0
21449, 307200, 0, 0, 0
21549, 245760, 0, 0, 0
21649, 286720, 0, 0, 0
21749, 286720, 0, 0, 0
21849, 225280, 0, 0, 0
21949, 245760, 0, 0, 0
22050, 266240, 0, 0, 0
22150, 245760, 0, 0, 0
22249, 248242, 0, 0, 0
22349, 225280, 0, 0, 0
22449, 286720, 0, 0, 0
22549, 307200, 0, 0, 0
22649, 266240, 0, 0, 0
22749, 225280, 0, 0, 0
22849, 204800, 0, 0, 0
22949, 245760, 0, 0, 0
23049, 266240, 0, 0, 0
23150, 286720, 0, 0, 0
23249, 268929, 0, 0, 0
23349, 266240, 0, 0, 0
23449, 225280, 0, 0, 0
23549, 307200, 0, 0, 0
23649, 266240, 0, 0, 0
23749, 225280, 0, 0, 0
23849, 266240, 0, 0, 0
23949, 225280, 0, 0, 0
24049, 225280, 0, 0, 0
24149, 266240, 0, 0, 0
24249, 225280, 0, 0, 0
24349, 327680, 0, 0, 0
24450, 266240, 0, 0, 0
24550, 266240, 0, 0, 0
24650, 286720, 0, 0, 0
24749, 289616, 0, 0, 0
24849, 204800, 0, 0, 0
24949, 245760, 0, 0, 0
25049, 286720, 0, 0, 0
25149, 204800, 0, 0, 0
25249, 266240, 0, 0, 0
25349, 225280, 0, 0, 0
25449, 286720, 0, 0, 0
25550, 307200, 0, 0, 0
25650, 327680, 0, 0, 0
25749, 248242, 0, 0, 0
25849, 286720, 0, 0, 0
25949, 266240, 0, 0, 0
26049, 225280, 0, 0, 0
26149, 204800, 0, 0, 0
26249, 266240, 0, 0, 0
26349, 245760, 0, 0, 0
26449, 245760, 0, 0, 0
26549, 266240, 0, 0, 0
26650, 266240, 0, 0, 0
26750, 245760, 0, 0, 0
26850, 225280, 0, 0, 0
26950, 327680, 0, 0, 0
27050, 245760, 0, 0, 0
27150, 266240, 0, 0, 0
27249, 248242, 0, 0, 0
27349, 245760, 0, 0, 0
27449, 286720, 0, 0, 0
27549, 266240, 0, 0, 0
27649, 307200, 0, 0, 0
27750, 266240, 0, 0, 0
27850, 204800, 0, 0, 0
27950, 286720, 0, 0, 0
28050, 286720, 0, 0, 0
28150, 286720, 0, 0, 0
28249, 310303, 0, 0, 0
28349, 245760, 0, 0, 0
28449, 245760, 0, 0, 0
28549, 245760, 0, 0, 0
28649, 245760, 0, 0, 0
28749, 245760, 0, 0, 0
28849, 286720, 0, 0, 0
28949, 245760, 0, 0, 0
29050, 225280, 0, 0, 0
29150, 225280, 0, 0, 0
29249, 206868, 0, 0, 0
29349, 225280, 0, 0, 0
29449, 245760, 0, 0, 0
29549, 184320, 0, 0, 0
29649, 245760, 0, 0, 0
29749, 266240, 0, 0, 0
29849, 225280, 0, 0, 0
29949, 245760, 0, 0, 0
30049, 266240, 0, 0, 0
30150, 245760, 0, 0, 0
30250, 225280, 0, 0, 0
30350, 204800, 0, 0, 0
30450, 245760, 0, 0, 0
30550, 266240, 0, 0, 0
30650, 225280, 0, 0, 0
30749, 227555, 0, 0, 0
30849, 225280, 0, 0, 0
30949, 225280, 0, 0, 0
31049, 245760, 0, 0, 0
31149, 266240, 0, 0, 0
31249, 266240, 0, 0, 0
31349, 225280, 0, 0, 0
31450, 266240, 0, 0, 0
31550, 286720, 0, 0, 0
31650, 245760, 0, 0, 0
31749, 310303, 0, 0, 0
31849, 266240, 0, 0, 0
31949, 286720, 0, 0, 0
32049, 245760, 0, 0, 0
32149, 266240, 0, 0, 0
32249, 245760, 0, 0, 0
32349, 204800, 0, 0, 0
32449, 245760, 0, 0, 0
32550, 245760, 0, 0, 0
32650, 327680, 0, 0, 0
32749, 268929, 0, 0, 0
32849, 266240, 0, 0, 0
32949, 266240, 0, 0, 0
33049, 245760, 0, 0, 0
33149, 245760, 0, 0, 0
33249, 286720, 0, 0, 0
33349, 245760, 0, 0, 0
33449, 348160, 0, 0, 0
33550, 266240, 0, 0, 0
33650, 204800, 0, 0, 0
33749, 310303, 0, 0, 0
33849, 266240, 0, 0, 0
33949, 225280, 0, 0, 0
34049, 225280, 0, 0, 0
34149, 286720, 0, 0, 0
34249, 225280, 0, 0, 0
34349, 286720, 0, 0, 0
34449, 286720, 0, 0, 0
34549, 245760, 0, 0, 0
34649, 225280, 0, 0, 0
34750, 307200, 0, 0, 0
34850, 266240, 0, 0, 0
34950, 266240, 0, 0, 0
35050, 225280, 0, 0, 0
35150, 307200, 0, 0, 0
35249, 268929, 0, 0, 0
35349, 225280, 0, 0, 0
35449, 307200, 0, 0, 0
35549, 327680, 0, 0, 0
35649, 163840, 0, 0, 0
35750, 245760, 0, 0, 0
35850, 266240, 0, 0, 0
35950, 286720, 0, 0, 0
36050, 204800, 0, 0, 0
36150, 286720, 0, 0, 0
36249, 227555, 0, 0, 0
36349, 245760, 0, 0, 0
36449, 245760, 0, 0, 0
36549, 225280, 0, 0, 0
36649, 266240, 0, 0, 0
36749, 266240, 0, 0, 0
36849, 266240, 0, 0, 0
36949, 307200, 0, 0, 0
37050, 245760, 0, 0, 0
37150, 266240, 0, 0, 0
37249, 289616, 0, 0, 0
37349, 225280, 0, 0, 0
37449, 245760, 0, 0, 0
37549, 286720, 0, 0, 0
37649, 245760, 0, 0, 0
37749, 286720, 0, 0, 0
37849, 286720, 0, 0, 0
37949, 245760, 0, 0, 0
38049, 307200, 0, 0, 0
38149, 245760, 0, 0, 0
38250, 266240, 0, 0, 0
38350, 286720, 0, 0, 0
38450, 307200, 0, 0, 0
38550, 266240, 0, 0, 0
38650, 245760, 0, 0, 0
38749, 248242, 0, 0, 0
38849, 225280, 0, 0, 0
38949, 286720, 0, 0, 0
39049, 245760, 0, 0, 0
39149, 266240, 0, 0, 0
39249, 286720, 0, 0, 0
39349, 225280, 0, 0, 0
39449, 225280, 0, 0, 0
39550, 286720, 0, 0, 0
39650, 245760, 0, 0, 0
39749, 227555, 0, 0, 0
39849, 307200, 0, 0, 0
39949, 286720, 0, 0, 0
40049, 286720, 0, 0, 0
40149, 389120, 0, 0, 0
40249, 245760, 0, 0, 0
40349, 327680, 0, 0, 0
40449, 184320, 0, 0, 0
40549, 245760, 0, 0, 0
40649, 245760, 0, 0, 0
40750, 286720, 0, 0, 0
40850, 225280, 0, 0, 0
40950, 266240, 0, 0, 0
41050, 204800, 0, 0, 0
41150, 266240, 0, 0, 0
41249, 206868, 0, 0, 0
41349, 286720, 0, 0, 0
41449, 225280, 0, 0, 0
41549, 225280, 0, 0, 0
41649, 245760, 0, 0, 0
41749, 245760, 0, 0, 0
41849, 307200, 0, 0, 0
41949, 184320, 0, 0, 0
42050, 245760, 0, 0, 0
42150, 266240, 0, 0, 0
42249, 248242, 0, 0, 0
42349, 266240, 0, 0, 0
42449, 266240, 0, 0, 0
42549, 225280, 0, 0, 0
42649, 204800, 0, 0, 0
42749, 266240, 0, 0, 0
42849, 245760, 0, 0, 0
42949, 307200, 0, 0, 0
43049, 245760, 0, 0, 0
43149, 225280, 0, 0, 0
43250, 225280, 0, 0, 0
43350, 307200, 0, 0, 0
43450, 204800, 0, 0, 0
43550, 266240, 0, 0, 0
43650, 245760, 0, 0, 0
43749, 289616, 0, 0, 0
43849, 245760, 0, 0, 0
43949, 225280, 0, 0, 0
44049, 266240, 0, 0, 0
44149, 184320, 0, 0, 0
44249, 286720, 0, 0, 0
44349, 204800, 0, 0, 0
44449, 348160, 0, 0, 0
44550, 266240, 0, 0, 0
44650, 286720, 0, 0, 0
44749, 248242, 0, 0, 0
44849, 286720, 0, 0, 0
44949, 204800, 0, 0, 0
45049, 245760, 0, 0, 0
45149, 286720, 0, 0, 0
45249, 266240, 0, 0, 0
45349, 245760, 0, 0, 0
45449, 327680, 0, 0, 0
45550, 225280, 0, 0, 0
45650, 286720, 0, 0, 0
45749, 268929, 0, 0, 0
45849, 225280, 0, 0, 0
45949, 204800, 0, 0, 0
46049, 204800, 0, 0, 0
46149, 307200, 0, 0, 0
46249, 225280, 0, 0, 0
46349, 266240, 0, 0, 0
46449, 245760, 0, 0, 0
46549, 245760, 0, 0, 0
46649, 266240, 0, 0, 0
46750, 327680, 0, 0, 0
46850, 225280, 0, 0, 0
46950, 266240, 0, 0, 0
47050, 245760, 0, 0, 0
47150, 245760, 0, 0, 0
47249, 310303, 0, 0, 0
47349, 225280, 0, 0, 0
47449, 348160, 0, 0, 0
47549, 286720, 0, 0, 0
47649, 245760, 0, 0, 0
47749, 286720, 0, 0, 0
47849, 286720, 0, 0, 0
47949, 245760, 0, 0, 0
48050, 348160, 0, 0, 0
48150, 245760, 0, 0, 0
48249, 227555, 0, 0, 0
48349, 245760, 0, 0, 0
48449, 245760, 0, 0, 0
48549, 307200, 0, 0, 0
48649, 245760, 0, 0, 0
48749, 286720, 0, 0, 0
48849, 266240, 0, 0, 0
48949, 225280, 0, 0, 0
49049, 327680, 0, 0, 0
49150, 204800, 0, 0, 0
49250, 225280, 0, 0, 0
49350, 266240, 0, 0, 0
49450, 245760, 0, 0, 0
49550, 266240, 0, 0, 0
49650, 266240, 0, 0, 0
49749, 248242, 0, 0, 0
49849, 225280, 0, 0, 0
49949, 245760, 0, 0, 0
50049, 225280, 0, 0, 0
50149, 225280, 0, 0, 0
50249, 225280, 0, 0, 0
50350, 245760, 0, 0, 0
50450, 266240, 0, 0, 0
50550, 245760, 0, 0, 0
50650, 225280, 0, 0, 0
50749, 268929, 0, 0, 0
50849, 225280, 0, 0, 0
50949, 286720, 0, 0, 0
51049, 266240, 0, 0, 0
51149, 266240, 0, 0, 0
51249, 225280, 0, 0, 0
51349, 225280, 0, 0, 0
51449, 266240, 0, 0, 0
51549, 225280, 0, 0, 0
51649, 225280, 0, 0, 0
51750, 266240, 0, 0, 0
51850, 286720, 0, 0, 0
51950, 307200, 0, 0, 0
52050, 245760, 0, 0, 0
52150, 204800, 0, 0, 0
52249, 268929, 0, 0, 0
52349, 307200, 0, 0, 0
52449, 307200, 0, 0, 0
52549, 307200, 0, 0, 0
52649, 245760, 0, 0, 0
52749, 327680, 0, 0, 0
52849, 204800, 0, 0, 0
52950, 266240, 0, 0, 0
53050, 245760, 0, 0, 0
53150, 245760, 0, 0, 0
53249, 268929, 0, 0, 0
53349, 327680, 0, 0, 0
53449, 225280, 0, 0, 0
53549, 266240, 0, 0, 0
53649, 225280, 0, 0, 0
53749, 286720, 0, 0, 0
53849, 204800, 0, 0, 0
53949, 327680, 0, 0, 0
54050, 245760, 0, 0, 0
54150, 266240, 0, 0, 0
54249, 248242, 0, 0, 0
54349, 245760, 0, 0, 0
54449, 266240, 0, 0, 0
54549, 307200, 0, 0, 0
54649, 225280, 0, 0, 0
54749, 245760, 0, 0, 0
54849, 286720, 0, 0, 0
54949, 286720, 0, 0, 0
55049, 286720, 0, 0, 0
55150, 266240, 0, 0, 0
55249, 248242, 0, 0, 0
55349, 286720, 0, 0, 0
55449, 286720, 0, 0, 0
55549, 286720, 0, 0, 0
55649, 266240, 0, 0, 0
55749, 266240, 0, 0, 0
55849, 245760, 0, 0, 0
55949, 286720, 0, 0, 0
56049, 225280, 0, 0, 0
56149, 225280, 0, 0, 0
56250, 245760, 0, 0, 0
56350, 245760, 0, 0, 0
56450, 327680, 0, 0, 0
56550, 245760, 0, 0, 0
56650, 348160, 0, 0, 0
56749, 248242, 0, 0, 0
56849, 266240, 0, 0, 0
56949, 225280, 0, 0, 0
57049, 286720, 0, 0, 0
57150, 225280, 0, 0, 0
57250, 286720, 0, 0, 0
57350, 225280, 0, 0, 0
57450, 245760, 0, 0, 0
57550, 348160, 0, 0, 0
57650, 225280, 0, 0, 0
57749, 248242, 0, 0, 0
57849, 225280, 0, 0, 0
57949, 266240, 0, 0, 0
58049, 245760, 0, 0, 0
58149, 327680, 0, 0, 0
58249, 266240, 0, 0, 0
58349, 266240, 0, 0, 0
58450, 245760, 0, 0, 0
58550, 286720, 0, 0, 0
58650, 266240, 0, 0, 0
58749, 268929, 0, 0, 0
58849, 225280, 0, 0, 0
58949, 266240, 0, 0, 0
59049, 225280, 0, 0, 0
59149, 307200, 0, 0, 0
59249, 266240, 0, 0, 0
59349, 245760, 0, 0, 0
59449, 225280, 0, 0, 0
59550, 245760, 0, 0, 0
59650, 266240, 0, 0, 0
59749, 268929, 0, 0, 0
59849, 245760, 0, 0, 0
59949, 286720, 0, 0, 0
