100, 5999912, 0, 0, 0
200, 5239652, 0, 0, 0
300, 6582797, 0, 0, 0
400, 4505700, 0, 0, 0
500, 6334186, 0, 0, 0
600, 4982075, 0, 0, 0
700, 5661573, 0, 0, 0
800, 5813489, 0, 0, 0
900, 5962788, 0, 0, 0
1000, 5861568, 0, 0, 0
1100, 6060730, 0, 0, 0
1200, 6387371, 0, 0, 0
1300, 5409797, 0, 0, 0
1400, 5489103, 0, 0, 0
1500, 6177300, 0, 0, 0
1600, 5508024, 0, 0, 0
1700, 4615648, 0, 0, 0
1800, 5557260, 0, 0, 0
1900, 5175000, 0, 0, 0
2000, 5153933, 0, 0, 0
2100, 6114662, 0, 0, 0
2200, 5559176, 0, 0, 0
2300, 5853006, 0, 0, 0
2400, 6033433, 0, 0, 0
2500, 6684439, 0, 0, 0
2600, 6857751, 0, 0, 0
2700, 5240219, 0, 0, 0
2800, 5567360, 0, 0, 0
2900, 4919073, 0, 0, 0
3000, 4524532, 0, 0, 0
3100, 7328794, 0, 0, 0
3200, 5888454, 0, 0, 0
3300, 5390463, 0, 0, 0
3401, 4857112, 0, 0, 0
3500, 5707145, 0, 0, 0
3600, 5518115, 0, 0, 0
3700, 5430215, 0, 0, 0
3800, 4499123, 0, 0, 0
3900, 4605890, 0, 0, 0
4000, 5568237, 0, 0, 0
4100, 6906065, 0, 0, 0
4200, 5293755, 0, 0, 0
4300, 4786364, 0, 0, 0
4400, 5505743, 0, 0, 0
4500, 6264946, 0, 0, 0
4600, 6610885, 0, 0, 0
4700, 5281301, 0, 0, 0
4800, 4966498, 0, 0, 0
4900, 5650315, 0, 0, 0
5000, 5172059, 0, 0, 0
5101, 5107221, 0, 0, 0
5200, 5927002, 0, 0, 0
5301, 6671468, 0, 0, 0
5400, 6367864, 0, 0, 0
5500, 5072726, 0, 0, 0
5600, 5087882, 0, 0, 0
5700, 5417401, 0, 0, 0
5800, 5784312, 0, 0, 0
5900, 5083313, 0, 0, 0
6000, 5654956, 0, 0, 0
6100, 5337841, 0, 0, 0
6200, 6416758, 0, 0, 0
6300, 6545976, 0, 0, 0
6400, 6301646, 0, 0, 0
6500, 6124793, 0, 0, 0
6600, 5840742, 0, 0, 0
6700, 4795748, 0, 0, 0
6800, 4998549, 0, 0, 0
6900, 5555109, 0, 0, 0
7000, 5531620, 0, 0, 0
7100, 5037998, 0, 0, 0
7200, 5750266, 0, 0, 0
7300, 6406649, 0, 0, 0
7400, 5233555, 0, 0, 0
7500, 5891286, 0, 0, 0
7600, 5071165, 0, 0, 0
7700, 6021318, 0, 0, 0
7800, 5871915, 0, 0, 0
7900, 4653664, 0, 0, 0
8000, 4986750, 0, 0, 0
8100, 5865716, 0, 0, 0
8200, 6807875, 0, 0, 0
8300, 5419134, 0, 0, 0
8400, 5149614, 0, 0, 0
8500, 6394135, 0, 0, 0
8600, 4982339, 0, 0, 0
8700, 5865352, 0, 0, 0
8800, 5254343, 0, 0, 0
8900, 5567007, 0, 0, 0
9000, 5794558, 0, 0, 0
9100, 5742512, 0, 0, 0
9200, 5387570, 0, 0, 0
9300, 5588734, 0, 0, 0
9400, 5873697, 0, 0, 0
9500, 5705418, 0, 0, 0
9600, 6233875, 0, 0, 0
9700, 5489941, 0, 0, 0
9800, 4994605, 0, 0, 0
9900, 6572932, 0, 0, 0
10000, 5963356, 0, 0, 0
10100, 6400364, 0, 0, 0
10200, 6021099, 0, 0, 0
10300, 5162779, 0, 0, 0
10400, 5571069, 0, 0, 0
10500, 6432888, 0, 0, 0
10600, 5744794, 0, 0, 0
10700, 4948761, 0, 0, 0
10800, 5425733, 0, 0, 0
10900, 5479342, 0, 0, 0
11000, 6256642, 0, 0, 0
11100, 5461928, 0, 0, 0
11200, 6191162, 0, 0, 0
11300, 6160067, 0, 0, 0
11401, 6080523, 0, 0, 0
11500, 5426762, 0, 0, 0
11600, 5346608, 0, 0, 0
11700, 6678037, 0, 0, 0
11800, 6100754, 0, 0, 0
11901, 6854067, 0, 0, 0
12000, 5023018, 0, 0, 0
12100, 5067778, 0, 0, 0
12200, 4894298, 0, 0, 0
12300, 6082584, 0, 0, 0
12400, 6016711, 0, 0, 0
12500, 5669326, 0, 0, 0
12600, 6305244, 0, 0, 0
12700, 5078692, 0, 0, 0
12800, 6022404, 0, 0, 0
12900, 5909833, 0, 0, 0
13000, 5669408, 0, 0, 0
13100, 4684293, 0, 0, 0
13200, 4755373, 0, 0, 0
13300, 7173138, 0, 0, 0
13400, 5890424, 0, 0, 0
13500, 5404046, 0, 0, 0
13600, 6077969, 0, 0, 0
13700, 4913063, 0, 0, 0
13800, 7819918, 0, 0, 0
13900, 6158483, 0, 0, 0
14000, 6401693, 0, 0, 0
14100, 4483984, 0, 0, 0
14200, 6917377, 0, 0, 0
14300, 6270035, 0, 0, 0
14400, 5789672, 0, 0, 0
14501, 4832319, 0, 0, 0
14600, 6646903, 0, 0, 0
14700, 4964907, 0, 0, 0
14800, 5459405, 0, 0, 0
14900, 5228470, 0, 0, 0
15000, 4628866, 0, 0, 0
15100, 5622477, 0, 0, 0
15200, 6533773, 0, 0, 0
15300, 6037148, 0, 0, 0
15400, 5623715, 0, 0, 0
15500, 4710867, 0, 0, 0
15600, 5523587, 0, 0, 0
15700, 6433889, 0, 0, 0
15800, 6862840, 0, 0, 0
15900, 5262346, 0, 0, 0
16000, 4733382, 0, 0, 0
16100, 6236020, 0, 0, 0
16200, 5402670, 0, 0, 0
16300, 5150731, 0, 0, 0
16400, 6518311, 0, 0, 0
16500, 5090740, 0, 0, 0
16600, 4798971, 0, 0, 0
16700, 5319296, 0, 0, 0
16800, 6027844, 0, 0, 0
16900, 6035766, 0, 0, 0
17000, 5263224, 0, 0, 0
17100, 6467155, 0, 0, 0
17200, 5994454, 0, 0, 0
17300, 6394249, 0, 0, 0
17400, 4521333, 0, 0, 0
17501, 3522818, 0, 0, 0
17600, 5775767, 0, 0, 0
17700, 7035401, 0, 0, 0
17800, 5759858, 0, 0, 0
17900, 4595553, 0, 0, 0
18000, 5195097, 0, 0, 0
18100, 5127780, 0, 0, 0
18200, 4188119, 0, 0, 0
18300, 4039444, 0, 0, 0
18400, 6079126, 0, 0, 0
18500, 5607000, 0, 0, 0
18600, 4994789, 0, 0, 0
18700, 5997244, 0, 0, 0
18800, 5189357, 0, 0, 0
18900, 5428172, 0, 0, 0
19000, 6179009, 0, 0, 0
19100, 5735417, 0, 0, 0
19200, 5205783, 0, 0, 0
19300, 4511680, 0, 0, 0
19400, 4458693, 0, 0, 0
19500, 5291409, 0, 0, 0
19600, 4659112, 0, 0, 0
19700, 5782355, 0, 0, 0
19800, 6309989, 0, 0, 0
19900, 4456760, 0, 0, 0
20000, 6259987, 0, 0, 0
20100, 6239445, 0, 0, 0
20200, 6748308, 0, 0, 0
20300, 5752239, 0, 0, 0
20400, 5484987, 0, 0, 0
20500, 5414119, 0, 0, 0
20600, 5181512, 0, 0, 0
20700, 5370563, 0, 0, 0
20800, 5750402, 0, 0, 0
20900, 5410260, 0, 0, 0
21000, 6001219, 0, 0, 0
21100, 4600708, 0, 0, 0
21200, 5496189, 0, 0, 0
21300, 5307403, 0, 0, 0
21400, 5157943, 0, 0, 0
21500, 5349722, 0, 0, 0
21600, 4620164, 0, 0, 0
21700, 5961429, 0, 0, 0
21800, 5282955, 0, 0, 0
21901, 5488681, 0, 0, 0
22000, 6595652, 0, 0, 0
22100, 5385947, 0, 0, 0
22200, 5191504, 0, 0, 0
22300, 5955836, 0, 0, 0
22400, 5358401, 0, 0, 0
22500, 5552255, 0, 0, 0
22600, 5610021, 0, 0, 0
22700, 4965627, 0, 0, 0
22800, 5252404, 0, 0, 0
22900, 6741909, 0, 0, 0
23000, 5979111, 0, 0, 0
23100, 5862829, 0, 0, 0
23200, 4312517, 0, 0, 0
23300, 6025815, 0, 0, 0
23400, 5635529, 0, 0, 0
23500, 4869654, 0, 0, 0
23600, 4663262, 0, 0, 0
23700, 5656247, 0, 0, 0
23800, 4857199, 0, 0, 0
23900, 6783274, 0, 0, 0
24000, 4905040, 0, 0, 0
24100, 5524057, 0, 0, 0
24200, 5771260, 0, 0, 0
24300, 4267797, 0, 0, 0
24400, 5008447, 0, 0, 0
24500, 6108293, 0, 0, 0
24600, 4635359, 0, 0, 0
24700, 5410331, 0, 0, 0
24800, 5502983, 0, 0, 0
24900, 4961636, 0, 0, 0
25000, 7401963, 0, 0, 0
25100, 6107084, 0, 0, 0
25200, 4754118, 0, 0, 0
25300, 6051097, 0, 0, 0
25400, 5288854, 0, 0, 0
25500, 7508356, 0, 0, 0
25600, 4011864, 0, 0, 0
25700, 8116398, 0, 0, 0
25800, 5262573, 0, 0, 0
25900, 5445327, 0, 0, 0
26000, 5348137, 0, 0, 0
26100, 5176404, 0, 0, 0
26200, 5438064, 0, 0, 0
26300, 5072933, 0, 0, 0
26400, 5220506, 0, 0, 0
26500, 6443335, 0, 0, 0
26600, 4768686, 0, 0, 0
26700, 4959611, 0, 0, 0
26800, 5758826, 0, 0, 0
26901, 5628229, 0, 0, 0
27000, 4970858, 0, 0, 0
27100, 5295848, 0, 0, 0
27201, 4949934, 0, 0, 0
27300, 5394633, 0, 0, 0
27400, 6256203, 0, 0, 0
27500, 5812995, 0, 0, 0
27601, 6553019, 0, 0, 0
27700, 5716193, 0, 0, 0
27800, 5892521, 0, 0, 0
27900, 5929722, 0, 0, 0
28000, 5189433, 0, 0, 0
28100, 5559199, 0, 0, 0
28200, 5737391, 0, 0, 0
28300, 5959408, 0, 0, 0
28400, 5323918, 0, 0, 0
28500, 5599059, 0, 0, 0
28600, 5302487, 0, 0, 0
28700, 5043216, 0, 0, 0
28801, 5162403, 0, 0, 0
28900, 5699386, 0, 0, 0
29000, 4936549, 0, 0, 0
29100, 5146761, 0, 0, 0
29200, 5068406, 0, 0, 0
29300, 4781939, 0, 0, 0
29400, 5903246, 0, 0, 0
29500, 5539258, 0, 0, 0
29600, 5322310, 0, 0, 0
29700, 5982423, 0, 0, 0
29800, 5008578, 0, 0, 0
29900, 5708701, 0, 0, 0
30000, 5566988, 0, 0, 0
30100, 4303621, 0, 0, 0
30200, 6124114, 0, 0, 0
30300, 4709675, 0, 0, 0
30400, 7195176, 0, 0, 0
30500, 5089748, 0, 0, 0
30600, 5717269, 0, 0, 0
30701, 5485683, 0, 0, 0
30800, 5382624, 0, 0, 0
30900, 5586215, 0, 0, 0
31000, 6134832, 0, 0, 0
31100, 4450789, 0, 0, 0
31200, 7833672, 0, 0, 0
31300, 6019813, 0, 0, 0
31400, 6375566, 0, 0, 0
31500, 6037922, 0, 0, 0
31600, 5578906, 0, 0, 0
31700, 4374254, 0, 0, 0
31800, 4321824, 0, 0, 0
31900, 6908475, 0, 0, 0
32000, 6361835, 0, 0, 0
32100, 5356335, 0, 0, 0
32200, 6343411, 0, 0, 0
32300, 5215663, 0, 0, 0
32400, 4858459, 0, 0, 0
32500, 5058949, 0, 0, 0
32600, 5498798, 0, 0, 0
32700, 5263231, 0, 0, 0
32800, 5138858, 0, 0, 0
32900, 7194688, 0, 0, 0
33000, 7027364, 0, 0, 0
33100, 8170965, 0, 0, 0
33200, 5781777, 0, 0, 0
33300, 6616513, 0, 0, 0
33400, 4689524, 0, 0, 0
33500, 7451807, 0, 0, 0
33600, 5321169, 0, 0, 0
33700, 5716498, 0, 0, 0
33800, 5538770, 0, 0, 0
33900, 5576199, 0, 0, 0
34000, 6960714, 0, 0, 0
34100, 5624650, 0, 0, 0
34200, 4850728, 0, 0, 0
34300, 5587166, 0, 0, 0
34400, 6943477, 0, 0, 0
34500, 4728228, 0, 0, 0
34600, 5882177, 0, 0, 0
34700, 4316397, 0, 0, 0
34800, 5565901, 0, 0, 0
34900, 4952095, 0, 0, 0
35000, 5556204, 0, 0, 0
35100, 6284643, 0, 0, 0
35200, 4533087, 0, 0, 0
35300, 4907137, 0, 0, 0
35400, 4785500, 0, 0, 0
35500, 4808632, 0, 0, 0
35600, 4817315, 0, 0, 0
35700, 4543928, 0, 0, 0
35800, 5275840, 0, 0, 0
35900, 5399930, 0, 0, 0
36000, 4278505, 0, 0, 0
36100, 4199905, 0, 0, 0
36200, 6071866, 0, 0, 0
36300, 5084229, 0, 0, 0
36400, 5879268, 0, 0, 0
36501, 4038559, 0, 0, 0
36600, 4731281, 0, 0, 0
36700, 5270293, 0, 0, 0
36800, 4020056, 0, 0, 0
36901, 6679326, 0, 0, 0
37000, 5795250, 0, 0, 0
37100, 4652750, 0, 0, 0
37200, 5980080, 0, 0, 0
37300, 4371985, 0, 0, 0
37400, 7284979, 0, 0, 0
37500, 7253305, 0, 0, 0
37600, 6077543, 0, 0, 0
37700, 5738924, 0, 0, 0
37800, 6771472, 0, 0, 0
37900, 4744540, 0, 0, 0
38000, 5241056, 0, 0, 0
38100, 6138583, 0, 0, 0
38200, 5979012, 0, 0, 0
38300, 5780318, 0, 0, 0
38400, 5822415, 0, 0, 0
38500, 5715939, 0, 0, 0
38600, 5350990, 0, 0, 0
38700, 5993736, 0, 0, 0
38800, 6722048, 0, 0, 0
38900, 6324658, 0, 0, 0
39000, 6090500, 0, 0, 0
39100, 5415743, 0, 0, 0
39200, 5357934, 0, 0, 0
39300, 5330187, 0, 0, 0
39401, 6807667, 0, 0, 0
39500, 7236142, 0, 0, 0
39600, 5662455, 0, 0, 0
39700, 4992863, 0, 0, 0
39800, 7848197, 0, 0, 0
39900, 7345866, 0, 0, 0
40000, 8827072, 0, 0, 0
40100, 6638497, 0, 0, 0
40200, 5282831, 0, 0, 0
40300, 6967524, 0, 0, 0
40400, 6012534, 0, 0, 0
40500, 4809990, 0, 0, 0
40600, 5031293, 0, 0, 0
40700, 4778404, 0, 0, 0
40800, 6266079, 0, 0, 0
40900, 5891401, 0, 0, 0
41001, 5518872, 0, 0, 0
41100, 5124054, 0, 0, 0
41201, 6455203, 0, 0, 0
41300, 6935362, 0, 0, 0
41400, 5804753, 0, 0, 0
41500, 6396727, 0, 0, 0
41600, 4957073, 0, 0, 0
41700, 4984954, 0, 0, 0
41801, 7166876, 0, 0, 0
41900, 6977284, 0, 0, 0
42000, 6209157, 0, 0, 0
42100, 6591013, 0, 0, 0
42200, 5651347, 0, 0, 0
42300, 5903802, 0, 0, 0
42400, 5958058, 0, 0, 0
42500, 5405053, 0, 0, 0
42600, 6504362, 0, 0, 0
42700, 4506004, 0, 0, 0
42800, 5778658, 0, 0, 0
42900, 6322974, 0, 0, 0
43000, 5581248, 0, 0, 0
43100, 5558836, 0, 0, 0
43200, 4949201, 0, 0, 0
43300, 4758623, 0, 0, 0
43400, 4756446, 0, 0, 0
43500, 5666808, 0, 0, 0
43600, 5118194, 0, 0, 0
43700, 5180165, 0, 0, 0
43800, 5438058, 0, 0, 0
43900, 4351674, 0, 0, 0
44000, 4557573, 0, 0, 0
44100, 4297752, 0, 0, 0
44200, 5047730, 0, 0, 0
44300, 4311920, 0, 0, 0
44400, 6925466, 0, 0, 0
44500, 5008982, 0, 0, 0
44600, 5039600, 0, 0, 0
44700, 4884985, 0, 0, 0
44800, 6155536, 0, 0, 0
44900, 4859210, 0, 0, 0
45001, 5818482, 0, 0, 0
45100, 6494164, 0, 0, 0
45200, 6484459, 0, 0, 0
45300, 5812020, 0, 0, 0
45400, 6329605, 0, 0, 0
45500, 5510891, 0, 0, 0
45600, 5618225, 0, 0, 0
45700, 5978400, 0, 0, 0
45800, 6217787, 0, 0, 0
45900, 4818785, 0, 0, 0
46000, 5813585, 0, 0, 0
46100, 5819797, 0, 0, 0
46200, 5973732, 0, 0, 0
46300, 5687280, 0, 0, 0
46400, 6151553, 0, 0, 0
46500, 5236541, 0, 0, 0
46601, 4130648, 0, 0, 0
46700, 5408846, 0, 0, 0
46800, 4769157, 0, 0, 0
46900, 5018953, 0, 0, 0
47000, 5853113, 0, 0, 0
47100, 6314539, 0, 0, 0
47200, 5658809, 0, 0, 0
47300, 6625533, 0, 0, 0
47400, 5707572, 0, 0, 0
47500, 5125999, 0, 0, 0
47600, 6113044, 0, 0, 0
47700, 4162314, 0, 0, 0
47800, 4337562, 0, 0, 0
47900, 5209425, 0, 0, 0
48000, 5591683, 0, 0, 0
48100, 6016580, 0, 0, 0
48200, 4715326, 0, 0, 0
48300, 5125452, 0, 0, 0
48400, 5981711, 0, 0, 0
48500, 5711419, 0, 0, 0
48600, 4466670, 0, 0, 0
48700, 5006083, 0, 0, 0
48800, 5528600, 0, 0, 0
48901, 6635787, 0, 0, 0
49000, 5535426, 0, 0, 0
49100, 5326956, 0, 0, 0
49200, 6579850, 0, 0, 0
49300, 6196301, 0, 0, 0
49400, 5059024, 0, 0, 0
49500, 5150029, 0, 0, 0
49600, 6800581, 0, 0, 0
49700, 4333201, 0, 0, 0
49800, 4289050, 0, 0, 0
49900, 6080264, 0, 0, 0
50000, 5414225, 0, 0, 0
50100, 4688880, 0, 0, 0
50200, 5799236, 0, 0, 0
50300, 4576192, 0, 0, 0
50400, 4553909, 0, 0, 0
50500, 4722994, 0, 0, 0
50600, 4771777, 0, 0, 0
50700, 5334374, 0, 0, 0
50800, 4977595, 0, 0, 0
50900, 5105092, 0, 0, 0
51000, 4579995, 0, 0, 0
51100, 4559397, 0, 0, 0
51200, 4061304, 0, 0, 0
51300, 6018394, 0, 0, 0
51400, 5694249, 0, 0, 0
51500, 5745413, 0, 0, 0
51600, 5311447, 0, 0, 0
51700, 5726583, 0, 0, 0
51800, 5745236, 0, 0, 0
51900, 5268327, 0, 0, 0
52000, 5288016, 0, 0, 0
52100, 6972797, 0, 0, 0
52200, 5531509, 0, 0, 0
52300, 5721606, 0, 0, 0
52400, 5671041, 0, 0, 0
52500, 5831287, 0, 0, 0
52600, 6590794, 0, 0, 0
52700, 6396787, 0, 0, 0
52800, 4007226, 0, 0, 0
52900, 5367612, 0, 0, 0
53000, 5056990, 0, 0, 0
53100, 5389969, 0, 0, 0
53200, 6306058, 0, 0, 0
53300, 4701025, 0, 0, 0
53400, 5630000, 0, 0, 0
53500, 4798716, 0, 0, 0
53600, 6028464, 0, 0, 0
53700, 4814985, 0, 0, 0
53800, 5126337, 0, 0, 0
53900, 6647251, 0, 0, 0
54000, 5783213, 0, 0, 0
54100, 5863711, 0, 0, 0
54200, 6097541, 0, 0, 0
54300, 6274226, 0, 0, 0
54401, 5725494, 0, 0, 0
54500, 6427501, 0, 0, 0
54600, 5570864, 0, 0, 0
54700, 5988705, 0, 0, 0
54800, 6124350, 0, 0, 0
54900, 4859858, 0, 0, 0
55000, 6383264, 0, 0, 0
55100, 7210545, 0, 0, 0
55200, 5791874, 0, 0, 0
55300, 5948259, 0, 0, 0
55400, 5287961, 0, 0, 0
55500, 5193215, 0, 0, 0
55600, 5246554, 0, 0, 0
55700, 6303383, 0, 0, 0
55800, 4442031, 0, 0, 0
55900, 6352148, 0, 0, 0
56000, 6392574, 0, 0, 0
56100, 5329673, 0, 0, 0
56200, 6241064, 0, 0, 0
56300, 5628524, 0, 0, 0
56400, 5398757, 0, 0, 0
56500, 5652239, 0, 0, 0
56600, 3305416, 0, 0, 0
56700, 5192447, 0, 0, 0
56800, 6189890, 0, 0, 0
56900, 5385598, 0, 0, 0
57000, 5617626, 0, 0, 0
57100, 5518168, 0, 0, 0
57200, 4736003, 0, 0, 0
57300, 6111560, 0, 0, 0
57400, 5562008, 0, 0, 0
57500, 6745707, 0, 0, 0
57600, 5416618, 0, 0, 0
57700, 5693966, 0, 0, 0
57800, 5923239, 0, 0, 0
57900, 5523500, 0, 0, 0
58000, 5469212, 0, 0, 0
58100, 5633310, 0, 0, 0
58200, 6986976, 0, 0, 0
58300, 6694641, 0, 0, 0
58400, 5207515, 0, 0, 0
58500, 6888213, 0, 0, 0
58600, 7044355, 0, 0, 0
58700, 5256155, 0, 0, 0
58800, 4679448, 0, 0, 0
58900, 5920713, 0, 0, 0
59000, 4980903, 0, 0, 0
59100, 5745276, 0, 0, 0
59200, 6664310, 0, 0, 0
59300, 4456169, 0, 0, 0
59400, 4917657, 0, 0, 0
59500, 6115223, 0, 0, 0
59600, 4982759, 0, 0, 0
59700, 4903479, 0, 0, 0
59800, 4952366, 0, 0, 0
59900, 6183623, 0, 0, 0
60000, 5588986, 0, 0, 0
60100, 6091373, 0, 0, 0
60200, 4790353, 0, 0, 0
60300, 4826931, 0, 0, 0
60400, 6623850, 0, 0, 0
60500, 5827724, 0, 0, 0
60600, 5148763, 0, 0, 0
60700, 5703427, 0, 0, 0
60800, 5737551, 0, 0, 0
60900, 6064134, 0, 0, 0
61000, 5453254, 0, 0, 0
61100, 5275385, 0, 0, 0
61200, 6023800, 0, 0, 0
61300, 6822704, 0, 0, 0
61401, 5307002, 0, 0, 0
61500, 6854720, 0, 0, 0
61600, 4983720, 0, 0, 0
61700, 5520669, 0, 0, 0
61800, 5960862, 0, 0, 0
61900, 4383528, 0, 0, 0
62000, 6279601, 0, 0, 0
62100, 4715930, 0, 0, 0
62200, 5879687, 0, 0, 0
62300, 4198818, 0, 0, 0
62400, 4746688, 0, 0, 0
62500, 6521368, 0, 0, 0
62600, 5258428, 0, 0, 0
62700, 4616410, 0, 0, 0
62800, 5181429, 0, 0, 0
62900, 6475526, 0, 0, 0
63000, 5817398, 0, 0, 0
63100, 4288579, 0, 0, 0
63200, 5479801, 0, 0, 0
63300, 4355735, 0, 0, 0
63400, 6605048, 0, 0, 0
63500, 5273568, 0, 0, 0
63600, 6560823, 0, 0, 0
63700, 4724032, 0, 0, 0
63800, 4795620, 0, 0, 0
63900, 6844613, 0, 0, 0
64000, 4764383, 0, 0, 0
64100, 5270992, 0, 0, 0
64200, 6471301, 0, 0, 0
64300, 5705233, 0, 0, 0
64400, 5511323, 0, 0, 0
64500, 4568003, 0, 0, 0
64600, 5700647, 0, 0, 0
64700, 5251139, 0, 0, 0
64800, 4854203, 0, 0, 0
64900, 4699405, 0, 0, 0
65000, 5775558, 0, 0, 0
65100, 6075423, 0, 0, 0
65200, 7439412, 0, 0, 0
65300, 4671276, 0, 0, 0
65400, 5315647, 0, 0, 0
65500, 4738353, 0, 0, 0
65600, 5078218, 0, 0, 0
65700, 4627622, 0, 0, 0
65800, 6852326, 0, 0, 0
65900, 6641211, 0, 0, 0
66000, 5924939, 0, 0, 0
66100, 4447889, 0, 0, 0
66200, 5373397, 0, 0, 0
66300, 4574240, 0, 0, 0
66400, 4606227, 0, 0, 0
66500, 6117370, 0, 0, 0
66600, 5384021, 0, 0, 0
66700, 5765220, 0, 0, 0
66801, 6744854, 0, 0, 0
66900, 4936275, 0, 0, 0
67000, 5460019, 0, 0, 0
67100, 5611053, 0, 0, 0
67200, 5729751, 0, 0, 0
67300, 5915795, 0, 0, 0
67400, 5387150, 0, 0, 0
67500, 4917873, 0, 0, 0
67600, 6786249, 0, 0, 0
67700, 5202544, 0, 0, 0
67800, 5272752, 0, 0, 0
67900, 5916952, 0, 0, 0
68000, 5504063, 0, 0, 0
68100, 7268345, 0, 0, 0
68200, 5382471, 0, 0, 0
68300, 5659489, 0, 0, 0
68400, 5992541, 0, 0, 0
68500, 6136252, 0, 0, 0
68600, 6207660, 0, 0, 0
68700, 6404187, 0, 0, 0
68800, 6647328, 0, 0, 0
68900, 5848659, 0, 0, 0
69000, 5963762, 0, 0, 0
69100, 5479013, 0, 0, 0
69200, 5621516, 0, 0, 0
69300, 4785905, 0, 0, 0
69400, 5632760, 0, 0, 0
69501, 5790783, 0, 0, 0
69600, 5548687, 0, 0, 0
69700, 5730955, 0, 0, 0
69800, 5564424, 0, 0, 0
69900, 5015785, 0, 0, 0
70000, 7007343, 0, 0, 0
70100, 5489466, 0, 0, 0
70200, 5468951, 0, 0, 0
70300, 5302372, 0, 0, 0
70400, 5224238, 0, 0, 0
70500, 4937693, 0, 0, 0
70601, 5989326, 0, 0, 0
70700, 5543165, 0, 0, 0
70801, 7052700, 0, 0, 0
70901, 4900531, 0, 0, 0
71000, 5283878, 0, 0, 0
71100, 4928962, 0, 0, 0
71200, 4885523, 0, 0, 0
71300, 5694602, 0, 0, 0
71400, 6281893, 0, 0, 0
71500, 5915626, 0, 0, 0
71600, 5702336, 0, 0, 0
71700, 5475251, 0, 0, 0
71800, 6283348, 0, 0, 0
71900, 5620773, 0, 0, 0
72000, 5096097, 0, 0, 0
72100, 5406372, 0, 0, 0
72200, 5446778, 0, 0, 0
72300, 4830706, 0, 0, 0
72400, 5474252, 0, 0, 0
72500, 5216728, 0, 0, 0
72600, 5238281, 0, 0, 0
72700, 4914018, 0, 0, 0
72800, 6570122, 0, 0, 0
72900, 6154019, 0, 0, 0
73000, 5144617, 0, 0, 0
73100, 5329416, 0, 0, 0
73200, 5516324, 0, 0, 0
73300, 6084560, 0, 0, 0
73400, 5544082, 0, 0, 0
73500, 5907546, 0, 0, 0
73600, 4951637, 0, 0, 0
73700, 5502288, 0, 0, 0
73800, 5944717, 0, 0, 0
73900, 6349825, 0, 0, 0
74000, 5998720, 0, 0, 0
74100, 5388334, 0, 0, 0
74200, 5535789, 0, 0, 0
74300, 5966770, 0, 0, 0
74400, 5710452, 0, 0, 0
74500, 5456218, 0, 0, 0
74601, 5844098, 0, 0, 0
74700, 6153031, 0, 0, 0
74800, 6325912, 0, 0, 0
74900, 6310962, 0, 0, 0
75000, 5363534, 0, 0, 0
75100, 5611599, 0, 0, 0
75200, 5307409, 0, 0, 0
75300, 5072447, 0, 0, 0
75400, 5982853, 0, 0, 0
75500, 5324441, 0, 0, 0
75600, 5880508, 0, 0, 0
75700, 5742626, 0, 0, 0
75800, 5823581, 0, 0, 0
75900, 4661059, 0, 0, 0
76001, 4934177, 0, 0, 0
76100, 5713394, 0, 0, 0
76200, 7033410, 0, 0, 0
76300, 5270798, 0, 0, 0
76400, 4911503, 0, 0, 0
76500, 5292692, 0, 0, 0
76600, 5999502, 0, 0, 0
76700, 5976222, 0, 0, 0
76800, 5758379, 0, 0, 0
76900, 6136857, 0, 0, 0
77000, 5913056, 0, 0, 0
77100, 5185109, 0, 0, 0
77200, 5620928, 0, 0, 0
77300, 5368004, 0, 0, 0
77400, 4318631, 0, 0, 0
77500, 4983476, 0, 0, 0
77600, 6358855, 0, 0, 0
77700, 5710471, 0, 0, 0
77800, 5858137, 0, 0, 0
77900, 5427360, 0, 0, 0
78000, 4918199, 0, 0, 0
78100, 5677793, 0, 0, 0
78200, 5095942, 0, 0, 0
78300, 5297843, 0, 0, 0
78400, 4465143, 0, 0, 0
78500, 5047314, 0, 0, 0
78600, 5719642, 0, 0, 0
78700, 6182002, 0, 0, 0
78800, 5568500, 0, 0, 0
78900, 5602385, 0, 0, 0
79000, 4688012, 0, 0, 0
79100, 6796499, 0, 0, 0
79200, 5944040, 0, 0, 0
79300, 6465135, 0, 0, 0
79400, 4282654, 0, 0, 0
79500, 6280819, 0, 0, 0
79600, 5924440, 0, 0, 0
79700, 4748386, 0, 0, 0
79800, 7980079, 0, 0, 0
79900, 7473208, 0, 0, 0
80000, 5811313, 0, 0, 0
80100, 5239896, 0, 0, 0
80200, 5347298, 0, 0, 0
80300, 5082554, 0, 0, 0
80400, 5180549, 0, 0, 0
80500, 4880948, 0, 0, 0
80600, 6058340, 0, 0, 0
80700, 5643469, 0, 0, 0
80800, 6250667, 0, 0, 0
80900, 6197954, 0, 0, 0
81000, 5360771, 0, 0, 0
81100, 4970537, 0, 0, 0
81201, 6697908, 0, 0, 0
81300, 5972957, 0, 0, 0
81400, 5178954, 0, 0, 0
81500, 5483007, 0, 0, 0
81600, 5016417, 0, 0, 0
81700, 5616243, 0, 0, 0
81800, 5735526, 0, 0, 0
81900, 5272147, 0, 0, 0
82000, 6718195, 0, 0, 0
82100, 5692815, 0, 0, 0
82200, 5412505, 0, 0, 0
82300, 4003595, 0, 0, 0
82400, 6595196, 0, 0, 0
82500, 5710239, 0, 0, 0
82600, 5564006, 0, 0, 0
82700, 4743858, 0, 0, 0
82801, 5354191, 0, 0, 0
82900, 5218822, 0, 0, 0
83000, 5330263, 0, 0, 0
83100, 5346570, 0, 0, 0
83200, 5475114, 0, 0, 0
83300, 5244724, 0, 0, 0
83400, 4696181, 0, 0, 0
83500, 4751834, 0, 0, 0
83600, 6422896, 0, 0, 0
83700, 5690459, 0, 0, 0
83800, 4978603, 0, 0, 0
83900, 5804425, 0, 0, 0
84000, 5627339, 0, 0, 0
84100, 5415550, 0, 0, 0
84200, 5278470, 0, 0, 0
84300, 5775645, 0, 0, 0
84400, 5701867, 0, 0, 0
84500, 5300077, 0, 0, 0
84600, 5634439, 0, 0, 0
84700, 5869539, 0, 0, 0
84800, 6687949, 0, 0, 0
84900, 6138462, 0, 0, 0
85000, 5367680, 0, 0, 0
85100, 6366904, 0, 0, 0
85200, 4623752, 0, 0, 0
85300, 6825880, 0, 0, 0
85400, 5636482, 0, 0, 0
85500, 6434018, 0, 0, 0
85600, 5343172, 0, 0, 0
85700, 5974201, 0, 0, 0
85800, 5040181, 0, 0, 0
85900, 4699328, 0, 0, 0
86000, 6086517, 0, 0, 0
86100, 6321859, 0, 0, 0
86200, 5217838, 0, 0, 0
86300, 4969958, 0, 0, 0
86400, 5398442, 0, 0, 0
86500, 5259240, 0, 0, 0
86601, 6271377, 0, 0, 0
86700, 5917367, 0, 0, 0
86800, 6091484, 0, 0, 0
86900, 4305705, 0, 0, 0
87001, 5257397, 0, 0, 0
87100, 6112698, 0, 0, 0
87200, 5291725, 0, 0, 0
87300, 5066546, 0, 0, 0
87400, 5602046, 0, 0, 0
87500, 6089339, 0, 0, 0
87600, 6857659, 0, 0, 0
87700, 5520337, 0, 0, 0
87800, 6294779, 0, 0, 0
87900, 5609010, 0, 0, 0
88000, 5838645, 0, 0, 0
88100, 5381992, 0, 0, 0
88200, 4179731, 0, 0, 0
88300, 5407872, 0, 0, 0
88401, 5970586, 0, 0, 0
88501, 6420271, 0, 0, 0
88600, 5740285, 0, 0, 0
88700, 6028868, 0, 0, 0
88800, 5121915, 0, 0, 0
88900, 6064288, 0, 0, 0
89000, 5849533, 0, 0, 0
89100, 4727399, 0, 0, 0
89200, 5680389, 0, 0, 0
89300, 3854429, 0, 0, 0
89400, 5472326, 0, 0, 0
89500, 4251883, 0, 0, 0
89600, 5004006, 0, 0, 0
89700, 5927516, 0, 0, 0
89800, 4468157, 0, 0, 0
89900, 5831237, 0, 0, 0
90000, 4542776, 0, 0, 0
90031, 52071551, 0, 0, 0
