102, 11751434, 0, 0, 0
203, 12646736, 0, 0, 0
306, 11575108, 0, 0, 0
403, 12731496, 0, 0, 0
502, 10457010, 0, 0, 0
608, 16685771, 0, 0, 0
701, 12396374, 0, 0, 0
802, 12348656, 0, 0, 0
902, 12070460, 0, 0, 0
1000, 14855123, 0, 0, 0
1101, 9845024, 0, 0, 0
1206, 11340385, 0, 0, 0
1303, 15292071, 0, 0, 0
1401, 11513146, 0, 0, 0
1501, 10748955, 0, 0, 0
1605, 12158226, 0, 0, 0
1702, 11820900, 0, 0, 0
1803, 10547524, 0, 0, 0
1906, 11993862, 0, 0, 0
2000, 10997409, 0, 0, 0
2105, 10404841, 0, 0, 0
2201, 17580591, 0, 0, 0
2314, 9076379, 0, 0, 0
2401, 12849807, 0, 0, 0
2501, 8467166, 0, 0, 0
2603, 13071264, 0, 0, 0
2701, 10276515, 0, 0, 0
2800, 9240265, 0, 0, 0
2914, 10036858, 0, 0, 0
3005, 14752077, 0, 0, 0
3107, 12190506, 0, 0, 0
3201, 12913737, 0, 0, 0
3300, 12789093, 0, 0, 0
3401, 10355522, 0, 0, 0
3501, 13289026, 0, 0, 0
3600, 12429906, 0, 0, 0
3702, 10728815, 0, 0, 0
3806, 12484463, 0, 0, 0
3901, 13201825, 0, 0, 0
4002, 12124281, 0, 0, 0
4101, 12140011, 0, 0, 0
4201, 12979633, 0, 0, 0
4305, 11350103, 0, 0, 0
4403, 15508995, 0, 0, 0
4501, 15185531, 0, 0, 0
4603, 10483839, 0, 0, 0
4705, 9445220, 0, 0, 0
4800, 12708329, 0, 0, 0
4901, 8800080, 0, 0, 0
5000, 9739571, 0, 0, 0
5103, 10294980, 0, 0, 0
5201, 12272998, 0, 0, 0
5302, 13433645, 0, 0, 0
5400, 10914203, 0, 0, 0
5503, 11135294, 0, 0, 0
5603, 11786927, 0, 0, 0
5706, 11168363, 0, 0, 0
5801, 13055164, 0, 0, 0
5902, 10225760, 0, 0, 0
6006, 16211193, 0, 0, 0
6102, 9974565, 0, 0, 0
6200, 10280305, 0, 0, 0
6300, 9607692, 0, 0, 0
6412, 9214210, 0, 0, 0
6505, 13305688, 0, 0, 0
6601, 14235584, 0, 0, 0
6703, 10800477, 0, 0, 0
6801, 12111365, 0, 0, 0
6901, 13867077, 0, 0, 0
7006, 10962818, 0, 0, 0
7100, 13916613, 0, 0, 0
7201, 10204256, 0, 0, 0
7304, 11183161, 0, 0, 0
7402, 9265542, 0, 0, 0
7500, 13427017, 0, 0, 0
7604, 9840916, 0, 0, 0
7711, 9458019, 0, 0, 0
7800, 10641009, 0, 0, 0
7904, 10841094, 0, 0, 0
8008, 15010117, 0, 0, 0
8101, 11400391, 0, 0, 0
8207, 13230648, 0, 0, 0
8301, 12261895, 0, 0, 0
8403, 9139428, 0, 0, 0
8500, 13436430, 0, 0, 0
8604, 9617735, 0, 0, 0
8701, 17551387, 0, 0, 0
8801, 9837462, 0, 0, 0
8909, 10060404, 0, 0, 0
9013, 12365153, 0, 0, 0
9101, 11375905, 0, 0, 0
9204, 8413379, 0, 0, 0
9302, 12918231, 0, 0, 0
9403, 10485424, 0, 0, 0
9501, 10491262, 0, 0, 0
9600, 12676990, 0, 0, 0
9707, 11429726, 0, 0, 0
9800, 12180476, 0, 0, 0
9914, 8991859, 0, 0, 0
10004, 12025045, 0, 0, 0
10101, 10574265, 0, 0, 0
10201, 11968356, 0, 0, 0
10307, 11713898, 0, 0, 0
10400, 9284448, 0, 0, 0
10502, 10158370, 0, 0, 0
10602, 14598564, 0, 0, 0
10711, 13993322, 0, 0, 0
10805, 15387432, 0, 0, 0
10901, 11854996, 0, 0, 0
11000, 9681601, 0, 0, 0
11100, 10972542, 0, 0, 0
11201, 11978040, 0, 0, 0
11304, 14082456, 0, 0, 0
11405, 12107353, 0, 0, 0
11507, 11399137, 0, 0, 0
11601, 11206548, 0, 0, 0
11709, 15335625, 0, 0, 0
11801, 12312505, 0, 0, 0
11900, 11690461, 0, 0, 0
12001, 12268128, 0, 0, 0
12102, 7828170, 0, 0, 0
12202, 15530751, 0, 0, 0
12300, 13376330, 0, 0, 0
12403, 13112341, 0, 0, 0
12503, 12243667, 0, 0, 0
12608, 11510552, 0, 0, 0
12712, 11723765, 0, 0, 0
12802, 10084496, 0, 0, 0
12901, 10236311, 0, 0, 0
13001, 11660469, 0, 0, 0
13101, 14605442, 0, 0, 0
13201, 12135700, 0, 0, 0
13308, 11389884, 0, 0, 0
13405, 14936194, 0, 0, 0
13500, 16615936, 0, 0, 0
13605, 14251571, 0, 0, 0
13700, 11106468, 0, 0, 0
13803, 12107271, 0, 0, 0
13908, 10675433, 0, 0, 0
14007, 14762773, 0, 0, 0
14105, 11831860, 0, 0, 0
14200, 11998918, 0, 0, 0
14301, 11130154, 0, 0, 0
14403, 12954418, 0, 0, 0
14500, 13551607, 0, 0, 0
14601, 13365459, 0, 0, 0
14701, 13900742, 0, 0, 0
14800, 11613320, 0, 0, 0
14910, 11344939, 0, 0, 0
15004, 13712868, 0, 0, 0
15100, 10221351, 0, 0, 0
15203, 9867626, 0, 0, 0
15301, 19521041, 0, 0, 0
15402, 15094780, 0, 0, 0
15507, 16721679, 0, 0, 0
15605, 14896817, 0, 0, 0
15701, 12616674, 0, 0, 0
15800, 10021123, 0, 0, 0
15901, 11670880, 0, 0, 0
16004, 10271952, 0, 0, 0
16106, 11871485, 0, 0, 0
16201, 12817111, 0, 0, 0
16311, 10911179, 0, 0, 0
16400, 11551206, 0, 0, 0
16504, 11790520, 0, 0, 0
16602, 14007381, 0, 0, 0
16701, 12304204, 0, 0, 0
16803, 10585921, 0, 0, 0
16906, 11649664, 0, 0, 0
17000, 11567785, 0, 0, 0
17103, 11339134, 0, 0, 0
17200, 11624725, 0, 0, 0
17300, 12200016, 0, 0, 0
17402, 14238863, 0, 0, 0
17506, 11344053, 0, 0, 0
17603, 12503654, 0, 0, 0
17704, 9848963, 0, 0, 0
17800, 12220699, 0, 0, 0
17903, 10002530, 0, 0, 0
18005, 12051797, 0, 0, 0
18104, 11205337, 0, 0, 0
18206, 14826121, 0, 0, 0
18307, 13237871, 0, 0, 0
18401, 14356300, 0, 0, 0
18501, 11941243, 0, 0, 0
18605, 12333537, 0, 0, 0
18702, 14068900, 0, 0, 0
18805, 11608280, 0, 0, 0
18900, 12134038, 0, 0, 0
19002, 13174667, 0, 0, 0
19103, 11869020, 0, 0, 0
19205, 13643551, 0, 0, 0
19303, 10956961, 0, 0, 0
19400, 14012182, 0, 0, 0
19505, 11378810, 0, 0, 0
19600, 14326855, 0, 0, 0
19702, 11347533, 0, 0, 0
19802, 10844373, 0, 0, 0
19910, 11688376, 0, 0, 0
20005, 12586968, 0, 0, 0
20100, 9317107, 0, 0, 0
20205, 14196532, 0, 0, 0
20300, 13446804, 0, 0, 0
20401, 9512327, 0, 0, 0
20502, 14292718, 0, 0, 0
20600, 11572217, 0, 0, 0
20700, 9607290, 0, 0, 0
20802, 10009478, 0, 0, 0
20904, 10575194, 0, 0, 0
21001, 12144080, 0, 0, 0
21104, 11937727, 0, 0, 0
21208, 13122885, 0, 0, 0
21300, 12136855, 0, 0, 0
21403, 12959231, 0, 0, 0
21503, 10175002, 0, 0, 0
21601, 9065366, 0, 0, 0
21701, 11630583, 0, 0, 0
21801, 9040826, 0, 0, 0
21901, 12568910, 0, 0, 0
22003, 13935102, 0, 0, 0
22107, 12291647, 0, 0, 0
22200, 11923044, 0, 0, 0
22300, 13370236, 0, 0, 0
22401, 11423188, 0, 0, 0
22509, 12887174, 0, 0, 0
22614, 11897021, 0, 0, 0
22700, 9522514, 0, 0, 0
22801, 14770581, 0, 0, 0
22902, 12829351, 0, 0, 0
23001, 11053277, 0, 0, 0
23103, 10674228, 0, 0, 0
23204, 12313320, 0, 0, 0
23305, 14055219, 0, 0, 0
23403, 11928526, 0, 0, 0
23500, 11653072, 0, 0, 0
23601, 10085417, 0, 0, 0
23701, 11815802, 0, 0, 0
23807, 17796823, 0, 0, 0
23900, 11821542, 0, 0, 0
24002, 10963748, 0, 0, 0
24101, 11992455, 0, 0, 0
24203, 11501027, 0, 0, 0
24301, 12609234, 0, 0, 0
24400, 10595077, 0, 0, 0
24501, 12363709, 0, 0, 0
24601, 10074089, 0, 0, 0
24705, 9468689, 0, 0, 0
24802, 11772860, 0, 0, 0
24904, 16227365, 0, 0, 0
25000, 8854490, 0, 0, 0
25105, 12211827, 0, 0, 0
25204, 9318595, 0, 0, 0
25309, 12381314, 0, 0, 0
25402, 9955880, 0, 0, 0
25502, 10749382, 0, 0, 0
25600, 10700535, 0, 0, 0
25710, 12958834, 0, 0, 0
25801, 11374887, 0, 0, 0
25900, 12704207, 0, 0, 0
26000, 11289508, 0, 0, 0
26102, 15121385, 0, 0, 0
26202, 13475170, 0, 0, 0
26305, 12232649, 0, 0, 0
26407, 11047259, 0, 0, 0
26507, 10126334, 0, 0, 0
26604, 11383381, 0, 0, 0
26703, 10903202, 0, 0, 0
26801, 9027239, 0, 0, 0
26903, 13473254, 0, 0, 0
27004, 10283783, 0, 0, 0
27109, 11167830, 0, 0, 0
27202, 11762767, 0, 0, 0
27308, 10765922, 0, 0, 0
27401, 10800766, 0, 0, 0
27502, 11108687, 0, 0, 0
27600, 12505157, 0, 0, 0
27702, 12136178, 0, 0, 0
27803, 11285013, 0, 0, 0
27902, 11152811, 0, 0, 0
28007, 13021467, 0, 0, 0
28100, 10307646, 0, 0, 0
28201, 11091816, 0, 0, 0
28300, 9526056, 0, 0, 0
28402, 9636210, 0, 0, 0
28500, 10752398, 0, 0, 0
28600, 12933648, 0, 0, 0
28700, 10985036, 0, 0, 0
28801, 12660684, 0, 0, 0
28900, 14752703, 0, 0, 0
29000, 12446537, 0, 0, 0
29104, 9173953, 0, 0, 0
29204, 10683666, 0, 0, 0
29301, 11556616, 0, 0, 0
29400, 11185567, 0, 0, 0
29502, 14508409, 0, 0, 0
29601, 9862042, 0, 0, 0
29711, 12598009, 0, 0, 0
29801, 11171173, 0, 0, 0
29906, 11550608, 0, 0, 0
30000, 10468584, 0, 0, 0
30105, 14195373, 0, 0, 0
30204, 11030774, 0, 0, 0
30305, 10402038, 0, 0, 0
30400, 12892665, 0, 0, 0
30502, 12944956, 0, 0, 0
30601, 13057170, 0, 0, 0
30701, 13202076, 0, 0, 0
30805, 10310343, 0, 0, 0
30908, 14156831, 0, 0, 0
31004, 13832422, 0, 0, 0
31100, 12545983, 0, 0, 0
31206, 13544795, 0, 0, 0
31300, 9782158, 0, 0, 0
31401, 8986079, 0, 0, 0
31501, 11087442, 0, 0, 0
31602, 12533983, 0, 0, 0
31705, 16772674, 0, 0, 0
31800, 10787391, 0, 0, 0
31901, 11057289, 0, 0, 0
32001, 10961340, 0, 0, 0
32100, 11078406, 0, 0, 0
32210, 12766534, 0, 0, 0
32300, 11348446, 0, 0, 0
32403, 10405356, 0, 0, 0
32502, 12612745, 0, 0, 0
32603, 12034418, 0, 0, 0
32700, 10877068, 0, 0, 0
32807, 13131074, 0, 0, 0
32902, 11572942, 0, 0, 0
33005, 11444053, 0, 0, 0
33102, 12004930, 0, 0, 0
33205, 8796142, 0, 0, 0
33301, 10234365, 0, 0, 0
33404, 11063072, 0, 0, 0
33501, 11239605, 0, 0, 0
33603, 12054138, 0, 0, 0
33700, 11299429, 0, 0, 0
33802, 9416665, 0, 0, 0
33900, 12295228, 0, 0, 0
34007, 8829824, 0, 0, 0
34103, 15091362, 0, 0, 0
34202, 11461222, 0, 0, 0
34303, 11249143, 0, 0, 0
34409, 12566793, 0, 0, 0
34502, 15271294, 0, 0, 0
34601, 10225316, 0, 0, 0
34700, 8327704, 0, 0, 0
34808, 15667782, 0, 0, 0
34903, 12506345, 0, 0, 0
35004, 12558446, 0, 0, 0
35101, 10594774, 0, 0, 0
35204, 10980568, 0, 0, 0
35302, 12906568, 0, 0, 0
35401, 13524839, 0, 0, 0
35501, 10841483, 0, 0, 0
35600, 12001648, 0, 0, 0
35701, 14074386, 0, 0, 0
35802, 11553350, 0, 0, 0
35900, 9603435, 0, 0, 0
36004, 14642051, 0, 0, 0
36100, 13421679, 0, 0, 0
36200, 8574437, 0, 0, 0
36300, 11909860, 0, 0, 0
36401, 14754343, 0, 0, 0
36501, 13574793, 0, 0, 0
36600, 15455466, 0, 0, 0
36700, 12389224, 0, 0, 0
36802, 13944983, 0, 0, 0
36901, 10338351, 0, 0, 0
37005, 12691057, 0, 0, 0
37106, 12163735, 0, 0, 0
37203, 11687738, 0, 0, 0
37305, 16058086, 0, 0, 0
37403, 11179779, 0, 0, 0
37503, 11844724, 0, 0, 0
37601, 10518894, 0, 0, 0
37700, 10710228, 0, 0, 0
37802, 12981731, 0, 0, 0
37901, 10780269, 0, 0, 0
38001, 13215227, 0, 0, 0
38104, 12635549, 0, 0, 0
38203, 10395076, 0, 0, 0
38301, 11871548, 0, 0, 0
38402, 11711019, 0, 0, 0
38501, 8438510, 0, 0, 0
38600, 13409507, 0, 0, 0
38708, 11883112, 0, 0, 0
38801, 10311952, 0, 0, 0
38902, 9964985, 0, 0, 0
39002, 12605359, 0, 0, 0
39105, 10560155, 0, 0, 0
39200, 10645434, 0, 0, 0
39302, 12299795, 0, 0, 0
39401, 11892635, 0, 0, 0
39502, 11719719, 0, 0, 0
39608, 11141789, 0, 0, 0
39702, 10485265, 0, 0, 0
39801, 9109267, 0, 0, 0
39902, 11557237, 0, 0, 0
40004, 11630444, 0, 0, 0
40102, 9696565, 0, 0, 0
40200, 11408620, 0, 0, 0
40308, 10216331, 0, 0, 0
40401, 9710359, 0, 0, 0
40507, 10299585, 0, 0, 0
40606, 10561355, 0, 0, 0
40703, 11952749, 0, 0, 0
40800, 11699250, 0, 0, 0
40902, 9849062, 0, 0, 0
41010, 13771427, 0, 0, 0
41105, 14193472, 0, 0, 0
41203, 13710900, 0, 0, 0
41303, 12326531, 0, 0, 0
41403, 10137766, 0, 0, 0
41505, 11635743, 0, 0, 0
41600, 14596501, 0, 0, 0
41703, 12585348, 0, 0, 0
41802, 11816347, 0, 0, 0
41905, 11784381, 0, 0, 0
42005, 13477371, 0, 0, 0
42108, 13564399, 0, 0, 0
42201, 10353307, 0, 0, 0
42304, 12544234, 0, 0, 0
42406, 16151880, 0, 0, 0
42520, 10219867, 0, 0, 0
42603, 16293717, 0, 0, 0
42702, 11225742, 0, 0, 0
42807, 12971643, 0, 0, 0
42907, 13415127, 0, 0, 0
43000, 14254398, 0, 0, 0
43105, 9775186, 0, 0, 0
43207, 11282507, 0, 0, 0
43310, 13279729, 0, 0, 0
43410, 13766262, 0, 0, 0
43503, 12433175, 0, 0, 0
43603, 12271286, 0, 0, 0
43701, 13815936, 0, 0, 0
43801, 11883743, 0, 0, 0
43900, 9086653, 0, 0, 0
44000, 13709319, 0, 0, 0
44100, 9958226, 0, 0, 0
44210, 15928036, 0, 0, 0
44309, 12693807, 0, 0, 0
44407, 14246626, 0, 0, 0
44500, 10190536, 0, 0, 0
44600, 11078643, 0, 0, 0
44700, 12833382, 0, 0, 0
44802, 12352855, 0, 0, 0
44903, 13658667, 0, 0, 0
45000, 13364400, 0, 0, 0
45101, 13782608, 0, 0, 0
45204, 17419264, 0, 0, 0
45300, 13410351, 0, 0, 0
45402, 13198062, 0, 0, 0
45501, 8518906, 0, 0, 0
45601, 11929429, 0, 0, 0
45700, 12836729, 0, 0, 0
45806, 12508249, 0, 0, 0
45900, 13139575, 0, 0, 0
46005, 14619634, 0, 0, 0
46106, 10276094, 0, 0, 0
46204, 10878130, 0, 0, 0
46301, 11694472, 0, 0, 0
46404, 12338566, 0, 0, 0
46501, 13342342, 0, 0, 0
46601, 12565541, 0, 0, 0
46700, 10796739, 0, 0, 0
46801, 13342780, 0, 0, 0
46902, 13126949, 0, 0, 0
47000, 13259697, 0, 0, 0
47109, 13047694, 0, 0, 0
47208, 14151913, 0, 0, 0
47312, 13425117, 0, 0, 0
47408, 12861241, 0, 0, 0
47507, 16358048, 0, 0, 0
47600, 11973715, 0, 0, 0
47704, 7950179, 0, 0, 0
47801, 10424524, 0, 0, 0
47905, 9937268, 0, 0, 0
48001, 11657409, 0, 0, 0
48100, 9636330, 0, 0, 0
48209, 11393410, 0, 0, 0
48300, 10551354, 0, 0, 0
48401, 12267137, 0, 0, 0
48507, 12258078, 0, 0, 0
48601, 13606256, 0, 0, 0
48709, 12531004, 0, 0, 0
48807, 15858477, 0, 0, 0
48900, 13405782, 0, 0, 0
49003, 9714270, 0, 0, 0
49103, 11738740, 0, 0, 0
49201, 10889997, 0, 0, 0
49302, 11526874, 0, 0, 0
49400, 12502467, 0, 0, 0
49504, 9433749, 0, 0, 0
49602, 11731894, 0, 0, 0
49702, 13383148, 0, 0, 0
49802, 13422639, 0, 0, 0
49905, 12561870, 0, 0, 0
50002, 12717807, 0, 0, 0
50101, 11255041, 0, 0, 0
50206, 9070679, 0, 0, 0
50302, 12222285, 0, 0, 0
50401, 12313591, 0, 0, 0
50500, 12011368, 0, 0, 0
50603, 13193337, 0, 0, 0
50701, 11561565, 0, 0, 0
50813, 14199160, 0, 0, 0
50906, 12319309, 0, 0, 0
51000, 17895825, 0, 0, 0
51102, 12860014, 0, 0, 0
51203, 11044729, 0, 0, 0
51303, 13060505, 0, 0, 0
51403, 11137592, 0, 0, 0
51502, 12712927, 0, 0, 0
51603, 14661659, 0, 0, 0
51700, 13943205, 0, 0, 0
51809, 13299859, 0, 0, 0
51910, 13119610, 0, 0, 0
52005, 14636518, 0, 0, 0
52101, 12776173, 0, 0, 0
52201, 10644109, 0, 0, 0
52300, 13794040, 0, 0, 0
52403, 10458348, 0, 0, 0
52501, 18606876, 0, 0, 0
52600, 12987839, 0, 0, 0
52700, 12182046, 0, 0, 0
52801, 9525720, 0, 0, 0
52912, 10399457, 0, 0, 0
53007, 12490286, 0, 0, 0
53106, 16622465, 0, 0, 0
53206, 9482619, 0, 0, 0
53303, 13738769, 0, 0, 0
53407, 11763741, 0, 0, 0
53509, 16824784, 0, 0, 0
53601, 12629138, 0, 0, 0
53705, 13755803, 0, 0, 0
53805, 16026910, 0, 0, 0
53907, 10169519, 0, 0, 0
54002, 14734059, 0, 0, 0
54104, 15833223, 0, 0, 0
54206, 12123234, 0, 0, 0
54303, 10665213, 0, 0, 0
54401, 14947865, 0, 0, 0
54506, 14457227, 0, 0, 0
54601, 12602178, 0, 0, 0
54707, 11979365, 0, 0, 0
54804, 14243697, 0, 0, 0
54904, 13100609, 0, 0, 0
55000, 14335909, 0, 0, 0
55103, 16857735, 0, 0, 0
55200, 14117603, 0, 0, 0
55300, 11188678, 0, 0, 0
55401, 11569678, 0, 0, 0
55502, 11971310, 0, 0, 0
55604, 14254838, 0, 0, 0
55709, 13274517, 0, 0, 0
55801, 10483866, 0, 0, 0
55902, 12988768, 0, 0, 0
56004, 11725941, 0, 0, 0
56100, 13917984, 0, 0, 0
56202, 12114625, 0, 0, 0
56302, 12776934, 0, 0, 0
56405, 12915929, 0, 0, 0
56504, 12648313, 0, 0, 0
56603, 14276509, 0, 0, 0
56700, 17615660, 0, 0, 0
56800, 12847171, 0, 0, 0
56903, 15147105, 0, 0, 0
57002, 13171290, 0, 0, 0
57102, 13252536, 0, 0, 0
57200, 9141029, 0, 0, 0
57305, 9579647, 0, 0, 0
57404, 11148485, 0, 0, 0
57511, 14018088, 0, 0, 0
57607, 14414029, 0, 0, 0
57703, 8556860, 0, 0, 0
57806, 12638981, 0, 0, 0
57908, 12818418, 0, 0, 0
58000, 12296702, 0, 0, 0
58100, 14151163, 0, 0, 0
58201, 14605455, 0, 0, 0
58307, 14214510, 0, 0, 0
58403, 16256223, 0, 0, 0
58504, 11774647, 0, 0, 0
58604, 14141625, 0, 0, 0
58705, 10052931, 0, 0, 0
58804, 16976298, 0, 0, 0
58904, 14944996, 0, 0, 0
59003, 10467965, 0, 0, 0
59101, 11792507, 0, 0, 0
59202, 12194695, 0, 0, 0
59300, 10631483, 0, 0, 0
59408, 13939523, 0, 0, 0
59507, 14624320, 0, 0, 0
59604, 14477397, 0, 0, 0
59703, 12901542, 0, 0, 0
59806, 12604029, 0, 0, 0
59913, 14505386, 0, 0, 0
60005, 15977149, 0, 0, 0
60010, 26976872, 0, 0, 0
