102, 28552, 0, 0, 0
203, 23967, 0, 0, 0
301, 21606, 0, 0, 0
401, 32281, 0, 0, 0
500, 26327, 0, 0, 0
600, 28386, 0, 0, 0
703, 38555, 0, 0, 0
813, 36233, 0, 0, 0
905, 44928, 0, 0, 0
1001, 42283, 0, 0, 0
1103, 29922, 0, 0, 0
1201, 48465, 0, 0, 0
1306, 29049, 0, 0, 0
1403, 45226, 0, 0, 0
1504, 28591, 0, 0, 0
1608, 49129, 0, 0, 0
1700, 33527, 0, 0, 0
1801, 31404, 0, 0, 0
1902, 25986, 0, 0, 0
2023, 29313, 0, 0, 0
2124, 23705, 0, 0, 0
2202, 10154, 0, 0, 0
2306, 13566, 0, 0, 0
2401, 10487, 0, 0, 0
2518, 17781, 0, 0, 0
2607, 19064, 0, 0, 0
2707, 30245, 0, 0, 0
2801, 29882, 0, 0, 0
2904, 21889, 0, 0, 0
3002, 24624, 0, 0, 0
3135, 22977, 0, 0, 0
3208, 17502, 0, 0, 0
3305, 31776, 0, 0, 0
3401, 15915, 0, 0, 0
3501, 11558, 0, 0, 0
3600, 12722, 0, 0, 0
3703, 16542, 0, 0, 0
3800, 12978, 0, 0, 0
3909, 10685, 0, 0, 0
4000, 13229, 0, 0, 0
4109, 15842, 0, 0, 0
4206, 10235, 0, 0, 0
4301, 14250, 0, 0, 0
4403, 17896, 0, 0, 0
4514, 15606, 0, 0, 0
4627, 14425, 0, 0, 0
4701, 19942, 0, 0, 0
4807, 16802, 0, 0, 0
4901, 23402, 0, 0, 0
5003, 20840, 0, 0, 0
5112, 16196, 0, 0, 0
5200, 19901, 0, 0, 0
5313, 17619, 0, 0, 0
5400, 6539, 0, 0, 0
5506, 15058, 0, 0, 0
5601, 11253, 0, 0, 0
5700, 11460, 0, 0, 0
5802, 14135, 0, 0, 0
5911, 11123, 0, 0, 0
6002, 16449, 0, 0, 0
6100, 15282, 0, 0, 0
6200, 15381, 0, 0, 0
6300, 11872, 0, 0, 0
6401, 9397, 0, 0, 0
6503, 11691, 0, 0, 0
6605, 10029, 0, 0, 0
6701, 11784, 0, 0, 0
6801, 11608, 0, 0, 0
6901, 12056, 0, 0, 0
7013, 12915, 0, 0, 0
7116, 17887, 0, 0, 0
7201, 14871, 0, 0, 0
7302, 16248, 0, 0, 0
7418, 18462, 0, 0, 0
7502, 17142, 0, 0, 0
7605, 26766, 0, 0, 0
7702, 31568, 0, 0, 0
7811, 23982, 0, 0, 0
7900, 11819, 0, 0, 0
8002, 16589, 0, 0, 0
8103, 22206, 0, 0, 0
8207, 31020, 0, 0, 0
8301, 27117, 0, 0, 0
8417, 25539, 0, 0, 0
8500, 23215, 0, 0, 0
8631, 28510, 0, 0, 0
8700, 34609, 0, 0, 0
8801, 34252, 0, 0, 0
8909, 43170, 0, 0, 0
9002, 19944, 0, 0, 0
9102, 22896, 0, 0, 0
9200, 30838, 0, 0, 0
9304, 38085, 0, 0, 0
9420, 33690, 0, 0, 0
9500, 45077, 0, 0, 0
9600, 31513, 0, 0, 0
9701, 26986, 0, 0, 0
9800, 36884, 0, 0, 0
9901, 31206, 0, 0, 0
10000, 15219, 0, 0, 0
10114, 26068, 0, 0, 0
10216, 21463, 0, 0, 0
10304, 37993, 0, 0, 0
10401, 24039, 0, 0, 0
10500, 20948, 0, 0, 0
10602, 22238, 0, 0, 0
10706, 26782, 0, 0, 0
10802, 28695, 0, 0, 0
10903, 15196, 0, 0, 0
11004, 14898, 0, 0, 0
11101, 13370, 0, 0, 0
11208, 13336, 0, 0, 0
11302, 10282, 0, 0, 0
11402, 11032, 0, 0, 0
11500, 18074, 0, 0, 0
11601, 30850, 0, 0, 0
11701, 34517, 0, 0, 0
11815, 29417, 0, 0, 0
11900, 28177, 0, 0, 0
12006, 26657, 0, 0, 0
12115, 29754, 0, 0, 0
12200, 27595, 0, 0, 0
12300, 35149, 0, 0, 0
12400, 37349, 0, 0, 0
12503, 29885, 0, 0, 0
12619, 30912, 0, 0, 0
12702, 32760, 0, 0, 0
12802, 27853, 0, 0, 0
12901, 14718, 0, 0, 0
13031, 20391, 0, 0, 0
13118, 12661, 0, 0, 0
13202, 16760, 0, 0, 0
13304, 14317, 0, 0, 0
13409, 9862, 0, 0, 0
13549, 12231, 0, 0, 0
13602, 13913, 0, 0, 0
13705, 11398, 0, 0, 0
13810, 12513, 0, 0, 0
13937, 11791, 0, 0, 0
14001, 17109, 0, 0, 0
14101, 14455, 0, 0, 0
14224, 19591, 0, 0, 0
14301, 24578, 0, 0, 0
14402, 12119, 0, 0, 0
14501, 9664, 0, 0, 0
14600, 12422, 0, 0, 0
14700, 15764, 0, 0, 0
14801, 11679, 0, 0, 0
14900, 18189, 0, 0, 0
15004, 24594, 0, 0, 0
15115, 35415, 0, 0, 0
15201, 27644, 0, 0, 0
15304, 32430, 0, 0, 0
15402, 33676, 0, 0, 0
15504, 37578, 0, 0, 0
15611, 12840, 0, 0, 0
15703, 19021, 0, 0, 0
15825, 17445, 0, 0, 0
15910, 16689, 0, 0, 0
16016, 18836, 0, 0, 0
16130, 13595, 0, 0, 0
16202, 19565, 0, 0, 0
16304, 17231, 0, 0, 0
16407, 19233, 0, 0, 0
16513, 14278, 0, 0, 0
16639, 14435, 0, 0, 0
16701, 25973, 0, 0, 0
16800, 17141, 0, 0, 0
16904, 17088, 0, 0, 0
17002, 14630, 0, 0, 0
17107, 16640, 0, 0, 0
17215, 14107, 0, 0, 0
17317, 12893, 0, 0, 0
17425, 15333, 0, 0, 0
17509, 12837, 0, 0, 0
17625, 20394, 0, 0, 0
17712, 15989, 0, 0, 0
17824, 16953, 0, 0, 0
17933, 9367, 0, 0, 0
18017, 10916, 0, 0, 0
18102, 18282, 0, 0, 0
18219, 20901, 0, 0, 0
18315, 24102, 0, 0, 0
18408, 22431, 0, 0, 0
18503, 25148, 0, 0, 0
18617, 23856, 0, 0, 0
18706, 35523, 0, 0, 0
18802, 25279, 0, 0, 0
18907, 32009, 0, 0, 0
19004, 21464, 0, 0, 0
19123, 31525, 0, 0, 0
19204, 26249, 0, 0, 0
19309, 22116, 0, 0, 0
19410, 15855, 0, 0, 0
19501, 31085, 0, 0, 0
19627, 27462, 0, 0, 0
19706, 13613, 0, 0, 0
19807, 21338, 0, 0, 0
19903, 16137, 0, 0, 0
20002, 17995, 0, 0, 0
20101, 16172, 0, 0, 0
20200, 21704, 0, 0, 0
20300, 19565, 0, 0, 0
20404, 13929, 0, 0, 0
20505, 15256, 0, 0, 0
20600, 10958, 0, 0, 0
20719, 19929, 0, 0, 0
20800, 16381, 0, 0, 0
20901, 22002, 0, 0, 0
21032, 17634, 0, 0, 0
21112, 35998, 0, 0, 0
21200, 26062, 0, 0, 0
21303, 44480, 0, 0, 0
21404, 28198, 0, 0, 0
21502, 35252, 0, 0, 0
21600, 27514, 0, 0, 0
21704, 32063, 0, 0, 0
21801, 39055, 0, 0, 0
21903, 32180, 0, 0, 0
22002, 35263, 0, 0, 0
22105, 30462, 0, 0, 0
22210, 26532, 0, 0, 0
22302, 29983, 0, 0, 0
22419, 30813, 0, 0, 0
22502, 27368, 0, 0, 0
22602, 32083, 0, 0, 0
22707, 35225, 0, 0, 0
22821, 28797, 0, 0, 0
22929, 24867, 0, 0, 0
23012, 23380, 0, 0, 0
23127, 35523, 0, 0, 0
23202, 31763, 0, 0, 0
23313, 27932, 0, 0, 0
23400, 28242, 0, 0, 0
23508, 25017, 0, 0, 0
23606, 29949, 0, 0, 0
23704, 28055, 0, 0, 0
23805, 31510, 0, 0, 0
23910, 28726, 0, 0, 0
24003, 26614, 0, 0, 0
24113, 38224, 0, 0, 0
24202, 21375, 0, 0, 0
24318, 26857, 0, 0, 0
24408, 32617, 0, 0, 0
24500, 33387, 0, 0, 0
24632, 28636, 0, 0, 0
24707, 27981, 0, 0, 0
24816, 34904, 0, 0, 0
24900, 28593, 0, 0, 0
25000, 30610, 0, 0, 0
25106, 28016, 0, 0, 0
25200, 54341, 0, 0, 0
25303, 36026, 0, 0, 0
25400, 32058, 0, 0, 0
25504, 35013, 0, 0, 0
25601, 36367, 0, 0, 0
25715, 32592, 0, 0, 0
25821, 38658, 0, 0, 0
25927, 34962, 0, 0, 0
26009, 28611, 0, 0, 0
26101, 34798, 0, 0, 0
26201, 34346, 0, 0, 0
26305, 34384, 0, 0, 0
26402, 40084, 0, 0, 0
26502, 39461, 0, 0, 0
26601, 37813, 0, 0, 0
26709, 39299, 0, 0, 0
26802, 32431, 0, 0, 0
26902, 23856, 0, 0, 0
27012, 47836, 0, 0, 0
27107, 19976, 0, 0, 0
27226, 13353, 0, 0, 0
27332, 12227, 0, 0, 0
27413, 12159, 0, 0, 0
27500, 14114, 0, 0, 0
27603, 14354, 0, 0, 0
27704, 12250, 0, 0, 0
27807, 13633, 0, 0, 0
27900, 13905, 0, 0, 0
28012, 16327, 0, 0, 0
28100, 11598, 0, 0, 0
28200, 9038, 0, 0, 0
28326, 24179, 0, 0, 0
28423, 33659, 0, 0, 0
28530, 29814, 0, 0, 0
28601, 22986, 0, 0, 0
28701, 27934, 0, 0, 0
28801, 30127, 0, 0, 0
28906, 40231, 0, 0, 0
29004, 21084, 0, 0, 0
29102, 36804, 0, 0, 0
29206, 25859, 0, 0, 0
29302, 35868, 0, 0, 0
29401, 35116, 0, 0, 0
29502, 17941, 0, 0, 0
29601, 19092, 0, 0, 0
29702, 16793, 0, 0, 0
29800, 13766, 0, 0, 0
29914, 13616, 0, 0, 0
30016, 15969, 0, 0, 0
30100, 11937, 0, 0, 0
30207, 20861, 0, 0, 0
30300, 13685, 0, 0, 0
30405, 11245, 0, 0, 0
30500, 11965, 0, 0, 0
30602, 10834, 0, 0, 0
30701, 12785, 0, 0, 0
30801, 18056, 0, 0, 0
30910, 16455, 0, 0, 0
31000, 14019, 0, 0, 0
31102, 11077, 0, 0, 0
31201, 11703, 0, 0, 0
31301, 14911, 0, 0, 0
31403, 12792, 0, 0, 0
31503, 11191, 0, 0, 0
31619, 10078, 0, 0, 0
31704, 9072, 0, 0, 0
31801, 17663, 0, 0, 0
31901, 29509, 0, 0, 0
32013, 32842, 0, 0, 0
32100, 28821, 0, 0, 0
32204, 29996, 0, 0, 0
32314, 29736, 0, 0, 0
32407, 20785, 0, 0, 0
32501, 18810, 0, 0, 0
32600, 28589, 0, 0, 0
32715, 31096, 0, 0, 0
32820, 37526, 0, 0, 0
32901, 36309, 0, 0, 0
33006, 42276, 0, 0, 0
33115, 27482, 0, 0, 0
33207, 27628, 0, 0, 0
33300, 31159, 0, 0, 0
33404, 36105, 0, 0, 0
33505, 22892, 0, 0, 0
33601, 24831, 0, 0, 0
33704, 27543, 0, 0, 0
33800, 28275, 0, 0, 0
33906, 27479, 0, 0, 0
34000, 20366, 0, 0, 0
34103, 37980, 0, 0, 0
34200, 27893, 0, 0, 0
34305, 39033, 0, 0, 0
34404, 24819, 0, 0, 0
34502, 27169, 0, 0, 0
34614, 23122, 0, 0, 0
34715, 30251, 0, 0, 0
34800, 39047, 0, 0, 0
34917, 29352, 0, 0, 0
35011, 30439, 0, 0, 0
35107, 32437, 0, 0, 0
35206, 32669, 0, 0, 0
35305, 27805, 0, 0, 0
35401, 34555, 0, 0, 0
35502, 36354, 0, 0, 0
35600, 14485, 0, 0, 0
35703, 11884, 0, 0, 0
35802, 14491, 0, 0, 0
35902, 14336, 0, 0, 0
36000, 14670, 0, 0, 0
36101, 11395, 0, 0, 0
36201, 11949, 0, 0, 0
36309, 20718, 0, 0, 0
36428, 45424, 0, 0, 0
36500, 34419, 0, 0, 0
36601, 47809, 0, 0, 0
36702, 41119, 0, 0, 0
36807, 40119, 0, 0, 0
36900, 32701, 0, 0, 0
37017, 40770, 0, 0, 0
37100, 34653, 0, 0, 0
37204, 25136, 0, 0, 0
37315, 28463, 0, 0, 0
37411, 22871, 0, 0, 0
37502, 26548, 0, 0, 0
37616, 31168, 0, 0, 0
37708, 24246, 0, 0, 0
37800, 30741, 0, 0, 0
37902, 27431, 0, 0, 0
38005, 23323, 0, 0, 0
38107, 38756, 0, 0, 0
38201, 30890, 0, 0, 0
38301, 33393, 0, 0, 0
38403, 21796, 0, 0, 0
38518, 13977, 0, 0, 0
38610, 16456, 0, 0, 0
38711, 31283, 0, 0, 0
38806, 44008, 0, 0, 0
38902, 17790, 0, 0, 0
39010, 24417, 0, 0, 0
39112, 20071, 0, 0, 0
39203, 25455, 0, 0, 0
39302, 28850, 0, 0, 0
39421, 25642, 0, 0, 0
39503, 17302, 0, 0, 0
39603, 20235, 0, 0, 0
39704, 13385, 0, 0, 0
39800, 19679, 0, 0, 0
39909, 29583, 0, 0, 0
40000, 27172, 0, 0, 0
40100, 17170, 0, 0, 0
40208, 17200, 0, 0, 0
40302, 16608, 0, 0, 0
40410, 19748, 0, 0, 0
40501, 15431, 0, 0, 0
40601, 19003, 0, 0, 0
40707, 24335, 0, 0, 0
40812, 34218, 0, 0, 0
40900, 29461, 0, 0, 0
41001, 19613, 0, 0, 0
41103, 31466, 0, 0, 0
41201, 17831, 0, 0, 0
41302, 18433, 0, 0, 0
41401, 12702, 0, 0, 0
41536, 18931, 0, 0, 0
41600, 18572, 0, 0, 0
41715, 13898, 0, 0, 0
41802, 10243, 0, 0, 0
41903, 12617, 0, 0, 0
42017, 18230, 0, 0, 0
42110, 13494, 0, 0, 0
42202, 15835, 0, 0, 0
42304, 12408, 0, 0, 0
42400, 9909, 0, 0, 0
42518, 9750, 0, 0, 0
42615, 15453, 0, 0, 0
42700, 12543, 0, 0, 0
42803, 11994, 0, 0, 0
42905, 15913, 0, 0, 0
43000, 13574, 0, 0, 0
43102, 12072, 0, 0, 0
43202, 18750, 0, 0, 0
43300, 18162, 0, 0, 0
43416, 25555, 0, 0, 0
43501, 33397, 0, 0, 0
43607, 29837, 0, 0, 0
43718, 30563, 0, 0, 0
43800, 19634, 0, 0, 0
43908, 31333, 0, 0, 0
44010, 31072, 0, 0, 0
44103, 41436, 0, 0, 0
44201, 29057, 0, 0, 0
44302, 29876, 0, 0, 0
44406, 29387, 0, 0, 0
44509, 35291, 0, 0, 0
44600, 34515, 0, 0, 0
44700, 29037, 0, 0, 0
44803, 27195, 0, 0, 0
44900, 32903, 0, 0, 0
45000, 32840, 0, 0, 0
45108, 37143, 0, 0, 0
45209, 30055, 0, 0, 0
45300, 36215, 0, 0, 0
45423, 27613, 0, 0, 0
45505, 24522, 0, 0, 0
45608, 28035, 0, 0, 0
45729, 24873, 0, 0, 0
45801, 50902, 0, 0, 0
45904, 30993, 0, 0, 0
46001, 38372, 0, 0, 0
46120, 32933, 0, 0, 0
46207, 20655, 0, 0, 0
46306, 27172, 0, 0, 0
46403, 35358, 0, 0, 0
46512, 31664, 0, 0, 0
46605, 28178, 0, 0, 0
46701, 26994, 0, 0, 0
46826, 29402, 0, 0, 0
46907, 29149, 0, 0, 0
47000, 24481, 0, 0, 0
47101, 34310, 0, 0, 0
47200, 29865, 0, 0, 0
47314, 40025, 0, 0, 0
47423, 35607, 0, 0, 0
47528, 29287, 0, 0, 0
47629, 32230, 0, 0, 0
47721, 37031, 0, 0, 0
47809, 24589, 0, 0, 0
47926, 25828, 0, 0, 0
48034, 42013, 0, 0, 0
48106, 54332, 0, 0, 0
48215, 39650, 0, 0, 0
48307, 38118, 0, 0, 0
48401, 48866, 0, 0, 0
48512, 37182, 0, 0, 0
48608, 33576, 0, 0, 0
48707, 36511, 0, 0, 0
48800, 40419, 0, 0, 0
48913, 38538, 0, 0, 0
49003, 28677, 0, 0, 0
49101, 35521, 0, 0, 0
49202, 36422, 0, 0, 0
49307, 29325, 0, 0, 0
49406, 30502, 0, 0, 0
49502, 30780, 0, 0, 0
49607, 32794, 0, 0, 0
49706, 17086, 0, 0, 0
49801, 15295, 0, 0, 0
49915, 18421, 0, 0, 0
50003, 13265, 0, 0, 0
50100, 12010, 0, 0, 0
50200, 42432, 0, 0, 0
50302, 31907, 0, 0, 0
50402, 31942, 0, 0, 0
50502, 34304, 0, 0, 0
50601, 34052, 0, 0, 0
50701, 33011, 0, 0, 0
50806, 26469, 0, 0, 0
50900, 17105, 0, 0, 0
51019, 29072, 0, 0, 0
51106, 14157, 0, 0, 0
51201, 16892, 0, 0, 0
51327, 14666, 0, 0, 0
51410, 15352, 0, 0, 0
51501, 16146, 0, 0, 0
51611, 15893, 0, 0, 0
51711, 15363, 0, 0, 0
51801, 16251, 0, 0, 0
51917, 18193, 0, 0, 0
52013, 17675, 0, 0, 0
52100, 18772, 0, 0, 0
52203, 21000, 0, 0, 0
52303, 18879, 0, 0, 0
52402, 18420, 0, 0, 0
52527, 22014, 0, 0, 0
52630, 28146, 0, 0, 0
52712, 25121, 0, 0, 0
52804, 17001, 0, 0, 0
52908, 13283, 0, 0, 0
53001, 14638, 0, 0, 0
53113, 13649, 0, 0, 0
53203, 35692, 0, 0, 0
53319, 16863, 0, 0, 0
53406, 11115, 0, 0, 0
53504, 15256, 0, 0, 0
53601, 13498, 0, 0, 0
53704, 14728, 0, 0, 0
53822, 11829, 0, 0, 0
53919, 13694, 0, 0, 0
54000, 10601, 0, 0, 0
54109, 11515, 0, 0, 0
54200, 10825, 0, 0, 0
54305, 11241, 0, 0, 0
54400, 12035, 0, 0, 0
54500, 22801, 0, 0, 0
54614, 10198, 0, 0, 0
54700, 9684, 0, 0, 0
54802, 19916, 0, 0, 0
54903, 16348, 0, 0, 0
55005, 36012, 0, 0, 0
55113, 30754, 0, 0, 0
55203, 31062, 0, 0, 0
55303, 37119, 0, 0, 0
55404, 27218, 0, 0, 0
55502, 31177, 0, 0, 0
55601, 22322, 0, 0, 0
55701, 42909, 0, 0, 0
55802, 24463, 0, 0, 0
55901, 15968, 0, 0, 0
56013, 26785, 0, 0, 0
56118, 13689, 0, 0, 0
56200, 13703, 0, 0, 0
56300, 26313, 0, 0, 0
56401, 17586, 0, 0, 0
56510, 19912, 0, 0, 0
56601, 16441, 0, 0, 0
56705, 14281, 0, 0, 0
56813, 11188, 0, 0, 0
56928, 11375, 0, 0, 0
57004, 16113, 0, 0, 0
57100, 31915, 0, 0, 0
57211, 26718, 0, 0, 0
57301, 23703, 0, 0, 0
57400, 26012, 0, 0, 0
57501, 22346, 0, 0, 0
57600, 13679, 0, 0, 0
57710, 14951, 0, 0, 0
57803, 21161, 0, 0, 0
57907, 13500, 0, 0, 0
58004, 15341, 0, 0, 0
58103, 11965, 0, 0, 0
58221, 22376, 0, 0, 0
58307, 16761, 0, 0, 0
58403, 14818, 0, 0, 0
58504, 18286, 0, 0, 0
58608, 15077, 0, 0, 0
58707, 19517, 0, 0, 0
58811, 24099, 0, 0, 0
58903, 20241, 0, 0, 0
59004, 23782, 0, 0, 0
59107, 44991, 0, 0, 0
59209, 26064, 0, 0, 0
59304, 40066, 0, 0, 0
59405, 33564, 0, 0, 0
59506, 25482, 0, 0, 0
59605, 25633, 0, 0, 0
59704, 24306, 0, 0, 0
59805, 20138, 0, 0, 0
59914, 26014, 0, 0, 0
60000, 21517, 0, 0, 0
60101, 33293, 0, 0, 0
60202, 26112, 0, 0, 0
60302, 24278, 0, 0, 0
60414, 17728, 0, 0, 0
60502, 31645, 0, 0, 0
60600, 25647, 0, 0, 0
60700, 21392, 0, 0, 0
60807, 23431, 0, 0, 0
60924, 19205, 0, 0, 0
61002, 33083, 0, 0, 0
61131, 23180, 0, 0, 0
61204, 24117, 0, 0, 0
61300, 29836, 0, 0, 0
61400, 21999, 0, 0, 0
61500, 29266, 0, 0, 0
61604, 41400, 0, 0, 0
61702, 35457, 0, 0, 0
61808, 30351, 0, 0, 0
61910, 24752, 0, 0, 0
62023, 25080, 0, 0, 0
62105, 31963, 0, 0, 0
62203, 24322, 0, 0, 0
62318, 19175, 0, 0, 0
62410, 25960, 0, 0, 0
62500, 13602, 0, 0, 0
62602, 10009, 0, 0, 0
62701, 13571, 0, 0, 0
62802, 13704, 0, 0, 0
62902, 15483, 0, 0, 0
63000, 21044, 0, 0, 0
63105, 39448, 0, 0, 0
63215, 33438, 0, 0, 0
63310, 25736, 0, 0, 0
63403, 34568, 0, 0, 0
63500, 41096, 0, 0, 0
63611, 45629, 0, 0, 0
63703, 32546, 0, 0, 0
63810, 29002, 0, 0, 0
63903, 34218, 0, 0, 0
64024, 25758, 0, 0, 0
64103, 25096, 0, 0, 0
64202, 36620, 0, 0, 0
64302, 32461, 0, 0, 0
64410, 25959, 0, 0, 0
64504, 35577, 0, 0, 0
64601, 25122, 0, 0, 0
64733, 45828, 0, 0, 0
64802, 33067, 0, 0, 0
64900, 21636, 0, 0, 0
65018, 25034, 0, 0, 0
65100, 19209, 0, 0, 0
65228, 12131, 0, 0, 0
65315, 16044, 0, 0, 0
65419, 19877, 0, 0, 0
65517, 12089, 0, 0, 0
65600, 17114, 0, 0, 0
65716, 16403, 0, 0, 0
65802, 26856, 0, 0, 0
65903, 33229, 0, 0, 0
66011, 31676, 0, 0, 0
66108, 32781, 0, 0, 0
66207, 45660, 0, 0, 0
66308, 33839, 0, 0, 0
66400, 42597, 0, 0, 0
66501, 33207, 0, 0, 0
66608, 35152, 0, 0, 0
66702, 27940, 0, 0, 0
66800, 39620, 0, 0, 0
66904, 38633, 0, 0, 0
67000, 32914, 0, 0, 0
67100, 39492, 0, 0, 0
67213, 36167, 0, 0, 0
67308, 36820, 0, 0, 0
67407, 16403, 0, 0, 0
67512, 18446, 0, 0, 0
67603, 14071, 0, 0, 0
67727, 12313, 0, 0, 0
67824, 10087, 0, 0, 0
67901, 13219, 0, 0, 0
68019, 18629, 0, 0, 0
68131, 13109, 0, 0, 0
68200, 14920, 0, 0, 0
68316, 21561, 0, 0, 0
68420, 18841, 0, 0, 0
68503, 31425, 0, 0, 0
68632, 29780, 0, 0, 0
68700, 27872, 0, 0, 0
68823, 48400, 0, 0, 0
68910, 32772, 0, 0, 0
69047, 51734, 0, 0, 0
69123, 28858, 0, 0, 0
69218, 55876, 0, 0, 0
69303, 46107, 0, 0, 0
69417, 47330, 0, 0, 0
69509, 41199, 0, 0, 0
69602, 25213, 0, 0, 0
69703, 41738, 0, 0, 0
69817, 33710, 0, 0, 0
69908, 34249, 0, 0, 0
70008, 36886, 0, 0, 0
70108, 38322, 0, 0, 0
70201, 44027, 0, 0, 0
70302, 36991, 0, 0, 0
70436, 37180, 0, 0, 0
70513, 30897, 0, 0, 0
70603, 36539, 0, 0, 0
70703, 34127, 0, 0, 0
70801, 31954, 0, 0, 0
70955, 24726, 0, 0, 0
71029, 28212, 0, 0, 0
71118, 53844, 0, 0, 0
71202, 19092, 0, 0, 0
71305, 26824, 0, 0, 0
71402, 23606, 0, 0, 0
71501, 16473, 0, 0, 0
71602, 11075, 0, 0, 0
71709, 15347, 0, 0, 0
71801, 18270, 0, 0, 0
71916, 22359, 0, 0, 0
72003, 24049, 0, 0, 0
72107, 15909, 0, 0, 0
72200, 12097, 0, 0, 0
72305, 14310, 0, 0, 0
72404, 20245, 0, 0, 0
72504, 13748, 0, 0, 0
72606, 18446, 0, 0, 0
72710, 15144, 0, 0, 0
72805, 17798, 0, 0, 0
72900, 16961, 0, 0, 0
73002, 26095, 0, 0, 0
73104, 14015, 0, 0, 0
73207, 11810, 0, 0, 0
73311, 19930, 0, 0, 0
73409, 31961, 0, 0, 0
73502, 25226, 0, 0, 0
73604, 32091, 0, 0, 0
73708, 22622, 0, 0, 0
73803, 33234, 0, 0, 0
73904, 26447, 0, 0, 0
74001, 20752, 0, 0, 0
74100, 27849, 0, 0, 0
74209, 32468, 0, 0, 0
74302, 26290, 0, 0, 0
74410, 21143, 0, 0, 0
74500, 25073, 0, 0, 0
74602, 33978, 0, 0, 0
74700, 39302, 0, 0, 0
74801, 39826, 0, 0, 0
74912, 35749, 0, 0, 0
75003, 37283, 0, 0, 0
75123, 21261, 0, 0, 0
75205, 23390, 0, 0, 0
75305, 19245, 0, 0, 0
75400, 20774, 0, 0, 0
75501, 24718, 0, 0, 0
75603, 25162, 0, 0, 0
75700, 30020, 0, 0, 0
75802, 33048, 0, 0, 0
75916, 27211, 0, 0, 0
76041, 21595, 0, 0, 0
76107, 32305, 0, 0, 0
76201, 33782, 0, 0, 0
76320, 28468, 0, 0, 0
76410, 28574, 0, 0, 0
76501, 27820, 0, 0, 0
76602, 38920, 0, 0, 0
76710, 41382, 0, 0, 0
76812, 49353, 0, 0, 0
76916, 44421, 0, 0, 0
77002, 27532, 0, 0, 0
77109, 29256, 0, 0, 0
77201, 29524, 0, 0, 0
77301, 38812, 0, 0, 0
77402, 26498, 0, 0, 0
77514, 26071, 0, 0, 0
77602, 30740, 0, 0, 0
77701, 29262, 0, 0, 0
77802, 25279, 0, 0, 0
77902, 31371, 0, 0, 0
78003, 38154, 0, 0, 0
78105, 34235, 0, 0, 0
78202, 33983, 0, 0, 0
78313, 34089, 0, 0, 0
78400, 22127, 0, 0, 0
78503, 25259, 0, 0, 0
78606, 29216, 0, 0, 0
78703, 45240, 0, 0, 0
78810, 22991, 0, 0, 0
78921, 27190, 0, 0, 0
79008, 22631, 0, 0, 0
79105, 26939, 0, 0, 0
79201, 31143, 0, 0, 0
79302, 36806, 0, 0, 0
79400, 30200, 0, 0, 0
79505, 52074, 0, 0, 0
79600, 42570, 0, 0, 0
79702, 30382, 0, 0, 0
79801, 33728, 0, 0, 0
79904, 32286, 0, 0, 0
80001, 33576, 0, 0, 0
80119, 29425, 0, 0, 0
80200, 32901, 0, 0, 0
80300, 27178, 0, 0, 0
80400, 25158, 0, 0, 0
80502, 27245, 0, 0, 0
80600, 38112, 0, 0, 0
80701, 33017, 0, 0, 0
80803, 35730, 0, 0, 0
80905, 34578, 0, 0, 0
81005, 37087, 0, 0, 0
81101, 34363, 0, 0, 0
81205, 36516, 0, 0, 0
81305, 21183, 0, 0, 0
81430, 14487, 0, 0, 0
81503, 15717, 0, 0, 0
81600, 13715, 0, 0, 0
81707, 11948, 0, 0, 0
81801, 19921, 0, 0, 0
81906, 12583, 0, 0, 0
82002, 12764, 0, 0, 0
82102, 16135, 0, 0, 0
82215, 12951, 0, 0, 0
82314, 11515, 0, 0, 0
82415, 15708, 0, 0, 0
82515, 10076, 0, 0, 0
82608, 12451, 0, 0, 0
82750, 9928, 0, 0, 0
82801, 14082, 0, 0, 0
82918, 10972, 0, 0, 0
83001, 12700, 0, 0, 0
83122, 14925, 0, 0, 0
83215, 11670, 0, 0, 0
83314, 26191, 0, 0, 0
83402, 30590, 0, 0, 0
83500, 33320, 0, 0, 0
83600, 20218, 0, 0, 0
83703, 32712, 0, 0, 0
83801, 24577, 0, 0, 0
83912, 19904, 0, 0, 0
84011, 20255, 0, 0, 0
84100, 24506, 0, 0, 0
84201, 26899, 0, 0, 0
84302, 26535, 0, 0, 0
84404, 32173, 0, 0, 0
84505, 49104, 0, 0, 0
84615, 29657, 0, 0, 0
84700, 26818, 0, 0, 0
84801, 32204, 0, 0, 0
84935, 27775, 0, 0, 0
85020, 36530, 0, 0, 0
85100, 36099, 0, 0, 0
85201, 28902, 0, 0, 0
85308, 29257, 0, 0, 0
85427, 20336, 0, 0, 0
85502, 34960, 0, 0, 0
85602, 25519, 0, 0, 0
85703, 35419, 0, 0, 0
85802, 20600, 0, 0, 0
85911, 35145, 0, 0, 0
86001, 19009, 0, 0, 0
86103, 25647, 0, 0, 0
86206, 16246, 0, 0, 0
86306, 14667, 0, 0, 0
86400, 25612, 0, 0, 0
86507, 16531, 0, 0, 0
86601, 20720, 0, 0, 0
86700, 24435, 0, 0, 0
86801, 17445, 0, 0, 0
86900, 31619, 0, 0, 0
87005, 31816, 0, 0, 0
87108, 30199, 0, 0, 0
87224, 20489, 0, 0, 0
87301, 29673, 0, 0, 0
87406, 22632, 0, 0, 0
87502, 22688, 0, 0, 0
87603, 22496, 0, 0, 0
87703, 25762, 0, 0, 0
87825, 26407, 0, 0, 0
87902, 27055, 0, 0, 0
88002, 26922, 0, 0, 0
88106, 26908, 0, 0, 0
88236, 36502, 0, 0, 0
88300, 21973, 0, 0, 0
88402, 41414, 0, 0, 0
88503, 32553, 0, 0, 0
88607, 26272, 0, 0, 0
88706, 37767, 0, 0, 0
88807, 25049, 0, 0, 0
88901, 23867, 0, 0, 0
89012, 21537, 0, 0, 0
89106, 23527, 0, 0, 0
89220, 23086, 0, 0, 0
89320, 18991, 0, 0, 0
89416, 22051, 0, 0, 0
89500, 15173, 0, 0, 0
89601, 21418, 0, 0, 0
89700, 35319, 0, 0, 0
89805, 33177, 0, 0, 0
89901, 25563, 0, 0, 0
90046, 39233, 0, 0, 0
